[0.006s][debug][gc,heap] Minimum heap 1073741824  Initial heap 1073741824  Maximum heap 1073741824
[0.010s][info ][gc     ] Using G1
[0.011s][debug][gc,ergo,heap] Expand the heap. requested expansion amount: 1073741824B expansion amount: 1073741824B
[0.014s][debug][gc,ergo,refine] Initial Refinement Zones: green: 2560, yellow: 7680, red: 12800, min yellow size: 5120
[0.014s][info ][gc,init       ] Version: 17.0.11-internal+0-adhoc.damowang.TencentKona-17 (release)
[0.014s][info ][gc,init       ] CPUs: 12 total, 12 available
[0.014s][info ][gc,init       ] Memory: 3829M
[0.014s][info ][gc,init       ] Large Page Support: Disabled
[0.014s][info ][gc,init       ] NUMA Support: Disabled
[0.014s][info ][gc,init       ] Compressed Oops: Enabled (32-bit)
[0.014s][info ][gc,init       ] Heap Region Size: 1M
[0.014s][info ][gc,init       ] Heap Min Capacity: 1G
[0.014s][info ][gc,init       ] Heap Initial Capacity: 1G
[0.014s][info ][gc,init       ] Heap Max Capacity: 1G
[0.014s][info ][gc,init       ] Pre-touch: Disabled
[0.014s][info ][gc,init       ] Parallel Workers: 10
[0.014s][info ][gc,init       ] Concurrent Workers: 3
[0.014s][info ][gc,init       ] Concurrent Refinement Workers: 10
[0.014s][info ][gc,init       ] Periodic GC: Disabled
[0.014s][info ][gc,metaspace  ] CDS archive(s) not mapped
[0.014s][info ][gc,metaspace  ] Compressed class space mapped at: 0x0000000100000000-0x0000000140000000, reserved size: 1073741824
[0.014s][info ][gc,metaspace  ] Narrow klass base: 0x0000000000000000, Narrow klass shift: 3, Narrow klass range: 0x140000000
[0.202s][debug][gc,heap       ] GC(0) Heap before GC invocations=0 (full 0):
[0.202s][debug][gc,heap       ] GC(0)  garbage-first heap   total 1048576K, used 51200K [0x00000000c0000000, 0x0000000100000000)
[0.202s][debug][gc,heap       ] GC(0)   region size 1024K, 51 young (52224K), 0 survivors (0K)
[0.202s][debug][gc,heap       ] GC(0)  Metaspace       used 6339K, committed 6464K, reserved 1114112K
[0.202s][debug][gc,heap       ] GC(0)   class space    used 546K, committed 640K, reserved 1048576K
[0.202s][info ][gc,start      ] GC(0) Pause Young (Normal) (G1 Evacuation Pause)
[0.205s][info ][gc,task       ] GC(0) Using 10 workers of 10 for evacuation
[0.205s][trace][gc,ergo,cset  ] GC(0) Start choosing CSet. Pending cards: 1 target pause time: 200.00ms
[0.205s][trace][gc,ergo,cset  ] GC(0) Added young regions to CSet. Eden: 51 regions, Survivors: 0 regions, predicted eden time: 10.20ms, predicted base time: 10.00ms, target pause time: 200.00ms, remaining time: 179.80ms
[0.205s][debug][gc,ergo       ] GC(0) Running G1 Merge Heap Roots using 10 workers for 51 regions
[0.230s][debug][gc,ergo       ] GC(0) Running G1 Rebuild Free List Task using 10 workers for rebuilding free list of regions
[0.230s][debug][gc,ergo,heap  ] GC(0) Heap expansion: short term pause time ratio 0.00% long term pause time ratio 0.00% threshold 7.69% pause time ratio 7.69% fully expanded true resize by 0B
[0.230s][debug][gc,ergo,refine] GC(0) Concurrent refinement times: Logged Cards Scan time goal: 20.00ms Logged Cards Scan time: -nanms HCC time: 0.00ms
[0.230s][trace][gc,ergo,refine] GC(0) Updating Refinement Zones: logged cards scan time: -nanms, processed cards: 0, goal time: 20.000ms
[0.230s][debug][gc,ergo,refine] GC(0) Updated Refinement Zones: green: 2560, yellow: 7680, red: 12800
[0.230s][info ][gc,phases     ] GC(0)   Pre Evacuate Collection Set: 0.2ms
[0.230s][info ][gc,phases     ] GC(0)   Merge Heap Roots: 0.2ms
[0.230s][info ][gc,phases     ] GC(0)   Evacuate Collection Set: 24.2ms
[0.230s][info ][gc,phases     ] GC(0)   Post Evacuate Collection Set: 0.9ms
[0.230s][info ][gc,phases     ] GC(0)   Other: 2.5ms
[0.230s][info ][gc,heap       ] GC(0) Eden regions: 51->0(44)
[0.230s][info ][gc,heap       ] GC(0) Survivor regions: 0->7(7)
[0.230s][info ][gc,heap       ] GC(0) Old regions: 0->15
[0.230s][info ][gc,heap       ] GC(0) Archive regions: 0->0
[0.230s][info ][gc,heap       ] GC(0) Humongous regions: 0->0
[0.230s][info ][gc,metaspace  ] GC(0) Metaspace: 6339K(6464K)->6339K(6464K) NonClass: 5793K(5824K)->5793K(5824K) Class: 546K(640K)->546K(640K)
[0.230s][debug][gc,heap       ] GC(0) Heap after GC invocations=1 (full 0):
[0.230s][debug][gc,heap       ] GC(0)  garbage-first heap   total 1048576K, used 21704K [0x00000000c0000000, 0x0000000100000000)
[0.230s][debug][gc,heap       ] GC(0)   region size 1024K, 7 young (7168K), 7 survivors (7168K)
[0.230s][debug][gc,heap       ] GC(0)  Metaspace       used 6339K, committed 6464K, reserved 1114112K
[0.230s][debug][gc,heap       ] GC(0)   class space    used 546K, committed 640K, reserved 1048576K
[0.230s][info ][gc            ] GC(0) Pause Young (Normal) (G1 Evacuation Pause) 50M->21M(1024M) 27.954ms
[0.230s][info ][gc,cpu        ] GC(0) User=0.01s Sys=0.22s Real=0.03s
[0.230s][info ][safepoint     ] Safepoint "G1CollectForAllocation", Time since last: 177747128 ns, Reaching safepoint: 2900 ns, Cleanup: 24500 ns, At safepoint: 28117507 ns, Total: 28144907 ns
[0.234s][debug][gc,heap       ] GC(1) Heap before GC invocations=1 (full 0):
[0.234s][debug][gc,heap       ] GC(1)  garbage-first heap   total 1048576K, used 65736K [0x00000000c0000000, 0x0000000100000000)
[0.234s][debug][gc,heap       ] GC(1)   region size 1024K, 51 young (52224K), 7 survivors (7168K)
[0.234s][debug][gc,heap       ] GC(1)  Metaspace       used 6340K, committed 6464K, reserved 1114112K
[0.234s][debug][gc,heap       ] GC(1)   class space    used 546K, committed 640K, reserved 1048576K
[0.234s][info ][gc,start      ] GC(1) Pause Young (Normal) (G1 Evacuation Pause)
[0.234s][info ][gc,task       ] GC(1) Using 10 workers of 10 for evacuation
[0.234s][trace][gc,ergo,cset  ] GC(1) Start choosing CSet. Pending cards: 321 target pause time: 200.00ms
[0.234s][trace][gc,ergo,cset  ] GC(1) Added young regions to CSet. Eden: 44 regions, Survivors: 7 regions, predicted eden time: 420.70ms, predicted base time: 6.68ms, target pause time: 200.00ms, remaining time: 0.00ms
[0.234s][debug][gc,ergo       ] GC(1) Running G1 Merge Heap Roots using 10 workers for 51 regions
[0.258s][debug][gc,ergo       ] GC(1) Running G1 Rebuild Free List Task using 10 workers for rebuilding free list of regions
[0.259s][debug][gc,ergo,heap  ] GC(1) Heap expansion: short term pause time ratio 11.60% long term pause time ratio 11.60% threshold 7.69% pause time ratio 7.69% fully expanded true resize by 0B
[0.259s][debug][gc,ergo,refine] GC(1) Concurrent refinement times: Logged Cards Scan time goal: 20.00ms Logged Cards Scan time: 0.03ms HCC time: 0.00ms
[0.259s][trace][gc,ergo,refine] GC(1) Updating Refinement Zones: logged cards scan time: 0.029ms, processed cards: 312, goal time: 20.000ms
[0.259s][debug][gc,ergo,refine] GC(1) Updated Refinement Zones: green: 2560, yellow: 7680, red: 12800
[0.259s][info ][gc,phases     ] GC(1)   Pre Evacuate Collection Set: 0.3ms
[0.259s][info ][gc,phases     ] GC(1)   Merge Heap Roots: 0.3ms
[0.259s][info ][gc,phases     ] GC(1)   Evacuate Collection Set: 23.2ms
[0.259s][info ][gc,phases     ] GC(1)   Post Evacuate Collection Set: 1.0ms
[0.259s][info ][gc,phases     ] GC(1)   Other: 0.2ms
[0.259s][info ][gc,heap       ] GC(1) Eden regions: 44->0(44)
[0.259s][info ][gc,heap       ] GC(1) Survivor regions: 7->7(7)
[0.259s][info ][gc,heap       ] GC(1) Old regions: 15->33
[0.259s][info ][gc,heap       ] GC(1) Archive regions: 0->0
[0.259s][info ][gc,heap       ] GC(1) Humongous regions: 0->0
[0.259s][info ][gc,metaspace  ] GC(1) Metaspace: 6340K(6464K)->6340K(6464K) NonClass: 5793K(5824K)->5793K(5824K) Class: 546K(640K)->546K(640K)
[0.259s][debug][gc,heap       ] GC(1) Heap after GC invocations=2 (full 0):
[0.259s][debug][gc,heap       ] GC(1)  garbage-first heap   total 1048576K, used 40336K [0x00000000c0000000, 0x0000000100000000)
[0.259s][debug][gc,heap       ] GC(1)   region size 1024K, 7 young (7168K), 7 survivors (7168K)
[0.259s][debug][gc,heap       ] GC(1)  Metaspace       used 6340K, committed 6464K, reserved 1114112K
[0.259s][debug][gc,heap       ] GC(1)   class space    used 546K, committed 640K, reserved 1048576K
[0.259s][info ][gc            ] GC(1) Pause Young (Normal) (G1 Evacuation Pause) 65M->39M(1024M) 24.921ms
[0.259s][info ][gc,cpu        ] GC(1) User=0.04s Sys=0.19s Real=0.02s
[0.259s][info ][safepoint     ] Safepoint "G1CollectForAllocation", Time since last: 3434201 ns, Reaching safepoint: 4600 ns, Cleanup: 4700 ns, At safepoint: 25020306 ns, Total: 25029606 ns
[0.264s][debug][gc,heap       ] GC(2) Heap before GC invocations=2 (full 0):
[0.264s][debug][gc,heap       ] GC(2)  garbage-first heap   total 1048576K, used 84368K [0x00000000c0000000, 0x0000000100000000)
[0.264s][debug][gc,heap       ] GC(2)   region size 1024K, 51 young (52224K), 7 survivors (7168K)
[0.264s][debug][gc,heap       ] GC(2)  Metaspace       used 6340K, committed 6464K, reserved 1114112K
[0.264s][debug][gc,heap       ] GC(2)   class space    used 546K, committed 640K, reserved 1048576K
[0.264s][info ][gc,start      ] GC(2) Pause Young (Normal) (G1 Evacuation Pause)
[0.264s][info ][gc,task       ] GC(2) Using 10 workers of 10 for evacuation
[0.264s][trace][gc,ergo,cset  ] GC(2) Start choosing CSet. Pending cards: 32 target pause time: 200.00ms
[0.264s][trace][gc,ergo,cset  ] GC(2) Added young regions to CSet. Eden: 44 regions, Survivors: 7 regions, predicted eden time: 253.75ms, predicted base time: 4.60ms, target pause time: 200.00ms, remaining time: 0.00ms
[0.264s][debug][gc,ergo       ] GC(2) Running G1 Merge Heap Roots using 10 workers for 51 regions
[0.292s][debug][gc,ergo       ] GC(2) Running G1 Rebuild Free List Task using 10 workers for rebuilding free list of regions
[0.292s][debug][gc,ergo,heap  ] GC(2) Heap expansion: short term pause time ratio 86.99% long term pause time ratio 9.97% threshold 7.69% pause time ratio 7.69% fully expanded true resize by 0B
[0.292s][debug][gc,ergo,refine] GC(2) Concurrent refinement times: Logged Cards Scan time goal: 20.00ms Logged Cards Scan time: 0.01ms HCC time: 0.00ms
[0.292s][trace][gc,ergo,refine] GC(2) Updating Refinement Zones: logged cards scan time: 0.008ms, processed cards: 15, goal time: 20.000ms
[0.292s][debug][gc,ergo,refine] GC(2) Updated Refinement Zones: green: 2560, yellow: 7680, red: 12800
[0.292s][info ][gc,phases     ] GC(2)   Pre Evacuate Collection Set: 0.3ms
[0.292s][info ][gc,phases     ] GC(2)   Merge Heap Roots: 0.3ms
[0.292s][info ][gc,phases     ] GC(2)   Evacuate Collection Set: 26.2ms
[0.292s][info ][gc,phases     ] GC(2)   Post Evacuate Collection Set: 0.9ms
[0.292s][info ][gc,phases     ] GC(2)   Other: 0.3ms
[0.292s][info ][gc,heap       ] GC(2) Eden regions: 44->0(44)
[0.292s][info ][gc,heap       ] GC(2) Survivor regions: 7->7(7)
[0.292s][info ][gc,heap       ] GC(2) Old regions: 33->53
[0.292s][info ][gc,heap       ] GC(2) Archive regions: 0->0
[0.292s][info ][gc,heap       ] GC(2) Humongous regions: 0->0
[0.292s][info ][gc,metaspace  ] GC(2) Metaspace: 6340K(6464K)->6340K(6464K) NonClass: 5793K(5824K)->5793K(5824K) Class: 546K(640K)->546K(640K)
[0.292s][debug][gc,heap       ] GC(2) Heap after GC invocations=3 (full 0):
[0.292s][debug][gc,heap       ] GC(2)  garbage-first heap   total 1048576K, used 61116K [0x00000000c0000000, 0x0000000100000000)
[0.292s][debug][gc,heap       ] GC(2)   region size 1024K, 7 young (7168K), 7 survivors (7168K)
[0.292s][debug][gc,heap       ] GC(2)  Metaspace       used 6340K, committed 6464K, reserved 1114112K
[0.292s][debug][gc,heap       ] GC(2)   class space    used 546K, committed 640K, reserved 1048576K
[0.292s][info ][gc            ] GC(2) Pause Young (Normal) (G1 Evacuation Pause) 83M->59M(1024M) 27.948ms
[0.292s][info ][gc,cpu        ] GC(2) User=0.12s Sys=0.13s Real=0.02s
[0.292s][info ][safepoint     ] Safepoint "G1CollectForAllocation", Time since last: 5243201 ns, Reaching safepoint: 3300 ns, Cleanup: 2700 ns, At safepoint: 28057807 ns, Total: 28063807 ns
[0.297s][debug][gc,heap       ] GC(3) Heap before GC invocations=3 (full 0):
[0.297s][debug][gc,heap       ] GC(3)  garbage-first heap   total 1048576K, used 105148K [0x00000000c0000000, 0x0000000100000000)
[0.297s][debug][gc,heap       ] GC(3)   region size 1024K, 51 young (52224K), 7 survivors (7168K)
[0.297s][debug][gc,heap       ] GC(3)  Metaspace       used 6340K, committed 6464K, reserved 1114112K
[0.297s][debug][gc,heap       ] GC(3)   class space    used 546K, committed 640K, reserved 1048576K
[0.297s][info ][gc,start      ] GC(3) Pause Young (Normal) (G1 Evacuation Pause)
[0.297s][info ][gc,task       ] GC(3) Using 10 workers of 10 for evacuation
[0.297s][trace][gc,ergo,cset  ] GC(3) Start choosing CSet. Pending cards: 34 target pause time: 200.00ms
[0.297s][trace][gc,ergo,cset  ] GC(3) Added young regions to CSet. Eden: 44 regions, Survivors: 7 regions, predicted eden time: 174.81ms, predicted base time: 3.41ms, target pause time: 200.00ms, remaining time: 21.78ms
[0.298s][debug][gc,ergo       ] GC(3) Running G1 Merge Heap Roots using 10 workers for 51 regions
[0.324s][debug][gc,ergo       ] GC(3) Running G1 Rebuild Free List Task using 10 workers for rebuilding free list of regions
[0.324s][debug][gc,ergo,heap  ] GC(3) Heap expansion: short term pause time ratio 83.60% long term pause time ratio 18.63% threshold 7.69% pause time ratio 7.69% fully expanded true resize by 0B
[0.324s][debug][gc,ergo,refine] GC(3) Concurrent refinement times: Logged Cards Scan time goal: 20.00ms Logged Cards Scan time: 0.02ms HCC time: 0.00ms
[0.325s][trace][gc,ergo,refine] GC(3) Updating Refinement Zones: logged cards scan time: 0.016ms, processed cards: 12, goal time: 19.996ms
[0.325s][debug][gc,ergo,refine] GC(3) Updated Refinement Zones: green: 2560, yellow: 7680, red: 12800
[0.325s][info ][gc,phases     ] GC(3)   Pre Evacuate Collection Set: 0.3ms
[0.325s][info ][gc,phases     ] GC(3)   Merge Heap Roots: 0.2ms
[0.325s][info ][gc,phases     ] GC(3)   Evacuate Collection Set: 25.5ms
[0.325s][info ][gc,phases     ] GC(3)   Post Evacuate Collection Set: 0.9ms
[0.325s][info ][gc,phases     ] GC(3)   Other: 0.3ms
[0.325s][info ][gc,heap       ] GC(3) Eden regions: 44->0(59)
[0.325s][info ][gc,heap       ] GC(3) Survivor regions: 7->7(7)
[0.325s][info ][gc,heap       ] GC(3) Old regions: 53->73
[0.325s][info ][gc,heap       ] GC(3) Archive regions: 0->0
[0.325s][info ][gc,heap       ] GC(3) Humongous regions: 0->0
[0.325s][info ][gc,metaspace  ] GC(3) Metaspace: 6340K(6464K)->6340K(6464K) NonClass: 5793K(5824K)->5793K(5824K) Class: 546K(640K)->546K(640K)
[0.325s][debug][gc,heap       ] GC(3) Heap after GC invocations=4 (full 0):
[0.325s][debug][gc,heap       ] GC(3)  garbage-first heap   total 1048576K, used 81596K [0x00000000c0000000, 0x0000000100000000)
[0.325s][debug][gc,heap       ] GC(3)   region size 1024K, 7 young (7168K), 7 survivors (7168K)
[0.325s][debug][gc,heap       ] GC(3)  Metaspace       used 6340K, committed 6464K, reserved 1114112K
[0.325s][debug][gc,heap       ] GC(3)   class space    used 546K, committed 640K, reserved 1048576K
[0.325s][info ][gc            ] GC(3) Pause Young (Normal) (G1 Evacuation Pause) 103M->79M(1024M) 27.230ms
[0.325s][info ][gc,cpu        ] GC(3) User=0.05s Sys=0.20s Real=0.03s
[0.325s][info ][safepoint     ] Safepoint "G1CollectForAllocation", Time since last: 5114101 ns, Reaching safepoint: 4600 ns, Cleanup: 6100 ns, At safepoint: 27380107 ns, Total: 27390807 ns
[0.332s][debug][gc,heap       ] GC(4) Heap before GC invocations=4 (full 0):
[0.332s][debug][gc,heap       ] GC(4)  garbage-first heap   total 1048576K, used 140988K [0x00000000c0000000, 0x0000000100000000)
[0.332s][debug][gc,heap       ] GC(4)   region size 1024K, 66 young (67584K), 7 survivors (7168K)
[0.332s][debug][gc,heap       ] GC(4)  Metaspace       used 6340K, committed 6464K, reserved 1114112K
[0.332s][debug][gc,heap       ] GC(4)   class space    used 546K, committed 640K, reserved 1048576K
[0.332s][info ][gc,start      ] GC(4) Pause Young (Normal) (G1 Evacuation Pause)
[0.332s][info ][gc,task       ] GC(4) Using 10 workers of 10 for evacuation
[0.332s][trace][gc,ergo,cset  ] GC(4) Start choosing CSet. Pending cards: 34 target pause time: 200.00ms
[0.332s][trace][gc,ergo,cset  ] GC(4) Added young regions to CSet. Eden: 59 regions, Survivors: 7 regions, predicted eden time: 5.78ms, predicted base time: 2.94ms, target pause time: 200.00ms, remaining time: 191.28ms
[0.332s][debug][gc,ergo       ] GC(4) Running G1 Merge Heap Roots using 10 workers for 66 regions
[0.369s][debug][gc,ergo       ] GC(4) Running G1 Rebuild Free List Task using 10 workers for rebuilding free list of regions
[0.369s][debug][gc,ergo,heap  ] GC(4) Heap expansion: short term pause time ratio 83.10% long term pause time ratio 25.29% threshold 7.69% pause time ratio 7.69% fully expanded true resize by 0B
[0.369s][debug][gc,ergo,refine] GC(4) Concurrent refinement times: Logged Cards Scan time goal: 20.00ms Logged Cards Scan time: 0.01ms HCC time: 0.00ms
[0.369s][trace][gc,ergo,refine] GC(4) Updating Refinement Zones: logged cards scan time: 0.008ms, processed cards: 17, goal time: 19.999ms
[0.369s][debug][gc,ergo,refine] GC(4) Updated Refinement Zones: green: 2560, yellow: 7680, red: 12800
[0.369s][info ][gc,phases     ] GC(4)   Pre Evacuate Collection Set: 0.3ms
[0.369s][info ][gc,phases     ] GC(4)   Merge Heap Roots: 0.2ms
[0.369s][info ][gc,phases     ] GC(4)   Evacuate Collection Set: 36.4ms
[0.369s][info ][gc,phases     ] GC(4)   Post Evacuate Collection Set: 0.5ms
[0.369s][info ][gc,phases     ] GC(4)   Other: 0.1ms
[0.369s][info ][gc,heap       ] GC(4) Eden regions: 59->0(67)
[0.369s][info ][gc,heap       ] GC(4) Survivor regions: 7->9(9)
[0.369s][info ][gc,heap       ] GC(4) Old regions: 73->96
[0.369s][info ][gc,heap       ] GC(4) Archive regions: 0->0
[0.369s][info ][gc,heap       ] GC(4) Humongous regions: 0->0
[0.369s][info ][gc,metaspace  ] GC(4) Metaspace: 6340K(6464K)->6340K(6464K) NonClass: 5793K(5824K)->5793K(5824K) Class: 546K(640K)->546K(640K)
[0.369s][debug][gc,heap       ] GC(4) Heap after GC invocations=5 (full 0):
[0.369s][debug][gc,heap       ] GC(4)  garbage-first heap   total 1048576K, used 106796K [0x00000000c0000000, 0x0000000100000000)
[0.369s][debug][gc,heap       ] GC(4)   region size 1024K, 9 young (9216K), 9 survivors (9216K)
[0.369s][debug][gc,heap       ] GC(4)  Metaspace       used 6340K, committed 6464K, reserved 1114112K
[0.369s][debug][gc,heap       ] GC(4)   class space    used 546K, committed 640K, reserved 1048576K
[0.369s][info ][gc            ] GC(4) Pause Young (Normal) (G1 Evacuation Pause) 138M->104M(1024M) 37.453ms
[0.369s][info ][gc,cpu        ] GC(4) User=0.00s Sys=0.34s Real=0.04s
[0.369s][info ][safepoint     ] Safepoint "G1CollectForAllocation", Time since last: 6849402 ns, Reaching safepoint: 4400 ns, Cleanup: 4100 ns, At safepoint: 37538309 ns, Total: 37546809 ns
[0.375s][debug][gc,heap       ] GC(5) Heap before GC invocations=5 (full 0):
[0.375s][debug][gc,heap       ] GC(5)  garbage-first heap   total 1048576K, used 174380K [0x00000000c0000000, 0x0000000100000000)
[0.375s][debug][gc,heap       ] GC(5)   region size 1024K, 76 young (77824K), 9 survivors (9216K)
[0.375s][debug][gc,heap       ] GC(5)  Metaspace       used 6340K, committed 6464K, reserved 1114112K
[0.375s][debug][gc,heap       ] GC(5)   class space    used 546K, committed 640K, reserved 1048576K
[0.375s][info ][gc,start      ] GC(5) Pause Young (Normal) (G1 Evacuation Pause)
[0.375s][info ][gc,task       ] GC(5) Using 10 workers of 10 for evacuation
[0.375s][trace][gc,ergo,cset  ] GC(5) Start choosing CSet. Pending cards: 35 target pause time: 200.00ms
[0.375s][trace][gc,ergo,cset  ] GC(5) Added young regions to CSet. Eden: 67 regions, Survivors: 9 regions, predicted eden time: 6.80ms, predicted base time: 2.47ms, target pause time: 200.00ms, remaining time: 190.73ms
[0.376s][debug][gc,ergo       ] GC(5) Running G1 Merge Heap Roots using 10 workers for 76 regions
[0.439s][debug][gc,ergo       ] GC(5) Running G1 Rebuild Free List Task using 10 workers for rebuilding free list of regions
[0.440s][debug][gc,ergo,heap  ] GC(5) Heap expansion: short term pause time ratio 83.87% long term pause time ratio 32.56% threshold 7.69% pause time ratio 7.69% fully expanded true resize by 0B
[0.440s][debug][gc,ergo,refine] GC(5) Concurrent refinement times: Logged Cards Scan time goal: 20.00ms Logged Cards Scan time: 0.01ms HCC time: 0.00ms
[0.440s][trace][gc,ergo,refine] GC(5) Updating Refinement Zones: logged cards scan time: 0.010ms, processed cards: 11, goal time: 19.999ms
[0.440s][debug][gc,ergo,refine] GC(5) Updated Refinement Zones: green: 2560, yellow: 7680, red: 12800
[0.440s][info ][gc,phases     ] GC(5)   Pre Evacuate Collection Set: 0.3ms
[0.440s][info ][gc,phases     ] GC(5)   Merge Heap Roots: 0.2ms
[0.440s][info ][gc,phases     ] GC(5)   Evacuate Collection Set: 63.4ms
[0.440s][info ][gc,phases     ] GC(5)   Post Evacuate Collection Set: 0.5ms
[0.440s][info ][gc,phases     ] GC(5)   Other: 0.2ms
[0.440s][info ][gc,heap       ] GC(5) Eden regions: 67->0(91)
[0.440s][info ][gc,heap       ] GC(5) Survivor regions: 9->10(10)
[0.440s][info ][gc,heap       ] GC(5) Old regions: 96->124
[0.440s][info ][gc,heap       ] GC(5) Archive regions: 0->0
[0.440s][info ][gc,heap       ] GC(5) Humongous regions: 0->0
[0.440s][info ][gc,metaspace  ] GC(5) Metaspace: 6340K(6464K)->6340K(6464K) NonClass: 5793K(5824K)->5793K(5824K) Class: 546K(640K)->546K(640K)
[0.440s][debug][gc,heap       ] GC(5) Heap after GC invocations=6 (full 0):
[0.440s][debug][gc,heap       ] GC(5)  garbage-first heap   total 1048576K, used 136592K [0x00000000c0000000, 0x0000000100000000)
[0.440s][debug][gc,heap       ] GC(5)   region size 1024K, 10 young (10240K), 10 survivors (10240K)
[0.440s][debug][gc,heap       ] GC(5)  Metaspace       used 6340K, committed 6464K, reserved 1114112K
[0.440s][debug][gc,heap       ] GC(5)   class space    used 546K, committed 640K, reserved 1048576K
[0.440s][info ][gc            ] GC(5) Pause Young (Normal) (G1 Evacuation Pause) 171M->133M(1024M) 64.562ms
[0.440s][info ][gc,cpu        ] GC(5) User=0.12s Sys=0.47s Real=0.06s
[0.440s][info ][safepoint     ] Safepoint "G1CollectForAllocation", Time since last: 5941901 ns, Reaching safepoint: 10800 ns, Cleanup: 16200 ns, At safepoint: 64683416 ns, Total: 64710416 ns
[0.454s][debug][gc,heap       ] GC(6) Heap before GC invocations=6 (full 0):
[0.454s][debug][gc,heap       ] GC(6)  garbage-first heap   total 1048576K, used 228752K [0x00000000c0000000, 0x0000000100000000)
[0.454s][debug][gc,heap       ] GC(6)   region size 1024K, 101 young (103424K), 10 survivors (10240K)
[0.454s][debug][gc,heap       ] GC(6)  Metaspace       used 6340K, committed 6464K, reserved 1114112K
[0.454s][debug][gc,heap       ] GC(6)   class space    used 546K, committed 640K, reserved 1048576K
[0.454s][info ][gc,start      ] GC(6) Pause Young (Normal) (G1 Evacuation Pause)
[0.454s][info ][gc,task       ] GC(6) Using 10 workers of 10 for evacuation
[0.454s][trace][gc,ergo,cset  ] GC(6) Start choosing CSet. Pending cards: 27 target pause time: 200.00ms
[0.454s][trace][gc,ergo,cset  ] GC(6) Added young regions to CSet. Eden: 91 regions, Survivors: 10 regions, predicted eden time: 4.29ms, predicted base time: 2.12ms, target pause time: 200.00ms, remaining time: 193.60ms
[0.454s][debug][gc,ergo       ] GC(6) Running G1 Merge Heap Roots using 10 workers for 101 regions
[0.505s][debug][gc,ergo       ] GC(6) Running G1 Rebuild Free List Task using 10 workers for rebuilding free list of regions
[0.507s][debug][gc,ergo,heap  ] GC(6) Heap expansion: short term pause time ratio 91.20% long term pause time ratio 42.20% threshold 7.69% pause time ratio 7.69% fully expanded true resize by 0B
[0.507s][debug][gc,ergo,refine] GC(6) Concurrent refinement times: Logged Cards Scan time goal: 20.00ms Logged Cards Scan time: 0.01ms HCC time: 0.00ms
[0.507s][trace][gc,ergo,refine] GC(6) Updating Refinement Zones: logged cards scan time: 0.006ms, processed cards: 10, goal time: 19.999ms
[0.507s][debug][gc,ergo,refine] GC(6) Updated Refinement Zones: green: 2560, yellow: 7680, red: 12800
[0.507s][info ][gc,phases     ] GC(6)   Pre Evacuate Collection Set: 0.2ms
[0.507s][info ][gc,phases     ] GC(6)   Merge Heap Roots: 0.2ms
[0.507s][info ][gc,phases     ] GC(6)   Evacuate Collection Set: 50.3ms
[0.507s][info ][gc,phases     ] GC(6)   Post Evacuate Collection Set: 2.0ms
[0.507s][info ][gc,phases     ] GC(6)   Other: 0.2ms
[0.507s][info ][gc,heap       ] GC(6) Eden regions: 91->0(94)
[0.507s][info ][gc,heap       ] GC(6) Survivor regions: 10->13(13)
[0.507s][info ][gc,heap       ] GC(6) Old regions: 124->158
[0.507s][info ][gc,heap       ] GC(6) Archive regions: 0->0
[0.507s][info ][gc,heap       ] GC(6) Humongous regions: 0->0
[0.507s][info ][gc,metaspace  ] GC(6) Metaspace: 6340K(6464K)->6340K(6464K) NonClass: 5793K(5824K)->5793K(5824K) Class: 546K(640K)->546K(640K)
[0.507s][debug][gc,heap       ] GC(6) Heap after GC invocations=7 (full 0):
[0.507s][debug][gc,heap       ] GC(6)  garbage-first heap   total 1048576K, used 174580K [0x00000000c0000000, 0x0000000100000000)
[0.507s][debug][gc,heap       ] GC(6)   region size 1024K, 13 young (13312K), 13 survivors (13312K)
[0.507s][debug][gc,heap       ] GC(6)  Metaspace       used 6340K, committed 6464K, reserved 1114112K
[0.507s][debug][gc,heap       ] GC(6)   class space    used 546K, committed 640K, reserved 1048576K
[0.507s][info ][gc            ] GC(6) Pause Young (Normal) (G1 Evacuation Pause) 224M->170M(1024M) 52.950ms
[0.507s][info ][gc,cpu        ] GC(6) User=0.13s Sys=0.36s Real=0.05s
[0.507s][info ][safepoint     ] Safepoint "G1CollectForAllocation", Time since last: 14084903 ns, Reaching safepoint: 5600 ns, Cleanup: 6400 ns, At safepoint: 53135713 ns, Total: 53147713 ns
[0.619s][debug][gc,heap       ] GC(7) Heap before GC invocations=7 (full 0):
[0.619s][debug][gc,heap       ] GC(7)  garbage-first heap   total 1048576K, used 269812K [0x00000000c0000000, 0x0000000100000000)
[0.619s][debug][gc,heap       ] GC(7)   region size 1024K, 107 young (109568K), 13 survivors (13312K)
[0.619s][debug][gc,heap       ] GC(7)  Metaspace       used 6340K, committed 6464K, reserved 1114112K
[0.619s][debug][gc,heap       ] GC(7)   class space    used 546K, committed 640K, reserved 1048576K
[0.619s][info ][gc,start      ] GC(7) Pause Young (Normal) (G1 Evacuation Pause)
[0.619s][info ][gc,task       ] GC(7) Using 10 workers of 10 for evacuation
[0.619s][trace][gc,ergo,cset  ] GC(7) Start choosing CSet. Pending cards: 26 target pause time: 200.00ms
[0.619s][trace][gc,ergo,cset  ] GC(7) Added young regions to CSet. Eden: 94 regions, Survivors: 13 regions, predicted eden time: 5.43ms, predicted base time: 1.85ms, target pause time: 200.00ms, remaining time: 192.72ms
[0.620s][debug][gc,ergo       ] GC(7) Running G1 Merge Heap Roots using 10 workers for 107 regions
[0.685s][debug][gc,ergo       ] GC(7) Running G1 Rebuild Free List Task using 10 workers for rebuilding free list of regions
[0.685s][debug][gc,ergo,heap  ] GC(7) Heap expansion: short term pause time ratio 78.66% long term pause time ratio 47.12% threshold 7.69% pause time ratio 7.69% fully expanded true resize by 0B
[0.685s][debug][gc,ergo,refine] GC(7) Concurrent refinement times: Logged Cards Scan time goal: 20.00ms Logged Cards Scan time: 0.06ms HCC time: 0.00ms
[0.685s][trace][gc,ergo,refine] GC(7) Updating Refinement Zones: logged cards scan time: 0.056ms, processed cards: 10, goal time: 19.999ms
[0.685s][debug][gc,ergo,refine] GC(7) Updated Refinement Zones: green: 2560, yellow: 7680, red: 12800
[0.685s][info ][gc,phases     ] GC(7)   Pre Evacuate Collection Set: 0.4ms
[0.686s][info ][gc,phases     ] GC(7)   Merge Heap Roots: 0.3ms
[0.686s][info ][gc,phases     ] GC(7)   Evacuate Collection Set: 64.4ms
[0.686s][info ][gc,phases     ] GC(7)   Post Evacuate Collection Set: 1.1ms
[0.686s][info ][gc,phases     ] GC(7)   Other: 0.4ms
[0.686s][info ][gc,heap       ] GC(7) Eden regions: 94->0(111)
[0.686s][info ][gc,heap       ] GC(7) Survivor regions: 13->14(14)
[0.686s][info ][gc,heap       ] GC(7) Old regions: 158->197
[0.686s][info ][gc,heap       ] GC(7) Archive regions: 0->0
[0.686s][info ][gc,heap       ] GC(7) Humongous regions: 0->0
[0.686s][info ][gc,metaspace  ] GC(7) Metaspace: 6340K(6464K)->6340K(6464K) NonClass: 5793K(5824K)->5793K(5824K) Class: 546K(640K)->546K(640K)
[0.686s][debug][gc,heap       ] GC(7) Heap after GC invocations=8 (full 0):
[0.686s][debug][gc,heap       ] GC(7)  garbage-first heap   total 1048576K, used 215140K [0x00000000c0000000, 0x0000000100000000)
[0.686s][debug][gc,heap       ] GC(7)   region size 1024K, 14 young (14336K), 14 survivors (14336K)
[0.686s][debug][gc,heap       ] GC(7)  Metaspace       used 6340K, committed 6464K, reserved 1114112K
[0.686s][debug][gc,heap       ] GC(7)   class space    used 546K, committed 640K, reserved 1048576K
[0.686s][info ][gc            ] GC(7) Pause Young (Normal) (G1 Evacuation Pause) 264M->210M(1024M) 66.553ms
[0.686s][info ][gc,cpu        ] GC(7) User=0.25s Sys=0.32s Real=0.07s
[0.686s][info ][safepoint     ] Safepoint "G1CollectForAllocation", Time since last: 111845827 ns, Reaching safepoint: 46100 ns, Cleanup: 8500 ns, At safepoint: 66752216 ns, Total: 66806816 ns
[0.712s][debug][gc,heap       ] GC(8) Heap before GC invocations=8 (full 0):
[0.712s][debug][gc,heap       ] GC(8)  garbage-first heap   total 1048576K, used 327780K [0x00000000c0000000, 0x0000000100000000)
[0.712s][debug][gc,heap       ] GC(8)   region size 1024K, 125 young (128000K), 14 survivors (14336K)
[0.712s][debug][gc,heap       ] GC(8)  Metaspace       used 6340K, committed 6464K, reserved 1114112K
[0.712s][debug][gc,heap       ] GC(8)   class space    used 546K, committed 640K, reserved 1048576K
[0.712s][info ][gc,start      ] GC(8) Pause Young (Normal) (G1 Evacuation Pause)
[0.712s][info ][gc,task       ] GC(8) Using 10 workers of 10 for evacuation
[0.712s][trace][gc,ergo,cset  ] GC(8) Start choosing CSet. Pending cards: 37 target pause time: 200.00ms
[0.712s][trace][gc,ergo,cset  ] GC(8) Added young regions to CSet. Eden: 111 regions, Survivors: 14 regions, predicted eden time: 3.80ms, predicted base time: 1.81ms, target pause time: 200.00ms, remaining time: 194.38ms
[0.713s][debug][gc,ergo       ] GC(8) Running G1 Merge Heap Roots using 10 workers for 125 regions
[0.758s][debug][gc,ergo       ] GC(8) Running G1 Rebuild Free List Task using 10 workers for rebuilding free list of regions
[0.758s][debug][gc,ergo,heap  ] GC(8) Heap expansion: short term pause time ratio 37.09% long term pause time ratio 44.46% threshold 7.69% pause time ratio 7.69% fully expanded true resize by 0B
[0.758s][debug][gc,ergo,refine] GC(8) Concurrent refinement times: Logged Cards Scan time goal: 20.00ms Logged Cards Scan time: 0.01ms HCC time: 0.00ms
[0.758s][trace][gc,ergo,refine] GC(8) Updating Refinement Zones: logged cards scan time: 0.014ms, processed cards: 12, goal time: 19.999ms
[0.758s][debug][gc,ergo,refine] GC(8) Updated Refinement Zones: green: 2560, yellow: 7680, red: 12800
[0.758s][info ][gc,phases     ] GC(8)   Pre Evacuate Collection Set: 0.3ms
[0.758s][info ][gc,phases     ] GC(8)   Merge Heap Roots: 0.2ms
[0.758s][info ][gc,phases     ] GC(8)   Evacuate Collection Set: 45.2ms
[0.758s][info ][gc,phases     ] GC(8)   Post Evacuate Collection Set: 0.5ms
[0.758s][info ][gc,phases     ] GC(8)   Other: 0.4ms
[0.758s][info ][gc,heap       ] GC(8) Eden regions: 111->0(125)
[0.758s][info ][gc,heap       ] GC(8) Survivor regions: 14->16(16)
[0.758s][info ][gc,heap       ] GC(8) Old regions: 197->241
[0.758s][info ][gc,heap       ] GC(8) Archive regions: 0->0
[0.758s][info ][gc,heap       ] GC(8) Humongous regions: 0->0
[0.758s][info ][gc,metaspace  ] GC(8) Metaspace: 6340K(6464K)->6340K(6464K) NonClass: 5793K(5824K)->5793K(5824K) Class: 546K(640K)->546K(640K)
[0.758s][debug][gc,heap       ] GC(8) Heap after GC invocations=9 (full 0):
[0.758s][debug][gc,heap       ] GC(8)  garbage-first heap   total 1048576K, used 262244K [0x00000000c0000000, 0x0000000100000000)
[0.758s][debug][gc,heap       ] GC(8)   region size 1024K, 16 young (16384K), 16 survivors (16384K)
[0.758s][debug][gc,heap       ] GC(8)  Metaspace       used 6340K, committed 6464K, reserved 1114112K
[0.758s][debug][gc,heap       ] GC(8)   class space    used 546K, committed 640K, reserved 1048576K
[0.758s][info ][gc            ] GC(8) Pause Young (Normal) (G1 Evacuation Pause) 321M->256M(1024M) 46.438ms
[0.758s][info ][gc,cpu        ] GC(8) User=0.03s Sys=0.34s Real=0.05s
[0.759s][info ][safepoint     ] Safepoint "G1CollectForAllocation", Time since last: 26214606 ns, Reaching safepoint: 10200 ns, Cleanup: 12100 ns, At safepoint: 46636012 ns, Total: 46658312 ns
[0.772s][debug][gc,heap       ] GC(9) Heap before GC invocations=9 (full 0):
[0.773s][debug][gc,heap       ] GC(9)  garbage-first heap   total 1048576K, used 389220K [0x00000000c0000000, 0x0000000100000000)
[0.773s][debug][gc,heap       ] GC(9)   region size 1024K, 141 young (144384K), 16 survivors (16384K)
[0.773s][debug][gc,heap       ] GC(9)  Metaspace       used 6340K, committed 6464K, reserved 1114112K
[0.773s][debug][gc,heap       ] GC(9)   class space    used 546K, committed 640K, reserved 1048576K
[0.773s][info ][gc,start      ] GC(9) Pause Young (Normal) (G1 Evacuation Pause)
[0.773s][info ][gc,task       ] GC(9) Using 10 workers of 10 for evacuation
[0.773s][trace][gc,ergo,cset  ] GC(9) Start choosing CSet. Pending cards: 29 target pause time: 200.00ms
[0.774s][trace][gc,ergo,cset  ] GC(9) Added young regions to CSet. Eden: 125 regions, Survivors: 16 regions, predicted eden time: 4.22ms, predicted base time: 1.64ms, target pause time: 200.00ms, remaining time: 194.15ms
[0.774s][debug][gc,ergo       ] GC(9) Running G1 Merge Heap Roots using 10 workers for 141 regions
[0.816s][debug][gc,ergo       ] GC(9) Running G1 Rebuild Free List Task using 10 workers for rebuilding free list of regions
[0.816s][debug][gc,ergo,heap  ] GC(9) Heap expansion: short term pause time ratio 63.46% long term pause time ratio 46.32% threshold 7.69% pause time ratio 7.69% fully expanded true resize by 0B
[0.816s][debug][gc,ergo,refine] GC(9) Concurrent refinement times: Logged Cards Scan time goal: 20.00ms Logged Cards Scan time: 0.21ms HCC time: 0.00ms
[0.816s][trace][gc,ergo,refine] GC(9) Updating Refinement Zones: logged cards scan time: 0.207ms, processed cards: 12, goal time: 19.999ms
[0.816s][debug][gc,ergo,refine] GC(9) Updated Refinement Zones: green: 2560, yellow: 7680, red: 12800
[0.816s][info ][gc,phases     ] GC(9)   Pre Evacuate Collection Set: 0.2ms
[0.816s][info ][gc,phases     ] GC(9)   Merge Heap Roots: 0.2ms
[0.816s][info ][gc,phases     ] GC(9)   Evacuate Collection Set: 41.6ms
[0.816s][info ][gc,phases     ] GC(9)   Post Evacuate Collection Set: 0.5ms
[0.816s][info ][gc,phases     ] GC(9)   Other: 1.4ms
[0.816s][info ][gc,heap       ] GC(9) Eden regions: 125->0(153)
[0.816s][info ][gc,heap       ] GC(9) Survivor regions: 16->18(18)
[0.816s][info ][gc,heap       ] GC(9) Old regions: 241->290
[0.816s][info ][gc,heap       ] GC(9) Archive regions: 0->0
[0.816s][info ][gc,heap       ] GC(9) Humongous regions: 0->0
[0.816s][info ][gc,metaspace  ] GC(9) Metaspace: 6340K(6464K)->6340K(6464K) NonClass: 5793K(5824K)->5793K(5824K) Class: 546K(640K)->546K(640K)
[0.816s][debug][gc,heap       ] GC(9) Heap after GC invocations=10 (full 0):
[0.816s][debug][gc,heap       ] GC(9)  garbage-first heap   total 1048576K, used 314668K [0x00000000c0000000, 0x0000000100000000)
[0.816s][debug][gc,heap       ] GC(9)   region size 1024K, 18 young (18432K), 18 survivors (18432K)
[0.816s][debug][gc,heap       ] GC(9)  Metaspace       used 6340K, committed 6464K, reserved 1114112K
[0.816s][debug][gc,heap       ] GC(9)   class space    used 546K, committed 640K, reserved 1048576K
[0.816s][info ][gc            ] GC(9) Pause Young (Normal) (G1 Evacuation Pause) 381M->307M(1024M) 42.786ms
[0.816s][info ][gc,cpu        ] GC(9) User=0.05s Sys=0.34s Real=0.04s
[0.816s][info ][safepoint     ] Safepoint "G1CollectForAllocation", Time since last: 13729903 ns, Reaching safepoint: 14900 ns, Cleanup: 12700 ns, At safepoint: 43990411 ns, Total: 44018011 ns
[0.838s][debug][gc,heap       ] GC(10) Heap before GC invocations=10 (full 0):
[0.838s][debug][gc,heap       ] GC(10)  garbage-first heap   total 1048576K, used 470316K [0x00000000c0000000, 0x0000000100000000)
[0.838s][debug][gc,heap       ] GC(10)   region size 1024K, 171 young (175104K), 18 survivors (18432K)
[0.838s][debug][gc,heap       ] GC(10)  Metaspace       used 6340K, committed 6464K, reserved 1114112K
[0.838s][debug][gc,heap       ] GC(10)   class space    used 546K, committed 640K, reserved 1048576K
[0.838s][info ][gc,start      ] GC(10) Pause Young (Normal) (G1 Evacuation Pause)
[0.838s][info ][gc,task       ] GC(10) Using 10 workers of 10 for evacuation
[0.838s][trace][gc,ergo,cset  ] GC(10) Start choosing CSet. Pending cards: 31 target pause time: 200.00ms
[0.838s][trace][gc,ergo,cset  ] GC(10) Added young regions to CSet. Eden: 153 regions, Survivors: 18 regions, predicted eden time: 3.43ms, predicted base time: 1.47ms, target pause time: 200.00ms, remaining time: 195.10ms
[0.838s][debug][gc,ergo       ] GC(10) Running G1 Merge Heap Roots using 10 workers for 171 regions
[0.930s][debug][gc,ergo       ] GC(10) Running G1 Rebuild Free List Task using 10 workers for rebuilding free list of regions
[0.930s][debug][gc,ergo,heap  ] GC(10) Heap expansion: short term pause time ratio 73.87% long term pause time ratio 48.29% threshold 7.69% pause time ratio 7.69% fully expanded true resize by 0B
[0.930s][debug][gc,ergo,refine] GC(10) Concurrent refinement times: Logged Cards Scan time goal: 20.00ms Logged Cards Scan time: 0.02ms HCC time: 0.00ms
[0.930s][trace][gc,ergo,refine] GC(10) Updating Refinement Zones: logged cards scan time: 0.017ms, processed cards: 14, goal time: 19.999ms
[0.930s][debug][gc,ergo,refine] GC(10) Updated Refinement Zones: green: 2560, yellow: 7680, red: 12800
[0.930s][info ][gc,phases     ] GC(10)   Pre Evacuate Collection Set: 0.2ms
[0.930s][info ][gc,phases     ] GC(10)   Merge Heap Roots: 0.2ms
[0.930s][info ][gc,phases     ] GC(10)   Evacuate Collection Set: 90.6ms
[0.930s][info ][gc,phases     ] GC(10)   Post Evacuate Collection Set: 0.8ms
[0.930s][info ][gc,phases     ] GC(10)   Other: 0.6ms
[0.930s][info ][gc,heap       ] GC(10) Eden regions: 153->0(164)
[0.930s][info ][gc,heap       ] GC(10) Survivor regions: 18->22(22)
[0.930s][info ][gc,heap       ] GC(10) Old regions: 290->347
[0.930s][info ][gc,heap       ] GC(10) Archive regions: 0->0
[0.930s][info ][gc,heap       ] GC(10) Humongous regions: 0->0
[0.930s][info ][gc,metaspace  ] GC(10) Metaspace: 6340K(6464K)->6340K(6464K) NonClass: 5793K(5824K)->5793K(5824K) Class: 546K(640K)->546K(640K)
[0.930s][debug][gc,heap       ] GC(10) Heap after GC invocations=11 (full 0):
[0.930s][debug][gc,heap       ] GC(10)  garbage-first heap   total 1048576K, used 377732K [0x00000000c0000000, 0x0000000100000000)
[0.930s][debug][gc,heap       ] GC(10)   region size 1024K, 22 young (22528K), 22 survivors (22528K)
[0.930s][debug][gc,heap       ] GC(10)  Metaspace       used 6340K, committed 6464K, reserved 1114112K
[0.930s][debug][gc,heap       ] GC(10)   class space    used 546K, committed 640K, reserved 1048576K
[0.930s][info ][gc            ] GC(10) Pause Young (Normal) (G1 Evacuation Pause) 460M->368M(1024M) 92.469ms
[0.930s][info ][gc,cpu        ] GC(10) User=0.11s Sys=0.76s Real=0.09s
[0.930s][info ][safepoint     ] Safepoint "G1CollectForAllocation", Time since last: 21467905 ns, Reaching safepoint: 4100 ns, Cleanup: 4200 ns, At safepoint: 92584522 ns, Total: 92592822 ns
[0.953s][debug][gc,heap       ] GC(11) Heap before GC invocations=11 (full 0):
[0.953s][debug][gc,heap       ] GC(11)  garbage-first heap   total 1048576K, used 544644K [0x00000000c0000000, 0x0000000100000000)
[0.953s][debug][gc,heap       ] GC(11)   region size 1024K, 186 young (190464K), 22 survivors (22528K)
[0.953s][debug][gc,heap       ] GC(11)  Metaspace       used 6340K, committed 6464K, reserved 1114112K
[0.953s][debug][gc,heap       ] GC(11)   class space    used 546K, committed 640K, reserved 1048576K
[0.953s][info ][gc,start      ] GC(11) Pause Young (Normal) (G1 Evacuation Pause)
[0.953s][info ][gc,task       ] GC(11) Using 10 workers of 10 for evacuation
[0.953s][trace][gc,ergo,cset  ] GC(11) Start choosing CSet. Pending cards: 31 target pause time: 200.00ms
[0.953s][trace][gc,ergo,cset  ] GC(11) Added young regions to CSet. Eden: 164 regions, Survivors: 22 regions, predicted eden time: 1.77ms, predicted base time: 1.46ms, target pause time: 200.00ms, remaining time: 196.77ms
[0.954s][debug][gc,ergo       ] GC(11) Running G1 Merge Heap Roots using 10 workers for 186 regions
[1.012s][debug][gc,ergo       ] GC(11) Running G1 Rebuild Free List Task using 10 workers for rebuilding free list of regions
[1.012s][debug][gc,ergo,heap  ] GC(11) Heap expansion: short term pause time ratio 80.87% long term pause time ratio 68.80% threshold 7.69% pause time ratio 7.69% fully expanded true resize by 0B
[1.012s][debug][gc,ergo,refine] GC(11) Concurrent refinement times: Logged Cards Scan time goal: 20.00ms Logged Cards Scan time: 0.02ms HCC time: 0.00ms
[1.012s][trace][gc,ergo,refine] GC(11) Updating Refinement Zones: logged cards scan time: 0.020ms, processed cards: 8, goal time: 19.999ms
[1.012s][debug][gc,ergo,refine] GC(11) Updated Refinement Zones: green: 2560, yellow: 7680, red: 12800
[1.013s][info ][gc,phases     ] GC(11)   Pre Evacuate Collection Set: 0.2ms
[1.013s][info ][gc,phases     ] GC(11)   Merge Heap Roots: 0.2ms
[1.013s][info ][gc,phases     ] GC(11)   Evacuate Collection Set: 57.4ms
[1.013s][info ][gc,phases     ] GC(11)   Post Evacuate Collection Set: 1.0ms
[1.013s][info ][gc,phases     ] GC(11)   Other: 0.9ms
[1.013s][info ][gc,heap       ] GC(11) Eden regions: 164->0(205)
[1.013s][info ][gc,heap       ] GC(11) Survivor regions: 22->24(24)
[1.013s][info ][gc,heap       ] GC(11) Old regions: 347->405
[1.013s][info ][gc,heap       ] GC(11) Archive regions: 0->0
[1.013s][info ][gc,heap       ] GC(11) Humongous regions: 0->0
[1.013s][info ][gc,metaspace  ] GC(11) Metaspace: 6340K(6464K)->6340K(6464K) NonClass: 5793K(5824K)->5793K(5824K) Class: 546K(640K)->546K(640K)
[1.013s][debug][gc,heap       ] GC(11) Heap after GC invocations=12 (full 0):
[1.013s][debug][gc,heap       ] GC(11)  garbage-first heap   total 1048576K, used 439172K [0x00000000c0000000, 0x0000000100000000)
[1.013s][debug][gc,heap       ] GC(11)   region size 1024K, 24 young (24576K), 24 survivors (24576K)
[1.013s][debug][gc,heap       ] GC(11)  Metaspace       used 6340K, committed 6464K, reserved 1114112K
[1.013s][debug][gc,heap       ] GC(11)   class space    used 546K, committed 640K, reserved 1048576K
[1.013s][info ][gc            ] GC(11) Pause Young (Normal) (G1 Evacuation Pause) 532M->428M(1024M) 59.682ms
[1.013s][info ][gc,cpu        ] GC(11) User=0.06s Sys=0.48s Real=0.06s
[1.013s][info ][safepoint     ] Safepoint "G1CollectForAllocation", Time since last: 22495606 ns, Reaching safepoint: 8200 ns, Cleanup: 8300 ns, At safepoint: 59833514 ns, Total: 59850014 ns
[1.046s][debug][gc,heap       ] GC(12) Heap before GC invocations=12 (full 0):
[1.046s][debug][gc,heap       ] GC(12)  garbage-first heap   total 1048576K, used 648068K [0x00000000c0000000, 0x0000000100000000)
[1.046s][debug][gc,heap       ] GC(12)   region size 1024K, 229 young (234496K), 24 survivors (24576K)
[1.046s][debug][gc,heap       ] GC(12)  Metaspace       used 6340K, committed 6464K, reserved 1114112K
[1.046s][debug][gc,heap       ] GC(12)   class space    used 546K, committed 640K, reserved 1048576K
[1.046s][info ][gc,start      ] GC(12) Pause Young (Normal) (G1 Evacuation Pause)
[1.046s][info ][gc,task       ] GC(12) Using 10 workers of 10 for evacuation
[1.046s][trace][gc,ergo,cset  ] GC(12) Start choosing CSet. Pending cards: 34 target pause time: 200.00ms
[1.046s][trace][gc,ergo,cset  ] GC(12) Added young regions to CSet. Eden: 205 regions, Survivors: 24 regions, predicted eden time: 2.64ms, predicted base time: 1.55ms, target pause time: 200.00ms, remaining time: 195.81ms
[1.046s][debug][gc,ergo       ] GC(12) Running G1 Merge Heap Roots using 10 workers for 229 regions
[1.124s][debug][gc,ergo       ] GC(12) Running G1 Rebuild Free List Task using 10 workers for rebuilding free list of regions
[1.128s][debug][gc,ergo,heap  ] GC(12) Heap expansion: short term pause time ratio 72.21% long term pause time ratio 68.48% threshold 7.69% pause time ratio 7.69% fully expanded true resize by 0B
[1.128s][debug][gc,ergo,ihop  ] GC(12) Request concurrent cycle initiation (occupancy higher than threshold) occupancy: 494927872B allocation request: 0B threshold: 483183820B (45.00) source: end of GC
[1.128s][debug][gc,ergo,refine] GC(12) Concurrent refinement times: Logged Cards Scan time goal: 20.00ms Logged Cards Scan time: 0.04ms HCC time: 0.00ms
[1.128s][trace][gc,ergo,refine] GC(12) Updating Refinement Zones: logged cards scan time: 0.044ms, processed cards: 12, goal time: 19.999ms
[1.129s][debug][gc,ergo,refine] GC(12) Updated Refinement Zones: green: 2560, yellow: 7680, red: 12800
[1.129s][info ][gc,phases     ] GC(12)   Pre Evacuate Collection Set: 0.4ms
[1.129s][info ][gc,phases     ] GC(12)   Merge Heap Roots: 0.2ms
[1.129s][info ][gc,phases     ] GC(12)   Evacuate Collection Set: 76.7ms
[1.129s][info ][gc,phases     ] GC(12)   Post Evacuate Collection Set: 5.2ms
[1.129s][info ][gc,phases     ] GC(12)   Other: 0.9ms
[1.129s][info ][gc,heap       ] GC(12) Eden regions: 205->0(195)
[1.129s][info ][gc,heap       ] GC(12) Survivor regions: 24->29(29)
[1.129s][info ][gc,heap       ] GC(12) Old regions: 405->472
[1.129s][info ][gc,heap       ] GC(12) Archive regions: 0->0
[1.129s][info ][gc,heap       ] GC(12) Humongous regions: 0->0
[1.129s][info ][gc,metaspace  ] GC(12) Metaspace: 6340K(6464K)->6340K(6464K) NonClass: 5793K(5824K)->5793K(5824K) Class: 546K(640K)->546K(640K)
[1.129s][debug][gc,heap       ] GC(12) Heap after GC invocations=13 (full 0):
[1.129s][debug][gc,heap       ] GC(12)  garbage-first heap   total 1048576K, used 512200K [0x00000000c0000000, 0x0000000100000000)
[1.129s][debug][gc,heap       ] GC(12)   region size 1024K, 29 young (29696K), 29 survivors (29696K)
[1.129s][debug][gc,heap       ] GC(12)  Metaspace       used 6340K, committed 6464K, reserved 1114112K
[1.129s][debug][gc,heap       ] GC(12)   class space    used 546K, committed 640K, reserved 1048576K
[1.129s][info ][gc            ] GC(12) Pause Young (Normal) (G1 Evacuation Pause) 633M->500M(1024M) 83.413ms
[1.129s][info ][gc,cpu        ] GC(12) User=0.05s Sys=0.69s Real=0.08s
[1.130s][info ][safepoint     ] Safepoint "G1CollectForAllocation", Time since last: 32937908 ns, Reaching safepoint: 4400 ns, Cleanup: 5200 ns, At safepoint: 83923420 ns, Total: 83933020 ns
[1.372s][debug][gc,heap       ] GC(13) Heap before GC invocations=13 (full 0):
[1.372s][debug][gc,heap       ] GC(13)  garbage-first heap   total 1048576K, used 710856K [0x00000000c0000000, 0x0000000100000000)
[1.372s][debug][gc,heap       ] GC(13)   region size 1024K, 224 young (229376K), 29 survivors (29696K)
[1.372s][debug][gc,heap       ] GC(13)  Metaspace       used 6340K, committed 6464K, reserved 1114112K
[1.372s][debug][gc,heap       ] GC(13)   class space    used 546K, committed 640K, reserved 1048576K
[1.372s][debug][gc,ergo       ] GC(13) Initiate concurrent cycle (concurrent cycle initiation requested)
[1.372s][info ][gc,start      ] GC(13) Pause Young (Concurrent Start) (G1 Evacuation Pause)
[1.372s][info ][gc,task       ] GC(13) Using 10 workers of 10 for evacuation
[1.372s][trace][gc,ergo,cset  ] GC(13) Start choosing CSet. Pending cards: 34 target pause time: 200.00ms
[1.372s][trace][gc,ergo,cset  ] GC(13) Added young regions to CSet. Eden: 195 regions, Survivors: 29 regions, predicted eden time: 136.80ms, predicted base time: 1.83ms, target pause time: 200.00ms, remaining time: 61.36ms
[1.384s][debug][gc,ergo       ] GC(13) Running G1 Merge Heap Roots using 10 workers for 224 regions
[1.484s][debug][gc,ergo       ] GC(13) Running G1 Rebuild Free List Task using 10 workers for rebuilding free list of regions
[1.485s][debug][gc,ergo,heap  ] GC(13) Heap expansion: short term pause time ratio 71.27% long term pause time ratio 68.27% threshold 7.69% pause time ratio 7.69% fully expanded true resize by 0B
[1.485s][debug][gc,ergo,refine] GC(13) Concurrent refinement times: Logged Cards Scan time goal: 20.00ms Logged Cards Scan time: 0.07ms HCC time: 0.00ms
[1.485s][trace][gc,ergo,refine] GC(13) Updating Refinement Zones: logged cards scan time: 0.065ms, processed cards: 17, goal time: 19.999ms
[1.485s][debug][gc,ergo,refine] GC(13) Updated Refinement Zones: green: 2560, yellow: 7680, red: 12800
[1.485s][info ][gc,phases     ] GC(13)   Pre Evacuate Collection Set: 0.9ms
[1.485s][info ][gc,phases     ] GC(13)   Merge Heap Roots: 0.4ms
[1.485s][info ][gc,phases     ] GC(13)   Evacuate Collection Set: 98.0ms
[1.485s][info ][gc,phases     ] GC(13)   Post Evacuate Collection Set: 2.2ms
[1.485s][info ][gc,phases     ] GC(13)   Other: 11.8ms
[1.485s][info ][gc,heap       ] GC(13) Eden regions: 195->0(169)
[1.485s][info ][gc,heap       ] GC(13) Survivor regions: 29->28(28)
[1.485s][info ][gc,heap       ] GC(13) Old regions: 472->540
[1.485s][info ][gc,heap       ] GC(13) Archive regions: 0->0
[1.485s][info ][gc,heap       ] GC(13) Humongous regions: 0->0
[1.485s][info ][gc,metaspace  ] GC(13) Metaspace: 6340K(6464K)->6340K(6464K) NonClass: 5793K(5824K)->5793K(5824K) Class: 546K(640K)->546K(640K)
[1.485s][debug][gc,heap       ] GC(13) Heap after GC invocations=14 (full 0):
[1.485s][debug][gc,heap       ] GC(13)  garbage-first heap   total 1048576K, used 581108K [0x00000000c0000000, 0x0000000100000000)
[1.485s][debug][gc,heap       ] GC(13)   region size 1024K, 28 young (28672K), 28 survivors (28672K)
[1.485s][debug][gc,heap       ] GC(13)  Metaspace       used 6340K, committed 6464K, reserved 1114112K
[1.485s][debug][gc,heap       ] GC(13)   class space    used 546K, committed 640K, reserved 1048576K
[1.485s][info ][gc            ] GC(13) Pause Young (Concurrent Start) (G1 Evacuation Pause) 695M->567M(1024M) 113.285ms
[1.485s][info ][gc,cpu        ] GC(13) User=0.38s Sys=0.59s Real=0.12s
[1.485s][info ][safepoint     ] Safepoint "G1CollectForAllocation", Time since last: 241950959 ns, Reaching safepoint: 77800 ns, Cleanup: 27600 ns, At safepoint: 113746927 ns, Total: 113852327 ns
[1.485s][info ][gc            ] GC(14) Concurrent Mark Cycle
[1.487s][info ][gc,marking    ] GC(14) Concurrent Clear Claimed Marks
[1.487s][info ][gc,marking    ] GC(14) Concurrent Clear Claimed Marks 0.176ms
[1.487s][info ][gc,marking    ] GC(14) Concurrent Scan Root Regions
[1.487s][debug][gc,ergo       ] GC(14) Running G1 Root Region Scan using 3 workers for 97 work units.
[1.494s][info ][gc,marking    ] GC(14) Concurrent Scan Root Regions 7.030ms
[1.494s][info ][gc,marking    ] GC(14) Concurrent Mark
[1.494s][info ][gc,marking    ] GC(14) Concurrent Mark From Roots
[1.494s][info ][gc,task       ] GC(14) Using 3 workers of 3 for marking
[1.526s][info ][gc,marking    ] GC(14) Concurrent Mark From Roots 32.687ms
[1.526s][info ][gc,marking    ] GC(14) Concurrent Preclean
[1.527s][info ][gc,marking    ] GC(14) Concurrent Preclean 0.119ms
[1.527s][info ][gc,start      ] GC(14) Pause Remark
[1.580s][debug][gc,ergo       ] GC(14) Running G1 Update RemSet Tracking Before Rebuild using 3 workers for 1024 regions in heap
[1.586s][info ][gc            ] GC(14) Pause Remark 661M->541M(1024M) 58.773ms
[1.586s][info ][gc,cpu        ] GC(14) User=0.10s Sys=0.00s Real=0.06s
[1.586s][info ][safepoint     ] Safepoint "G1PauseRemark", Time since last: 41321410 ns, Reaching safepoint: 384800 ns, Cleanup: 3900 ns, At safepoint: 58843314 ns, Total: 59232014 ns
[1.586s][info ][gc,marking    ] GC(14) Concurrent Mark 92.172ms
[1.586s][info ][gc,marking    ] GC(14) Concurrent Rebuild Remembered Sets
[1.593s][info ][gc,marking    ] GC(14) Concurrent Rebuild Remembered Sets 7.065ms
[1.593s][info ][gc,start      ] GC(14) Pause Cleanup
[1.594s][debug][gc,ergo,cset  ] GC(14) Pruned 106 regions out of 348, leaving 52963144 bytes waste (allowed 53687091)
[1.594s][info ][gc            ] GC(14) Pause Cleanup 592M->592M(1024M) 0.935ms
[1.594s][info ][gc,cpu        ] GC(14) User=0.00s Sys=0.00s Real=0.00s
[1.594s][info ][safepoint     ] Safepoint "G1PauseCleanup", Time since last: 7288602 ns, Reaching safepoint: 149600 ns, Cleanup: 6200 ns, At safepoint: 973900 ns, Total: 1129700 ns
[1.594s][info ][gc,marking    ] GC(14) Concurrent Cleanup for Next Mark
[1.594s][debug][gc,ergo       ] GC(14) Running G1 Clear Bitmap with 3 workers for 16 work units.
[1.601s][info ][gc,marking    ] GC(14) Concurrent Cleanup for Next Mark 7.010ms
[1.601s][info ][gc            ] GC(14) Concurrent Mark Cycle 116.028ms
[1.611s][debug][gc,heap       ] GC(15) Heap before GC invocations=15 (full 0):
[1.611s][debug][gc,heap       ] GC(15)  garbage-first heap   total 1048576K, used 630260K [0x00000000c0000000, 0x0000000100000000)
[1.611s][debug][gc,heap       ] GC(15)   region size 1024K, 197 young (201728K), 28 survivors (28672K)
[1.611s][debug][gc,heap       ] GC(15)  Metaspace       used 6340K, committed 6464K, reserved 1114112K
[1.611s][debug][gc,heap       ] GC(15)   class space    used 546K, committed 640K, reserved 1048576K
[1.611s][info ][gc,start      ] GC(15) Pause Young (Prepare Mixed) (G1 Evacuation Pause)
[1.611s][info ][gc,task       ] GC(15) Using 10 workers of 10 for evacuation
[1.611s][trace][gc,ergo,cset  ] GC(15) Start choosing CSet. Pending cards: 53 target pause time: 200.00ms
[1.611s][trace][gc,ergo,cset  ] GC(15) Added young regions to CSet. Eden: 169 regions, Survivors: 28 regions, predicted eden time: 108.98ms, predicted base time: 8.10ms, target pause time: 200.00ms, remaining time: 82.92ms
[1.612s][debug][gc,ergo       ] GC(15) Running G1 Merge Heap Roots using 10 workers for 197 regions
[1.678s][debug][gc,ergo       ] GC(15) Running G1 Rebuild Free List Task using 10 workers for rebuilding free list of regions
[1.679s][debug][gc,ergo,heap  ] GC(15) Heap expansion: short term pause time ratio 10.79% long term pause time ratio 53.22% threshold 7.69% pause time ratio 7.69% fully expanded true resize by 0B
[1.679s][debug][gc,ergo,refine] GC(15) Concurrent refinement times: Logged Cards Scan time goal: 20.00ms Logged Cards Scan time: 0.02ms HCC time: 0.00ms
[1.679s][trace][gc,ergo,refine] GC(15) Updating Refinement Zones: logged cards scan time: 0.020ms, processed cards: 28, goal time: 19.999ms
[1.679s][debug][gc,ergo,refine] GC(15) Updated Refinement Zones: green: 2560, yellow: 7680, red: 12800
[1.679s][info ][gc,phases     ] GC(15)   Pre Evacuate Collection Set: 0.3ms
[1.679s][info ][gc,phases     ] GC(15)   Merge Heap Roots: 0.2ms
[1.679s][info ][gc,phases     ] GC(15)   Evacuate Collection Set: 66.2ms
[1.679s][info ][gc,phases     ] GC(15)   Post Evacuate Collection Set: 0.8ms
[1.679s][info ][gc,phases     ] GC(15)   Other: 0.3ms
[1.679s][info ][gc,heap       ] GC(15) Eden regions: 169->0(26)
[1.679s][info ][gc,heap       ] GC(15) Survivor regions: 28->25(25)
[1.679s][info ][gc,heap       ] GC(15) Old regions: 420->484
[1.679s][info ][gc,heap       ] GC(15) Archive regions: 0->0
[1.679s][info ][gc,heap       ] GC(15) Humongous regions: 0->0
[1.679s][info ][gc,metaspace  ] GC(15) Metaspace: 6340K(6464K)->6340K(6464K) NonClass: 5793K(5824K)->5793K(5824K) Class: 546K(640K)->546K(640K)
[1.679s][debug][gc,heap       ] GC(15) Heap after GC invocations=16 (full 0):
[1.679s][debug][gc,heap       ] GC(15)  garbage-first heap   total 1048576K, used 520392K [0x00000000c0000000, 0x0000000100000000)
[1.679s][debug][gc,heap       ] GC(15)   region size 1024K, 25 young (25600K), 25 survivors (25600K)
[1.679s][debug][gc,heap       ] GC(15)  Metaspace       used 6340K, committed 6464K, reserved 1114112K
[1.679s][debug][gc,heap       ] GC(15)   class space    used 546K, committed 640K, reserved 1048576K
[1.679s][info ][gc            ] GC(15) Pause Young (Prepare Mixed) (G1 Evacuation Pause) 616M->508M(1024M) 67.613ms
[1.679s][info ][gc,cpu        ] GC(15) User=0.66s Sys=0.00s Real=0.07s
[1.679s][info ][safepoint     ] Safepoint "G1CollectForAllocation", Time since last: 16771005 ns, Reaching safepoint: 3600 ns, Cleanup: 3800 ns, At safepoint: 67802916 ns, Total: 67810316 ns
[1.682s][debug][gc,heap       ] GC(16) Heap before GC invocations=16 (full 0):
[1.682s][debug][gc,heap       ] GC(16)  garbage-first heap   total 1048576K, used 545992K [0x00000000c0000000, 0x0000000100000000)
[1.682s][debug][gc,heap       ] GC(16)   region size 1024K, 51 young (52224K), 25 survivors (25600K)
[1.682s][debug][gc,heap       ] GC(16)  Metaspace       used 6340K, committed 6464K, reserved 1114112K
[1.682s][debug][gc,heap       ] GC(16)   class space    used 546K, committed 640K, reserved 1048576K
[1.682s][info ][gc,start      ] GC(16) Pause Young (Mixed) (G1 Evacuation Pause)
[1.682s][info ][gc,task       ] GC(16) Using 10 workers of 10 for evacuation
[1.682s][trace][gc,ergo,cset  ] GC(16) Start choosing CSet. Pending cards: 41 target pause time: 200.00ms
[1.682s][trace][gc,ergo,cset  ] GC(16) Added young regions to CSet. Eden: 26 regions, Survivors: 25 regions, predicted eden time: 18.41ms, predicted base time: 7.44ms, target pause time: 200.00ms, remaining time: 174.14ms
[1.682s][debug][gc,ergo,cset  ] GC(16) Start adding old regions to collection set. Min 31 regions, max 103 regions, time remaining 174.14ms, optional threshold 34.83ms
[1.682s][debug][gc,ergo,cset  ] GC(16) Finish adding old regions to collection set (Maximum number of regions). Initial 103 regions, optional 0 regions
[1.682s][debug][gc,ergo,cset  ] GC(16) Finish choosing collection set old regions. Initial: 103, optional: 0, predicted old time: 0.00ms, predicted optional time: 0.00ms, time remaining: 100.94
[1.683s][debug][gc,ergo       ] GC(16) Running G1 Merge Heap Roots using 10 workers for 154 regions
[1.705s][debug][gc,ergo       ] GC(16) Running G1 Rebuild Free List Task using 10 workers for rebuilding free list of regions
[1.706s][debug][gc,ergo,heap  ] GC(16) Heap expansion: short term pause time ratio 79.87% long term pause time ratio 53.68% threshold 7.69% pause time ratio 7.69% fully expanded true resize by 0B
[1.706s][debug][gc,ergo,refine] GC(16) Concurrent refinement times: Logged Cards Scan time goal: 20.00ms Logged Cards Scan time: 0.04ms HCC time: 0.00ms
[1.706s][trace][gc,ergo,refine] GC(16) Updating Refinement Zones: logged cards scan time: 0.040ms, processed cards: 20, goal time: 19.999ms
[1.706s][debug][gc,ergo,refine] GC(16) Updated Refinement Zones: green: 2560, yellow: 7680, red: 12800
[1.706s][info ][gc,phases     ] GC(16)   Pre Evacuate Collection Set: 0.7ms
[1.706s][info ][gc,phases     ] GC(16)   Merge Heap Roots: 0.2ms
[1.706s][info ][gc,phases     ] GC(16)   Evacuate Collection Set: 19.6ms
[1.706s][info ][gc,phases     ] GC(16)   Post Evacuate Collection Set: 3.2ms
[1.706s][info ][gc,phases     ] GC(16)   Other: 0.2ms
[1.706s][info ][gc,heap       ] GC(16) Eden regions: 26->0(44)
[1.706s][info ][gc,heap       ] GC(16) Survivor regions: 25->7(7)
[1.706s][info ][gc,heap       ] GC(16) Old regions: 484->416
[1.706s][info ][gc,heap       ] GC(16) Archive regions: 0->0
[1.706s][info ][gc,heap       ] GC(16) Humongous regions: 0->0
[1.706s][info ][gc,metaspace  ] GC(16) Metaspace: 6340K(6464K)->6340K(6464K) NonClass: 5793K(5824K)->5793K(5824K) Class: 546K(640K)->546K(640K)
[1.706s][debug][gc,heap       ] GC(16) Heap after GC invocations=17 (full 0):
[1.706s][debug][gc,heap       ] GC(16)  garbage-first heap   total 1048576K, used 432828K [0x00000000c0000000, 0x0000000100000000)
[1.706s][debug][gc,heap       ] GC(16)   region size 1024K, 7 young (7168K), 7 survivors (7168K)
[1.706s][debug][gc,heap       ] GC(16)  Metaspace       used 6340K, committed 6464K, reserved 1114112K
[1.706s][debug][gc,heap       ] GC(16)   class space    used 546K, committed 640K, reserved 1048576K
[1.706s][info ][gc            ] GC(16) Pause Young (Mixed) (G1 Evacuation Pause) 534M->422M(1024M) 23.872ms
[1.706s][info ][gc,cpu        ] GC(16) User=0.20s Sys=0.00s Real=0.03s
[1.706s][info ][safepoint     ] Safepoint "G1CollectForAllocation", Time since last: 2804301 ns, Reaching safepoint: 5400 ns, Cleanup: 5400 ns, At safepoint: 23966705 ns, Total: 23977505 ns
[1.710s][debug][gc,heap       ] GC(17) Heap before GC invocations=17 (full 0):
[1.710s][debug][gc,heap       ] GC(17)  garbage-first heap   total 1048576K, used 476860K [0x00000000c0000000, 0x0000000100000000)
[1.710s][debug][gc,heap       ] GC(17)   region size 1024K, 51 young (52224K), 7 survivors (7168K)
[1.710s][debug][gc,heap       ] GC(17)  Metaspace       used 6340K, committed 6464K, reserved 1114112K
[1.710s][debug][gc,heap       ] GC(17)   class space    used 546K, committed 640K, reserved 1048576K
[1.710s][info ][gc,start      ] GC(17) Pause Young (Mixed) (G1 Evacuation Pause)
[1.710s][info ][gc,task       ] GC(17) Using 10 workers of 10 for evacuation
[1.710s][trace][gc,ergo,cset  ] GC(17) Start choosing CSet. Pending cards: 65 target pause time: 200.00ms
[1.710s][trace][gc,ergo,cset  ] GC(17) Added young regions to CSet. Eden: 44 regions, Survivors: 7 regions, predicted eden time: 25.72ms, predicted base time: 6.93ms, target pause time: 200.00ms, remaining time: 167.35ms
[1.710s][debug][gc,ergo,cset  ] GC(17) Start adding old regions to collection set. Min 31 regions, max 103 regions, time remaining 167.35ms, optional threshold 33.47ms
[1.710s][debug][gc,ergo,cset  ] GC(17) Finish adding old regions to collection set (Maximum number of regions). Initial 103 regions, optional 0 regions
[1.710s][debug][gc,ergo,cset  ] GC(17) Finish choosing collection set old regions. Initial: 103, optional: 0, predicted old time: 0.00ms, predicted optional time: 0.00ms, time remaining: 110.11
[1.710s][debug][gc,ergo       ] GC(17) Running G1 Merge Heap Roots using 10 workers for 154 regions
[1.734s][debug][gc,ergo       ] GC(17) Running G1 Rebuild Free List Task using 10 workers for rebuilding free list of regions
[1.734s][debug][gc,ergo,heap  ] GC(17) Heap expansion: short term pause time ratio 88.45% long term pause time ratio 57.51% threshold 7.69% pause time ratio 7.69% fully expanded true resize by 0B
[1.734s][debug][gc,ergo,refine] GC(17) Concurrent refinement times: Logged Cards Scan time goal: 20.00ms Logged Cards Scan time: 0.01ms HCC time: 0.00ms
[1.734s][trace][gc,ergo,refine] GC(17) Updating Refinement Zones: logged cards scan time: 0.014ms, processed cards: 48, goal time: 19.999ms
[1.734s][debug][gc,ergo,refine] GC(17) Updated Refinement Zones: green: 2560, yellow: 7680, red: 12800
[1.734s][info ][gc,phases     ] GC(17)   Pre Evacuate Collection Set: 0.4ms
[1.734s][info ][gc,phases     ] GC(17)   Merge Heap Roots: 0.2ms
[1.734s][info ][gc,phases     ] GC(17)   Evacuate Collection Set: 21.1ms
[1.734s][info ][gc,phases     ] GC(17)   Post Evacuate Collection Set: 2.6ms
[1.734s][info ][gc,phases     ] GC(17)   Other: 0.2ms
[1.734s][info ][gc,heap       ] GC(17) Eden regions: 44->0(44)
[1.734s][info ][gc,heap       ] GC(17) Survivor regions: 7->7(7)
[1.734s][info ][gc,heap       ] GC(17) Old regions: 416->345
[1.734s][info ][gc,heap       ] GC(17) Archive regions: 0->0
[1.734s][info ][gc,heap       ] GC(17) Humongous regions: 0->0
[1.734s][info ][gc,metaspace  ] GC(17) Metaspace: 6340K(6464K)->6340K(6464K) NonClass: 5793K(5824K)->5793K(5824K) Class: 546K(640K)->546K(640K)
[1.734s][debug][gc,heap       ] GC(17) Heap after GC invocations=18 (full 0):
[1.734s][debug][gc,heap       ] GC(17)  garbage-first heap   total 1048576K, used 359524K [0x00000000c0000000, 0x0000000100000000)
[1.734s][debug][gc,heap       ] GC(17)   region size 1024K, 7 young (7168K), 7 survivors (7168K)
[1.734s][debug][gc,heap       ] GC(17)  Metaspace       used 6340K, committed 6464K, reserved 1114112K
[1.734s][debug][gc,heap       ] GC(17)   class space    used 546K, committed 640K, reserved 1048576K
[1.734s][info ][gc            ] GC(17) Pause Young (Mixed) (G1 Evacuation Pause) 466M->351M(1024M) 24.466ms
[1.734s][info ][gc,cpu        ] GC(17) User=0.21s Sys=0.00s Real=0.03s
[1.734s][info ][safepoint     ] Safepoint "G1CollectForAllocation", Time since last: 3813401 ns, Reaching safepoint: 5200 ns, Cleanup: 4900 ns, At safepoint: 24568506 ns, Total: 24578606 ns
[1.737s][debug][gc,heap       ] GC(18) Heap before GC invocations=18 (full 0):
[1.737s][debug][gc,heap       ] GC(18)  garbage-first heap   total 1048576K, used 403556K [0x00000000c0000000, 0x0000000100000000)
[1.737s][debug][gc,heap       ] GC(18)   region size 1024K, 51 young (52224K), 7 survivors (7168K)
[1.737s][debug][gc,heap       ] GC(18)  Metaspace       used 6340K, committed 6464K, reserved 1114112K
[1.737s][debug][gc,heap       ] GC(18)   class space    used 546K, committed 640K, reserved 1048576K
[1.737s][info ][gc,start      ] GC(18) Pause Young (Mixed) (G1 Evacuation Pause)
[1.737s][info ][gc,task       ] GC(18) Using 10 workers of 10 for evacuation
[1.737s][trace][gc,ergo,cset  ] GC(18) Start choosing CSet. Pending cards: 30 target pause time: 200.00ms
[1.737s][trace][gc,ergo,cset  ] GC(18) Added young regions to CSet. Eden: 44 regions, Survivors: 7 regions, predicted eden time: 23.01ms, predicted base time: 6.20ms, target pause time: 200.00ms, remaining time: 170.78ms
[1.737s][debug][gc,ergo,cset  ] GC(18) Start adding old regions to collection set. Min 31 regions, max 103 regions, time remaining 170.78ms, optional threshold 34.16ms
[1.737s][debug][gc,ergo,cset  ] GC(18) Old candidate collection set empty.
[1.737s][debug][gc,ergo,cset  ] GC(18) Finish choosing collection set old regions. Initial: 36, optional: 0, predicted old time: 0.00ms, predicted optional time: 0.00ms, time remaining: 153.00
[1.738s][debug][gc,ergo       ] GC(18) Running G1 Merge Heap Roots using 10 workers for 87 regions
[1.753s][debug][gc,ergo       ] GC(18) Running G1 Rebuild Free List Task using 10 workers for rebuilding free list of regions
[1.753s][debug][gc,ergo,heap  ] GC(18) Heap expansion: short term pause time ratio 85.80% long term pause time ratio 57.88% threshold 7.69% pause time ratio 7.69% fully expanded true resize by 0B
[1.753s][debug][gc,ergo       ] GC(18) do not continue mixed GCs (candidate old regions not available)
[1.753s][debug][gc,ergo,refine] GC(18) Concurrent refinement times: Logged Cards Scan time goal: 20.00ms Logged Cards Scan time: 0.01ms HCC time: 0.00ms
[1.753s][trace][gc,ergo,refine] GC(18) Updating Refinement Zones: logged cards scan time: 0.009ms, processed cards: 19, goal time: 19.999ms
[1.753s][debug][gc,ergo,refine] GC(18) Updated Refinement Zones: green: 2560, yellow: 7680, red: 12800
[1.753s][info ][gc,phases     ] GC(18)   Pre Evacuate Collection Set: 0.4ms
[1.753s][info ][gc,phases     ] GC(18)   Merge Heap Roots: 0.2ms
[1.753s][info ][gc,phases     ] GC(18)   Evacuate Collection Set: 14.2ms
[1.753s][info ][gc,phases     ] GC(18)   Post Evacuate Collection Set: 1.3ms
[1.753s][info ][gc,phases     ] GC(18)   Other: 0.2ms
[1.753s][info ][gc,heap       ] GC(18) Eden regions: 44->0(282)
[1.753s][info ][gc,heap       ] GC(18) Survivor regions: 7->7(7)
[1.753s][info ][gc,heap       ] GC(18) Old regions: 345->333
[1.753s][info ][gc,heap       ] GC(18) Archive regions: 0->0
[1.753s][info ][gc,heap       ] GC(18) Humongous regions: 0->0
[1.753s][info ][gc,metaspace  ] GC(18) Metaspace: 6340K(6464K)->6340K(6464K) NonClass: 5793K(5824K)->5793K(5824K) Class: 546K(640K)->546K(640K)
[1.753s][debug][gc,heap       ] GC(18) Heap after GC invocations=19 (full 0):
[1.753s][debug][gc,heap       ] GC(18)  garbage-first heap   total 1048576K, used 347336K [0x00000000c0000000, 0x0000000100000000)
[1.753s][debug][gc,heap       ] GC(18)   region size 1024K, 7 young (7168K), 7 survivors (7168K)
[1.753s][debug][gc,heap       ] GC(18)  Metaspace       used 6340K, committed 6464K, reserved 1114112K
[1.753s][debug][gc,heap       ] GC(18)   class space    used 546K, committed 640K, reserved 1048576K
[1.753s][info ][gc            ] GC(18) Pause Young (Mixed) (G1 Evacuation Pause) 395M->339M(1024M) 16.134ms
[1.753s][info ][gc,cpu        ] GC(18) User=0.13s Sys=0.00s Real=0.02s
[1.753s][info ][safepoint     ] Safepoint "G1CollectForAllocation", Time since last: 3159301 ns, Reaching safepoint: 4600 ns, Cleanup: 6200 ns, At safepoint: 16225104 ns, Total: 16235904 ns
[1.832s][debug][gc,heap       ] GC(19) Heap before GC invocations=19 (full 0):
[1.832s][debug][gc,heap       ] GC(19)  garbage-first heap   total 1048576K, used 635080K [0x00000000c0000000, 0x0000000100000000)
[1.832s][debug][gc,heap       ] GC(19)   region size 1024K, 289 young (295936K), 7 survivors (7168K)
[1.832s][debug][gc,heap       ] GC(19)  Metaspace       used 6340K, committed 6464K, reserved 1114112K
[1.832s][debug][gc,heap       ] GC(19)   class space    used 546K, committed 640K, reserved 1048576K
[1.832s][info ][gc,start      ] GC(19) Pause Young (Normal) (G1 Evacuation Pause)
[1.832s][info ][gc,task       ] GC(19) Using 10 workers of 10 for evacuation
[1.832s][trace][gc,ergo,cset  ] GC(19) Start choosing CSet. Pending cards: 36 target pause time: 200.00ms
[1.832s][trace][gc,ergo,cset  ] GC(19) Added young regions to CSet. Eden: 282 regions, Survivors: 7 regions, predicted eden time: 1.73ms, predicted base time: 5.32ms, target pause time: 200.00ms, remaining time: 192.95ms
[1.832s][debug][gc,ergo       ] GC(19) Running G1 Merge Heap Roots using 10 workers for 289 regions
[1.957s][debug][gc,ergo       ] GC(19) Running G1 Rebuild Free List Task using 10 workers for rebuilding free list of regions
[1.957s][debug][gc,ergo,heap  ] GC(19) Heap expansion: short term pause time ratio 82.45% long term pause time ratio 57.41% threshold 7.69% pause time ratio 7.69% fully expanded true resize by 0B
[1.957s][debug][gc,ergo,refine] GC(19) Concurrent refinement times: Logged Cards Scan time goal: 20.00ms Logged Cards Scan time: 0.02ms HCC time: 0.00ms
[1.957s][trace][gc,ergo,refine] GC(19) Updating Refinement Zones: logged cards scan time: 0.021ms, processed cards: 27, goal time: 20.000ms
[1.957s][debug][gc,ergo,refine] GC(19) Updated Refinement Zones: green: 2560, yellow: 7680, red: 12800
[1.957s][info ][gc,phases     ] GC(19)   Pre Evacuate Collection Set: 0.2ms
[1.957s][info ][gc,phases     ] GC(19)   Merge Heap Roots: 0.5ms
[1.957s][info ][gc,phases     ] GC(19)   Evacuate Collection Set: 123.1ms
[1.957s][info ][gc,phases     ] GC(19)   Post Evacuate Collection Set: 0.7ms
[1.957s][info ][gc,phases     ] GC(19)   Other: 0.4ms
[1.957s][info ][gc,heap       ] GC(19) Eden regions: 282->0(238)
[1.957s][info ][gc,heap       ] GC(19) Survivor regions: 7->37(37)
[1.957s][info ][gc,heap       ] GC(19) Old regions: 333->400
[1.957s][info ][gc,heap       ] GC(19) Archive regions: 0->0
[1.957s][info ][gc,heap       ] GC(19) Humongous regions: 0->0
[1.957s][info ][gc,metaspace  ] GC(19) Metaspace: 6340K(6464K)->6340K(6464K) NonClass: 5793K(5824K)->5793K(5824K) Class: 546K(640K)->546K(640K)
[1.957s][debug][gc,heap       ] GC(19) Heap after GC invocations=20 (full 0):
[1.957s][debug][gc,heap       ] GC(19)  garbage-first heap   total 1048576K, used 446864K [0x00000000c0000000, 0x0000000100000000)
[1.957s][debug][gc,heap       ] GC(19)   region size 1024K, 37 young (37888K), 37 survivors (37888K)
[1.957s][debug][gc,heap       ] GC(19)  Metaspace       used 6340K, committed 6464K, reserved 1114112K
[1.957s][debug][gc,heap       ] GC(19)   class space    used 546K, committed 640K, reserved 1048576K
[1.957s][info ][gc            ] GC(19) Pause Young (Normal) (G1 Evacuation Pause) 621M->436M(1024M) 124.914ms
[1.957s][info ][gc,cpu        ] GC(19) User=1.19s Sys=0.00s Real=0.13s
[1.957s][info ][safepoint     ] Safepoint "G1CollectForAllocation", Time since last: 78373019 ns, Reaching safepoint: 4400 ns, Cleanup: 4300 ns, At safepoint: 125035330 ns, Total: 125044030 ns
[1.986s][debug][gc,heap       ] GC(20) Heap before GC invocations=20 (full 0):
[1.986s][debug][gc,heap       ] GC(20)  garbage-first heap   total 1048576K, used 689552K [0x00000000c0000000, 0x0000000100000000)
[1.986s][debug][gc,heap       ] GC(20)   region size 1024K, 275 young (281600K), 37 survivors (37888K)
[1.986s][debug][gc,heap       ] GC(20)  Metaspace       used 6340K, committed 6464K, reserved 1114112K
[1.986s][debug][gc,heap       ] GC(20)   class space    used 546K, committed 640K, reserved 1048576K
[1.986s][info ][gc,start      ] GC(20) Pause Young (Normal) (G1 Evacuation Pause)
[1.986s][info ][gc,task       ] GC(20) Using 10 workers of 10 for evacuation
[1.986s][trace][gc,ergo,cset  ] GC(20) Start choosing CSet. Pending cards: 39 target pause time: 200.00ms
[1.986s][trace][gc,ergo,cset  ] GC(20) Added young regions to CSet. Eden: 238 regions, Survivors: 37 regions, predicted eden time: 113.05ms, predicted base time: 4.35ms, target pause time: 200.00ms, remaining time: 82.60ms
[1.986s][debug][gc,ergo       ] GC(20) Running G1 Merge Heap Roots using 10 workers for 275 regions
[2.026s][debug][gc,ergo       ] GC(20) Running G1 Rebuild Free List Task using 10 workers for rebuilding free list of regions
[2.026s][debug][gc,ergo,heap  ] GC(20) Heap expansion: short term pause time ratio 61.35% long term pause time ratio 55.59% threshold 7.69% pause time ratio 7.69% fully expanded true resize by 0B
[2.026s][debug][gc,ergo,ihop  ] GC(20) Request concurrent cycle initiation (occupancy higher than threshold) occupancy: 495976448B allocation request: 0B threshold: 483183820B (45.00) source: end of GC
[2.049s][debug][gc,ergo,refine] GC(20) Concurrent refinement times: Logged Cards Scan time goal: 20.00ms Logged Cards Scan time: 0.12ms HCC time: 0.00ms
[2.049s][trace][gc,ergo,refine] GC(20) Updating Refinement Zones: logged cards scan time: 0.122ms, processed cards: 19, goal time: 19.999ms
[2.049s][debug][gc,ergo,refine] GC(20) Updated Refinement Zones: green: 2560, yellow: 7680, red: 12800
[2.049s][info ][gc,phases     ] GC(20)   Pre Evacuate Collection Set: 0.2ms
[2.049s][info ][gc,phases     ] GC(20)   Merge Heap Roots: 0.2ms
[2.049s][info ][gc,phases     ] GC(20)   Evacuate Collection Set: 38.9ms
[2.049s][info ][gc,phases     ] GC(20)   Post Evacuate Collection Set: 0.7ms
[2.049s][info ][gc,phases     ] GC(20)   Other: 23.2ms
[2.049s][info ][gc,heap       ] GC(20) Eden regions: 238->0(208)
[2.049s][info ][gc,heap       ] GC(20) Survivor regions: 37->35(35)
[2.049s][info ][gc,heap       ] GC(20) Old regions: 400->473
[2.049s][info ][gc,heap       ] GC(20) Archive regions: 0->0
[2.049s][info ][gc,heap       ] GC(20) Humongous regions: 0->0
[2.049s][info ][gc,metaspace  ] GC(20) Metaspace: 6340K(6464K)->6340K(6464K) NonClass: 5793K(5824K)->5793K(5824K) Class: 546K(640K)->546K(640K)
[2.049s][debug][gc,heap       ] GC(20) Heap after GC invocations=21 (full 0):
[2.049s][debug][gc,heap       ] GC(20)  garbage-first heap   total 1048576K, used 519268K [0x00000000c0000000, 0x0000000100000000)
[2.049s][debug][gc,heap       ] GC(20)   region size 1024K, 35 young (35840K), 35 survivors (35840K)
[2.049s][debug][gc,heap       ] GC(20)  Metaspace       used 6340K, committed 6464K, reserved 1114112K
[2.049s][debug][gc,heap       ] GC(20)   class space    used 546K, committed 640K, reserved 1048576K
[2.049s][info ][gc            ] GC(20) Pause Young (Normal) (G1 Evacuation Pause) 674M->507M(1024M) 63.191ms
[2.049s][info ][gc,cpu        ] GC(20) User=0.38s Sys=0.00s Real=0.06s
[2.049s][info ][safepoint     ] Safepoint "G1CollectForAllocation", Time since last: 28641207 ns, Reaching safepoint: 6600 ns, Cleanup: 6400 ns, At safepoint: 63372015 ns, Total: 63385015 ns
[2.076s][debug][gc,heap       ] GC(21) Heap before GC invocations=21 (full 0):
[2.076s][debug][gc,heap       ] GC(21)  garbage-first heap   total 1048576K, used 731236K [0x00000000c0000000, 0x0000000100000000)
[2.076s][debug][gc,heap       ] GC(21)   region size 1024K, 243 young (248832K), 35 survivors (35840K)
[2.076s][debug][gc,heap       ] GC(21)  Metaspace       used 6340K, committed 6464K, reserved 1114112K
[2.076s][debug][gc,heap       ] GC(21)   class space    used 546K, committed 640K, reserved 1048576K
[2.076s][debug][gc,ergo       ] GC(21) Initiate concurrent cycle (concurrent cycle initiation requested)
[2.076s][info ][gc,start      ] GC(21) Pause Young (Concurrent Start) (G1 Evacuation Pause)
[2.076s][info ][gc,task       ] GC(21) Using 10 workers of 10 for evacuation
[2.076s][trace][gc,ergo,cset  ] GC(21) Start choosing CSet. Pending cards: 52 target pause time: 200.00ms
[2.076s][trace][gc,ergo,cset  ] GC(21) Added young regions to CSet. Eden: 208 regions, Survivors: 35 regions, predicted eden time: 80.95ms, predicted base time: 3.67ms, target pause time: 200.00ms, remaining time: 115.39ms
[2.076s][debug][gc,ergo       ] GC(21) Running G1 Merge Heap Roots using 10 workers for 243 regions
[2.173s][debug][gc,ergo       ] GC(21) Running G1 Rebuild Free List Task using 10 workers for rebuilding free list of regions
[2.174s][debug][gc,ergo,heap  ] GC(21) Heap expansion: short term pause time ratio 58.11% long term pause time ratio 54.41% threshold 7.69% pause time ratio 7.69% fully expanded true resize by 0B
[2.174s][debug][gc,ergo,refine] GC(21) Concurrent refinement times: Logged Cards Scan time goal: 20.00ms Logged Cards Scan time: 0.30ms HCC time: 0.00ms
[2.174s][trace][gc,ergo,refine] GC(21) Updating Refinement Zones: logged cards scan time: 0.302ms, processed cards: 29, goal time: 19.999ms
[2.174s][debug][gc,ergo,refine] GC(21) Updated Refinement Zones: green: 2560, yellow: 7680, red: 12800
[2.174s][info ][gc,phases     ] GC(21)   Pre Evacuate Collection Set: 0.3ms
[2.174s][info ][gc,phases     ] GC(21)   Merge Heap Roots: 0.2ms
[2.174s][info ][gc,phases     ] GC(21)   Evacuate Collection Set: 96.2ms
[2.174s][info ][gc,phases     ] GC(21)   Post Evacuate Collection Set: 0.7ms
[2.174s][info ][gc,phases     ] GC(21)   Other: 0.3ms
[2.174s][info ][gc,heap       ] GC(21) Eden regions: 208->0(171)
[2.174s][info ][gc,heap       ] GC(21) Survivor regions: 35->31(31)
[2.174s][info ][gc,heap       ] GC(21) Old regions: 473->544
[2.174s][info ][gc,heap       ] GC(21) Archive regions: 0->0
[2.174s][info ][gc,heap       ] GC(21) Humongous regions: 0->0
[2.174s][info ][gc,metaspace  ] GC(21) Metaspace: 6340K(6464K)->6340K(6464K) NonClass: 5793K(5824K)->5793K(5824K) Class: 546K(640K)->546K(640K)
[2.174s][debug][gc,heap       ] GC(21) Heap after GC invocations=22 (full 0):
[2.174s][debug][gc,heap       ] GC(21)  garbage-first heap   total 1048576K, used 588576K [0x00000000c0000000, 0x0000000100000000)
[2.174s][debug][gc,heap       ] GC(21)   region size 1024K, 31 young (31744K), 31 survivors (31744K)
[2.174s][debug][gc,heap       ] GC(21)  Metaspace       used 6340K, committed 6464K, reserved 1114112K
[2.174s][debug][gc,heap       ] GC(21)   class space    used 546K, committed 640K, reserved 1048576K
[2.174s][info ][gc            ] GC(21) Pause Young (Concurrent Start) (G1 Evacuation Pause) 715M->574M(1024M) 98.361ms
[2.174s][info ][gc,cpu        ] GC(21) User=0.64s Sys=0.06s Real=0.10s
[2.174s][info ][safepoint     ] Safepoint "G1CollectForAllocation", Time since last: 27028907 ns, Reaching safepoint: 7200 ns, Cleanup: 8100 ns, At safepoint: 98552924 ns, Total: 98568224 ns
[2.175s][info ][gc            ] GC(22) Concurrent Mark Cycle
[2.175s][info ][gc,marking    ] GC(22) Concurrent Clear Claimed Marks
[2.175s][info ][gc,marking    ] GC(22) Concurrent Clear Claimed Marks 0.009ms
[2.175s][info ][gc,marking    ] GC(22) Concurrent Scan Root Regions
[2.175s][debug][gc,ergo       ] GC(22) Running G1 Root Region Scan using 3 workers for 103 work units.
[2.175s][info ][gc,marking    ] GC(22) Concurrent Scan Root Regions 0.193ms
[2.175s][info ][gc,marking    ] GC(22) Concurrent Mark
[2.175s][info ][gc,marking    ] GC(22) Concurrent Mark From Roots
[2.175s][info ][gc,task       ] GC(22) Using 3 workers of 3 for marking
[2.178s][info ][gc,marking    ] GC(22) Concurrent Mark From Roots 3.526ms
[2.178s][info ][gc,marking    ] GC(22) Concurrent Preclean
[2.178s][info ][gc,marking    ] GC(22) Concurrent Preclean 0.052ms
[2.179s][info ][gc,start      ] GC(22) Pause Remark
[2.179s][debug][gc,ergo       ] GC(22) Running G1 Update RemSet Tracking Before Rebuild using 3 workers for 1024 regions in heap
[2.183s][info ][gc            ] GC(22) Pause Remark 598M->463M(1024M) 4.102ms
[2.183s][info ][gc,cpu        ] GC(22) User=0.00s Sys=0.01s Real=0.00s
[2.183s][info ][safepoint     ] Safepoint "G1PauseRemark", Time since last: 3998601 ns, Reaching safepoint: 6700 ns, Cleanup: 9400 ns, At safepoint: 4147501 ns, Total: 4163601 ns
[2.183s][info ][gc,marking    ] GC(22) Concurrent Mark 7.969ms
[2.183s][info ][gc,marking    ] GC(22) Concurrent Rebuild Remembered Sets
[2.188s][info ][gc,marking    ] GC(22) Concurrent Rebuild Remembered Sets 5.349ms
[2.188s][info ][gc,start      ] GC(22) Pause Cleanup
[2.190s][debug][gc,ergo,cset  ] GC(22) Pruned 108 regions out of 335, leaving 53445856 bytes waste (allowed 53687091)
[2.190s][info ][gc            ] GC(22) Pause Cleanup 511M->511M(1024M) 1.441ms
[2.190s][info ][gc,cpu        ] GC(22) User=0.00s Sys=0.00s Real=0.00s
[2.190s][info ][safepoint     ] Safepoint "G1PauseCleanup", Time since last: 5605901 ns, Reaching safepoint: 93300 ns, Cleanup: 4800 ns, At safepoint: 1482600 ns, Total: 1580700 ns
[2.190s][info ][gc,marking    ] GC(22) Concurrent Cleanup for Next Mark
[2.190s][debug][gc,ergo       ] GC(22) Running G1 Clear Bitmap with 3 workers for 16 work units.
[2.206s][debug][gc,heap       ] GC(23) Heap before GC invocations=23 (full 0):
[2.206s][debug][gc,heap       ] GC(23)  garbage-first heap   total 1048576K, used 624416K [0x00000000c0000000, 0x0000000100000000)
[2.206s][debug][gc,heap       ] GC(23)   region size 1024K, 202 young (206848K), 31 survivors (31744K)
[2.206s][debug][gc,heap       ] GC(23)  Metaspace       used 6340K, committed 6464K, reserved 1114112K
[2.206s][debug][gc,heap       ] GC(23)   class space    used 546K, committed 640K, reserved 1048576K
[2.206s][info ][gc,start      ] GC(23) Pause Young (Prepare Mixed) (G1 Evacuation Pause)
[2.206s][info ][gc,task       ] GC(23) Using 10 workers of 10 for evacuation
[2.206s][trace][gc,ergo,cset  ] GC(23) Start choosing CSet. Pending cards: 71 target pause time: 200.00ms
[2.206s][trace][gc,ergo,cset  ] GC(23) Added young regions to CSet. Eden: 171 regions, Survivors: 31 regions, predicted eden time: 66.51ms, predicted base time: 3.19ms, target pause time: 200.00ms, remaining time: 130.30ms
[2.206s][debug][gc,ergo       ] GC(23) Running G1 Merge Heap Roots using 10 workers for 202 regions
[2.230s][debug][gc,ergo       ] GC(23) Running G1 Rebuild Free List Task using 10 workers for rebuilding free list of regions
[2.230s][debug][gc,ergo,heap  ] GC(23) Heap expansion: short term pause time ratio 19.70% long term pause time ratio 66.28% threshold 7.69% pause time ratio 7.69% fully expanded true resize by 0B
[2.230s][debug][gc,ergo,refine] GC(23) Concurrent refinement times: Logged Cards Scan time goal: 20.00ms Logged Cards Scan time: 0.04ms HCC time: 0.00ms
[2.230s][trace][gc,ergo,refine] GC(23) Updating Refinement Zones: logged cards scan time: 0.043ms, processed cards: 49, goal time: 19.999ms
[2.230s][debug][gc,ergo,refine] GC(23) Updated Refinement Zones: green: 2560, yellow: 7680, red: 12800
[2.230s][info ][gc,phases     ] GC(23)   Pre Evacuate Collection Set: 0.2ms
[2.230s][info ][gc,phases     ] GC(23)   Merge Heap Roots: 0.1ms
[2.230s][info ][gc,phases     ] GC(23)   Evacuate Collection Set: 23.0ms
[2.230s][info ][gc,phases     ] GC(23)   Post Evacuate Collection Set: 0.6ms
[2.230s][info ][gc,phases     ] GC(23)   Other: 0.2ms
[2.230s][info ][gc,heap       ] GC(23) Eden regions: 171->0(25)
[2.230s][info ][gc,heap       ] GC(23) Survivor regions: 31->26(26)
[2.230s][info ][gc,heap       ] GC(23) Old regions: 409->471
[2.230s][info ][gc,heap       ] GC(23) Archive regions: 0->0
[2.230s][info ][gc,heap       ] GC(23) Humongous regions: 0->0
[2.230s][info ][gc,metaspace  ] GC(23) Metaspace: 6340K(6464K)->6340K(6464K) NonClass: 5793K(5824K)->5793K(5824K) Class: 546K(640K)->546K(640K)
[2.230s][debug][gc,heap       ] GC(23) Heap after GC invocations=24 (full 0):
[2.230s][debug][gc,heap       ] GC(23)  garbage-first heap   total 1048576K, used 508504K [0x00000000c0000000, 0x0000000100000000)
[2.230s][debug][gc,heap       ] GC(23)   region size 1024K, 26 young (26624K), 26 survivors (26624K)
[2.230s][debug][gc,heap       ] GC(23)  Metaspace       used 6340K, committed 6464K, reserved 1114112K
[2.230s][debug][gc,heap       ] GC(23)   class space    used 546K, committed 640K, reserved 1048576K
[2.230s][info ][gc            ] GC(23) Pause Young (Prepare Mixed) (G1 Evacuation Pause) 610M->496M(1024M) 24.067ms
[2.230s][info ][gc,cpu        ] GC(23) User=0.20s Sys=0.01s Real=0.02s
[2.230s][info ][safepoint     ] Safepoint "G1CollectForAllocation", Time since last: 15165704 ns, Reaching safepoint: 837900 ns, Cleanup: 6700 ns, At safepoint: 24299606 ns, Total: 25144206 ns
[2.234s][debug][gc,heap       ] GC(24) Heap before GC invocations=24 (full 0):
[2.234s][debug][gc,heap       ] GC(24)  garbage-first heap   total 1048576K, used 533080K [0x00000000c0000000, 0x0000000100000000)
[2.234s][debug][gc,heap       ] GC(24)   region size 1024K, 51 young (52224K), 26 survivors (26624K)
[2.234s][debug][gc,heap       ] GC(24)  Metaspace       used 6340K, committed 6464K, reserved 1114112K
[2.234s][debug][gc,heap       ] GC(24)   class space    used 546K, committed 640K, reserved 1048576K
[2.234s][info ][gc,start      ] GC(24) Pause Young (Mixed) (G1 Evacuation Pause)
[2.234s][info ][gc,task       ] GC(24) Using 10 workers of 10 for evacuation
[2.234s][trace][gc,ergo,cset  ] GC(24) Start choosing CSet. Pending cards: 60 target pause time: 200.00ms
[2.234s][trace][gc,ergo,cset  ] GC(24) Added young regions to CSet. Eden: 25 regions, Survivors: 26 regions, predicted eden time: 10.05ms, predicted base time: 3.00ms, target pause time: 200.00ms, remaining time: 186.95ms
[2.234s][debug][gc,ergo,cset  ] GC(24) Start adding old regions to collection set. Min 29 regions, max 103 regions, time remaining 186.95ms, optional threshold 37.39ms
[2.235s][debug][gc,ergo,cset  ] GC(24) Finish adding old regions to collection set (Maximum number of regions). Initial 103 regions, optional 0 regions
[2.235s][debug][gc,ergo,cset  ] GC(24) Finish choosing collection set old regions. Initial: 103, optional: 0, predicted old time: 0.00ms, predicted optional time: 0.00ms, time remaining: 161.65
[2.235s][debug][gc,ergo       ] GC(24) Running G1 Merge Heap Roots using 10 workers for 154 regions
[2.256s][debug][gc,ergo       ] GC(24) Running G1 Rebuild Free List Task using 10 workers for rebuilding free list of regions
[2.256s][debug][gc,ergo,heap  ] GC(24) Heap expansion: short term pause time ratio 59.61% long term pause time ratio 66.60% threshold 7.69% pause time ratio 7.69% fully expanded true resize by 0B
[2.256s][debug][gc,ergo,refine] GC(24) Concurrent refinement times: Logged Cards Scan time goal: 20.00ms Logged Cards Scan time: 0.01ms HCC time: 0.00ms
[2.256s][trace][gc,ergo,refine] GC(24) Updating Refinement Zones: logged cards scan time: 0.013ms, processed cards: 50, goal time: 19.999ms
[2.256s][debug][gc,ergo,refine] GC(24) Updated Refinement Zones: green: 2560, yellow: 7680, red: 12800
[2.256s][info ][gc,phases     ] GC(24)   Pre Evacuate Collection Set: 0.3ms
[2.256s][info ][gc,phases     ] GC(24)   Merge Heap Roots: 0.2ms
[2.256s][info ][gc,phases     ] GC(24)   Evacuate Collection Set: 13.7ms
[2.256s][info ][gc,phases     ] GC(24)   Post Evacuate Collection Set: 7.6ms
[2.256s][info ][gc,phases     ] GC(24)   Other: 0.2ms
[2.256s][info ][gc,heap       ] GC(24) Eden regions: 25->0(44)
[2.256s][info ][gc,heap       ] GC(24) Survivor regions: 26->7(7)
[2.256s][info ][gc,heap       ] GC(24) Old regions: 471->404
[2.256s][info ][gc,heap       ] GC(24) Archive regions: 0->0
[2.256s][info ][gc,heap       ] GC(24) Humongous regions: 0->0
[2.256s][info ][gc,metaspace  ] GC(24) Metaspace: 6340K(6464K)->6340K(6464K) NonClass: 5793K(5824K)->5793K(5824K) Class: 546K(640K)->546K(640K)
[2.256s][debug][gc,heap       ] GC(24) Heap after GC invocations=25 (full 0):
[2.256s][debug][gc,heap       ] GC(24)  garbage-first heap   total 1048576K, used 420640K [0x00000000c0000000, 0x0000000100000000)
[2.256s][debug][gc,heap       ] GC(24)   region size 1024K, 7 young (7168K), 7 survivors (7168K)
[2.256s][debug][gc,heap       ] GC(24)  Metaspace       used 6340K, committed 6464K, reserved 1114112K
[2.256s][debug][gc,heap       ] GC(24)   class space    used 546K, committed 640K, reserved 1048576K
[2.256s][info ][gc            ] GC(24) Pause Young (Mixed) (G1 Evacuation Pause) 521M->410M(1024M) 21.880ms
[2.256s][info ][gc,cpu        ] GC(24) User=0.10s Sys=0.02s Real=0.02s
[2.256s][info ][safepoint     ] Safepoint "G1CollectForAllocation", Time since last: 3135801 ns, Reaching safepoint: 1043100 ns, Cleanup: 6700 ns, At safepoint: 22052205 ns, Total: 23102005 ns
[2.263s][debug][gc,heap       ] GC(25) Heap before GC invocations=25 (full 0):
[2.263s][debug][gc,heap       ] GC(25)  garbage-first heap   total 1048576K, used 464672K [0x00000000c0000000, 0x0000000100000000)
[2.263s][debug][gc,heap       ] GC(25)   region size 1024K, 51 young (52224K), 7 survivors (7168K)
[2.263s][debug][gc,heap       ] GC(25)  Metaspace       used 6340K, committed 6464K, reserved 1114112K
[2.263s][debug][gc,heap       ] GC(25)   class space    used 546K, committed 640K, reserved 1048576K
[2.263s][info ][gc,start      ] GC(25) Pause Young (Mixed) (G1 Evacuation Pause)
[2.263s][info ][gc,task       ] GC(25) Using 10 workers of 10 for evacuation
[2.263s][trace][gc,ergo,cset  ] GC(25) Start choosing CSet. Pending cards: 90 target pause time: 200.00ms
[2.263s][trace][gc,ergo,cset  ] GC(25) Added young regions to CSet. Eden: 44 regions, Survivors: 7 regions, predicted eden time: 15.11ms, predicted base time: 5.41ms, target pause time: 200.00ms, remaining time: 179.48ms
[2.263s][debug][gc,ergo,cset  ] GC(25) Start adding old regions to collection set. Min 29 regions, max 103 regions, time remaining 179.48ms, optional threshold 35.90ms
[2.263s][debug][gc,ergo,cset  ] GC(25) Finish adding old regions to collection set (Maximum number of regions). Initial 103 regions, optional 0 regions
[2.263s][debug][gc,ergo,cset  ] GC(25) Finish choosing collection set old regions. Initial: 103, optional: 0, predicted old time: 0.00ms, predicted optional time: 0.00ms, time remaining: 152.39
[2.264s][debug][gc,ergo       ] GC(25) Running G1 Merge Heap Roots using 10 workers for 154 regions
[2.273s][debug][gc,ergo       ] GC(25) Running G1 Rebuild Free List Task using 10 workers for rebuilding free list of regions
[2.273s][debug][gc,ergo,heap  ] GC(25) Heap expansion: short term pause time ratio 82.95% long term pause time ratio 65.40% threshold 7.69% pause time ratio 7.69% fully expanded true resize by 0B
[2.273s][debug][gc,ergo,refine] GC(25) Concurrent refinement times: Logged Cards Scan time goal: 20.00ms Logged Cards Scan time: 0.17ms HCC time: 0.00ms
[2.273s][trace][gc,ergo,refine] GC(25) Updating Refinement Zones: logged cards scan time: 0.171ms, processed cards: 70, goal time: 19.999ms
[2.273s][debug][gc,ergo,refine] GC(25) Updated Refinement Zones: green: 2560, yellow: 7680, red: 12800
[2.274s][info ][gc,phases     ] GC(25)   Pre Evacuate Collection Set: 0.3ms
[2.274s][info ][gc,phases     ] GC(25)   Merge Heap Roots: 0.2ms
[2.274s][info ][gc,phases     ] GC(25)   Evacuate Collection Set: 7.9ms
[2.274s][info ][gc,phases     ] GC(25)   Post Evacuate Collection Set: 1.7ms
[2.274s][info ][gc,phases     ] GC(25)   Other: 0.2ms
[2.274s][info ][gc,heap       ] GC(25) Eden regions: 44->0(44)
[2.274s][info ][gc,heap       ] GC(25) Survivor regions: 7->7(7)
[2.274s][info ][gc,heap       ] GC(25) Old regions: 404->334
[2.274s][info ][gc,heap       ] GC(25) Archive regions: 0->0
[2.274s][info ][gc,heap       ] GC(25) Humongous regions: 0->0
[2.274s][info ][gc,metaspace  ] GC(25) Metaspace: 6340K(6464K)->6340K(6464K) NonClass: 5793K(5824K)->5793K(5824K) Class: 546K(640K)->546K(640K)
[2.274s][debug][gc,heap       ] GC(25) Heap after GC invocations=26 (full 0):
[2.274s][debug][gc,heap       ] GC(25)  garbage-first heap   total 1048576K, used 348560K [0x00000000c0000000, 0x0000000100000000)
[2.274s][debug][gc,heap       ] GC(25)   region size 1024K, 7 young (7168K), 7 survivors (7168K)
[2.274s][debug][gc,heap       ] GC(25)  Metaspace       used 6340K, committed 6464K, reserved 1114112K
[2.274s][debug][gc,heap       ] GC(25)   class space    used 546K, committed 640K, reserved 1048576K
[2.274s][info ][gc            ] GC(25) Pause Young (Mixed) (G1 Evacuation Pause) 454M->340M(1024M) 10.255ms
[2.274s][info ][gc,cpu        ] GC(25) User=0.03s Sys=0.04s Real=0.01s
[2.274s][info ][safepoint     ] Safepoint "G1CollectForAllocation", Time since last: 5101702 ns, Reaching safepoint: 1680800 ns, Cleanup: 50100 ns, At safepoint: 10450103 ns, Total: 12181003 ns
[2.281s][debug][gc,heap       ] GC(26) Heap before GC invocations=26 (full 0):
[2.281s][debug][gc,heap       ] GC(26)  garbage-first heap   total 1048576K, used 392592K [0x00000000c0000000, 0x0000000100000000)
[2.281s][debug][gc,heap       ] GC(26)   region size 1024K, 51 young (52224K), 7 survivors (7168K)
[2.281s][debug][gc,heap       ] GC(26)  Metaspace       used 6340K, committed 6464K, reserved 1114112K
[2.281s][debug][gc,heap       ] GC(26)   class space    used 546K, committed 640K, reserved 1048576K
[2.281s][info ][gc,start      ] GC(26) Pause Young (Mixed) (G1 Evacuation Pause)
[2.281s][info ][gc,task       ] GC(26) Using 10 workers of 10 for evacuation
[2.281s][trace][gc,ergo,cset  ] GC(26) Start choosing CSet. Pending cards: 36 target pause time: 200.00ms
[2.281s][trace][gc,ergo,cset  ] GC(26) Added young regions to CSet. Eden: 44 regions, Survivors: 7 regions, predicted eden time: 12.60ms, predicted base time: 4.74ms, target pause time: 200.00ms, remaining time: 182.66ms
[2.281s][debug][gc,ergo,cset  ] GC(26) Start adding old regions to collection set. Min 29 regions, max 103 regions, time remaining 182.66ms, optional threshold 36.53ms
[2.281s][debug][gc,ergo,cset  ] GC(26) Old candidate collection set empty.
[2.281s][debug][gc,ergo,cset  ] GC(26) Finish choosing collection set old regions. Initial: 21, optional: 0, predicted old time: 0.00ms, predicted optional time: 0.00ms, time remaining: 177.11
[2.281s][debug][gc,ergo       ] GC(26) Running G1 Merge Heap Roots using 10 workers for 72 regions
[2.287s][debug][gc,ergo       ] GC(26) Running G1 Rebuild Free List Task using 10 workers for rebuilding free list of regions
[2.288s][debug][gc,ergo,heap  ] GC(26) Heap expansion: short term pause time ratio 58.69% long term pause time ratio 64.10% threshold 7.69% pause time ratio 7.69% fully expanded true resize by 0B
[2.288s][debug][gc,ergo       ] GC(26) do not continue mixed GCs (candidate old regions not available)
[2.288s][debug][gc,ergo,refine] GC(26) Concurrent refinement times: Logged Cards Scan time goal: 20.00ms Logged Cards Scan time: 0.01ms HCC time: 0.00ms
[2.288s][trace][gc,ergo,refine] GC(26) Updating Refinement Zones: logged cards scan time: 0.008ms, processed cards: 22, goal time: 20.000ms
[2.288s][debug][gc,ergo,refine] GC(26) Updated Refinement Zones: green: 2560, yellow: 7680, red: 12800
[2.288s][info ][gc,phases     ] GC(26)   Pre Evacuate Collection Set: 0.2ms
[2.288s][info ][gc,phases     ] GC(26)   Merge Heap Roots: 0.1ms
[2.288s][info ][gc,phases     ] GC(26)   Evacuate Collection Set: 5.6ms
[2.288s][info ][gc,phases     ] GC(26)   Post Evacuate Collection Set: 0.6ms
[2.288s][info ][gc,phases     ] GC(26)   Other: 0.2ms
[2.288s][info ][gc,heap       ] GC(26) Eden regions: 44->0(297)
[2.288s][info ][gc,heap       ] GC(26) Survivor regions: 7->7(7)
[2.288s][info ][gc,heap       ] GC(26) Old regions: 334->336
[2.288s][info ][gc,heap       ] GC(26) Archive regions: 0->0
[2.288s][info ][gc,heap       ] GC(26) Humongous regions: 0->0
[2.288s][info ][gc,metaspace  ] GC(26) Metaspace: 6340K(6464K)->6340K(6464K) NonClass: 5793K(5824K)->5793K(5824K) Class: 546K(640K)->546K(640K)
[2.288s][debug][gc,heap       ] GC(26) Heap after GC invocations=27 (full 0):
[2.288s][debug][gc,heap       ] GC(26)  garbage-first heap   total 1048576K, used 350308K [0x00000000c0000000, 0x0000000100000000)
[2.288s][debug][gc,heap       ] GC(26)   region size 1024K, 7 young (7168K), 7 survivors (7168K)
[2.288s][debug][gc,heap       ] GC(26)  Metaspace       used 6340K, committed 6464K, reserved 1114112K
[2.288s][debug][gc,heap       ] GC(26)   class space    used 546K, committed 640K, reserved 1048576K
[2.288s][info ][gc            ] GC(26) Pause Young (Mixed) (G1 Evacuation Pause) 384M->342M(1024M) 6.798ms
[2.288s][info ][gc,cpu        ] GC(26) User=0.06s Sys=0.00s Real=0.01s
[2.288s][info ][safepoint     ] Safepoint "G1CollectForAllocation", Time since last: 5736501 ns, Reaching safepoint: 1430800 ns, Cleanup: 7300 ns, At safepoint: 6956702 ns, Total: 8394802 ns
[2.327s][debug][gc,heap       ] GC(27) Heap before GC invocations=27 (full 0):
[2.327s][debug][gc,heap       ] GC(27)  garbage-first heap   total 1048576K, used 653412K [0x00000000c0000000, 0x0000000100000000)
[2.327s][debug][gc,heap       ] GC(27)   region size 1024K, 304 young (311296K), 7 survivors (7168K)
[2.327s][debug][gc,heap       ] GC(27)  Metaspace       used 6340K, committed 6464K, reserved 1114112K
[2.327s][debug][gc,heap       ] GC(27)   class space    used 546K, committed 640K, reserved 1048576K
[2.327s][info ][gc,start      ] GC(27) Pause Young (Normal) (G1 Evacuation Pause)
[2.327s][info ][gc,task       ] GC(27) Using 10 workers of 10 for evacuation
[2.327s][trace][gc,ergo,cset  ] GC(27) Start choosing CSet. Pending cards: 36 target pause time: 200.00ms
[2.327s][trace][gc,ergo,cset  ] GC(27) Added young regions to CSet. Eden: 297 regions, Survivors: 7 regions, predicted eden time: 0.62ms, predicted base time: 4.02ms, target pause time: 200.00ms, remaining time: 195.37ms
[2.327s][debug][gc,ergo       ] GC(27) Running G1 Merge Heap Roots using 10 workers for 304 regions
[2.362s][debug][gc,ergo       ] GC(27) Running G1 Rebuild Free List Task using 10 workers for rebuilding free list of regions
[2.362s][debug][gc,ergo,heap  ] GC(27) Heap expansion: short term pause time ratio 47.15% long term pause time ratio 62.56% threshold 7.69% pause time ratio 7.69% fully expanded true resize by 0B
[2.362s][debug][gc,ergo,refine] GC(27) Concurrent refinement times: Logged Cards Scan time goal: 20.00ms Logged Cards Scan time: 0.03ms HCC time: 0.00ms
[2.362s][trace][gc,ergo,refine] GC(27) Updating Refinement Zones: logged cards scan time: 0.035ms, processed cards: 14, goal time: 19.999ms
[2.362s][debug][gc,ergo,refine] GC(27) Updated Refinement Zones: green: 2560, yellow: 7680, red: 12800
[2.362s][info ][gc,phases     ] GC(27)   Pre Evacuate Collection Set: 0.2ms
[2.362s][info ][gc,phases     ] GC(27)   Merge Heap Roots: 0.2ms
[2.362s][info ][gc,phases     ] GC(27)   Evacuate Collection Set: 34.0ms
[2.362s][info ][gc,phases     ] GC(27)   Post Evacuate Collection Set: 0.6ms
[2.362s][info ][gc,phases     ] GC(27)   Other: 0.2ms
[2.362s][info ][gc,heap       ] GC(27) Eden regions: 297->0(245)
[2.362s][info ][gc,heap       ] GC(27) Survivor regions: 7->38(38)
[2.362s][info ][gc,heap       ] GC(27) Old regions: 336->406
[2.362s][info ][gc,heap       ] GC(27) Archive regions: 0->0
[2.362s][info ][gc,heap       ] GC(27) Humongous regions: 0->0
[2.362s][info ][gc,metaspace  ] GC(27) Metaspace: 6340K(6464K)->6340K(6464K) NonClass: 5793K(5824K)->5793K(5824K) Class: 546K(640K)->546K(640K)
[2.362s][debug][gc,heap       ] GC(27) Heap after GC invocations=28 (full 0):
[2.362s][debug][gc,heap       ] GC(27)  garbage-first heap   total 1048576K, used 454132K [0x00000000c0000000, 0x0000000100000000)
[2.362s][debug][gc,heap       ] GC(27)   region size 1024K, 38 young (38912K), 38 survivors (38912K)
[2.362s][debug][gc,heap       ] GC(27)  Metaspace       used 6340K, committed 6464K, reserved 1114112K
[2.362s][debug][gc,heap       ] GC(27)   class space    used 546K, committed 640K, reserved 1048576K
[2.362s][info ][gc            ] GC(27) Pause Young (Normal) (G1 Evacuation Pause) 639M->443M(1024M) 35.138ms
[2.362s][info ][gc,cpu        ] GC(27) User=0.16s Sys=0.17s Real=0.03s
[2.362s][info ][safepoint     ] Safepoint "G1CollectForAllocation", Time since last: 37949809 ns, Reaching safepoint: 834700 ns, Cleanup: 6600 ns, At safepoint: 35315209 ns, Total: 36156509 ns
[2.381s][info ][gc,marking    ] GC(22) Concurrent Cleanup for Next Mark 190.728ms
[2.381s][info ][gc            ] GC(22) Concurrent Mark Cycle 206.303ms
[2.393s][debug][gc,heap       ] GC(28) Heap before GC invocations=28 (full 0):
[2.393s][debug][gc,heap       ] GC(28)  garbage-first heap   total 1048576K, used 703988K [0x00000000c0000000, 0x0000000100000000)
[2.393s][debug][gc,heap       ] GC(28)   region size 1024K, 283 young (289792K), 38 survivors (38912K)
[2.393s][debug][gc,heap       ] GC(28)  Metaspace       used 6340K, committed 6464K, reserved 1114112K
[2.393s][debug][gc,heap       ] GC(28)   class space    used 546K, committed 640K, reserved 1048576K
[2.393s][info ][gc,start      ] GC(28) Pause Young (Normal) (G1 Evacuation Pause)
[2.393s][info ][gc,task       ] GC(28) Using 10 workers of 10 for evacuation
[2.393s][trace][gc,ergo,cset  ] GC(28) Start choosing CSet. Pending cards: 42 target pause time: 200.00ms
[2.393s][trace][gc,ergo,cset  ] GC(28) Added young regions to CSet. Eden: 245 regions, Survivors: 38 regions, predicted eden time: 45.05ms, predicted base time: 3.38ms, target pause time: 200.00ms, remaining time: 151.57ms
[2.393s][debug][gc,ergo       ] GC(28) Running G1 Merge Heap Roots using 10 workers for 283 regions
[2.419s][debug][gc,ergo       ] GC(28) Running G1 Rebuild Free List Task using 10 workers for rebuilding free list of regions
[2.420s][debug][gc,ergo,heap  ] GC(28) Heap expansion: short term pause time ratio 47.28% long term pause time ratio 60.06% threshold 7.69% pause time ratio 7.69% fully expanded true resize by 0B
[2.420s][debug][gc,ergo,ihop  ] GC(28) Request concurrent cycle initiation (occupancy higher than threshold) occupancy: 506462208B allocation request: 0B threshold: 483183820B (45.00) source: end of GC
[2.420s][debug][gc,ergo,refine] GC(28) Concurrent refinement times: Logged Cards Scan time goal: 20.00ms Logged Cards Scan time: 0.60ms HCC time: 0.00ms
[2.420s][trace][gc,ergo,refine] GC(28) Updating Refinement Zones: logged cards scan time: 0.600ms, processed cards: 13, goal time: 19.999ms
[2.420s][debug][gc,ergo,refine] GC(28) Updated Refinement Zones: green: 2560, yellow: 7680, red: 12800
[2.420s][info ][gc,phases     ] GC(28)   Pre Evacuate Collection Set: 0.2ms
[2.420s][info ][gc,phases     ] GC(28)   Merge Heap Roots: 0.2ms
[2.420s][info ][gc,phases     ] GC(28)   Evacuate Collection Set: 24.9ms
[2.420s][info ][gc,phases     ] GC(28)   Post Evacuate Collection Set: 0.9ms
[2.420s][info ][gc,phases     ] GC(28)   Other: 0.3ms
[2.420s][info ][gc,heap       ] GC(28) Eden regions: 245->0(202)
[2.420s][info ][gc,heap       ] GC(28) Survivor regions: 38->36(36)
[2.420s][info ][gc,heap       ] GC(28) Old regions: 406->483
[2.420s][info ][gc,heap       ] GC(28) Archive regions: 0->0
[2.420s][info ][gc,heap       ] GC(28) Humongous regions: 0->0
[2.420s][info ][gc,metaspace  ] GC(28) Metaspace: 6340K(6464K)->6340K(6464K) NonClass: 5793K(5824K)->5793K(5824K) Class: 546K(640K)->546K(640K)
[2.420s][debug][gc,heap       ] GC(28) Heap after GC invocations=29 (full 0):
[2.420s][debug][gc,heap       ] GC(28)  garbage-first heap   total 1048576K, used 531232K [0x00000000c0000000, 0x0000000100000000)
[2.420s][debug][gc,heap       ] GC(28)   region size 1024K, 36 young (36864K), 36 survivors (36864K)
[2.420s][debug][gc,heap       ] GC(28)  Metaspace       used 6340K, committed 6464K, reserved 1114112K
[2.420s][debug][gc,heap       ] GC(28)   class space    used 546K, committed 640K, reserved 1048576K
[2.420s][info ][gc            ] GC(28) Pause Young (Normal) (G1 Evacuation Pause) 688M->518M(1024M) 26.626ms
[2.420s][info ][gc,cpu        ] GC(28) User=0.24s Sys=0.01s Real=0.03s
[2.420s][info ][safepoint     ] Safepoint "G1CollectForAllocation", Time since last: 31130807 ns, Reaching safepoint: 7100 ns, Cleanup: 6200 ns, At safepoint: 26762107 ns, Total: 26775407 ns
[2.450s][debug][gc,heap       ] GC(29) Heap before GC invocations=29 (full 0):
[2.450s][debug][gc,heap       ] GC(29)  garbage-first heap   total 1048576K, used 737056K [0x00000000c0000000, 0x0000000100000000)
[2.450s][debug][gc,heap       ] GC(29)   region size 1024K, 238 young (243712K), 36 survivors (36864K)
[2.450s][debug][gc,heap       ] GC(29)  Metaspace       used 6340K, committed 6464K, reserved 1114112K
[2.450s][debug][gc,heap       ] GC(29)   class space    used 546K, committed 640K, reserved 1048576K
[2.450s][debug][gc,ergo       ] GC(29) Initiate concurrent cycle (concurrent cycle initiation requested)
[2.450s][info ][gc,start      ] GC(29) Pause Young (Concurrent Start) (G1 Evacuation Pause)
[2.450s][info ][gc,task       ] GC(29) Using 10 workers of 10 for evacuation
[2.450s][trace][gc,ergo,cset  ] GC(29) Start choosing CSet. Pending cards: 56 target pause time: 200.00ms
[2.450s][trace][gc,ergo,cset  ] GC(29) Added young regions to CSet. Eden: 202 regions, Survivors: 36 regions, predicted eden time: 34.59ms, predicted base time: 3.51ms, target pause time: 200.00ms, remaining time: 161.90ms
[2.450s][debug][gc,ergo       ] GC(29) Running G1 Merge Heap Roots using 10 workers for 238 regions
[2.479s][debug][gc,ergo       ] GC(29) Running G1 Rebuild Free List Task using 10 workers for rebuilding free list of regions
[2.479s][debug][gc,ergo,heap  ] GC(29) Heap expansion: short term pause time ratio 45.56% long term pause time ratio 57.68% threshold 7.69% pause time ratio 7.69% fully expanded true resize by 0B
[2.479s][debug][gc,ergo,refine] GC(29) Concurrent refinement times: Logged Cards Scan time goal: 20.00ms Logged Cards Scan time: 0.04ms HCC time: 0.00ms
[2.479s][trace][gc,ergo,refine] GC(29) Updating Refinement Zones: logged cards scan time: 0.043ms, processed cards: 31, goal time: 19.999ms
[2.479s][debug][gc,ergo,refine] GC(29) Updated Refinement Zones: green: 2560, yellow: 7680, red: 12800
[2.479s][info ][gc,phases     ] GC(29)   Pre Evacuate Collection Set: 0.3ms
[2.479s][info ][gc,phases     ] GC(29)   Merge Heap Roots: 0.2ms
[2.479s][info ][gc,phases     ] GC(29)   Evacuate Collection Set: 27.9ms
[2.479s][info ][gc,phases     ] GC(29)   Post Evacuate Collection Set: 0.6ms
[2.479s][info ][gc,phases     ] GC(29)   Other: 0.4ms
[2.479s][info ][gc,heap       ] GC(29) Eden regions: 202->0(167)
[2.479s][info ][gc,heap       ] GC(29) Survivor regions: 36->30(30)
[2.479s][info ][gc,heap       ] GC(29) Old regions: 483->552
[2.479s][info ][gc,heap       ] GC(29) Archive regions: 0->0
[2.479s][info ][gc,heap       ] GC(29) Humongous regions: 0->0
[2.479s][info ][gc,metaspace  ] GC(29) Metaspace: 6340K(6464K)->6340K(6464K) NonClass: 5793K(5824K)->5793K(5824K) Class: 546K(640K)->546K(640K)
[2.479s][debug][gc,heap       ] GC(29) Heap after GC invocations=30 (full 0):
[2.479s][debug][gc,heap       ] GC(29)  garbage-first heap   total 1048576K, used 595544K [0x00000000c0000000, 0x0000000100000000)
[2.479s][debug][gc,heap       ] GC(29)   region size 1024K, 30 young (30720K), 30 survivors (30720K)
[2.479s][debug][gc,heap       ] GC(29)  Metaspace       used 6340K, committed 6464K, reserved 1114112K
[2.479s][debug][gc,heap       ] GC(29)   class space    used 546K, committed 640K, reserved 1048576K
[2.479s][info ][gc            ] GC(29) Pause Young (Concurrent Start) (G1 Evacuation Pause) 720M->581M(1024M) 29.303ms
[2.479s][info ][gc,cpu        ] GC(29) User=0.21s Sys=0.04s Real=0.03s
[2.479s][info ][safepoint     ] Safepoint "G1CollectForAllocation", Time since last: 29897007 ns, Reaching safepoint: 6100 ns, Cleanup: 5500 ns, At safepoint: 29438907 ns, Total: 29450507 ns
[2.479s][info ][gc            ] GC(30) Concurrent Mark Cycle
[2.479s][info ][gc,marking    ] GC(30) Concurrent Clear Claimed Marks
[2.479s][info ][gc,marking    ] GC(30) Concurrent Clear Claimed Marks 0.010ms
[2.479s][info ][gc,marking    ] GC(30) Concurrent Scan Root Regions
[2.479s][debug][gc,ergo       ] GC(30) Running G1 Root Region Scan using 3 workers for 100 work units.
[2.480s][info ][gc,marking    ] GC(30) Concurrent Scan Root Regions 0.291ms
[2.480s][info ][gc,marking    ] GC(30) Concurrent Mark
[2.480s][info ][gc,marking    ] GC(30) Concurrent Mark From Roots
[2.480s][info ][gc,task       ] GC(30) Using 3 workers of 3 for marking
[2.483s][info ][gc,marking    ] GC(30) Concurrent Mark From Roots 3.379ms
[2.483s][info ][gc,marking    ] GC(30) Concurrent Preclean
[2.483s][info ][gc,marking    ] GC(30) Concurrent Preclean 0.061ms
[2.483s][info ][gc,start      ] GC(30) Pause Remark
[2.484s][debug][gc,ergo       ] GC(30) Running G1 Update RemSet Tracking Before Rebuild using 3 workers for 1024 regions in heap
[2.485s][info ][gc            ] GC(30) Pause Remark 607M->470M(1024M) 1.430ms
[2.485s][info ][gc,cpu        ] GC(30) User=0.00s Sys=0.00s Real=0.00s
[2.485s][info ][safepoint     ] Safepoint "G1PauseRemark", Time since last: 4056101 ns, Reaching safepoint: 8300 ns, Cleanup: 8700 ns, At safepoint: 1476101 ns, Total: 1493101 ns
[2.485s][info ][gc,marking    ] GC(30) Concurrent Mark 5.190ms
[2.485s][info ][gc,marking    ] GC(30) Concurrent Rebuild Remembered Sets
[2.490s][info ][gc,marking    ] GC(30) Concurrent Rebuild Remembered Sets 4.886ms
[2.490s][info ][gc,start      ] GC(30) Pause Cleanup
[2.490s][debug][gc,ergo,cset  ] GC(30) Pruned 108 regions out of 341, leaving 53271136 bytes waste (allowed 53687091)
[2.490s][info ][gc            ] GC(30) Pause Cleanup 505M->505M(1024M) 0.566ms
[2.490s][info ][gc,cpu        ] GC(30) User=0.00s Sys=0.00s Real=0.00s
[2.491s][info ][safepoint     ] Safepoint "G1PauseCleanup", Time since last: 5104401 ns, Reaching safepoint: 89300 ns, Cleanup: 4500 ns, At safepoint: 606700 ns, Total: 700500 ns
[2.491s][info ][gc,marking    ] GC(30) Concurrent Cleanup for Next Mark
[2.491s][debug][gc,ergo       ] GC(30) Running G1 Clear Bitmap with 3 workers for 16 work units.
[2.493s][info ][gc,marking    ] GC(30) Concurrent Cleanup for Next Mark 2.654ms
[2.493s][info ][gc            ] GC(30) Concurrent Mark Cycle 14.169ms
[2.506s][debug][gc,heap       ] GC(31) Heap before GC invocations=31 (full 0):
[2.507s][debug][gc,heap       ] GC(31)  garbage-first heap   total 1048576K, used 625240K [0x00000000c0000000, 0x0000000100000000)
[2.507s][debug][gc,heap       ] GC(31)   region size 1024K, 197 young (201728K), 30 survivors (30720K)
[2.507s][debug][gc,heap       ] GC(31)  Metaspace       used 6340K, committed 6464K, reserved 1114112K
[2.507s][debug][gc,heap       ] GC(31)   class space    used 546K, committed 640K, reserved 1048576K
[2.507s][info ][gc,start      ] GC(31) Pause Young (Prepare Mixed) (G1 Evacuation Pause)
[2.507s][info ][gc,task       ] GC(31) Using 10 workers of 10 for evacuation
[2.507s][trace][gc,ergo,cset  ] GC(31) Start choosing CSet. Pending cards: 85 target pause time: 200.00ms
[2.507s][trace][gc,ergo,cset  ] GC(31) Added young regions to CSet. Eden: 167 regions, Survivors: 30 regions, predicted eden time: 27.92ms, predicted base time: 2.79ms, target pause time: 200.00ms, remaining time: 169.29ms
[2.507s][debug][gc,ergo       ] GC(31) Running G1 Merge Heap Roots using 10 workers for 197 regions
[2.523s][debug][gc,ergo       ] GC(31) Running G1 Rebuild Free List Task using 10 workers for rebuilding free list of regions
[2.523s][debug][gc,ergo,heap  ] GC(31) Heap expansion: short term pause time ratio 8.95% long term pause time ratio 50.78% threshold 7.69% pause time ratio 7.69% fully expanded true resize by 0B
[2.523s][debug][gc,ergo,refine] GC(31) Concurrent refinement times: Logged Cards Scan time goal: 20.00ms Logged Cards Scan time: 0.11ms HCC time: 0.00ms
[2.523s][trace][gc,ergo,refine] GC(31) Updating Refinement Zones: logged cards scan time: 0.112ms, processed cards: 60, goal time: 19.999ms
[2.523s][debug][gc,ergo,refine] GC(31) Updated Refinement Zones: green: 2560, yellow: 7680, red: 12800
[2.523s][info ][gc,phases     ] GC(31)   Pre Evacuate Collection Set: 0.2ms
[2.523s][info ][gc,phases     ] GC(31)   Merge Heap Roots: 0.2ms
[2.523s][info ][gc,phases     ] GC(31)   Evacuate Collection Set: 15.7ms
[2.523s][info ][gc,phases     ] GC(31)   Post Evacuate Collection Set: 0.6ms
[2.523s][info ][gc,phases     ] GC(31)   Other: 0.2ms
[2.523s][info ][gc,heap       ] GC(31) Eden regions: 167->0(26)
[2.523s][info ][gc,heap       ] GC(31) Survivor regions: 30->25(25)
[2.523s][info ][gc,heap       ] GC(31) Old regions: 415->475
[2.523s][info ][gc,heap       ] GC(31) Archive regions: 0->0
[2.523s][info ][gc,heap       ] GC(31) Humongous regions: 0->0
[2.523s][info ][gc,metaspace  ] GC(31) Metaspace: 6340K(6464K)->6340K(6464K) NonClass: 5793K(5824K)->5793K(5824K) Class: 546K(640K)->546K(640K)
[2.523s][debug][gc,heap       ] GC(31) Heap after GC invocations=32 (full 0):
[2.523s][debug][gc,heap       ] GC(31)  garbage-first heap   total 1048576K, used 511076K [0x00000000c0000000, 0x0000000100000000)
[2.523s][debug][gc,heap       ] GC(31)   region size 1024K, 25 young (25600K), 25 survivors (25600K)
[2.523s][debug][gc,heap       ] GC(31)  Metaspace       used 6340K, committed 6464K, reserved 1114112K
[2.523s][debug][gc,heap       ] GC(31)   class space    used 546K, committed 640K, reserved 1048576K
[2.523s][info ][gc            ] GC(31) Pause Young (Prepare Mixed) (G1 Evacuation Pause) 611M->499M(1024M) 16.917ms
[2.523s][info ][gc,cpu        ] GC(31) User=0.12s Sys=0.03s Real=0.02s
[2.523s][info ][safepoint     ] Safepoint "G1CollectForAllocation", Time since last: 15936704 ns, Reaching safepoint: 7200 ns, Cleanup: 6300 ns, At safepoint: 17027604 ns, Total: 17041104 ns
[2.526s][debug][gc,heap       ] GC(32) Heap before GC invocations=32 (full 0):
[2.526s][debug][gc,heap       ] GC(32)  garbage-first heap   total 1048576K, used 536676K [0x00000000c0000000, 0x0000000100000000)
[2.526s][debug][gc,heap       ] GC(32)   region size 1024K, 51 young (52224K), 25 survivors (25600K)
[2.526s][debug][gc,heap       ] GC(32)  Metaspace       used 6340K, committed 6464K, reserved 1114112K
[2.527s][debug][gc,heap       ] GC(32)   class space    used 546K, committed 640K, reserved 1048576K
[2.527s][info ][gc,start      ] GC(32) Pause Young (Mixed) (G1 Evacuation Pause)
[2.527s][info ][gc,task       ] GC(32) Using 10 workers of 10 for evacuation
[2.527s][trace][gc,ergo,cset  ] GC(32) Start choosing CSet. Pending cards: 56 target pause time: 200.00ms
[2.527s][trace][gc,ergo,cset  ] GC(32) Added young regions to CSet. Eden: 26 regions, Survivors: 25 regions, predicted eden time: 4.59ms, predicted base time: 2.28ms, target pause time: 200.00ms, remaining time: 193.13ms
[2.527s][debug][gc,ergo,cset  ] GC(32) Start adding old regions to collection set. Min 30 regions, max 103 regions, time remaining 193.13ms, optional threshold 38.63ms
[2.527s][debug][gc,ergo,cset  ] GC(32) Finish adding old regions to collection set (Maximum number of regions). Initial 103 regions, optional 0 regions
[2.527s][debug][gc,ergo,cset  ] GC(32) Finish choosing collection set old regions. Initial: 103, optional: 0, predicted old time: 0.00ms, predicted optional time: 0.00ms, time remaining: 181.13
[2.527s][debug][gc,ergo       ] GC(32) Running G1 Merge Heap Roots using 10 workers for 154 regions
[2.536s][debug][gc,ergo       ] GC(32) Running G1 Rebuild Free List Task using 10 workers for rebuilding free list of regions
[2.536s][debug][gc,ergo,heap  ] GC(32) Heap expansion: short term pause time ratio 51.04% long term pause time ratio 51.47% threshold 7.69% pause time ratio 7.69% fully expanded true resize by 0B
[2.536s][debug][gc,ergo,refine] GC(32) Concurrent refinement times: Logged Cards Scan time goal: 20.00ms Logged Cards Scan time: 0.06ms HCC time: 0.00ms
[2.536s][trace][gc,ergo,refine] GC(32) Updating Refinement Zones: logged cards scan time: 0.062ms, processed cards: 33, goal time: 19.998ms
[2.536s][debug][gc,ergo,refine] GC(32) Updated Refinement Zones: green: 2560, yellow: 7680, red: 12800
[2.537s][info ][gc,phases     ] GC(32)   Pre Evacuate Collection Set: 0.3ms
[2.537s][info ][gc,phases     ] GC(32)   Merge Heap Roots: 0.2ms
[2.537s][info ][gc,phases     ] GC(32)   Evacuate Collection Set: 8.0ms
[2.537s][info ][gc,phases     ] GC(32)   Post Evacuate Collection Set: 1.1ms
[2.537s][info ][gc,phases     ] GC(32)   Other: 0.7ms
[2.537s][info ][gc,heap       ] GC(32) Eden regions: 26->0(44)
[2.537s][info ][gc,heap       ] GC(32) Survivor regions: 25->7(7)
[2.537s][info ][gc,heap       ] GC(32) Old regions: 475->407
[2.537s][info ][gc,heap       ] GC(32) Archive regions: 0->0
[2.537s][info ][gc,heap       ] GC(32) Humongous regions: 0->0
[2.537s][info ][gc,metaspace  ] GC(32) Metaspace: 6340K(6464K)->6340K(6464K) NonClass: 5793K(5824K)->5793K(5824K) Class: 546K(640K)->546K(640K)
[2.537s][debug][gc,heap       ] GC(32) Heap after GC invocations=33 (full 0):
[2.537s][debug][gc,heap       ] GC(32)  garbage-first heap   total 1048576K, used 423012K [0x00000000c0000000, 0x0000000100000000)
[2.537s][debug][gc,heap       ] GC(32)   region size 1024K, 7 young (7168K), 7 survivors (7168K)
[2.537s][debug][gc,heap       ] GC(32)  Metaspace       used 6340K, committed 6464K, reserved 1114112K
[2.537s][debug][gc,heap       ] GC(32)   class space    used 546K, committed 640K, reserved 1048576K
[2.537s][info ][gc            ] GC(32) Pause Young (Mixed) (G1 Evacuation Pause) 525M->413M(1024M) 9.697ms
[2.537s][info ][gc,cpu        ] GC(32) User=0.08s Sys=0.00s Real=0.01s
[2.537s][info ][safepoint     ] Safepoint "G1CollectForAllocation", Time since last: 2782801 ns, Reaching safepoint: 3800 ns, Cleanup: 6400 ns, At safepoint: 10285702 ns, Total: 10295902 ns
[2.542s][debug][gc,heap       ] GC(33) Heap before GC invocations=33 (full 0):
[2.542s][debug][gc,heap       ] GC(33)  garbage-first heap   total 1048576K, used 467044K [0x00000000c0000000, 0x0000000100000000)
[2.542s][debug][gc,heap       ] GC(33)   region size 1024K, 51 young (52224K), 7 survivors (7168K)
[2.542s][debug][gc,heap       ] GC(33)  Metaspace       used 6340K, committed 6464K, reserved 1114112K
[2.542s][debug][gc,heap       ] GC(33)   class space    used 546K, committed 640K, reserved 1048576K
[2.542s][info ][gc,start      ] GC(33) Pause Young (Mixed) (G1 Evacuation Pause)
[2.542s][info ][gc,task       ] GC(33) Using 10 workers of 10 for evacuation
[2.542s][trace][gc,ergo,cset  ] GC(33) Start choosing CSet. Pending cards: 73 target pause time: 200.00ms
[2.542s][trace][gc,ergo,cset  ] GC(33) Added young regions to CSet. Eden: 44 regions, Survivors: 7 regions, predicted eden time: 6.80ms, predicted base time: 2.20ms, target pause time: 200.00ms, remaining time: 191.00ms
[2.542s][debug][gc,ergo,cset  ] GC(33) Start adding old regions to collection set. Min 30 regions, max 103 regions, time remaining 191.00ms, optional threshold 38.20ms
[2.542s][debug][gc,ergo,cset  ] GC(33) Finish adding old regions to collection set (Maximum number of regions). Initial 103 regions, optional 0 regions
[2.542s][debug][gc,ergo,cset  ] GC(33) Finish choosing collection set old regions. Initial: 103, optional: 0, predicted old time: 0.00ms, predicted optional time: 0.00ms, time remaining: 178.04
[2.542s][debug][gc,ergo       ] GC(33) Running G1 Merge Heap Roots using 10 workers for 154 regions
[2.551s][debug][gc,ergo       ] GC(33) Running G1 Rebuild Free List Task using 10 workers for rebuilding free list of regions
[2.551s][debug][gc,ergo,heap  ] GC(33) Heap expansion: short term pause time ratio 73.11% long term pause time ratio 51.33% threshold 7.69% pause time ratio 7.69% fully expanded true resize by 0B
[2.551s][debug][gc,ergo,refine] GC(33) Concurrent refinement times: Logged Cards Scan time goal: 20.00ms Logged Cards Scan time: 0.25ms HCC time: 0.00ms
[2.551s][trace][gc,ergo,refine] GC(33) Updating Refinement Zones: logged cards scan time: 0.253ms, processed cards: 48, goal time: 19.999ms
[2.551s][debug][gc,ergo,refine] GC(33) Updated Refinement Zones: green: 2560, yellow: 7680, red: 12800
[2.551s][info ][gc,phases     ] GC(33)   Pre Evacuate Collection Set: 0.3ms
[2.551s][info ][gc,phases     ] GC(33)   Merge Heap Roots: 0.2ms
[2.551s][info ][gc,phases     ] GC(33)   Evacuate Collection Set: 7.8ms
[2.551s][info ][gc,phases     ] GC(33)   Post Evacuate Collection Set: 0.6ms
[2.551s][info ][gc,phases     ] GC(33)   Other: 0.4ms
[2.551s][info ][gc,heap       ] GC(33) Eden regions: 44->0(44)
[2.551s][info ][gc,heap       ] GC(33) Survivor regions: 7->7(7)
[2.551s][info ][gc,heap       ] GC(33) Old regions: 407->335
[2.551s][info ][gc,heap       ] GC(33) Archive regions: 0->0
[2.551s][info ][gc,heap       ] GC(33) Humongous regions: 0->0
[2.551s][info ][gc,metaspace  ] GC(33) Metaspace: 6340K(6464K)->6340K(6464K) NonClass: 5793K(5824K)->5793K(5824K) Class: 546K(640K)->546K(640K)
[2.551s][debug][gc,heap       ] GC(33) Heap after GC invocations=34 (full 0):
[2.551s][debug][gc,heap       ] GC(33)  garbage-first heap   total 1048576K, used 350084K [0x00000000c0000000, 0x0000000100000000)
[2.551s][debug][gc,heap       ] GC(33)   region size 1024K, 7 young (7168K), 7 survivors (7168K)
[2.551s][debug][gc,heap       ] GC(33)  Metaspace       used 6340K, committed 6464K, reserved 1114112K
[2.551s][debug][gc,heap       ] GC(33)   class space    used 546K, committed 640K, reserved 1048576K
[2.551s][info ][gc            ] GC(33) Pause Young (Mixed) (G1 Evacuation Pause) 457M->341M(1024M) 8.992ms
[2.551s][info ][gc,cpu        ] GC(33) User=0.08s Sys=0.00s Real=0.01s
[2.551s][info ][safepoint     ] Safepoint "G1CollectForAllocation", Time since last: 5178501 ns, Reaching safepoint: 8900 ns, Cleanup: 9100 ns, At safepoint: 9351903 ns, Total: 9369903 ns
[2.556s][debug][gc,heap       ] GC(34) Heap before GC invocations=34 (full 0):
[2.556s][debug][gc,heap       ] GC(34)  garbage-first heap   total 1048576K, used 394116K [0x00000000c0000000, 0x0000000100000000)
[2.556s][debug][gc,heap       ] GC(34)   region size 1024K, 51 young (52224K), 7 survivors (7168K)
[2.556s][debug][gc,heap       ] GC(34)  Metaspace       used 6340K, committed 6464K, reserved 1114112K
[2.556s][debug][gc,heap       ] GC(34)   class space    used 546K, committed 640K, reserved 1048576K
[2.556s][info ][gc,start      ] GC(34) Pause Young (Mixed) (G1 Evacuation Pause)
[2.557s][info ][gc,task       ] GC(34) Using 10 workers of 10 for evacuation
[2.557s][trace][gc,ergo,cset  ] GC(34) Start choosing CSet. Pending cards: 54 target pause time: 200.00ms
[2.557s][trace][gc,ergo,cset  ] GC(34) Added young regions to CSet. Eden: 44 regions, Survivors: 7 regions, predicted eden time: 6.23ms, predicted base time: 2.01ms, target pause time: 200.00ms, remaining time: 191.76ms
[2.557s][debug][gc,ergo,cset  ] GC(34) Start adding old regions to collection set. Min 30 regions, max 103 regions, time remaining 191.76ms, optional threshold 38.35ms
[2.557s][debug][gc,ergo,cset  ] GC(34) Old candidate collection set empty.
[2.557s][debug][gc,ergo,cset  ] GC(34) Finish choosing collection set old regions. Initial: 27, optional: 0, predicted old time: 0.00ms, predicted optional time: 0.00ms, time remaining: 188.22
[2.557s][debug][gc,ergo       ] GC(34) Running G1 Merge Heap Roots using 10 workers for 78 regions
[2.564s][debug][gc,ergo       ] GC(34) Running G1 Rebuild Free List Task using 10 workers for rebuilding free list of regions
[2.564s][debug][gc,ergo,heap  ] GC(34) Heap expansion: short term pause time ratio 60.97% long term pause time ratio 48.99% threshold 7.69% pause time ratio 7.69% fully expanded true resize by 0B
[2.564s][debug][gc,ergo       ] GC(34) do not continue mixed GCs (candidate old regions not available)
[2.564s][debug][gc,ergo,refine] GC(34) Concurrent refinement times: Logged Cards Scan time goal: 20.00ms Logged Cards Scan time: 0.02ms HCC time: 0.00ms
[2.564s][trace][gc,ergo,refine] GC(34) Updating Refinement Zones: logged cards scan time: 0.018ms, processed cards: 37, goal time: 19.999ms
[2.564s][debug][gc,ergo,refine] GC(34) Updated Refinement Zones: green: 2560, yellow: 7680, red: 12800
[2.564s][info ][gc,phases     ] GC(34)   Pre Evacuate Collection Set: 0.3ms
[2.564s][info ][gc,phases     ] GC(34)   Merge Heap Roots: 0.1ms
[2.564s][info ][gc,phases     ] GC(34)   Evacuate Collection Set: 6.1ms
[2.564s][info ][gc,phases     ] GC(34)   Post Evacuate Collection Set: 0.6ms
[2.564s][info ][gc,phases     ] GC(34)   Other: 0.4ms
[2.564s][info ][gc,heap       ] GC(34) Eden regions: 44->0(305)
[2.564s][info ][gc,heap       ] GC(34) Survivor regions: 7->7(7)
[2.564s][info ][gc,heap       ] GC(34) Old regions: 335->333
[2.564s][info ][gc,heap       ] GC(34) Archive regions: 0->0
[2.564s][info ][gc,heap       ] GC(34) Humongous regions: 0->0
[2.564s][info ][gc,metaspace  ] GC(34) Metaspace: 6340K(6464K)->6340K(6464K) NonClass: 5793K(5824K)->5793K(5824K) Class: 546K(640K)->546K(640K)
[2.564s][debug][gc,heap       ] GC(34) Heap after GC invocations=35 (full 0):
[2.564s][debug][gc,heap       ] GC(34)  garbage-first heap   total 1048576K, used 347836K [0x00000000c0000000, 0x0000000100000000)
[2.564s][debug][gc,heap       ] GC(34)   region size 1024K, 7 young (7168K), 7 survivors (7168K)
[2.564s][debug][gc,heap       ] GC(34)  Metaspace       used 6340K, committed 6464K, reserved 1114112K
[2.564s][debug][gc,heap       ] GC(34)   class space    used 546K, committed 640K, reserved 1048576K
[2.564s][info ][gc            ] GC(34) Pause Young (Mixed) (G1 Evacuation Pause) 385M->339M(1024M) 7.400ms
[2.564s][info ][gc,cpu        ] GC(34) User=0.06s Sys=0.00s Real=0.01s
[2.564s][info ][safepoint     ] Safepoint "G1CollectForAllocation", Time since last: 5152101 ns, Reaching safepoint: 8400 ns, Cleanup: 7500 ns, At safepoint: 7520802 ns, Total: 7536702 ns
[2.602s][debug][gc,heap       ] GC(35) Heap before GC invocations=35 (full 0):
[2.602s][debug][gc,heap       ] GC(35)  garbage-first heap   total 1048576K, used 659132K [0x00000000c0000000, 0x0000000100000000)
[2.602s][debug][gc,heap       ] GC(35)   region size 1024K, 312 young (319488K), 7 survivors (7168K)
[2.602s][debug][gc,heap       ] GC(35)  Metaspace       used 6340K, committed 6464K, reserved 1114112K
[2.602s][debug][gc,heap       ] GC(35)   class space    used 546K, committed 640K, reserved 1048576K
[2.602s][info ][gc,start      ] GC(35) Pause Young (Normal) (G1 Evacuation Pause)
[2.602s][info ][gc,task       ] GC(35) Using 10 workers of 10 for evacuation
[2.602s][trace][gc,ergo,cset  ] GC(35) Start choosing CSet. Pending cards: 36 target pause time: 200.00ms
[2.602s][trace][gc,ergo,cset  ] GC(35) Added young regions to CSet. Eden: 305 regions, Survivors: 7 regions, predicted eden time: 0.27ms, predicted base time: 2.05ms, target pause time: 200.00ms, remaining time: 197.68ms
[2.602s][debug][gc,ergo       ] GC(35) Running G1 Merge Heap Roots using 10 workers for 312 regions
[2.638s][debug][gc,ergo       ] GC(35) Running G1 Rebuild Free List Task using 10 workers for rebuilding free list of regions
[2.638s][debug][gc,ergo,heap  ] GC(35) Heap expansion: short term pause time ratio 55.90% long term pause time ratio 48.72% threshold 7.69% pause time ratio 7.69% fully expanded true resize by 0B
[2.638s][debug][gc,ergo,refine] GC(35) Concurrent refinement times: Logged Cards Scan time goal: 20.00ms Logged Cards Scan time: 0.20ms HCC time: 0.00ms
[2.638s][trace][gc,ergo,refine] GC(35) Updating Refinement Zones: logged cards scan time: 0.196ms, processed cards: 5, goal time: 19.999ms
[2.638s][debug][gc,ergo,refine] GC(35) Updated Refinement Zones: green: 2560, yellow: 7680, red: 12800
[2.638s][info ][gc,phases     ] GC(35)   Pre Evacuate Collection Set: 0.3ms
[2.638s][info ][gc,phases     ] GC(35)   Merge Heap Roots: 0.2ms
[2.638s][info ][gc,phases     ] GC(35)   Evacuate Collection Set: 35.0ms
[2.638s][info ][gc,phases     ] GC(35)   Post Evacuate Collection Set: 0.8ms
[2.638s][info ][gc,phases     ] GC(35)   Other: 0.2ms
[2.638s][info ][gc,heap       ] GC(35) Eden regions: 305->0(244)
[2.638s][info ][gc,heap       ] GC(35) Survivor regions: 7->39(39)
[2.639s][info ][gc,heap       ] GC(35) Old regions: 333->405
[2.639s][info ][gc,heap       ] GC(35) Archive regions: 0->0
[2.639s][info ][gc,heap       ] GC(35) Humongous regions: 0->0
[2.639s][info ][gc,metaspace  ] GC(35) Metaspace: 6340K(6464K)->6340K(6464K) NonClass: 5793K(5824K)->5793K(5824K) Class: 546K(640K)->546K(640K)
[2.639s][debug][gc,heap       ] GC(35) Heap after GC invocations=36 (full 0):
[2.639s][debug][gc,heap       ] GC(35)  garbage-first heap   total 1048576K, used 454532K [0x00000000c0000000, 0x0000000100000000)
[2.639s][debug][gc,heap       ] GC(35)   region size 1024K, 39 young (39936K), 39 survivors (39936K)
[2.639s][debug][gc,heap       ] GC(35)  Metaspace       used 6340K, committed 6464K, reserved 1114112K
[2.639s][debug][gc,heap       ] GC(35)   class space    used 546K, committed 640K, reserved 1048576K
[2.639s][info ][gc            ] GC(35) Pause Young (Normal) (G1 Evacuation Pause) 644M->443M(1024M) 36.510ms
[2.639s][info ][gc,cpu        ] GC(35) User=0.24s Sys=0.11s Real=0.04s
[2.639s][info ][safepoint     ] Safepoint "G1CollectForAllocation", Time since last: 38119509 ns, Reaching safepoint: 7000 ns, Cleanup: 6700 ns, At safepoint: 36634109 ns, Total: 36647809 ns
[2.668s][debug][gc,heap       ] GC(36) Heap before GC invocations=36 (full 0):
[2.668s][debug][gc,heap       ] GC(36)  garbage-first heap   total 1048576K, used 703364K [0x00000000c0000000, 0x0000000100000000)
[2.668s][debug][gc,heap       ] GC(36)   region size 1024K, 283 young (289792K), 39 survivors (39936K)
[2.668s][debug][gc,heap       ] GC(36)  Metaspace       used 6340K, committed 6464K, reserved 1114112K
[2.668s][debug][gc,heap       ] GC(36)   class space    used 546K, committed 640K, reserved 1048576K
[2.668s][info ][gc,start      ] GC(36) Pause Young (Normal) (G1 Evacuation Pause)
[2.668s][info ][gc,task       ] GC(36) Using 10 workers of 10 for evacuation
[2.668s][trace][gc,ergo,cset  ] GC(36) Start choosing CSet. Pending cards: 60 target pause time: 200.00ms
[2.668s][trace][gc,ergo,cset  ] GC(36) Added young regions to CSet. Eden: 244 regions, Survivors: 39 regions, predicted eden time: 29.55ms, predicted base time: 3.59ms, target pause time: 200.00ms, remaining time: 166.86ms
[2.669s][debug][gc,ergo       ] GC(36) Running G1 Merge Heap Roots using 10 workers for 283 regions
[2.690s][debug][gc,ergo       ] GC(36) Running G1 Rebuild Free List Task using 10 workers for rebuilding free list of regions
[2.690s][debug][gc,ergo,heap  ] GC(36) Heap expansion: short term pause time ratio 48.64% long term pause time ratio 48.77% threshold 7.69% pause time ratio 7.69% fully expanded true resize by 0B
[2.690s][debug][gc,ergo,refine] GC(36) Concurrent refinement times: Logged Cards Scan time goal: 20.00ms Logged Cards Scan time: 0.07ms HCC time: 0.00ms
[2.690s][trace][gc,ergo,refine] GC(36) Updating Refinement Zones: logged cards scan time: 0.074ms, processed cards: 26, goal time: 19.999ms
[2.690s][debug][gc,ergo,refine] GC(36) Updated Refinement Zones: green: 2560, yellow: 7680, red: 12800
[2.690s][info ][gc,phases     ] GC(36)   Pre Evacuate Collection Set: 0.3ms
[2.690s][info ][gc,phases     ] GC(36)   Merge Heap Roots: 0.2ms
[2.690s][info ][gc,phases     ] GC(36)   Evacuate Collection Set: 20.4ms
[2.690s][info ][gc,phases     ] GC(36)   Post Evacuate Collection Set: 0.7ms
[2.690s][info ][gc,phases     ] GC(36)   Other: 0.2ms
[2.690s][info ][gc,heap       ] GC(36) Eden regions: 244->0(203)
[2.690s][info ][gc,heap       ] GC(36) Survivor regions: 39->36(36)
[2.690s][info ][gc,heap       ] GC(36) Old regions: 405->481
[2.690s][info ][gc,heap       ] GC(36) Archive regions: 0->0
[2.690s][info ][gc,heap       ] GC(36) Humongous regions: 0->0
[2.690s][info ][gc,metaspace  ] GC(36) Metaspace: 6340K(6464K)->6340K(6464K) NonClass: 5793K(5824K)->5793K(5824K) Class: 546K(640K)->546K(640K)
[2.690s][debug][gc,heap       ] GC(36) Heap after GC invocations=37 (full 0):
[2.690s][debug][gc,heap       ] GC(36)  garbage-first heap   total 1048576K, used 529184K [0x00000000c0000000, 0x0000000100000000)
[2.690s][debug][gc,heap       ] GC(36)   region size 1024K, 36 young (36864K), 36 survivors (36864K)
[2.690s][debug][gc,heap       ] GC(36)  Metaspace       used 6340K, committed 6464K, reserved 1114112K
[2.690s][debug][gc,heap       ] GC(36)   class space    used 546K, committed 640K, reserved 1048576K
[2.690s][info ][gc            ] GC(36) Pause Young (Normal) (G1 Evacuation Pause) 687M->516M(1024M) 21.710ms
[2.690s][info ][gc,cpu        ] GC(36) User=0.19s Sys=0.00s Real=0.02s
[2.690s][info ][safepoint     ] Safepoint "G1CollectForAllocation", Time since last: 29625507 ns, Reaching safepoint: 7600 ns, Cleanup: 7200 ns, At safepoint: 21825305 ns, Total: 21840105 ns
[2.717s][debug][gc,heap       ] GC(37) Heap before GC invocations=37 (full 0):
[2.717s][debug][gc,heap       ] GC(37)  garbage-first heap   total 1048576K, used 736032K [0x00000000c0000000, 0x0000000100000000)
[2.717s][debug][gc,heap       ] GC(37)   region size 1024K, 239 young (244736K), 36 survivors (36864K)
[2.717s][debug][gc,heap       ] GC(37)  Metaspace       used 6340K, committed 6464K, reserved 1114112K
[2.717s][debug][gc,heap       ] GC(37)   class space    used 546K, committed 640K, reserved 1048576K
[2.717s][info ][gc,start      ] GC(37) Pause Young (Normal) (G1 Evacuation Pause)
[2.717s][info ][gc,task       ] GC(37) Using 10 workers of 10 for evacuation
[2.717s][trace][gc,ergo,cset  ] GC(37) Start choosing CSet. Pending cards: 55 target pause time: 200.00ms
[2.717s][trace][gc,ergo,cset  ] GC(37) Added young regions to CSet. Eden: 203 regions, Survivors: 36 regions, predicted eden time: 23.39ms, predicted base time: 2.50ms, target pause time: 200.00ms, remaining time: 174.11ms
[2.717s][debug][gc,ergo       ] GC(37) Running G1 Merge Heap Roots using 10 workers for 239 regions
[2.739s][debug][gc,ergo       ] GC(37) Running G1 Rebuild Free List Task using 10 workers for rebuilding free list of regions
[2.739s][debug][gc,ergo,heap  ] GC(37) Heap expansion: short term pause time ratio 41.91% long term pause time ratio 48.03% threshold 7.69% pause time ratio 7.69% fully expanded true resize by 0B
[2.739s][debug][gc,ergo,refine] GC(37) Concurrent refinement times: Logged Cards Scan time goal: 20.00ms Logged Cards Scan time: 0.06ms HCC time: 0.00ms
[2.739s][trace][gc,ergo,refine] GC(37) Updating Refinement Zones: logged cards scan time: 0.061ms, processed cards: 30, goal time: 19.999ms
[2.739s][debug][gc,ergo,refine] GC(37) Updated Refinement Zones: green: 2560, yellow: 7680, red: 12800
[2.739s][info ][gc,phases     ] GC(37)   Pre Evacuate Collection Set: 0.3ms
[2.739s][info ][gc,phases     ] GC(37)   Merge Heap Roots: 0.2ms
[2.739s][info ][gc,phases     ] GC(37)   Evacuate Collection Set: 21.1ms
[2.739s][info ][gc,phases     ] GC(37)   Post Evacuate Collection Set: 0.7ms
[2.739s][info ][gc,phases     ] GC(37)   Other: 0.4ms
[2.739s][info ][gc,heap       ] GC(37) Eden regions: 203->0(167)
[2.739s][info ][gc,heap       ] GC(37) Survivor regions: 36->30(30)
[2.739s][info ][gc,heap       ] GC(37) Old regions: 481->553
[2.739s][info ][gc,heap       ] GC(37) Archive regions: 0->0
[2.739s][info ][gc,heap       ] GC(37) Humongous regions: 0->0
[2.739s][info ][gc,metaspace  ] GC(37) Metaspace: 6340K(6464K)->6340K(6464K) NonClass: 5793K(5824K)->5793K(5824K) Class: 546K(640K)->546K(640K)
[2.739s][debug][gc,heap       ] GC(37) Heap after GC invocations=38 (full 0):
[2.739s][debug][gc,heap       ] GC(37)  garbage-first heap   total 1048576K, used 596468K [0x00000000c0000000, 0x0000000100000000)
[2.739s][debug][gc,heap       ] GC(37)   region size 1024K, 30 young (30720K), 30 survivors (30720K)
[2.739s][debug][gc,heap       ] GC(37)  Metaspace       used 6340K, committed 6464K, reserved 1114112K
[2.739s][debug][gc,heap       ] GC(37)   class space    used 546K, committed 640K, reserved 1048576K
[2.739s][info ][gc            ] GC(37) Pause Young (Normal) (G1 Evacuation Pause) 719M->582M(1024M) 22.612ms
[2.739s][info ][gc,cpu        ] GC(37) User=0.20s Sys=0.00s Real=0.02s
[2.739s][info ][safepoint     ] Safepoint "G1CollectForAllocation", Time since last: 26496207 ns, Reaching safepoint: 13800 ns, Cleanup: 13700 ns, At safepoint: 22828905 ns, Total: 22856405 ns
[2.763s][debug][gc,heap       ] GC(38) Heap before GC invocations=38 (full 0):
[2.763s][debug][gc,heap       ] GC(38)  garbage-first heap   total 1048576K, used 766452K [0x00000000c0000000, 0x0000000100000000)
[2.763s][debug][gc,heap       ] GC(38)   region size 1024K, 197 young (201728K), 30 survivors (30720K)
[2.763s][debug][gc,heap       ] GC(38)  Metaspace       used 6340K, committed 6464K, reserved 1114112K
[2.763s][debug][gc,heap       ] GC(38)   class space    used 546K, committed 640K, reserved 1048576K
[2.763s][info ][gc,start      ] GC(38) Pause Young (Normal) (G1 Evacuation Pause)
[2.763s][info ][gc,task       ] GC(38) Using 10 workers of 10 for evacuation
[2.763s][trace][gc,ergo,cset  ] GC(38) Start choosing CSet. Pending cards: 53 target pause time: 200.00ms
[2.763s][trace][gc,ergo,cset  ] GC(38) Added young regions to CSet. Eden: 167 regions, Survivors: 30 regions, predicted eden time: 19.14ms, predicted base time: 1.92ms, target pause time: 200.00ms, remaining time: 178.93ms
[2.763s][debug][gc,ergo       ] GC(38) Running G1 Merge Heap Roots using 10 workers for 197 regions
[2.828s][debug][gc,ergo       ] GC(38) Running G1 Rebuild Free List Task using 10 workers for rebuilding free list of regions
[2.828s][debug][gc,ergo,heap  ] GC(38) Heap expansion: short term pause time ratio 45.44% long term pause time ratio 48.07% threshold 7.69% pause time ratio 7.69% fully expanded true resize by 0B
[2.828s][debug][gc,ergo,refine] GC(38) Concurrent refinement times: Logged Cards Scan time goal: 20.00ms Logged Cards Scan time: 0.04ms HCC time: 0.00ms
[2.828s][trace][gc,ergo,refine] GC(38) Updating Refinement Zones: logged cards scan time: 0.036ms, processed cards: 28, goal time: 19.999ms
[2.828s][debug][gc,ergo,refine] GC(38) Updated Refinement Zones: green: 2560, yellow: 7680, red: 12800
[2.828s][info ][gc,phases     ] GC(38)   Pre Evacuate Collection Set: 0.3ms
[2.828s][info ][gc,phases     ] GC(38)   Merge Heap Roots: 0.2ms
[2.828s][info ][gc,phases     ] GC(38)   Evacuate Collection Set: 63.5ms
[2.828s][info ][gc,phases     ] GC(38)   Post Evacuate Collection Set: 0.9ms
[2.828s][info ][gc,phases     ] GC(38)   Other: 0.3ms
[2.828s][info ][gc,heap       ] GC(38) Eden regions: 167->0(136)
[2.828s][info ][gc,heap       ] GC(38) Survivor regions: 30->25(25)
[2.828s][info ][gc,heap       ] GC(38) Old regions: 553->615
[2.828s][info ][gc,heap       ] GC(38) Archive regions: 0->0
[2.828s][info ][gc,heap       ] GC(38) Humongous regions: 0->0
[2.828s][info ][gc,metaspace  ] GC(38) Metaspace: 6340K(6464K)->6340K(6464K) NonClass: 5793K(5824K)->5793K(5824K) Class: 546K(640K)->546K(640K)
[2.828s][debug][gc,heap       ] GC(38) Heap after GC invocations=39 (full 0):
[2.828s][debug][gc,heap       ] GC(38)  garbage-first heap   total 1048576K, used 654936K [0x00000000c0000000, 0x0000000100000000)
[2.828s][debug][gc,heap       ] GC(38)   region size 1024K, 25 young (25600K), 25 survivors (25600K)
[2.828s][debug][gc,heap       ] GC(38)  Metaspace       used 6340K, committed 6464K, reserved 1114112K
[2.828s][debug][gc,heap       ] GC(38)   class space    used 546K, committed 640K, reserved 1048576K
[2.828s][info ][gc            ] GC(38) Pause Young (Normal) (G1 Evacuation Pause) 749M->639M(1024M) 65.416ms
[2.829s][info ][gc,cpu        ] GC(38) User=0.08s Sys=0.50s Real=0.07s
[2.829s][info ][safepoint     ] Safepoint "G1CollectForAllocation", Time since last: 23560706 ns, Reaching safepoint: 6300 ns, Cleanup: 7900 ns, At safepoint: 65574416 ns, Total: 65588616 ns
[2.846s][debug][gc,heap       ] GC(39) Heap before GC invocations=39 (full 0):
[2.846s][debug][gc,heap       ] GC(39)  garbage-first heap   total 1048576K, used 793176K [0x00000000c0000000, 0x0000000100000000)
[2.846s][debug][gc,heap       ] GC(39)   region size 1024K, 161 young (164864K), 25 survivors (25600K)
[2.846s][debug][gc,heap       ] GC(39)  Metaspace       used 6340K, committed 6464K, reserved 1114112K
[2.846s][debug][gc,heap       ] GC(39)   class space    used 546K, committed 640K, reserved 1048576K
[2.846s][info ][gc,start      ] GC(39) Pause Young (Normal) (G1 Evacuation Pause)
[2.846s][info ][gc,task       ] GC(39) Using 10 workers of 10 for evacuation
[2.846s][trace][gc,ergo,cset  ] GC(39) Start choosing CSet. Pending cards: 33 target pause time: 200.00ms
[2.846s][trace][gc,ergo,cset  ] GC(39) Added young regions to CSet. Eden: 136 regions, Survivors: 25 regions, predicted eden time: 31.52ms, predicted base time: 1.65ms, target pause time: 200.00ms, remaining time: 166.83ms
[2.847s][debug][gc,ergo       ] GC(39) Running G1 Merge Heap Roots using 10 workers for 161 regions
[2.905s][debug][gc,ergo       ] GC(39) Running G1 Rebuild Free List Task using 10 workers for rebuilding free list of regions
[2.905s][debug][gc,ergo,heap  ] GC(39) Heap expansion: short term pause time ratio 73.10% long term pause time ratio 54.29% threshold 7.69% pause time ratio 7.69% fully expanded true resize by 0B
[2.905s][debug][gc,ergo,refine] GC(39) Concurrent refinement times: Logged Cards Scan time goal: 20.00ms Logged Cards Scan time: 0.03ms HCC time: 0.00ms
[2.905s][trace][gc,ergo,refine] GC(39) Updating Refinement Zones: logged cards scan time: 0.029ms, processed cards: 17, goal time: 19.999ms
[2.905s][debug][gc,ergo,refine] GC(39) Updated Refinement Zones: green: 2560, yellow: 7680, red: 12800
[2.905s][info ][gc,phases     ] GC(39)   Pre Evacuate Collection Set: 0.3ms
[2.905s][info ][gc,phases     ] GC(39)   Merge Heap Roots: 0.2ms
[2.905s][info ][gc,phases     ] GC(39)   Evacuate Collection Set: 58.0ms
[2.905s][info ][gc,phases     ] GC(39)   Post Evacuate Collection Set: 0.6ms
[2.905s][info ][gc,phases     ] GC(39)   Other: 0.3ms
[2.905s][info ][gc,heap       ] GC(39) Eden regions: 136->0(108)
[2.905s][info ][gc,heap       ] GC(39) Survivor regions: 25->21(21)
[2.905s][info ][gc,heap       ] GC(39) Old regions: 615->671
[2.905s][info ][gc,heap       ] GC(39) Archive regions: 0->0
[2.905s][info ][gc,heap       ] GC(39) Humongous regions: 0->0
[2.905s][info ][gc,metaspace  ] GC(39) Metaspace: 6340K(6464K)->6340K(6464K) NonClass: 5793K(5824K)->5793K(5824K) Class: 546K(640K)->546K(640K)
[2.905s][debug][gc,heap       ] GC(39) Heap after GC invocations=40 (full 0):
[2.905s][debug][gc,heap       ] GC(39)  garbage-first heap   total 1048576K, used 708584K [0x00000000c0000000, 0x0000000100000000)
[2.906s][debug][gc,heap       ] GC(39)   region size 1024K, 21 young (21504K), 21 survivors (21504K)
[2.906s][debug][gc,heap       ] GC(39)  Metaspace       used 6340K, committed 6464K, reserved 1114112K
[2.906s][debug][gc,heap       ] GC(39)   class space    used 546K, committed 640K, reserved 1048576K
[2.906s][info ][gc            ] GC(39) Pause Young (Normal) (G1 Evacuation Pause) 775M->691M(1024M) 59.355ms
[2.906s][info ][gc,cpu        ] GC(39) User=0.06s Sys=0.49s Real=0.06s
[2.906s][info ][safepoint     ] Safepoint "G1CollectForAllocation", Time since last: 17455404 ns, Reaching safepoint: 6000 ns, Cleanup: 7200 ns, At safepoint: 59552214 ns, Total: 59565414 ns
[2.923s][debug][gc,heap       ] GC(40) Heap before GC invocations=40 (full 0):
[2.923s][debug][gc,heap       ] GC(40)  garbage-first heap   total 1048576K, used 818152K [0x00000000c0000000, 0x0000000100000000)
[2.923s][debug][gc,heap       ] GC(40)   region size 1024K, 129 young (132096K), 21 survivors (21504K)
[2.923s][debug][gc,heap       ] GC(40)  Metaspace       used 6340K, committed 6464K, reserved 1114112K
[2.923s][debug][gc,heap       ] GC(40)   class space    used 546K, committed 640K, reserved 1048576K
[2.923s][info ][gc,start      ] GC(40) Pause Young (Normal) (G1 Evacuation Pause)
[2.923s][info ][gc,task       ] GC(40) Using 10 workers of 10 for evacuation
[2.923s][trace][gc,ergo,cset  ] GC(40) Start choosing CSet. Pending cards: 33 target pause time: 200.00ms
[2.923s][trace][gc,ergo,cset  ] GC(40) Added young regions to CSet. Eden: 108 regions, Survivors: 21 regions, predicted eden time: 32.59ms, predicted base time: 1.42ms, target pause time: 200.00ms, remaining time: 165.99ms
[2.923s][debug][gc,ergo       ] GC(40) Running G1 Merge Heap Roots using 10 workers for 129 regions
[2.953s][debug][gc,ergo       ] GC(40) Running G1 Rebuild Free List Task using 10 workers for rebuilding free list of regions
[2.954s][debug][gc,ergo,heap  ] GC(40) Heap expansion: short term pause time ratio 76.60% long term pause time ratio 58.79% threshold 7.69% pause time ratio 7.69% fully expanded true resize by 0B
[2.954s][debug][gc,ergo,refine] GC(40) Concurrent refinement times: Logged Cards Scan time goal: 20.00ms Logged Cards Scan time: 0.02ms HCC time: 0.00ms
[2.954s][trace][gc,ergo,refine] GC(40) Updating Refinement Zones: logged cards scan time: 0.020ms, processed cards: 18, goal time: 19.999ms
[2.954s][debug][gc,ergo,refine] GC(40) Updated Refinement Zones: green: 2560, yellow: 7680, red: 12800
[2.954s][info ][gc,phases     ] GC(40)   Pre Evacuate Collection Set: 0.4ms
[2.954s][info ][gc,phases     ] GC(40)   Merge Heap Roots: 0.2ms
[2.954s][info ][gc,phases     ] GC(40)   Evacuate Collection Set: 29.3ms
[2.954s][info ][gc,phases     ] GC(40)   Post Evacuate Collection Set: 0.8ms
[2.954s][info ][gc,phases     ] GC(40)   Other: 0.4ms
[2.954s][info ][gc,heap       ] GC(40) Eden regions: 108->0(87)
[2.954s][info ][gc,heap       ] GC(40) Survivor regions: 21->17(17)
[2.954s][info ][gc,heap       ] GC(40) Old regions: 671->717
[2.954s][info ][gc,heap       ] GC(40) Archive regions: 0->0
[2.954s][info ][gc,heap       ] GC(40) Humongous regions: 0->0
[2.954s][info ][gc,metaspace  ] GC(40) Metaspace: 6340K(6464K)->6340K(6464K) NonClass: 5793K(5824K)->5793K(5824K) Class: 546K(640K)->546K(640K)
[2.954s][debug][gc,heap       ] GC(40) Heap after GC invocations=41 (full 0):
[2.954s][debug][gc,heap       ] GC(40)  garbage-first heap   total 1048576K, used 751492K [0x00000000c0000000, 0x0000000100000000)
[2.954s][debug][gc,heap       ] GC(40)   region size 1024K, 17 young (17408K), 17 survivors (17408K)
[2.954s][debug][gc,heap       ] GC(40)  Metaspace       used 6340K, committed 6464K, reserved 1114112K
[2.954s][debug][gc,heap       ] GC(40)   class space    used 546K, committed 640K, reserved 1048576K
[2.954s][info ][gc            ] GC(40) Pause Young (Normal) (G1 Evacuation Pause) 799M->733M(1024M) 30.957ms
[2.954s][info ][gc,cpu        ] GC(40) User=0.27s Sys=0.00s Real=0.04s
[2.954s][info ][safepoint     ] Safepoint "G1CollectForAllocation", Time since last: 16982804 ns, Reaching safepoint: 11300 ns, Cleanup: 8800 ns, At safepoint: 31276908 ns, Total: 31297008 ns
[2.968s][debug][gc,heap       ] GC(41) Heap before GC invocations=41 (full 0):
[2.968s][debug][gc,heap       ] GC(41)  garbage-first heap   total 1048576K, used 839556K [0x00000000c0000000, 0x0000000100000000)
[2.968s][debug][gc,heap       ] GC(41)   region size 1024K, 104 young (106496K), 17 survivors (17408K)
[2.968s][debug][gc,heap       ] GC(41)  Metaspace       used 6340K, committed 6464K, reserved 1114112K
[2.968s][debug][gc,heap       ] GC(41)   class space    used 546K, committed 640K, reserved 1048576K
[2.968s][info ][gc,start      ] GC(41) Pause Young (Normal) (G1 Evacuation Pause)
[2.968s][info ][gc,task       ] GC(41) Using 10 workers of 10 for evacuation
[2.968s][trace][gc,ergo,cset  ] GC(41) Start choosing CSet. Pending cards: 33 target pause time: 200.00ms
[2.968s][trace][gc,ergo,cset  ] GC(41) Added young regions to CSet. Eden: 87 regions, Survivors: 17 regions, predicted eden time: 25.34ms, predicted base time: 1.35ms, target pause time: 200.00ms, remaining time: 173.31ms
[2.968s][debug][gc,ergo       ] GC(41) Running G1 Merge Heap Roots using 10 workers for 104 regions
[2.979s][debug][gc,ergo       ] GC(41) Running G1 Rebuild Free List Task using 10 workers for rebuilding free list of regions
[2.979s][debug][gc,ergo,heap  ] GC(41) Heap expansion: short term pause time ratio 63.71% long term pause time ratio 59.93% threshold 7.69% pause time ratio 7.69% fully expanded true resize by 0B
[2.979s][debug][gc,ergo,refine] GC(41) Concurrent refinement times: Logged Cards Scan time goal: 20.00ms Logged Cards Scan time: 0.04ms HCC time: 0.00ms
[2.979s][trace][gc,ergo,refine] GC(41) Updating Refinement Zones: logged cards scan time: 0.044ms, processed cards: 24, goal time: 20.000ms
[2.979s][debug][gc,ergo,refine] GC(41) Updated Refinement Zones: green: 2560, yellow: 7680, red: 12800
[2.979s][info ][gc,phases     ] GC(41)   Pre Evacuate Collection Set: 0.3ms
[2.979s][info ][gc,phases     ] GC(41)   Merge Heap Roots: 0.2ms
[2.979s][info ][gc,phases     ] GC(41)   Evacuate Collection Set: 10.1ms
[2.979s][info ][gc,phases     ] GC(41)   Post Evacuate Collection Set: 0.8ms
[2.979s][info ][gc,phases     ] GC(41)   Other: 0.3ms
[2.979s][info ][gc,heap       ] GC(41) Eden regions: 87->0(70)
[2.979s][info ][gc,heap       ] GC(41) Survivor regions: 17->13(13)
[2.979s][info ][gc,heap       ] GC(41) Old regions: 717->757
[2.979s][info ][gc,heap       ] GC(41) Archive regions: 0->0
[2.979s][info ][gc,heap       ] GC(41) Humongous regions: 0->0
[2.979s][info ][gc,metaspace  ] GC(41) Metaspace: 6340K(6464K)->6340K(6464K) NonClass: 5793K(5824K)->5793K(5824K) Class: 546K(640K)->546K(640K)
[2.979s][debug][gc,heap       ] GC(41) Heap after GC invocations=42 (full 0):
[2.979s][debug][gc,heap       ] GC(41)  garbage-first heap   total 1048576K, used 788156K [0x00000000c0000000, 0x0000000100000000)
[2.979s][debug][gc,heap       ] GC(41)   region size 1024K, 13 young (13312K), 13 survivors (13312K)
[2.979s][debug][gc,heap       ] GC(41)  Metaspace       used 6340K, committed 6464K, reserved 1114112K
[2.979s][debug][gc,heap       ] GC(41)   class space    used 546K, committed 640K, reserved 1048576K
[2.979s][info ][gc            ] GC(41) Pause Young (Normal) (G1 Evacuation Pause) 820M->769M(1024M) 11.626ms
[2.979s][info ][gc,cpu        ] GC(41) User=0.10s Sys=0.00s Real=0.01s
[2.979s][info ][safepoint     ] Safepoint "G1CollectForAllocation", Time since last: 13817003 ns, Reaching safepoint: 6000 ns, Cleanup: 7400 ns, At safepoint: 11808803 ns, Total: 11822203 ns
[2.989s][debug][gc,heap       ] GC(42) Heap before GC invocations=42 (full 0):
[2.989s][debug][gc,heap       ] GC(42)  garbage-first heap   total 1048576K, used 858812K [0x00000000c0000000, 0x0000000100000000)
[2.989s][debug][gc,heap       ] GC(42)   region size 1024K, 83 young (84992K), 13 survivors (13312K)
[2.989s][debug][gc,heap       ] GC(42)  Metaspace       used 6340K, committed 6464K, reserved 1114112K
[2.989s][debug][gc,heap       ] GC(42)   class space    used 546K, committed 640K, reserved 1048576K
[2.989s][info ][gc,start      ] GC(42) Pause Young (Normal) (G1 Evacuation Pause)
[2.989s][info ][gc,task       ] GC(42) Using 10 workers of 10 for evacuation
[2.989s][trace][gc,ergo,cset  ] GC(42) Start choosing CSet. Pending cards: 38 target pause time: 200.00ms
[2.989s][trace][gc,ergo,cset  ] GC(42) Added young regions to CSet. Eden: 70 regions, Survivors: 13 regions, predicted eden time: 17.65ms, predicted base time: 1.28ms, target pause time: 200.00ms, remaining time: 181.07ms
[2.989s][debug][gc,ergo       ] GC(42) Running G1 Merge Heap Roots using 10 workers for 83 regions
[3.009s][debug][gc,ergo       ] GC(42) Running G1 Rebuild Free List Task using 10 workers for rebuilding free list of regions
[3.009s][debug][gc,ergo,heap  ] GC(42) Heap expansion: short term pause time ratio 44.40% long term pause time ratio 59.70% threshold 7.69% pause time ratio 7.69% fully expanded true resize by 0B
[3.009s][debug][gc,ergo,ihop  ] GC(42) Request concurrent cycle initiation (occupancy higher than threshold) occupancy: 828375040B allocation request: 0B threshold: 824663906B (76.80) source: end of GC
[3.009s][debug][gc,ergo,refine] GC(42) Concurrent refinement times: Logged Cards Scan time goal: 20.00ms Logged Cards Scan time: 0.02ms HCC time: 0.00ms
[3.009s][trace][gc,ergo,refine] GC(42) Updating Refinement Zones: logged cards scan time: 0.017ms, processed cards: 13, goal time: 19.999ms
[3.009s][debug][gc,ergo,refine] GC(42) Updated Refinement Zones: green: 2560, yellow: 7680, red: 12800
[3.009s][info ][gc,phases     ] GC(42)   Pre Evacuate Collection Set: 0.3ms
[3.009s][info ][gc,phases     ] GC(42)   Merge Heap Roots: 0.2ms
[3.009s][info ][gc,phases     ] GC(42)   Evacuate Collection Set: 18.9ms
[3.009s][info ][gc,phases     ] GC(42)   Post Evacuate Collection Set: 0.7ms
[3.009s][info ][gc,phases     ] GC(42)   Other: 0.3ms
[3.009s][info ][gc,heap       ] GC(42) Eden regions: 70->0(54)
[3.009s][info ][gc,heap       ] GC(42) Survivor regions: 13->11(11)
[3.009s][info ][gc,heap       ] GC(42) Old regions: 757->790
[3.009s][info ][gc,heap       ] GC(42) Archive regions: 0->0
[3.009s][info ][gc,heap       ] GC(42) Humongous regions: 0->0
[3.009s][info ][gc,metaspace  ] GC(42) Metaspace: 6340K(6464K)->6340K(6464K) NonClass: 5793K(5824K)->5793K(5824K) Class: 546K(640K)->546K(640K)
[3.009s][debug][gc,heap       ] GC(42) Heap after GC invocations=43 (full 0):
[3.009s][debug][gc,heap       ] GC(42)  garbage-first heap   total 1048576K, used 820000K [0x00000000c0000000, 0x0000000100000000)
[3.009s][debug][gc,heap       ] GC(42)   region size 1024K, 11 young (11264K), 11 survivors (11264K)
[3.009s][debug][gc,heap       ] GC(42)  Metaspace       used 6340K, committed 6464K, reserved 1114112K
[3.009s][debug][gc,heap       ] GC(42)   class space    used 546K, committed 640K, reserved 1048576K
[3.009s][info ][gc            ] GC(42) Pause Young (Normal) (G1 Evacuation Pause) 839M->800M(1024M) 20.270ms
[3.009s][info ][gc,cpu        ] GC(42) User=0.18s Sys=0.00s Real=0.02s
[3.009s][info ][safepoint     ] Safepoint "G1CollectForAllocation", Time since last: 9255802 ns, Reaching safepoint: 13500 ns, Cleanup: 13900 ns, At safepoint: 20445005 ns, Total: 20472405 ns
[3.016s][debug][gc,heap       ] GC(43) Heap before GC invocations=43 (full 0):
[3.016s][debug][gc,heap       ] GC(43)  garbage-first heap   total 1048576K, used 874272K [0x00000000c0000000, 0x0000000100000000)
[3.016s][debug][gc,heap       ] GC(43)   region size 1024K, 65 young (66560K), 11 survivors (11264K)
[3.016s][debug][gc,heap       ] GC(43)  Metaspace       used 6340K, committed 6464K, reserved 1114112K
[3.016s][debug][gc,heap       ] GC(43)   class space    used 546K, committed 640K, reserved 1048576K
[3.016s][debug][gc,ergo       ] GC(43) Initiate concurrent cycle (concurrent cycle initiation requested)
[3.016s][info ][gc,start      ] GC(43) Pause Young (Concurrent Start) (G1 Evacuation Pause)
[3.016s][info ][gc,task       ] GC(43) Using 10 workers of 10 for evacuation
[3.016s][trace][gc,ergo,cset  ] GC(43) Start choosing CSet. Pending cards: 40 target pause time: 200.00ms
[3.017s][trace][gc,ergo,cset  ] GC(43) Added young regions to CSet. Eden: 54 regions, Survivors: 11 regions, predicted eden time: 13.65ms, predicted base time: 1.23ms, target pause time: 200.00ms, remaining time: 185.12ms
[3.017s][debug][gc,ergo       ] GC(43) Running G1 Merge Heap Roots using 10 workers for 65 regions
[3.025s][debug][gc,ergo       ] GC(43) Running G1 Rebuild Free List Task using 10 workers for rebuilding free list of regions
[3.025s][debug][gc,ergo,heap  ] GC(43) Heap expansion: short term pause time ratio 67.45% long term pause time ratio 59.81% threshold 7.69% pause time ratio 7.69% fully expanded true resize by 0B
[3.025s][debug][gc,ergo,refine] GC(43) Concurrent refinement times: Logged Cards Scan time goal: 20.00ms Logged Cards Scan time: 0.01ms HCC time: 0.00ms
[3.025s][trace][gc,ergo,refine] GC(43) Updating Refinement Zones: logged cards scan time: 0.009ms, processed cards: 31, goal time: 20.000ms
[3.025s][debug][gc,ergo,refine] GC(43) Updated Refinement Zones: green: 2560, yellow: 7680, red: 12800
[3.025s][info ][gc,phases     ] GC(43)   Pre Evacuate Collection Set: 0.3ms
[3.025s][info ][gc,phases     ] GC(43)   Merge Heap Roots: 0.2ms
[3.025s][info ][gc,phases     ] GC(43)   Evacuate Collection Set: 7.4ms
[3.025s][info ][gc,phases     ] GC(43)   Post Evacuate Collection Set: 0.6ms
[3.025s][info ][gc,phases     ] GC(43)   Other: 0.5ms
[3.025s][info ][gc,heap       ] GC(43) Eden regions: 54->0(44)
[3.025s][info ][gc,heap       ] GC(43) Survivor regions: 11->9(9)
[3.025s][info ][gc,heap       ] GC(43) Old regions: 790->815
[3.025s][info ][gc,heap       ] GC(43) Archive regions: 0->0
[3.025s][info ][gc,heap       ] GC(43) Humongous regions: 0->0
[3.025s][info ][gc,metaspace  ] GC(43) Metaspace: 6340K(6464K)->6340K(6464K) NonClass: 5793K(5824K)->5793K(5824K) Class: 546K(640K)->546K(640K)
[3.025s][debug][gc,heap       ] GC(43) Heap after GC invocations=44 (full 0):
[3.025s][debug][gc,heap       ] GC(43)  garbage-first heap   total 1048576K, used 843752K [0x00000000c0000000, 0x0000000100000000)
[3.025s][debug][gc,heap       ] GC(43)   region size 1024K, 9 young (9216K), 9 survivors (9216K)
[3.025s][debug][gc,heap       ] GC(43)  Metaspace       used 6340K, committed 6464K, reserved 1114112K
[3.025s][debug][gc,heap       ] GC(43)   class space    used 546K, committed 640K, reserved 1048576K
[3.025s][info ][gc            ] GC(43) Pause Young (Concurrent Start) (G1 Evacuation Pause) 854M->823M(1024M) 8.921ms
[3.025s][info ][gc,cpu        ] GC(43) User=0.07s Sys=0.00s Real=0.01s
[3.025s][info ][safepoint     ] Safepoint "G1CollectForAllocation", Time since last: 7085302 ns, Reaching safepoint: 7100 ns, Cleanup: 8000 ns, At safepoint: 9164502 ns, Total: 9179602 ns
[3.025s][info ][gc            ] GC(44) Concurrent Mark Cycle
[3.026s][info ][gc,marking    ] GC(44) Concurrent Clear Claimed Marks
[3.026s][info ][gc,marking    ] GC(44) Concurrent Clear Claimed Marks 0.041ms
[3.026s][info ][gc,marking    ] GC(44) Concurrent Scan Root Regions
[3.026s][debug][gc,ergo       ] GC(44) Running G1 Root Region Scan using 3 workers for 35 work units.
[3.026s][info ][gc,marking    ] GC(44) Concurrent Scan Root Regions 0.190ms
[3.026s][info ][gc,marking    ] GC(44) Concurrent Mark
[3.026s][info ][gc,marking    ] GC(44) Concurrent Mark From Roots
[3.026s][info ][gc,task       ] GC(44) Using 3 workers of 3 for marking
[3.034s][debug][gc,heap       ] GC(45) Heap before GC invocations=44 (full 0):
[3.035s][debug][gc,heap       ] GC(45)  garbage-first heap   total 1048576K, used 887784K [0x00000000c0000000, 0x0000000100000000)
[3.035s][debug][gc,heap       ] GC(45)   region size 1024K, 53 young (54272K), 9 survivors (9216K)
[3.035s][debug][gc,heap       ] GC(45)  Metaspace       used 6340K, committed 6464K, reserved 1114112K
[3.035s][debug][gc,heap       ] GC(45)   class space    used 546K, committed 640K, reserved 1048576K
[3.035s][info ][gc,start      ] GC(45) Pause Young (Normal) (G1 Evacuation Pause)
[3.035s][info ][gc,task       ] GC(45) Using 10 workers of 10 for evacuation
[3.035s][trace][gc,ergo,cset  ] GC(45) Start choosing CSet. Pending cards: 52 target pause time: 200.00ms
[3.035s][trace][gc,ergo,cset  ] GC(45) Added young regions to CSet. Eden: 44 regions, Survivors: 9 regions, predicted eden time: 10.47ms, predicted base time: 1.22ms, target pause time: 200.00ms, remaining time: 188.31ms
[3.036s][debug][gc,ergo       ] GC(45) Running G1 Merge Heap Roots using 10 workers for 53 regions
[3.042s][debug][gc,ergo       ] GC(45) Running G1 Rebuild Free List Task using 10 workers for rebuilding free list of regions
[3.042s][debug][gc,ergo,heap  ] GC(45) Heap expansion: short term pause time ratio 54.18% long term pause time ratio 59.58% threshold 7.69% pause time ratio 7.69% fully expanded true resize by 0B
[3.042s][debug][gc,ergo,refine] GC(45) Concurrent refinement times: Logged Cards Scan time goal: 20.00ms Logged Cards Scan time: 0.02ms HCC time: 0.00ms
[3.042s][trace][gc,ergo,refine] GC(45) Updating Refinement Zones: logged cards scan time: 0.016ms, processed cards: 43, goal time: 20.000ms
[3.042s][debug][gc,ergo,refine] GC(45) Updated Refinement Zones: green: 2560, yellow: 7680, red: 12800
[3.042s][info ][gc,phases     ] GC(45)   Pre Evacuate Collection Set: 0.3ms
[3.042s][info ][gc,phases     ] GC(45)   Merge Heap Roots: 0.2ms
[3.042s][info ][gc,phases     ] GC(45)   Evacuate Collection Set: 5.4ms
[3.042s][info ][gc,phases     ] GC(45)   Post Evacuate Collection Set: 0.7ms
[3.042s][info ][gc,phases     ] GC(45)   Other: 1.3ms
[3.042s][info ][gc,heap       ] GC(45) Eden regions: 44->0(44)
[3.042s][info ][gc,heap       ] GC(45) Survivor regions: 9->7(7)
[3.042s][info ][gc,heap       ] GC(45) Old regions: 815->839
[3.042s][info ][gc,heap       ] GC(45) Archive regions: 0->0
[3.042s][info ][gc,heap       ] GC(45) Humongous regions: 0->0
[3.042s][info ][gc,metaspace  ] GC(45) Metaspace: 6340K(6464K)->6340K(6464K) NonClass: 5793K(5824K)->5793K(5824K) Class: 546K(640K)->546K(640K)
[3.042s][debug][gc,heap       ] GC(45) Heap after GC invocations=45 (full 0):
[3.042s][debug][gc,heap       ] GC(45)  garbage-first heap   total 1048576K, used 865480K [0x00000000c0000000, 0x0000000100000000)
[3.042s][debug][gc,heap       ] GC(45)   region size 1024K, 7 young (7168K), 7 survivors (7168K)
[3.042s][debug][gc,heap       ] GC(45)  Metaspace       used 6340K, committed 6464K, reserved 1114112K
[3.042s][debug][gc,heap       ] GC(45)   class space    used 546K, committed 640K, reserved 1048576K
[3.042s][info ][gc            ] GC(45) Pause Young (Normal) (G1 Evacuation Pause) 867M->845M(1024M) 6.814ms
[3.042s][info ][gc,cpu        ] GC(45) User=0.05s Sys=0.00s Real=0.00s
[3.042s][info ][safepoint     ] Safepoint "G1CollectForAllocation", Time since last: 7377502 ns, Reaching safepoint: 1094900 ns, Cleanup: 9500 ns, At safepoint: 8102802 ns, Total: 9207202 ns
[3.042s][info ][gc,marking    ] GC(44) Concurrent Mark From Roots 16.349ms
[3.042s][info ][gc,marking    ] GC(44) Concurrent Preclean
[3.042s][info ][gc,marking    ] GC(44) Concurrent Preclean 0.050ms
[3.042s][info ][gc,start      ] GC(44) Pause Remark
[3.044s][debug][gc,ergo       ] GC(44) Running G1 Update RemSet Tracking Before Rebuild using 3 workers for 1024 regions in heap
[3.047s][info ][gc            ] GC(44) Pause Remark 847M->525M(1024M) 4.715ms
[3.047s][info ][gc,cpu        ] GC(44) User=0.02s Sys=0.00s Real=0.01s
[3.047s][info ][safepoint     ] Safepoint "G1PauseRemark", Time since last: 292000 ns, Reaching safepoint: 4300 ns, Cleanup: 3100 ns, At safepoint: 4759301 ns, Total: 4766701 ns
[3.047s][info ][gc,marking    ] GC(44) Concurrent Mark 21.305ms
[3.047s][info ][gc,marking    ] GC(44) Concurrent Rebuild Remembered Sets
[3.053s][debug][gc,heap       ] GC(46) Heap before GC invocations=45 (full 0):
[3.053s][debug][gc,heap       ] GC(46)  garbage-first heap   total 1048576K, used 579784K [0x00000000c0000000, 0x0000000100000000)
[3.053s][debug][gc,heap       ] GC(46)   region size 1024K, 51 young (52224K), 7 survivors (7168K)
[3.053s][debug][gc,heap       ] GC(46)  Metaspace       used 6340K, committed 6464K, reserved 1114112K
[3.053s][debug][gc,heap       ] GC(46)   class space    used 546K, committed 640K, reserved 1048576K
[3.053s][info ][gc,start      ] GC(46) Pause Young (Normal) (G1 Evacuation Pause)
[3.053s][info ][gc,task       ] GC(46) Using 10 workers of 10 for evacuation
[3.053s][trace][gc,ergo,cset  ] GC(46) Start choosing CSet. Pending cards: 36 target pause time: 200.00ms
[3.053s][trace][gc,ergo,cset  ] GC(46) Added young regions to CSet. Eden: 44 regions, Survivors: 7 regions, predicted eden time: 10.66ms, predicted base time: 1.16ms, target pause time: 200.00ms, remaining time: 188.19ms
[3.054s][debug][gc,ergo       ] GC(46) Running G1 Merge Heap Roots using 10 workers for 51 regions
[3.061s][debug][gc,ergo       ] GC(46) Running G1 Rebuild Free List Task using 10 workers for rebuilding free list of regions
[3.061s][debug][gc,ergo,heap  ] GC(46) Heap expansion: short term pause time ratio 89.13% long term pause time ratio 61.28% threshold 7.69% pause time ratio 7.69% fully expanded true resize by 0B
[3.061s][debug][gc,ergo,refine] GC(46) Concurrent refinement times: Logged Cards Scan time goal: 20.00ms Logged Cards Scan time: 0.33ms HCC time: 0.00ms
[3.061s][trace][gc,ergo,refine] GC(46) Updating Refinement Zones: logged cards scan time: 0.334ms, processed cards: 26, goal time: 20.000ms
[3.061s][debug][gc,ergo,refine] GC(46) Updated Refinement Zones: green: 2560, yellow: 7680, red: 12800
[3.061s][info ][gc,phases     ] GC(46)   Pre Evacuate Collection Set: 0.2ms
[3.061s][info ][gc,phases     ] GC(46)   Merge Heap Roots: 0.2ms
[3.061s][info ][gc,phases     ] GC(46)   Evacuate Collection Set: 6.9ms
[3.061s][info ][gc,phases     ] GC(46)   Post Evacuate Collection Set: 0.6ms
[3.061s][info ][gc,phases     ] GC(46)   Other: 0.2ms
[3.061s][info ][gc,heap       ] GC(46) Eden regions: 44->0(184)
[3.061s][info ][gc,heap       ] GC(46) Survivor regions: 7->7(7)
[3.061s][info ][gc,heap       ] GC(46) Old regions: 517->537
[3.061s][info ][gc,heap       ] GC(46) Archive regions: 0->0
[3.061s][info ][gc,heap       ] GC(46) Humongous regions: 0->0
[3.061s][info ][gc,metaspace  ] GC(46) Metaspace: 6340K(6464K)->6340K(6464K) NonClass: 5793K(5824K)->5793K(5824K) Class: 546K(640K)->546K(640K)
[3.061s][debug][gc,heap       ] GC(46) Heap after GC invocations=46 (full 0):
[3.061s][debug][gc,heap       ] GC(46)  garbage-first heap   total 1048576K, used 556832K [0x00000000c0000000, 0x0000000100000000)
[3.061s][debug][gc,heap       ] GC(46)   region size 1024K, 7 young (7168K), 7 survivors (7168K)
[3.061s][debug][gc,heap       ] GC(46)  Metaspace       used 6340K, committed 6464K, reserved 1114112K
[3.061s][debug][gc,heap       ] GC(46)   class space    used 546K, committed 640K, reserved 1048576K
[3.062s][info ][gc            ] GC(46) Pause Young (Normal) (G1 Evacuation Pause) 567M->543M(1024M) 8.180ms
[3.062s][info ][gc,cpu        ] GC(46) User=0.06s Sys=0.00s Real=0.00s
[3.062s][info ][safepoint     ] Safepoint "G1CollectForAllocation", Time since last: 5075202 ns, Reaching safepoint: 1028900 ns, Cleanup: 8500 ns, At safepoint: 8358502 ns, Total: 9395902 ns
[3.062s][info ][gc,marking    ] GC(44) Concurrent Rebuild Remembered Sets 14.819ms
[3.062s][info ][gc,start      ] GC(44) Pause Cleanup
[3.063s][debug][gc,ergo,cset  ] GC(44) Pruned 131 regions out of 441, leaving 53115792 bytes waste (allowed 53687091)
[3.063s][info ][gc            ] GC(44) Pause Cleanup 549M->549M(1024M) 0.498ms
[3.063s][info ][gc,cpu        ] GC(44) User=0.00s Sys=0.00s Real=0.00s
[3.063s][info ][safepoint     ] Safepoint "G1PauseCleanup", Time since last: 480400 ns, Reaching safepoint: 96400 ns, Cleanup: 3700 ns, At safepoint: 534500 ns, Total: 634600 ns
[3.063s][info ][gc,marking    ] GC(44) Concurrent Cleanup for Next Mark
[3.063s][debug][gc,ergo       ] GC(44) Running G1 Clear Bitmap with 3 workers for 16 work units.
[3.100s][info ][gc,marking    ] GC(44) Concurrent Cleanup for Next Mark 36.788ms
[3.100s][info ][gc            ] GC(44) Concurrent Mark Cycle 74.123ms
[3.116s][debug][gc,heap       ] GC(47) Heap before GC invocations=47 (full 0):
[3.116s][debug][gc,heap       ] GC(47)  garbage-first heap   total 1048576K, used 744224K [0x00000000c0000000, 0x0000000100000000)
[3.116s][debug][gc,heap       ] GC(47)   region size 1024K, 191 young (195584K), 7 survivors (7168K)
[3.116s][debug][gc,heap       ] GC(47)  Metaspace       used 6340K, committed 6464K, reserved 1114112K
[3.116s][debug][gc,heap       ] GC(47)   class space    used 546K, committed 640K, reserved 1048576K
[3.116s][info ][gc,start      ] GC(47) Pause Young (Prepare Mixed) (G1 Evacuation Pause)
[3.116s][info ][gc,task       ] GC(47) Using 10 workers of 10 for evacuation
[3.116s][trace][gc,ergo,cset  ] GC(47) Start choosing CSet. Pending cards: 37 target pause time: 200.00ms
[3.116s][trace][gc,ergo,cset  ] GC(47) Added young regions to CSet. Eden: 184 regions, Survivors: 7 regions, predicted eden time: 35.23ms, predicted base time: 1.32ms, target pause time: 200.00ms, remaining time: 163.45ms
[3.116s][debug][gc,ergo       ] GC(47) Running G1 Merge Heap Roots using 10 workers for 191 regions
[3.197s][debug][gc,ergo       ] GC(47) Running G1 Rebuild Free List Task using 10 workers for rebuilding free list of regions
[3.197s][debug][gc,ergo,heap  ] GC(47) Heap expansion: short term pause time ratio 36.69% long term pause time ratio 66.44% threshold 7.69% pause time ratio 7.69% fully expanded true resize by 0B
[3.197s][debug][gc,ergo,refine] GC(47) Concurrent refinement times: Logged Cards Scan time goal: 20.00ms Logged Cards Scan time: 0.02ms HCC time: 0.00ms
[3.197s][trace][gc,ergo,refine] GC(47) Updating Refinement Zones: logged cards scan time: 0.020ms, processed cards: 20, goal time: 20.000ms
[3.197s][debug][gc,ergo,refine] GC(47) Updated Refinement Zones: green: 2560, yellow: 7680, red: 12800
[3.197s][info ][gc,phases     ] GC(47)   Pre Evacuate Collection Set: 0.2ms
[3.197s][info ][gc,phases     ] GC(47)   Merge Heap Roots: 0.2ms
[3.197s][info ][gc,phases     ] GC(47)   Evacuate Collection Set: 79.9ms
[3.197s][info ][gc,phases     ] GC(47)   Post Evacuate Collection Set: 0.6ms
[3.197s][info ][gc,phases     ] GC(47)   Other: 0.2ms
[3.197s][info ][gc,heap       ] GC(47) Eden regions: 184->0(27)
[3.197s][info ][gc,heap       ] GC(47) Survivor regions: 7->24(24)
[3.197s][info ][gc,heap       ] GC(47) Old regions: 537->592
[3.197s][info ][gc,heap       ] GC(47) Archive regions: 0->0
[3.197s][info ][gc,heap       ] GC(47) Humongous regions: 0->0
[3.197s][info ][gc,metaspace  ] GC(47) Metaspace: 6340K(6464K)->6340K(6464K) NonClass: 5793K(5824K)->5793K(5824K) Class: 546K(640K)->546K(640K)
[3.197s][debug][gc,heap       ] GC(47) Heap after GC invocations=48 (full 0):
[3.197s][debug][gc,heap       ] GC(47)  garbage-first heap   total 1048576K, used 630460K [0x00000000c0000000, 0x0000000100000000)
[3.197s][debug][gc,heap       ] GC(47)   region size 1024K, 24 young (24576K), 24 survivors (24576K)
[3.197s][debug][gc,heap       ] GC(47)  Metaspace       used 6340K, committed 6464K, reserved 1114112K
[3.197s][debug][gc,heap       ] GC(47)   class space    used 546K, committed 640K, reserved 1048576K
[3.197s][info ][gc            ] GC(47) Pause Young (Prepare Mixed) (G1 Evacuation Pause) 727M->615M(1024M) 81.038ms
[3.197s][info ][gc,cpu        ] GC(47) User=0.79s Sys=0.00s Real=0.08s
[3.197s][info ][safepoint     ] Safepoint "G1CollectForAllocation", Time since last: 53066213 ns, Reaching safepoint: 4600 ns, Cleanup: 4200 ns, At safepoint: 81175720 ns, Total: 81184520 ns
[3.200s][debug][gc,heap       ] GC(48) Heap before GC invocations=48 (full 0):
[3.200s][debug][gc,heap       ] GC(48)  garbage-first heap   total 1048576K, used 657084K [0x00000000c0000000, 0x0000000100000000)
[3.200s][debug][gc,heap       ] GC(48)   region size 1024K, 51 young (52224K), 24 survivors (24576K)
[3.200s][debug][gc,heap       ] GC(48)  Metaspace       used 6340K, committed 6464K, reserved 1114112K
[3.200s][debug][gc,heap       ] GC(48)   class space    used 546K, committed 640K, reserved 1048576K
[3.200s][info ][gc,start      ] GC(48) Pause Young (Mixed) (G1 Evacuation Pause)
[3.200s][info ][gc,task       ] GC(48) Using 10 workers of 10 for evacuation
[3.200s][trace][gc,ergo,cset  ] GC(48) Start choosing CSet. Pending cards: 36 target pause time: 200.00ms
[3.200s][trace][gc,ergo,cset  ] GC(48) Added young regions to CSet. Eden: 27 regions, Survivors: 24 regions, predicted eden time: 10.63ms, predicted base time: 1.25ms, target pause time: 200.00ms, remaining time: 188.12ms
[3.200s][debug][gc,ergo,cset  ] GC(48) Start adding old regions to collection set. Min 39 regions, max 103 regions, time remaining 188.12ms, optional threshold 37.62ms
[3.200s][debug][gc,ergo,cset  ] GC(48) Finish adding old regions to collection set (Maximum number of regions). Initial 103 regions, optional 0 regions
[3.200s][debug][gc,ergo,cset  ] GC(48) Finish choosing collection set old regions. Initial: 103, optional: 0, predicted old time: 0.00ms, predicted optional time: 0.00ms, time remaining: 176.84
[3.201s][debug][gc,ergo       ] GC(48) Running G1 Merge Heap Roots using 10 workers for 154 regions
[3.233s][debug][gc,ergo       ] GC(48) Running G1 Rebuild Free List Task using 10 workers for rebuilding free list of regions
[3.233s][debug][gc,ergo,heap  ] GC(48) Heap expansion: short term pause time ratio 60.31% long term pause time ratio 62.60% threshold 7.69% pause time ratio 7.69% fully expanded true resize by 0B
[3.233s][debug][gc,ergo,refine] GC(48) Concurrent refinement times: Logged Cards Scan time goal: 20.00ms Logged Cards Scan time: 0.02ms HCC time: 0.00ms
[3.233s][trace][gc,ergo,refine] GC(48) Updating Refinement Zones: logged cards scan time: 0.016ms, processed cards: 18, goal time: 19.999ms
[3.233s][debug][gc,ergo,refine] GC(48) Updated Refinement Zones: green: 2560, yellow: 7680, red: 12800
[3.233s][info ][gc,phases     ] GC(48)   Pre Evacuate Collection Set: 0.9ms
[3.233s][info ][gc,phases     ] GC(48)   Merge Heap Roots: 0.2ms
[3.233s][info ][gc,phases     ] GC(48)   Evacuate Collection Set: 27.7ms
[3.233s][info ][gc,phases     ] GC(48)   Post Evacuate Collection Set: 4.5ms
[3.233s][info ][gc,phases     ] GC(48)   Other: 0.2ms
[3.233s][info ][gc,heap       ] GC(48) Eden regions: 27->0(44)
[3.233s][info ][gc,heap       ] GC(48) Survivor regions: 24->7(7)
[3.233s][info ][gc,heap       ] GC(48) Old regions: 592->521
[3.233s][info ][gc,heap       ] GC(48) Archive regions: 0->0
[3.233s][info ][gc,heap       ] GC(48) Humongous regions: 0->0
[3.233s][info ][gc,metaspace  ] GC(48) Metaspace: 6340K(6464K)->6340K(6464K) NonClass: 5793K(5824K)->5793K(5824K) Class: 546K(640K)->546K(640K)
[3.233s][debug][gc,heap       ] GC(48) Heap after GC invocations=49 (full 0):
[3.233s][debug][gc,heap       ] GC(48)  garbage-first heap   total 1048576K, used 540248K [0x00000000c0000000, 0x0000000100000000)
[3.233s][debug][gc,heap       ] GC(48)   region size 1024K, 7 young (7168K), 7 survivors (7168K)
[3.233s][debug][gc,heap       ] GC(48)  Metaspace       used 6340K, committed 6464K, reserved 1114112K
[3.233s][debug][gc,heap       ] GC(48)   class space    used 546K, committed 640K, reserved 1048576K
[3.233s][info ][gc            ] GC(48) Pause Young (Mixed) (G1 Evacuation Pause) 642M->527M(1024M) 33.479ms
[3.233s][info ][gc,cpu        ] GC(48) User=0.28s Sys=0.00s Real=0.03s
[3.233s][info ][safepoint     ] Safepoint "G1CollectForAllocation", Time since last: 2567600 ns, Reaching safepoint: 9300 ns, Cleanup: 7500 ns, At safepoint: 33625708 ns, Total: 33642508 ns
[3.238s][debug][gc,heap       ] GC(49) Heap before GC invocations=49 (full 0):
[3.238s][debug][gc,heap       ] GC(49)  garbage-first heap   total 1048576K, used 584280K [0x00000000c0000000, 0x0000000100000000)
[3.238s][debug][gc,heap       ] GC(49)   region size 1024K, 51 young (52224K), 7 survivors (7168K)
[3.238s][debug][gc,heap       ] GC(49)  Metaspace       used 6340K, committed 6464K, reserved 1114112K
[3.238s][debug][gc,heap       ] GC(49)   class space    used 546K, committed 640K, reserved 1048576K
[3.238s][info ][gc,start      ] GC(49) Pause Young (Mixed) (G1 Evacuation Pause)
[3.238s][info ][gc,task       ] GC(49) Using 10 workers of 10 for evacuation
[3.238s][trace][gc,ergo,cset  ] GC(49) Start choosing CSet. Pending cards: 54 target pause time: 200.00ms
[3.238s][trace][gc,ergo,cset  ] GC(49) Added young regions to CSet. Eden: 44 regions, Survivors: 7 regions, predicted eden time: 18.01ms, predicted base time: 3.56ms, target pause time: 200.00ms, remaining time: 178.43ms
[3.238s][debug][gc,ergo,cset  ] GC(49) Start adding old regions to collection set. Min 39 regions, max 103 regions, time remaining 178.43ms, optional threshold 35.69ms
[3.238s][debug][gc,ergo,cset  ] GC(49) Finish adding old regions to collection set (Maximum number of regions). Initial 103 regions, optional 0 regions
[3.238s][debug][gc,ergo,cset  ] GC(49) Finish choosing collection set old regions. Initial: 103, optional: 0, predicted old time: 0.00ms, predicted optional time: 0.00ms, time remaining: 163.44
[3.238s][debug][gc,ergo       ] GC(49) Running G1 Merge Heap Roots using 10 workers for 154 regions
[3.253s][debug][gc,ergo       ] GC(49) Running G1 Rebuild Free List Task using 10 workers for rebuilding free list of regions
[3.253s][debug][gc,ergo,heap  ] GC(49) Heap expansion: short term pause time ratio 92.09% long term pause time ratio 62.56% threshold 7.69% pause time ratio 7.69% fully expanded true resize by 0B
[3.253s][debug][gc,ergo,refine] GC(49) Concurrent refinement times: Logged Cards Scan time goal: 20.00ms Logged Cards Scan time: 0.01ms HCC time: 0.00ms
[3.253s][trace][gc,ergo,refine] GC(49) Updating Refinement Zones: logged cards scan time: 0.011ms, processed cards: 36, goal time: 19.999ms
[3.253s][debug][gc,ergo,refine] GC(49) Updated Refinement Zones: green: 2560, yellow: 7680, red: 12800
[3.253s][info ][gc,phases     ] GC(49)   Pre Evacuate Collection Set: 0.6ms
[3.253s][info ][gc,phases     ] GC(49)   Merge Heap Roots: 0.1ms
[3.253s][info ][gc,phases     ] GC(49)   Evacuate Collection Set: 11.1ms
[3.253s][info ][gc,phases     ] GC(49)   Post Evacuate Collection Set: 3.7ms
[3.253s][info ][gc,phases     ] GC(49)   Other: 0.2ms
[3.253s][info ][gc,heap       ] GC(49) Eden regions: 44->0(44)
[3.253s][info ][gc,heap       ] GC(49) Survivor regions: 7->7(7)
[3.253s][info ][gc,heap       ] GC(49) Old regions: 521->445
[3.253s][info ][gc,heap       ] GC(49) Archive regions: 0->0
[3.253s][info ][gc,heap       ] GC(49) Humongous regions: 0->0
[3.253s][info ][gc,metaspace  ] GC(49) Metaspace: 6340K(6464K)->6340K(6464K) NonClass: 5793K(5824K)->5793K(5824K) Class: 546K(640K)->546K(640K)
[3.253s][debug][gc,heap       ] GC(49) Heap after GC invocations=50 (full 0):
[3.253s][debug][gc,heap       ] GC(49)  garbage-first heap   total 1048576K, used 462524K [0x00000000c0000000, 0x0000000100000000)
[3.253s][debug][gc,heap       ] GC(49)   region size 1024K, 7 young (7168K), 7 survivors (7168K)
[3.253s][debug][gc,heap       ] GC(49)  Metaspace       used 6340K, committed 6464K, reserved 1114112K
[3.253s][debug][gc,heap       ] GC(49)   class space    used 546K, committed 640K, reserved 1048576K
[3.253s][info ][gc            ] GC(49) Pause Young (Mixed) (G1 Evacuation Pause) 571M->451M(1024M) 15.675ms
[3.253s][info ][gc,cpu        ] GC(49) User=0.11s Sys=0.00s Real=0.02s
[3.253s][info ][safepoint     ] Safepoint "G1CollectForAllocation", Time since last: 4328401 ns, Reaching safepoint: 7200 ns, Cleanup: 7300 ns, At safepoint: 15806304 ns, Total: 15820804 ns
[3.257s][debug][gc,heap       ] GC(50) Heap before GC invocations=50 (full 0):
[3.257s][debug][gc,heap       ] GC(50)  garbage-first heap   total 1048576K, used 506556K [0x00000000c0000000, 0x0000000100000000)
[3.257s][debug][gc,heap       ] GC(50)   region size 1024K, 51 young (52224K), 7 survivors (7168K)
[3.257s][debug][gc,heap       ] GC(50)  Metaspace       used 6340K, committed 6464K, reserved 1114112K
[3.257s][debug][gc,heap       ] GC(50)   class space    used 546K, committed 640K, reserved 1048576K
[3.257s][info ][gc,start      ] GC(50) Pause Young (Mixed) (G1 Evacuation Pause)
[3.257s][info ][gc,task       ] GC(50) Using 10 workers of 10 for evacuation
[3.257s][trace][gc,ergo,cset  ] GC(50) Start choosing CSet. Pending cards: 57 target pause time: 200.00ms
[3.258s][trace][gc,ergo,cset  ] GC(50) Added young regions to CSet. Eden: 44 regions, Survivors: 7 regions, predicted eden time: 15.80ms, predicted base time: 4.02ms, target pause time: 200.00ms, remaining time: 180.18ms
[3.258s][debug][gc,ergo,cset  ] GC(50) Start adding old regions to collection set. Min 39 regions, max 103 regions, time remaining 180.18ms, optional threshold 36.04ms
[3.258s][debug][gc,ergo,cset  ] GC(50) Finish adding old regions to collection set (Maximum number of regions). Initial 103 regions, optional 0 regions
[3.258s][debug][gc,ergo,cset  ] GC(50) Finish choosing collection set old regions. Initial: 103, optional: 0, predicted old time: 0.00ms, predicted optional time: 0.00ms, time remaining: 156.19
[3.258s][debug][gc,ergo       ] GC(50) Running G1 Merge Heap Roots using 10 workers for 154 regions
[3.279s][debug][gc,ergo       ] GC(50) Running G1 Rebuild Free List Task using 10 workers for rebuilding free list of regions
[3.279s][debug][gc,ergo,heap  ] GC(50) Heap expansion: short term pause time ratio 77.14% long term pause time ratio 63.36% threshold 7.69% pause time ratio 7.69% fully expanded true resize by 0B
[3.279s][debug][gc,ergo,refine] GC(50) Concurrent refinement times: Logged Cards Scan time goal: 20.00ms Logged Cards Scan time: 0.01ms HCC time: 0.00ms
[3.279s][trace][gc,ergo,refine] GC(50) Updating Refinement Zones: logged cards scan time: 0.010ms, processed cards: 37, goal time: 19.999ms
[3.279s][debug][gc,ergo,refine] GC(50) Updated Refinement Zones: green: 2560, yellow: 7680, red: 12800
[3.279s][info ][gc,phases     ] GC(50)   Pre Evacuate Collection Set: 0.4ms
[3.279s][info ][gc,phases     ] GC(50)   Merge Heap Roots: 0.2ms
[3.279s][info ][gc,phases     ] GC(50)   Evacuate Collection Set: 14.1ms
[3.279s][info ][gc,phases     ] GC(50)   Post Evacuate Collection Set: 6.7ms
[3.279s][info ][gc,phases     ] GC(50)   Other: 0.2ms
[3.279s][info ][gc,heap       ] GC(50) Eden regions: 44->0(44)
[3.279s][info ][gc,heap       ] GC(50) Survivor regions: 7->7(7)
[3.279s][info ][gc,heap       ] GC(50) Old regions: 445->374
[3.279s][info ][gc,heap       ] GC(50) Archive regions: 0->0
[3.279s][info ][gc,heap       ] GC(50) Humongous regions: 0->0
[3.279s][info ][gc,metaspace  ] GC(50) Metaspace: 6340K(6464K)->6340K(6464K) NonClass: 5793K(5824K)->5793K(5824K) Class: 546K(640K)->546K(640K)
[3.279s][debug][gc,heap       ] GC(50) Heap after GC invocations=51 (full 0):
[3.279s][debug][gc,heap       ] GC(50)  garbage-first heap   total 1048576K, used 389520K [0x00000000c0000000, 0x0000000100000000)
[3.279s][debug][gc,heap       ] GC(50)   region size 1024K, 7 young (7168K), 7 survivors (7168K)
[3.279s][debug][gc,heap       ] GC(50)  Metaspace       used 6340K, committed 6464K, reserved 1114112K
[3.279s][debug][gc,heap       ] GC(50)   class space    used 546K, committed 640K, reserved 1048576K
[3.279s][info ][gc            ] GC(50) Pause Young (Mixed) (G1 Evacuation Pause) 495M->380M(1024M) 21.581ms
[3.279s][info ][gc,cpu        ] GC(50) User=0.15s Sys=0.00s Real=0.02s
[3.279s][info ][safepoint     ] Safepoint "G1CollectForAllocation", Time since last: 3985401 ns, Reaching safepoint: 7100 ns, Cleanup: 7600 ns, At safepoint: 21733905 ns, Total: 21748605 ns
[3.284s][debug][gc,heap       ] GC(51) Heap before GC invocations=51 (full 0):
[3.284s][debug][gc,heap       ] GC(51)  garbage-first heap   total 1048576K, used 433552K [0x00000000c0000000, 0x0000000100000000)
[3.284s][debug][gc,heap       ] GC(51)   region size 1024K, 51 young (52224K), 7 survivors (7168K)
[3.284s][debug][gc,heap       ] GC(51)  Metaspace       used 6340K, committed 6464K, reserved 1114112K
[3.284s][debug][gc,heap       ] GC(51)   class space    used 546K, committed 640K, reserved 1048576K
[3.284s][info ][gc,start      ] GC(51) Pause Young (Mixed) (G1 Evacuation Pause)
[3.284s][info ][gc,task       ] GC(51) Using 10 workers of 10 for evacuation
[3.284s][trace][gc,ergo,cset  ] GC(51) Start choosing CSet. Pending cards: 39 target pause time: 200.00ms
[3.284s][trace][gc,ergo,cset  ] GC(51) Added young regions to CSet. Eden: 44 regions, Survivors: 7 regions, predicted eden time: 14.17ms, predicted base time: 5.59ms, target pause time: 200.00ms, remaining time: 180.23ms
[3.284s][debug][gc,ergo,cset  ] GC(51) Start adding old regions to collection set. Min 39 regions, max 103 regions, time remaining 180.23ms, optional threshold 36.05ms
[3.284s][debug][gc,ergo,cset  ] GC(51) Old candidate collection set empty.
[3.284s][debug][gc,ergo,cset  ] GC(51) Finish choosing collection set old regions. Initial: 1, optional: 0, predicted old time: 0.00ms, predicted optional time: 0.00ms, time remaining: 179.98
[3.284s][debug][gc,ergo       ] GC(51) Running G1 Merge Heap Roots using 10 workers for 52 regions
[3.292s][debug][gc,ergo       ] GC(51) Running G1 Rebuild Free List Task using 10 workers for rebuilding free list of regions
[3.292s][debug][gc,ergo,heap  ] GC(51) Heap expansion: short term pause time ratio 83.42% long term pause time ratio 66.71% threshold 7.69% pause time ratio 7.69% fully expanded true resize by 0B
[3.292s][debug][gc,ergo       ] GC(51) do not continue mixed GCs (candidate old regions not available)
[3.292s][debug][gc,ergo,refine] GC(51) Concurrent refinement times: Logged Cards Scan time goal: 20.00ms Logged Cards Scan time: 0.07ms HCC time: 0.00ms
[3.292s][trace][gc,ergo,refine] GC(51) Updating Refinement Zones: logged cards scan time: 0.072ms, processed cards: 30, goal time: 20.000ms
[3.292s][debug][gc,ergo,refine] GC(51) Updated Refinement Zones: green: 2560, yellow: 7680, red: 12800
[3.292s][info ][gc,phases     ] GC(51)   Pre Evacuate Collection Set: 0.3ms
[3.292s][info ][gc,phases     ] GC(51)   Merge Heap Roots: 0.2ms
[3.292s][info ][gc,phases     ] GC(51)   Evacuate Collection Set: 7.4ms
[3.292s][info ][gc,phases     ] GC(51)   Post Evacuate Collection Set: 0.5ms
[3.293s][info ][gc,phases     ] GC(51)   Other: 0.2ms
[3.293s][info ][gc,heap       ] GC(51) Eden regions: 44->0(258)
[3.293s][info ][gc,heap       ] GC(51) Survivor regions: 7->7(7)
[3.293s][info ][gc,heap       ] GC(51) Old regions: 374->394
[3.293s][info ][gc,heap       ] GC(51) Archive regions: 0->0
[3.293s][info ][gc,heap       ] GC(51) Humongous regions: 0->0
[3.293s][info ][gc,metaspace  ] GC(51) Metaspace: 6340K(6464K)->6340K(6464K) NonClass: 5793K(5824K)->5793K(5824K) Class: 546K(640K)->546K(640K)
[3.293s][debug][gc,heap       ] GC(51) Heap after GC invocations=52 (full 0):
[3.293s][debug][gc,heap       ] GC(51)  garbage-first heap   total 1048576K, used 409700K [0x00000000c0000000, 0x0000000100000000)
[3.293s][debug][gc,heap       ] GC(51)   region size 1024K, 7 young (7168K), 7 survivors (7168K)
[3.293s][debug][gc,heap       ] GC(51)  Metaspace       used 6340K, committed 6464K, reserved 1114112K
[3.293s][debug][gc,heap       ] GC(51)   class space    used 546K, committed 640K, reserved 1048576K
[3.293s][info ][gc            ] GC(51) Pause Young (Mixed) (G1 Evacuation Pause) 424M->400M(1024M) 8.539ms
[3.293s][info ][gc,cpu        ] GC(51) User=0.07s Sys=0.00s Real=0.00s
[3.293s][info ][safepoint     ] Safepoint "G1CollectForAllocation", Time since last: 4853802 ns, Reaching safepoint: 5800 ns, Cleanup: 6700 ns, At safepoint: 8646202 ns, Total: 8658702 ns
[3.324s][debug][gc,heap       ] GC(52) Heap before GC invocations=52 (full 0):
[3.324s][debug][gc,heap       ] GC(52)  garbage-first heap   total 1048576K, used 672868K [0x00000000c0000000, 0x0000000100000000)
[3.324s][debug][gc,heap       ] GC(52)   region size 1024K, 265 young (271360K), 7 survivors (7168K)
[3.324s][debug][gc,heap       ] GC(52)  Metaspace       used 6340K, committed 6464K, reserved 1114112K
[3.324s][debug][gc,heap       ] GC(52)   class space    used 546K, committed 640K, reserved 1048576K
[3.324s][info ][gc,start      ] GC(52) Pause Young (Normal) (G1 Evacuation Pause)
[3.324s][info ][gc,task       ] GC(52) Using 10 workers of 10 for evacuation
[3.324s][trace][gc,ergo,cset  ] GC(52) Start choosing CSet. Pending cards: 36 target pause time: 200.00ms
[3.324s][trace][gc,ergo,cset  ] GC(52) Added young regions to CSet. Eden: 258 regions, Survivors: 7 regions, predicted eden time: 61.10ms, predicted base time: 4.60ms, target pause time: 200.00ms, remaining time: 134.30ms
[3.324s][debug][gc,ergo       ] GC(52) Running G1 Merge Heap Roots using 10 workers for 265 regions
[3.361s][debug][gc,ergo       ] GC(52) Running G1 Rebuild Free List Task using 10 workers for rebuilding free list of regions
[3.362s][debug][gc,ergo,heap  ] GC(52) Heap expansion: short term pause time ratio 62.26% long term pause time ratio 66.42% threshold 7.69% pause time ratio 7.69% fully expanded true resize by 0B
[3.362s][debug][gc,ergo,refine] GC(52) Concurrent refinement times: Logged Cards Scan time goal: 20.00ms Logged Cards Scan time: 0.02ms HCC time: 0.00ms
[3.362s][trace][gc,ergo,refine] GC(52) Updating Refinement Zones: logged cards scan time: 0.022ms, processed cards: 12, goal time: 19.999ms
[3.362s][debug][gc,ergo,refine] GC(52) Updated Refinement Zones: green: 2560, yellow: 7680, red: 12800
[3.362s][info ][gc,phases     ] GC(52)   Pre Evacuate Collection Set: 0.2ms
[3.362s][info ][gc,phases     ] GC(52)   Merge Heap Roots: 0.1ms
[3.362s][info ][gc,phases     ] GC(52)   Evacuate Collection Set: 36.5ms
[3.362s][info ][gc,phases     ] GC(52)   Post Evacuate Collection Set: 0.8ms
[3.362s][info ][gc,phases     ] GC(52)   Other: 0.2ms
[3.362s][info ][gc,heap       ] GC(52) Eden regions: 258->0(215)
[3.362s][info ][gc,heap       ] GC(52) Survivor regions: 7->34(34)
[3.362s][info ][gc,heap       ] GC(52) Old regions: 394->456
[3.362s][info ][gc,heap       ] GC(52) Archive regions: 0->0
[3.362s][info ][gc,heap       ] GC(52) Humongous regions: 0->0
[3.362s][info ][gc,metaspace  ] GC(52) Metaspace: 6340K(6464K)->6340K(6464K) NonClass: 5793K(5824K)->5793K(5824K) Class: 546K(640K)->546K(640K)
[3.362s][debug][gc,heap       ] GC(52) Heap after GC invocations=53 (full 0):
[3.362s][debug][gc,heap       ] GC(52)  garbage-first heap   total 1048576K, used 501236K [0x00000000c0000000, 0x0000000100000000)
[3.362s][debug][gc,heap       ] GC(52)   region size 1024K, 34 young (34816K), 34 survivors (34816K)
[3.362s][debug][gc,heap       ] GC(52)  Metaspace       used 6340K, committed 6464K, reserved 1114112K
[3.362s][debug][gc,heap       ] GC(52)   class space    used 546K, committed 640K, reserved 1048576K
[3.362s][info ][gc            ] GC(52) Pause Young (Normal) (G1 Evacuation Pause) 658M->489M(1024M) 37.845ms
[3.362s][info ][gc,cpu        ] GC(52) User=0.37s Sys=0.00s Real=0.03s
[3.362s][info ][safepoint     ] Safepoint "G1CollectForAllocation", Time since last: 31178807 ns, Reaching safepoint: 4300 ns, Cleanup: 5200 ns, At safepoint: 37944309 ns, Total: 37953809 ns
[3.384s][debug][gc,heap       ] GC(53) Heap before GC invocations=53 (full 0):
[3.384s][debug][gc,heap       ] GC(53)  garbage-first heap   total 1048576K, used 720372K [0x00000000c0000000, 0x0000000100000000)
[3.384s][debug][gc,heap       ] GC(53)   region size 1024K, 249 young (254976K), 34 survivors (34816K)
[3.384s][debug][gc,heap       ] GC(53)  Metaspace       used 6340K, committed 6464K, reserved 1114112K
[3.384s][debug][gc,heap       ] GC(53)   class space    used 546K, committed 640K, reserved 1048576K
[3.384s][info ][gc,start      ] GC(53) Pause Young (Normal) (G1 Evacuation Pause)
[3.384s][info ][gc,task       ] GC(53) Using 10 workers of 10 for evacuation
[3.384s][trace][gc,ergo,cset  ] GC(53) Start choosing CSet. Pending cards: 45 target pause time: 200.00ms
[3.384s][trace][gc,ergo,cset  ] GC(53) Added young regions to CSet. Eden: 215 regions, Survivors: 34 regions, predicted eden time: 48.23ms, predicted base time: 3.91ms, target pause time: 200.00ms, remaining time: 147.85ms
[3.384s][debug][gc,ergo       ] GC(53) Running G1 Merge Heap Roots using 10 workers for 249 regions
[3.414s][debug][gc,ergo       ] GC(53) Running G1 Rebuild Free List Task using 10 workers for rebuilding free list of regions
[3.415s][debug][gc,ergo,heap  ] GC(53) Heap expansion: short term pause time ratio 54.56% long term pause time ratio 64.57% threshold 7.69% pause time ratio 7.69% fully expanded true resize by 0B
[3.415s][debug][gc,ergo,refine] GC(53) Concurrent refinement times: Logged Cards Scan time goal: 20.00ms Logged Cards Scan time: 0.05ms HCC time: 0.00ms
[3.415s][trace][gc,ergo,refine] GC(53) Updating Refinement Zones: logged cards scan time: 0.055ms, processed cards: 21, goal time: 19.999ms
[3.415s][debug][gc,ergo,refine] GC(53) Updated Refinement Zones: green: 2560, yellow: 7680, red: 12800
[3.415s][info ][gc,phases     ] GC(53)   Pre Evacuate Collection Set: 0.2ms
[3.415s][info ][gc,phases     ] GC(53)   Merge Heap Roots: 0.2ms
[3.415s][info ][gc,phases     ] GC(53)   Evacuate Collection Set: 29.4ms
[3.415s][info ][gc,phases     ] GC(53)   Post Evacuate Collection Set: 0.6ms
[3.415s][info ][gc,phases     ] GC(53)   Other: 0.6ms
[3.415s][info ][gc,heap       ] GC(53) Eden regions: 215->0(178)
[3.415s][info ][gc,heap       ] GC(53) Survivor regions: 34->32(32)
[3.415s][info ][gc,heap       ] GC(53) Old regions: 456->528
[3.415s][info ][gc,heap       ] GC(53) Archive regions: 0->0
[3.415s][info ][gc,heap       ] GC(53) Humongous regions: 0->0
[3.415s][info ][gc,metaspace  ] GC(53) Metaspace: 6340K(6464K)->6340K(6464K) NonClass: 5793K(5824K)->5793K(5824K) Class: 546K(640K)->546K(640K)
[3.415s][debug][gc,heap       ] GC(53) Heap after GC invocations=54 (full 0):
[3.415s][debug][gc,heap       ] GC(53)  garbage-first heap   total 1048576K, used 573116K [0x00000000c0000000, 0x0000000100000000)
[3.415s][debug][gc,heap       ] GC(53)   region size 1024K, 32 young (32768K), 32 survivors (32768K)
[3.415s][debug][gc,heap       ] GC(53)  Metaspace       used 6340K, committed 6464K, reserved 1114112K
[3.415s][debug][gc,heap       ] GC(53)   class space    used 546K, committed 640K, reserved 1048576K
[3.415s][info ][gc            ] GC(53) Pause Young (Normal) (G1 Evacuation Pause) 704M->559M(1024M) 31.061ms
[3.415s][info ][gc,cpu        ] GC(53) User=0.29s Sys=0.00s Real=0.03s
[3.415s][info ][safepoint     ] Safepoint "G1CollectForAllocation", Time since last: 22360306 ns, Reaching safepoint: 5500 ns, Cleanup: 5900 ns, At safepoint: 31166507 ns, Total: 31177907 ns
[3.441s][debug][gc,heap       ] GC(54) Heap before GC invocations=54 (full 0):
[3.441s][debug][gc,heap       ] GC(54)  garbage-first heap   total 1048576K, used 754364K [0x00000000c0000000, 0x0000000100000000)
[3.441s][debug][gc,heap       ] GC(54)   region size 1024K, 210 young (215040K), 32 survivors (32768K)
[3.442s][debug][gc,heap       ] GC(54)  Metaspace       used 6340K, committed 6464K, reserved 1114112K
[3.442s][debug][gc,heap       ] GC(54)   class space    used 546K, committed 640K, reserved 1048576K
[3.442s][info ][gc,start      ] GC(54) Pause Young (Normal) (G1 Evacuation Pause)
[3.442s][info ][gc,task       ] GC(54) Using 10 workers of 10 for evacuation
[3.442s][trace][gc,ergo,cset  ] GC(54) Start choosing CSet. Pending cards: 49 target pause time: 200.00ms
[3.442s][trace][gc,ergo,cset  ] GC(54) Added young regions to CSet. Eden: 178 regions, Survivors: 32 regions, predicted eden time: 36.99ms, predicted base time: 3.22ms, target pause time: 200.00ms, remaining time: 159.79ms
[3.442s][debug][gc,ergo       ] GC(54) Running G1 Merge Heap Roots using 10 workers for 210 regions
[3.463s][debug][gc,ergo       ] GC(54) Running G1 Rebuild Free List Task using 10 workers for rebuilding free list of regions
[3.464s][debug][gc,ergo,heap  ] GC(54) Heap expansion: short term pause time ratio 57.42% long term pause time ratio 64.65% threshold 7.69% pause time ratio 7.69% fully expanded true resize by 0B
[3.464s][debug][gc,ergo,refine] GC(54) Concurrent refinement times: Logged Cards Scan time goal: 20.00ms Logged Cards Scan time: 0.03ms HCC time: 0.00ms
[3.464s][trace][gc,ergo,refine] GC(54) Updating Refinement Zones: logged cards scan time: 0.025ms, processed cards: 32, goal time: 19.999ms
[3.464s][debug][gc,ergo,refine] GC(54) Updated Refinement Zones: green: 2560, yellow: 7680, red: 12800
[3.464s][info ][gc,phases     ] GC(54)   Pre Evacuate Collection Set: 0.3ms
[3.464s][info ][gc,phases     ] GC(54)   Merge Heap Roots: 0.2ms
[3.464s][info ][gc,phases     ] GC(54)   Evacuate Collection Set: 20.8ms
[3.464s][info ][gc,phases     ] GC(54)   Post Evacuate Collection Set: 0.6ms
[3.464s][info ][gc,phases     ] GC(54)   Other: 0.2ms
[3.464s][info ][gc,heap       ] GC(54) Eden regions: 178->0(146)
[3.464s][info ][gc,heap       ] GC(54) Survivor regions: 32->27(27)
[3.464s][info ][gc,heap       ] GC(54) Old regions: 528->594
[3.464s][info ][gc,heap       ] GC(54) Archive regions: 0->0
[3.464s][info ][gc,heap       ] GC(54) Humongous regions: 0->0
[3.464s][info ][gc,metaspace  ] GC(54) Metaspace: 6340K(6464K)->6340K(6464K) NonClass: 5793K(5824K)->5793K(5824K) Class: 546K(640K)->546K(640K)
[3.464s][debug][gc,heap       ] GC(54) Heap after GC invocations=55 (full 0):
[3.464s][debug][gc,heap       ] GC(54)  garbage-first heap   total 1048576K, used 635080K [0x00000000c0000000, 0x0000000100000000)
[3.464s][debug][gc,heap       ] GC(54)   region size 1024K, 27 young (27648K), 27 survivors (27648K)
[3.464s][debug][gc,heap       ] GC(54)  Metaspace       used 6340K, committed 6464K, reserved 1114112K
[3.464s][debug][gc,heap       ] GC(54)   class space    used 546K, committed 640K, reserved 1048576K
[3.464s][info ][gc            ] GC(54) Pause Young (Normal) (G1 Evacuation Pause) 737M->620M(1024M) 22.123ms
[3.464s][info ][gc,cpu        ] GC(54) User=0.25s Sys=0.00s Real=0.03s
[3.464s][info ][safepoint     ] Safepoint "G1CollectForAllocation", Time since last: 23947306 ns, Reaching safepoint: 2148201 ns, Cleanup: 88300 ns, At safepoint: 22279205 ns, Total: 24515706 ns
[3.484s][debug][gc,heap       ] GC(55) Heap before GC invocations=55 (full 0):
[3.484s][debug][gc,heap       ] GC(55)  garbage-first heap   total 1048576K, used 783560K [0x00000000c0000000, 0x0000000100000000)
[3.484s][debug][gc,heap       ] GC(55)   region size 1024K, 173 young (177152K), 27 survivors (27648K)
[3.484s][debug][gc,heap       ] GC(55)  Metaspace       used 6341K, committed 6464K, reserved 1114112K
[3.484s][debug][gc,heap       ] GC(55)   class space    used 546K, committed 640K, reserved 1048576K
[3.484s][info ][gc,start      ] GC(55) Pause Young (Normal) (G1 Evacuation Pause)
[3.484s][info ][gc,task       ] GC(55) Using 10 workers of 10 for evacuation
[3.485s][trace][gc,ergo,cset  ] GC(55) Start choosing CSet. Pending cards: 46 target pause time: 200.00ms
[3.485s][trace][gc,ergo,cset  ] GC(55) Added young regions to CSet. Eden: 146 regions, Survivors: 27 regions, predicted eden time: 27.75ms, predicted base time: 2.70ms, target pause time: 200.00ms, remaining time: 169.55ms
[3.485s][debug][gc,ergo       ] GC(55) Running G1 Merge Heap Roots using 10 workers for 173 regions
[3.503s][debug][gc,ergo       ] GC(55) Running G1 Rebuild Free List Task using 10 workers for rebuilding free list of regions
[3.503s][debug][gc,ergo,heap  ] GC(55) Heap expansion: short term pause time ratio 44.94% long term pause time ratio 62.03% threshold 7.69% pause time ratio 7.69% fully expanded true resize by 0B
[3.503s][debug][gc,ergo,refine] GC(55) Concurrent refinement times: Logged Cards Scan time goal: 20.00ms Logged Cards Scan time: 0.10ms HCC time: 0.00ms
[3.503s][trace][gc,ergo,refine] GC(55) Updating Refinement Zones: logged cards scan time: 0.099ms, processed cards: 21, goal time: 19.999ms
[3.503s][debug][gc,ergo,refine] GC(55) Updated Refinement Zones: green: 2560, yellow: 7680, red: 12800
[3.503s][info ][gc,phases     ] GC(55)   Pre Evacuate Collection Set: 0.2ms
[3.503s][info ][gc,phases     ] GC(55)   Merge Heap Roots: 0.2ms
[3.503s][info ][gc,phases     ] GC(55)   Evacuate Collection Set: 17.7ms
[3.503s][info ][gc,phases     ] GC(55)   Post Evacuate Collection Set: 0.6ms
[3.503s][info ][gc,phases     ] GC(55)   Other: 0.2ms
[3.503s][info ][gc,heap       ] GC(55) Eden regions: 146->0(121)
[3.503s][info ][gc,heap       ] GC(55) Survivor regions: 27->22(22)
[3.503s][info ][gc,heap       ] GC(55) Old regions: 594->648
[3.503s][info ][gc,heap       ] GC(55) Archive regions: 0->0
[3.503s][info ][gc,heap       ] GC(55) Humongous regions: 0->0
[3.503s][info ][gc,metaspace  ] GC(55) Metaspace: 6341K(6464K)->6341K(6464K) NonClass: 5794K(5824K)->5794K(5824K) Class: 546K(640K)->546K(640K)
[3.503s][debug][gc,heap       ] GC(55) Heap after GC invocations=56 (full 0):
[3.503s][debug][gc,heap       ] GC(55)  garbage-first heap   total 1048576K, used 685456K [0x00000000c0000000, 0x0000000100000000)
[3.503s][debug][gc,heap       ] GC(55)   region size 1024K, 22 young (22528K), 22 survivors (22528K)
[3.503s][debug][gc,heap       ] GC(55)  Metaspace       used 6341K, committed 6464K, reserved 1114112K
[3.503s][debug][gc,heap       ] GC(55)   class space    used 546K, committed 640K, reserved 1048576K
[3.503s][info ][gc            ] GC(55) Pause Young (Normal) (G1 Evacuation Pause) 766M->669M(1024M) 18.897ms
[3.503s][info ][gc,cpu        ] GC(55) User=0.15s Sys=0.03s Real=0.02s
[3.503s][info ][safepoint     ] Safepoint "G1CollectForAllocation", Time since last: 20672605 ns, Reaching safepoint: 8000 ns, Cleanup: 7400 ns, At safepoint: 19018705 ns, Total: 19034105 ns
[3.518s][debug][gc,heap       ] GC(56) Heap before GC invocations=56 (full 0):
[3.518s][debug][gc,heap       ] GC(56)  garbage-first heap   total 1048576K, used 808336K [0x00000000c0000000, 0x0000000100000000)
[3.518s][debug][gc,heap       ] GC(56)   region size 1024K, 143 young (146432K), 22 survivors (22528K)
[3.518s][debug][gc,heap       ] GC(56)  Metaspace       used 6341K, committed 6464K, reserved 1114112K
[3.518s][debug][gc,heap       ] GC(56)   class space    used 546K, committed 640K, reserved 1048576K
[3.518s][info ][gc,start      ] GC(56) Pause Young (Normal) (G1 Evacuation Pause)
[3.518s][info ][gc,task       ] GC(56) Using 10 workers of 10 for evacuation
[3.518s][trace][gc,ergo,cset  ] GC(56) Start choosing CSet. Pending cards: 53 target pause time: 200.00ms
[3.518s][trace][gc,ergo,cset  ] GC(56) Added young regions to CSet. Eden: 121 regions, Survivors: 22 regions, predicted eden time: 21.33ms, predicted base time: 2.30ms, target pause time: 200.00ms, remaining time: 176.37ms
[3.519s][debug][gc,ergo       ] GC(56) Running G1 Merge Heap Roots using 10 workers for 143 regions
[3.589s][debug][gc,ergo       ] GC(56) Running G1 Rebuild Free List Task using 10 workers for rebuilding free list of regions
[3.589s][debug][gc,ergo,heap  ] GC(56) Heap expansion: short term pause time ratio 47.14% long term pause time ratio 60.89% threshold 7.69% pause time ratio 7.69% fully expanded true resize by 0B
[3.589s][debug][gc,ergo,refine] GC(56) Concurrent refinement times: Logged Cards Scan time goal: 20.00ms Logged Cards Scan time: 0.11ms HCC time: 0.00ms
[3.589s][trace][gc,ergo,refine] GC(56) Updating Refinement Zones: logged cards scan time: 0.112ms, processed cards: 36, goal time: 19.999ms
[3.589s][debug][gc,ergo,refine] GC(56) Updated Refinement Zones: green: 2560, yellow: 7680, red: 12800
[3.589s][info ][gc,phases     ] GC(56)   Pre Evacuate Collection Set: 0.3ms
[3.589s][info ][gc,phases     ] GC(56)   Merge Heap Roots: 0.2ms
[3.589s][info ][gc,phases     ] GC(56)   Evacuate Collection Set: 69.3ms
[3.589s][info ][gc,phases     ] GC(56)   Post Evacuate Collection Set: 0.6ms
[3.589s][info ][gc,phases     ] GC(56)   Other: 0.3ms
[3.589s][info ][gc,heap       ] GC(56) Eden regions: 121->0(95)
[3.589s][info ][gc,heap       ] GC(56) Survivor regions: 22->18(18)
[3.589s][info ][gc,heap       ] GC(56) Old regions: 648->701
[3.589s][info ][gc,heap       ] GC(56) Archive regions: 0->0
[3.589s][info ][gc,heap       ] GC(56) Humongous regions: 0->0
[3.589s][info ][gc,metaspace  ] GC(56) Metaspace: 6341K(6464K)->6341K(6464K) NonClass: 5794K(5824K)->5794K(5824K) Class: 546K(640K)->546K(640K)
[3.589s][debug][gc,heap       ] GC(56) Heap after GC invocations=57 (full 0):
[3.589s][debug][gc,heap       ] GC(56)  garbage-first heap   total 1048576K, used 735632K [0x00000000c0000000, 0x0000000100000000)
[3.589s][debug][gc,heap       ] GC(56)   region size 1024K, 18 young (18432K), 18 survivors (18432K)
[3.589s][debug][gc,heap       ] GC(56)  Metaspace       used 6341K, committed 6464K, reserved 1114112K
[3.589s][debug][gc,heap       ] GC(56)   class space    used 546K, committed 640K, reserved 1048576K
[3.589s][info ][gc            ] GC(56) Pause Young (Normal) (G1 Evacuation Pause) 790M->718M(1024M) 70.609ms
[3.589s][info ][gc,cpu        ] GC(56) User=0.54s Sys=0.14s Real=0.07s
[3.589s][info ][safepoint     ] Safepoint "G1CollectForAllocation", Time since last: 13984303 ns, Reaching safepoint: 672800 ns, Cleanup: 17800 ns, At safepoint: 70833217 ns, Total: 71523817 ns
[3.600s][debug][gc,heap       ] GC(57) Heap before GC invocations=57 (full 0):
[3.600s][debug][gc,heap       ] GC(57)  garbage-first heap   total 1048576K, used 831888K [0x00000000c0000000, 0x0000000100000000)
[3.600s][debug][gc,heap       ] GC(57)   region size 1024K, 113 young (115712K), 18 survivors (18432K)
[3.600s][debug][gc,heap       ] GC(57)  Metaspace       used 6341K, committed 6464K, reserved 1114112K
[3.600s][debug][gc,heap       ] GC(57)   class space    used 546K, committed 640K, reserved 1048576K
[3.600s][info ][gc,start      ] GC(57) Pause Young (Normal) (G1 Evacuation Pause)
[3.600s][info ][gc,task       ] GC(57) Using 10 workers of 10 for evacuation
[3.600s][trace][gc,ergo,cset  ] GC(57) Start choosing CSet. Pending cards: 46 target pause time: 200.00ms
[3.600s][trace][gc,ergo,cset  ] GC(57) Added young regions to CSet. Eden: 95 regions, Survivors: 18 regions, predicted eden time: 32.62ms, predicted base time: 2.01ms, target pause time: 200.00ms, remaining time: 165.37ms
[3.600s][debug][gc,ergo       ] GC(57) Running G1 Merge Heap Roots using 10 workers for 113 regions
[3.616s][debug][gc,ergo       ] GC(57) Running G1 Rebuild Free List Task using 10 workers for rebuilding free list of regions
[3.616s][debug][gc,ergo,heap  ] GC(57) Heap expansion: short term pause time ratio 82.41% long term pause time ratio 64.45% threshold 7.69% pause time ratio 7.69% fully expanded true resize by 0B
[3.616s][debug][gc,ergo,refine] GC(57) Concurrent refinement times: Logged Cards Scan time goal: 20.00ms Logged Cards Scan time: 0.02ms HCC time: 0.00ms
[3.616s][trace][gc,ergo,refine] GC(57) Updating Refinement Zones: logged cards scan time: 0.020ms, processed cards: 21, goal time: 19.999ms
[3.616s][debug][gc,ergo,refine] GC(57) Updated Refinement Zones: green: 2560, yellow: 7680, red: 12800
[3.616s][info ][gc,phases     ] GC(57)   Pre Evacuate Collection Set: 0.3ms
[3.616s][info ][gc,phases     ] GC(57)   Merge Heap Roots: 0.2ms
[3.616s][info ][gc,phases     ] GC(57)   Evacuate Collection Set: 15.0ms
[3.616s][info ][gc,phases     ] GC(57)   Post Evacuate Collection Set: 0.7ms
[3.616s][info ][gc,phases     ] GC(57)   Other: 0.2ms
[3.616s][info ][gc,heap       ] GC(57) Eden regions: 95->0(77)
[3.616s][info ][gc,heap       ] GC(57) Survivor regions: 18->15(15)
[3.616s][info ][gc,heap       ] GC(57) Old regions: 701->741
[3.616s][info ][gc,heap       ] GC(57) Archive regions: 0->0
[3.616s][info ][gc,heap       ] GC(57) Humongous regions: 0->0
[3.616s][info ][gc,metaspace  ] GC(57) Metaspace: 6341K(6464K)->6341K(6464K) NonClass: 5794K(5824K)->5794K(5824K) Class: 546K(640K)->546K(640K)
[3.616s][debug][gc,heap       ] GC(57) Heap after GC invocations=58 (full 0):
[3.616s][debug][gc,heap       ] GC(57)  garbage-first heap   total 1048576K, used 773520K [0x00000000c0000000, 0x0000000100000000)
[3.616s][debug][gc,heap       ] GC(57)   region size 1024K, 15 young (15360K), 15 survivors (15360K)
[3.616s][debug][gc,heap       ] GC(57)  Metaspace       used 6341K, committed 6464K, reserved 1114112K
[3.616s][debug][gc,heap       ] GC(57)   class space    used 546K, committed 640K, reserved 1048576K
[3.616s][info ][gc            ] GC(57) Pause Young (Normal) (G1 Evacuation Pause) 813M->755M(1024M) 16.285ms
[3.616s][info ][gc,cpu        ] GC(57) User=0.14s Sys=0.00s Real=0.02s
[3.616s][info ][safepoint     ] Safepoint "G1CollectForAllocation", Time since last: 10587603 ns, Reaching safepoint: 8500 ns, Cleanup: 8600 ns, At safepoint: 16445104 ns, Total: 16462204 ns
[3.624s][debug][gc,heap       ] GC(58) Heap before GC invocations=58 (full 0):
[3.625s][debug][gc,heap       ] GC(58)  garbage-first heap   total 1048576K, used 851344K [0x00000000c0000000, 0x0000000100000000)
[3.625s][debug][gc,heap       ] GC(58)   region size 1024K, 92 young (94208K), 15 survivors (15360K)
[3.625s][debug][gc,heap       ] GC(58)  Metaspace       used 6341K, committed 6464K, reserved 1114112K
[3.625s][debug][gc,heap       ] GC(58)   class space    used 546K, committed 640K, reserved 1048576K
[3.625s][info ][gc,start      ] GC(58) Pause Young (Normal) (G1 Evacuation Pause)
[3.625s][info ][gc,task       ] GC(58) Using 10 workers of 10 for evacuation
[3.625s][trace][gc,ergo,cset  ] GC(58) Start choosing CSet. Pending cards: 36 target pause time: 200.00ms
[3.625s][trace][gc,ergo,cset  ] GC(58) Added young regions to CSet. Eden: 77 regions, Survivors: 15 regions, predicted eden time: 22.88ms, predicted base time: 1.79ms, target pause time: 200.00ms, remaining time: 175.33ms
[3.625s][debug][gc,ergo       ] GC(58) Running G1 Merge Heap Roots using 10 workers for 92 regions
[3.635s][debug][gc,ergo       ] GC(58) Running G1 Rebuild Free List Task using 10 workers for rebuilding free list of regions
[3.636s][debug][gc,ergo,heap  ] GC(58) Heap expansion: short term pause time ratio 59.69% long term pause time ratio 65.46% threshold 7.69% pause time ratio 7.69% fully expanded true resize by 0B
[3.636s][debug][gc,ergo,refine] GC(58) Concurrent refinement times: Logged Cards Scan time goal: 20.00ms Logged Cards Scan time: 0.03ms HCC time: 0.00ms
[3.636s][trace][gc,ergo,refine] GC(58) Updating Refinement Zones: logged cards scan time: 0.026ms, processed cards: 19, goal time: 19.999ms
[3.636s][debug][gc,ergo,refine] GC(58) Updated Refinement Zones: green: 2560, yellow: 7680, red: 12800
[3.636s][info ][gc,phases     ] GC(58)   Pre Evacuate Collection Set: 0.3ms
[3.636s][info ][gc,phases     ] GC(58)   Merge Heap Roots: 0.2ms
[3.636s][info ][gc,phases     ] GC(58)   Evacuate Collection Set: 9.7ms
[3.636s][info ][gc,phases     ] GC(58)   Post Evacuate Collection Set: 0.6ms
[3.636s][info ][gc,phases     ] GC(58)   Other: 0.5ms
[3.636s][info ][gc,heap       ] GC(58) Eden regions: 77->0(61)
[3.636s][info ][gc,heap       ] GC(58) Survivor regions: 15->12(12)
[3.636s][info ][gc,heap       ] GC(58) Old regions: 741->776
[3.636s][info ][gc,heap       ] GC(58) Archive regions: 0->0
[3.636s][info ][gc,heap       ] GC(58) Humongous regions: 0->0
[3.636s][info ][gc,metaspace  ] GC(58) Metaspace: 6341K(6464K)->6341K(6464K) NonClass: 5794K(5824K)->5794K(5824K) Class: 546K(640K)->546K(640K)
[3.636s][debug][gc,heap       ] GC(58) Heap after GC invocations=59 (full 0):
[3.636s][debug][gc,heap       ] GC(58)  garbage-first heap   total 1048576K, used 806688K [0x00000000c0000000, 0x0000000100000000)
[3.636s][debug][gc,heap       ] GC(58)   region size 1024K, 12 young (12288K), 12 survivors (12288K)
[3.636s][debug][gc,heap       ] GC(58)  Metaspace       used 6341K, committed 6464K, reserved 1114112K
[3.636s][debug][gc,heap       ] GC(58)   class space    used 546K, committed 640K, reserved 1048576K
[3.636s][info ][gc            ] GC(58) Pause Young (Normal) (G1 Evacuation Pause) 832M->787M(1024M) 11.188ms
[3.636s][info ][gc,cpu        ] GC(58) User=0.09s Sys=0.00s Real=0.01s
[3.636s][info ][safepoint     ] Safepoint "G1CollectForAllocation", Time since last: 8477702 ns, Reaching safepoint: 6900 ns, Cleanup: 8000 ns, At safepoint: 11328003 ns, Total: 11342903 ns
[3.642s][debug][gc,heap       ] GC(59) Heap before GC invocations=59 (full 0):
[3.642s][debug][gc,heap       ] GC(59)  garbage-first heap   total 1048576K, used 868128K [0x00000000c0000000, 0x0000000100000000)
[3.642s][debug][gc,heap       ] GC(59)   region size 1024K, 73 young (74752K), 12 survivors (12288K)
[3.642s][debug][gc,heap       ] GC(59)  Metaspace       used 6341K, committed 6464K, reserved 1114112K
[3.642s][debug][gc,heap       ] GC(59)   class space    used 546K, committed 640K, reserved 1048576K
[3.642s][info ][gc,start      ] GC(59) Pause Young (Normal) (G1 Evacuation Pause)
[3.642s][info ][gc,task       ] GC(59) Using 10 workers of 10 for evacuation
[3.642s][trace][gc,ergo,cset  ] GC(59) Start choosing CSet. Pending cards: 50 target pause time: 200.00ms
[3.642s][trace][gc,ergo,cset  ] GC(59) Added young regions to CSet. Eden: 61 regions, Survivors: 12 regions, predicted eden time: 15.71ms, predicted base time: 1.61ms, target pause time: 200.00ms, remaining time: 182.68ms
[3.643s][debug][gc,ergo       ] GC(59) Running G1 Merge Heap Roots using 10 workers for 73 regions
[3.650s][debug][gc,ergo       ] GC(59) Running G1 Rebuild Free List Task using 10 workers for rebuilding free list of regions
[3.651s][debug][gc,ergo,heap  ] GC(59) Heap expansion: short term pause time ratio 54.39% long term pause time ratio 62.52% threshold 7.69% pause time ratio 7.69% fully expanded true resize by 0B
[3.651s][debug][gc,ergo,ihop  ] GC(59) Request concurrent cycle initiation (occupancy higher than threshold) occupancy: 843055104B allocation request: 0B threshold: 835557172B (77.82) source: end of GC
[3.651s][debug][gc,ergo,refine] GC(59) Concurrent refinement times: Logged Cards Scan time goal: 20.00ms Logged Cards Scan time: 0.02ms HCC time: 0.00ms
[3.651s][trace][gc,ergo,refine] GC(59) Updating Refinement Zones: logged cards scan time: 0.017ms, processed cards: 36, goal time: 20.000ms
[3.651s][debug][gc,ergo,refine] GC(59) Updated Refinement Zones: green: 2560, yellow: 7680, red: 12800
[3.651s][info ][gc,phases     ] GC(59)   Pre Evacuate Collection Set: 0.3ms
[3.651s][info ][gc,phases     ] GC(59)   Merge Heap Roots: 0.1ms
[3.651s][info ][gc,phases     ] GC(59)   Evacuate Collection Set: 7.2ms
[3.651s][info ][gc,phases     ] GC(59)   Post Evacuate Collection Set: 0.6ms
[3.651s][info ][gc,phases     ] GC(59)   Other: 0.2ms
[3.651s][info ][gc,heap       ] GC(59) Eden regions: 61->0(49)
[3.651s][info ][gc,heap       ] GC(59) Survivor regions: 12->10(10)
[3.651s][info ][gc,heap       ] GC(59) Old regions: 776->804
[3.651s][info ][gc,heap       ] GC(59) Archive regions: 0->0
[3.651s][info ][gc,heap       ] GC(59) Humongous regions: 0->0
[3.651s][info ][gc,metaspace  ] GC(59) Metaspace: 6341K(6464K)->6341K(6464K) NonClass: 5794K(5824K)->5794K(5824K) Class: 546K(640K)->546K(640K)
[3.651s][debug][gc,heap       ] GC(59) Heap after GC invocations=60 (full 0):
[3.651s][debug][gc,heap       ] GC(59)  garbage-first heap   total 1048576K, used 832812K [0x00000000c0000000, 0x0000000100000000)
[3.651s][debug][gc,heap       ] GC(59)   region size 1024K, 10 young (10240K), 10 survivors (10240K)
[3.651s][debug][gc,heap       ] GC(59)  Metaspace       used 6341K, committed 6464K, reserved 1114112K
[3.651s][debug][gc,heap       ] GC(59)   class space    used 546K, committed 640K, reserved 1048576K
[3.651s][info ][gc            ] GC(59) Pause Young (Normal) (G1 Evacuation Pause) 848M->813M(1024M) 8.429ms
[3.651s][info ][gc,cpu        ] GC(59) User=0.09s Sys=0.00s Real=0.01s
[3.651s][info ][safepoint     ] Safepoint "G1CollectForAllocation", Time since last: 6506401 ns, Reaching safepoint: 7000 ns, Cleanup: 7300 ns, At safepoint: 8553902 ns, Total: 8568202 ns
[3.656s][debug][gc,heap       ] GC(60) Heap before GC invocations=60 (full 0):
[3.656s][debug][gc,heap       ] GC(60)  garbage-first heap   total 1048576K, used 881964K [0x00000000c0000000, 0x0000000100000000)
[3.656s][debug][gc,heap       ] GC(60)   region size 1024K, 59 young (60416K), 10 survivors (10240K)
[3.656s][debug][gc,heap       ] GC(60)  Metaspace       used 6341K, committed 6464K, reserved 1114112K
[3.656s][debug][gc,heap       ] GC(60)   class space    used 546K, committed 640K, reserved 1048576K
[3.656s][debug][gc,ergo       ] GC(60) Initiate concurrent cycle (concurrent cycle initiation requested)
[3.656s][info ][gc,start      ] GC(60) Pause Young (Concurrent Start) (G1 Evacuation Pause)
[3.656s][info ][gc,task       ] GC(60) Using 10 workers of 10 for evacuation
[3.656s][trace][gc,ergo,cset  ] GC(60) Start choosing CSet. Pending cards: 33 target pause time: 200.00ms
[3.656s][trace][gc,ergo,cset  ] GC(60) Added young regions to CSet. Eden: 49 regions, Survivors: 10 regions, predicted eden time: 10.99ms, predicted base time: 1.44ms, target pause time: 200.00ms, remaining time: 187.57ms
[3.656s][debug][gc,ergo       ] GC(60) Running G1 Merge Heap Roots using 10 workers for 59 regions
[3.663s][debug][gc,ergo       ] GC(60) Running G1 Rebuild Free List Task using 10 workers for rebuilding free list of regions
[3.664s][debug][gc,ergo,heap  ] GC(60) Heap expansion: short term pause time ratio 54.99% long term pause time ratio 61.50% threshold 7.69% pause time ratio 7.69% fully expanded true resize by 0B
[3.664s][debug][gc,ergo,refine] GC(60) Concurrent refinement times: Logged Cards Scan time goal: 20.00ms Logged Cards Scan time: 0.01ms HCC time: 0.00ms
[3.664s][trace][gc,ergo,refine] GC(60) Updating Refinement Zones: logged cards scan time: 0.014ms, processed cards: 16, goal time: 20.000ms
[3.664s][debug][gc,ergo,refine] GC(60) Updated Refinement Zones: green: 2560, yellow: 7680, red: 12800
[3.664s][info ][gc,phases     ] GC(60)   Pre Evacuate Collection Set: 0.3ms
[3.664s][info ][gc,phases     ] GC(60)   Merge Heap Roots: 0.1ms
[3.664s][info ][gc,phases     ] GC(60)   Evacuate Collection Set: 6.6ms
[3.664s][info ][gc,phases     ] GC(60)   Post Evacuate Collection Set: 0.7ms
[3.664s][info ][gc,phases     ] GC(60)   Other: 0.3ms
[3.664s][info ][gc,heap       ] GC(60) Eden regions: 49->0(43)
[3.664s][info ][gc,heap       ] GC(60) Survivor regions: 10->8(8)
[3.664s][info ][gc,heap       ] GC(60) Old regions: 804->828
[3.664s][info ][gc,heap       ] GC(60) Archive regions: 0->0
[3.664s][info ][gc,heap       ] GC(60) Humongous regions: 0->0
[3.664s][info ][gc,metaspace  ] GC(60) Metaspace: 6341K(6464K)->6341K(6464K) NonClass: 5794K(5824K)->5794K(5824K) Class: 546K(640K)->546K(640K)
[3.664s][debug][gc,heap       ] GC(60) Heap after GC invocations=61 (full 0):
[3.664s][debug][gc,heap       ] GC(60)  garbage-first heap   total 1048576K, used 855640K [0x00000000c0000000, 0x0000000100000000)
[3.664s][debug][gc,heap       ] GC(60)   region size 1024K, 8 young (8192K), 8 survivors (8192K)
[3.664s][debug][gc,heap       ] GC(60)  Metaspace       used 6341K, committed 6464K, reserved 1114112K
[3.664s][debug][gc,heap       ] GC(60)   class space    used 546K, committed 640K, reserved 1048576K
[3.664s][info ][gc            ] GC(60) Pause Young (Concurrent Start) (G1 Evacuation Pause) 862M->835M(1024M) 7.865ms
[3.664s][info ][gc,cpu        ] GC(60) User=0.08s Sys=0.00s Real=0.01s
[3.664s][info ][safepoint     ] Safepoint "G1CollectForAllocation", Time since last: 4891801 ns, Reaching safepoint: 6200 ns, Cleanup: 5400 ns, At safepoint: 7995302 ns, Total: 8006902 ns
[3.664s][info ][gc            ] GC(61) Concurrent Mark Cycle
[3.664s][info ][gc,marking    ] GC(61) Concurrent Clear Claimed Marks
[3.664s][info ][gc,marking    ] GC(61) Concurrent Clear Claimed Marks 0.012ms
[3.664s][info ][gc,marking    ] GC(61) Concurrent Scan Root Regions
[3.664s][debug][gc,ergo       ] GC(61) Running G1 Root Region Scan using 3 workers for 33 work units.
[3.664s][info ][gc,marking    ] GC(61) Concurrent Scan Root Regions 0.109ms
[3.664s][info ][gc,marking    ] GC(61) Concurrent Mark
[3.664s][info ][gc,marking    ] GC(61) Concurrent Mark From Roots
[3.664s][info ][gc,task       ] GC(61) Using 3 workers of 3 for marking
[3.668s][info ][gc,marking    ] GC(61) Concurrent Mark From Roots 3.671ms
[3.668s][info ][gc,marking    ] GC(61) Concurrent Preclean
[3.668s][info ][gc,marking    ] GC(61) Concurrent Preclean 0.114ms
[3.668s][info ][gc,start      ] GC(61) Pause Remark
[3.669s][debug][gc,ergo       ] GC(61) Running G1 Update RemSet Tracking Before Rebuild using 3 workers for 1024 regions in heap
[3.673s][info ][gc            ] GC(61) Pause Remark 862M->512M(1024M) 4.525ms
[3.673s][info ][gc,cpu        ] GC(61) User=0.03s Sys=0.00s Real=0.00s
[3.673s][info ][safepoint     ] Safepoint "G1PauseRemark", Time since last: 4304401 ns, Reaching safepoint: 5000 ns, Cleanup: 7800 ns, At safepoint: 4596701 ns, Total: 4609501 ns
[3.673s][info ][gc,marking    ] GC(61) Concurrent Mark 8.790ms
[3.673s][info ][gc,marking    ] GC(61) Concurrent Rebuild Remembered Sets
[3.675s][debug][gc,heap       ] GC(62) Heap before GC invocations=61 (full 0):
[3.675s][debug][gc,heap       ] GC(62)  garbage-first heap   total 1048576K, used 540248K [0x00000000c0000000, 0x0000000100000000)
[3.675s][debug][gc,heap       ] GC(62)   region size 1024K, 51 young (52224K), 8 survivors (8192K)
[3.675s][debug][gc,heap       ] GC(62)  Metaspace       used 6341K, committed 6464K, reserved 1114112K
[3.675s][debug][gc,heap       ] GC(62)   class space    used 546K, committed 640K, reserved 1048576K
[3.675s][info ][gc,start      ] GC(62) Pause Young (Normal) (G1 Evacuation Pause)
[3.675s][info ][gc,task       ] GC(62) Using 10 workers of 10 for evacuation
[3.675s][trace][gc,ergo,cset  ] GC(62) Start choosing CSet. Pending cards: 55 target pause time: 200.00ms
[3.675s][trace][gc,ergo,cset  ] GC(62) Added young regions to CSet. Eden: 43 regions, Survivors: 8 regions, predicted eden time: 9.61ms, predicted base time: 1.36ms, target pause time: 200.00ms, remaining time: 189.03ms
[3.675s][debug][gc,ergo       ] GC(62) Running G1 Merge Heap Roots using 10 workers for 51 regions
[3.681s][debug][gc,ergo       ] GC(62) Running G1 Rebuild Free List Task using 10 workers for rebuilding free list of regions
[3.681s][debug][gc,ergo,heap  ] GC(62) Heap expansion: short term pause time ratio 50.02% long term pause time ratio 59.66% threshold 7.69% pause time ratio 7.69% fully expanded true resize by 0B
[3.681s][debug][gc,ergo,refine] GC(62) Concurrent refinement times: Logged Cards Scan time goal: 20.00ms Logged Cards Scan time: 0.02ms HCC time: 0.00ms
[3.681s][trace][gc,ergo,refine] GC(62) Updating Refinement Zones: logged cards scan time: 0.018ms, processed cards: 38, goal time: 20.000ms
[3.681s][debug][gc,ergo,refine] GC(62) Updated Refinement Zones: green: 2560, yellow: 7680, red: 12800
[3.681s][info ][gc,phases     ] GC(62)   Pre Evacuate Collection Set: 0.2ms
[3.681s][info ][gc,phases     ] GC(62)   Merge Heap Roots: 0.2ms
[3.681s][info ][gc,phases     ] GC(62)   Evacuate Collection Set: 5.3ms
[3.681s][info ][gc,phases     ] GC(62)   Post Evacuate Collection Set: 0.5ms
[3.681s][info ][gc,phases     ] GC(62)   Other: 0.2ms
[3.681s][info ][gc,heap       ] GC(62) Eden regions: 43->0(177)
[3.681s][info ][gc,heap       ] GC(62) Survivor regions: 8->7(7)
[3.681s][info ][gc,heap       ] GC(62) Old regions: 478->500
[3.681s][info ][gc,heap       ] GC(62) Archive regions: 0->0
[3.681s][info ][gc,heap       ] GC(62) Humongous regions: 0->0
[3.681s][info ][gc,metaspace  ] GC(62) Metaspace: 6341K(6464K)->6341K(6464K) NonClass: 5794K(5824K)->5794K(5824K) Class: 546K(640K)->546K(640K)
[3.681s][debug][gc,heap       ] GC(62) Heap after GC invocations=62 (full 0):
[3.681s][debug][gc,heap       ] GC(62)  garbage-first heap   total 1048576K, used 518644K [0x00000000c0000000, 0x0000000100000000)
[3.681s][debug][gc,heap       ] GC(62)   region size 1024K, 7 young (7168K), 7 survivors (7168K)
[3.681s][debug][gc,heap       ] GC(62)  Metaspace       used 6341K, committed 6464K, reserved 1114112K
[3.681s][debug][gc,heap       ] GC(62)   class space    used 546K, committed 640K, reserved 1048576K
[3.681s][info ][gc            ] GC(62) Pause Young (Normal) (G1 Evacuation Pause) 528M->506M(1024M) 6.371ms
[3.681s][info ][gc,cpu        ] GC(62) User=0.05s Sys=0.00s Real=0.00s
[3.681s][info ][safepoint     ] Safepoint "G1CollectForAllocation", Time since last: 2000701 ns, Reaching safepoint: 50100 ns, Cleanup: 4300 ns, At safepoint: 6539802 ns, Total: 6594202 ns
[3.682s][info ][gc,marking    ] GC(61) Concurrent Rebuild Remembered Sets 9.374ms
[3.682s][info ][gc,start      ] GC(61) Pause Cleanup
[3.683s][debug][gc,ergo,cset  ] GC(61) Pruned 133 regions out of 423, leaving 53315128 bytes waste (allowed 53687091)
[3.683s][info ][gc            ] GC(61) Pause Cleanup 513M->513M(1024M) 0.369ms
[3.683s][info ][gc,cpu        ] GC(61) User=0.00s Sys=0.00s Real=0.00s
[3.683s][info ][safepoint     ] Safepoint "G1PauseCleanup", Time since last: 941100 ns, Reaching safepoint: 93400 ns, Cleanup: 3900 ns, At safepoint: 404700 ns, Total: 502000 ns
[3.683s][info ][gc,marking    ] GC(61) Concurrent Cleanup for Next Mark
[3.683s][debug][gc,ergo       ] GC(61) Running G1 Clear Bitmap with 3 workers for 16 work units.
[3.695s][info ][gc,marking    ] GC(61) Concurrent Cleanup for Next Mark 12.571ms
[3.695s][info ][gc            ] GC(61) Concurrent Mark Cycle 31.727ms
[3.704s][debug][gc,heap       ] GC(63) Heap before GC invocations=63 (full 0):
[3.704s][debug][gc,heap       ] GC(63)  garbage-first heap   total 1048576K, used 698868K [0x00000000c0000000, 0x0000000100000000)
[3.704s][debug][gc,heap       ] GC(63)   region size 1024K, 184 young (188416K), 7 survivors (7168K)
[3.704s][debug][gc,heap       ] GC(63)  Metaspace       used 6341K, committed 6464K, reserved 1114112K
[3.704s][debug][gc,heap       ] GC(63)   class space    used 546K, committed 640K, reserved 1048576K
[3.704s][info ][gc,start      ] GC(63) Pause Young (Prepare Mixed) (G1 Evacuation Pause)
[3.704s][info ][gc,task       ] GC(63) Using 10 workers of 10 for evacuation
[3.705s][trace][gc,ergo,cset  ] GC(63) Start choosing CSet. Pending cards: 46 target pause time: 200.00ms
[3.705s][trace][gc,ergo,cset  ] GC(63) Added young regions to CSet. Eden: 177 regions, Survivors: 7 regions, predicted eden time: 40.07ms, predicted base time: 1.27ms, target pause time: 200.00ms, remaining time: 158.66ms
[3.705s][debug][gc,ergo       ] GC(63) Running G1 Merge Heap Roots using 10 workers for 184 regions
[3.719s][debug][gc,ergo       ] GC(63) Running G1 Rebuild Free List Task using 10 workers for rebuilding free list of regions
[3.720s][debug][gc,ergo,heap  ] GC(63) Heap expansion: short term pause time ratio 22.39% long term pause time ratio 61.64% threshold 7.69% pause time ratio 7.69% fully expanded true resize by 0B
[3.720s][debug][gc,ergo,refine] GC(63) Concurrent refinement times: Logged Cards Scan time goal: 20.00ms Logged Cards Scan time: 0.09ms HCC time: 0.00ms
[3.720s][trace][gc,ergo,refine] GC(63) Updating Refinement Zones: logged cards scan time: 0.090ms, processed cards: 29, goal time: 20.000ms
[3.720s][debug][gc,ergo,refine] GC(63) Updated Refinement Zones: green: 2560, yellow: 7680, red: 12800
[3.720s][info ][gc,phases     ] GC(63)   Pre Evacuate Collection Set: 0.3ms
[3.720s][info ][gc,phases     ] GC(63)   Merge Heap Roots: 0.2ms
[3.720s][info ][gc,phases     ] GC(63)   Evacuate Collection Set: 14.0ms
[3.720s][info ][gc,phases     ] GC(63)   Post Evacuate Collection Set: 0.7ms
[3.720s][info ][gc,phases     ] GC(63)   Other: 0.3ms
[3.720s][info ][gc,heap       ] GC(63) Eden regions: 177->0(28)
[3.720s][info ][gc,heap       ] GC(63) Survivor regions: 7->23(23)
[3.720s][info ][gc,heap       ] GC(63) Old regions: 500->554
[3.720s][info ][gc,heap       ] GC(63) Archive regions: 0->0
[3.720s][info ][gc,heap       ] GC(63) Humongous regions: 0->0
[3.720s][info ][gc,metaspace  ] GC(63) Metaspace: 6341K(6464K)->6341K(6464K) NonClass: 5794K(5824K)->5794K(5824K) Class: 546K(640K)->546K(640K)
[3.720s][debug][gc,heap       ] GC(63) Heap after GC invocations=64 (full 0):
[3.720s][debug][gc,heap       ] GC(63)  garbage-first heap   total 1048576K, used 590024K [0x00000000c0000000, 0x0000000100000000)
[3.720s][debug][gc,heap       ] GC(63)   region size 1024K, 23 young (23552K), 23 survivors (23552K)
[3.720s][debug][gc,heap       ] GC(63)  Metaspace       used 6341K, committed 6464K, reserved 1114112K
[3.720s][debug][gc,heap       ] GC(63)   class space    used 546K, committed 640K, reserved 1048576K
[3.720s][info ][gc            ] GC(63) Pause Young (Prepare Mixed) (G1 Evacuation Pause) 683M->576M(1024M) 15.312ms
[3.720s][info ][gc,cpu        ] GC(63) User=0.17s Sys=0.00s Real=0.01s
[3.720s][info ][safepoint     ] Safepoint "G1CollectForAllocation", Time since last: 21601405 ns, Reaching safepoint: 11900 ns, Cleanup: 9900 ns, At safepoint: 15479304 ns, Total: 15501104 ns
[3.723s][debug][gc,heap       ] GC(64) Heap before GC invocations=64 (full 0):
[3.723s][debug][gc,heap       ] GC(64)  garbage-first heap   total 1048576K, used 617672K [0x00000000c0000000, 0x0000000100000000)
[3.723s][debug][gc,heap       ] GC(64)   region size 1024K, 51 young (52224K), 23 survivors (23552K)
[3.723s][debug][gc,heap       ] GC(64)  Metaspace       used 6341K, committed 6464K, reserved 1114112K
[3.723s][debug][gc,heap       ] GC(64)   class space    used 546K, committed 640K, reserved 1048576K
[3.723s][info ][gc,start      ] GC(64) Pause Young (Mixed) (G1 Evacuation Pause)
[3.723s][info ][gc,task       ] GC(64) Using 10 workers of 10 for evacuation
[3.723s][trace][gc,ergo,cset  ] GC(64) Start choosing CSet. Pending cards: 55 target pause time: 200.00ms
[3.723s][trace][gc,ergo,cset  ] GC(64) Added young regions to CSet. Eden: 28 regions, Survivors: 23 regions, predicted eden time: 5.12ms, predicted base time: 1.38ms, target pause time: 200.00ms, remaining time: 193.50ms
[3.723s][debug][gc,ergo,cset  ] GC(64) Start adding old regions to collection set. Min 37 regions, max 103 regions, time remaining 193.50ms, optional threshold 38.70ms
[3.723s][debug][gc,ergo,cset  ] GC(64) Finish adding old regions to collection set (Maximum number of regions). Initial 103 regions, optional 0 regions
[3.723s][debug][gc,ergo,cset  ] GC(64) Finish choosing collection set old regions. Initial: 103, optional: 0, predicted old time: 0.00ms, predicted optional time: 0.00ms, time remaining: 183.93
[3.723s][debug][gc,ergo       ] GC(64) Running G1 Merge Heap Roots using 10 workers for 154 regions
[3.732s][debug][gc,ergo       ] GC(64) Running G1 Rebuild Free List Task using 10 workers for rebuilding free list of regions
[3.732s][debug][gc,ergo,heap  ] GC(64) Heap expansion: short term pause time ratio 41.00% long term pause time ratio 61.85% threshold 7.69% pause time ratio 7.69% fully expanded true resize by 0B
[3.732s][debug][gc,ergo,refine] GC(64) Concurrent refinement times: Logged Cards Scan time goal: 20.00ms Logged Cards Scan time: 0.01ms HCC time: 0.00ms
[3.732s][trace][gc,ergo,refine] GC(64) Updating Refinement Zones: logged cards scan time: 0.012ms, processed cards: 30, goal time: 19.999ms
[3.732s][debug][gc,ergo,refine] GC(64) Updated Refinement Zones: green: 2560, yellow: 7680, red: 12800
[3.732s][info ][gc,phases     ] GC(64)   Pre Evacuate Collection Set: 0.4ms
[3.732s][info ][gc,phases     ] GC(64)   Merge Heap Roots: 0.3ms
[3.732s][info ][gc,phases     ] GC(64)   Evacuate Collection Set: 7.9ms
[3.732s][info ][gc,phases     ] GC(64)   Post Evacuate Collection Set: 0.7ms
[3.732s][info ][gc,phases     ] GC(64)   Other: 0.2ms
[3.732s][info ][gc,heap       ] GC(64) Eden regions: 28->0(44)
[3.732s][info ][gc,heap       ] GC(64) Survivor regions: 23->7(7)
[3.732s][info ][gc,heap       ] GC(64) Old regions: 554->484
[3.732s][info ][gc,heap       ] GC(64) Archive regions: 0->0
[3.732s][info ][gc,heap       ] GC(64) Humongous regions: 0->0
[3.732s][info ][gc,metaspace  ] GC(64) Metaspace: 6341K(6464K)->6341K(6464K) NonClass: 5794K(5824K)->5794K(5824K) Class: 546K(640K)->546K(640K)
[3.732s][debug][gc,heap       ] GC(64) Heap after GC invocations=65 (full 0):
[3.732s][debug][gc,heap       ] GC(64)  garbage-first heap   total 1048576K, used 501860K [0x00000000c0000000, 0x0000000100000000)
[3.732s][debug][gc,heap       ] GC(64)   region size 1024K, 7 young (7168K), 7 survivors (7168K)
[3.732s][debug][gc,heap       ] GC(64)  Metaspace       used 6341K, committed 6464K, reserved 1114112K
[3.732s][debug][gc,heap       ] GC(64)   class space    used 546K, committed 640K, reserved 1048576K
[3.732s][info ][gc            ] GC(64) Pause Young (Mixed) (G1 Evacuation Pause) 604M->490M(1024M) 9.481ms
[3.732s][info ][gc,cpu        ] GC(64) User=0.06s Sys=0.03s Real=0.01s
[3.732s][info ][safepoint     ] Safepoint "G1CollectForAllocation", Time since last: 2707400 ns, Reaching safepoint: 5500 ns, Cleanup: 6500 ns, At safepoint: 9593203 ns, Total: 9605203 ns
[3.739s][debug][gc,heap       ] GC(65) Heap before GC invocations=65 (full 0):
[3.739s][debug][gc,heap       ] GC(65)  garbage-first heap   total 1048576K, used 545892K [0x00000000c0000000, 0x0000000100000000)
[3.739s][debug][gc,heap       ] GC(65)   region size 1024K, 51 young (52224K), 7 survivors (7168K)
[3.739s][debug][gc,heap       ] GC(65)  Metaspace       used 6341K, committed 6464K, reserved 1114112K
[3.739s][debug][gc,heap       ] GC(65)   class space    used 546K, committed 640K, reserved 1048576K
[3.739s][info ][gc,start      ] GC(65) Pause Young (Mixed) (G1 Evacuation Pause)
[3.739s][info ][gc,task       ] GC(65) Using 10 workers of 10 for evacuation
[3.739s][trace][gc,ergo,cset  ] GC(65) Start choosing CSet. Pending cards: 146 target pause time: 200.00ms
[3.739s][trace][gc,ergo,cset  ] GC(65) Added young regions to CSet. Eden: 44 regions, Survivors: 7 regions, predicted eden time: 7.13ms, predicted base time: 1.42ms, target pause time: 200.00ms, remaining time: 191.44ms
[3.739s][debug][gc,ergo,cset  ] GC(65) Start adding old regions to collection set. Min 37 regions, max 103 regions, time remaining 191.44ms, optional threshold 38.29ms
[3.739s][debug][gc,ergo,cset  ] GC(65) Finish adding old regions to collection set (Maximum number of regions). Initial 103 regions, optional 0 regions
[3.739s][debug][gc,ergo,cset  ] GC(65) Finish choosing collection set old regions. Initial: 103, optional: 0, predicted old time: 0.00ms, predicted optional time: 0.00ms, time remaining: 181.10
[3.739s][debug][gc,ergo       ] GC(65) Running G1 Merge Heap Roots using 10 workers for 154 regions
[3.758s][debug][gc,ergo       ] GC(65) Running G1 Rebuild Free List Task using 10 workers for rebuilding free list of regions
[3.758s][debug][gc,ergo,heap  ] GC(65) Heap expansion: short term pause time ratio 75.94% long term pause time ratio 65.16% threshold 7.69% pause time ratio 7.69% fully expanded true resize by 0B
[3.758s][debug][gc,ergo,refine] GC(65) Concurrent refinement times: Logged Cards Scan time goal: 20.00ms Logged Cards Scan time: 0.03ms HCC time: 0.00ms
[3.758s][trace][gc,ergo,refine] GC(65) Updating Refinement Zones: logged cards scan time: 0.029ms, processed cards: 121, goal time: 19.999ms
[3.758s][debug][gc,ergo,refine] GC(65) Updated Refinement Zones: green: 2560, yellow: 7680, red: 12800
[3.758s][info ][gc,phases     ] GC(65)   Pre Evacuate Collection Set: 0.4ms
[3.758s][info ][gc,phases     ] GC(65)   Merge Heap Roots: 0.2ms
[3.758s][info ][gc,phases     ] GC(65)   Evacuate Collection Set: 17.8ms
[3.758s][info ][gc,phases     ] GC(65)   Post Evacuate Collection Set: 0.7ms
[3.758s][info ][gc,phases     ] GC(65)   Other: 0.3ms
[3.758s][info ][gc,heap       ] GC(65) Eden regions: 44->0(44)
[3.758s][info ][gc,heap       ] GC(65) Survivor regions: 7->7(7)
[3.758s][info ][gc,heap       ] GC(65) Old regions: 484->410
[3.758s][info ][gc,heap       ] GC(65) Archive regions: 0->0
[3.758s][info ][gc,heap       ] GC(65) Humongous regions: 0->0
[3.758s][info ][gc,metaspace  ] GC(65) Metaspace: 6341K(6464K)->6341K(6464K) NonClass: 5794K(5824K)->5794K(5824K) Class: 546K(640K)->546K(640K)
[3.758s][debug][gc,heap       ] GC(65) Heap after GC invocations=66 (full 0):
[3.758s][debug][gc,heap       ] GC(65)  garbage-first heap   total 1048576K, used 426484K [0x00000000c0000000, 0x0000000100000000)
[3.758s][debug][gc,heap       ] GC(65)   region size 1024K, 7 young (7168K), 7 survivors (7168K)
[3.758s][debug][gc,heap       ] GC(65)  Metaspace       used 6341K, committed 6464K, reserved 1114112K
[3.758s][debug][gc,heap       ] GC(65)   class space    used 546K, committed 640K, reserved 1048576K
[3.758s][info ][gc            ] GC(65) Pause Young (Mixed) (G1 Evacuation Pause) 534M->416M(1024M) 19.336ms
[3.758s][info ][gc,cpu        ] GC(65) User=0.11s Sys=0.00s Real=0.02s
[3.758s][info ][safepoint     ] Safepoint "G1CollectForAllocation", Time since last: 6327501 ns, Reaching safepoint: 9000 ns, Cleanup: 8900 ns, At safepoint: 19507505 ns, Total: 19525405 ns
[3.764s][debug][gc,heap       ] GC(66) Heap before GC invocations=66 (full 0):
[3.764s][debug][gc,heap       ] GC(66)  garbage-first heap   total 1048576K, used 470516K [0x00000000c0000000, 0x0000000100000000)
[3.764s][debug][gc,heap       ] GC(66)   region size 1024K, 51 young (52224K), 7 survivors (7168K)
[3.764s][debug][gc,heap       ] GC(66)  Metaspace       used 6341K, committed 6464K, reserved 1114112K
[3.764s][debug][gc,heap       ] GC(66)   class space    used 546K, committed 640K, reserved 1048576K
[3.764s][info ][gc,start      ] GC(66) Pause Young (Mixed) (G1 Evacuation Pause)
[3.764s][info ][gc,task       ] GC(66) Using 10 workers of 10 for evacuation
[3.764s][trace][gc,ergo,cset  ] GC(66) Start choosing CSet. Pending cards: 131 target pause time: 200.00ms
[3.764s][trace][gc,ergo,cset  ] GC(66) Added young regions to CSet. Eden: 44 regions, Survivors: 7 regions, predicted eden time: 6.77ms, predicted base time: 1.35ms, target pause time: 200.00ms, remaining time: 191.88ms
[3.764s][debug][gc,ergo,cset  ] GC(66) Start adding old regions to collection set. Min 37 regions, max 103 regions, time remaining 191.88ms, optional threshold 38.38ms
[3.765s][debug][gc,ergo,cset  ] GC(66) Old candidate collection set empty.
[3.765s][debug][gc,ergo,cset  ] GC(66) Finish choosing collection set old regions. Initial: 84, optional: 0, predicted old time: 0.00ms, predicted optional time: 0.00ms, time remaining: 180.70
[3.765s][debug][gc,ergo       ] GC(66) Running G1 Merge Heap Roots using 10 workers for 135 regions
[3.774s][debug][gc,ergo       ] GC(66) Running G1 Rebuild Free List Task using 10 workers for rebuilding free list of regions
[3.775s][debug][gc,ergo,heap  ] GC(66) Heap expansion: short term pause time ratio 74.11% long term pause time ratio 57.80% threshold 7.69% pause time ratio 7.69% fully expanded true resize by 0B
[3.775s][debug][gc,ergo       ] GC(66) do not continue mixed GCs (candidate old regions not available)
[3.775s][debug][gc,ergo,refine] GC(66) Concurrent refinement times: Logged Cards Scan time goal: 20.00ms Logged Cards Scan time: 0.02ms HCC time: 0.00ms
[3.775s][trace][gc,ergo,refine] GC(66) Updating Refinement Zones: logged cards scan time: 0.021ms, processed cards: 94, goal time: 19.999ms
[3.775s][debug][gc,ergo,refine] GC(66) Updated Refinement Zones: green: 2560, yellow: 7680, red: 12800
[3.775s][info ][gc,phases     ] GC(66)   Pre Evacuate Collection Set: 0.4ms
[3.775s][info ][gc,phases     ] GC(66)   Merge Heap Roots: 0.2ms
[3.775s][info ][gc,phases     ] GC(66)   Evacuate Collection Set: 8.9ms
[3.775s][info ][gc,phases     ] GC(66)   Post Evacuate Collection Set: 0.7ms
[3.775s][info ][gc,phases     ] GC(66)   Other: 0.3ms
[3.775s][info ][gc,heap       ] GC(66) Eden regions: 44->0(249)
[3.775s][info ][gc,heap       ] GC(66) Survivor regions: 7->7(7)
[3.775s][info ][gc,heap       ] GC(66) Old regions: 410->358
[3.775s][info ][gc,heap       ] GC(66) Archive regions: 0->0
[3.775s][info ][gc,heap       ] GC(66) Humongous regions: 0->0
[3.775s][info ][gc,metaspace  ] GC(66) Metaspace: 6341K(6464K)->6341K(6464K) NonClass: 5794K(5824K)->5794K(5824K) Class: 546K(640K)->546K(640K)
[3.775s][debug][gc,heap       ] GC(66) Heap after GC invocations=67 (full 0):
[3.775s][debug][gc,heap       ] GC(66)  garbage-first heap   total 1048576K, used 373136K [0x00000000c0000000, 0x0000000100000000)
[3.775s][debug][gc,heap       ] GC(66)   region size 1024K, 7 young (7168K), 7 survivors (7168K)
[3.775s][debug][gc,heap       ] GC(66)  Metaspace       used 6341K, committed 6464K, reserved 1114112K
[3.775s][debug][gc,heap       ] GC(66)   class space    used 546K, committed 640K, reserved 1048576K
[3.775s][info ][gc            ] GC(66) Pause Young (Mixed) (G1 Evacuation Pause) 460M->364M(1024M) 10.363ms
[3.775s][info ][gc,cpu        ] GC(66) User=0.08s Sys=0.00s Real=0.01s
[3.775s][info ][safepoint     ] Safepoint "G1CollectForAllocation", Time since last: 6237002 ns, Reaching safepoint: 14400 ns, Cleanup: 11100 ns, At safepoint: 10557702 ns, Total: 10583202 ns
[3.813s][debug][gc,heap       ] GC(67) Heap before GC invocations=67 (full 0):
[3.813s][debug][gc,heap       ] GC(67)  garbage-first heap   total 1048576K, used 627088K [0x00000000c0000000, 0x0000000100000000)
[3.813s][debug][gc,heap       ] GC(67)   region size 1024K, 256 young (262144K), 7 survivors (7168K)
[3.813s][debug][gc,heap       ] GC(67)  Metaspace       used 6341K, committed 6464K, reserved 1114112K
[3.813s][debug][gc,heap       ] GC(67)   class space    used 546K, committed 640K, reserved 1048576K
[3.813s][info ][gc,start      ] GC(67) Pause Young (Normal) (G1 Evacuation Pause)
[3.813s][info ][gc,task       ] GC(67) Using 10 workers of 10 for evacuation
[3.813s][trace][gc,ergo,cset  ] GC(67) Start choosing CSet. Pending cards: 32 target pause time: 200.00ms
[3.813s][trace][gc,ergo,cset  ] GC(67) Added young regions to CSet. Eden: 249 regions, Survivors: 7 regions, predicted eden time: 37.77ms, predicted base time: 1.26ms, target pause time: 200.00ms, remaining time: 160.97ms
[3.813s][debug][gc,ergo       ] GC(67) Running G1 Merge Heap Roots using 10 workers for 256 regions
[3.832s][debug][gc,ergo       ] GC(67) Running G1 Rebuild Free List Task using 10 workers for rebuilding free list of regions
[3.832s][debug][gc,ergo,heap  ] GC(67) Heap expansion: short term pause time ratio 60.62% long term pause time ratio 57.78% threshold 7.69% pause time ratio 7.69% fully expanded true resize by 0B
[3.833s][debug][gc,ergo,refine] GC(67) Concurrent refinement times: Logged Cards Scan time goal: 20.00ms Logged Cards Scan time: 0.02ms HCC time: 0.00ms
[3.833s][trace][gc,ergo,refine] GC(67) Updating Refinement Zones: logged cards scan time: 0.019ms, processed cards: 8, goal time: 19.999ms
[3.833s][debug][gc,ergo,refine] GC(67) Updated Refinement Zones: green: 2560, yellow: 7680, red: 12800
[3.833s][info ][gc,phases     ] GC(67)   Pre Evacuate Collection Set: 0.3ms
[3.833s][info ][gc,phases     ] GC(67)   Merge Heap Roots: 0.2ms
[3.833s][info ][gc,phases     ] GC(67)   Evacuate Collection Set: 18.3ms
[3.833s][info ][gc,phases     ] GC(67)   Post Evacuate Collection Set: 0.7ms
[3.833s][info ][gc,phases     ] GC(67)   Other: 0.2ms
[3.833s][info ][gc,heap       ] GC(67) Eden regions: 249->0(214)
[3.833s][info ][gc,heap       ] GC(67) Survivor regions: 7->32(32)
[3.833s][info ][gc,heap       ] GC(67) Old regions: 358->423
[3.833s][info ][gc,heap       ] GC(67) Archive regions: 0->0
[3.833s][info ][gc,heap       ] GC(67) Humongous regions: 0->0
[3.833s][info ][gc,metaspace  ] GC(67) Metaspace: 6341K(6464K)->6341K(6464K) NonClass: 5794K(5824K)->5794K(5824K) Class: 546K(640K)->546K(640K)
[3.833s][debug][gc,heap       ] GC(67) Heap after GC invocations=68 (full 0):
[3.833s][debug][gc,heap       ] GC(67)  garbage-first heap   total 1048576K, used 465096K [0x00000000c0000000, 0x0000000100000000)
[3.833s][debug][gc,heap       ] GC(67)   region size 1024K, 32 young (32768K), 32 survivors (32768K)
[3.833s][debug][gc,heap       ] GC(67)  Metaspace       used 6341K, committed 6464K, reserved 1114112K
[3.833s][debug][gc,heap       ] GC(67)   class space    used 546K, committed 640K, reserved 1048576K
[3.833s][info ][gc            ] GC(67) Pause Young (Normal) (G1 Evacuation Pause) 613M->454M(1024M) 19.649ms
[3.833s][info ][gc,cpu        ] GC(67) User=0.19s Sys=0.00s Real=0.02s
[3.833s][info ][safepoint     ] Safepoint "G1CollectForAllocation", Time since last: 38028809 ns, Reaching safepoint: 13100 ns, Cleanup: 10300 ns, At safepoint: 19815305 ns, Total: 19838705 ns
[3.870s][debug][gc,heap       ] GC(68) Heap before GC invocations=68 (full 0):
[3.870s][debug][gc,heap       ] GC(68)  garbage-first heap   total 1048576K, used 683208K [0x00000000c0000000, 0x0000000100000000)
[3.870s][debug][gc,heap       ] GC(68)   region size 1024K, 246 young (251904K), 32 survivors (32768K)
[3.870s][debug][gc,heap       ] GC(68)  Metaspace       used 6341K, committed 6464K, reserved 1114112K
[3.870s][debug][gc,heap       ] GC(68)   class space    used 546K, committed 640K, reserved 1048576K
[3.870s][info ][gc,start      ] GC(68) Pause Young (Normal) (G1 Evacuation Pause)
[3.870s][info ][gc,task       ] GC(68) Using 10 workers of 10 for evacuation
[3.870s][trace][gc,ergo,cset  ] GC(68) Start choosing CSet. Pending cards: 49 target pause time: 200.00ms
[3.870s][trace][gc,ergo,cset  ] GC(68) Added young regions to CSet. Eden: 214 regions, Survivors: 32 regions, predicted eden time: 29.10ms, predicted base time: 1.28ms, target pause time: 200.00ms, remaining time: 169.62ms
[3.870s][debug][gc,ergo       ] GC(68) Running G1 Merge Heap Roots using 10 workers for 246 regions
[3.890s][debug][gc,ergo       ] GC(68) Running G1 Rebuild Free List Task using 10 workers for rebuilding free list of regions
[3.890s][debug][gc,ergo,heap  ] GC(68) Heap expansion: short term pause time ratio 33.70% long term pause time ratio 51.04% threshold 7.69% pause time ratio 7.69% fully expanded true resize by 0B
[3.890s][debug][gc,ergo,refine] GC(68) Concurrent refinement times: Logged Cards Scan time goal: 20.00ms Logged Cards Scan time: 0.04ms HCC time: 0.00ms
[3.890s][trace][gc,ergo,refine] GC(68) Updating Refinement Zones: logged cards scan time: 0.040ms, processed cards: 24, goal time: 19.999ms
[3.891s][debug][gc,ergo,refine] GC(68) Updated Refinement Zones: green: 2560, yellow: 7680, red: 12800
[3.891s][info ][gc,phases     ] GC(68)   Pre Evacuate Collection Set: 0.2ms
[3.891s][info ][gc,phases     ] GC(68)   Merge Heap Roots: 0.2ms
[3.891s][info ][gc,phases     ] GC(68)   Evacuate Collection Set: 19.2ms
[3.891s][info ][gc,phases     ] GC(68)   Post Evacuate Collection Set: 0.8ms
[3.891s][info ][gc,phases     ] GC(68)   Other: 0.3ms
[3.891s][info ][gc,heap       ] GC(68) Eden regions: 214->0(184)
[3.891s][info ][gc,heap       ] GC(68) Survivor regions: 32->31(31)
[3.891s][info ][gc,heap       ] GC(68) Old regions: 423->495
[3.891s][info ][gc,heap       ] GC(68) Archive regions: 0->0
[3.891s][info ][gc,heap       ] GC(68) Humongous regions: 0->0
[3.891s][info ][gc,metaspace  ] GC(68) Metaspace: 6341K(6464K)->6341K(6464K) NonClass: 5794K(5824K)->5794K(5824K) Class: 546K(640K)->546K(640K)
[3.891s][debug][gc,heap       ] GC(68) Heap after GC invocations=69 (full 0):
[3.891s][debug][gc,heap       ] GC(68)  garbage-first heap   total 1048576K, used 537900K [0x00000000c0000000, 0x0000000100000000)
[3.891s][debug][gc,heap       ] GC(68)   region size 1024K, 31 young (31744K), 31 survivors (31744K)
[3.891s][debug][gc,heap       ] GC(68)  Metaspace       used 6341K, committed 6464K, reserved 1114112K
[3.891s][debug][gc,heap       ] GC(68)   class space    used 546K, committed 640K, reserved 1048576K
[3.891s][info ][gc            ] GC(68) Pause Young (Normal) (G1 Evacuation Pause) 668M->525M(1024M) 20.706ms
[3.891s][info ][gc,cpu        ] GC(68) User=0.18s Sys=0.00s Real=0.02s
[3.891s][info ][safepoint     ] Safepoint "G1CollectForAllocation", Time since last: 35005209 ns, Reaching safepoint: 2148800 ns, Cleanup: 10100 ns, At safepoint: 20881805 ns, Total: 23040705 ns
[3.920s][debug][gc,heap       ] GC(69) Heap before GC invocations=69 (full 0):
[3.920s][debug][gc,heap       ] GC(69)  garbage-first heap   total 1048576K, used 725292K [0x00000000c0000000, 0x0000000100000000)
[3.920s][debug][gc,heap       ] GC(69)   region size 1024K, 215 young (220160K), 31 survivors (31744K)
[3.920s][debug][gc,heap       ] GC(69)  Metaspace       used 6341K, committed 6464K, reserved 1114112K
[3.920s][debug][gc,heap       ] GC(69)   class space    used 546K, committed 640K, reserved 1048576K
[3.920s][info ][gc,start      ] GC(69) Pause Young (Normal) (G1 Evacuation Pause)
[3.920s][info ][gc,task       ] GC(69) Using 10 workers of 10 for evacuation
[3.920s][trace][gc,ergo,cset  ] GC(69) Start choosing CSet. Pending cards: 48 target pause time: 200.00ms
[3.920s][trace][gc,ergo,cset  ] GC(69) Added young regions to CSet. Eden: 184 regions, Survivors: 31 regions, predicted eden time: 23.09ms, predicted base time: 1.22ms, target pause time: 200.00ms, remaining time: 175.69ms
[3.920s][debug][gc,ergo       ] GC(69) Running G1 Merge Heap Roots using 10 workers for 215 regions
[3.940s][debug][gc,ergo       ] GC(69) Running G1 Rebuild Free List Task using 10 workers for rebuilding free list of regions
[3.940s][debug][gc,ergo,heap  ] GC(69) Heap expansion: short term pause time ratio 35.33% long term pause time ratio 47.00% threshold 7.69% pause time ratio 7.69% fully expanded true resize by 0B
[3.940s][debug][gc,ergo,refine] GC(69) Concurrent refinement times: Logged Cards Scan time goal: 20.00ms Logged Cards Scan time: 0.06ms HCC time: 0.00ms
[3.940s][trace][gc,ergo,refine] GC(69) Updating Refinement Zones: logged cards scan time: 0.059ms, processed cards: 31, goal time: 19.999ms
[3.940s][debug][gc,ergo,refine] GC(69) Updated Refinement Zones: green: 2560, yellow: 7680, red: 12800
[3.940s][info ][gc,phases     ] GC(69)   Pre Evacuate Collection Set: 0.3ms
[3.940s][info ][gc,phases     ] GC(69)   Merge Heap Roots: 0.2ms
[3.940s][info ][gc,phases     ] GC(69)   Evacuate Collection Set: 18.8ms
[3.940s][info ][gc,phases     ] GC(69)   Post Evacuate Collection Set: 0.8ms
[3.940s][info ][gc,phases     ] GC(69)   Other: 0.3ms
[3.940s][info ][gc,heap       ] GC(69) Eden regions: 184->0(156)
[3.940s][info ][gc,heap       ] GC(69) Survivor regions: 31->27(27)
[3.940s][info ][gc,heap       ] GC(69) Old regions: 495->561
[3.940s][info ][gc,heap       ] GC(69) Archive regions: 0->0
[3.940s][info ][gc,heap       ] GC(69) Humongous regions: 0->0
[3.940s][info ][gc,metaspace  ] GC(69) Metaspace: 6341K(6464K)->6341K(6464K) NonClass: 5794K(5824K)->5794K(5824K) Class: 546K(640K)->546K(640K)
[3.940s][debug][gc,heap       ] GC(69) Heap after GC invocations=70 (full 0):
[3.940s][debug][gc,heap       ] GC(69)  garbage-first heap   total 1048576K, used 602088K [0x00000000c0000000, 0x0000000100000000)
[3.940s][debug][gc,heap       ] GC(69)   region size 1024K, 27 young (27648K), 27 survivors (27648K)
[3.940s][debug][gc,heap       ] GC(69)  Metaspace       used 6341K, committed 6464K, reserved 1114112K
[3.940s][debug][gc,heap       ] GC(69)   class space    used 546K, committed 640K, reserved 1048576K
[3.940s][info ][gc            ] GC(69) Pause Young (Normal) (G1 Evacuation Pause) 709M->587M(1024M) 20.409ms
[3.940s][info ][gc,cpu        ] GC(69) User=0.17s Sys=0.00s Real=0.02s
[3.940s][info ][safepoint     ] Safepoint "G1CollectForAllocation", Time since last: 28487007 ns, Reaching safepoint: 291800 ns, Cleanup: 8200 ns, At safepoint: 20595805 ns, Total: 20895805 ns
[3.965s][debug][gc,heap       ] GC(70) Heap before GC invocations=70 (full 0):
[3.965s][debug][gc,heap       ] GC(70)  garbage-first heap   total 1048576K, used 760808K [0x00000000c0000000, 0x0000000100000000)
[3.965s][debug][gc,heap       ] GC(70)   region size 1024K, 183 young (187392K), 27 survivors (27648K)
[3.965s][debug][gc,heap       ] GC(70)  Metaspace       used 6341K, committed 6464K, reserved 1114112K
[3.965s][debug][gc,heap       ] GC(70)   class space    used 546K, committed 640K, reserved 1048576K
[3.965s][info ][gc,start      ] GC(70) Pause Young (Normal) (G1 Evacuation Pause)
[3.965s][info ][gc,task       ] GC(70) Using 10 workers of 10 for evacuation
[3.965s][trace][gc,ergo,cset  ] GC(70) Start choosing CSet. Pending cards: 48 target pause time: 200.00ms
[3.965s][trace][gc,ergo,cset  ] GC(70) Added young regions to CSet. Eden: 156 regions, Survivors: 27 regions, predicted eden time: 18.42ms, predicted base time: 1.20ms, target pause time: 200.00ms, remaining time: 180.39ms
[3.965s][debug][gc,ergo       ] GC(70) Running G1 Merge Heap Roots using 10 workers for 183 regions
[3.984s][debug][gc,ergo       ] GC(70) Running G1 Rebuild Free List Task using 10 workers for rebuilding free list of regions
[3.984s][debug][gc,ergo,heap  ] GC(70) Heap expansion: short term pause time ratio 40.81% long term pause time ratio 45.29% threshold 7.69% pause time ratio 7.69% fully expanded true resize by 0B
[3.984s][debug][gc,ergo,refine] GC(70) Concurrent refinement times: Logged Cards Scan time goal: 20.00ms Logged Cards Scan time: 0.06ms HCC time: 0.00ms
[3.984s][trace][gc,ergo,refine] GC(70) Updating Refinement Zones: logged cards scan time: 0.057ms, processed cards: 31, goal time: 19.999ms
[3.984s][debug][gc,ergo,refine] GC(70) Updated Refinement Zones: green: 2560, yellow: 7680, red: 12800
[3.984s][info ][gc,phases     ] GC(70)   Pre Evacuate Collection Set: 0.3ms
[3.984s][info ][gc,phases     ] GC(70)   Merge Heap Roots: 0.2ms
[3.984s][info ][gc,phases     ] GC(70)   Evacuate Collection Set: 18.0ms
[3.984s][info ][gc,phases     ] GC(70)   Post Evacuate Collection Set: 0.9ms
[3.984s][info ][gc,phases     ] GC(70)   Other: 0.2ms
[3.984s][info ][gc,heap       ] GC(70) Eden regions: 156->0(131)
[3.984s][info ][gc,heap       ] GC(70) Survivor regions: 27->23(23)
[3.984s][info ][gc,heap       ] GC(70) Old regions: 561->621
[3.984s][info ][gc,heap       ] GC(70) Archive regions: 0->0
[3.984s][info ][gc,heap       ] GC(70) Humongous regions: 0->0
[3.984s][info ][gc,metaspace  ] GC(70) Metaspace: 6341K(6464K)->6341K(6464K) NonClass: 5794K(5824K)->5794K(5824K) Class: 546K(640K)->546K(640K)
[3.984s][debug][gc,heap       ] GC(70) Heap after GC invocations=71 (full 0):
[3.984s][debug][gc,heap       ] GC(70)  garbage-first heap   total 1048576K, used 658532K [0x00000000c0000000, 0x0000000100000000)
[3.984s][debug][gc,heap       ] GC(70)   region size 1024K, 23 young (23552K), 23 survivors (23552K)
[3.984s][debug][gc,heap       ] GC(70)  Metaspace       used 6341K, committed 6464K, reserved 1114112K
[3.984s][debug][gc,heap       ] GC(70)   class space    used 546K, committed 640K, reserved 1048576K
[3.984s][info ][gc            ] GC(70) Pause Young (Normal) (G1 Evacuation Pause) 743M->643M(1024M) 19.572ms
[3.984s][info ][gc,cpu        ] GC(70) User=0.17s Sys=0.00s Real=0.02s
[3.984s][info ][safepoint     ] Safepoint "G1CollectForAllocation", Time since last: 24429806 ns, Reaching safepoint: 8700 ns, Cleanup: 31500 ns, At safepoint: 19721705 ns, Total: 19761905 ns
[4.004s][debug][gc,heap       ] GC(71) Heap before GC invocations=71 (full 0):
[4.004s][debug][gc,heap       ] GC(71)  garbage-first heap   total 1048576K, used 791652K [0x00000000c0000000, 0x0000000100000000)
[4.004s][debug][gc,heap       ] GC(71)   region size 1024K, 154 young (157696K), 23 survivors (23552K)
[4.004s][debug][gc,heap       ] GC(71)  Metaspace       used 6341K, committed 6464K, reserved 1114112K
[4.004s][debug][gc,heap       ] GC(71)   class space    used 546K, committed 640K, reserved 1048576K
[4.004s][info ][gc,start      ] GC(71) Pause Young (Normal) (G1 Evacuation Pause)
[4.004s][info ][gc,task       ] GC(71) Using 10 workers of 10 for evacuation
[4.004s][trace][gc,ergo,cset  ] GC(71) Start choosing CSet. Pending cards: 51 target pause time: 200.00ms
[4.004s][trace][gc,ergo,cset  ] GC(71) Added young regions to CSet. Eden: 131 regions, Survivors: 23 regions, predicted eden time: 15.19ms, predicted base time: 1.18ms, target pause time: 200.00ms, remaining time: 183.62ms
[4.004s][debug][gc,ergo       ] GC(71) Running G1 Merge Heap Roots using 10 workers for 154 regions
[4.018s][debug][gc,ergo       ] GC(71) Running G1 Rebuild Free List Task using 10 workers for rebuilding free list of regions
[4.018s][debug][gc,ergo,heap  ] GC(71) Heap expansion: short term pause time ratio 43.81% long term pause time ratio 44.94% threshold 7.69% pause time ratio 7.69% fully expanded true resize by 0B
[4.019s][debug][gc,ergo,refine] GC(71) Concurrent refinement times: Logged Cards Scan time goal: 20.00ms Logged Cards Scan time: 0.53ms HCC time: 0.00ms
[4.019s][trace][gc,ergo,refine] GC(71) Updating Refinement Zones: logged cards scan time: 0.528ms, processed cards: 34, goal time: 19.999ms
[4.019s][debug][gc,ergo,refine] GC(71) Updated Refinement Zones: green: 2560, yellow: 7680, red: 12800
[4.019s][info ][gc,phases     ] GC(71)   Pre Evacuate Collection Set: 0.3ms
[4.019s][info ][gc,phases     ] GC(71)   Merge Heap Roots: 0.2ms
[4.019s][info ][gc,phases     ] GC(71)   Evacuate Collection Set: 13.3ms
[4.019s][info ][gc,phases     ] GC(71)   Post Evacuate Collection Set: 0.7ms
[4.019s][info ][gc,phases     ] GC(71)   Other: 0.3ms
[4.019s][info ][gc,heap       ] GC(71) Eden regions: 131->0(108)
[4.019s][info ][gc,heap       ] GC(71) Survivor regions: 23->20(20)
[4.019s][info ][gc,heap       ] GC(71) Old regions: 621->672
[4.019s][info ][gc,heap       ] GC(71) Archive regions: 0->0
[4.019s][info ][gc,heap       ] GC(71) Humongous regions: 0->0
[4.019s][info ][gc,metaspace  ] GC(71) Metaspace: 6341K(6464K)->6341K(6464K) NonClass: 5794K(5824K)->5794K(5824K) Class: 546K(640K)->546K(640K)
[4.019s][debug][gc,heap       ] GC(71) Heap after GC invocations=72 (full 0):
[4.019s][debug][gc,heap       ] GC(71)  garbage-first heap   total 1048576K, used 707984K [0x00000000c0000000, 0x0000000100000000)
[4.019s][debug][gc,heap       ] GC(71)   region size 1024K, 20 young (20480K), 20 survivors (20480K)
[4.019s][debug][gc,heap       ] GC(71)  Metaspace       used 6341K, committed 6464K, reserved 1114112K
[4.019s][debug][gc,heap       ] GC(71)   class space    used 546K, committed 640K, reserved 1048576K
[4.019s][info ][gc            ] GC(71) Pause Young (Normal) (G1 Evacuation Pause) 774M->691M(1024M) 14.802ms
[4.019s][info ][gc,cpu        ] GC(71) User=0.15s Sys=0.00s Real=0.01s
[4.019s][info ][safepoint     ] Safepoint "G1CollectForAllocation", Time since last: 19379704 ns, Reaching safepoint: 6500 ns, Cleanup: 6200 ns, At safepoint: 14998004 ns, Total: 15010704 ns
[4.035s][debug][gc,heap       ] GC(72) Heap before GC invocations=72 (full 0):
[4.035s][debug][gc,heap       ] GC(72)  garbage-first heap   total 1048576K, used 817552K [0x00000000c0000000, 0x0000000100000000)
[4.035s][debug][gc,heap       ] GC(72)   region size 1024K, 128 young (131072K), 20 survivors (20480K)
[4.035s][debug][gc,heap       ] GC(72)  Metaspace       used 6341K, committed 6464K, reserved 1114112K
[4.035s][debug][gc,heap       ] GC(72)   class space    used 546K, committed 640K, reserved 1048576K
[4.035s][info ][gc,start      ] GC(72) Pause Young (Normal) (G1 Evacuation Pause)
[4.035s][info ][gc,task       ] GC(72) Using 10 workers of 10 for evacuation
[4.035s][trace][gc,ergo,cset  ] GC(72) Start choosing CSet. Pending cards: 47 target pause time: 200.00ms
[4.035s][trace][gc,ergo,cset  ] GC(72) Added young regions to CSet. Eden: 108 regions, Survivors: 20 regions, predicted eden time: 11.97ms, predicted base time: 1.20ms, target pause time: 200.00ms, remaining time: 186.83ms
[4.035s][debug][gc,ergo       ] GC(72) Running G1 Merge Heap Roots using 10 workers for 128 regions
[4.048s][debug][gc,ergo       ] GC(72) Running G1 Rebuild Free List Task using 10 workers for rebuilding free list of regions
[4.048s][debug][gc,ergo,heap  ] GC(72) Heap expansion: short term pause time ratio 42.40% long term pause time ratio 43.96% threshold 7.69% pause time ratio 7.69% fully expanded true resize by 0B
[4.048s][debug][gc,ergo,refine] GC(72) Concurrent refinement times: Logged Cards Scan time goal: 20.00ms Logged Cards Scan time: 0.03ms HCC time: 0.00ms
[4.048s][trace][gc,ergo,refine] GC(72) Updating Refinement Zones: logged cards scan time: 0.033ms, processed cards: 30, goal time: 19.999ms
[4.048s][debug][gc,ergo,refine] GC(72) Updated Refinement Zones: green: 2560, yellow: 7680, red: 12800
[4.048s][info ][gc,phases     ] GC(72)   Pre Evacuate Collection Set: 0.3ms
[4.048s][info ][gc,phases     ] GC(72)   Merge Heap Roots: 0.2ms
[4.048s][info ][gc,phases     ] GC(72)   Evacuate Collection Set: 12.6ms
[4.048s][info ][gc,phases     ] GC(72)   Post Evacuate Collection Set: 0.7ms
[4.048s][info ][gc,phases     ] GC(72)   Other: 0.2ms
[4.048s][info ][gc,heap       ] GC(72) Eden regions: 108->0(85)
[4.048s][info ][gc,heap       ] GC(72) Survivor regions: 20->16(16)
[4.048s][info ][gc,heap       ] GC(72) Old regions: 672->721
[4.048s][info ][gc,heap       ] GC(72) Archive regions: 0->0
[4.048s][info ][gc,heap       ] GC(72) Humongous regions: 0->0
[4.048s][info ][gc,metaspace  ] GC(72) Metaspace: 6341K(6464K)->6341K(6464K) NonClass: 5794K(5824K)->5794K(5824K) Class: 546K(640K)->546K(640K)
[4.048s][debug][gc,heap       ] GC(72) Heap after GC invocations=73 (full 0):
[4.048s][debug][gc,heap       ] GC(72)  garbage-first heap   total 1048576K, used 754264K [0x00000000c0000000, 0x0000000100000000)
[4.048s][debug][gc,heap       ] GC(72)   region size 1024K, 16 young (16384K), 16 survivors (16384K)
[4.048s][debug][gc,heap       ] GC(72)  Metaspace       used 6341K, committed 6464K, reserved 1114112K
[4.048s][debug][gc,heap       ] GC(72)   class space    used 546K, committed 640K, reserved 1048576K
[4.048s][info ][gc            ] GC(72) Pause Young (Normal) (G1 Evacuation Pause) 799M->736M(1024M) 13.856ms
[4.049s][info ][gc,cpu        ] GC(72) User=0.13s Sys=0.00s Real=0.01s
[4.049s][info ][safepoint     ] Safepoint "G1CollectForAllocation", Time since last: 15817204 ns, Reaching safepoint: 10200 ns, Cleanup: 13100 ns, At safepoint: 14000703 ns, Total: 14024003 ns
[4.061s][debug][gc,heap       ] GC(73) Heap before GC invocations=73 (full 0):
[4.061s][debug][gc,heap       ] GC(73)  garbage-first heap   total 1048576K, used 840280K [0x00000000c0000000, 0x0000000100000000)
[4.061s][debug][gc,heap       ] GC(73)   region size 1024K, 101 young (103424K), 16 survivors (16384K)
[4.061s][debug][gc,heap       ] GC(73)  Metaspace       used 6341K, committed 6464K, reserved 1114112K
[4.061s][debug][gc,heap       ] GC(73)   class space    used 546K, committed 640K, reserved 1048576K
[4.061s][info ][gc,start      ] GC(73) Pause Young (Normal) (G1 Evacuation Pause)
[4.061s][info ][gc,task       ] GC(73) Using 10 workers of 10 for evacuation
[4.061s][trace][gc,ergo,cset  ] GC(73) Start choosing CSet. Pending cards: 45 target pause time: 200.00ms
[4.061s][trace][gc,ergo,cset  ] GC(73) Added young regions to CSet. Eden: 85 regions, Survivors: 16 regions, predicted eden time: 9.46ms, predicted base time: 1.14ms, target pause time: 200.00ms, remaining time: 189.40ms
[4.062s][debug][gc,ergo       ] GC(73) Running G1 Merge Heap Roots using 10 workers for 101 regions
[4.072s][debug][gc,ergo       ] GC(73) Running G1 Rebuild Free List Task using 10 workers for rebuilding free list of regions
[4.072s][debug][gc,ergo,heap  ] GC(73) Heap expansion: short term pause time ratio 45.90% long term pause time ratio 44.21% threshold 7.69% pause time ratio 7.69% fully expanded true resize by 0B
[4.072s][debug][gc,ergo,refine] GC(73) Concurrent refinement times: Logged Cards Scan time goal: 20.00ms Logged Cards Scan time: 0.02ms HCC time: 0.00ms
[4.072s][trace][gc,ergo,refine] GC(73) Updating Refinement Zones: logged cards scan time: 0.017ms, processed cards: 28, goal time: 19.999ms
[4.072s][debug][gc,ergo,refine] GC(73) Updated Refinement Zones: green: 2560, yellow: 7680, red: 12800
[4.072s][info ][gc,phases     ] GC(73)   Pre Evacuate Collection Set: 0.2ms
[4.072s][info ][gc,phases     ] GC(73)   Merge Heap Roots: 0.2ms
[4.072s][info ][gc,phases     ] GC(73)   Evacuate Collection Set: 9.5ms
[4.072s][info ][gc,phases     ] GC(73)   Post Evacuate Collection Set: 0.7ms
[4.072s][info ][gc,phases     ] GC(73)   Other: 1.0ms
[4.072s][info ][gc,heap       ] GC(73) Eden regions: 85->0(69)
[4.072s][info ][gc,heap       ] GC(73) Survivor regions: 16->13(13)
[4.072s][info ][gc,heap       ] GC(73) Old regions: 721->758
[4.072s][info ][gc,heap       ] GC(73) Archive regions: 0->0
[4.072s][info ][gc,heap       ] GC(73) Humongous regions: 0->0
[4.072s][info ][gc,metaspace  ] GC(73) Metaspace: 6341K(6464K)->6341K(6464K) NonClass: 5794K(5824K)->5794K(5824K) Class: 546K(640K)->546K(640K)
[4.072s][debug][gc,heap       ] GC(73) Heap after GC invocations=74 (full 0):
[4.072s][debug][gc,heap       ] GC(73)  garbage-first heap   total 1048576K, used 789080K [0x00000000c0000000, 0x0000000100000000)
[4.072s][debug][gc,heap       ] GC(73)   region size 1024K, 13 young (13312K), 13 survivors (13312K)
[4.072s][debug][gc,heap       ] GC(73)  Metaspace       used 6341K, committed 6464K, reserved 1114112K
[4.072s][debug][gc,heap       ] GC(73)   class space    used 546K, committed 640K, reserved 1048576K
[4.072s][info ][gc            ] GC(73) Pause Young (Normal) (G1 Evacuation Pause) 821M->770M(1024M) 10.807ms
[4.072s][info ][gc,cpu        ] GC(73) User=0.11s Sys=0.00s Real=0.01s
[4.072s][info ][safepoint     ] Safepoint "G1CollectForAllocation", Time since last: 11964703 ns, Reaching safepoint: 10400 ns, Cleanup: 12800 ns, At safepoint: 11709703 ns, Total: 11732903 ns
[4.083s][debug][gc,heap       ] GC(74) Heap before GC invocations=74 (full 0):
[4.083s][debug][gc,heap       ] GC(74)  garbage-first heap   total 1048576K, used 858712K [0x00000000c0000000, 0x0000000100000000)
[4.083s][debug][gc,heap       ] GC(74)   region size 1024K, 82 young (83968K), 13 survivors (13312K)
[4.083s][debug][gc,heap       ] GC(74)  Metaspace       used 6341K, committed 6464K, reserved 1114112K
[4.083s][debug][gc,heap       ] GC(74)   class space    used 546K, committed 640K, reserved 1048576K
[4.083s][info ][gc,start      ] GC(74) Pause Young (Normal) (G1 Evacuation Pause)
[4.083s][info ][gc,task       ] GC(74) Using 10 workers of 10 for evacuation
[4.083s][trace][gc,ergo,cset  ] GC(74) Start choosing CSet. Pending cards: 44 target pause time: 200.00ms
[4.083s][trace][gc,ergo,cset  ] GC(74) Added young regions to CSet. Eden: 69 regions, Survivors: 13 regions, predicted eden time: 7.50ms, predicted base time: 1.11ms, target pause time: 200.00ms, remaining time: 191.39ms
[4.083s][debug][gc,ergo       ] GC(74) Running G1 Merge Heap Roots using 10 workers for 82 regions
[4.092s][debug][gc,ergo       ] GC(74) Running G1 Rebuild Free List Task using 10 workers for rebuilding free list of regions
[4.092s][debug][gc,ergo,heap  ] GC(74) Heap expansion: short term pause time ratio 45.09% long term pause time ratio 44.61% threshold 7.69% pause time ratio 7.69% fully expanded true resize by 0B
[4.093s][debug][gc,ergo,ihop  ] GC(74) Request concurrent cycle initiation (occupancy higher than threshold) occupancy: 828375040B allocation request: 0B threshold: 826335745B (76.96) source: end of GC
[4.093s][debug][gc,ergo,refine] GC(74) Concurrent refinement times: Logged Cards Scan time goal: 20.00ms Logged Cards Scan time: 0.04ms HCC time: 0.00ms
[4.093s][trace][gc,ergo,refine] GC(74) Updating Refinement Zones: logged cards scan time: 0.044ms, processed cards: 27, goal time: 19.999ms
[4.093s][debug][gc,ergo,refine] GC(74) Updated Refinement Zones: green: 2560, yellow: 7680, red: 12800
[4.093s][info ][gc,phases     ] GC(74)   Pre Evacuate Collection Set: 0.7ms
[4.093s][info ][gc,phases     ] GC(74)   Merge Heap Roots: 0.2ms
[4.093s][info ][gc,phases     ] GC(74)   Evacuate Collection Set: 8.1ms
[4.093s][info ][gc,phases     ] GC(74)   Post Evacuate Collection Set: 0.8ms
[4.093s][info ][gc,phases     ] GC(74)   Other: 0.3ms
[4.093s][info ][gc,heap       ] GC(74) Eden regions: 69->0(55)
[4.093s][info ][gc,heap       ] GC(74) Survivor regions: 13->11(11)
[4.093s][info ][gc,heap       ] GC(74) Old regions: 758->790
[4.093s][info ][gc,heap       ] GC(74) Archive regions: 0->0
[4.093s][info ][gc,heap       ] GC(74) Humongous regions: 0->0
[4.093s][info ][gc,metaspace  ] GC(74) Metaspace: 6341K(6464K)->6341K(6464K) NonClass: 5794K(5824K)->5794K(5824K) Class: 546K(640K)->546K(640K)
[4.093s][debug][gc,heap       ] GC(74) Heap after GC invocations=75 (full 0):
[4.093s][debug][gc,heap       ] GC(74)  garbage-first heap   total 1048576K, used 819700K [0x00000000c0000000, 0x0000000100000000)
[4.093s][debug][gc,heap       ] GC(74)   region size 1024K, 11 young (11264K), 11 survivors (11264K)
[4.093s][debug][gc,heap       ] GC(74)  Metaspace       used 6341K, committed 6464K, reserved 1114112K
[4.093s][debug][gc,heap       ] GC(74)   class space    used 546K, committed 640K, reserved 1048576K
[4.093s][info ][gc            ] GC(74) Pause Young (Normal) (G1 Evacuation Pause) 839M->800M(1024M) 9.898ms
[4.093s][info ][gc,cpu        ] GC(74) User=0.08s Sys=0.00s Real=0.01s
[4.093s][info ][safepoint     ] Safepoint "G1CollectForAllocation", Time since last: 10301802 ns, Reaching safepoint: 10200 ns, Cleanup: 11100 ns, At safepoint: 10087703 ns, Total: 10109003 ns
[4.100s][debug][gc,heap       ] GC(75) Heap before GC invocations=75 (full 0):
[4.100s][debug][gc,heap       ] GC(75)  garbage-first heap   total 1048576K, used 874996K [0x00000000c0000000, 0x0000000100000000)
[4.100s][debug][gc,heap       ] GC(75)   region size 1024K, 66 young (67584K), 11 survivors (11264K)
[4.100s][debug][gc,heap       ] GC(75)  Metaspace       used 6341K, committed 6464K, reserved 1114112K
[4.100s][debug][gc,heap       ] GC(75)   class space    used 546K, committed 640K, reserved 1048576K
[4.100s][debug][gc,ergo       ] GC(75) Initiate concurrent cycle (concurrent cycle initiation requested)
[4.100s][info ][gc,start      ] GC(75) Pause Young (Concurrent Start) (G1 Evacuation Pause)
[4.100s][info ][gc,task       ] GC(75) Using 10 workers of 10 for evacuation
[4.100s][trace][gc,ergo,cset  ] GC(75) Start choosing CSet. Pending cards: 45 target pause time: 200.00ms
[4.100s][trace][gc,ergo,cset  ] GC(75) Added young regions to CSet. Eden: 55 regions, Survivors: 11 regions, predicted eden time: 6.07ms, predicted base time: 1.25ms, target pause time: 200.00ms, remaining time: 192.68ms
[4.100s][debug][gc,ergo       ] GC(75) Running G1 Merge Heap Roots using 10 workers for 66 regions
[4.107s][debug][gc,ergo       ] GC(75) Running G1 Rebuild Free List Task using 10 workers for rebuilding free list of regions
[4.107s][debug][gc,ergo,heap  ] GC(75) Heap expansion: short term pause time ratio 47.83% long term pause time ratio 43.72% threshold 7.69% pause time ratio 7.69% fully expanded true resize by 0B
[4.108s][debug][gc,ergo,refine] GC(75) Concurrent refinement times: Logged Cards Scan time goal: 20.00ms Logged Cards Scan time: 0.02ms HCC time: 0.00ms
[4.108s][trace][gc,ergo,refine] GC(75) Updating Refinement Zones: logged cards scan time: 0.016ms, processed cards: 28, goal time: 20.000ms
[4.108s][debug][gc,ergo,refine] GC(75) Updated Refinement Zones: green: 2560, yellow: 7680, red: 12800
[4.108s][info ][gc,phases     ] GC(75)   Pre Evacuate Collection Set: 0.3ms
[4.108s][info ][gc,phases     ] GC(75)   Merge Heap Roots: 0.2ms
[4.108s][info ][gc,phases     ] GC(75)   Evacuate Collection Set: 6.4ms
[4.108s][info ][gc,phases     ] GC(75)   Post Evacuate Collection Set: 0.7ms
[4.108s][info ][gc,phases     ] GC(75)   Other: 0.6ms
[4.108s][info ][gc,heap       ] GC(75) Eden regions: 55->0(43)
[4.108s][info ][gc,heap       ] GC(75) Survivor regions: 11->9(9)
[4.108s][info ][gc,heap       ] GC(75) Old regions: 790->816
[4.108s][info ][gc,heap       ] GC(75) Archive regions: 0->0
[4.108s][info ][gc,heap       ] GC(75) Humongous regions: 0->0
[4.108s][info ][gc,metaspace  ] GC(75) Metaspace: 6341K(6464K)->6341K(6464K) NonClass: 5794K(5824K)->5794K(5824K) Class: 546K(640K)->546K(640K)
[4.108s][debug][gc,heap       ] GC(75) Heap after GC invocations=76 (full 0):
[4.108s][debug][gc,heap       ] GC(75)  garbage-first heap   total 1048576K, used 844676K [0x00000000c0000000, 0x0000000100000000)
[4.108s][debug][gc,heap       ] GC(75)   region size 1024K, 9 young (9216K), 9 survivors (9216K)
[4.108s][debug][gc,heap       ] GC(75)  Metaspace       used 6341K, committed 6464K, reserved 1114112K
[4.108s][debug][gc,heap       ] GC(75)   class space    used 546K, committed 640K, reserved 1048576K
[4.108s][info ][gc            ] GC(75) Pause Young (Concurrent Start) (G1 Evacuation Pause) 855M->824M(1024M) 7.990ms
[4.108s][info ][gc,cpu        ] GC(75) User=0.07s Sys=0.00s Real=0.01s
[4.108s][info ][safepoint     ] Safepoint "G1CollectForAllocation", Time since last: 6917402 ns, Reaching safepoint: 9000 ns, Cleanup: 8800 ns, At safepoint: 8200202 ns, Total: 8218002 ns
[4.108s][info ][gc            ] GC(76) Concurrent Mark Cycle
[4.108s][info ][gc,marking    ] GC(76) Concurrent Clear Claimed Marks
[4.108s][info ][gc,marking    ] GC(76) Concurrent Clear Claimed Marks 0.016ms
[4.108s][info ][gc,marking    ] GC(76) Concurrent Scan Root Regions
[4.108s][debug][gc,ergo       ] GC(76) Running G1 Root Region Scan using 3 workers for 36 work units.
[4.108s][info ][gc,marking    ] GC(76) Concurrent Scan Root Regions 0.155ms
[4.108s][info ][gc,marking    ] GC(76) Concurrent Mark
[4.108s][info ][gc,marking    ] GC(76) Concurrent Mark From Roots
[4.108s][info ][gc,task       ] GC(76) Using 3 workers of 3 for marking
[4.112s][info ][gc,marking    ] GC(76) Concurrent Mark From Roots 3.960ms
[4.112s][info ][gc,marking    ] GC(76) Concurrent Preclean
[4.112s][info ][gc,marking    ] GC(76) Concurrent Preclean 0.066ms
[4.112s][info ][gc,start      ] GC(76) Pause Remark
[4.114s][debug][gc,ergo       ] GC(76) Running G1 Update RemSet Tracking Before Rebuild using 3 workers for 1024 regions in heap
[4.114s][info ][gc            ] GC(76) Pause Remark 852M->529M(1024M) 1.937ms
[4.114s][info ][gc,cpu        ] GC(76) User=0.01s Sys=0.00s Real=0.01s
[4.114s][info ][safepoint     ] Safepoint "G1PauseRemark", Time since last: 4567201 ns, Reaching safepoint: 11900 ns, Cleanup: 12200 ns, At safepoint: 2024300 ns, Total: 2048400 ns
[4.114s][info ][gc,marking    ] GC(76) Concurrent Mark 6.468ms
[4.114s][info ][gc,marking    ] GC(76) Concurrent Rebuild Remembered Sets
[4.116s][debug][gc,heap       ] GC(77) Heap before GC invocations=76 (full 0):
[4.117s][debug][gc,heap       ] GC(77)  garbage-first heap   total 1048576K, used 556932K [0x00000000c0000000, 0x0000000100000000)
[4.117s][debug][gc,heap       ] GC(77)   region size 1024K, 52 young (53248K), 9 survivors (9216K)
[4.117s][debug][gc,heap       ] GC(77)  Metaspace       used 6341K, committed 6464K, reserved 1114112K
[4.117s][debug][gc,heap       ] GC(77)   class space    used 546K, committed 640K, reserved 1048576K
[4.117s][info ][gc,start      ] GC(77) Pause Young (Normal) (G1 Evacuation Pause)
[4.117s][info ][gc,task       ] GC(77) Using 10 workers of 10 for evacuation
[4.117s][trace][gc,ergo,cset  ] GC(77) Start choosing CSet. Pending cards: 56 target pause time: 200.00ms
[4.117s][trace][gc,ergo,cset  ] GC(77) Added young regions to CSet. Eden: 43 regions, Survivors: 9 regions, predicted eden time: 6.06ms, predicted base time: 1.27ms, target pause time: 200.00ms, remaining time: 192.67ms
[4.117s][debug][gc,ergo       ] GC(77) Running G1 Merge Heap Roots using 10 workers for 52 regions
[4.123s][debug][gc,ergo       ] GC(77) Running G1 Rebuild Free List Task using 10 workers for rebuilding free list of regions
[4.123s][debug][gc,ergo,heap  ] GC(77) Heap expansion: short term pause time ratio 28.24% long term pause time ratio 40.63% threshold 7.69% pause time ratio 7.69% fully expanded true resize by 0B
[4.123s][debug][gc,ergo,refine] GC(77) Concurrent refinement times: Logged Cards Scan time goal: 20.00ms Logged Cards Scan time: 0.01ms HCC time: 0.00ms
[4.123s][trace][gc,ergo,refine] GC(77) Updating Refinement Zones: logged cards scan time: 0.013ms, processed cards: 39, goal time: 19.999ms
[4.123s][debug][gc,ergo,refine] GC(77) Updated Refinement Zones: green: 2560, yellow: 7680, red: 12800
[4.123s][info ][gc,phases     ] GC(77)   Pre Evacuate Collection Set: 0.2ms
[4.123s][info ][gc,phases     ] GC(77)   Merge Heap Roots: 0.2ms
[4.123s][info ][gc,phases     ] GC(77)   Evacuate Collection Set: 5.6ms
[4.123s][info ][gc,phases     ] GC(77)   Post Evacuate Collection Set: 0.6ms
[4.123s][info ][gc,phases     ] GC(77)   Other: 0.2ms
[4.123s][info ][gc,heap       ] GC(77) Eden regions: 43->0(175)
[4.123s][info ][gc,heap       ] GC(77) Survivor regions: 9->7(7)
[4.123s][info ][gc,heap       ] GC(77) Old regions: 493->517
[4.123s][info ][gc,heap       ] GC(77) Archive regions: 0->0
[4.123s][info ][gc,heap       ] GC(77) Humongous regions: 0->0
[4.123s][info ][gc,metaspace  ] GC(77) Metaspace: 6341K(6464K)->6341K(6464K) NonClass: 5794K(5824K)->5794K(5824K) Class: 546K(640K)->546K(640K)
[4.123s][debug][gc,heap       ] GC(77) Heap after GC invocations=77 (full 0):
[4.123s][debug][gc,heap       ] GC(77)  garbage-first heap   total 1048576K, used 535652K [0x00000000c0000000, 0x0000000100000000)
[4.123s][debug][gc,heap       ] GC(77)   region size 1024K, 7 young (7168K), 7 survivors (7168K)
[4.123s][debug][gc,heap       ] GC(77)  Metaspace       used 6341K, committed 6464K, reserved 1114112K
[4.123s][debug][gc,heap       ] GC(77)   class space    used 546K, committed 640K, reserved 1048576K
[4.123s][info ][gc            ] GC(77) Pause Young (Normal) (G1 Evacuation Pause) 544M->523M(1024M) 6.703ms
[4.123s][info ][gc,cpu        ] GC(77) User=0.05s Sys=0.00s Real=0.01s
[4.123s][info ][safepoint     ] Safepoint "G1CollectForAllocation", Time since last: 1998801 ns, Reaching safepoint: 64300 ns, Cleanup: 8200 ns, At safepoint: 6867601 ns, Total: 6940101 ns
[4.124s][info ][gc,marking    ] GC(76) Concurrent Rebuild Remembered Sets 9.768ms
[4.124s][info ][gc,start      ] GC(76) Pause Cleanup
[4.125s][debug][gc,ergo,cset  ] GC(76) Pruned 130 regions out of 438, leaving 53518416 bytes waste (allowed 53687091)
[4.125s][info ][gc            ] GC(76) Pause Cleanup 531M->531M(1024M) 0.428ms
[4.125s][info ][gc,cpu        ] GC(76) User=0.00s Sys=0.00s Real=0.00s
[4.125s][info ][safepoint     ] Safepoint "G1PauseCleanup", Time since last: 1026901 ns, Reaching safepoint: 5800 ns, Cleanup: 3500 ns, At safepoint: 453400 ns, Total: 462700 ns
[4.125s][info ][gc,marking    ] GC(76) Concurrent Cleanup for Next Mark
[4.125s][debug][gc,ergo       ] GC(76) Running G1 Clear Bitmap with 3 workers for 16 work units.
[4.127s][info ][gc,marking    ] GC(76) Concurrent Cleanup for Next Mark 2.466ms
[4.127s][info ][gc            ] GC(76) Concurrent Mark Cycle 19.712ms
[4.151s][debug][gc,heap       ] GC(78) Heap before GC invocations=78 (full 0):
[4.151s][debug][gc,heap       ] GC(78)  garbage-first heap   total 1048576K, used 713828K [0x00000000c0000000, 0x0000000100000000)
[4.151s][debug][gc,heap       ] GC(78)   region size 1024K, 182 young (186368K), 7 survivors (7168K)
[4.151s][debug][gc,heap       ] GC(78)  Metaspace       used 6341K, committed 6464K, reserved 1114112K
[4.151s][debug][gc,heap       ] GC(78)   class space    used 546K, committed 640K, reserved 1048576K
[4.151s][info ][gc,start      ] GC(78) Pause Young (Prepare Mixed) (G1 Evacuation Pause)
[4.151s][info ][gc,task       ] GC(78) Using 10 workers of 10 for evacuation
[4.151s][trace][gc,ergo,cset  ] GC(78) Start choosing CSet. Pending cards: 50 target pause time: 200.00ms
[4.151s][trace][gc,ergo,cset  ] GC(78) Added young regions to CSet. Eden: 175 regions, Survivors: 7 regions, predicted eden time: 19.78ms, predicted base time: 1.26ms, target pause time: 200.00ms, remaining time: 178.96ms
[4.151s][debug][gc,ergo       ] GC(78) Running G1 Merge Heap Roots using 10 workers for 182 regions
[4.166s][debug][gc,ergo       ] GC(78) Running G1 Rebuild Free List Task using 10 workers for rebuilding free list of regions
[4.166s][debug][gc,ergo,heap  ] GC(78) Heap expansion: short term pause time ratio 24.39% long term pause time ratio 44.80% threshold 7.69% pause time ratio 7.69% fully expanded true resize by 0B
[4.166s][debug][gc,ergo,refine] GC(78) Concurrent refinement times: Logged Cards Scan time goal: 20.00ms Logged Cards Scan time: 0.04ms HCC time: 0.00ms
[4.166s][trace][gc,ergo,refine] GC(78) Updating Refinement Zones: logged cards scan time: 0.036ms, processed cards: 33, goal time: 19.999ms
[4.166s][debug][gc,ergo,refine] GC(78) Updated Refinement Zones: green: 2560, yellow: 7680, red: 12800
[4.166s][info ][gc,phases     ] GC(78)   Pre Evacuate Collection Set: 0.3ms
[4.166s][info ][gc,phases     ] GC(78)   Merge Heap Roots: 0.2ms
[4.166s][info ][gc,phases     ] GC(78)   Evacuate Collection Set: 13.9ms
[4.166s][info ][gc,phases     ] GC(78)   Post Evacuate Collection Set: 0.8ms
[4.166s][info ][gc,phases     ] GC(78)   Other: 0.2ms
[4.166s][info ][gc,heap       ] GC(78) Eden regions: 175->0(28)
[4.166s][info ][gc,heap       ] GC(78) Survivor regions: 7->23(23)
[4.166s][info ][gc,heap       ] GC(78) Old regions: 517->569
[4.166s][info ][gc,heap       ] GC(78) Archive regions: 0->0
[4.166s][info ][gc,heap       ] GC(78) Humongous regions: 0->0
[4.166s][info ][gc,metaspace  ] GC(78) Metaspace: 6341K(6464K)->6341K(6464K) NonClass: 5794K(5824K)->5794K(5824K) Class: 546K(640K)->546K(640K)
[4.166s][debug][gc,heap       ] GC(78) Heap after GC invocations=79 (full 0):
[4.166s][debug][gc,heap       ] GC(78)  garbage-first heap   total 1048576K, used 605284K [0x00000000c0000000, 0x0000000100000000)
[4.166s][debug][gc,heap       ] GC(78)   region size 1024K, 23 young (23552K), 23 survivors (23552K)
[4.166s][debug][gc,heap       ] GC(78)  Metaspace       used 6341K, committed 6464K, reserved 1114112K
[4.166s][debug][gc,heap       ] GC(78)   class space    used 546K, committed 640K, reserved 1048576K
[4.166s][info ][gc            ] GC(78) Pause Young (Prepare Mixed) (G1 Evacuation Pause) 698M->591M(1024M) 15.288ms
[4.166s][info ][gc,cpu        ] GC(78) User=0.14s Sys=0.00s Real=0.02s
[4.166s][info ][safepoint     ] Safepoint "G1CollectForAllocation", Time since last: 25987006 ns, Reaching safepoint: 8100 ns, Cleanup: 7900 ns, At safepoint: 15445304 ns, Total: 15461304 ns
[4.170s][debug][gc,heap       ] GC(79) Heap before GC invocations=79 (full 0):
[4.170s][debug][gc,heap       ] GC(79)  garbage-first heap   total 1048576K, used 632932K [0x00000000c0000000, 0x0000000100000000)
[4.170s][debug][gc,heap       ] GC(79)   region size 1024K, 51 young (52224K), 23 survivors (23552K)
[4.170s][debug][gc,heap       ] GC(79)  Metaspace       used 6341K, committed 6464K, reserved 1114112K
[4.170s][debug][gc,heap       ] GC(79)   class space    used 546K, committed 640K, reserved 1048576K
[4.170s][info ][gc,start      ] GC(79) Pause Young (Mixed) (G1 Evacuation Pause)
[4.170s][info ][gc,task       ] GC(79) Using 10 workers of 10 for evacuation
[4.170s][trace][gc,ergo,cset  ] GC(79) Start choosing CSet. Pending cards: 54 target pause time: 200.00ms
[4.170s][trace][gc,ergo,cset  ] GC(79) Added young regions to CSet. Eden: 28 regions, Survivors: 23 regions, predicted eden time: 3.19ms, predicted base time: 1.27ms, target pause time: 200.00ms, remaining time: 195.54ms
[4.170s][debug][gc,ergo,cset  ] GC(79) Start adding old regions to collection set. Min 39 regions, max 103 regions, time remaining 195.54ms, optional threshold 39.11ms
[4.170s][debug][gc,ergo,cset  ] GC(79) Finish adding old regions to collection set (Maximum number of regions). Initial 103 regions, optional 0 regions
[4.170s][debug][gc,ergo,cset  ] GC(79) Finish choosing collection set old regions. Initial: 103, optional: 0, predicted old time: 0.00ms, predicted optional time: 0.00ms, time remaining: 190.53
[4.171s][debug][gc,ergo       ] GC(79) Running G1 Merge Heap Roots using 10 workers for 154 regions
[4.178s][debug][gc,ergo       ] GC(79) Running G1 Rebuild Free List Task using 10 workers for rebuilding free list of regions
[4.179s][debug][gc,ergo,heap  ] GC(79) Heap expansion: short term pause time ratio 36.64% long term pause time ratio 44.19% threshold 7.69% pause time ratio 7.69% fully expanded true resize by 0B
[4.179s][debug][gc,ergo,refine] GC(79) Concurrent refinement times: Logged Cards Scan time goal: 20.00ms Logged Cards Scan time: 0.08ms HCC time: 0.00ms
[4.179s][trace][gc,ergo,refine] GC(79) Updating Refinement Zones: logged cards scan time: 0.079ms, processed cards: 29, goal time: 19.999ms
[4.179s][debug][gc,ergo,refine] GC(79) Updated Refinement Zones: green: 2560, yellow: 7680, red: 12800
[4.179s][info ][gc,phases     ] GC(79)   Pre Evacuate Collection Set: 0.2ms
[4.179s][info ][gc,phases     ] GC(79)   Merge Heap Roots: 0.2ms
[4.179s][info ][gc,phases     ] GC(79)   Evacuate Collection Set: 7.0ms
[4.179s][info ][gc,phases     ] GC(79)   Post Evacuate Collection Set: 0.8ms
[4.179s][info ][gc,phases     ] GC(79)   Other: 0.3ms
[4.179s][info ][gc,heap       ] GC(79) Eden regions: 28->0(44)
[4.179s][info ][gc,heap       ] GC(79) Survivor regions: 23->7(7)
[4.179s][info ][gc,heap       ] GC(79) Old regions: 569->498
[4.179s][info ][gc,heap       ] GC(79) Archive regions: 0->0
[4.179s][info ][gc,heap       ] GC(79) Humongous regions: 0->0
[4.179s][info ][gc,metaspace  ] GC(79) Metaspace: 6341K(6464K)->6341K(6464K) NonClass: 5794K(5824K)->5794K(5824K) Class: 546K(640K)->546K(640K)
[4.179s][debug][gc,heap       ] GC(79) Heap after GC invocations=80 (full 0):
[4.179s][debug][gc,heap       ] GC(79)  garbage-first heap   total 1048576K, used 516896K [0x00000000c0000000, 0x0000000100000000)
[4.179s][debug][gc,heap       ] GC(79)   region size 1024K, 7 young (7168K), 7 survivors (7168K)
[4.179s][debug][gc,heap       ] GC(79)  Metaspace       used 6341K, committed 6464K, reserved 1114112K
[4.179s][debug][gc,heap       ] GC(79)   class space    used 546K, committed 640K, reserved 1048576K
[4.179s][info ][gc            ] GC(79) Pause Young (Mixed) (G1 Evacuation Pause) 619M->504M(1024M) 8.580ms
[4.179s][info ][gc,cpu        ] GC(79) User=0.07s Sys=0.00s Real=0.01s
[4.179s][info ][safepoint     ] Safepoint "G1CollectForAllocation", Time since last: 4040001 ns, Reaching safepoint: 6200 ns, Cleanup: 5500 ns, At safepoint: 8700702 ns, Total: 8712402 ns
[4.185s][debug][gc,heap       ] GC(80) Heap before GC invocations=80 (full 0):
[4.185s][debug][gc,heap       ] GC(80)  garbage-first heap   total 1048576K, used 560928K [0x00000000c0000000, 0x0000000100000000)
[4.185s][debug][gc,heap       ] GC(80)   region size 1024K, 51 young (52224K), 7 survivors (7168K)
[4.185s][debug][gc,heap       ] GC(80)  Metaspace       used 6341K, committed 6464K, reserved 1114112K
[4.185s][debug][gc,heap       ] GC(80)   class space    used 546K, committed 640K, reserved 1048576K
[4.185s][info ][gc,start      ] GC(80) Pause Young (Mixed) (G1 Evacuation Pause)
[4.185s][info ][gc,task       ] GC(80) Using 10 workers of 10 for evacuation
[4.185s][trace][gc,ergo,cset  ] GC(80) Start choosing CSet. Pending cards: 92 target pause time: 200.00ms
[4.185s][trace][gc,ergo,cset  ] GC(80) Added young regions to CSet. Eden: 44 regions, Survivors: 7 regions, predicted eden time: 4.42ms, predicted base time: 1.25ms, target pause time: 200.00ms, remaining time: 194.33ms
[4.185s][debug][gc,ergo,cset  ] GC(80) Start adding old regions to collection set. Min 39 regions, max 103 regions, time remaining 194.33ms, optional threshold 38.87ms
[4.185s][debug][gc,ergo,cset  ] GC(80) Finish adding old regions to collection set (Maximum number of regions). Initial 103 regions, optional 0 regions
[4.185s][debug][gc,ergo,cset  ] GC(80) Finish choosing collection set old regions. Initial: 103, optional: 0, predicted old time: 0.00ms, predicted optional time: 0.00ms, time remaining: 188.92
[4.186s][debug][gc,ergo       ] GC(80) Running G1 Merge Heap Roots using 10 workers for 154 regions
[4.192s][debug][gc,ergo       ] GC(80) Running G1 Rebuild Free List Task using 10 workers for rebuilding free list of regions
[4.193s][debug][gc,ergo,heap  ] GC(80) Heap expansion: short term pause time ratio 65.91% long term pause time ratio 45.68% threshold 7.69% pause time ratio 7.69% fully expanded true resize by 0B
[4.193s][debug][gc,ergo,refine] GC(80) Concurrent refinement times: Logged Cards Scan time goal: 20.00ms Logged Cards Scan time: 0.03ms HCC time: 0.00ms
[4.193s][trace][gc,ergo,refine] GC(80) Updating Refinement Zones: logged cards scan time: 0.025ms, processed cards: 65, goal time: 19.999ms
[4.193s][debug][gc,ergo,refine] GC(80) Updated Refinement Zones: green: 2560, yellow: 7680, red: 12800
[4.193s][info ][gc,phases     ] GC(80)   Pre Evacuate Collection Set: 0.3ms
[4.193s][info ][gc,phases     ] GC(80)   Merge Heap Roots: 0.2ms
[4.193s][info ][gc,phases     ] GC(80)   Evacuate Collection Set: 6.1ms
[4.193s][info ][gc,phases     ] GC(80)   Post Evacuate Collection Set: 0.7ms
[4.193s][info ][gc,phases     ] GC(80)   Other: 0.2ms
[4.193s][info ][gc,heap       ] GC(80) Eden regions: 44->0(44)
[4.193s][info ][gc,heap       ] GC(80) Survivor regions: 7->7(7)
[4.193s][info ][gc,heap       ] GC(80) Old regions: 498->421
[4.193s][info ][gc,heap       ] GC(80) Archive regions: 0->0
[4.193s][info ][gc,heap       ] GC(80) Humongous regions: 0->0
[4.193s][info ][gc,metaspace  ] GC(80) Metaspace: 6341K(6464K)->6341K(6464K) NonClass: 5794K(5824K)->5794K(5824K) Class: 546K(640K)->546K(640K)
[4.193s][debug][gc,heap       ] GC(80) Heap after GC invocations=81 (full 0):
[4.193s][debug][gc,heap       ] GC(80)  garbage-first heap   total 1048576K, used 438248K [0x00000000c0000000, 0x0000000100000000)
[4.193s][debug][gc,heap       ] GC(80)   region size 1024K, 7 young (7168K), 7 survivors (7168K)
[4.193s][debug][gc,heap       ] GC(80)  Metaspace       used 6341K, committed 6464K, reserved 1114112K
[4.193s][debug][gc,heap       ] GC(80)   class space    used 546K, committed 640K, reserved 1048576K
[4.193s][info ][gc            ] GC(80) Pause Young (Mixed) (G1 Evacuation Pause) 548M->427M(1024M) 7.492ms
[4.193s][info ][gc,cpu        ] GC(80) User=0.06s Sys=0.00s Real=0.00s
[4.193s][info ][safepoint     ] Safepoint "G1CollectForAllocation", Time since last: 5954701 ns, Reaching safepoint: 8200 ns, Cleanup: 9300 ns, At safepoint: 7660602 ns, Total: 7678102 ns
[4.198s][debug][gc,heap       ] GC(81) Heap before GC invocations=81 (full 0):
[4.198s][debug][gc,heap       ] GC(81)  garbage-first heap   total 1048576K, used 482280K [0x00000000c0000000, 0x0000000100000000)
[4.198s][debug][gc,heap       ] GC(81)   region size 1024K, 51 young (52224K), 7 survivors (7168K)
[4.198s][debug][gc,heap       ] GC(81)  Metaspace       used 6341K, committed 6464K, reserved 1114112K
[4.198s][debug][gc,heap       ] GC(81)   class space    used 546K, committed 640K, reserved 1048576K
[4.198s][info ][gc,start      ] GC(81) Pause Young (Mixed) (G1 Evacuation Pause)
[4.198s][info ][gc,task       ] GC(81) Using 10 workers of 10 for evacuation
[4.198s][trace][gc,ergo,cset  ] GC(81) Start choosing CSet. Pending cards: 78 target pause time: 200.00ms
[4.198s][trace][gc,ergo,cset  ] GC(81) Added young regions to CSet. Eden: 44 regions, Survivors: 7 regions, predicted eden time: 4.28ms, predicted base time: 1.19ms, target pause time: 200.00ms, remaining time: 194.53ms
[4.198s][debug][gc,ergo,cset  ] GC(81) Start adding old regions to collection set. Min 39 regions, max 103 regions, time remaining 194.53ms, optional threshold 38.91ms
[4.198s][debug][gc,ergo,cset  ] GC(81) Old candidate collection set empty.
[4.198s][debug][gc,ergo,cset  ] GC(81) Finish choosing collection set old regions. Initial: 102, optional: 0, predicted old time: 0.00ms, predicted optional time: 0.00ms, time remaining: 186.78
[4.199s][debug][gc,ergo       ] GC(81) Running G1 Merge Heap Roots using 10 workers for 153 regions
[4.206s][debug][gc,ergo       ] GC(81) Running G1 Rebuild Free List Task using 10 workers for rebuilding free list of regions
[4.206s][debug][gc,ergo,heap  ] GC(81) Heap expansion: short term pause time ratio 53.47% long term pause time ratio 46.95% threshold 7.69% pause time ratio 7.69% fully expanded true resize by 0B
[4.206s][debug][gc,ergo       ] GC(81) do not continue mixed GCs (candidate old regions not available)
[4.206s][debug][gc,ergo,refine] GC(81) Concurrent refinement times: Logged Cards Scan time goal: 20.00ms Logged Cards Scan time: 0.02ms HCC time: 0.00ms
[4.206s][trace][gc,ergo,refine] GC(81) Updating Refinement Zones: logged cards scan time: 0.022ms, processed cards: 54, goal time: 19.999ms
[4.206s][debug][gc,ergo,refine] GC(81) Updated Refinement Zones: green: 2560, yellow: 7680, red: 12800
[4.206s][info ][gc,phases     ] GC(81)   Pre Evacuate Collection Set: 0.4ms
[4.206s][info ][gc,phases     ] GC(81)   Merge Heap Roots: 0.2ms
[4.207s][info ][gc,phases     ] GC(81)   Evacuate Collection Set: 7.2ms
[4.207s][info ][gc,phases     ] GC(81)   Post Evacuate Collection Set: 0.5ms
[4.207s][info ][gc,phases     ] GC(81)   Other: 0.2ms
[4.207s][info ][gc,heap       ] GC(81) Eden regions: 44->0(255)
[4.207s][info ][gc,heap       ] GC(81) Survivor regions: 7->7(7)
[4.207s][info ][gc,heap       ] GC(81) Old regions: 421->352
[4.207s][info ][gc,heap       ] GC(81) Archive regions: 0->0
[4.207s][info ][gc,heap       ] GC(81) Humongous regions: 0->0
[4.207s][info ][gc,metaspace  ] GC(81) Metaspace: 6341K(6464K)->6341K(6464K) NonClass: 5794K(5824K)->5794K(5824K) Class: 546K(640K)->546K(640K)
[4.207s][debug][gc,heap       ] GC(81) Heap after GC invocations=82 (full 0):
[4.207s][debug][gc,heap       ] GC(81)  garbage-first heap   total 1048576K, used 366792K [0x00000000c0000000, 0x0000000100000000)
[4.207s][debug][gc,heap       ] GC(81)   region size 1024K, 7 young (7168K), 7 survivors (7168K)
[4.207s][debug][gc,heap       ] GC(81)  Metaspace       used 6341K, committed 6464K, reserved 1114112K
[4.207s][debug][gc,heap       ] GC(81)   class space    used 546K, committed 640K, reserved 1048576K
[4.207s][info ][gc            ] GC(81) Pause Young (Mixed) (G1 Evacuation Pause) 471M->358M(1024M) 8.427ms
[4.207s][info ][gc,cpu        ] GC(81) User=0.06s Sys=0.00s Real=0.01s
[4.207s][info ][safepoint     ] Safepoint "G1CollectForAllocation", Time since last: 5355601 ns, Reaching safepoint: 11200 ns, Cleanup: 8200 ns, At safepoint: 8553702 ns, Total: 8573102 ns
[4.235s][debug][gc,heap       ] GC(82) Heap before GC invocations=82 (full 0):
[4.235s][debug][gc,heap       ] GC(82)  garbage-first heap   total 1048576K, used 626888K [0x00000000c0000000, 0x0000000100000000)
[4.235s][debug][gc,heap       ] GC(82)   region size 1024K, 262 young (268288K), 7 survivors (7168K)
[4.235s][debug][gc,heap       ] GC(82)  Metaspace       used 6341K, committed 6464K, reserved 1114112K
[4.235s][debug][gc,heap       ] GC(82)   class space    used 546K, committed 640K, reserved 1048576K
[4.235s][info ][gc,start      ] GC(82) Pause Young (Normal) (G1 Evacuation Pause)
[4.235s][info ][gc,task       ] GC(82) Using 10 workers of 10 for evacuation
[4.235s][trace][gc,ergo,cset  ] GC(82) Start choosing CSet. Pending cards: 42 target pause time: 200.00ms
[4.235s][trace][gc,ergo,cset  ] GC(82) Added young regions to CSet. Eden: 255 regions, Survivors: 7 regions, predicted eden time: 25.61ms, predicted base time: 1.11ms, target pause time: 200.00ms, remaining time: 173.28ms
[4.235s][debug][gc,ergo       ] GC(82) Running G1 Merge Heap Roots using 10 workers for 262 regions
[4.253s][debug][gc,ergo       ] GC(82) Running G1 Rebuild Free List Task using 10 workers for rebuilding free list of regions
[4.253s][debug][gc,ergo,heap  ] GC(82) Heap expansion: short term pause time ratio 59.61% long term pause time ratio 48.26% threshold 7.69% pause time ratio 7.69% fully expanded true resize by 0B
[4.253s][debug][gc,ergo,refine] GC(82) Concurrent refinement times: Logged Cards Scan time goal: 20.00ms Logged Cards Scan time: 0.05ms HCC time: 0.00ms
[4.254s][trace][gc,ergo,refine] GC(82) Updating Refinement Zones: logged cards scan time: 0.048ms, processed cards: 21, goal time: 19.999ms
[4.254s][debug][gc,ergo,refine] GC(82) Updated Refinement Zones: green: 2560, yellow: 7680, red: 12800
[4.254s][info ][gc,phases     ] GC(82)   Pre Evacuate Collection Set: 0.3ms
[4.254s][info ][gc,phases     ] GC(82)   Merge Heap Roots: 0.2ms
[4.254s][info ][gc,phases     ] GC(82)   Evacuate Collection Set: 17.2ms
[4.254s][info ][gc,phases     ] GC(82)   Post Evacuate Collection Set: 0.8ms
[4.254s][info ][gc,phases     ] GC(82)   Other: 0.2ms
[4.254s][info ][gc,heap       ] GC(82) Eden regions: 255->0(223)
[4.254s][info ][gc,heap       ] GC(82) Survivor regions: 7->33(33)
[4.254s][info ][gc,heap       ] GC(82) Old regions: 352->412
[4.254s][info ][gc,heap       ] GC(82) Archive regions: 0->0
[4.254s][info ][gc,heap       ] GC(82) Humongous regions: 0->0
[4.254s][info ][gc,metaspace  ] GC(82) Metaspace: 6341K(6464K)->6341K(6464K) NonClass: 5794K(5824K)->5794K(5824K) Class: 546K(640K)->546K(640K)
[4.254s][debug][gc,heap       ] GC(82) Heap after GC invocations=83 (full 0):
[4.254s][debug][gc,heap       ] GC(82)  garbage-first heap   total 1048576K, used 455556K [0x00000000c0000000, 0x0000000100000000)
[4.254s][debug][gc,heap       ] GC(82)   region size 1024K, 33 young (33792K), 33 survivors (33792K)
[4.254s][debug][gc,heap       ] GC(82)  Metaspace       used 6341K, committed 6464K, reserved 1114112K
[4.254s][debug][gc,heap       ] GC(82)   class space    used 546K, committed 640K, reserved 1048576K
[4.254s][info ][gc            ] GC(82) Pause Young (Normal) (G1 Evacuation Pause) 613M->444M(1024M) 18.549ms
[4.254s][info ][gc,cpu        ] GC(82) User=0.17s Sys=0.00s Real=0.02s
[4.254s][info ][safepoint     ] Safepoint "G1CollectForAllocation", Time since last: 28359807 ns, Reaching safepoint: 6900 ns, Cleanup: 7100 ns, At safepoint: 18651205 ns, Total: 18665205 ns
[4.280s][debug][gc,heap       ] GC(83) Heap before GC invocations=83 (full 0):
[4.280s][debug][gc,heap       ] GC(83)  garbage-first heap   total 1048576K, used 682884K [0x00000000c0000000, 0x0000000100000000)
[4.280s][debug][gc,heap       ] GC(83)   region size 1024K, 256 young (262144K), 33 survivors (33792K)
[4.280s][debug][gc,heap       ] GC(83)  Metaspace       used 6341K, committed 6464K, reserved 1114112K
[4.280s][debug][gc,heap       ] GC(83)   class space    used 546K, committed 640K, reserved 1048576K
[4.280s][info ][gc,start      ] GC(83) Pause Young (Normal) (G1 Evacuation Pause)
[4.280s][info ][gc,task       ] GC(83) Using 10 workers of 10 for evacuation
[4.280s][trace][gc,ergo,cset  ] GC(83) Start choosing CSet. Pending cards: 42 target pause time: 200.00ms
[4.280s][trace][gc,ergo,cset  ] GC(83) Added young regions to CSet. Eden: 223 regions, Survivors: 33 regions, predicted eden time: 21.06ms, predicted base time: 1.10ms, target pause time: 200.00ms, remaining time: 177.84ms
[4.280s][debug][gc,ergo       ] GC(83) Running G1 Merge Heap Roots using 10 workers for 256 regions
[4.300s][debug][gc,ergo       ] GC(83) Running G1 Rebuild Free List Task using 10 workers for rebuilding free list of regions
[4.300s][debug][gc,ergo,heap  ] GC(83) Heap expansion: short term pause time ratio 39.20% long term pause time ratio 46.33% threshold 7.69% pause time ratio 7.69% fully expanded true resize by 0B
[4.301s][debug][gc,ergo,refine] GC(83) Concurrent refinement times: Logged Cards Scan time goal: 20.00ms Logged Cards Scan time: 0.04ms HCC time: 0.00ms
[4.301s][trace][gc,ergo,refine] GC(83) Updating Refinement Zones: logged cards scan time: 0.037ms, processed cards: 22, goal time: 19.999ms
[4.301s][debug][gc,ergo,refine] GC(83) Updated Refinement Zones: green: 2560, yellow: 7680, red: 12800
[4.301s][info ][gc,phases     ] GC(83)   Pre Evacuate Collection Set: 0.3ms
[4.301s][info ][gc,phases     ] GC(83)   Merge Heap Roots: 0.1ms
[4.301s][info ][gc,phases     ] GC(83)   Evacuate Collection Set: 19.5ms
[4.301s][info ][gc,phases     ] GC(83)   Post Evacuate Collection Set: 0.7ms
[4.301s][info ][gc,phases     ] GC(83)   Other: 0.2ms
[4.301s][info ][gc,heap       ] GC(83) Eden regions: 223->0(193)
[4.301s][info ][gc,heap       ] GC(83) Survivor regions: 33->32(32)
[4.301s][info ][gc,heap       ] GC(83) Old regions: 412->484
[4.301s][info ][gc,heap       ] GC(83) Archive regions: 0->0
[4.301s][info ][gc,heap       ] GC(83) Humongous regions: 0->0
[4.301s][info ][gc,metaspace  ] GC(83) Metaspace: 6341K(6464K)->6341K(6464K) NonClass: 5794K(5824K)->5794K(5824K) Class: 546K(640K)->546K(640K)
[4.301s][debug][gc,heap       ] GC(83) Heap after GC invocations=84 (full 0):
[4.301s][debug][gc,heap       ] GC(83)  garbage-first heap   total 1048576K, used 527660K [0x00000000c0000000, 0x0000000100000000)
[4.301s][debug][gc,heap       ] GC(83)   region size 1024K, 32 young (32768K), 32 survivors (32768K)
[4.301s][debug][gc,heap       ] GC(83)  Metaspace       used 6341K, committed 6464K, reserved 1114112K
[4.301s][debug][gc,heap       ] GC(83)   class space    used 546K, committed 640K, reserved 1048576K
[4.301s][info ][gc            ] GC(83) Pause Young (Normal) (G1 Evacuation Pause) 667M->515M(1024M) 20.910ms
[4.301s][info ][gc,cpu        ] GC(83) User=0.19s Sys=0.00s Real=0.02s
[4.301s][info ][safepoint     ] Safepoint "G1CollectForAllocation", Time since last: 26022106 ns, Reaching safepoint: 5800 ns, Cleanup: 5600 ns, At safepoint: 21026805 ns, Total: 21038205 ns
[4.323s][debug][gc,heap       ] GC(84) Heap before GC invocations=84 (full 0):
[4.323s][debug][gc,heap       ] GC(84)  garbage-first heap   total 1048576K, used 724268K [0x00000000c0000000, 0x0000000100000000)
[4.323s][debug][gc,heap       ] GC(84)   region size 1024K, 225 young (230400K), 32 survivors (32768K)
[4.323s][debug][gc,heap       ] GC(84)  Metaspace       used 6341K, committed 6464K, reserved 1114112K
[4.323s][debug][gc,heap       ] GC(84)   class space    used 546K, committed 640K, reserved 1048576K
[4.323s][info ][gc,start      ] GC(84) Pause Young (Normal) (G1 Evacuation Pause)
[4.323s][info ][gc,task       ] GC(84) Using 10 workers of 10 for evacuation
[4.323s][trace][gc,ergo,cset  ] GC(84) Start choosing CSet. Pending cards: 57 target pause time: 200.00ms
[4.323s][trace][gc,ergo,cset  ] GC(84) Added young regions to CSet. Eden: 193 regions, Survivors: 32 regions, predicted eden time: 17.97ms, predicted base time: 1.08ms, target pause time: 200.00ms, remaining time: 180.95ms
[4.323s][debug][gc,ergo       ] GC(84) Running G1 Merge Heap Roots using 10 workers for 225 regions
[4.343s][debug][gc,ergo       ] GC(84) Running G1 Rebuild Free List Task using 10 workers for rebuilding free list of regions
[4.344s][debug][gc,ergo,heap  ] GC(84) Heap expansion: short term pause time ratio 44.12% long term pause time ratio 45.68% threshold 7.69% pause time ratio 7.69% fully expanded true resize by 0B
[4.344s][debug][gc,ergo,refine] GC(84) Concurrent refinement times: Logged Cards Scan time goal: 20.00ms Logged Cards Scan time: 0.10ms HCC time: 0.00ms
[4.344s][trace][gc,ergo,refine] GC(84) Updating Refinement Zones: logged cards scan time: 0.095ms, processed cards: 40, goal time: 19.999ms
[4.344s][debug][gc,ergo,refine] GC(84) Updated Refinement Zones: green: 2560, yellow: 7680, red: 12800
[4.344s][info ][gc,phases     ] GC(84)   Pre Evacuate Collection Set: 0.3ms
[4.344s][info ][gc,phases     ] GC(84)   Merge Heap Roots: 0.1ms
[4.344s][info ][gc,phases     ] GC(84)   Evacuate Collection Set: 19.6ms
[4.344s][info ][gc,phases     ] GC(84)   Post Evacuate Collection Set: 1.0ms
[4.344s][info ][gc,phases     ] GC(84)   Other: 0.2ms
[4.344s][info ][gc,heap       ] GC(84) Eden regions: 193->0(160)
[4.344s][info ][gc,heap       ] GC(84) Survivor regions: 32->29(29)
[4.344s][info ][gc,heap       ] GC(84) Old regions: 484->554
[4.344s][info ][gc,heap       ] GC(84) Archive regions: 0->0
[4.344s][info ][gc,heap       ] GC(84) Humongous regions: 0->0
[4.344s][info ][gc,metaspace  ] GC(84) Metaspace: 6341K(6464K)->6341K(6464K) NonClass: 5794K(5824K)->5794K(5824K) Class: 546K(640K)->546K(640K)
[4.344s][debug][gc,heap       ] GC(84) Heap after GC invocations=85 (full 0):
[4.344s][debug][gc,heap       ] GC(84)  garbage-first heap   total 1048576K, used 596368K [0x00000000c0000000, 0x0000000100000000)
[4.344s][debug][gc,heap       ] GC(84)   region size 1024K, 29 young (29696K), 29 survivors (29696K)
[4.344s][debug][gc,heap       ] GC(84)  Metaspace       used 6341K, committed 6464K, reserved 1114112K
[4.344s][debug][gc,heap       ] GC(84)   class space    used 546K, committed 640K, reserved 1048576K
[4.344s][info ][gc            ] GC(84) Pause Young (Normal) (G1 Evacuation Pause) 708M->582M(1024M) 21.175ms
[4.344s][info ][gc,cpu        ] GC(84) User=0.20s Sys=0.00s Real=0.03s
[4.344s][info ][safepoint     ] Safepoint "G1CollectForAllocation", Time since last: 21961405 ns, Reaching safepoint: 6100 ns, Cleanup: 5900 ns, At safepoint: 21286106 ns, Total: 21298106 ns
[4.362s][debug][gc,heap       ] GC(85) Heap before GC invocations=85 (full 0):
[4.362s][debug][gc,heap       ] GC(85)  garbage-first heap   total 1048576K, used 759184K [0x00000000c0000000, 0x0000000100000000)
[4.362s][debug][gc,heap       ] GC(85)   region size 1024K, 189 young (193536K), 29 survivors (29696K)
[4.362s][debug][gc,heap       ] GC(85)  Metaspace       used 6341K, committed 6464K, reserved 1114112K
[4.362s][debug][gc,heap       ] GC(85)   class space    used 546K, committed 640K, reserved 1048576K
[4.362s][info ][gc,start      ] GC(85) Pause Young (Normal) (G1 Evacuation Pause)
[4.362s][info ][gc,task       ] GC(85) Using 10 workers of 10 for evacuation
[4.362s][trace][gc,ergo,cset  ] GC(85) Start choosing CSet. Pending cards: 53 target pause time: 200.00ms
[4.362s][trace][gc,ergo,cset  ] GC(85) Added young regions to CSet. Eden: 160 regions, Survivors: 29 regions, predicted eden time: 15.36ms, predicted base time: 1.08ms, target pause time: 200.00ms, remaining time: 183.57ms
[4.362s][debug][gc,ergo       ] GC(85) Running G1 Merge Heap Roots using 10 workers for 189 regions
[4.378s][debug][gc,ergo       ] GC(85) Running G1 Rebuild Free List Task using 10 workers for rebuilding free list of regions
[4.378s][debug][gc,ergo,heap  ] GC(85) Heap expansion: short term pause time ratio 48.54% long term pause time ratio 45.81% threshold 7.69% pause time ratio 7.69% fully expanded true resize by 0B
[4.378s][debug][gc,ergo,refine] GC(85) Concurrent refinement times: Logged Cards Scan time goal: 20.00ms Logged Cards Scan time: 0.37ms HCC time: 0.00ms
[4.378s][trace][gc,ergo,refine] GC(85) Updating Refinement Zones: logged cards scan time: 0.367ms, processed cards: 36, goal time: 19.999ms
[4.378s][debug][gc,ergo,refine] GC(85) Updated Refinement Zones: green: 2560, yellow: 7680, red: 12800
[4.378s][info ][gc,phases     ] GC(85)   Pre Evacuate Collection Set: 0.2ms
[4.378s][info ][gc,phases     ] GC(85)   Merge Heap Roots: 0.2ms
[4.378s][info ][gc,phases     ] GC(85)   Evacuate Collection Set: 14.9ms
[4.378s][info ][gc,phases     ] GC(85)   Post Evacuate Collection Set: 0.5ms
[4.378s][info ][gc,phases     ] GC(85)   Other: 0.2ms
[4.378s][info ][gc,heap       ] GC(85) Eden regions: 160->0(135)
[4.378s][info ][gc,heap       ] GC(85) Survivor regions: 29->24(24)
[4.378s][info ][gc,heap       ] GC(85) Old regions: 554->613
[4.378s][info ][gc,heap       ] GC(85) Archive regions: 0->0
[4.378s][info ][gc,heap       ] GC(85) Humongous regions: 0->0
[4.378s][info ][gc,metaspace  ] GC(85) Metaspace: 6341K(6464K)->6341K(6464K) NonClass: 5794K(5824K)->5794K(5824K) Class: 546K(640K)->546K(640K)
[4.378s][debug][gc,heap       ] GC(85) Heap after GC invocations=86 (full 0):
[4.378s][debug][gc,heap       ] GC(85)  garbage-first heap   total 1048576K, used 652164K [0x00000000c0000000, 0x0000000100000000)
[4.378s][debug][gc,heap       ] GC(85)   region size 1024K, 24 young (24576K), 24 survivors (24576K)
[4.378s][debug][gc,heap       ] GC(85)  Metaspace       used 6341K, committed 6464K, reserved 1114112K
[4.378s][debug][gc,heap       ] GC(85)   class space    used 546K, committed 640K, reserved 1048576K
[4.378s][info ][gc            ] GC(85) Pause Young (Normal) (G1 Evacuation Pause) 742M->636M(1024M) 16.081ms
[4.378s][info ][gc,cpu        ] GC(85) User=0.14s Sys=0.00s Real=0.02s
[4.378s][info ][safepoint     ] Safepoint "G1CollectForAllocation", Time since last: 18190404 ns, Reaching safepoint: 7500 ns, Cleanup: 7800 ns, At safepoint: 16206304 ns, Total: 16221604 ns
[4.394s][debug][gc,heap       ] GC(86) Heap before GC invocations=86 (full 0):
[4.394s][debug][gc,heap       ] GC(86)  garbage-first heap   total 1048576K, used 789380K [0x00000000c0000000, 0x0000000100000000)
[4.394s][debug][gc,heap       ] GC(86)   region size 1024K, 159 young (162816K), 24 survivors (24576K)
[4.394s][debug][gc,heap       ] GC(86)  Metaspace       used 6341K, committed 6464K, reserved 1114112K
[4.394s][debug][gc,heap       ] GC(86)   class space    used 546K, committed 640K, reserved 1048576K
[4.394s][info ][gc,start      ] GC(86) Pause Young (Normal) (G1 Evacuation Pause)
[4.394s][info ][gc,task       ] GC(86) Using 10 workers of 10 for evacuation
[4.394s][trace][gc,ergo,cset  ] GC(86) Start choosing CSet. Pending cards: 51 target pause time: 200.00ms
[4.394s][trace][gc,ergo,cset  ] GC(86) Added young regions to CSet. Eden: 135 regions, Survivors: 24 regions, predicted eden time: 12.61ms, predicted base time: 1.03ms, target pause time: 200.00ms, remaining time: 186.36ms
[4.394s][debug][gc,ergo       ] GC(86) Running G1 Merge Heap Roots using 10 workers for 159 regions
[4.409s][debug][gc,ergo       ] GC(86) Running G1 Rebuild Free List Task using 10 workers for rebuilding free list of regions
[4.409s][debug][gc,ergo,heap  ] GC(86) Heap expansion: short term pause time ratio 46.24% long term pause time ratio 46.31% threshold 7.69% pause time ratio 7.69% fully expanded true resize by 0B
[4.409s][debug][gc,ergo,refine] GC(86) Concurrent refinement times: Logged Cards Scan time goal: 20.00ms Logged Cards Scan time: 0.84ms HCC time: 0.00ms
[4.409s][trace][gc,ergo,refine] GC(86) Updating Refinement Zones: logged cards scan time: 0.839ms, processed cards: 28, goal time: 19.999ms
[4.409s][debug][gc,ergo,refine] GC(86) Updated Refinement Zones: green: 2560, yellow: 7680, red: 12800
[4.409s][info ][gc,phases     ] GC(86)   Pre Evacuate Collection Set: 0.3ms
[4.409s][info ][gc,phases     ] GC(86)   Merge Heap Roots: 0.2ms
[4.409s][info ][gc,phases     ] GC(86)   Evacuate Collection Set: 14.1ms
[4.409s][info ][gc,phases     ] GC(86)   Post Evacuate Collection Set: 0.5ms
[4.409s][info ][gc,phases     ] GC(86)   Other: 0.2ms
[4.409s][info ][gc,heap       ] GC(86) Eden regions: 135->0(110)
[4.409s][info ][gc,heap       ] GC(86) Survivor regions: 24->20(20)
[4.409s][info ][gc,heap       ] GC(86) Old regions: 613->668
[4.409s][info ][gc,heap       ] GC(86) Archive regions: 0->0
[4.409s][info ][gc,heap       ] GC(86) Humongous regions: 0->0
[4.409s][info ][gc,metaspace  ] GC(86) Metaspace: 6341K(6464K)->6341K(6464K) NonClass: 5794K(5824K)->5794K(5824K) Class: 546K(640K)->546K(640K)
[4.409s][debug][gc,heap       ] GC(86) Heap after GC invocations=87 (full 0):
[4.409s][debug][gc,heap       ] GC(86)  garbage-first heap   total 1048576K, used 704188K [0x00000000c0000000, 0x0000000100000000)
[4.409s][debug][gc,heap       ] GC(86)   region size 1024K, 20 young (20480K), 20 survivors (20480K)
[4.409s][debug][gc,heap       ] GC(86)  Metaspace       used 6341K, committed 6464K, reserved 1114112K
[4.409s][debug][gc,heap       ] GC(86)   class space    used 546K, committed 640K, reserved 1048576K
[4.409s][info ][gc            ] GC(86) Pause Young (Normal) (G1 Evacuation Pause) 771M->687M(1024M) 15.209ms
[4.409s][info ][gc,cpu        ] GC(86) User=0.14s Sys=0.00s Real=0.01s
[4.409s][info ][safepoint     ] Safepoint "G1CollectForAllocation", Time since last: 15292804 ns, Reaching safepoint: 6300 ns, Cleanup: 6600 ns, At safepoint: 15336603 ns, Total: 15349503 ns
[4.421s][debug][gc,heap       ] GC(87) Heap before GC invocations=87 (full 0):
[4.421s][debug][gc,heap       ] GC(87)  garbage-first heap   total 1048576K, used 815804K [0x00000000c0000000, 0x0000000100000000)
[4.421s][debug][gc,heap       ] GC(87)   region size 1024K, 130 young (133120K), 20 survivors (20480K)
[4.421s][debug][gc,heap       ] GC(87)  Metaspace       used 6341K, committed 6464K, reserved 1114112K
[4.421s][debug][gc,heap       ] GC(87)   class space    used 546K, committed 640K, reserved 1048576K
[4.421s][info ][gc,start      ] GC(87) Pause Young (Normal) (G1 Evacuation Pause)
[4.421s][info ][gc,task       ] GC(87) Using 10 workers of 10 for evacuation
[4.421s][trace][gc,ergo,cset  ] GC(87) Start choosing CSet. Pending cards: 49 target pause time: 200.00ms
[4.421s][trace][gc,ergo,cset  ] GC(87) Added young regions to CSet. Eden: 110 regions, Survivors: 20 regions, predicted eden time: 10.26ms, predicted base time: 0.99ms, target pause time: 200.00ms, remaining time: 188.75ms
[4.421s][debug][gc,ergo       ] GC(87) Running G1 Merge Heap Roots using 10 workers for 130 regions
[4.432s][debug][gc,ergo       ] GC(87) Running G1 Rebuild Free List Task using 10 workers for rebuilding free list of regions
[4.432s][debug][gc,ergo,heap  ] GC(87) Heap expansion: short term pause time ratio 49.19% long term pause time ratio 45.75% threshold 7.69% pause time ratio 7.69% fully expanded true resize by 0B
[4.433s][debug][gc,ergo,refine] GC(87) Concurrent refinement times: Logged Cards Scan time goal: 20.00ms Logged Cards Scan time: 0.02ms HCC time: 0.00ms
[4.433s][trace][gc,ergo,refine] GC(87) Updating Refinement Zones: logged cards scan time: 0.024ms, processed cards: 27, goal time: 19.999ms
[4.433s][debug][gc,ergo,refine] GC(87) Updated Refinement Zones: green: 2560, yellow: 7680, red: 12800
[4.433s][info ][gc,phases     ] GC(87)   Pre Evacuate Collection Set: 0.3ms
[4.433s][info ][gc,phases     ] GC(87)   Merge Heap Roots: 0.2ms
[4.433s][info ][gc,phases     ] GC(87)   Evacuate Collection Set: 10.4ms
[4.433s][info ][gc,phases     ] GC(87)   Post Evacuate Collection Set: 0.7ms
[4.433s][info ][gc,phases     ] GC(87)   Other: 0.2ms
[4.433s][info ][gc,heap       ] GC(87) Eden regions: 110->0(91)
[4.433s][info ][gc,heap       ] GC(87) Survivor regions: 20->17(17)
[4.433s][info ][gc,heap       ] GC(87) Old regions: 668->711
[4.433s][info ][gc,heap       ] GC(87) Archive regions: 0->0
[4.433s][info ][gc,heap       ] GC(87) Humongous regions: 0->0
[4.433s][info ][gc,metaspace  ] GC(87) Metaspace: 6341K(6464K)->6341K(6464K) NonClass: 5794K(5824K)->5794K(5824K) Class: 546K(640K)->546K(640K)
[4.433s][debug][gc,heap       ] GC(87) Heap after GC invocations=88 (full 0):
[4.433s][debug][gc,heap       ] GC(87)  garbage-first heap   total 1048576K, used 744848K [0x00000000c0000000, 0x0000000100000000)
[4.433s][debug][gc,heap       ] GC(87)   region size 1024K, 17 young (17408K), 17 survivors (17408K)
[4.433s][debug][gc,heap       ] GC(87)  Metaspace       used 6341K, committed 6464K, reserved 1114112K
[4.433s][debug][gc,heap       ] GC(87)   class space    used 546K, committed 640K, reserved 1048576K
[4.433s][info ][gc            ] GC(87) Pause Young (Normal) (G1 Evacuation Pause) 797M->727M(1024M) 11.767ms
[4.433s][info ][gc,cpu        ] GC(87) User=0.10s Sys=0.00s Real=0.01s
[4.433s][info ][safepoint     ] Safepoint "G1CollectForAllocation", Time since last: 11743903 ns, Reaching safepoint: 9200 ns, Cleanup: 8500 ns, At safepoint: 11901403 ns, Total: 11919103 ns
[4.443s][debug][gc,heap       ] GC(88) Heap before GC invocations=88 (full 0):
[4.443s][debug][gc,heap       ] GC(88)  garbage-first heap   total 1048576K, used 837008K [0x00000000c0000000, 0x0000000100000000)
[4.443s][debug][gc,heap       ] GC(88)   region size 1024K, 108 young (110592K), 17 survivors (17408K)
[4.443s][debug][gc,heap       ] GC(88)  Metaspace       used 6341K, committed 6464K, reserved 1114112K
[4.443s][debug][gc,heap       ] GC(88)   class space    used 546K, committed 640K, reserved 1048576K
[4.443s][info ][gc,start      ] GC(88) Pause Young (Normal) (G1 Evacuation Pause)
[4.443s][info ][gc,task       ] GC(88) Using 10 workers of 10 for evacuation
[4.443s][trace][gc,ergo,cset  ] GC(88) Start choosing CSet. Pending cards: 44 target pause time: 200.00ms
[4.443s][trace][gc,ergo,cset  ] GC(88) Added young regions to CSet. Eden: 91 regions, Survivors: 17 regions, predicted eden time: 8.32ms, predicted base time: 0.98ms, target pause time: 200.00ms, remaining time: 190.70ms
[4.443s][debug][gc,ergo       ] GC(88) Running G1 Merge Heap Roots using 10 workers for 108 regions
[4.454s][debug][gc,ergo       ] GC(88) Running G1 Rebuild Free List Task using 10 workers for rebuilding free list of regions
[4.454s][debug][gc,ergo,heap  ] GC(88) Heap expansion: short term pause time ratio 49.16% long term pause time ratio 46.13% threshold 7.69% pause time ratio 7.69% fully expanded true resize by 0B
[4.454s][debug][gc,ergo,refine] GC(88) Concurrent refinement times: Logged Cards Scan time goal: 20.00ms Logged Cards Scan time: 0.05ms HCC time: 0.00ms
[4.454s][trace][gc,ergo,refine] GC(88) Updating Refinement Zones: logged cards scan time: 0.052ms, processed cards: 35, goal time: 20.000ms
[4.454s][debug][gc,ergo,refine] GC(88) Updated Refinement Zones: green: 2560, yellow: 7680, red: 12800
[4.454s][info ][gc,phases     ] GC(88)   Pre Evacuate Collection Set: 0.3ms
[4.454s][info ][gc,phases     ] GC(88)   Merge Heap Roots: 0.2ms
[4.454s][info ][gc,phases     ] GC(88)   Evacuate Collection Set: 10.3ms
[4.454s][info ][gc,phases     ] GC(88)   Post Evacuate Collection Set: 0.6ms
[4.454s][info ][gc,phases     ] GC(88)   Other: 0.2ms
[4.454s][info ][gc,heap       ] GC(88) Eden regions: 91->0(73)
[4.454s][info ][gc,heap       ] GC(88) Survivor regions: 17->14(14)
[4.454s][info ][gc,heap       ] GC(88) Old regions: 711->750
[4.454s][info ][gc,heap       ] GC(88) Archive regions: 0->0
[4.454s][info ][gc,heap       ] GC(88) Humongous regions: 0->0
[4.454s][info ][gc,metaspace  ] GC(88) Metaspace: 6341K(6464K)->6341K(6464K) NonClass: 5794K(5824K)->5794K(5824K) Class: 546K(640K)->546K(640K)
[4.454s][debug][gc,heap       ] GC(88) Heap after GC invocations=89 (full 0):
[4.454s][debug][gc,heap       ] GC(88)  garbage-first heap   total 1048576K, used 781512K [0x00000000c0000000, 0x0000000100000000)
[4.454s][debug][gc,heap       ] GC(88)   region size 1024K, 14 young (14336K), 14 survivors (14336K)
[4.454s][debug][gc,heap       ] GC(88)  Metaspace       used 6341K, committed 6464K, reserved 1114112K
[4.454s][debug][gc,heap       ] GC(88)   class space    used 546K, committed 640K, reserved 1048576K
[4.454s][info ][gc            ] GC(88) Pause Young (Normal) (G1 Evacuation Pause) 818M->763M(1024M) 11.512ms
[4.454s][info ][gc,cpu        ] GC(88) User=0.11s Sys=0.00s Real=0.02s
[4.454s][info ][safepoint     ] Safepoint "G1CollectForAllocation", Time since last: 10147702 ns, Reaching safepoint: 6600 ns, Cleanup: 6500 ns, At safepoint: 11629303 ns, Total: 11642403 ns
[4.463s][debug][gc,heap       ] GC(89) Heap before GC invocations=89 (full 0):
[4.464s][debug][gc,heap       ] GC(89)  garbage-first heap   total 1048576K, used 855240K [0x00000000c0000000, 0x0000000100000000)
[4.464s][debug][gc,heap       ] GC(89)   region size 1024K, 87 young (89088K), 14 survivors (14336K)
[4.464s][debug][gc,heap       ] GC(89)  Metaspace       used 6341K, committed 6464K, reserved 1114112K
[4.464s][debug][gc,heap       ] GC(89)   class space    used 546K, committed 640K, reserved 1048576K
[4.464s][info ][gc,start      ] GC(89) Pause Young (Normal) (G1 Evacuation Pause)
[4.464s][info ][gc,task       ] GC(89) Using 10 workers of 10 for evacuation
[4.464s][trace][gc,ergo,cset  ] GC(89) Start choosing CSet. Pending cards: 50 target pause time: 200.00ms
[4.464s][trace][gc,ergo,cset  ] GC(89) Added young regions to CSet. Eden: 73 regions, Survivors: 14 regions, predicted eden time: 6.96ms, predicted base time: 0.96ms, target pause time: 200.00ms, remaining time: 192.08ms
[4.464s][debug][gc,ergo       ] GC(89) Running G1 Merge Heap Roots using 10 workers for 87 regions
[4.473s][debug][gc,ergo       ] GC(89) Running G1 Rebuild Free List Task using 10 workers for rebuilding free list of regions
[4.473s][debug][gc,ergo,heap  ] GC(89) Heap expansion: short term pause time ratio 52.27% long term pause time ratio 47.96% threshold 7.69% pause time ratio 7.69% fully expanded true resize by 0B
[4.473s][debug][gc,ergo,refine] GC(89) Concurrent refinement times: Logged Cards Scan time goal: 20.00ms Logged Cards Scan time: 0.06ms HCC time: 0.00ms
[4.473s][trace][gc,ergo,refine] GC(89) Updating Refinement Zones: logged cards scan time: 0.058ms, processed cards: 33, goal time: 19.999ms
[4.473s][debug][gc,ergo,refine] GC(89) Updated Refinement Zones: green: 2560, yellow: 7680, red: 12800
[4.473s][info ][gc,phases     ] GC(89)   Pre Evacuate Collection Set: 0.3ms
[4.473s][info ][gc,phases     ] GC(89)   Merge Heap Roots: 0.2ms
[4.473s][info ][gc,phases     ] GC(89)   Evacuate Collection Set: 8.6ms
[4.473s][info ][gc,phases     ] GC(89)   Post Evacuate Collection Set: 0.7ms
[4.473s][info ][gc,phases     ] GC(89)   Other: 0.2ms
[4.473s][info ][gc,heap       ] GC(89) Eden regions: 73->0(59)
[4.473s][info ][gc,heap       ] GC(89) Survivor regions: 14->11(11)
[4.473s][info ][gc,heap       ] GC(89) Old regions: 750->782
[4.473s][info ][gc,heap       ] GC(89) Archive regions: 0->0
[4.473s][info ][gc,heap       ] GC(89) Humongous regions: 0->0
[4.473s][info ][gc,metaspace  ] GC(89) Metaspace: 6341K(6464K)->6341K(6464K) NonClass: 5794K(5824K)->5794K(5824K) Class: 546K(640K)->546K(640K)
[4.473s][debug][gc,heap       ] GC(89) Heap after GC invocations=90 (full 0):
[4.473s][debug][gc,heap       ] GC(89)  garbage-first heap   total 1048576K, used 811408K [0x00000000c0000000, 0x0000000100000000)
[4.473s][debug][gc,heap       ] GC(89)   region size 1024K, 11 young (11264K), 11 survivors (11264K)
[4.473s][debug][gc,heap       ] GC(89)  Metaspace       used 6341K, committed 6464K, reserved 1114112K
[4.473s][debug][gc,heap       ] GC(89)   class space    used 546K, committed 640K, reserved 1048576K
[4.473s][info ][gc            ] GC(89) Pause Young (Normal) (G1 Evacuation Pause) 836M->792M(1024M) 9.857ms
[4.473s][info ][gc,cpu        ] GC(89) User=0.08s Sys=0.00s Real=0.01s
[4.473s][info ][safepoint     ] Safepoint "G1CollectForAllocation", Time since last: 8987102 ns, Reaching safepoint: 10200 ns, Cleanup: 7900 ns, At safepoint: 9991303 ns, Total: 10009403 ns
[4.480s][debug][gc,heap       ] GC(90) Heap before GC invocations=90 (full 0):
[4.480s][debug][gc,heap       ] GC(90)  garbage-first heap   total 1048576K, used 870800K [0x00000000c0000000, 0x0000000100000000)
[4.480s][debug][gc,heap       ] GC(90)   region size 1024K, 70 young (71680K), 11 survivors (11264K)
[4.480s][debug][gc,heap       ] GC(90)  Metaspace       used 6341K, committed 6464K, reserved 1114112K
[4.480s][debug][gc,heap       ] GC(90)   class space    used 546K, committed 640K, reserved 1048576K
[4.480s][info ][gc,start      ] GC(90) Pause Young (Normal) (G1 Evacuation Pause)
[4.480s][info ][gc,task       ] GC(90) Using 10 workers of 10 for evacuation
[4.480s][trace][gc,ergo,cset  ] GC(90) Start choosing CSet. Pending cards: 43 target pause time: 200.00ms
[4.480s][trace][gc,ergo,cset  ] GC(90) Added young regions to CSet. Eden: 59 regions, Survivors: 11 regions, predicted eden time: 5.79ms, predicted base time: 0.96ms, target pause time: 200.00ms, remaining time: 193.25ms
[4.480s][debug][gc,ergo       ] GC(90) Running G1 Merge Heap Roots using 10 workers for 70 regions
[4.488s][debug][gc,ergo       ] GC(90) Running G1 Rebuild Free List Task using 10 workers for rebuilding free list of regions
[4.488s][debug][gc,ergo,heap  ] GC(90) Heap expansion: short term pause time ratio 51.24% long term pause time ratio 47.40% threshold 7.69% pause time ratio 7.69% fully expanded true resize by 0B
[4.488s][debug][gc,ergo,ihop  ] GC(90) Request concurrent cycle initiation (occupancy higher than threshold) occupancy: 849346560B allocation request: 0B threshold: 839025619B (78.14) source: end of GC
[4.488s][debug][gc,ergo,refine] GC(90) Concurrent refinement times: Logged Cards Scan time goal: 20.00ms Logged Cards Scan time: 0.13ms HCC time: 0.00ms
[4.488s][trace][gc,ergo,refine] GC(90) Updating Refinement Zones: logged cards scan time: 0.132ms, processed cards: 26, goal time: 20.000ms
[4.488s][debug][gc,ergo,refine] GC(90) Updated Refinement Zones: green: 2560, yellow: 7680, red: 12800
[4.488s][info ][gc,phases     ] GC(90)   Pre Evacuate Collection Set: 0.2ms
[4.488s][info ][gc,phases     ] GC(90)   Merge Heap Roots: 0.1ms
[4.488s][info ][gc,phases     ] GC(90)   Evacuate Collection Set: 7.0ms
[4.488s][info ][gc,phases     ] GC(90)   Post Evacuate Collection Set: 0.7ms
[4.488s][info ][gc,phases     ] GC(90)   Other: 0.2ms
[4.488s][info ][gc,heap       ] GC(90) Eden regions: 59->0(47)
[4.488s][info ][gc,heap       ] GC(90) Survivor regions: 11->9(9)
[4.488s][info ][gc,heap       ] GC(90) Old regions: 782->810
[4.488s][info ][gc,heap       ] GC(90) Archive regions: 0->0
[4.488s][info ][gc,heap       ] GC(90) Humongous regions: 0->0
[4.488s][info ][gc,metaspace  ] GC(90) Metaspace: 6341K(6464K)->6341K(6464K) NonClass: 5794K(5824K)->5794K(5824K) Class: 546K(640K)->546K(640K)
[4.488s][debug][gc,heap       ] GC(90) Heap after GC invocations=91 (full 0):
[4.488s][debug][gc,heap       ] GC(90)  garbage-first heap   total 1048576K, used 837732K [0x00000000c0000000, 0x0000000100000000)
[4.488s][debug][gc,heap       ] GC(90)   region size 1024K, 9 young (9216K), 9 survivors (9216K)
[4.488s][debug][gc,heap       ] GC(90)  Metaspace       used 6341K, committed 6464K, reserved 1114112K
[4.488s][debug][gc,heap       ] GC(90)   class space    used 546K, committed 640K, reserved 1048576K
[4.488s][info ][gc            ] GC(90) Pause Young (Normal) (G1 Evacuation Pause) 851M->818M(1024M) 8.241ms
[4.488s][info ][gc,cpu        ] GC(90) User=0.06s Sys=0.00s Real=0.01s
[4.488s][info ][safepoint     ] Safepoint "G1CollectForAllocation", Time since last: 6334701 ns, Reaching safepoint: 5400 ns, Cleanup: 5500 ns, At safepoint: 8352502 ns, Total: 8363402 ns
[4.495s][debug][gc,heap       ] GC(91) Heap before GC invocations=91 (full 0):
[4.495s][debug][gc,heap       ] GC(91)  garbage-first heap   total 1048576K, used 884836K [0x00000000c0000000, 0x0000000100000000)
[4.495s][debug][gc,heap       ] GC(91)   region size 1024K, 56 young (57344K), 9 survivors (9216K)
[4.495s][debug][gc,heap       ] GC(91)  Metaspace       used 6341K, committed 6464K, reserved 1114112K
[4.495s][debug][gc,heap       ] GC(91)   class space    used 546K, committed 640K, reserved 1048576K
[4.495s][debug][gc,ergo       ] GC(91) Initiate concurrent cycle (concurrent cycle initiation requested)
[4.495s][info ][gc,start      ] GC(91) Pause Young (Concurrent Start) (G1 Evacuation Pause)
[4.495s][info ][gc,task       ] GC(91) Using 10 workers of 10 for evacuation
[4.495s][trace][gc,ergo,cset  ] GC(91) Start choosing CSet. Pending cards: 41 target pause time: 200.00ms
[4.495s][trace][gc,ergo,cset  ] GC(91) Added young regions to CSet. Eden: 47 regions, Survivors: 9 regions, predicted eden time: 4.62ms, predicted base time: 0.95ms, target pause time: 200.00ms, remaining time: 194.43ms
[4.496s][debug][gc,ergo       ] GC(91) Running G1 Merge Heap Roots using 10 workers for 56 regions
[4.502s][debug][gc,ergo       ] GC(91) Running G1 Rebuild Free List Task using 10 workers for rebuilding free list of regions
[4.503s][debug][gc,ergo,heap  ] GC(91) Heap expansion: short term pause time ratio 55.19% long term pause time ratio 47.50% threshold 7.69% pause time ratio 7.69% fully expanded true resize by 0B
[4.503s][debug][gc,ergo,refine] GC(91) Concurrent refinement times: Logged Cards Scan time goal: 20.00ms Logged Cards Scan time: 0.01ms HCC time: 0.00ms
[4.503s][trace][gc,ergo,refine] GC(91) Updating Refinement Zones: logged cards scan time: 0.013ms, processed cards: 24, goal time: 19.999ms
[4.503s][debug][gc,ergo,refine] GC(91) Updated Refinement Zones: green: 2560, yellow: 7680, red: 12800
[4.503s][info ][gc,phases     ] GC(91)   Pre Evacuate Collection Set: 0.3ms
[4.503s][info ][gc,phases     ] GC(91)   Merge Heap Roots: 0.2ms
[4.503s][info ][gc,phases     ] GC(91)   Evacuate Collection Set: 6.0ms
[4.503s][info ][gc,phases     ] GC(91)   Post Evacuate Collection Set: 0.6ms
[4.503s][info ][gc,phases     ] GC(91)   Other: 0.3ms
[4.503s][info ][gc,heap       ] GC(91) Eden regions: 47->0(44)
[4.503s][info ][gc,heap       ] GC(91) Survivor regions: 9->7(7)
[4.503s][info ][gc,heap       ] GC(91) Old regions: 810->832
[4.503s][info ][gc,heap       ] GC(91) Archive regions: 0->0
[4.503s][info ][gc,heap       ] GC(91) Humongous regions: 0->0
[4.503s][info ][gc,metaspace  ] GC(91) Metaspace: 6341K(6464K)->6341K(6464K) NonClass: 5794K(5824K)->5794K(5824K) Class: 546K(640K)->546K(640K)
[4.503s][debug][gc,heap       ] GC(91) Heap after GC invocations=92 (full 0):
[4.503s][debug][gc,heap       ] GC(91)  garbage-first heap   total 1048576K, used 859012K [0x00000000c0000000, 0x0000000100000000)
[4.503s][debug][gc,heap       ] GC(91)   region size 1024K, 7 young (7168K), 7 survivors (7168K)
[4.503s][debug][gc,heap       ] GC(91)  Metaspace       used 6341K, committed 6464K, reserved 1114112K
[4.503s][debug][gc,heap       ] GC(91)   class space    used 546K, committed 640K, reserved 1048576K
[4.503s][info ][gc            ] GC(91) Pause Young (Concurrent Start) (G1 Evacuation Pause) 865M->838M(1024M) 7.197ms
[4.503s][info ][gc,cpu        ] GC(91) User=0.06s Sys=0.00s Real=0.00s
[4.503s][info ][safepoint     ] Safepoint "G1CollectForAllocation", Time since last: 7199902 ns, Reaching safepoint: 6500 ns, Cleanup: 6200 ns, At safepoint: 7328202 ns, Total: 7340902 ns
[4.503s][info ][gc            ] GC(92) Concurrent Mark Cycle
[4.503s][info ][gc,marking    ] GC(92) Concurrent Clear Claimed Marks
[4.503s][info ][gc,marking    ] GC(92) Concurrent Clear Claimed Marks 0.009ms
[4.503s][info ][gc,marking    ] GC(92) Concurrent Scan Root Regions
[4.503s][debug][gc,ergo       ] GC(92) Running G1 Root Region Scan using 3 workers for 30 work units.
[4.503s][info ][gc,marking    ] GC(92) Concurrent Scan Root Regions 0.130ms
[4.503s][info ][gc,marking    ] GC(92) Concurrent Mark
[4.503s][info ][gc,marking    ] GC(92) Concurrent Mark From Roots
[4.503s][info ][gc,task       ] GC(92) Using 3 workers of 3 for marking
[4.507s][info ][gc,marking    ] GC(92) Concurrent Mark From Roots 3.843ms
[4.507s][info ][gc,marking    ] GC(92) Concurrent Preclean
[4.507s][info ][gc,marking    ] GC(92) Concurrent Preclean 0.047ms
[4.507s][info ][gc,start      ] GC(92) Pause Remark
[4.508s][debug][gc,ergo       ] GC(92) Running G1 Update RemSet Tracking Before Rebuild using 3 workers for 1024 regions in heap
[4.508s][info ][gc            ] GC(92) Pause Remark 867M->529M(1024M) 1.471ms
[4.508s][info ][gc,cpu        ] GC(92) User=0.01s Sys=0.00s Real=0.00s
[4.508s][info ][safepoint     ] Safepoint "G1PauseRemark", Time since last: 4248001 ns, Reaching safepoint: 5200 ns, Cleanup: 5100 ns, At safepoint: 1501200 ns, Total: 1511500 ns
[4.508s][info ][gc,marking    ] GC(92) Concurrent Mark 5.630ms
[4.508s][info ][gc,marking    ] GC(92) Concurrent Rebuild Remembered Sets
[4.511s][debug][gc,heap       ] GC(93) Heap before GC invocations=92 (full 0):
[4.511s][debug][gc,heap       ] GC(93)  garbage-first heap   total 1048576K, used 556932K [0x00000000c0000000, 0x0000000100000000)
[4.511s][debug][gc,heap       ] GC(93)   region size 1024K, 51 young (52224K), 7 survivors (7168K)
[4.511s][debug][gc,heap       ] GC(93)  Metaspace       used 6341K, committed 6464K, reserved 1114112K
[4.511s][debug][gc,heap       ] GC(93)   class space    used 546K, committed 640K, reserved 1048576K
[4.511s][info ][gc,start      ] GC(93) Pause Young (Normal) (G1 Evacuation Pause)
[4.511s][info ][gc,task       ] GC(93) Using 10 workers of 10 for evacuation
[4.511s][trace][gc,ergo,cset  ] GC(93) Start choosing CSet. Pending cards: 48 target pause time: 200.00ms
[4.511s][trace][gc,ergo,cset  ] GC(93) Added young regions to CSet. Eden: 44 regions, Survivors: 7 regions, predicted eden time: 4.99ms, predicted base time: 0.95ms, target pause time: 200.00ms, remaining time: 194.05ms
[4.511s][debug][gc,ergo       ] GC(93) Running G1 Merge Heap Roots using 10 workers for 51 regions
[4.517s][debug][gc,ergo       ] GC(93) Running G1 Rebuild Free List Task using 10 workers for rebuilding free list of regions
[4.517s][debug][gc,ergo,heap  ] GC(93) Heap expansion: short term pause time ratio 24.73% long term pause time ratio 47.91% threshold 7.69% pause time ratio 7.69% fully expanded true resize by 0B
[4.517s][debug][gc,ergo,refine] GC(93) Concurrent refinement times: Logged Cards Scan time goal: 20.00ms Logged Cards Scan time: 0.03ms HCC time: 0.00ms
[4.517s][trace][gc,ergo,refine] GC(93) Updating Refinement Zones: logged cards scan time: 0.031ms, processed cards: 35, goal time: 20.000ms
[4.517s][debug][gc,ergo,refine] GC(93) Updated Refinement Zones: green: 2560, yellow: 7680, red: 12800
[4.517s][info ][gc,phases     ] GC(93)   Pre Evacuate Collection Set: 0.2ms
[4.517s][info ][gc,phases     ] GC(93)   Merge Heap Roots: 0.1ms
[4.517s][info ][gc,phases     ] GC(93)   Evacuate Collection Set: 5.1ms
[4.517s][info ][gc,phases     ] GC(93)   Post Evacuate Collection Set: 0.5ms
[4.517s][info ][gc,phases     ] GC(93)   Other: 0.1ms
[4.517s][info ][gc,heap       ] GC(93) Eden regions: 44->0(207)
[4.517s][info ][gc,heap       ] GC(93) Survivor regions: 7->7(7)
[4.517s][info ][gc,heap       ] GC(93) Old regions: 494->515
[4.517s][info ][gc,heap       ] GC(93) Archive regions: 0->0
[4.517s][info ][gc,heap       ] GC(93) Humongous regions: 0->0
[4.517s][info ][gc,metaspace  ] GC(93) Metaspace: 6341K(6464K)->6341K(6464K) NonClass: 5794K(5824K)->5794K(5824K) Class: 546K(640K)->546K(640K)
[4.517s][debug][gc,heap       ] GC(93) Heap after GC invocations=93 (full 0):
[4.517s][debug][gc,heap       ] GC(93)  garbage-first heap   total 1048576K, used 533604K [0x00000000c0000000, 0x0000000100000000)
[4.517s][debug][gc,heap       ] GC(93)   region size 1024K, 7 young (7168K), 7 survivors (7168K)
[4.517s][debug][gc,heap       ] GC(93)  Metaspace       used 6341K, committed 6464K, reserved 1114112K
[4.517s][debug][gc,heap       ] GC(93)   class space    used 546K, committed 640K, reserved 1048576K
[4.517s][info ][gc            ] GC(93) Pause Young (Normal) (G1 Evacuation Pause) 544M->521M(1024M) 6.169ms
[4.517s][info ][gc,cpu        ] GC(93) User=0.05s Sys=0.00s Real=0.01s
[4.517s][info ][safepoint     ] Safepoint "G1CollectForAllocation", Time since last: 2436401 ns, Reaching safepoint: 37500 ns, Cleanup: 4300 ns, At safepoint: 6318701 ns, Total: 6360501 ns
[4.518s][info ][gc,marking    ] GC(92) Concurrent Rebuild Remembered Sets 9.422ms
[4.518s][info ][gc,start      ] GC(92) Pause Cleanup
[4.518s][debug][gc,ergo,cset  ] GC(92) Pruned 127 regions out of 439, leaving 53445168 bytes waste (allowed 53687091)
[4.518s][info ][gc            ] GC(92) Pause Cleanup 525M->525M(1024M) 0.385ms
[4.518s][info ][gc,cpu        ] GC(92) User=0.00s Sys=0.00s Real=0.00s
[4.518s][info ][safepoint     ] Safepoint "G1PauseCleanup", Time since last: 761901 ns, Reaching safepoint: 90300 ns, Cleanup: 3600 ns, At safepoint: 423900 ns, Total: 517800 ns
[4.519s][info ][gc,marking    ] GC(92) Concurrent Cleanup for Next Mark
[4.519s][debug][gc,ergo       ] GC(92) Running G1 Clear Bitmap with 3 workers for 16 work units.
[4.521s][info ][gc,marking    ] GC(92) Concurrent Cleanup for Next Mark 2.705ms
[4.521s][info ][gc            ] GC(92) Concurrent Mark Cycle 18.815ms
[4.539s][debug][gc,heap       ] GC(94) Heap before GC invocations=94 (full 0):
[4.539s][debug][gc,heap       ] GC(94)  garbage-first heap   total 1048576K, used 744548K [0x00000000c0000000, 0x0000000100000000)
[4.539s][debug][gc,heap       ] GC(94)   region size 1024K, 214 young (219136K), 7 survivors (7168K)
[4.539s][debug][gc,heap       ] GC(94)  Metaspace       used 6341K, committed 6464K, reserved 1114112K
[4.539s][debug][gc,heap       ] GC(94)   class space    used 546K, committed 640K, reserved 1048576K
[4.539s][info ][gc,start      ] GC(94) Pause Young (Prepare Mixed) (G1 Evacuation Pause)
[4.539s][info ][gc,task       ] GC(94) Using 10 workers of 10 for evacuation
[4.539s][trace][gc,ergo,cset  ] GC(94) Start choosing CSet. Pending cards: 49 target pause time: 200.00ms
[4.539s][trace][gc,ergo,cset  ] GC(94) Added young regions to CSet. Eden: 207 regions, Survivors: 7 regions, predicted eden time: 16.10ms, predicted base time: 0.95ms, target pause time: 200.00ms, remaining time: 182.95ms
[4.540s][debug][gc,ergo       ] GC(94) Running G1 Merge Heap Roots using 10 workers for 214 regions
[4.556s][debug][gc,ergo       ] GC(94) Running G1 Rebuild Free List Task using 10 workers for rebuilding free list of regions
[4.556s][debug][gc,ergo,heap  ] GC(94) Heap expansion: short term pause time ratio 25.66% long term pause time ratio 49.68% threshold 7.69% pause time ratio 7.69% fully expanded true resize by 0B
[4.556s][debug][gc,ergo,refine] GC(94) Concurrent refinement times: Logged Cards Scan time goal: 20.00ms Logged Cards Scan time: 0.45ms HCC time: 0.00ms
[4.556s][trace][gc,ergo,refine] GC(94) Updating Refinement Zones: logged cards scan time: 0.446ms, processed cards: 29, goal time: 19.999ms
[4.556s][debug][gc,ergo,refine] GC(94) Updated Refinement Zones: green: 2560, yellow: 7680, red: 12800
[4.556s][info ][gc,phases     ] GC(94)   Pre Evacuate Collection Set: 0.2ms
[4.556s][info ][gc,phases     ] GC(94)   Merge Heap Roots: 0.1ms
[4.556s][info ][gc,phases     ] GC(94)   Evacuate Collection Set: 15.4ms
[4.556s][info ][gc,phases     ] GC(94)   Post Evacuate Collection Set: 0.6ms
[4.556s][info ][gc,phases     ] GC(94)   Other: 0.4ms
[4.556s][info ][gc,heap       ] GC(94) Eden regions: 207->0(24)
[4.556s][info ][gc,heap       ] GC(94) Survivor regions: 7->27(27)
[4.556s][info ][gc,heap       ] GC(94) Old regions: 515->574
[4.556s][info ][gc,heap       ] GC(94) Archive regions: 0->0
[4.556s][info ][gc,heap       ] GC(94) Humongous regions: 0->0
[4.556s][info ][gc,metaspace  ] GC(94) Metaspace: 6341K(6464K)->6341K(6464K) NonClass: 5794K(5824K)->5794K(5824K) Class: 546K(640K)->546K(640K)
[4.556s][debug][gc,heap       ] GC(94) Heap after GC invocations=95 (full 0):
[4.556s][debug][gc,heap       ] GC(94)  garbage-first heap   total 1048576K, used 615000K [0x00000000c0000000, 0x0000000100000000)
[4.556s][debug][gc,heap       ] GC(94)   region size 1024K, 27 young (27648K), 27 survivors (27648K)
[4.556s][debug][gc,heap       ] GC(94)  Metaspace       used 6341K, committed 6464K, reserved 1114112K
[4.556s][debug][gc,heap       ] GC(94)   class space    used 546K, committed 640K, reserved 1048576K
[4.556s][info ][gc            ] GC(94) Pause Young (Prepare Mixed) (G1 Evacuation Pause) 728M->600M(1024M) 16.579ms
[4.556s][info ][gc,cpu        ] GC(94) User=0.15s Sys=0.00s Real=0.02s
[4.556s][info ][safepoint     ] Safepoint "G1CollectForAllocation", Time since last: 20598505 ns, Reaching safepoint: 9400 ns, Cleanup: 10000 ns, At safepoint: 16890004 ns, Total: 16909404 ns
[4.559s][debug][gc,heap       ] GC(95) Heap before GC invocations=95 (full 0):
[4.559s][debug][gc,heap       ] GC(95)  garbage-first heap   total 1048576K, used 638552K [0x00000000c0000000, 0x0000000100000000)
[4.559s][debug][gc,heap       ] GC(95)   region size 1024K, 51 young (52224K), 27 survivors (27648K)
[4.559s][debug][gc,heap       ] GC(95)  Metaspace       used 6341K, committed 6464K, reserved 1114112K
[4.559s][debug][gc,heap       ] GC(95)   class space    used 546K, committed 640K, reserved 1048576K
[4.559s][info ][gc,start      ] GC(95) Pause Young (Mixed) (G1 Evacuation Pause)
[4.559s][info ][gc,task       ] GC(95) Using 10 workers of 10 for evacuation
[4.559s][trace][gc,ergo,cset  ] GC(95) Start choosing CSet. Pending cards: 57 target pause time: 200.00ms
[4.559s][trace][gc,ergo,cset  ] GC(95) Added young regions to CSet. Eden: 24 regions, Survivors: 27 regions, predicted eden time: 2.46ms, predicted base time: 0.97ms, target pause time: 200.00ms, remaining time: 196.56ms
[4.559s][debug][gc,ergo,cset  ] GC(95) Start adding old regions to collection set. Min 39 regions, max 103 regions, time remaining 196.56ms, optional threshold 39.31ms
[4.559s][debug][gc,ergo,cset  ] GC(95) Finish adding old regions to collection set (Maximum number of regions). Initial 103 regions, optional 0 regions
[4.559s][debug][gc,ergo,cset  ] GC(95) Finish choosing collection set old regions. Initial: 103, optional: 0, predicted old time: 0.00ms, predicted optional time: 0.00ms, time remaining: 193.16
[4.559s][debug][gc,ergo       ] GC(95) Running G1 Merge Heap Roots using 10 workers for 154 regions
[4.568s][debug][gc,ergo       ] GC(95) Running G1 Rebuild Free List Task using 10 workers for rebuilding free list of regions
[4.568s][debug][gc,ergo,heap  ] GC(95) Heap expansion: short term pause time ratio 43.98% long term pause time ratio 49.14% threshold 7.69% pause time ratio 7.69% fully expanded true resize by 0B
[4.568s][debug][gc,ergo,refine] GC(95) Concurrent refinement times: Logged Cards Scan time goal: 20.00ms Logged Cards Scan time: 0.50ms HCC time: 0.00ms
[4.568s][trace][gc,ergo,refine] GC(95) Updating Refinement Zones: logged cards scan time: 0.501ms, processed cards: 32, goal time: 19.999ms
[4.568s][debug][gc,ergo,refine] GC(95) Updated Refinement Zones: green: 2560, yellow: 7680, red: 12800
[4.568s][info ][gc,phases     ] GC(95)   Pre Evacuate Collection Set: 0.3ms
[4.568s][info ][gc,phases     ] GC(95)   Merge Heap Roots: 0.1ms
[4.568s][info ][gc,phases     ] GC(95)   Evacuate Collection Set: 7.9ms
[4.568s][info ][gc,phases     ] GC(95)   Post Evacuate Collection Set: 0.6ms
[4.568s][info ][gc,phases     ] GC(95)   Other: 0.2ms
[4.568s][info ][gc,heap       ] GC(95) Eden regions: 24->0(44)
[4.568s][info ][gc,heap       ] GC(95) Survivor regions: 27->7(7)
[4.568s][info ][gc,heap       ] GC(95) Old regions: 574->506
[4.568s][info ][gc,heap       ] GC(95) Archive regions: 0->0
[4.568s][info ][gc,heap       ] GC(95) Humongous regions: 0->0
[4.568s][info ][gc,metaspace  ] GC(95) Metaspace: 6341K(6464K)->6341K(6464K) NonClass: 5794K(5824K)->5794K(5824K) Class: 546K(640K)->546K(640K)
[4.568s][debug][gc,heap       ] GC(95) Heap after GC invocations=96 (full 0):
[4.568s][debug][gc,heap       ] GC(95)  garbage-first heap   total 1048576K, used 524888K [0x00000000c0000000, 0x0000000100000000)
[4.568s][debug][gc,heap       ] GC(95)   region size 1024K, 7 young (7168K), 7 survivors (7168K)
[4.568s][debug][gc,heap       ] GC(95)  Metaspace       used 6341K, committed 6464K, reserved 1114112K
[4.568s][debug][gc,heap       ] GC(95)   class space    used 546K, committed 640K, reserved 1048576K
[4.568s][info ][gc            ] GC(95) Pause Young (Mixed) (G1 Evacuation Pause) 624M->512M(1024M) 9.081ms
[4.568s][info ][gc,cpu        ] GC(95) User=0.08s Sys=0.00s Real=0.01s
[4.568s][info ][safepoint     ] Safepoint "G1CollectForAllocation", Time since last: 2872300 ns, Reaching safepoint: 9300 ns, Cleanup: 8200 ns, At safepoint: 9208503 ns, Total: 9226003 ns
[4.572s][debug][gc,heap       ] GC(96) Heap before GC invocations=96 (full 0):
[4.572s][debug][gc,heap       ] GC(96)  garbage-first heap   total 1048576K, used 568920K [0x00000000c0000000, 0x0000000100000000)
[4.572s][debug][gc,heap       ] GC(96)   region size 1024K, 51 young (52224K), 7 survivors (7168K)
[4.572s][debug][gc,heap       ] GC(96)  Metaspace       used 6341K, committed 6464K, reserved 1114112K
[4.572s][debug][gc,heap       ] GC(96)   class space    used 546K, committed 640K, reserved 1048576K
[4.572s][info ][gc,start      ] GC(96) Pause Young (Mixed) (G1 Evacuation Pause)
[4.572s][info ][gc,task       ] GC(96) Using 10 workers of 10 for evacuation
[4.572s][trace][gc,ergo,cset  ] GC(96) Start choosing CSet. Pending cards: 63 target pause time: 200.00ms
[4.572s][trace][gc,ergo,cset  ] GC(96) Added young regions to CSet. Eden: 44 regions, Survivors: 7 regions, predicted eden time: 4.26ms, predicted base time: 1.14ms, target pause time: 200.00ms, remaining time: 194.59ms
[4.572s][debug][gc,ergo,cset  ] GC(96) Start adding old regions to collection set. Min 39 regions, max 103 regions, time remaining 194.59ms, optional threshold 38.92ms
[4.572s][debug][gc,ergo,cset  ] GC(96) Finish adding old regions to collection set (Maximum number of regions). Initial 103 regions, optional 0 regions
[4.572s][debug][gc,ergo,cset  ] GC(96) Finish choosing collection set old regions. Initial: 103, optional: 0, predicted old time: 0.00ms, predicted optional time: 0.00ms, time remaining: 190.27
[4.573s][debug][gc,ergo       ] GC(96) Running G1 Merge Heap Roots using 10 workers for 154 regions
[4.579s][debug][gc,ergo       ] GC(96) Running G1 Rebuild Free List Task using 10 workers for rebuilding free list of regions
[4.580s][debug][gc,ergo,heap  ] GC(96) Heap expansion: short term pause time ratio 74.10% long term pause time ratio 51.03% threshold 7.69% pause time ratio 7.69% fully expanded true resize by 0B
[4.580s][debug][gc,ergo,refine] GC(96) Concurrent refinement times: Logged Cards Scan time goal: 20.00ms Logged Cards Scan time: 0.02ms HCC time: 0.00ms
[4.580s][trace][gc,ergo,refine] GC(96) Updating Refinement Zones: logged cards scan time: 0.016ms, processed cards: 38, goal time: 19.999ms
[4.580s][debug][gc,ergo,refine] GC(96) Updated Refinement Zones: green: 2560, yellow: 7680, red: 12800
[4.580s][info ][gc,phases     ] GC(96)   Pre Evacuate Collection Set: 0.3ms
[4.580s][info ][gc,phases     ] GC(96)   Merge Heap Roots: 0.2ms
[4.580s][info ][gc,phases     ] GC(96)   Evacuate Collection Set: 6.3ms
[4.580s][info ][gc,phases     ] GC(96)   Post Evacuate Collection Set: 0.7ms
[4.580s][info ][gc,phases     ] GC(96)   Other: 0.1ms
[4.580s][info ][gc,heap       ] GC(96) Eden regions: 44->0(44)
[4.580s][info ][gc,heap       ] GC(96) Survivor regions: 7->7(7)
[4.580s][info ][gc,heap       ] GC(96) Old regions: 506->431
[4.580s][info ][gc,heap       ] GC(96) Archive regions: 0->0
[4.580s][info ][gc,heap       ] GC(96) Humongous regions: 0->0
[4.580s][info ][gc,metaspace  ] GC(96) Metaspace: 6341K(6464K)->6341K(6464K) NonClass: 5794K(5824K)->5794K(5824K) Class: 546K(640K)->546K(640K)
[4.580s][debug][gc,heap       ] GC(96) Heap after GC invocations=97 (full 0):
[4.580s][debug][gc,heap       ] GC(96)  garbage-first heap   total 1048576K, used 447788K [0x00000000c0000000, 0x0000000100000000)
[4.580s][debug][gc,heap       ] GC(96)   region size 1024K, 7 young (7168K), 7 survivors (7168K)
[4.580s][debug][gc,heap       ] GC(96)  Metaspace       used 6341K, committed 6464K, reserved 1114112K
[4.580s][debug][gc,heap       ] GC(96)   class space    used 546K, committed 640K, reserved 1048576K
[4.580s][info ][gc            ] GC(96) Pause Young (Mixed) (G1 Evacuation Pause) 556M->437M(1024M) 7.596ms
[4.580s][info ][gc,cpu        ] GC(96) User=0.06s Sys=0.00s Real=0.01s
[4.580s][info ][safepoint     ] Safepoint "G1CollectForAllocation", Time since last: 3932601 ns, Reaching safepoint: 90200 ns, Cleanup: 21100 ns, At safepoint: 7716602 ns, Total: 7827902 ns
[4.585s][debug][gc,heap       ] GC(97) Heap before GC invocations=97 (full 0):
[4.585s][debug][gc,heap       ] GC(97)  garbage-first heap   total 1048576K, used 491820K [0x00000000c0000000, 0x0000000100000000)
[4.585s][debug][gc,heap       ] GC(97)   region size 1024K, 51 young (52224K), 7 survivors (7168K)
[4.585s][debug][gc,heap       ] GC(97)  Metaspace       used 6341K, committed 6464K, reserved 1114112K
[4.585s][debug][gc,heap       ] GC(97)   class space    used 546K, committed 640K, reserved 1048576K
[4.585s][info ][gc,start      ] GC(97) Pause Young (Mixed) (G1 Evacuation Pause)
[4.585s][info ][gc,task       ] GC(97) Using 10 workers of 10 for evacuation
[4.585s][trace][gc,ergo,cset  ] GC(97) Start choosing CSet. Pending cards: 143 target pause time: 200.00ms
[4.585s][trace][gc,ergo,cset  ] GC(97) Added young regions to CSet. Eden: 44 regions, Survivors: 7 regions, predicted eden time: 4.25ms, predicted base time: 1.19ms, target pause time: 200.00ms, remaining time: 194.56ms
[4.585s][debug][gc,ergo,cset  ] GC(97) Start adding old regions to collection set. Min 39 regions, max 103 regions, time remaining 194.56ms, optional threshold 38.91ms
[4.585s][debug][gc,ergo,cset  ] GC(97) Finish adding old regions to collection set (Maximum number of regions). Initial 103 regions, optional 0 regions
[4.585s][debug][gc,ergo,cset  ] GC(97) Finish choosing collection set old regions. Initial: 103, optional: 0, predicted old time: 0.00ms, predicted optional time: 0.00ms, time remaining: 187.17
[4.585s][debug][gc,ergo       ] GC(97) Running G1 Merge Heap Roots using 10 workers for 154 regions
[4.593s][debug][gc,ergo       ] GC(97) Running G1 Rebuild Free List Task using 10 workers for rebuilding free list of regions
[4.593s][debug][gc,ergo,heap  ] GC(97) Heap expansion: short term pause time ratio 63.86% long term pause time ratio 52.36% threshold 7.69% pause time ratio 7.69% fully expanded true resize by 0B
[4.593s][debug][gc,ergo,refine] GC(97) Concurrent refinement times: Logged Cards Scan time goal: 20.00ms Logged Cards Scan time: 0.04ms HCC time: 0.00ms
[4.593s][trace][gc,ergo,refine] GC(97) Updating Refinement Zones: logged cards scan time: 0.044ms, processed cards: 112, goal time: 19.999ms
[4.593s][debug][gc,ergo,refine] GC(97) Updated Refinement Zones: green: 2560, yellow: 7680, red: 12800
[4.593s][info ][gc,phases     ] GC(97)   Pre Evacuate Collection Set: 0.3ms
[4.593s][info ][gc,phases     ] GC(97)   Merge Heap Roots: 0.2ms
[4.593s][info ][gc,phases     ] GC(97)   Evacuate Collection Set: 7.0ms
[4.593s][info ][gc,phases     ] GC(97)   Post Evacuate Collection Set: 0.5ms
[4.593s][info ][gc,phases     ] GC(97)   Other: 0.1ms
[4.593s][info ][gc,heap       ] GC(97) Eden regions: 44->0(44)
[4.593s][info ][gc,heap       ] GC(97) Survivor regions: 7->7(7)
[4.593s][info ][gc,heap       ] GC(97) Old regions: 431->361
[4.593s][info ][gc,heap       ] GC(97) Archive regions: 0->0
[4.593s][info ][gc,heap       ] GC(97) Humongous regions: 0->0
[4.593s][info ][gc,metaspace  ] GC(97) Metaspace: 6341K(6464K)->6341K(6464K) NonClass: 5794K(5824K)->5794K(5824K) Class: 546K(640K)->546K(640K)
[4.593s][debug][gc,heap       ] GC(97) Heap after GC invocations=98 (full 0):
[4.593s][debug][gc,heap       ] GC(97)  garbage-first heap   total 1048576K, used 376008K [0x00000000c0000000, 0x0000000100000000)
[4.593s][debug][gc,heap       ] GC(97)   region size 1024K, 7 young (7168K), 7 survivors (7168K)
[4.593s][debug][gc,heap       ] GC(97)  Metaspace       used 6341K, committed 6464K, reserved 1114112K
[4.593s][debug][gc,heap       ] GC(97)   class space    used 546K, committed 640K, reserved 1048576K
[4.593s][info ][gc            ] GC(97) Pause Young (Mixed) (G1 Evacuation Pause) 481M->367M(1024M) 8.043ms
[4.593s][info ][gc,cpu        ] GC(97) User=0.07s Sys=0.00s Real=0.00s
[4.593s][info ][safepoint     ] Safepoint "G1CollectForAllocation", Time since last: 5036901 ns, Reaching safepoint: 5300 ns, Cleanup: 4500 ns, At safepoint: 8155902 ns, Total: 8165702 ns
[4.598s][debug][gc,heap       ] GC(98) Heap before GC invocations=98 (full 0):
[4.598s][debug][gc,heap       ] GC(98)  garbage-first heap   total 1048576K, used 420040K [0x00000000c0000000, 0x0000000100000000)
[4.598s][debug][gc,heap       ] GC(98)   region size 1024K, 51 young (52224K), 7 survivors (7168K)
[4.598s][debug][gc,heap       ] GC(98)  Metaspace       used 6341K, committed 6464K, reserved 1114112K
[4.598s][debug][gc,heap       ] GC(98)   class space    used 546K, committed 640K, reserved 1048576K
[4.598s][info ][gc,start      ] GC(98) Pause Young (Mixed) (G1 Evacuation Pause)
[4.598s][info ][gc,task       ] GC(98) Using 10 workers of 10 for evacuation
[4.598s][trace][gc,ergo,cset  ] GC(98) Start choosing CSet. Pending cards: 94 target pause time: 200.00ms
[4.598s][trace][gc,ergo,cset  ] GC(98) Added young regions to CSet. Eden: 44 regions, Survivors: 7 regions, predicted eden time: 4.11ms, predicted base time: 1.06ms, target pause time: 200.00ms, remaining time: 194.83ms
[4.598s][debug][gc,ergo,cset  ] GC(98) Start adding old regions to collection set. Min 39 regions, max 103 regions, time remaining 194.83ms, optional threshold 38.97ms
[4.598s][debug][gc,ergo,cset  ] GC(98) Old candidate collection set empty.
[4.598s][debug][gc,ergo,cset  ] GC(98) Finish choosing collection set old regions. Initial: 3, optional: 0, predicted old time: 0.00ms, predicted optional time: 0.00ms, time remaining: 194.56
[4.598s][debug][gc,ergo       ] GC(98) Running G1 Merge Heap Roots using 10 workers for 54 regions
[4.604s][debug][gc,ergo       ] GC(98) Running G1 Rebuild Free List Task using 10 workers for rebuilding free list of regions
[4.604s][debug][gc,ergo,heap  ] GC(98) Heap expansion: short term pause time ratio 60.04% long term pause time ratio 53.10% threshold 7.69% pause time ratio 7.69% fully expanded true resize by 0B
[4.604s][debug][gc,ergo       ] GC(98) do not continue mixed GCs (candidate old regions not available)
[4.604s][debug][gc,ergo,refine] GC(98) Concurrent refinement times: Logged Cards Scan time goal: 20.00ms Logged Cards Scan time: 0.04ms HCC time: 0.00ms
[4.604s][trace][gc,ergo,refine] GC(98) Updating Refinement Zones: logged cards scan time: 0.041ms, processed cards: 85, goal time: 20.000ms
[4.604s][debug][gc,ergo,refine] GC(98) Updated Refinement Zones: green: 2560, yellow: 7680, red: 12800
[4.604s][info ][gc,phases     ] GC(98)   Pre Evacuate Collection Set: 0.3ms
[4.604s][info ][gc,phases     ] GC(98)   Merge Heap Roots: 0.2ms
[4.604s][info ][gc,phases     ] GC(98)   Evacuate Collection Set: 5.1ms
[4.604s][info ][gc,phases     ] GC(98)   Post Evacuate Collection Set: 0.5ms
[4.604s][info ][gc,phases     ] GC(98)   Other: 0.1ms
[4.604s][info ][gc,heap       ] GC(98) Eden regions: 44->0(283)
[4.604s][info ][gc,heap       ] GC(98) Survivor regions: 7->7(7)
[4.604s][info ][gc,heap       ] GC(98) Old regions: 361->378
[4.604s][info ][gc,heap       ] GC(98) Archive regions: 0->0
[4.604s][info ][gc,heap       ] GC(98) Humongous regions: 0->0
[4.604s][info ][gc,metaspace  ] GC(98) Metaspace: 6341K(6464K)->6341K(6464K) NonClass: 5794K(5824K)->5794K(5824K) Class: 546K(640K)->546K(640K)
[4.604s][debug][gc,heap       ] GC(98) Heap after GC invocations=99 (full 0):
[4.604s][debug][gc,heap       ] GC(98)  garbage-first heap   total 1048576K, used 394116K [0x00000000c0000000, 0x0000000100000000)
[4.604s][debug][gc,heap       ] GC(98)   region size 1024K, 7 young (7168K), 7 survivors (7168K)
[4.604s][debug][gc,heap       ] GC(98)  Metaspace       used 6341K, committed 6464K, reserved 1114112K
[4.604s][debug][gc,heap       ] GC(98)   class space    used 546K, committed 640K, reserved 1048576K
[4.604s][info ][gc            ] GC(98) Pause Young (Mixed) (G1 Evacuation Pause) 411M->384M(1024M) 6.130ms
[4.604s][info ][gc,cpu        ] GC(98) User=0.05s Sys=0.00s Real=0.01s
[4.604s][info ][safepoint     ] Safepoint "G1CollectForAllocation", Time since last: 4608201 ns, Reaching safepoint: 5800 ns, Cleanup: 4400 ns, At safepoint: 6240501 ns, Total: 6250701 ns
[4.626s][debug][gc,heap       ] GC(99) Heap before GC invocations=99 (full 0):
[4.626s][debug][gc,heap       ] GC(99)  garbage-first heap   total 1048576K, used 682884K [0x00000000c0000000, 0x0000000100000000)
[4.626s][debug][gc,heap       ] GC(99)   region size 1024K, 290 young (296960K), 7 survivors (7168K)
[4.626s][debug][gc,heap       ] GC(99)  Metaspace       used 6341K, committed 6464K, reserved 1114112K
[4.626s][debug][gc,heap       ] GC(99)   class space    used 546K, committed 640K, reserved 1048576K
[4.626s][info ][gc,start      ] GC(99) Pause Young (Normal) (G1 Evacuation Pause)
[4.626s][info ][gc,task       ] GC(99) Using 10 workers of 10 for evacuation
[4.627s][trace][gc,ergo,cset  ] GC(99) Start choosing CSet. Pending cards: 39 target pause time: 200.00ms
[4.627s][trace][gc,ergo,cset  ] GC(99) Added young regions to CSet. Eden: 283 regions, Survivors: 7 regions, predicted eden time: 20.19ms, predicted base time: 0.90ms, target pause time: 200.00ms, remaining time: 178.91ms
[4.627s][debug][gc,ergo       ] GC(99) Running G1 Merge Heap Roots using 10 workers for 290 regions
[4.647s][debug][gc,ergo       ] GC(99) Running G1 Rebuild Free List Task using 10 workers for rebuilding free list of regions
[4.648s][debug][gc,ergo,heap  ] GC(99) Heap expansion: short term pause time ratio 55.46% long term pause time ratio 53.57% threshold 7.69% pause time ratio 7.69% fully expanded true resize by 0B
[4.648s][debug][gc,ergo,refine] GC(99) Concurrent refinement times: Logged Cards Scan time goal: 20.00ms Logged Cards Scan time: 0.01ms HCC time: 0.00ms
[4.648s][trace][gc,ergo,refine] GC(99) Updating Refinement Zones: logged cards scan time: 0.014ms, processed cards: 6, goal time: 19.999ms
[4.648s][debug][gc,ergo,refine] GC(99) Updated Refinement Zones: green: 2560, yellow: 7680, red: 12800
[4.648s][info ][gc,phases     ] GC(99)   Pre Evacuate Collection Set: 0.4ms
[4.648s][info ][gc,phases     ] GC(99)   Merge Heap Roots: 0.3ms
[4.648s][info ][gc,phases     ] GC(99)   Evacuate Collection Set: 19.6ms
[4.648s][info ][gc,phases     ] GC(99)   Post Evacuate Collection Set: 0.8ms
[4.648s][info ][gc,phases     ] GC(99)   Other: 0.3ms
[4.648s][info ][gc,heap       ] GC(99) Eden regions: 283->0(226)
[4.648s][info ][gc,heap       ] GC(99) Survivor regions: 7->37(37)
[4.648s][info ][gc,heap       ] GC(99) Old regions: 378->445
[4.648s][info ][gc,heap       ] GC(99) Archive regions: 0->0
[4.648s][info ][gc,heap       ] GC(99) Humongous regions: 0->0
[4.648s][info ][gc,metaspace  ] GC(99) Metaspace: 6341K(6464K)->6341K(6464K) NonClass: 5794K(5824K)->5794K(5824K) Class: 546K(640K)->546K(640K)
[4.648s][debug][gc,heap       ] GC(99) Heap after GC invocations=100 (full 0):
[4.648s][debug][gc,heap       ] GC(99)  garbage-first heap   total 1048576K, used 493444K [0x00000000c0000000, 0x0000000100000000)
[4.648s][debug][gc,heap       ] GC(99)   region size 1024K, 37 young (37888K), 37 survivors (37888K)
[4.648s][debug][gc,heap       ] GC(99)  Metaspace       used 6341K, committed 6464K, reserved 1114112K
[4.648s][debug][gc,heap       ] GC(99)   class space    used 546K, committed 640K, reserved 1048576K
[4.648s][info ][gc            ] GC(99) Pause Young (Normal) (G1 Evacuation Pause) 667M->481M(1024M) 21.326ms
[4.648s][info ][gc,cpu        ] GC(99) User=0.19s Sys=0.00s Real=0.02s
[4.648s][info ][safepoint     ] Safepoint "G1CollectForAllocation", Time since last: 22474906 ns, Reaching safepoint: 4700 ns, Cleanup: 4900 ns, At safepoint: 21431405 ns, Total: 21441005 ns
[4.673s][debug][gc,heap       ] GC(100) Heap before GC invocations=100 (full 0):
[4.673s][debug][gc,heap       ] GC(100)  garbage-first heap   total 1048576K, used 723844K [0x00000000c0000000, 0x0000000100000000)
[4.673s][debug][gc,heap       ] GC(100)   region size 1024K, 263 young (269312K), 37 survivors (37888K)
[4.673s][debug][gc,heap       ] GC(100)  Metaspace       used 6341K, committed 6464K, reserved 1114112K
[4.673s][debug][gc,heap       ] GC(100)   class space    used 546K, committed 640K, reserved 1048576K
[4.673s][info ][gc,start      ] GC(100) Pause Young (Normal) (G1 Evacuation Pause)
[4.673s][info ][gc,task       ] GC(100) Using 10 workers of 10 for evacuation
[4.673s][trace][gc,ergo,cset  ] GC(100) Start choosing CSet. Pending cards: 50 target pause time: 200.00ms
[4.673s][trace][gc,ergo,cset  ] GC(100) Added young regions to CSet. Eden: 226 regions, Survivors: 37 regions, predicted eden time: 17.46ms, predicted base time: 1.38ms, target pause time: 200.00ms, remaining time: 181.16ms
[4.673s][debug][gc,ergo       ] GC(100) Running G1 Merge Heap Roots using 10 workers for 263 regions
[4.695s][debug][gc,ergo       ] GC(100) Running G1 Rebuild Free List Task using 10 workers for rebuilding free list of regions
[4.696s][debug][gc,ergo,heap  ] GC(100) Heap expansion: short term pause time ratio 48.21% long term pause time ratio 51.95% threshold 7.69% pause time ratio 7.69% fully expanded true resize by 0B
[4.696s][debug][gc,ergo,refine] GC(100) Concurrent refinement times: Logged Cards Scan time goal: 20.00ms Logged Cards Scan time: 0.18ms HCC time: 0.00ms
[4.696s][trace][gc,ergo,refine] GC(100) Updating Refinement Zones: logged cards scan time: 0.180ms, processed cards: 25, goal time: 19.999ms
[4.696s][debug][gc,ergo,refine] GC(100) Updated Refinement Zones: green: 2560, yellow: 7680, red: 12800
[4.696s][info ][gc,phases     ] GC(100)   Pre Evacuate Collection Set: 0.3ms
[4.696s][info ][gc,phases     ] GC(100)   Merge Heap Roots: 0.2ms
[4.696s][info ][gc,phases     ] GC(100)   Evacuate Collection Set: 21.7ms
[4.696s][info ][gc,phases     ] GC(100)   Post Evacuate Collection Set: 0.7ms
[4.696s][info ][gc,phases     ] GC(100)   Other: 0.2ms
[4.696s][info ][gc,heap       ] GC(100) Eden regions: 226->0(182)
[4.696s][info ][gc,heap       ] GC(100) Survivor regions: 37->33(33)
[4.696s][info ][gc,heap       ] GC(100) Old regions: 445->524
[4.696s][info ][gc,heap       ] GC(100) Archive regions: 0->0
[4.696s][info ][gc,heap       ] GC(100) Humongous regions: 0->0
[4.696s][info ][gc,metaspace  ] GC(100) Metaspace: 6341K(6464K)->6341K(6464K) NonClass: 5794K(5824K)->5794K(5824K) Class: 546K(640K)->546K(640K)
[4.696s][debug][gc,heap       ] GC(100) Heap after GC invocations=101 (full 0):
[4.696s][debug][gc,heap       ] GC(100)  garbage-first heap   total 1048576K, used 569744K [0x00000000c0000000, 0x0000000100000000)
[4.696s][debug][gc,heap       ] GC(100)   region size 1024K, 33 young (33792K), 33 survivors (33792K)
[4.696s][debug][gc,heap       ] GC(100)  Metaspace       used 6341K, committed 6464K, reserved 1114112K
[4.696s][debug][gc,heap       ] GC(100)   class space    used 546K, committed 640K, reserved 1048576K
[4.696s][info ][gc            ] GC(100) Pause Young (Normal) (G1 Evacuation Pause) 707M->556M(1024M) 23.056ms
[4.696s][info ][gc,cpu        ] GC(100) User=0.21s Sys=0.00s Real=0.03s
[4.696s][info ][safepoint     ] Safepoint "G1CollectForAllocation", Time since last: 24690906 ns, Reaching safepoint: 7800 ns, Cleanup: 8000 ns, At safepoint: 23194106 ns, Total: 23209906 ns
[4.718s][debug][gc,heap       ] GC(101) Heap before GC invocations=101 (full 0):
[4.718s][debug][gc,heap       ] GC(101)  garbage-first heap   total 1048576K, used 755088K [0x00000000c0000000, 0x0000000100000000)
[4.718s][debug][gc,heap       ] GC(101)   region size 1024K, 215 young (220160K), 33 survivors (33792K)
[4.718s][debug][gc,heap       ] GC(101)  Metaspace       used 6341K, committed 6464K, reserved 1114112K
[4.718s][debug][gc,heap       ] GC(101)   class space    used 546K, committed 640K, reserved 1048576K
[4.718s][info ][gc,start      ] GC(101) Pause Young (Normal) (G1 Evacuation Pause)
[4.718s][info ][gc,task       ] GC(101) Using 10 workers of 10 for evacuation
[4.718s][trace][gc,ergo,cset  ] GC(101) Start choosing CSet. Pending cards: 51 target pause time: 200.00ms
[4.718s][trace][gc,ergo,cset  ] GC(101) Added young regions to CSet. Eden: 182 regions, Survivors: 33 regions, predicted eden time: 15.44ms, predicted base time: 1.28ms, target pause time: 200.00ms, remaining time: 183.28ms
[4.718s][debug][gc,ergo       ] GC(101) Running G1 Merge Heap Roots using 10 workers for 215 regions
[4.737s][debug][gc,ergo       ] GC(101) Running G1 Rebuild Free List Task using 10 workers for rebuilding free list of regions
[4.737s][debug][gc,ergo,heap  ] GC(101) Heap expansion: short term pause time ratio 47.78% long term pause time ratio 51.17% threshold 7.69% pause time ratio 7.69% fully expanded true resize by 0B
[4.737s][debug][gc,ergo,refine] GC(101) Concurrent refinement times: Logged Cards Scan time goal: 20.00ms Logged Cards Scan time: 0.06ms HCC time: 0.00ms
[4.737s][trace][gc,ergo,refine] GC(101) Updating Refinement Zones: logged cards scan time: 0.060ms, processed cards: 34, goal time: 20.000ms
[4.737s][debug][gc,ergo,refine] GC(101) Updated Refinement Zones: green: 2560, yellow: 7680, red: 12800
[4.737s][info ][gc,phases     ] GC(101)   Pre Evacuate Collection Set: 0.3ms
[4.737s][info ][gc,phases     ] GC(101)   Merge Heap Roots: 0.2ms
[4.737s][info ][gc,phases     ] GC(101)   Evacuate Collection Set: 17.7ms
[4.737s][info ][gc,phases     ] GC(101)   Post Evacuate Collection Set: 0.7ms
[4.737s][info ][gc,phases     ] GC(101)   Other: 0.2ms
[4.737s][info ][gc,heap       ] GC(101) Eden regions: 182->0(150)
[4.737s][info ][gc,heap       ] GC(101) Survivor regions: 33->27(27)
[4.737s][info ][gc,heap       ] GC(101) Old regions: 524->590
[4.737s][info ][gc,heap       ] GC(101) Archive regions: 0->0
[4.737s][info ][gc,heap       ] GC(101) Humongous regions: 0->0
[4.737s][info ][gc,metaspace  ] GC(101) Metaspace: 6341K(6464K)->6341K(6464K) NonClass: 5794K(5824K)->5794K(5824K) Class: 546K(640K)->546K(640K)
[4.737s][debug][gc,heap       ] GC(101) Heap after GC invocations=102 (full 0):
[4.737s][debug][gc,heap       ] GC(101)  garbage-first heap   total 1048576K, used 630884K [0x00000000c0000000, 0x0000000100000000)
[4.737s][debug][gc,heap       ] GC(101)   region size 1024K, 27 young (27648K), 27 survivors (27648K)
[4.737s][debug][gc,heap       ] GC(101)  Metaspace       used 6341K, committed 6464K, reserved 1114112K
[4.737s][debug][gc,heap       ] GC(101)   class space    used 546K, committed 640K, reserved 1048576K
[4.737s][info ][gc            ] GC(101) Pause Young (Normal) (G1 Evacuation Pause) 738M->616M(1024M) 19.006ms
[4.737s][info ][gc,cpu        ] GC(101) User=0.18s Sys=0.00s Real=0.02s
[4.737s][info ][safepoint     ] Safepoint "G1CollectForAllocation", Time since last: 22118305 ns, Reaching safepoint: 7200 ns, Cleanup: 6300 ns, At safepoint: 19133504 ns, Total: 19147004 ns
[4.755s][debug][gc,heap       ] GC(102) Heap before GC invocations=102 (full 0):
[4.755s][debug][gc,heap       ] GC(102)  garbage-first heap   total 1048576K, used 783460K [0x00000000c0000000, 0x0000000100000000)
[4.755s][debug][gc,heap       ] GC(102)   region size 1024K, 177 young (181248K), 27 survivors (27648K)
[4.755s][debug][gc,heap       ] GC(102)  Metaspace       used 6341K, committed 6464K, reserved 1114112K
[4.755s][debug][gc,heap       ] GC(102)   class space    used 546K, committed 640K, reserved 1048576K
[4.755s][info ][gc,start      ] GC(102) Pause Young (Normal) (G1 Evacuation Pause)
[4.755s][info ][gc,task       ] GC(102) Using 10 workers of 10 for evacuation
[4.755s][trace][gc,ergo,cset  ] GC(102) Start choosing CSet. Pending cards: 49 target pause time: 200.00ms
[4.755s][trace][gc,ergo,cset  ] GC(102) Added young regions to CSet. Eden: 150 regions, Survivors: 27 regions, predicted eden time: 13.17ms, predicted base time: 1.16ms, target pause time: 200.00ms, remaining time: 185.67ms
[4.755s][debug][gc,ergo       ] GC(102) Running G1 Merge Heap Roots using 10 workers for 177 regions
[4.772s][debug][gc,ergo       ] GC(102) Running G1 Rebuild Free List Task using 10 workers for rebuilding free list of regions
[4.772s][debug][gc,ergo,heap  ] GC(102) Heap expansion: short term pause time ratio 45.69% long term pause time ratio 50.86% threshold 7.69% pause time ratio 7.69% fully expanded true resize by 0B
[4.772s][debug][gc,ergo,refine] GC(102) Concurrent refinement times: Logged Cards Scan time goal: 20.00ms Logged Cards Scan time: 0.05ms HCC time: 0.00ms
[4.772s][trace][gc,ergo,refine] GC(102) Updating Refinement Zones: logged cards scan time: 0.046ms, processed cards: 24, goal time: 19.999ms
[4.772s][debug][gc,ergo,refine] GC(102) Updated Refinement Zones: green: 2560, yellow: 7680, red: 12800
[4.772s][info ][gc,phases     ] GC(102)   Pre Evacuate Collection Set: 0.3ms
[4.772s][info ][gc,phases     ] GC(102)   Merge Heap Roots: 0.2ms
[4.772s][info ][gc,phases     ] GC(102)   Evacuate Collection Set: 16.0ms
[4.772s][info ][gc,phases     ] GC(102)   Post Evacuate Collection Set: 0.7ms
[4.772s][info ][gc,phases     ] GC(102)   Other: 0.2ms
[4.772s][info ][gc,heap       ] GC(102) Eden regions: 150->0(115)
[4.772s][info ][gc,heap       ] GC(102) Survivor regions: 27->23(23)
[4.772s][info ][gc,heap       ] GC(102) Old regions: 590->653
[4.772s][info ][gc,heap       ] GC(102) Archive regions: 0->0
[4.772s][info ][gc,heap       ] GC(102) Humongous regions: 0->0
[4.772s][info ][gc,metaspace  ] GC(102) Metaspace: 6341K(6464K)->6341K(6464K) NonClass: 5794K(5824K)->5794K(5824K) Class: 546K(640K)->546K(640K)
[4.772s][debug][gc,heap       ] GC(102) Heap after GC invocations=103 (full 0):
[4.772s][debug][gc,heap       ] GC(102)  garbage-first heap   total 1048576K, used 692000K [0x00000000c0000000, 0x0000000100000000)
[4.772s][debug][gc,heap       ] GC(102)   region size 1024K, 23 young (23552K), 23 survivors (23552K)
[4.772s][debug][gc,heap       ] GC(102)  Metaspace       used 6341K, committed 6464K, reserved 1114112K
[4.772s][debug][gc,heap       ] GC(102)   class space    used 546K, committed 640K, reserved 1048576K
[4.772s][info ][gc            ] GC(102) Pause Young (Normal) (G1 Evacuation Pause) 766M->675M(1024M) 17.369ms
[4.772s][info ][gc,cpu        ] GC(102) User=0.16s Sys=0.00s Real=0.01s
[4.772s][info ][safepoint     ] Safepoint "G1CollectForAllocation", Time since last: 17478405 ns, Reaching safepoint: 6500 ns, Cleanup: 5300 ns, At safepoint: 17513604 ns, Total: 17525404 ns
[4.789s][debug][gc,heap       ] GC(103) Heap before GC invocations=103 (full 0):
[4.789s][debug][gc,heap       ] GC(103)  garbage-first heap   total 1048576K, used 808736K [0x00000000c0000000, 0x0000000100000000)
[4.789s][debug][gc,heap       ] GC(103)   region size 1024K, 138 young (141312K), 23 survivors (23552K)
[4.789s][debug][gc,heap       ] GC(103)  Metaspace       used 6341K, committed 6464K, reserved 1114112K
[4.789s][debug][gc,heap       ] GC(103)   class space    used 546K, committed 640K, reserved 1048576K
[4.789s][info ][gc,start      ] GC(103) Pause Young (Normal) (G1 Evacuation Pause)
[4.789s][info ][gc,task       ] GC(103) Using 10 workers of 10 for evacuation
[4.789s][trace][gc,ergo,cset  ] GC(103) Start choosing CSet. Pending cards: 52 target pause time: 200.00ms
[4.789s][trace][gc,ergo,cset  ] GC(103) Added young regions to CSet. Eden: 115 regions, Survivors: 23 regions, predicted eden time: 11.08ms, predicted base time: 1.11ms, target pause time: 200.00ms, remaining time: 187.81ms
[4.790s][debug][gc,ergo       ] GC(103) Running G1 Merge Heap Roots using 10 workers for 138 regions
[4.809s][debug][gc,ergo       ] GC(103) Running G1 Rebuild Free List Task using 10 workers for rebuilding free list of regions
[4.809s][debug][gc,ergo,heap  ] GC(103) Heap expansion: short term pause time ratio 49.17% long term pause time ratio 49.98% threshold 7.69% pause time ratio 7.69% fully expanded true resize by 0B
[4.809s][debug][gc,ergo,ihop  ] GC(103) Request concurrent cycle initiation (occupancy higher than threshold) occupancy: 770703360B allocation request: 0B threshold: 767775772B (71.50) source: end of GC
[4.809s][debug][gc,ergo,refine] GC(103) Concurrent refinement times: Logged Cards Scan time goal: 20.00ms Logged Cards Scan time: 0.82ms HCC time: 0.00ms
[4.809s][trace][gc,ergo,refine] GC(103) Updating Refinement Zones: logged cards scan time: 0.824ms, processed cards: 27, goal time: 19.999ms
[4.809s][debug][gc,ergo,refine] GC(103) Updated Refinement Zones: green: 2560, yellow: 7680, red: 12800
[4.809s][info ][gc,phases     ] GC(103)   Pre Evacuate Collection Set: 0.2ms
[4.809s][info ][gc,phases     ] GC(103)   Merge Heap Roots: 0.2ms
[4.809s][info ][gc,phases     ] GC(103)   Evacuate Collection Set: 18.6ms
[4.809s][info ][gc,phases     ] GC(103)   Post Evacuate Collection Set: 1.0ms
[4.809s][info ][gc,phases     ] GC(103)   Other: 0.3ms
[4.809s][info ][gc,heap       ] GC(103) Eden regions: 115->0(66)
[4.809s][info ][gc,heap       ] GC(103) Survivor regions: 23->18(18)
[4.809s][info ][gc,heap       ] GC(103) Old regions: 653->735
[4.809s][info ][gc,heap       ] GC(103) Archive regions: 0->0
[4.809s][info ][gc,heap       ] GC(103) Humongous regions: 0->0
[4.810s][info ][gc,metaspace  ] GC(103) Metaspace: 6341K(6464K)->6341K(6464K) NonClass: 5794K(5824K)->5794K(5824K) Class: 546K(640K)->546K(640K)
[4.810s][debug][gc,heap       ] GC(103) Heap after GC invocations=104 (full 0):
[4.810s][debug][gc,heap       ] GC(103)  garbage-first heap   total 1048576K, used 770248K [0x00000000c0000000, 0x0000000100000000)
[4.810s][debug][gc,heap       ] GC(103)   region size 1024K, 18 young (18432K), 18 survivors (18432K)
[4.810s][debug][gc,heap       ] GC(103)  Metaspace       used 6341K, committed 6464K, reserved 1114112K
[4.810s][debug][gc,heap       ] GC(103)   class space    used 546K, committed 640K, reserved 1048576K
[4.810s][info ][gc            ] GC(103) Pause Young (Normal) (G1 Evacuation Pause) 790M->752M(1024M) 20.234ms
[4.810s][info ][gc,cpu        ] GC(103) User=0.18s Sys=0.00s Real=0.02s
[4.810s][info ][safepoint     ] Safepoint "G1CollectForAllocation", Time since last: 17013904 ns, Reaching safepoint: 64600 ns, Cleanup: 13700 ns, At safepoint: 20539505 ns, Total: 20617805 ns
[4.817s][debug][gc,heap       ] GC(104) Heap before GC invocations=104 (full 0):
[4.818s][debug][gc,heap       ] GC(104)  garbage-first heap   total 1048576K, used 836808K [0x00000000c0000000, 0x0000000100000000)
[4.818s][debug][gc,heap       ] GC(104)   region size 1024K, 84 young (86016K), 18 survivors (18432K)
[4.818s][debug][gc,heap       ] GC(104)  Metaspace       used 6341K, committed 6464K, reserved 1114112K
[4.818s][debug][gc,heap       ] GC(104)   class space    used 546K, committed 640K, reserved 1048576K
[4.818s][debug][gc,ergo       ] GC(104) Initiate concurrent cycle (concurrent cycle initiation requested)
[4.818s][info ][gc,start      ] GC(104) Pause Young (Concurrent Start) (G1 Evacuation Pause)
[4.818s][info ][gc,task       ] GC(104) Using 10 workers of 10 for evacuation
[4.818s][trace][gc,ergo,cset  ] GC(104) Start choosing CSet. Pending cards: 44 target pause time: 200.00ms
[4.818s][trace][gc,ergo,cset  ] GC(104) Added young regions to CSet. Eden: 66 regions, Survivors: 18 regions, predicted eden time: 8.57ms, predicted base time: 1.25ms, target pause time: 200.00ms, remaining time: 190.18ms
[4.818s][debug][gc,ergo       ] GC(104) Running G1 Merge Heap Roots using 10 workers for 84 regions
[4.832s][debug][gc,ergo       ] GC(104) Running G1 Rebuild Free List Task using 10 workers for rebuilding free list of regions
[4.833s][debug][gc,ergo,heap  ] GC(104) Heap expansion: short term pause time ratio 53.36% long term pause time ratio 50.53% threshold 7.69% pause time ratio 7.69% fully expanded true resize by 0B
[4.833s][debug][gc,ergo,refine] GC(104) Concurrent refinement times: Logged Cards Scan time goal: 20.00ms Logged Cards Scan time: 0.02ms HCC time: 0.00ms
[4.833s][trace][gc,ergo,refine] GC(104) Updating Refinement Zones: logged cards scan time: 0.022ms, processed cards: 27, goal time: 20.000ms
[4.833s][debug][gc,ergo,refine] GC(104) Updated Refinement Zones: green: 2560, yellow: 7680, red: 12800
[4.833s][info ][gc,phases     ] GC(104)   Pre Evacuate Collection Set: 0.3ms
[4.833s][info ][gc,phases     ] GC(104)   Merge Heap Roots: 0.2ms
[4.833s][info ][gc,phases     ] GC(104)   Evacuate Collection Set: 13.8ms
[4.833s][info ][gc,phases     ] GC(104)   Post Evacuate Collection Set: 0.7ms
[4.833s][info ][gc,phases     ] GC(104)   Other: 0.3ms
[4.833s][info ][gc,heap       ] GC(104) Eden regions: 66->0(42)
[4.833s][info ][gc,heap       ] GC(104) Survivor regions: 18->11(11)
[4.833s][info ][gc,heap       ] GC(104) Old regions: 735->791
[4.833s][info ][gc,heap       ] GC(104) Archive regions: 0->0
[4.833s][info ][gc,heap       ] GC(104) Humongous regions: 0->0
[4.833s][info ][gc,metaspace  ] GC(104) Metaspace: 6341K(6464K)->6341K(6464K) NonClass: 5794K(5824K)->5794K(5824K) Class: 546K(640K)->546K(640K)
[4.833s][debug][gc,heap       ] GC(104) Heap after GC invocations=105 (full 0):
[4.833s][debug][gc,heap       ] GC(104)  garbage-first heap   total 1048576K, used 820824K [0x00000000c0000000, 0x0000000100000000)
[4.833s][debug][gc,heap       ] GC(104)   region size 1024K, 11 young (11264K), 11 survivors (11264K)
[4.833s][debug][gc,heap       ] GC(104)  Metaspace       used 6341K, committed 6464K, reserved 1114112K
[4.833s][debug][gc,heap       ] GC(104)   class space    used 546K, committed 640K, reserved 1048576K
[4.833s][info ][gc            ] GC(104) Pause Young (Concurrent Start) (G1 Evacuation Pause) 818M->801M(1024M) 15.251ms
[4.833s][info ][gc,cpu        ] GC(104) User=0.13s Sys=0.00s Real=0.01s
[4.833s][info ][safepoint     ] Safepoint "G1CollectForAllocation", Time since last: 7794002 ns, Reaching safepoint: 6800 ns, Cleanup: 7500 ns, At safepoint: 15395704 ns, Total: 15410004 ns
[4.833s][info ][gc            ] GC(105) Concurrent Mark Cycle
[4.833s][info ][gc,marking    ] GC(105) Concurrent Clear Claimed Marks
[4.833s][info ][gc,marking    ] GC(105) Concurrent Clear Claimed Marks 0.016ms
[4.833s][info ][gc,marking    ] GC(105) Concurrent Scan Root Regions
[4.833s][debug][gc,ergo       ] GC(105) Running G1 Root Region Scan using 3 workers for 68 work units.
[4.833s][info ][gc,marking    ] GC(105) Concurrent Scan Root Regions 0.257ms
[4.833s][info ][gc,marking    ] GC(105) Concurrent Mark
[4.833s][info ][gc,marking    ] GC(105) Concurrent Mark From Roots
[4.833s][info ][gc,task       ] GC(105) Using 3 workers of 3 for marking
[4.837s][info ][gc,marking    ] GC(105) Concurrent Mark From Roots 3.697ms
[4.837s][info ][gc,marking    ] GC(105) Concurrent Preclean
[4.837s][info ][gc,marking    ] GC(105) Concurrent Preclean 0.050ms
[4.837s][info ][gc,start      ] GC(105) Pause Remark
[4.838s][debug][gc,ergo       ] GC(105) Running G1 Update RemSet Tracking Before Rebuild using 3 workers for 1024 regions in heap
[4.839s][info ][gc            ] GC(105) Pause Remark 832M->506M(1024M) 1.770ms
[4.839s][info ][gc,cpu        ] GC(105) User=0.00s Sys=0.00s Real=0.00s
[4.839s][info ][safepoint     ] Safepoint "G1PauseRemark", Time since last: 4263001 ns, Reaching safepoint: 6100 ns, Cleanup: 9300 ns, At safepoint: 1804700 ns, Total: 1820100 ns
[4.839s][info ][gc,marking    ] GC(105) Concurrent Mark 5.804ms
[4.839s][info ][gc,marking    ] GC(105) Concurrent Rebuild Remembered Sets
[4.841s][debug][gc,heap       ] GC(106) Heap before GC invocations=105 (full 0):
[4.841s][debug][gc,heap       ] GC(106)  garbage-first heap   total 1048576K, used 528984K [0x00000000c0000000, 0x0000000100000000)
[4.841s][debug][gc,heap       ] GC(106)   region size 1024K, 53 young (54272K), 11 survivors (11264K)
[4.841s][debug][gc,heap       ] GC(106)  Metaspace       used 6341K, committed 6464K, reserved 1114112K
[4.841s][debug][gc,heap       ] GC(106)   class space    used 546K, committed 640K, reserved 1048576K
[4.841s][info ][gc,start      ] GC(106) Pause Young (Normal) (G1 Evacuation Pause)
[4.841s][info ][gc,task       ] GC(106) Using 10 workers of 10 for evacuation
[4.841s][trace][gc,ergo,cset  ] GC(106) Start choosing CSet. Pending cards: 47 target pause time: 200.00ms
[4.841s][trace][gc,ergo,cset  ] GC(106) Added young regions to CSet. Eden: 42 regions, Survivors: 11 regions, predicted eden time: 6.00ms, predicted base time: 1.17ms, target pause time: 200.00ms, remaining time: 192.83ms
[4.841s][debug][gc,ergo       ] GC(106) Running G1 Merge Heap Roots using 10 workers for 53 regions
[4.851s][debug][gc,ergo       ] GC(106) Running G1 Rebuild Free List Task using 10 workers for rebuilding free list of regions
[4.851s][debug][gc,ergo,heap  ] GC(106) Heap expansion: short term pause time ratio 27.99% long term pause time ratio 51.10% threshold 7.69% pause time ratio 7.69% fully expanded true resize by 0B
[4.851s][debug][gc,ergo,refine] GC(106) Concurrent refinement times: Logged Cards Scan time goal: 20.00ms Logged Cards Scan time: 0.03ms HCC time: 0.00ms
[4.851s][trace][gc,ergo,refine] GC(106) Updating Refinement Zones: logged cards scan time: 0.032ms, processed cards: 30, goal time: 20.000ms
[4.851s][debug][gc,ergo,refine] GC(106) Updated Refinement Zones: green: 2560, yellow: 7680, red: 12800
[4.851s][info ][gc,phases     ] GC(106)   Pre Evacuate Collection Set: 0.2ms
[4.851s][info ][gc,phases     ] GC(106)   Merge Heap Roots: 0.2ms
[4.851s][info ][gc,phases     ] GC(106)   Evacuate Collection Set: 9.5ms
[4.851s][info ][gc,phases     ] GC(106)   Post Evacuate Collection Set: 0.6ms
[4.851s][info ][gc,phases     ] GC(106)   Other: 0.1ms
[4.851s][info ][gc,heap       ] GC(106) Eden regions: 42->0(159)
[4.851s][info ][gc,heap       ] GC(106) Survivor regions: 11->7(7)
[4.851s][info ][gc,heap       ] GC(106) Old regions: 465->506
[4.851s][info ][gc,heap       ] GC(106) Archive regions: 0->0
[4.851s][info ][gc,heap       ] GC(106) Humongous regions: 0->0
[4.851s][info ][gc,metaspace  ] GC(106) Metaspace: 6341K(6464K)->6341K(6464K) NonClass: 5794K(5824K)->5794K(5824K) Class: 546K(640K)->546K(640K)
[4.851s][debug][gc,heap       ] GC(106) Heap after GC invocations=106 (full 0):
[4.851s][debug][gc,heap       ] GC(106)  garbage-first heap   total 1048576K, used 525288K [0x00000000c0000000, 0x0000000100000000)
[4.851s][debug][gc,heap       ] GC(106)   region size 1024K, 7 young (7168K), 7 survivors (7168K)
[4.851s][debug][gc,heap       ] GC(106)  Metaspace       used 6341K, committed 6464K, reserved 1114112K
[4.851s][debug][gc,heap       ] GC(106)   class space    used 546K, committed 640K, reserved 1048576K
[4.851s][info ][gc            ] GC(106) Pause Young (Normal) (G1 Evacuation Pause) 517M->512M(1024M) 10.721ms
[4.851s][info ][gc,cpu        ] GC(106) User=0.09s Sys=0.00s Real=0.01s
[4.851s][info ][safepoint     ] Safepoint "G1CollectForAllocation", Time since last: 1525400 ns, Reaching safepoint: 75901 ns, Cleanup: 3800 ns, At safepoint: 10857202 ns, Total: 10936903 ns
[4.853s][info ][gc,marking    ] GC(105) Concurrent Rebuild Remembered Sets 14.041ms
[4.853s][info ][gc,start      ] GC(105) Pause Cleanup
[4.854s][debug][gc,ergo,cset  ] GC(105) Pruned 118 regions out of 389, leaving 53416344 bytes waste (allowed 53687091)
[4.854s][info ][gc            ] GC(105) Pause Cleanup 520M->520M(1024M) 0.415ms
[4.854s][info ][gc,cpu        ] GC(105) User=0.00s Sys=0.00s Real=0.00s
[4.854s][info ][safepoint     ] Safepoint "G1PauseCleanup", Time since last: 1841901 ns, Reaching safepoint: 6100 ns, Cleanup: 5300 ns, At safepoint: 436400 ns, Total: 447800 ns
[4.854s][info ][gc,marking    ] GC(105) Concurrent Cleanup for Next Mark
[4.854s][debug][gc,ergo       ] GC(105) Running G1 Clear Bitmap with 3 workers for 16 work units.
[4.857s][info ][gc,marking    ] GC(105) Concurrent Cleanup for Next Mark 2.943ms
[4.857s][info ][gc            ] GC(105) Concurrent Mark Cycle 23.981ms
[4.873s][debug][gc,heap       ] GC(107) Heap before GC invocations=107 (full 0):
[4.873s][debug][gc,heap       ] GC(107)  garbage-first heap   total 1048576K, used 687080K [0x00000000c0000000, 0x0000000100000000)
[4.873s][debug][gc,heap       ] GC(107)   region size 1024K, 166 young (169984K), 7 survivors (7168K)
[4.873s][debug][gc,heap       ] GC(107)  Metaspace       used 6341K, committed 6464K, reserved 1114112K
[4.873s][debug][gc,heap       ] GC(107)   class space    used 546K, committed 640K, reserved 1048576K
[4.873s][info ][gc,start      ] GC(107) Pause Young (Prepare Mixed) (G1 Evacuation Pause)
[4.873s][info ][gc,task       ] GC(107) Using 10 workers of 10 for evacuation
[4.873s][trace][gc,ergo,cset  ] GC(107) Start choosing CSet. Pending cards: 39 target pause time: 200.00ms
[4.873s][trace][gc,ergo,cset  ] GC(107) Added young regions to CSet. Eden: 159 regions, Survivors: 7 regions, predicted eden time: 21.83ms, predicted base time: 1.56ms, target pause time: 200.00ms, remaining time: 176.61ms
[4.873s][debug][gc,ergo       ] GC(107) Running G1 Merge Heap Roots using 10 workers for 166 regions
[4.896s][debug][gc,ergo       ] GC(107) Running G1 Rebuild Free List Task using 10 workers for rebuilding free list of regions
[4.896s][debug][gc,ergo,heap  ] GC(107) Heap expansion: short term pause time ratio 15.92% long term pause time ratio 51.39% threshold 7.69% pause time ratio 7.69% fully expanded true resize by 0B
[4.896s][debug][gc,ergo,refine] GC(107) Concurrent refinement times: Logged Cards Scan time goal: 20.00ms Logged Cards Scan time: 0.06ms HCC time: 0.00ms
[4.896s][trace][gc,ergo,refine] GC(107) Updating Refinement Zones: logged cards scan time: 0.060ms, processed cards: 22, goal time: 19.999ms
[4.896s][debug][gc,ergo,refine] GC(107) Updated Refinement Zones: green: 2560, yellow: 7680, red: 12800
[4.896s][info ][gc,phases     ] GC(107)   Pre Evacuate Collection Set: 0.3ms
[4.896s][info ][gc,phases     ] GC(107)   Merge Heap Roots: 0.2ms
[4.896s][info ][gc,phases     ] GC(107)   Evacuate Collection Set: 21.3ms
[4.896s][info ][gc,phases     ] GC(107)   Post Evacuate Collection Set: 0.8ms
[4.896s][info ][gc,phases     ] GC(107)   Other: 0.2ms
[4.896s][info ][gc,heap       ] GC(107) Eden regions: 159->0(30)
[4.896s][info ][gc,heap       ] GC(107) Survivor regions: 7->21(21)
[4.896s][info ][gc,heap       ] GC(107) Old regions: 506->598
[4.896s][info ][gc,heap       ] GC(107) Archive regions: 0->0
[4.896s][info ][gc,heap       ] GC(107) Humongous regions: 0->0
[4.896s][info ][gc,metaspace  ] GC(107) Metaspace: 6341K(6464K)->6341K(6464K) NonClass: 5794K(5824K)->5794K(5824K) Class: 546K(640K)->546K(640K)
[4.896s][debug][gc,heap       ] GC(107) Heap after GC invocations=108 (full 0):
[4.896s][debug][gc,heap       ] GC(107)  garbage-first heap   total 1048576K, used 633732K [0x00000000c0000000, 0x0000000100000000)
[4.896s][debug][gc,heap       ] GC(107)   region size 1024K, 21 young (21504K), 21 survivors (21504K)
[4.896s][debug][gc,heap       ] GC(107)  Metaspace       used 6341K, committed 6464K, reserved 1114112K
[4.896s][debug][gc,heap       ] GC(107)   class space    used 546K, committed 640K, reserved 1048576K
[4.896s][info ][gc            ] GC(107) Pause Young (Prepare Mixed) (G1 Evacuation Pause) 671M->618M(1024M) 22.896ms
[4.896s][info ][gc,cpu        ] GC(107) User=0.18s Sys=0.03s Real=0.03s
[4.896s][info ][safepoint     ] Safepoint "G1CollectForAllocation", Time since last: 19300404 ns, Reaching safepoint: 9700 ns, Cleanup: 6600 ns, At safepoint: 23030306 ns, Total: 23046606 ns
[4.901s][debug][gc,heap       ] GC(108) Heap before GC invocations=108 (full 0):
[4.901s][debug][gc,heap       ] GC(108)  garbage-first heap   total 1048576K, used 663428K [0x00000000c0000000, 0x0000000100000000)
[4.901s][debug][gc,heap       ] GC(108)   region size 1024K, 51 young (52224K), 21 survivors (21504K)
[4.901s][debug][gc,heap       ] GC(108)  Metaspace       used 6341K, committed 6464K, reserved 1114112K
[4.901s][debug][gc,heap       ] GC(108)   class space    used 546K, committed 640K, reserved 1048576K
[4.901s][info ][gc,start      ] GC(108) Pause Young (Mixed) (G1 Evacuation Pause)
[4.901s][info ][gc,task       ] GC(108) Using 10 workers of 10 for evacuation
[4.901s][trace][gc,ergo,cset  ] GC(108) Start choosing CSet. Pending cards: 38 target pause time: 200.00ms
[4.901s][trace][gc,ergo,cset  ] GC(108) Added young regions to CSet. Eden: 30 regions, Survivors: 21 regions, predicted eden time: 5.40ms, predicted base time: 1.34ms, target pause time: 200.00ms, remaining time: 193.27ms
[4.901s][debug][gc,ergo,cset  ] GC(108) Start adding old regions to collection set. Min 34 regions, max 103 regions, time remaining 193.27ms, optional threshold 38.65ms
[4.901s][debug][gc,ergo,cset  ] GC(108) Finish adding old regions to collection set (Maximum number of regions). Initial 103 regions, optional 0 regions
[4.901s][debug][gc,ergo,cset  ] GC(108) Finish choosing collection set old regions. Initial: 103, optional: 0, predicted old time: 0.00ms, predicted optional time: 0.00ms, time remaining: 190.35
[4.902s][debug][gc,ergo       ] GC(108) Running G1 Merge Heap Roots using 10 workers for 154 regions
[4.911s][debug][gc,ergo       ] GC(108) Running G1 Rebuild Free List Task using 10 workers for rebuilding free list of regions
[4.911s][debug][gc,ergo,heap  ] GC(108) Heap expansion: short term pause time ratio 53.82% long term pause time ratio 51.59% threshold 7.69% pause time ratio 7.69% fully expanded true resize by 0B
[4.912s][debug][gc,ergo,refine] GC(108) Concurrent refinement times: Logged Cards Scan time goal: 20.00ms Logged Cards Scan time: 0.01ms HCC time: 0.00ms
[4.912s][trace][gc,ergo,refine] GC(108) Updating Refinement Zones: logged cards scan time: 0.010ms, processed cards: 13, goal time: 19.999ms
[4.912s][debug][gc,ergo,refine] GC(108) Updated Refinement Zones: green: 2560, yellow: 7680, red: 12800
[4.912s][info ][gc,phases     ] GC(108)   Pre Evacuate Collection Set: 0.5ms
[4.912s][info ][gc,phases     ] GC(108)   Merge Heap Roots: 0.2ms
[4.912s][info ][gc,phases     ] GC(108)   Evacuate Collection Set: 8.7ms
[4.912s][info ][gc,phases     ] GC(108)   Post Evacuate Collection Set: 0.9ms
[4.912s][info ][gc,phases     ] GC(108)   Other: 0.5ms
[4.912s][info ][gc,heap       ] GC(108) Eden regions: 30->0(44)
[4.912s][info ][gc,heap       ] GC(108) Survivor regions: 21->7(7)
[4.912s][info ][gc,heap       ] GC(108) Old regions: 598->536
[4.912s][info ][gc,heap       ] GC(108) Archive regions: 0->0
[4.912s][info ][gc,heap       ] GC(108) Humongous regions: 0->0
[4.912s][info ][gc,metaspace  ] GC(108) Metaspace: 6341K(6464K)->6341K(6464K) NonClass: 5794K(5824K)->5794K(5824K) Class: 546K(640K)->546K(640K)
[4.912s][debug][gc,heap       ] GC(108) Heap after GC invocations=109 (full 0):
[4.912s][debug][gc,heap       ] GC(108)  garbage-first heap   total 1048576K, used 555108K [0x00000000c0000000, 0x0000000100000000)
[4.912s][debug][gc,heap       ] GC(108)   region size 1024K, 7 young (7168K), 7 survivors (7168K)
[4.912s][debug][gc,heap       ] GC(108)  Metaspace       used 6341K, committed 6464K, reserved 1114112K
[4.912s][debug][gc,heap       ] GC(108)   class space    used 546K, committed 640K, reserved 1048576K
[4.912s][info ][gc            ] GC(108) Pause Young (Mixed) (G1 Evacuation Pause) 648M->542M(1024M) 10.583ms
[4.912s][info ][gc,cpu        ] GC(108) User=0.08s Sys=0.00s Real=0.01s
[4.912s][info ][safepoint     ] Safepoint "G1CollectForAllocation", Time since last: 4617201 ns, Reaching safepoint: 13400 ns, Cleanup: 19500 ns, At safepoint: 10956003 ns, Total: 10988903 ns
[4.921s][debug][gc,heap       ] GC(109) Heap before GC invocations=109 (full 0):
[4.921s][debug][gc,heap       ] GC(109)  garbage-first heap   total 1048576K, used 599140K [0x00000000c0000000, 0x0000000100000000)
[4.921s][debug][gc,heap       ] GC(109)   region size 1024K, 51 young (52224K), 7 survivors (7168K)
[4.921s][debug][gc,heap       ] GC(109)  Metaspace       used 6341K, committed 6464K, reserved 1114112K
[4.921s][debug][gc,heap       ] GC(109)   class space    used 546K, committed 640K, reserved 1048576K
[4.921s][info ][gc,start      ] GC(109) Pause Young (Mixed) (G1 Evacuation Pause)
[4.921s][info ][gc,task       ] GC(109) Using 10 workers of 10 for evacuation
[4.921s][trace][gc,ergo,cset  ] GC(109) Start choosing CSet. Pending cards: 47 target pause time: 200.00ms
[4.921s][trace][gc,ergo,cset  ] GC(109) Added young regions to CSet. Eden: 44 regions, Survivors: 7 regions, predicted eden time: 7.54ms, predicted base time: 1.61ms, target pause time: 200.00ms, remaining time: 190.85ms
[4.921s][debug][gc,ergo,cset  ] GC(109) Start adding old regions to collection set. Min 34 regions, max 103 regions, time remaining 190.85ms, optional threshold 38.17ms
[4.921s][debug][gc,ergo,cset  ] GC(109) Finish adding old regions to collection set (Maximum number of regions). Initial 103 regions, optional 0 regions
[4.921s][debug][gc,ergo,cset  ] GC(109) Finish choosing collection set old regions. Initial: 103, optional: 0, predicted old time: 0.00ms, predicted optional time: 0.00ms, time remaining: 186.94
[4.921s][debug][gc,ergo       ] GC(109) Running G1 Merge Heap Roots using 10 workers for 154 regions
[4.933s][debug][gc,ergo       ] GC(109) Running G1 Rebuild Free List Task using 10 workers for rebuilding free list of regions
[4.933s][debug][gc,ergo,heap  ] GC(109) Heap expansion: short term pause time ratio 66.35% long term pause time ratio 53.03% threshold 7.69% pause time ratio 7.69% fully expanded true resize by 0B
[4.933s][debug][gc,ergo,refine] GC(109) Concurrent refinement times: Logged Cards Scan time goal: 20.00ms Logged Cards Scan time: 0.23ms HCC time: 0.00ms
[4.933s][trace][gc,ergo,refine] GC(109) Updating Refinement Zones: logged cards scan time: 0.234ms, processed cards: 14, goal time: 19.999ms
[4.933s][debug][gc,ergo,refine] GC(109) Updated Refinement Zones: green: 2560, yellow: 7680, red: 12800
[4.933s][info ][gc,phases     ] GC(109)   Pre Evacuate Collection Set: 0.4ms
[4.933s][info ][gc,phases     ] GC(109)   Merge Heap Roots: 0.2ms
[4.933s][info ][gc,phases     ] GC(109)   Evacuate Collection Set: 10.5ms
[4.933s][info ][gc,phases     ] GC(109)   Post Evacuate Collection Set: 1.2ms
[4.933s][info ][gc,phases     ] GC(109)   Other: 0.4ms
[4.933s][info ][gc,heap       ] GC(109) Eden regions: 44->0(44)
[4.933s][info ][gc,heap       ] GC(109) Survivor regions: 7->7(7)
[4.933s][info ][gc,heap       ] GC(109) Old regions: 536->476
[4.933s][info ][gc,heap       ] GC(109) Archive regions: 0->0
[4.933s][info ][gc,heap       ] GC(109) Humongous regions: 0->0
[4.933s][info ][gc,metaspace  ] GC(109) Metaspace: 6341K(6464K)->6341K(6464K) NonClass: 5794K(5824K)->5794K(5824K) Class: 546K(640K)->546K(640K)
[4.933s][debug][gc,heap       ] GC(109) Heap after GC invocations=110 (full 0):
[4.933s][debug][gc,heap       ] GC(109)  garbage-first heap   total 1048576K, used 494368K [0x00000000c0000000, 0x0000000100000000)
[4.933s][debug][gc,heap       ] GC(109)   region size 1024K, 7 young (7168K), 7 survivors (7168K)
[4.933s][debug][gc,heap       ] GC(109)  Metaspace       used 6341K, committed 6464K, reserved 1114112K
[4.933s][debug][gc,heap       ] GC(109)   class space    used 546K, committed 640K, reserved 1048576K
[4.933s][info ][gc            ] GC(109) Pause Young (Mixed) (G1 Evacuation Pause) 586M->482M(1024M) 12.584ms
[4.933s][info ][gc,cpu        ] GC(109) User=0.10s Sys=0.00s Real=0.02s
[4.933s][info ][safepoint     ] Safepoint "G1CollectForAllocation", Time since last: 8843902 ns, Reaching safepoint: 19900 ns, Cleanup: 17000 ns, At safepoint: 12832303 ns, Total: 12869203 ns
[4.942s][debug][gc,heap       ] GC(110) Heap before GC invocations=110 (full 0):
[4.942s][debug][gc,heap       ] GC(110)  garbage-first heap   total 1048576K, used 538400K [0x00000000c0000000, 0x0000000100000000)
[4.942s][debug][gc,heap       ] GC(110)   region size 1024K, 51 young (52224K), 7 survivors (7168K)
[4.942s][debug][gc,heap       ] GC(110)  Metaspace       used 6341K, committed 6464K, reserved 1114112K
[4.942s][debug][gc,heap       ] GC(110)   class space    used 546K, committed 640K, reserved 1048576K
[4.942s][info ][gc,start      ] GC(110) Pause Young (Mixed) (G1 Evacuation Pause)
[4.942s][info ][gc,task       ] GC(110) Using 10 workers of 10 for evacuation
[4.942s][trace][gc,ergo,cset  ] GC(110) Start choosing CSet. Pending cards: 51 target pause time: 200.00ms
[4.942s][trace][gc,ergo,cset  ] GC(110) Added young regions to CSet. Eden: 44 regions, Survivors: 7 regions, predicted eden time: 7.73ms, predicted base time: 2.36ms, target pause time: 200.00ms, remaining time: 189.92ms
[4.942s][debug][gc,ergo,cset  ] GC(110) Start adding old regions to collection set. Min 34 regions, max 103 regions, time remaining 189.92ms, optional threshold 37.98ms
[4.942s][debug][gc,ergo,cset  ] GC(110) Old candidate collection set empty.
[4.942s][debug][gc,ergo,cset  ] GC(110) Finish choosing collection set old regions. Initial: 65, optional: 0, predicted old time: 0.00ms, predicted optional time: 0.00ms, time remaining: 185.45
[4.943s][debug][gc,ergo       ] GC(110) Running G1 Merge Heap Roots using 10 workers for 116 regions
[4.953s][debug][gc,ergo       ] GC(110) Running G1 Rebuild Free List Task using 10 workers for rebuilding free list of regions
[4.953s][debug][gc,ergo,heap  ] GC(110) Heap expansion: short term pause time ratio 56.97% long term pause time ratio 54.45% threshold 7.69% pause time ratio 7.69% fully expanded true resize by 0B
[4.953s][debug][gc,ergo       ] GC(110) do not continue mixed GCs (candidate old regions not available)
[4.953s][debug][gc,ergo,refine] GC(110) Concurrent refinement times: Logged Cards Scan time goal: 20.00ms Logged Cards Scan time: 0.05ms HCC time: 0.00ms
[4.953s][trace][gc,ergo,refine] GC(110) Updating Refinement Zones: logged cards scan time: 0.049ms, processed cards: 25, goal time: 19.999ms
[4.953s][debug][gc,ergo,refine] GC(110) Updated Refinement Zones: green: 2560, yellow: 7680, red: 12800
[4.953s][info ][gc,phases     ] GC(110)   Pre Evacuate Collection Set: 0.4ms
[4.953s][info ][gc,phases     ] GC(110)   Merge Heap Roots: 0.2ms
[4.953s][info ][gc,phases     ] GC(110)   Evacuate Collection Set: 9.3ms
[4.953s][info ][gc,phases     ] GC(110)   Post Evacuate Collection Set: 0.7ms
[4.953s][info ][gc,phases     ] GC(110)   Other: 0.2ms
[4.953s][info ][gc,heap       ] GC(110) Eden regions: 44->0(178)
[4.953s][info ][gc,heap       ] GC(110) Survivor regions: 7->7(7)
[4.953s][info ][gc,heap       ] GC(110) Old regions: 476->453
[4.953s][info ][gc,heap       ] GC(110) Archive regions: 0->0
[4.953s][info ][gc,heap       ] GC(110) Humongous regions: 0->0
[4.953s][info ][gc,metaspace  ] GC(110) Metaspace: 6341K(6464K)->6341K(6464K) NonClass: 5794K(5824K)->5794K(5824K) Class: 546K(640K)->546K(640K)
[4.953s][debug][gc,heap       ] GC(110) Heap after GC invocations=111 (full 0):
[4.953s][debug][gc,heap       ] GC(110)  garbage-first heap   total 1048576K, used 470716K [0x00000000c0000000, 0x0000000100000000)
[4.953s][debug][gc,heap       ] GC(110)   region size 1024K, 7 young (7168K), 7 survivors (7168K)
[4.953s][debug][gc,heap       ] GC(110)  Metaspace       used 6341K, committed 6464K, reserved 1114112K
[4.953s][debug][gc,heap       ] GC(110)   class space    used 546K, committed 640K, reserved 1048576K
[4.953s][info ][gc            ] GC(110) Pause Young (Mixed) (G1 Evacuation Pause) 526M->459M(1024M) 10.740ms
[4.953s][info ][gc,cpu        ] GC(110) User=0.08s Sys=0.00s Real=0.01s
[4.953s][info ][safepoint     ] Safepoint "G1CollectForAllocation", Time since last: 8787002 ns, Reaching safepoint: 11400 ns, Cleanup: 8300 ns, At safepoint: 10890903 ns, Total: 10910603 ns
[4.976s][debug][gc,heap       ] GC(111) Heap before GC invocations=111 (full 0):
[4.976s][debug][gc,heap       ] GC(111)  garbage-first heap   total 1048576K, used 651964K [0x00000000c0000000, 0x0000000100000000)
[4.976s][debug][gc,heap       ] GC(111)   region size 1024K, 185 young (189440K), 7 survivors (7168K)
[4.976s][debug][gc,heap       ] GC(111)  Metaspace       used 6341K, committed 6464K, reserved 1114112K
[4.976s][debug][gc,heap       ] GC(111)   class space    used 546K, committed 640K, reserved 1048576K
[4.976s][info ][gc,start      ] GC(111) Pause Young (Normal) (G1 Evacuation Pause)
[4.976s][info ][gc,task       ] GC(111) Using 10 workers of 10 for evacuation
[4.976s][trace][gc,ergo,cset  ] GC(111) Start choosing CSet. Pending cards: 29 target pause time: 200.00ms
[4.976s][trace][gc,ergo,cset  ] GC(111) Added young regions to CSet. Eden: 178 regions, Survivors: 7 regions, predicted eden time: 23.86ms, predicted base time: 1.52ms, target pause time: 200.00ms, remaining time: 174.61ms
[4.976s][debug][gc,ergo       ] GC(111) Running G1 Merge Heap Roots using 10 workers for 185 regions
[5.000s][debug][gc,ergo       ] GC(111) Running G1 Rebuild Free List Task using 10 workers for rebuilding free list of regions
[5.001s][debug][gc,ergo,heap  ] GC(111) Heap expansion: short term pause time ratio 53.46% long term pause time ratio 56.03% threshold 7.69% pause time ratio 7.69% fully expanded true resize by 0B
[5.002s][debug][gc,ergo,refine] GC(111) Concurrent refinement times: Logged Cards Scan time goal: 20.00ms Logged Cards Scan time: 0.03ms HCC time: 0.00ms
[5.002s][trace][gc,ergo,refine] GC(111) Updating Refinement Zones: logged cards scan time: 0.025ms, processed cards: 8, goal time: 19.999ms
[5.002s][debug][gc,ergo,refine] GC(111) Updated Refinement Zones: green: 2560, yellow: 7680, red: 12800
[5.002s][info ][gc,phases     ] GC(111)   Pre Evacuate Collection Set: 0.3ms
[5.002s][info ][gc,phases     ] GC(111)   Merge Heap Roots: 0.2ms
[5.002s][info ][gc,phases     ] GC(111)   Evacuate Collection Set: 23.6ms
[5.002s][info ][gc,phases     ] GC(111)   Post Evacuate Collection Set: 1.3ms
[5.002s][info ][gc,phases     ] GC(111)   Other: 0.9ms
[5.002s][info ][gc,heap       ] GC(111) Eden regions: 178->0(128)
[5.002s][info ][gc,heap       ] GC(111) Survivor regions: 7->24(24)
[5.002s][info ][gc,heap       ] GC(111) Old regions: 453->549
[5.002s][info ][gc,heap       ] GC(111) Archive regions: 0->0
[5.002s][info ][gc,heap       ] GC(111) Humongous regions: 0->0
[5.002s][info ][gc,metaspace  ] GC(111) Metaspace: 6341K(6464K)->6341K(6464K) NonClass: 5794K(5824K)->5794K(5824K) Class: 546K(640K)->546K(640K)
[5.002s][debug][gc,heap       ] GC(111) Heap after GC invocations=112 (full 0):
[5.002s][debug][gc,heap       ] GC(111)  garbage-first heap   total 1048576K, used 586428K [0x00000000c0000000, 0x0000000100000000)
[5.002s][debug][gc,heap       ] GC(111)   region size 1024K, 24 young (24576K), 24 survivors (24576K)
[5.002s][debug][gc,heap       ] GC(111)  Metaspace       used 6341K, committed 6464K, reserved 1114112K
[5.002s][debug][gc,heap       ] GC(111)   class space    used 546K, committed 640K, reserved 1048576K
[5.002s][info ][gc            ] GC(111) Pause Young (Normal) (G1 Evacuation Pause) 637M->572M(1024M) 26.197ms
[5.002s][info ][gc,cpu        ] GC(111) User=0.22s Sys=0.01s Real=0.02s
[5.002s][info ][safepoint     ] Safepoint "G1CollectForAllocation", Time since last: 22719605 ns, Reaching safepoint: 7300 ns, Cleanup: 7900 ns, At safepoint: 26325407 ns, Total: 26340607 ns
[5.017s][debug][gc,heap       ] GC(112) Heap before GC invocations=112 (full 0):
[5.017s][debug][gc,heap       ] GC(112)  garbage-first heap   total 1048576K, used 716476K [0x00000000c0000000, 0x0000000100000000)
[5.017s][debug][gc,heap       ] GC(112)   region size 1024K, 152 young (155648K), 24 survivors (24576K)
[5.017s][debug][gc,heap       ] GC(112)  Metaspace       used 6341K, committed 6464K, reserved 1114112K
[5.017s][debug][gc,heap       ] GC(112)   class space    used 546K, committed 640K, reserved 1048576K
[5.017s][info ][gc,start      ] GC(112) Pause Young (Normal) (G1 Evacuation Pause)
[5.017s][info ][gc,task       ] GC(112) Using 10 workers of 10 for evacuation
[5.017s][trace][gc,ergo,cset  ] GC(112) Start choosing CSet. Pending cards: 41 target pause time: 200.00ms
[5.017s][trace][gc,ergo,cset  ] GC(112) Added young regions to CSet. Eden: 128 regions, Survivors: 24 regions, predicted eden time: 18.93ms, predicted base time: 2.03ms, target pause time: 200.00ms, remaining time: 179.04ms
[5.018s][debug][gc,ergo       ] GC(112) Running G1 Merge Heap Roots using 10 workers for 152 regions
[5.038s][debug][gc,ergo       ] GC(112) Running G1 Rebuild Free List Task using 10 workers for rebuilding free list of regions
[5.038s][debug][gc,ergo,heap  ] GC(112) Heap expansion: short term pause time ratio 53.14% long term pause time ratio 56.45% threshold 7.69% pause time ratio 7.69% fully expanded true resize by 0B
[5.038s][debug][gc,ergo,refine] GC(112) Concurrent refinement times: Logged Cards Scan time goal: 20.00ms Logged Cards Scan time: 0.15ms HCC time: 0.00ms
[5.038s][trace][gc,ergo,refine] GC(112) Updating Refinement Zones: logged cards scan time: 0.147ms, processed cards: 32, goal time: 20.000ms
[5.038s][debug][gc,ergo,refine] GC(112) Updated Refinement Zones: green: 2560, yellow: 7680, red: 12800
[5.038s][info ][gc,phases     ] GC(112)   Pre Evacuate Collection Set: 0.2ms
[5.038s][info ][gc,phases     ] GC(112)   Merge Heap Roots: 0.2ms
[5.038s][info ][gc,phases     ] GC(112)   Evacuate Collection Set: 19.6ms
[5.038s][info ][gc,phases     ] GC(112)   Post Evacuate Collection Set: 0.6ms
[5.038s][info ][gc,phases     ] GC(112)   Other: 0.2ms
[5.038s][info ][gc,heap       ] GC(112) Eden regions: 128->0(95)
[5.038s][info ][gc,heap       ] GC(112) Survivor regions: 24->19(19)
[5.038s][info ][gc,heap       ] GC(112) Old regions: 549->635
[5.038s][info ][gc,heap       ] GC(112) Archive regions: 0->0
[5.038s][info ][gc,heap       ] GC(112) Humongous regions: 0->0
[5.038s][info ][gc,metaspace  ] GC(112) Metaspace: 6341K(6464K)->6341K(6464K) NonClass: 5794K(5824K)->5794K(5824K) Class: 546K(640K)->546K(640K)
[5.038s][debug][gc,heap       ] GC(112) Heap after GC invocations=113 (full 0):
[5.038s][debug][gc,heap       ] GC(112)  garbage-first heap   total 1048576K, used 669672K [0x00000000c0000000, 0x0000000100000000)
[5.038s][debug][gc,heap       ] GC(112)   region size 1024K, 19 young (19456K), 19 survivors (19456K)
[5.038s][debug][gc,heap       ] GC(112)  Metaspace       used 6341K, committed 6464K, reserved 1114112K
[5.038s][debug][gc,heap       ] GC(112)   class space    used 546K, committed 640K, reserved 1048576K
[5.038s][info ][gc            ] GC(112) Pause Young (Normal) (G1 Evacuation Pause) 700M->653M(1024M) 20.780ms
[5.038s][info ][gc,cpu        ] GC(112) User=0.19s Sys=0.00s Real=0.02s
[5.038s][info ][safepoint     ] Safepoint "G1CollectForAllocation", Time since last: 15202903 ns, Reaching safepoint: 16100 ns, Cleanup: 22500 ns, At safepoint: 20925505 ns, Total: 20964105 ns
[5.044s][debug][gc,heap       ] GC(113) Heap before GC invocations=113 (full 0):
[5.045s][debug][gc,heap       ] GC(113)  garbage-first heap   total 1048576K, used 765928K [0x00000000c0000000, 0x0000000100000000)
[5.045s][debug][gc,heap       ] GC(113)   region size 1024K, 114 young (116736K), 19 survivors (19456K)
[5.045s][debug][gc,heap       ] GC(113)  Metaspace       used 6341K, committed 6464K, reserved 1114112K
[5.045s][debug][gc,heap       ] GC(113)   class space    used 546K, committed 640K, reserved 1048576K
[5.045s][info ][gc,start      ] GC(113) Pause Young (Normal) (G1 Evacuation Pause)
[5.045s][info ][gc,task       ] GC(113) Using 10 workers of 10 for evacuation
[5.045s][trace][gc,ergo,cset  ] GC(113) Start choosing CSet. Pending cards: 36 target pause time: 200.00ms
[5.045s][trace][gc,ergo,cset  ] GC(113) Added young regions to CSet. Eden: 95 regions, Survivors: 19 regions, predicted eden time: 14.75ms, predicted base time: 1.70ms, target pause time: 200.00ms, remaining time: 183.55ms
[5.045s][debug][gc,ergo       ] GC(113) Running G1 Merge Heap Roots using 10 workers for 114 regions
[5.064s][debug][gc,ergo       ] GC(113) Running G1 Rebuild Free List Task using 10 workers for rebuilding free list of regions
[5.064s][debug][gc,ergo,heap  ] GC(113) Heap expansion: short term pause time ratio 57.12% long term pause time ratio 57.07% threshold 7.69% pause time ratio 7.69% fully expanded true resize by 0B
[5.064s][debug][gc,ergo,refine] GC(113) Concurrent refinement times: Logged Cards Scan time goal: 20.00ms Logged Cards Scan time: 0.05ms HCC time: 0.00ms
[5.064s][trace][gc,ergo,refine] GC(113) Updating Refinement Zones: logged cards scan time: 0.054ms, processed cards: 12, goal time: 19.999ms
[5.064s][debug][gc,ergo,refine] GC(113) Updated Refinement Zones: green: 2560, yellow: 7680, red: 12800
[5.064s][info ][gc,phases     ] GC(113)   Pre Evacuate Collection Set: 0.4ms
[5.064s][info ][gc,phases     ] GC(113)   Merge Heap Roots: 0.2ms
[5.064s][info ][gc,phases     ] GC(113)   Evacuate Collection Set: 18.1ms
[5.064s][info ][gc,phases     ] GC(113)   Post Evacuate Collection Set: 0.7ms
[5.064s][info ][gc,phases     ] GC(113)   Other: 0.2ms
[5.064s][info ][gc,heap       ] GC(113) Eden regions: 95->0(68)
[5.064s][info ][gc,heap       ] GC(113) Survivor regions: 19->15(15)
[5.064s][info ][gc,heap       ] GC(113) Old regions: 635->707
[5.064s][info ][gc,heap       ] GC(113) Archive regions: 0->0
[5.064s][info ][gc,heap       ] GC(113) Humongous regions: 0->0
[5.064s][info ][gc,metaspace  ] GC(113) Metaspace: 6341K(6464K)->6341K(6464K) NonClass: 5794K(5824K)->5794K(5824K) Class: 546K(640K)->546K(640K)
[5.064s][debug][gc,heap       ] GC(113) Heap after GC invocations=114 (full 0):
[5.064s][debug][gc,heap       ] GC(113)  garbage-first heap   total 1048576K, used 739004K [0x00000000c0000000, 0x0000000100000000)
[5.064s][debug][gc,heap       ] GC(113)   region size 1024K, 15 young (15360K), 15 survivors (15360K)
[5.064s][debug][gc,heap       ] GC(113)  Metaspace       used 6341K, committed 6464K, reserved 1114112K
[5.064s][debug][gc,heap       ] GC(113)   class space    used 546K, committed 640K, reserved 1048576K
[5.064s][info ][gc            ] GC(113) Pause Young (Normal) (G1 Evacuation Pause) 748M->721M(1024M) 19.593ms
[5.064s][info ][gc,cpu        ] GC(113) User=0.17s Sys=0.00s Real=0.02s
[5.064s][info ][safepoint     ] Safepoint "G1CollectForAllocation", Time since last: 6177802 ns, Reaching safepoint: 4600 ns, Cleanup: 5000 ns, At safepoint: 19701105 ns, Total: 19710705 ns
[5.082s][debug][gc,heap       ] GC(114) Heap before GC invocations=114 (full 0):
[5.082s][debug][gc,heap       ] GC(114)  garbage-first heap   total 1048576K, used 807612K [0x00000000c0000000, 0x0000000100000000)
[5.082s][debug][gc,heap       ] GC(114)   region size 1024K, 83 young (84992K), 15 survivors (15360K)
[5.082s][debug][gc,heap       ] GC(114)  Metaspace       used 6341K, committed 6464K, reserved 1114112K
[5.082s][debug][gc,heap       ] GC(114)   class space    used 546K, committed 640K, reserved 1048576K
[5.082s][info ][gc,start      ] GC(114) Pause Young (Normal) (G1 Evacuation Pause)
[5.082s][info ][gc,task       ] GC(114) Using 10 workers of 10 for evacuation
[5.082s][trace][gc,ergo,cset  ] GC(114) Start choosing CSet. Pending cards: 32 target pause time: 200.00ms
[5.082s][trace][gc,ergo,cset  ] GC(114) Added young regions to CSet. Eden: 68 regions, Survivors: 15 regions, predicted eden time: 11.77ms, predicted base time: 1.60ms, target pause time: 200.00ms, remaining time: 186.63ms
[5.083s][debug][gc,ergo       ] GC(114) Running G1 Merge Heap Roots using 10 workers for 83 regions
[5.099s][debug][gc,ergo       ] GC(114) Running G1 Rebuild Free List Task using 10 workers for rebuilding free list of regions
[5.100s][debug][gc,ergo,heap  ] GC(114) Heap expansion: short term pause time ratio 75.13% long term pause time ratio 58.30% threshold 7.69% pause time ratio 7.69% fully expanded true resize by 0B
[5.100s][debug][gc,ergo,refine] GC(114) Concurrent refinement times: Logged Cards Scan time goal: 20.00ms Logged Cards Scan time: 0.76ms HCC time: 0.00ms
[5.100s][trace][gc,ergo,refine] GC(114) Updating Refinement Zones: logged cards scan time: 0.765ms, processed cards: 15, goal time: 19.999ms
[5.100s][debug][gc,ergo,refine] GC(114) Updated Refinement Zones: green: 2560, yellow: 7680, red: 12800
[5.100s][info ][gc,phases     ] GC(114)   Pre Evacuate Collection Set: 0.4ms
[5.100s][info ][gc,phases     ] GC(114)   Merge Heap Roots: 0.2ms
[5.100s][info ][gc,phases     ] GC(114)   Evacuate Collection Set: 15.3ms
[5.100s][info ][gc,phases     ] GC(114)   Post Evacuate Collection Set: 1.4ms
[5.100s][info ][gc,phases     ] GC(114)   Other: 0.4ms
[5.100s][info ][gc,heap       ] GC(114) Eden regions: 68->0(48)
[5.100s][info ][gc,heap       ] GC(114) Survivor regions: 15->11(11)
[5.100s][info ][gc,heap       ] GC(114) Old regions: 707->764
[5.100s][info ][gc,heap       ] GC(114) Archive regions: 0->0
[5.100s][info ][gc,heap       ] GC(114) Humongous regions: 0->0
[5.100s][info ][gc,metaspace  ] GC(114) Metaspace: 6341K(6464K)->6341K(6464K) NonClass: 5794K(5824K)->5794K(5824K) Class: 546K(640K)->546K(640K)
[5.100s][debug][gc,heap       ] GC(114) Heap after GC invocations=115 (full 0):
[5.100s][debug][gc,heap       ] GC(114)  garbage-first heap   total 1048576K, used 793176K [0x00000000c0000000, 0x0000000100000000)
[5.100s][debug][gc,heap       ] GC(114)   region size 1024K, 11 young (11264K), 11 survivors (11264K)
[5.100s][debug][gc,heap       ] GC(114)  Metaspace       used 6341K, committed 6464K, reserved 1114112K
[5.100s][debug][gc,heap       ] GC(114)   class space    used 546K, committed 640K, reserved 1048576K
[5.100s][info ][gc            ] GC(114) Pause Young (Normal) (G1 Evacuation Pause) 789M->774M(1024M) 17.609ms
[5.100s][info ][gc,cpu        ] GC(114) User=0.14s Sys=0.00s Real=0.02s
[5.100s][info ][safepoint     ] Safepoint "G1CollectForAllocation", Time since last: 17765904 ns, Reaching safepoint: 17500 ns, Cleanup: 12400 ns, At safepoint: 17866304 ns, Total: 17896204 ns
[5.109s][debug][gc,heap       ] GC(115) Heap before GC invocations=115 (full 0):
[5.110s][debug][gc,heap       ] GC(115)  garbage-first heap   total 1048576K, used 841304K [0x00000000c0000000, 0x0000000100000000)
[5.110s][debug][gc,heap       ] GC(115)   region size 1024K, 59 young (60416K), 11 survivors (11264K)
[5.110s][debug][gc,heap       ] GC(115)  Metaspace       used 6341K, committed 6464K, reserved 1114112K
[5.110s][debug][gc,heap       ] GC(115)   class space    used 546K, committed 640K, reserved 1048576K
[5.110s][info ][gc,start      ] GC(115) Pause Young (Normal) (G1 Evacuation Pause)
[5.110s][info ][gc,task       ] GC(115) Using 10 workers of 10 for evacuation
[5.110s][trace][gc,ergo,cset  ] GC(115) Start choosing CSet. Pending cards: 39 target pause time: 200.00ms
[5.110s][trace][gc,ergo,cset  ] GC(115) Added young regions to CSet. Eden: 48 regions, Survivors: 11 regions, predicted eden time: 8.79ms, predicted base time: 1.98ms, target pause time: 200.00ms, remaining time: 189.23ms
[5.110s][debug][gc,ergo       ] GC(115) Running G1 Merge Heap Roots using 10 workers for 59 regions
[5.127s][debug][gc,ergo       ] GC(115) Running G1 Rebuild Free List Task using 10 workers for rebuilding free list of regions
[5.127s][debug][gc,ergo,heap  ] GC(115) Heap expansion: short term pause time ratio 48.80% long term pause time ratio 57.73% threshold 7.69% pause time ratio 7.69% fully expanded true resize by 0B
[5.128s][debug][gc,ergo,refine] GC(115) Concurrent refinement times: Logged Cards Scan time goal: 20.00ms Logged Cards Scan time: 0.02ms HCC time: 0.00ms
[5.128s][trace][gc,ergo,refine] GC(115) Updating Refinement Zones: logged cards scan time: 0.025ms, processed cards: 22, goal time: 19.999ms
[5.128s][debug][gc,ergo,refine] GC(115) Updated Refinement Zones: green: 2560, yellow: 7680, red: 12800
[5.128s][info ][gc,phases     ] GC(115)   Pre Evacuate Collection Set: 0.3ms
[5.128s][info ][gc,phases     ] GC(115)   Merge Heap Roots: 0.2ms
[5.128s][info ][gc,phases     ] GC(115)   Evacuate Collection Set: 15.8ms
[5.128s][info ][gc,phases     ] GC(115)   Post Evacuate Collection Set: 1.4ms
[5.128s][info ][gc,phases     ] GC(115)   Other: 0.5ms
[5.128s][info ][gc,heap       ] GC(115) Eden regions: 48->0(43)
[5.128s][info ][gc,heap       ] GC(115) Survivor regions: 11->8(8)
[5.128s][info ][gc,heap       ] GC(115) Old regions: 764->808
[5.128s][info ][gc,heap       ] GC(115) Archive regions: 0->0
[5.128s][info ][gc,heap       ] GC(115) Humongous regions: 0->0
[5.128s][info ][gc,metaspace  ] GC(115) Metaspace: 6341K(6464K)->6341K(6464K) NonClass: 5794K(5824K)->5794K(5824K) Class: 546K(640K)->546K(640K)
[5.128s][debug][gc,heap       ] GC(115) Heap after GC invocations=116 (full 0):
[5.128s][debug][gc,heap       ] GC(115)  garbage-first heap   total 1048576K, used 835060K [0x00000000c0000000, 0x0000000100000000)
[5.128s][debug][gc,heap       ] GC(115)   region size 1024K, 8 young (8192K), 8 survivors (8192K)
[5.128s][debug][gc,heap       ] GC(115)  Metaspace       used 6341K, committed 6464K, reserved 1114112K
[5.128s][debug][gc,heap       ] GC(115)   class space    used 546K, committed 640K, reserved 1048576K
[5.128s][info ][gc            ] GC(115) Pause Young (Normal) (G1 Evacuation Pause) 822M->815M(1024M) 18.096ms
[5.128s][info ][gc,cpu        ] GC(115) User=0.15s Sys=0.00s Real=0.02s
[5.128s][info ][safepoint     ] Safepoint "G1CollectForAllocation", Time since last: 9607802 ns, Reaching safepoint: 12800 ns, Cleanup: 13700 ns, At safepoint: 18362105 ns, Total: 18388605 ns
[5.136s][debug][gc,heap       ] GC(116) Heap before GC invocations=116 (full 0):
[5.136s][debug][gc,heap       ] GC(116)  garbage-first heap   total 1048576K, used 878068K [0x00000000c0000000, 0x0000000100000000)
[5.136s][debug][gc,heap       ] GC(116)   region size 1024K, 51 young (52224K), 8 survivors (8192K)
[5.136s][debug][gc,heap       ] GC(116)  Metaspace       used 6341K, committed 6464K, reserved 1114112K
[5.136s][debug][gc,heap       ] GC(116)   class space    used 546K, committed 640K, reserved 1048576K
[5.136s][info ][gc,start      ] GC(116) Pause Young (Normal) (G1 Evacuation Pause)
[5.136s][info ][gc,task       ] GC(116) Using 10 workers of 10 for evacuation
[5.137s][trace][gc,ergo,cset  ] GC(116) Start choosing CSet. Pending cards: 32 target pause time: 200.00ms
[5.137s][trace][gc,ergo,cset  ] GC(116) Added young regions to CSet. Eden: 43 regions, Survivors: 8 regions, predicted eden time: 10.07ms, predicted base time: 1.75ms, target pause time: 200.00ms, remaining time: 188.19ms
[5.137s][debug][gc,ergo       ] GC(116) Running G1 Merge Heap Roots using 10 workers for 51 regions
[5.152s][debug][gc,ergo       ] GC(116) Running G1 Rebuild Free List Task using 10 workers for rebuilding free list of regions
[5.153s][debug][gc,ergo,heap  ] GC(116) Heap expansion: short term pause time ratio 63.98% long term pause time ratio 57.10% threshold 7.69% pause time ratio 7.69% fully expanded true resize by 0B
[5.153s][debug][gc,ergo,ihop  ] GC(116) Request concurrent cycle initiation (occupancy higher than threshold) occupancy: 887095296B allocation request: 0B threshold: 859048031B (80.01) source: end of GC
[5.153s][debug][gc,ergo,refine] GC(116) Concurrent refinement times: Logged Cards Scan time goal: 20.00ms Logged Cards Scan time: 0.02ms HCC time: 0.00ms
[5.153s][trace][gc,ergo,refine] GC(116) Updating Refinement Zones: logged cards scan time: 0.019ms, processed cards: 20, goal time: 20.000ms
[5.153s][debug][gc,ergo,refine] GC(116) Updated Refinement Zones: green: 2560, yellow: 7680, red: 12800
[5.153s][info ][gc,phases     ] GC(116)   Pre Evacuate Collection Set: 0.3ms
[5.153s][info ][gc,phases     ] GC(116)   Merge Heap Roots: 0.2ms
[5.153s][info ][gc,phases     ] GC(116)   Evacuate Collection Set: 14.5ms
[5.153s][info ][gc,phases     ] GC(116)   Post Evacuate Collection Set: 1.0ms
[5.153s][info ][gc,phases     ] GC(116)   Other: 0.7ms
[5.153s][info ][gc,heap       ] GC(116) Eden regions: 43->0(44)
[5.153s][info ][gc,heap       ] GC(116) Survivor regions: 8->7(7)
[5.153s][info ][gc,heap       ] GC(116) Old regions: 808->846
[5.153s][info ][gc,heap       ] GC(116) Archive regions: 0->0
[5.153s][info ][gc,heap       ] GC(116) Humongous regions: 0->0
[5.153s][info ][gc,metaspace  ] GC(116) Metaspace: 6341K(6464K)->6341K(6464K) NonClass: 5794K(5824K)->5794K(5824K) Class: 546K(640K)->546K(640K)
[5.153s][debug][gc,heap       ] GC(116) Heap after GC invocations=117 (full 0):
[5.153s][debug][gc,heap       ] GC(116)  garbage-first heap   total 1048576K, used 872748K [0x00000000c0000000, 0x0000000100000000)
[5.153s][debug][gc,heap       ] GC(116)   region size 1024K, 7 young (7168K), 7 survivors (7168K)
[5.153s][debug][gc,heap       ] GC(116)  Metaspace       used 6341K, committed 6464K, reserved 1114112K
[5.153s][debug][gc,heap       ] GC(116)   class space    used 546K, committed 640K, reserved 1048576K
[5.153s][info ][gc            ] GC(116) Pause Young (Normal) (G1 Evacuation Pause) 858M->852M(1024M) 16.738ms
[5.153s][info ][gc,cpu        ] GC(116) User=0.13s Sys=0.00s Real=0.02s
[5.153s][info ][safepoint     ] Safepoint "G1CollectForAllocation", Time since last: 8510702 ns, Reaching safepoint: 11200 ns, Cleanup: 9500 ns, At safepoint: 16970604 ns, Total: 16991304 ns
[5.157s][debug][gc,heap       ] GC(117) Heap before GC invocations=117 (full 0):
[5.157s][debug][gc,heap       ] GC(117)  garbage-first heap   total 1048576K, used 916780K [0x00000000c0000000, 0x0000000100000000)
[5.157s][debug][gc,heap       ] GC(117)   region size 1024K, 51 young (52224K), 7 survivors (7168K)
[5.157s][debug][gc,heap       ] GC(117)  Metaspace       used 6341K, committed 6464K, reserved 1114112K
[5.157s][debug][gc,heap       ] GC(117)   class space    used 546K, committed 640K, reserved 1048576K
[5.157s][debug][gc,ergo       ] GC(117) Initiate concurrent cycle (concurrent cycle initiation requested)
[5.157s][info ][gc,start      ] GC(117) Pause Young (Concurrent Start) (G1 Evacuation Pause)
[5.157s][info ][gc,task       ] GC(117) Using 10 workers of 10 for evacuation
[5.157s][trace][gc,ergo,cset  ] GC(117) Start choosing CSet. Pending cards: 32 target pause time: 200.00ms
[5.157s][trace][gc,ergo,cset  ] GC(117) Added young regions to CSet. Eden: 44 regions, Survivors: 7 regions, predicted eden time: 11.56ms, predicted base time: 1.57ms, target pause time: 200.00ms, remaining time: 186.87ms
[5.157s][debug][gc,ergo       ] GC(117) Running G1 Merge Heap Roots using 10 workers for 51 regions
[5.166s][debug][gc,ergo       ] GC(117) Running G1 Rebuild Free List Task using 10 workers for rebuilding free list of regions
[5.166s][debug][gc,ergo,heap  ] GC(117) Heap expansion: short term pause time ratio 64.04% long term pause time ratio 58.02% threshold 7.69% pause time ratio 7.69% fully expanded true resize by 0B
[5.166s][debug][gc,ergo,refine] GC(117) Concurrent refinement times: Logged Cards Scan time goal: 20.00ms Logged Cards Scan time: 0.05ms HCC time: 0.00ms
[5.166s][trace][gc,ergo,refine] GC(117) Updating Refinement Zones: logged cards scan time: 0.046ms, processed cards: 23, goal time: 20.000ms
[5.166s][debug][gc,ergo,refine] GC(117) Updated Refinement Zones: green: 2560, yellow: 7680, red: 12800
[5.167s][info ][gc,phases     ] GC(117)   Pre Evacuate Collection Set: 0.3ms
[5.167s][info ][gc,phases     ] GC(117)   Merge Heap Roots: 0.2ms
[5.167s][info ][gc,phases     ] GC(117)   Evacuate Collection Set: 8.6ms
[5.167s][info ][gc,phases     ] GC(117)   Post Evacuate Collection Set: 0.6ms
[5.167s][info ][gc,phases     ] GC(117)   Other: 0.2ms
[5.167s][info ][gc,heap       ] GC(117) Eden regions: 44->0(44)
[5.167s][info ][gc,heap       ] GC(117) Survivor regions: 7->7(7)
[5.167s][info ][gc,heap       ] GC(117) Old regions: 846->883
[5.167s][info ][gc,heap       ] GC(117) Archive regions: 0->0
[5.167s][info ][gc,heap       ] GC(117) Humongous regions: 0->0
[5.167s][info ][gc,metaspace  ] GC(117) Metaspace: 6341K(6464K)->6341K(6464K) NonClass: 5794K(5824K)->5794K(5824K) Class: 546K(640K)->546K(640K)
[5.167s][debug][gc,heap       ] GC(117) Heap after GC invocations=118 (full 0):
[5.167s][debug][gc,heap       ] GC(117)  garbage-first heap   total 1048576K, used 910836K [0x00000000c0000000, 0x0000000100000000)
[5.167s][debug][gc,heap       ] GC(117)   region size 1024K, 7 young (7168K), 7 survivors (7168K)
[5.167s][debug][gc,heap       ] GC(117)  Metaspace       used 6341K, committed 6464K, reserved 1114112K
[5.167s][debug][gc,heap       ] GC(117)   class space    used 546K, committed 640K, reserved 1048576K
[5.167s][info ][gc            ] GC(117) Pause Young (Concurrent Start) (G1 Evacuation Pause) 896M->889M(1024M) 10.023ms
[5.167s][info ][gc,cpu        ] GC(117) User=0.08s Sys=0.00s Real=0.01s
[5.167s][info ][safepoint     ] Safepoint "G1CollectForAllocation", Time since last: 3274001 ns, Reaching safepoint: 4900 ns, Cleanup: 4900 ns, At safepoint: 10169302 ns, Total: 10179102 ns
[5.167s][info ][gc            ] GC(118) Concurrent Mark Cycle
[5.167s][info ][gc,marking    ] GC(118) Concurrent Clear Claimed Marks
[5.167s][info ][gc,marking    ] GC(118) Concurrent Clear Claimed Marks 0.016ms
[5.167s][info ][gc,marking    ] GC(118) Concurrent Scan Root Regions
[5.167s][debug][gc,ergo       ] GC(118) Running G1 Root Region Scan using 3 workers for 45 work units.
[5.167s][info ][gc,marking    ] GC(118) Concurrent Scan Root Regions 0.195ms
[5.167s][info ][gc,marking    ] GC(118) Concurrent Mark
[5.167s][info ][gc,marking    ] GC(118) Concurrent Mark From Roots
[5.167s][info ][gc,task       ] GC(118) Using 3 workers of 3 for marking
[5.172s][info ][gc,marking    ] GC(118) Concurrent Mark From Roots 4.578ms
[5.172s][info ][gc,marking    ] GC(118) Concurrent Preclean
[5.172s][info ][gc,marking    ] GC(118) Concurrent Preclean 0.056ms
[5.172s][info ][gc,start      ] GC(118) Pause Remark
[5.173s][debug][gc,ergo       ] GC(118) Running G1 Update RemSet Tracking Before Rebuild using 3 workers for 1024 regions in heap
[5.173s][info ][gc            ] GC(118) Pause Remark 922M->535M(1024M) 1.515ms
[5.174s][info ][gc,cpu        ] GC(118) User=0.00s Sys=0.00s Real=0.01s
[5.174s][info ][safepoint     ] Safepoint "G1PauseRemark", Time since last: 5083502 ns, Reaching safepoint: 94000 ns, Cleanup: 10000 ns, At safepoint: 1570300 ns, Total: 1674300 ns
[5.174s][info ][gc,marking    ] GC(118) Concurrent Mark 6.528ms
[5.174s][info ][gc,marking    ] GC(118) Concurrent Rebuild Remembered Sets
[5.177s][debug][gc,heap       ] GC(119) Heap before GC invocations=118 (full 0):
[5.177s][debug][gc,heap       ] GC(119)  garbage-first heap   total 1048576K, used 558580K [0x00000000c0000000, 0x0000000100000000)
[5.177s][debug][gc,heap       ] GC(119)   region size 1024K, 51 young (52224K), 7 survivors (7168K)
[5.177s][debug][gc,heap       ] GC(119)  Metaspace       used 6341K, committed 6464K, reserved 1114112K
[5.177s][debug][gc,heap       ] GC(119)   class space    used 546K, committed 640K, reserved 1048576K
[5.177s][info ][gc,start      ] GC(119) Pause Young (Normal) (G1 Evacuation Pause)
[5.177s][info ][gc,task       ] GC(119) Using 10 workers of 10 for evacuation
[5.177s][trace][gc,ergo,cset  ] GC(119) Start choosing CSet. Pending cards: 52 target pause time: 200.00ms
[5.177s][trace][gc,ergo,cset  ] GC(119) Added young regions to CSet. Eden: 44 regions, Survivors: 7 regions, predicted eden time: 7.55ms, predicted base time: 1.42ms, target pause time: 200.00ms, remaining time: 191.03ms
[5.178s][debug][gc,ergo       ] GC(119) Running G1 Merge Heap Roots using 10 workers for 51 regions
[5.188s][debug][gc,ergo       ] GC(119) Running G1 Rebuild Free List Task using 10 workers for rebuilding free list of regions
[5.189s][debug][gc,ergo,heap  ] GC(119) Heap expansion: short term pause time ratio 21.22% long term pause time ratio 57.86% threshold 7.69% pause time ratio 7.69% fully expanded true resize by 0B
[5.189s][debug][gc,ergo,refine] GC(119) Concurrent refinement times: Logged Cards Scan time goal: 20.00ms Logged Cards Scan time: 0.06ms HCC time: 0.00ms
[5.189s][trace][gc,ergo,refine] GC(119) Updating Refinement Zones: logged cards scan time: 0.057ms, processed cards: 33, goal time: 19.998ms
[5.189s][debug][gc,ergo,refine] GC(119) Updated Refinement Zones: green: 2560, yellow: 7680, red: 12800
[5.189s][info ][gc,phases     ] GC(119)   Pre Evacuate Collection Set: 0.4ms
[5.189s][info ][gc,phases     ] GC(119)   Merge Heap Roots: 0.3ms
[5.189s][info ][gc,phases     ] GC(119)   Evacuate Collection Set: 9.8ms
[5.189s][info ][gc,phases     ] GC(119)   Post Evacuate Collection Set: 0.7ms
[5.189s][info ][gc,phases     ] GC(119)   Other: 0.5ms
[5.189s][info ][gc,heap       ] GC(119) Eden regions: 44->0(127)
[5.189s][info ][gc,heap       ] GC(119) Survivor regions: 7->7(7)
[5.189s][info ][gc,heap       ] GC(119) Old regions: 496->536
[5.189s][info ][gc,heap       ] GC(119) Archive regions: 0->0
[5.189s][info ][gc,heap       ] GC(119) Humongous regions: 0->0
[5.189s][info ][gc,metaspace  ] GC(119) Metaspace: 6341K(6464K)->6341K(6464K) NonClass: 5794K(5824K)->5794K(5824K) Class: 546K(640K)->546K(640K)
[5.189s][debug][gc,heap       ] GC(119) Heap after GC invocations=119 (full 0):
[5.189s][debug][gc,heap       ] GC(119)  garbage-first heap   total 1048576K, used 555308K [0x00000000c0000000, 0x0000000100000000)
[5.189s][debug][gc,heap       ] GC(119)   region size 1024K, 7 young (7168K), 7 survivors (7168K)
[5.189s][debug][gc,heap       ] GC(119)  Metaspace       used 6341K, committed 6464K, reserved 1114112K
[5.189s][debug][gc,heap       ] GC(119)   class space    used 546K, committed 640K, reserved 1048576K
[5.189s][info ][gc            ] GC(119) Pause Young (Normal) (G1 Evacuation Pause) 546M->542M(1024M) 11.506ms
[5.189s][info ][gc,cpu        ] GC(119) User=0.09s Sys=0.00s Real=0.01s
[5.189s][info ][safepoint     ] Safepoint "G1CollectForAllocation", Time since last: 3390801 ns, Reaching safepoint: 111600 ns, Cleanup: 18200 ns, At safepoint: 11899803 ns, Total: 12029603 ns
[5.190s][info ][gc,marking    ] GC(118) Concurrent Rebuild Remembered Sets 16.133ms
[5.190s][info ][gc,start      ] GC(118) Pause Cleanup
[5.190s][debug][gc,ergo,cset  ] GC(118) Pruned 126 regions out of 440, leaving 53304424 bytes waste (allowed 53687091)
[5.190s][info ][gc            ] GC(118) Pause Cleanup 552M->552M(1024M) 0.348ms
[5.190s][info ][gc,cpu        ] GC(118) User=0.00s Sys=0.00s Real=0.00s
[5.190s][info ][safepoint     ] Safepoint "G1PauseCleanup", Time since last: 861700 ns, Reaching safepoint: 3300 ns, Cleanup: 3200 ns, At safepoint: 368800 ns, Total: 375300 ns
[5.190s][info ][gc,marking    ] GC(118) Concurrent Cleanup for Next Mark
[5.190s][debug][gc,ergo       ] GC(118) Running G1 Clear Bitmap with 3 workers for 16 work units.
[5.192s][info ][gc,marking    ] GC(118) Concurrent Cleanup for Next Mark 1.669ms
[5.192s][info ][gc            ] GC(118) Concurrent Mark Cycle 25.198ms
[5.203s][debug][gc,heap       ] GC(120) Heap before GC invocations=120 (full 0):
[5.203s][debug][gc,heap       ] GC(120)  garbage-first heap   total 1048576K, used 684332K [0x00000000c0000000, 0x0000000100000000)
[5.203s][debug][gc,heap       ] GC(120)   region size 1024K, 134 young (137216K), 7 survivors (7168K)
[5.203s][debug][gc,heap       ] GC(120)  Metaspace       used 6341K, committed 6464K, reserved 1114112K
[5.203s][debug][gc,heap       ] GC(120)   class space    used 546K, committed 640K, reserved 1048576K
[5.203s][info ][gc,start      ] GC(120) Pause Young (Prepare Mixed) (G1 Evacuation Pause)
[5.203s][info ][gc,task       ] GC(120) Using 10 workers of 10 for evacuation
[5.203s][trace][gc,ergo,cset  ] GC(120) Start choosing CSet. Pending cards: 48 target pause time: 200.00ms
[5.203s][trace][gc,ergo,cset  ] GC(120) Added young regions to CSet. Eden: 127 regions, Survivors: 7 regions, predicted eden time: 29.63ms, predicted base time: 1.92ms, target pause time: 200.00ms, remaining time: 168.45ms
[5.203s][debug][gc,ergo       ] GC(120) Running G1 Merge Heap Roots using 10 workers for 134 regions
[5.222s][debug][gc,ergo       ] GC(120) Running G1 Rebuild Free List Task using 10 workers for rebuilding free list of regions
[5.223s][debug][gc,ergo,heap  ] GC(120) Heap expansion: short term pause time ratio 22.90% long term pause time ratio 59.14% threshold 7.69% pause time ratio 7.69% fully expanded true resize by 0B
[5.223s][debug][gc,ergo,refine] GC(120) Concurrent refinement times: Logged Cards Scan time goal: 20.00ms Logged Cards Scan time: 0.11ms HCC time: 0.00ms
[5.223s][trace][gc,ergo,refine] GC(120) Updating Refinement Zones: logged cards scan time: 0.113ms, processed cards: 36, goal time: 20.000ms
[5.223s][debug][gc,ergo,refine] GC(120) Updated Refinement Zones: green: 2560, yellow: 7680, red: 12800
[5.223s][info ][gc,phases     ] GC(120)   Pre Evacuate Collection Set: 0.3ms
[5.223s][info ][gc,phases     ] GC(120)   Merge Heap Roots: 0.2ms
[5.223s][info ][gc,phases     ] GC(120)   Evacuate Collection Set: 18.4ms
[5.223s][info ][gc,phases     ] GC(120)   Post Evacuate Collection Set: 0.6ms
[5.223s][info ][gc,phases     ] GC(120)   Other: 0.2ms
[5.223s][info ][gc,heap       ] GC(120) Eden regions: 127->0(34)
[5.223s][info ][gc,heap       ] GC(120) Survivor regions: 7->17(17)
[5.223s][info ][gc,heap       ] GC(120) Old regions: 536->616
[5.223s][info ][gc,heap       ] GC(120) Archive regions: 0->0
[5.223s][info ][gc,heap       ] GC(120) Humongous regions: 0->0
[5.223s][info ][gc,metaspace  ] GC(120) Metaspace: 6341K(6464K)->6341K(6464K) NonClass: 5794K(5824K)->5794K(5824K) Class: 546K(640K)->546K(640K)
[5.223s][debug][gc,heap       ] GC(120) Heap after GC invocations=121 (full 0):
[5.223s][debug][gc,heap       ] GC(120)  garbage-first heap   total 1048576K, used 647968K [0x00000000c0000000, 0x0000000100000000)
[5.223s][debug][gc,heap       ] GC(120)   region size 1024K, 17 young (17408K), 17 survivors (17408K)
[5.223s][debug][gc,heap       ] GC(120)  Metaspace       used 6341K, committed 6464K, reserved 1114112K
[5.223s][debug][gc,heap       ] GC(120)   class space    used 546K, committed 640K, reserved 1048576K
[5.223s][info ][gc            ] GC(120) Pause Young (Prepare Mixed) (G1 Evacuation Pause) 669M->632M(1024M) 19.590ms
[5.223s][info ][gc,cpu        ] GC(120) User=0.18s Sys=0.00s Real=0.02s
[5.223s][info ][safepoint     ] Safepoint "G1CollectForAllocation", Time since last: 12800303 ns, Reaching safepoint: 5000 ns, Cleanup: 4900 ns, At safepoint: 19688205 ns, Total: 19698105 ns
[5.227s][debug][gc,heap       ] GC(121) Heap before GC invocations=121 (full 0):
[5.227s][debug][gc,heap       ] GC(121)  garbage-first heap   total 1048576K, used 681760K [0x00000000c0000000, 0x0000000100000000)
[5.227s][debug][gc,heap       ] GC(121)   region size 1024K, 51 young (52224K), 17 survivors (17408K)
[5.227s][debug][gc,heap       ] GC(121)  Metaspace       used 6341K, committed 6464K, reserved 1114112K
[5.227s][debug][gc,heap       ] GC(121)   class space    used 546K, committed 640K, reserved 1048576K
[5.227s][info ][gc,start      ] GC(121) Pause Young (Mixed) (G1 Evacuation Pause)
[5.227s][info ][gc,task       ] GC(121) Using 10 workers of 10 for evacuation
[5.227s][trace][gc,ergo,cset  ] GC(121) Start choosing CSet. Pending cards: 35 target pause time: 200.00ms
[5.227s][trace][gc,ergo,cset  ] GC(121) Added young regions to CSet. Eden: 34 regions, Survivors: 17 regions, predicted eden time: 8.05ms, predicted base time: 2.28ms, target pause time: 200.00ms, remaining time: 189.67ms
[5.227s][debug][gc,ergo,cset  ] GC(121) Start adding old regions to collection set. Min 40 regions, max 103 regions, time remaining 189.67ms, optional threshold 37.93ms
[5.227s][debug][gc,ergo,cset  ] GC(121) Finish adding old regions to collection set (Maximum number of regions). Initial 103 regions, optional 0 regions
[5.227s][debug][gc,ergo,cset  ] GC(121) Finish choosing collection set old regions. Initial: 103, optional: 0, predicted old time: 0.00ms, predicted optional time: 0.00ms, time remaining: 186.59
[5.227s][debug][gc,ergo       ] GC(121) Running G1 Merge Heap Roots using 10 workers for 154 regions
[5.237s][debug][gc,ergo       ] GC(121) Running G1 Rebuild Free List Task using 10 workers for rebuilding free list of regions
[5.237s][debug][gc,ergo,heap  ] GC(121) Heap expansion: short term pause time ratio 60.11% long term pause time ratio 60.62% threshold 7.69% pause time ratio 7.69% fully expanded true resize by 0B
[5.237s][debug][gc,ergo,refine] GC(121) Concurrent refinement times: Logged Cards Scan time goal: 20.00ms Logged Cards Scan time: 0.05ms HCC time: 0.00ms
[5.237s][trace][gc,ergo,refine] GC(121) Updating Refinement Zones: logged cards scan time: 0.046ms, processed cards: 15, goal time: 19.999ms
[5.237s][debug][gc,ergo,refine] GC(121) Updated Refinement Zones: green: 2560, yellow: 7680, red: 12800
[5.237s][info ][gc,phases     ] GC(121)   Pre Evacuate Collection Set: 0.4ms
[5.237s][info ][gc,phases     ] GC(121)   Merge Heap Roots: 0.2ms
[5.237s][info ][gc,phases     ] GC(121)   Evacuate Collection Set: 9.3ms
[5.237s][info ][gc,phases     ] GC(121)   Post Evacuate Collection Set: 0.7ms
[5.237s][info ][gc,phases     ] GC(121)   Other: 0.2ms
[5.237s][info ][gc,heap       ] GC(121) Eden regions: 34->0(44)
[5.237s][info ][gc,heap       ] GC(121) Survivor regions: 17->7(7)
[5.237s][info ][gc,heap       ] GC(121) Old regions: 616->555
[5.237s][info ][gc,heap       ] GC(121) Archive regions: 0->0
[5.237s][info ][gc,heap       ] GC(121) Humongous regions: 0->0
[5.237s][info ][gc,metaspace  ] GC(121) Metaspace: 6341K(6464K)->6341K(6464K) NonClass: 5794K(5824K)->5794K(5824K) Class: 546K(640K)->546K(640K)
[5.237s][debug][gc,heap       ] GC(121) Heap after GC invocations=122 (full 0):
[5.237s][debug][gc,heap       ] GC(121)  garbage-first heap   total 1048576K, used 575364K [0x00000000c0000000, 0x0000000100000000)
[5.237s][debug][gc,heap       ] GC(121)   region size 1024K, 7 young (7168K), 7 survivors (7168K)
[5.237s][debug][gc,heap       ] GC(121)  Metaspace       used 6341K, committed 6464K, reserved 1114112K
[5.237s][debug][gc,heap       ] GC(121)   class space    used 546K, committed 640K, reserved 1048576K
[5.237s][info ][gc            ] GC(121) Pause Young (Mixed) (G1 Evacuation Pause) 666M->561M(1024M) 10.631ms
[5.237s][info ][gc,cpu        ] GC(121) User=0.09s Sys=0.00s Real=0.01s
[5.237s][info ][safepoint     ] Safepoint "G1CollectForAllocation", Time since last: 3882801 ns, Reaching safepoint: 5600 ns, Cleanup: 5100 ns, At safepoint: 10724402 ns, Total: 10735102 ns
[5.241s][debug][gc,heap       ] GC(122) Heap before GC invocations=122 (full 0):
[5.241s][debug][gc,heap       ] GC(122)  garbage-first heap   total 1048576K, used 619396K [0x00000000c0000000, 0x0000000100000000)
[5.241s][debug][gc,heap       ] GC(122)   region size 1024K, 51 young (52224K), 7 survivors (7168K)
[5.241s][debug][gc,heap       ] GC(122)  Metaspace       used 6341K, committed 6464K, reserved 1114112K
[5.241s][debug][gc,heap       ] GC(122)   class space    used 546K, committed 640K, reserved 1048576K
[5.241s][info ][gc,start      ] GC(122) Pause Young (Mixed) (G1 Evacuation Pause)
[5.241s][info ][gc,task       ] GC(122) Using 10 workers of 10 for evacuation
[5.241s][trace][gc,ergo,cset  ] GC(122) Start choosing CSet. Pending cards: 43 target pause time: 200.00ms
[5.241s][trace][gc,ergo,cset  ] GC(122) Added young regions to CSet. Eden: 44 regions, Survivors: 7 regions, predicted eden time: 9.52ms, predicted base time: 1.95ms, target pause time: 200.00ms, remaining time: 188.53ms
[5.241s][debug][gc,ergo,cset  ] GC(122) Start adding old regions to collection set. Min 40 regions, max 103 regions, time remaining 188.53ms, optional threshold 37.71ms
[5.241s][debug][gc,ergo,cset  ] GC(122) Finish adding old regions to collection set (Maximum number of regions). Initial 103 regions, optional 0 regions
[5.241s][debug][gc,ergo,cset  ] GC(122) Finish choosing collection set old regions. Initial: 103, optional: 0, predicted old time: 0.00ms, predicted optional time: 0.00ms, time remaining: 183.97
[5.241s][debug][gc,ergo       ] GC(122) Running G1 Merge Heap Roots using 10 workers for 154 regions
[5.252s][debug][gc,ergo       ] GC(122) Running G1 Rebuild Free List Task using 10 workers for rebuilding free list of regions
[5.252s][debug][gc,ergo,heap  ] GC(122) Heap expansion: short term pause time ratio 71.93% long term pause time ratio 62.08% threshold 7.69% pause time ratio 7.69% fully expanded true resize by 0B
[5.252s][debug][gc,ergo,refine] GC(122) Concurrent refinement times: Logged Cards Scan time goal: 20.00ms Logged Cards Scan time: 0.02ms HCC time: 0.00ms
[5.252s][trace][gc,ergo,refine] GC(122) Updating Refinement Zones: logged cards scan time: 0.015ms, processed cards: 23, goal time: 19.999ms
[5.252s][debug][gc,ergo,refine] GC(122) Updated Refinement Zones: green: 2560, yellow: 7680, red: 12800
[5.252s][info ][gc,phases     ] GC(122)   Pre Evacuate Collection Set: 0.3ms
[5.252s][info ][gc,phases     ] GC(122)   Merge Heap Roots: 0.2ms
[5.252s][info ][gc,phases     ] GC(122)   Evacuate Collection Set: 10.0ms
[5.252s][info ][gc,phases     ] GC(122)   Post Evacuate Collection Set: 0.7ms
[5.252s][info ][gc,phases     ] GC(122)   Other: 0.2ms
[5.252s][info ][gc,heap       ] GC(122) Eden regions: 44->0(44)
[5.252s][info ][gc,heap       ] GC(122) Survivor regions: 7->7(7)
[5.252s][info ][gc,heap       ] GC(122) Old regions: 555->496
[5.252s][info ][gc,heap       ] GC(122) Archive regions: 0->0
[5.252s][info ][gc,heap       ] GC(122) Humongous regions: 0->0
[5.252s][info ][gc,metaspace  ] GC(122) Metaspace: 6341K(6464K)->6341K(6464K) NonClass: 5794K(5824K)->5794K(5824K) Class: 546K(640K)->546K(640K)
[5.252s][debug][gc,heap       ] GC(122) Heap after GC invocations=123 (full 0):
[5.252s][debug][gc,heap       ] GC(122)  garbage-first heap   total 1048576K, used 514848K [0x00000000c0000000, 0x0000000100000000)
[5.252s][debug][gc,heap       ] GC(122)   region size 1024K, 7 young (7168K), 7 survivors (7168K)
[5.252s][debug][gc,heap       ] GC(122)  Metaspace       used 6341K, committed 6464K, reserved 1114112K
[5.252s][debug][gc,heap       ] GC(122)   class space    used 546K, committed 640K, reserved 1048576K
[5.252s][info ][gc            ] GC(122) Pause Young (Mixed) (G1 Evacuation Pause) 605M->502M(1024M) 11.283ms
[5.252s][info ][gc,cpu        ] GC(122) User=0.10s Sys=0.00s Real=0.01s
[5.252s][info ][safepoint     ] Safepoint "G1CollectForAllocation", Time since last: 3550701 ns, Reaching safepoint: 5000 ns, Cleanup: 5700 ns, At safepoint: 11380703 ns, Total: 11391403 ns
[5.257s][debug][gc,heap       ] GC(123) Heap before GC invocations=123 (full 0):
[5.257s][debug][gc,heap       ] GC(123)  garbage-first heap   total 1048576K, used 558880K [0x00000000c0000000, 0x0000000100000000)
[5.257s][debug][gc,heap       ] GC(123)   region size 1024K, 51 young (52224K), 7 survivors (7168K)
[5.257s][debug][gc,heap       ] GC(123)  Metaspace       used 6341K, committed 6464K, reserved 1114112K
[5.257s][debug][gc,heap       ] GC(123)   class space    used 546K, committed 640K, reserved 1048576K
[5.257s][info ][gc,start      ] GC(123) Pause Young (Mixed) (G1 Evacuation Pause)
[5.257s][info ][gc,task       ] GC(123) Using 10 workers of 10 for evacuation
[5.257s][trace][gc,ergo,cset  ] GC(123) Start choosing CSet. Pending cards: 34 target pause time: 200.00ms
[5.257s][trace][gc,ergo,cset  ] GC(123) Added young regions to CSet. Eden: 44 regions, Survivors: 7 regions, predicted eden time: 9.17ms, predicted base time: 1.62ms, target pause time: 200.00ms, remaining time: 189.21ms
[5.257s][debug][gc,ergo,cset  ] GC(123) Start adding old regions to collection set. Min 40 regions, max 103 regions, time remaining 189.21ms, optional threshold 37.84ms
[5.257s][debug][gc,ergo,cset  ] GC(123) Finish adding old regions to collection set (Maximum number of regions). Initial 103 regions, optional 0 regions
[5.257s][debug][gc,ergo,cset  ] GC(123) Finish choosing collection set old regions. Initial: 103, optional: 0, predicted old time: 0.00ms, predicted optional time: 0.00ms, time remaining: 181.58
[5.257s][debug][gc,ergo       ] GC(123) Running G1 Merge Heap Roots using 10 workers for 154 regions
[5.267s][debug][gc,ergo       ] GC(123) Running G1 Rebuild Free List Task using 10 workers for rebuilding free list of regions
[5.267s][debug][gc,ergo,heap  ] GC(123) Heap expansion: short term pause time ratio 74.76% long term pause time ratio 61.30% threshold 7.69% pause time ratio 7.69% fully expanded true resize by 0B
[5.267s][debug][gc,ergo,refine] GC(123) Concurrent refinement times: Logged Cards Scan time goal: 20.00ms Logged Cards Scan time: 0.01ms HCC time: 0.00ms
[5.267s][trace][gc,ergo,refine] GC(123) Updating Refinement Zones: logged cards scan time: 0.013ms, processed cards: 13, goal time: 19.999ms
[5.267s][debug][gc,ergo,refine] GC(123) Updated Refinement Zones: green: 2560, yellow: 7680, red: 12800
[5.267s][info ][gc,phases     ] GC(123)   Pre Evacuate Collection Set: 0.4ms
[5.267s][info ][gc,phases     ] GC(123)   Merge Heap Roots: 0.2ms
[5.267s][info ][gc,phases     ] GC(123)   Evacuate Collection Set: 9.6ms
[5.267s][info ][gc,phases     ] GC(123)   Post Evacuate Collection Set: 0.6ms
[5.267s][info ][gc,phases     ] GC(123)   Other: 0.2ms
[5.267s][info ][gc,heap       ] GC(123) Eden regions: 44->0(44)
[5.267s][info ][gc,heap       ] GC(123) Survivor regions: 7->7(7)
[5.267s][info ][gc,heap       ] GC(123) Old regions: 496->438
[5.267s][info ][gc,heap       ] GC(123) Archive regions: 0->0
[5.267s][info ][gc,heap       ] GC(123) Humongous regions: 0->0
[5.267s][info ][gc,metaspace  ] GC(123) Metaspace: 6341K(6464K)->6341K(6464K) NonClass: 5794K(5824K)->5794K(5824K) Class: 546K(640K)->546K(640K)
[5.267s][debug][gc,heap       ] GC(123) Heap after GC invocations=124 (full 0):
[5.267s][debug][gc,heap       ] GC(123)  garbage-first heap   total 1048576K, used 455456K [0x00000000c0000000, 0x0000000100000000)
[5.267s][debug][gc,heap       ] GC(123)   region size 1024K, 7 young (7168K), 7 survivors (7168K)
[5.267s][debug][gc,heap       ] GC(123)  Metaspace       used 6341K, committed 6464K, reserved 1114112K
[5.267s][debug][gc,heap       ] GC(123)   class space    used 546K, committed 640K, reserved 1048576K
[5.268s][info ][gc            ] GC(123) Pause Young (Mixed) (G1 Evacuation Pause) 546M->444M(1024M) 10.864ms
[5.268s][info ][gc,cpu        ] GC(123) User=0.09s Sys=0.00s Real=0.01s
[5.268s][info ][safepoint     ] Safepoint "G1CollectForAllocation", Time since last: 4296201 ns, Reaching safepoint: 6700 ns, Cleanup: 7200 ns, At safepoint: 10960903 ns, Total: 10974803 ns
[5.271s][debug][gc,heap       ] GC(124) Heap before GC invocations=124 (full 0):
[5.271s][debug][gc,heap       ] GC(124)  garbage-first heap   total 1048576K, used 499488K [0x00000000c0000000, 0x0000000100000000)
[5.271s][debug][gc,heap       ] GC(124)   region size 1024K, 51 young (52224K), 7 survivors (7168K)
[5.271s][debug][gc,heap       ] GC(124)  Metaspace       used 6341K, committed 6464K, reserved 1114112K
[5.271s][debug][gc,heap       ] GC(124)   class space    used 546K, committed 640K, reserved 1048576K
[5.271s][info ][gc,start      ] GC(124) Pause Young (Mixed) (G1 Evacuation Pause)
[5.271s][info ][gc,task       ] GC(124) Using 10 workers of 10 for evacuation
[5.272s][trace][gc,ergo,cset  ] GC(124) Start choosing CSet. Pending cards: 51 target pause time: 200.00ms
[5.272s][trace][gc,ergo,cset  ] GC(124) Added young regions to CSet. Eden: 44 regions, Survivors: 7 regions, predicted eden time: 8.75ms, predicted base time: 1.64ms, target pause time: 200.00ms, remaining time: 189.62ms
[5.272s][debug][gc,ergo,cset  ] GC(124) Start adding old regions to collection set. Min 40 regions, max 103 regions, time remaining 189.62ms, optional threshold 37.92ms
[5.272s][debug][gc,ergo,cset  ] GC(124) Old candidate collection set empty.
[5.272s][debug][gc,ergo,cset  ] GC(124) Finish choosing collection set old regions. Initial: 5, optional: 0, predicted old time: 0.00ms, predicted optional time: 0.00ms, time remaining: 189.13
[5.272s][debug][gc,ergo       ] GC(124) Running G1 Merge Heap Roots using 10 workers for 56 regions
[5.281s][debug][gc,ergo       ] GC(124) Running G1 Rebuild Free List Task using 10 workers for rebuilding free list of regions
[5.282s][debug][gc,ergo,heap  ] GC(124) Heap expansion: short term pause time ratio 70.34% long term pause time ratio 64.77% threshold 7.69% pause time ratio 7.69% fully expanded true resize by 0B
[5.282s][debug][gc,ergo       ] GC(124) do not continue mixed GCs (candidate old regions not available)
[5.282s][debug][gc,ergo,refine] GC(124) Concurrent refinement times: Logged Cards Scan time goal: 20.00ms Logged Cards Scan time: 0.05ms HCC time: 0.00ms
[5.282s][trace][gc,ergo,refine] GC(124) Updating Refinement Zones: logged cards scan time: 0.047ms, processed cards: 42, goal time: 20.000ms
[5.282s][debug][gc,ergo,refine] GC(124) Updated Refinement Zones: green: 2560, yellow: 7680, red: 12800
[5.282s][info ][gc,phases     ] GC(124)   Pre Evacuate Collection Set: 0.3ms
[5.282s][info ][gc,phases     ] GC(124)   Merge Heap Roots: 0.2ms
[5.282s][info ][gc,phases     ] GC(124)   Evacuate Collection Set: 8.9ms
[5.282s][info ][gc,phases     ] GC(124)   Post Evacuate Collection Set: 0.6ms
[5.282s][info ][gc,phases     ] GC(124)   Other: 0.2ms
[5.282s][info ][gc,heap       ] GC(124) Eden regions: 44->0(153)
[5.282s][info ][gc,heap       ] GC(124) Survivor regions: 7->7(7)
[5.282s][info ][gc,heap       ] GC(124) Old regions: 438->471
[5.282s][info ][gc,heap       ] GC(124) Archive regions: 0->0
[5.282s][info ][gc,heap       ] GC(124) Humongous regions: 0->0
[5.282s][info ][gc,metaspace  ] GC(124) Metaspace: 6341K(6464K)->6341K(6464K) NonClass: 5794K(5824K)->5794K(5824K) Class: 546K(640K)->546K(640K)
[5.282s][debug][gc,heap       ] GC(124) Heap after GC invocations=125 (full 0):
[5.282s][debug][gc,heap       ] GC(124)  garbage-first heap   total 1048576K, used 489448K [0x00000000c0000000, 0x0000000100000000)
[5.282s][debug][gc,heap       ] GC(124)   region size 1024K, 7 young (7168K), 7 survivors (7168K)
[5.282s][debug][gc,heap       ] GC(124)  Metaspace       used 6341K, committed 6464K, reserved 1114112K
[5.282s][debug][gc,heap       ] GC(124)   class space    used 546K, committed 640K, reserved 1048576K
[5.282s][info ][gc            ] GC(124) Pause Young (Mixed) (G1 Evacuation Pause) 488M->477M(1024M) 10.191ms
[5.282s][info ][gc,cpu        ] GC(124) User=0.09s Sys=0.00s Real=0.01s
[5.282s][info ][safepoint     ] Safepoint "G1CollectForAllocation", Time since last: 3891401 ns, Reaching safepoint: 3500 ns, Cleanup: 5400 ns, At safepoint: 10284602 ns, Total: 10293502 ns
[5.299s][debug][gc,heap       ] GC(125) Heap before GC invocations=125 (full 0):
[5.299s][debug][gc,heap       ] GC(125)  garbage-first heap   total 1048576K, used 645096K [0x00000000c0000000, 0x0000000100000000)
[5.299s][debug][gc,heap       ] GC(125)   region size 1024K, 160 young (163840K), 7 survivors (7168K)
[5.299s][debug][gc,heap       ] GC(125)  Metaspace       used 6341K, committed 6464K, reserved 1114112K
[5.299s][debug][gc,heap       ] GC(125)   class space    used 546K, committed 640K, reserved 1048576K
[5.299s][info ][gc,start      ] GC(125) Pause Young (Normal) (G1 Evacuation Pause)
[5.299s][info ][gc,task       ] GC(125) Using 10 workers of 10 for evacuation
[5.299s][trace][gc,ergo,cset  ] GC(125) Start choosing CSet. Pending cards: 33 target pause time: 200.00ms
[5.299s][trace][gc,ergo,cset  ] GC(125) Added young regions to CSet. Eden: 153 regions, Survivors: 7 regions, predicted eden time: 27.40ms, predicted base time: 1.30ms, target pause time: 200.00ms, remaining time: 171.30ms
[5.300s][debug][gc,ergo       ] GC(125) Running G1 Merge Heap Roots using 10 workers for 160 regions
[5.321s][debug][gc,ergo       ] GC(125) Running G1 Rebuild Free List Task using 10 workers for rebuilding free list of regions
[5.322s][debug][gc,ergo,heap  ] GC(125) Heap expansion: short term pause time ratio 71.04% long term pause time ratio 65.49% threshold 7.69% pause time ratio 7.69% fully expanded true resize by 0B
[5.322s][debug][gc,ergo,refine] GC(125) Concurrent refinement times: Logged Cards Scan time goal: 20.00ms Logged Cards Scan time: 0.57ms HCC time: 0.00ms
[5.322s][trace][gc,ergo,refine] GC(125) Updating Refinement Zones: logged cards scan time: 0.567ms, processed cards: 13, goal time: 19.999ms
[5.322s][debug][gc,ergo,refine] GC(125) Updated Refinement Zones: green: 2560, yellow: 7680, red: 12800
[5.322s][info ][gc,phases     ] GC(125)   Pre Evacuate Collection Set: 0.4ms
[5.322s][info ][gc,phases     ] GC(125)   Merge Heap Roots: 0.2ms
[5.322s][info ][gc,phases     ] GC(125)   Evacuate Collection Set: 21.2ms
[5.322s][info ][gc,phases     ] GC(125)   Post Evacuate Collection Set: 0.7ms
[5.322s][info ][gc,phases     ] GC(125)   Other: 0.5ms
[5.322s][info ][gc,heap       ] GC(125) Eden regions: 153->0(118)
[5.322s][info ][gc,heap       ] GC(125) Survivor regions: 7->20(20)
[5.322s][info ][gc,heap       ] GC(125) Old regions: 471->561
[5.322s][info ][gc,heap       ] GC(125) Archive regions: 0->0
[5.322s][info ][gc,heap       ] GC(125) Humongous regions: 0->0
[5.322s][info ][gc,metaspace  ] GC(125) Metaspace: 6341K(6464K)->6341K(6464K) NonClass: 5794K(5824K)->5794K(5824K) Class: 546K(640K)->546K(640K)
[5.322s][debug][gc,heap       ] GC(125) Heap after GC invocations=126 (full 0):
[5.322s][debug][gc,heap       ] GC(125)  garbage-first heap   total 1048576K, used 594320K [0x00000000c0000000, 0x0000000100000000)
[5.322s][debug][gc,heap       ] GC(125)   region size 1024K, 20 young (20480K), 20 survivors (20480K)
[5.322s][debug][gc,heap       ] GC(125)  Metaspace       used 6341K, committed 6464K, reserved 1114112K
[5.322s][debug][gc,heap       ] GC(125)   class space    used 546K, committed 640K, reserved 1048576K
[5.322s][info ][gc            ] GC(125) Pause Young (Normal) (G1 Evacuation Pause) 630M->580M(1024M) 22.818ms
[5.322s][info ][gc,cpu        ] GC(125) User=0.21s Sys=0.00s Real=0.02s
[5.322s][info ][safepoint     ] Safepoint "G1CollectForAllocation", Time since last: 17167104 ns, Reaching safepoint: 20400 ns, Cleanup: 16800 ns, At safepoint: 23090206 ns, Total: 23127406 ns
[5.336s][debug][gc,heap       ] GC(126) Heap before GC invocations=126 (full 0):
[5.336s][debug][gc,heap       ] GC(126)  garbage-first heap   total 1048576K, used 714128K [0x00000000c0000000, 0x0000000100000000)
[5.336s][debug][gc,heap       ] GC(126)   region size 1024K, 138 young (141312K), 20 survivors (20480K)
[5.336s][debug][gc,heap       ] GC(126)  Metaspace       used 6341K, committed 6464K, reserved 1114112K
[5.336s][debug][gc,heap       ] GC(126)   class space    used 546K, committed 640K, reserved 1048576K
[5.336s][info ][gc,start      ] GC(126) Pause Young (Normal) (G1 Evacuation Pause)
[5.336s][info ][gc,task       ] GC(126) Using 10 workers of 10 for evacuation
[5.336s][trace][gc,ergo,cset  ] GC(126) Start choosing CSet. Pending cards: 39 target pause time: 200.00ms
[5.336s][trace][gc,ergo,cset  ] GC(126) Added young regions to CSet. Eden: 118 regions, Survivors: 20 regions, predicted eden time: 20.44ms, predicted base time: 1.62ms, target pause time: 200.00ms, remaining time: 177.94ms
[5.336s][debug][gc,ergo       ] GC(126) Running G1 Merge Heap Roots using 10 workers for 138 regions
[5.353s][debug][gc,ergo       ] GC(126) Running G1 Rebuild Free List Task using 10 workers for rebuilding free list of regions
[5.353s][debug][gc,ergo,heap  ] GC(126) Heap expansion: short term pause time ratio 56.10% long term pause time ratio 63.48% threshold 7.69% pause time ratio 7.69% fully expanded true resize by 0B
[5.353s][debug][gc,ergo,refine] GC(126) Concurrent refinement times: Logged Cards Scan time goal: 20.00ms Logged Cards Scan time: 0.04ms HCC time: 0.00ms
[5.353s][trace][gc,ergo,refine] GC(126) Updating Refinement Zones: logged cards scan time: 0.041ms, processed cards: 22, goal time: 20.000ms
[5.353s][debug][gc,ergo,refine] GC(126) Updated Refinement Zones: green: 2560, yellow: 7680, red: 12800
[5.353s][info ][gc,phases     ] GC(126)   Pre Evacuate Collection Set: 0.2ms
[5.353s][info ][gc,phases     ] GC(126)   Merge Heap Roots: 0.2ms
[5.353s][info ][gc,phases     ] GC(126)   Evacuate Collection Set: 16.2ms
[5.353s][info ][gc,phases     ] GC(126)   Post Evacuate Collection Set: 0.6ms
[5.353s][info ][gc,phases     ] GC(126)   Other: 0.2ms
[5.353s][info ][gc,heap       ] GC(126) Eden regions: 118->0(96)
[5.353s][info ][gc,heap       ] GC(126) Survivor regions: 20->18(18)
[5.353s][info ][gc,heap       ] GC(126) Old regions: 561->628
[5.353s][info ][gc,heap       ] GC(126) Archive regions: 0->0
[5.353s][info ][gc,heap       ] GC(126) Humongous regions: 0->0
[5.353s][info ][gc,metaspace  ] GC(126) Metaspace: 6341K(6464K)->6341K(6464K) NonClass: 5794K(5824K)->5794K(5824K) Class: 546K(640K)->546K(640K)
[5.353s][debug][gc,heap       ] GC(126) Heap after GC invocations=127 (full 0):
[5.353s][debug][gc,heap       ] GC(126)  garbage-first heap   total 1048576K, used 661180K [0x00000000c0000000, 0x0000000100000000)
[5.353s][debug][gc,heap       ] GC(126)   region size 1024K, 18 young (18432K), 18 survivors (18432K)
[5.353s][debug][gc,heap       ] GC(126)  Metaspace       used 6341K, committed 6464K, reserved 1114112K
[5.353s][debug][gc,heap       ] GC(126)   class space    used 546K, committed 640K, reserved 1048576K
[5.353s][info ][gc            ] GC(126) Pause Young (Normal) (G1 Evacuation Pause) 698M->645M(1024M) 17.421ms
[5.353s][info ][gc,cpu        ] GC(126) User=0.16s Sys=0.00s Real=0.02s
[5.353s][info ][safepoint     ] Safepoint "G1CollectForAllocation", Time since last: 13806103 ns, Reaching safepoint: 7400 ns, Cleanup: 5200 ns, At safepoint: 17522004 ns, Total: 17534604 ns
[5.366s][debug][gc,heap       ] GC(127) Heap before GC invocations=127 (full 0):
[5.366s][debug][gc,heap       ] GC(127)  garbage-first heap   total 1048576K, used 758460K [0x00000000c0000000, 0x0000000100000000)
[5.366s][debug][gc,heap       ] GC(127)   region size 1024K, 114 young (116736K), 18 survivors (18432K)
[5.366s][debug][gc,heap       ] GC(127)  Metaspace       used 6341K, committed 6464K, reserved 1114112K
[5.366s][debug][gc,heap       ] GC(127)   class space    used 546K, committed 640K, reserved 1048576K
[5.366s][info ][gc,start      ] GC(127) Pause Young (Normal) (G1 Evacuation Pause)
[5.366s][info ][gc,task       ] GC(127) Using 10 workers of 10 for evacuation
[5.366s][trace][gc,ergo,cset  ] GC(127) Start choosing CSet. Pending cards: 40 target pause time: 200.00ms
[5.366s][trace][gc,ergo,cset  ] GC(127) Added young regions to CSet. Eden: 96 regions, Survivors: 18 regions, predicted eden time: 16.17ms, predicted base time: 1.34ms, target pause time: 200.00ms, remaining time: 182.49ms
[5.367s][debug][gc,ergo       ] GC(127) Running G1 Merge Heap Roots using 10 workers for 114 regions
[5.378s][debug][gc,ergo       ] GC(127) Running G1 Rebuild Free List Task using 10 workers for rebuilding free list of regions
[5.378s][debug][gc,ergo,heap  ] GC(127) Heap expansion: short term pause time ratio 54.80% long term pause time ratio 61.51% threshold 7.69% pause time ratio 7.69% fully expanded true resize by 0B
[5.378s][debug][gc,ergo,refine] GC(127) Concurrent refinement times: Logged Cards Scan time goal: 20.00ms Logged Cards Scan time: 0.03ms HCC time: 0.00ms
[5.378s][trace][gc,ergo,refine] GC(127) Updating Refinement Zones: logged cards scan time: 0.027ms, processed cards: 23, goal time: 19.999ms
[5.378s][debug][gc,ergo,refine] GC(127) Updated Refinement Zones: green: 2560, yellow: 7680, red: 12800
[5.378s][info ][gc,phases     ] GC(127)   Pre Evacuate Collection Set: 0.3ms
[5.378s][info ][gc,phases     ] GC(127)   Merge Heap Roots: 0.2ms
[5.378s][info ][gc,phases     ] GC(127)   Evacuate Collection Set: 10.9ms
[5.378s][info ][gc,phases     ] GC(127)   Post Evacuate Collection Set: 0.7ms
[5.378s][info ][gc,phases     ] GC(127)   Other: 0.2ms
[5.378s][info ][gc,heap       ] GC(127) Eden regions: 96->0(88)
[5.379s][info ][gc,heap       ] GC(127) Survivor regions: 18->15(15)
[5.379s][info ][gc,heap       ] GC(127) Old regions: 628->669
[5.379s][info ][gc,heap       ] GC(127) Archive regions: 0->0
[5.379s][info ][gc,heap       ] GC(127) Humongous regions: 0->0
[5.379s][info ][gc,metaspace  ] GC(127) Metaspace: 6341K(6464K)->6341K(6464K) NonClass: 5794K(5824K)->5794K(5824K) Class: 546K(640K)->546K(640K)
[5.379s][debug][gc,heap       ] GC(127) Heap after GC invocations=128 (full 0):
[5.379s][debug][gc,heap       ] GC(127)  garbage-first heap   total 1048576K, used 699592K [0x00000000c0000000, 0x0000000100000000)
[5.379s][debug][gc,heap       ] GC(127)   region size 1024K, 15 young (15360K), 15 survivors (15360K)
[5.379s][debug][gc,heap       ] GC(127)  Metaspace       used 6341K, committed 6464K, reserved 1114112K
[5.379s][debug][gc,heap       ] GC(127)   class space    used 546K, committed 640K, reserved 1048576K
[5.379s][info ][gc            ] GC(127) Pause Young (Normal) (G1 Evacuation Pause) 741M->683M(1024M) 12.344ms
[5.379s][info ][gc,cpu        ] GC(127) User=0.11s Sys=0.00s Real=0.01s
[5.379s][info ][safepoint     ] Safepoint "G1CollectForAllocation", Time since last: 12753203 ns, Reaching safepoint: 7600 ns, Cleanup: 45000 ns, At safepoint: 12548303 ns, Total: 12600903 ns
[5.393s][debug][gc,heap       ] GC(128) Heap before GC invocations=128 (full 0):
[5.393s][debug][gc,heap       ] GC(128)  garbage-first heap   total 1048576K, used 788680K [0x00000000c0000000, 0x0000000100000000)
[5.393s][debug][gc,heap       ] GC(128)   region size 1024K, 103 young (105472K), 15 survivors (15360K)
[5.393s][debug][gc,heap       ] GC(128)  Metaspace       used 6341K, committed 6464K, reserved 1114112K
[5.393s][debug][gc,heap       ] GC(128)   class space    used 546K, committed 640K, reserved 1048576K
[5.393s][info ][gc,start      ] GC(128) Pause Young (Normal) (G1 Evacuation Pause)
[5.393s][info ][gc,task       ] GC(128) Using 10 workers of 10 for evacuation
[5.393s][trace][gc,ergo,cset  ] GC(128) Start choosing CSet. Pending cards: 43 target pause time: 200.00ms
[5.393s][trace][gc,ergo,cset  ] GC(128) Added young regions to CSet. Eden: 88 regions, Survivors: 15 regions, predicted eden time: 13.45ms, predicted base time: 1.20ms, target pause time: 200.00ms, remaining time: 185.35ms
[5.394s][debug][gc,ergo       ] GC(128) Running G1 Merge Heap Roots using 10 workers for 103 regions
[5.404s][debug][gc,ergo       ] GC(128) Running G1 Rebuild Free List Task using 10 workers for rebuilding free list of regions
[5.404s][debug][gc,ergo,heap  ] GC(128) Heap expansion: short term pause time ratio 47.91% long term pause time ratio 61.21% threshold 7.69% pause time ratio 7.69% fully expanded true resize by 0B
[5.404s][debug][gc,ergo,refine] GC(128) Concurrent refinement times: Logged Cards Scan time goal: 20.00ms Logged Cards Scan time: 0.01ms HCC time: 0.00ms
[5.404s][trace][gc,ergo,refine] GC(128) Updating Refinement Zones: logged cards scan time: 0.015ms, processed cards: 26, goal time: 19.999ms
[5.404s][debug][gc,ergo,refine] GC(128) Updated Refinement Zones: green: 2560, yellow: 7680, red: 12800
[5.404s][info ][gc,phases     ] GC(128)   Pre Evacuate Collection Set: 0.2ms
[5.404s][info ][gc,phases     ] GC(128)   Merge Heap Roots: 0.2ms
[5.404s][info ][gc,phases     ] GC(128)   Evacuate Collection Set: 9.7ms
[5.404s][info ][gc,phases     ] GC(128)   Post Evacuate Collection Set: 0.7ms
[5.404s][info ][gc,phases     ] GC(128)   Other: 0.2ms
[5.404s][info ][gc,heap       ] GC(128) Eden regions: 88->0(78)
[5.404s][info ][gc,heap       ] GC(128) Survivor regions: 15->13(13)
[5.404s][info ][gc,heap       ] GC(128) Old regions: 669->707
[5.404s][info ][gc,heap       ] GC(128) Archive regions: 0->0
[5.404s][info ][gc,heap       ] GC(128) Humongous regions: 0->0
[5.404s][info ][gc,metaspace  ] GC(128) Metaspace: 6341K(6464K)->6341K(6464K) NonClass: 5794K(5824K)->5794K(5824K) Class: 546K(640K)->546K(640K)
[5.404s][debug][gc,heap       ] GC(128) Heap after GC invocations=129 (full 0):
[5.404s][debug][gc,heap       ] GC(128)  garbage-first heap   total 1048576K, used 737056K [0x00000000c0000000, 0x0000000100000000)
[5.404s][debug][gc,heap       ] GC(128)   region size 1024K, 13 young (13312K), 13 survivors (13312K)
[5.404s][debug][gc,heap       ] GC(128)  Metaspace       used 6341K, committed 6464K, reserved 1114112K
[5.404s][debug][gc,heap       ] GC(128)   class space    used 546K, committed 640K, reserved 1048576K
[5.404s][info ][gc            ] GC(128) Pause Young (Normal) (G1 Evacuation Pause) 771M->719M(1024M) 11.100ms
[5.405s][info ][gc,cpu        ] GC(128) User=0.07s Sys=0.02s Real=0.01s
[5.405s][info ][safepoint     ] Safepoint "G1CollectForAllocation", Time since last: 14569204 ns, Reaching safepoint: 29500 ns, Cleanup: 7200 ns, At safepoint: 11233603 ns, Total: 11270303 ns
[5.417s][debug][gc,heap       ] GC(129) Heap before GC invocations=129 (full 0):
[5.417s][debug][gc,heap       ] GC(129)  garbage-first heap   total 1048576K, used 815904K [0x00000000c0000000, 0x0000000100000000)
[5.417s][debug][gc,heap       ] GC(129)   region size 1024K, 91 young (93184K), 13 survivors (13312K)
[5.417s][debug][gc,heap       ] GC(129)  Metaspace       used 6341K, committed 6464K, reserved 1114112K
[5.417s][debug][gc,heap       ] GC(129)   class space    used 546K, committed 640K, reserved 1048576K
[5.417s][info ][gc,start      ] GC(129) Pause Young (Normal) (G1 Evacuation Pause)
[5.418s][info ][gc,task       ] GC(129) Using 10 workers of 10 for evacuation
[5.418s][trace][gc,ergo,cset  ] GC(129) Start choosing CSet. Pending cards: 51 target pause time: 200.00ms
[5.418s][trace][gc,ergo,cset  ] GC(129) Added young regions to CSet. Eden: 78 regions, Survivors: 13 regions, predicted eden time: 10.89ms, predicted base time: 1.13ms, target pause time: 200.00ms, remaining time: 187.98ms
[5.418s][debug][gc,ergo       ] GC(129) Running G1 Merge Heap Roots using 10 workers for 91 regions
[5.428s][debug][gc,ergo       ] GC(129) Running G1 Rebuild Free List Task using 10 workers for rebuilding free list of regions
[5.428s][debug][gc,ergo,heap  ] GC(129) Heap expansion: short term pause time ratio 42.10% long term pause time ratio 58.01% threshold 7.69% pause time ratio 7.69% fully expanded true resize by 0B
[5.428s][debug][gc,ergo,refine] GC(129) Concurrent refinement times: Logged Cards Scan time goal: 20.00ms Logged Cards Scan time: 0.05ms HCC time: 0.00ms
[5.428s][trace][gc,ergo,refine] GC(129) Updating Refinement Zones: logged cards scan time: 0.053ms, processed cards: 29, goal time: 20.000ms
[5.428s][debug][gc,ergo,refine] GC(129) Updated Refinement Zones: green: 2560, yellow: 7680, red: 12800
[5.428s][info ][gc,phases     ] GC(129)   Pre Evacuate Collection Set: 0.3ms
[5.428s][info ][gc,phases     ] GC(129)   Merge Heap Roots: 0.2ms
[5.428s][info ][gc,phases     ] GC(129)   Evacuate Collection Set: 9.4ms
[5.428s][info ][gc,phases     ] GC(129)   Post Evacuate Collection Set: 0.6ms
[5.428s][info ][gc,phases     ] GC(129)   Other: 0.3ms
[5.428s][info ][gc,heap       ] GC(129) Eden regions: 78->0(68)
[5.428s][info ][gc,heap       ] GC(129) Survivor regions: 13->12(12)
[5.428s][info ][gc,heap       ] GC(129) Old regions: 707->741
[5.428s][info ][gc,heap       ] GC(129) Archive regions: 0->0
[5.428s][info ][gc,heap       ] GC(129) Humongous regions: 0->0
[5.428s][info ][gc,metaspace  ] GC(129) Metaspace: 6341K(6464K)->6341K(6464K) NonClass: 5794K(5824K)->5794K(5824K) Class: 546K(640K)->546K(640K)
[5.428s][debug][gc,heap       ] GC(129) Heap after GC invocations=130 (full 0):
[5.428s][debug][gc,heap       ] GC(129)  garbage-first heap   total 1048576K, used 770548K [0x00000000c0000000, 0x0000000100000000)
[5.428s][debug][gc,heap       ] GC(129)   region size 1024K, 12 young (12288K), 12 survivors (12288K)
[5.428s][debug][gc,heap       ] GC(129)  Metaspace       used 6341K, committed 6464K, reserved 1114112K
[5.428s][debug][gc,heap       ] GC(129)   class space    used 546K, committed 640K, reserved 1048576K
[5.428s][info ][gc            ] GC(129) Pause Young (Normal) (G1 Evacuation Pause) 797M->752M(1024M) 10.701ms
[5.428s][info ][gc,cpu        ] GC(129) User=0.10s Sys=0.00s Real=0.01s
[5.428s][info ][safepoint     ] Safepoint "G1CollectForAllocation", Time since last: 12808403 ns, Reaching safepoint: 6900 ns, Cleanup: 6300 ns, At safepoint: 10886002 ns, Total: 10899202 ns
[5.437s][debug][gc,heap       ] GC(130) Heap before GC invocations=130 (full 0):
[5.437s][debug][gc,heap       ] GC(130)  garbage-first heap   total 1048576K, used 839156K [0x00000000c0000000, 0x0000000100000000)
[5.437s][debug][gc,heap       ] GC(130)   region size 1024K, 80 young (81920K), 12 survivors (12288K)
[5.437s][debug][gc,heap       ] GC(130)  Metaspace       used 6341K, committed 6464K, reserved 1114112K
[5.437s][debug][gc,heap       ] GC(130)   class space    used 546K, committed 640K, reserved 1048576K
[5.437s][info ][gc,start      ] GC(130) Pause Young (Normal) (G1 Evacuation Pause)
[5.437s][info ][gc,task       ] GC(130) Using 10 workers of 10 for evacuation
[5.437s][trace][gc,ergo,cset  ] GC(130) Start choosing CSet. Pending cards: 38 target pause time: 200.00ms
[5.437s][trace][gc,ergo,cset  ] GC(130) Added young regions to CSet. Eden: 68 regions, Survivors: 12 regions, predicted eden time: 8.92ms, predicted base time: 1.07ms, target pause time: 200.00ms, remaining time: 190.01ms
[5.437s][debug][gc,ergo       ] GC(130) Running G1 Merge Heap Roots using 10 workers for 80 regions
[5.445s][debug][gc,ergo       ] GC(130) Running G1 Rebuild Free List Task using 10 workers for rebuilding free list of regions
[5.446s][debug][gc,ergo,heap  ] GC(130) Heap expansion: short term pause time ratio 44.36% long term pause time ratio 56.86% threshold 7.69% pause time ratio 7.69% fully expanded true resize by 0B
[5.446s][debug][gc,ergo,refine] GC(130) Concurrent refinement times: Logged Cards Scan time goal: 20.00ms Logged Cards Scan time: 0.01ms HCC time: 0.00ms
[5.446s][trace][gc,ergo,refine] GC(130) Updating Refinement Zones: logged cards scan time: 0.013ms, processed cards: 21, goal time: 19.999ms
[5.446s][debug][gc,ergo,refine] GC(130) Updated Refinement Zones: green: 2560, yellow: 7680, red: 12800
[5.446s][info ][gc,phases     ] GC(130)   Pre Evacuate Collection Set: 0.3ms
[5.446s][info ][gc,phases     ] GC(130)   Merge Heap Roots: 0.2ms
[5.446s][info ][gc,phases     ] GC(130)   Evacuate Collection Set: 7.6ms
[5.446s][info ][gc,phases     ] GC(130)   Post Evacuate Collection Set: 0.8ms
[5.446s][info ][gc,phases     ] GC(130)   Other: 0.3ms
[5.446s][info ][gc,heap       ] GC(130) Eden regions: 68->0(58)
[5.446s][info ][gc,heap       ] GC(130) Survivor regions: 12->10(10)
[5.446s][info ][gc,heap       ] GC(130) Old regions: 741->771
[5.446s][info ][gc,heap       ] GC(130) Archive regions: 0->0
[5.446s][info ][gc,heap       ] GC(130) Humongous regions: 0->0
[5.446s][info ][gc,metaspace  ] GC(130) Metaspace: 6341K(6464K)->6341K(6464K) NonClass: 5794K(5824K)->5794K(5824K) Class: 546K(640K)->546K(640K)
[5.446s][debug][gc,heap       ] GC(130) Heap after GC invocations=131 (full 0):
[5.446s][debug][gc,heap       ] GC(130)  garbage-first heap   total 1048576K, used 799520K [0x00000000c0000000, 0x0000000100000000)
[5.446s][debug][gc,heap       ] GC(130)   region size 1024K, 10 young (10240K), 10 survivors (10240K)
[5.446s][debug][gc,heap       ] GC(130)  Metaspace       used 6341K, committed 6464K, reserved 1114112K
[5.446s][debug][gc,heap       ] GC(130)   class space    used 546K, committed 640K, reserved 1048576K
[5.446s][info ][gc            ] GC(130) Pause Young (Normal) (G1 Evacuation Pause) 820M->780M(1024M) 8.968ms
[5.446s][info ][gc,cpu        ] GC(130) User=0.08s Sys=0.00s Real=0.01s
[5.446s][info ][safepoint     ] Safepoint "G1CollectForAllocation", Time since last: 8432902 ns, Reaching safepoint: 7400 ns, Cleanup: 9800 ns, At safepoint: 9200103 ns, Total: 9217303 ns
[5.454s][debug][gc,heap       ] GC(131) Heap before GC invocations=131 (full 0):
[5.454s][debug][gc,heap       ] GC(131)  garbage-first heap   total 1048576K, used 857888K [0x00000000c0000000, 0x0000000100000000)
[5.454s][debug][gc,heap       ] GC(131)   region size 1024K, 68 young (69632K), 10 survivors (10240K)
[5.454s][debug][gc,heap       ] GC(131)  Metaspace       used 6341K, committed 6464K, reserved 1114112K
[5.454s][debug][gc,heap       ] GC(131)   class space    used 546K, committed 640K, reserved 1048576K
[5.454s][info ][gc,start      ] GC(131) Pause Young (Normal) (G1 Evacuation Pause)
[5.454s][info ][gc,task       ] GC(131) Using 10 workers of 10 for evacuation
[5.454s][trace][gc,ergo,cset  ] GC(131) Start choosing CSet. Pending cards: 44 target pause time: 200.00ms
[5.454s][trace][gc,ergo,cset  ] GC(131) Added young regions to CSet. Eden: 58 regions, Survivors: 10 regions, predicted eden time: 7.06ms, predicted base time: 1.04ms, target pause time: 200.00ms, remaining time: 191.90ms
[5.454s][debug][gc,ergo       ] GC(131) Running G1 Merge Heap Roots using 10 workers for 68 regions
[5.462s][debug][gc,ergo       ] GC(131) Running G1 Rebuild Free List Task using 10 workers for rebuilding free list of regions
[5.463s][debug][gc,ergo,heap  ] GC(131) Heap expansion: short term pause time ratio 50.06% long term pause time ratio 55.85% threshold 7.69% pause time ratio 7.69% fully expanded true resize by 0B
[5.463s][debug][gc,ergo,refine] GC(131) Concurrent refinement times: Logged Cards Scan time goal: 20.00ms Logged Cards Scan time: 0.04ms HCC time: 0.00ms
[5.463s][trace][gc,ergo,refine] GC(131) Updating Refinement Zones: logged cards scan time: 0.041ms, processed cards: 27, goal time: 20.000ms
[5.463s][debug][gc,ergo,refine] GC(131) Updated Refinement Zones: green: 2560, yellow: 7680, red: 12800
[5.463s][info ][gc,phases     ] GC(131)   Pre Evacuate Collection Set: 0.2ms
[5.463s][info ][gc,phases     ] GC(131)   Merge Heap Roots: 0.2ms
[5.463s][info ][gc,phases     ] GC(131)   Evacuate Collection Set: 7.4ms
[5.463s][info ][gc,phases     ] GC(131)   Post Evacuate Collection Set: 0.7ms
[5.463s][info ][gc,phases     ] GC(131)   Other: 0.2ms
[5.463s][info ][gc,heap       ] GC(131) Eden regions: 58->0(47)
[5.463s][info ][gc,heap       ] GC(131) Survivor regions: 10->9(9)
[5.463s][info ][gc,heap       ] GC(131) Old regions: 771->800
[5.463s][info ][gc,heap       ] GC(131) Archive regions: 0->0
[5.463s][info ][gc,heap       ] GC(131) Humongous regions: 0->0
[5.463s][info ][gc,metaspace  ] GC(131) Metaspace: 6341K(6464K)->6341K(6464K) NonClass: 5794K(5824K)->5794K(5824K) Class: 546K(640K)->546K(640K)
[5.463s][debug][gc,heap       ] GC(131) Heap after GC invocations=132 (full 0):
[5.463s][debug][gc,heap       ] GC(131)  garbage-first heap   total 1048576K, used 827992K [0x00000000c0000000, 0x0000000100000000)
[5.463s][debug][gc,heap       ] GC(131)   region size 1024K, 9 young (9216K), 9 survivors (9216K)
[5.463s][debug][gc,heap       ] GC(131)  Metaspace       used 6341K, committed 6464K, reserved 1114112K
[5.463s][debug][gc,heap       ] GC(131)   class space    used 546K, committed 640K, reserved 1048576K
[5.463s][info ][gc            ] GC(131) Pause Young (Normal) (G1 Evacuation Pause) 838M->808M(1024M) 8.682ms
[5.463s][info ][gc,cpu        ] GC(131) User=0.06s Sys=0.00s Real=0.00s
[5.463s][info ][safepoint     ] Safepoint "G1CollectForAllocation", Time since last: 8104702 ns, Reaching safepoint: 7600 ns, Cleanup: 6600 ns, At safepoint: 8857802 ns, Total: 8872002 ns
[5.471s][debug][gc,heap       ] GC(132) Heap before GC invocations=132 (full 0):
[5.471s][debug][gc,heap       ] GC(132)  garbage-first heap   total 1048576K, used 875096K [0x00000000c0000000, 0x0000000100000000)
[5.471s][debug][gc,heap       ] GC(132)   region size 1024K, 56 young (57344K), 9 survivors (9216K)
[5.471s][debug][gc,heap       ] GC(132)  Metaspace       used 6341K, committed 6464K, reserved 1114112K
[5.471s][debug][gc,heap       ] GC(132)   class space    used 546K, committed 640K, reserved 1048576K
[5.471s][info ][gc,start      ] GC(132) Pause Young (Normal) (G1 Evacuation Pause)
[5.471s][info ][gc,task       ] GC(132) Using 10 workers of 10 for evacuation
[5.471s][trace][gc,ergo,cset  ] GC(132) Start choosing CSet. Pending cards: 45 target pause time: 200.00ms
[5.471s][trace][gc,ergo,cset  ] GC(132) Added young regions to CSet. Eden: 47 regions, Survivors: 9 regions, predicted eden time: 5.59ms, predicted base time: 1.01ms, target pause time: 200.00ms, remaining time: 193.40ms
[5.471s][debug][gc,ergo       ] GC(132) Running G1 Merge Heap Roots using 10 workers for 56 regions
[5.478s][debug][gc,ergo       ] GC(132) Running G1 Rebuild Free List Task using 10 workers for rebuilding free list of regions
[5.478s][debug][gc,ergo,heap  ] GC(132) Heap expansion: short term pause time ratio 50.44% long term pause time ratio 54.40% threshold 7.69% pause time ratio 7.69% fully expanded true resize by 0B
[5.478s][debug][gc,ergo,ihop  ] GC(132) Request concurrent cycle initiation (occupancy higher than threshold) occupancy: 864026624B allocation request: 0B threshold: 853846783B (79.52) source: end of GC
[5.478s][debug][gc,ergo,refine] GC(132) Concurrent refinement times: Logged Cards Scan time goal: 20.00ms Logged Cards Scan time: 0.03ms HCC time: 0.00ms
[5.478s][trace][gc,ergo,refine] GC(132) Updating Refinement Zones: logged cards scan time: 0.026ms, processed cards: 28, goal time: 20.000ms
[5.478s][debug][gc,ergo,refine] GC(132) Updated Refinement Zones: green: 2560, yellow: 7680, red: 12800
[5.478s][info ][gc,phases     ] GC(132)   Pre Evacuate Collection Set: 0.2ms
[5.478s][info ][gc,phases     ] GC(132)   Merge Heap Roots: 0.2ms
[5.478s][info ][gc,phases     ] GC(132)   Evacuate Collection Set: 5.6ms
[5.478s][info ][gc,phases     ] GC(132)   Post Evacuate Collection Set: 0.5ms
[5.478s][info ][gc,phases     ] GC(132)   Other: 0.2ms
[5.478s][info ][gc,heap       ] GC(132) Eden regions: 47->0(44)
[5.478s][info ][gc,heap       ] GC(132) Survivor regions: 9->7(7)
[5.478s][info ][gc,heap       ] GC(132) Old regions: 800->824
[5.478s][info ][gc,heap       ] GC(132) Archive regions: 0->0
[5.478s][info ][gc,heap       ] GC(132) Humongous regions: 0->0
[5.478s][info ][gc,metaspace  ] GC(132) Metaspace: 6341K(6464K)->6341K(6464K) NonClass: 5794K(5824K)->5794K(5824K) Class: 546K(640K)->546K(640K)
[5.478s][debug][gc,heap       ] GC(132) Heap after GC invocations=133 (full 0):
[5.478s][debug][gc,heap       ] GC(132)  garbage-first heap   total 1048576K, used 850420K [0x00000000c0000000, 0x0000000100000000)
[5.478s][debug][gc,heap       ] GC(132)   region size 1024K, 7 young (7168K), 7 survivors (7168K)
[5.478s][debug][gc,heap       ] GC(132)  Metaspace       used 6341K, committed 6464K, reserved 1114112K
[5.478s][debug][gc,heap       ] GC(132)   class space    used 546K, committed 640K, reserved 1048576K
[5.478s][info ][gc            ] GC(132) Pause Young (Normal) (G1 Evacuation Pause) 855M->830M(1024M) 6.580ms
[5.478s][info ][gc,cpu        ] GC(132) User=0.05s Sys=0.00s Real=0.01s
[5.478s][info ][safepoint     ] Safepoint "G1CollectForAllocation", Time since last: 8245802 ns, Reaching safepoint: 11300 ns, Cleanup: 9800 ns, At safepoint: 6699201 ns, Total: 6720301 ns
[5.484s][debug][gc,heap       ] GC(133) Heap before GC invocations=133 (full 0):
[5.485s][debug][gc,heap       ] GC(133)  garbage-first heap   total 1048576K, used 894452K [0x00000000c0000000, 0x0000000100000000)
[5.485s][debug][gc,heap       ] GC(133)   region size 1024K, 51 young (52224K), 7 survivors (7168K)
[5.485s][debug][gc,heap       ] GC(133)  Metaspace       used 6341K, committed 6464K, reserved 1114112K
[5.485s][debug][gc,heap       ] GC(133)   class space    used 546K, committed 640K, reserved 1048576K
[5.485s][debug][gc,ergo       ] GC(133) Initiate concurrent cycle (concurrent cycle initiation requested)
[5.485s][info ][gc,start      ] GC(133) Pause Young (Concurrent Start) (G1 Evacuation Pause)
[5.485s][info ][gc,task       ] GC(133) Using 10 workers of 10 for evacuation
[5.485s][trace][gc,ergo,cset  ] GC(133) Start choosing CSet. Pending cards: 30 target pause time: 200.00ms
[5.485s][trace][gc,ergo,cset  ] GC(133) Added young regions to CSet. Eden: 44 regions, Survivors: 7 regions, predicted eden time: 4.97ms, predicted base time: 0.95ms, target pause time: 200.00ms, remaining time: 194.08ms
[5.485s][debug][gc,ergo       ] GC(133) Running G1 Merge Heap Roots using 10 workers for 51 regions
[5.490s][debug][gc,ergo       ] GC(133) Running G1 Rebuild Free List Task using 10 workers for rebuilding free list of regions
[5.491s][debug][gc,ergo,heap  ] GC(133) Heap expansion: short term pause time ratio 42.91% long term pause time ratio 52.28% threshold 7.69% pause time ratio 7.69% fully expanded true resize by 0B
[5.491s][debug][gc,ergo,refine] GC(133) Concurrent refinement times: Logged Cards Scan time goal: 20.00ms Logged Cards Scan time: 0.01ms HCC time: 0.00ms
[5.491s][trace][gc,ergo,refine] GC(133) Updating Refinement Zones: logged cards scan time: 0.008ms, processed cards: 14, goal time: 20.000ms
[5.491s][debug][gc,ergo,refine] GC(133) Updated Refinement Zones: green: 2560, yellow: 7680, red: 12800
[5.491s][info ][gc,phases     ] GC(133)   Pre Evacuate Collection Set: 0.2ms
[5.491s][info ][gc,phases     ] GC(133)   Merge Heap Roots: 0.2ms
[5.491s][info ][gc,phases     ] GC(133)   Evacuate Collection Set: 5.1ms
[5.491s][info ][gc,phases     ] GC(133)   Post Evacuate Collection Set: 0.6ms
[5.491s][info ][gc,phases     ] GC(133)   Other: 0.2ms
[5.491s][info ][gc,heap       ] GC(133) Eden regions: 44->0(44)
[5.491s][info ][gc,heap       ] GC(133) Survivor regions: 7->7(7)
[5.491s][info ][gc,heap       ] GC(133) Old regions: 824->843
[5.491s][info ][gc,heap       ] GC(133) Archive regions: 0->0
[5.491s][info ][gc,heap       ] GC(133) Humongous regions: 0->0
[5.491s][info ][gc,metaspace  ] GC(133) Metaspace: 6341K(6464K)->6341K(6464K) NonClass: 5794K(5824K)->5794K(5824K) Class: 546K(640K)->546K(640K)
[5.491s][debug][gc,heap       ] GC(133) Heap after GC invocations=134 (full 0):
[5.491s][debug][gc,heap       ] GC(133)  garbage-first heap   total 1048576K, used 870276K [0x00000000c0000000, 0x0000000100000000)
[5.491s][debug][gc,heap       ] GC(133)   region size 1024K, 7 young (7168K), 7 survivors (7168K)
[5.491s][debug][gc,heap       ] GC(133)  Metaspace       used 6341K, committed 6464K, reserved 1114112K
[5.491s][debug][gc,heap       ] GC(133)   class space    used 546K, committed 640K, reserved 1048576K
[5.491s][info ][gc            ] GC(133) Pause Young (Concurrent Start) (G1 Evacuation Pause) 874M->849M(1024M) 6.236ms
[5.491s][info ][gc,cpu        ] GC(133) User=0.05s Sys=0.00s Real=0.00s
[5.491s][info ][safepoint     ] Safepoint "G1CollectForAllocation", Time since last: 6626902 ns, Reaching safepoint: 6200 ns, Cleanup: 6000 ns, At safepoint: 6373502 ns, Total: 6385702 ns
[5.491s][info ][gc            ] GC(134) Concurrent Mark Cycle
[5.491s][info ][gc,marking    ] GC(134) Concurrent Clear Claimed Marks
[5.491s][info ][gc,marking    ] GC(134) Concurrent Clear Claimed Marks 0.009ms
[5.491s][info ][gc,marking    ] GC(134) Concurrent Scan Root Regions
[5.491s][debug][gc,ergo       ] GC(134) Running G1 Root Region Scan using 3 workers for 27 work units.
[5.491s][info ][gc,marking    ] GC(134) Concurrent Scan Root Regions 0.120ms
[5.491s][info ][gc,marking    ] GC(134) Concurrent Mark
[5.491s][info ][gc,marking    ] GC(134) Concurrent Mark From Roots
[5.491s][info ][gc,task       ] GC(134) Using 3 workers of 3 for marking
[5.496s][info ][gc,marking    ] GC(134) Concurrent Mark From Roots 4.497ms
[5.496s][info ][gc,marking    ] GC(134) Concurrent Preclean
[5.496s][info ][gc,marking    ] GC(134) Concurrent Preclean 0.068ms
[5.496s][info ][gc,start      ] GC(134) Pause Remark
[5.497s][debug][gc,ergo       ] GC(134) Running G1 Update RemSet Tracking Before Rebuild using 3 workers for 1024 regions in heap
[5.498s][info ][gc            ] GC(134) Pause Remark 879M->543M(1024M) 1.673ms
[5.498s][info ][gc,cpu        ] GC(134) User=0.00s Sys=0.00s Real=0.00s
[5.498s][info ][safepoint     ] Safepoint "G1PauseRemark", Time since last: 4950201 ns, Reaching safepoint: 116300 ns, Cleanup: 9800 ns, At safepoint: 1741700 ns, Total: 1867800 ns
[5.498s][info ][gc,marking    ] GC(134) Concurrent Mark 6.694ms
[5.498s][info ][gc,marking    ] GC(134) Concurrent Rebuild Remembered Sets
[5.500s][debug][gc,heap       ] GC(135) Heap before GC invocations=134 (full 0):
[5.501s][debug][gc,heap       ] GC(135)  garbage-first heap   total 1048576K, used 570244K [0x00000000c0000000, 0x0000000100000000)
[5.501s][debug][gc,heap       ] GC(135)   region size 1024K, 51 young (52224K), 7 survivors (7168K)
[5.501s][debug][gc,heap       ] GC(135)  Metaspace       used 6341K, committed 6464K, reserved 1114112K
[5.501s][debug][gc,heap       ] GC(135)   class space    used 546K, committed 640K, reserved 1048576K
[5.501s][info ][gc,start      ] GC(135) Pause Young (Normal) (G1 Evacuation Pause)
[5.501s][info ][gc,task       ] GC(135) Using 10 workers of 10 for evacuation
[5.501s][trace][gc,ergo,cset  ] GC(135) Start choosing CSet. Pending cards: 56 target pause time: 200.00ms
[5.501s][trace][gc,ergo,cset  ] GC(135) Added young regions to CSet. Eden: 44 regions, Survivors: 7 regions, predicted eden time: 4.90ms, predicted base time: 0.95ms, target pause time: 200.00ms, remaining time: 194.15ms
[5.501s][debug][gc,ergo       ] GC(135) Running G1 Merge Heap Roots using 10 workers for 51 regions
[5.506s][debug][gc,ergo       ] GC(135) Running G1 Rebuild Free List Task using 10 workers for rebuilding free list of regions
[5.506s][debug][gc,ergo,heap  ] GC(135) Heap expansion: short term pause time ratio 23.74% long term pause time ratio 48.55% threshold 7.69% pause time ratio 7.69% fully expanded true resize by 0B
[5.506s][debug][gc,ergo,refine] GC(135) Concurrent refinement times: Logged Cards Scan time goal: 20.00ms Logged Cards Scan time: 0.01ms HCC time: 0.00ms
[5.506s][trace][gc,ergo,refine] GC(135) Updating Refinement Zones: logged cards scan time: 0.010ms, processed cards: 45, goal time: 20.000ms
[5.506s][debug][gc,ergo,refine] GC(135) Updated Refinement Zones: green: 2560, yellow: 7680, red: 12800
[5.506s][info ][gc,phases     ] GC(135)   Pre Evacuate Collection Set: 0.2ms
[5.506s][info ][gc,phases     ] GC(135)   Merge Heap Roots: 0.2ms
[5.506s][info ][gc,phases     ] GC(135)   Evacuate Collection Set: 4.7ms
[5.506s][info ][gc,phases     ] GC(135)   Post Evacuate Collection Set: 0.5ms
[5.506s][info ][gc,phases     ] GC(135)   Other: 0.3ms
[5.506s][info ][gc,heap       ] GC(135) Eden regions: 44->0(182)
[5.506s][info ][gc,heap       ] GC(135) Survivor regions: 7->7(7)
[5.506s][info ][gc,heap       ] GC(135) Old regions: 507->526
[5.506s][info ][gc,heap       ] GC(135) Archive regions: 0->0
[5.506s][info ][gc,heap       ] GC(135) Humongous regions: 0->0
[5.506s][info ][gc,metaspace  ] GC(135) Metaspace: 6341K(6464K)->6341K(6464K) NonClass: 5794K(5824K)->5794K(5824K) Class: 546K(640K)->546K(640K)
[5.506s][debug][gc,heap       ] GC(135) Heap after GC invocations=135 (full 0):
[5.506s][debug][gc,heap       ] GC(135)  garbage-first heap   total 1048576K, used 545368K [0x00000000c0000000, 0x0000000100000000)
[5.506s][debug][gc,heap       ] GC(135)   region size 1024K, 7 young (7168K), 7 survivors (7168K)
[5.506s][debug][gc,heap       ] GC(135)  Metaspace       used 6341K, committed 6464K, reserved 1114112K
[5.506s][debug][gc,heap       ] GC(135)   class space    used 546K, committed 640K, reserved 1048576K
[5.506s][info ][gc            ] GC(135) Pause Young (Normal) (G1 Evacuation Pause) 557M->532M(1024M) 5.747ms
[5.506s][info ][gc,cpu        ] GC(135) User=0.05s Sys=0.00s Real=0.01s
[5.506s][info ][safepoint     ] Safepoint "G1CollectForAllocation", Time since last: 2543201 ns, Reaching safepoint: 140100 ns, Cleanup: 16200 ns, At safepoint: 6063701 ns, Total: 6220001 ns
[5.508s][info ][gc,marking    ] GC(134) Concurrent Rebuild Remembered Sets 10.159ms
[5.508s][info ][gc,start      ] GC(134) Pause Cleanup
[5.509s][debug][gc,ergo,cset  ] GC(134) Pruned 130 regions out of 454, leaving 53667944 bytes waste (allowed 53687091)
[5.509s][info ][gc            ] GC(134) Pause Cleanup 543M->543M(1024M) 0.553ms
[5.509s][info ][gc,cpu        ] GC(134) User=0.00s Sys=0.00s Real=0.00s
[5.509s][info ][safepoint     ] Safepoint "G1PauseCleanup", Time since last: 1643301 ns, Reaching safepoint: 6500 ns, Cleanup: 6500 ns, At safepoint: 581700 ns, Total: 594700 ns
[5.509s][info ][gc,marking    ] GC(134) Concurrent Cleanup for Next Mark
[5.509s][debug][gc,ergo       ] GC(134) Running G1 Clear Bitmap with 3 workers for 16 work units.
[5.511s][info ][gc,marking    ] GC(134) Concurrent Cleanup for Next Mark 2.675ms
[5.512s][info ][gc            ] GC(134) Concurrent Mark Cycle 20.738ms
[5.539s][debug][gc,heap       ] GC(136) Heap before GC invocations=136 (full 0):
[5.539s][debug][gc,heap       ] GC(136)  garbage-first heap   total 1048576K, used 730712K [0x00000000c0000000, 0x0000000100000000)
[5.539s][debug][gc,heap       ] GC(136)   region size 1024K, 189 young (193536K), 7 survivors (7168K)
[5.539s][debug][gc,heap       ] GC(136)  Metaspace       used 6341K, committed 6464K, reserved 1114112K
[5.539s][debug][gc,heap       ] GC(136)   class space    used 546K, committed 640K, reserved 1048576K
[5.539s][info ][gc,start      ] GC(136) Pause Young (Prepare Mixed) (G1 Evacuation Pause)
[5.539s][info ][gc,task       ] GC(136) Using 10 workers of 10 for evacuation
[5.539s][trace][gc,ergo,cset  ] GC(136) Start choosing CSet. Pending cards: 56 target pause time: 200.00ms
[5.539s][trace][gc,ergo,cset  ] GC(136) Added young regions to CSet. Eden: 182 regions, Survivors: 7 regions, predicted eden time: 17.21ms, predicted base time: 0.98ms, target pause time: 200.00ms, remaining time: 181.81ms
[5.540s][debug][gc,ergo       ] GC(136) Running G1 Merge Heap Roots using 10 workers for 189 regions
[5.555s][debug][gc,ergo       ] GC(136) Running G1 Rebuild Free List Task using 10 workers for rebuilding free list of regions
[5.555s][debug][gc,ergo,heap  ] GC(136) Heap expansion: short term pause time ratio 21.61% long term pause time ratio 45.83% threshold 7.69% pause time ratio 7.69% fully expanded true resize by 0B
[5.555s][debug][gc,ergo,refine] GC(136) Concurrent refinement times: Logged Cards Scan time goal: 20.00ms Logged Cards Scan time: 0.02ms HCC time: 0.00ms
[5.555s][trace][gc,ergo,refine] GC(136) Updating Refinement Zones: logged cards scan time: 0.024ms, processed cards: 39, goal time: 19.999ms
[5.555s][debug][gc,ergo,refine] GC(136) Updated Refinement Zones: green: 2560, yellow: 7680, red: 12800
[5.555s][info ][gc,phases     ] GC(136)   Pre Evacuate Collection Set: 0.2ms
[5.555s][info ][gc,phases     ] GC(136)   Merge Heap Roots: 0.2ms
[5.555s][info ][gc,phases     ] GC(136)   Evacuate Collection Set: 14.7ms
[5.555s][info ][gc,phases     ] GC(136)   Post Evacuate Collection Set: 0.8ms
[5.555s][info ][gc,phases     ] GC(136)   Other: 0.2ms
[5.555s][info ][gc,heap       ] GC(136) Eden regions: 182->0(27)
[5.555s][info ][gc,heap       ] GC(136) Survivor regions: 7->24(24)
[5.555s][info ][gc,heap       ] GC(136) Old regions: 526->578
[5.555s][info ][gc,heap       ] GC(136) Archive regions: 0->0
[5.555s][info ][gc,heap       ] GC(136) Humongous regions: 0->0
[5.555s][info ][gc,metaspace  ] GC(136) Metaspace: 6341K(6464K)->6341K(6464K) NonClass: 5794K(5824K)->5794K(5824K) Class: 546K(640K)->546K(640K)
[5.555s][debug][gc,heap       ] GC(136) Heap after GC invocations=137 (full 0):
[5.555s][debug][gc,heap       ] GC(136)  garbage-first heap   total 1048576K, used 616424K [0x00000000c0000000, 0x0000000100000000)
[5.555s][debug][gc,heap       ] GC(136)   region size 1024K, 24 young (24576K), 24 survivors (24576K)
[5.555s][debug][gc,heap       ] GC(136)  Metaspace       used 6341K, committed 6464K, reserved 1114112K
[5.555s][debug][gc,heap       ] GC(136)   class space    used 546K, committed 640K, reserved 1048576K
[5.555s][info ][gc            ] GC(136) Pause Young (Prepare Mixed) (G1 Evacuation Pause) 714M->601M(1024M) 16.094ms
[5.555s][info ][gc,cpu        ] GC(136) User=0.15s Sys=0.00s Real=0.02s
[5.555s][info ][safepoint     ] Safepoint "G1CollectForAllocation", Time since last: 30467907 ns, Reaching safepoint: 9100 ns, Cleanup: 7700 ns, At safepoint: 16230004 ns, Total: 16246804 ns
[5.559s][debug][gc,heap       ] GC(137) Heap before GC invocations=137 (full 0):
[5.559s][debug][gc,heap       ] GC(137)  garbage-first heap   total 1048576K, used 643048K [0x00000000c0000000, 0x0000000100000000)
[5.559s][debug][gc,heap       ] GC(137)   region size 1024K, 51 young (52224K), 24 survivors (24576K)
[5.559s][debug][gc,heap       ] GC(137)  Metaspace       used 6341K, committed 6464K, reserved 1114112K
[5.559s][debug][gc,heap       ] GC(137)   class space    used 546K, committed 640K, reserved 1048576K
[5.560s][info ][gc,start      ] GC(137) Pause Young (Mixed) (G1 Evacuation Pause)
[5.560s][info ][gc,task       ] GC(137) Using 10 workers of 10 for evacuation
[5.560s][trace][gc,ergo,cset  ] GC(137) Start choosing CSet. Pending cards: 42 target pause time: 200.00ms
[5.560s][trace][gc,ergo,cset  ] GC(137) Added young regions to CSet. Eden: 27 regions, Survivors: 24 regions, predicted eden time: 2.98ms, predicted base time: 1.23ms, target pause time: 200.00ms, remaining time: 195.79ms
[5.560s][debug][gc,ergo,cset  ] GC(137) Start adding old regions to collection set. Min 41 regions, max 103 regions, time remaining 195.79ms, optional threshold 39.16ms
[5.560s][debug][gc,ergo,cset  ] GC(137) Finish adding old regions to collection set (Maximum number of regions). Initial 103 regions, optional 0 regions
[5.560s][debug][gc,ergo,cset  ] GC(137) Finish choosing collection set old regions. Initial: 103, optional: 0, predicted old time: 0.00ms, predicted optional time: 0.00ms, time remaining: 193.44
[5.560s][debug][gc,ergo       ] GC(137) Running G1 Merge Heap Roots using 10 workers for 154 regions
[5.569s][debug][gc,ergo       ] GC(137) Running G1 Rebuild Free List Task using 10 workers for rebuilding free list of regions
[5.569s][debug][gc,ergo,heap  ] GC(137) Heap expansion: short term pause time ratio 34.24% long term pause time ratio 42.47% threshold 7.69% pause time ratio 7.69% fully expanded true resize by 0B
[5.569s][debug][gc,ergo,refine] GC(137) Concurrent refinement times: Logged Cards Scan time goal: 20.00ms Logged Cards Scan time: 0.01ms HCC time: 0.00ms
[5.569s][trace][gc,ergo,refine] GC(137) Updating Refinement Zones: logged cards scan time: 0.014ms, processed cards: 15, goal time: 19.999ms
[5.569s][debug][gc,ergo,refine] GC(137) Updated Refinement Zones: green: 2560, yellow: 7680, red: 12800
[5.569s][info ][gc,phases     ] GC(137)   Pre Evacuate Collection Set: 0.3ms
[5.569s][info ][gc,phases     ] GC(137)   Merge Heap Roots: 0.2ms
[5.569s][info ][gc,phases     ] GC(137)   Evacuate Collection Set: 7.9ms
[5.569s][info ][gc,phases     ] GC(137)   Post Evacuate Collection Set: 1.1ms
[5.569s][info ][gc,phases     ] GC(137)   Other: 0.2ms
[5.569s][info ][gc,heap       ] GC(137) Eden regions: 27->0(44)
[5.569s][info ][gc,heap       ] GC(137) Survivor regions: 24->7(7)
[5.569s][info ][gc,heap       ] GC(137) Old regions: 578->509
[5.569s][info ][gc,heap       ] GC(137) Archive regions: 0->0
[5.569s][info ][gc,heap       ] GC(137) Humongous regions: 0->0
[5.569s][info ][gc,metaspace  ] GC(137) Metaspace: 6341K(6464K)->6341K(6464K) NonClass: 5794K(5824K)->5794K(5824K) Class: 546K(640K)->546K(640K)
[5.569s][debug][gc,heap       ] GC(137) Heap after GC invocations=138 (full 0):
[5.569s][debug][gc,heap       ] GC(137)  garbage-first heap   total 1048576K, used 528160K [0x00000000c0000000, 0x0000000100000000)
[5.569s][debug][gc,heap       ] GC(137)   region size 1024K, 7 young (7168K), 7 survivors (7168K)
[5.569s][debug][gc,heap       ] GC(137)  Metaspace       used 6341K, committed 6464K, reserved 1114112K
[5.569s][debug][gc,heap       ] GC(137)   class space    used 546K, committed 640K, reserved 1048576K
[5.569s][info ][gc            ] GC(137) Pause Young (Mixed) (G1 Evacuation Pause) 628M->515M(1024M) 9.704ms
[5.569s][info ][gc,cpu        ] GC(137) User=0.08s Sys=0.00s Real=0.01s
[5.569s][info ][safepoint     ] Safepoint "G1CollectForAllocation", Time since last: 4011201 ns, Reaching safepoint: 7700 ns, Cleanup: 8100 ns, At safepoint: 9841803 ns, Total: 9857603 ns
[5.574s][debug][gc,heap       ] GC(138) Heap before GC invocations=138 (full 0):
[5.574s][debug][gc,heap       ] GC(138)  garbage-first heap   total 1048576K, used 572192K [0x00000000c0000000, 0x0000000100000000)
[5.574s][debug][gc,heap       ] GC(138)   region size 1024K, 51 young (52224K), 7 survivors (7168K)
[5.574s][debug][gc,heap       ] GC(138)  Metaspace       used 6341K, committed 6464K, reserved 1114112K
[5.574s][debug][gc,heap       ] GC(138)   class space    used 546K, committed 640K, reserved 1048576K
[5.574s][info ][gc,start      ] GC(138) Pause Young (Mixed) (G1 Evacuation Pause)
[5.574s][info ][gc,task       ] GC(138) Using 10 workers of 10 for evacuation
[5.574s][trace][gc,ergo,cset  ] GC(138) Start choosing CSet. Pending cards: 49 target pause time: 200.00ms
[5.574s][trace][gc,ergo,cset  ] GC(138) Added young regions to CSet. Eden: 44 regions, Survivors: 7 regions, predicted eden time: 4.64ms, predicted base time: 1.39ms, target pause time: 200.00ms, remaining time: 193.97ms
[5.574s][debug][gc,ergo,cset  ] GC(138) Start adding old regions to collection set. Min 41 regions, max 103 regions, time remaining 193.97ms, optional threshold 38.79ms
[5.574s][debug][gc,ergo,cset  ] GC(138) Finish adding old regions to collection set (Maximum number of regions). Initial 103 regions, optional 0 regions
[5.574s][debug][gc,ergo,cset  ] GC(138) Finish choosing collection set old regions. Initial: 103, optional: 0, predicted old time: 0.00ms, predicted optional time: 0.00ms, time remaining: 190.70
[5.574s][debug][gc,ergo       ] GC(138) Running G1 Merge Heap Roots using 10 workers for 154 regions
[5.582s][debug][gc,ergo       ] GC(138) Running G1 Rebuild Free List Task using 10 workers for rebuilding free list of regions
[5.582s][debug][gc,ergo,heap  ] GC(138) Heap expansion: short term pause time ratio 68.88% long term pause time ratio 44.75% threshold 7.69% pause time ratio 7.69% fully expanded true resize by 0B
[5.582s][debug][gc,ergo,refine] GC(138) Concurrent refinement times: Logged Cards Scan time goal: 20.00ms Logged Cards Scan time: 0.01ms HCC time: 0.00ms
[5.582s][trace][gc,ergo,refine] GC(138) Updating Refinement Zones: logged cards scan time: 0.011ms, processed cards: 15, goal time: 19.999ms
[5.582s][debug][gc,ergo,refine] GC(138) Updated Refinement Zones: green: 2560, yellow: 7680, red: 12800
[5.582s][info ][gc,phases     ] GC(138)   Pre Evacuate Collection Set: 0.3ms
[5.582s][info ][gc,phases     ] GC(138)   Merge Heap Roots: 0.2ms
[5.582s][info ][gc,phases     ] GC(138)   Evacuate Collection Set: 6.9ms
[5.582s][info ][gc,phases     ] GC(138)   Post Evacuate Collection Set: 0.7ms
[5.582s][info ][gc,phases     ] GC(138)   Other: 0.2ms
[5.582s][info ][gc,heap       ] GC(138) Eden regions: 44->0(44)
[5.582s][info ][gc,heap       ] GC(138) Survivor regions: 7->7(7)
[5.582s][info ][gc,heap       ] GC(138) Old regions: 509->434
[5.582s][info ][gc,heap       ] GC(138) Archive regions: 0->0
[5.582s][info ][gc,heap       ] GC(138) Humongous regions: 0->0
[5.582s][info ][gc,metaspace  ] GC(138) Metaspace: 6341K(6464K)->6341K(6464K) NonClass: 5794K(5824K)->5794K(5824K) Class: 546K(640K)->546K(640K)
[5.582s][debug][gc,heap       ] GC(138) Heap after GC invocations=139 (full 0):
[5.582s][debug][gc,heap       ] GC(138)  garbage-first heap   total 1048576K, used 451560K [0x00000000c0000000, 0x0000000100000000)
[5.582s][debug][gc,heap       ] GC(138)   region size 1024K, 7 young (7168K), 7 survivors (7168K)
[5.582s][debug][gc,heap       ] GC(138)  Metaspace       used 6341K, committed 6464K, reserved 1114112K
[5.582s][debug][gc,heap       ] GC(138)   class space    used 546K, committed 640K, reserved 1048576K
[5.582s][info ][gc            ] GC(138) Pause Young (Mixed) (G1 Evacuation Pause) 559M->440M(1024M) 8.214ms
[5.582s][info ][gc,cpu        ] GC(138) User=0.07s Sys=0.00s Real=0.00s
[5.582s][info ][safepoint     ] Safepoint "G1CollectForAllocation", Time since last: 4592901 ns, Reaching safepoint: 6800 ns, Cleanup: 8800 ns, At safepoint: 8330002 ns, Total: 8345602 ns
[5.587s][debug][gc,heap       ] GC(139) Heap before GC invocations=139 (full 0):
[5.587s][debug][gc,heap       ] GC(139)  garbage-first heap   total 1048576K, used 495592K [0x00000000c0000000, 0x0000000100000000)
[5.587s][debug][gc,heap       ] GC(139)   region size 1024K, 51 young (52224K), 7 survivors (7168K)
[5.587s][debug][gc,heap       ] GC(139)  Metaspace       used 6341K, committed 6464K, reserved 1114112K
[5.587s][debug][gc,heap       ] GC(139)   class space    used 546K, committed 640K, reserved 1048576K
[5.587s][info ][gc,start      ] GC(139) Pause Young (Mixed) (G1 Evacuation Pause)
[5.587s][info ][gc,task       ] GC(139) Using 10 workers of 10 for evacuation
[5.587s][trace][gc,ergo,cset  ] GC(139) Start choosing CSet. Pending cards: 63 target pause time: 200.00ms
[5.587s][trace][gc,ergo,cset  ] GC(139) Added young regions to CSet. Eden: 44 regions, Survivors: 7 regions, predicted eden time: 4.62ms, predicted base time: 1.34ms, target pause time: 200.00ms, remaining time: 194.03ms
[5.587s][debug][gc,ergo,cset  ] GC(139) Start adding old regions to collection set. Min 41 regions, max 103 regions, time remaining 194.03ms, optional threshold 38.81ms
[5.587s][debug][gc,ergo,cset  ] GC(139) Finish adding old regions to collection set (Maximum number of regions). Initial 103 regions, optional 0 regions
[5.587s][debug][gc,ergo,cset  ] GC(139) Finish choosing collection set old regions. Initial: 103, optional: 0, predicted old time: 0.00ms, predicted optional time: 0.00ms, time remaining: 187.68
[5.588s][debug][gc,ergo       ] GC(139) Running G1 Merge Heap Roots using 10 workers for 154 regions
[5.596s][debug][gc,ergo       ] GC(139) Running G1 Rebuild Free List Task using 10 workers for rebuilding free list of regions
[5.596s][debug][gc,ergo,heap  ] GC(139) Heap expansion: short term pause time ratio 62.32% long term pause time ratio 46.29% threshold 7.69% pause time ratio 7.69% fully expanded true resize by 0B
[5.596s][debug][gc,ergo,refine] GC(139) Concurrent refinement times: Logged Cards Scan time goal: 20.00ms Logged Cards Scan time: 0.01ms HCC time: 0.00ms
[5.596s][trace][gc,ergo,refine] GC(139) Updating Refinement Zones: logged cards scan time: 0.013ms, processed cards: 31, goal time: 19.999ms
[5.596s][debug][gc,ergo,refine] GC(139) Updated Refinement Zones: green: 2560, yellow: 7680, red: 12800
[5.596s][info ][gc,phases     ] GC(139)   Pre Evacuate Collection Set: 0.3ms
[5.596s][info ][gc,phases     ] GC(139)   Merge Heap Roots: 0.2ms
[5.596s][info ][gc,phases     ] GC(139)   Evacuate Collection Set: 7.6ms
[5.596s][info ][gc,phases     ] GC(139)   Post Evacuate Collection Set: 0.8ms
[5.596s][info ][gc,phases     ] GC(139)   Other: 0.2ms
[5.596s][info ][gc,heap       ] GC(139) Eden regions: 44->0(44)
[5.596s][info ][gc,heap       ] GC(139) Survivor regions: 7->7(7)
[5.596s][info ][gc,heap       ] GC(139) Old regions: 434->365
[5.596s][info ][gc,heap       ] GC(139) Archive regions: 0->0
[5.596s][info ][gc,heap       ] GC(139) Humongous regions: 0->0
[5.596s][info ][gc,metaspace  ] GC(139) Metaspace: 6341K(6464K)->6341K(6464K) NonClass: 5794K(5824K)->5794K(5824K) Class: 546K(640K)->546K(640K)
[5.596s][debug][gc,heap       ] GC(139) Heap after GC invocations=140 (full 0):
[5.596s][debug][gc,heap       ] GC(139)  garbage-first heap   total 1048576K, used 380804K [0x00000000c0000000, 0x0000000100000000)
[5.596s][debug][gc,heap       ] GC(139)   region size 1024K, 7 young (7168K), 7 survivors (7168K)
[5.596s][debug][gc,heap       ] GC(139)  Metaspace       used 6341K, committed 6464K, reserved 1114112K
[5.596s][debug][gc,heap       ] GC(139)   class space    used 546K, committed 640K, reserved 1048576K
[5.596s][info ][gc            ] GC(139) Pause Young (Mixed) (G1 Evacuation Pause) 484M->371M(1024M) 9.074ms
[5.596s][info ][gc,cpu        ] GC(139) User=0.08s Sys=0.00s Real=0.01s
[5.596s][info ][safepoint     ] Safepoint "G1CollectForAllocation", Time since last: 4883701 ns, Reaching safepoint: 7300 ns, Cleanup: 5600 ns, At safepoint: 9198702 ns, Total: 9211602 ns
[5.600s][debug][gc,heap       ] GC(140) Heap before GC invocations=140 (full 0):
[5.600s][debug][gc,heap       ] GC(140)  garbage-first heap   total 1048576K, used 424836K [0x00000000c0000000, 0x0000000100000000)
[5.600s][debug][gc,heap       ] GC(140)   region size 1024K, 51 young (52224K), 7 survivors (7168K)
[5.600s][debug][gc,heap       ] GC(140)  Metaspace       used 6341K, committed 6464K, reserved 1114112K
[5.600s][debug][gc,heap       ] GC(140)   class space    used 546K, committed 640K, reserved 1048576K
[5.600s][info ][gc,start      ] GC(140) Pause Young (Mixed) (G1 Evacuation Pause)
[5.600s][info ][gc,task       ] GC(140) Using 10 workers of 10 for evacuation
[5.600s][trace][gc,ergo,cset  ] GC(140) Start choosing CSet. Pending cards: 40 target pause time: 200.00ms
[5.600s][trace][gc,ergo,cset  ] GC(140) Added young regions to CSet. Eden: 44 regions, Survivors: 7 regions, predicted eden time: 4.63ms, predicted base time: 1.30ms, target pause time: 200.00ms, remaining time: 194.07ms
[5.600s][debug][gc,ergo,cset  ] GC(140) Start adding old regions to collection set. Min 41 regions, max 103 regions, time remaining 194.07ms, optional threshold 38.81ms
[5.600s][debug][gc,ergo,cset  ] GC(140) Old candidate collection set empty.
[5.600s][debug][gc,ergo,cset  ] GC(140) Finish choosing collection set old regions. Initial: 15, optional: 0, predicted old time: 0.00ms, predicted optional time: 0.00ms, time remaining: 192.90
[5.601s][debug][gc,ergo       ] GC(140) Running G1 Merge Heap Roots using 10 workers for 66 regions
[5.607s][debug][gc,ergo       ] GC(140) Running G1 Rebuild Free List Task using 10 workers for rebuilding free list of regions
[5.607s][debug][gc,ergo,heap  ] GC(140) Heap expansion: short term pause time ratio 63.45% long term pause time ratio 47.45% threshold 7.69% pause time ratio 7.69% fully expanded true resize by 0B
[5.607s][debug][gc,ergo       ] GC(140) do not continue mixed GCs (candidate old regions not available)
[5.607s][debug][gc,ergo,refine] GC(140) Concurrent refinement times: Logged Cards Scan time goal: 20.00ms Logged Cards Scan time: 0.01ms HCC time: 0.00ms
[5.607s][trace][gc,ergo,refine] GC(140) Updating Refinement Zones: logged cards scan time: 0.013ms, processed cards: 20, goal time: 19.999ms
[5.607s][debug][gc,ergo,refine] GC(140) Updated Refinement Zones: green: 2560, yellow: 7680, red: 12800
[5.607s][info ][gc,phases     ] GC(140)   Pre Evacuate Collection Set: 0.3ms
[5.607s][info ][gc,phases     ] GC(140)   Merge Heap Roots: 0.2ms
[5.607s][info ][gc,phases     ] GC(140)   Evacuate Collection Set: 5.6ms
[5.607s][info ][gc,phases     ] GC(140)   Post Evacuate Collection Set: 0.6ms
[5.607s][info ][gc,phases     ] GC(140)   Other: 0.2ms
[5.607s][info ][gc,heap       ] GC(140) Eden regions: 44->0(261)
[5.607s][info ][gc,heap       ] GC(140) Survivor regions: 7->7(7)
[5.607s][info ][gc,heap       ] GC(140) Old regions: 365->372
[5.607s][info ][gc,heap       ] GC(140) Archive regions: 0->0
[5.607s][info ][gc,heap       ] GC(140) Humongous regions: 0->0
[5.607s][info ][gc,metaspace  ] GC(140) Metaspace: 6341K(6464K)->6341K(6464K) NonClass: 5794K(5824K)->5794K(5824K) Class: 546K(640K)->546K(640K)
[5.607s][debug][gc,heap       ] GC(140) Heap after GC invocations=141 (full 0):
[5.607s][debug][gc,heap       ] GC(140)  garbage-first heap   total 1048576K, used 387672K [0x00000000c0000000, 0x0000000100000000)
[5.607s][debug][gc,heap       ] GC(140)   region size 1024K, 7 young (7168K), 7 survivors (7168K)
[5.607s][debug][gc,heap       ] GC(140)  Metaspace       used 6341K, committed 6464K, reserved 1114112K
[5.607s][debug][gc,heap       ] GC(140)   class space    used 546K, committed 640K, reserved 1048576K
[5.607s][info ][gc            ] GC(140) Pause Young (Mixed) (G1 Evacuation Pause) 415M->378M(1024M) 6.830ms
[5.607s][info ][gc,cpu        ] GC(140) User=0.06s Sys=0.00s Real=0.01s
[5.607s][info ][safepoint     ] Safepoint "G1CollectForAllocation", Time since last: 3828201 ns, Reaching safepoint: 6200 ns, Cleanup: 6100 ns, At safepoint: 6942702 ns, Total: 6955002 ns
[5.644s][debug][gc,heap       ] GC(141) Heap before GC invocations=141 (full 0):
[5.644s][debug][gc,heap       ] GC(141)  garbage-first heap   total 1048576K, used 653912K [0x00000000c0000000, 0x0000000100000000)
[5.644s][debug][gc,heap       ] GC(141)   region size 1024K, 268 young (274432K), 7 survivors (7168K)
[5.644s][debug][gc,heap       ] GC(141)  Metaspace       used 6341K, committed 6464K, reserved 1114112K
[5.644s][debug][gc,heap       ] GC(141)   class space    used 546K, committed 640K, reserved 1048576K
[5.644s][info ][gc,start      ] GC(141) Pause Young (Normal) (G1 Evacuation Pause)
[5.644s][info ][gc,task       ] GC(141) Using 10 workers of 10 for evacuation
[5.644s][trace][gc,ergo,cset  ] GC(141) Start choosing CSet. Pending cards: 40 target pause time: 200.00ms
[5.644s][trace][gc,ergo,cset  ] GC(141) Added young regions to CSet. Eden: 261 regions, Survivors: 7 regions, predicted eden time: 23.59ms, predicted base time: 1.09ms, target pause time: 200.00ms, remaining time: 175.31ms
[5.645s][debug][gc,ergo       ] GC(141) Running G1 Merge Heap Roots using 10 workers for 268 regions
[5.666s][debug][gc,ergo       ] GC(141) Running G1 Rebuild Free List Task using 10 workers for rebuilding free list of regions
[5.666s][debug][gc,ergo,heap  ] GC(141) Heap expansion: short term pause time ratio 61.72% long term pause time ratio 48.17% threshold 7.69% pause time ratio 7.69% fully expanded true resize by 0B
[5.666s][debug][gc,ergo,refine] GC(141) Concurrent refinement times: Logged Cards Scan time goal: 20.00ms Logged Cards Scan time: 0.06ms HCC time: 0.00ms
[5.666s][trace][gc,ergo,refine] GC(141) Updating Refinement Zones: logged cards scan time: 0.058ms, processed cards: 15, goal time: 19.999ms
[5.666s][debug][gc,ergo,refine] GC(141) Updated Refinement Zones: green: 2560, yellow: 7680, red: 12800
[5.666s][info ][gc,phases     ] GC(141)   Pre Evacuate Collection Set: 0.3ms
[5.666s][info ][gc,phases     ] GC(141)   Merge Heap Roots: 0.2ms
[5.666s][info ][gc,phases     ] GC(141)   Evacuate Collection Set: 20.2ms
[5.666s][info ][gc,phases     ] GC(141)   Post Evacuate Collection Set: 1.0ms
[5.666s][info ][gc,phases     ] GC(141)   Other: 0.2ms
[5.666s][info ][gc,heap       ] GC(141) Eden regions: 261->0(219)
[5.666s][info ][gc,heap       ] GC(141) Survivor regions: 7->34(34)
[5.666s][info ][gc,heap       ] GC(141) Old regions: 372->437
[5.666s][info ][gc,heap       ] GC(141) Archive regions: 0->0
[5.666s][info ][gc,heap       ] GC(141) Humongous regions: 0->0
[5.666s][info ][gc,metaspace  ] GC(141) Metaspace: 6341K(6464K)->6341K(6464K) NonClass: 5794K(5824K)->5794K(5824K) Class: 546K(640K)->546K(640K)
[5.666s][debug][gc,heap       ] GC(141) Heap after GC invocations=142 (full 0):
[5.666s][debug][gc,heap       ] GC(141)  garbage-first heap   total 1048576K, used 481980K [0x00000000c0000000, 0x0000000100000000)
[5.666s][debug][gc,heap       ] GC(141)   region size 1024K, 34 young (34816K), 34 survivors (34816K)
[5.666s][debug][gc,heap       ] GC(141)  Metaspace       used 6341K, committed 6464K, reserved 1114112K
[5.666s][debug][gc,heap       ] GC(141)   class space    used 546K, committed 640K, reserved 1048576K
[5.666s][info ][gc            ] GC(141) Pause Young (Normal) (G1 Evacuation Pause) 639M->470M(1024M) 21.947ms
[5.666s][info ][gc,cpu        ] GC(141) User=0.19s Sys=0.00s Real=0.02s
[5.666s][info ][safepoint     ] Safepoint "G1CollectForAllocation", Time since last: 37123709 ns, Reaching safepoint: 6000 ns, Cleanup: 10100 ns, At safepoint: 22094705 ns, Total: 22110805 ns
[5.707s][debug][gc,heap       ] GC(142) Heap before GC invocations=142 (full 0):
[5.707s][debug][gc,heap       ] GC(142)  garbage-first heap   total 1048576K, used 705212K [0x00000000c0000000, 0x0000000100000000)
[5.707s][debug][gc,heap       ] GC(142)   region size 1024K, 253 young (259072K), 34 survivors (34816K)
[5.707s][debug][gc,heap       ] GC(142)  Metaspace       used 6341K, committed 6464K, reserved 1114112K
[5.707s][debug][gc,heap       ] GC(142)   class space    used 546K, committed 640K, reserved 1048576K
[5.707s][info ][gc,start      ] GC(142) Pause Young (Normal) (G1 Evacuation Pause)
[5.707s][info ][gc,task       ] GC(142) Using 10 workers of 10 for evacuation
[5.707s][trace][gc,ergo,cset  ] GC(142) Start choosing CSet. Pending cards: 42 target pause time: 200.00ms
[5.707s][trace][gc,ergo,cset  ] GC(142) Added young regions to CSet. Eden: 219 regions, Survivors: 34 regions, predicted eden time: 20.00ms, predicted base time: 1.23ms, target pause time: 200.00ms, remaining time: 178.77ms
[5.707s][debug][gc,ergo       ] GC(142) Running G1 Merge Heap Roots using 10 workers for 253 regions
[5.731s][debug][gc,ergo       ] GC(142) Running G1 Rebuild Free List Task using 10 workers for rebuilding free list of regions
[5.731s][debug][gc,ergo,heap  ] GC(142) Heap expansion: short term pause time ratio 36.73% long term pause time ratio 44.99% threshold 7.69% pause time ratio 7.69% fully expanded true resize by 0B
[5.731s][debug][gc,ergo,refine] GC(142) Concurrent refinement times: Logged Cards Scan time goal: 20.00ms Logged Cards Scan time: 0.09ms HCC time: 0.00ms
[5.731s][trace][gc,ergo,refine] GC(142) Updating Refinement Zones: logged cards scan time: 0.090ms, processed cards: 17, goal time: 19.999ms
[5.731s][debug][gc,ergo,refine] GC(142) Updated Refinement Zones: green: 2560, yellow: 7680, red: 12800
[5.731s][info ][gc,phases     ] GC(142)   Pre Evacuate Collection Set: 0.2ms
[5.731s][info ][gc,phases     ] GC(142)   Merge Heap Roots: 0.2ms
[5.731s][info ][gc,phases     ] GC(142)   Evacuate Collection Set: 22.6ms
[5.731s][info ][gc,phases     ] GC(142)   Post Evacuate Collection Set: 0.9ms
[5.731s][info ][gc,phases     ] GC(142)   Other: 0.3ms
[5.731s][info ][gc,heap       ] GC(142) Eden regions: 219->0(186)
[5.731s][info ][gc,heap       ] GC(142) Survivor regions: 34->32(32)
[5.731s][info ][gc,heap       ] GC(142) Old regions: 437->509
[5.731s][info ][gc,heap       ] GC(142) Archive regions: 0->0
[5.731s][info ][gc,heap       ] GC(142) Humongous regions: 0->0
[5.731s][info ][gc,metaspace  ] GC(142) Metaspace: 6341K(6464K)->6341K(6464K) NonClass: 5794K(5824K)->5794K(5824K) Class: 546K(640K)->546K(640K)
[5.731s][debug][gc,heap       ] GC(142) Heap after GC invocations=143 (full 0):
[5.731s][debug][gc,heap       ] GC(142)  garbage-first heap   total 1048576K, used 553860K [0x00000000c0000000, 0x0000000100000000)
[5.731s][debug][gc,heap       ] GC(142)   region size 1024K, 32 young (32768K), 32 survivors (32768K)
[5.731s][debug][gc,heap       ] GC(142)  Metaspace       used 6341K, committed 6464K, reserved 1114112K
[5.731s][debug][gc,heap       ] GC(142)   class space    used 546K, committed 640K, reserved 1048576K
[5.731s][info ][gc            ] GC(142) Pause Young (Normal) (G1 Evacuation Pause) 689M->540M(1024M) 24.224ms
[5.731s][info ][gc,cpu        ] GC(142) User=0.21s Sys=0.00s Real=0.02s
[5.731s][info ][safepoint     ] Safepoint "G1CollectForAllocation", Time since last: 40629210 ns, Reaching safepoint: 13200 ns, Cleanup: 9100 ns, At safepoint: 24397706 ns, Total: 24420006 ns
[5.759s][debug][gc,heap       ] GC(143) Heap before GC invocations=143 (full 0):
[5.759s][debug][gc,heap       ] GC(143)  garbage-first heap   total 1048576K, used 743300K [0x00000000c0000000, 0x0000000100000000)
[5.759s][debug][gc,heap       ] GC(143)   region size 1024K, 218 young (223232K), 32 survivors (32768K)
[5.759s][debug][gc,heap       ] GC(143)  Metaspace       used 6341K, committed 6464K, reserved 1114112K
[5.759s][debug][gc,heap       ] GC(143)   class space    used 546K, committed 640K, reserved 1048576K
[5.759s][info ][gc,start      ] GC(143) Pause Young (Normal) (G1 Evacuation Pause)
[5.759s][info ][gc,task       ] GC(143) Using 10 workers of 10 for evacuation
[5.759s][trace][gc,ergo,cset  ] GC(143) Start choosing CSet. Pending cards: 53 target pause time: 200.00ms
[5.759s][trace][gc,ergo,cset  ] GC(143) Added young regions to CSet. Eden: 186 regions, Survivors: 32 regions, predicted eden time: 17.74ms, predicted base time: 1.25ms, target pause time: 200.00ms, remaining time: 181.01ms
[5.760s][debug][gc,ergo       ] GC(143) Running G1 Merge Heap Roots using 10 workers for 218 regions
[5.779s][debug][gc,ergo       ] GC(143) Running G1 Rebuild Free List Task using 10 workers for rebuilding free list of regions
[5.780s][debug][gc,ergo,heap  ] GC(143) Heap expansion: short term pause time ratio 36.93% long term pause time ratio 42.70% threshold 7.69% pause time ratio 7.69% fully expanded true resize by 0B
[5.780s][debug][gc,ergo,refine] GC(143) Concurrent refinement times: Logged Cards Scan time goal: 20.00ms Logged Cards Scan time: 0.04ms HCC time: 0.00ms
[5.780s][trace][gc,ergo,refine] GC(143) Updating Refinement Zones: logged cards scan time: 0.040ms, processed cards: 28, goal time: 19.999ms
[5.780s][debug][gc,ergo,refine] GC(143) Updated Refinement Zones: green: 2560, yellow: 7680, red: 12800
[5.780s][info ][gc,phases     ] GC(143)   Pre Evacuate Collection Set: 0.2ms
[5.780s][info ][gc,phases     ] GC(143)   Merge Heap Roots: 0.2ms
[5.780s][info ][gc,phases     ] GC(143)   Evacuate Collection Set: 19.2ms
[5.780s][info ][gc,phases     ] GC(143)   Post Evacuate Collection Set: 0.7ms
[5.780s][info ][gc,phases     ] GC(143)   Other: 0.2ms
[5.780s][info ][gc,heap       ] GC(143) Eden regions: 186->0(155)
[5.780s][info ][gc,heap       ] GC(143) Survivor regions: 32->28(28)
[5.780s][info ][gc,heap       ] GC(143) Old regions: 509->574
[5.780s][info ][gc,heap       ] GC(143) Archive regions: 0->0
[5.780s][info ][gc,heap       ] GC(143) Humongous regions: 0->0
[5.780s][info ][gc,metaspace  ] GC(143) Metaspace: 6341K(6464K)->6341K(6464K) NonClass: 5794K(5824K)->5794K(5824K) Class: 546K(640K)->546K(640K)
[5.780s][debug][gc,heap       ] GC(143) Heap after GC invocations=144 (full 0):
[5.780s][debug][gc,heap       ] GC(143)  garbage-first heap   total 1048576K, used 616424K [0x00000000c0000000, 0x0000000100000000)
[5.780s][debug][gc,heap       ] GC(143)   region size 1024K, 28 young (28672K), 28 survivors (28672K)
[5.780s][debug][gc,heap       ] GC(143)  Metaspace       used 6341K, committed 6464K, reserved 1114112K
[5.780s][debug][gc,heap       ] GC(143)   class space    used 546K, committed 640K, reserved 1048576K
[5.780s][info ][gc            ] GC(143) Pause Young (Normal) (G1 Evacuation Pause) 726M->601M(1024M) 20.559ms
[5.780s][info ][gc,cpu        ] GC(143) User=0.19s Sys=0.00s Real=0.02s
[5.780s][info ][safepoint     ] Safepoint "G1CollectForAllocation", Time since last: 27792206 ns, Reaching safepoint: 5600 ns, Cleanup: 5200 ns, At safepoint: 20676105 ns, Total: 20686905 ns
[5.803s][debug][gc,heap       ] GC(144) Heap before GC invocations=144 (full 0):
[5.803s][debug][gc,heap       ] GC(144)  garbage-first heap   total 1048576K, used 774120K [0x00000000c0000000, 0x0000000100000000)
[5.803s][debug][gc,heap       ] GC(144)   region size 1024K, 183 young (187392K), 28 survivors (28672K)
[5.803s][debug][gc,heap       ] GC(144)  Metaspace       used 6341K, committed 6464K, reserved 1114112K
[5.803s][debug][gc,heap       ] GC(144)   class space    used 546K, committed 640K, reserved 1048576K
[5.804s][info ][gc,start      ] GC(144) Pause Young (Normal) (G1 Evacuation Pause)
[5.804s][info ][gc,task       ] GC(144) Using 10 workers of 10 for evacuation
[5.804s][trace][gc,ergo,cset  ] GC(144) Start choosing CSet. Pending cards: 51 target pause time: 200.00ms
[5.804s][trace][gc,ergo,cset  ] GC(144) Added young regions to CSet. Eden: 155 regions, Survivors: 28 regions, predicted eden time: 15.16ms, predicted base time: 1.18ms, target pause time: 200.00ms, remaining time: 183.66ms
[5.804s][debug][gc,ergo       ] GC(144) Running G1 Merge Heap Roots using 10 workers for 183 regions
[5.821s][debug][gc,ergo       ] GC(144) Running G1 Rebuild Free List Task using 10 workers for rebuilding free list of regions
[5.821s][debug][gc,ergo,heap  ] GC(144) Heap expansion: short term pause time ratio 42.02% long term pause time ratio 43.05% threshold 7.69% pause time ratio 7.69% fully expanded true resize by 0B
[5.821s][debug][gc,ergo,refine] GC(144) Concurrent refinement times: Logged Cards Scan time goal: 20.00ms Logged Cards Scan time: 0.07ms HCC time: 0.00ms
[5.821s][trace][gc,ergo,refine] GC(144) Updating Refinement Zones: logged cards scan time: 0.068ms, processed cards: 34, goal time: 19.999ms
[5.821s][debug][gc,ergo,refine] GC(144) Updated Refinement Zones: green: 2560, yellow: 7680, red: 12800
[5.821s][info ][gc,phases     ] GC(144)   Pre Evacuate Collection Set: 0.2ms
[5.821s][info ][gc,phases     ] GC(144)   Merge Heap Roots: 0.2ms
[5.821s][info ][gc,phases     ] GC(144)   Evacuate Collection Set: 16.3ms
[5.821s][info ][gc,phases     ] GC(144)   Post Evacuate Collection Set: 0.8ms
[5.821s][info ][gc,phases     ] GC(144)   Other: 0.2ms
[5.821s][info ][gc,heap       ] GC(144) Eden regions: 155->0(127)
[5.821s][info ][gc,heap       ] GC(144) Survivor regions: 28->23(23)
[5.821s][info ][gc,heap       ] GC(144) Old regions: 574->634
[5.821s][info ][gc,heap       ] GC(144) Archive regions: 0->0
[5.821s][info ][gc,heap       ] GC(144) Humongous regions: 0->0
[5.821s][info ][gc,metaspace  ] GC(144) Metaspace: 6341K(6464K)->6341K(6464K) NonClass: 5794K(5824K)->5794K(5824K) Class: 546K(640K)->546K(640K)
[5.821s][debug][gc,heap       ] GC(144) Heap after GC invocations=145 (full 0):
[5.821s][debug][gc,heap       ] GC(144)  garbage-first heap   total 1048576K, used 672244K [0x00000000c0000000, 0x0000000100000000)
[5.821s][debug][gc,heap       ] GC(144)   region size 1024K, 23 young (23552K), 23 survivors (23552K)
[5.821s][debug][gc,heap       ] GC(144)  Metaspace       used 6341K, committed 6464K, reserved 1114112K
[5.821s][debug][gc,heap       ] GC(144)   class space    used 546K, committed 640K, reserved 1048576K
[5.821s][info ][gc            ] GC(144) Pause Young (Normal) (G1 Evacuation Pause) 756M->656M(1024M) 17.699ms
[5.821s][info ][gc,cpu        ] GC(144) User=0.16s Sys=0.00s Real=0.01s
[5.821s][info ][safepoint     ] Safepoint "G1CollectForAllocation", Time since last: 23577306 ns, Reaching safepoint: 5400 ns, Cleanup: 6000 ns, At safepoint: 17814904 ns, Total: 17826304 ns
[5.839s][debug][gc,heap       ] GC(145) Heap before GC invocations=145 (full 0):
[5.839s][debug][gc,heap       ] GC(145)  garbage-first heap   total 1048576K, used 801268K [0x00000000c0000000, 0x0000000100000000)
[5.839s][debug][gc,heap       ] GC(145)   region size 1024K, 150 young (153600K), 23 survivors (23552K)
[5.839s][debug][gc,heap       ] GC(145)  Metaspace       used 6341K, committed 6464K, reserved 1114112K
[5.839s][debug][gc,heap       ] GC(145)   class space    used 546K, committed 640K, reserved 1048576K
[5.839s][info ][gc,start      ] GC(145) Pause Young (Normal) (G1 Evacuation Pause)
[5.839s][info ][gc,task       ] GC(145) Using 10 workers of 10 for evacuation
[5.839s][trace][gc,ergo,cset  ] GC(145) Start choosing CSet. Pending cards: 45 target pause time: 200.00ms
[5.839s][trace][gc,ergo,cset  ] GC(145) Added young regions to CSet. Eden: 127 regions, Survivors: 23 regions, predicted eden time: 12.61ms, predicted base time: 1.15ms, target pause time: 200.00ms, remaining time: 186.24ms
[5.839s][debug][gc,ergo       ] GC(145) Running G1 Merge Heap Roots using 10 workers for 150 regions
[5.854s][debug][gc,ergo       ] GC(145) Running G1 Rebuild Free List Task using 10 workers for rebuilding free list of regions
[5.854s][debug][gc,ergo,heap  ] GC(145) Heap expansion: short term pause time ratio 42.38% long term pause time ratio 42.36% threshold 7.69% pause time ratio 7.69% fully expanded true resize by 0B
[5.854s][debug][gc,ergo,refine] GC(145) Concurrent refinement times: Logged Cards Scan time goal: 20.00ms Logged Cards Scan time: 0.06ms HCC time: 0.00ms
[5.854s][trace][gc,ergo,refine] GC(145) Updating Refinement Zones: logged cards scan time: 0.061ms, processed cards: 24, goal time: 19.999ms
[5.854s][debug][gc,ergo,refine] GC(145) Updated Refinement Zones: green: 2560, yellow: 7680, red: 12800
[5.854s][info ][gc,phases     ] GC(145)   Pre Evacuate Collection Set: 0.3ms
[5.854s][info ][gc,phases     ] GC(145)   Merge Heap Roots: 0.2ms
[5.854s][info ][gc,phases     ] GC(145)   Evacuate Collection Set: 13.5ms
[5.854s][info ][gc,phases     ] GC(145)   Post Evacuate Collection Set: 0.9ms
[5.854s][info ][gc,phases     ] GC(145)   Other: 0.3ms
[5.854s][info ][gc,heap       ] GC(145) Eden regions: 127->0(103)
[5.854s][info ][gc,heap       ] GC(145) Survivor regions: 23->19(19)
[5.854s][info ][gc,heap       ] GC(145) Old regions: 634->685
[5.854s][info ][gc,heap       ] GC(145) Archive regions: 0->0
[5.854s][info ][gc,heap       ] GC(145) Humongous regions: 0->0
[5.854s][info ][gc,metaspace  ] GC(145) Metaspace: 6341K(6464K)->6341K(6464K) NonClass: 5794K(5824K)->5794K(5824K) Class: 546K(640K)->546K(640K)
[5.854s][debug][gc,heap       ] GC(145) Heap after GC invocations=146 (full 0):
[5.854s][debug][gc,heap       ] GC(145)  garbage-first heap   total 1048576K, used 719972K [0x00000000c0000000, 0x0000000100000000)
[5.854s][debug][gc,heap       ] GC(145)   region size 1024K, 19 young (19456K), 19 survivors (19456K)
[5.854s][debug][gc,heap       ] GC(145)  Metaspace       used 6341K, committed 6464K, reserved 1114112K
[5.854s][debug][gc,heap       ] GC(145)   class space    used 546K, committed 640K, reserved 1048576K
[5.854s][info ][gc            ] GC(145) Pause Young (Normal) (G1 Evacuation Pause) 783M->703M(1024M) 15.172ms
[5.854s][info ][gc,cpu        ] GC(145) User=0.13s Sys=0.00s Real=0.02s
[5.854s][info ][safepoint     ] Safepoint "G1CollectForAllocation", Time since last: 17569705 ns, Reaching safepoint: 6900 ns, Cleanup: 6100 ns, At safepoint: 15388703 ns, Total: 15401703 ns
[5.871s][debug][gc,heap       ] GC(146) Heap before GC invocations=146 (full 0):
[5.871s][debug][gc,heap       ] GC(146)  garbage-first heap   total 1048576K, used 824420K [0x00000000c0000000, 0x0000000100000000)
[5.871s][debug][gc,heap       ] GC(146)   region size 1024K, 122 young (124928K), 19 survivors (19456K)
[5.871s][debug][gc,heap       ] GC(146)  Metaspace       used 6341K, committed 6464K, reserved 1114112K
[5.871s][debug][gc,heap       ] GC(146)   class space    used 546K, committed 640K, reserved 1048576K
[5.871s][info ][gc,start      ] GC(146) Pause Young (Normal) (G1 Evacuation Pause)
[5.871s][info ][gc,task       ] GC(146) Using 10 workers of 10 for evacuation
[5.871s][trace][gc,ergo,cset  ] GC(146) Start choosing CSet. Pending cards: 46 target pause time: 200.00ms
[5.871s][trace][gc,ergo,cset  ] GC(146) Added young regions to CSet. Eden: 103 regions, Survivors: 19 regions, predicted eden time: 10.24ms, predicted base time: 1.21ms, target pause time: 200.00ms, remaining time: 188.54ms
[5.871s][debug][gc,ergo       ] GC(146) Running G1 Merge Heap Roots using 10 workers for 122 regions
[5.884s][debug][gc,ergo       ] GC(146) Running G1 Rebuild Free List Task using 10 workers for rebuilding free list of regions
[5.884s][debug][gc,ergo,heap  ] GC(146) Heap expansion: short term pause time ratio 45.42% long term pause time ratio 42.80% threshold 7.69% pause time ratio 7.69% fully expanded true resize by 0B
[5.884s][debug][gc,ergo,refine] GC(146) Concurrent refinement times: Logged Cards Scan time goal: 20.00ms Logged Cards Scan time: 0.02ms HCC time: 0.00ms
[5.884s][trace][gc,ergo,refine] GC(146) Updating Refinement Zones: logged cards scan time: 0.018ms, processed cards: 32, goal time: 20.000ms
[5.884s][debug][gc,ergo,refine] GC(146) Updated Refinement Zones: green: 2560, yellow: 7680, red: 12800
[5.884s][info ][gc,phases     ] GC(146)   Pre Evacuate Collection Set: 0.3ms
[5.884s][info ][gc,phases     ] GC(146)   Merge Heap Roots: 0.1ms
[5.884s][info ][gc,phases     ] GC(146)   Evacuate Collection Set: 11.8ms
[5.884s][info ][gc,phases     ] GC(146)   Post Evacuate Collection Set: 0.8ms
[5.884s][info ][gc,phases     ] GC(146)   Other: 0.3ms
[5.884s][info ][gc,heap       ] GC(146) Eden regions: 103->0(82)
[5.884s][info ][gc,heap       ] GC(146) Survivor regions: 19->16(16)
[5.884s][info ][gc,heap       ] GC(146) Old regions: 685->729
[5.884s][info ][gc,heap       ] GC(146) Archive regions: 0->0
[5.884s][info ][gc,heap       ] GC(146) Humongous regions: 0->0
[5.884s][info ][gc,metaspace  ] GC(146) Metaspace: 6341K(6464K)->6341K(6464K) NonClass: 5794K(5824K)->5794K(5824K) Class: 546K(640K)->546K(640K)
[5.884s][debug][gc,heap       ] GC(146) Heap after GC invocations=147 (full 0):
[5.884s][debug][gc,heap       ] GC(146)  garbage-first heap   total 1048576K, used 761956K [0x00000000c0000000, 0x0000000100000000)
[5.884s][debug][gc,heap       ] GC(146)   region size 1024K, 16 young (16384K), 16 survivors (16384K)
[5.884s][debug][gc,heap       ] GC(146)  Metaspace       used 6341K, committed 6464K, reserved 1114112K
[5.884s][debug][gc,heap       ] GC(146)   class space    used 546K, committed 640K, reserved 1048576K
[5.884s][info ][gc            ] GC(146) Pause Young (Normal) (G1 Evacuation Pause) 806M->744M(1024M) 13.243ms
[5.884s][info ][gc,cpu        ] GC(146) User=0.11s Sys=0.00s Real=0.02s
[5.884s][info ][safepoint     ] Safepoint "G1CollectForAllocation", Time since last: 16407204 ns, Reaching safepoint: 7400 ns, Cleanup: 9500 ns, At safepoint: 13381604 ns, Total: 13398504 ns
[5.894s][debug][gc,heap       ] GC(147) Heap before GC invocations=147 (full 0):
[5.894s][debug][gc,heap       ] GC(147)  garbage-first heap   total 1048576K, used 844900K [0x00000000c0000000, 0x0000000100000000)
[5.894s][debug][gc,heap       ] GC(147)   region size 1024K, 98 young (100352K), 16 survivors (16384K)
[5.894s][debug][gc,heap       ] GC(147)  Metaspace       used 6341K, committed 6464K, reserved 1114112K
[5.894s][debug][gc,heap       ] GC(147)   class space    used 546K, committed 640K, reserved 1048576K
[5.894s][info ][gc,start      ] GC(147) Pause Young (Normal) (G1 Evacuation Pause)
[5.894s][info ][gc,task       ] GC(147) Using 10 workers of 10 for evacuation
[5.894s][trace][gc,ergo,cset  ] GC(147) Start choosing CSet. Pending cards: 39 target pause time: 200.00ms
[5.894s][trace][gc,ergo,cset  ] GC(147) Added young regions to CSet. Eden: 82 regions, Survivors: 16 regions, predicted eden time: 8.37ms, predicted base time: 1.16ms, target pause time: 200.00ms, remaining time: 190.47ms
[5.894s][debug][gc,ergo       ] GC(147) Running G1 Merge Heap Roots using 10 workers for 98 regions
[5.905s][debug][gc,ergo       ] GC(147) Running G1 Rebuild Free List Task using 10 workers for rebuilding free list of regions
[5.906s][debug][gc,ergo,heap  ] GC(147) Heap expansion: short term pause time ratio 43.81% long term pause time ratio 44.10% threshold 7.69% pause time ratio 7.69% fully expanded true resize by 0B
[5.906s][debug][gc,ergo,refine] GC(147) Concurrent refinement times: Logged Cards Scan time goal: 20.00ms Logged Cards Scan time: 0.02ms HCC time: 0.00ms
[5.906s][trace][gc,ergo,refine] GC(147) Updating Refinement Zones: logged cards scan time: 0.017ms, processed cards: 22, goal time: 20.000ms
[5.906s][debug][gc,ergo,refine] GC(147) Updated Refinement Zones: green: 2560, yellow: 7680, red: 12800
[5.906s][info ][gc,phases     ] GC(147)   Pre Evacuate Collection Set: 0.2ms
[5.906s][info ][gc,phases     ] GC(147)   Merge Heap Roots: 0.2ms
[5.906s][info ][gc,phases     ] GC(147)   Evacuate Collection Set: 10.0ms
[5.906s][info ][gc,phases     ] GC(147)   Post Evacuate Collection Set: 1.0ms
[5.906s][info ][gc,phases     ] GC(147)   Other: 0.3ms
[5.906s][info ][gc,heap       ] GC(147) Eden regions: 82->0(65)
[5.906s][info ][gc,heap       ] GC(147) Survivor regions: 16->13(13)
[5.906s][info ][gc,heap       ] GC(147) Old regions: 729->766
[5.906s][info ][gc,heap       ] GC(147) Archive regions: 0->0
[5.906s][info ][gc,heap       ] GC(147) Humongous regions: 0->0
[5.906s][info ][gc,metaspace  ] GC(147) Metaspace: 6341K(6464K)->6341K(6464K) NonClass: 5794K(5824K)->5794K(5824K) Class: 546K(640K)->546K(640K)
[5.906s][debug][gc,heap       ] GC(147) Heap after GC invocations=148 (full 0):
[5.906s][debug][gc,heap       ] GC(147)  garbage-first heap   total 1048576K, used 797372K [0x00000000c0000000, 0x0000000100000000)
[5.906s][debug][gc,heap       ] GC(147)   region size 1024K, 13 young (13312K), 13 survivors (13312K)
[5.906s][debug][gc,heap       ] GC(147)  Metaspace       used 6341K, committed 6464K, reserved 1114112K
[5.906s][debug][gc,heap       ] GC(147)   class space    used 546K, committed 640K, reserved 1048576K
[5.906s][info ][gc            ] GC(147) Pause Young (Normal) (G1 Evacuation Pause) 826M->778M(1024M) 11.720ms
[5.906s][info ][gc,cpu        ] GC(147) User=0.10s Sys=0.00s Real=0.01s
[5.906s][info ][safepoint     ] Safepoint "G1CollectForAllocation", Time since last: 9918202 ns, Reaching safepoint: 9200 ns, Cleanup: 9600 ns, At safepoint: 11900503 ns, Total: 11919303 ns
[5.914s][debug][gc,heap       ] GC(148) Heap before GC invocations=148 (full 0):
[5.914s][debug][gc,heap       ] GC(148)  garbage-first heap   total 1048576K, used 862908K [0x00000000c0000000, 0x0000000100000000)
[5.914s][debug][gc,heap       ] GC(148)   region size 1024K, 78 young (79872K), 13 survivors (13312K)
[5.914s][debug][gc,heap       ] GC(148)  Metaspace       used 6341K, committed 6464K, reserved 1114112K
[5.914s][debug][gc,heap       ] GC(148)   class space    used 546K, committed 640K, reserved 1048576K
[5.914s][info ][gc,start      ] GC(148) Pause Young (Normal) (G1 Evacuation Pause)
[5.914s][info ][gc,task       ] GC(148) Using 10 workers of 10 for evacuation
[5.914s][trace][gc,ergo,cset  ] GC(148) Start choosing CSet. Pending cards: 43 target pause time: 200.00ms
[5.914s][trace][gc,ergo,cset  ] GC(148) Added young regions to CSet. Eden: 65 regions, Survivors: 13 regions, predicted eden time: 6.73ms, predicted base time: 1.18ms, target pause time: 200.00ms, remaining time: 192.10ms
[5.914s][debug][gc,ergo       ] GC(148) Running G1 Merge Heap Roots using 10 workers for 78 regions
[5.923s][debug][gc,ergo       ] GC(148) Running G1 Rebuild Free List Task using 10 workers for rebuilding free list of regions
[5.923s][debug][gc,ergo,heap  ] GC(148) Heap expansion: short term pause time ratio 52.91% long term pause time ratio 43.65% threshold 7.69% pause time ratio 7.69% fully expanded true resize by 0B
[5.923s][debug][gc,ergo,ihop  ] GC(148) Request concurrent cycle initiation (occupancy higher than threshold) occupancy: 834666496B allocation request: 0B threshold: 830807927B (77.38) source: end of GC
[5.923s][debug][gc,ergo,refine] GC(148) Concurrent refinement times: Logged Cards Scan time goal: 20.00ms Logged Cards Scan time: 0.02ms HCC time: 0.00ms
[5.923s][trace][gc,ergo,refine] GC(148) Updating Refinement Zones: logged cards scan time: 0.020ms, processed cards: 26, goal time: 19.999ms
[5.923s][debug][gc,ergo,refine] GC(148) Updated Refinement Zones: green: 2560, yellow: 7680, red: 12800
[5.923s][info ][gc,phases     ] GC(148)   Pre Evacuate Collection Set: 0.3ms
[5.923s][info ][gc,phases     ] GC(148)   Merge Heap Roots: 0.2ms
[5.923s][info ][gc,phases     ] GC(148)   Evacuate Collection Set: 8.0ms
[5.923s][info ][gc,phases     ] GC(148)   Post Evacuate Collection Set: 0.9ms
[5.923s][info ][gc,phases     ] GC(148)   Other: 0.3ms
[5.923s][info ][gc,heap       ] GC(148) Eden regions: 65->0(53)
[5.923s][info ][gc,heap       ] GC(148) Survivor regions: 13->10(10)
[5.923s][info ][gc,heap       ] GC(148) Old regions: 766->796
[5.923s][info ][gc,heap       ] GC(148) Archive regions: 0->0
[5.923s][info ][gc,heap       ] GC(148) Humongous regions: 0->0
[5.923s][info ][gc,metaspace  ] GC(148) Metaspace: 6341K(6464K)->6341K(6464K) NonClass: 5794K(5824K)->5794K(5824K) Class: 546K(640K)->546K(640K)
[5.923s][debug][gc,heap       ] GC(148) Heap after GC invocations=149 (full 0):
[5.923s][debug][gc,heap       ] GC(148)  garbage-first heap   total 1048576K, used 825220K [0x00000000c0000000, 0x0000000100000000)
[5.923s][debug][gc,heap       ] GC(148)   region size 1024K, 10 young (10240K), 10 survivors (10240K)
[5.923s][debug][gc,heap       ] GC(148)  Metaspace       used 6341K, committed 6464K, reserved 1114112K
[5.923s][debug][gc,heap       ] GC(148)   class space    used 546K, committed 640K, reserved 1048576K
[5.923s][info ][gc            ] GC(148) Pause Young (Normal) (G1 Evacuation Pause) 843M->805M(1024M) 9.620ms
[5.923s][info ][gc,cpu        ] GC(148) User=0.07s Sys=0.00s Real=0.01s
[5.924s][info ][safepoint     ] Safepoint "G1CollectForAllocation", Time since last: 7850202 ns, Reaching safepoint: 11000 ns, Cleanup: 13700 ns, At safepoint: 9785602 ns, Total: 9810302 ns
[5.932s][debug][gc,heap       ] GC(149) Heap before GC invocations=149 (full 0):
[5.932s][debug][gc,heap       ] GC(149)  garbage-first heap   total 1048576K, used 878468K [0x00000000c0000000, 0x0000000100000000)
[5.932s][debug][gc,heap       ] GC(149)   region size 1024K, 63 young (64512K), 10 survivors (10240K)
[5.932s][debug][gc,heap       ] GC(149)  Metaspace       used 6341K, committed 6464K, reserved 1114112K
[5.932s][debug][gc,heap       ] GC(149)   class space    used 546K, committed 640K, reserved 1048576K
[5.932s][debug][gc,ergo       ] GC(149) Initiate concurrent cycle (concurrent cycle initiation requested)
[5.932s][info ][gc,start      ] GC(149) Pause Young (Concurrent Start) (G1 Evacuation Pause)
[5.932s][info ][gc,task       ] GC(149) Using 10 workers of 10 for evacuation
[5.932s][trace][gc,ergo,cset  ] GC(149) Start choosing CSet. Pending cards: 31 target pause time: 200.00ms
[5.932s][trace][gc,ergo,cset  ] GC(149) Added young regions to CSet. Eden: 53 regions, Survivors: 10 regions, predicted eden time: 5.39ms, predicted base time: 1.21ms, target pause time: 200.00ms, remaining time: 193.40ms
[5.933s][debug][gc,ergo       ] GC(149) Running G1 Merge Heap Roots using 10 workers for 63 regions
[5.940s][debug][gc,ergo       ] GC(149) Running G1 Rebuild Free List Task using 10 workers for rebuilding free list of regions
[5.941s][debug][gc,ergo,heap  ] GC(149) Heap expansion: short term pause time ratio 53.38% long term pause time ratio 43.45% threshold 7.69% pause time ratio 7.69% fully expanded true resize by 0B
[5.941s][debug][gc,ergo,refine] GC(149) Concurrent refinement times: Logged Cards Scan time goal: 20.00ms Logged Cards Scan time: 0.01ms HCC time: 0.00ms
[5.941s][trace][gc,ergo,refine] GC(149) Updating Refinement Zones: logged cards scan time: 0.013ms, processed cards: 14, goal time: 19.999ms
[5.941s][debug][gc,ergo,refine] GC(149) Updated Refinement Zones: green: 2560, yellow: 7680, red: 12800
[5.941s][info ][gc,phases     ] GC(149)   Pre Evacuate Collection Set: 0.5ms
[5.941s][info ][gc,phases     ] GC(149)   Merge Heap Roots: 0.3ms
[5.941s][info ][gc,phases     ] GC(149)   Evacuate Collection Set: 6.9ms
[5.941s][info ][gc,phases     ] GC(149)   Post Evacuate Collection Set: 0.7ms
[5.941s][info ][gc,phases     ] GC(149)   Other: 0.4ms
[5.941s][info ][gc,heap       ] GC(149) Eden regions: 53->0(43)
[5.941s][info ][gc,heap       ] GC(149) Survivor regions: 10->8(8)
[5.941s][info ][gc,heap       ] GC(149) Old regions: 796->822
[5.941s][info ][gc,heap       ] GC(149) Archive regions: 0->0
[5.941s][info ][gc,heap       ] GC(149) Humongous regions: 0->0
[5.941s][info ][gc,metaspace  ] GC(149) Metaspace: 6341K(6464K)->6341K(6464K) NonClass: 5794K(5824K)->5794K(5824K) Class: 546K(640K)->546K(640K)
[5.941s][debug][gc,heap       ] GC(149) Heap after GC invocations=150 (full 0):
[5.941s][debug][gc,heap       ] GC(149)  garbage-first heap   total 1048576K, used 849896K [0x00000000c0000000, 0x0000000100000000)
[5.941s][debug][gc,heap       ] GC(149)   region size 1024K, 8 young (8192K), 8 survivors (8192K)
[5.941s][debug][gc,heap       ] GC(149)  Metaspace       used 6341K, committed 6464K, reserved 1114112K
[5.941s][debug][gc,heap       ] GC(149)   class space    used 546K, committed 640K, reserved 1048576K
[5.941s][info ][gc            ] GC(149) Pause Young (Concurrent Start) (G1 Evacuation Pause) 858M->829M(1024M) 8.680ms
[5.941s][info ][gc,cpu        ] GC(149) User=0.06s Sys=0.00s Real=0.01s
[5.941s][info ][safepoint     ] Safepoint "G1CollectForAllocation", Time since last: 8283702 ns, Reaching safepoint: 13200 ns, Cleanup: 10900 ns, At safepoint: 8892602 ns, Total: 8916702 ns
[5.941s][info ][gc            ] GC(150) Concurrent Mark Cycle
[5.941s][info ][gc,marking    ] GC(150) Concurrent Clear Claimed Marks
[5.941s][info ][gc,marking    ] GC(150) Concurrent Clear Claimed Marks 0.032ms
[5.941s][info ][gc,marking    ] GC(150) Concurrent Scan Root Regions
[5.941s][debug][gc,ergo       ] GC(150) Running G1 Root Region Scan using 3 workers for 35 work units.
[5.941s][info ][gc,marking    ] GC(150) Concurrent Scan Root Regions 0.124ms
[5.941s][info ][gc,marking    ] GC(150) Concurrent Mark
[5.941s][info ][gc,marking    ] GC(150) Concurrent Mark From Roots
[5.941s][info ][gc,task       ] GC(150) Using 3 workers of 3 for marking
[5.944s][info ][gc,marking    ] GC(150) Concurrent Mark From Roots 3.389ms
[5.944s][info ][gc,marking    ] GC(150) Concurrent Preclean
[5.944s][info ][gc,marking    ] GC(150) Concurrent Preclean 0.048ms
[5.945s][info ][gc,start      ] GC(150) Pause Remark
[5.945s][debug][gc,ergo       ] GC(150) Running G1 Update RemSet Tracking Before Rebuild using 3 workers for 1024 regions in heap
[5.946s][info ][gc            ] GC(150) Pause Remark 860M->535M(1024M) 1.440ms
[5.946s][info ][gc,cpu        ] GC(150) User=0.01s Sys=0.00s Real=0.00s
[5.946s][info ][safepoint     ] Safepoint "G1PauseRemark", Time since last: 3787201 ns, Reaching safepoint: 8400 ns, Cleanup: 7300 ns, At safepoint: 1488700 ns, Total: 1504400 ns
[5.946s][info ][gc,marking    ] GC(150) Concurrent Mark 5.157ms
[5.946s][info ][gc,marking    ] GC(150) Concurrent Rebuild Remembered Sets
[5.948s][debug][gc,heap       ] GC(151) Heap before GC invocations=150 (full 0):
[5.948s][debug][gc,heap       ] GC(151)  garbage-first heap   total 1048576K, used 560104K [0x00000000c0000000, 0x0000000100000000)
[5.948s][debug][gc,heap       ] GC(151)   region size 1024K, 51 young (52224K), 8 survivors (8192K)
[5.948s][debug][gc,heap       ] GC(151)  Metaspace       used 6341K, committed 6464K, reserved 1114112K
[5.948s][debug][gc,heap       ] GC(151)   class space    used 546K, committed 640K, reserved 1048576K
[5.948s][info ][gc,start      ] GC(151) Pause Young (Normal) (G1 Evacuation Pause)
[5.948s][info ][gc,task       ] GC(151) Using 10 workers of 10 for evacuation
[5.948s][trace][gc,ergo,cset  ] GC(151) Start choosing CSet. Pending cards: 69 target pause time: 200.00ms
[5.948s][trace][gc,ergo,cset  ] GC(151) Added young regions to CSet. Eden: 43 regions, Survivors: 8 regions, predicted eden time: 4.41ms, predicted base time: 1.34ms, target pause time: 200.00ms, remaining time: 194.25ms
[5.949s][debug][gc,ergo       ] GC(151) Running G1 Merge Heap Roots using 10 workers for 51 regions
[5.955s][debug][gc,ergo       ] GC(151) Running G1 Rebuild Free List Task using 10 workers for rebuilding free list of regions
[5.955s][debug][gc,ergo,heap  ] GC(151) Heap expansion: short term pause time ratio 26.31% long term pause time ratio 42.08% threshold 7.69% pause time ratio 7.69% fully expanded true resize by 0B
[5.955s][debug][gc,ergo,refine] GC(151) Concurrent refinement times: Logged Cards Scan time goal: 20.00ms Logged Cards Scan time: 0.02ms HCC time: 0.00ms
[5.955s][trace][gc,ergo,refine] GC(151) Updating Refinement Zones: logged cards scan time: 0.021ms, processed cards: 52, goal time: 19.999ms
[5.955s][debug][gc,ergo,refine] GC(151) Updated Refinement Zones: green: 2560, yellow: 7680, red: 12800
[5.955s][info ][gc,phases     ] GC(151)   Pre Evacuate Collection Set: 0.3ms
[5.955s][info ][gc,phases     ] GC(151)   Merge Heap Roots: 0.2ms
[5.955s][info ][gc,phases     ] GC(151)   Evacuate Collection Set: 5.2ms
[5.955s][info ][gc,phases     ] GC(151)   Post Evacuate Collection Set: 0.9ms
[5.955s][info ][gc,phases     ] GC(151)   Other: 0.3ms
[5.955s][info ][gc,heap       ] GC(151) Eden regions: 43->0(187)
[5.955s][info ][gc,heap       ] GC(151) Survivor regions: 8->7(7)
[5.955s][info ][gc,heap       ] GC(151) Old regions: 497->517
[5.955s][info ][gc,heap       ] GC(151) Archive regions: 0->0
[5.955s][info ][gc,heap       ] GC(151) Humongous regions: 0->0
[5.955s][info ][gc,metaspace  ] GC(151) Metaspace: 6341K(6464K)->6341K(6464K) NonClass: 5794K(5824K)->5794K(5824K) Class: 546K(640K)->546K(640K)
[5.955s][debug][gc,heap       ] GC(151) Heap after GC invocations=151 (full 0):
[5.955s][debug][gc,heap       ] GC(151)  garbage-first heap   total 1048576K, used 535652K [0x00000000c0000000, 0x0000000100000000)
[5.955s][debug][gc,heap       ] GC(151)   region size 1024K, 7 young (7168K), 7 survivors (7168K)
[5.955s][debug][gc,heap       ] GC(151)  Metaspace       used 6341K, committed 6464K, reserved 1114112K
[5.955s][debug][gc,heap       ] GC(151)   class space    used 546K, committed 640K, reserved 1048576K
[5.955s][info ][gc            ] GC(151) Pause Young (Normal) (G1 Evacuation Pause) 547M->523M(1024M) 6.828ms
[5.955s][info ][gc,cpu        ] GC(151) User=0.05s Sys=0.00s Real=0.01s
[5.955s][info ][safepoint     ] Safepoint "G1CollectForAllocation", Time since last: 2010501 ns, Reaching safepoint: 78300 ns, Cleanup: 8900 ns, At safepoint: 7082202 ns, Total: 7169402 ns
[5.956s][info ][gc,marking    ] GC(150) Concurrent Rebuild Remembered Sets 10.288ms
[5.957s][info ][gc,start      ] GC(150) Pause Cleanup
[5.957s][debug][gc,ergo,cset  ] GC(150) Pruned 125 regions out of 438, leaving 53601168 bytes waste (allowed 53687091)
[5.957s][info ][gc            ] GC(150) Pause Cleanup 534M->534M(1024M) 0.646ms
[5.957s][info ][gc,cpu        ] GC(150) User=0.01s Sys=0.00s Real=0.00s
[5.957s][info ][safepoint     ] Safepoint "G1PauseCleanup", Time since last: 1380000 ns, Reaching safepoint: 4000 ns, Cleanup: 3800 ns, At safepoint: 678900 ns, Total: 686700 ns
[5.957s][info ][gc,marking    ] GC(150) Concurrent Cleanup for Next Mark
[5.957s][debug][gc,ergo       ] GC(150) Running G1 Clear Bitmap with 3 workers for 16 work units.
[5.960s][info ][gc,marking    ] GC(150) Concurrent Cleanup for Next Mark 2.988ms
[5.961s][info ][gc            ] GC(150) Concurrent Mark Cycle 19.810ms
[5.992s][debug][gc,heap       ] GC(152) Heap before GC invocations=152 (full 0):
[5.992s][debug][gc,heap       ] GC(152)  garbage-first heap   total 1048576K, used 726116K [0x00000000c0000000, 0x0000000100000000)
[5.992s][debug][gc,heap       ] GC(152)   region size 1024K, 194 young (198656K), 7 survivors (7168K)
[5.992s][debug][gc,heap       ] GC(152)  Metaspace       used 6341K, committed 6464K, reserved 1114112K
[5.992s][debug][gc,heap       ] GC(152)   class space    used 546K, committed 640K, reserved 1048576K
[5.992s][info ][gc,start      ] GC(152) Pause Young (Prepare Mixed) (G1 Evacuation Pause)
[5.992s][info ][gc,task       ] GC(152) Using 10 workers of 10 for evacuation
[5.992s][trace][gc,ergo,cset  ] GC(152) Start choosing CSet. Pending cards: 56 target pause time: 200.00ms
[5.992s][trace][gc,ergo,cset  ] GC(152) Added young regions to CSet. Eden: 187 regions, Survivors: 7 regions, predicted eden time: 18.02ms, predicted base time: 1.36ms, target pause time: 200.00ms, remaining time: 180.63ms
[5.992s][debug][gc,ergo       ] GC(152) Running G1 Merge Heap Roots using 10 workers for 194 regions
[6.009s][debug][gc,ergo       ] GC(152) Running G1 Rebuild Free List Task using 10 workers for rebuilding free list of regions
[6.010s][debug][gc,ergo,heap  ] GC(152) Heap expansion: short term pause time ratio 27.57% long term pause time ratio 46.09% threshold 7.69% pause time ratio 7.69% fully expanded true resize by 0B
[6.010s][debug][gc,ergo,refine] GC(152) Concurrent refinement times: Logged Cards Scan time goal: 20.00ms Logged Cards Scan time: 0.04ms HCC time: 0.00ms
[6.010s][trace][gc,ergo,refine] GC(152) Updating Refinement Zones: logged cards scan time: 0.037ms, processed cards: 31, goal time: 19.999ms
[6.010s][debug][gc,ergo,refine] GC(152) Updated Refinement Zones: green: 2560, yellow: 7680, red: 12800
[6.010s][info ][gc,phases     ] GC(152)   Pre Evacuate Collection Set: 0.3ms
[6.010s][info ][gc,phases     ] GC(152)   Merge Heap Roots: 0.2ms
[6.010s][info ][gc,phases     ] GC(152)   Evacuate Collection Set: 16.1ms
[6.010s][info ][gc,phases     ] GC(152)   Post Evacuate Collection Set: 1.3ms
[6.010s][info ][gc,phases     ] GC(152)   Other: 0.5ms
[6.010s][info ][gc,heap       ] GC(152) Eden regions: 187->0(26)
[6.010s][info ][gc,heap       ] GC(152) Survivor regions: 7->25(25)
[6.010s][info ][gc,heap       ] GC(152) Old regions: 517->571
[6.010s][info ][gc,heap       ] GC(152) Archive regions: 0->0
[6.010s][info ][gc,heap       ] GC(152) Humongous regions: 0->0
[6.010s][info ][gc,metaspace  ] GC(152) Metaspace: 6341K(6464K)->6341K(6464K) NonClass: 5794K(5824K)->5794K(5824K) Class: 546K(640K)->546K(640K)
[6.010s][debug][gc,heap       ] GC(152) Heap after GC invocations=153 (full 0):
[6.010s][debug][gc,heap       ] GC(152)  garbage-first heap   total 1048576K, used 609480K [0x00000000c0000000, 0x0000000100000000)
[6.010s][debug][gc,heap       ] GC(152)   region size 1024K, 25 young (25600K), 25 survivors (25600K)
[6.010s][debug][gc,heap       ] GC(152)  Metaspace       used 6341K, committed 6464K, reserved 1114112K
[6.010s][debug][gc,heap       ] GC(152)   class space    used 546K, committed 640K, reserved 1048576K
[6.010s][info ][gc            ] GC(152) Pause Young (Prepare Mixed) (G1 Evacuation Pause) 710M->595M(1024M) 18.333ms
[6.010s][info ][gc,cpu        ] GC(152) User=0.15s Sys=0.00s Real=0.02s
[6.010s][info ][safepoint     ] Safepoint "G1CollectForAllocation", Time since last: 34403509 ns, Reaching safepoint: 11600 ns, Cleanup: 8600 ns, At safepoint: 18469704 ns, Total: 18489904 ns
[6.015s][debug][gc,heap       ] GC(153) Heap before GC invocations=153 (full 0):
[6.015s][debug][gc,heap       ] GC(153)  garbage-first heap   total 1048576K, used 635080K [0x00000000c0000000, 0x0000000100000000)
[6.015s][debug][gc,heap       ] GC(153)   region size 1024K, 51 young (52224K), 25 survivors (25600K)
[6.015s][debug][gc,heap       ] GC(153)  Metaspace       used 6341K, committed 6464K, reserved 1114112K
[6.015s][debug][gc,heap       ] GC(153)   class space    used 546K, committed 640K, reserved 1048576K
[6.015s][info ][gc,start      ] GC(153) Pause Young (Mixed) (G1 Evacuation Pause)
[6.015s][info ][gc,task       ] GC(153) Using 10 workers of 10 for evacuation
[6.015s][trace][gc,ergo,cset  ] GC(153) Start choosing CSet. Pending cards: 45 target pause time: 200.00ms
[6.015s][trace][gc,ergo,cset  ] GC(153) Added young regions to CSet. Eden: 26 regions, Survivors: 25 regions, predicted eden time: 2.86ms, predicted base time: 1.49ms, target pause time: 200.00ms, remaining time: 195.64ms
[6.015s][debug][gc,ergo,cset  ] GC(153) Start adding old regions to collection set. Min 40 regions, max 103 regions, time remaining 195.64ms, optional threshold 39.13ms
[6.015s][debug][gc,ergo,cset  ] GC(153) Finish adding old regions to collection set (Maximum number of regions). Initial 103 regions, optional 0 regions
[6.015s][debug][gc,ergo,cset  ] GC(153) Finish choosing collection set old regions. Initial: 103, optional: 0, predicted old time: 0.00ms, predicted optional time: 0.00ms, time remaining: 193.44
[6.016s][debug][gc,ergo       ] GC(153) Running G1 Merge Heap Roots using 10 workers for 154 regions
[6.026s][debug][gc,ergo       ] GC(153) Running G1 Rebuild Free List Task using 10 workers for rebuilding free list of regions
[6.026s][debug][gc,ergo,heap  ] GC(153) Heap expansion: short term pause time ratio 34.22% long term pause time ratio 44.24% threshold 7.69% pause time ratio 7.69% fully expanded true resize by 0B
[6.026s][debug][gc,ergo,refine] GC(153) Concurrent refinement times: Logged Cards Scan time goal: 20.00ms Logged Cards Scan time: 0.01ms HCC time: 0.00ms
[6.026s][trace][gc,ergo,refine] GC(153) Updating Refinement Zones: logged cards scan time: 0.013ms, processed cards: 16, goal time: 19.999ms
[6.026s][debug][gc,ergo,refine] GC(153) Updated Refinement Zones: green: 2560, yellow: 7680, red: 12800
[6.026s][info ][gc,phases     ] GC(153)   Pre Evacuate Collection Set: 0.4ms
[6.026s][info ][gc,phases     ] GC(153)   Merge Heap Roots: 0.2ms
[6.026s][info ][gc,phases     ] GC(153)   Evacuate Collection Set: 8.0ms
[6.026s][info ][gc,phases     ] GC(153)   Post Evacuate Collection Set: 2.1ms
[6.026s][info ][gc,phases     ] GC(153)   Other: 0.6ms
[6.026s][info ][gc,heap       ] GC(153) Eden regions: 26->0(44)
[6.026s][info ][gc,heap       ] GC(153) Survivor regions: 25->7(7)
[6.026s][info ][gc,heap       ] GC(153) Old regions: 571->502
[6.026s][info ][gc,heap       ] GC(153) Archive regions: 0->0
[6.026s][info ][gc,heap       ] GC(153) Humongous regions: 0->0
[6.026s][info ][gc,metaspace  ] GC(153) Metaspace: 6341K(6464K)->6341K(6464K) NonClass: 5794K(5824K)->5794K(5824K) Class: 546K(640K)->546K(640K)
[6.026s][debug][gc,heap       ] GC(153) Heap after GC invocations=154 (full 0):
[6.026s][debug][gc,heap       ] GC(153)  garbage-first heap   total 1048576K, used 520692K [0x00000000c0000000, 0x0000000100000000)
[6.026s][debug][gc,heap       ] GC(153)   region size 1024K, 7 young (7168K), 7 survivors (7168K)
[6.026s][debug][gc,heap       ] GC(153)  Metaspace       used 6341K, committed 6464K, reserved 1114112K
[6.026s][debug][gc,heap       ] GC(153)   class space    used 546K, committed 640K, reserved 1048576K
[6.026s][info ][gc            ] GC(153) Pause Young (Mixed) (G1 Evacuation Pause) 621M->508M(1024M) 11.250ms
[6.026s][info ][gc,cpu        ] GC(153) User=0.08s Sys=0.00s Real=0.01s
[6.026s][info ][safepoint     ] Safepoint "G1CollectForAllocation", Time since last: 4772201 ns, Reaching safepoint: 12200 ns, Cleanup: 13200 ns, At safepoint: 11500803 ns, Total: 11526203 ns
[6.035s][debug][gc,heap       ] GC(154) Heap before GC invocations=154 (full 0):
[6.035s][debug][gc,heap       ] GC(154)  garbage-first heap   total 1048576K, used 564724K [0x00000000c0000000, 0x0000000100000000)
[6.035s][debug][gc,heap       ] GC(154)   region size 1024K, 51 young (52224K), 7 survivors (7168K)
[6.035s][debug][gc,heap       ] GC(154)  Metaspace       used 6341K, committed 6464K, reserved 1114112K
[6.035s][debug][gc,heap       ] GC(154)   class space    used 546K, committed 640K, reserved 1048576K
[6.035s][info ][gc,start      ] GC(154) Pause Young (Mixed) (G1 Evacuation Pause)
[6.035s][info ][gc,task       ] GC(154) Using 10 workers of 10 for evacuation
[6.035s][trace][gc,ergo,cset  ] GC(154) Start choosing CSet. Pending cards: 79 target pause time: 200.00ms
[6.035s][trace][gc,ergo,cset  ] GC(154) Added young regions to CSet. Eden: 44 regions, Survivors: 7 regions, predicted eden time: 4.59ms, predicted base time: 2.23ms, target pause time: 200.00ms, remaining time: 193.17ms
[6.035s][debug][gc,ergo,cset  ] GC(154) Start adding old regions to collection set. Min 40 regions, max 103 regions, time remaining 193.17ms, optional threshold 38.63ms
[6.035s][debug][gc,ergo,cset  ] GC(154) Finish adding old regions to collection set (Maximum number of regions). Initial 103 regions, optional 0 regions
[6.035s][debug][gc,ergo,cset  ] GC(154) Finish choosing collection set old regions. Initial: 103, optional: 0, predicted old time: 0.00ms, predicted optional time: 0.00ms, time remaining: 189.78
[6.036s][debug][gc,ergo       ] GC(154) Running G1 Merge Heap Roots using 10 workers for 154 regions
[6.044s][debug][gc,ergo       ] GC(154) Running G1 Rebuild Free List Task using 10 workers for rebuilding free list of regions
[6.044s][debug][gc,ergo,heap  ] GC(154) Heap expansion: short term pause time ratio 66.89% long term pause time ratio 46.43% threshold 7.69% pause time ratio 7.69% fully expanded true resize by 0B
[6.044s][debug][gc,ergo,refine] GC(154) Concurrent refinement times: Logged Cards Scan time goal: 20.00ms Logged Cards Scan time: 0.06ms HCC time: 0.00ms
[6.044s][trace][gc,ergo,refine] GC(154) Updating Refinement Zones: logged cards scan time: 0.055ms, processed cards: 46, goal time: 19.997ms
[6.044s][debug][gc,ergo,refine] GC(154) Updated Refinement Zones: green: 2560, yellow: 7680, red: 12800
[6.044s][info ][gc,phases     ] GC(154)   Pre Evacuate Collection Set: 0.9ms
[6.044s][info ][gc,phases     ] GC(154)   Merge Heap Roots: 0.3ms
[6.044s][info ][gc,phases     ] GC(154)   Evacuate Collection Set: 6.7ms
[6.044s][info ][gc,phases     ] GC(154)   Post Evacuate Collection Set: 0.9ms
[6.044s][info ][gc,phases     ] GC(154)   Other: 0.6ms
[6.044s][info ][gc,heap       ] GC(154) Eden regions: 44->0(44)
[6.044s][info ][gc,heap       ] GC(154) Survivor regions: 7->7(7)
[6.044s][info ][gc,heap       ] GC(154) Old regions: 502->426
[6.044s][info ][gc,heap       ] GC(154) Archive regions: 0->0
[6.044s][info ][gc,heap       ] GC(154) Humongous regions: 0->0
[6.044s][info ][gc,metaspace  ] GC(154) Metaspace: 6341K(6464K)->6341K(6464K) NonClass: 5794K(5824K)->5794K(5824K) Class: 546K(640K)->546K(640K)
[6.044s][debug][gc,heap       ] GC(154) Heap after GC invocations=155 (full 0):
[6.044s][debug][gc,heap       ] GC(154)  garbage-first heap   total 1048576K, used 443368K [0x00000000c0000000, 0x0000000100000000)
[6.044s][debug][gc,heap       ] GC(154)   region size 1024K, 7 young (7168K), 7 survivors (7168K)
[6.044s][debug][gc,heap       ] GC(154)  Metaspace       used 6341K, committed 6464K, reserved 1114112K
[6.044s][debug][gc,heap       ] GC(154)   class space    used 546K, committed 640K, reserved 1048576K
[6.044s][info ][gc            ] GC(154) Pause Young (Mixed) (G1 Evacuation Pause) 552M->432M(1024M) 9.143ms
[6.044s][info ][gc,cpu        ] GC(154) User=0.07s Sys=0.00s Real=0.01s
[6.044s][info ][safepoint     ] Safepoint "G1CollectForAllocation", Time since last: 8011702 ns, Reaching safepoint: 18100 ns, Cleanup: 14200 ns, At safepoint: 9550302 ns, Total: 9582602 ns
[6.053s][debug][gc,heap       ] GC(155) Heap before GC invocations=155 (full 0):
[6.053s][debug][gc,heap       ] GC(155)  garbage-first heap   total 1048576K, used 487400K [0x00000000c0000000, 0x0000000100000000)
[6.053s][debug][gc,heap       ] GC(155)   region size 1024K, 51 young (52224K), 7 survivors (7168K)
[6.053s][debug][gc,heap       ] GC(155)  Metaspace       used 6341K, committed 6464K, reserved 1114112K
[6.053s][debug][gc,heap       ] GC(155)   class space    used 546K, committed 640K, reserved 1048576K
[6.053s][info ][gc,start      ] GC(155) Pause Young (Mixed) (G1 Evacuation Pause)
[6.053s][info ][gc,task       ] GC(155) Using 10 workers of 10 for evacuation
[6.053s][trace][gc,ergo,cset  ] GC(155) Start choosing CSet. Pending cards: 92 target pause time: 200.00ms
[6.053s][trace][gc,ergo,cset  ] GC(155) Added young regions to CSet. Eden: 44 regions, Survivors: 7 regions, predicted eden time: 4.51ms, predicted base time: 2.24ms, target pause time: 200.00ms, remaining time: 193.25ms
[6.053s][debug][gc,ergo,cset  ] GC(155) Start adding old regions to collection set. Min 40 regions, max 103 regions, time remaining 193.25ms, optional threshold 38.65ms
[6.053s][debug][gc,ergo,cset  ] GC(155) Finish adding old regions to collection set (Maximum number of regions). Initial 103 regions, optional 0 regions
[6.053s][debug][gc,ergo,cset  ] GC(155) Finish choosing collection set old regions. Initial: 103, optional: 0, predicted old time: 0.00ms, predicted optional time: 0.00ms, time remaining: 186.85
[6.053s][debug][gc,ergo       ] GC(155) Running G1 Merge Heap Roots using 10 workers for 154 regions
[6.061s][debug][gc,ergo       ] GC(155) Running G1 Rebuild Free List Task using 10 workers for rebuilding free list of regions
[6.062s][debug][gc,ergo,heap  ] GC(155) Heap expansion: short term pause time ratio 50.32% long term pause time ratio 46.97% threshold 7.69% pause time ratio 7.69% fully expanded true resize by 0B
[6.062s][debug][gc,ergo,refine] GC(155) Concurrent refinement times: Logged Cards Scan time goal: 20.00ms Logged Cards Scan time: 0.02ms HCC time: 0.00ms
[6.062s][trace][gc,ergo,refine] GC(155) Updating Refinement Zones: logged cards scan time: 0.019ms, processed cards: 53, goal time: 19.999ms
[6.062s][debug][gc,ergo,refine] GC(155) Updated Refinement Zones: green: 2560, yellow: 7680, red: 12800
[6.062s][info ][gc,phases     ] GC(155)   Pre Evacuate Collection Set: 0.3ms
[6.062s][info ][gc,phases     ] GC(155)   Merge Heap Roots: 0.2ms
[6.062s][info ][gc,phases     ] GC(155)   Evacuate Collection Set: 7.7ms
[6.062s][info ][gc,phases     ] GC(155)   Post Evacuate Collection Set: 0.7ms
[6.062s][info ][gc,phases     ] GC(155)   Other: 0.2ms
[6.062s][info ][gc,heap       ] GC(155) Eden regions: 44->0(44)
[6.062s][info ][gc,heap       ] GC(155) Survivor regions: 7->7(7)
[6.062s][info ][gc,heap       ] GC(155) Old regions: 426->358
[6.062s][info ][gc,heap       ] GC(155) Archive regions: 0->0
[6.062s][info ][gc,heap       ] GC(155) Humongous regions: 0->0
[6.062s][info ][gc,metaspace  ] GC(155) Metaspace: 6341K(6464K)->6341K(6464K) NonClass: 5794K(5824K)->5794K(5824K) Class: 546K(640K)->546K(640K)
[6.062s][debug][gc,heap       ] GC(155) Heap after GC invocations=156 (full 0):
[6.062s][debug][gc,heap       ] GC(155)  garbage-first heap   total 1048576K, used 372836K [0x00000000c0000000, 0x0000000100000000)
[6.062s][debug][gc,heap       ] GC(155)   region size 1024K, 7 young (7168K), 7 survivors (7168K)
[6.062s][debug][gc,heap       ] GC(155)  Metaspace       used 6341K, committed 6464K, reserved 1114112K
[6.062s][debug][gc,heap       ] GC(155)   class space    used 546K, committed 640K, reserved 1048576K
[6.062s][info ][gc            ] GC(155) Pause Young (Mixed) (G1 Evacuation Pause) 476M->364M(1024M) 9.136ms
[6.062s][info ][gc,cpu        ] GC(155) User=0.06s Sys=0.02s Real=0.01s
[6.062s][info ][safepoint     ] Safepoint "G1CollectForAllocation", Time since last: 8541002 ns, Reaching safepoint: 6600 ns, Cleanup: 8300 ns, At safepoint: 9269502 ns, Total: 9284402 ns
[6.070s][debug][gc,heap       ] GC(156) Heap before GC invocations=156 (full 0):
[6.070s][debug][gc,heap       ] GC(156)  garbage-first heap   total 1048576K, used 416868K [0x00000000c0000000, 0x0000000100000000)
[6.070s][debug][gc,heap       ] GC(156)   region size 1024K, 51 young (52224K), 7 survivors (7168K)
[6.070s][debug][gc,heap       ] GC(156)  Metaspace       used 6341K, committed 6464K, reserved 1114112K
[6.070s][debug][gc,heap       ] GC(156)   class space    used 546K, committed 640K, reserved 1048576K
[6.070s][info ][gc,start      ] GC(156) Pause Young (Mixed) (G1 Evacuation Pause)
[6.070s][info ][gc,task       ] GC(156) Using 10 workers of 10 for evacuation
[6.070s][trace][gc,ergo,cset  ] GC(156) Start choosing CSet. Pending cards: 38 target pause time: 200.00ms
[6.070s][trace][gc,ergo,cset  ] GC(156) Added young regions to CSet. Eden: 44 regions, Survivors: 7 regions, predicted eden time: 4.47ms, predicted base time: 1.96ms, target pause time: 200.00ms, remaining time: 193.56ms
[6.070s][debug][gc,ergo,cset  ] GC(156) Start adding old regions to collection set. Min 40 regions, max 103 regions, time remaining 193.56ms, optional threshold 38.71ms
[6.070s][debug][gc,ergo,cset  ] GC(156) Old candidate collection set empty.
[6.070s][debug][gc,ergo,cset  ] GC(156) Finish choosing collection set old regions. Initial: 4, optional: 0, predicted old time: 0.00ms, predicted optional time: 0.00ms, time remaining: 193.26
[6.070s][debug][gc,ergo       ] GC(156) Running G1 Merge Heap Roots using 10 workers for 55 regions
[6.076s][debug][gc,ergo       ] GC(156) Running G1 Rebuild Free List Task using 10 workers for rebuilding free list of regions
[6.077s][debug][gc,ergo,heap  ] GC(156) Heap expansion: short term pause time ratio 50.40% long term pause time ratio 47.84% threshold 7.69% pause time ratio 7.69% fully expanded true resize by 0B
[6.077s][debug][gc,ergo       ] GC(156) do not continue mixed GCs (candidate old regions not available)
[6.077s][debug][gc,ergo,refine] GC(156) Concurrent refinement times: Logged Cards Scan time goal: 20.00ms Logged Cards Scan time: 0.01ms HCC time: 0.00ms
[6.077s][trace][gc,ergo,refine] GC(156) Updating Refinement Zones: logged cards scan time: 0.011ms, processed cards: 26, goal time: 19.999ms
[6.077s][debug][gc,ergo,refine] GC(156) Updated Refinement Zones: green: 2560, yellow: 7680, red: 12800
[6.077s][info ][gc,phases     ] GC(156)   Pre Evacuate Collection Set: 0.3ms
[6.077s][info ][gc,phases     ] GC(156)   Merge Heap Roots: 0.2ms
[6.077s][info ][gc,phases     ] GC(156)   Evacuate Collection Set: 5.7ms
[6.077s][info ][gc,phases     ] GC(156)   Post Evacuate Collection Set: 0.8ms
[6.077s][info ][gc,phases     ] GC(156)   Other: 0.4ms
[6.077s][info ][gc,heap       ] GC(156) Eden regions: 44->0(264)
[6.077s][info ][gc,heap       ] GC(156) Survivor regions: 7->7(7)
[6.077s][info ][gc,heap       ] GC(156) Old regions: 358->375
[6.077s][info ][gc,heap       ] GC(156) Archive regions: 0->0
[6.077s][info ][gc,heap       ] GC(156) Humongous regions: 0->0
[6.077s][info ][gc,metaspace  ] GC(156) Metaspace: 6341K(6464K)->6341K(6464K) NonClass: 5794K(5824K)->5794K(5824K) Class: 546K(640K)->546K(640K)
[6.077s][debug][gc,heap       ] GC(156) Heap after GC invocations=157 (full 0):
[6.077s][debug][gc,heap       ] GC(156)  garbage-first heap   total 1048576K, used 391144K [0x00000000c0000000, 0x0000000100000000)
[6.077s][debug][gc,heap       ] GC(156)   region size 1024K, 7 young (7168K), 7 survivors (7168K)
[6.077s][debug][gc,heap       ] GC(156)  Metaspace       used 6341K, committed 6464K, reserved 1114112K
[6.077s][debug][gc,heap       ] GC(156)   class space    used 546K, committed 640K, reserved 1048576K
[6.077s][info ][gc            ] GC(156) Pause Young (Mixed) (G1 Evacuation Pause) 408M->381M(1024M) 7.356ms
[6.077s][info ][gc,cpu        ] GC(156) User=0.05s Sys=0.00s Real=0.01s
[6.077s][info ][safepoint     ] Safepoint "G1CollectForAllocation", Time since last: 7618102 ns, Reaching safepoint: 13300 ns, Cleanup: 9000 ns, At safepoint: 7524102 ns, Total: 7546402 ns
[6.111s][debug][gc,heap       ] GC(157) Heap before GC invocations=157 (full 0):
[6.111s][debug][gc,heap       ] GC(157)  garbage-first heap   total 1048576K, used 660456K [0x00000000c0000000, 0x0000000100000000)
[6.111s][debug][gc,heap       ] GC(157)   region size 1024K, 271 young (277504K), 7 survivors (7168K)
[6.112s][debug][gc,heap       ] GC(157)  Metaspace       used 6341K, committed 6464K, reserved 1114112K
[6.112s][debug][gc,heap       ] GC(157)   class space    used 546K, committed 640K, reserved 1048576K
[6.112s][info ][gc,start      ] GC(157) Pause Young (Normal) (G1 Evacuation Pause)
[6.112s][info ][gc,task       ] GC(157) Using 10 workers of 10 for evacuation
[6.112s][trace][gc,ergo,cset  ] GC(157) Start choosing CSet. Pending cards: 35 target pause time: 200.00ms
[6.112s][trace][gc,ergo,cset  ] GC(157) Added young regions to CSet. Eden: 264 regions, Survivors: 7 regions, predicted eden time: 23.16ms, predicted base time: 1.73ms, target pause time: 200.00ms, remaining time: 175.11ms
[6.112s][debug][gc,ergo       ] GC(157) Running G1 Merge Heap Roots using 10 workers for 271 regions
[6.132s][debug][gc,ergo       ] GC(157) Running G1 Rebuild Free List Task using 10 workers for rebuilding free list of regions
[6.133s][debug][gc,ergo,heap  ] GC(157) Heap expansion: short term pause time ratio 47.12% long term pause time ratio 47.13% threshold 7.69% pause time ratio 7.69% fully expanded true resize by 0B
[6.133s][debug][gc,ergo,refine] GC(157) Concurrent refinement times: Logged Cards Scan time goal: 20.00ms Logged Cards Scan time: 0.02ms HCC time: 0.00ms
[6.133s][trace][gc,ergo,refine] GC(157) Updating Refinement Zones: logged cards scan time: 0.023ms, processed cards: 9, goal time: 19.999ms
[6.133s][debug][gc,ergo,refine] GC(157) Updated Refinement Zones: green: 2560, yellow: 7680, red: 12800
[6.133s][info ][gc,phases     ] GC(157)   Pre Evacuate Collection Set: 0.3ms
[6.133s][info ][gc,phases     ] GC(157)   Merge Heap Roots: 0.2ms
[6.133s][info ][gc,phases     ] GC(157)   Evacuate Collection Set: 19.7ms
[6.133s][info ][gc,phases     ] GC(157)   Post Evacuate Collection Set: 0.8ms
[6.133s][info ][gc,phases     ] GC(157)   Other: 0.6ms
[6.133s][info ][gc,heap       ] GC(157) Eden regions: 264->0(219)
[6.133s][info ][gc,heap       ] GC(157) Survivor regions: 7->34(34)
[6.133s][info ][gc,heap       ] GC(157) Old regions: 375->441
[6.133s][info ][gc,heap       ] GC(157) Archive regions: 0->0
[6.133s][info ][gc,heap       ] GC(157) Humongous regions: 0->0
[6.133s][info ][gc,metaspace  ] GC(157) Metaspace: 6341K(6464K)->6341K(6464K) NonClass: 5794K(5824K)->5794K(5824K) Class: 546K(640K)->546K(640K)
[6.133s][debug][gc,heap       ] GC(157) Heap after GC invocations=158 (full 0):
[6.133s][debug][gc,heap       ] GC(157)  garbage-first heap   total 1048576K, used 486376K [0x00000000c0000000, 0x0000000100000000)
[6.133s][debug][gc,heap       ] GC(157)   region size 1024K, 34 young (34816K), 34 survivors (34816K)
[6.133s][debug][gc,heap       ] GC(157)  Metaspace       used 6341K, committed 6464K, reserved 1114112K
[6.133s][debug][gc,heap       ] GC(157)   class space    used 546K, committed 640K, reserved 1048576K
[6.133s][info ][gc            ] GC(157) Pause Young (Normal) (G1 Evacuation Pause) 645M->474M(1024M) 21.296ms
[6.133s][info ][gc,cpu        ] GC(157) User=0.19s Sys=0.00s Real=0.02s
[6.133s][info ][safepoint     ] Safepoint "G1CollectForAllocation", Time since last: 34033708 ns, Reaching safepoint: 9500 ns, Cleanup: 9000 ns, At safepoint: 21827406 ns, Total: 21845906 ns
[6.159s][debug][gc,heap       ] GC(158) Heap before GC invocations=158 (full 0):
[6.159s][debug][gc,heap       ] GC(158)  garbage-first heap   total 1048576K, used 709608K [0x00000000c0000000, 0x0000000100000000)
[6.159s][debug][gc,heap       ] GC(158)   region size 1024K, 253 young (259072K), 34 survivors (34816K)
[6.159s][debug][gc,heap       ] GC(158)  Metaspace       used 6341K, committed 6464K, reserved 1114112K
[6.159s][debug][gc,heap       ] GC(158)   class space    used 546K, committed 640K, reserved 1048576K
[6.159s][info ][gc,start      ] GC(158) Pause Young (Normal) (G1 Evacuation Pause)
[6.159s][info ][gc,task       ] GC(158) Using 10 workers of 10 for evacuation
[6.159s][trace][gc,ergo,cset  ] GC(158) Start choosing CSet. Pending cards: 38 target pause time: 200.00ms
[6.159s][trace][gc,ergo,cset  ] GC(158) Added young regions to CSet. Eden: 219 regions, Survivors: 34 regions, predicted eden time: 19.62ms, predicted base time: 1.64ms, target pause time: 200.00ms, remaining time: 178.74ms
[6.159s][debug][gc,ergo       ] GC(158) Running G1 Merge Heap Roots using 10 workers for 253 regions
[6.179s][debug][gc,ergo       ] GC(158) Running G1 Rebuild Free List Task using 10 workers for rebuilding free list of regions
[6.180s][debug][gc,ergo,heap  ] GC(158) Heap expansion: short term pause time ratio 37.78% long term pause time ratio 44.10% threshold 7.69% pause time ratio 7.69% fully expanded true resize by 0B
[6.180s][debug][gc,ergo,refine] GC(158) Concurrent refinement times: Logged Cards Scan time goal: 20.00ms Logged Cards Scan time: 0.06ms HCC time: 0.00ms
[6.180s][trace][gc,ergo,refine] GC(158) Updating Refinement Zones: logged cards scan time: 0.059ms, processed cards: 19, goal time: 19.999ms
[6.180s][debug][gc,ergo,refine] GC(158) Updated Refinement Zones: green: 2560, yellow: 7680, red: 12800
[6.180s][info ][gc,phases     ] GC(158)   Pre Evacuate Collection Set: 0.3ms
[6.180s][info ][gc,phases     ] GC(158)   Merge Heap Roots: 0.1ms
[6.180s][info ][gc,phases     ] GC(158)   Evacuate Collection Set: 19.4ms
[6.180s][info ][gc,phases     ] GC(158)   Post Evacuate Collection Set: 0.8ms
[6.180s][info ][gc,phases     ] GC(158)   Other: 0.2ms
[6.180s][info ][gc,heap       ] GC(158) Eden regions: 219->0(183)
[6.180s][info ][gc,heap       ] GC(158) Survivor regions: 34->32(32)
[6.180s][info ][gc,heap       ] GC(158) Old regions: 441->512
[6.180s][info ][gc,heap       ] GC(158) Archive regions: 0->0
[6.180s][info ][gc,heap       ] GC(158) Humongous regions: 0->0
[6.180s][info ][gc,metaspace  ] GC(158) Metaspace: 6341K(6464K)->6341K(6464K) NonClass: 5794K(5824K)->5794K(5824K) Class: 546K(640K)->546K(640K)
[6.180s][debug][gc,heap       ] GC(158) Heap after GC invocations=159 (full 0):
[6.180s][debug][gc,heap       ] GC(158)  garbage-first heap   total 1048576K, used 556332K [0x00000000c0000000, 0x0000000100000000)
[6.180s][debug][gc,heap       ] GC(158)   region size 1024K, 32 young (32768K), 32 survivors (32768K)
[6.180s][debug][gc,heap       ] GC(158)  Metaspace       used 6341K, committed 6464K, reserved 1114112K
[6.180s][debug][gc,heap       ] GC(158)   class space    used 546K, committed 640K, reserved 1048576K
[6.180s][info ][gc            ] GC(158) Pause Young (Normal) (G1 Evacuation Pause) 693M->543M(1024M) 20.814ms
[6.180s][info ][gc,cpu        ] GC(158) User=0.19s Sys=0.00s Real=0.02s
[6.180s][info ][safepoint     ] Safepoint "G1CollectForAllocation", Time since last: 25818706 ns, Reaching safepoint: 12800 ns, Cleanup: 9300 ns, At safepoint: 20961205 ns, Total: 20983305 ns
[6.202s][debug][gc,heap       ] GC(159) Heap before GC invocations=159 (full 0):
[6.202s][debug][gc,heap       ] GC(159)  garbage-first heap   total 1048576K, used 742700K [0x00000000c0000000, 0x0000000100000000)
[6.202s][debug][gc,heap       ] GC(159)   region size 1024K, 215 young (220160K), 32 survivors (32768K)
[6.202s][debug][gc,heap       ] GC(159)  Metaspace       used 6341K, committed 6464K, reserved 1114112K
[6.202s][debug][gc,heap       ] GC(159)   class space    used 546K, committed 640K, reserved 1048576K
[6.202s][info ][gc,start      ] GC(159) Pause Young (Normal) (G1 Evacuation Pause)
[6.202s][info ][gc,task       ] GC(159) Using 10 workers of 10 for evacuation
[6.202s][trace][gc,ergo,cset  ] GC(159) Start choosing CSet. Pending cards: 53 target pause time: 200.00ms
[6.203s][trace][gc,ergo,cset  ] GC(159) Added young regions to CSet. Eden: 183 regions, Survivors: 32 regions, predicted eden time: 16.78ms, predicted base time: 1.54ms, target pause time: 200.00ms, remaining time: 181.67ms
[6.203s][debug][gc,ergo       ] GC(159) Running G1 Merge Heap Roots using 10 workers for 215 regions
[6.221s][debug][gc,ergo       ] GC(159) Running G1 Rebuild Free List Task using 10 workers for rebuilding free list of regions
[6.222s][debug][gc,ergo,heap  ] GC(159) Heap expansion: short term pause time ratio 44.15% long term pause time ratio 43.71% threshold 7.69% pause time ratio 7.69% fully expanded true resize by 0B
[6.222s][debug][gc,ergo,refine] GC(159) Concurrent refinement times: Logged Cards Scan time goal: 20.00ms Logged Cards Scan time: 0.03ms HCC time: 0.00ms
[6.222s][trace][gc,ergo,refine] GC(159) Updating Refinement Zones: logged cards scan time: 0.032ms, processed cards: 36, goal time: 20.000ms
[6.222s][debug][gc,ergo,refine] GC(159) Updated Refinement Zones: green: 2560, yellow: 7680, red: 12800
[6.222s][info ][gc,phases     ] GC(159)   Pre Evacuate Collection Set: 0.2ms
[6.222s][info ][gc,phases     ] GC(159)   Merge Heap Roots: 0.2ms
[6.222s][info ][gc,phases     ] GC(159)   Evacuate Collection Set: 18.0ms
[6.222s][info ][gc,phases     ] GC(159)   Post Evacuate Collection Set: 0.8ms
[6.222s][info ][gc,phases     ] GC(159)   Other: 0.2ms
[6.222s][info ][gc,heap       ] GC(159) Eden regions: 183->0(152)
[6.222s][info ][gc,heap       ] GC(159) Survivor regions: 32->27(27)
[6.222s][info ][gc,heap       ] GC(159) Old regions: 512->578
[6.222s][info ][gc,heap       ] GC(159) Archive regions: 0->0
[6.222s][info ][gc,heap       ] GC(159) Humongous regions: 0->0
[6.222s][info ][gc,metaspace  ] GC(159) Metaspace: 6341K(6464K)->6341K(6464K) NonClass: 5794K(5824K)->5794K(5824K) Class: 546K(640K)->546K(640K)
[6.222s][debug][gc,heap       ] GC(159) Heap after GC invocations=160 (full 0):
[6.222s][debug][gc,heap       ] GC(159)  garbage-first heap   total 1048576K, used 618896K [0x00000000c0000000, 0x0000000100000000)
[6.222s][debug][gc,heap       ] GC(159)   region size 1024K, 27 young (27648K), 27 survivors (27648K)
[6.222s][debug][gc,heap       ] GC(159)  Metaspace       used 6341K, committed 6464K, reserved 1114112K
[6.222s][debug][gc,heap       ] GC(159)   class space    used 546K, committed 640K, reserved 1048576K
[6.222s][info ][gc            ] GC(159) Pause Young (Normal) (G1 Evacuation Pause) 726M->604M(1024M) 19.412ms
[6.222s][info ][gc,cpu        ] GC(159) User=0.18s Sys=0.00s Real=0.02s
[6.222s][info ][safepoint     ] Safepoint "G1CollectForAllocation", Time since last: 22664805 ns, Reaching safepoint: 29400 ns, Cleanup: 4900 ns, At safepoint: 19496805 ns, Total: 19531105 ns
[6.242s][debug][gc,heap       ] GC(160) Heap before GC invocations=160 (full 0):
[6.242s][debug][gc,heap       ] GC(160)  garbage-first heap   total 1048576K, used 773520K [0x00000000c0000000, 0x0000000100000000)
[6.242s][debug][gc,heap       ] GC(160)   region size 1024K, 179 young (183296K), 27 survivors (27648K)
[6.242s][debug][gc,heap       ] GC(160)  Metaspace       used 6341K, committed 6464K, reserved 1114112K
[6.242s][debug][gc,heap       ] GC(160)   class space    used 546K, committed 640K, reserved 1048576K
[6.242s][info ][gc,start      ] GC(160) Pause Young (Normal) (G1 Evacuation Pause)
[6.242s][info ][gc,task       ] GC(160) Using 10 workers of 10 for evacuation
[6.242s][trace][gc,ergo,cset  ] GC(160) Start choosing CSet. Pending cards: 50 target pause time: 200.00ms
[6.242s][trace][gc,ergo,cset  ] GC(160) Added young regions to CSet. Eden: 152 regions, Survivors: 27 regions, predicted eden time: 14.20ms, predicted base time: 1.43ms, target pause time: 200.00ms, remaining time: 184.37ms
[6.243s][debug][gc,ergo       ] GC(160) Running G1 Merge Heap Roots using 10 workers for 179 regions
[6.260s][debug][gc,ergo       ] GC(160) Running G1 Rebuild Free List Task using 10 workers for rebuilding free list of regions
[6.260s][debug][gc,ergo,heap  ] GC(160) Heap expansion: short term pause time ratio 45.71% long term pause time ratio 44.36% threshold 7.69% pause time ratio 7.69% fully expanded true resize by 0B
[6.260s][debug][gc,ergo,refine] GC(160) Concurrent refinement times: Logged Cards Scan time goal: 20.00ms Logged Cards Scan time: 0.05ms HCC time: 0.00ms
[6.260s][trace][gc,ergo,refine] GC(160) Updating Refinement Zones: logged cards scan time: 0.050ms, processed cards: 28, goal time: 19.999ms
[6.260s][debug][gc,ergo,refine] GC(160) Updated Refinement Zones: green: 2560, yellow: 7680, red: 12800
[6.260s][info ][gc,phases     ] GC(160)   Pre Evacuate Collection Set: 0.7ms
[6.260s][info ][gc,phases     ] GC(160)   Merge Heap Roots: 0.2ms
[6.260s][info ][gc,phases     ] GC(160)   Evacuate Collection Set: 16.2ms
[6.260s][info ][gc,phases     ] GC(160)   Post Evacuate Collection Set: 0.8ms
[6.260s][info ][gc,phases     ] GC(160)   Other: 0.3ms
[6.260s][info ][gc,heap       ] GC(160) Eden regions: 152->0(124)
[6.260s][info ][gc,heap       ] GC(160) Survivor regions: 27->23(23)
[6.260s][info ][gc,heap       ] GC(160) Old regions: 578->637
[6.260s][info ][gc,heap       ] GC(160) Archive regions: 0->0
[6.260s][info ][gc,heap       ] GC(160) Humongous regions: 0->0
[6.260s][info ][gc,metaspace  ] GC(160) Metaspace: 6341K(6464K)->6341K(6464K) NonClass: 5794K(5824K)->5794K(5824K) Class: 546K(640K)->546K(640K)
[6.260s][debug][gc,heap       ] GC(160) Heap after GC invocations=161 (full 0):
[6.260s][debug][gc,heap       ] GC(160)  garbage-first heap   total 1048576K, used 675816K [0x00000000c0000000, 0x0000000100000000)
[6.260s][debug][gc,heap       ] GC(160)   region size 1024K, 23 young (23552K), 23 survivors (23552K)
[6.260s][debug][gc,heap       ] GC(160)  Metaspace       used 6341K, committed 6464K, reserved 1114112K
[6.260s][debug][gc,heap       ] GC(160)   class space    used 546K, committed 640K, reserved 1048576K
[6.260s][info ][gc            ] GC(160) Pause Young (Normal) (G1 Evacuation Pause) 756M->659M(1024M) 18.081ms
[6.260s][info ][gc,cpu        ] GC(160) User=0.15s Sys=0.00s Real=0.02s
[6.260s][info ][safepoint     ] Safepoint "G1CollectForAllocation", Time since last: 20068305 ns, Reaching safepoint: 8400 ns, Cleanup: 7700 ns, At safepoint: 18249504 ns, Total: 18265604 ns
[6.276s][debug][gc,heap       ] GC(161) Heap before GC invocations=161 (full 0):
[6.276s][debug][gc,heap       ] GC(161)  garbage-first heap   total 1048576K, used 801768K [0x00000000c0000000, 0x0000000100000000)
[6.276s][debug][gc,heap       ] GC(161)   region size 1024K, 147 young (150528K), 23 survivors (23552K)
[6.276s][debug][gc,heap       ] GC(161)  Metaspace       used 6341K, committed 6464K, reserved 1114112K
[6.276s][debug][gc,heap       ] GC(161)   class space    used 546K, committed 640K, reserved 1048576K
[6.276s][info ][gc,start      ] GC(161) Pause Young (Normal) (G1 Evacuation Pause)
[6.276s][info ][gc,task       ] GC(161) Using 10 workers of 10 for evacuation
[6.276s][trace][gc,ergo,cset  ] GC(161) Start choosing CSet. Pending cards: 53 target pause time: 200.00ms
[6.276s][trace][gc,ergo,cset  ] GC(161) Added young regions to CSet. Eden: 124 regions, Survivors: 23 regions, predicted eden time: 11.90ms, predicted base time: 1.48ms, target pause time: 200.00ms, remaining time: 186.62ms
[6.276s][debug][gc,ergo       ] GC(161) Running G1 Merge Heap Roots using 10 workers for 147 regions
[6.290s][debug][gc,ergo       ] GC(161) Running G1 Rebuild Free List Task using 10 workers for rebuilding free list of regions
[6.290s][debug][gc,ergo,heap  ] GC(161) Heap expansion: short term pause time ratio 46.79% long term pause time ratio 43.79% threshold 7.69% pause time ratio 7.69% fully expanded true resize by 0B
[6.290s][debug][gc,ergo,refine] GC(161) Concurrent refinement times: Logged Cards Scan time goal: 20.00ms Logged Cards Scan time: 0.04ms HCC time: 0.00ms
[6.290s][trace][gc,ergo,refine] GC(161) Updating Refinement Zones: logged cards scan time: 0.044ms, processed cards: 30, goal time: 19.999ms
[6.290s][debug][gc,ergo,refine] GC(161) Updated Refinement Zones: green: 2560, yellow: 7680, red: 12800
[6.290s][info ][gc,phases     ] GC(161)   Pre Evacuate Collection Set: 0.3ms
[6.290s][info ][gc,phases     ] GC(161)   Merge Heap Roots: 0.2ms
[6.290s][info ][gc,phases     ] GC(161)   Evacuate Collection Set: 13.2ms
[6.290s][info ][gc,phases     ] GC(161)   Post Evacuate Collection Set: 0.8ms
[6.290s][info ][gc,phases     ] GC(161)   Other: 0.3ms
[6.290s][info ][gc,heap       ] GC(161) Eden regions: 124->0(100)
[6.290s][info ][gc,heap       ] GC(161) Survivor regions: 23->19(19)
[6.290s][info ][gc,heap       ] GC(161) Old regions: 637->689
[6.290s][info ][gc,heap       ] GC(161) Archive regions: 0->0
[6.290s][info ][gc,heap       ] GC(161) Humongous regions: 0->0
[6.290s][info ][gc,metaspace  ] GC(161) Metaspace: 6341K(6464K)->6341K(6464K) NonClass: 5794K(5824K)->5794K(5824K) Class: 546K(640K)->546K(640K)
[6.290s][debug][gc,heap       ] GC(161) Heap after GC invocations=162 (full 0):
[6.290s][debug][gc,heap       ] GC(161)  garbage-first heap   total 1048576K, used 724668K [0x00000000c0000000, 0x0000000100000000)
[6.290s][debug][gc,heap       ] GC(161)   region size 1024K, 19 young (19456K), 19 survivors (19456K)
[6.290s][debug][gc,heap       ] GC(161)  Metaspace       used 6341K, committed 6464K, reserved 1114112K
[6.290s][debug][gc,heap       ] GC(161)   class space    used 546K, committed 640K, reserved 1048576K
[6.290s][info ][gc            ] GC(161) Pause Young (Normal) (G1 Evacuation Pause) 783M->707M(1024M) 14.754ms
[6.290s][info ][gc,cpu        ] GC(161) User=0.13s Sys=0.00s Real=0.01s
[6.290s][info ][safepoint     ] Safepoint "G1CollectForAllocation", Time since last: 15228504 ns, Reaching safepoint: 8800 ns, Cleanup: 8300 ns, At safepoint: 14938004 ns, Total: 14955104 ns
[6.304s][debug][gc,heap       ] GC(162) Heap before GC invocations=162 (full 0):
[6.304s][debug][gc,heap       ] GC(162)  garbage-first heap   total 1048576K, used 826044K [0x00000000c0000000, 0x0000000100000000)
[6.304s][debug][gc,heap       ] GC(162)   region size 1024K, 119 young (121856K), 19 survivors (19456K)
[6.304s][debug][gc,heap       ] GC(162)  Metaspace       used 6341K, committed 6464K, reserved 1114112K
[6.304s][debug][gc,heap       ] GC(162)   class space    used 546K, committed 640K, reserved 1048576K
[6.304s][info ][gc,start      ] GC(162) Pause Young (Normal) (G1 Evacuation Pause)
[6.304s][info ][gc,task       ] GC(162) Using 10 workers of 10 for evacuation
[6.304s][trace][gc,ergo,cset  ] GC(162) Start choosing CSet. Pending cards: 54 target pause time: 200.00ms
[6.304s][trace][gc,ergo,cset  ] GC(162) Added young regions to CSet. Eden: 100 regions, Survivors: 19 regions, predicted eden time: 9.72ms, predicted base time: 1.39ms, target pause time: 200.00ms, remaining time: 188.90ms
[6.304s][debug][gc,ergo       ] GC(162) Running G1 Merge Heap Roots using 10 workers for 119 regions
[6.316s][debug][gc,ergo       ] GC(162) Running G1 Rebuild Free List Task using 10 workers for rebuilding free list of regions
[6.316s][debug][gc,ergo,heap  ] GC(162) Heap expansion: short term pause time ratio 48.28% long term pause time ratio 44.31% threshold 7.69% pause time ratio 7.69% fully expanded true resize by 0B
[6.316s][debug][gc,ergo,refine] GC(162) Concurrent refinement times: Logged Cards Scan time goal: 20.00ms Logged Cards Scan time: 0.04ms HCC time: 0.00ms
[6.316s][trace][gc,ergo,refine] GC(162) Updating Refinement Zones: logged cards scan time: 0.037ms, processed cards: 40, goal time: 19.999ms
[6.316s][debug][gc,ergo,refine] GC(162) Updated Refinement Zones: green: 2560, yellow: 7680, red: 12800
[6.316s][info ][gc,phases     ] GC(162)   Pre Evacuate Collection Set: 0.3ms
[6.316s][info ][gc,phases     ] GC(162)   Merge Heap Roots: 0.2ms
[6.316s][info ][gc,phases     ] GC(162)   Evacuate Collection Set: 10.7ms
[6.316s][info ][gc,phases     ] GC(162)   Post Evacuate Collection Set: 0.8ms
[6.316s][info ][gc,phases     ] GC(162)   Other: 0.2ms
[6.316s][info ][gc,heap       ] GC(162) Eden regions: 100->0(81)
[6.316s][info ][gc,heap       ] GC(162) Survivor regions: 19->15(15)
[6.316s][info ][gc,heap       ] GC(162) Old regions: 689->732
[6.316s][info ][gc,heap       ] GC(162) Archive regions: 0->0
[6.316s][info ][gc,heap       ] GC(162) Humongous regions: 0->0
[6.316s][info ][gc,metaspace  ] GC(162) Metaspace: 6341K(6464K)->6341K(6464K) NonClass: 5794K(5824K)->5794K(5824K) Class: 546K(640K)->546K(640K)
[6.316s][debug][gc,heap       ] GC(162) Heap after GC invocations=163 (full 0):
[6.316s][debug][gc,heap       ] GC(162)  garbage-first heap   total 1048576K, used 764504K [0x00000000c0000000, 0x0000000100000000)
[6.316s][debug][gc,heap       ] GC(162)   region size 1024K, 15 young (15360K), 15 survivors (15360K)
[6.316s][debug][gc,heap       ] GC(162)  Metaspace       used 6341K, committed 6464K, reserved 1114112K
[6.316s][debug][gc,heap       ] GC(162)   class space    used 546K, committed 640K, reserved 1048576K
[6.316s][info ][gc            ] GC(162) Pause Young (Normal) (G1 Evacuation Pause) 807M->746M(1024M) 12.188ms
[6.316s][info ][gc,cpu        ] GC(162) User=0.11s Sys=0.00s Real=0.01s
[6.316s][info ][safepoint     ] Safepoint "G1CollectForAllocation", Time since last: 13193203 ns, Reaching safepoint: 10200 ns, Cleanup: 9300 ns, At safepoint: 12316703 ns, Total: 12336203 ns
[6.328s][debug][gc,heap       ] GC(163) Heap before GC invocations=163 (full 0):
[6.328s][debug][gc,heap       ] GC(163)  garbage-first heap   total 1048576K, used 846424K [0x00000000c0000000, 0x0000000100000000)
[6.328s][debug][gc,heap       ] GC(163)   region size 1024K, 96 young (98304K), 15 survivors (15360K)
[6.328s][debug][gc,heap       ] GC(163)  Metaspace       used 6341K, committed 6464K, reserved 1114112K
[6.328s][debug][gc,heap       ] GC(163)   class space    used 546K, committed 640K, reserved 1048576K
[6.328s][info ][gc,start      ] GC(163) Pause Young (Normal) (G1 Evacuation Pause)
[6.328s][info ][gc,task       ] GC(163) Using 10 workers of 10 for evacuation
[6.328s][trace][gc,ergo,cset  ] GC(163) Start choosing CSet. Pending cards: 45 target pause time: 200.00ms
[6.328s][trace][gc,ergo,cset  ] GC(163) Added young regions to CSet. Eden: 81 regions, Survivors: 15 regions, predicted eden time: 7.91ms, predicted base time: 1.31ms, target pause time: 200.00ms, remaining time: 190.79ms
[6.329s][debug][gc,ergo       ] GC(163) Running G1 Merge Heap Roots using 10 workers for 96 regions
[6.339s][debug][gc,ergo       ] GC(163) Running G1 Rebuild Free List Task using 10 workers for rebuilding free list of regions
[6.339s][debug][gc,ergo,heap  ] GC(163) Heap expansion: short term pause time ratio 46.85% long term pause time ratio 46.25% threshold 7.69% pause time ratio 7.69% fully expanded true resize by 0B
[6.339s][debug][gc,ergo,refine] GC(163) Concurrent refinement times: Logged Cards Scan time goal: 20.00ms Logged Cards Scan time: 0.02ms HCC time: 0.00ms
[6.339s][trace][gc,ergo,refine] GC(163) Updating Refinement Zones: logged cards scan time: 0.025ms, processed cards: 28, goal time: 19.999ms
[6.339s][debug][gc,ergo,refine] GC(163) Updated Refinement Zones: green: 2560, yellow: 7680, red: 12800
[6.339s][info ][gc,phases     ] GC(163)   Pre Evacuate Collection Set: 0.3ms
[6.339s][info ][gc,phases     ] GC(163)   Merge Heap Roots: 0.2ms
[6.339s][info ][gc,phases     ] GC(163)   Evacuate Collection Set: 9.2ms
[6.339s][info ][gc,phases     ] GC(163)   Post Evacuate Collection Set: 0.7ms
[6.339s][info ][gc,phases     ] GC(163)   Other: 0.2ms
[6.339s][info ][gc,heap       ] GC(163) Eden regions: 81->0(64)
[6.339s][info ][gc,heap       ] GC(163) Survivor regions: 15->12(12)
[6.339s][info ][gc,heap       ] GC(163) Old regions: 732->768
[6.339s][info ][gc,heap       ] GC(163) Archive regions: 0->0
[6.339s][info ][gc,heap       ] GC(163) Humongous regions: 0->0
[6.339s][info ][gc,metaspace  ] GC(163) Metaspace: 6341K(6464K)->6341K(6464K) NonClass: 5794K(5824K)->5794K(5824K) Class: 546K(640K)->546K(640K)
[6.339s][debug][gc,heap       ] GC(163) Heap after GC invocations=164 (full 0):
[6.339s][debug][gc,heap       ] GC(163)  garbage-first heap   total 1048576K, used 798396K [0x00000000c0000000, 0x0000000100000000)
[6.339s][debug][gc,heap       ] GC(163)   region size 1024K, 12 young (12288K), 12 survivors (12288K)
[6.339s][debug][gc,heap       ] GC(163)  Metaspace       used 6341K, committed 6464K, reserved 1114112K
[6.339s][debug][gc,heap       ] GC(163)   class space    used 546K, committed 640K, reserved 1048576K
[6.339s][info ][gc            ] GC(163) Pause Young (Normal) (G1 Evacuation Pause) 827M->779M(1024M) 10.469ms
[6.339s][info ][gc,cpu        ] GC(163) User=0.09s Sys=0.00s Real=0.01s
[6.339s][info ][safepoint     ] Safepoint "G1CollectForAllocation", Time since last: 12380403 ns, Reaching safepoint: 6800 ns, Cleanup: 6800 ns, At safepoint: 10572702 ns, Total: 10586302 ns
[6.346s][debug][gc,heap       ] GC(164) Heap before GC invocations=164 (full 0):
[6.346s][debug][gc,heap       ] GC(164)  garbage-first heap   total 1048576K, used 862908K [0x00000000c0000000, 0x0000000100000000)
[6.346s][debug][gc,heap       ] GC(164)   region size 1024K, 76 young (77824K), 12 survivors (12288K)
[6.346s][debug][gc,heap       ] GC(164)  Metaspace       used 6341K, committed 6464K, reserved 1114112K
[6.346s][debug][gc,heap       ] GC(164)   class space    used 546K, committed 640K, reserved 1048576K
[6.346s][info ][gc,start      ] GC(164) Pause Young (Normal) (G1 Evacuation Pause)
[6.346s][info ][gc,task       ] GC(164) Using 10 workers of 10 for evacuation
[6.346s][trace][gc,ergo,cset  ] GC(164) Start choosing CSet. Pending cards: 40 target pause time: 200.00ms
[6.346s][trace][gc,ergo,cset  ] GC(164) Added young regions to CSet. Eden: 64 regions, Survivors: 12 regions, predicted eden time: 6.45ms, predicted base time: 1.24ms, target pause time: 200.00ms, remaining time: 192.32ms
[6.346s][debug][gc,ergo       ] GC(164) Running G1 Merge Heap Roots using 10 workers for 76 regions
[6.354s][debug][gc,ergo       ] GC(164) Running G1 Rebuild Free List Task using 10 workers for rebuilding free list of regions
[6.354s][debug][gc,ergo,heap  ] GC(164) Heap expansion: short term pause time ratio 44.89% long term pause time ratio 45.06% threshold 7.69% pause time ratio 7.69% fully expanded true resize by 0B
[6.354s][debug][gc,ergo,ihop  ] GC(164) Request concurrent cycle initiation (occupancy higher than threshold) occupancy: 835715072B allocation request: 0B threshold: 832926797B (77.57) source: end of GC
[6.354s][debug][gc,ergo,refine] GC(164) Concurrent refinement times: Logged Cards Scan time goal: 20.00ms Logged Cards Scan time: 0.01ms HCC time: 0.00ms
[6.354s][trace][gc,ergo,refine] GC(164) Updating Refinement Zones: logged cards scan time: 0.012ms, processed cards: 28, goal time: 20.000ms
[6.354s][debug][gc,ergo,refine] GC(164) Updated Refinement Zones: green: 2560, yellow: 7680, red: 12800
[6.354s][info ][gc,phases     ] GC(164)   Pre Evacuate Collection Set: 0.3ms
[6.354s][info ][gc,phases     ] GC(164)   Merge Heap Roots: 0.1ms
[6.354s][info ][gc,phases     ] GC(164)   Evacuate Collection Set: 7.1ms
[6.354s][info ][gc,phases     ] GC(164)   Post Evacuate Collection Set: 0.7ms
[6.354s][info ][gc,phases     ] GC(164)   Other: 0.3ms
[6.354s][info ][gc,heap       ] GC(164) Eden regions: 64->0(52)
[6.354s][info ][gc,heap       ] GC(164) Survivor regions: 12->10(10)
[6.354s][info ][gc,heap       ] GC(164) Old regions: 768->797
[6.354s][info ][gc,heap       ] GC(164) Archive regions: 0->0
[6.354s][info ][gc,heap       ] GC(164) Humongous regions: 0->0
[6.354s][info ][gc,metaspace  ] GC(164) Metaspace: 6341K(6464K)->6341K(6464K) NonClass: 5794K(5824K)->5794K(5824K) Class: 546K(640K)->546K(640K)
[6.354s][debug][gc,heap       ] GC(164) Heap after GC invocations=165 (full 0):
[6.354s][debug][gc,heap       ] GC(164)  garbage-first heap   total 1048576K, used 825444K [0x00000000c0000000, 0x0000000100000000)
[6.354s][debug][gc,heap       ] GC(164)   region size 1024K, 10 young (10240K), 10 survivors (10240K)
[6.354s][debug][gc,heap       ] GC(164)  Metaspace       used 6341K, committed 6464K, reserved 1114112K
[6.354s][debug][gc,heap       ] GC(164)   class space    used 546K, committed 640K, reserved 1048576K
[6.354s][info ][gc            ] GC(164) Pause Young (Normal) (G1 Evacuation Pause) 843M->806M(1024M) 8.488ms
[6.354s][info ][gc,cpu        ] GC(164) User=0.07s Sys=0.00s Real=0.01s
[6.354s][info ][safepoint     ] Safepoint "G1CollectForAllocation", Time since last: 6684602 ns, Reaching safepoint: 5600 ns, Cleanup: 6300 ns, At safepoint: 8676702 ns, Total: 8688602 ns
[6.362s][debug][gc,heap       ] GC(165) Heap before GC invocations=165 (full 0):
[6.362s][debug][gc,heap       ] GC(165)  garbage-first heap   total 1048576K, used 877668K [0x00000000c0000000, 0x0000000100000000)
[6.362s][debug][gc,heap       ] GC(165)   region size 1024K, 62 young (63488K), 10 survivors (10240K)
[6.362s][debug][gc,heap       ] GC(165)  Metaspace       used 6341K, committed 6464K, reserved 1114112K
[6.362s][debug][gc,heap       ] GC(165)   class space    used 546K, committed 640K, reserved 1048576K
[6.362s][debug][gc,ergo       ] GC(165) Initiate concurrent cycle (concurrent cycle initiation requested)
[6.362s][info ][gc,start      ] GC(165) Pause Young (Concurrent Start) (G1 Evacuation Pause)
[6.362s][info ][gc,task       ] GC(165) Using 10 workers of 10 for evacuation
[6.362s][trace][gc,ergo,cset  ] GC(165) Start choosing CSet. Pending cards: 38 target pause time: 200.00ms
[6.362s][trace][gc,ergo,cset  ] GC(165) Added young regions to CSet. Eden: 52 regions, Survivors: 10 regions, predicted eden time: 5.14ms, predicted base time: 1.16ms, target pause time: 200.00ms, remaining time: 193.70ms
[6.363s][debug][gc,ergo       ] GC(165) Running G1 Merge Heap Roots using 10 workers for 62 regions
[6.371s][debug][gc,ergo       ] GC(165) Running G1 Rebuild Free List Task using 10 workers for rebuilding free list of regions
[6.371s][debug][gc,ergo,heap  ] GC(165) Heap expansion: short term pause time ratio 54.14% long term pause time ratio 45.21% threshold 7.69% pause time ratio 7.69% fully expanded true resize by 0B
[6.371s][debug][gc,ergo,refine] GC(165) Concurrent refinement times: Logged Cards Scan time goal: 20.00ms Logged Cards Scan time: 0.01ms HCC time: 0.00ms
[6.371s][trace][gc,ergo,refine] GC(165) Updating Refinement Zones: logged cards scan time: 0.014ms, processed cards: 18, goal time: 19.999ms
[6.371s][debug][gc,ergo,refine] GC(165) Updated Refinement Zones: green: 2560, yellow: 7680, red: 12800
[6.371s][info ][gc,phases     ] GC(165)   Pre Evacuate Collection Set: 0.3ms
[6.371s][info ][gc,phases     ] GC(165)   Merge Heap Roots: 0.2ms
[6.371s][info ][gc,phases     ] GC(165)   Evacuate Collection Set: 7.5ms
[6.371s][info ][gc,phases     ] GC(165)   Post Evacuate Collection Set: 0.7ms
[6.371s][info ][gc,phases     ] GC(165)   Other: 0.3ms
[6.371s][info ][gc,heap       ] GC(165) Eden regions: 52->0(43)
[6.371s][info ][gc,heap       ] GC(165) Survivor regions: 10->8(8)
[6.371s][info ][gc,heap       ] GC(165) Old regions: 797->824
[6.371s][info ][gc,heap       ] GC(165) Archive regions: 0->0
[6.371s][info ][gc,heap       ] GC(165) Humongous regions: 0->0
[6.371s][info ][gc,metaspace  ] GC(165) Metaspace: 6341K(6464K)->6341K(6464K) NonClass: 5794K(5824K)->5794K(5824K) Class: 546K(640K)->546K(640K)
[6.371s][debug][gc,heap       ] GC(165) Heap after GC invocations=166 (full 0):
[6.371s][debug][gc,heap       ] GC(165)  garbage-first heap   total 1048576K, used 851044K [0x00000000c0000000, 0x0000000100000000)
[6.371s][debug][gc,heap       ] GC(165)   region size 1024K, 8 young (8192K), 8 survivors (8192K)
[6.371s][debug][gc,heap       ] GC(165)  Metaspace       used 6341K, committed 6464K, reserved 1114112K
[6.371s][debug][gc,heap       ] GC(165)   class space    used 546K, committed 640K, reserved 1048576K
[6.371s][info ][gc            ] GC(165) Pause Young (Concurrent Start) (G1 Evacuation Pause) 858M->831M(1024M) 9.046ms
[6.371s][info ][gc,cpu        ] GC(165) User=0.07s Sys=0.00s Real=0.01s
[6.371s][info ][safepoint     ] Safepoint "G1CollectForAllocation", Time since last: 7813902 ns, Reaching safepoint: 6000 ns, Cleanup: 6700 ns, At safepoint: 9206002 ns, Total: 9218702 ns
[6.371s][info ][gc            ] GC(166) Concurrent Mark Cycle
[6.371s][info ][gc,marking    ] GC(166) Concurrent Clear Claimed Marks
[6.371s][info ][gc,marking    ] GC(166) Concurrent Clear Claimed Marks 0.013ms
[6.371s][info ][gc,marking    ] GC(166) Concurrent Scan Root Regions
[6.371s][debug][gc,ergo       ] GC(166) Running G1 Root Region Scan using 3 workers for 36 work units.
[6.372s][info ][gc,marking    ] GC(166) Concurrent Scan Root Regions 0.142ms
[6.372s][info ][gc,marking    ] GC(166) Concurrent Mark
[6.372s][info ][gc,marking    ] GC(166) Concurrent Mark From Roots
[6.372s][info ][gc,task       ] GC(166) Using 3 workers of 3 for marking
[6.378s][info ][gc,marking    ] GC(166) Concurrent Mark From Roots 5.932ms
[6.378s][info ][gc,marking    ] GC(166) Concurrent Preclean
[6.378s][info ][gc,marking    ] GC(166) Concurrent Preclean 0.054ms
[6.378s][info ][gc,start      ] GC(166) Pause Remark
[6.379s][debug][gc,ergo       ] GC(166) Running G1 Update RemSet Tracking Before Rebuild using 3 workers for 1024 regions in heap
[6.380s][info ][gc            ] GC(166) Pause Remark 866M->536M(1024M) 1.677ms
[6.380s][info ][gc,cpu        ] GC(166) User=0.00s Sys=0.00s Real=0.00s
[6.380s][info ][safepoint     ] Safepoint "G1PauseRemark", Time since last: 6492902 ns, Reaching safepoint: 8800 ns, Cleanup: 7100 ns, At safepoint: 1735800 ns, Total: 1751700 ns
[6.380s][info ][gc,marking    ] GC(166) Concurrent Mark 8.072ms
[6.380s][info ][gc,marking    ] GC(166) Concurrent Rebuild Remembered Sets
[6.381s][debug][gc,heap       ] GC(167) Heap before GC invocations=166 (full 0):
[6.381s][debug][gc,heap       ] GC(167)  garbage-first heap   total 1048576K, used 556132K [0x00000000c0000000, 0x0000000100000000)
[6.381s][debug][gc,heap       ] GC(167)   region size 1024K, 51 young (52224K), 8 survivors (8192K)
[6.381s][debug][gc,heap       ] GC(167)  Metaspace       used 6341K, committed 6464K, reserved 1114112K
[6.381s][debug][gc,heap       ] GC(167)   class space    used 546K, committed 640K, reserved 1048576K
[6.381s][info ][gc,start      ] GC(167) Pause Young (Normal) (G1 Evacuation Pause)
[6.381s][info ][gc,task       ] GC(167) Using 10 workers of 10 for evacuation
[6.381s][trace][gc,ergo,cset  ] GC(167) Start choosing CSet. Pending cards: 52 target pause time: 200.00ms
[6.381s][trace][gc,ergo,cset  ] GC(167) Added young regions to CSet. Eden: 43 regions, Survivors: 8 regions, predicted eden time: 4.51ms, predicted base time: 1.20ms, target pause time: 200.00ms, remaining time: 194.29ms
[6.382s][debug][gc,ergo       ] GC(167) Running G1 Merge Heap Roots using 10 workers for 51 regions
[6.388s][debug][gc,ergo       ] GC(167) Running G1 Rebuild Free List Task using 10 workers for rebuilding free list of regions
[6.388s][debug][gc,ergo,heap  ] GC(167) Heap expansion: short term pause time ratio 19.69% long term pause time ratio 44.49% threshold 7.69% pause time ratio 7.69% fully expanded true resize by 0B
[6.388s][debug][gc,ergo,refine] GC(167) Concurrent refinement times: Logged Cards Scan time goal: 20.00ms Logged Cards Scan time: 0.02ms HCC time: 0.00ms
[6.388s][trace][gc,ergo,refine] GC(167) Updating Refinement Zones: logged cards scan time: 0.017ms, processed cards: 40, goal time: 19.999ms
[6.388s][debug][gc,ergo,refine] GC(167) Updated Refinement Zones: green: 2560, yellow: 7680, red: 12800
[6.388s][info ][gc,phases     ] GC(167)   Pre Evacuate Collection Set: 0.3ms
[6.388s][info ][gc,phases     ] GC(167)   Merge Heap Roots: 0.2ms
[6.388s][info ][gc,phases     ] GC(167)   Evacuate Collection Set: 5.4ms
[6.388s][info ][gc,phases     ] GC(167)   Post Evacuate Collection Set: 0.8ms
[6.388s][info ][gc,phases     ] GC(167)   Other: 0.4ms
[6.388s][info ][gc,heap       ] GC(167) Eden regions: 43->0(184)
[6.388s][info ][gc,heap       ] GC(167) Survivor regions: 8->7(7)
[6.388s][info ][gc,heap       ] GC(167) Old regions: 494->515
[6.388s][info ][gc,heap       ] GC(167) Archive regions: 0->0
[6.388s][info ][gc,heap       ] GC(167) Humongous regions: 0->0
[6.388s][info ][gc,metaspace  ] GC(167) Metaspace: 6341K(6464K)->6341K(6464K) NonClass: 5794K(5824K)->5794K(5824K) Class: 546K(640K)->546K(640K)
[6.388s][debug][gc,heap       ] GC(167) Heap after GC invocations=167 (full 0):
[6.388s][debug][gc,heap       ] GC(167)  garbage-first heap   total 1048576K, used 533704K [0x00000000c0000000, 0x0000000100000000)
[6.388s][debug][gc,heap       ] GC(167)   region size 1024K, 7 young (7168K), 7 survivors (7168K)
[6.388s][debug][gc,heap       ] GC(167)  Metaspace       used 6341K, committed 6464K, reserved 1114112K
[6.388s][debug][gc,heap       ] GC(167)   class space    used 546K, committed 640K, reserved 1048576K
[6.388s][info ][gc            ] GC(167) Pause Young (Normal) (G1 Evacuation Pause) 544M->521M(1024M) 7.119ms
[6.388s][info ][gc,cpu        ] GC(167) User=0.05s Sys=0.00s Real=0.01s
[6.388s][info ][safepoint     ] Safepoint "G1CollectForAllocation", Time since last: 1198300 ns, Reaching safepoint: 199501 ns, Cleanup: 10300 ns, At safepoint: 7403901 ns, Total: 7613702 ns
[6.391s][info ][gc,marking    ] GC(166) Concurrent Rebuild Remembered Sets 11.467ms
[6.392s][info ][gc,start      ] GC(166) Pause Cleanup
[6.393s][debug][gc,ergo,cset  ] GC(166) Pruned 128 regions out of 436, leaving 53090632 bytes waste (allowed 53687091)
[6.393s][info ][gc            ] GC(166) Pause Cleanup 539M->539M(1024M) 0.964ms
[6.393s][info ][gc,cpu        ] GC(166) User=0.00s Sys=0.00s Real=0.00s
[6.393s][info ][safepoint     ] Safepoint "G1PauseCleanup", Time since last: 3093101 ns, Reaching safepoint: 127800 ns, Cleanup: 19600 ns, At safepoint: 1043500 ns, Total: 1190900 ns
[6.393s][info ][gc,marking    ] GC(166) Concurrent Cleanup for Next Mark
[6.393s][debug][gc,ergo       ] GC(166) Running G1 Clear Bitmap with 3 workers for 16 work units.
[6.396s][info ][gc,marking    ] GC(166) Concurrent Cleanup for Next Mark 2.751ms
[6.396s][info ][gc            ] GC(166) Concurrent Mark Cycle 24.455ms
[6.441s][debug][gc,heap       ] GC(168) Heap before GC invocations=168 (full 0):
[6.441s][debug][gc,heap       ] GC(168)  garbage-first heap   total 1048576K, used 721096K [0x00000000c0000000, 0x0000000100000000)
[6.441s][debug][gc,heap       ] GC(168)   region size 1024K, 191 young (195584K), 7 survivors (7168K)
[6.441s][debug][gc,heap       ] GC(168)  Metaspace       used 6341K, committed 6464K, reserved 1114112K
[6.441s][debug][gc,heap       ] GC(168)   class space    used 546K, committed 640K, reserved 1048576K
[6.441s][info ][gc,start      ] GC(168) Pause Young (Prepare Mixed) (G1 Evacuation Pause)
[6.441s][info ][gc,task       ] GC(168) Using 10 workers of 10 for evacuation
[6.441s][trace][gc,ergo,cset  ] GC(168) Start choosing CSet. Pending cards: 50 target pause time: 200.00ms
[6.441s][trace][gc,ergo,cset  ] GC(168) Added young regions to CSet. Eden: 184 regions, Survivors: 7 regions, predicted eden time: 18.16ms, predicted base time: 1.23ms, target pause time: 200.00ms, remaining time: 180.61ms
[6.441s][debug][gc,ergo       ] GC(168) Running G1 Merge Heap Roots using 10 workers for 191 regions
[6.464s][debug][gc,ergo       ] GC(168) Running G1 Rebuild Free List Task using 10 workers for rebuilding free list of regions
[6.464s][debug][gc,ergo,heap  ] GC(168) Heap expansion: short term pause time ratio 19.75% long term pause time ratio 47.22% threshold 7.69% pause time ratio 7.69% fully expanded true resize by 0B
[6.464s][debug][gc,ergo,refine] GC(168) Concurrent refinement times: Logged Cards Scan time goal: 20.00ms Logged Cards Scan time: 0.05ms HCC time: 0.00ms
[6.464s][trace][gc,ergo,refine] GC(168) Updating Refinement Zones: logged cards scan time: 0.047ms, processed cards: 32, goal time: 19.999ms
[6.464s][debug][gc,ergo,refine] GC(168) Updated Refinement Zones: green: 2560, yellow: 7680, red: 12800
[6.464s][info ][gc,phases     ] GC(168)   Pre Evacuate Collection Set: 0.3ms
[6.464s][info ][gc,phases     ] GC(168)   Merge Heap Roots: 0.2ms
[6.464s][info ][gc,phases     ] GC(168)   Evacuate Collection Set: 21.3ms
[6.464s][info ][gc,phases     ] GC(168)   Post Evacuate Collection Set: 1.0ms
[6.464s][info ][gc,phases     ] GC(168)   Other: 0.4ms
[6.464s][info ][gc,heap       ] GC(168) Eden regions: 184->0(27)
[6.464s][info ][gc,heap       ] GC(168) Survivor regions: 7->24(24)
[6.464s][info ][gc,heap       ] GC(168) Old regions: 515->569
[6.464s][info ][gc,heap       ] GC(168) Archive regions: 0->0
[6.464s][info ][gc,heap       ] GC(168) Humongous regions: 0->0
[6.464s][info ][gc,metaspace  ] GC(168) Metaspace: 6341K(6464K)->6341K(6464K) NonClass: 5794K(5824K)->5794K(5824K) Class: 546K(640K)->546K(640K)
[6.464s][debug][gc,heap       ] GC(168) Heap after GC invocations=169 (full 0):
[6.464s][debug][gc,heap       ] GC(168)  garbage-first heap   total 1048576K, used 606508K [0x00000000c0000000, 0x0000000100000000)
[6.464s][debug][gc,heap       ] GC(168)   region size 1024K, 24 young (24576K), 24 survivors (24576K)
[6.464s][debug][gc,heap       ] GC(168)  Metaspace       used 6341K, committed 6464K, reserved 1114112K
[6.464s][debug][gc,heap       ] GC(168)   class space    used 546K, committed 640K, reserved 1048576K
[6.464s][info ][gc            ] GC(168) Pause Young (Prepare Mixed) (G1 Evacuation Pause) 705M->592M(1024M) 23.135ms
[6.464s][info ][gc,cpu        ] GC(168) User=0.20s Sys=0.00s Real=0.03s
[6.464s][info ][safepoint     ] Safepoint "G1CollectForAllocation", Time since last: 48127212 ns, Reaching safepoint: 15000 ns, Cleanup: 12800 ns, At safepoint: 23383606 ns, Total: 23411406 ns
[6.470s][debug][gc,heap       ] GC(169) Heap before GC invocations=169 (full 0):
[6.470s][debug][gc,heap       ] GC(169)  garbage-first heap   total 1048576K, used 633132K [0x00000000c0000000, 0x0000000100000000)
[6.470s][debug][gc,heap       ] GC(169)   region size 1024K, 51 young (52224K), 24 survivors (24576K)
[6.471s][debug][gc,heap       ] GC(169)  Metaspace       used 6341K, committed 6464K, reserved 1114112K
[6.471s][debug][gc,heap       ] GC(169)   class space    used 546K, committed 640K, reserved 1048576K
[6.471s][info ][gc,start      ] GC(169) Pause Young (Mixed) (G1 Evacuation Pause)
[6.471s][info ][gc,task       ] GC(169) Using 10 workers of 10 for evacuation
[6.471s][trace][gc,ergo,cset  ] GC(169) Start choosing CSet. Pending cards: 50 target pause time: 200.00ms
[6.471s][trace][gc,ergo,cset  ] GC(169) Added young regions to CSet. Eden: 27 regions, Survivors: 24 regions, predicted eden time: 3.56ms, predicted base time: 1.35ms, target pause time: 200.00ms, remaining time: 195.10ms
[6.471s][debug][gc,ergo,cset  ] GC(169) Start adding old regions to collection set. Min 39 regions, max 103 regions, time remaining 195.10ms, optional threshold 39.02ms
[6.471s][debug][gc,ergo,cset  ] GC(169) Finish adding old regions to collection set (Maximum number of regions). Initial 103 regions, optional 0 regions
[6.471s][debug][gc,ergo,cset  ] GC(169) Finish choosing collection set old regions. Initial: 103, optional: 0, predicted old time: 0.00ms, predicted optional time: 0.00ms, time remaining: 191.74
[6.471s][debug][gc,ergo       ] GC(169) Running G1 Merge Heap Roots using 10 workers for 154 regions
[6.484s][debug][gc,ergo       ] GC(169) Running G1 Rebuild Free List Task using 10 workers for rebuilding free list of regions
[6.485s][debug][gc,ergo,heap  ] GC(169) Heap expansion: short term pause time ratio 32.03% long term pause time ratio 43.01% threshold 7.69% pause time ratio 7.69% fully expanded true resize by 0B
[6.485s][debug][gc,ergo,refine] GC(169) Concurrent refinement times: Logged Cards Scan time goal: 20.00ms Logged Cards Scan time: 0.01ms HCC time: 0.00ms
[6.485s][trace][gc,ergo,refine] GC(169) Updating Refinement Zones: logged cards scan time: 0.011ms, processed cards: 22, goal time: 19.999ms
[6.485s][debug][gc,ergo,refine] GC(169) Updated Refinement Zones: green: 2560, yellow: 7680, red: 12800
[6.485s][info ][gc,phases     ] GC(169)   Pre Evacuate Collection Set: 0.4ms
[6.485s][info ][gc,phases     ] GC(169)   Merge Heap Roots: 0.2ms
[6.485s][info ][gc,phases     ] GC(169)   Evacuate Collection Set: 12.4ms
[6.485s][info ][gc,phases     ] GC(169)   Post Evacuate Collection Set: 1.0ms
[6.485s][info ][gc,phases     ] GC(169)   Other: 0.3ms
[6.485s][info ][gc,heap       ] GC(169) Eden regions: 27->0(44)
[6.485s][info ][gc,heap       ] GC(169) Survivor regions: 24->7(7)
[6.485s][info ][gc,heap       ] GC(169) Old regions: 569->500
[6.485s][info ][gc,heap       ] GC(169) Archive regions: 0->0
[6.485s][info ][gc,heap       ] GC(169) Humongous regions: 0->0
[6.485s][info ][gc,metaspace  ] GC(169) Metaspace: 6341K(6464K)->6341K(6464K) NonClass: 5794K(5824K)->5794K(5824K) Class: 546K(640K)->546K(640K)
[6.485s][debug][gc,heap       ] GC(169) Heap after GC invocations=170 (full 0):
[6.485s][debug][gc,heap       ] GC(169)  garbage-first heap   total 1048576K, used 518544K [0x00000000c0000000, 0x0000000100000000)
[6.485s][debug][gc,heap       ] GC(169)   region size 1024K, 7 young (7168K), 7 survivors (7168K)
[6.485s][debug][gc,heap       ] GC(169)  Metaspace       used 6341K, committed 6464K, reserved 1114112K
[6.485s][debug][gc,heap       ] GC(169)   class space    used 546K, committed 640K, reserved 1048576K
[6.485s][info ][gc            ] GC(169) Pause Young (Mixed) (G1 Evacuation Pause) 619M->506M(1024M) 14.188ms
[6.485s][info ][gc,cpu        ] GC(169) User=0.12s Sys=0.00s Real=0.02s
[6.485s][info ][safepoint     ] Safepoint "G1CollectForAllocation", Time since last: 6178801 ns, Reaching safepoint: 7900 ns, Cleanup: 12600 ns, At safepoint: 14359004 ns, Total: 14379504 ns
[6.491s][debug][gc,heap       ] GC(170) Heap before GC invocations=170 (full 0):
[6.491s][debug][gc,heap       ] GC(170)  garbage-first heap   total 1048576K, used 562576K [0x00000000c0000000, 0x0000000100000000)
[6.491s][debug][gc,heap       ] GC(170)   region size 1024K, 51 young (52224K), 7 survivors (7168K)
[6.491s][debug][gc,heap       ] GC(170)  Metaspace       used 6341K, committed 6464K, reserved 1114112K
[6.491s][debug][gc,heap       ] GC(170)   class space    used 546K, committed 640K, reserved 1048576K
[6.491s][info ][gc,start      ] GC(170) Pause Young (Mixed) (G1 Evacuation Pause)
[6.491s][info ][gc,task       ] GC(170) Using 10 workers of 10 for evacuation
[6.491s][trace][gc,ergo,cset  ] GC(170) Start choosing CSet. Pending cards: 118 target pause time: 200.00ms
[6.491s][trace][gc,ergo,cset  ] GC(170) Added young regions to CSet. Eden: 44 regions, Survivors: 7 regions, predicted eden time: 6.24ms, predicted base time: 1.45ms, target pause time: 200.00ms, remaining time: 192.31ms
[6.491s][debug][gc,ergo,cset  ] GC(170) Start adding old regions to collection set. Min 39 regions, max 103 regions, time remaining 192.31ms, optional threshold 38.46ms
[6.491s][debug][gc,ergo,cset  ] GC(170) Finish adding old regions to collection set (Maximum number of regions). Initial 103 regions, optional 0 regions
[6.491s][debug][gc,ergo,cset  ] GC(170) Finish choosing collection set old regions. Initial: 103, optional: 0, predicted old time: 0.00ms, predicted optional time: 0.00ms, time remaining: 187.21
[6.491s][debug][gc,ergo       ] GC(170) Running G1 Merge Heap Roots using 10 workers for 154 regions
[6.499s][debug][gc,ergo       ] GC(170) Running G1 Rebuild Free List Task using 10 workers for rebuilding free list of regions
[6.499s][debug][gc,ergo,heap  ] GC(170) Heap expansion: short term pause time ratio 67.74% long term pause time ratio 44.64% threshold 7.69% pause time ratio 7.69% fully expanded true resize by 0B
[6.499s][debug][gc,ergo,refine] GC(170) Concurrent refinement times: Logged Cards Scan time goal: 20.00ms Logged Cards Scan time: 0.02ms HCC time: 0.00ms
[6.499s][trace][gc,ergo,refine] GC(170) Updating Refinement Zones: logged cards scan time: 0.023ms, processed cards: 77, goal time: 19.999ms
[6.499s][debug][gc,ergo,refine] GC(170) Updated Refinement Zones: green: 2560, yellow: 7680, red: 12800
[6.499s][info ][gc,phases     ] GC(170)   Pre Evacuate Collection Set: 0.4ms
[6.499s][info ][gc,phases     ] GC(170)   Merge Heap Roots: 0.2ms
[6.499s][info ][gc,phases     ] GC(170)   Evacuate Collection Set: 6.8ms
[6.499s][info ][gc,phases     ] GC(170)   Post Evacuate Collection Set: 0.8ms
[6.499s][info ][gc,phases     ] GC(170)   Other: 0.2ms
[6.499s][info ][gc,heap       ] GC(170) Eden regions: 44->0(44)
[6.499s][info ][gc,heap       ] GC(170) Survivor regions: 7->7(7)
[6.499s][info ][gc,heap       ] GC(170) Old regions: 500->425
[6.499s][info ][gc,heap       ] GC(170) Archive regions: 0->0
[6.499s][info ][gc,heap       ] GC(170) Humongous regions: 0->0
[6.499s][info ][gc,metaspace  ] GC(170) Metaspace: 6341K(6464K)->6341K(6464K) NonClass: 5794K(5824K)->5794K(5824K) Class: 546K(640K)->546K(640K)
[6.499s][debug][gc,heap       ] GC(170) Heap after GC invocations=171 (full 0):
[6.499s][debug][gc,heap       ] GC(170)  garbage-first heap   total 1048576K, used 442244K [0x00000000c0000000, 0x0000000100000000)
[6.499s][debug][gc,heap       ] GC(170)   region size 1024K, 7 young (7168K), 7 survivors (7168K)
[6.499s][debug][gc,heap       ] GC(170)  Metaspace       used 6341K, committed 6464K, reserved 1114112K
[6.499s][debug][gc,heap       ] GC(170)   class space    used 546K, committed 640K, reserved 1048576K
[6.499s][info ][gc            ] GC(170) Pause Young (Mixed) (G1 Evacuation Pause) 550M->431M(1024M) 8.287ms
[6.499s][info ][gc,cpu        ] GC(170) User=0.06s Sys=0.00s Real=0.01s
[6.499s][info ][safepoint     ] Safepoint "G1CollectForAllocation", Time since last: 5727501 ns, Reaching safepoint: 12300 ns, Cleanup: 10500 ns, At safepoint: 8425802 ns, Total: 8448602 ns
[6.507s][debug][gc,heap       ] GC(171) Heap before GC invocations=171 (full 0):
[6.507s][debug][gc,heap       ] GC(171)  garbage-first heap   total 1048576K, used 486276K [0x00000000c0000000, 0x0000000100000000)
[6.507s][debug][gc,heap       ] GC(171)   region size 1024K, 51 young (52224K), 7 survivors (7168K)
[6.507s][debug][gc,heap       ] GC(171)  Metaspace       used 6341K, committed 6464K, reserved 1114112K
[6.507s][debug][gc,heap       ] GC(171)   class space    used 546K, committed 640K, reserved 1048576K
[6.507s][info ][gc,start      ] GC(171) Pause Young (Mixed) (G1 Evacuation Pause)
[6.507s][info ][gc,task       ] GC(171) Using 10 workers of 10 for evacuation
[6.507s][trace][gc,ergo,cset  ] GC(171) Start choosing CSet. Pending cards: 171 target pause time: 200.00ms
[6.507s][trace][gc,ergo,cset  ] GC(171) Added young regions to CSet. Eden: 44 regions, Survivors: 7 regions, predicted eden time: 5.83ms, predicted base time: 1.40ms, target pause time: 200.00ms, remaining time: 192.77ms
[6.507s][debug][gc,ergo,cset  ] GC(171) Start adding old regions to collection set. Min 39 regions, max 103 regions, time remaining 192.77ms, optional threshold 38.55ms
[6.507s][debug][gc,ergo,cset  ] GC(171) Old candidate collection set empty.
[6.507s][debug][gc,ergo,cset  ] GC(171) Finish choosing collection set old regions. Initial: 102, optional: 0, predicted old time: 0.00ms, predicted optional time: 0.00ms, time remaining: 184.43
[6.508s][debug][gc,ergo       ] GC(171) Running G1 Merge Heap Roots using 10 workers for 153 regions
[6.521s][debug][gc,ergo       ] GC(171) Running G1 Rebuild Free List Task using 10 workers for rebuilding free list of regions
[6.522s][debug][gc,ergo,heap  ] GC(171) Heap expansion: short term pause time ratio 57.25% long term pause time ratio 44.97% threshold 7.69% pause time ratio 7.69% fully expanded true resize by 0B
[6.522s][debug][gc,ergo       ] GC(171) do not continue mixed GCs (candidate old regions not available)
[6.522s][debug][gc,ergo,refine] GC(171) Concurrent refinement times: Logged Cards Scan time goal: 20.00ms Logged Cards Scan time: 0.03ms HCC time: 0.00ms
[6.522s][trace][gc,ergo,refine] GC(171) Updating Refinement Zones: logged cards scan time: 0.035ms, processed cards: 129, goal time: 19.999ms
[6.522s][debug][gc,ergo,refine] GC(171) Updated Refinement Zones: green: 2560, yellow: 7680, red: 12800
[6.522s][info ][gc,phases     ] GC(171)   Pre Evacuate Collection Set: 0.3ms
[6.522s][info ][gc,phases     ] GC(171)   Merge Heap Roots: 0.2ms
[6.522s][info ][gc,phases     ] GC(171)   Evacuate Collection Set: 13.0ms
[6.522s][info ][gc,phases     ] GC(171)   Post Evacuate Collection Set: 0.9ms
[6.522s][info ][gc,phases     ] GC(171)   Other: 0.3ms
[6.522s][info ][gc,heap       ] GC(171) Eden regions: 44->0(265)
[6.522s][info ][gc,heap       ] GC(171) Survivor regions: 7->7(7)
[6.522s][info ][gc,heap       ] GC(171) Old regions: 425->359
[6.522s][info ][gc,heap       ] GC(171) Archive regions: 0->0
[6.522s][info ][gc,heap       ] GC(171) Humongous regions: 0->0
[6.522s][info ][gc,metaspace  ] GC(171) Metaspace: 6341K(6464K)->6341K(6464K) NonClass: 5794K(5824K)->5794K(5824K) Class: 546K(640K)->546K(640K)
[6.522s][debug][gc,heap       ] GC(171) Heap after GC invocations=172 (full 0):
[6.522s][debug][gc,heap       ] GC(171)  garbage-first heap   total 1048576K, used 374560K [0x00000000c0000000, 0x0000000100000000)
[6.522s][debug][gc,heap       ] GC(171)   region size 1024K, 7 young (7168K), 7 survivors (7168K)
[6.522s][debug][gc,heap       ] GC(171)  Metaspace       used 6341K, committed 6464K, reserved 1114112K
[6.522s][debug][gc,heap       ] GC(171)   class space    used 546K, committed 640K, reserved 1048576K
[6.522s][info ][gc            ] GC(171) Pause Young (Mixed) (G1 Evacuation Pause) 475M->365M(1024M) 14.723ms
[6.522s][info ][gc,cpu        ] GC(171) User=0.12s Sys=0.00s Real=0.01s
[6.522s][info ][safepoint     ] Safepoint "G1CollectForAllocation", Time since last: 8037302 ns, Reaching safepoint: 9800 ns, Cleanup: 9000 ns, At safepoint: 14903004 ns, Total: 14921804 ns
[6.561s][debug][gc,heap       ] GC(172) Heap before GC invocations=172 (full 0):
[6.561s][debug][gc,heap       ] GC(172)  garbage-first heap   total 1048576K, used 644896K [0x00000000c0000000, 0x0000000100000000)
[6.561s][debug][gc,heap       ] GC(172)   region size 1024K, 272 young (278528K), 7 survivors (7168K)
[6.561s][debug][gc,heap       ] GC(172)  Metaspace       used 6341K, committed 6464K, reserved 1114112K
[6.561s][debug][gc,heap       ] GC(172)   class space    used 546K, committed 640K, reserved 1048576K
[6.561s][info ][gc,start      ] GC(172) Pause Young (Normal) (G1 Evacuation Pause)
[6.561s][info ][gc,task       ] GC(172) Using 10 workers of 10 for evacuation
[6.561s][trace][gc,ergo,cset  ] GC(172) Start choosing CSet. Pending cards: 40 target pause time: 200.00ms
[6.561s][trace][gc,ergo,cset  ] GC(172) Added young regions to CSet. Eden: 265 regions, Survivors: 7 regions, predicted eden time: 35.32ms, predicted base time: 1.31ms, target pause time: 200.00ms, remaining time: 163.36ms
[6.562s][debug][gc,ergo       ] GC(172) Running G1 Merge Heap Roots using 10 workers for 272 regions
[6.582s][debug][gc,ergo       ] GC(172) Running G1 Rebuild Free List Task using 10 workers for rebuilding free list of regions
[6.582s][debug][gc,ergo,heap  ] GC(172) Heap expansion: short term pause time ratio 63.26% long term pause time ratio 46.77% threshold 7.69% pause time ratio 7.69% fully expanded true resize by 0B
[6.582s][debug][gc,ergo,refine] GC(172) Concurrent refinement times: Logged Cards Scan time goal: 20.00ms Logged Cards Scan time: 0.04ms HCC time: 0.00ms
[6.582s][trace][gc,ergo,refine] GC(172) Updating Refinement Zones: logged cards scan time: 0.040ms, processed cards: 15, goal time: 19.999ms
[6.582s][debug][gc,ergo,refine] GC(172) Updated Refinement Zones: green: 2560, yellow: 7680, red: 12800
[6.582s][info ][gc,phases     ] GC(172)   Pre Evacuate Collection Set: 0.3ms
[6.582s][info ][gc,phases     ] GC(172)   Merge Heap Roots: 0.2ms
[6.582s][info ][gc,phases     ] GC(172)   Evacuate Collection Set: 19.7ms
[6.582s][info ][gc,phases     ] GC(172)   Post Evacuate Collection Set: 0.7ms
[6.582s][info ][gc,phases     ] GC(172)   Other: 0.2ms
[6.582s][info ][gc,heap       ] GC(172) Eden regions: 265->0(223)
[6.582s][info ][gc,heap       ] GC(172) Survivor regions: 7->34(34)
[6.582s][info ][gc,heap       ] GC(172) Old regions: 359->425
[6.582s][info ][gc,heap       ] GC(172) Archive regions: 0->0
[6.582s][info ][gc,heap       ] GC(172) Humongous regions: 0->0
[6.582s][info ][gc,metaspace  ] GC(172) Metaspace: 6341K(6464K)->6341K(6464K) NonClass: 5794K(5824K)->5794K(5824K) Class: 546K(640K)->546K(640K)
[6.582s][debug][gc,heap       ] GC(172) Heap after GC invocations=173 (full 0):
[6.582s][debug][gc,heap       ] GC(172)  garbage-first heap   total 1048576K, used 469592K [0x00000000c0000000, 0x0000000100000000)
[6.582s][debug][gc,heap       ] GC(172)   region size 1024K, 34 young (34816K), 34 survivors (34816K)
[6.582s][debug][gc,heap       ] GC(172)  Metaspace       used 6341K, committed 6464K, reserved 1114112K
[6.582s][debug][gc,heap       ] GC(172)   class space    used 546K, committed 640K, reserved 1048576K
[6.582s][info ][gc            ] GC(172) Pause Young (Normal) (G1 Evacuation Pause) 630M->458M(1024M) 20.900ms
[6.582s][info ][gc,cpu        ] GC(172) User=0.20s Sys=0.00s Real=0.02s
[6.582s][info ][safepoint     ] Safepoint "G1CollectForAllocation", Time since last: 39259409 ns, Reaching safepoint: 8200 ns, Cleanup: 6500 ns, At safepoint: 21017005 ns, Total: 21031705 ns
[6.611s][debug][gc,heap       ] GC(173) Heap before GC invocations=173 (full 0):
[6.611s][debug][gc,heap       ] GC(173)  garbage-first heap   total 1048576K, used 696920K [0x00000000c0000000, 0x0000000100000000)
[6.611s][debug][gc,heap       ] GC(173)   region size 1024K, 257 young (263168K), 34 survivors (34816K)
[6.611s][debug][gc,heap       ] GC(173)  Metaspace       used 6341K, committed 6464K, reserved 1114112K
[6.611s][debug][gc,heap       ] GC(173)   class space    used 546K, committed 640K, reserved 1048576K
[6.611s][info ][gc,start      ] GC(173) Pause Young (Normal) (G1 Evacuation Pause)
[6.611s][info ][gc,task       ] GC(173) Using 10 workers of 10 for evacuation
[6.611s][trace][gc,ergo,cset  ] GC(173) Start choosing CSet. Pending cards: 50 target pause time: 200.00ms
[6.611s][trace][gc,ergo,cset  ] GC(173) Added young regions to CSet. Eden: 223 regions, Survivors: 34 regions, predicted eden time: 27.26ms, predicted base time: 1.26ms, target pause time: 200.00ms, remaining time: 171.48ms
[6.611s][debug][gc,ergo       ] GC(173) Running G1 Merge Heap Roots using 10 workers for 257 regions
[6.632s][debug][gc,ergo       ] GC(173) Running G1 Rebuild Free List Task using 10 workers for rebuilding free list of regions
[6.632s][debug][gc,ergo,heap  ] GC(173) Heap expansion: short term pause time ratio 34.39% long term pause time ratio 43.87% threshold 7.69% pause time ratio 7.69% fully expanded true resize by 0B
[6.632s][debug][gc,ergo,refine] GC(173) Concurrent refinement times: Logged Cards Scan time goal: 20.00ms Logged Cards Scan time: 0.07ms HCC time: 0.00ms
[6.632s][trace][gc,ergo,refine] GC(173) Updating Refinement Zones: logged cards scan time: 0.069ms, processed cards: 25, goal time: 19.999ms
[6.632s][debug][gc,ergo,refine] GC(173) Updated Refinement Zones: green: 2560, yellow: 7680, red: 12800
[6.632s][info ][gc,phases     ] GC(173)   Pre Evacuate Collection Set: 0.3ms
[6.632s][info ][gc,phases     ] GC(173)   Merge Heap Roots: 0.2ms
[6.632s][info ][gc,phases     ] GC(173)   Evacuate Collection Set: 20.0ms
[6.632s][info ][gc,phases     ] GC(173)   Post Evacuate Collection Set: 0.9ms
[6.632s][info ][gc,phases     ] GC(173)   Other: 0.2ms
[6.632s][info ][gc,heap       ] GC(173) Eden regions: 223->0(188)
[6.632s][info ][gc,heap       ] GC(173) Survivor regions: 34->33(33)
[6.632s][info ][gc,heap       ] GC(173) Old regions: 425->498
[6.632s][info ][gc,heap       ] GC(173) Archive regions: 0->0
[6.632s][info ][gc,heap       ] GC(173) Humongous regions: 0->0
[6.632s][info ][gc,metaspace  ] GC(173) Metaspace: 6341K(6464K)->6341K(6464K) NonClass: 5794K(5824K)->5794K(5824K) Class: 546K(640K)->546K(640K)
[6.632s][debug][gc,heap       ] GC(173) Heap after GC invocations=174 (full 0):
[6.632s][debug][gc,heap       ] GC(173)  garbage-first heap   total 1048576K, used 542920K [0x00000000c0000000, 0x0000000100000000)
[6.632s][debug][gc,heap       ] GC(173)   region size 1024K, 33 young (33792K), 33 survivors (33792K)
[6.632s][debug][gc,heap       ] GC(173)  Metaspace       used 6341K, committed 6464K, reserved 1114112K
[6.632s][debug][gc,heap       ] GC(173)   class space    used 546K, committed 640K, reserved 1048576K
[6.632s][info ][gc            ] GC(173) Pause Young (Normal) (G1 Evacuation Pause) 681M->530M(1024M) 21.409ms
[6.632s][info ][gc,cpu        ] GC(173) User=0.19s Sys=0.00s Real=0.02s
[6.632s][info ][safepoint     ] Safepoint "G1CollectForAllocation", Time since last: 28602707 ns, Reaching safepoint: 6600 ns, Cleanup: 6200 ns, At safepoint: 21535705 ns, Total: 21548505 ns
[6.664s][debug][gc,heap       ] GC(174) Heap before GC invocations=174 (full 0):
[6.664s][debug][gc,heap       ] GC(174)  garbage-first heap   total 1048576K, used 734408K [0x00000000c0000000, 0x0000000100000000)
[6.664s][debug][gc,heap       ] GC(174)   region size 1024K, 221 young (226304K), 33 survivors (33792K)
[6.664s][debug][gc,heap       ] GC(174)  Metaspace       used 6341K, committed 6464K, reserved 1114112K
[6.664s][debug][gc,heap       ] GC(174)   class space    used 546K, committed 640K, reserved 1048576K
[6.664s][info ][gc,start      ] GC(174) Pause Young (Normal) (G1 Evacuation Pause)
[6.664s][info ][gc,task       ] GC(174) Using 10 workers of 10 for evacuation
[6.664s][trace][gc,ergo,cset  ] GC(174) Start choosing CSet. Pending cards: 49 target pause time: 200.00ms
[6.664s][trace][gc,ergo,cset  ] GC(174) Added young regions to CSet. Eden: 188 regions, Survivors: 33 regions, predicted eden time: 21.68ms, predicted base time: 1.23ms, target pause time: 200.00ms, remaining time: 177.08ms
[6.665s][debug][gc,ergo       ] GC(174) Running G1 Merge Heap Roots using 10 workers for 221 regions
[6.686s][debug][gc,ergo       ] GC(174) Running G1 Rebuild Free List Task using 10 workers for rebuilding free list of regions
[6.687s][debug][gc,ergo,heap  ] GC(174) Heap expansion: short term pause time ratio 42.46% long term pause time ratio 43.06% threshold 7.69% pause time ratio 7.69% fully expanded true resize by 0B
[6.687s][debug][gc,ergo,refine] GC(174) Concurrent refinement times: Logged Cards Scan time goal: 20.00ms Logged Cards Scan time: 0.03ms HCC time: 0.00ms
[6.687s][trace][gc,ergo,refine] GC(174) Updating Refinement Zones: logged cards scan time: 0.033ms, processed cards: 24, goal time: 19.999ms
[6.687s][debug][gc,ergo,refine] GC(174) Updated Refinement Zones: green: 2560, yellow: 7680, red: 12800
[6.687s][info ][gc,phases     ] GC(174)   Pre Evacuate Collection Set: 0.3ms
[6.687s][info ][gc,phases     ] GC(174)   Merge Heap Roots: 0.2ms
[6.687s][info ][gc,phases     ] GC(174)   Evacuate Collection Set: 19.9ms
[6.687s][info ][gc,phases     ] GC(174)   Post Evacuate Collection Set: 2.3ms
[6.687s][info ][gc,phases     ] GC(174)   Other: 0.4ms
[6.687s][info ][gc,heap       ] GC(174) Eden regions: 188->0(159)
[6.687s][info ][gc,heap       ] GC(174) Survivor regions: 33->28(28)
[6.687s][info ][gc,heap       ] GC(174) Old regions: 498->563
[6.687s][info ][gc,heap       ] GC(174) Archive regions: 0->0
[6.687s][info ][gc,heap       ] GC(174) Humongous regions: 0->0
[6.687s][info ][gc,metaspace  ] GC(174) Metaspace: 6341K(6464K)->6341K(6464K) NonClass: 5794K(5824K)->5794K(5824K) Class: 546K(640K)->546K(640K)
[6.687s][debug][gc,heap       ] GC(174) Heap after GC invocations=175 (full 0):
[6.687s][debug][gc,heap       ] GC(174)  garbage-first heap   total 1048576K, used 605060K [0x00000000c0000000, 0x0000000100000000)
[6.687s][debug][gc,heap       ] GC(174)   region size 1024K, 28 young (28672K), 28 survivors (28672K)
[6.687s][debug][gc,heap       ] GC(174)  Metaspace       used 6341K, committed 6464K, reserved 1114112K
[6.687s][debug][gc,heap       ] GC(174)   class space    used 546K, committed 640K, reserved 1048576K
[6.687s][info ][gc            ] GC(174) Pause Young (Normal) (G1 Evacuation Pause) 718M->590M(1024M) 23.130ms
[6.688s][info ][gc,cpu        ] GC(174) User=0.19s Sys=0.00s Real=0.02s
[6.688s][info ][safepoint     ] Safepoint "G1CollectForAllocation", Time since last: 31843908 ns, Reaching safepoint: 10400 ns, Cleanup: 42200 ns, At safepoint: 23416306 ns, Total: 23468906 ns
[6.732s][debug][gc,heap       ] GC(175) Heap before GC invocations=175 (full 0):
[6.732s][debug][gc,heap       ] GC(175)  garbage-first heap   total 1048576K, used 766852K [0x00000000c0000000, 0x0000000100000000)
[6.732s][debug][gc,heap       ] GC(175)   region size 1024K, 187 young (191488K), 28 survivors (28672K)
[6.732s][debug][gc,heap       ] GC(175)  Metaspace       used 6341K, committed 6464K, reserved 1114112K
[6.732s][debug][gc,heap       ] GC(175)   class space    used 546K, committed 640K, reserved 1048576K
[6.732s][info ][gc,start      ] GC(175) Pause Young (Normal) (G1 Evacuation Pause)
[6.732s][info ][gc,task       ] GC(175) Using 10 workers of 10 for evacuation
[6.732s][trace][gc,ergo,cset  ] GC(175) Start choosing CSet. Pending cards: 44 target pause time: 200.00ms
[6.732s][trace][gc,ergo,cset  ] GC(175) Added young regions to CSet. Eden: 159 regions, Survivors: 28 regions, predicted eden time: 17.92ms, predicted base time: 1.79ms, target pause time: 200.00ms, remaining time: 180.30ms
[6.733s][debug][gc,ergo       ] GC(175) Running G1 Merge Heap Roots using 10 workers for 187 regions
[6.754s][debug][gc,ergo       ] GC(175) Running G1 Rebuild Free List Task using 10 workers for rebuilding free list of regions
[6.755s][debug][gc,ergo,heap  ] GC(175) Heap expansion: short term pause time ratio 41.47% long term pause time ratio 42.29% threshold 7.69% pause time ratio 7.69% fully expanded true resize by 0B
[6.755s][debug][gc,ergo,refine] GC(175) Concurrent refinement times: Logged Cards Scan time goal: 20.00ms Logged Cards Scan time: 0.03ms HCC time: 0.00ms
[6.755s][trace][gc,ergo,refine] GC(175) Updating Refinement Zones: logged cards scan time: 0.031ms, processed cards: 21, goal time: 19.999ms
[6.755s][debug][gc,ergo,refine] GC(175) Updated Refinement Zones: green: 2560, yellow: 7680, red: 12800
[6.755s][info ][gc,phases     ] GC(175)   Pre Evacuate Collection Set: 0.3ms
[6.755s][info ][gc,phases     ] GC(175)   Merge Heap Roots: 0.2ms
[6.755s][info ][gc,phases     ] GC(175)   Evacuate Collection Set: 21.0ms
[6.755s][info ][gc,phases     ] GC(175)   Post Evacuate Collection Set: 1.0ms
[6.755s][info ][gc,phases     ] GC(175)   Other: 0.4ms
[6.755s][info ][gc,heap       ] GC(175) Eden regions: 159->0(130)
[6.755s][info ][gc,heap       ] GC(175) Survivor regions: 28->24(24)
[6.755s][info ][gc,heap       ] GC(175) Old regions: 563->624
[6.755s][info ][gc,heap       ] GC(175) Archive regions: 0->0
[6.755s][info ][gc,heap       ] GC(175) Humongous regions: 0->0
[6.755s][info ][gc,metaspace  ] GC(175) Metaspace: 6341K(6464K)->6341K(6464K) NonClass: 5794K(5824K)->5794K(5824K) Class: 546K(640K)->546K(640K)
[6.755s][debug][gc,heap       ] GC(175) Heap after GC invocations=176 (full 0):
[6.755s][debug][gc,heap       ] GC(175)  garbage-first heap   total 1048576K, used 662728K [0x00000000c0000000, 0x0000000100000000)
[6.755s][debug][gc,heap       ] GC(175)   region size 1024K, 24 young (24576K), 24 survivors (24576K)
[6.755s][debug][gc,heap       ] GC(175)  Metaspace       used 6341K, committed 6464K, reserved 1114112K
[6.755s][debug][gc,heap       ] GC(175)   class space    used 546K, committed 640K, reserved 1048576K
[6.755s][info ][gc            ] GC(175) Pause Young (Normal) (G1 Evacuation Pause) 749M->647M(1024M) 22.701ms
[6.755s][info ][gc,cpu        ] GC(175) User=0.20s Sys=0.00s Real=0.03s
[6.755s][info ][safepoint     ] Safepoint "G1CollectForAllocation", Time since last: 44413710 ns, Reaching safepoint: 18500 ns, Cleanup: 16600 ns, At safepoint: 22956606 ns, Total: 22991706 ns
[6.772s][debug][gc,heap       ] GC(176) Heap before GC invocations=176 (full 0):
[6.772s][debug][gc,heap       ] GC(176)  garbage-first heap   total 1048576K, used 794824K [0x00000000c0000000, 0x0000000100000000)
[6.772s][debug][gc,heap       ] GC(176)   region size 1024K, 154 young (157696K), 24 survivors (24576K)
[6.772s][debug][gc,heap       ] GC(176)  Metaspace       used 6341K, committed 6464K, reserved 1114112K
[6.772s][debug][gc,heap       ] GC(176)   class space    used 546K, committed 640K, reserved 1048576K
[6.772s][info ][gc,start      ] GC(176) Pause Young (Normal) (G1 Evacuation Pause)
[6.772s][info ][gc,task       ] GC(176) Using 10 workers of 10 for evacuation
[6.772s][trace][gc,ergo,cset  ] GC(176) Start choosing CSet. Pending cards: 48 target pause time: 200.00ms
[6.772s][trace][gc,ergo,cset  ] GC(176) Added young regions to CSet. Eden: 130 regions, Survivors: 24 regions, predicted eden time: 15.29ms, predicted base time: 1.67ms, target pause time: 200.00ms, remaining time: 183.04ms
[6.772s][debug][gc,ergo       ] GC(176) Running G1 Merge Heap Roots using 10 workers for 154 regions
[6.788s][debug][gc,ergo       ] GC(176) Running G1 Rebuild Free List Task using 10 workers for rebuilding free list of regions
[6.788s][debug][gc,ergo,heap  ] GC(176) Heap expansion: short term pause time ratio 33.26% long term pause time ratio 41.17% threshold 7.69% pause time ratio 7.69% fully expanded true resize by 0B
[6.788s][debug][gc,ergo,refine] GC(176) Concurrent refinement times: Logged Cards Scan time goal: 20.00ms Logged Cards Scan time: 0.05ms HCC time: 0.00ms
[6.788s][trace][gc,ergo,refine] GC(176) Updating Refinement Zones: logged cards scan time: 0.052ms, processed cards: 23, goal time: 19.999ms
[6.788s][debug][gc,ergo,refine] GC(176) Updated Refinement Zones: green: 2560, yellow: 7680, red: 12800
[6.788s][info ][gc,phases     ] GC(176)   Pre Evacuate Collection Set: 0.4ms
[6.788s][info ][gc,phases     ] GC(176)   Merge Heap Roots: 0.2ms
[6.788s][info ][gc,phases     ] GC(176)   Evacuate Collection Set: 15.2ms
[6.788s][info ][gc,phases     ] GC(176)   Post Evacuate Collection Set: 0.7ms
[6.788s][info ][gc,phases     ] GC(176)   Other: 0.4ms
[6.788s][info ][gc,heap       ] GC(176) Eden regions: 130->0(105)
[6.788s][info ][gc,heap       ] GC(176) Survivor regions: 24->20(20)
[6.788s][info ][gc,heap       ] GC(176) Old regions: 624->678
[6.788s][info ][gc,heap       ] GC(176) Archive regions: 0->0
[6.788s][info ][gc,heap       ] GC(176) Humongous regions: 0->0
[6.788s][info ][gc,metaspace  ] GC(176) Metaspace: 6341K(6464K)->6341K(6464K) NonClass: 5794K(5824K)->5794K(5824K) Class: 546K(640K)->546K(640K)
[6.788s][debug][gc,heap       ] GC(176) Heap after GC invocations=177 (full 0):
[6.789s][debug][gc,heap       ] GC(176)  garbage-first heap   total 1048576K, used 714228K [0x00000000c0000000, 0x0000000100000000)
[6.789s][debug][gc,heap       ] GC(176)   region size 1024K, 20 young (20480K), 20 survivors (20480K)
[6.789s][debug][gc,heap       ] GC(176)  Metaspace       used 6341K, committed 6464K, reserved 1114112K
[6.789s][debug][gc,heap       ] GC(176)   class space    used 546K, committed 640K, reserved 1048576K
[6.789s][info ][gc            ] GC(176) Pause Young (Normal) (G1 Evacuation Pause) 777M->697M(1024M) 16.770ms
[6.789s][info ][gc,cpu        ] GC(176) User=0.14s Sys=0.00s Real=0.02s
[6.789s][info ][safepoint     ] Safepoint "G1CollectForAllocation", Time since last: 16513104 ns, Reaching safepoint: 5200 ns, Cleanup: 5700 ns, At safepoint: 16976004 ns, Total: 16986904 ns
[6.802s][debug][gc,heap       ] GC(177) Heap before GC invocations=177 (full 0):
[6.802s][debug][gc,heap       ] GC(177)  garbage-first heap   total 1048576K, used 820724K [0x00000000c0000000, 0x0000000100000000)
[6.802s][debug][gc,heap       ] GC(177)   region size 1024K, 125 young (128000K), 20 survivors (20480K)
[6.802s][debug][gc,heap       ] GC(177)  Metaspace       used 6341K, committed 6464K, reserved 1114112K
[6.802s][debug][gc,heap       ] GC(177)   class space    used 546K, committed 640K, reserved 1048576K
[6.802s][info ][gc,start      ] GC(177) Pause Young (Normal) (G1 Evacuation Pause)
[6.802s][info ][gc,task       ] GC(177) Using 10 workers of 10 for evacuation
[6.802s][trace][gc,ergo,cset  ] GC(177) Start choosing CSet. Pending cards: 51 target pause time: 200.00ms
[6.802s][trace][gc,ergo,cset  ] GC(177) Added young regions to CSet. Eden: 105 regions, Survivors: 20 regions, predicted eden time: 12.24ms, predicted base time: 1.54ms, target pause time: 200.00ms, remaining time: 186.22ms
[6.802s][debug][gc,ergo       ] GC(177) Running G1 Merge Heap Roots using 10 workers for 125 regions
[6.814s][debug][gc,ergo       ] GC(177) Running G1 Rebuild Free List Task using 10 workers for rebuilding free list of regions
[6.815s][debug][gc,ergo,heap  ] GC(177) Heap expansion: short term pause time ratio 49.47% long term pause time ratio 41.04% threshold 7.69% pause time ratio 7.69% fully expanded true resize by 0B
[6.815s][debug][gc,ergo,refine] GC(177) Concurrent refinement times: Logged Cards Scan time goal: 20.00ms Logged Cards Scan time: 0.03ms HCC time: 0.00ms
[6.815s][trace][gc,ergo,refine] GC(177) Updating Refinement Zones: logged cards scan time: 0.027ms, processed cards: 34, goal time: 19.999ms
[6.815s][debug][gc,ergo,refine] GC(177) Updated Refinement Zones: green: 2560, yellow: 7680, red: 12800
[6.815s][info ][gc,phases     ] GC(177)   Pre Evacuate Collection Set: 0.3ms
[6.815s][info ][gc,phases     ] GC(177)   Merge Heap Roots: 0.2ms
[6.815s][info ][gc,phases     ] GC(177)   Evacuate Collection Set: 11.7ms
[6.815s][info ][gc,phases     ] GC(177)   Post Evacuate Collection Set: 0.6ms
[6.815s][info ][gc,phases     ] GC(177)   Other: 0.2ms
[6.815s][info ][gc,heap       ] GC(177) Eden regions: 105->0(86)
[6.815s][info ][gc,heap       ] GC(177) Survivor regions: 20->16(16)
[6.815s][info ][gc,heap       ] GC(177) Old regions: 678->722
[6.815s][info ][gc,heap       ] GC(177) Archive regions: 0->0
[6.815s][info ][gc,heap       ] GC(177) Humongous regions: 0->0
[6.815s][info ][gc,metaspace  ] GC(177) Metaspace: 6341K(6464K)->6341K(6464K) NonClass: 5794K(5824K)->5794K(5824K) Class: 546K(640K)->546K(640K)
[6.815s][debug][gc,heap       ] GC(177) Heap after GC invocations=178 (full 0):
[6.815s][debug][gc,heap       ] GC(177)  garbage-first heap   total 1048576K, used 754788K [0x00000000c0000000, 0x0000000100000000)
[6.815s][debug][gc,heap       ] GC(177)   region size 1024K, 16 young (16384K), 16 survivors (16384K)
[6.815s][debug][gc,heap       ] GC(177)  Metaspace       used 6341K, committed 6464K, reserved 1114112K
[6.815s][debug][gc,heap       ] GC(177)   class space    used 546K, committed 640K, reserved 1048576K
[6.815s][info ][gc            ] GC(177) Pause Young (Normal) (G1 Evacuation Pause) 802M->737M(1024M) 12.842ms
[6.815s][info ][gc,cpu        ] GC(177) User=0.11s Sys=0.00s Real=0.02s
[6.815s][info ][safepoint     ] Safepoint "G1CollectForAllocation", Time since last: 13190203 ns, Reaching safepoint: 8000 ns, Cleanup: 6000 ns, At safepoint: 12948903 ns, Total: 12962903 ns
[6.822s][debug][gc,heap       ] GC(178) Heap before GC invocations=178 (full 0):
[6.822s][debug][gc,heap       ] GC(178)  garbage-first heap   total 1048576K, used 841828K [0x00000000c0000000, 0x0000000100000000)
[6.822s][debug][gc,heap       ] GC(178)   region size 1024K, 102 young (104448K), 16 survivors (16384K)
[6.822s][debug][gc,heap       ] GC(178)  Metaspace       used 6341K, committed 6464K, reserved 1114112K
[6.822s][debug][gc,heap       ] GC(178)   class space    used 546K, committed 640K, reserved 1048576K
[6.822s][info ][gc,start      ] GC(178) Pause Young (Normal) (G1 Evacuation Pause)
[6.822s][info ][gc,task       ] GC(178) Using 10 workers of 10 for evacuation
[6.822s][trace][gc,ergo,cset  ] GC(178) Start choosing CSet. Pending cards: 43 target pause time: 200.00ms
[6.822s][trace][gc,ergo,cset  ] GC(178) Added young regions to CSet. Eden: 86 regions, Survivors: 16 regions, predicted eden time: 9.68ms, predicted base time: 1.39ms, target pause time: 200.00ms, remaining time: 188.93ms
[6.822s][debug][gc,ergo       ] GC(178) Running G1 Merge Heap Roots using 10 workers for 102 regions
[6.832s][debug][gc,ergo       ] GC(178) Running G1 Rebuild Free List Task using 10 workers for rebuilding free list of regions
[6.832s][debug][gc,ergo,heap  ] GC(178) Heap expansion: short term pause time ratio 48.56% long term pause time ratio 41.74% threshold 7.69% pause time ratio 7.69% fully expanded true resize by 0B
[6.832s][debug][gc,ergo,refine] GC(178) Concurrent refinement times: Logged Cards Scan time goal: 20.00ms Logged Cards Scan time: 0.02ms HCC time: 0.00ms
[6.832s][trace][gc,ergo,refine] GC(178) Updating Refinement Zones: logged cards scan time: 0.024ms, processed cards: 26, goal time: 19.999ms
[6.832s][debug][gc,ergo,refine] GC(178) Updated Refinement Zones: green: 2560, yellow: 7680, red: 12800
[6.832s][info ][gc,phases     ] GC(178)   Pre Evacuate Collection Set: 0.3ms
[6.832s][info ][gc,phases     ] GC(178)   Merge Heap Roots: 0.2ms
[6.832s][info ][gc,phases     ] GC(178)   Evacuate Collection Set: 9.6ms
[6.832s][info ][gc,phases     ] GC(178)   Post Evacuate Collection Set: 0.7ms
[6.832s][info ][gc,phases     ] GC(178)   Other: 0.2ms
[6.832s][info ][gc,heap       ] GC(178) Eden regions: 86->0(70)
[6.832s][info ][gc,heap       ] GC(178) Survivor regions: 16->13(13)
[6.832s][info ][gc,heap       ] GC(178) Old regions: 722->758
[6.832s][info ][gc,heap       ] GC(178) Archive regions: 0->0
[6.832s][info ][gc,heap       ] GC(178) Humongous regions: 0->0
[6.832s][info ][gc,metaspace  ] GC(178) Metaspace: 6341K(6464K)->6341K(6464K) NonClass: 5794K(5824K)->5794K(5824K) Class: 546K(640K)->546K(640K)
[6.832s][debug][gc,heap       ] GC(178) Heap after GC invocations=179 (full 0):
[6.832s][debug][gc,heap       ] GC(178)  garbage-first heap   total 1048576K, used 789180K [0x00000000c0000000, 0x0000000100000000)
[6.832s][debug][gc,heap       ] GC(178)   region size 1024K, 13 young (13312K), 13 survivors (13312K)
[6.833s][debug][gc,heap       ] GC(178)  Metaspace       used 6341K, committed 6464K, reserved 1114112K
[6.833s][debug][gc,heap       ] GC(178)   class space    used 546K, committed 640K, reserved 1048576K
[6.833s][info ][gc            ] GC(178) Pause Young (Normal) (G1 Evacuation Pause) 823M->770M(1024M) 10.861ms
[6.833s][info ][gc,cpu        ] GC(178) User=0.09s Sys=0.00s Real=0.01s
[6.833s][info ][safepoint     ] Safepoint "G1CollectForAllocation", Time since last: 6872002 ns, Reaching safepoint: 6500 ns, Cleanup: 7800 ns, At safepoint: 10956103 ns, Total: 10970403 ns
[6.841s][debug][gc,heap       ] GC(179) Heap before GC invocations=179 (full 0):
[6.841s][debug][gc,heap       ] GC(179)  garbage-first heap   total 1048576K, used 859836K [0x00000000c0000000, 0x0000000100000000)
[6.841s][debug][gc,heap       ] GC(179)   region size 1024K, 83 young (84992K), 13 survivors (13312K)
[6.841s][debug][gc,heap       ] GC(179)  Metaspace       used 6341K, committed 6464K, reserved 1114112K
[6.841s][debug][gc,heap       ] GC(179)   class space    used 546K, committed 640K, reserved 1048576K
[6.841s][info ][gc,start      ] GC(179) Pause Young (Normal) (G1 Evacuation Pause)
[6.841s][info ][gc,task       ] GC(179) Using 10 workers of 10 for evacuation
[6.841s][trace][gc,ergo,cset  ] GC(179) Start choosing CSet. Pending cards: 44 target pause time: 200.00ms
[6.841s][trace][gc,ergo,cset  ] GC(179) Added young regions to CSet. Eden: 70 regions, Survivors: 13 regions, predicted eden time: 7.64ms, predicted base time: 1.30ms, target pause time: 200.00ms, remaining time: 191.06ms
[6.841s][debug][gc,ergo       ] GC(179) Running G1 Merge Heap Roots using 10 workers for 83 regions
[6.851s][debug][gc,ergo       ] GC(179) Running G1 Rebuild Free List Task using 10 workers for rebuilding free list of regions
[6.851s][debug][gc,ergo,heap  ] GC(179) Heap expansion: short term pause time ratio 60.19% long term pause time ratio 44.51% threshold 7.69% pause time ratio 7.69% fully expanded true resize by 0B
[6.851s][debug][gc,ergo,ihop  ] GC(179) Request concurrent cycle initiation (occupancy higher than threshold) occupancy: 829423616B allocation request: 0B threshold: 825602068B (76.89) source: end of GC
[6.851s][debug][gc,ergo,refine] GC(179) Concurrent refinement times: Logged Cards Scan time goal: 20.00ms Logged Cards Scan time: 0.01ms HCC time: 0.00ms
[6.851s][trace][gc,ergo,refine] GC(179) Updating Refinement Zones: logged cards scan time: 0.015ms, processed cards: 27, goal time: 19.999ms
[6.851s][debug][gc,ergo,refine] GC(179) Updated Refinement Zones: green: 2560, yellow: 7680, red: 12800
[6.851s][info ][gc,phases     ] GC(179)   Pre Evacuate Collection Set: 0.3ms
[6.851s][info ][gc,phases     ] GC(179)   Merge Heap Roots: 0.2ms
[6.851s][info ][gc,phases     ] GC(179)   Evacuate Collection Set: 9.1ms
[6.851s][info ][gc,phases     ] GC(179)   Post Evacuate Collection Set: 0.8ms
[6.851s][info ][gc,phases     ] GC(179)   Other: 0.2ms
[6.851s][info ][gc,heap       ] GC(179) Eden regions: 70->0(54)
[6.851s][info ][gc,heap       ] GC(179) Survivor regions: 13->11(11)
[6.851s][info ][gc,heap       ] GC(179) Old regions: 758->791
[6.851s][info ][gc,heap       ] GC(179) Archive regions: 0->0
[6.851s][info ][gc,heap       ] GC(179) Humongous regions: 0->0
[6.851s][info ][gc,metaspace  ] GC(179) Metaspace: 6341K(6464K)->6341K(6464K) NonClass: 5794K(5824K)->5794K(5824K) Class: 546K(640K)->546K(640K)
[6.851s][debug][gc,heap       ] GC(179) Heap after GC invocations=180 (full 0):
[6.851s][debug][gc,heap       ] GC(179)  garbage-first heap   total 1048576K, used 820624K [0x00000000c0000000, 0x0000000100000000)
[6.851s][debug][gc,heap       ] GC(179)   region size 1024K, 11 young (11264K), 11 survivors (11264K)
[6.851s][debug][gc,heap       ] GC(179)  Metaspace       used 6341K, committed 6464K, reserved 1114112K
[6.851s][debug][gc,heap       ] GC(179)   class space    used 546K, committed 640K, reserved 1048576K
[6.851s][info ][gc            ] GC(179) Pause Young (Normal) (G1 Evacuation Pause) 840M->801M(1024M) 10.659ms
[6.852s][info ][gc,cpu        ] GC(179) User=0.09s Sys=0.00s Real=0.01s
[6.852s][info ][safepoint     ] Safepoint "G1CollectForAllocation", Time since last: 8165402 ns, Reaching safepoint: 8600 ns, Cleanup: 6400 ns, At safepoint: 10822002 ns, Total: 10837002 ns
[6.860s][debug][gc,heap       ] GC(180) Heap before GC invocations=180 (full 0):
[6.861s][debug][gc,heap       ] GC(180)  garbage-first heap   total 1048576K, used 874896K [0x00000000c0000000, 0x0000000100000000)
[6.861s][debug][gc,heap       ] GC(180)   region size 1024K, 65 young (66560K), 11 survivors (11264K)
[6.861s][debug][gc,heap       ] GC(180)  Metaspace       used 6341K, committed 6464K, reserved 1114112K
[6.861s][debug][gc,heap       ] GC(180)   class space    used 546K, committed 640K, reserved 1048576K
[6.861s][debug][gc,ergo       ] GC(180) Initiate concurrent cycle (concurrent cycle initiation requested)
[6.861s][info ][gc,start      ] GC(180) Pause Young (Concurrent Start) (G1 Evacuation Pause)
[6.861s][info ][gc,task       ] GC(180) Using 10 workers of 10 for evacuation
[6.861s][trace][gc,ergo,cset  ] GC(180) Start choosing CSet. Pending cards: 32 target pause time: 200.00ms
[6.861s][trace][gc,ergo,cset  ] GC(180) Added young regions to CSet. Eden: 54 regions, Survivors: 11 regions, predicted eden time: 5.95ms, predicted base time: 1.27ms, target pause time: 200.00ms, remaining time: 192.78ms
[6.861s][debug][gc,ergo       ] GC(180) Running G1 Merge Heap Roots using 10 workers for 65 regions
[6.869s][debug][gc,ergo       ] GC(180) Running G1 Rebuild Free List Task using 10 workers for rebuilding free list of regions
[6.869s][debug][gc,ergo,heap  ] GC(180) Heap expansion: short term pause time ratio 55.29% long term pause time ratio 43.75% threshold 7.69% pause time ratio 7.69% fully expanded true resize by 0B
[6.869s][debug][gc,ergo,refine] GC(180) Concurrent refinement times: Logged Cards Scan time goal: 20.00ms Logged Cards Scan time: 0.02ms HCC time: 0.00ms
[6.869s][trace][gc,ergo,refine] GC(180) Updating Refinement Zones: logged cards scan time: 0.016ms, processed cards: 15, goal time: 19.999ms
[6.869s][debug][gc,ergo,refine] GC(180) Updated Refinement Zones: green: 2560, yellow: 7680, red: 12800
[6.869s][info ][gc,phases     ] GC(180)   Pre Evacuate Collection Set: 0.3ms
[6.869s][info ][gc,phases     ] GC(180)   Merge Heap Roots: 0.2ms
[6.869s][info ][gc,phases     ] GC(180)   Evacuate Collection Set: 7.2ms
[6.869s][info ][gc,phases     ] GC(180)   Post Evacuate Collection Set: 0.7ms
[6.869s][info ][gc,phases     ] GC(180)   Other: 0.4ms
[6.869s][info ][gc,heap       ] GC(180) Eden regions: 54->0(42)
[6.869s][info ][gc,heap       ] GC(180) Survivor regions: 11->9(9)
[6.869s][info ][gc,heap       ] GC(180) Old regions: 791->818
[6.869s][info ][gc,heap       ] GC(180) Archive regions: 0->0
[6.869s][info ][gc,heap       ] GC(180) Humongous regions: 0->0
[6.869s][info ][gc,metaspace  ] GC(180) Metaspace: 6341K(6464K)->6341K(6464K) NonClass: 5794K(5824K)->5794K(5824K) Class: 546K(640K)->546K(640K)
[6.869s][debug][gc,heap       ] GC(180) Heap after GC invocations=181 (full 0):
[6.869s][debug][gc,heap       ] GC(180)  garbage-first heap   total 1048576K, used 845924K [0x00000000c0000000, 0x0000000100000000)
[6.869s][debug][gc,heap       ] GC(180)   region size 1024K, 9 young (9216K), 9 survivors (9216K)
[6.869s][debug][gc,heap       ] GC(180)  Metaspace       used 6341K, committed 6464K, reserved 1114112K
[6.869s][debug][gc,heap       ] GC(180)   class space    used 546K, committed 640K, reserved 1048576K
[6.869s][info ][gc            ] GC(180) Pause Young (Concurrent Start) (G1 Evacuation Pause) 855M->826M(1024M) 8.730ms
[6.869s][info ][gc,cpu        ] GC(180) User=0.05s Sys=0.00s Real=0.01s
[6.869s][info ][safepoint     ] Safepoint "G1CollectForAllocation", Time since last: 8876502 ns, Reaching safepoint: 15200 ns, Cleanup: 14300 ns, At safepoint: 8943703 ns, Total: 8973203 ns
[6.869s][info ][gc            ] GC(181) Concurrent Mark Cycle
[6.869s][info ][gc,marking    ] GC(181) Concurrent Clear Claimed Marks
[6.869s][info ][gc,marking    ] GC(181) Concurrent Clear Claimed Marks 0.029ms
[6.869s][info ][gc,marking    ] GC(181) Concurrent Scan Root Regions
[6.869s][debug][gc,ergo       ] GC(181) Running G1 Root Region Scan using 3 workers for 37 work units.
[6.870s][info ][gc,marking    ] GC(181) Concurrent Scan Root Regions 0.153ms
[6.870s][info ][gc,marking    ] GC(181) Concurrent Mark
[6.870s][info ][gc,marking    ] GC(181) Concurrent Mark From Roots
[6.870s][info ][gc,task       ] GC(181) Using 3 workers of 3 for marking
[6.875s][info ][gc,marking    ] GC(181) Concurrent Mark From Roots 5.568ms
[6.875s][info ][gc,marking    ] GC(181) Concurrent Preclean
[6.876s][info ][gc,marking    ] GC(181) Concurrent Preclean 0.106ms
[6.876s][info ][gc,start      ] GC(181) Pause Remark
[6.877s][debug][gc,ergo       ] GC(181) Running G1 Update RemSet Tracking Before Rebuild using 3 workers for 1024 regions in heap
[6.878s][info ][gc            ] GC(181) Pause Remark 861M->521M(1024M) 1.821ms
[6.878s][info ][gc,cpu        ] GC(181) User=0.00s Sys=0.00s Real=0.00s
[6.878s][info ][safepoint     ] Safepoint "G1PauseRemark", Time since last: 6239201 ns, Reaching safepoint: 115500 ns, Cleanup: 10300 ns, At safepoint: 1913101 ns, Total: 2038901 ns
[6.878s][info ][gc,marking    ] GC(181) Concurrent Mark 8.090ms
[6.878s][info ][gc,marking    ] GC(181) Concurrent Rebuild Remembered Sets
[6.879s][debug][gc,heap       ] GC(182) Heap before GC invocations=181 (full 0):
[6.879s][debug][gc,heap       ] GC(182)  garbage-first heap   total 1048576K, used 539748K [0x00000000c0000000, 0x0000000100000000)
[6.879s][debug][gc,heap       ] GC(182)   region size 1024K, 51 young (52224K), 9 survivors (9216K)
[6.879s][debug][gc,heap       ] GC(182)  Metaspace       used 6341K, committed 6464K, reserved 1114112K
[6.879s][debug][gc,heap       ] GC(182)   class space    used 546K, committed 640K, reserved 1048576K
[6.879s][info ][gc,start      ] GC(182) Pause Young (Normal) (G1 Evacuation Pause)
[6.879s][info ][gc,task       ] GC(182) Using 10 workers of 10 for evacuation
[6.879s][trace][gc,ergo,cset  ] GC(182) Start choosing CSet. Pending cards: 45 target pause time: 200.00ms
[6.879s][trace][gc,ergo,cset  ] GC(182) Added young regions to CSet. Eden: 42 regions, Survivors: 9 regions, predicted eden time: 4.26ms, predicted base time: 1.23ms, target pause time: 200.00ms, remaining time: 194.51ms
[6.879s][debug][gc,ergo       ] GC(182) Running G1 Merge Heap Roots using 10 workers for 51 regions
[6.886s][debug][gc,ergo       ] GC(182) Running G1 Rebuild Free List Task using 10 workers for rebuilding free list of regions
[6.886s][debug][gc,ergo,heap  ] GC(182) Heap expansion: short term pause time ratio 21.24% long term pause time ratio 41.63% threshold 7.69% pause time ratio 7.69% fully expanded true resize by 0B
[6.886s][debug][gc,ergo,refine] GC(182) Concurrent refinement times: Logged Cards Scan time goal: 20.00ms Logged Cards Scan time: 0.01ms HCC time: 0.00ms
[6.886s][trace][gc,ergo,refine] GC(182) Updating Refinement Zones: logged cards scan time: 0.014ms, processed cards: 22, goal time: 19.999ms
[6.886s][debug][gc,ergo,refine] GC(182) Updated Refinement Zones: green: 2560, yellow: 7680, red: 12800
[6.886s][info ][gc,phases     ] GC(182)   Pre Evacuate Collection Set: 0.3ms
[6.886s][info ][gc,phases     ] GC(182)   Merge Heap Roots: 0.4ms
[6.886s][info ][gc,phases     ] GC(182)   Evacuate Collection Set: 6.0ms
[6.886s][info ][gc,phases     ] GC(182)   Post Evacuate Collection Set: 0.7ms
[6.886s][info ][gc,phases     ] GC(182)   Other: 0.2ms
[6.886s][info ][gc,heap       ] GC(182) Eden regions: 42->0(211)
[6.886s][info ][gc,heap       ] GC(182) Survivor regions: 9->7(7)
[6.886s][info ][gc,heap       ] GC(182) Old regions: 478->499
[6.886s][info ][gc,heap       ] GC(182) Archive regions: 0->0
[6.886s][info ][gc,heap       ] GC(182) Humongous regions: 0->0
[6.886s][info ][gc,metaspace  ] GC(182) Metaspace: 6341K(6464K)->6341K(6464K) NonClass: 5794K(5824K)->5794K(5824K) Class: 546K(640K)->546K(640K)
[6.886s][debug][gc,heap       ] GC(182) Heap after GC invocations=182 (full 0):
[6.887s][debug][gc,heap       ] GC(182)  garbage-first heap   total 1048576K, used 517420K [0x00000000c0000000, 0x0000000100000000)
[6.887s][debug][gc,heap       ] GC(182)   region size 1024K, 7 young (7168K), 7 survivors (7168K)
[6.887s][debug][gc,heap       ] GC(182)  Metaspace       used 6341K, committed 6464K, reserved 1114112K
[6.887s][debug][gc,heap       ] GC(182)   class space    used 546K, committed 640K, reserved 1048576K
[6.887s][info ][gc            ] GC(182) Pause Young (Normal) (G1 Evacuation Pause) 528M->505M(1024M) 7.590ms
[6.887s][info ][gc,cpu        ] GC(182) User=0.05s Sys=0.00s Real=0.01s
[6.887s][info ][safepoint     ] Safepoint "G1CollectForAllocation", Time since last: 811900 ns, Reaching safepoint: 364500 ns, Cleanup: 5000 ns, At safepoint: 7776202 ns, Total: 8145702 ns
[6.889s][info ][gc,marking    ] GC(181) Concurrent Rebuild Remembered Sets 11.583ms
[6.890s][info ][gc,start      ] GC(181) Pause Cleanup
[6.890s][debug][gc,ergo,cset  ] GC(181) Pruned 127 regions out of 419, leaving 53654872 bytes waste (allowed 53687091)
[6.890s][info ][gc            ] GC(181) Pause Cleanup 522M->522M(1024M) 0.730ms
[6.890s][info ][gc,cpu        ] GC(181) User=0.00s Sys=0.00s Real=0.00s
[6.890s][info ][safepoint     ] Safepoint "G1PauseCleanup", Time since last: 2905000 ns, Reaching safepoint: 114100 ns, Cleanup: 9800 ns, At safepoint: 798901 ns, Total: 922801 ns
[6.891s][info ][gc,marking    ] GC(181) Concurrent Cleanup for Next Mark
[6.891s][debug][gc,ergo       ] GC(181) Running G1 Clear Bitmap with 3 workers for 16 work units.
[6.894s][info ][gc,marking    ] GC(181) Concurrent Cleanup for Next Mark 3.432ms
[6.894s][info ][gc            ] GC(181) Concurrent Mark Cycle 24.772ms
[6.932s][debug][gc,heap       ] GC(183) Heap before GC invocations=183 (full 0):
[6.932s][debug][gc,heap       ] GC(183)  garbage-first heap   total 1048576K, used 732460K [0x00000000c0000000, 0x0000000100000000)
[6.932s][debug][gc,heap       ] GC(183)   region size 1024K, 218 young (223232K), 7 survivors (7168K)
[6.932s][debug][gc,heap       ] GC(183)  Metaspace       used 6341K, committed 6464K, reserved 1114112K
[6.932s][debug][gc,heap       ] GC(183)   class space    used 546K, committed 640K, reserved 1048576K
[6.932s][info ][gc,start      ] GC(183) Pause Young (Prepare Mixed) (G1 Evacuation Pause)
[6.932s][info ][gc,task       ] GC(183) Using 10 workers of 10 for evacuation
[6.932s][trace][gc,ergo,cset  ] GC(183) Start choosing CSet. Pending cards: 40 target pause time: 200.00ms
[6.932s][trace][gc,ergo,cset  ] GC(183) Added young regions to CSet. Eden: 211 regions, Survivors: 7 regions, predicted eden time: 18.09ms, predicted base time: 1.36ms, target pause time: 200.00ms, remaining time: 180.55ms
[6.932s][debug][gc,ergo       ] GC(183) Running G1 Merge Heap Roots using 10 workers for 218 regions
[6.950s][debug][gc,ergo       ] GC(183) Running G1 Rebuild Free List Task using 10 workers for rebuilding free list of regions
[6.950s][debug][gc,ergo,heap  ] GC(183) Heap expansion: short term pause time ratio 17.17% long term pause time ratio 44.24% threshold 7.69% pause time ratio 7.69% fully expanded true resize by 0B
[6.950s][debug][gc,ergo,refine] GC(183) Concurrent refinement times: Logged Cards Scan time goal: 20.00ms Logged Cards Scan time: 0.04ms HCC time: 0.00ms
[6.950s][trace][gc,ergo,refine] GC(183) Updating Refinement Zones: logged cards scan time: 0.041ms, processed cards: 17, goal time: 19.999ms
[6.950s][debug][gc,ergo,refine] GC(183) Updated Refinement Zones: green: 2560, yellow: 7680, red: 12800
[6.950s][info ][gc,phases     ] GC(183)   Pre Evacuate Collection Set: 0.3ms
[6.950s][info ][gc,phases     ] GC(183)   Merge Heap Roots: 0.3ms
[6.950s][info ][gc,phases     ] GC(183)   Evacuate Collection Set: 16.7ms
[6.950s][info ][gc,phases     ] GC(183)   Post Evacuate Collection Set: 1.1ms
[6.950s][info ][gc,phases     ] GC(183)   Other: 0.5ms
[6.950s][info ][gc,heap       ] GC(183) Eden regions: 211->0(23)
[6.950s][info ][gc,heap       ] GC(183) Survivor regions: 7->28(28)
[6.950s][info ][gc,heap       ] GC(183) Old regions: 499->558
[6.950s][info ][gc,heap       ] GC(183) Archive regions: 0->0
[6.950s][info ][gc,heap       ] GC(183) Humongous regions: 0->0
[6.950s][info ][gc,metaspace  ] GC(183) Metaspace: 6341K(6464K)->6341K(6464K) NonClass: 5794K(5824K)->5794K(5824K) Class: 546K(640K)->546K(640K)
[6.950s][debug][gc,heap       ] GC(183) Heap after GC invocations=184 (full 0):
[6.950s][debug][gc,heap       ] GC(183)  garbage-first heap   total 1048576K, used 599140K [0x00000000c0000000, 0x0000000100000000)
[6.950s][debug][gc,heap       ] GC(183)   region size 1024K, 28 young (28672K), 28 survivors (28672K)
[6.950s][debug][gc,heap       ] GC(183)  Metaspace       used 6341K, committed 6464K, reserved 1114112K
[6.950s][debug][gc,heap       ] GC(183)   class space    used 546K, committed 640K, reserved 1048576K
[6.951s][info ][gc            ] GC(183) Pause Young (Prepare Mixed) (G1 Evacuation Pause) 716M->585M(1024M) 18.671ms
[6.951s][info ][gc,cpu        ] GC(183) User=0.15s Sys=0.00s Real=0.02s
[6.951s][info ][safepoint     ] Safepoint "G1CollectForAllocation", Time since last: 41017709 ns, Reaching safepoint: 10701 ns, Cleanup: 16600 ns, At safepoint: 19081804 ns, Total: 19109105 ns
[6.955s][debug][gc,heap       ] GC(184) Heap before GC invocations=184 (full 0):
[6.956s][debug][gc,heap       ] GC(184)  garbage-first heap   total 1048576K, used 621668K [0x00000000c0000000, 0x0000000100000000)
[6.956s][debug][gc,heap       ] GC(184)   region size 1024K, 51 young (52224K), 28 survivors (28672K)
[6.956s][debug][gc,heap       ] GC(184)  Metaspace       used 6341K, committed 6464K, reserved 1114112K
[6.956s][debug][gc,heap       ] GC(184)   class space    used 546K, committed 640K, reserved 1048576K
[6.956s][info ][gc,start      ] GC(184) Pause Young (Mixed) (G1 Evacuation Pause)
[6.956s][info ][gc,task       ] GC(184) Using 10 workers of 10 for evacuation
[6.956s][trace][gc,ergo,cset  ] GC(184) Start choosing CSet. Pending cards: 39 target pause time: 200.00ms
[6.956s][trace][gc,ergo,cset  ] GC(184) Added young regions to CSet. Eden: 23 regions, Survivors: 28 regions, predicted eden time: 2.55ms, predicted base time: 1.40ms, target pause time: 200.00ms, remaining time: 196.05ms
[6.956s][debug][gc,ergo,cset  ] GC(184) Start adding old regions to collection set. Min 37 regions, max 103 regions, time remaining 196.05ms, optional threshold 39.21ms
[6.956s][debug][gc,ergo,cset  ] GC(184) Finish adding old regions to collection set (Maximum number of regions). Initial 103 regions, optional 0 regions
[6.956s][debug][gc,ergo,cset  ] GC(184) Finish choosing collection set old regions. Initial: 103, optional: 0, predicted old time: 0.00ms, predicted optional time: 0.00ms, time remaining: 193.59
[6.956s][debug][gc,ergo       ] GC(184) Running G1 Merge Heap Roots using 10 workers for 154 regions
[6.966s][debug][gc,ergo       ] GC(184) Running G1 Rebuild Free List Task using 10 workers for rebuilding free list of regions
[6.966s][debug][gc,ergo,heap  ] GC(184) Heap expansion: short term pause time ratio 30.72% long term pause time ratio 41.74% threshold 7.69% pause time ratio 7.69% fully expanded true resize by 0B
[6.966s][debug][gc,ergo,refine] GC(184) Concurrent refinement times: Logged Cards Scan time goal: 20.00ms Logged Cards Scan time: 0.01ms HCC time: 0.00ms
[6.967s][trace][gc,ergo,refine] GC(184) Updating Refinement Zones: logged cards scan time: 0.009ms, processed cards: 12, goal time: 19.998ms
[6.967s][debug][gc,ergo,refine] GC(184) Updated Refinement Zones: green: 2560, yellow: 7680, red: 12800
[6.967s][info ][gc,phases     ] GC(184)   Pre Evacuate Collection Set: 0.4ms
[6.967s][info ][gc,phases     ] GC(184)   Merge Heap Roots: 0.2ms
[6.967s][info ][gc,phases     ] GC(184)   Evacuate Collection Set: 9.3ms
[6.967s][info ][gc,phases     ] GC(184)   Post Evacuate Collection Set: 0.8ms
[6.967s][info ][gc,phases     ] GC(184)   Other: 0.3ms
[6.967s][info ][gc,heap       ] GC(184) Eden regions: 23->0(44)
[6.967s][info ][gc,heap       ] GC(184) Survivor regions: 28->7(7)
[6.967s][info ][gc,heap       ] GC(184) Old regions: 558->490
[6.967s][info ][gc,heap       ] GC(184) Archive regions: 0->0
[6.967s][info ][gc,heap       ] GC(184) Humongous regions: 0->0
[6.967s][info ][gc,metaspace  ] GC(184) Metaspace: 6341K(6464K)->6341K(6464K) NonClass: 5794K(5824K)->5794K(5824K) Class: 546K(640K)->546K(640K)
[6.967s][debug][gc,heap       ] GC(184) Heap after GC invocations=185 (full 0):
[6.967s][debug][gc,heap       ] GC(184)  garbage-first heap   total 1048576K, used 508504K [0x00000000c0000000, 0x0000000100000000)
[6.967s][debug][gc,heap       ] GC(184)   region size 1024K, 7 young (7168K), 7 survivors (7168K)
[6.967s][debug][gc,heap       ] GC(184)  Metaspace       used 6341K, committed 6464K, reserved 1114112K
[6.967s][debug][gc,heap       ] GC(184)   class space    used 546K, committed 640K, reserved 1048576K
[6.967s][info ][gc            ] GC(184) Pause Young (Mixed) (G1 Evacuation Pause) 608M->496M(1024M) 11.041ms
[6.967s][info ][gc,cpu        ] GC(184) User=0.07s Sys=0.00s Real=0.01s
[6.967s][info ][safepoint     ] Safepoint "G1CollectForAllocation", Time since last: 4857601 ns, Reaching safepoint: 12000 ns, Cleanup: 10000 ns, At safepoint: 11232903 ns, Total: 11254903 ns
[6.974s][debug][gc,heap       ] GC(185) Heap before GC invocations=185 (full 0):
[6.974s][debug][gc,heap       ] GC(185)  garbage-first heap   total 1048576K, used 552536K [0x00000000c0000000, 0x0000000100000000)
[6.974s][debug][gc,heap       ] GC(185)   region size 1024K, 51 young (52224K), 7 survivors (7168K)
[6.974s][debug][gc,heap       ] GC(185)  Metaspace       used 6341K, committed 6464K, reserved 1114112K
[6.974s][debug][gc,heap       ] GC(185)   class space    used 546K, committed 640K, reserved 1048576K
[6.974s][info ][gc,start      ] GC(185) Pause Young (Mixed) (G1 Evacuation Pause)
[6.974s][info ][gc,task       ] GC(185) Using 10 workers of 10 for evacuation
[6.974s][trace][gc,ergo,cset  ] GC(185) Start choosing CSet. Pending cards: 88 target pause time: 200.00ms
[6.974s][trace][gc,ergo,cset  ] GC(185) Added young regions to CSet. Eden: 44 regions, Survivors: 7 regions, predicted eden time: 4.36ms, predicted base time: 1.42ms, target pause time: 200.00ms, remaining time: 194.22ms
[6.974s][debug][gc,ergo,cset  ] GC(185) Start adding old regions to collection set. Min 37 regions, max 103 regions, time remaining 194.22ms, optional threshold 38.84ms
[6.974s][debug][gc,ergo,cset  ] GC(185) Finish adding old regions to collection set (Maximum number of regions). Initial 103 regions, optional 0 regions
[6.974s][debug][gc,ergo,cset  ] GC(185) Finish choosing collection set old regions. Initial: 103, optional: 0, predicted old time: 0.00ms, predicted optional time: 0.00ms, time remaining: 190.44
[6.975s][debug][gc,ergo       ] GC(185) Running G1 Merge Heap Roots using 10 workers for 154 regions
[6.983s][debug][gc,ergo       ] GC(185) Running G1 Rebuild Free List Task using 10 workers for rebuilding free list of regions
[6.984s][debug][gc,ergo,heap  ] GC(185) Heap expansion: short term pause time ratio 66.87% long term pause time ratio 46.36% threshold 7.69% pause time ratio 7.69% fully expanded true resize by 0B
[6.984s][debug][gc,ergo,refine] GC(185) Concurrent refinement times: Logged Cards Scan time goal: 20.00ms Logged Cards Scan time: 0.02ms HCC time: 0.00ms
[6.984s][trace][gc,ergo,refine] GC(185) Updating Refinement Zones: logged cards scan time: 0.018ms, processed cards: 57, goal time: 19.999ms
[6.984s][debug][gc,ergo,refine] GC(185) Updated Refinement Zones: green: 2560, yellow: 7680, red: 12800
[6.984s][info ][gc,phases     ] GC(185)   Pre Evacuate Collection Set: 0.3ms
[6.984s][info ][gc,phases     ] GC(185)   Merge Heap Roots: 0.2ms
[6.984s][info ][gc,phases     ] GC(185)   Evacuate Collection Set: 7.4ms
[6.984s][info ][gc,phases     ] GC(185)   Post Evacuate Collection Set: 1.4ms
[6.984s][info ][gc,phases     ] GC(185)   Other: 0.3ms
[6.984s][info ][gc,heap       ] GC(185) Eden regions: 44->0(44)
[6.984s][info ][gc,heap       ] GC(185) Survivor regions: 7->7(7)
[6.984s][info ][gc,heap       ] GC(185) Old regions: 490->420
[6.984s][info ][gc,heap       ] GC(185) Archive regions: 0->0
[6.984s][info ][gc,heap       ] GC(185) Humongous regions: 0->0
[6.984s][info ][gc,metaspace  ] GC(185) Metaspace: 6341K(6464K)->6341K(6464K) NonClass: 5794K(5824K)->5794K(5824K) Class: 546K(640K)->546K(640K)
[6.984s][debug][gc,heap       ] GC(185) Heap after GC invocations=186 (full 0):
[6.984s][debug][gc,heap       ] GC(185)  garbage-first heap   total 1048576K, used 436724K [0x00000000c0000000, 0x0000000100000000)
[6.984s][debug][gc,heap       ] GC(185)   region size 1024K, 7 young (7168K), 7 survivors (7168K)
[6.984s][debug][gc,heap       ] GC(185)  Metaspace       used 6341K, committed 6464K, reserved 1114112K
[6.984s][debug][gc,heap       ] GC(185)   class space    used 546K, committed 640K, reserved 1048576K
[6.984s][info ][gc            ] GC(185) Pause Young (Mixed) (G1 Evacuation Pause) 540M->426M(1024M) 9.568ms
[6.984s][info ][gc,cpu        ] GC(185) User=0.07s Sys=0.00s Real=0.01s
[6.984s][info ][safepoint     ] Safepoint "G1CollectForAllocation", Time since last: 7528202 ns, Reaching safepoint: 7100 ns, Cleanup: 8100 ns, At safepoint: 9720202 ns, Total: 9735402 ns
[6.992s][debug][gc,heap       ] GC(186) Heap before GC invocations=186 (full 0):
[6.992s][debug][gc,heap       ] GC(186)  garbage-first heap   total 1048576K, used 480756K [0x00000000c0000000, 0x0000000100000000)
[6.992s][debug][gc,heap       ] GC(186)   region size 1024K, 51 young (52224K), 7 survivors (7168K)
[6.992s][debug][gc,heap       ] GC(186)  Metaspace       used 6341K, committed 6464K, reserved 1114112K
[6.992s][debug][gc,heap       ] GC(186)   class space    used 546K, committed 640K, reserved 1048576K
[6.992s][info ][gc,start      ] GC(186) Pause Young (Mixed) (G1 Evacuation Pause)
[6.992s][info ][gc,task       ] GC(186) Using 10 workers of 10 for evacuation
[6.992s][trace][gc,ergo,cset  ] GC(186) Start choosing CSet. Pending cards: 85 target pause time: 200.00ms
[6.992s][trace][gc,ergo,cset  ] GC(186) Added young regions to CSet. Eden: 44 regions, Survivors: 7 regions, predicted eden time: 4.66ms, predicted base time: 1.49ms, target pause time: 200.00ms, remaining time: 193.85ms
[6.992s][debug][gc,ergo,cset  ] GC(186) Start adding old regions to collection set. Min 37 regions, max 103 regions, time remaining 193.85ms, optional threshold 38.77ms
[6.992s][debug][gc,ergo,cset  ] GC(186) Old candidate collection set empty.
[6.992s][debug][gc,ergo,cset  ] GC(186) Finish choosing collection set old regions. Initial: 86, optional: 0, predicted old time: 0.00ms, predicted optional time: 0.00ms, time remaining: 188.07
[6.992s][debug][gc,ergo       ] GC(186) Running G1 Merge Heap Roots using 10 workers for 137 regions
[7.005s][debug][gc,ergo       ] GC(186) Running G1 Rebuild Free List Task using 10 workers for rebuilding free list of regions
[7.005s][debug][gc,ergo,heap  ] GC(186) Heap expansion: short term pause time ratio 54.02% long term pause time ratio 46.51% threshold 7.69% pause time ratio 7.69% fully expanded true resize by 0B
[7.006s][debug][gc,ergo       ] GC(186) do not continue mixed GCs (candidate old regions not available)
[7.006s][debug][gc,ergo,refine] GC(186) Concurrent refinement times: Logged Cards Scan time goal: 20.00ms Logged Cards Scan time: 0.04ms HCC time: 0.00ms
[7.006s][trace][gc,ergo,refine] GC(186) Updating Refinement Zones: logged cards scan time: 0.039ms, processed cards: 65, goal time: 19.999ms
[7.006s][debug][gc,ergo,refine] GC(186) Updated Refinement Zones: green: 2560, yellow: 7680, red: 12800
[7.006s][info ][gc,phases     ] GC(186)   Pre Evacuate Collection Set: 0.3ms
[7.006s][info ][gc,phases     ] GC(186)   Merge Heap Roots: 0.2ms
[7.006s][info ][gc,phases     ] GC(186)   Evacuate Collection Set: 11.7ms
[7.006s][info ][gc,phases     ] GC(186)   Post Evacuate Collection Set: 1.4ms
[7.006s][info ][gc,phases     ] GC(186)   Other: 0.4ms
[7.006s][info ][gc,heap       ] GC(186) Eden regions: 44->0(265)
[7.006s][info ][gc,heap       ] GC(186) Survivor regions: 7->7(7)
[7.006s][info ][gc,heap       ] GC(186) Old regions: 420->385
[7.006s][info ][gc,heap       ] GC(186) Archive regions: 0->0
[7.006s][info ][gc,heap       ] GC(186) Humongous regions: 0->0
[7.006s][info ][gc,metaspace  ] GC(186) Metaspace: 6341K(6464K)->6341K(6464K) NonClass: 5794K(5824K)->5794K(5824K) Class: 546K(640K)->546K(640K)
[7.006s][debug][gc,heap       ] GC(186) Heap after GC invocations=187 (full 0):
[7.006s][debug][gc,heap       ] GC(186)  garbage-first heap   total 1048576K, used 401084K [0x00000000c0000000, 0x0000000100000000)
[7.006s][debug][gc,heap       ] GC(186)   region size 1024K, 7 young (7168K), 7 survivors (7168K)
[7.006s][debug][gc,heap       ] GC(186)  Metaspace       used 6341K, committed 6464K, reserved 1114112K
[7.006s][debug][gc,heap       ] GC(186)   class space    used 546K, committed 640K, reserved 1048576K
[7.006s][info ][gc            ] GC(186) Pause Young (Mixed) (G1 Evacuation Pause) 470M->391M(1024M) 13.785ms
[7.006s][info ][gc,cpu        ] GC(186) User=0.11s Sys=0.00s Real=0.02s
[7.006s][info ][safepoint     ] Safepoint "G1CollectForAllocation", Time since last: 7648602 ns, Reaching safepoint: 8200 ns, Cleanup: 8000 ns, At safepoint: 14035403 ns, Total: 14051603 ns
[7.062s][debug][gc,heap       ] GC(187) Heap before GC invocations=187 (full 0):
[7.062s][debug][gc,heap       ] GC(187)  garbage-first heap   total 1048576K, used 671420K [0x00000000c0000000, 0x0000000100000000)
[7.062s][debug][gc,heap       ] GC(187)   region size 1024K, 272 young (278528K), 7 survivors (7168K)
[7.062s][debug][gc,heap       ] GC(187)  Metaspace       used 6341K, committed 6464K, reserved 1114112K
[7.062s][debug][gc,heap       ] GC(187)   class space    used 546K, committed 640K, reserved 1048576K
[7.062s][info ][gc,start      ] GC(187) Pause Young (Normal) (G1 Evacuation Pause)
[7.062s][info ][gc,task       ] GC(187) Using 10 workers of 10 for evacuation
[7.063s][trace][gc,ergo,cset  ] GC(187) Start choosing CSet. Pending cards: 31 target pause time: 200.00ms
[7.063s][trace][gc,ergo,cset  ] GC(187) Added young regions to CSet. Eden: 265 regions, Survivors: 7 regions, predicted eden time: 22.62ms, predicted base time: 1.55ms, target pause time: 200.00ms, remaining time: 175.83ms
[7.063s][debug][gc,ergo       ] GC(187) Running G1 Merge Heap Roots using 10 workers for 272 regions
[7.095s][debug][gc,ergo       ] GC(187) Running G1 Rebuild Free List Task using 10 workers for rebuilding free list of regions
[7.096s][debug][gc,ergo,heap  ] GC(187) Heap expansion: short term pause time ratio 62.28% long term pause time ratio 48.03% threshold 7.69% pause time ratio 7.69% fully expanded true resize by 0B
[7.096s][debug][gc,ergo,refine] GC(187) Concurrent refinement times: Logged Cards Scan time goal: 20.00ms Logged Cards Scan time: 0.04ms HCC time: 0.00ms
[7.096s][trace][gc,ergo,refine] GC(187) Updating Refinement Zones: logged cards scan time: 0.040ms, processed cards: 12, goal time: 19.999ms
[7.096s][debug][gc,ergo,refine] GC(187) Updated Refinement Zones: green: 2560, yellow: 7680, red: 12800
[7.096s][info ][gc,phases     ] GC(187)   Pre Evacuate Collection Set: 0.3ms
[7.096s][info ][gc,phases     ] GC(187)   Merge Heap Roots: 0.2ms
[7.096s][info ][gc,phases     ] GC(187)   Evacuate Collection Set: 29.1ms
[7.096s][info ][gc,phases     ] GC(187)   Post Evacuate Collection Set: 3.7ms
[7.096s][info ][gc,phases     ] GC(187)   Other: 0.5ms
[7.096s][info ][gc,heap       ] GC(187) Eden regions: 265->0(166)
[7.096s][info ][gc,heap       ] GC(187) Survivor regions: 7->34(34)
[7.096s][info ][gc,heap       ] GC(187) Old regions: 385->504
[7.096s][info ][gc,heap       ] GC(187) Archive regions: 0->0
[7.096s][info ][gc,heap       ] GC(187) Humongous regions: 0->0
[7.096s][info ][gc,metaspace  ] GC(187) Metaspace: 6341K(6464K)->6341K(6464K) NonClass: 5794K(5824K)->5794K(5824K) Class: 546K(640K)->546K(640K)
[7.096s][debug][gc,heap       ] GC(187) Heap after GC invocations=188 (full 0):
[7.096s][debug][gc,heap       ] GC(187)  garbage-first heap   total 1048576K, used 550188K [0x00000000c0000000, 0x0000000100000000)
[7.096s][debug][gc,heap       ] GC(187)   region size 1024K, 34 young (34816K), 34 survivors (34816K)
[7.096s][debug][gc,heap       ] GC(187)  Metaspace       used 6341K, committed 6464K, reserved 1114112K
[7.096s][debug][gc,heap       ] GC(187)   class space    used 546K, committed 640K, reserved 1048576K
[7.097s][info ][gc            ] GC(187) Pause Young (Normal) (G1 Evacuation Pause) 656M->537M(1024M) 34.015ms
[7.097s][info ][gc,cpu        ] GC(187) User=0.29s Sys=0.00s Real=0.04s
[7.097s][info ][safepoint     ] Safepoint "G1CollectForAllocation", Time since last: 56712614 ns, Reaching safepoint: 6100 ns, Cleanup: 6100 ns, At safepoint: 34224808 ns, Total: 34237008 ns
[7.122s][debug][gc,heap       ] GC(188) Heap before GC invocations=188 (full 0):
[7.122s][debug][gc,heap       ] GC(188)  garbage-first heap   total 1048576K, used 719148K [0x00000000c0000000, 0x0000000100000000)
[7.122s][debug][gc,heap       ] GC(188)   region size 1024K, 200 young (204800K), 34 survivors (34816K)
[7.122s][debug][gc,heap       ] GC(188)  Metaspace       used 6341K, committed 6464K, reserved 1114112K
[7.122s][debug][gc,heap       ] GC(188)   class space    used 546K, committed 640K, reserved 1048576K
[7.122s][info ][gc,start      ] GC(188) Pause Young (Normal) (G1 Evacuation Pause)
[7.122s][info ][gc,task       ] GC(188) Using 10 workers of 10 for evacuation
[7.122s][trace][gc,ergo,cset  ] GC(188) Start choosing CSet. Pending cards: 42 target pause time: 200.00ms
[7.122s][trace][gc,ergo,cset  ] GC(188) Added young regions to CSet. Eden: 166 regions, Survivors: 34 regions, predicted eden time: 18.82ms, predicted base time: 2.88ms, target pause time: 200.00ms, remaining time: 178.30ms
[7.122s][debug][gc,ergo       ] GC(188) Running G1 Merge Heap Roots using 10 workers for 200 regions
[7.149s][debug][gc,ergo       ] GC(188) Running G1 Rebuild Free List Task using 10 workers for rebuilding free list of regions
[7.150s][debug][gc,ergo,heap  ] GC(188) Heap expansion: short term pause time ratio 37.07% long term pause time ratio 43.44% threshold 7.69% pause time ratio 7.69% fully expanded true resize by 0B
[7.150s][debug][gc,ergo,refine] GC(188) Concurrent refinement times: Logged Cards Scan time goal: 20.00ms Logged Cards Scan time: 0.04ms HCC time: 0.00ms
[7.150s][trace][gc,ergo,refine] GC(188) Updating Refinement Zones: logged cards scan time: 0.044ms, processed cards: 25, goal time: 19.999ms
[7.150s][debug][gc,ergo,refine] GC(188) Updated Refinement Zones: green: 2560, yellow: 7680, red: 12800
[7.150s][info ][gc,phases     ] GC(188)   Pre Evacuate Collection Set: 0.3ms
[7.150s][info ][gc,phases     ] GC(188)   Merge Heap Roots: 0.2ms
[7.150s][info ][gc,phases     ] GC(188)   Evacuate Collection Set: 26.1ms
[7.150s][info ][gc,phases     ] GC(188)   Post Evacuate Collection Set: 1.1ms
[7.150s][info ][gc,phases     ] GC(188)   Other: 0.3ms
[7.150s][info ][gc,heap       ] GC(188) Eden regions: 166->0(112)
[7.150s][info ][gc,heap       ] GC(188) Survivor regions: 34->25(25)
[7.150s][info ][gc,heap       ] GC(188) Old regions: 504->605
[7.150s][info ][gc,heap       ] GC(188) Archive regions: 0->0
[7.150s][info ][gc,heap       ] GC(188) Humongous regions: 0->0
[7.150s][info ][gc,metaspace  ] GC(188) Metaspace: 6341K(6464K)->6341K(6464K) NonClass: 5794K(5824K)->5794K(5824K) Class: 546K(640K)->546K(640K)
[7.150s][debug][gc,heap       ] GC(188) Heap after GC invocations=189 (full 0):
[7.150s][debug][gc,heap       ] GC(188)  garbage-first heap   total 1048576K, used 644796K [0x00000000c0000000, 0x0000000100000000)
[7.150s][debug][gc,heap       ] GC(188)   region size 1024K, 25 young (25600K), 25 survivors (25600K)
[7.150s][debug][gc,heap       ] GC(188)  Metaspace       used 6341K, committed 6464K, reserved 1114112K
[7.150s][debug][gc,heap       ] GC(188)   class space    used 546K, committed 640K, reserved 1048576K
[7.150s][info ][gc            ] GC(188) Pause Young (Normal) (G1 Evacuation Pause) 703M->629M(1024M) 27.834ms
[7.150s][info ][gc,cpu        ] GC(188) User=0.26s Sys=0.00s Real=0.03s
[7.150s][info ][safepoint     ] Safepoint "G1CollectForAllocation", Time since last: 25175106 ns, Reaching safepoint: 8000 ns, Cleanup: 7300 ns, At safepoint: 27969207 ns, Total: 27984507 ns
[7.177s][debug][gc,heap       ] GC(189) Heap before GC invocations=189 (full 0):
[7.177s][debug][gc,heap       ] GC(189)  garbage-first heap   total 1048576K, used 758460K [0x00000000c0000000, 0x0000000100000000)
[7.177s][debug][gc,heap       ] GC(189)   region size 1024K, 137 young (140288K), 25 survivors (25600K)
[7.177s][debug][gc,heap       ] GC(189)  Metaspace       used 6341K, committed 6464K, reserved 1114112K
[7.177s][debug][gc,heap       ] GC(189)   class space    used 546K, committed 640K, reserved 1048576K
[7.177s][info ][gc,start      ] GC(189) Pause Young (Normal) (G1 Evacuation Pause)
[7.177s][info ][gc,task       ] GC(189) Using 10 workers of 10 for evacuation
[7.177s][trace][gc,ergo,cset  ] GC(189) Start choosing CSet. Pending cards: 41 target pause time: 200.00ms
[7.177s][trace][gc,ergo,cset  ] GC(189) Added young regions to CSet. Eden: 112 regions, Survivors: 25 regions, predicted eden time: 15.99ms, predicted base time: 2.51ms, target pause time: 200.00ms, remaining time: 181.50ms
[7.177s][debug][gc,ergo       ] GC(189) Running G1 Merge Heap Roots using 10 workers for 137 regions
[7.205s][debug][gc,ergo       ] GC(189) Running G1 Rebuild Free List Task using 10 workers for rebuilding free list of regions
[7.205s][debug][gc,ergo,heap  ] GC(189) Heap expansion: short term pause time ratio 51.66% long term pause time ratio 44.17% threshold 7.69% pause time ratio 7.69% fully expanded true resize by 0B
[7.205s][debug][gc,ergo,refine] GC(189) Concurrent refinement times: Logged Cards Scan time goal: 20.00ms Logged Cards Scan time: 0.04ms HCC time: 0.00ms
[7.205s][trace][gc,ergo,refine] GC(189) Updating Refinement Zones: logged cards scan time: 0.041ms, processed cards: 24, goal time: 19.999ms
[7.205s][debug][gc,ergo,refine] GC(189) Updated Refinement Zones: green: 2560, yellow: 7680, red: 12800
[7.205s][info ][gc,phases     ] GC(189)   Pre Evacuate Collection Set: 0.4ms
[7.205s][info ][gc,phases     ] GC(189)   Merge Heap Roots: 0.2ms
[7.205s][info ][gc,phases     ] GC(189)   Evacuate Collection Set: 26.5ms
[7.205s][info ][gc,phases     ] GC(189)   Post Evacuate Collection Set: 0.7ms
[7.205s][info ][gc,phases     ] GC(189)   Other: 0.4ms
[7.205s][info ][gc,heap       ] GC(189) Eden regions: 112->0(76)
[7.205s][info ][gc,heap       ] GC(189) Survivor regions: 25->18(18)
[7.205s][info ][gc,heap       ] GC(189) Old regions: 605->689
[7.205s][info ][gc,heap       ] GC(189) Archive regions: 0->0
[7.205s][info ][gc,heap       ] GC(189) Humongous regions: 0->0
[7.205s][info ][gc,metaspace  ] GC(189) Metaspace: 6341K(6464K)->6341K(6464K) NonClass: 5794K(5824K)->5794K(5824K) Class: 546K(640K)->546K(640K)
[7.205s][debug][gc,heap       ] GC(189) Heap after GC invocations=190 (full 0):
[7.205s][debug][gc,heap       ] GC(189)  garbage-first heap   total 1048576K, used 723044K [0x00000000c0000000, 0x0000000100000000)
[7.205s][debug][gc,heap       ] GC(189)   region size 1024K, 18 young (18432K), 18 survivors (18432K)
[7.205s][debug][gc,heap       ] GC(189)  Metaspace       used 6341K, committed 6464K, reserved 1114112K
[7.205s][debug][gc,heap       ] GC(189)   class space    used 546K, committed 640K, reserved 1048576K
[7.205s][info ][gc            ] GC(189) Pause Young (Normal) (G1 Evacuation Pause) 741M->706M(1024M) 28.122ms
[7.205s][info ][gc,cpu        ] GC(189) User=0.25s Sys=0.00s Real=0.03s
[7.205s][info ][safepoint     ] Safepoint "G1CollectForAllocation", Time since last: 26885207 ns, Reaching safepoint: 10100 ns, Cleanup: 10600 ns, At safepoint: 28437307 ns, Total: 28458007 ns
[7.216s][debug][gc,heap       ] GC(190) Heap before GC invocations=190 (full 0):
[7.216s][debug][gc,heap       ] GC(190)  garbage-first heap   total 1048576K, used 799844K [0x00000000c0000000, 0x0000000100000000)
[7.216s][debug][gc,heap       ] GC(190)   region size 1024K, 94 young (96256K), 18 survivors (18432K)
[7.216s][debug][gc,heap       ] GC(190)  Metaspace       used 6341K, committed 6464K, reserved 1114112K
[7.216s][debug][gc,heap       ] GC(190)   class space    used 546K, committed 640K, reserved 1048576K
[7.216s][info ][gc,start      ] GC(190) Pause Young (Normal) (G1 Evacuation Pause)
[7.216s][info ][gc,task       ] GC(190) Using 10 workers of 10 for evacuation
[7.217s][trace][gc,ergo,cset  ] GC(190) Start choosing CSet. Pending cards: 46 target pause time: 200.00ms
[7.217s][trace][gc,ergo,cset  ] GC(190) Added young regions to CSet. Eden: 76 regions, Survivors: 18 regions, predicted eden time: 14.01ms, predicted base time: 2.21ms, target pause time: 200.00ms, remaining time: 183.78ms
[7.217s][debug][gc,ergo       ] GC(190) Running G1 Merge Heap Roots using 10 workers for 94 regions
[7.234s][debug][gc,ergo       ] GC(190) Running G1 Rebuild Free List Task using 10 workers for rebuilding free list of regions
[7.235s][debug][gc,ergo,heap  ] GC(190) Heap expansion: short term pause time ratio 50.37% long term pause time ratio 45.00% threshold 7.69% pause time ratio 7.69% fully expanded true resize by 0B
[7.235s][debug][gc,ergo,refine] GC(190) Concurrent refinement times: Logged Cards Scan time goal: 20.00ms Logged Cards Scan time: 0.08ms HCC time: 0.00ms
[7.235s][trace][gc,ergo,refine] GC(190) Updating Refinement Zones: logged cards scan time: 0.083ms, processed cards: 29, goal time: 19.999ms
[7.235s][debug][gc,ergo,refine] GC(190) Updated Refinement Zones: green: 2560, yellow: 7680, red: 12800
[7.235s][info ][gc,phases     ] GC(190)   Pre Evacuate Collection Set: 0.3ms
[7.235s][info ][gc,phases     ] GC(190)   Merge Heap Roots: 0.2ms
[7.235s][info ][gc,phases     ] GC(190)   Evacuate Collection Set: 16.9ms
[7.235s][info ][gc,phases     ] GC(190)   Post Evacuate Collection Set: 0.7ms
[7.235s][info ][gc,phases     ] GC(190)   Other: 0.3ms
[7.235s][info ][gc,heap       ] GC(190) Eden regions: 76->0(52)
[7.235s][info ][gc,heap       ] GC(190) Survivor regions: 18->12(12)
[7.235s][info ][gc,heap       ] GC(190) Old regions: 689->753
[7.235s][info ][gc,heap       ] GC(190) Archive regions: 0->0
[7.235s][info ][gc,heap       ] GC(190) Humongous regions: 0->0
[7.235s][info ][gc,metaspace  ] GC(190) Metaspace: 6341K(6464K)->6341K(6464K) NonClass: 5794K(5824K)->5794K(5824K) Class: 546K(640K)->546K(640K)
[7.235s][debug][gc,heap       ] GC(190) Heap after GC invocations=191 (full 0):
[7.235s][debug][gc,heap       ] GC(190)  garbage-first heap   total 1048576K, used 782736K [0x00000000c0000000, 0x0000000100000000)
[7.235s][debug][gc,heap       ] GC(190)   region size 1024K, 12 young (12288K), 12 survivors (12288K)
[7.235s][debug][gc,heap       ] GC(190)  Metaspace       used 6341K, committed 6464K, reserved 1114112K
[7.235s][debug][gc,heap       ] GC(190)   class space    used 546K, committed 640K, reserved 1048576K
[7.235s][info ][gc            ] GC(190) Pause Young (Normal) (G1 Evacuation Pause) 782M->764M(1024M) 18.314ms
[7.235s][info ][gc,cpu        ] GC(190) User=0.16s Sys=0.00s Real=0.02s
[7.235s][info ][safepoint     ] Safepoint "G1CollectForAllocation", Time since last: 11107502 ns, Reaching safepoint: 14400 ns, Cleanup: 12500 ns, At safepoint: 18527605 ns, Total: 18554505 ns
[7.245s][debug][gc,heap       ] GC(191) Heap before GC invocations=191 (full 0):
[7.245s][debug][gc,heap       ] GC(191)  garbage-first heap   total 1048576K, used 834960K [0x00000000c0000000, 0x0000000100000000)
[7.245s][debug][gc,heap       ] GC(191)   region size 1024K, 64 young (65536K), 12 survivors (12288K)
[7.245s][debug][gc,heap       ] GC(191)  Metaspace       used 6341K, committed 6464K, reserved 1114112K
[7.245s][debug][gc,heap       ] GC(191)   class space    used 546K, committed 640K, reserved 1048576K
[7.245s][info ][gc,start      ] GC(191) Pause Young (Normal) (G1 Evacuation Pause)
[7.245s][info ][gc,task       ] GC(191) Using 10 workers of 10 for evacuation
[7.245s][trace][gc,ergo,cset  ] GC(191) Start choosing CSet. Pending cards: 33 target pause time: 200.00ms
[7.245s][trace][gc,ergo,cset  ] GC(191) Added young regions to CSet. Eden: 52 regions, Survivors: 12 regions, predicted eden time: 10.50ms, predicted base time: 1.95ms, target pause time: 200.00ms, remaining time: 187.55ms
[7.246s][debug][gc,ergo       ] GC(191) Running G1 Merge Heap Roots using 10 workers for 64 regions
[7.269s][debug][gc,ergo       ] GC(191) Running G1 Rebuild Free List Task using 10 workers for rebuilding free list of regions
[7.269s][debug][gc,ergo,heap  ] GC(191) Heap expansion: short term pause time ratio 61.02% long term pause time ratio 46.89% threshold 7.69% pause time ratio 7.69% fully expanded true resize by 0B
[7.269s][debug][gc,ergo,refine] GC(191) Concurrent refinement times: Logged Cards Scan time goal: 20.00ms Logged Cards Scan time: 0.32ms HCC time: 0.00ms
[7.269s][trace][gc,ergo,refine] GC(191) Updating Refinement Zones: logged cards scan time: 0.322ms, processed cards: 16, goal time: 20.000ms
[7.269s][debug][gc,ergo,refine] GC(191) Updated Refinement Zones: green: 2560, yellow: 7680, red: 12800
[7.269s][info ][gc,phases     ] GC(191)   Pre Evacuate Collection Set: 0.3ms
[7.269s][info ][gc,phases     ] GC(191)   Merge Heap Roots: 0.3ms
[7.269s][info ][gc,phases     ] GC(191)   Evacuate Collection Set: 22.3ms
[7.269s][info ][gc,phases     ] GC(191)   Post Evacuate Collection Set: 0.9ms
[7.269s][info ][gc,phases     ] GC(191)   Other: 0.3ms
[7.269s][info ][gc,heap       ] GC(191) Eden regions: 52->0(43)
[7.269s][info ][gc,heap       ] GC(191) Survivor regions: 12->8(8)
[7.269s][info ][gc,heap       ] GC(191) Old regions: 753->801
[7.269s][info ][gc,heap       ] GC(191) Archive regions: 0->0
[7.269s][info ][gc,heap       ] GC(191) Humongous regions: 0->0
[7.269s][info ][gc,metaspace  ] GC(191) Metaspace: 6341K(6464K)->6341K(6464K) NonClass: 5794K(5824K)->5794K(5824K) Class: 546K(640K)->546K(640K)
[7.269s][debug][gc,heap       ] GC(191) Heap after GC invocations=192 (full 0):
[7.269s][debug][gc,heap       ] GC(191)  garbage-first heap   total 1048576K, used 827892K [0x00000000c0000000, 0x0000000100000000)
[7.269s][debug][gc,heap       ] GC(191)   region size 1024K, 8 young (8192K), 8 survivors (8192K)
[7.269s][debug][gc,heap       ] GC(191)  Metaspace       used 6341K, committed 6464K, reserved 1114112K
[7.269s][debug][gc,heap       ] GC(191)   class space    used 546K, committed 640K, reserved 1048576K
[7.269s][info ][gc            ] GC(191) Pause Young (Normal) (G1 Evacuation Pause) 816M->808M(1024M) 23.927ms
[7.269s][info ][gc,cpu        ] GC(191) User=0.15s Sys=0.00s Real=0.02s
[7.269s][info ][safepoint     ] Safepoint "G1CollectForAllocation", Time since last: 10487202 ns, Reaching safepoint: 5300 ns, Cleanup: 6100 ns, At safepoint: 24131106 ns, Total: 24142506 ns
[7.278s][debug][gc,heap       ] GC(192) Heap before GC invocations=192 (full 0):
[7.278s][debug][gc,heap       ] GC(192)  garbage-first heap   total 1048576K, used 870900K [0x00000000c0000000, 0x0000000100000000)
[7.278s][debug][gc,heap       ] GC(192)   region size 1024K, 51 young (52224K), 8 survivors (8192K)
[7.278s][debug][gc,heap       ] GC(192)  Metaspace       used 6341K, committed 6464K, reserved 1114112K
[7.278s][debug][gc,heap       ] GC(192)   class space    used 546K, committed 640K, reserved 1048576K
[7.278s][info ][gc,start      ] GC(192) Pause Young (Normal) (G1 Evacuation Pause)
[7.278s][info ][gc,task       ] GC(192) Using 10 workers of 10 for evacuation
[7.278s][trace][gc,ergo,cset  ] GC(192) Start choosing CSet. Pending cards: 32 target pause time: 200.00ms
[7.278s][trace][gc,ergo,cset  ] GC(192) Added young regions to CSet. Eden: 43 regions, Survivors: 8 regions, predicted eden time: 9.47ms, predicted base time: 1.80ms, target pause time: 200.00ms, remaining time: 188.73ms
[7.279s][debug][gc,ergo       ] GC(192) Running G1 Merge Heap Roots using 10 workers for 51 regions
[7.288s][debug][gc,ergo       ] GC(192) Running G1 Rebuild Free List Task using 10 workers for rebuilding free list of regions
[7.289s][debug][gc,ergo,heap  ] GC(192) Heap expansion: short term pause time ratio 68.72% long term pause time ratio 48.00% threshold 7.69% pause time ratio 7.69% fully expanded true resize by 0B
[7.289s][debug][gc,ergo,ihop  ] GC(192) Request concurrent cycle initiation (occupancy higher than threshold) occupancy: 879755264B allocation request: 0B threshold: 859166388B (80.02) source: end of GC
[7.289s][debug][gc,ergo,refine] GC(192) Concurrent refinement times: Logged Cards Scan time goal: 20.00ms Logged Cards Scan time: 0.61ms HCC time: 0.00ms
[7.289s][trace][gc,ergo,refine] GC(192) Updating Refinement Zones: logged cards scan time: 0.610ms, processed cards: 23, goal time: 20.000ms
[7.289s][debug][gc,ergo,refine] GC(192) Updated Refinement Zones: green: 2560, yellow: 7680, red: 12800
[7.289s][info ][gc,phases     ] GC(192)   Pre Evacuate Collection Set: 0.4ms
[7.289s][info ][gc,phases     ] GC(192)   Merge Heap Roots: 0.2ms
[7.289s][info ][gc,phases     ] GC(192)   Evacuate Collection Set: 8.8ms
[7.289s][info ][gc,phases     ] GC(192)   Post Evacuate Collection Set: 1.0ms
[7.289s][info ][gc,phases     ] GC(192)   Other: 0.4ms
[7.289s][info ][gc,heap       ] GC(192) Eden regions: 43->0(44)
[7.289s][info ][gc,heap       ] GC(192) Survivor regions: 8->7(7)
[7.289s][info ][gc,heap       ] GC(192) Old regions: 801->839
[7.289s][info ][gc,heap       ] GC(192) Archive regions: 0->0
[7.289s][info ][gc,heap       ] GC(192) Humongous regions: 0->0
[7.289s][info ][gc,metaspace  ] GC(192) Metaspace: 6341K(6464K)->6341K(6464K) NonClass: 5794K(5824K)->5794K(5824K) Class: 546K(640K)->546K(640K)
[7.289s][debug][gc,heap       ] GC(192) Heap after GC invocations=193 (full 0):
[7.289s][debug][gc,heap       ] GC(192)  garbage-first heap   total 1048576K, used 865680K [0x00000000c0000000, 0x0000000100000000)
[7.289s][debug][gc,heap       ] GC(192)   region size 1024K, 7 young (7168K), 7 survivors (7168K)
[7.289s][debug][gc,heap       ] GC(192)  Metaspace       used 6341K, committed 6464K, reserved 1114112K
[7.289s][debug][gc,heap       ] GC(192)   class space    used 546K, committed 640K, reserved 1048576K
[7.289s][info ][gc            ] GC(192) Pause Young (Normal) (G1 Evacuation Pause) 851M->845M(1024M) 10.833ms
[7.289s][info ][gc,cpu        ] GC(192) User=0.08s Sys=0.00s Real=0.01s
[7.289s][info ][safepoint     ] Safepoint "G1CollectForAllocation", Time since last: 8599902 ns, Reaching safepoint: 12900 ns, Cleanup: 14000 ns, At safepoint: 11055403 ns, Total: 11082303 ns
[7.298s][debug][gc,heap       ] GC(193) Heap before GC invocations=193 (full 0):
[7.299s][debug][gc,heap       ] GC(193)  garbage-first heap   total 1048576K, used 909712K [0x00000000c0000000, 0x0000000100000000)
[7.299s][debug][gc,heap       ] GC(193)   region size 1024K, 51 young (52224K), 7 survivors (7168K)
[7.299s][debug][gc,heap       ] GC(193)  Metaspace       used 6341K, committed 6464K, reserved 1114112K
[7.299s][debug][gc,heap       ] GC(193)   class space    used 546K, committed 640K, reserved 1048576K
[7.299s][debug][gc,ergo       ] GC(193) Initiate concurrent cycle (concurrent cycle initiation requested)
[7.299s][info ][gc,start      ] GC(193) Pause Young (Concurrent Start) (G1 Evacuation Pause)
[7.299s][info ][gc,task       ] GC(193) Using 10 workers of 10 for evacuation
[7.299s][trace][gc,ergo,cset  ] GC(193) Start choosing CSet. Pending cards: 28 target pause time: 200.00ms
[7.299s][trace][gc,ergo,cset  ] GC(193) Added young regions to CSet. Eden: 44 regions, Survivors: 7 regions, predicted eden time: 9.09ms, predicted base time: 1.71ms, target pause time: 200.00ms, remaining time: 189.19ms
[7.299s][debug][gc,ergo       ] GC(193) Running G1 Merge Heap Roots using 10 workers for 51 regions
[7.308s][debug][gc,ergo       ] GC(193) Running G1 Rebuild Free List Task using 10 workers for rebuilding free list of regions
[7.309s][debug][gc,ergo,heap  ] GC(193) Heap expansion: short term pause time ratio 53.53% long term pause time ratio 48.58% threshold 7.69% pause time ratio 7.69% fully expanded true resize by 0B
[7.309s][debug][gc,ergo,refine] GC(193) Concurrent refinement times: Logged Cards Scan time goal: 20.00ms Logged Cards Scan time: 0.01ms HCC time: 0.00ms
[7.309s][trace][gc,ergo,refine] GC(193) Updating Refinement Zones: logged cards scan time: 0.014ms, processed cards: 11, goal time: 19.999ms
[7.309s][debug][gc,ergo,refine] GC(193) Updated Refinement Zones: green: 2560, yellow: 7680, red: 12800
[7.309s][info ][gc,phases     ] GC(193)   Pre Evacuate Collection Set: 0.3ms
[7.309s][info ][gc,phases     ] GC(193)   Merge Heap Roots: 0.2ms
[7.309s][info ][gc,phases     ] GC(193)   Evacuate Collection Set: 8.3ms
[7.309s][info ][gc,phases     ] GC(193)   Post Evacuate Collection Set: 0.8ms
[7.309s][info ][gc,phases     ] GC(193)   Other: 0.5ms
[7.309s][info ][gc,heap       ] GC(193) Eden regions: 44->0(44)
[7.309s][info ][gc,heap       ] GC(193) Survivor regions: 7->7(7)
[7.309s][info ][gc,heap       ] GC(193) Old regions: 839->877
[7.309s][info ][gc,heap       ] GC(193) Archive regions: 0->0
[7.309s][info ][gc,heap       ] GC(193) Humongous regions: 0->0
[7.309s][info ][gc,metaspace  ] GC(193) Metaspace: 6341K(6464K)->6341K(6464K) NonClass: 5794K(5824K)->5794K(5824K) Class: 546K(640K)->546K(640K)
[7.309s][debug][gc,heap       ] GC(193) Heap after GC invocations=194 (full 0):
[7.309s][debug][gc,heap       ] GC(193)  garbage-first heap   total 1048576K, used 904592K [0x00000000c0000000, 0x0000000100000000)
[7.309s][debug][gc,heap       ] GC(193)   region size 1024K, 7 young (7168K), 7 survivors (7168K)
[7.309s][debug][gc,heap       ] GC(193)  Metaspace       used 6341K, committed 6464K, reserved 1114112K
[7.309s][debug][gc,heap       ] GC(193)   class space    used 546K, committed 640K, reserved 1048576K
[7.309s][info ][gc            ] GC(193) Pause Young (Concurrent Start) (G1 Evacuation Pause) 889M->883M(1024M) 10.168ms
[7.309s][info ][gc,cpu        ] GC(193) User=0.08s Sys=0.00s Real=0.01s
[7.309s][info ][safepoint     ] Safepoint "G1CollectForAllocation", Time since last: 9320602 ns, Reaching safepoint: 14900 ns, Cleanup: 11400 ns, At safepoint: 10460503 ns, Total: 10486803 ns
[7.309s][info ][gc            ] GC(194) Concurrent Mark Cycle
[7.309s][info ][gc,marking    ] GC(194) Concurrent Clear Claimed Marks
[7.309s][info ][gc,marking    ] GC(194) Concurrent Clear Claimed Marks 0.025ms
[7.309s][info ][gc,marking    ] GC(194) Concurrent Scan Root Regions
[7.309s][debug][gc,ergo       ] GC(194) Running G1 Root Region Scan using 3 workers for 46 work units.
[7.309s][info ][gc,marking    ] GC(194) Concurrent Scan Root Regions 0.204ms
[7.309s][info ][gc,marking    ] GC(194) Concurrent Mark
[7.309s][info ][gc,marking    ] GC(194) Concurrent Mark From Roots
[7.309s][info ][gc,task       ] GC(194) Using 3 workers of 3 for marking
[7.316s][info ][gc,marking    ] GC(194) Concurrent Mark From Roots 7.008ms
[7.316s][info ][gc,marking    ] GC(194) Concurrent Preclean
[7.316s][info ][gc,marking    ] GC(194) Concurrent Preclean 0.095ms
[7.317s][info ][gc,start      ] GC(194) Pause Remark
[7.321s][debug][gc,ergo       ] GC(194) Running G1 Update RemSet Tracking Before Rebuild using 3 workers for 1024 regions in heap
[7.323s][info ][gc            ] GC(194) Pause Remark 921M->503M(1024M) 5.703ms
[7.323s][info ][gc,cpu        ] GC(194) User=0.01s Sys=0.00s Real=0.00s
[7.323s][info ][safepoint     ] Safepoint "G1PauseRemark", Time since last: 7708002 ns, Reaching safepoint: 221500 ns, Cleanup: 14900 ns, At safepoint: 5830401 ns, Total: 6066801 ns
[7.323s][info ][gc,marking    ] GC(194) Concurrent Mark 13.519ms
[7.323s][info ][gc,marking    ] GC(194) Concurrent Rebuild Remembered Sets
[7.324s][debug][gc,heap       ] GC(195) Heap before GC invocations=194 (full 0):
[7.324s][debug][gc,heap       ] GC(195)  garbage-first heap   total 1048576K, used 520592K [0x00000000c0000000, 0x0000000100000000)
[7.324s][debug][gc,heap       ] GC(195)   region size 1024K, 51 young (52224K), 7 survivors (7168K)
[7.324s][debug][gc,heap       ] GC(195)  Metaspace       used 6341K, committed 6464K, reserved 1114112K
[7.324s][debug][gc,heap       ] GC(195)   class space    used 546K, committed 640K, reserved 1048576K
[7.324s][info ][gc,start      ] GC(195) Pause Young (Normal) (G1 Evacuation Pause)
[7.324s][info ][gc,task       ] GC(195) Using 10 workers of 10 for evacuation
[7.324s][trace][gc,ergo,cset  ] GC(195) Start choosing CSet. Pending cards: 61 target pause time: 200.00ms
[7.325s][trace][gc,ergo,cset  ] GC(195) Added young regions to CSet. Eden: 44 regions, Survivors: 7 regions, predicted eden time: 7.30ms, predicted base time: 1.71ms, target pause time: 200.00ms, remaining time: 190.98ms
[7.325s][debug][gc,ergo       ] GC(195) Running G1 Merge Heap Roots using 10 workers for 51 regions
[7.335s][debug][gc,ergo       ] GC(195) Running G1 Rebuild Free List Task using 10 workers for rebuilding free list of regions
[7.335s][debug][gc,ergo,heap  ] GC(195) Heap expansion: short term pause time ratio 40.73% long term pause time ratio 50.52% threshold 7.69% pause time ratio 7.69% fully expanded true resize by 0B
[7.335s][debug][gc,ergo,refine] GC(195) Concurrent refinement times: Logged Cards Scan time goal: 20.00ms Logged Cards Scan time: 0.02ms HCC time: 0.00ms
[7.335s][trace][gc,ergo,refine] GC(195) Updating Refinement Zones: logged cards scan time: 0.017ms, processed cards: 44, goal time: 19.999ms
[7.335s][debug][gc,ergo,refine] GC(195) Updated Refinement Zones: green: 2560, yellow: 7680, red: 12800
[7.335s][info ][gc,phases     ] GC(195)   Pre Evacuate Collection Set: 0.3ms
[7.335s][info ][gc,phases     ] GC(195)   Merge Heap Roots: 0.2ms
[7.335s][info ][gc,phases     ] GC(195)   Evacuate Collection Set: 9.3ms
[7.335s][info ][gc,phases     ] GC(195)   Post Evacuate Collection Set: 0.9ms
[7.335s][info ][gc,phases     ] GC(195)   Other: 0.3ms
[7.335s][info ][gc,heap       ] GC(195) Eden regions: 44->0(152)
[7.335s][info ][gc,heap       ] GC(195) Survivor regions: 7->7(7)
[7.335s][info ][gc,heap       ] GC(195) Old regions: 459->497
[7.335s][info ][gc,heap       ] GC(195) Archive regions: 0->0
[7.335s][info ][gc,heap       ] GC(195) Humongous regions: 0->0
[7.335s][info ][gc,metaspace  ] GC(195) Metaspace: 6341K(6464K)->6341K(6464K) NonClass: 5794K(5824K)->5794K(5824K) Class: 546K(640K)->546K(640K)
[7.335s][debug][gc,heap       ] GC(195) Heap after GC invocations=195 (full 0):
[7.335s][debug][gc,heap       ] GC(195)  garbage-first heap   total 1048576K, used 515872K [0x00000000c0000000, 0x0000000100000000)
[7.335s][debug][gc,heap       ] GC(195)   region size 1024K, 7 young (7168K), 7 survivors (7168K)
[7.335s][debug][gc,heap       ] GC(195)  Metaspace       used 6341K, committed 6464K, reserved 1114112K
[7.336s][debug][gc,heap       ] GC(195)   class space    used 546K, committed 640K, reserved 1048576K
[7.336s][info ][gc            ] GC(195) Pause Young (Normal) (G1 Evacuation Pause) 509M->503M(1024M) 11.090ms
[7.336s][info ][gc,cpu        ] GC(195) User=0.08s Sys=0.00s Real=0.01s
[7.336s][info ][safepoint     ] Safepoint "G1CollectForAllocation", Time since last: 711100 ns, Reaching safepoint: 901100 ns, Cleanup: 6600 ns, At safepoint: 11362203 ns, Total: 12269903 ns
[7.339s][info ][gc,marking    ] GC(194) Concurrent Rebuild Remembered Sets 16.143ms
[7.339s][info ][gc,start      ] GC(194) Pause Cleanup
[7.340s][debug][gc,ergo,cset  ] GC(194) Pruned 126 regions out of 404, leaving 53465360 bytes waste (allowed 53687091)
[7.340s][info ][gc            ] GC(194) Pause Cleanup 520M->520M(1024M) 0.889ms
[7.340s][info ][gc,cpu        ] GC(194) User=0.00s Sys=0.00s Real=0.00s
[7.340s][info ][safepoint     ] Safepoint "G1PauseCleanup", Time since last: 3508101 ns, Reaching safepoint: 112800 ns, Cleanup: 12900 ns, At safepoint: 965200 ns, Total: 1090900 ns
[7.340s][info ][gc,marking    ] GC(194) Concurrent Cleanup for Next Mark
[7.340s][debug][gc,ergo       ] GC(194) Running G1 Clear Bitmap with 3 workers for 16 work units.
[7.344s][info ][gc,marking    ] GC(194) Concurrent Cleanup for Next Mark 3.266ms
[7.344s][info ][gc            ] GC(194) Concurrent Mark Cycle 34.939ms
[7.363s][debug][gc,heap       ] GC(196) Heap before GC invocations=196 (full 0):
[7.363s][debug][gc,heap       ] GC(196)  garbage-first heap   total 1048576K, used 670496K [0x00000000c0000000, 0x0000000100000000)
[7.363s][debug][gc,heap       ] GC(196)   region size 1024K, 159 young (162816K), 7 survivors (7168K)
[7.364s][debug][gc,heap       ] GC(196)  Metaspace       used 6341K, committed 6464K, reserved 1114112K
[7.364s][debug][gc,heap       ] GC(196)   class space    used 546K, committed 640K, reserved 1048576K
[7.364s][info ][gc,start      ] GC(196) Pause Young (Prepare Mixed) (G1 Evacuation Pause)
[7.364s][info ][gc,task       ] GC(196) Using 10 workers of 10 for evacuation
[7.364s][trace][gc,ergo,cset  ] GC(196) Start choosing CSet. Pending cards: 52 target pause time: 200.00ms
[7.364s][trace][gc,ergo,cset  ] GC(196) Added young regions to CSet. Eden: 152 regions, Survivors: 7 regions, predicted eden time: 25.00ms, predicted base time: 2.62ms, target pause time: 200.00ms, remaining time: 172.38ms
[7.364s][debug][gc,ergo       ] GC(196) Running G1 Merge Heap Roots using 10 workers for 159 regions
[7.388s][debug][gc,ergo       ] GC(196) Running G1 Rebuild Free List Task using 10 workers for rebuilding free list of regions
[7.388s][debug][gc,ergo,heap  ] GC(196) Heap expansion: short term pause time ratio 16.82% long term pause time ratio 50.39% threshold 7.69% pause time ratio 7.69% fully expanded true resize by 0B
[7.388s][debug][gc,ergo,refine] GC(196) Concurrent refinement times: Logged Cards Scan time goal: 20.00ms Logged Cards Scan time: 0.05ms HCC time: 0.00ms
[7.388s][trace][gc,ergo,refine] GC(196) Updating Refinement Zones: logged cards scan time: 0.055ms, processed cards: 35, goal time: 19.999ms
[7.388s][debug][gc,ergo,refine] GC(196) Updated Refinement Zones: green: 2560, yellow: 7680, red: 12800
[7.388s][info ][gc,phases     ] GC(196)   Pre Evacuate Collection Set: 0.4ms
[7.388s][info ][gc,phases     ] GC(196)   Merge Heap Roots: 0.2ms
[7.388s][info ][gc,phases     ] GC(196)   Evacuate Collection Set: 22.8ms
[7.388s][info ][gc,phases     ] GC(196)   Post Evacuate Collection Set: 1.1ms
[7.388s][info ][gc,phases     ] GC(196)   Other: 0.6ms
[7.388s][info ][gc,heap       ] GC(196) Eden regions: 152->0(31)
[7.388s][info ][gc,heap       ] GC(196) Survivor regions: 7->20(20)
[7.388s][info ][gc,heap       ] GC(196) Old regions: 497->588
[7.388s][info ][gc,heap       ] GC(196) Archive regions: 0->0
[7.388s][info ][gc,heap       ] GC(196) Humongous regions: 0->0
[7.388s][info ][gc,metaspace  ] GC(196) Metaspace: 6341K(6464K)->6341K(6464K) NonClass: 5794K(5824K)->5794K(5824K) Class: 546K(640K)->546K(640K)
[7.388s][debug][gc,heap       ] GC(196) Heap after GC invocations=197 (full 0):
[7.389s][debug][gc,heap       ] GC(196)  garbage-first heap   total 1048576K, used 622168K [0x00000000c0000000, 0x0000000100000000)
[7.389s][debug][gc,heap       ] GC(196)   region size 1024K, 20 young (20480K), 20 survivors (20480K)
[7.389s][debug][gc,heap       ] GC(196)  Metaspace       used 6341K, committed 6464K, reserved 1114112K
[7.389s][debug][gc,heap       ] GC(196)   class space    used 546K, committed 640K, reserved 1048576K
[7.389s][info ][gc            ] GC(196) Pause Young (Prepare Mixed) (G1 Evacuation Pause) 655M->607M(1024M) 24.976ms
[7.389s][info ][gc,cpu        ] GC(196) User=0.21s Sys=0.00s Real=0.02s
[7.389s][info ][safepoint     ] Safepoint "G1CollectForAllocation", Time since last: 23012106 ns, Reaching safepoint: 12700 ns, Cleanup: 13900 ns, At safepoint: 25320706 ns, Total: 25347306 ns
[7.392s][debug][gc,heap       ] GC(197) Heap before GC invocations=197 (full 0):
[7.392s][debug][gc,heap       ] GC(197)  garbage-first heap   total 1048576K, used 652888K [0x00000000c0000000, 0x0000000100000000)
[7.392s][debug][gc,heap       ] GC(197)   region size 1024K, 51 young (52224K), 20 survivors (20480K)
[7.392s][debug][gc,heap       ] GC(197)  Metaspace       used 6341K, committed 6464K, reserved 1114112K
[7.392s][debug][gc,heap       ] GC(197)   class space    used 546K, committed 640K, reserved 1048576K
[7.393s][info ][gc,start      ] GC(197) Pause Young (Mixed) (G1 Evacuation Pause)
[7.393s][info ][gc,task       ] GC(197) Using 10 workers of 10 for evacuation
[7.393s][trace][gc,ergo,cset  ] GC(197) Start choosing CSet. Pending cards: 35 target pause time: 200.00ms
[7.393s][trace][gc,ergo,cset  ] GC(197) Added young regions to CSet. Eden: 31 regions, Survivors: 20 regions, predicted eden time: 6.30ms, predicted base time: 1.66ms, target pause time: 200.00ms, remaining time: 192.04ms
[7.393s][debug][gc,ergo,cset  ] GC(197) Start adding old regions to collection set. Min 35 regions, max 103 regions, time remaining 192.04ms, optional threshold 38.41ms
[7.393s][debug][gc,ergo,cset  ] GC(197) Finish adding old regions to collection set (Maximum number of regions). Initial 103 regions, optional 0 regions
[7.393s][debug][gc,ergo,cset  ] GC(197) Finish choosing collection set old regions. Initial: 103, optional: 0, predicted old time: 0.00ms, predicted optional time: 0.00ms, time remaining: 189.37
[7.393s][debug][gc,ergo       ] GC(197) Running G1 Merge Heap Roots using 10 workers for 154 regions
[7.404s][debug][gc,ergo       ] GC(197) Running G1 Rebuild Free List Task using 10 workers for rebuilding free list of regions
[7.404s][debug][gc,ergo,heap  ] GC(197) Heap expansion: short term pause time ratio 51.09% long term pause time ratio 54.63% threshold 7.69% pause time ratio 7.69% fully expanded true resize by 0B
[7.404s][debug][gc,ergo,refine] GC(197) Concurrent refinement times: Logged Cards Scan time goal: 20.00ms Logged Cards Scan time: 0.02ms HCC time: 0.00ms
[7.404s][trace][gc,ergo,refine] GC(197) Updating Refinement Zones: logged cards scan time: 0.022ms, processed cards: 13, goal time: 19.999ms
[7.404s][debug][gc,ergo,refine] GC(197) Updated Refinement Zones: green: 2560, yellow: 7680, red: 12800
[7.405s][info ][gc,phases     ] GC(197)   Pre Evacuate Collection Set: 0.3ms
[7.405s][info ][gc,phases     ] GC(197)   Merge Heap Roots: 0.2ms
[7.405s][info ][gc,phases     ] GC(197)   Evacuate Collection Set: 10.4ms
[7.405s][info ][gc,phases     ] GC(197)   Post Evacuate Collection Set: 0.9ms
[7.405s][info ][gc,phases     ] GC(197)   Other: 0.3ms
[7.405s][info ][gc,heap       ] GC(197) Eden regions: 31->0(44)
[7.405s][info ][gc,heap       ] GC(197) Survivor regions: 20->7(7)
[7.405s][info ][gc,heap       ] GC(197) Old regions: 588->527
[7.405s][info ][gc,heap       ] GC(197) Archive regions: 0->0
[7.405s][info ][gc,heap       ] GC(197) Humongous regions: 0->0
[7.405s][info ][gc,metaspace  ] GC(197) Metaspace: 6341K(6464K)->6341K(6464K) NonClass: 5794K(5824K)->5794K(5824K) Class: 546K(640K)->546K(640K)
[7.405s][debug][gc,heap       ] GC(197) Heap after GC invocations=198 (full 0):
[7.405s][debug][gc,heap       ] GC(197)  garbage-first heap   total 1048576K, used 546392K [0x00000000c0000000, 0x0000000100000000)
[7.405s][debug][gc,heap       ] GC(197)   region size 1024K, 7 young (7168K), 7 survivors (7168K)
[7.405s][debug][gc,heap       ] GC(197)  Metaspace       used 6341K, committed 6464K, reserved 1114112K
[7.405s][debug][gc,heap       ] GC(197)   class space    used 546K, committed 640K, reserved 1048576K
[7.405s][info ][gc            ] GC(197) Pause Young (Mixed) (G1 Evacuation Pause) 638M->533M(1024M) 12.095ms
[7.405s][info ][gc,cpu        ] GC(197) User=0.10s Sys=0.00s Real=0.02s
[7.405s][info ][safepoint     ] Safepoint "G1CollectForAllocation", Time since last: 3772501 ns, Reaching safepoint: 5200 ns, Cleanup: 6100 ns, At safepoint: 12257303 ns, Total: 12268603 ns
[7.409s][debug][gc,heap       ] GC(198) Heap before GC invocations=198 (full 0):
[7.409s][debug][gc,heap       ] GC(198)  garbage-first heap   total 1048576K, used 590424K [0x00000000c0000000, 0x0000000100000000)
[7.409s][debug][gc,heap       ] GC(198)   region size 1024K, 51 young (52224K), 7 survivors (7168K)
[7.409s][debug][gc,heap       ] GC(198)  Metaspace       used 6341K, committed 6464K, reserved 1114112K
[7.409s][debug][gc,heap       ] GC(198)   class space    used 546K, committed 640K, reserved 1048576K
[7.409s][info ][gc,start      ] GC(198) Pause Young (Mixed) (G1 Evacuation Pause)
[7.409s][info ][gc,task       ] GC(198) Using 10 workers of 10 for evacuation
[7.410s][trace][gc,ergo,cset  ] GC(198) Start choosing CSet. Pending cards: 38 target pause time: 200.00ms
[7.410s][trace][gc,ergo,cset  ] GC(198) Added young regions to CSet. Eden: 44 regions, Survivors: 7 regions, predicted eden time: 8.50ms, predicted base time: 1.68ms, target pause time: 200.00ms, remaining time: 189.82ms
[7.410s][debug][gc,ergo,cset  ] GC(198) Start adding old regions to collection set. Min 35 regions, max 103 regions, time remaining 189.82ms, optional threshold 37.96ms
[7.410s][debug][gc,ergo,cset  ] GC(198) Finish adding old regions to collection set (Maximum number of regions). Initial 103 regions, optional 0 regions
[7.410s][debug][gc,ergo,cset  ] GC(198) Finish choosing collection set old regions. Initial: 103, optional: 0, predicted old time: 0.00ms, predicted optional time: 0.00ms, time remaining: 184.66
[7.410s][debug][gc,ergo       ] GC(198) Running G1 Merge Heap Roots using 10 workers for 154 regions
[7.421s][debug][gc,ergo       ] GC(198) Running G1 Rebuild Free List Task using 10 workers for rebuilding free list of regions
[7.421s][debug][gc,ergo,heap  ] GC(198) Heap expansion: short term pause time ratio 73.58% long term pause time ratio 56.46% threshold 7.69% pause time ratio 7.69% fully expanded true resize by 0B
[7.421s][debug][gc,ergo,refine] GC(198) Concurrent refinement times: Logged Cards Scan time goal: 20.00ms Logged Cards Scan time: 0.02ms HCC time: 0.00ms
[7.421s][trace][gc,ergo,refine] GC(198) Updating Refinement Zones: logged cards scan time: 0.023ms, processed cards: 18, goal time: 19.999ms
[7.421s][debug][gc,ergo,refine] GC(198) Updated Refinement Zones: green: 2560, yellow: 7680, red: 12800
[7.421s][info ][gc,phases     ] GC(198)   Pre Evacuate Collection Set: 0.4ms
[7.421s][info ][gc,phases     ] GC(198)   Merge Heap Roots: 0.2ms
[7.421s][info ][gc,phases     ] GC(198)   Evacuate Collection Set: 10.2ms
[7.421s][info ][gc,phases     ] GC(198)   Post Evacuate Collection Set: 0.9ms
[7.422s][info ][gc,phases     ] GC(198)   Other: 0.3ms
[7.422s][info ][gc,heap       ] GC(198) Eden regions: 44->0(44)
[7.422s][info ][gc,heap       ] GC(198) Survivor regions: 7->7(7)
[7.422s][info ][gc,heap       ] GC(198) Old regions: 527->468
[7.422s][info ][gc,heap       ] GC(198) Archive regions: 0->0
[7.422s][info ][gc,heap       ] GC(198) Humongous regions: 0->0
[7.422s][info ][gc,metaspace  ] GC(198) Metaspace: 6341K(6464K)->6341K(6464K) NonClass: 5794K(5824K)->5794K(5824K) Class: 546K(640K)->546K(640K)
[7.422s][debug][gc,heap       ] GC(198) Heap after GC invocations=199 (full 0):
[7.422s][debug][gc,heap       ] GC(198)  garbage-first heap   total 1048576K, used 485576K [0x00000000c0000000, 0x0000000100000000)
[7.422s][debug][gc,heap       ] GC(198)   region size 1024K, 7 young (7168K), 7 survivors (7168K)
[7.422s][debug][gc,heap       ] GC(198)  Metaspace       used 6341K, committed 6464K, reserved 1114112K
[7.422s][debug][gc,heap       ] GC(198)   class space    used 546K, committed 640K, reserved 1048576K
[7.422s][info ][gc            ] GC(198) Pause Young (Mixed) (G1 Evacuation Pause) 577M->474M(1024M) 12.160ms
[7.422s][info ][gc,cpu        ] GC(198) User=0.10s Sys=0.00s Real=0.01s
[7.422s][info ][safepoint     ] Safepoint "G1CollectForAllocation", Time since last: 4655001 ns, Reaching safepoint: 11000 ns, Cleanup: 10800 ns, At safepoint: 12352703 ns, Total: 12374503 ns
[7.428s][debug][gc,heap       ] GC(199) Heap before GC invocations=199 (full 0):
[7.428s][debug][gc,heap       ] GC(199)  garbage-first heap   total 1048576K, used 529608K [0x00000000c0000000, 0x0000000100000000)
[7.428s][debug][gc,heap       ] GC(199)   region size 1024K, 51 young (52224K), 7 survivors (7168K)
[7.428s][debug][gc,heap       ] GC(199)  Metaspace       used 6341K, committed 6464K, reserved 1114112K
[7.428s][debug][gc,heap       ] GC(199)   class space    used 546K, committed 640K, reserved 1048576K
[7.428s][info ][gc,start      ] GC(199) Pause Young (Mixed) (G1 Evacuation Pause)
[7.428s][info ][gc,task       ] GC(199) Using 10 workers of 10 for evacuation
[7.428s][trace][gc,ergo,cset  ] GC(199) Start choosing CSet. Pending cards: 33 target pause time: 200.00ms
[7.428s][trace][gc,ergo,cset  ] GC(199) Added young regions to CSet. Eden: 44 regions, Survivors: 7 regions, predicted eden time: 8.35ms, predicted base time: 1.66ms, target pause time: 200.00ms, remaining time: 189.99ms
[7.428s][debug][gc,ergo,cset  ] GC(199) Start adding old regions to collection set. Min 35 regions, max 103 regions, time remaining 189.99ms, optional threshold 38.00ms
[7.428s][debug][gc,ergo,cset  ] GC(199) Old candidate collection set empty.
[7.428s][debug][gc,ergo,cset  ] GC(199) Finish choosing collection set old regions. Initial: 72, optional: 0, predicted old time: 0.00ms, predicted optional time: 0.00ms, time remaining: 184.12
[7.429s][debug][gc,ergo       ] GC(199) Running G1 Merge Heap Roots using 10 workers for 123 regions
[7.439s][debug][gc,ergo       ] GC(199) Running G1 Rebuild Free List Task using 10 workers for rebuilding free list of regions
[7.440s][debug][gc,ergo,heap  ] GC(199) Heap expansion: short term pause time ratio 70.18% long term pause time ratio 59.09% threshold 7.69% pause time ratio 7.69% fully expanded true resize by 0B
[7.440s][debug][gc,ergo       ] GC(199) do not continue mixed GCs (candidate old regions not available)
[7.440s][debug][gc,ergo,refine] GC(199) Concurrent refinement times: Logged Cards Scan time goal: 20.00ms Logged Cards Scan time: 0.09ms HCC time: 0.00ms
[7.440s][trace][gc,ergo,refine] GC(199) Updating Refinement Zones: logged cards scan time: 0.090ms, processed cards: 21, goal time: 19.999ms
[7.440s][debug][gc,ergo,refine] GC(199) Updated Refinement Zones: green: 2560, yellow: 7680, red: 12800
[7.440s][info ][gc,phases     ] GC(199)   Pre Evacuate Collection Set: 0.8ms
[7.440s][info ][gc,phases     ] GC(199)   Merge Heap Roots: 0.2ms
[7.440s][info ][gc,phases     ] GC(199)   Evacuate Collection Set: 10.0ms
[7.440s][info ][gc,phases     ] GC(199)   Post Evacuate Collection Set: 1.1ms
[7.440s][info ][gc,phases     ] GC(199)   Other: 0.3ms
[7.440s][info ][gc,heap       ] GC(199) Eden regions: 44->0(177)
[7.440s][info ][gc,heap       ] GC(199) Survivor regions: 7->7(7)
[7.440s][info ][gc,heap       ] GC(199) Old regions: 468->441
[7.440s][info ][gc,heap       ] GC(199) Archive regions: 0->0
[7.440s][info ][gc,heap       ] GC(199) Humongous regions: 0->0
[7.440s][info ][gc,metaspace  ] GC(199) Metaspace: 6341K(6464K)->6341K(6464K) NonClass: 5794K(5824K)->5794K(5824K) Class: 546K(640K)->546K(640K)
[7.440s][debug][gc,heap       ] GC(199) Heap after GC invocations=200 (full 0):
[7.440s][debug][gc,heap       ] GC(199)  garbage-first heap   total 1048576K, used 457828K [0x00000000c0000000, 0x0000000100000000)
[7.440s][debug][gc,heap       ] GC(199)   region size 1024K, 7 young (7168K), 7 survivors (7168K)
[7.440s][debug][gc,heap       ] GC(199)  Metaspace       used 6341K, committed 6464K, reserved 1114112K
[7.440s][debug][gc,heap       ] GC(199)   class space    used 546K, committed 640K, reserved 1048576K
[7.440s][info ][gc            ] GC(199) Pause Young (Mixed) (G1 Evacuation Pause) 518M->447M(1024M) 12.356ms
[7.440s][info ][gc,cpu        ] GC(199) User=0.10s Sys=0.00s Real=0.01s
[7.440s][info ][safepoint     ] Safepoint "G1CollectForAllocation", Time since last: 5787501 ns, Reaching safepoint: 7700 ns, Cleanup: 8100 ns, At safepoint: 12571103 ns, Total: 12586903 ns
[7.467s][debug][gc,heap       ] GC(200) Heap before GC invocations=200 (full 0):
[7.467s][debug][gc,heap       ] GC(200)  garbage-first heap   total 1048576K, used 638052K [0x00000000c0000000, 0x0000000100000000)
[7.467s][debug][gc,heap       ] GC(200)   region size 1024K, 184 young (188416K), 7 survivors (7168K)
[7.467s][debug][gc,heap       ] GC(200)  Metaspace       used 6341K, committed 6464K, reserved 1114112K
[7.467s][debug][gc,heap       ] GC(200)   class space    used 546K, committed 640K, reserved 1048576K
[7.467s][info ][gc,start      ] GC(200) Pause Young (Normal) (G1 Evacuation Pause)
[7.467s][info ][gc,task       ] GC(200) Using 10 workers of 10 for evacuation
[7.467s][trace][gc,ergo,cset  ] GC(200) Start choosing CSet. Pending cards: 26 target pause time: 200.00ms
[7.467s][trace][gc,ergo,cset  ] GC(200) Added young regions to CSet. Eden: 177 regions, Survivors: 7 regions, predicted eden time: 26.61ms, predicted base time: 2.04ms, target pause time: 200.00ms, remaining time: 171.35ms
[7.468s][debug][gc,ergo       ] GC(200) Running G1 Merge Heap Roots using 10 workers for 184 regions
[7.492s][debug][gc,ergo       ] GC(200) Running G1 Rebuild Free List Task using 10 workers for rebuilding free list of regions
[7.492s][debug][gc,ergo,heap  ] GC(200) Heap expansion: short term pause time ratio 65.80% long term pause time ratio 59.41% threshold 7.69% pause time ratio 7.69% fully expanded true resize by 0B
[7.492s][debug][gc,ergo,refine] GC(200) Concurrent refinement times: Logged Cards Scan time goal: 20.00ms Logged Cards Scan time: 0.02ms HCC time: 0.00ms
[7.492s][trace][gc,ergo,refine] GC(200) Updating Refinement Zones: logged cards scan time: 0.017ms, processed cards: 8, goal time: 19.999ms
[7.492s][debug][gc,ergo,refine] GC(200) Updated Refinement Zones: green: 2560, yellow: 7680, red: 12800
[7.492s][info ][gc,phases     ] GC(200)   Pre Evacuate Collection Set: 0.5ms
[7.492s][info ][gc,phases     ] GC(200)   Merge Heap Roots: 0.2ms
[7.492s][info ][gc,phases     ] GC(200)   Evacuate Collection Set: 22.9ms
[7.492s][info ][gc,phases     ] GC(200)   Post Evacuate Collection Set: 1.0ms
[7.492s][info ][gc,phases     ] GC(200)   Other: 0.5ms
[7.492s][info ][gc,heap       ] GC(200) Eden regions: 177->0(131)
[7.492s][info ][gc,heap       ] GC(200) Survivor regions: 7->23(23)
[7.492s][info ][gc,heap       ] GC(200) Old regions: 441->538
[7.492s][info ][gc,heap       ] GC(200) Archive regions: 0->0
[7.492s][info ][gc,heap       ] GC(200) Humongous regions: 0->0
[7.492s][info ][gc,metaspace  ] GC(200) Metaspace: 6341K(6464K)->6341K(6464K) NonClass: 5794K(5824K)->5794K(5824K) Class: 546K(640K)->546K(640K)
[7.492s][debug][gc,heap       ] GC(200) Heap after GC invocations=201 (full 0):
[7.492s][debug][gc,heap       ] GC(200)  garbage-first heap   total 1048576K, used 573540K [0x00000000c0000000, 0x0000000100000000)
[7.492s][debug][gc,heap       ] GC(200)   region size 1024K, 23 young (23552K), 23 survivors (23552K)
[7.492s][debug][gc,heap       ] GC(200)  Metaspace       used 6341K, committed 6464K, reserved 1114112K
[7.492s][debug][gc,heap       ] GC(200)   class space    used 546K, committed 640K, reserved 1048576K
[7.492s][info ][gc            ] GC(200) Pause Young (Normal) (G1 Evacuation Pause) 624M->560M(1024M) 24.979ms
[7.492s][info ][gc,cpu        ] GC(200) User=0.22s Sys=0.00s Real=0.02s
[7.492s][info ][safepoint     ] Safepoint "G1CollectForAllocation", Time since last: 26950507 ns, Reaching safepoint: 16400 ns, Cleanup: 14000 ns, At safepoint: 25291106 ns, Total: 25321506 ns
[7.511s][debug][gc,heap       ] GC(201) Heap before GC invocations=201 (full 0):
[7.511s][debug][gc,heap       ] GC(201)  garbage-first heap   total 1048576K, used 706660K [0x00000000c0000000, 0x0000000100000000)
[7.511s][debug][gc,heap       ] GC(201)   region size 1024K, 154 young (157696K), 23 survivors (23552K)
[7.511s][debug][gc,heap       ] GC(201)  Metaspace       used 6341K, committed 6464K, reserved 1114112K
[7.511s][debug][gc,heap       ] GC(201)   class space    used 546K, committed 640K, reserved 1048576K
[7.511s][info ][gc,start      ] GC(201) Pause Young (Normal) (G1 Evacuation Pause)
[7.511s][info ][gc,task       ] GC(201) Using 10 workers of 10 for evacuation
[7.511s][trace][gc,ergo,cset  ] GC(201) Start choosing CSet. Pending cards: 38 target pause time: 200.00ms
[7.511s][trace][gc,ergo,cset  ] GC(201) Added young regions to CSet. Eden: 131 regions, Survivors: 23 regions, predicted eden time: 20.28ms, predicted base time: 2.15ms, target pause time: 200.00ms, remaining time: 177.57ms
[7.511s][debug][gc,ergo       ] GC(201) Running G1 Merge Heap Roots using 10 workers for 154 regions
[7.534s][debug][gc,ergo       ] GC(201) Running G1 Rebuild Free List Task using 10 workers for rebuilding free list of regions
[7.534s][debug][gc,ergo,heap  ] GC(201) Heap expansion: short term pause time ratio 47.14% long term pause time ratio 55.09% threshold 7.69% pause time ratio 7.69% fully expanded true resize by 0B
[7.534s][debug][gc,ergo,refine] GC(201) Concurrent refinement times: Logged Cards Scan time goal: 20.00ms Logged Cards Scan time: 0.06ms HCC time: 0.00ms
[7.534s][trace][gc,ergo,refine] GC(201) Updating Refinement Zones: logged cards scan time: 0.059ms, processed cards: 22, goal time: 19.999ms
[7.534s][debug][gc,ergo,refine] GC(201) Updated Refinement Zones: green: 2560, yellow: 7680, red: 12800
[7.534s][info ][gc,phases     ] GC(201)   Pre Evacuate Collection Set: 0.3ms
[7.534s][info ][gc,phases     ] GC(201)   Merge Heap Roots: 0.2ms
[7.534s][info ][gc,phases     ] GC(201)   Evacuate Collection Set: 22.4ms
[7.534s][info ][gc,phases     ] GC(201)   Post Evacuate Collection Set: 0.8ms
[7.534s][info ][gc,phases     ] GC(201)   Other: 0.2ms
[7.534s][info ][gc,heap       ] GC(201) Eden regions: 131->0(97)
[7.534s][info ][gc,heap       ] GC(201) Survivor regions: 23->20(20)
[7.534s][info ][gc,heap       ] GC(201) Old regions: 538->625
[7.534s][info ][gc,heap       ] GC(201) Archive regions: 0->0
[7.534s][info ][gc,heap       ] GC(201) Humongous regions: 0->0
[7.535s][info ][gc,metaspace  ] GC(201) Metaspace: 6341K(6464K)->6341K(6464K) NonClass: 5794K(5824K)->5794K(5824K) Class: 546K(640K)->546K(640K)
[7.535s][debug][gc,heap       ] GC(201) Heap after GC invocations=202 (full 0):
[7.535s][debug][gc,heap       ] GC(201)  garbage-first heap   total 1048576K, used 660356K [0x00000000c0000000, 0x0000000100000000)
[7.535s][debug][gc,heap       ] GC(201)   region size 1024K, 20 young (20480K), 20 survivors (20480K)
[7.535s][debug][gc,heap       ] GC(201)  Metaspace       used 6341K, committed 6464K, reserved 1114112K
[7.535s][debug][gc,heap       ] GC(201)   class space    used 546K, committed 640K, reserved 1048576K
[7.535s][info ][gc            ] GC(201) Pause Young (Normal) (G1 Evacuation Pause) 691M->644M(1024M) 23.803ms
[7.535s][info ][gc,cpu        ] GC(201) User=0.21s Sys=0.00s Real=0.03s
[7.535s][info ][safepoint     ] Safepoint "G1CollectForAllocation", Time since last: 18299104 ns, Reaching safepoint: 5500 ns, Cleanup: 7100 ns, At safepoint: 23933006 ns, Total: 23945606 ns
[7.549s][debug][gc,heap       ] GC(202) Heap before GC invocations=202 (full 0):
[7.549s][debug][gc,heap       ] GC(202)  garbage-first heap   total 1048576K, used 758660K [0x00000000c0000000, 0x0000000100000000)
[7.549s][debug][gc,heap       ] GC(202)   region size 1024K, 117 young (119808K), 20 survivors (20480K)
[7.549s][debug][gc,heap       ] GC(202)  Metaspace       used 6341K, committed 6464K, reserved 1114112K
[7.549s][debug][gc,heap       ] GC(202)   class space    used 546K, committed 640K, reserved 1048576K
[7.550s][info ][gc,start      ] GC(202) Pause Young (Normal) (G1 Evacuation Pause)
[7.550s][info ][gc,task       ] GC(202) Using 10 workers of 10 for evacuation
[7.550s][trace][gc,ergo,cset  ] GC(202) Start choosing CSet. Pending cards: 38 target pause time: 200.00ms
[7.550s][trace][gc,ergo,cset  ] GC(202) Added young regions to CSet. Eden: 97 regions, Survivors: 20 regions, predicted eden time: 16.11ms, predicted base time: 1.78ms, target pause time: 200.00ms, remaining time: 182.10ms
[7.550s][debug][gc,ergo       ] GC(202) Running G1 Merge Heap Roots using 10 workers for 117 regions
[7.570s][debug][gc,ergo       ] GC(202) Running G1 Rebuild Free List Task using 10 workers for rebuilding free list of regions
[7.571s][debug][gc,ergo,heap  ] GC(202) Heap expansion: short term pause time ratio 55.66% long term pause time ratio 55.31% threshold 7.69% pause time ratio 7.69% fully expanded true resize by 0B
[7.571s][debug][gc,ergo,refine] GC(202) Concurrent refinement times: Logged Cards Scan time goal: 20.00ms Logged Cards Scan time: 0.04ms HCC time: 0.00ms
[7.571s][trace][gc,ergo,refine] GC(202) Updating Refinement Zones: logged cards scan time: 0.035ms, processed cards: 18, goal time: 19.999ms
[7.571s][debug][gc,ergo,refine] GC(202) Updated Refinement Zones: green: 2560, yellow: 7680, red: 12800
[7.571s][info ][gc,phases     ] GC(202)   Pre Evacuate Collection Set: 0.3ms
[7.571s][info ][gc,phases     ] GC(202)   Merge Heap Roots: 0.2ms
[7.571s][info ][gc,phases     ] GC(202)   Evacuate Collection Set: 19.7ms
[7.571s][info ][gc,phases     ] GC(202)   Post Evacuate Collection Set: 0.8ms
[7.571s][info ][gc,phases     ] GC(202)   Other: 0.3ms
[7.571s][info ][gc,heap       ] GC(202) Eden regions: 97->0(69)
[7.571s][info ][gc,heap       ] GC(202) Survivor regions: 20->15(15)
[7.571s][info ][gc,heap       ] GC(202) Old regions: 625->701
[7.571s][info ][gc,heap       ] GC(202) Archive regions: 0->0
[7.571s][info ][gc,heap       ] GC(202) Humongous regions: 0->0
[7.571s][info ][gc,metaspace  ] GC(202) Metaspace: 6341K(6464K)->6341K(6464K) NonClass: 5794K(5824K)->5794K(5824K) Class: 546K(640K)->546K(640K)
[7.571s][debug][gc,heap       ] GC(202) Heap after GC invocations=203 (full 0):
[7.571s][debug][gc,heap       ] GC(202)  garbage-first heap   total 1048576K, used 732860K [0x00000000c0000000, 0x0000000100000000)
[7.571s][debug][gc,heap       ] GC(202)   region size 1024K, 15 young (15360K), 15 survivors (15360K)
[7.571s][debug][gc,heap       ] GC(202)  Metaspace       used 6341K, committed 6464K, reserved 1114112K
[7.571s][debug][gc,heap       ] GC(202)   class space    used 546K, committed 640K, reserved 1048576K
[7.571s][info ][gc            ] GC(202) Pause Young (Normal) (G1 Evacuation Pause) 741M->715M(1024M) 21.317ms
[7.571s][info ][gc,cpu        ] GC(202) User=0.17s Sys=0.00s Real=0.02s
[7.571s][info ][safepoint     ] Safepoint "G1CollectForAllocation", Time since last: 14743004 ns, Reaching safepoint: 10500 ns, Cleanup: 11500 ns, At safepoint: 21539405 ns, Total: 21561405 ns
[7.584s][debug][gc,heap       ] GC(203) Heap before GC invocations=203 (full 0):
[7.584s][debug][gc,heap       ] GC(203)  garbage-first heap   total 1048576K, used 802492K [0x00000000c0000000, 0x0000000100000000)
[7.584s][debug][gc,heap       ] GC(203)   region size 1024K, 84 young (86016K), 15 survivors (15360K)
[7.584s][debug][gc,heap       ] GC(203)  Metaspace       used 6341K, committed 6464K, reserved 1114112K
[7.584s][debug][gc,heap       ] GC(203)   class space    used 546K, committed 640K, reserved 1048576K
[7.584s][info ][gc,start      ] GC(203) Pause Young (Normal) (G1 Evacuation Pause)
[7.584s][info ][gc,task       ] GC(203) Using 10 workers of 10 for evacuation
[7.584s][trace][gc,ergo,cset  ] GC(203) Start choosing CSet. Pending cards: 30 target pause time: 200.00ms
[7.584s][trace][gc,ergo,cset  ] GC(203) Added young regions to CSet. Eden: 69 regions, Survivors: 15 regions, predicted eden time: 12.23ms, predicted base time: 1.57ms, target pause time: 200.00ms, remaining time: 186.20ms
[7.584s][debug][gc,ergo       ] GC(203) Running G1 Merge Heap Roots using 10 workers for 84 regions
[7.600s][debug][gc,ergo       ] GC(203) Running G1 Rebuild Free List Task using 10 workers for rebuilding free list of regions
[7.601s][debug][gc,ergo,heap  ] GC(203) Heap expansion: short term pause time ratio 58.11% long term pause time ratio 56.13% threshold 7.69% pause time ratio 7.69% fully expanded true resize by 0B
[7.601s][debug][gc,ergo,refine] GC(203) Concurrent refinement times: Logged Cards Scan time goal: 20.00ms Logged Cards Scan time: 0.02ms HCC time: 0.00ms
[7.601s][trace][gc,ergo,refine] GC(203) Updating Refinement Zones: logged cards scan time: 0.019ms, processed cards: 13, goal time: 19.999ms
[7.601s][debug][gc,ergo,refine] GC(203) Updated Refinement Zones: green: 2560, yellow: 7680, red: 12800
[7.601s][info ][gc,phases     ] GC(203)   Pre Evacuate Collection Set: 0.4ms
[7.601s][info ][gc,phases     ] GC(203)   Merge Heap Roots: 0.2ms
[7.601s][info ][gc,phases     ] GC(203)   Evacuate Collection Set: 15.5ms
[7.601s][info ][gc,phases     ] GC(203)   Post Evacuate Collection Set: 0.7ms
[7.601s][info ][gc,phases     ] GC(203)   Other: 0.3ms
[7.601s][info ][gc,heap       ] GC(203) Eden regions: 69->0(50)
[7.601s][info ][gc,heap       ] GC(203) Survivor regions: 15->11(11)
[7.601s][info ][gc,heap       ] GC(203) Old regions: 701->759
[7.601s][info ][gc,heap       ] GC(203) Archive regions: 0->0
[7.601s][info ][gc,heap       ] GC(203) Humongous regions: 0->0
[7.601s][info ][gc,metaspace  ] GC(203) Metaspace: 6341K(6464K)->6341K(6464K) NonClass: 5794K(5824K)->5794K(5824K) Class: 546K(640K)->546K(640K)
[7.601s][debug][gc,heap       ] GC(203) Heap after GC invocations=204 (full 0):
[7.601s][debug][gc,heap       ] GC(203)  garbage-first heap   total 1048576K, used 788356K [0x00000000c0000000, 0x0000000100000000)
[7.601s][debug][gc,heap       ] GC(203)   region size 1024K, 11 young (11264K), 11 survivors (11264K)
[7.601s][debug][gc,heap       ] GC(203)  Metaspace       used 6341K, committed 6464K, reserved 1114112K
[7.601s][debug][gc,heap       ] GC(203)   class space    used 546K, committed 640K, reserved 1048576K
[7.601s][info ][gc            ] GC(203) Pause Young (Normal) (G1 Evacuation Pause) 784M->769M(1024M) 17.143ms
[7.601s][info ][gc,cpu        ] GC(203) User=0.15s Sys=0.00s Real=0.01s
[7.601s][info ][safepoint     ] Safepoint "G1CollectForAllocation", Time since last: 12574303 ns, Reaching safepoint: 9400 ns, Cleanup: 13100 ns, At safepoint: 17363504 ns, Total: 17386004 ns
[7.610s][debug][gc,heap       ] GC(204) Heap before GC invocations=204 (full 0):
[7.610s][debug][gc,heap       ] GC(204)  garbage-first heap   total 1048576K, used 838532K [0x00000000c0000000, 0x0000000100000000)
[7.610s][debug][gc,heap       ] GC(204)   region size 1024K, 61 young (62464K), 11 survivors (11264K)
[7.610s][debug][gc,heap       ] GC(204)  Metaspace       used 6341K, committed 6464K, reserved 1114112K
[7.610s][debug][gc,heap       ] GC(204)   class space    used 546K, committed 640K, reserved 1048576K
[7.610s][info ][gc,start      ] GC(204) Pause Young (Normal) (G1 Evacuation Pause)
[7.610s][info ][gc,task       ] GC(204) Using 10 workers of 10 for evacuation
[7.610s][trace][gc,ergo,cset  ] GC(204) Start choosing CSet. Pending cards: 28 target pause time: 200.00ms
[7.610s][trace][gc,ergo,cset  ] GC(204) Added young regions to CSet. Eden: 50 regions, Survivors: 11 regions, predicted eden time: 9.57ms, predicted base time: 1.47ms, target pause time: 200.00ms, remaining time: 188.96ms
[7.610s][debug][gc,ergo       ] GC(204) Running G1 Merge Heap Roots using 10 workers for 61 regions
[7.621s][debug][gc,ergo       ] GC(204) Running G1 Rebuild Free List Task using 10 workers for rebuilding free list of regions
[7.621s][debug][gc,ergo,heap  ] GC(204) Heap expansion: short term pause time ratio 56.34% long term pause time ratio 56.92% threshold 7.69% pause time ratio 7.69% fully expanded true resize by 0B
[7.621s][debug][gc,ergo,refine] GC(204) Concurrent refinement times: Logged Cards Scan time goal: 20.00ms Logged Cards Scan time: 0.02ms HCC time: 0.00ms
[7.621s][trace][gc,ergo,refine] GC(204) Updating Refinement Zones: logged cards scan time: 0.017ms, processed cards: 11, goal time: 20.000ms
[7.621s][debug][gc,ergo,refine] GC(204) Updated Refinement Zones: green: 2560, yellow: 7680, red: 12800
[7.621s][info ][gc,phases     ] GC(204)   Pre Evacuate Collection Set: 0.4ms
[7.621s][info ][gc,phases     ] GC(204)   Merge Heap Roots: 0.2ms
[7.621s][info ][gc,phases     ] GC(204)   Evacuate Collection Set: 10.2ms
[7.621s][info ][gc,phases     ] GC(204)   Post Evacuate Collection Set: 0.7ms
[7.621s][info ][gc,phases     ] GC(204)   Other: 0.4ms
[7.621s][info ][gc,heap       ] GC(204) Eden regions: 50->0(43)
[7.621s][info ][gc,heap       ] GC(204) Survivor regions: 11->8(8)
[7.621s][info ][gc,heap       ] GC(204) Old regions: 759->803
[7.621s][info ][gc,heap       ] GC(204) Archive regions: 0->0
[7.621s][info ][gc,heap       ] GC(204) Humongous regions: 0->0
[7.621s][info ][gc,metaspace  ] GC(204) Metaspace: 6341K(6464K)->6341K(6464K) NonClass: 5794K(5824K)->5794K(5824K) Class: 546K(640K)->546K(640K)
[7.621s][debug][gc,heap       ] GC(204) Heap after GC invocations=205 (full 0):
[7.621s][debug][gc,heap       ] GC(204)  garbage-first heap   total 1048576K, used 829940K [0x00000000c0000000, 0x0000000100000000)
[7.621s][debug][gc,heap       ] GC(204)   region size 1024K, 8 young (8192K), 8 survivors (8192K)
[7.621s][debug][gc,heap       ] GC(204)  Metaspace       used 6341K, committed 6464K, reserved 1114112K
[7.621s][debug][gc,heap       ] GC(204)   class space    used 546K, committed 640K, reserved 1048576K
[7.622s][info ][gc            ] GC(204) Pause Young (Normal) (G1 Evacuation Pause) 819M->810M(1024M) 11.800ms
[7.622s][info ][gc,cpu        ] GC(204) User=0.09s Sys=0.00s Real=0.01s
[7.622s][info ][safepoint     ] Safepoint "G1CollectForAllocation", Time since last: 8663702 ns, Reaching safepoint: 13400 ns, Cleanup: 12200 ns, At safepoint: 12034303 ns, Total: 12059903 ns
[7.630s][debug][gc,heap       ] GC(205) Heap before GC invocations=205 (full 0):
[7.630s][debug][gc,heap       ] GC(205)  garbage-first heap   total 1048576K, used 872948K [0x00000000c0000000, 0x0000000100000000)
[7.630s][debug][gc,heap       ] GC(205)   region size 1024K, 51 young (52224K), 8 survivors (8192K)
[7.630s][debug][gc,heap       ] GC(205)  Metaspace       used 6341K, committed 6464K, reserved 1114112K
[7.630s][debug][gc,heap       ] GC(205)   class space    used 546K, committed 640K, reserved 1048576K
[7.630s][info ][gc,start      ] GC(205) Pause Young (Normal) (G1 Evacuation Pause)
[7.630s][info ][gc,task       ] GC(205) Using 10 workers of 10 for evacuation
[7.630s][trace][gc,ergo,cset  ] GC(205) Start choosing CSet. Pending cards: 31 target pause time: 200.00ms
[7.630s][trace][gc,ergo,cset  ] GC(205) Added young regions to CSet. Eden: 43 regions, Survivors: 8 regions, predicted eden time: 8.05ms, predicted base time: 1.40ms, target pause time: 200.00ms, remaining time: 190.55ms
[7.630s][debug][gc,ergo       ] GC(205) Running G1 Merge Heap Roots using 10 workers for 51 regions
[7.640s][debug][gc,ergo       ] GC(205) Running G1 Rebuild Free List Task using 10 workers for rebuilding free list of regions
[7.640s][debug][gc,ergo,heap  ] GC(205) Heap expansion: short term pause time ratio 55.77% long term pause time ratio 55.59% threshold 7.69% pause time ratio 7.69% fully expanded true resize by 0B
[7.640s][debug][gc,ergo,ihop  ] GC(205) Request concurrent cycle initiation (occupancy higher than threshold) occupancy: 881852416B allocation request: 0B threshold: 859174426B (80.02) source: end of GC
[7.640s][debug][gc,ergo,refine] GC(205) Concurrent refinement times: Logged Cards Scan time goal: 20.00ms Logged Cards Scan time: 0.02ms HCC time: 0.00ms
[7.640s][trace][gc,ergo,refine] GC(205) Updating Refinement Zones: logged cards scan time: 0.018ms, processed cards: 15, goal time: 19.999ms
[7.640s][debug][gc,ergo,refine] GC(205) Updated Refinement Zones: green: 2560, yellow: 7680, red: 12800
[7.640s][info ][gc,phases     ] GC(205)   Pre Evacuate Collection Set: 0.3ms
[7.640s][info ][gc,phases     ] GC(205)   Merge Heap Roots: 0.2ms
[7.640s][info ][gc,phases     ] GC(205)   Evacuate Collection Set: 8.6ms
[7.640s][info ][gc,phases     ] GC(205)   Post Evacuate Collection Set: 0.7ms
[7.640s][info ][gc,phases     ] GC(205)   Other: 0.3ms
[7.640s][info ][gc,heap       ] GC(205) Eden regions: 43->0(44)
[7.640s][info ][gc,heap       ] GC(205) Survivor regions: 8->7(7)
[7.640s][info ][gc,heap       ] GC(205) Old regions: 803->841
[7.640s][info ][gc,heap       ] GC(205) Archive regions: 0->0
[7.640s][info ][gc,heap       ] GC(205) Humongous regions: 0->0
[7.640s][info ][gc,metaspace  ] GC(205) Metaspace: 6341K(6464K)->6341K(6464K) NonClass: 5794K(5824K)->5794K(5824K) Class: 546K(640K)->546K(640K)
[7.640s][debug][gc,heap       ] GC(205) Heap after GC invocations=206 (full 0):
[7.640s][debug][gc,heap       ] GC(205)  garbage-first heap   total 1048576K, used 867428K [0x00000000c0000000, 0x0000000100000000)
[7.640s][debug][gc,heap       ] GC(205)   region size 1024K, 7 young (7168K), 7 survivors (7168K)
[7.640s][debug][gc,heap       ] GC(205)  Metaspace       used 6341K, committed 6464K, reserved 1114112K
[7.640s][debug][gc,heap       ] GC(205)   class space    used 546K, committed 640K, reserved 1048576K
[7.640s][info ][gc            ] GC(205) Pause Young (Normal) (G1 Evacuation Pause) 853M->847M(1024M) 10.042ms
[7.640s][info ][gc,cpu        ] GC(205) User=0.07s Sys=0.00s Real=0.01s
[7.640s][info ][safepoint     ] Safepoint "G1CollectForAllocation", Time since last: 8145502 ns, Reaching safepoint: 14500 ns, Cleanup: 14100 ns, At safepoint: 10251103 ns, Total: 10279703 ns
[7.647s][debug][gc,heap       ] GC(206) Heap before GC invocations=206 (full 0):
[7.647s][debug][gc,heap       ] GC(206)  garbage-first heap   total 1048576K, used 911460K [0x00000000c0000000, 0x0000000100000000)
[7.647s][debug][gc,heap       ] GC(206)   region size 1024K, 51 young (52224K), 7 survivors (7168K)
[7.647s][debug][gc,heap       ] GC(206)  Metaspace       used 6341K, committed 6464K, reserved 1114112K
[7.647s][debug][gc,heap       ] GC(206)   class space    used 546K, committed 640K, reserved 1048576K
[7.647s][debug][gc,ergo       ] GC(206) Initiate concurrent cycle (concurrent cycle initiation requested)
[7.647s][info ][gc,start      ] GC(206) Pause Young (Concurrent Start) (G1 Evacuation Pause)
[7.647s][info ][gc,task       ] GC(206) Using 10 workers of 10 for evacuation
[7.648s][trace][gc,ergo,cset  ] GC(206) Start choosing CSet. Pending cards: 25 target pause time: 200.00ms
[7.648s][trace][gc,ergo,cset  ] GC(206) Added young regions to CSet. Eden: 44 regions, Survivors: 7 regions, predicted eden time: 7.86ms, predicted base time: 1.31ms, target pause time: 200.00ms, remaining time: 190.83ms
[7.648s][debug][gc,ergo       ] GC(206) Running G1 Merge Heap Roots using 10 workers for 51 regions
[7.657s][debug][gc,ergo       ] GC(206) Running G1 Rebuild Free List Task using 10 workers for rebuilding free list of regions
[7.658s][debug][gc,ergo,heap  ] GC(206) Heap expansion: short term pause time ratio 53.27% long term pause time ratio 56.08% threshold 7.69% pause time ratio 7.69% fully expanded true resize by 0B
[7.658s][debug][gc,ergo,refine] GC(206) Concurrent refinement times: Logged Cards Scan time goal: 20.00ms Logged Cards Scan time: 0.01ms HCC time: 0.00ms
[7.658s][trace][gc,ergo,refine] GC(206) Updating Refinement Zones: logged cards scan time: 0.011ms, processed cards: 11, goal time: 20.000ms
[7.658s][debug][gc,ergo,refine] GC(206) Updated Refinement Zones: green: 2560, yellow: 7680, red: 12800
[7.658s][info ][gc,phases     ] GC(206)   Pre Evacuate Collection Set: 0.3ms
[7.658s][info ][gc,phases     ] GC(206)   Merge Heap Roots: 0.2ms
[7.658s][info ][gc,phases     ] GC(206)   Evacuate Collection Set: 8.6ms
[7.658s][info ][gc,phases     ] GC(206)   Post Evacuate Collection Set: 0.9ms
[7.658s][info ][gc,phases     ] GC(206)   Other: 0.4ms
[7.658s][info ][gc,heap       ] GC(206) Eden regions: 44->0(44)
[7.658s][info ][gc,heap       ] GC(206) Survivor regions: 7->7(7)
[7.658s][info ][gc,heap       ] GC(206) Old regions: 841->878
[7.658s][info ][gc,heap       ] GC(206) Archive regions: 0->0
[7.658s][info ][gc,heap       ] GC(206) Humongous regions: 0->0
[7.658s][info ][gc,metaspace  ] GC(206) Metaspace: 6341K(6464K)->6341K(6464K) NonClass: 5794K(5824K)->5794K(5824K) Class: 546K(640K)->546K(640K)
[7.658s][debug][gc,heap       ] GC(206) Heap after GC invocations=207 (full 0):
[7.658s][debug][gc,heap       ] GC(206)  garbage-first heap   total 1048576K, used 906216K [0x00000000c0000000, 0x0000000100000000)
[7.658s][debug][gc,heap       ] GC(206)   region size 1024K, 7 young (7168K), 7 survivors (7168K)
[7.658s][debug][gc,heap       ] GC(206)  Metaspace       used 6341K, committed 6464K, reserved 1114112K
[7.658s][debug][gc,heap       ] GC(206)   class space    used 546K, committed 640K, reserved 1048576K
[7.658s][info ][gc            ] GC(206) Pause Young (Concurrent Start) (G1 Evacuation Pause) 891M->884M(1024M) 10.313ms
[7.658s][info ][gc,cpu        ] GC(206) User=0.08s Sys=0.00s Real=0.01s
[7.658s][info ][safepoint     ] Safepoint "G1CollectForAllocation", Time since last: 7283301 ns, Reaching safepoint: 10300 ns, Cleanup: 12800 ns, At safepoint: 10547503 ns, Total: 10570603 ns
[7.658s][info ][gc            ] GC(207) Concurrent Mark Cycle
[7.658s][info ][gc,marking    ] GC(207) Concurrent Clear Claimed Marks
[7.658s][info ][gc,marking    ] GC(207) Concurrent Clear Claimed Marks 0.014ms
[7.658s][info ][gc,marking    ] GC(207) Concurrent Scan Root Regions
[7.658s][debug][gc,ergo       ] GC(207) Running G1 Root Region Scan using 3 workers for 45 work units.
[7.658s][info ][gc,marking    ] GC(207) Concurrent Scan Root Regions 0.178ms
[7.658s][info ][gc,marking    ] GC(207) Concurrent Mark
[7.658s][info ][gc,marking    ] GC(207) Concurrent Mark From Roots
[7.658s][info ][gc,task       ] GC(207) Using 3 workers of 3 for marking
[7.664s][info ][gc,marking    ] GC(207) Concurrent Mark From Roots 6.292ms
[7.665s][info ][gc,marking    ] GC(207) Concurrent Preclean
[7.665s][info ][gc,marking    ] GC(207) Concurrent Preclean 0.091ms
[7.665s][info ][gc,start      ] GC(207) Pause Remark
[7.666s][debug][gc,ergo       ] GC(207) Running G1 Update RemSet Tracking Before Rebuild using 3 workers for 1024 regions in heap
[7.667s][info ][gc            ] GC(207) Pause Remark 921M->537M(1024M) 1.930ms
[7.667s][info ][gc,cpu        ] GC(207) User=0.01s Sys=0.00s Real=0.00s
[7.667s][info ][safepoint     ] Safepoint "G1PauseRemark", Time since last: 7140702 ns, Reaching safepoint: 9000 ns, Cleanup: 9300 ns, At safepoint: 1980700 ns, Total: 1999000 ns
[7.667s][info ][gc,marking    ] GC(207) Concurrent Mark 8.962ms
[7.667s][info ][gc,marking    ] GC(207) Concurrent Rebuild Remembered Sets
[7.668s][debug][gc,heap       ] GC(208) Heap before GC invocations=207 (full 0):
[7.668s][debug][gc,heap       ] GC(208)  garbage-first heap   total 1048576K, used 557032K [0x00000000c0000000, 0x0000000100000000)
[7.668s][debug][gc,heap       ] GC(208)   region size 1024K, 51 young (52224K), 7 survivors (7168K)
[7.668s][debug][gc,heap       ] GC(208)  Metaspace       used 6341K, committed 6464K, reserved 1114112K
[7.668s][debug][gc,heap       ] GC(208)   class space    used 546K, committed 640K, reserved 1048576K
[7.668s][info ][gc,start      ] GC(208) Pause Young (Normal) (G1 Evacuation Pause)
[7.668s][info ][gc,task       ] GC(208) Using 10 workers of 10 for evacuation
[7.668s][trace][gc,ergo,cset  ] GC(208) Start choosing CSet. Pending cards: 38 target pause time: 200.00ms
[7.668s][trace][gc,ergo,cset  ] GC(208) Added young regions to CSet. Eden: 44 regions, Survivors: 7 regions, predicted eden time: 7.43ms, predicted base time: 1.30ms, target pause time: 200.00ms, remaining time: 191.26ms
[7.668s][debug][gc,ergo       ] GC(208) Running G1 Merge Heap Roots using 10 workers for 51 regions
[7.677s][debug][gc,ergo       ] GC(208) Running G1 Rebuild Free List Task using 10 workers for rebuilding free list of regions
[7.677s][debug][gc,ergo,heap  ] GC(208) Heap expansion: short term pause time ratio 20.39% long term pause time ratio 54.71% threshold 7.69% pause time ratio 7.69% fully expanded true resize by 0B
[7.678s][debug][gc,ergo,refine] GC(208) Concurrent refinement times: Logged Cards Scan time goal: 20.00ms Logged Cards Scan time: 0.02ms HCC time: 0.00ms
[7.678s][trace][gc,ergo,refine] GC(208) Updating Refinement Zones: logged cards scan time: 0.021ms, processed cards: 21, goal time: 20.000ms
[7.678s][debug][gc,ergo,refine] GC(208) Updated Refinement Zones: green: 2560, yellow: 7680, red: 12800
[7.678s][info ][gc,phases     ] GC(208)   Pre Evacuate Collection Set: 0.2ms
[7.678s][info ][gc,phases     ] GC(208)   Merge Heap Roots: 0.2ms
[7.678s][info ][gc,phases     ] GC(208)   Evacuate Collection Set: 8.3ms
[7.678s][info ][gc,phases     ] GC(208)   Post Evacuate Collection Set: 0.7ms
[7.678s][info ][gc,phases     ] GC(208)   Other: 0.2ms
[7.678s][info ][gc,heap       ] GC(208) Eden regions: 44->0(134)
[7.678s][info ][gc,heap       ] GC(208) Survivor regions: 7->7(7)
[7.678s][info ][gc,heap       ] GC(208) Old regions: 494->533
[7.678s][info ][gc,heap       ] GC(208) Archive regions: 0->0
[7.678s][info ][gc,heap       ] GC(208) Humongous regions: 0->0
[7.678s][info ][gc,metaspace  ] GC(208) Metaspace: 6341K(6464K)->6341K(6464K) NonClass: 5794K(5824K)->5794K(5824K) Class: 546K(640K)->546K(640K)
[7.678s][debug][gc,heap       ] GC(208) Heap after GC invocations=208 (full 0):
[7.678s][debug][gc,heap       ] GC(208)  garbage-first heap   total 1048576K, used 552336K [0x00000000c0000000, 0x0000000100000000)
[7.678s][debug][gc,heap       ] GC(208)   region size 1024K, 7 young (7168K), 7 survivors (7168K)
[7.678s][debug][gc,heap       ] GC(208)  Metaspace       used 6341K, committed 6464K, reserved 1114112K
[7.678s][debug][gc,heap       ] GC(208)   class space    used 546K, committed 640K, reserved 1048576K
[7.678s][info ][gc            ] GC(208) Pause Young (Normal) (G1 Evacuation Pause) 544M->539M(1024M) 9.562ms
[7.678s][info ][gc,cpu        ] GC(208) User=0.07s Sys=0.00s Real=0.01s
[7.678s][info ][safepoint     ] Safepoint "G1CollectForAllocation", Time since last: 843600 ns, Reaching safepoint: 138300 ns, Cleanup: 6300 ns, At safepoint: 9738703 ns, Total: 9883303 ns
[7.681s][info ][gc,marking    ] GC(207) Concurrent Rebuild Remembered Sets 13.465ms
[7.681s][info ][gc,start      ] GC(207) Pause Cleanup
[7.681s][debug][gc,ergo,cset  ] GC(207) Pruned 130 regions out of 442, leaving 53216040 bytes waste (allowed 53687091)
[7.681s][info ][gc            ] GC(207) Pause Cleanup 556M->556M(1024M) 0.551ms
[7.681s][info ][gc,cpu        ] GC(207) User=0.00s Sys=0.00s Real=0.00s
[7.681s][info ][safepoint     ] Safepoint "G1PauseCleanup", Time since last: 3025100 ns, Reaching safepoint: 100200 ns, Cleanup: 6100 ns, At safepoint: 605801 ns, Total: 712101 ns
[7.681s][info ][gc,marking    ] GC(207) Concurrent Cleanup for Next Mark
[7.682s][debug][gc,ergo       ] GC(207) Running G1 Clear Bitmap with 3 workers for 16 work units.
[7.685s][info ][gc,marking    ] GC(207) Concurrent Cleanup for Next Mark 3.555ms
[7.685s][info ][gc            ] GC(207) Concurrent Mark Cycle 27.337ms
[7.703s][debug][gc,heap       ] GC(209) Heap before GC invocations=209 (full 0):
[7.703s][debug][gc,heap       ] GC(209)  garbage-first heap   total 1048576K, used 688528K [0x00000000c0000000, 0x0000000100000000)
[7.703s][debug][gc,heap       ] GC(209)   region size 1024K, 141 young (144384K), 7 survivors (7168K)
[7.703s][debug][gc,heap       ] GC(209)  Metaspace       used 6341K, committed 6464K, reserved 1114112K
[7.703s][debug][gc,heap       ] GC(209)   class space    used 546K, committed 640K, reserved 1048576K
[7.703s][info ][gc,start      ] GC(209) Pause Young (Prepare Mixed) (G1 Evacuation Pause)
[7.703s][info ][gc,task       ] GC(209) Using 10 workers of 10 for evacuation
[7.703s][trace][gc,ergo,cset  ] GC(209) Start choosing CSet. Pending cards: 34 target pause time: 200.00ms
[7.703s][trace][gc,ergo,cset  ] GC(209) Added young regions to CSet. Eden: 134 regions, Survivors: 7 regions, predicted eden time: 21.13ms, predicted base time: 1.55ms, target pause time: 200.00ms, remaining time: 177.32ms
[7.703s][debug][gc,ergo       ] GC(209) Running G1 Merge Heap Roots using 10 workers for 141 regions
[7.723s][debug][gc,ergo       ] GC(209) Running G1 Rebuild Free List Task using 10 workers for rebuilding free list of regions
[7.723s][debug][gc,ergo,heap  ] GC(209) Heap expansion: short term pause time ratio 13.30% long term pause time ratio 53.63% threshold 7.69% pause time ratio 7.69% fully expanded true resize by 0B
[7.723s][debug][gc,ergo,refine] GC(209) Concurrent refinement times: Logged Cards Scan time goal: 20.00ms Logged Cards Scan time: 0.03ms HCC time: 0.00ms
[7.723s][trace][gc,ergo,refine] GC(209) Updating Refinement Zones: logged cards scan time: 0.029ms, processed cards: 17, goal time: 19.999ms
[7.723s][debug][gc,ergo,refine] GC(209) Updated Refinement Zones: green: 2560, yellow: 7680, red: 12800
[7.723s][info ][gc,phases     ] GC(209)   Pre Evacuate Collection Set: 0.3ms
[7.723s][info ][gc,phases     ] GC(209)   Merge Heap Roots: 0.2ms
[7.724s][info ][gc,phases     ] GC(209)   Evacuate Collection Set: 19.2ms
[7.724s][info ][gc,phases     ] GC(209)   Post Evacuate Collection Set: 0.7ms
[7.724s][info ][gc,phases     ] GC(209)   Other: 0.2ms
[7.724s][info ][gc,heap       ] GC(209) Eden regions: 134->0(33)
[7.724s][info ][gc,heap       ] GC(209) Survivor regions: 7->18(18)
[7.724s][info ][gc,heap       ] GC(209) Old regions: 533->617
[7.724s][info ][gc,heap       ] GC(209) Archive regions: 0->0
[7.724s][info ][gc,heap       ] GC(209) Humongous regions: 0->0
[7.724s][info ][gc,metaspace  ] GC(209) Metaspace: 6341K(6464K)->6341K(6464K) NonClass: 5794K(5824K)->5794K(5824K) Class: 546K(640K)->546K(640K)
[7.724s][debug][gc,heap       ] GC(209) Heap after GC invocations=210 (full 0):
[7.724s][debug][gc,heap       ] GC(209)  garbage-first heap   total 1048576K, used 649516K [0x00000000c0000000, 0x0000000100000000)
[7.724s][debug][gc,heap       ] GC(209)   region size 1024K, 18 young (18432K), 18 survivors (18432K)
[7.724s][debug][gc,heap       ] GC(209)  Metaspace       used 6341K, committed 6464K, reserved 1114112K
[7.724s][debug][gc,heap       ] GC(209)   class space    used 546K, committed 640K, reserved 1048576K
[7.724s][info ][gc            ] GC(209) Pause Young (Prepare Mixed) (G1 Evacuation Pause) 673M->634M(1024M) 20.569ms
[7.724s][info ][gc,cpu        ] GC(209) User=0.19s Sys=0.00s Real=0.03s
[7.724s][info ][safepoint     ] Safepoint "G1CollectForAllocation", Time since last: 21407905 ns, Reaching safepoint: 11300 ns, Cleanup: 7900 ns, At safepoint: 20726705 ns, Total: 20745905 ns
[7.729s][debug][gc,heap       ] GC(210) Heap before GC invocations=210 (full 0):
[7.729s][debug][gc,heap       ] GC(210)  garbage-first heap   total 1048576K, used 682284K [0x00000000c0000000, 0x0000000100000000)
[7.729s][debug][gc,heap       ] GC(210)   region size 1024K, 51 young (52224K), 18 survivors (18432K)
[7.729s][debug][gc,heap       ] GC(210)  Metaspace       used 6341K, committed 6464K, reserved 1114112K
[7.729s][debug][gc,heap       ] GC(210)   class space    used 546K, committed 640K, reserved 1048576K
[7.729s][info ][gc,start      ] GC(210) Pause Young (Mixed) (G1 Evacuation Pause)
[7.729s][info ][gc,task       ] GC(210) Using 10 workers of 10 for evacuation
[7.729s][trace][gc,ergo,cset  ] GC(210) Start choosing CSet. Pending cards: 32 target pause time: 200.00ms
[7.729s][trace][gc,ergo,cset  ] GC(210) Added young regions to CSet. Eden: 33 regions, Survivors: 18 regions, predicted eden time: 6.05ms, predicted base time: 1.55ms, target pause time: 200.00ms, remaining time: 192.40ms
[7.729s][debug][gc,ergo,cset  ] GC(210) Start adding old regions to collection set. Min 39 regions, max 103 regions, time remaining 192.40ms, optional threshold 38.48ms
[7.729s][debug][gc,ergo,cset  ] GC(210) Finish adding old regions to collection set (Maximum number of regions). Initial 103 regions, optional 0 regions
[7.729s][debug][gc,ergo,cset  ] GC(210) Finish choosing collection set old regions. Initial: 103, optional: 0, predicted old time: 0.00ms, predicted optional time: 0.00ms, time remaining: 189.92
[7.730s][debug][gc,ergo       ] GC(210) Running G1 Merge Heap Roots using 10 workers for 154 regions
[7.740s][debug][gc,ergo       ] GC(210) Running G1 Rebuild Free List Task using 10 workers for rebuilding free list of regions
[7.740s][debug][gc,ergo,heap  ] GC(210) Heap expansion: short term pause time ratio 48.55% long term pause time ratio 54.17% threshold 7.69% pause time ratio 7.69% fully expanded true resize by 0B
[7.740s][debug][gc,ergo,refine] GC(210) Concurrent refinement times: Logged Cards Scan time goal: 20.00ms Logged Cards Scan time: 0.02ms HCC time: 0.00ms
[7.740s][trace][gc,ergo,refine] GC(210) Updating Refinement Zones: logged cards scan time: 0.017ms, processed cards: 11, goal time: 19.999ms
[7.740s][debug][gc,ergo,refine] GC(210) Updated Refinement Zones: green: 2560, yellow: 7680, red: 12800
[7.740s][info ][gc,phases     ] GC(210)   Pre Evacuate Collection Set: 0.4ms
[7.740s][info ][gc,phases     ] GC(210)   Merge Heap Roots: 0.2ms
[7.740s][info ][gc,phases     ] GC(210)   Evacuate Collection Set: 9.4ms
[7.740s][info ][gc,phases     ] GC(210)   Post Evacuate Collection Set: 0.7ms
[7.740s][info ][gc,phases     ] GC(210)   Other: 0.3ms
[7.740s][info ][gc,heap       ] GC(210) Eden regions: 33->0(44)
[7.740s][info ][gc,heap       ] GC(210) Survivor regions: 18->7(7)
[7.740s][info ][gc,heap       ] GC(210) Old regions: 617->556
[7.740s][info ][gc,heap       ] GC(210) Archive regions: 0->0
[7.740s][info ][gc,heap       ] GC(210) Humongous regions: 0->0
[7.740s][info ][gc,metaspace  ] GC(210) Metaspace: 6341K(6464K)->6341K(6464K) NonClass: 5794K(5824K)->5794K(5824K) Class: 546K(640K)->546K(640K)
[7.740s][debug][gc,heap       ] GC(210) Heap after GC invocations=211 (full 0):
[7.740s][debug][gc,heap       ] GC(210)  garbage-first heap   total 1048576K, used 575888K [0x00000000c0000000, 0x0000000100000000)
[7.740s][debug][gc,heap       ] GC(210)   region size 1024K, 7 young (7168K), 7 survivors (7168K)
[7.740s][debug][gc,heap       ] GC(210)  Metaspace       used 6341K, committed 6464K, reserved 1114112K
[7.740s][debug][gc,heap       ] GC(210)   class space    used 546K, committed 640K, reserved 1048576K
[7.740s][info ][gc            ] GC(210) Pause Young (Mixed) (G1 Evacuation Pause) 667M->562M(1024M) 10.892ms
[7.740s][info ][gc,cpu        ] GC(210) User=0.09s Sys=0.00s Real=0.01s
[7.740s][info ][safepoint     ] Safepoint "G1CollectForAllocation", Time since last: 5486301 ns, Reaching safepoint: 11000 ns, Cleanup: 12600 ns, At safepoint: 11095403 ns, Total: 11119003 ns
[7.747s][debug][gc,heap       ] GC(211) Heap before GC invocations=211 (full 0):
[7.747s][debug][gc,heap       ] GC(211)  garbage-first heap   total 1048576K, used 619920K [0x00000000c0000000, 0x0000000100000000)
[7.747s][debug][gc,heap       ] GC(211)   region size 1024K, 51 young (52224K), 7 survivors (7168K)
[7.747s][debug][gc,heap       ] GC(211)  Metaspace       used 6341K, committed 6464K, reserved 1114112K
[7.747s][debug][gc,heap       ] GC(211)   class space    used 546K, committed 640K, reserved 1048576K
[7.747s][info ][gc,start      ] GC(211) Pause Young (Mixed) (G1 Evacuation Pause)
[7.747s][info ][gc,task       ] GC(211) Using 10 workers of 10 for evacuation
[7.747s][trace][gc,ergo,cset  ] GC(211) Start choosing CSet. Pending cards: 36 target pause time: 200.00ms
[7.747s][trace][gc,ergo,cset  ] GC(211) Added young regions to CSet. Eden: 44 regions, Survivors: 7 regions, predicted eden time: 7.66ms, predicted base time: 1.54ms, target pause time: 200.00ms, remaining time: 190.80ms
[7.747s][debug][gc,ergo,cset  ] GC(211) Start adding old regions to collection set. Min 39 regions, max 103 regions, time remaining 190.80ms, optional threshold 38.16ms
[7.747s][debug][gc,ergo,cset  ] GC(211) Finish adding old regions to collection set (Maximum number of regions). Initial 103 regions, optional 0 regions
[7.747s][debug][gc,ergo,cset  ] GC(211) Finish choosing collection set old regions. Initial: 103, optional: 0, predicted old time: 0.00ms, predicted optional time: 0.00ms, time remaining: 187.19
[7.747s][debug][gc,ergo       ] GC(211) Running G1 Merge Heap Roots using 10 workers for 154 regions
[7.757s][debug][gc,ergo       ] GC(211) Running G1 Rebuild Free List Task using 10 workers for rebuilding free list of regions
[7.758s][debug][gc,ergo,heap  ] GC(211) Heap expansion: short term pause time ratio 64.60% long term pause time ratio 54.70% threshold 7.69% pause time ratio 7.69% fully expanded true resize by 0B
[7.758s][debug][gc,ergo,refine] GC(211) Concurrent refinement times: Logged Cards Scan time goal: 20.00ms Logged Cards Scan time: 0.02ms HCC time: 0.00ms
[7.758s][trace][gc,ergo,refine] GC(211) Updating Refinement Zones: logged cards scan time: 0.016ms, processed cards: 11, goal time: 19.999ms
[7.758s][debug][gc,ergo,refine] GC(211) Updated Refinement Zones: green: 2560, yellow: 7680, red: 12800
[7.758s][info ][gc,phases     ] GC(211)   Pre Evacuate Collection Set: 0.3ms
[7.758s][info ][gc,phases     ] GC(211)   Merge Heap Roots: 0.2ms
[7.758s][info ][gc,phases     ] GC(211)   Evacuate Collection Set: 9.5ms
[7.758s][info ][gc,phases     ] GC(211)   Post Evacuate Collection Set: 1.0ms
[7.758s][info ][gc,phases     ] GC(211)   Other: 0.3ms
[7.758s][info ][gc,heap       ] GC(211) Eden regions: 44->0(44)
[7.758s][info ][gc,heap       ] GC(211) Survivor regions: 7->7(7)
[7.758s][info ][gc,heap       ] GC(211) Old regions: 556->496
[7.758s][info ][gc,heap       ] GC(211) Archive regions: 0->0
[7.758s][info ][gc,heap       ] GC(211) Humongous regions: 0->0
[7.758s][info ][gc,metaspace  ] GC(211) Metaspace: 6341K(6464K)->6341K(6464K) NonClass: 5794K(5824K)->5794K(5824K) Class: 546K(640K)->546K(640K)
[7.758s][debug][gc,heap       ] GC(211) Heap after GC invocations=212 (full 0):
[7.758s][debug][gc,heap       ] GC(211)  garbage-first heap   total 1048576K, used 515048K [0x00000000c0000000, 0x0000000100000000)
[7.758s][debug][gc,heap       ] GC(211)   region size 1024K, 7 young (7168K), 7 survivors (7168K)
[7.758s][debug][gc,heap       ] GC(211)  Metaspace       used 6341K, committed 6464K, reserved 1114112K
[7.758s][debug][gc,heap       ] GC(211)   class space    used 546K, committed 640K, reserved 1048576K
[7.758s][info ][gc            ] GC(211) Pause Young (Mixed) (G1 Evacuation Pause) 606M->502M(1024M) 11.184ms
[7.758s][info ][gc,cpu        ] GC(211) User=0.08s Sys=0.00s Real=0.01s
[7.758s][info ][safepoint     ] Safepoint "G1CollectForAllocation", Time since last: 6361401 ns, Reaching safepoint: 11300 ns, Cleanup: 11900 ns, At safepoint: 11351003 ns, Total: 11374203 ns
[7.764s][debug][gc,heap       ] GC(212) Heap before GC invocations=212 (full 0):
[7.764s][debug][gc,heap       ] GC(212)  garbage-first heap   total 1048576K, used 559080K [0x00000000c0000000, 0x0000000100000000)
[7.765s][debug][gc,heap       ] GC(212)   region size 1024K, 51 young (52224K), 7 survivors (7168K)
[7.765s][debug][gc,heap       ] GC(212)  Metaspace       used 6341K, committed 6464K, reserved 1114112K
[7.765s][debug][gc,heap       ] GC(212)   class space    used 546K, committed 640K, reserved 1048576K
[7.765s][info ][gc,start      ] GC(212) Pause Young (Mixed) (G1 Evacuation Pause)
[7.765s][info ][gc,task       ] GC(212) Using 10 workers of 10 for evacuation
[7.765s][trace][gc,ergo,cset  ] GC(212) Start choosing CSet. Pending cards: 59 target pause time: 200.00ms
[7.765s][trace][gc,ergo,cset  ] GC(212) Added young regions to CSet. Eden: 44 regions, Survivors: 7 regions, predicted eden time: 7.47ms, predicted base time: 1.64ms, target pause time: 200.00ms, remaining time: 190.89ms
[7.765s][debug][gc,ergo,cset  ] GC(212) Start adding old regions to collection set. Min 39 regions, max 103 regions, time remaining 190.89ms, optional threshold 38.18ms
[7.765s][debug][gc,ergo,cset  ] GC(212) Finish adding old regions to collection set (Maximum number of regions). Initial 103 regions, optional 0 regions
[7.765s][debug][gc,ergo,cset  ] GC(212) Finish choosing collection set old regions. Initial: 103, optional: 0, predicted old time: 0.00ms, predicted optional time: 0.00ms, time remaining: 184.10
[7.765s][debug][gc,ergo       ] GC(212) Running G1 Merge Heap Roots using 10 workers for 154 regions
[7.776s][debug][gc,ergo       ] GC(212) Running G1 Rebuild Free List Task using 10 workers for rebuilding free list of regions
[7.776s][debug][gc,ergo,heap  ] GC(212) Heap expansion: short term pause time ratio 62.04% long term pause time ratio 54.74% threshold 7.69% pause time ratio 7.69% fully expanded true resize by 0B
[7.776s][debug][gc,ergo,refine] GC(212) Concurrent refinement times: Logged Cards Scan time goal: 20.00ms Logged Cards Scan time: 0.09ms HCC time: 0.00ms
[7.776s][trace][gc,ergo,refine] GC(212) Updating Refinement Zones: logged cards scan time: 0.094ms, processed cards: 23, goal time: 19.998ms
[7.776s][debug][gc,ergo,refine] GC(212) Updated Refinement Zones: green: 2560, yellow: 7680, red: 12800
[7.776s][info ][gc,phases     ] GC(212)   Pre Evacuate Collection Set: 0.4ms
[7.776s][info ][gc,phases     ] GC(212)   Merge Heap Roots: 0.2ms
[7.776s][info ][gc,phases     ] GC(212)   Evacuate Collection Set: 10.3ms
[7.776s][info ][gc,phases     ] GC(212)   Post Evacuate Collection Set: 0.8ms
[7.776s][info ][gc,phases     ] GC(212)   Other: 0.2ms
[7.776s][info ][gc,heap       ] GC(212) Eden regions: 44->0(44)
[7.776s][info ][gc,heap       ] GC(212) Survivor regions: 7->7(7)
[7.776s][info ][gc,heap       ] GC(212) Old regions: 496->440
[7.776s][info ][gc,heap       ] GC(212) Archive regions: 0->0
[7.776s][info ][gc,heap       ] GC(212) Humongous regions: 0->0
[7.776s][info ][gc,metaspace  ] GC(212) Metaspace: 6341K(6464K)->6341K(6464K) NonClass: 5794K(5824K)->5794K(5824K) Class: 546K(640K)->546K(640K)
[7.776s][debug][gc,heap       ] GC(212) Heap after GC invocations=213 (full 0):
[7.776s][debug][gc,heap       ] GC(212)  garbage-first heap   total 1048576K, used 456804K [0x00000000c0000000, 0x0000000100000000)
[7.776s][debug][gc,heap       ] GC(212)   region size 1024K, 7 young (7168K), 7 survivors (7168K)
[7.776s][debug][gc,heap       ] GC(212)  Metaspace       used 6341K, committed 6464K, reserved 1114112K
[7.776s][debug][gc,heap       ] GC(212)   class space    used 546K, committed 640K, reserved 1048576K
[7.776s][info ][gc            ] GC(212) Pause Young (Mixed) (G1 Evacuation Pause) 546M->446M(1024M) 11.822ms
[7.776s][info ][gc,cpu        ] GC(212) User=0.10s Sys=0.00s Real=0.01s
[7.776s][info ][safepoint     ] Safepoint "G1CollectForAllocation", Time since last: 6474702 ns, Reaching safepoint: 8300 ns, Cleanup: 7700 ns, At safepoint: 11947803 ns, Total: 11963803 ns
[7.783s][debug][gc,heap       ] GC(213) Heap before GC invocations=213 (full 0):
[7.783s][debug][gc,heap       ] GC(213)  garbage-first heap   total 1048576K, used 500836K [0x00000000c0000000, 0x0000000100000000)
[7.784s][debug][gc,heap       ] GC(213)   region size 1024K, 51 young (52224K), 7 survivors (7168K)
[7.784s][debug][gc,heap       ] GC(213)  Metaspace       used 6341K, committed 6464K, reserved 1114112K
[7.784s][debug][gc,heap       ] GC(213)   class space    used 546K, committed 640K, reserved 1048576K
[7.784s][info ][gc,start      ] GC(213) Pause Young (Mixed) (G1 Evacuation Pause)
[7.784s][info ][gc,task       ] GC(213) Using 10 workers of 10 for evacuation
[7.784s][trace][gc,ergo,cset  ] GC(213) Start choosing CSet. Pending cards: 36 target pause time: 200.00ms
[7.784s][trace][gc,ergo,cset  ] GC(213) Added young regions to CSet. Eden: 44 regions, Survivors: 7 regions, predicted eden time: 7.46ms, predicted base time: 1.70ms, target pause time: 200.00ms, remaining time: 190.84ms
[7.784s][debug][gc,ergo,cset  ] GC(213) Start adding old regions to collection set. Min 39 regions, max 103 regions, time remaining 190.84ms, optional threshold 38.17ms
[7.784s][debug][gc,ergo,cset  ] GC(213) Old candidate collection set empty.
[7.784s][debug][gc,ergo,cset  ] GC(213) Finish choosing collection set old regions. Initial: 3, optional: 0, predicted old time: 0.00ms, predicted optional time: 0.00ms, time remaining: 190.60
[7.784s][debug][gc,ergo       ] GC(213) Running G1 Merge Heap Roots using 10 workers for 54 regions
[7.793s][debug][gc,ergo       ] GC(213) Running G1 Rebuild Free List Task using 10 workers for rebuilding free list of regions
[7.794s][debug][gc,ergo,heap  ] GC(213) Heap expansion: short term pause time ratio 63.13% long term pause time ratio 55.35% threshold 7.69% pause time ratio 7.69% fully expanded true resize by 0B
[7.794s][debug][gc,ergo       ] GC(213) do not continue mixed GCs (candidate old regions not available)
[7.794s][debug][gc,ergo,refine] GC(213) Concurrent refinement times: Logged Cards Scan time goal: 20.00ms Logged Cards Scan time: 0.04ms HCC time: 0.00ms
[7.794s][trace][gc,ergo,refine] GC(213) Updating Refinement Zones: logged cards scan time: 0.043ms, processed cards: 23, goal time: 19.999ms
[7.794s][debug][gc,ergo,refine] GC(213) Updated Refinement Zones: green: 2560, yellow: 7680, red: 12800
[7.794s][info ][gc,phases     ] GC(213)   Pre Evacuate Collection Set: 0.4ms
[7.794s][info ][gc,phases     ] GC(213)   Merge Heap Roots: 0.2ms
[7.794s][info ][gc,phases     ] GC(213)   Evacuate Collection Set: 8.7ms
[7.794s][info ][gc,phases     ] GC(213)   Post Evacuate Collection Set: 0.7ms
[7.794s][info ][gc,phases     ] GC(213)   Other: 0.3ms
[7.794s][info ][gc,heap       ] GC(213) Eden regions: 44->0(157)
[7.794s][info ][gc,heap       ] GC(213) Survivor regions: 7->7(7)
[7.794s][info ][gc,heap       ] GC(213) Old regions: 440->476
[7.794s][info ][gc,heap       ] GC(213) Archive regions: 0->0
[7.794s][info ][gc,heap       ] GC(213) Humongous regions: 0->0
[7.794s][info ][gc,metaspace  ] GC(213) Metaspace: 6341K(6464K)->6341K(6464K) NonClass: 5794K(5824K)->5794K(5824K) Class: 546K(640K)->546K(640K)
[7.794s][debug][gc,heap       ] GC(213) Heap after GC invocations=214 (full 0):
[7.794s][debug][gc,heap       ] GC(213)  garbage-first heap   total 1048576K, used 493868K [0x00000000c0000000, 0x0000000100000000)
[7.794s][debug][gc,heap       ] GC(213)   region size 1024K, 7 young (7168K), 7 survivors (7168K)
[7.794s][debug][gc,heap       ] GC(213)  Metaspace       used 6341K, committed 6464K, reserved 1114112K
[7.794s][debug][gc,heap       ] GC(213)   class space    used 546K, committed 640K, reserved 1048576K
[7.794s][info ][gc            ] GC(213) Pause Young (Mixed) (G1 Evacuation Pause) 490M->482M(1024M) 10.240ms
[7.794s][info ][gc,cpu        ] GC(213) User=0.08s Sys=0.00s Real=0.01s
[7.794s][info ][safepoint     ] Safepoint "G1CollectForAllocation", Time since last: 7010501 ns, Reaching safepoint: 9300 ns, Cleanup: 9600 ns, At safepoint: 10397503 ns, Total: 10416403 ns
[7.818s][debug][gc,heap       ] GC(214) Heap before GC invocations=214 (full 0):
[7.818s][debug][gc,heap       ] GC(214)  garbage-first heap   total 1048576K, used 653612K [0x00000000c0000000, 0x0000000100000000)
[7.818s][debug][gc,heap       ] GC(214)   region size 1024K, 164 young (167936K), 7 survivors (7168K)
[7.818s][debug][gc,heap       ] GC(214)  Metaspace       used 6341K, committed 6464K, reserved 1114112K
[7.818s][debug][gc,heap       ] GC(214)   class space    used 546K, committed 640K, reserved 1048576K
[7.818s][info ][gc,start      ] GC(214) Pause Young (Normal) (G1 Evacuation Pause)
[7.818s][info ][gc,task       ] GC(214) Using 10 workers of 10 for evacuation
[7.818s][trace][gc,ergo,cset  ] GC(214) Start choosing CSet. Pending cards: 26 target pause time: 200.00ms
[7.818s][trace][gc,ergo,cset  ] GC(214) Added young regions to CSet. Eden: 157 regions, Survivors: 7 regions, predicted eden time: 23.09ms, predicted base time: 1.35ms, target pause time: 200.00ms, remaining time: 175.56ms
[7.819s][debug][gc,ergo       ] GC(214) Running G1 Merge Heap Roots using 10 workers for 164 regions
[7.840s][debug][gc,ergo       ] GC(214) Running G1 Rebuild Free List Task using 10 workers for rebuilding free list of regions
[7.840s][debug][gc,ergo,heap  ] GC(214) Heap expansion: short term pause time ratio 57.68% long term pause time ratio 55.53% threshold 7.69% pause time ratio 7.69% fully expanded true resize by 0B
[7.840s][debug][gc,ergo,refine] GC(214) Concurrent refinement times: Logged Cards Scan time goal: 20.00ms Logged Cards Scan time: 0.05ms HCC time: 0.00ms
[7.840s][trace][gc,ergo,refine] GC(214) Updating Refinement Zones: logged cards scan time: 0.048ms, processed cards: 10, goal time: 19.999ms
[7.840s][debug][gc,ergo,refine] GC(214) Updated Refinement Zones: green: 2560, yellow: 7680, red: 12800
[7.840s][info ][gc,phases     ] GC(214)   Pre Evacuate Collection Set: 0.3ms
[7.840s][info ][gc,phases     ] GC(214)   Merge Heap Roots: 0.2ms
[7.840s][info ][gc,phases     ] GC(214)   Evacuate Collection Set: 20.7ms
[7.840s][info ][gc,phases     ] GC(214)   Post Evacuate Collection Set: 0.7ms
[7.840s][info ][gc,phases     ] GC(214)   Other: 0.2ms
[7.840s][info ][gc,heap       ] GC(214) Eden regions: 157->0(119)
[7.840s][info ][gc,heap       ] GC(214) Survivor regions: 7->21(21)
[7.840s][info ][gc,heap       ] GC(214) Old regions: 476->566
[7.840s][info ][gc,heap       ] GC(214) Archive regions: 0->0
[7.840s][info ][gc,heap       ] GC(214) Humongous regions: 0->0
[7.840s][info ][gc,metaspace  ] GC(214) Metaspace: 6341K(6464K)->6341K(6464K) NonClass: 5794K(5824K)->5794K(5824K) Class: 546K(640K)->546K(640K)
[7.840s][debug][gc,heap       ] GC(214) Heap after GC invocations=215 (full 0):
[7.840s][debug][gc,heap       ] GC(214)  garbage-first heap   total 1048576K, used 601064K [0x00000000c0000000, 0x0000000100000000)
[7.840s][debug][gc,heap       ] GC(214)   region size 1024K, 21 young (21504K), 21 survivors (21504K)
[7.840s][debug][gc,heap       ] GC(214)  Metaspace       used 6341K, committed 6464K, reserved 1114112K
[7.840s][debug][gc,heap       ] GC(214)   class space    used 546K, committed 640K, reserved 1048576K
[7.840s][info ][gc            ] GC(214) Pause Young (Normal) (G1 Evacuation Pause) 639M->586M(1024M) 22.099ms
[7.840s][info ][gc,cpu        ] GC(214) User=0.21s Sys=0.00s Real=0.02s
[7.840s][info ][safepoint     ] Safepoint "G1CollectForAllocation", Time since last: 24291606 ns, Reaching safepoint: 9300 ns, Cleanup: 9700 ns, At safepoint: 22262505 ns, Total: 22281505 ns
[7.859s][debug][gc,heap       ] GC(215) Heap before GC invocations=215 (full 0):
[7.859s][debug][gc,heap       ] GC(215)  garbage-first heap   total 1048576K, used 721896K [0x00000000c0000000, 0x0000000100000000)
[7.859s][debug][gc,heap       ] GC(215)   region size 1024K, 140 young (143360K), 21 survivors (21504K)
[7.859s][debug][gc,heap       ] GC(215)  Metaspace       used 6341K, committed 6464K, reserved 1114112K
[7.859s][debug][gc,heap       ] GC(215)   class space    used 546K, committed 640K, reserved 1048576K
[7.859s][info ][gc,start      ] GC(215) Pause Young (Normal) (G1 Evacuation Pause)
[7.859s][info ][gc,task       ] GC(215) Using 10 workers of 10 for evacuation
[7.859s][trace][gc,ergo,cset  ] GC(215) Start choosing CSet. Pending cards: 43 target pause time: 200.00ms
[7.859s][trace][gc,ergo,cset  ] GC(215) Added young regions to CSet. Eden: 119 regions, Survivors: 21 regions, predicted eden time: 17.86ms, predicted base time: 1.36ms, target pause time: 200.00ms, remaining time: 180.78ms
[7.860s][debug][gc,ergo       ] GC(215) Running G1 Merge Heap Roots using 10 workers for 140 regions
[7.881s][debug][gc,ergo       ] GC(215) Running G1 Rebuild Free List Task using 10 workers for rebuilding free list of regions
[7.881s][debug][gc,ergo,heap  ] GC(215) Heap expansion: short term pause time ratio 47.10% long term pause time ratio 53.78% threshold 7.69% pause time ratio 7.69% fully expanded true resize by 0B
[7.882s][debug][gc,ergo,refine] GC(215) Concurrent refinement times: Logged Cards Scan time goal: 20.00ms Logged Cards Scan time: 0.03ms HCC time: 0.00ms
[7.882s][trace][gc,ergo,refine] GC(215) Updating Refinement Zones: logged cards scan time: 0.029ms, processed cards: 27, goal time: 19.999ms
[7.882s][debug][gc,ergo,refine] GC(215) Updated Refinement Zones: green: 2560, yellow: 7680, red: 12800
[7.882s][info ][gc,phases     ] GC(215)   Pre Evacuate Collection Set: 0.3ms
[7.882s][info ][gc,phases     ] GC(215)   Merge Heap Roots: 0.2ms
[7.882s][info ][gc,phases     ] GC(215)   Evacuate Collection Set: 20.7ms
[7.882s][info ][gc,phases     ] GC(215)   Post Evacuate Collection Set: 0.9ms
[7.882s][info ][gc,phases     ] GC(215)   Other: 0.4ms
[7.882s][info ][gc,heap       ] GC(215) Eden regions: 119->0(87)
[7.882s][info ][gc,heap       ] GC(215) Survivor regions: 21->18(18)
[7.882s][info ][gc,heap       ] GC(215) Old regions: 566->651
[7.882s][info ][gc,heap       ] GC(215) Archive regions: 0->0
[7.882s][info ][gc,heap       ] GC(215) Humongous regions: 0->0
[7.882s][info ][gc,metaspace  ] GC(215) Metaspace: 6341K(6464K)->6341K(6464K) NonClass: 5794K(5824K)->5794K(5824K) Class: 546K(640K)->546K(640K)
[7.882s][debug][gc,heap       ] GC(215) Heap after GC invocations=216 (full 0):
[7.882s][debug][gc,heap       ] GC(215)  garbage-first heap   total 1048576K, used 684332K [0x00000000c0000000, 0x0000000100000000)
[7.882s][debug][gc,heap       ] GC(215)   region size 1024K, 18 young (18432K), 18 survivors (18432K)
[7.882s][debug][gc,heap       ] GC(215)  Metaspace       used 6341K, committed 6464K, reserved 1114112K
[7.882s][debug][gc,heap       ] GC(215)   class space    used 546K, committed 640K, reserved 1048576K
[7.882s][info ][gc            ] GC(215) Pause Young (Normal) (G1 Evacuation Pause) 705M->668M(1024M) 22.322ms
[7.882s][info ][gc,cpu        ] GC(215) User=0.20s Sys=0.00s Real=0.02s
[7.882s][info ][safepoint     ] Safepoint "G1CollectForAllocation", Time since last: 18700205 ns, Reaching safepoint: 10300 ns, Cleanup: 9400 ns, At safepoint: 22613305 ns, Total: 22633005 ns
[7.894s][debug][gc,heap       ] GC(216) Heap before GC invocations=216 (full 0):
[7.894s][debug][gc,heap       ] GC(216)  garbage-first heap   total 1048576K, used 772396K [0x00000000c0000000, 0x0000000100000000)
[7.894s][debug][gc,heap       ] GC(216)   region size 1024K, 105 young (107520K), 18 survivors (18432K)
[7.894s][debug][gc,heap       ] GC(216)  Metaspace       used 6341K, committed 6464K, reserved 1114112K
[7.894s][debug][gc,heap       ] GC(216)   class space    used 546K, committed 640K, reserved 1048576K
[7.894s][info ][gc,start      ] GC(216) Pause Young (Normal) (G1 Evacuation Pause)
[7.894s][info ][gc,task       ] GC(216) Using 10 workers of 10 for evacuation
[7.894s][trace][gc,ergo,cset  ] GC(216) Start choosing CSet. Pending cards: 34 target pause time: 200.00ms
[7.894s][trace][gc,ergo,cset  ] GC(216) Added young regions to CSet. Eden: 87 regions, Survivors: 18 regions, predicted eden time: 14.31ms, predicted base time: 1.27ms, target pause time: 200.00ms, remaining time: 184.42ms
[7.894s][debug][gc,ergo       ] GC(216) Running G1 Merge Heap Roots using 10 workers for 105 regions
[7.917s][debug][gc,ergo       ] GC(216) Running G1 Rebuild Free List Task using 10 workers for rebuilding free list of regions
[7.917s][debug][gc,ergo,heap  ] GC(216) Heap expansion: short term pause time ratio 53.63% long term pause time ratio 53.50% threshold 7.69% pause time ratio 7.69% fully expanded true resize by 0B
[7.917s][debug][gc,ergo,refine] GC(216) Concurrent refinement times: Logged Cards Scan time goal: 20.00ms Logged Cards Scan time: 0.03ms HCC time: 0.00ms
[7.917s][trace][gc,ergo,refine] GC(216) Updating Refinement Zones: logged cards scan time: 0.033ms, processed cards: 21, goal time: 19.999ms
[7.917s][debug][gc,ergo,refine] GC(216) Updated Refinement Zones: green: 2560, yellow: 7680, red: 12800
[7.917s][info ][gc,phases     ] GC(216)   Pre Evacuate Collection Set: 0.3ms
[7.917s][info ][gc,phases     ] GC(216)   Merge Heap Roots: 0.2ms
[7.917s][info ][gc,phases     ] GC(216)   Evacuate Collection Set: 21.9ms
[7.917s][info ][gc,phases     ] GC(216)   Post Evacuate Collection Set: 0.7ms
[7.917s][info ][gc,phases     ] GC(216)   Other: 0.2ms
[7.917s][info ][gc,heap       ] GC(216) Eden regions: 87->0(64)
[7.917s][info ][gc,heap       ] GC(216) Survivor regions: 18->14(14)
[7.917s][info ][gc,heap       ] GC(216) Old regions: 651->718
[7.917s][info ][gc,heap       ] GC(216) Archive regions: 0->0
[7.917s][info ][gc,heap       ] GC(216) Humongous regions: 0->0
[7.917s][info ][gc,metaspace  ] GC(216) Metaspace: 6341K(6464K)->6341K(6464K) NonClass: 5794K(5824K)->5794K(5824K) Class: 546K(640K)->546K(640K)
[7.917s][debug][gc,heap       ] GC(216) Heap after GC invocations=217 (full 0):
[7.917s][debug][gc,heap       ] GC(216)  garbage-first heap   total 1048576K, used 749044K [0x00000000c0000000, 0x0000000100000000)
[7.917s][debug][gc,heap       ] GC(216)   region size 1024K, 14 young (14336K), 14 survivors (14336K)
[7.917s][debug][gc,heap       ] GC(216)  Metaspace       used 6341K, committed 6464K, reserved 1114112K
[7.917s][debug][gc,heap       ] GC(216)   class space    used 546K, committed 640K, reserved 1048576K
[7.917s][info ][gc            ] GC(216) Pause Young (Normal) (G1 Evacuation Pause) 755M->731M(1024M) 23.179ms
[7.917s][info ][gc,cpu        ] GC(216) User=0.18s Sys=0.00s Real=0.02s
[7.917s][info ][safepoint     ] Safepoint "G1CollectForAllocation", Time since last: 11940003 ns, Reaching safepoint: 7300 ns, Cleanup: 8200 ns, At safepoint: 23312506 ns, Total: 23328006 ns
[7.925s][debug][gc,heap       ] GC(217) Heap before GC invocations=217 (full 0):
[7.925s][debug][gc,heap       ] GC(217)  garbage-first heap   total 1048576K, used 813556K [0x00000000c0000000, 0x0000000100000000)
[7.925s][debug][gc,heap       ] GC(217)   region size 1024K, 78 young (79872K), 14 survivors (14336K)
[7.925s][debug][gc,heap       ] GC(217)  Metaspace       used 6341K, committed 6464K, reserved 1114112K
[7.925s][debug][gc,heap       ] GC(217)   class space    used 546K, committed 640K, reserved 1048576K
[7.925s][info ][gc,start      ] GC(217) Pause Young (Normal) (G1 Evacuation Pause)
[7.925s][info ][gc,task       ] GC(217) Using 10 workers of 10 for evacuation
[7.925s][trace][gc,ergo,cset  ] GC(217) Start choosing CSet. Pending cards: 34 target pause time: 200.00ms
[7.925s][trace][gc,ergo,cset  ] GC(217) Added young regions to CSet. Eden: 64 regions, Survivors: 14 regions, predicted eden time: 11.35ms, predicted base time: 1.18ms, target pause time: 200.00ms, remaining time: 187.46ms
[7.925s][debug][gc,ergo       ] GC(217) Running G1 Merge Heap Roots using 10 workers for 78 regions
[7.939s][debug][gc,ergo       ] GC(217) Running G1 Rebuild Free List Task using 10 workers for rebuilding free list of regions
[7.939s][debug][gc,ergo,heap  ] GC(217) Heap expansion: short term pause time ratio 65.12% long term pause time ratio 56.37% threshold 7.69% pause time ratio 7.69% fully expanded true resize by 0B
[7.939s][debug][gc,ergo,refine] GC(217) Concurrent refinement times: Logged Cards Scan time goal: 20.00ms Logged Cards Scan time: 0.05ms HCC time: 0.00ms
[7.939s][trace][gc,ergo,refine] GC(217) Updating Refinement Zones: logged cards scan time: 0.048ms, processed cards: 21, goal time: 19.999ms
[7.939s][debug][gc,ergo,refine] GC(217) Updated Refinement Zones: green: 2560, yellow: 7680, red: 12800
[7.939s][info ][gc,phases     ] GC(217)   Pre Evacuate Collection Set: 0.3ms
[7.939s][info ][gc,phases     ] GC(217)   Merge Heap Roots: 0.2ms
[7.939s][info ][gc,phases     ] GC(217)   Evacuate Collection Set: 12.8ms
[7.939s][info ][gc,phases     ] GC(217)   Post Evacuate Collection Set: 1.0ms
[7.939s][info ][gc,phases     ] GC(217)   Other: 0.2ms
[7.939s][info ][gc,heap       ] GC(217) Eden regions: 64->0(46)
[7.939s][info ][gc,heap       ] GC(217) Survivor regions: 14->10(10)
[7.939s][info ][gc,heap       ] GC(217) Old regions: 718->771
[7.940s][info ][gc,heap       ] GC(217) Archive regions: 0->0
[7.940s][info ][gc,heap       ] GC(217) Humongous regions: 0->0
[7.940s][info ][gc,metaspace  ] GC(217) Metaspace: 6341K(6464K)->6341K(6464K) NonClass: 5794K(5824K)->5794K(5824K) Class: 546K(640K)->546K(640K)
[7.940s][debug][gc,heap       ] GC(217) Heap after GC invocations=218 (full 0):
[7.940s][debug][gc,heap       ] GC(217)  garbage-first heap   total 1048576K, used 799520K [0x00000000c0000000, 0x0000000100000000)
[7.940s][debug][gc,heap       ] GC(217)   region size 1024K, 10 young (10240K), 10 survivors (10240K)
[7.940s][debug][gc,heap       ] GC(217)  Metaspace       used 6341K, committed 6464K, reserved 1114112K
[7.940s][debug][gc,heap       ] GC(217)   class space    used 546K, committed 640K, reserved 1048576K
[7.940s][info ][gc            ] GC(217) Pause Young (Normal) (G1 Evacuation Pause) 795M->780M(1024M) 14.555ms
[7.940s][info ][gc,cpu        ] GC(217) User=0.13s Sys=0.00s Real=0.01s
[7.940s][info ][safepoint     ] Safepoint "G1CollectForAllocation", Time since last: 7912801 ns, Reaching safepoint: 8900 ns, Cleanup: 7200 ns, At safepoint: 14720204 ns, Total: 14736304 ns
[7.946s][debug][gc,heap       ] GC(218) Heap before GC invocations=218 (full 0):
[7.946s][debug][gc,heap       ] GC(218)  garbage-first heap   total 1048576K, used 845600K [0x00000000c0000000, 0x0000000100000000)
[7.946s][debug][gc,heap       ] GC(218)   region size 1024K, 56 young (57344K), 10 survivors (10240K)
[7.946s][debug][gc,heap       ] GC(218)  Metaspace       used 6341K, committed 6464K, reserved 1114112K
[7.946s][debug][gc,heap       ] GC(218)   class space    used 546K, committed 640K, reserved 1048576K
[7.946s][info ][gc,start      ] GC(218) Pause Young (Normal) (G1 Evacuation Pause)
[7.946s][info ][gc,task       ] GC(218) Using 10 workers of 10 for evacuation
[7.946s][trace][gc,ergo,cset  ] GC(218) Start choosing CSet. Pending cards: 32 target pause time: 200.00ms
[7.946s][trace][gc,ergo,cset  ] GC(218) Added young regions to CSet. Eden: 46 regions, Survivors: 10 regions, predicted eden time: 8.49ms, predicted base time: 1.20ms, target pause time: 200.00ms, remaining time: 190.31ms
[7.946s][debug][gc,ergo       ] GC(218) Running G1 Merge Heap Roots using 10 workers for 56 regions
[7.956s][debug][gc,ergo       ] GC(218) Running G1 Rebuild Free List Task using 10 workers for rebuilding free list of regions
[7.956s][debug][gc,ergo,heap  ] GC(218) Heap expansion: short term pause time ratio 63.64% long term pause time ratio 55.67% threshold 7.69% pause time ratio 7.69% fully expanded true resize by 0B
[7.957s][debug][gc,ergo,refine] GC(218) Concurrent refinement times: Logged Cards Scan time goal: 20.00ms Logged Cards Scan time: 0.03ms HCC time: 0.00ms
[7.957s][trace][gc,ergo,refine] GC(218) Updating Refinement Zones: logged cards scan time: 0.026ms, processed cards: 19, goal time: 19.999ms
[7.957s][debug][gc,ergo,refine] GC(218) Updated Refinement Zones: green: 2560, yellow: 7680, red: 12800
[7.957s][info ][gc,phases     ] GC(218)   Pre Evacuate Collection Set: 0.4ms
[7.957s][info ][gc,phases     ] GC(218)   Merge Heap Roots: 0.2ms
[7.957s][info ][gc,phases     ] GC(218)   Evacuate Collection Set: 9.2ms
[7.957s][info ][gc,phases     ] GC(218)   Post Evacuate Collection Set: 0.7ms
[7.957s][info ][gc,phases     ] GC(218)   Other: 0.3ms
[7.957s][info ][gc,heap       ] GC(218) Eden regions: 46->0(44)
[7.957s][info ][gc,heap       ] GC(218) Survivor regions: 10->7(7)
[7.957s][info ][gc,heap       ] GC(218) Old regions: 771->812
[7.957s][info ][gc,heap       ] GC(218) Archive regions: 0->0
[7.957s][info ][gc,heap       ] GC(218) Humongous regions: 0->0
[7.957s][info ][gc,metaspace  ] GC(218) Metaspace: 6341K(6464K)->6341K(6464K) NonClass: 5794K(5824K)->5794K(5824K) Class: 546K(640K)->546K(640K)
[7.957s][debug][gc,heap       ] GC(218) Heap after GC invocations=219 (full 0):
[7.957s][debug][gc,heap       ] GC(218)  garbage-first heap   total 1048576K, used 838632K [0x00000000c0000000, 0x0000000100000000)
[7.957s][debug][gc,heap       ] GC(218)   region size 1024K, 7 young (7168K), 7 survivors (7168K)
[7.957s][debug][gc,heap       ] GC(218)  Metaspace       used 6341K, committed 6464K, reserved 1114112K
[7.957s][debug][gc,heap       ] GC(218)   class space    used 546K, committed 640K, reserved 1048576K
[7.957s][info ][gc            ] GC(218) Pause Young (Normal) (G1 Evacuation Pause) 826M->818M(1024M) 10.692ms
[7.957s][info ][gc,cpu        ] GC(218) User=0.08s Sys=0.00s Real=0.01s
[7.957s][info ][safepoint     ] Safepoint "G1CollectForAllocation", Time since last: 6174701 ns, Reaching safepoint: 7900 ns, Cleanup: 7600 ns, At safepoint: 10850203 ns, Total: 10865703 ns
[7.963s][debug][gc,heap       ] GC(219) Heap before GC invocations=219 (full 0):
[7.963s][debug][gc,heap       ] GC(219)  garbage-first heap   total 1048576K, used 882664K [0x00000000c0000000, 0x0000000100000000)
[7.963s][debug][gc,heap       ] GC(219)   region size 1024K, 51 young (52224K), 7 survivors (7168K)
[7.963s][debug][gc,heap       ] GC(219)  Metaspace       used 6341K, committed 6464K, reserved 1114112K
[7.963s][debug][gc,heap       ] GC(219)   class space    used 546K, committed 640K, reserved 1048576K
[7.963s][info ][gc,start      ] GC(219) Pause Young (Normal) (G1 Evacuation Pause)
[7.963s][info ][gc,task       ] GC(219) Using 10 workers of 10 for evacuation
[7.963s][trace][gc,ergo,cset  ] GC(219) Start choosing CSet. Pending cards: 26 target pause time: 200.00ms
[7.963s][trace][gc,ergo,cset  ] GC(219) Added young regions to CSet. Eden: 44 regions, Survivors: 7 regions, predicted eden time: 7.95ms, predicted base time: 1.18ms, target pause time: 200.00ms, remaining time: 190.87ms
[7.963s][debug][gc,ergo       ] GC(219) Running G1 Merge Heap Roots using 10 workers for 51 regions
[7.973s][debug][gc,ergo       ] GC(219) Running G1 Rebuild Free List Task using 10 workers for rebuilding free list of regions
[7.973s][debug][gc,ergo,heap  ] GC(219) Heap expansion: short term pause time ratio 61.53% long term pause time ratio 56.63% threshold 7.69% pause time ratio 7.69% fully expanded true resize by 0B
[7.973s][debug][gc,ergo,ihop  ] GC(219) Request concurrent cycle initiation (occupancy higher than threshold) occupancy: 893386752B allocation request: 0B threshold: 859180711B (80.02) source: end of GC
[7.973s][debug][gc,ergo,refine] GC(219) Concurrent refinement times: Logged Cards Scan time goal: 20.00ms Logged Cards Scan time: 0.02ms HCC time: 0.00ms
[7.973s][trace][gc,ergo,refine] GC(219) Updating Refinement Zones: logged cards scan time: 0.018ms, processed cards: 14, goal time: 19.999ms
[7.973s][debug][gc,ergo,refine] GC(219) Updated Refinement Zones: green: 2560, yellow: 7680, red: 12800
[7.973s][info ][gc,phases     ] GC(219)   Pre Evacuate Collection Set: 0.4ms
[7.973s][info ][gc,phases     ] GC(219)   Merge Heap Roots: 0.3ms
[7.973s][info ][gc,phases     ] GC(219)   Evacuate Collection Set: 8.8ms
[7.973s][info ][gc,phases     ] GC(219)   Post Evacuate Collection Set: 0.6ms
[7.973s][info ][gc,phases     ] GC(219)   Other: 0.4ms
[7.973s][info ][gc,heap       ] GC(219) Eden regions: 44->0(44)
[7.973s][info ][gc,heap       ] GC(219) Survivor regions: 7->7(7)
[7.973s][info ][gc,heap       ] GC(219) Old regions: 812->852
[7.973s][info ][gc,heap       ] GC(219) Archive regions: 0->0
[7.973s][info ][gc,heap       ] GC(219) Humongous regions: 0->0
[7.973s][info ][gc,metaspace  ] GC(219) Metaspace: 6341K(6464K)->6341K(6464K) NonClass: 5794K(5824K)->5794K(5824K) Class: 546K(640K)->546K(640K)
[7.973s][debug][gc,heap       ] GC(219) Heap after GC invocations=220 (full 0):
[7.973s][debug][gc,heap       ] GC(219)  garbage-first heap   total 1048576K, used 878792K [0x00000000c0000000, 0x0000000100000000)
[7.973s][debug][gc,heap       ] GC(219)   region size 1024K, 7 young (7168K), 7 survivors (7168K)
[7.973s][debug][gc,heap       ] GC(219)  Metaspace       used 6341K, committed 6464K, reserved 1114112K
[7.973s][debug][gc,heap       ] GC(219)   class space    used 546K, committed 640K, reserved 1048576K
[7.973s][info ][gc            ] GC(219) Pause Young (Normal) (G1 Evacuation Pause) 862M->858M(1024M) 10.389ms
[7.973s][info ][gc,cpu        ] GC(219) User=0.08s Sys=0.00s Real=0.02s
[7.973s][info ][safepoint     ] Safepoint "G1CollectForAllocation", Time since last: 5947802 ns, Reaching safepoint: 17500 ns, Cleanup: 16600 ns, At safepoint: 10660202 ns, Total: 10694302 ns
[7.980s][debug][gc,heap       ] GC(220) Heap before GC invocations=220 (full 0):
[7.980s][debug][gc,heap       ] GC(220)  garbage-first heap   total 1048576K, used 922824K [0x00000000c0000000, 0x0000000100000000)
[7.980s][debug][gc,heap       ] GC(220)   region size 1024K, 51 young (52224K), 7 survivors (7168K)
[7.980s][debug][gc,heap       ] GC(220)  Metaspace       used 6341K, committed 6464K, reserved 1114112K
[7.980s][debug][gc,heap       ] GC(220)   class space    used 546K, committed 640K, reserved 1048576K
[7.980s][debug][gc,ergo       ] GC(220) Initiate concurrent cycle (concurrent cycle initiation requested)
[7.980s][info ][gc,start      ] GC(220) Pause Young (Concurrent Start) (G1 Evacuation Pause)
[7.980s][info ][gc,task       ] GC(220) Using 10 workers of 10 for evacuation
[7.981s][trace][gc,ergo,cset  ] GC(220) Start choosing CSet. Pending cards: 31 target pause time: 200.00ms
[7.981s][trace][gc,ergo,cset  ] GC(220) Added young regions to CSet. Eden: 44 regions, Survivors: 7 regions, predicted eden time: 7.88ms, predicted base time: 1.17ms, target pause time: 200.00ms, remaining time: 190.95ms
[7.981s][debug][gc,ergo       ] GC(220) Running G1 Merge Heap Roots using 10 workers for 51 regions
[7.991s][debug][gc,ergo       ] GC(220) Running G1 Rebuild Free List Task using 10 workers for rebuilding free list of regions
[7.991s][debug][gc,ergo,heap  ] GC(220) Heap expansion: short term pause time ratio 60.88% long term pause time ratio 58.28% threshold 7.69% pause time ratio 7.69% fully expanded true resize by 0B
[7.991s][debug][gc,ergo,refine] GC(220) Concurrent refinement times: Logged Cards Scan time goal: 20.00ms Logged Cards Scan time: 0.02ms HCC time: 0.00ms
[7.991s][trace][gc,ergo,refine] GC(220) Updating Refinement Zones: logged cards scan time: 0.020ms, processed cards: 14, goal time: 20.000ms
[7.991s][debug][gc,ergo,refine] GC(220) Updated Refinement Zones: green: 2560, yellow: 7680, red: 12800
[7.991s][info ][gc,phases     ] GC(220)   Pre Evacuate Collection Set: 0.3ms
[7.991s][info ][gc,phases     ] GC(220)   Merge Heap Roots: 0.2ms
[7.991s][info ][gc,phases     ] GC(220)   Evacuate Collection Set: 9.0ms
[7.991s][info ][gc,phases     ] GC(220)   Post Evacuate Collection Set: 0.7ms
[7.991s][info ][gc,phases     ] GC(220)   Other: 0.3ms
[7.991s][info ][gc,heap       ] GC(220) Eden regions: 44->0(44)
[7.991s][info ][gc,heap       ] GC(220) Survivor regions: 7->7(7)
[7.991s][info ][gc,heap       ] GC(220) Old regions: 852->890
[7.991s][info ][gc,heap       ] GC(220) Archive regions: 0->0
[7.991s][info ][gc,heap       ] GC(220) Humongous regions: 0->0
[7.991s][info ][gc,metaspace  ] GC(220) Metaspace: 6341K(6464K)->6341K(6464K) NonClass: 5794K(5824K)->5794K(5824K) Class: 546K(640K)->546K(640K)
[7.991s][debug][gc,heap       ] GC(220) Heap after GC invocations=221 (full 0):
[7.991s][debug][gc,heap       ] GC(220)  garbage-first heap   total 1048576K, used 917604K [0x00000000c0000000, 0x0000000100000000)
[7.991s][debug][gc,heap       ] GC(220)   region size 1024K, 7 young (7168K), 7 survivors (7168K)
[7.991s][debug][gc,heap       ] GC(220)  Metaspace       used 6341K, committed 6464K, reserved 1114112K
[7.991s][debug][gc,heap       ] GC(220)   class space    used 546K, committed 640K, reserved 1048576K
[7.991s][info ][gc            ] GC(220) Pause Young (Concurrent Start) (G1 Evacuation Pause) 902M->896M(1024M) 10.560ms
[7.991s][info ][gc,cpu        ] GC(220) User=0.09s Sys=0.00s Real=0.01s
[7.991s][info ][safepoint     ] Safepoint "G1CollectForAllocation", Time since last: 7015402 ns, Reaching safepoint: 8800 ns, Cleanup: 6800 ns, At safepoint: 10746402 ns, Total: 10762002 ns
[7.991s][info ][gc            ] GC(221) Concurrent Mark Cycle
[7.991s][info ][gc,marking    ] GC(221) Concurrent Clear Claimed Marks
[7.991s][info ][gc,marking    ] GC(221) Concurrent Clear Claimed Marks 0.017ms
[7.991s][info ][gc,marking    ] GC(221) Concurrent Scan Root Regions
[7.991s][debug][gc,ergo       ] GC(221) Running G1 Root Region Scan using 3 workers for 46 work units.
[7.991s][info ][gc,marking    ] GC(221) Concurrent Scan Root Regions 0.159ms
[7.991s][info ][gc,marking    ] GC(221) Concurrent Mark
[7.991s][info ][gc,marking    ] GC(221) Concurrent Mark From Roots
[7.991s][info ][gc,task       ] GC(221) Using 3 workers of 3 for marking
[7.997s][info ][gc,marking    ] GC(221) Concurrent Mark From Roots 5.564ms
[7.997s][info ][gc,marking    ] GC(221) Concurrent Preclean
[7.997s][info ][gc,marking    ] GC(221) Concurrent Preclean 0.061ms
[7.997s][info ][gc,start      ] GC(221) Pause Remark
[7.999s][debug][gc,ergo       ] GC(221) Running G1 Update RemSet Tracking Before Rebuild using 3 workers for 1024 regions in heap
[7.999s][info ][gc            ] GC(221) Pause Remark 932M->544M(1024M) 2.281ms
[8.000s][info ][gc,cpu        ] GC(221) User=0.01s Sys=0.00s Real=0.00s
[8.000s][info ][safepoint     ] Safepoint "G1PauseRemark", Time since last: 6083402 ns, Reaching safepoint: 9600 ns, Cleanup: 9600 ns, At safepoint: 2347500 ns, Total: 2366700 ns
[8.000s][info ][gc,marking    ] GC(221) Concurrent Mark 8.296ms
[8.000s][info ][gc,marking    ] GC(221) Concurrent Rebuild Remembered Sets
[8.001s][debug][gc,heap       ] GC(222) Heap before GC invocations=221 (full 0):
[8.001s][debug][gc,heap       ] GC(222)  garbage-first heap   total 1048576K, used 564324K [0x00000000c0000000, 0x0000000100000000)
[8.001s][debug][gc,heap       ] GC(222)   region size 1024K, 51 young (52224K), 7 survivors (7168K)
[8.001s][debug][gc,heap       ] GC(222)  Metaspace       used 6341K, committed 6464K, reserved 1114112K
[8.001s][debug][gc,heap       ] GC(222)   class space    used 546K, committed 640K, reserved 1048576K
[8.001s][info ][gc,start      ] GC(222) Pause Young (Normal) (G1 Evacuation Pause)
[8.001s][info ][gc,task       ] GC(222) Using 10 workers of 10 for evacuation
[8.001s][trace][gc,ergo,cset  ] GC(222) Start choosing CSet. Pending cards: 39 target pause time: 200.00ms
[8.001s][trace][gc,ergo,cset  ] GC(222) Added young regions to CSet. Eden: 44 regions, Survivors: 7 regions, predicted eden time: 7.23ms, predicted base time: 1.15ms, target pause time: 200.00ms, remaining time: 191.62ms
[8.001s][debug][gc,ergo       ] GC(222) Running G1 Merge Heap Roots using 10 workers for 51 regions
[8.012s][debug][gc,ergo       ] GC(222) Running G1 Rebuild Free List Task using 10 workers for rebuilding free list of regions
[8.013s][debug][gc,ergo,heap  ] GC(222) Heap expansion: short term pause time ratio 26.06% long term pause time ratio 56.43% threshold 7.69% pause time ratio 7.69% fully expanded true resize by 0B
[8.013s][debug][gc,ergo,refine] GC(222) Concurrent refinement times: Logged Cards Scan time goal: 20.00ms Logged Cards Scan time: 0.03ms HCC time: 0.00ms
[8.013s][trace][gc,ergo,refine] GC(222) Updating Refinement Zones: logged cards scan time: 0.030ms, processed cards: 27, goal time: 19.999ms
[8.013s][debug][gc,ergo,refine] GC(222) Updated Refinement Zones: green: 2560, yellow: 7680, red: 12800
[8.013s][info ][gc,phases     ] GC(222)   Pre Evacuate Collection Set: 0.3ms
[8.013s][info ][gc,phases     ] GC(222)   Merge Heap Roots: 0.2ms
[8.013s][info ][gc,phases     ] GC(222)   Evacuate Collection Set: 10.5ms
[8.013s][info ][gc,phases     ] GC(222)   Post Evacuate Collection Set: 0.7ms
[8.013s][info ][gc,phases     ] GC(222)   Other: 0.3ms
[8.013s][info ][gc,heap       ] GC(222) Eden regions: 44->0(126)
[8.013s][info ][gc,heap       ] GC(222) Survivor regions: 7->7(7)
[8.013s][info ][gc,heap       ] GC(222) Old regions: 502->538
[8.013s][info ][gc,heap       ] GC(222) Archive regions: 0->0
[8.013s][info ][gc,heap       ] GC(222) Humongous regions: 0->0
[8.013s][info ][gc,metaspace  ] GC(222) Metaspace: 6341K(6464K)->6341K(6464K) NonClass: 5794K(5824K)->5794K(5824K) Class: 546K(640K)->546K(640K)
[8.013s][debug][gc,heap       ] GC(222) Heap after GC invocations=222 (full 0):
[8.013s][debug][gc,heap       ] GC(222)  garbage-first heap   total 1048576K, used 557656K [0x00000000c0000000, 0x0000000100000000)
[8.013s][debug][gc,heap       ] GC(222)   region size 1024K, 7 young (7168K), 7 survivors (7168K)
[8.013s][debug][gc,heap       ] GC(222)  Metaspace       used 6341K, committed 6464K, reserved 1114112K
[8.013s][debug][gc,heap       ] GC(222)   class space    used 546K, committed 640K, reserved 1048576K
[8.013s][info ][gc            ] GC(222) Pause Young (Normal) (G1 Evacuation Pause) 552M->544M(1024M) 11.915ms
[8.013s][info ][gc,cpu        ] GC(222) User=0.09s Sys=0.00s Real=0.01s
[8.013s][info ][safepoint     ] Safepoint "G1CollectForAllocation", Time since last: 984401 ns, Reaching safepoint: 194700 ns, Cleanup: 7200 ns, At safepoint: 12162903 ns, Total: 12364803 ns
[8.016s][info ][gc,marking    ] GC(221) Concurrent Rebuild Remembered Sets 15.840ms
[8.016s][info ][gc,start      ] GC(221) Pause Cleanup
[8.016s][debug][gc,ergo,cset  ] GC(221) Pruned 125 regions out of 443, leaving 53503624 bytes waste (allowed 53687091)
[8.016s][info ][gc            ] GC(221) Pause Cleanup 563M->563M(1024M) 0.584ms
[8.016s][info ][gc,cpu        ] GC(221) User=0.00s Sys=0.00s Real=0.00s
[8.016s][info ][safepoint     ] Safepoint "G1PauseCleanup", Time since last: 2781200 ns, Reaching safepoint: 8400 ns, Cleanup: 8700 ns, At safepoint: 619701 ns, Total: 636801 ns
[8.016s][info ][gc,marking    ] GC(221) Concurrent Cleanup for Next Mark
[8.016s][debug][gc,ergo       ] GC(221) Running G1 Clear Bitmap with 3 workers for 16 work units.
[8.022s][info ][gc,marking    ] GC(221) Concurrent Cleanup for Next Mark 5.556ms
[8.022s][info ][gc            ] GC(221) Concurrent Mark Cycle 31.250ms
[8.048s][debug][gc,heap       ] GC(223) Heap before GC invocations=223 (full 0):
[8.048s][debug][gc,heap       ] GC(223)  garbage-first heap   total 1048576K, used 685656K [0x00000000c0000000, 0x0000000100000000)
[8.048s][debug][gc,heap       ] GC(223)   region size 1024K, 133 young (136192K), 7 survivors (7168K)
[8.048s][debug][gc,heap       ] GC(223)  Metaspace       used 6341K, committed 6464K, reserved 1114112K
[8.048s][debug][gc,heap       ] GC(223)   class space    used 546K, committed 640K, reserved 1048576K
[8.048s][info ][gc,start      ] GC(223) Pause Young (Prepare Mixed) (G1 Evacuation Pause)
[8.048s][info ][gc,task       ] GC(223) Using 10 workers of 10 for evacuation
[8.048s][trace][gc,ergo,cset  ] GC(223) Start choosing CSet. Pending cards: 38 target pause time: 200.00ms
[8.048s][trace][gc,ergo,cset  ] GC(223) Added young regions to CSet. Eden: 126 regions, Survivors: 7 regions, predicted eden time: 21.71ms, predicted base time: 1.28ms, target pause time: 200.00ms, remaining time: 177.01ms
[8.049s][debug][gc,ergo       ] GC(223) Running G1 Merge Heap Roots using 10 workers for 133 regions
[8.069s][debug][gc,ergo       ] GC(223) Running G1 Rebuild Free List Task using 10 workers for rebuilding free list of regions
[8.070s][debug][gc,ergo,heap  ] GC(223) Heap expansion: short term pause time ratio 15.16% long term pause time ratio 57.04% threshold 7.69% pause time ratio 7.69% fully expanded true resize by 0B
[8.070s][debug][gc,ergo,refine] GC(223) Concurrent refinement times: Logged Cards Scan time goal: 20.00ms Logged Cards Scan time: 0.65ms HCC time: 0.00ms
[8.070s][trace][gc,ergo,refine] GC(223) Updating Refinement Zones: logged cards scan time: 0.654ms, processed cards: 19, goal time: 19.999ms
[8.070s][debug][gc,ergo,refine] GC(223) Updated Refinement Zones: green: 2560, yellow: 7680, red: 12800
[8.070s][info ][gc,phases     ] GC(223)   Pre Evacuate Collection Set: 0.2ms
[8.070s][info ][gc,phases     ] GC(223)   Merge Heap Roots: 0.2ms
[8.070s][info ][gc,phases     ] GC(223)   Evacuate Collection Set: 19.8ms
[8.070s][info ][gc,phases     ] GC(223)   Post Evacuate Collection Set: 0.9ms
[8.070s][info ][gc,phases     ] GC(223)   Other: 0.2ms
[8.070s][info ][gc,heap       ] GC(223) Eden regions: 126->0(34)
[8.070s][info ][gc,heap       ] GC(223) Survivor regions: 7->17(17)
[8.070s][info ][gc,heap       ] GC(223) Old regions: 538->617
[8.070s][info ][gc,heap       ] GC(223) Archive regions: 0->0
[8.070s][info ][gc,heap       ] GC(223) Humongous regions: 0->0
[8.070s][info ][gc,metaspace  ] GC(223) Metaspace: 6341K(6464K)->6341K(6464K) NonClass: 5794K(5824K)->5794K(5824K) Class: 546K(640K)->546K(640K)
[8.070s][debug][gc,heap       ] GC(223) Heap after GC invocations=224 (full 0):
[8.070s][debug][gc,heap       ] GC(223)  garbage-first heap   total 1048576K, used 648692K [0x00000000c0000000, 0x0000000100000000)
[8.070s][debug][gc,heap       ] GC(223)   region size 1024K, 17 young (17408K), 17 survivors (17408K)
[8.070s][debug][gc,heap       ] GC(223)  Metaspace       used 6341K, committed 6464K, reserved 1114112K
[8.070s][debug][gc,heap       ] GC(223)   class space    used 546K, committed 640K, reserved 1048576K
[8.070s][info ][gc            ] GC(223) Pause Young (Prepare Mixed) (G1 Evacuation Pause) 670M->633M(1024M) 21.328ms
[8.070s][info ][gc,cpu        ] GC(223) User=0.20s Sys=0.00s Real=0.02s
[8.070s][info ][safepoint     ] Safepoint "G1CollectForAllocation", Time since last: 31986107 ns, Reaching safepoint: 8900 ns, Cleanup: 8600 ns, At safepoint: 21486705 ns, Total: 21504205 ns
[8.080s][debug][gc,heap       ] GC(224) Heap before GC invocations=224 (full 0):
[8.080s][debug][gc,heap       ] GC(224)  garbage-first heap   total 1048576K, used 682484K [0x00000000c0000000, 0x0000000100000000)
[8.080s][debug][gc,heap       ] GC(224)   region size 1024K, 51 young (52224K), 17 survivors (17408K)
[8.080s][debug][gc,heap       ] GC(224)  Metaspace       used 6341K, committed 6464K, reserved 1114112K
[8.080s][debug][gc,heap       ] GC(224)   class space    used 546K, committed 640K, reserved 1048576K
[8.080s][info ][gc,start      ] GC(224) Pause Young (Mixed) (G1 Evacuation Pause)
[8.080s][info ][gc,task       ] GC(224) Using 10 workers of 10 for evacuation
[8.080s][trace][gc,ergo,cset  ] GC(224) Start choosing CSet. Pending cards: 34 target pause time: 200.00ms
[8.080s][trace][gc,ergo,cset  ] GC(224) Added young regions to CSet. Eden: 34 regions, Survivors: 17 regions, predicted eden time: 6.32ms, predicted base time: 1.63ms, target pause time: 200.00ms, remaining time: 192.06ms
[8.080s][debug][gc,ergo,cset  ] GC(224) Start adding old regions to collection set. Min 40 regions, max 103 regions, time remaining 192.06ms, optional threshold 38.41ms
[8.080s][debug][gc,ergo,cset  ] GC(224) Finish adding old regions to collection set (Maximum number of regions). Initial 103 regions, optional 0 regions
[8.080s][debug][gc,ergo,cset  ] GC(224) Finish choosing collection set old regions. Initial: 103, optional: 0, predicted old time: 0.00ms, predicted optional time: 0.00ms, time remaining: 189.53
[8.080s][debug][gc,ergo       ] GC(224) Running G1 Merge Heap Roots using 10 workers for 154 regions
[8.091s][debug][gc,ergo       ] GC(224) Running G1 Rebuild Free List Task using 10 workers for rebuilding free list of regions
[8.091s][debug][gc,ergo,heap  ] GC(224) Heap expansion: short term pause time ratio 39.67% long term pause time ratio 55.02% threshold 7.69% pause time ratio 7.69% fully expanded true resize by 0B
[8.091s][debug][gc,ergo,refine] GC(224) Concurrent refinement times: Logged Cards Scan time goal: 20.00ms Logged Cards Scan time: 0.02ms HCC time: 0.00ms
[8.091s][trace][gc,ergo,refine] GC(224) Updating Refinement Zones: logged cards scan time: 0.019ms, processed cards: 15, goal time: 19.999ms
[8.091s][debug][gc,ergo,refine] GC(224) Updated Refinement Zones: green: 2560, yellow: 7680, red: 12800
[8.091s][info ][gc,phases     ] GC(224)   Pre Evacuate Collection Set: 0.4ms
[8.091s][info ][gc,phases     ] GC(224)   Merge Heap Roots: 0.2ms
[8.091s][info ][gc,phases     ] GC(224)   Evacuate Collection Set: 9.7ms
[8.091s][info ][gc,phases     ] GC(224)   Post Evacuate Collection Set: 1.0ms
[8.091s][info ][gc,phases     ] GC(224)   Other: 0.4ms
[8.091s][info ][gc,heap       ] GC(224) Eden regions: 34->0(44)
[8.091s][info ][gc,heap       ] GC(224) Survivor regions: 17->7(7)
[8.091s][info ][gc,heap       ] GC(224) Old regions: 617->556
[8.091s][info ][gc,heap       ] GC(224) Archive regions: 0->0
[8.091s][info ][gc,heap       ] GC(224) Humongous regions: 0->0
[8.091s][info ][gc,metaspace  ] GC(224) Metaspace: 6341K(6464K)->6341K(6464K) NonClass: 5794K(5824K)->5794K(5824K) Class: 546K(640K)->546K(640K)
[8.091s][debug][gc,heap       ] GC(224) Heap after GC invocations=225 (full 0):
[8.091s][debug][gc,heap       ] GC(224)  garbage-first heap   total 1048576K, used 576088K [0x00000000c0000000, 0x0000000100000000)
[8.091s][debug][gc,heap       ] GC(224)   region size 1024K, 7 young (7168K), 7 survivors (7168K)
[8.091s][debug][gc,heap       ] GC(224)  Metaspace       used 6341K, committed 6464K, reserved 1114112K
[8.091s][debug][gc,heap       ] GC(224)   class space    used 546K, committed 640K, reserved 1048576K
[8.091s][info ][gc            ] GC(224) Pause Young (Mixed) (G1 Evacuation Pause) 667M->562M(1024M) 11.581ms
[8.091s][info ][gc,cpu        ] GC(224) User=0.09s Sys=0.00s Real=0.01s
[8.091s][info ][safepoint     ] Safepoint "G1CollectForAllocation", Time since last: 9660803 ns, Reaching safepoint: 11500 ns, Cleanup: 10200 ns, At safepoint: 11863603 ns, Total: 11885303 ns
[8.099s][debug][gc,heap       ] GC(225) Heap before GC invocations=225 (full 0):
[8.099s][debug][gc,heap       ] GC(225)  garbage-first heap   total 1048576K, used 620120K [0x00000000c0000000, 0x0000000100000000)
[8.099s][debug][gc,heap       ] GC(225)   region size 1024K, 51 young (52224K), 7 survivors (7168K)
[8.099s][debug][gc,heap       ] GC(225)  Metaspace       used 6341K, committed 6464K, reserved 1114112K
[8.099s][debug][gc,heap       ] GC(225)   class space    used 546K, committed 640K, reserved 1048576K
[8.099s][info ][gc,start      ] GC(225) Pause Young (Mixed) (G1 Evacuation Pause)
[8.099s][info ][gc,task       ] GC(225) Using 10 workers of 10 for evacuation
[8.099s][trace][gc,ergo,cset  ] GC(225) Start choosing CSet. Pending cards: 37 target pause time: 200.00ms
[8.099s][trace][gc,ergo,cset  ] GC(225) Added young regions to CSet. Eden: 44 regions, Survivors: 7 regions, predicted eden time: 7.91ms, predicted base time: 1.67ms, target pause time: 200.00ms, remaining time: 190.41ms
[8.099s][debug][gc,ergo,cset  ] GC(225) Start adding old regions to collection set. Min 40 regions, max 103 regions, time remaining 190.41ms, optional threshold 38.08ms
[8.099s][debug][gc,ergo,cset  ] GC(225) Finish adding old regions to collection set (Maximum number of regions). Initial 103 regions, optional 0 regions
[8.099s][debug][gc,ergo,cset  ] GC(225) Finish choosing collection set old regions. Initial: 103, optional: 0, predicted old time: 0.00ms, predicted optional time: 0.00ms, time remaining: 186.91
[8.099s][debug][gc,ergo       ] GC(225) Running G1 Merge Heap Roots using 10 workers for 154 regions
[8.109s][debug][gc,ergo       ] GC(225) Running G1 Rebuild Free List Task using 10 workers for rebuilding free list of regions
[8.109s][debug][gc,ergo,heap  ] GC(225) Heap expansion: short term pause time ratio 52.82% long term pause time ratio 55.07% threshold 7.69% pause time ratio 7.69% fully expanded true resize by 0B
[8.109s][debug][gc,ergo,refine] GC(225) Concurrent refinement times: Logged Cards Scan time goal: 20.00ms Logged Cards Scan time: 0.01ms HCC time: 0.00ms
[8.109s][trace][gc,ergo,refine] GC(225) Updating Refinement Zones: logged cards scan time: 0.011ms, processed cards: 15, goal time: 19.999ms
[8.109s][debug][gc,ergo,refine] GC(225) Updated Refinement Zones: green: 2560, yellow: 7680, red: 12800
[8.109s][info ][gc,phases     ] GC(225)   Pre Evacuate Collection Set: 0.4ms
[8.109s][info ][gc,phases     ] GC(225)   Merge Heap Roots: 0.2ms
[8.109s][info ][gc,phases     ] GC(225)   Evacuate Collection Set: 9.1ms
[8.109s][info ][gc,phases     ] GC(225)   Post Evacuate Collection Set: 1.0ms
[8.109s][info ][gc,phases     ] GC(225)   Other: 0.3ms
[8.109s][info ][gc,heap       ] GC(225) Eden regions: 44->0(44)
[8.110s][info ][gc,heap       ] GC(225) Survivor regions: 7->7(7)
[8.110s][info ][gc,heap       ] GC(225) Old regions: 556->495
[8.110s][info ][gc,heap       ] GC(225) Archive regions: 0->0
[8.110s][info ][gc,heap       ] GC(225) Humongous regions: 0->0
[8.110s][info ][gc,metaspace  ] GC(225) Metaspace: 6341K(6464K)->6341K(6464K) NonClass: 5794K(5824K)->5794K(5824K) Class: 546K(640K)->546K(640K)
[8.110s][debug][gc,heap       ] GC(225) Heap after GC invocations=226 (full 0):
[8.110s][debug][gc,heap       ] GC(225)  garbage-first heap   total 1048576K, used 513924K [0x00000000c0000000, 0x0000000100000000)
[8.110s][debug][gc,heap       ] GC(225)   region size 1024K, 7 young (7168K), 7 survivors (7168K)
[8.110s][debug][gc,heap       ] GC(225)  Metaspace       used 6341K, committed 6464K, reserved 1114112K
[8.110s][debug][gc,heap       ] GC(225)   class space    used 546K, committed 640K, reserved 1048576K
[8.110s][info ][gc            ] GC(225) Pause Young (Mixed) (G1 Evacuation Pause) 606M->501M(1024M) 10.853ms
[8.110s][info ][gc,cpu        ] GC(225) User=0.08s Sys=0.00s Real=0.01s
[8.110s][info ][safepoint     ] Safepoint "G1CollectForAllocation", Time since last: 7182401 ns, Reaching safepoint: 12800 ns, Cleanup: 12500 ns, At safepoint: 11031003 ns, Total: 11056303 ns
[8.121s][debug][gc,heap       ] GC(226) Heap before GC invocations=226 (full 0):
[8.121s][debug][gc,heap       ] GC(226)  garbage-first heap   total 1048576K, used 557956K [0x00000000c0000000, 0x0000000100000000)
[8.121s][debug][gc,heap       ] GC(226)   region size 1024K, 51 young (52224K), 7 survivors (7168K)
[8.121s][debug][gc,heap       ] GC(226)  Metaspace       used 6341K, committed 6464K, reserved 1114112K
[8.121s][debug][gc,heap       ] GC(226)   class space    used 546K, committed 640K, reserved 1048576K
[8.121s][info ][gc,start      ] GC(226) Pause Young (Mixed) (G1 Evacuation Pause)
[8.121s][info ][gc,task       ] GC(226) Using 10 workers of 10 for evacuation
[8.122s][trace][gc,ergo,cset  ] GC(226) Start choosing CSet. Pending cards: 83 target pause time: 200.00ms
[8.122s][trace][gc,ergo,cset  ] GC(226) Added young regions to CSet. Eden: 44 regions, Survivors: 7 regions, predicted eden time: 7.73ms, predicted base time: 1.70ms, target pause time: 200.00ms, remaining time: 190.57ms
[8.122s][debug][gc,ergo,cset  ] GC(226) Start adding old regions to collection set. Min 40 regions, max 103 regions, time remaining 190.57ms, optional threshold 38.11ms
[8.122s][debug][gc,ergo,cset  ] GC(226) Finish adding old regions to collection set (Maximum number of regions). Initial 103 regions, optional 0 regions
[8.122s][debug][gc,ergo,cset  ] GC(226) Finish choosing collection set old regions. Initial: 103, optional: 0, predicted old time: 0.00ms, predicted optional time: 0.00ms, time remaining: 184.04
[8.122s][debug][gc,ergo       ] GC(226) Running G1 Merge Heap Roots using 10 workers for 154 regions
[8.133s][debug][gc,ergo       ] GC(226) Running G1 Rebuild Free List Task using 10 workers for rebuilding free list of regions
[8.133s][debug][gc,ergo,heap  ] GC(226) Heap expansion: short term pause time ratio 58.61% long term pause time ratio 53.56% threshold 7.69% pause time ratio 7.69% fully expanded true resize by 0B
[8.133s][debug][gc,ergo,refine] GC(226) Concurrent refinement times: Logged Cards Scan time goal: 20.00ms Logged Cards Scan time: 0.07ms HCC time: 0.00ms
[8.133s][trace][gc,ergo,refine] GC(226) Updating Refinement Zones: logged cards scan time: 0.066ms, processed cards: 58, goal time: 19.999ms
[8.133s][debug][gc,ergo,refine] GC(226) Updated Refinement Zones: green: 2560, yellow: 7680, red: 12800
[8.133s][info ][gc,phases     ] GC(226)   Pre Evacuate Collection Set: 0.4ms
[8.133s][info ][gc,phases     ] GC(226)   Merge Heap Roots: 0.2ms
[8.133s][info ][gc,phases     ] GC(226)   Evacuate Collection Set: 10.1ms
[8.133s][info ][gc,phases     ] GC(226)   Post Evacuate Collection Set: 0.8ms
[8.133s][info ][gc,phases     ] GC(226)   Other: 0.3ms
[8.133s][info ][gc,heap       ] GC(226) Eden regions: 44->0(44)
[8.133s][info ][gc,heap       ] GC(226) Survivor regions: 7->7(7)
[8.133s][info ][gc,heap       ] GC(226) Old regions: 495->439
[8.133s][info ][gc,heap       ] GC(226) Archive regions: 0->0
[8.133s][info ][gc,heap       ] GC(226) Humongous regions: 0->0
[8.133s][info ][gc,metaspace  ] GC(226) Metaspace: 6341K(6464K)->6341K(6464K) NonClass: 5794K(5824K)->5794K(5824K) Class: 546K(640K)->546K(640K)
[8.133s][debug][gc,heap       ] GC(226) Heap after GC invocations=227 (full 0):
[8.133s][debug][gc,heap       ] GC(226)  garbage-first heap   total 1048576K, used 455980K [0x00000000c0000000, 0x0000000100000000)
[8.133s][debug][gc,heap       ] GC(226)   region size 1024K, 7 young (7168K), 7 survivors (7168K)
[8.133s][debug][gc,heap       ] GC(226)  Metaspace       used 6341K, committed 6464K, reserved 1114112K
[8.133s][debug][gc,heap       ] GC(226)   class space    used 546K, committed 640K, reserved 1048576K
[8.133s][info ][gc            ] GC(226) Pause Young (Mixed) (G1 Evacuation Pause) 545M->445M(1024M) 11.820ms
[8.133s][info ][gc,cpu        ] GC(226) User=0.09s Sys=0.00s Real=0.02s
[8.133s][info ][safepoint     ] Safepoint "G1CollectForAllocation", Time since last: 11729003 ns, Reaching safepoint: 9500 ns, Cleanup: 10900 ns, At safepoint: 12009903 ns, Total: 12030303 ns
[8.142s][debug][gc,heap       ] GC(227) Heap before GC invocations=227 (full 0):
[8.142s][debug][gc,heap       ] GC(227)  garbage-first heap   total 1048576K, used 500012K [0x00000000c0000000, 0x0000000100000000)
[8.142s][debug][gc,heap       ] GC(227)   region size 1024K, 51 young (52224K), 7 survivors (7168K)
[8.142s][debug][gc,heap       ] GC(227)  Metaspace       used 6341K, committed 6464K, reserved 1114112K
[8.142s][debug][gc,heap       ] GC(227)   class space    used 546K, committed 640K, reserved 1048576K
[8.142s][info ][gc,start      ] GC(227) Pause Young (Mixed) (G1 Evacuation Pause)
[8.142s][info ][gc,task       ] GC(227) Using 10 workers of 10 for evacuation
[8.143s][trace][gc,ergo,cset  ] GC(227) Start choosing CSet. Pending cards: 77 target pause time: 200.00ms
[8.143s][trace][gc,ergo,cset  ] GC(227) Added young regions to CSet. Eden: 44 regions, Survivors: 7 regions, predicted eden time: 7.52ms, predicted base time: 1.59ms, target pause time: 200.00ms, remaining time: 190.89ms
[8.143s][debug][gc,ergo,cset  ] GC(227) Start adding old regions to collection set. Min 40 regions, max 103 regions, time remaining 190.89ms, optional threshold 38.18ms
[8.143s][debug][gc,ergo,cset  ] GC(227) Old candidate collection set empty.
[8.143s][debug][gc,ergo,cset  ] GC(227) Finish choosing collection set old regions. Initial: 9, optional: 0, predicted old time: 0.00ms, predicted optional time: 0.00ms, time remaining: 190.14
[8.143s][debug][gc,ergo       ] GC(227) Running G1 Merge Heap Roots using 10 workers for 60 regions
[8.157s][debug][gc,ergo       ] GC(227) Running G1 Rebuild Free List Task using 10 workers for rebuilding free list of regions
[8.158s][debug][gc,ergo,heap  ] GC(227) Heap expansion: short term pause time ratio 48.98% long term pause time ratio 51.82% threshold 7.69% pause time ratio 7.69% fully expanded true resize by 0B
[8.158s][debug][gc,ergo       ] GC(227) do not continue mixed GCs (candidate old regions not available)
[8.158s][debug][gc,ergo,refine] GC(227) Concurrent refinement times: Logged Cards Scan time goal: 20.00ms Logged Cards Scan time: 0.02ms HCC time: 0.00ms
[8.158s][trace][gc,ergo,refine] GC(227) Updating Refinement Zones: logged cards scan time: 0.023ms, processed cards: 60, goal time: 19.999ms
[8.158s][debug][gc,ergo,refine] GC(227) Updated Refinement Zones: green: 2560, yellow: 7680, red: 12800
[8.158s][info ][gc,phases     ] GC(227)   Pre Evacuate Collection Set: 0.3ms
[8.158s][info ][gc,phases     ] GC(227)   Merge Heap Roots: 0.2ms
[8.158s][info ][gc,phases     ] GC(227)   Evacuate Collection Set: 13.7ms
[8.158s][info ][gc,phases     ] GC(227)   Post Evacuate Collection Set: 0.9ms
[8.158s][info ][gc,phases     ] GC(227)   Other: 0.4ms
[8.158s][info ][gc,heap       ] GC(227) Eden regions: 44->0(154)
[8.158s][info ][gc,heap       ] GC(227) Survivor regions: 7->7(7)
[8.158s][info ][gc,heap       ] GC(227) Old regions: 439->469
[8.158s][info ][gc,heap       ] GC(227) Archive regions: 0->0
[8.158s][info ][gc,heap       ] GC(227) Humongous regions: 0->0
[8.158s][info ][gc,metaspace  ] GC(227) Metaspace: 6341K(6464K)->6341K(6464K) NonClass: 5794K(5824K)->5794K(5824K) Class: 546K(640K)->546K(640K)
[8.158s][debug][gc,heap       ] GC(227) Heap after GC invocations=228 (full 0):
[8.158s][debug][gc,heap       ] GC(227)  garbage-first heap   total 1048576K, used 486600K [0x00000000c0000000, 0x0000000100000000)
[8.158s][debug][gc,heap       ] GC(227)   region size 1024K, 7 young (7168K), 7 survivors (7168K)
[8.158s][debug][gc,heap       ] GC(227)  Metaspace       used 6341K, committed 6464K, reserved 1114112K
[8.158s][debug][gc,heap       ] GC(227)   class space    used 546K, committed 640K, reserved 1048576K
[8.158s][info ][gc            ] GC(227) Pause Young (Mixed) (G1 Evacuation Pause) 489M->475M(1024M) 15.403ms
[8.158s][info ][gc,cpu        ] GC(227) User=0.09s Sys=0.00s Real=0.02s
[8.158s][info ][safepoint     ] Safepoint "G1CollectForAllocation", Time since last: 8859602 ns, Reaching safepoint: 14900 ns, Cleanup: 11900 ns, At safepoint: 15659904 ns, Total: 15686704 ns
[8.202s][debug][gc,heap       ] GC(228) Heap before GC invocations=228 (full 0):
[8.202s][debug][gc,heap       ] GC(228)  garbage-first heap   total 1048576K, used 643272K [0x00000000c0000000, 0x0000000100000000)
[8.202s][debug][gc,heap       ] GC(228)   region size 1024K, 161 young (164864K), 7 survivors (7168K)
[8.202s][debug][gc,heap       ] GC(228)  Metaspace       used 6341K, committed 6464K, reserved 1114112K
[8.202s][debug][gc,heap       ] GC(228)   class space    used 546K, committed 640K, reserved 1048576K
[8.203s][info ][gc,start      ] GC(228) Pause Young (Normal) (G1 Evacuation Pause)
[8.203s][info ][gc,task       ] GC(228) Using 10 workers of 10 for evacuation
[8.203s][trace][gc,ergo,cset  ] GC(228) Start choosing CSet. Pending cards: 35 target pause time: 200.00ms
[8.203s][trace][gc,ergo,cset  ] GC(228) Added young regions to CSet. Eden: 154 regions, Survivors: 7 regions, predicted eden time: 23.60ms, predicted base time: 1.77ms, target pause time: 200.00ms, remaining time: 174.63ms
[8.203s][debug][gc,ergo       ] GC(228) Running G1 Merge Heap Roots using 10 workers for 161 regions
[8.225s][debug][gc,ergo       ] GC(228) Running G1 Rebuild Free List Task using 10 workers for rebuilding free list of regions
[8.226s][debug][gc,ergo,heap  ] GC(228) Heap expansion: short term pause time ratio 61.79% long term pause time ratio 52.22% threshold 7.69% pause time ratio 7.69% fully expanded true resize by 0B
[8.226s][debug][gc,ergo,refine] GC(228) Concurrent refinement times: Logged Cards Scan time goal: 20.00ms Logged Cards Scan time: 0.12ms HCC time: 0.00ms
[8.226s][trace][gc,ergo,refine] GC(228) Updating Refinement Zones: logged cards scan time: 0.119ms, processed cards: 14, goal time: 19.999ms
[8.226s][debug][gc,ergo,refine] GC(228) Updated Refinement Zones: green: 2560, yellow: 7680, red: 12800
[8.226s][info ][gc,phases     ] GC(228)   Pre Evacuate Collection Set: 0.3ms
[8.226s][info ][gc,phases     ] GC(228)   Merge Heap Roots: 0.2ms
[8.226s][info ][gc,phases     ] GC(228)   Evacuate Collection Set: 21.6ms
[8.226s][info ][gc,phases     ] GC(228)   Post Evacuate Collection Set: 0.9ms
[8.226s][info ][gc,phases     ] GC(228)   Other: 0.3ms
[8.226s][info ][gc,heap       ] GC(228) Eden regions: 154->0(117)
[8.226s][info ][gc,heap       ] GC(228) Survivor regions: 7->21(21)
[8.226s][info ][gc,heap       ] GC(228) Old regions: 469->561
[8.226s][info ][gc,heap       ] GC(228) Archive regions: 0->0
[8.226s][info ][gc,heap       ] GC(228) Humongous regions: 0->0
[8.226s][info ][gc,metaspace  ] GC(228) Metaspace: 6341K(6464K)->6341K(6464K) NonClass: 5794K(5824K)->5794K(5824K) Class: 546K(640K)->546K(640K)
[8.226s][debug][gc,heap       ] GC(228) Heap after GC invocations=229 (full 0):
[8.226s][debug][gc,heap       ] GC(228)  garbage-first heap   total 1048576K, used 595344K [0x00000000c0000000, 0x0000000100000000)
[8.226s][debug][gc,heap       ] GC(228)   region size 1024K, 21 young (21504K), 21 survivors (21504K)
[8.226s][debug][gc,heap       ] GC(228)  Metaspace       used 6341K, committed 6464K, reserved 1114112K
[8.226s][debug][gc,heap       ] GC(228)   class space    used 546K, committed 640K, reserved 1048576K
[8.226s][info ][gc            ] GC(228) Pause Young (Normal) (G1 Evacuation Pause) 629M->581M(1024M) 23.247ms
[8.226s][info ][gc,cpu        ] GC(228) User=0.20s Sys=0.01s Real=0.03s
[8.226s][info ][safepoint     ] Safepoint "G1CollectForAllocation", Time since last: 44470607 ns, Reaching safepoint: 9200 ns, Cleanup: 9400 ns, At safepoint: 23407201 ns, Total: 23425801 ns
[8.252s][debug][gc,heap       ] GC(229) Heap before GC invocations=229 (full 0):
[8.252s][debug][gc,heap       ] GC(229)  garbage-first heap   total 1048576K, used 714128K [0x00000000c0000000, 0x0000000100000000)
[8.252s][debug][gc,heap       ] GC(229)   region size 1024K, 138 young (141312K), 21 survivors (21504K)
[8.252s][debug][gc,heap       ] GC(229)  Metaspace       used 6341K, committed 6464K, reserved 1114112K
[8.252s][debug][gc,heap       ] GC(229)   class space    used 546K, committed 640K, reserved 1048576K
[8.252s][info ][gc,start      ] GC(229) Pause Young (Normal) (G1 Evacuation Pause)
[8.252s][info ][gc,task       ] GC(229) Using 10 workers of 10 for evacuation
[8.252s][trace][gc,ergo,cset  ] GC(229) Start choosing CSet. Pending cards: 35 target pause time: 200.00ms
[8.252s][trace][gc,ergo,cset  ] GC(229) Added young regions to CSet. Eden: 117 regions, Survivors: 21 regions, predicted eden time: 18.38ms, predicted base time: 1.64ms, target pause time: 200.00ms, remaining time: 179.98ms
[8.252s][debug][gc,ergo       ] GC(229) Running G1 Merge Heap Roots using 10 workers for 138 regions
[8.274s][debug][gc,ergo       ] GC(229) Running G1 Rebuild Free List Task using 10 workers for rebuilding free list of regions
[8.274s][debug][gc,ergo,heap  ] GC(229) Heap expansion: short term pause time ratio 33.92% long term pause time ratio 46.73% threshold 7.69% pause time ratio 7.69% fully expanded true resize by 0B
[8.274s][debug][gc,ergo,refine] GC(229) Concurrent refinement times: Logged Cards Scan time goal: 20.00ms Logged Cards Scan time: 0.05ms HCC time: 0.00ms
[8.274s][trace][gc,ergo,refine] GC(229) Updating Refinement Zones: logged cards scan time: 0.054ms, processed cards: 18, goal time: 19.999ms
[8.274s][debug][gc,ergo,refine] GC(229) Updated Refinement Zones: green: 2560, yellow: 7680, red: 12800
[8.274s][info ][gc,phases     ] GC(229)   Pre Evacuate Collection Set: 0.3ms
[8.274s][info ][gc,phases     ] GC(229)   Merge Heap Roots: 0.2ms
[8.274s][info ][gc,phases     ] GC(229)   Evacuate Collection Set: 21.3ms
[8.274s][info ][gc,phases     ] GC(229)   Post Evacuate Collection Set: 0.7ms
[8.274s][info ][gc,phases     ] GC(229)   Other: 0.3ms
[8.274s][info ][gc,heap       ] GC(229) Eden regions: 117->0(88)
[8.274s][info ][gc,heap       ] GC(229) Survivor regions: 21->18(18)
[8.274s][info ][gc,heap       ] GC(229) Old regions: 561->645
[8.274s][info ][gc,heap       ] GC(229) Archive regions: 0->0
[8.274s][info ][gc,heap       ] GC(229) Humongous regions: 0->0
[8.275s][info ][gc,metaspace  ] GC(229) Metaspace: 6341K(6464K)->6341K(6464K) NonClass: 5794K(5824K)->5794K(5824K) Class: 546K(640K)->546K(640K)
[8.275s][debug][gc,heap       ] GC(229) Heap after GC invocations=230 (full 0):
[8.275s][debug][gc,heap       ] GC(229)  garbage-first heap   total 1048576K, used 678288K [0x00000000c0000000, 0x0000000100000000)
[8.275s][debug][gc,heap       ] GC(229)   region size 1024K, 18 young (18432K), 18 survivors (18432K)
[8.275s][debug][gc,heap       ] GC(229)  Metaspace       used 6341K, committed 6464K, reserved 1114112K
[8.275s][debug][gc,heap       ] GC(229)   class space    used 546K, committed 640K, reserved 1048576K
[8.275s][info ][gc            ] GC(229) Pause Young (Normal) (G1 Evacuation Pause) 698M->662M(1024M) 22.760ms
[8.275s][info ][gc,cpu        ] GC(229) User=0.21s Sys=0.00s Real=0.03s
[8.275s][info ][safepoint     ] Safepoint "G1CollectForAllocation", Time since last: 25848501 ns, Reaching safepoint: 10700 ns, Cleanup: 12700 ns, At safepoint: 22930301 ns, Total: 22953701 ns
[8.292s][debug][gc,heap       ] GC(230) Heap before GC invocations=230 (full 0):
[8.292s][debug][gc,heap       ] GC(230)  garbage-first heap   total 1048576K, used 767376K [0x00000000c0000000, 0x0000000100000000)
[8.292s][debug][gc,heap       ] GC(230)   region size 1024K, 106 young (108544K), 18 survivors (18432K)
[8.292s][debug][gc,heap       ] GC(230)  Metaspace       used 6341K, committed 6464K, reserved 1114112K
[8.292s][debug][gc,heap       ] GC(230)   class space    used 546K, committed 640K, reserved 1048576K
[8.292s][info ][gc,start      ] GC(230) Pause Young (Normal) (G1 Evacuation Pause)
[8.292s][info ][gc,task       ] GC(230) Using 10 workers of 10 for evacuation
[8.292s][trace][gc,ergo,cset  ] GC(230) Start choosing CSet. Pending cards: 39 target pause time: 200.00ms
[8.292s][trace][gc,ergo,cset  ] GC(230) Added young regions to CSet. Eden: 88 regions, Survivors: 18 regions, predicted eden time: 14.93ms, predicted base time: 1.45ms, target pause time: 200.00ms, remaining time: 183.62ms
[8.293s][debug][gc,ergo       ] GC(230) Running G1 Merge Heap Roots using 10 workers for 106 regions
[8.310s][debug][gc,ergo       ] GC(230) Running G1 Rebuild Free List Task using 10 workers for rebuilding free list of regions
[8.310s][debug][gc,ergo,heap  ] GC(230) Heap expansion: short term pause time ratio 46.21% long term pause time ratio 45.90% threshold 7.69% pause time ratio 7.69% fully expanded true resize by 0B
[8.310s][debug][gc,ergo,refine] GC(230) Concurrent refinement times: Logged Cards Scan time goal: 20.00ms Logged Cards Scan time: 0.04ms HCC time: 0.00ms
[8.310s][trace][gc,ergo,refine] GC(230) Updating Refinement Zones: logged cards scan time: 0.036ms, processed cards: 18, goal time: 19.999ms
[8.310s][debug][gc,ergo,refine] GC(230) Updated Refinement Zones: green: 2560, yellow: 7680, red: 12800
[8.310s][info ][gc,phases     ] GC(230)   Pre Evacuate Collection Set: 0.4ms
[8.310s][info ][gc,phases     ] GC(230)   Merge Heap Roots: 0.2ms
[8.310s][info ][gc,phases     ] GC(230)   Evacuate Collection Set: 16.7ms
[8.310s][info ][gc,phases     ] GC(230)   Post Evacuate Collection Set: 0.8ms
[8.310s][info ][gc,phases     ] GC(230)   Other: 0.3ms
[8.310s][info ][gc,heap       ] GC(230) Eden regions: 88->0(65)
[8.310s][info ][gc,heap       ] GC(230) Survivor regions: 18->14(14)
[8.310s][info ][gc,heap       ] GC(230) Old regions: 645->712
[8.310s][info ][gc,heap       ] GC(230) Archive regions: 0->0
[8.310s][info ][gc,heap       ] GC(230) Humongous regions: 0->0
[8.310s][info ][gc,metaspace  ] GC(230) Metaspace: 6341K(6464K)->6341K(6464K) NonClass: 5794K(5824K)->5794K(5824K) Class: 546K(640K)->546K(640K)
[8.310s][debug][gc,heap       ] GC(230) Heap after GC invocations=231 (full 0):
[8.310s][debug][gc,heap       ] GC(230)  garbage-first heap   total 1048576K, used 743000K [0x00000000c0000000, 0x0000000100000000)
[8.310s][debug][gc,heap       ] GC(230)   region size 1024K, 14 young (14336K), 14 survivors (14336K)
[8.310s][debug][gc,heap       ] GC(230)  Metaspace       used 6341K, committed 6464K, reserved 1114112K
[8.310s][debug][gc,heap       ] GC(230)   class space    used 546K, committed 640K, reserved 1048576K
[8.311s][info ][gc            ] GC(230) Pause Young (Normal) (G1 Evacuation Pause) 750M->725M(1024M) 18.418ms
[8.311s][info ][gc,cpu        ] GC(230) User=0.15s Sys=0.00s Real=0.02s
[8.311s][info ][safepoint     ] Safepoint "G1CollectForAllocation", Time since last: 17311501 ns, Reaching safepoint: 13100 ns, Cleanup: 11000 ns, At safepoint: 18654600 ns, Total: 18678700 ns
[8.324s][debug][gc,heap       ] GC(231) Heap before GC invocations=231 (full 0):
[8.324s][debug][gc,heap       ] GC(231)  garbage-first heap   total 1048576K, used 808536K [0x00000000c0000000, 0x0000000100000000)
[8.324s][debug][gc,heap       ] GC(231)   region size 1024K, 79 young (80896K), 14 survivors (14336K)
[8.324s][debug][gc,heap       ] GC(231)  Metaspace       used 6341K, committed 6464K, reserved 1114112K
[8.324s][debug][gc,heap       ] GC(231)   class space    used 546K, committed 640K, reserved 1048576K
[8.324s][info ][gc,start      ] GC(231) Pause Young (Normal) (G1 Evacuation Pause)
[8.324s][info ][gc,task       ] GC(231) Using 10 workers of 10 for evacuation
[8.324s][trace][gc,ergo,cset  ] GC(231) Start choosing CSet. Pending cards: 37 target pause time: 200.00ms
[8.324s][trace][gc,ergo,cset  ] GC(231) Added young regions to CSet. Eden: 65 regions, Survivors: 14 regions, predicted eden time: 11.57ms, predicted base time: 1.36ms, target pause time: 200.00ms, remaining time: 187.07ms
[8.324s][debug][gc,ergo       ] GC(231) Running G1 Merge Heap Roots using 10 workers for 79 regions
[8.338s][debug][gc,ergo       ] GC(231) Running G1 Rebuild Free List Task using 10 workers for rebuilding free list of regions
[8.339s][debug][gc,ergo,heap  ] GC(231) Heap expansion: short term pause time ratio 50.62% long term pause time ratio 47.00% threshold 7.69% pause time ratio 7.69% fully expanded true resize by 0B
[8.339s][debug][gc,ergo,refine] GC(231) Concurrent refinement times: Logged Cards Scan time goal: 20.00ms Logged Cards Scan time: 0.02ms HCC time: 0.00ms
[8.339s][trace][gc,ergo,refine] GC(231) Updating Refinement Zones: logged cards scan time: 0.022ms, processed cards: 20, goal time: 19.999ms
[8.339s][debug][gc,ergo,refine] GC(231) Updated Refinement Zones: green: 2560, yellow: 7680, red: 12800
[8.339s][info ][gc,phases     ] GC(231)   Pre Evacuate Collection Set: 0.3ms
[8.339s][info ][gc,phases     ] GC(231)   Merge Heap Roots: 0.2ms
[8.339s][info ][gc,phases     ] GC(231)   Evacuate Collection Set: 13.2ms
[8.339s][info ][gc,phases     ] GC(231)   Post Evacuate Collection Set: 0.8ms
[8.339s][info ][gc,phases     ] GC(231)   Other: 0.3ms
[8.339s][info ][gc,heap       ] GC(231) Eden regions: 65->0(47)
[8.339s][info ][gc,heap       ] GC(231) Survivor regions: 14->10(10)
[8.339s][info ][gc,heap       ] GC(231) Old regions: 712->767
[8.339s][info ][gc,heap       ] GC(231) Archive regions: 0->0
[8.339s][info ][gc,heap       ] GC(231) Humongous regions: 0->0
[8.339s][info ][gc,metaspace  ] GC(231) Metaspace: 6341K(6464K)->6341K(6464K) NonClass: 5794K(5824K)->5794K(5824K) Class: 546K(640K)->546K(640K)
[8.339s][debug][gc,heap       ] GC(231) Heap after GC invocations=232 (full 0):
[8.339s][debug][gc,heap       ] GC(231)  garbage-first heap   total 1048576K, used 795524K [0x00000000c0000000, 0x0000000100000000)
[8.339s][debug][gc,heap       ] GC(231)   region size 1024K, 10 young (10240K), 10 survivors (10240K)
[8.339s][debug][gc,heap       ] GC(231)  Metaspace       used 6341K, committed 6464K, reserved 1114112K
[8.339s][debug][gc,heap       ] GC(231)   class space    used 546K, committed 640K, reserved 1048576K
[8.339s][info ][gc            ] GC(231) Pause Young (Normal) (G1 Evacuation Pause) 790M->776M(1024M) 14.689ms
[8.339s][info ][gc,cpu        ] GC(231) User=0.13s Sys=0.00s Real=0.01s
[8.339s][info ][safepoint     ] Safepoint "G1CollectForAllocation", Time since last: 13263301 ns, Reaching safepoint: 14000 ns, Cleanup: 10700 ns, At safepoint: 14894100 ns, Total: 14918800 ns
[8.347s][debug][gc,heap       ] GC(232) Heap before GC invocations=232 (full 0):
[8.347s][debug][gc,heap       ] GC(232)  garbage-first heap   total 1048576K, used 842628K [0x00000000c0000000, 0x0000000100000000)
[8.347s][debug][gc,heap       ] GC(232)   region size 1024K, 57 young (58368K), 10 survivors (10240K)
[8.347s][debug][gc,heap       ] GC(232)  Metaspace       used 6341K, committed 6464K, reserved 1114112K
[8.347s][debug][gc,heap       ] GC(232)   class space    used 546K, committed 640K, reserved 1048576K
[8.347s][info ][gc,start      ] GC(232) Pause Young (Normal) (G1 Evacuation Pause)
[8.347s][info ][gc,task       ] GC(232) Using 10 workers of 10 for evacuation
[8.347s][trace][gc,ergo,cset  ] GC(232) Start choosing CSet. Pending cards: 31 target pause time: 200.00ms
[8.347s][trace][gc,ergo,cset  ] GC(232) Added young regions to CSet. Eden: 47 regions, Survivors: 10 regions, predicted eden time: 8.61ms, predicted base time: 1.26ms, target pause time: 200.00ms, remaining time: 190.13ms
[8.348s][debug][gc,ergo       ] GC(232) Running G1 Merge Heap Roots using 10 workers for 57 regions
[8.358s][debug][gc,ergo       ] GC(232) Running G1 Rebuild Free List Task using 10 workers for rebuilding free list of regions
[8.358s][debug][gc,ergo,heap  ] GC(232) Heap expansion: short term pause time ratio 51.32% long term pause time ratio 45.67% threshold 7.69% pause time ratio 7.69% fully expanded true resize by 0B
[8.359s][debug][gc,ergo,refine] GC(232) Concurrent refinement times: Logged Cards Scan time goal: 20.00ms Logged Cards Scan time: 0.02ms HCC time: 0.00ms
[8.359s][trace][gc,ergo,refine] GC(232) Updating Refinement Zones: logged cards scan time: 0.022ms, processed cards: 22, goal time: 19.996ms
[8.359s][debug][gc,ergo,refine] GC(232) Updated Refinement Zones: green: 2560, yellow: 7680, red: 12800
[8.359s][info ][gc,phases     ] GC(232)   Pre Evacuate Collection Set: 0.3ms
[8.359s][info ][gc,phases     ] GC(232)   Merge Heap Roots: 0.3ms
[8.359s][info ][gc,phases     ] GC(232)   Evacuate Collection Set: 9.6ms
[8.359s][info ][gc,phases     ] GC(232)   Post Evacuate Collection Set: 0.9ms
[8.359s][info ][gc,phases     ] GC(232)   Other: 0.4ms
[8.359s][info ][gc,heap       ] GC(232) Eden regions: 47->0(43)
[8.359s][info ][gc,heap       ] GC(232) Survivor regions: 10->8(8)
[8.359s][info ][gc,heap       ] GC(232) Old regions: 767->809
[8.359s][info ][gc,heap       ] GC(232) Archive regions: 0->0
[8.359s][info ][gc,heap       ] GC(232) Humongous regions: 0->0
[8.359s][info ][gc,metaspace  ] GC(232) Metaspace: 6341K(6464K)->6341K(6464K) NonClass: 5794K(5824K)->5794K(5824K) Class: 546K(640K)->546K(640K)
[8.359s][debug][gc,heap       ] GC(232) Heap after GC invocations=233 (full 0):
[8.359s][debug][gc,heap       ] GC(232)  garbage-first heap   total 1048576K, used 836184K [0x00000000c0000000, 0x0000000100000000)
[8.359s][debug][gc,heap       ] GC(232)   region size 1024K, 8 young (8192K), 8 survivors (8192K)
[8.359s][debug][gc,heap       ] GC(232)  Metaspace       used 6341K, committed 6464K, reserved 1114112K
[8.359s][debug][gc,heap       ] GC(232)   class space    used 546K, committed 640K, reserved 1048576K
[8.359s][info ][gc            ] GC(232) Pause Young (Normal) (G1 Evacuation Pause) 823M->816M(1024M) 11.314ms
[8.359s][info ][gc,cpu        ] GC(232) User=0.07s Sys=0.00s Real=0.01s
[8.359s][info ][safepoint     ] Safepoint "G1CollectForAllocation", Time since last: 8315401 ns, Reaching safepoint: 11000 ns, Cleanup: 8900 ns, At safepoint: 11586900 ns, Total: 11606800 ns
[8.366s][debug][gc,heap       ] GC(233) Heap before GC invocations=233 (full 0):
[8.366s][debug][gc,heap       ] GC(233)  garbage-first heap   total 1048576K, used 879192K [0x00000000c0000000, 0x0000000100000000)
[8.366s][debug][gc,heap       ] GC(233)   region size 1024K, 51 young (52224K), 8 survivors (8192K)
[8.366s][debug][gc,heap       ] GC(233)  Metaspace       used 6341K, committed 6464K, reserved 1114112K
[8.366s][debug][gc,heap       ] GC(233)   class space    used 546K, committed 640K, reserved 1048576K
[8.366s][info ][gc,start      ] GC(233) Pause Young (Normal) (G1 Evacuation Pause)
[8.366s][info ][gc,task       ] GC(233) Using 10 workers of 10 for evacuation
[8.366s][trace][gc,ergo,cset  ] GC(233) Start choosing CSet. Pending cards: 27 target pause time: 200.00ms
[8.366s][trace][gc,ergo,cset  ] GC(233) Added young regions to CSet. Eden: 43 regions, Survivors: 8 regions, predicted eden time: 7.63ms, predicted base time: 1.26ms, target pause time: 200.00ms, remaining time: 191.11ms
[8.367s][debug][gc,ergo       ] GC(233) Running G1 Merge Heap Roots using 10 workers for 51 regions
[8.376s][debug][gc,ergo       ] GC(233) Running G1 Rebuild Free List Task using 10 workers for rebuilding free list of regions
[8.376s][debug][gc,ergo,heap  ] GC(233) Heap expansion: short term pause time ratio 55.86% long term pause time ratio 46.59% threshold 7.69% pause time ratio 7.69% fully expanded true resize by 0B
[8.376s][debug][gc,ergo,ihop  ] GC(233) Request concurrent cycle initiation (occupancy higher than threshold) occupancy: 887095296B allocation request: 0B threshold: 859185477B (80.02) source: end of GC
[8.376s][debug][gc,ergo,refine] GC(233) Concurrent refinement times: Logged Cards Scan time goal: 20.00ms Logged Cards Scan time: 0.04ms HCC time: 0.00ms
[8.376s][trace][gc,ergo,refine] GC(233) Updating Refinement Zones: logged cards scan time: 0.037ms, processed cards: 18, goal time: 20.000ms
[8.376s][debug][gc,ergo,refine] GC(233) Updated Refinement Zones: green: 2560, yellow: 7680, red: 12800
[8.376s][info ][gc,phases     ] GC(233)   Pre Evacuate Collection Set: 0.3ms
[8.376s][info ][gc,phases     ] GC(233)   Merge Heap Roots: 0.3ms
[8.376s][info ][gc,phases     ] GC(233)   Evacuate Collection Set: 8.5ms
[8.376s][info ][gc,phases     ] GC(233)   Post Evacuate Collection Set: 0.7ms
[8.376s][info ][gc,phases     ] GC(233)   Other: 0.4ms
[8.376s][info ][gc,heap       ] GC(233) Eden regions: 43->0(44)
[8.376s][info ][gc,heap       ] GC(233) Survivor regions: 8->7(7)
[8.376s][info ][gc,heap       ] GC(233) Old regions: 809->846
[8.376s][info ][gc,heap       ] GC(233) Archive regions: 0->0
[8.376s][info ][gc,heap       ] GC(233) Humongous regions: 0->0
[8.376s][info ][gc,metaspace  ] GC(233) Metaspace: 6341K(6464K)->6341K(6464K) NonClass: 5794K(5824K)->5794K(5824K) Class: 546K(640K)->546K(640K)
[8.376s][debug][gc,heap       ] GC(233) Heap after GC invocations=234 (full 0):
[8.377s][debug][gc,heap       ] GC(233)  garbage-first heap   total 1048576K, used 873148K [0x00000000c0000000, 0x0000000100000000)
[8.377s][debug][gc,heap       ] GC(233)   region size 1024K, 7 young (7168K), 7 survivors (7168K)
[8.377s][debug][gc,heap       ] GC(233)  Metaspace       used 6341K, committed 6464K, reserved 1114112K
[8.377s][debug][gc,heap       ] GC(233)   class space    used 546K, committed 640K, reserved 1048576K
[8.377s][info ][gc            ] GC(233) Pause Young (Normal) (G1 Evacuation Pause) 859M->852M(1024M) 10.200ms
[8.377s][info ][gc,cpu        ] GC(233) User=0.08s Sys=0.00s Real=0.01s
[8.377s][info ][safepoint     ] Safepoint "G1CollectForAllocation", Time since last: 7464200 ns, Reaching safepoint: 11900 ns, Cleanup: 10100 ns, At safepoint: 10411401 ns, Total: 10433401 ns
[8.384s][debug][gc,heap       ] GC(234) Heap before GC invocations=234 (full 0):
[8.384s][debug][gc,heap       ] GC(234)  garbage-first heap   total 1048576K, used 917180K [0x00000000c0000000, 0x0000000100000000)
[8.384s][debug][gc,heap       ] GC(234)   region size 1024K, 51 young (52224K), 7 survivors (7168K)
[8.385s][debug][gc,heap       ] GC(234)  Metaspace       used 6341K, committed 6464K, reserved 1114112K
[8.385s][debug][gc,heap       ] GC(234)   class space    used 546K, committed 640K, reserved 1048576K
[8.385s][debug][gc,ergo       ] GC(234) Initiate concurrent cycle (concurrent cycle initiation requested)
[8.385s][info ][gc,start      ] GC(234) Pause Young (Concurrent Start) (G1 Evacuation Pause)
[8.385s][info ][gc,task       ] GC(234) Using 10 workers of 10 for evacuation
[8.385s][trace][gc,ergo,cset  ] GC(234) Start choosing CSet. Pending cards: 29 target pause time: 200.00ms
[8.385s][trace][gc,ergo,cset  ] GC(234) Added young regions to CSet. Eden: 44 regions, Survivors: 7 regions, predicted eden time: 7.71ms, predicted base time: 1.23ms, target pause time: 200.00ms, remaining time: 191.05ms
[8.385s][debug][gc,ergo       ] GC(234) Running G1 Merge Heap Roots using 10 workers for 51 regions
[8.395s][debug][gc,ergo       ] GC(234) Running G1 Rebuild Free List Task using 10 workers for rebuilding free list of regions
[8.396s][debug][gc,ergo,heap  ] GC(234) Heap expansion: short term pause time ratio 55.69% long term pause time ratio 48.32% threshold 7.69% pause time ratio 7.69% fully expanded true resize by 0B
[8.396s][debug][gc,ergo,refine] GC(234) Concurrent refinement times: Logged Cards Scan time goal: 20.00ms Logged Cards Scan time: 0.01ms HCC time: 0.00ms
[8.396s][trace][gc,ergo,refine] GC(234) Updating Refinement Zones: logged cards scan time: 0.012ms, processed cards: 14, goal time: 20.000ms
[8.396s][debug][gc,ergo,refine] GC(234) Updated Refinement Zones: green: 2560, yellow: 7680, red: 12800
[8.396s][info ][gc,phases     ] GC(234)   Pre Evacuate Collection Set: 0.4ms
[8.396s][info ][gc,phases     ] GC(234)   Merge Heap Roots: 0.2ms
[8.396s][info ][gc,phases     ] GC(234)   Evacuate Collection Set: 9.5ms
[8.396s][info ][gc,phases     ] GC(234)   Post Evacuate Collection Set: 0.8ms
[8.396s][info ][gc,phases     ] GC(234)   Other: 0.6ms
[8.396s][info ][gc,heap       ] GC(234) Eden regions: 44->0(44)
[8.396s][info ][gc,heap       ] GC(234) Survivor regions: 7->7(7)
[8.396s][info ][gc,heap       ] GC(234) Old regions: 846->884
[8.396s][info ][gc,heap       ] GC(234) Archive regions: 0->0
[8.396s][info ][gc,heap       ] GC(234) Humongous regions: 0->0
[8.396s][info ][gc,metaspace  ] GC(234) Metaspace: 6341K(6464K)->6341K(6464K) NonClass: 5794K(5824K)->5794K(5824K) Class: 546K(640K)->546K(640K)
[8.396s][debug][gc,heap       ] GC(234) Heap after GC invocations=235 (full 0):
[8.396s][debug][gc,heap       ] GC(234)  garbage-first heap   total 1048576K, used 912060K [0x00000000c0000000, 0x0000000100000000)
[8.396s][debug][gc,heap       ] GC(234)   region size 1024K, 7 young (7168K), 7 survivors (7168K)
[8.396s][debug][gc,heap       ] GC(234)  Metaspace       used 6341K, committed 6464K, reserved 1114112K
[8.396s][debug][gc,heap       ] GC(234)   class space    used 546K, committed 640K, reserved 1048576K
[8.396s][info ][gc            ] GC(234) Pause Young (Concurrent Start) (G1 Evacuation Pause) 896M->890M(1024M) 11.399ms
[8.396s][info ][gc,cpu        ] GC(234) User=0.09s Sys=0.00s Real=0.01s
[8.396s][info ][safepoint     ] Safepoint "G1CollectForAllocation", Time since last: 7767600 ns, Reaching safepoint: 10400 ns, Cleanup: 10100 ns, At safepoint: 11676300 ns, Total: 11696800 ns
[8.396s][info ][gc            ] GC(235) Concurrent Mark Cycle
[8.396s][info ][gc,marking    ] GC(235) Concurrent Clear Claimed Marks
[8.396s][info ][gc,marking    ] GC(235) Concurrent Clear Claimed Marks 0.022ms
[8.396s][info ][gc,marking    ] GC(235) Concurrent Scan Root Regions
[8.396s][debug][gc,ergo       ] GC(235) Running G1 Root Region Scan using 3 workers for 46 work units.
[8.396s][info ][gc,marking    ] GC(235) Concurrent Scan Root Regions 0.183ms
[8.396s][info ][gc,marking    ] GC(235) Concurrent Mark
[8.396s][info ][gc,marking    ] GC(235) Concurrent Mark From Roots
[8.396s][info ][gc,task       ] GC(235) Using 3 workers of 3 for marking
[8.403s][info ][gc,marking    ] GC(235) Concurrent Mark From Roots 6.651ms
[8.403s][info ][gc,marking    ] GC(235) Concurrent Preclean
[8.403s][info ][gc,marking    ] GC(235) Concurrent Preclean 0.063ms
[8.409s][info ][gc,start      ] GC(235) Pause Remark
[8.410s][debug][gc,ergo       ] GC(235) Running G1 Update RemSet Tracking Before Rebuild using 3 workers for 1024 regions in heap
[8.411s][info ][gc            ] GC(235) Pause Remark 926M->540M(1024M) 1.926ms
[8.411s][info ][gc,cpu        ] GC(235) User=0.00s Sys=0.00s Real=0.00s
[8.411s][info ][safepoint     ] Safepoint "G1PauseRemark", Time since last: 7162001 ns, Reaching safepoint: 5367900 ns, Cleanup: 14500 ns, At safepoint: 2016400 ns, Total: 7398800 ns
[8.411s][info ][gc,marking    ] GC(235) Concurrent Mark 14.396ms
[8.411s][info ][gc,marking    ] GC(235) Concurrent Rebuild Remembered Sets
[8.412s][debug][gc,heap       ] GC(236) Heap before GC invocations=235 (full 0):
[8.412s][debug][gc,heap       ] GC(236)  garbage-first heap   total 1048576K, used 560828K [0x00000000c0000000, 0x0000000100000000)
[8.412s][debug][gc,heap       ] GC(236)   region size 1024K, 51 young (52224K), 7 survivors (7168K)
[8.412s][debug][gc,heap       ] GC(236)  Metaspace       used 6341K, committed 6464K, reserved 1114112K
[8.412s][debug][gc,heap       ] GC(236)   class space    used 546K, committed 640K, reserved 1048576K
[8.412s][info ][gc,start      ] GC(236) Pause Young (Normal) (G1 Evacuation Pause)
[8.412s][info ][gc,task       ] GC(236) Using 10 workers of 10 for evacuation
[8.412s][trace][gc,ergo,cset  ] GC(236) Start choosing CSet. Pending cards: 47 target pause time: 200.00ms
[8.412s][trace][gc,ergo,cset  ] GC(236) Added young regions to CSet. Eden: 44 regions, Survivors: 7 regions, predicted eden time: 7.66ms, predicted base time: 1.33ms, target pause time: 200.00ms, remaining time: 191.01ms
[8.412s][debug][gc,ergo       ] GC(236) Running G1 Merge Heap Roots using 10 workers for 51 regions
[8.422s][debug][gc,ergo       ] GC(236) Running G1 Rebuild Free List Task using 10 workers for rebuilding free list of regions
[8.422s][debug][gc,ergo,heap  ] GC(236) Heap expansion: short term pause time ratio 12.64% long term pause time ratio 46.22% threshold 7.69% pause time ratio 7.69% fully expanded true resize by 0B
[8.422s][debug][gc,ergo,refine] GC(236) Concurrent refinement times: Logged Cards Scan time goal: 20.00ms Logged Cards Scan time: 0.42ms HCC time: 0.00ms
[8.422s][trace][gc,ergo,refine] GC(236) Updating Refinement Zones: logged cards scan time: 0.420ms, processed cards: 30, goal time: 20.000ms
[8.422s][debug][gc,ergo,refine] GC(236) Updated Refinement Zones: green: 2560, yellow: 7680, red: 12800
[8.422s][info ][gc,phases     ] GC(236)   Pre Evacuate Collection Set: 0.3ms
[8.422s][info ][gc,phases     ] GC(236)   Merge Heap Roots: 0.2ms
[8.422s][info ][gc,phases     ] GC(236)   Evacuate Collection Set: 8.6ms
[8.422s][info ][gc,phases     ] GC(236)   Post Evacuate Collection Set: 0.8ms
[8.422s][info ][gc,phases     ] GC(236)   Other: 0.3ms
[8.422s][info ][gc,heap       ] GC(236) Eden regions: 44->0(139)
[8.422s][info ][gc,heap       ] GC(236) Survivor regions: 7->7(7)
[8.422s][info ][gc,heap       ] GC(236) Old regions: 498->536
[8.422s][info ][gc,heap       ] GC(236) Archive regions: 0->0
[8.422s][info ][gc,heap       ] GC(236) Humongous regions: 0->0
[8.422s][info ][gc,metaspace  ] GC(236) Metaspace: 6341K(6464K)->6341K(6464K) NonClass: 5794K(5824K)->5794K(5824K) Class: 546K(640K)->546K(640K)
[8.422s][debug][gc,heap       ] GC(236) Heap after GC invocations=236 (full 0):
[8.422s][debug][gc,heap       ] GC(236)  garbage-first heap   total 1048576K, used 555508K [0x00000000c0000000, 0x0000000100000000)
[8.422s][debug][gc,heap       ] GC(236)   region size 1024K, 7 young (7168K), 7 survivors (7168K)
[8.422s][debug][gc,heap       ] GC(236)  Metaspace       used 6341K, committed 6464K, reserved 1114112K
[8.422s][debug][gc,heap       ] GC(236)   class space    used 546K, committed 640K, reserved 1048576K
[8.422s][info ][gc            ] GC(236) Pause Young (Normal) (G1 Evacuation Pause) 548M->542M(1024M) 10.159ms
[8.422s][info ][gc,cpu        ] GC(236) User=0.07s Sys=0.00s Real=0.01s
[8.422s][info ][safepoint     ] Safepoint "G1CollectForAllocation", Time since last: 1000000 ns, Reaching safepoint: 168000 ns, Cleanup: 10400 ns, At safepoint: 10451700 ns, Total: 10630100 ns
[8.426s][info ][gc,marking    ] GC(235) Concurrent Rebuild Remembered Sets 15.120ms
[8.426s][info ][gc,start      ] GC(235) Pause Cleanup
[8.427s][debug][gc,ergo,cset  ] GC(235) Pruned 126 regions out of 442, leaving 53139824 bytes waste (allowed 53687091)
[8.427s][info ][gc            ] GC(235) Pause Cleanup 561M->561M(1024M) 0.828ms
[8.427s][info ][gc,cpu        ] GC(235) User=0.00s Sys=0.00s Real=0.00s
[8.427s][info ][safepoint     ] Safepoint "G1PauseCleanup", Time since last: 4053101 ns, Reaching safepoint: 156500 ns, Cleanup: 9900 ns, At safepoint: 915300 ns, Total: 1081700 ns
[8.428s][info ][gc,marking    ] GC(235) Concurrent Cleanup for Next Mark
[8.428s][debug][gc,ergo       ] GC(235) Running G1 Clear Bitmap with 3 workers for 16 work units.
[8.431s][info ][gc,marking    ] GC(235) Concurrent Cleanup for Next Mark 3.218ms
[8.431s][info ][gc            ] GC(235) Concurrent Mark Cycle 34.847ms
[8.454s][debug][gc,heap       ] GC(237) Heap before GC invocations=237 (full 0):
[8.454s][debug][gc,heap       ] GC(237)  garbage-first heap   total 1048576K, used 696820K [0x00000000c0000000, 0x0000000100000000)
[8.454s][debug][gc,heap       ] GC(237)   region size 1024K, 146 young (149504K), 7 survivors (7168K)
[8.454s][debug][gc,heap       ] GC(237)  Metaspace       used 6341K, committed 6464K, reserved 1114112K
[8.454s][debug][gc,heap       ] GC(237)   class space    used 546K, committed 640K, reserved 1048576K
[8.454s][info ][gc,start      ] GC(237) Pause Young (Prepare Mixed) (G1 Evacuation Pause)
[8.454s][info ][gc,task       ] GC(237) Using 10 workers of 10 for evacuation
[8.454s][trace][gc,ergo,cset  ] GC(237) Start choosing CSet. Pending cards: 41 target pause time: 200.00ms
[8.454s][trace][gc,ergo,cset  ] GC(237) Added young regions to CSet. Eden: 139 regions, Survivors: 7 regions, predicted eden time: 21.04ms, predicted base time: 1.67ms, target pause time: 200.00ms, remaining time: 177.29ms
[8.455s][debug][gc,ergo       ] GC(237) Running G1 Merge Heap Roots using 10 workers for 146 regions
[8.478s][debug][gc,ergo       ] GC(237) Running G1 Rebuild Free List Task using 10 workers for rebuilding free list of regions
[8.479s][debug][gc,ergo,heap  ] GC(237) Heap expansion: short term pause time ratio 14.49% long term pause time ratio 45.65% threshold 7.69% pause time ratio 7.69% fully expanded true resize by 0B
[8.479s][debug][gc,ergo,refine] GC(237) Concurrent refinement times: Logged Cards Scan time goal: 20.00ms Logged Cards Scan time: 0.03ms HCC time: 0.00ms
[8.479s][trace][gc,ergo,refine] GC(237) Updating Refinement Zones: logged cards scan time: 0.030ms, processed cards: 24, goal time: 19.999ms
[8.479s][debug][gc,ergo,refine] GC(237) Updated Refinement Zones: green: 2560, yellow: 7680, red: 12800
[8.479s][info ][gc,phases     ] GC(237)   Pre Evacuate Collection Set: 0.3ms
[8.479s][info ][gc,phases     ] GC(237)   Merge Heap Roots: 0.2ms
[8.479s][info ][gc,phases     ] GC(237)   Evacuate Collection Set: 23.0ms
[8.479s][info ][gc,phases     ] GC(237)   Post Evacuate Collection Set: 0.9ms
[8.479s][info ][gc,phases     ] GC(237)   Other: 0.4ms
[8.479s][info ][gc,heap       ] GC(237) Eden regions: 139->0(32)
[8.479s][info ][gc,heap       ] GC(237) Survivor regions: 7->19(19)
[8.479s][info ][gc,heap       ] GC(237) Old regions: 536->623
[8.479s][info ][gc,heap       ] GC(237) Archive regions: 0->0
[8.479s][info ][gc,heap       ] GC(237) Humongous regions: 0->0
[8.479s][info ][gc,metaspace  ] GC(237) Metaspace: 6341K(6464K)->6341K(6464K) NonClass: 5794K(5824K)->5794K(5824K) Class: 546K(640K)->546K(640K)
[8.479s][debug][gc,heap       ] GC(237) Heap after GC invocations=238 (full 0):
[8.479s][debug][gc,heap       ] GC(237)  garbage-first heap   total 1048576K, used 657084K [0x00000000c0000000, 0x0000000100000000)
[8.479s][debug][gc,heap       ] GC(237)   region size 1024K, 19 young (19456K), 19 survivors (19456K)
[8.479s][debug][gc,heap       ] GC(237)  Metaspace       used 6341K, committed 6464K, reserved 1114112K
[8.479s][debug][gc,heap       ] GC(237)   class space    used 546K, committed 640K, reserved 1048576K
[8.479s][info ][gc            ] GC(237) Pause Young (Prepare Mixed) (G1 Evacuation Pause) 681M->641M(1024M) 24.885ms
[8.479s][info ][gc,cpu        ] GC(237) User=0.20s Sys=0.00s Real=0.02s
[8.479s][info ][safepoint     ] Safepoint "G1CollectForAllocation", Time since last: 26633201 ns, Reaching safepoint: 12400 ns, Cleanup: 17700 ns, At safepoint: 25178700 ns, Total: 25208800 ns
[8.488s][debug][gc,heap       ] GC(238) Heap before GC invocations=238 (full 0):
[8.488s][debug][gc,heap       ] GC(238)  garbage-first heap   total 1048576K, used 688828K [0x00000000c0000000, 0x0000000100000000)
[8.488s][debug][gc,heap       ] GC(238)   region size 1024K, 51 young (52224K), 19 survivors (19456K)
[8.488s][debug][gc,heap       ] GC(238)  Metaspace       used 6341K, committed 6464K, reserved 1114112K
[8.488s][debug][gc,heap       ] GC(238)   class space    used 546K, committed 640K, reserved 1048576K
[8.488s][info ][gc,start      ] GC(238) Pause Young (Mixed) (G1 Evacuation Pause)
[8.488s][info ][gc,task       ] GC(238) Using 10 workers of 10 for evacuation
[8.488s][trace][gc,ergo,cset  ] GC(238) Start choosing CSet. Pending cards: 33 target pause time: 200.00ms
[8.488s][trace][gc,ergo,cset  ] GC(238) Added young regions to CSet. Eden: 32 regions, Survivors: 19 regions, predicted eden time: 6.19ms, predicted base time: 1.54ms, target pause time: 200.00ms, remaining time: 192.27ms
[8.488s][debug][gc,ergo,cset  ] GC(238) Start adding old regions to collection set. Min 40 regions, max 103 regions, time remaining 192.27ms, optional threshold 38.45ms
[8.488s][debug][gc,ergo,cset  ] GC(238) Finish adding old regions to collection set (Maximum number of regions). Initial 103 regions, optional 0 regions
[8.488s][debug][gc,ergo,cset  ] GC(238) Finish choosing collection set old regions. Initial: 103, optional: 0, predicted old time: 0.00ms, predicted optional time: 0.00ms, time remaining: 189.87
[8.489s][debug][gc,ergo       ] GC(238) Running G1 Merge Heap Roots using 10 workers for 154 regions
[8.500s][debug][gc,ergo       ] GC(238) Running G1 Rebuild Free List Task using 10 workers for rebuilding free list of regions
[8.500s][debug][gc,ergo,heap  ] GC(238) Heap expansion: short term pause time ratio 47.61% long term pause time ratio 49.19% threshold 7.69% pause time ratio 7.69% fully expanded true resize by 0B
[8.500s][debug][gc,ergo,refine] GC(238) Concurrent refinement times: Logged Cards Scan time goal: 20.00ms Logged Cards Scan time: 0.01ms HCC time: 0.00ms
[8.500s][trace][gc,ergo,refine] GC(238) Updating Refinement Zones: logged cards scan time: 0.012ms, processed cards: 16, goal time: 19.999ms
[8.500s][debug][gc,ergo,refine] GC(238) Updated Refinement Zones: green: 2560, yellow: 7680, red: 12800
[8.500s][info ][gc,phases     ] GC(238)   Pre Evacuate Collection Set: 0.4ms
[8.500s][info ][gc,phases     ] GC(238)   Merge Heap Roots: 0.2ms
[8.500s][info ][gc,phases     ] GC(238)   Evacuate Collection Set: 9.9ms
[8.500s][info ][gc,phases     ] GC(238)   Post Evacuate Collection Set: 1.3ms
[8.500s][info ][gc,phases     ] GC(238)   Other: 0.5ms
[8.500s][info ][gc,heap       ] GC(238) Eden regions: 32->0(44)
[8.500s][info ][gc,heap       ] GC(238) Survivor regions: 19->7(7)
[8.500s][info ][gc,heap       ] GC(238) Old regions: 623->561
[8.500s][info ][gc,heap       ] GC(238) Archive regions: 0->0
[8.500s][info ][gc,heap       ] GC(238) Humongous regions: 0->0
[8.500s][info ][gc,metaspace  ] GC(238) Metaspace: 6341K(6464K)->6341K(6464K) NonClass: 5794K(5824K)->5794K(5824K) Class: 546K(640K)->546K(640K)
[8.500s][debug][gc,heap       ] GC(238) Heap after GC invocations=239 (full 0):
[8.500s][debug][gc,heap       ] GC(238)  garbage-first heap   total 1048576K, used 581508K [0x00000000c0000000, 0x0000000100000000)
[8.500s][debug][gc,heap       ] GC(238)   region size 1024K, 7 young (7168K), 7 survivors (7168K)
[8.500s][debug][gc,heap       ] GC(238)  Metaspace       used 6341K, committed 6464K, reserved 1114112K
[8.500s][debug][gc,heap       ] GC(238)   class space    used 546K, committed 640K, reserved 1048576K
[8.500s][info ][gc            ] GC(238) Pause Young (Mixed) (G1 Evacuation Pause) 673M->567M(1024M) 12.141ms
[8.500s][info ][gc,cpu        ] GC(238) User=0.09s Sys=0.00s Real=0.01s
[8.500s][info ][safepoint     ] Safepoint "G1CollectForAllocation", Time since last: 8741301 ns, Reaching safepoint: 15000 ns, Cleanup: 11100 ns, At safepoint: 12442700 ns, Total: 12468800 ns
[8.509s][debug][gc,heap       ] GC(239) Heap before GC invocations=239 (full 0):
[8.509s][debug][gc,heap       ] GC(239)  garbage-first heap   total 1048576K, used 625540K [0x00000000c0000000, 0x0000000100000000)
[8.509s][debug][gc,heap       ] GC(239)   region size 1024K, 51 young (52224K), 7 survivors (7168K)
[8.509s][debug][gc,heap       ] GC(239)  Metaspace       used 6341K, committed 6464K, reserved 1114112K
[8.509s][debug][gc,heap       ] GC(239)   class space    used 546K, committed 640K, reserved 1048576K
[8.509s][info ][gc,start      ] GC(239) Pause Young (Mixed) (G1 Evacuation Pause)
[8.509s][info ][gc,task       ] GC(239) Using 10 workers of 10 for evacuation
[8.509s][trace][gc,ergo,cset  ] GC(239) Start choosing CSet. Pending cards: 32 target pause time: 200.00ms
[8.509s][trace][gc,ergo,cset  ] GC(239) Added young regions to CSet. Eden: 44 regions, Survivors: 7 regions, predicted eden time: 8.14ms, predicted base time: 1.64ms, target pause time: 200.00ms, remaining time: 190.22ms
[8.509s][debug][gc,ergo,cset  ] GC(239) Start adding old regions to collection set. Min 40 regions, max 103 regions, time remaining 190.22ms, optional threshold 38.04ms
[8.509s][debug][gc,ergo,cset  ] GC(239) Finish adding old regions to collection set (Maximum number of regions). Initial 103 regions, optional 0 regions
[8.509s][debug][gc,ergo,cset  ] GC(239) Finish choosing collection set old regions. Initial: 103, optional: 0, predicted old time: 0.00ms, predicted optional time: 0.00ms, time remaining: 186.59
[8.510s][debug][gc,ergo       ] GC(239) Running G1 Merge Heap Roots using 10 workers for 154 regions
[8.521s][debug][gc,ergo       ] GC(239) Running G1 Rebuild Free List Task using 10 workers for rebuilding free list of regions
[8.521s][debug][gc,ergo,heap  ] GC(239) Heap expansion: short term pause time ratio 55.61% long term pause time ratio 50.45% threshold 7.69% pause time ratio 7.69% fully expanded true resize by 0B
[8.521s][debug][gc,ergo,refine] GC(239) Concurrent refinement times: Logged Cards Scan time goal: 20.00ms Logged Cards Scan time: 0.01ms HCC time: 0.00ms
[8.521s][trace][gc,ergo,refine] GC(239) Updating Refinement Zones: logged cards scan time: 0.014ms, processed cards: 13, goal time: 19.999ms
[8.521s][debug][gc,ergo,refine] GC(239) Updated Refinement Zones: green: 2560, yellow: 7680, red: 12800
[8.521s][info ][gc,phases     ] GC(239)   Pre Evacuate Collection Set: 0.5ms
[8.521s][info ][gc,phases     ] GC(239)   Merge Heap Roots: 0.2ms
[8.521s][info ][gc,phases     ] GC(239)   Evacuate Collection Set: 9.9ms
[8.521s][info ][gc,phases     ] GC(239)   Post Evacuate Collection Set: 1.1ms
[8.521s][info ][gc,phases     ] GC(239)   Other: 0.4ms
[8.521s][info ][gc,heap       ] GC(239) Eden regions: 44->0(44)
[8.521s][info ][gc,heap       ] GC(239) Survivor regions: 7->7(7)
[8.521s][info ][gc,heap       ] GC(239) Old regions: 561->502
[8.521s][info ][gc,heap       ] GC(239) Archive regions: 0->0
[8.521s][info ][gc,heap       ] GC(239) Humongous regions: 0->0
[8.521s][info ][gc,metaspace  ] GC(239) Metaspace: 6341K(6464K)->6341K(6464K) NonClass: 5794K(5824K)->5794K(5824K) Class: 546K(640K)->546K(640K)
[8.521s][debug][gc,heap       ] GC(239) Heap after GC invocations=240 (full 0):
[8.521s][debug][gc,heap       ] GC(239)  garbage-first heap   total 1048576K, used 520792K [0x00000000c0000000, 0x0000000100000000)
[8.521s][debug][gc,heap       ] GC(239)   region size 1024K, 7 young (7168K), 7 survivors (7168K)
[8.521s][debug][gc,heap       ] GC(239)  Metaspace       used 6341K, committed 6464K, reserved 1114112K
[8.521s][debug][gc,heap       ] GC(239)   class space    used 546K, committed 640K, reserved 1048576K
[8.521s][info ][gc            ] GC(239) Pause Young (Mixed) (G1 Evacuation Pause) 611M->508M(1024M) 11.990ms
[8.521s][info ][gc,cpu        ] GC(239) User=0.09s Sys=0.00s Real=0.01s
[8.521s][info ][safepoint     ] Safepoint "G1CollectForAllocation", Time since last: 8365101 ns, Reaching safepoint: 14400 ns, Cleanup: 12500 ns, At safepoint: 12292200 ns, Total: 12319100 ns
[8.530s][debug][gc,heap       ] GC(240) Heap before GC invocations=240 (full 0):
[8.530s][debug][gc,heap       ] GC(240)  garbage-first heap   total 1048576K, used 564824K [0x00000000c0000000, 0x0000000100000000)
[8.530s][debug][gc,heap       ] GC(240)   region size 1024K, 51 young (52224K), 7 survivors (7168K)
[8.530s][debug][gc,heap       ] GC(240)  Metaspace       used 6341K, committed 6464K, reserved 1114112K
[8.530s][debug][gc,heap       ] GC(240)   class space    used 546K, committed 640K, reserved 1048576K
[8.530s][info ][gc,start      ] GC(240) Pause Young (Mixed) (G1 Evacuation Pause)
[8.530s][info ][gc,task       ] GC(240) Using 10 workers of 10 for evacuation
[8.530s][trace][gc,ergo,cset  ] GC(240) Start choosing CSet. Pending cards: 34 target pause time: 200.00ms
[8.530s][trace][gc,ergo,cset  ] GC(240) Added young regions to CSet. Eden: 44 regions, Survivors: 7 regions, predicted eden time: 8.04ms, predicted base time: 1.71ms, target pause time: 200.00ms, remaining time: 190.26ms
[8.530s][debug][gc,ergo,cset  ] GC(240) Start adding old regions to collection set. Min 40 regions, max 103 regions, time remaining 190.26ms, optional threshold 38.05ms
[8.530s][debug][gc,ergo,cset  ] GC(240) Finish adding old regions to collection set (Maximum number of regions). Initial 103 regions, optional 0 regions
[8.530s][debug][gc,ergo,cset  ] GC(240) Finish choosing collection set old regions. Initial: 103, optional: 0, predicted old time: 0.00ms, predicted optional time: 0.00ms, time remaining: 183.62
[8.530s][debug][gc,ergo       ] GC(240) Running G1 Merge Heap Roots using 10 workers for 154 regions
[8.542s][debug][gc,ergo       ] GC(240) Running G1 Rebuild Free List Task using 10 workers for rebuilding free list of regions
[8.542s][debug][gc,ergo,heap  ] GC(240) Heap expansion: short term pause time ratio 56.72% long term pause time ratio 51.03% threshold 7.69% pause time ratio 7.69% fully expanded true resize by 0B
[8.542s][debug][gc,ergo,refine] GC(240) Concurrent refinement times: Logged Cards Scan time goal: 20.00ms Logged Cards Scan time: 0.01ms HCC time: 0.00ms
[8.542s][trace][gc,ergo,refine] GC(240) Updating Refinement Zones: logged cards scan time: 0.013ms, processed cards: 12, goal time: 19.999ms
[8.542s][debug][gc,ergo,refine] GC(240) Updated Refinement Zones: green: 2560, yellow: 7680, red: 12800
[8.542s][info ][gc,phases     ] GC(240)   Pre Evacuate Collection Set: 0.5ms
[8.542s][info ][gc,phases     ] GC(240)   Merge Heap Roots: 0.3ms
[8.542s][info ][gc,phases     ] GC(240)   Evacuate Collection Set: 10.7ms
[8.542s][info ][gc,phases     ] GC(240)   Post Evacuate Collection Set: 1.0ms
[8.542s][info ][gc,phases     ] GC(240)   Other: 0.4ms
[8.542s][info ][gc,heap       ] GC(240) Eden regions: 44->0(44)
[8.542s][info ][gc,heap       ] GC(240) Survivor regions: 7->7(7)
[8.542s][info ][gc,heap       ] GC(240) Old regions: 502->445
[8.542s][info ][gc,heap       ] GC(240) Archive regions: 0->0
[8.542s][info ][gc,heap       ] GC(240) Humongous regions: 0->0
[8.542s][info ][gc,metaspace  ] GC(240) Metaspace: 6341K(6464K)->6341K(6464K) NonClass: 5794K(5824K)->5794K(5824K) Class: 546K(640K)->546K(640K)
[8.542s][debug][gc,heap       ] GC(240) Heap after GC invocations=241 (full 0):
[8.542s][debug][gc,heap       ] GC(240)  garbage-first heap   total 1048576K, used 462324K [0x00000000c0000000, 0x0000000100000000)
[8.542s][debug][gc,heap       ] GC(240)   region size 1024K, 7 young (7168K), 7 survivors (7168K)
[8.542s][debug][gc,heap       ] GC(240)  Metaspace       used 6341K, committed 6464K, reserved 1114112K
[8.542s][debug][gc,heap       ] GC(240)   class space    used 546K, committed 640K, reserved 1048576K
[8.542s][info ][gc            ] GC(240) Pause Young (Mixed) (G1 Evacuation Pause) 552M->451M(1024M) 12.829ms
[8.543s][info ][gc,cpu        ] GC(240) User=0.09s Sys=0.00s Real=0.01s
[8.543s][info ][safepoint     ] Safepoint "G1CollectForAllocation", Time since last: 8344600 ns, Reaching safepoint: 16800 ns, Cleanup: 11400 ns, At safepoint: 13050401 ns, Total: 13078601 ns
[8.550s][debug][gc,heap       ] GC(241) Heap before GC invocations=241 (full 0):
[8.550s][debug][gc,heap       ] GC(241)  garbage-first heap   total 1048576K, used 506356K [0x00000000c0000000, 0x0000000100000000)
[8.550s][debug][gc,heap       ] GC(241)   region size 1024K, 51 young (52224K), 7 survivors (7168K)
[8.550s][debug][gc,heap       ] GC(241)  Metaspace       used 6341K, committed 6464K, reserved 1114112K
[8.550s][debug][gc,heap       ] GC(241)   class space    used 546K, committed 640K, reserved 1048576K
[8.550s][info ][gc,start      ] GC(241) Pause Young (Mixed) (G1 Evacuation Pause)
[8.550s][info ][gc,task       ] GC(241) Using 10 workers of 10 for evacuation
[8.550s][trace][gc,ergo,cset  ] GC(241) Start choosing CSet. Pending cards: 28 target pause time: 200.00ms
[8.550s][trace][gc,ergo,cset  ] GC(241) Added young regions to CSet. Eden: 44 regions, Survivors: 7 regions, predicted eden time: 7.82ms, predicted base time: 1.79ms, target pause time: 200.00ms, remaining time: 190.40ms
[8.550s][debug][gc,ergo,cset  ] GC(241) Start adding old regions to collection set. Min 40 regions, max 103 regions, time remaining 190.40ms, optional threshold 38.08ms
[8.550s][debug][gc,ergo,cset  ] GC(241) Old candidate collection set empty.
[8.550s][debug][gc,ergo,cset  ] GC(241) Finish choosing collection set old regions. Initial: 7, optional: 0, predicted old time: 0.00ms, predicted optional time: 0.00ms, time remaining: 189.85
[8.550s][debug][gc,ergo       ] GC(241) Running G1 Merge Heap Roots using 10 workers for 58 regions
[8.560s][debug][gc,ergo       ] GC(241) Running G1 Rebuild Free List Task using 10 workers for rebuilding free list of regions
[8.561s][debug][gc,ergo,heap  ] GC(241) Heap expansion: short term pause time ratio 58.85% long term pause time ratio 51.82% threshold 7.69% pause time ratio 7.69% fully expanded true resize by 0B
[8.561s][debug][gc,ergo       ] GC(241) do not continue mixed GCs (candidate old regions not available)
[8.561s][debug][gc,ergo,refine] GC(241) Concurrent refinement times: Logged Cards Scan time goal: 20.00ms Logged Cards Scan time: 0.02ms HCC time: 0.00ms
[8.561s][trace][gc,ergo,refine] GC(241) Updating Refinement Zones: logged cards scan time: 0.021ms, processed cards: 14, goal time: 20.000ms
[8.561s][debug][gc,ergo,refine] GC(241) Updated Refinement Zones: green: 2560, yellow: 7680, red: 12800
[8.561s][info ][gc,phases     ] GC(241)   Pre Evacuate Collection Set: 0.3ms
[8.561s][info ][gc,phases     ] GC(241)   Merge Heap Roots: 0.2ms
[8.561s][info ][gc,phases     ] GC(241)   Evacuate Collection Set: 9.4ms
[8.561s][info ][gc,phases     ] GC(241)   Post Evacuate Collection Set: 0.6ms
[8.561s][info ][gc,phases     ] GC(241)   Other: 0.3ms
[8.561s][info ][gc,heap       ] GC(241) Eden regions: 44->0(162)
[8.561s][info ][gc,heap       ] GC(241) Survivor regions: 7->7(7)
[8.561s][info ][gc,heap       ] GC(241) Old regions: 445->477
[8.561s][info ][gc,heap       ] GC(241) Archive regions: 0->0
[8.561s][info ][gc,heap       ] GC(241) Humongous regions: 0->0
[8.561s][info ][gc,metaspace  ] GC(241) Metaspace: 6341K(6464K)->6341K(6464K) NonClass: 5794K(5824K)->5794K(5824K) Class: 546K(640K)->546K(640K)
[8.561s][debug][gc,heap       ] GC(241) Heap after GC invocations=242 (full 0):
[8.561s][debug][gc,heap       ] GC(241)  garbage-first heap   total 1048576K, used 495492K [0x00000000c0000000, 0x0000000100000000)
[8.561s][debug][gc,heap       ] GC(241)   region size 1024K, 7 young (7168K), 7 survivors (7168K)
[8.561s][debug][gc,heap       ] GC(241)  Metaspace       used 6341K, committed 6464K, reserved 1114112K
[8.561s][debug][gc,heap       ] GC(241)   class space    used 546K, committed 640K, reserved 1048576K
[8.561s][info ][gc            ] GC(241) Pause Young (Mixed) (G1 Evacuation Pause) 495M->483M(1024M) 10.837ms
[8.561s][info ][gc,cpu        ] GC(241) User=0.09s Sys=0.00s Real=0.01s
[8.561s][info ][safepoint     ] Safepoint "G1CollectForAllocation", Time since last: 7164600 ns, Reaching safepoint: 10400 ns, Cleanup: 9500 ns, At safepoint: 11016500 ns, Total: 11036400 ns
[8.588s][debug][gc,heap       ] GC(242) Heap before GC invocations=242 (full 0):
[8.588s][debug][gc,heap       ] GC(242)  garbage-first heap   total 1048576K, used 660356K [0x00000000c0000000, 0x0000000100000000)
[8.588s][debug][gc,heap       ] GC(242)   region size 1024K, 169 young (173056K), 7 survivors (7168K)
[8.588s][debug][gc,heap       ] GC(242)  Metaspace       used 6341K, committed 6464K, reserved 1114112K
[8.588s][debug][gc,heap       ] GC(242)   class space    used 546K, committed 640K, reserved 1048576K
[8.588s][info ][gc,start      ] GC(242) Pause Young (Normal) (G1 Evacuation Pause)
[8.588s][info ][gc,task       ] GC(242) Using 10 workers of 10 for evacuation
[8.588s][trace][gc,ergo,cset  ] GC(242) Start choosing CSet. Pending cards: 28 target pause time: 200.00ms
[8.588s][trace][gc,ergo,cset  ] GC(242) Added young regions to CSet. Eden: 162 regions, Survivors: 7 regions, predicted eden time: 23.42ms, predicted base time: 1.61ms, target pause time: 200.00ms, remaining time: 174.97ms
[8.588s][debug][gc,ergo       ] GC(242) Running G1 Merge Heap Roots using 10 workers for 169 regions
[8.611s][debug][gc,ergo       ] GC(242) Running G1 Rebuild Free List Task using 10 workers for rebuilding free list of regions
[8.611s][debug][gc,ergo,heap  ] GC(242) Heap expansion: short term pause time ratio 58.40% long term pause time ratio 52.01% threshold 7.69% pause time ratio 7.69% fully expanded true resize by 0B
[8.611s][debug][gc,ergo,refine] GC(242) Concurrent refinement times: Logged Cards Scan time goal: 20.00ms Logged Cards Scan time: 0.02ms HCC time: 0.00ms
[8.611s][trace][gc,ergo,refine] GC(242) Updating Refinement Zones: logged cards scan time: 0.023ms, processed cards: 11, goal time: 19.999ms
[8.611s][debug][gc,ergo,refine] GC(242) Updated Refinement Zones: green: 2560, yellow: 7680, red: 12800
[8.611s][info ][gc,phases     ] GC(242)   Pre Evacuate Collection Set: 0.3ms
[8.611s][info ][gc,phases     ] GC(242)   Merge Heap Roots: 0.2ms
[8.611s][info ][gc,phases     ] GC(242)   Evacuate Collection Set: 22.3ms
[8.611s][info ][gc,phases     ] GC(242)   Post Evacuate Collection Set: 0.8ms
[8.611s][info ][gc,phases     ] GC(242)   Other: 0.3ms
[8.611s][info ][gc,heap       ] GC(242) Eden regions: 162->0(119)
[8.611s][info ][gc,heap       ] GC(242) Survivor regions: 7->22(22)
[8.611s][info ][gc,heap       ] GC(242) Old regions: 477->569
[8.611s][info ][gc,heap       ] GC(242) Archive regions: 0->0
[8.611s][info ][gc,heap       ] GC(242) Humongous regions: 0->0
[8.611s][info ][gc,metaspace  ] GC(242) Metaspace: 6341K(6464K)->6341K(6464K) NonClass: 5794K(5824K)->5794K(5824K) Class: 546K(640K)->546K(640K)
[8.611s][debug][gc,heap       ] GC(242) Heap after GC invocations=243 (full 0):
[8.611s][debug][gc,heap       ] GC(242)  garbage-first heap   total 1048576K, used 604960K [0x00000000c0000000, 0x0000000100000000)
[8.611s][debug][gc,heap       ] GC(242)   region size 1024K, 22 young (22528K), 22 survivors (22528K)
[8.611s][debug][gc,heap       ] GC(242)  Metaspace       used 6341K, committed 6464K, reserved 1114112K
[8.611s][debug][gc,heap       ] GC(242)   class space    used 546K, committed 640K, reserved 1048576K
[8.611s][info ][gc            ] GC(242) Pause Young (Normal) (G1 Evacuation Pause) 645M->590M(1024M) 23.668ms
[8.611s][info ][gc,cpu        ] GC(242) User=0.22s Sys=0.00s Real=0.02s
[8.611s][info ][safepoint     ] Safepoint "G1CollectForAllocation", Time since last: 26757201 ns, Reaching safepoint: 10300 ns, Cleanup: 8600 ns, At safepoint: 23857501 ns, Total: 23876401 ns
[8.629s][debug][gc,heap       ] GC(243) Heap before GC invocations=243 (full 0):
[8.629s][debug][gc,heap       ] GC(243)  garbage-first heap   total 1048576K, used 725792K [0x00000000c0000000, 0x0000000100000000)
[8.629s][debug][gc,heap       ] GC(243)   region size 1024K, 141 young (144384K), 22 survivors (22528K)
[8.629s][debug][gc,heap       ] GC(243)  Metaspace       used 6341K, committed 6464K, reserved 1114112K
[8.629s][debug][gc,heap       ] GC(243)   class space    used 546K, committed 640K, reserved 1048576K
[8.629s][info ][gc,start      ] GC(243) Pause Young (Normal) (G1 Evacuation Pause)
[8.629s][info ][gc,task       ] GC(243) Using 10 workers of 10 for evacuation
[8.629s][trace][gc,ergo,cset  ] GC(243) Start choosing CSet. Pending cards: 36 target pause time: 200.00ms
[8.629s][trace][gc,ergo,cset  ] GC(243) Added young regions to CSet. Eden: 119 regions, Survivors: 22 regions, predicted eden time: 18.26ms, predicted base time: 1.63ms, target pause time: 200.00ms, remaining time: 180.10ms
[8.630s][debug][gc,ergo       ] GC(243) Running G1 Merge Heap Roots using 10 workers for 141 regions
[8.651s][debug][gc,ergo       ] GC(243) Running G1 Rebuild Free List Task using 10 workers for rebuilding free list of regions
[8.651s][debug][gc,ergo,heap  ] GC(243) Heap expansion: short term pause time ratio 46.46% long term pause time ratio 50.53% threshold 7.69% pause time ratio 7.69% fully expanded true resize by 0B
[8.651s][debug][gc,ergo,refine] GC(243) Concurrent refinement times: Logged Cards Scan time goal: 20.00ms Logged Cards Scan time: 0.05ms HCC time: 0.00ms
[8.651s][trace][gc,ergo,refine] GC(243) Updating Refinement Zones: logged cards scan time: 0.046ms, processed cards: 19, goal time: 19.999ms
[8.651s][debug][gc,ergo,refine] GC(243) Updated Refinement Zones: green: 2560, yellow: 7680, red: 12800
[8.651s][info ][gc,phases     ] GC(243)   Pre Evacuate Collection Set: 0.3ms
[8.651s][info ][gc,phases     ] GC(243)   Merge Heap Roots: 0.2ms
[8.651s][info ][gc,phases     ] GC(243)   Evacuate Collection Set: 20.5ms
[8.651s][info ][gc,phases     ] GC(243)   Post Evacuate Collection Set: 0.8ms
[8.651s][info ][gc,phases     ] GC(243)   Other: 0.3ms
[8.651s][info ][gc,heap       ] GC(243) Eden regions: 119->0(87)
[8.651s][info ][gc,heap       ] GC(243) Survivor regions: 22->18(18)
[8.651s][info ][gc,heap       ] GC(243) Old regions: 569->653
[8.651s][info ][gc,heap       ] GC(243) Archive regions: 0->0
[8.651s][info ][gc,heap       ] GC(243) Humongous regions: 0->0
[8.651s][info ][gc,metaspace  ] GC(243) Metaspace: 6341K(6464K)->6341K(6464K) NonClass: 5794K(5824K)->5794K(5824K) Class: 546K(640K)->546K(640K)
[8.651s][debug][gc,heap       ] GC(243) Heap after GC invocations=244 (full 0):
[8.651s][debug][gc,heap       ] GC(243)  garbage-first heap   total 1048576K, used 686780K [0x00000000c0000000, 0x0000000100000000)
[8.651s][debug][gc,heap       ] GC(243)   region size 1024K, 18 young (18432K), 18 survivors (18432K)
[8.651s][debug][gc,heap       ] GC(243)  Metaspace       used 6341K, committed 6464K, reserved 1114112K
[8.651s][debug][gc,heap       ] GC(243)   class space    used 546K, committed 640K, reserved 1048576K
[8.651s][info ][gc            ] GC(243) Pause Young (Normal) (G1 Evacuation Pause) 709M->670M(1024M) 22.108ms
[8.651s][info ][gc,cpu        ] GC(243) User=0.21s Sys=0.00s Real=0.02s
[8.651s][info ][safepoint     ] Safepoint "G1CollectForAllocation", Time since last: 17830001 ns, Reaching safepoint: 10200 ns, Cleanup: 9000 ns, At safepoint: 22284201 ns, Total: 22303401 ns
[8.664s][debug][gc,heap       ] GC(244) Heap before GC invocations=244 (full 0):
[8.664s][debug][gc,heap       ] GC(244)  garbage-first heap   total 1048576K, used 774844K [0x00000000c0000000, 0x0000000100000000)
[8.664s][debug][gc,heap       ] GC(244)   region size 1024K, 105 young (107520K), 18 survivors (18432K)
[8.664s][debug][gc,heap       ] GC(244)  Metaspace       used 6341K, committed 6464K, reserved 1114112K
[8.664s][debug][gc,heap       ] GC(244)   class space    used 546K, committed 640K, reserved 1048576K
[8.664s][info ][gc,start      ] GC(244) Pause Young (Normal) (G1 Evacuation Pause)
[8.664s][info ][gc,task       ] GC(244) Using 10 workers of 10 for evacuation
[8.664s][trace][gc,ergo,cset  ] GC(244) Start choosing CSet. Pending cards: 40 target pause time: 200.00ms
[8.664s][trace][gc,ergo,cset  ] GC(244) Added young regions to CSet. Eden: 87 regions, Survivors: 18 regions, predicted eden time: 14.49ms, predicted base time: 1.47ms, target pause time: 200.00ms, remaining time: 184.04ms
[8.665s][debug][gc,ergo       ] GC(244) Running G1 Merge Heap Roots using 10 workers for 105 regions
[8.682s][debug][gc,ergo       ] GC(244) Running G1 Rebuild Free List Task using 10 workers for rebuilding free list of regions
[8.682s][debug][gc,ergo,heap  ] GC(244) Heap expansion: short term pause time ratio 54.73% long term pause time ratio 50.66% threshold 7.69% pause time ratio 7.69% fully expanded true resize by 0B
[8.683s][debug][gc,ergo,refine] GC(244) Concurrent refinement times: Logged Cards Scan time goal: 20.00ms Logged Cards Scan time: 0.71ms HCC time: 0.00ms
[8.683s][trace][gc,ergo,refine] GC(244) Updating Refinement Zones: logged cards scan time: 0.706ms, processed cards: 23, goal time: 19.999ms
[8.683s][debug][gc,ergo,refine] GC(244) Updated Refinement Zones: green: 2560, yellow: 7680, red: 12800
[8.683s][info ][gc,phases     ] GC(244)   Pre Evacuate Collection Set: 0.4ms
[8.683s][info ][gc,phases     ] GC(244)   Merge Heap Roots: 0.2ms
[8.683s][info ][gc,phases     ] GC(244)   Evacuate Collection Set: 16.8ms
[8.683s][info ][gc,phases     ] GC(244)   Post Evacuate Collection Set: 0.8ms
[8.683s][info ][gc,phases     ] GC(244)   Other: 0.8ms
[8.683s][info ][gc,heap       ] GC(244) Eden regions: 87->0(62)
[8.683s][info ][gc,heap       ] GC(244) Survivor regions: 18->14(14)
[8.683s][info ][gc,heap       ] GC(244) Old regions: 653->722
[8.683s][info ][gc,heap       ] GC(244) Archive regions: 0->0
[8.683s][info ][gc,heap       ] GC(244) Humongous regions: 0->0
[8.683s][info ][gc,metaspace  ] GC(244) Metaspace: 6341K(6464K)->6341K(6464K) NonClass: 5794K(5824K)->5794K(5824K) Class: 546K(640K)->546K(640K)
[8.683s][debug][gc,heap       ] GC(244) Heap after GC invocations=245 (full 0):
[8.683s][debug][gc,heap       ] GC(244)  garbage-first heap   total 1048576K, used 753440K [0x00000000c0000000, 0x0000000100000000)
[8.683s][debug][gc,heap       ] GC(244)   region size 1024K, 14 young (14336K), 14 survivors (14336K)
[8.683s][debug][gc,heap       ] GC(244)  Metaspace       used 6341K, committed 6464K, reserved 1114112K
[8.683s][debug][gc,heap       ] GC(244)   class space    used 546K, committed 640K, reserved 1048576K
[8.683s][info ][gc            ] GC(244) Pause Young (Normal) (G1 Evacuation Pause) 757M->735M(1024M) 18.889ms
[8.683s][info ][gc,cpu        ] GC(244) User=0.16s Sys=0.01s Real=0.01s
[8.683s][info ][safepoint     ] Safepoint "G1CollectForAllocation", Time since last: 12021000 ns, Reaching safepoint: 19100 ns, Cleanup: 25300 ns, At safepoint: 19122501 ns, Total: 19166901 ns
[8.691s][debug][gc,heap       ] GC(245) Heap before GC invocations=245 (full 0):
[8.691s][debug][gc,heap       ] GC(245)  garbage-first heap   total 1048576K, used 815904K [0x00000000c0000000, 0x0000000100000000)
[8.691s][debug][gc,heap       ] GC(245)   region size 1024K, 76 young (77824K), 14 survivors (14336K)
[8.691s][debug][gc,heap       ] GC(245)  Metaspace       used 6341K, committed 6464K, reserved 1114112K
[8.691s][debug][gc,heap       ] GC(245)   class space    used 546K, committed 640K, reserved 1048576K
[8.691s][info ][gc,start      ] GC(245) Pause Young (Normal) (G1 Evacuation Pause)
[8.691s][info ][gc,task       ] GC(245) Using 10 workers of 10 for evacuation
[8.691s][trace][gc,ergo,cset  ] GC(245) Start choosing CSet. Pending cards: 39 target pause time: 200.00ms
[8.691s][trace][gc,ergo,cset  ] GC(245) Added young regions to CSet. Eden: 62 regions, Survivors: 14 regions, predicted eden time: 10.88ms, predicted base time: 1.59ms, target pause time: 200.00ms, remaining time: 187.54ms
[8.691s][debug][gc,ergo       ] GC(245) Running G1 Merge Heap Roots using 10 workers for 76 regions
[8.705s][debug][gc,ergo       ] GC(245) Running G1 Rebuild Free List Task using 10 workers for rebuilding free list of regions
[8.705s][debug][gc,ergo,heap  ] GC(245) Heap expansion: short term pause time ratio 58.46% long term pause time ratio 53.62% threshold 7.69% pause time ratio 7.69% fully expanded true resize by 0B
[8.705s][debug][gc,ergo,refine] GC(245) Concurrent refinement times: Logged Cards Scan time goal: 20.00ms Logged Cards Scan time: 0.03ms HCC time: 0.00ms
[8.705s][trace][gc,ergo,refine] GC(245) Updating Refinement Zones: logged cards scan time: 0.029ms, processed cards: 22, goal time: 20.000ms
[8.705s][debug][gc,ergo,refine] GC(245) Updated Refinement Zones: green: 2560, yellow: 7680, red: 12800
[8.705s][info ][gc,phases     ] GC(245)   Pre Evacuate Collection Set: 0.2ms
[8.705s][info ][gc,phases     ] GC(245)   Merge Heap Roots: 0.2ms
[8.705s][info ][gc,phases     ] GC(245)   Evacuate Collection Set: 12.8ms
[8.705s][info ][gc,phases     ] GC(245)   Post Evacuate Collection Set: 0.6ms
[8.705s][info ][gc,phases     ] GC(245)   Other: 0.2ms
[8.705s][info ][gc,heap       ] GC(245) Eden regions: 62->0(44)
[8.705s][info ][gc,heap       ] GC(245) Survivor regions: 14->10(10)
[8.705s][info ][gc,heap       ] GC(245) Old regions: 722->774
[8.705s][info ][gc,heap       ] GC(245) Archive regions: 0->0
[8.705s][info ][gc,heap       ] GC(245) Humongous regions: 0->0
[8.705s][info ][gc,metaspace  ] GC(245) Metaspace: 6341K(6464K)->6341K(6464K) NonClass: 5794K(5824K)->5794K(5824K) Class: 546K(640K)->546K(640K)
[8.705s][debug][gc,heap       ] GC(245) Heap after GC invocations=246 (full 0):
[8.705s][debug][gc,heap       ] GC(245)  garbage-first heap   total 1048576K, used 802792K [0x00000000c0000000, 0x0000000100000000)
[8.705s][debug][gc,heap       ] GC(245)   region size 1024K, 10 young (10240K), 10 survivors (10240K)
[8.705s][debug][gc,heap       ] GC(245)  Metaspace       used 6341K, committed 6464K, reserved 1114112K
[8.705s][debug][gc,heap       ] GC(245)   class space    used 546K, committed 640K, reserved 1048576K
[8.705s][info ][gc            ] GC(245) Pause Young (Normal) (G1 Evacuation Pause) 797M->783M(1024M) 13.992ms
[8.705s][info ][gc,cpu        ] GC(245) User=0.13s Sys=0.00s Real=0.02s
[8.705s][info ][safepoint     ] Safepoint "G1CollectForAllocation", Time since last: 8187800 ns, Reaching safepoint: 5300 ns, Cleanup: 5000 ns, At safepoint: 14111001 ns, Total: 14121301 ns
[8.709s][debug][gc,heap       ] GC(246) Heap before GC invocations=246 (full 0):
[8.709s][debug][gc,heap       ] GC(246)  garbage-first heap   total 1048576K, used 846824K [0x00000000c0000000, 0x0000000100000000)
[8.709s][debug][gc,heap       ] GC(246)   region size 1024K, 54 young (55296K), 10 survivors (10240K)
[8.709s][debug][gc,heap       ] GC(246)  Metaspace       used 6341K, committed 6464K, reserved 1114112K
[8.709s][debug][gc,heap       ] GC(246)   class space    used 546K, committed 640K, reserved 1048576K
[8.709s][info ][gc,start      ] GC(246) Pause Young (Normal) (G1 Evacuation Pause)
[8.709s][info ][gc,task       ] GC(246) Using 10 workers of 10 for evacuation
[8.709s][trace][gc,ergo,cset  ] GC(246) Start choosing CSet. Pending cards: 35 target pause time: 200.00ms
[8.709s][trace][gc,ergo,cset  ] GC(246) Added young regions to CSet. Eden: 44 regions, Survivors: 10 regions, predicted eden time: 8.19ms, predicted base time: 1.35ms, target pause time: 200.00ms, remaining time: 190.46ms
[8.710s][debug][gc,ergo       ] GC(246) Running G1 Merge Heap Roots using 10 workers for 54 regions
[8.722s][debug][gc,ergo       ] GC(246) Running G1 Rebuild Free List Task using 10 workers for rebuilding free list of regions
[8.722s][debug][gc,ergo,heap  ] GC(246) Heap expansion: short term pause time ratio 61.93% long term pause time ratio 52.93% threshold 7.69% pause time ratio 7.69% fully expanded true resize by 0B
[8.722s][debug][gc,ergo,refine] GC(246) Concurrent refinement times: Logged Cards Scan time goal: 20.00ms Logged Cards Scan time: 0.02ms HCC time: 0.00ms
[8.722s][trace][gc,ergo,refine] GC(246) Updating Refinement Zones: logged cards scan time: 0.016ms, processed cards: 18, goal time: 20.000ms
[8.722s][debug][gc,ergo,refine] GC(246) Updated Refinement Zones: green: 2560, yellow: 7680, red: 12800
[8.722s][info ][gc,phases     ] GC(246)   Pre Evacuate Collection Set: 0.3ms
[8.722s][info ][gc,phases     ] GC(246)   Merge Heap Roots: 0.2ms
[8.722s][info ][gc,phases     ] GC(246)   Evacuate Collection Set: 11.1ms
[8.722s][info ][gc,phases     ] GC(246)   Post Evacuate Collection Set: 0.8ms
[8.722s][info ][gc,phases     ] GC(246)   Other: 0.2ms
[8.722s][info ][gc,heap       ] GC(246) Eden regions: 44->0(44)
[8.722s][info ][gc,heap       ] GC(246) Survivor regions: 10->7(7)
[8.722s][info ][gc,heap       ] GC(246) Old regions: 774->814
[8.722s][info ][gc,heap       ] GC(246) Archive regions: 0->0
[8.722s][info ][gc,heap       ] GC(246) Humongous regions: 0->0
[8.722s][info ][gc,metaspace  ] GC(246) Metaspace: 6341K(6464K)->6341K(6464K) NonClass: 5794K(5824K)->5794K(5824K) Class: 546K(640K)->546K(640K)
[8.722s][debug][gc,heap       ] GC(246) Heap after GC invocations=247 (full 0):
[8.722s][debug][gc,heap       ] GC(246)  garbage-first heap   total 1048576K, used 840280K [0x00000000c0000000, 0x0000000100000000)
[8.722s][debug][gc,heap       ] GC(246)   region size 1024K, 7 young (7168K), 7 survivors (7168K)
[8.722s][debug][gc,heap       ] GC(246)  Metaspace       used 6341K, committed 6464K, reserved 1114112K
[8.722s][debug][gc,heap       ] GC(246)   class space    used 546K, committed 640K, reserved 1048576K
[8.722s][info ][gc            ] GC(246) Pause Young (Normal) (G1 Evacuation Pause) 827M->820M(1024M) 12.685ms
[8.722s][info ][gc,cpu        ] GC(246) User=0.10s Sys=0.00s Real=0.01s
[8.722s][info ][safepoint     ] Safepoint "G1CollectForAllocation", Time since last: 4361900 ns, Reaching safepoint: 6000 ns, Cleanup: 5200 ns, At safepoint: 12791000 ns, Total: 12802200 ns
[8.727s][debug][gc,heap       ] GC(247) Heap before GC invocations=247 (full 0):
[8.727s][debug][gc,heap       ] GC(247)  garbage-first heap   total 1048576K, used 884312K [0x00000000c0000000, 0x0000000100000000)
[8.727s][debug][gc,heap       ] GC(247)   region size 1024K, 51 young (52224K), 7 survivors (7168K)
[8.727s][debug][gc,heap       ] GC(247)  Metaspace       used 6341K, committed 6464K, reserved 1114112K
[8.727s][debug][gc,heap       ] GC(247)   class space    used 546K, committed 640K, reserved 1048576K
[8.727s][info ][gc,start      ] GC(247) Pause Young (Normal) (G1 Evacuation Pause)
[8.727s][info ][gc,task       ] GC(247) Using 10 workers of 10 for evacuation
[8.727s][trace][gc,ergo,cset  ] GC(247) Start choosing CSet. Pending cards: 26 target pause time: 200.00ms
[8.727s][trace][gc,ergo,cset  ] GC(247) Added young regions to CSet. Eden: 44 regions, Survivors: 7 regions, predicted eden time: 8.28ms, predicted base time: 1.25ms, target pause time: 200.00ms, remaining time: 190.47ms
[8.727s][debug][gc,ergo       ] GC(247) Running G1 Merge Heap Roots using 10 workers for 51 regions
[8.736s][debug][gc,ergo       ] GC(247) Running G1 Rebuild Free List Task using 10 workers for rebuilding free list of regions
[8.737s][debug][gc,ergo,heap  ] GC(247) Heap expansion: short term pause time ratio 72.72% long term pause time ratio 54.77% threshold 7.69% pause time ratio 7.69% fully expanded true resize by 0B
[8.737s][debug][gc,ergo,ihop  ] GC(247) Request concurrent cycle initiation (occupancy higher than threshold) occupancy: 893386752B allocation request: 0B threshold: 859189201B (80.02) source: end of GC
[8.737s][debug][gc,ergo,refine] GC(247) Concurrent refinement times: Logged Cards Scan time goal: 20.00ms Logged Cards Scan time: 0.01ms HCC time: 0.00ms
[8.737s][trace][gc,ergo,refine] GC(247) Updating Refinement Zones: logged cards scan time: 0.007ms, processed cards: 9, goal time: 20.000ms
[8.737s][debug][gc,ergo,refine] GC(247) Updated Refinement Zones: green: 2560, yellow: 7680, red: 12800
[8.737s][info ][gc,phases     ] GC(247)   Pre Evacuate Collection Set: 0.2ms
[8.737s][info ][gc,phases     ] GC(247)   Merge Heap Roots: 0.2ms
[8.737s][info ][gc,phases     ] GC(247)   Evacuate Collection Set: 8.6ms
[8.737s][info ][gc,phases     ] GC(247)   Post Evacuate Collection Set: 0.7ms
[8.737s][info ][gc,phases     ] GC(247)   Other: 0.2ms
[8.737s][info ][gc,heap       ] GC(247) Eden regions: 44->0(44)
[8.737s][info ][gc,heap       ] GC(247) Survivor regions: 7->7(7)
[8.737s][info ][gc,heap       ] GC(247) Old regions: 814->852
[8.737s][info ][gc,heap       ] GC(247) Archive regions: 0->0
[8.737s][info ][gc,heap       ] GC(247) Humongous regions: 0->0
[8.737s][info ][gc,metaspace  ] GC(247) Metaspace: 6341K(6464K)->6341K(6464K) NonClass: 5794K(5824K)->5794K(5824K) Class: 546K(640K)->546K(640K)
[8.737s][debug][gc,heap       ] GC(247) Heap after GC invocations=248 (full 0):
[8.737s][debug][gc,heap       ] GC(247)  garbage-first heap   total 1048576K, used 879192K [0x00000000c0000000, 0x0000000100000000)
[8.737s][debug][gc,heap       ] GC(247)   region size 1024K, 7 young (7168K), 7 survivors (7168K)
[8.737s][debug][gc,heap       ] GC(247)  Metaspace       used 6341K, committed 6464K, reserved 1114112K
[8.737s][debug][gc,heap       ] GC(247)   class space    used 546K, committed 640K, reserved 1048576K
[8.737s][info ][gc            ] GC(247) Pause Young (Normal) (G1 Evacuation Pause) 864M->858M(1024M) 9.854ms
[8.737s][info ][gc,cpu        ] GC(247) User=0.08s Sys=0.00s Real=0.01s
[8.737s][info ][safepoint     ] Safepoint "G1CollectForAllocation", Time since last: 4555400 ns, Reaching safepoint: 6200 ns, Cleanup: 5300 ns, At safepoint: 9952301 ns, Total: 9963801 ns
[8.742s][debug][gc,heap       ] GC(248) Heap before GC invocations=248 (full 0):
[8.742s][debug][gc,heap       ] GC(248)  garbage-first heap   total 1048576K, used 923224K [0x00000000c0000000, 0x0000000100000000)
[8.742s][debug][gc,heap       ] GC(248)   region size 1024K, 51 young (52224K), 7 survivors (7168K)
[8.742s][debug][gc,heap       ] GC(248)  Metaspace       used 6341K, committed 6464K, reserved 1114112K
[8.742s][debug][gc,heap       ] GC(248)   class space    used 546K, committed 640K, reserved 1048576K
[8.742s][debug][gc,ergo       ] GC(248) Initiate concurrent cycle (concurrent cycle initiation requested)
[8.742s][info ][gc,start      ] GC(248) Pause Young (Concurrent Start) (G1 Evacuation Pause)
[8.742s][info ][gc,task       ] GC(248) Using 10 workers of 10 for evacuation
[8.742s][trace][gc,ergo,cset  ] GC(248) Start choosing CSet. Pending cards: 37 target pause time: 200.00ms
[8.742s][trace][gc,ergo,cset  ] GC(248) Added young regions to CSet. Eden: 44 regions, Survivors: 7 regions, predicted eden time: 8.07ms, predicted base time: 1.26ms, target pause time: 200.00ms, remaining time: 190.67ms
[8.743s][debug][gc,ergo       ] GC(248) Running G1 Merge Heap Roots using 10 workers for 51 regions
[8.752s][debug][gc,ergo       ] GC(248) Running G1 Rebuild Free List Task using 10 workers for rebuilding free list of regions
[8.752s][debug][gc,ergo,heap  ] GC(248) Heap expansion: short term pause time ratio 66.44% long term pause time ratio 56.87% threshold 7.69% pause time ratio 7.69% fully expanded true resize by 0B
[8.752s][debug][gc,ergo,refine] GC(248) Concurrent refinement times: Logged Cards Scan time goal: 20.00ms Logged Cards Scan time: 0.04ms HCC time: 0.00ms
[8.752s][trace][gc,ergo,refine] GC(248) Updating Refinement Zones: logged cards scan time: 0.036ms, processed cards: 24, goal time: 20.000ms
[8.752s][debug][gc,ergo,refine] GC(248) Updated Refinement Zones: green: 2560, yellow: 7680, red: 12800
[8.752s][info ][gc,phases     ] GC(248)   Pre Evacuate Collection Set: 0.3ms
[8.752s][info ][gc,phases     ] GC(248)   Merge Heap Roots: 0.2ms
[8.752s][info ][gc,phases     ] GC(248)   Evacuate Collection Set: 8.7ms
[8.752s][info ][gc,phases     ] GC(248)   Post Evacuate Collection Set: 0.8ms
[8.752s][info ][gc,phases     ] GC(248)   Other: 0.3ms
[8.752s][info ][gc,heap       ] GC(248) Eden regions: 44->0(44)
[8.752s][info ][gc,heap       ] GC(248) Survivor regions: 7->7(7)
[8.752s][info ][gc,heap       ] GC(248) Old regions: 852->891
[8.752s][info ][gc,heap       ] GC(248) Archive regions: 0->0
[8.752s][info ][gc,heap       ] GC(248) Humongous regions: 0->0
[8.752s][info ][gc,metaspace  ] GC(248) Metaspace: 6341K(6464K)->6341K(6464K) NonClass: 5794K(5824K)->5794K(5824K) Class: 546K(640K)->546K(640K)
[8.752s][debug][gc,heap       ] GC(248) Heap after GC invocations=249 (full 0):
[8.752s][debug][gc,heap       ] GC(248)  garbage-first heap   total 1048576K, used 918628K [0x00000000c0000000, 0x0000000100000000)
[8.752s][debug][gc,heap       ] GC(248)   region size 1024K, 7 young (7168K), 7 survivors (7168K)
[8.752s][debug][gc,heap       ] GC(248)  Metaspace       used 6341K, committed 6464K, reserved 1114112K
[8.752s][debug][gc,heap       ] GC(248)   class space    used 546K, committed 640K, reserved 1048576K
[8.752s][info ][gc            ] GC(248) Pause Young (Concurrent Start) (G1 Evacuation Pause) 902M->897M(1024M) 10.203ms
[8.752s][info ][gc,cpu        ] GC(248) User=0.09s Sys=0.00s Real=0.01s
[8.753s][info ][safepoint     ] Safepoint "G1CollectForAllocation", Time since last: 5490400 ns, Reaching safepoint: 5100 ns, Cleanup: 4900 ns, At safepoint: 10365100 ns, Total: 10375100 ns
[8.753s][info ][gc            ] GC(249) Concurrent Mark Cycle
[8.753s][info ][gc,marking    ] GC(249) Concurrent Clear Claimed Marks
[8.753s][info ][gc,marking    ] GC(249) Concurrent Clear Claimed Marks 0.014ms
[8.753s][info ][gc,marking    ] GC(249) Concurrent Scan Root Regions
[8.753s][debug][gc,ergo       ] GC(249) Running G1 Root Region Scan using 3 workers for 47 work units.
[8.753s][info ][gc,marking    ] GC(249) Concurrent Scan Root Regions 0.170ms
[8.753s][info ][gc,marking    ] GC(249) Concurrent Mark
[8.753s][info ][gc,marking    ] GC(249) Concurrent Mark From Roots
[8.753s][info ][gc,task       ] GC(249) Using 3 workers of 3 for marking
[8.758s][info ][gc,marking    ] GC(249) Concurrent Mark From Roots 4.687ms
[8.758s][info ][gc,marking    ] GC(249) Concurrent Preclean
[8.758s][info ][gc,marking    ] GC(249) Concurrent Preclean 0.058ms
[8.758s][info ][gc,start      ] GC(249) Pause Remark
[8.759s][debug][gc,ergo       ] GC(249) Running G1 Update RemSet Tracking Before Rebuild using 3 workers for 1024 regions in heap
[8.759s][info ][gc            ] GC(249) Pause Remark 931M->535M(1024M) 1.524ms
[8.759s][info ][gc,cpu        ] GC(249) User=0.00s Sys=0.00s Real=0.00s
[8.759s][info ][safepoint     ] Safepoint "G1PauseRemark", Time since last: 5164901 ns, Reaching safepoint: 110500 ns, Cleanup: 4900 ns, At safepoint: 1574200 ns, Total: 1689600 ns
[8.759s][info ][gc,marking    ] GC(249) Concurrent Mark 6.650ms
[8.759s][info ][gc,marking    ] GC(249) Concurrent Rebuild Remembered Sets
[8.761s][debug][gc,heap       ] GC(250) Heap before GC invocations=249 (full 0):
[8.761s][debug][gc,heap       ] GC(250)  garbage-first heap   total 1048576K, used 557156K [0x00000000c0000000, 0x0000000100000000)
[8.761s][debug][gc,heap       ] GC(250)   region size 1024K, 51 young (52224K), 7 survivors (7168K)
[8.761s][debug][gc,heap       ] GC(250)  Metaspace       used 6341K, committed 6464K, reserved 1114112K
[8.761s][debug][gc,heap       ] GC(250)   class space    used 546K, committed 640K, reserved 1048576K
[8.761s][info ][gc,start      ] GC(250) Pause Young (Normal) (G1 Evacuation Pause)
[8.761s][info ][gc,task       ] GC(250) Using 10 workers of 10 for evacuation
[8.761s][trace][gc,ergo,cset  ] GC(250) Start choosing CSet. Pending cards: 75 target pause time: 200.00ms
[8.761s][trace][gc,ergo,cset  ] GC(250) Added young regions to CSet. Eden: 44 regions, Survivors: 7 regions, predicted eden time: 7.46ms, predicted base time: 1.21ms, target pause time: 200.00ms, remaining time: 191.33ms
[8.761s][debug][gc,ergo       ] GC(250) Running G1 Merge Heap Roots using 10 workers for 51 regions
[8.771s][debug][gc,ergo       ] GC(250) Running G1 Rebuild Free List Task using 10 workers for rebuilding free list of regions
[8.771s][debug][gc,ergo,heap  ] GC(250) Heap expansion: short term pause time ratio 21.37% long term pause time ratio 56.40% threshold 7.69% pause time ratio 7.69% fully expanded true resize by 0B
[8.771s][debug][gc,ergo,refine] GC(250) Concurrent refinement times: Logged Cards Scan time goal: 20.00ms Logged Cards Scan time: 0.02ms HCC time: 0.00ms
[8.771s][trace][gc,ergo,refine] GC(250) Updating Refinement Zones: logged cards scan time: 0.022ms, processed cards: 58, goal time: 20.000ms
[8.771s][debug][gc,ergo,refine] GC(250) Updated Refinement Zones: green: 2560, yellow: 7680, red: 12800
[8.771s][info ][gc,phases     ] GC(250)   Pre Evacuate Collection Set: 0.2ms
[8.771s][info ][gc,phases     ] GC(250)   Merge Heap Roots: 0.2ms
[8.771s][info ][gc,phases     ] GC(250)   Evacuate Collection Set: 8.8ms
[8.771s][info ][gc,phases     ] GC(250)   Post Evacuate Collection Set: 0.7ms
[8.771s][info ][gc,phases     ] GC(250)   Other: 0.2ms
[8.771s][info ][gc,heap       ] GC(250) Eden regions: 44->0(132)
[8.771s][info ][gc,heap       ] GC(250) Survivor regions: 7->7(7)
[8.771s][info ][gc,heap       ] GC(250) Old regions: 495->534
[8.771s][info ][gc,heap       ] GC(250) Archive regions: 0->0
[8.771s][info ][gc,heap       ] GC(250) Humongous regions: 0->0
[8.771s][info ][gc,metaspace  ] GC(250) Metaspace: 6341K(6464K)->6341K(6464K) NonClass: 5794K(5824K)->5794K(5824K) Class: 546K(640K)->546K(640K)
[8.771s][debug][gc,heap       ] GC(250) Heap after GC invocations=250 (full 0):
[8.771s][debug][gc,heap       ] GC(250)  garbage-first heap   total 1048576K, used 553360K [0x00000000c0000000, 0x0000000100000000)
[8.771s][debug][gc,heap       ] GC(250)   region size 1024K, 7 young (7168K), 7 survivors (7168K)
[8.771s][debug][gc,heap       ] GC(250)  Metaspace       used 6341K, committed 6464K, reserved 1114112K
[8.771s][debug][gc,heap       ] GC(250)   class space    used 546K, committed 640K, reserved 1048576K
[8.771s][info ][gc            ] GC(250) Pause Young (Normal) (G1 Evacuation Pause) 545M->540M(1024M) 10.093ms
[8.771s][info ][gc,cpu        ] GC(250) User=0.09s Sys=0.00s Real=0.01s
[8.771s][info ][safepoint     ] Safepoint "G1CollectForAllocation", Time since last: 1515200 ns, Reaching safepoint: 47500 ns, Cleanup: 3900 ns, At safepoint: 10267700 ns, Total: 10319100 ns
[8.772s][info ][gc,marking    ] GC(249) Concurrent Rebuild Remembered Sets 12.878ms
[8.773s][info ][gc,start      ] GC(249) Pause Cleanup
[8.773s][debug][gc,ergo,cset  ] GC(249) Pruned 130 regions out of 440, leaving 53463864 bytes waste (allowed 53687091)
[8.773s][info ][gc            ] GC(249) Pause Cleanup 550M->550M(1024M) 0.555ms
[8.773s][info ][gc,cpu        ] GC(249) User=0.00s Sys=0.00s Real=0.00s
[8.773s][info ][safepoint     ] Safepoint "G1PauseCleanup", Time since last: 1281100 ns, Reaching safepoint: 4800 ns, Cleanup: 4300 ns, At safepoint: 581800 ns, Total: 590900 ns
[8.773s][info ][gc,marking    ] GC(249) Concurrent Cleanup for Next Mark
[8.773s][debug][gc,ergo       ] GC(249) Running G1 Clear Bitmap with 3 workers for 16 work units.
[8.776s][info ][gc,marking    ] GC(249) Concurrent Cleanup for Next Mark 2.600ms
[8.776s][info ][gc            ] GC(249) Concurrent Mark Cycle 23.308ms
[8.789s][debug][gc,heap       ] GC(251) Heap before GC invocations=251 (full 0):
[8.789s][debug][gc,heap       ] GC(251)  garbage-first heap   total 1048576K, used 687504K [0x00000000c0000000, 0x0000000100000000)
[8.789s][debug][gc,heap       ] GC(251)   region size 1024K, 139 young (142336K), 7 survivors (7168K)
[8.789s][debug][gc,heap       ] GC(251)  Metaspace       used 6341K, committed 6464K, reserved 1114112K
[8.789s][debug][gc,heap       ] GC(251)   class space    used 546K, committed 640K, reserved 1048576K
[8.789s][info ][gc,start      ] GC(251) Pause Young (Prepare Mixed) (G1 Evacuation Pause)
[8.789s][info ][gc,task       ] GC(251) Using 10 workers of 10 for evacuation
[8.789s][trace][gc,ergo,cset  ] GC(251) Start choosing CSet. Pending cards: 64 target pause time: 200.00ms
[8.789s][trace][gc,ergo,cset  ] GC(251) Added young regions to CSet. Eden: 132 regions, Survivors: 7 regions, predicted eden time: 21.81ms, predicted base time: 1.55ms, target pause time: 200.00ms, remaining time: 176.64ms
[8.789s][debug][gc,ergo       ] GC(251) Running G1 Merge Heap Roots using 10 workers for 139 regions
[8.809s][debug][gc,ergo       ] GC(251) Running G1 Rebuild Free List Task using 10 workers for rebuilding free list of regions
[8.809s][debug][gc,ergo,heap  ] GC(251) Heap expansion: short term pause time ratio 24.86% long term pause time ratio 57.25% threshold 7.69% pause time ratio 7.69% fully expanded true resize by 0B
[8.809s][debug][gc,ergo,refine] GC(251) Concurrent refinement times: Logged Cards Scan time goal: 20.00ms Logged Cards Scan time: 0.07ms HCC time: 0.00ms
[8.809s][trace][gc,ergo,refine] GC(251) Updating Refinement Zones: logged cards scan time: 0.074ms, processed cards: 47, goal time: 19.999ms
[8.809s][debug][gc,ergo,refine] GC(251) Updated Refinement Zones: green: 2560, yellow: 7680, red: 12800
[8.809s][info ][gc,phases     ] GC(251)   Pre Evacuate Collection Set: 0.3ms
[8.809s][info ][gc,phases     ] GC(251)   Merge Heap Roots: 0.2ms
[8.809s][info ][gc,phases     ] GC(251)   Evacuate Collection Set: 18.9ms
[8.809s][info ][gc,phases     ] GC(251)   Post Evacuate Collection Set: 0.7ms
[8.809s][info ][gc,phases     ] GC(251)   Other: 0.2ms
[8.809s][info ][gc,heap       ] GC(251) Eden regions: 132->0(33)
[8.809s][info ][gc,heap       ] GC(251) Survivor regions: 7->18(18)
[8.809s][info ][gc,heap       ] GC(251) Old regions: 534->617
[8.809s][info ][gc,heap       ] GC(251) Archive regions: 0->0
[8.809s][info ][gc,heap       ] GC(251) Humongous regions: 0->0
[8.809s][info ][gc,metaspace  ] GC(251) Metaspace: 6341K(6464K)->6341K(6464K) NonClass: 5794K(5824K)->5794K(5824K) Class: 546K(640K)->546K(640K)
[8.809s][debug][gc,heap       ] GC(251) Heap after GC invocations=252 (full 0):
[8.809s][debug][gc,heap       ] GC(251)  garbage-first heap   total 1048576K, used 649416K [0x00000000c0000000, 0x0000000100000000)
[8.809s][debug][gc,heap       ] GC(251)   region size 1024K, 18 young (18432K), 18 survivors (18432K)
[8.809s][debug][gc,heap       ] GC(251)  Metaspace       used 6341K, committed 6464K, reserved 1114112K
[8.809s][debug][gc,heap       ] GC(251)   class space    used 546K, committed 640K, reserved 1048576K
[8.809s][info ][gc            ] GC(251) Pause Young (Prepare Mixed) (G1 Evacuation Pause) 672M->634M(1024M) 20.286ms
[8.809s][info ][gc,cpu        ] GC(251) User=0.19s Sys=0.00s Real=0.02s
[8.809s][info ][safepoint     ] Safepoint "G1CollectForAllocation", Time since last: 15724901 ns, Reaching safepoint: 4600 ns, Cleanup: 4900 ns, At safepoint: 20395400 ns, Total: 20404900 ns
[8.813s][debug][gc,heap       ] GC(252) Heap before GC invocations=252 (full 0):
[8.813s][debug][gc,heap       ] GC(252)  garbage-first heap   total 1048576K, used 682184K [0x00000000c0000000, 0x0000000100000000)
[8.813s][debug][gc,heap       ] GC(252)   region size 1024K, 51 young (52224K), 18 survivors (18432K)
[8.813s][debug][gc,heap       ] GC(252)  Metaspace       used 6341K, committed 6464K, reserved 1114112K
[8.813s][debug][gc,heap       ] GC(252)   class space    used 546K, committed 640K, reserved 1048576K
[8.813s][info ][gc,start      ] GC(252) Pause Young (Mixed) (G1 Evacuation Pause)
[8.813s][info ][gc,task       ] GC(252) Using 10 workers of 10 for evacuation
[8.813s][trace][gc,ergo,cset  ] GC(252) Start choosing CSet. Pending cards: 37 target pause time: 200.00ms
[8.813s][trace][gc,ergo,cset  ] GC(252) Added young regions to CSet. Eden: 33 regions, Survivors: 18 regions, predicted eden time: 6.10ms, predicted base time: 1.31ms, target pause time: 200.00ms, remaining time: 192.59ms
[8.813s][debug][gc,ergo,cset  ] GC(252) Start adding old regions to collection set. Min 39 regions, max 103 regions, time remaining 192.59ms, optional threshold 38.52ms
[8.813s][debug][gc,ergo,cset  ] GC(252) Finish adding old regions to collection set (Maximum number of regions). Initial 103 regions, optional 0 regions
[8.813s][debug][gc,ergo,cset  ] GC(252) Finish choosing collection set old regions. Initial: 103, optional: 0, predicted old time: 0.00ms, predicted optional time: 0.00ms, time remaining: 190.29
[8.813s][debug][gc,ergo       ] GC(252) Running G1 Merge Heap Roots using 10 workers for 154 regions
[8.823s][debug][gc,ergo       ] GC(252) Running G1 Rebuild Free List Task using 10 workers for rebuilding free list of regions
[8.823s][debug][gc,ergo,heap  ] GC(252) Heap expansion: short term pause time ratio 55.90% long term pause time ratio 59.77% threshold 7.69% pause time ratio 7.69% fully expanded true resize by 0B
[8.823s][debug][gc,ergo,refine] GC(252) Concurrent refinement times: Logged Cards Scan time goal: 20.00ms Logged Cards Scan time: 0.04ms HCC time: 0.00ms
[8.823s][trace][gc,ergo,refine] GC(252) Updating Refinement Zones: logged cards scan time: 0.045ms, processed cards: 14, goal time: 19.999ms
[8.823s][debug][gc,ergo,refine] GC(252) Updated Refinement Zones: green: 2560, yellow: 7680, red: 12800
[8.823s][info ][gc,phases     ] GC(252)   Pre Evacuate Collection Set: 0.3ms
[8.823s][info ][gc,phases     ] GC(252)   Merge Heap Roots: 0.2ms
[8.823s][info ][gc,phases     ] GC(252)   Evacuate Collection Set: 9.1ms
[8.823s][info ][gc,phases     ] GC(252)   Post Evacuate Collection Set: 0.7ms
[8.823s][info ][gc,phases     ] GC(252)   Other: 0.2ms
[8.823s][info ][gc,heap       ] GC(252) Eden regions: 33->0(44)
[8.823s][info ][gc,heap       ] GC(252) Survivor regions: 18->7(7)
[8.823s][info ][gc,heap       ] GC(252) Old regions: 617->554
[8.823s][info ][gc,heap       ] GC(252) Archive regions: 0->0
[8.823s][info ][gc,heap       ] GC(252) Humongous regions: 0->0
[8.823s][info ][gc,metaspace  ] GC(252) Metaspace: 6341K(6464K)->6341K(6464K) NonClass: 5794K(5824K)->5794K(5824K) Class: 546K(640K)->546K(640K)
[8.823s][debug][gc,heap       ] GC(252) Heap after GC invocations=253 (full 0):
[8.823s][debug][gc,heap       ] GC(252)  garbage-first heap   total 1048576K, used 573640K [0x00000000c0000000, 0x0000000100000000)
[8.823s][debug][gc,heap       ] GC(252)   region size 1024K, 7 young (7168K), 7 survivors (7168K)
[8.823s][debug][gc,heap       ] GC(252)  Metaspace       used 6341K, committed 6464K, reserved 1114112K
[8.823s][debug][gc,heap       ] GC(252)   class space    used 546K, committed 640K, reserved 1048576K
[8.823s][info ][gc            ] GC(252) Pause Young (Mixed) (G1 Evacuation Pause) 667M->560M(1024M) 10.540ms
[8.823s][info ][gc,cpu        ] GC(252) User=0.08s Sys=0.00s Real=0.02s
[8.823s][info ][safepoint     ] Safepoint "G1CollectForAllocation", Time since last: 3393501 ns, Reaching safepoint: 4500 ns, Cleanup: 5000 ns, At safepoint: 10640000 ns, Total: 10649500 ns
[8.827s][debug][gc,heap       ] GC(253) Heap before GC invocations=253 (full 0):
[8.827s][debug][gc,heap       ] GC(253)  garbage-first heap   total 1048576K, used 617672K [0x00000000c0000000, 0x0000000100000000)
[8.827s][debug][gc,heap       ] GC(253)   region size 1024K, 51 young (52224K), 7 survivors (7168K)
[8.827s][debug][gc,heap       ] GC(253)  Metaspace       used 6341K, committed 6464K, reserved 1114112K
[8.827s][debug][gc,heap       ] GC(253)   class space    used 546K, committed 640K, reserved 1048576K
[8.827s][info ][gc,start      ] GC(253) Pause Young (Mixed) (G1 Evacuation Pause)
[8.827s][info ][gc,task       ] GC(253) Using 10 workers of 10 for evacuation
[8.827s][trace][gc,ergo,cset  ] GC(253) Start choosing CSet. Pending cards: 34 target pause time: 200.00ms
[8.827s][trace][gc,ergo,cset  ] GC(253) Added young regions to CSet. Eden: 44 regions, Survivors: 7 regions, predicted eden time: 7.87ms, predicted base time: 1.35ms, target pause time: 200.00ms, remaining time: 190.79ms
[8.827s][debug][gc,ergo,cset  ] GC(253) Start adding old regions to collection set. Min 39 regions, max 103 regions, time remaining 190.79ms, optional threshold 38.16ms
[8.827s][debug][gc,ergo,cset  ] GC(253) Finish adding old regions to collection set (Maximum number of regions). Initial 103 regions, optional 0 regions
[8.827s][debug][gc,ergo,cset  ] GC(253) Finish choosing collection set old regions. Initial: 103, optional: 0, predicted old time: 0.00ms, predicted optional time: 0.00ms, time remaining: 187.30
[8.828s][debug][gc,ergo       ] GC(253) Running G1 Merge Heap Roots using 10 workers for 154 regions
[8.838s][debug][gc,ergo       ] GC(253) Running G1 Rebuild Free List Task using 10 workers for rebuilding free list of regions
[8.838s][debug][gc,ergo,heap  ] GC(253) Heap expansion: short term pause time ratio 73.74% long term pause time ratio 62.08% threshold 7.69% pause time ratio 7.69% fully expanded true resize by 0B
[8.838s][debug][gc,ergo,refine] GC(253) Concurrent refinement times: Logged Cards Scan time goal: 20.00ms Logged Cards Scan time: 0.01ms HCC time: 0.00ms
[8.838s][trace][gc,ergo,refine] GC(253) Updating Refinement Zones: logged cards scan time: 0.015ms, processed cards: 11, goal time: 19.999ms
[8.838s][debug][gc,ergo,refine] GC(253) Updated Refinement Zones: green: 2560, yellow: 7680, red: 12800
[8.838s][info ][gc,phases     ] GC(253)   Pre Evacuate Collection Set: 0.3ms
[8.838s][info ][gc,phases     ] GC(253)   Merge Heap Roots: 0.2ms
[8.838s][info ][gc,phases     ] GC(253)   Evacuate Collection Set: 9.9ms
[8.838s][info ][gc,phases     ] GC(253)   Post Evacuate Collection Set: 0.6ms
[8.838s][info ][gc,phases     ] GC(253)   Other: 0.2ms
[8.838s][info ][gc,heap       ] GC(253) Eden regions: 44->0(44)
[8.838s][info ][gc,heap       ] GC(253) Survivor regions: 7->7(7)
[8.838s][info ][gc,heap       ] GC(253) Old regions: 554->495
[8.838s][info ][gc,heap       ] GC(253) Archive regions: 0->0
[8.838s][info ][gc,heap       ] GC(253) Humongous regions: 0->0
[8.838s][info ][gc,metaspace  ] GC(253) Metaspace: 6341K(6464K)->6341K(6464K) NonClass: 5794K(5824K)->5794K(5824K) Class: 546K(640K)->546K(640K)
[8.838s][debug][gc,heap       ] GC(253) Heap after GC invocations=254 (full 0):
[8.838s][debug][gc,heap       ] GC(253)  garbage-first heap   total 1048576K, used 513224K [0x00000000c0000000, 0x0000000100000000)
[8.838s][debug][gc,heap       ] GC(253)   region size 1024K, 7 young (7168K), 7 survivors (7168K)
[8.838s][debug][gc,heap       ] GC(253)  Metaspace       used 6341K, committed 6464K, reserved 1114112K
[8.838s][debug][gc,heap       ] GC(253)   class space    used 546K, committed 640K, reserved 1048576K
[8.838s][info ][gc            ] GC(253) Pause Young (Mixed) (G1 Evacuation Pause) 604M->501M(1024M) 11.149ms
[8.838s][info ][gc,cpu        ] GC(253) User=0.10s Sys=0.00s Real=0.01s
[8.838s][info ][safepoint     ] Safepoint "G1CollectForAllocation", Time since last: 3830600 ns, Reaching safepoint: 6600 ns, Cleanup: 6200 ns, At safepoint: 11257300 ns, Total: 11270100 ns
[8.843s][debug][gc,heap       ] GC(254) Heap before GC invocations=254 (full 0):
[8.843s][debug][gc,heap       ] GC(254)  garbage-first heap   total 1048576K, used 557256K [0x00000000c0000000, 0x0000000100000000)
[8.843s][debug][gc,heap       ] GC(254)   region size 1024K, 51 young (52224K), 7 survivors (7168K)
[8.843s][debug][gc,heap       ] GC(254)  Metaspace       used 6341K, committed 6464K, reserved 1114112K
[8.843s][debug][gc,heap       ] GC(254)   class space    used 546K, committed 640K, reserved 1048576K
[8.843s][info ][gc,start      ] GC(254) Pause Young (Mixed) (G1 Evacuation Pause)
[8.843s][info ][gc,task       ] GC(254) Using 10 workers of 10 for evacuation
[8.843s][trace][gc,ergo,cset  ] GC(254) Start choosing CSet. Pending cards: 32 target pause time: 200.00ms
[8.844s][trace][gc,ergo,cset  ] GC(254) Added young regions to CSet. Eden: 44 regions, Survivors: 7 regions, predicted eden time: 7.87ms, predicted base time: 1.31ms, target pause time: 200.00ms, remaining time: 190.82ms
[8.844s][debug][gc,ergo,cset  ] GC(254) Start adding old regions to collection set. Min 39 regions, max 103 regions, time remaining 190.82ms, optional threshold 38.16ms
[8.844s][debug][gc,ergo,cset  ] GC(254) Finish adding old regions to collection set (Maximum number of regions). Initial 103 regions, optional 0 regions
[8.844s][debug][gc,ergo,cset  ] GC(254) Finish choosing collection set old regions. Initial: 103, optional: 0, predicted old time: 0.00ms, predicted optional time: 0.00ms, time remaining: 184.22
[8.844s][debug][gc,ergo       ] GC(254) Running G1 Merge Heap Roots using 10 workers for 154 regions
[8.855s][debug][gc,ergo       ] GC(254) Running G1 Rebuild Free List Task using 10 workers for rebuilding free list of regions
[8.855s][debug][gc,ergo,heap  ] GC(254) Heap expansion: short term pause time ratio 72.63% long term pause time ratio 63.84% threshold 7.69% pause time ratio 7.69% fully expanded true resize by 0B
[8.855s][debug][gc,ergo,refine] GC(254) Concurrent refinement times: Logged Cards Scan time goal: 20.00ms Logged Cards Scan time: 0.01ms HCC time: 0.00ms
[8.855s][trace][gc,ergo,refine] GC(254) Updating Refinement Zones: logged cards scan time: 0.009ms, processed cards: 8, goal time: 19.998ms
[8.855s][debug][gc,ergo,refine] GC(254) Updated Refinement Zones: green: 2560, yellow: 7680, red: 12800
[8.855s][info ][gc,phases     ] GC(254)   Pre Evacuate Collection Set: 0.5ms
[8.855s][info ][gc,phases     ] GC(254)   Merge Heap Roots: 0.2ms
[8.855s][info ][gc,phases     ] GC(254)   Evacuate Collection Set: 10.2ms
[8.855s][info ][gc,phases     ] GC(254)   Post Evacuate Collection Set: 0.9ms
[8.855s][info ][gc,phases     ] GC(254)   Other: 0.4ms
[8.855s][info ][gc,heap       ] GC(254) Eden regions: 44->0(44)
[8.855s][info ][gc,heap       ] GC(254) Survivor regions: 7->7(7)
[8.855s][info ][gc,heap       ] GC(254) Old regions: 495->439
[8.855s][info ][gc,heap       ] GC(254) Archive regions: 0->0
[8.855s][info ][gc,heap       ] GC(254) Humongous regions: 0->0
[8.855s][info ][gc,metaspace  ] GC(254) Metaspace: 6341K(6464K)->6341K(6464K) NonClass: 5794K(5824K)->5794K(5824K) Class: 546K(640K)->546K(640K)
[8.855s][debug][gc,heap       ] GC(254) Heap after GC invocations=255 (full 0):
[8.855s][debug][gc,heap       ] GC(254)  garbage-first heap   total 1048576K, used 455880K [0x00000000c0000000, 0x0000000100000000)
[8.855s][debug][gc,heap       ] GC(254)   region size 1024K, 7 young (7168K), 7 survivors (7168K)
[8.855s][debug][gc,heap       ] GC(254)  Metaspace       used 6341K, committed 6464K, reserved 1114112K
[8.855s][debug][gc,heap       ] GC(254)   class space    used 546K, committed 640K, reserved 1048576K
[8.856s][info ][gc            ] GC(254) Pause Young (Mixed) (G1 Evacuation Pause) 545M->445M(1024M) 12.087ms
[8.856s][info ][gc,cpu        ] GC(254) User=0.09s Sys=0.00s Real=0.01s
[8.856s][info ][safepoint     ] Safepoint "G1CollectForAllocation", Time since last: 4749001 ns, Reaching safepoint: 21200 ns, Cleanup: 16400 ns, At safepoint: 12400600 ns, Total: 12438200 ns
[8.862s][debug][gc,heap       ] GC(255) Heap before GC invocations=255 (full 0):
[8.862s][debug][gc,heap       ] GC(255)  garbage-first heap   total 1048576K, used 499912K [0x00000000c0000000, 0x0000000100000000)
[8.862s][debug][gc,heap       ] GC(255)   region size 1024K, 51 young (52224K), 7 survivors (7168K)
[8.862s][debug][gc,heap       ] GC(255)  Metaspace       used 6341K, committed 6464K, reserved 1114112K
[8.862s][debug][gc,heap       ] GC(255)   class space    used 546K, committed 640K, reserved 1048576K
[8.862s][info ][gc,start      ] GC(255) Pause Young (Mixed) (G1 Evacuation Pause)
[8.862s][info ][gc,task       ] GC(255) Using 10 workers of 10 for evacuation
[8.862s][trace][gc,ergo,cset  ] GC(255) Start choosing CSet. Pending cards: 27 target pause time: 200.00ms
[8.862s][trace][gc,ergo,cset  ] GC(255) Added young regions to CSet. Eden: 44 regions, Survivors: 7 regions, predicted eden time: 7.75ms, predicted base time: 1.52ms, target pause time: 200.00ms, remaining time: 190.73ms
[8.862s][debug][gc,ergo,cset  ] GC(255) Start adding old regions to collection set. Min 39 regions, max 103 regions, time remaining 190.73ms, optional threshold 38.15ms
[8.862s][debug][gc,ergo,cset  ] GC(255) Old candidate collection set empty.
[8.862s][debug][gc,ergo,cset  ] GC(255) Finish choosing collection set old regions. Initial: 1, optional: 0, predicted old time: 0.00ms, predicted optional time: 0.00ms, time remaining: 190.63
[8.862s][debug][gc,ergo       ] GC(255) Running G1 Merge Heap Roots using 10 workers for 52 regions
[8.871s][debug][gc,ergo       ] GC(255) Running G1 Rebuild Free List Task using 10 workers for rebuilding free list of regions
[8.871s][debug][gc,ergo,heap  ] GC(255) Heap expansion: short term pause time ratio 69.42% long term pause time ratio 64.75% threshold 7.69% pause time ratio 7.69% fully expanded true resize by 0B
[8.871s][debug][gc,ergo       ] GC(255) do not continue mixed GCs (candidate old regions not available)
[8.871s][debug][gc,ergo,refine] GC(255) Concurrent refinement times: Logged Cards Scan time goal: 20.00ms Logged Cards Scan time: 0.01ms HCC time: 0.00ms
[8.871s][trace][gc,ergo,refine] GC(255) Updating Refinement Zones: logged cards scan time: 0.011ms, processed cards: 16, goal time: 20.000ms
[8.871s][debug][gc,ergo,refine] GC(255) Updated Refinement Zones: green: 2560, yellow: 7680, red: 12800
[8.871s][info ][gc,phases     ] GC(255)   Pre Evacuate Collection Set: 0.3ms
[8.871s][info ][gc,phases     ] GC(255)   Merge Heap Roots: 0.2ms
[8.871s][info ][gc,phases     ] GC(255)   Evacuate Collection Set: 8.4ms
[8.872s][info ][gc,phases     ] GC(255)   Post Evacuate Collection Set: 0.7ms
[8.872s][info ][gc,phases     ] GC(255)   Other: 0.2ms
[8.872s][info ][gc,heap       ] GC(255) Eden regions: 44->0(157)
[8.872s][info ][gc,heap       ] GC(255) Survivor regions: 7->7(7)
[8.872s][info ][gc,heap       ] GC(255) Old regions: 439->475
[8.872s][info ][gc,heap       ] GC(255) Archive regions: 0->0
[8.872s][info ][gc,heap       ] GC(255) Humongous regions: 0->0
[8.872s][info ][gc,metaspace  ] GC(255) Metaspace: 6341K(6464K)->6341K(6464K) NonClass: 5794K(5824K)->5794K(5824K) Class: 546K(640K)->546K(640K)
[8.872s][debug][gc,heap       ] GC(255) Heap after GC invocations=256 (full 0):
[8.872s][debug][gc,heap       ] GC(255)  garbage-first heap   total 1048576K, used 493344K [0x00000000c0000000, 0x0000000100000000)
[8.872s][debug][gc,heap       ] GC(255)   region size 1024K, 7 young (7168K), 7 survivors (7168K)
[8.872s][debug][gc,heap       ] GC(255)  Metaspace       used 6341K, committed 6464K, reserved 1114112K
[8.872s][debug][gc,heap       ] GC(255)   class space    used 546K, committed 640K, reserved 1048576K
[8.872s][info ][gc            ] GC(255) Pause Young (Mixed) (G1 Evacuation Pause) 489M->481M(1024M) 9.690ms
[8.872s][info ][gc,cpu        ] GC(255) User=0.08s Sys=0.00s Real=0.01s
[8.872s][info ][safepoint     ] Safepoint "G1CollectForAllocation", Time since last: 6219200 ns, Reaching safepoint: 6100 ns, Cleanup: 5700 ns, At safepoint: 9803501 ns, Total: 9815301 ns
[8.890s][debug][gc,heap       ] GC(256) Heap before GC invocations=256 (full 0):
[8.890s][debug][gc,heap       ] GC(256)  garbage-first heap   total 1048576K, used 653088K [0x00000000c0000000, 0x0000000100000000)
[8.890s][debug][gc,heap       ] GC(256)   region size 1024K, 164 young (167936K), 7 survivors (7168K)
[8.890s][debug][gc,heap       ] GC(256)  Metaspace       used 6341K, committed 6464K, reserved 1114112K
[8.890s][debug][gc,heap       ] GC(256)   class space    used 546K, committed 640K, reserved 1048576K
[8.890s][info ][gc,start      ] GC(256) Pause Young (Normal) (G1 Evacuation Pause)
[8.890s][info ][gc,task       ] GC(256) Using 10 workers of 10 for evacuation
[8.890s][trace][gc,ergo,cset  ] GC(256) Start choosing CSet. Pending cards: 31 target pause time: 200.00ms
[8.890s][trace][gc,ergo,cset  ] GC(256) Added young regions to CSet. Eden: 157 regions, Survivors: 7 regions, predicted eden time: 23.74ms, predicted base time: 1.34ms, target pause time: 200.00ms, remaining time: 174.92ms
[8.891s][debug][gc,ergo       ] GC(256) Running G1 Merge Heap Roots using 10 workers for 164 regions
[8.912s][debug][gc,ergo       ] GC(256) Running G1 Rebuild Free List Task using 10 workers for rebuilding free list of regions
[8.912s][debug][gc,ergo,heap  ] GC(256) Heap expansion: short term pause time ratio 59.21% long term pause time ratio 63.24% threshold 7.69% pause time ratio 7.69% fully expanded true resize by 0B
[8.912s][debug][gc,ergo,refine] GC(256) Concurrent refinement times: Logged Cards Scan time goal: 20.00ms Logged Cards Scan time: 0.05ms HCC time: 0.00ms
[8.912s][trace][gc,ergo,refine] GC(256) Updating Refinement Zones: logged cards scan time: 0.055ms, processed cards: 19, goal time: 19.999ms
[8.912s][debug][gc,ergo,refine] GC(256) Updated Refinement Zones: green: 2560, yellow: 7680, red: 12800
[8.912s][info ][gc,phases     ] GC(256)   Pre Evacuate Collection Set: 0.2ms
[8.912s][info ][gc,phases     ] GC(256)   Merge Heap Roots: 0.2ms
[8.912s][info ][gc,phases     ] GC(256)   Evacuate Collection Set: 20.6ms
[8.912s][info ][gc,phases     ] GC(256)   Post Evacuate Collection Set: 1.0ms
[8.912s][info ][gc,phases     ] GC(256)   Other: 0.2ms
[8.912s][info ][gc,heap       ] GC(256) Eden regions: 157->0(117)
[8.912s][info ][gc,heap       ] GC(256) Survivor regions: 7->21(21)
[8.912s][info ][gc,heap       ] GC(256) Old regions: 475->567
[8.912s][info ][gc,heap       ] GC(256) Archive regions: 0->0
[8.912s][info ][gc,heap       ] GC(256) Humongous regions: 0->0
[8.912s][info ][gc,metaspace  ] GC(256) Metaspace: 6341K(6464K)->6341K(6464K) NonClass: 5794K(5824K)->5794K(5824K) Class: 546K(640K)->546K(640K)
[8.912s][debug][gc,heap       ] GC(256) Heap after GC invocations=257 (full 0):
[8.912s][debug][gc,heap       ] GC(256)  garbage-first heap   total 1048576K, used 601988K [0x00000000c0000000, 0x0000000100000000)
[8.912s][debug][gc,heap       ] GC(256)   region size 1024K, 21 young (21504K), 21 survivors (21504K)
[8.912s][debug][gc,heap       ] GC(256)  Metaspace       used 6341K, committed 6464K, reserved 1114112K
[8.912s][debug][gc,heap       ] GC(256)   class space    used 546K, committed 640K, reserved 1048576K
[8.912s][info ][gc            ] GC(256) Pause Young (Normal) (G1 Evacuation Pause) 638M->587M(1024M) 22.199ms
[8.912s][info ][gc,cpu        ] GC(256) User=0.20s Sys=0.00s Real=0.02s
[8.912s][info ][safepoint     ] Safepoint "G1CollectForAllocation", Time since last: 18536600 ns, Reaching safepoint: 6900 ns, Cleanup: 7600 ns, At safepoint: 22334701 ns, Total: 22349201 ns
[8.934s][debug][gc,heap       ] GC(257) Heap before GC invocations=257 (full 0):
[8.935s][debug][gc,heap       ] GC(257)  garbage-first heap   total 1048576K, used 720772K [0x00000000c0000000, 0x0000000100000000)
[8.935s][debug][gc,heap       ] GC(257)   region size 1024K, 138 young (141312K), 21 survivors (21504K)
[8.935s][debug][gc,heap       ] GC(257)  Metaspace       used 6341K, committed 6464K, reserved 1114112K
[8.935s][debug][gc,heap       ] GC(257)   class space    used 546K, committed 640K, reserved 1048576K
[8.935s][info ][gc,start      ] GC(257) Pause Young (Normal) (G1 Evacuation Pause)
[8.935s][info ][gc,task       ] GC(257) Using 10 workers of 10 for evacuation
[8.935s][trace][gc,ergo,cset  ] GC(257) Start choosing CSet. Pending cards: 38 target pause time: 200.00ms
[8.935s][trace][gc,ergo,cset  ] GC(257) Added young regions to CSet. Eden: 117 regions, Survivors: 21 regions, predicted eden time: 17.98ms, predicted base time: 1.28ms, target pause time: 200.00ms, remaining time: 180.75ms
[8.935s][debug][gc,ergo       ] GC(257) Running G1 Merge Heap Roots using 10 workers for 138 regions
[8.957s][debug][gc,ergo       ] GC(257) Running G1 Rebuild Free List Task using 10 workers for rebuilding free list of regions
[8.957s][debug][gc,ergo,heap  ] GC(257) Heap expansion: short term pause time ratio 53.86% long term pause time ratio 60.80% threshold 7.69% pause time ratio 7.69% fully expanded true resize by 0B
[8.957s][debug][gc,ergo,refine] GC(257) Concurrent refinement times: Logged Cards Scan time goal: 20.00ms Logged Cards Scan time: 0.04ms HCC time: 0.00ms
[8.957s][trace][gc,ergo,refine] GC(257) Updating Refinement Zones: logged cards scan time: 0.041ms, processed cards: 18, goal time: 19.999ms
[8.957s][debug][gc,ergo,refine] GC(257) Updated Refinement Zones: green: 2560, yellow: 7680, red: 12800
[8.957s][info ][gc,phases     ] GC(257)   Pre Evacuate Collection Set: 0.3ms
[8.957s][info ][gc,phases     ] GC(257)   Merge Heap Roots: 0.2ms
[8.957s][info ][gc,phases     ] GC(257)   Evacuate Collection Set: 21.0ms
[8.957s][info ][gc,phases     ] GC(257)   Post Evacuate Collection Set: 1.0ms
[8.957s][info ][gc,phases     ] GC(257)   Other: 0.4ms
[8.957s][info ][gc,heap       ] GC(257) Eden regions: 117->0(87)
[8.957s][info ][gc,heap       ] GC(257) Survivor regions: 21->18(18)
[8.957s][info ][gc,heap       ] GC(257) Old regions: 567->650
[8.957s][info ][gc,heap       ] GC(257) Archive regions: 0->0
[8.957s][info ][gc,heap       ] GC(257) Humongous regions: 0->0
[8.957s][info ][gc,metaspace  ] GC(257) Metaspace: 6341K(6464K)->6341K(6464K) NonClass: 5794K(5824K)->5794K(5824K) Class: 546K(640K)->546K(640K)
[8.957s][debug][gc,heap       ] GC(257) Heap after GC invocations=258 (full 0):
[8.957s][debug][gc,heap       ] GC(257)  garbage-first heap   total 1048576K, used 683408K [0x00000000c0000000, 0x0000000100000000)
[8.957s][debug][gc,heap       ] GC(257)   region size 1024K, 18 young (18432K), 18 survivors (18432K)
[8.957s][debug][gc,heap       ] GC(257)  Metaspace       used 6341K, committed 6464K, reserved 1114112K
[8.957s][debug][gc,heap       ] GC(257)   class space    used 546K, committed 640K, reserved 1048576K
[8.958s][info ][gc            ] GC(257) Pause Young (Normal) (G1 Evacuation Pause) 704M->667M(1024M) 22.933ms
[8.958s][info ][gc,cpu        ] GC(257) User=0.19s Sys=0.00s Real=0.02s
[8.958s][info ][safepoint     ] Safepoint "G1CollectForAllocation", Time since last: 21883601 ns, Reaching safepoint: 10500 ns, Cleanup: 13400 ns, At safepoint: 23197201 ns, Total: 23221101 ns
[8.979s][debug][gc,heap       ] GC(258) Heap before GC invocations=258 (full 0):
[8.979s][debug][gc,heap       ] GC(258)  garbage-first heap   total 1048576K, used 771472K [0x00000000c0000000, 0x0000000100000000)
[8.979s][debug][gc,heap       ] GC(258)   region size 1024K, 105 young (107520K), 18 survivors (18432K)
[8.979s][debug][gc,heap       ] GC(258)  Metaspace       used 6341K, committed 6464K, reserved 1114112K
[8.979s][debug][gc,heap       ] GC(258)   class space    used 546K, committed 640K, reserved 1048576K
[8.979s][info ][gc,start      ] GC(258) Pause Young (Normal) (G1 Evacuation Pause)
[8.979s][info ][gc,task       ] GC(258) Using 10 workers of 10 for evacuation
[8.979s][trace][gc,ergo,cset  ] GC(258) Start choosing CSet. Pending cards: 41 target pause time: 200.00ms
[8.979s][trace][gc,ergo,cset  ] GC(258) Added young regions to CSet. Eden: 87 regions, Survivors: 18 regions, predicted eden time: 14.34ms, predicted base time: 1.34ms, target pause time: 200.00ms, remaining time: 184.32ms
[8.979s][debug][gc,ergo       ] GC(258) Running G1 Merge Heap Roots using 10 workers for 105 regions
[9.016s][debug][gc,ergo       ] GC(258) Running G1 Rebuild Free List Task using 10 workers for rebuilding free list of regions
[9.017s][debug][gc,ergo,heap  ] GC(258) Heap expansion: short term pause time ratio 50.27% long term pause time ratio 58.27% threshold 7.69% pause time ratio 7.69% fully expanded true resize by 0B
[9.017s][debug][gc,ergo,refine] GC(258) Concurrent refinement times: Logged Cards Scan time goal: 20.00ms Logged Cards Scan time: 0.03ms HCC time: 0.00ms
[9.017s][trace][gc,ergo,refine] GC(258) Updating Refinement Zones: logged cards scan time: 0.026ms, processed cards: 28, goal time: 19.999ms
[9.017s][debug][gc,ergo,refine] GC(258) Updated Refinement Zones: green: 2560, yellow: 7680, red: 12800
[9.017s][info ][gc,phases     ] GC(258)   Pre Evacuate Collection Set: 0.3ms
[9.017s][info ][gc,phases     ] GC(258)   Merge Heap Roots: 0.2ms
[9.017s][info ][gc,phases     ] GC(258)   Evacuate Collection Set: 36.4ms
[9.017s][info ][gc,phases     ] GC(258)   Post Evacuate Collection Set: 0.9ms
[9.017s][info ][gc,phases     ] GC(258)   Other: 0.4ms
[9.017s][info ][gc,heap       ] GC(258) Eden regions: 87->0(64)
[9.017s][info ][gc,heap       ] GC(258) Survivor regions: 18->14(14)
[9.017s][info ][gc,heap       ] GC(258) Old regions: 650->717
[9.017s][info ][gc,heap       ] GC(258) Archive regions: 0->0
[9.017s][info ][gc,heap       ] GC(258) Humongous regions: 0->0
[9.017s][info ][gc,metaspace  ] GC(258) Metaspace: 6341K(6464K)->6341K(6464K) NonClass: 5794K(5824K)->5794K(5824K) Class: 546K(640K)->546K(640K)
[9.017s][debug][gc,heap       ] GC(258) Heap after GC invocations=259 (full 0):
[9.017s][debug][gc,heap       ] GC(258)  garbage-first heap   total 1048576K, used 748020K [0x00000000c0000000, 0x0000000100000000)
[9.017s][debug][gc,heap       ] GC(258)   region size 1024K, 14 young (14336K), 14 survivors (14336K)
[9.017s][debug][gc,heap       ] GC(258)  Metaspace       used 6341K, committed 6464K, reserved 1114112K
[9.017s][debug][gc,heap       ] GC(258)   class space    used 546K, committed 640K, reserved 1048576K
[9.017s][info ][gc            ] GC(258) Pause Young (Normal) (G1 Evacuation Pause) 754M->730M(1024M) 38.199ms
[9.017s][info ][gc,cpu        ] GC(258) User=0.28s Sys=0.00s Real=0.04s
[9.017s][info ][safepoint     ] Safepoint "G1CollectForAllocation", Time since last: 21005001 ns, Reaching safepoint: 14000 ns, Cleanup: 13700 ns, At safepoint: 38467701 ns, Total: 38495401 ns
[9.034s][debug][gc,heap       ] GC(259) Heap before GC invocations=259 (full 0):
[9.034s][debug][gc,heap       ] GC(259)  garbage-first heap   total 1048576K, used 812532K [0x00000000c0000000, 0x0000000100000000)
[9.034s][debug][gc,heap       ] GC(259)   region size 1024K, 78 young (79872K), 14 survivors (14336K)
[9.034s][debug][gc,heap       ] GC(259)  Metaspace       used 6341K, committed 6464K, reserved 1114112K
[9.034s][debug][gc,heap       ] GC(259)   class space    used 546K, committed 640K, reserved 1048576K
[9.034s][info ][gc,start      ] GC(259) Pause Young (Normal) (G1 Evacuation Pause)
[9.034s][info ][gc,task       ] GC(259) Using 10 workers of 10 for evacuation
[9.034s][trace][gc,ergo,cset  ] GC(259) Start choosing CSet. Pending cards: 33 target pause time: 200.00ms
[9.034s][trace][gc,ergo,cset  ] GC(259) Added young regions to CSet. Eden: 64 regions, Survivors: 14 regions, predicted eden time: 13.88ms, predicted base time: 1.30ms, target pause time: 200.00ms, remaining time: 184.82ms
[9.035s][debug][gc,ergo       ] GC(259) Running G1 Merge Heap Roots using 10 workers for 78 regions
[9.050s][debug][gc,ergo       ] GC(259) Running G1 Rebuild Free List Task using 10 workers for rebuilding free list of regions
[9.050s][debug][gc,ergo,heap  ] GC(259) Heap expansion: short term pause time ratio 63.75% long term pause time ratio 60.54% threshold 7.69% pause time ratio 7.69% fully expanded true resize by 0B
[9.050s][debug][gc,ergo,refine] GC(259) Concurrent refinement times: Logged Cards Scan time goal: 20.00ms Logged Cards Scan time: 0.04ms HCC time: 0.00ms
[9.050s][trace][gc,ergo,refine] GC(259) Updating Refinement Zones: logged cards scan time: 0.035ms, processed cards: 16, goal time: 19.999ms
[9.050s][debug][gc,ergo,refine] GC(259) Updated Refinement Zones: green: 2560, yellow: 7680, red: 12800
[9.050s][info ][gc,phases     ] GC(259)   Pre Evacuate Collection Set: 0.3ms
[9.050s][info ][gc,phases     ] GC(259)   Merge Heap Roots: 0.3ms
[9.050s][info ][gc,phases     ] GC(259)   Evacuate Collection Set: 14.0ms
[9.050s][info ][gc,phases     ] GC(259)   Post Evacuate Collection Set: 1.1ms
[9.050s][info ][gc,phases     ] GC(259)   Other: 0.5ms
[9.050s][info ][gc,heap       ] GC(259) Eden regions: 64->0(45)
[9.050s][info ][gc,heap       ] GC(259) Survivor regions: 14->10(10)
[9.050s][info ][gc,heap       ] GC(259) Old regions: 717->772
[9.050s][info ][gc,heap       ] GC(259) Archive regions: 0->0
[9.050s][info ][gc,heap       ] GC(259) Humongous regions: 0->0
[9.050s][info ][gc,metaspace  ] GC(259) Metaspace: 6341K(6464K)->6341K(6464K) NonClass: 5794K(5824K)->5794K(5824K) Class: 546K(640K)->546K(640K)
[9.050s][debug][gc,heap       ] GC(259) Heap after GC invocations=260 (full 0):
[9.050s][debug][gc,heap       ] GC(259)  garbage-first heap   total 1048576K, used 799944K [0x00000000c0000000, 0x0000000100000000)
[9.050s][debug][gc,heap       ] GC(259)   region size 1024K, 10 young (10240K), 10 survivors (10240K)
[9.050s][debug][gc,heap       ] GC(259)  Metaspace       used 6341K, committed 6464K, reserved 1114112K
[9.050s][debug][gc,heap       ] GC(259)   class space    used 546K, committed 640K, reserved 1048576K
[9.050s][info ][gc            ] GC(259) Pause Young (Normal) (G1 Evacuation Pause) 794M->781M(1024M) 16.247ms
[9.051s][info ][gc,cpu        ] GC(259) User=0.13s Sys=0.00s Real=0.01s
[9.051s][info ][safepoint     ] Safepoint "G1CollectForAllocation", Time since last: 16880201 ns, Reaching safepoint: 13600 ns, Cleanup: 13700 ns, At safepoint: 16556900 ns, Total: 16584200 ns
[9.059s][debug][gc,heap       ] GC(260) Heap before GC invocations=260 (full 0):
[9.059s][debug][gc,heap       ] GC(260)  garbage-first heap   total 1048576K, used 845000K [0x00000000c0000000, 0x0000000100000000)
[9.059s][debug][gc,heap       ] GC(260)   region size 1024K, 55 young (56320K), 10 survivors (10240K)
[9.059s][debug][gc,heap       ] GC(260)  Metaspace       used 6341K, committed 6464K, reserved 1114112K
[9.059s][debug][gc,heap       ] GC(260)   class space    used 546K, committed 640K, reserved 1048576K
[9.059s][info ][gc,start      ] GC(260) Pause Young (Normal) (G1 Evacuation Pause)
[9.059s][info ][gc,task       ] GC(260) Using 10 workers of 10 for evacuation
[9.059s][trace][gc,ergo,cset  ] GC(260) Start choosing CSet. Pending cards: 28 target pause time: 200.00ms
[9.059s][trace][gc,ergo,cset  ] GC(260) Added young regions to CSet. Eden: 45 regions, Survivors: 10 regions, predicted eden time: 9.76ms, predicted base time: 1.40ms, target pause time: 200.00ms, remaining time: 188.84ms
[9.060s][debug][gc,ergo       ] GC(260) Running G1 Merge Heap Roots using 10 workers for 55 regions
[9.070s][debug][gc,ergo       ] GC(260) Running G1 Rebuild Free List Task using 10 workers for rebuilding free list of regions
[9.070s][debug][gc,ergo,heap  ] GC(260) Heap expansion: short term pause time ratio 47.53% long term pause time ratio 57.96% threshold 7.69% pause time ratio 7.69% fully expanded true resize by 0B
[9.070s][debug][gc,ergo,refine] GC(260) Concurrent refinement times: Logged Cards Scan time goal: 20.00ms Logged Cards Scan time: 0.03ms HCC time: 0.00ms
[9.070s][trace][gc,ergo,refine] GC(260) Updating Refinement Zones: logged cards scan time: 0.031ms, processed cards: 16, goal time: 19.999ms
[9.070s][debug][gc,ergo,refine] GC(260) Updated Refinement Zones: green: 2560, yellow: 7680, red: 12800
[9.070s][info ][gc,phases     ] GC(260)   Pre Evacuate Collection Set: 0.3ms
[9.070s][info ][gc,phases     ] GC(260)   Merge Heap Roots: 0.2ms
[9.070s][info ][gc,phases     ] GC(260)   Evacuate Collection Set: 9.8ms
[9.070s][info ][gc,phases     ] GC(260)   Post Evacuate Collection Set: 0.7ms
[9.070s][info ][gc,phases     ] GC(260)   Other: 0.2ms
[9.070s][info ][gc,heap       ] GC(260) Eden regions: 45->0(44)
[9.070s][info ][gc,heap       ] GC(260) Survivor regions: 10->7(7)
[9.070s][info ][gc,heap       ] GC(260) Old regions: 772->812
[9.070s][info ][gc,heap       ] GC(260) Archive regions: 0->0
[9.070s][info ][gc,heap       ] GC(260) Humongous regions: 0->0
[9.070s][info ][gc,metaspace  ] GC(260) Metaspace: 6341K(6464K)->6341K(6464K) NonClass: 5794K(5824K)->5794K(5824K) Class: 546K(640K)->546K(640K)
[9.070s][debug][gc,heap       ] GC(260) Heap after GC invocations=261 (full 0):
[9.070s][debug][gc,heap       ] GC(260)  garbage-first heap   total 1048576K, used 838132K [0x00000000c0000000, 0x0000000100000000)
[9.070s][debug][gc,heap       ] GC(260)   region size 1024K, 7 young (7168K), 7 survivors (7168K)
[9.070s][debug][gc,heap       ] GC(260)  Metaspace       used 6341K, committed 6464K, reserved 1114112K
[9.070s][debug][gc,heap       ] GC(260)   class space    used 546K, committed 640K, reserved 1048576K
[9.070s][info ][gc            ] GC(260) Pause Young (Normal) (G1 Evacuation Pause) 826M->818M(1024M) 11.185ms
[9.070s][info ][gc,cpu        ] GC(260) User=0.07s Sys=0.01s Real=0.01s
[9.070s][info ][safepoint     ] Safepoint "G1CollectForAllocation", Time since last: 8521701 ns, Reaching safepoint: 8100 ns, Cleanup: 6800 ns, At safepoint: 11313800 ns, Total: 11328700 ns
[9.082s][debug][gc,heap       ] GC(261) Heap before GC invocations=261 (full 0):
[9.082s][debug][gc,heap       ] GC(261)  garbage-first heap   total 1048576K, used 882164K [0x00000000c0000000, 0x0000000100000000)
[9.082s][debug][gc,heap       ] GC(261)   region size 1024K, 51 young (52224K), 7 survivors (7168K)
[9.082s][debug][gc,heap       ] GC(261)  Metaspace       used 6341K, committed 6464K, reserved 1114112K
[9.082s][debug][gc,heap       ] GC(261)   class space    used 546K, committed 640K, reserved 1048576K
[9.082s][info ][gc,start      ] GC(261) Pause Young (Normal) (G1 Evacuation Pause)
[9.082s][info ][gc,task       ] GC(261) Using 10 workers of 10 for evacuation
[9.082s][trace][gc,ergo,cset  ] GC(261) Start choosing CSet. Pending cards: 32 target pause time: 200.00ms
[9.082s][trace][gc,ergo,cset  ] GC(261) Added young regions to CSet. Eden: 44 regions, Survivors: 7 regions, predicted eden time: 9.12ms, predicted base time: 1.32ms, target pause time: 200.00ms, remaining time: 189.56ms
[9.082s][debug][gc,ergo       ] GC(261) Running G1 Merge Heap Roots using 10 workers for 51 regions
[9.095s][debug][gc,ergo       ] GC(261) Running G1 Rebuild Free List Task using 10 workers for rebuilding free list of regions
[9.096s][debug][gc,ergo,heap  ] GC(261) Heap expansion: short term pause time ratio 54.77% long term pause time ratio 57.98% threshold 7.69% pause time ratio 7.69% fully expanded true resize by 0B
[9.096s][debug][gc,ergo,ihop  ] GC(261) Request concurrent cycle initiation (occupancy higher than threshold) occupancy: 891289600B allocation request: 0B threshold: 859192270B (80.02) source: end of GC
[9.096s][debug][gc,ergo,refine] GC(261) Concurrent refinement times: Logged Cards Scan time goal: 20.00ms Logged Cards Scan time: 0.46ms HCC time: 0.00ms
[9.096s][trace][gc,ergo,refine] GC(261) Updating Refinement Zones: logged cards scan time: 0.461ms, processed cards: 20, goal time: 19.999ms
[9.096s][debug][gc,ergo,refine] GC(261) Updated Refinement Zones: green: 2560, yellow: 7680, red: 12800
[9.096s][info ][gc,phases     ] GC(261)   Pre Evacuate Collection Set: 0.3ms
[9.096s][info ][gc,phases     ] GC(261)   Merge Heap Roots: 0.2ms
[9.096s][info ][gc,phases     ] GC(261)   Evacuate Collection Set: 11.9ms
[9.096s][info ][gc,phases     ] GC(261)   Post Evacuate Collection Set: 1.3ms
[9.096s][info ][gc,phases     ] GC(261)   Other: 0.5ms
[9.096s][info ][gc,heap       ] GC(261) Eden regions: 44->0(44)
[9.096s][info ][gc,heap       ] GC(261) Survivor regions: 7->7(7)
[9.096s][info ][gc,heap       ] GC(261) Old regions: 812->850
[9.096s][info ][gc,heap       ] GC(261) Archive regions: 0->0
[9.096s][info ][gc,heap       ] GC(261) Humongous regions: 0->0
[9.096s][info ][gc,metaspace  ] GC(261) Metaspace: 6341K(6464K)->6341K(6464K) NonClass: 5794K(5824K)->5794K(5824K) Class: 546K(640K)->546K(640K)
[9.096s][debug][gc,heap       ] GC(261) Heap after GC invocations=262 (full 0):
[9.096s][debug][gc,heap       ] GC(261)  garbage-first heap   total 1048576K, used 877544K [0x00000000c0000000, 0x0000000100000000)
[9.096s][debug][gc,heap       ] GC(261)   region size 1024K, 7 young (7168K), 7 survivors (7168K)
[9.096s][debug][gc,heap       ] GC(261)  Metaspace       used 6341K, committed 6464K, reserved 1114112K
[9.096s][debug][gc,heap       ] GC(261)   class space    used 546K, committed 640K, reserved 1048576K
[9.096s][info ][gc            ] GC(261) Pause Young (Normal) (G1 Evacuation Pause) 862M->856M(1024M) 14.209ms
[9.096s][info ][gc,cpu        ] GC(261) User=0.10s Sys=0.00s Real=0.02s
[9.097s][info ][safepoint     ] Safepoint "G1CollectForAllocation", Time since last: 11081000 ns, Reaching safepoint: 13800 ns, Cleanup: 17500 ns, At safepoint: 14995201 ns, Total: 15026501 ns
[9.105s][debug][gc,heap       ] GC(262) Heap before GC invocations=262 (full 0):
[9.106s][debug][gc,heap       ] GC(262)  garbage-first heap   total 1048576K, used 921576K [0x00000000c0000000, 0x0000000100000000)
[9.106s][debug][gc,heap       ] GC(262)   region size 1024K, 51 young (52224K), 7 survivors (7168K)
[9.106s][debug][gc,heap       ] GC(262)  Metaspace       used 6341K, committed 6464K, reserved 1114112K
[9.106s][debug][gc,heap       ] GC(262)   class space    used 546K, committed 640K, reserved 1048576K
[9.106s][debug][gc,ergo       ] GC(262) Initiate concurrent cycle (concurrent cycle initiation requested)
[9.106s][info ][gc,start      ] GC(262) Pause Young (Concurrent Start) (G1 Evacuation Pause)
[9.106s][info ][gc,task       ] GC(262) Using 10 workers of 10 for evacuation
[9.106s][trace][gc,ergo,cset  ] GC(262) Start choosing CSet. Pending cards: 32 target pause time: 200.00ms
[9.106s][trace][gc,ergo,cset  ] GC(262) Added young regions to CSet. Eden: 44 regions, Survivors: 7 regions, predicted eden time: 9.10ms, predicted base time: 1.31ms, target pause time: 200.00ms, remaining time: 189.59ms
[9.107s][debug][gc,ergo       ] GC(262) Running G1 Merge Heap Roots using 10 workers for 51 regions
[9.116s][debug][gc,ergo       ] GC(262) Running G1 Rebuild Free List Task using 10 workers for rebuilding free list of regions
[9.116s][debug][gc,ergo,heap  ] GC(262) Heap expansion: short term pause time ratio 54.69% long term pause time ratio 57.95% threshold 7.69% pause time ratio 7.69% fully expanded true resize by 0B
[9.116s][debug][gc,ergo,refine] GC(262) Concurrent refinement times: Logged Cards Scan time goal: 20.00ms Logged Cards Scan time: 0.02ms HCC time: 0.00ms
[9.116s][trace][gc,ergo,refine] GC(262) Updating Refinement Zones: logged cards scan time: 0.022ms, processed cards: 15, goal time: 20.000ms
[9.116s][debug][gc,ergo,refine] GC(262) Updated Refinement Zones: green: 2560, yellow: 7680, red: 12800
[9.116s][info ][gc,phases     ] GC(262)   Pre Evacuate Collection Set: 0.4ms
[9.116s][info ][gc,phases     ] GC(262)   Merge Heap Roots: 0.2ms
[9.116s][info ][gc,phases     ] GC(262)   Evacuate Collection Set: 8.7ms
[9.116s][info ][gc,phases     ] GC(262)   Post Evacuate Collection Set: 0.7ms
[9.116s][info ][gc,phases     ] GC(262)   Other: 1.1ms
[9.116s][info ][gc,heap       ] GC(262) Eden regions: 44->0(44)
[9.116s][info ][gc,heap       ] GC(262) Survivor regions: 7->7(7)
[9.116s][info ][gc,heap       ] GC(262) Old regions: 850->888
[9.116s][info ][gc,heap       ] GC(262) Archive regions: 0->0
[9.116s][info ][gc,heap       ] GC(262) Humongous regions: 0->0
[9.116s][info ][gc,metaspace  ] GC(262) Metaspace: 6341K(6464K)->6341K(6464K) NonClass: 5794K(5824K)->5794K(5824K) Class: 546K(640K)->546K(640K)
[9.116s][debug][gc,heap       ] GC(262) Heap after GC invocations=263 (full 0):
[9.116s][debug][gc,heap       ] GC(262)  garbage-first heap   total 1048576K, used 916256K [0x00000000c0000000, 0x0000000100000000)
[9.116s][debug][gc,heap       ] GC(262)   region size 1024K, 7 young (7168K), 7 survivors (7168K)
[9.116s][debug][gc,heap       ] GC(262)  Metaspace       used 6341K, committed 6464K, reserved 1114112K
[9.116s][debug][gc,heap       ] GC(262)   class space    used 546K, committed 640K, reserved 1048576K
[9.116s][info ][gc            ] GC(262) Pause Young (Concurrent Start) (G1 Evacuation Pause) 900M->894M(1024M) 10.278ms
[9.116s][info ][gc,cpu        ] GC(262) User=0.08s Sys=0.00s Real=0.01s
[9.117s][info ][safepoint     ] Safepoint "G1CollectForAllocation", Time since last: 8854400 ns, Reaching safepoint: 12400 ns, Cleanup: 10300 ns, At safepoint: 11145501 ns, Total: 11168201 ns
[9.117s][info ][gc            ] GC(263) Concurrent Mark Cycle
[9.117s][info ][gc,marking    ] GC(263) Concurrent Clear Claimed Marks
[9.117s][info ][gc,marking    ] GC(263) Concurrent Clear Claimed Marks 0.013ms
[9.117s][info ][gc,marking    ] GC(263) Concurrent Scan Root Regions
[9.117s][debug][gc,ergo       ] GC(263) Running G1 Root Region Scan using 3 workers for 46 work units.
[9.117s][info ][gc,marking    ] GC(263) Concurrent Scan Root Regions 0.195ms
[9.117s][info ][gc,marking    ] GC(263) Concurrent Mark
[9.117s][info ][gc,marking    ] GC(263) Concurrent Mark From Roots
[9.117s][info ][gc,task       ] GC(263) Using 3 workers of 3 for marking
[9.124s][info ][gc,marking    ] GC(263) Concurrent Mark From Roots 7.278ms
[9.124s][info ][gc,marking    ] GC(263) Concurrent Preclean
[9.124s][info ][gc,marking    ] GC(263) Concurrent Preclean 0.106ms
[9.124s][info ][gc,start      ] GC(263) Pause Remark
[9.126s][debug][gc,ergo       ] GC(263) Running G1 Update RemSet Tracking Before Rebuild using 3 workers for 1024 regions in heap
[9.127s][info ][gc            ] GC(263) Pause Remark 930M->523M(1024M) 2.160ms
[9.127s][info ][gc,cpu        ] GC(263) User=0.01s Sys=0.00s Real=0.00s
[9.127s][info ][safepoint     ] Safepoint "G1PauseRemark", Time since last: 7912400 ns, Reaching safepoint: 9600 ns, Cleanup: 13100 ns, At safepoint: 2246500 ns, Total: 2269200 ns
[9.127s][info ][gc,marking    ] GC(263) Concurrent Mark 9.989ms
[9.127s][info ][gc,marking    ] GC(263) Concurrent Rebuild Remembered Sets
[9.128s][debug][gc,heap       ] GC(264) Heap before GC invocations=263 (full 0):
[9.128s][debug][gc,heap       ] GC(264)  garbage-first heap   total 1048576K, used 543520K [0x00000000c0000000, 0x0000000100000000)
[9.128s][debug][gc,heap       ] GC(264)   region size 1024K, 51 young (52224K), 7 survivors (7168K)
[9.128s][debug][gc,heap       ] GC(264)  Metaspace       used 6341K, committed 6464K, reserved 1114112K
[9.128s][debug][gc,heap       ] GC(264)   class space    used 546K, committed 640K, reserved 1048576K
[9.128s][info ][gc,start      ] GC(264) Pause Young (Normal) (G1 Evacuation Pause)
[9.128s][info ][gc,task       ] GC(264) Using 10 workers of 10 for evacuation
[9.128s][trace][gc,ergo,cset  ] GC(264) Start choosing CSet. Pending cards: 69 target pause time: 200.00ms
[9.128s][trace][gc,ergo,cset  ] GC(264) Added young regions to CSet. Eden: 44 regions, Survivors: 7 regions, predicted eden time: 7.56ms, predicted base time: 1.30ms, target pause time: 200.00ms, remaining time: 191.14ms
[9.128s][debug][gc,ergo       ] GC(264) Running G1 Merge Heap Roots using 10 workers for 51 regions
[9.138s][debug][gc,ergo       ] GC(264) Running G1 Rebuild Free List Task using 10 workers for rebuilding free list of regions
[9.139s][debug][gc,ergo,heap  ] GC(264) Heap expansion: short term pause time ratio 20.55% long term pause time ratio 54.43% threshold 7.69% pause time ratio 7.69% fully expanded true resize by 0B
[9.139s][debug][gc,ergo,refine] GC(264) Concurrent refinement times: Logged Cards Scan time goal: 20.00ms Logged Cards Scan time: 0.05ms HCC time: 0.00ms
[9.139s][trace][gc,ergo,refine] GC(264) Updating Refinement Zones: logged cards scan time: 0.055ms, processed cards: 53, goal time: 19.999ms
[9.139s][debug][gc,ergo,refine] GC(264) Updated Refinement Zones: green: 2560, yellow: 7680, red: 12800
[9.139s][info ][gc,phases     ] GC(264)   Pre Evacuate Collection Set: 0.3ms
[9.139s][info ][gc,phases     ] GC(264)   Merge Heap Roots: 0.2ms
[9.139s][info ][gc,phases     ] GC(264)   Evacuate Collection Set: 8.7ms
[9.139s][info ][gc,phases     ] GC(264)   Post Evacuate Collection Set: 1.9ms
[9.139s][info ][gc,phases     ] GC(264)   Other: 0.4ms
[9.139s][info ][gc,heap       ] GC(264) Eden regions: 44->0(136)
[9.139s][info ][gc,heap       ] GC(264) Survivor regions: 7->7(7)
[9.139s][info ][gc,heap       ] GC(264) Old regions: 481->520
[9.139s][info ][gc,heap       ] GC(264) Archive regions: 0->0
[9.139s][info ][gc,heap       ] GC(264) Humongous regions: 0->0
[9.139s][info ][gc,metaspace  ] GC(264) Metaspace: 6341K(6464K)->6341K(6464K) NonClass: 5794K(5824K)->5794K(5824K) Class: 546K(640K)->546K(640K)
[9.139s][debug][gc,heap       ] GC(264) Heap after GC invocations=264 (full 0):
[9.139s][debug][gc,heap       ] GC(264)  garbage-first heap   total 1048576K, used 538724K [0x00000000c0000000, 0x0000000100000000)
[9.139s][debug][gc,heap       ] GC(264)   region size 1024K, 7 young (7168K), 7 survivors (7168K)
[9.139s][debug][gc,heap       ] GC(264)  Metaspace       used 6341K, committed 6464K, reserved 1114112K
[9.139s][debug][gc,heap       ] GC(264)   class space    used 546K, committed 640K, reserved 1048576K
[9.139s][info ][gc            ] GC(264) Pause Young (Normal) (G1 Evacuation Pause) 531M->526M(1024M) 11.446ms
[9.139s][info ][gc,cpu        ] GC(264) User=0.09s Sys=0.00s Real=0.01s
[9.140s][info ][safepoint     ] Safepoint "G1CollectForAllocation", Time since last: 976300 ns, Reaching safepoint: 201300 ns, Cleanup: 8200 ns, At safepoint: 11675600 ns, Total: 11885100 ns
[9.144s][info ][gc,marking    ] GC(263) Concurrent Rebuild Remembered Sets 17.113ms
[9.144s][info ][gc,start      ] GC(263) Pause Cleanup
[9.146s][debug][gc,ergo,cset  ] GC(263) Pruned 131 regions out of 429, leaving 53332968 bytes waste (allowed 53687091)
[9.146s][info ][gc            ] GC(263) Pause Cleanup 549M->549M(1024M) 1.227ms
[9.146s][info ][gc,cpu        ] GC(263) User=0.00s Sys=0.00s Real=0.00s
[9.146s][info ][safepoint     ] Safepoint "G1PauseCleanup", Time since last: 4618501 ns, Reaching safepoint: 114900 ns, Cleanup: 16000 ns, At safepoint: 1292300 ns, Total: 1423200 ns
[9.146s][info ][gc,marking    ] GC(263) Concurrent Cleanup for Next Mark
[9.146s][debug][gc,ergo       ] GC(263) Running G1 Clear Bitmap with 3 workers for 16 work units.
[9.149s][info ][gc,marking    ] GC(263) Concurrent Cleanup for Next Mark 2.849ms
[9.149s][info ][gc            ] GC(263) Concurrent Mark Cycle 32.166ms
[9.170s][debug][gc,heap       ] GC(265) Heap before GC invocations=265 (full 0):
[9.170s][debug][gc,heap       ] GC(265)  garbage-first heap   total 1048576K, used 676964K [0x00000000c0000000, 0x0000000100000000)
[9.170s][debug][gc,heap       ] GC(265)   region size 1024K, 143 young (146432K), 7 survivors (7168K)
[9.170s][debug][gc,heap       ] GC(265)  Metaspace       used 6341K, committed 6464K, reserved 1114112K
[9.170s][debug][gc,heap       ] GC(265)   class space    used 546K, committed 640K, reserved 1048576K
[9.170s][info ][gc,start      ] GC(265) Pause Young (Prepare Mixed) (G1 Evacuation Pause)
[9.170s][info ][gc,task       ] GC(265) Using 10 workers of 10 for evacuation
[9.171s][trace][gc,ergo,cset  ] GC(265) Start choosing CSet. Pending cards: 57 target pause time: 200.00ms
[9.171s][trace][gc,ergo,cset  ] GC(265) Added young regions to CSet. Eden: 136 regions, Survivors: 7 regions, predicted eden time: 24.44ms, predicted base time: 1.63ms, target pause time: 200.00ms, remaining time: 173.94ms
[9.171s][debug][gc,ergo       ] GC(265) Running G1 Merge Heap Roots using 10 workers for 143 regions
[9.192s][debug][gc,ergo       ] GC(265) Running G1 Rebuild Free List Task using 10 workers for rebuilding free list of regions
[9.192s][debug][gc,ergo,heap  ] GC(265) Heap expansion: short term pause time ratio 18.51% long term pause time ratio 53.96% threshold 7.69% pause time ratio 7.69% fully expanded true resize by 0B
[9.192s][debug][gc,ergo,refine] GC(265) Concurrent refinement times: Logged Cards Scan time goal: 20.00ms Logged Cards Scan time: 0.13ms HCC time: 0.00ms
[9.192s][trace][gc,ergo,refine] GC(265) Updating Refinement Zones: logged cards scan time: 0.126ms, processed cards: 32, goal time: 19.999ms
[9.192s][debug][gc,ergo,refine] GC(265) Updated Refinement Zones: green: 2560, yellow: 7680, red: 12800
[9.192s][info ][gc,phases     ] GC(265)   Pre Evacuate Collection Set: 0.4ms
[9.192s][info ][gc,phases     ] GC(265)   Merge Heap Roots: 0.3ms
[9.192s][info ][gc,phases     ] GC(265)   Evacuate Collection Set: 20.2ms
[9.192s][info ][gc,phases     ] GC(265)   Post Evacuate Collection Set: 0.9ms
[9.192s][info ][gc,phases     ] GC(265)   Other: 0.4ms
[9.192s][info ][gc,heap       ] GC(265) Eden regions: 136->0(33)
[9.192s][info ][gc,heap       ] GC(265) Survivor regions: 7->18(18)
[9.192s][info ][gc,heap       ] GC(265) Old regions: 520->602
[9.192s][info ][gc,heap       ] GC(265) Archive regions: 0->0
[9.192s][info ][gc,heap       ] GC(265) Humongous regions: 0->0
[9.192s][info ][gc,metaspace  ] GC(265) Metaspace: 6341K(6464K)->6341K(6464K) NonClass: 5794K(5824K)->5794K(5824K) Class: 546K(640K)->546K(640K)
[9.192s][debug][gc,heap       ] GC(265) Heap after GC invocations=266 (full 0):
[9.192s][debug][gc,heap       ] GC(265)  garbage-first heap   total 1048576K, used 634556K [0x00000000c0000000, 0x0000000100000000)
[9.192s][debug][gc,heap       ] GC(265)   region size 1024K, 18 young (18432K), 18 survivors (18432K)
[9.192s][debug][gc,heap       ] GC(265)  Metaspace       used 6341K, committed 6464K, reserved 1114112K
[9.192s][debug][gc,heap       ] GC(265)   class space    used 546K, committed 640K, reserved 1048576K
[9.192s][info ][gc            ] GC(265) Pause Young (Prepare Mixed) (G1 Evacuation Pause) 662M->619M(1024M) 21.943ms
[9.192s][info ][gc,cpu        ] GC(265) User=0.18s Sys=0.00s Real=0.02s
[9.192s][info ][safepoint     ] Safepoint "G1CollectForAllocation", Time since last: 24502301 ns, Reaching safepoint: 9600 ns, Cleanup: 11500 ns, At safepoint: 22262000 ns, Total: 22283100 ns
[9.198s][debug][gc,heap       ] GC(266) Heap before GC invocations=266 (full 0):
[9.198s][debug][gc,heap       ] GC(266)  garbage-first heap   total 1048576K, used 667324K [0x00000000c0000000, 0x0000000100000000)
[9.198s][debug][gc,heap       ] GC(266)   region size 1024K, 51 young (52224K), 18 survivors (18432K)
[9.198s][debug][gc,heap       ] GC(266)  Metaspace       used 6341K, committed 6464K, reserved 1114112K
[9.198s][debug][gc,heap       ] GC(266)   class space    used 546K, committed 640K, reserved 1048576K
[9.198s][info ][gc,start      ] GC(266) Pause Young (Mixed) (G1 Evacuation Pause)
[9.198s][info ][gc,task       ] GC(266) Using 10 workers of 10 for evacuation
[9.198s][trace][gc,ergo,cset  ] GC(266) Start choosing CSet. Pending cards: 35 target pause time: 200.00ms
[9.198s][trace][gc,ergo,cset  ] GC(266) Added young regions to CSet. Eden: 33 regions, Survivors: 18 regions, predicted eden time: 6.65ms, predicted base time: 1.60ms, target pause time: 200.00ms, remaining time: 191.75ms
[9.198s][debug][gc,ergo,cset  ] GC(266) Start adding old regions to collection set. Min 38 regions, max 103 regions, time remaining 191.75ms, optional threshold 38.35ms
[9.199s][debug][gc,ergo,cset  ] GC(266) Finish adding old regions to collection set (Maximum number of regions). Initial 103 regions, optional 0 regions
[9.199s][debug][gc,ergo,cset  ] GC(266) Finish choosing collection set old regions. Initial: 103, optional: 0, predicted old time: 0.00ms, predicted optional time: 0.00ms, time remaining: 188.55
[9.199s][debug][gc,ergo       ] GC(266) Running G1 Merge Heap Roots using 10 workers for 154 regions
[9.209s][debug][gc,ergo       ] GC(266) Running G1 Rebuild Free List Task using 10 workers for rebuilding free list of regions
[9.210s][debug][gc,ergo,heap  ] GC(266) Heap expansion: short term pause time ratio 46.62% long term pause time ratio 52.75% threshold 7.69% pause time ratio 7.69% fully expanded true resize by 0B
[9.210s][debug][gc,ergo,refine] GC(266) Concurrent refinement times: Logged Cards Scan time goal: 20.00ms Logged Cards Scan time: 0.36ms HCC time: 0.00ms
[9.210s][trace][gc,ergo,refine] GC(266) Updating Refinement Zones: logged cards scan time: 0.358ms, processed cards: 13, goal time: 19.999ms
[9.210s][debug][gc,ergo,refine] GC(266) Updated Refinement Zones: green: 2560, yellow: 7680, red: 12800
[9.210s][info ][gc,phases     ] GC(266)   Pre Evacuate Collection Set: 0.4ms
[9.210s][info ][gc,phases     ] GC(266)   Merge Heap Roots: 0.2ms
[9.210s][info ][gc,phases     ] GC(266)   Evacuate Collection Set: 9.5ms
[9.210s][info ][gc,phases     ] GC(266)   Post Evacuate Collection Set: 1.1ms
[9.210s][info ][gc,phases     ] GC(266)   Other: 0.4ms
[9.210s][info ][gc,heap       ] GC(266) Eden regions: 33->0(44)
[9.210s][info ][gc,heap       ] GC(266) Survivor regions: 18->7(7)
[9.210s][info ][gc,heap       ] GC(266) Old regions: 602->542
[9.210s][info ][gc,heap       ] GC(266) Archive regions: 0->0
[9.210s][info ][gc,heap       ] GC(266) Humongous regions: 0->0
[9.210s][info ][gc,metaspace  ] GC(266) Metaspace: 6341K(6464K)->6341K(6464K) NonClass: 5794K(5824K)->5794K(5824K) Class: 546K(640K)->546K(640K)
[9.210s][debug][gc,heap       ] GC(266) Heap after GC invocations=267 (full 0):
[9.210s][debug][gc,heap       ] GC(266)  garbage-first heap   total 1048576K, used 561452K [0x00000000c0000000, 0x0000000100000000)
[9.210s][debug][gc,heap       ] GC(266)   region size 1024K, 7 young (7168K), 7 survivors (7168K)
[9.210s][debug][gc,heap       ] GC(266)  Metaspace       used 6341K, committed 6464K, reserved 1114112K
[9.210s][debug][gc,heap       ] GC(266)   class space    used 546K, committed 640K, reserved 1048576K
[9.210s][info ][gc            ] GC(266) Pause Young (Mixed) (G1 Evacuation Pause) 652M->548M(1024M) 11.623ms
[9.210s][info ][gc,cpu        ] GC(266) User=0.07s Sys=0.02s Real=0.01s
[9.210s][info ][safepoint     ] Safepoint "G1CollectForAllocation", Time since last: 5785001 ns, Reaching safepoint: 11000 ns, Cleanup: 10400 ns, At safepoint: 11812300 ns, Total: 11833700 ns
[9.218s][debug][gc,heap       ] GC(267) Heap before GC invocations=267 (full 0):
[9.218s][debug][gc,heap       ] GC(267)  garbage-first heap   total 1048576K, used 605484K [0x00000000c0000000, 0x0000000100000000)
[9.218s][debug][gc,heap       ] GC(267)   region size 1024K, 51 young (52224K), 7 survivors (7168K)
[9.218s][debug][gc,heap       ] GC(267)  Metaspace       used 6341K, committed 6464K, reserved 1114112K
[9.218s][debug][gc,heap       ] GC(267)   class space    used 546K, committed 640K, reserved 1048576K
[9.218s][info ][gc,start      ] GC(267) Pause Young (Mixed) (G1 Evacuation Pause)
[9.218s][info ][gc,task       ] GC(267) Using 10 workers of 10 for evacuation
[9.218s][trace][gc,ergo,cset  ] GC(267) Start choosing CSet. Pending cards: 40 target pause time: 200.00ms
[9.218s][trace][gc,ergo,cset  ] GC(267) Added young regions to CSet. Eden: 44 regions, Survivors: 7 regions, predicted eden time: 8.19ms, predicted base time: 2.95ms, target pause time: 200.00ms, remaining time: 188.86ms
[9.218s][debug][gc,ergo,cset  ] GC(267) Start adding old regions to collection set. Min 38 regions, max 103 regions, time remaining 188.86ms, optional threshold 37.77ms
[9.218s][debug][gc,ergo,cset  ] GC(267) Finish adding old regions to collection set (Maximum number of regions). Initial 103 regions, optional 0 regions
[9.218s][debug][gc,ergo,cset  ] GC(267) Finish choosing collection set old regions. Initial: 103, optional: 0, predicted old time: 0.00ms, predicted optional time: 0.00ms, time remaining: 184.21
[9.219s][debug][gc,ergo       ] GC(267) Running G1 Merge Heap Roots using 10 workers for 154 regions
[9.230s][debug][gc,ergo       ] GC(267) Running G1 Rebuild Free List Task using 10 workers for rebuilding free list of regions
[9.230s][debug][gc,ergo,heap  ] GC(267) Heap expansion: short term pause time ratio 64.76% long term pause time ratio 54.02% threshold 7.69% pause time ratio 7.69% fully expanded true resize by 0B
[9.230s][debug][gc,ergo,refine] GC(267) Concurrent refinement times: Logged Cards Scan time goal: 20.00ms Logged Cards Scan time: 0.01ms HCC time: 0.00ms
[9.230s][trace][gc,ergo,refine] GC(267) Updating Refinement Zones: logged cards scan time: 0.012ms, processed cards: 15, goal time: 19.999ms
[9.230s][debug][gc,ergo,refine] GC(267) Updated Refinement Zones: green: 2560, yellow: 7680, red: 12800
[9.230s][info ][gc,phases     ] GC(267)   Pre Evacuate Collection Set: 0.4ms
[9.230s][info ][gc,phases     ] GC(267)   Merge Heap Roots: 0.2ms
[9.230s][info ][gc,phases     ] GC(267)   Evacuate Collection Set: 10.6ms
[9.230s][info ][gc,phases     ] GC(267)   Post Evacuate Collection Set: 0.8ms
[9.230s][info ][gc,phases     ] GC(267)   Other: 0.3ms
[9.230s][info ][gc,heap       ] GC(267) Eden regions: 44->0(44)
[9.230s][info ][gc,heap       ] GC(267) Survivor regions: 7->7(7)
[9.230s][info ][gc,heap       ] GC(267) Old regions: 542->482
[9.231s][info ][gc,heap       ] GC(267) Archive regions: 0->0
[9.231s][info ][gc,heap       ] GC(267) Humongous regions: 0->0
[9.231s][info ][gc,metaspace  ] GC(267) Metaspace: 6341K(6464K)->6341K(6464K) NonClass: 5794K(5824K)->5794K(5824K) Class: 546K(640K)->546K(640K)
[9.231s][debug][gc,heap       ] GC(267) Heap after GC invocations=268 (full 0):
[9.231s][debug][gc,heap       ] GC(267)  garbage-first heap   total 1048576K, used 500712K [0x00000000c0000000, 0x0000000100000000)
[9.231s][debug][gc,heap       ] GC(267)   region size 1024K, 7 young (7168K), 7 survivors (7168K)
[9.231s][debug][gc,heap       ] GC(267)  Metaspace       used 6341K, committed 6464K, reserved 1114112K
[9.231s][debug][gc,heap       ] GC(267)   class space    used 546K, committed 640K, reserved 1048576K
[9.231s][info ][gc            ] GC(267) Pause Young (Mixed) (G1 Evacuation Pause) 592M->488M(1024M) 12.357ms
[9.231s][info ][gc,cpu        ] GC(267) User=0.10s Sys=0.00s Real=0.01s
[9.231s][info ][safepoint     ] Safepoint "G1CollectForAllocation", Time since last: 7999900 ns, Reaching safepoint: 12700 ns, Cleanup: 11700 ns, At safepoint: 12550101 ns, Total: 12574501 ns
[9.239s][debug][gc,heap       ] GC(268) Heap before GC invocations=268 (full 0):
[9.239s][debug][gc,heap       ] GC(268)  garbage-first heap   total 1048576K, used 544744K [0x00000000c0000000, 0x0000000100000000)
[9.239s][debug][gc,heap       ] GC(268)   region size 1024K, 51 young (52224K), 7 survivors (7168K)
[9.239s][debug][gc,heap       ] GC(268)  Metaspace       used 6341K, committed 6464K, reserved 1114112K
[9.239s][debug][gc,heap       ] GC(268)   class space    used 546K, committed 640K, reserved 1048576K
[9.239s][info ][gc,start      ] GC(268) Pause Young (Mixed) (G1 Evacuation Pause)
[9.239s][info ][gc,task       ] GC(268) Using 10 workers of 10 for evacuation
[9.239s][trace][gc,ergo,cset  ] GC(268) Start choosing CSet. Pending cards: 70 target pause time: 200.00ms
[9.239s][trace][gc,ergo,cset  ] GC(268) Added young regions to CSet. Eden: 44 regions, Survivors: 7 regions, predicted eden time: 8.17ms, predicted base time: 2.78ms, target pause time: 200.00ms, remaining time: 189.05ms
[9.239s][debug][gc,ergo,cset  ] GC(268) Start adding old regions to collection set. Min 38 regions, max 103 regions, time remaining 189.05ms, optional threshold 37.81ms
[9.239s][debug][gc,ergo,cset  ] GC(268) Old candidate collection set empty.
[9.239s][debug][gc,ergo,cset  ] GC(268) Finish choosing collection set old regions. Initial: 92, optional: 0, predicted old time: 0.00ms, predicted optional time: 0.00ms, time remaining: 181.32
[9.239s][debug][gc,ergo       ] GC(268) Running G1 Merge Heap Roots using 10 workers for 143 regions
[9.250s][debug][gc,ergo       ] GC(268) Running G1 Rebuild Free List Task using 10 workers for rebuilding free list of regions
[9.251s][debug][gc,ergo,heap  ] GC(268) Heap expansion: short term pause time ratio 58.76% long term pause time ratio 51.77% threshold 7.69% pause time ratio 7.69% fully expanded true resize by 0B
[9.251s][debug][gc,ergo       ] GC(268) do not continue mixed GCs (candidate old regions not available)
[9.251s][debug][gc,ergo,refine] GC(268) Concurrent refinement times: Logged Cards Scan time goal: 20.00ms Logged Cards Scan time: 0.02ms HCC time: 0.00ms
[9.251s][trace][gc,ergo,refine] GC(268) Updating Refinement Zones: logged cards scan time: 0.024ms, processed cards: 37, goal time: 19.999ms
[9.251s][debug][gc,ergo,refine] GC(268) Updated Refinement Zones: green: 2560, yellow: 7680, red: 12800
[9.251s][info ][gc,phases     ] GC(268)   Pre Evacuate Collection Set: 0.4ms
[9.251s][info ][gc,phases     ] GC(268)   Merge Heap Roots: 0.3ms
[9.251s][info ][gc,phases     ] GC(268)   Evacuate Collection Set: 10.2ms
[9.251s][info ][gc,phases     ] GC(268)   Post Evacuate Collection Set: 0.8ms
[9.251s][info ][gc,phases     ] GC(268)   Other: 0.3ms
[9.251s][info ][gc,heap       ] GC(268) Eden regions: 44->0(173)
[9.251s][info ][gc,heap       ] GC(268) Survivor regions: 7->7(7)
[9.251s][info ][gc,heap       ] GC(268) Old regions: 482->436
[9.251s][info ][gc,heap       ] GC(268) Archive regions: 0->0
[9.251s][info ][gc,heap       ] GC(268) Humongous regions: 0->0
[9.251s][info ][gc,metaspace  ] GC(268) Metaspace: 6341K(6464K)->6341K(6464K) NonClass: 5794K(5824K)->5794K(5824K) Class: 546K(640K)->546K(640K)
[9.251s][debug][gc,heap       ] GC(268) Heap after GC invocations=269 (full 0):
[9.251s][debug][gc,heap       ] GC(268)  garbage-first heap   total 1048576K, used 453308K [0x00000000c0000000, 0x0000000100000000)
[9.251s][debug][gc,heap       ] GC(268)   region size 1024K, 7 young (7168K), 7 survivors (7168K)
[9.251s][debug][gc,heap       ] GC(268)  Metaspace       used 6341K, committed 6464K, reserved 1114112K
[9.251s][debug][gc,heap       ] GC(268)   class space    used 546K, committed 640K, reserved 1048576K
[9.251s][info ][gc            ] GC(268) Pause Young (Mixed) (G1 Evacuation Pause) 532M->442M(1024M) 12.012ms
[9.251s][info ][gc,cpu        ] GC(268) User=0.10s Sys=0.00s Real=0.01s
[9.251s][info ][safepoint     ] Safepoint "G1CollectForAllocation", Time since last: 8038900 ns, Reaching safepoint: 8600 ns, Cleanup: 7300 ns, At safepoint: 12180200 ns, Total: 12196100 ns
[9.296s][debug][gc,heap       ] GC(269) Heap before GC invocations=269 (full 0):
[9.296s][debug][gc,heap       ] GC(269)  garbage-first heap   total 1048576K, used 629436K [0x00000000c0000000, 0x0000000100000000)
[9.296s][debug][gc,heap       ] GC(269)   region size 1024K, 180 young (184320K), 7 survivors (7168K)
[9.296s][debug][gc,heap       ] GC(269)  Metaspace       used 6341K, committed 6464K, reserved 1114112K
[9.296s][debug][gc,heap       ] GC(269)   class space    used 546K, committed 640K, reserved 1048576K
[9.296s][info ][gc,start      ] GC(269) Pause Young (Normal) (G1 Evacuation Pause)
[9.296s][info ][gc,task       ] GC(269) Using 10 workers of 10 for evacuation
[9.296s][trace][gc,ergo,cset  ] GC(269) Start choosing CSet. Pending cards: 28 target pause time: 200.00ms
[9.296s][trace][gc,ergo,cset  ] GC(269) Added young regions to CSet. Eden: 173 regions, Survivors: 7 regions, predicted eden time: 27.26ms, predicted base time: 1.55ms, target pause time: 200.00ms, remaining time: 171.19ms
[9.296s][debug][gc,ergo       ] GC(269) Running G1 Merge Heap Roots using 10 workers for 180 regions
[9.322s][debug][gc,ergo       ] GC(269) Running G1 Rebuild Free List Task using 10 workers for rebuilding free list of regions
[9.322s][debug][gc,ergo,heap  ] GC(269) Heap expansion: short term pause time ratio 58.40% long term pause time ratio 53.14% threshold 7.69% pause time ratio 7.69% fully expanded true resize by 0B
[9.322s][debug][gc,ergo,refine] GC(269) Concurrent refinement times: Logged Cards Scan time goal: 20.00ms Logged Cards Scan time: 0.54ms HCC time: 0.00ms
[9.322s][trace][gc,ergo,refine] GC(269) Updating Refinement Zones: logged cards scan time: 0.542ms, processed cards: 10, goal time: 19.999ms
[9.322s][debug][gc,ergo,refine] GC(269) Updated Refinement Zones: green: 2560, yellow: 7680, red: 12800
[9.322s][info ][gc,phases     ] GC(269)   Pre Evacuate Collection Set: 0.3ms
[9.322s][info ][gc,phases     ] GC(269)   Merge Heap Roots: 0.2ms
[9.322s][info ][gc,phases     ] GC(269)   Evacuate Collection Set: 24.6ms
[9.322s][info ][gc,phases     ] GC(269)   Post Evacuate Collection Set: 0.9ms
[9.322s][info ][gc,phases     ] GC(269)   Other: 0.5ms
[9.322s][info ][gc,heap       ] GC(269) Eden regions: 173->0(129)
[9.322s][info ][gc,heap       ] GC(269) Survivor regions: 7->23(23)
[9.322s][info ][gc,heap       ] GC(269) Old regions: 436->534
[9.322s][info ][gc,heap       ] GC(269) Archive regions: 0->0
[9.322s][info ][gc,heap       ] GC(269) Humongous regions: 0->0
[9.322s][info ][gc,metaspace  ] GC(269) Metaspace: 6341K(6464K)->6341K(6464K) NonClass: 5794K(5824K)->5794K(5824K) Class: 546K(640K)->546K(640K)
[9.322s][debug][gc,heap       ] GC(269) Heap after GC invocations=270 (full 0):
[9.322s][debug][gc,heap       ] GC(269)  garbage-first heap   total 1048576K, used 569744K [0x00000000c0000000, 0x0000000100000000)
[9.322s][debug][gc,heap       ] GC(269)   region size 1024K, 23 young (23552K), 23 survivors (23552K)
[9.322s][debug][gc,heap       ] GC(269)  Metaspace       used 6341K, committed 6464K, reserved 1114112K
[9.322s][debug][gc,heap       ] GC(269)   class space    used 546K, committed 640K, reserved 1048576K
[9.322s][info ][gc            ] GC(269) Pause Young (Normal) (G1 Evacuation Pause) 615M->556M(1024M) 26.351ms
[9.322s][info ][gc,cpu        ] GC(269) User=0.22s Sys=0.02s Real=0.02s
[9.322s][info ][safepoint     ] Safepoint "G1CollectForAllocation", Time since last: 44682202 ns, Reaching safepoint: 16600 ns, Cleanup: 16100 ns, At safepoint: 26676101 ns, Total: 26708801 ns
[9.344s][debug][gc,heap       ] GC(270) Heap before GC invocations=270 (full 0):
[9.344s][debug][gc,heap       ] GC(270)  garbage-first heap   total 1048576K, used 700816K [0x00000000c0000000, 0x0000000100000000)
[9.344s][debug][gc,heap       ] GC(270)   region size 1024K, 152 young (155648K), 23 survivors (23552K)
[9.344s][debug][gc,heap       ] GC(270)  Metaspace       used 6341K, committed 6464K, reserved 1114112K
[9.344s][debug][gc,heap       ] GC(270)   class space    used 546K, committed 640K, reserved 1048576K
[9.344s][info ][gc,start      ] GC(270) Pause Young (Normal) (G1 Evacuation Pause)
[9.344s][info ][gc,task       ] GC(270) Using 10 workers of 10 for evacuation
[9.344s][trace][gc,ergo,cset  ] GC(270) Start choosing CSet. Pending cards: 38 target pause time: 200.00ms
[9.344s][trace][gc,ergo,cset  ] GC(270) Added young regions to CSet. Eden: 129 regions, Survivors: 23 regions, predicted eden time: 20.87ms, predicted base time: 2.44ms, target pause time: 200.00ms, remaining time: 176.69ms
[9.345s][debug][gc,ergo       ] GC(270) Running G1 Merge Heap Roots using 10 workers for 152 regions
[9.366s][debug][gc,ergo       ] GC(270) Running G1 Rebuild Free List Task using 10 workers for rebuilding free list of regions
[9.366s][debug][gc,ergo,heap  ] GC(270) Heap expansion: short term pause time ratio 36.56% long term pause time ratio 48.30% threshold 7.69% pause time ratio 7.69% fully expanded true resize by 0B
[9.366s][debug][gc,ergo,refine] GC(270) Concurrent refinement times: Logged Cards Scan time goal: 20.00ms Logged Cards Scan time: 0.05ms HCC time: 0.00ms
[9.366s][trace][gc,ergo,refine] GC(270) Updating Refinement Zones: logged cards scan time: 0.054ms, processed cards: 25, goal time: 19.999ms
[9.366s][debug][gc,ergo,refine] GC(270) Updated Refinement Zones: green: 2560, yellow: 7680, red: 12800
[9.366s][info ][gc,phases     ] GC(270)   Pre Evacuate Collection Set: 0.3ms
[9.366s][info ][gc,phases     ] GC(270)   Merge Heap Roots: 0.2ms
[9.366s][info ][gc,phases     ] GC(270)   Evacuate Collection Set: 20.4ms
[9.366s][info ][gc,phases     ] GC(270)   Post Evacuate Collection Set: 0.8ms
[9.366s][info ][gc,phases     ] GC(270)   Other: 0.3ms
[9.366s][info ][gc,heap       ] GC(270) Eden regions: 129->0(98)
[9.366s][info ][gc,heap       ] GC(270) Survivor regions: 23->19(19)
[9.366s][info ][gc,heap       ] GC(270) Old regions: 534->621
[9.366s][info ][gc,heap       ] GC(270) Archive regions: 0->0
[9.366s][info ][gc,heap       ] GC(270) Humongous regions: 0->0
[9.366s][info ][gc,metaspace  ] GC(270) Metaspace: 6341K(6464K)->6341K(6464K) NonClass: 5794K(5824K)->5794K(5824K) Class: 546K(640K)->546K(640K)
[9.366s][debug][gc,heap       ] GC(270) Heap after GC invocations=271 (full 0):
[9.366s][debug][gc,heap       ] GC(270)  garbage-first heap   total 1048576K, used 654436K [0x00000000c0000000, 0x0000000100000000)
[9.366s][debug][gc,heap       ] GC(270)   region size 1024K, 19 young (19456K), 19 survivors (19456K)
[9.366s][debug][gc,heap       ] GC(270)  Metaspace       used 6341K, committed 6464K, reserved 1114112K
[9.366s][debug][gc,heap       ] GC(270)   class space    used 546K, committed 640K, reserved 1048576K
[9.366s][info ][gc            ] GC(270) Pause Young (Normal) (G1 Evacuation Pause) 685M->639M(1024M) 21.932ms
[9.366s][info ][gc,cpu        ] GC(270) User=0.20s Sys=0.00s Real=0.02s
[9.366s][info ][safepoint     ] Safepoint "G1CollectForAllocation", Time since last: 21948001 ns, Reaching safepoint: 8100 ns, Cleanup: 7000 ns, At safepoint: 22069901 ns, Total: 22085001 ns
[9.383s][debug][gc,heap       ] GC(271) Heap before GC invocations=271 (full 0):
[9.384s][debug][gc,heap       ] GC(271)  garbage-first heap   total 1048576K, used 753764K [0x00000000c0000000, 0x0000000100000000)
[9.384s][debug][gc,heap       ] GC(271)   region size 1024K, 117 young (119808K), 19 survivors (19456K)
[9.384s][debug][gc,heap       ] GC(271)  Metaspace       used 6341K, committed 6464K, reserved 1114112K
[9.384s][debug][gc,heap       ] GC(271)   class space    used 546K, committed 640K, reserved 1048576K
[9.384s][info ][gc,start      ] GC(271) Pause Young (Normal) (G1 Evacuation Pause)
[9.384s][info ][gc,task       ] GC(271) Using 10 workers of 10 for evacuation
[9.384s][trace][gc,ergo,cset  ] GC(271) Start choosing CSet. Pending cards: 33 target pause time: 200.00ms
[9.384s][trace][gc,ergo,cset  ] GC(271) Added young regions to CSet. Eden: 98 regions, Survivors: 19 regions, predicted eden time: 16.33ms, predicted base time: 1.84ms, target pause time: 200.00ms, remaining time: 181.83ms
[9.384s][debug][gc,ergo       ] GC(271) Running G1 Merge Heap Roots using 10 workers for 117 regions
[9.404s][debug][gc,ergo       ] GC(271) Running G1 Rebuild Free List Task using 10 workers for rebuilding free list of regions
[9.404s][debug][gc,ergo,heap  ] GC(271) Heap expansion: short term pause time ratio 49.40% long term pause time ratio 47.88% threshold 7.69% pause time ratio 7.69% fully expanded true resize by 0B
[9.404s][debug][gc,ergo,refine] GC(271) Concurrent refinement times: Logged Cards Scan time goal: 20.00ms Logged Cards Scan time: 0.03ms HCC time: 0.00ms
[9.404s][trace][gc,ergo,refine] GC(271) Updating Refinement Zones: logged cards scan time: 0.033ms, processed cards: 15, goal time: 19.999ms
[9.404s][debug][gc,ergo,refine] GC(271) Updated Refinement Zones: green: 2560, yellow: 7680, red: 12800
[9.404s][info ][gc,phases     ] GC(271)   Pre Evacuate Collection Set: 0.3ms
[9.404s][info ][gc,phases     ] GC(271)   Merge Heap Roots: 0.2ms
[9.404s][info ][gc,phases     ] GC(271)   Evacuate Collection Set: 19.2ms
[9.404s][info ][gc,phases     ] GC(271)   Post Evacuate Collection Set: 0.8ms
[9.404s][info ][gc,phases     ] GC(271)   Other: 0.3ms
[9.404s][info ][gc,heap       ] GC(271) Eden regions: 98->0(72)
[9.404s][info ][gc,heap       ] GC(271) Survivor regions: 19->15(15)
[9.404s][info ][gc,heap       ] GC(271) Old regions: 621->694
[9.404s][info ][gc,heap       ] GC(271) Archive regions: 0->0
[9.404s][info ][gc,heap       ] GC(271) Humongous regions: 0->0
[9.404s][info ][gc,metaspace  ] GC(271) Metaspace: 6341K(6464K)->6341K(6464K) NonClass: 5794K(5824K)->5794K(5824K) Class: 546K(640K)->546K(640K)
[9.404s][debug][gc,heap       ] GC(271) Heap after GC invocations=272 (full 0):
[9.404s][debug][gc,heap       ] GC(271)  garbage-first heap   total 1048576K, used 725992K [0x00000000c0000000, 0x0000000100000000)
[9.404s][debug][gc,heap       ] GC(271)   region size 1024K, 15 young (15360K), 15 survivors (15360K)
[9.404s][debug][gc,heap       ] GC(271)  Metaspace       used 6341K, committed 6464K, reserved 1114112K
[9.404s][debug][gc,heap       ] GC(271)   class space    used 546K, committed 640K, reserved 1048576K
[9.404s][info ][gc            ] GC(271) Pause Young (Normal) (G1 Evacuation Pause) 737M->708M(1024M) 20.722ms
[9.404s][info ][gc,cpu        ] GC(271) User=0.17s Sys=0.01s Real=0.02s
[9.404s][info ][safepoint     ] Safepoint "G1CollectForAllocation", Time since last: 17132700 ns, Reaching safepoint: 14000 ns, Cleanup: 15700 ns, At safepoint: 20921901 ns, Total: 20951601 ns
[9.417s][debug][gc,heap       ] GC(272) Heap before GC invocations=272 (full 0):
[9.417s][debug][gc,heap       ] GC(272)  garbage-first heap   total 1048576K, used 798696K [0x00000000c0000000, 0x0000000100000000)
[9.417s][debug][gc,heap       ] GC(272)   region size 1024K, 87 young (89088K), 15 survivors (15360K)
[9.417s][debug][gc,heap       ] GC(272)  Metaspace       used 6341K, committed 6464K, reserved 1114112K
[9.417s][debug][gc,heap       ] GC(272)   class space    used 546K, committed 640K, reserved 1048576K
[9.417s][info ][gc,start      ] GC(272) Pause Young (Normal) (G1 Evacuation Pause)
[9.417s][info ][gc,task       ] GC(272) Using 10 workers of 10 for evacuation
[9.417s][trace][gc,ergo,cset  ] GC(272) Start choosing CSet. Pending cards: 40 target pause time: 200.00ms
[9.417s][trace][gc,ergo,cset  ] GC(272) Added young regions to CSet. Eden: 72 regions, Survivors: 15 regions, predicted eden time: 13.03ms, predicted base time: 1.56ms, target pause time: 200.00ms, remaining time: 185.40ms
[9.417s][debug][gc,ergo       ] GC(272) Running G1 Merge Heap Roots using 10 workers for 87 regions
[9.433s][debug][gc,ergo       ] GC(272) Running G1 Rebuild Free List Task using 10 workers for rebuilding free list of regions
[9.433s][debug][gc,ergo,heap  ] GC(272) Heap expansion: short term pause time ratio 53.91% long term pause time ratio 48.60% threshold 7.69% pause time ratio 7.69% fully expanded true resize by 0B
[9.433s][debug][gc,ergo,refine] GC(272) Concurrent refinement times: Logged Cards Scan time goal: 20.00ms Logged Cards Scan time: 0.03ms HCC time: 0.00ms
[9.433s][trace][gc,ergo,refine] GC(272) Updating Refinement Zones: logged cards scan time: 0.026ms, processed cards: 20, goal time: 19.999ms
[9.433s][debug][gc,ergo,refine] GC(272) Updated Refinement Zones: green: 2560, yellow: 7680, red: 12800
[9.433s][info ][gc,phases     ] GC(272)   Pre Evacuate Collection Set: 0.3ms
[9.433s][info ][gc,phases     ] GC(272)   Merge Heap Roots: 0.2ms
[9.433s][info ][gc,phases     ] GC(272)   Evacuate Collection Set: 15.0ms
[9.433s][info ][gc,phases     ] GC(272)   Post Evacuate Collection Set: 0.9ms
[9.433s][info ][gc,phases     ] GC(272)   Other: 0.4ms
[9.433s][info ][gc,heap       ] GC(272) Eden regions: 72->0(50)
[9.433s][info ][gc,heap       ] GC(272) Survivor regions: 15->11(11)
[9.433s][info ][gc,heap       ] GC(272) Old regions: 694->756
[9.433s][info ][gc,heap       ] GC(272) Archive regions: 0->0
[9.433s][info ][gc,heap       ] GC(272) Humongous regions: 0->0
[9.433s][info ][gc,metaspace  ] GC(272) Metaspace: 6341K(6464K)->6341K(6464K) NonClass: 5794K(5824K)->5794K(5824K) Class: 546K(640K)->546K(640K)
[9.433s][debug][gc,heap       ] GC(272) Heap after GC invocations=273 (full 0):
[9.433s][debug][gc,heap       ] GC(272)  garbage-first heap   total 1048576K, used 785384K [0x00000000c0000000, 0x0000000100000000)
[9.433s][debug][gc,heap       ] GC(272)   region size 1024K, 11 young (11264K), 11 survivors (11264K)
[9.434s][debug][gc,heap       ] GC(272)  Metaspace       used 6341K, committed 6464K, reserved 1114112K
[9.434s][debug][gc,heap       ] GC(272)   class space    used 546K, committed 640K, reserved 1048576K
[9.434s][info ][gc            ] GC(272) Pause Young (Normal) (G1 Evacuation Pause) 780M->766M(1024M) 16.678ms
[9.434s][info ][gc,cpu        ] GC(272) User=0.13s Sys=0.01s Real=0.02s
[9.434s][info ][safepoint     ] Safepoint "G1CollectForAllocation", Time since last: 12270100 ns, Reaching safepoint: 12400 ns, Cleanup: 13200 ns, At safepoint: 16931001 ns, Total: 16956601 ns
[9.443s][debug][gc,heap       ] GC(273) Heap before GC invocations=273 (full 0):
[9.443s][debug][gc,heap       ] GC(273)  garbage-first heap   total 1048576K, used 835560K [0x00000000c0000000, 0x0000000100000000)
[9.443s][debug][gc,heap       ] GC(273)   region size 1024K, 61 young (62464K), 11 survivors (11264K)
[9.443s][debug][gc,heap       ] GC(273)  Metaspace       used 6341K, committed 6464K, reserved 1114112K
[9.443s][debug][gc,heap       ] GC(273)   class space    used 546K, committed 640K, reserved 1048576K
[9.443s][info ][gc,start      ] GC(273) Pause Young (Normal) (G1 Evacuation Pause)
[9.443s][info ][gc,task       ] GC(273) Using 10 workers of 10 for evacuation
[9.443s][trace][gc,ergo,cset  ] GC(273) Start choosing CSet. Pending cards: 30 target pause time: 200.00ms
[9.443s][trace][gc,ergo,cset  ] GC(273) Added young regions to CSet. Eden: 50 regions, Survivors: 11 regions, predicted eden time: 9.34ms, predicted base time: 1.38ms, target pause time: 200.00ms, remaining time: 189.28ms
[9.443s][debug][gc,ergo       ] GC(273) Running G1 Merge Heap Roots using 10 workers for 61 regions
[9.455s][debug][gc,ergo       ] GC(273) Running G1 Rebuild Free List Task using 10 workers for rebuilding free list of regions
[9.455s][debug][gc,ergo,heap  ] GC(273) Heap expansion: short term pause time ratio 56.33% long term pause time ratio 50.28% threshold 7.69% pause time ratio 7.69% fully expanded true resize by 0B
[9.455s][debug][gc,ergo,refine] GC(273) Concurrent refinement times: Logged Cards Scan time goal: 20.00ms Logged Cards Scan time: 0.02ms HCC time: 0.00ms
[9.455s][trace][gc,ergo,refine] GC(273) Updating Refinement Zones: logged cards scan time: 0.017ms, processed cards: 21, goal time: 20.000ms
[9.455s][debug][gc,ergo,refine] GC(273) Updated Refinement Zones: green: 2560, yellow: 7680, red: 12800
[9.455s][info ][gc,phases     ] GC(273)   Pre Evacuate Collection Set: 0.3ms
[9.455s][info ][gc,phases     ] GC(273)   Merge Heap Roots: 0.2ms
[9.455s][info ][gc,phases     ] GC(273)   Evacuate Collection Set: 10.7ms
[9.455s][info ][gc,phases     ] GC(273)   Post Evacuate Collection Set: 0.7ms
[9.455s][info ][gc,phases     ] GC(273)   Other: 0.3ms
[9.455s][info ][gc,heap       ] GC(273) Eden regions: 50->0(43)
[9.455s][info ][gc,heap       ] GC(273) Survivor regions: 11->8(8)
[9.455s][info ][gc,heap       ] GC(273) Old regions: 756->801
[9.455s][info ][gc,heap       ] GC(273) Archive regions: 0->0
[9.455s][info ][gc,heap       ] GC(273) Humongous regions: 0->0
[9.455s][info ][gc,metaspace  ] GC(273) Metaspace: 6341K(6464K)->6341K(6464K) NonClass: 5794K(5824K)->5794K(5824K) Class: 546K(640K)->546K(640K)
[9.455s][debug][gc,heap       ] GC(273) Heap after GC invocations=274 (full 0):
[9.455s][debug][gc,heap       ] GC(273)  garbage-first heap   total 1048576K, used 828392K [0x00000000c0000000, 0x0000000100000000)
[9.455s][debug][gc,heap       ] GC(273)   region size 1024K, 8 young (8192K), 8 survivors (8192K)
[9.455s][debug][gc,heap       ] GC(273)  Metaspace       used 6341K, committed 6464K, reserved 1114112K
[9.455s][debug][gc,heap       ] GC(273)   class space    used 546K, committed 640K, reserved 1048576K
[9.455s][info ][gc            ] GC(273) Pause Young (Normal) (G1 Evacuation Pause) 816M->808M(1024M) 12.140ms
[9.455s][info ][gc,cpu        ] GC(273) User=0.09s Sys=0.01s Real=0.02s
[9.455s][info ][safepoint     ] Safepoint "G1CollectForAllocation", Time since last: 9078300 ns, Reaching safepoint: 7900 ns, Cleanup: 6700 ns, At safepoint: 12368601 ns, Total: 12383201 ns
[9.462s][debug][gc,heap       ] GC(274) Heap before GC invocations=274 (full 0):
[9.462s][debug][gc,heap       ] GC(274)  garbage-first heap   total 1048576K, used 871400K [0x00000000c0000000, 0x0000000100000000)
[9.462s][debug][gc,heap       ] GC(274)   region size 1024K, 51 young (52224K), 8 survivors (8192K)
[9.462s][debug][gc,heap       ] GC(274)  Metaspace       used 6341K, committed 6464K, reserved 1114112K
[9.462s][debug][gc,heap       ] GC(274)   class space    used 546K, committed 640K, reserved 1048576K
[9.462s][info ][gc,start      ] GC(274) Pause Young (Normal) (G1 Evacuation Pause)
[9.462s][info ][gc,task       ] GC(274) Using 10 workers of 10 for evacuation
[9.462s][trace][gc,ergo,cset  ] GC(274) Start choosing CSet. Pending cards: 28 target pause time: 200.00ms
[9.462s][trace][gc,ergo,cset  ] GC(274) Added young regions to CSet. Eden: 43 regions, Survivors: 8 regions, predicted eden time: 8.16ms, predicted base time: 1.25ms, target pause time: 200.00ms, remaining time: 190.59ms
[9.462s][debug][gc,ergo       ] GC(274) Running G1 Merge Heap Roots using 10 workers for 51 regions
[9.472s][debug][gc,ergo       ] GC(274) Running G1 Rebuild Free List Task using 10 workers for rebuilding free list of regions
[9.472s][debug][gc,ergo,heap  ] GC(274) Heap expansion: short term pause time ratio 55.62% long term pause time ratio 49.11% threshold 7.69% pause time ratio 7.69% fully expanded true resize by 0B
[9.472s][debug][gc,ergo,ihop  ] GC(274) Request concurrent cycle initiation (occupancy higher than threshold) occupancy: 880803840B allocation request: 0B threshold: 859194608B (80.02) source: end of GC
[9.472s][debug][gc,ergo,refine] GC(274) Concurrent refinement times: Logged Cards Scan time goal: 20.00ms Logged Cards Scan time: 0.02ms HCC time: 0.00ms
[9.472s][trace][gc,ergo,refine] GC(274) Updating Refinement Zones: logged cards scan time: 0.017ms, processed cards: 14, goal time: 20.000ms
[9.472s][debug][gc,ergo,refine] GC(274) Updated Refinement Zones: green: 2560, yellow: 7680, red: 12800
[9.472s][info ][gc,phases     ] GC(274)   Pre Evacuate Collection Set: 0.2ms
[9.472s][info ][gc,phases     ] GC(274)   Merge Heap Roots: 0.1ms
[9.472s][info ][gc,phases     ] GC(274)   Evacuate Collection Set: 8.6ms
[9.472s][info ][gc,phases     ] GC(274)   Post Evacuate Collection Set: 0.8ms
[9.472s][info ][gc,phases     ] GC(274)   Other: 0.3ms
[9.472s][info ][gc,heap       ] GC(274) Eden regions: 43->0(44)
[9.472s][info ][gc,heap       ] GC(274) Survivor regions: 8->7(7)
[9.472s][info ][gc,heap       ] GC(274) Old regions: 801->840
[9.472s][info ][gc,heap       ] GC(274) Archive regions: 0->0
[9.472s][info ][gc,heap       ] GC(274) Humongous regions: 0->0
[9.472s][info ][gc,metaspace  ] GC(274) Metaspace: 6341K(6464K)->6341K(6464K) NonClass: 5794K(5824K)->5794K(5824K) Class: 546K(640K)->546K(640K)
[9.472s][debug][gc,heap       ] GC(274) Heap after GC invocations=275 (full 0):
[9.472s][debug][gc,heap       ] GC(274)  garbage-first heap   total 1048576K, used 866604K [0x00000000c0000000, 0x0000000100000000)
[9.472s][debug][gc,heap       ] GC(274)   region size 1024K, 7 young (7168K), 7 survivors (7168K)
[9.472s][debug][gc,heap       ] GC(274)  Metaspace       used 6341K, committed 6464K, reserved 1114112K
[9.472s][debug][gc,heap       ] GC(274)   class space    used 546K, committed 640K, reserved 1048576K
[9.472s][info ][gc            ] GC(274) Pause Young (Normal) (G1 Evacuation Pause) 851M->846M(1024M) 9.992ms
[9.472s][info ][gc,cpu        ] GC(274) User=0.08s Sys=0.00s Real=0.01s
[9.472s][info ][safepoint     ] Safepoint "G1CollectForAllocation", Time since last: 6981300 ns, Reaching safepoint: 11300 ns, Cleanup: 9000 ns, At safepoint: 10144001 ns, Total: 10164301 ns
[9.479s][debug][gc,heap       ] GC(275) Heap before GC invocations=275 (full 0):
[9.479s][debug][gc,heap       ] GC(275)  garbage-first heap   total 1048576K, used 910636K [0x00000000c0000000, 0x0000000100000000)
[9.479s][debug][gc,heap       ] GC(275)   region size 1024K, 51 young (52224K), 7 survivors (7168K)
[9.479s][debug][gc,heap       ] GC(275)  Metaspace       used 6341K, committed 6464K, reserved 1114112K
[9.479s][debug][gc,heap       ] GC(275)   class space    used 546K, committed 640K, reserved 1048576K
[9.479s][debug][gc,ergo       ] GC(275) Initiate concurrent cycle (concurrent cycle initiation requested)
[9.479s][info ][gc,start      ] GC(275) Pause Young (Concurrent Start) (G1 Evacuation Pause)
[9.479s][info ][gc,task       ] GC(275) Using 10 workers of 10 for evacuation
[9.479s][trace][gc,ergo,cset  ] GC(275) Start choosing CSet. Pending cards: 31 target pause time: 200.00ms
[9.479s][trace][gc,ergo,cset  ] GC(275) Added young regions to CSet. Eden: 44 regions, Survivors: 7 regions, predicted eden time: 8.15ms, predicted base time: 1.19ms, target pause time: 200.00ms, remaining time: 190.65ms
[9.480s][debug][gc,ergo       ] GC(275) Running G1 Merge Heap Roots using 10 workers for 51 regions
[9.489s][debug][gc,ergo       ] GC(275) Running G1 Rebuild Free List Task using 10 workers for rebuilding free list of regions
[9.489s][debug][gc,ergo,heap  ] GC(275) Heap expansion: short term pause time ratio 57.41% long term pause time ratio 50.13% threshold 7.69% pause time ratio 7.69% fully expanded true resize by 0B
[9.489s][debug][gc,ergo,refine] GC(275) Concurrent refinement times: Logged Cards Scan time goal: 20.00ms Logged Cards Scan time: 0.02ms HCC time: 0.00ms
[9.489s][trace][gc,ergo,refine] GC(275) Updating Refinement Zones: logged cards scan time: 0.023ms, processed cards: 18, goal time: 19.999ms
[9.489s][debug][gc,ergo,refine] GC(275) Updated Refinement Zones: green: 2560, yellow: 7680, red: 12800
[9.489s][info ][gc,phases     ] GC(275)   Pre Evacuate Collection Set: 0.3ms
[9.489s][info ][gc,phases     ] GC(275)   Merge Heap Roots: 0.2ms
[9.489s][info ][gc,phases     ] GC(275)   Evacuate Collection Set: 8.1ms
[9.489s][info ][gc,phases     ] GC(275)   Post Evacuate Collection Set: 0.9ms
[9.489s][info ][gc,phases     ] GC(275)   Other: 0.5ms
[9.489s][info ][gc,heap       ] GC(275) Eden regions: 44->0(44)
[9.489s][info ][gc,heap       ] GC(275) Survivor regions: 7->7(7)
[9.489s][info ][gc,heap       ] GC(275) Old regions: 840->876
[9.489s][info ][gc,heap       ] GC(275) Archive regions: 0->0
[9.489s][info ][gc,heap       ] GC(275) Humongous regions: 0->0
[9.489s][info ][gc,metaspace  ] GC(275) Metaspace: 6341K(6464K)->6341K(6464K) NonClass: 5794K(5824K)->5794K(5824K) Class: 546K(640K)->546K(640K)
[9.489s][debug][gc,heap       ] GC(275) Heap after GC invocations=276 (full 0):
[9.489s][debug][gc,heap       ] GC(275)  garbage-first heap   total 1048576K, used 904168K [0x00000000c0000000, 0x0000000100000000)
[9.489s][debug][gc,heap       ] GC(275)   region size 1024K, 7 young (7168K), 7 survivors (7168K)
[9.489s][debug][gc,heap       ] GC(275)  Metaspace       used 6341K, committed 6464K, reserved 1114112K
[9.489s][debug][gc,heap       ] GC(275)   class space    used 546K, committed 640K, reserved 1048576K
[9.489s][info ][gc            ] GC(275) Pause Young (Concurrent Start) (G1 Evacuation Pause) 890M->882M(1024M) 9.990ms
[9.489s][info ][gc,cpu        ] GC(275) User=0.08s Sys=0.00s Real=0.01s
[9.489s][info ][safepoint     ] Safepoint "G1CollectForAllocation", Time since last: 6917000 ns, Reaching safepoint: 20400 ns, Cleanup: 19900 ns, At safepoint: 10297400 ns, Total: 10337700 ns
[9.489s][info ][gc            ] GC(276) Concurrent Mark Cycle
[9.489s][info ][gc,marking    ] GC(276) Concurrent Clear Claimed Marks
[9.490s][info ][gc,marking    ] GC(276) Concurrent Clear Claimed Marks 0.022ms
[9.490s][info ][gc,marking    ] GC(276) Concurrent Scan Root Regions
[9.490s][debug][gc,ergo       ] GC(276) Running G1 Root Region Scan using 3 workers for 44 work units.
[9.490s][info ][gc,marking    ] GC(276) Concurrent Scan Root Regions 0.204ms
[9.490s][info ][gc,marking    ] GC(276) Concurrent Mark
[9.490s][info ][gc,marking    ] GC(276) Concurrent Mark From Roots
[9.490s][info ][gc,task       ] GC(276) Using 3 workers of 3 for marking
[9.496s][info ][gc,marking    ] GC(276) Concurrent Mark From Roots 6.365ms
[9.496s][info ][gc,marking    ] GC(276) Concurrent Preclean
[9.496s][info ][gc,marking    ] GC(276) Concurrent Preclean 0.103ms
[9.497s][info ][gc,start      ] GC(276) Pause Remark
[9.498s][debug][gc,ergo       ] GC(276) Running G1 Update RemSet Tracking Before Rebuild using 3 workers for 1024 regions in heap
[9.499s][info ][gc            ] GC(276) Pause Remark 920M->529M(1024M) 2.256ms
[9.499s][info ][gc,cpu        ] GC(276) User=0.00s Sys=0.00s Real=0.00s
[9.499s][info ][safepoint     ] Safepoint "G1PauseRemark", Time since last: 7101600 ns, Reaching safepoint: 133500 ns, Cleanup: 11000 ns, At safepoint: 2352400 ns, Total: 2496900 ns
[9.499s][info ][gc,marking    ] GC(276) Concurrent Mark 9.345ms
[9.499s][info ][gc,marking    ] GC(276) Concurrent Rebuild Remembered Sets
[9.500s][debug][gc,heap       ] GC(277) Heap before GC invocations=276 (full 0):
[9.500s][debug][gc,heap       ] GC(277)  garbage-first heap   total 1048576K, used 547816K [0x00000000c0000000, 0x0000000100000000)
[9.500s][debug][gc,heap       ] GC(277)   region size 1024K, 51 young (52224K), 7 survivors (7168K)
[9.500s][debug][gc,heap       ] GC(277)  Metaspace       used 6341K, committed 6464K, reserved 1114112K
[9.500s][debug][gc,heap       ] GC(277)   class space    used 546K, committed 640K, reserved 1048576K
[9.500s][info ][gc,start      ] GC(277) Pause Young (Normal) (G1 Evacuation Pause)
[9.500s][info ][gc,task       ] GC(277) Using 10 workers of 10 for evacuation
[9.500s][trace][gc,ergo,cset  ] GC(277) Start choosing CSet. Pending cards: 69 target pause time: 200.00ms
[9.500s][trace][gc,ergo,cset  ] GC(277) Added young regions to CSet. Eden: 44 regions, Survivors: 7 regions, predicted eden time: 7.56ms, predicted base time: 1.25ms, target pause time: 200.00ms, remaining time: 191.19ms
[9.500s][debug][gc,ergo       ] GC(277) Running G1 Merge Heap Roots using 10 workers for 51 regions
[9.509s][debug][gc,ergo       ] GC(277) Running G1 Rebuild Free List Task using 10 workers for rebuilding free list of regions
[9.510s][debug][gc,ergo,heap  ] GC(277) Heap expansion: short term pause time ratio 22.55% long term pause time ratio 49.27% threshold 7.69% pause time ratio 7.69% fully expanded true resize by 0B
[9.510s][debug][gc,ergo,refine] GC(277) Concurrent refinement times: Logged Cards Scan time goal: 20.00ms Logged Cards Scan time: 0.03ms HCC time: 0.00ms
[9.510s][trace][gc,ergo,refine] GC(277) Updating Refinement Zones: logged cards scan time: 0.027ms, processed cards: 57, goal time: 19.999ms
[9.510s][debug][gc,ergo,refine] GC(277) Updated Refinement Zones: green: 2560, yellow: 7680, red: 12800
[9.510s][info ][gc,phases     ] GC(277)   Pre Evacuate Collection Set: 0.2ms
[9.510s][info ][gc,phases     ] GC(277)   Merge Heap Roots: 0.2ms
[9.510s][info ][gc,phases     ] GC(277)   Evacuate Collection Set: 8.2ms
[9.510s][info ][gc,phases     ] GC(277)   Post Evacuate Collection Set: 0.7ms
[9.510s][info ][gc,phases     ] GC(277)   Other: 0.3ms
[9.510s][info ][gc,heap       ] GC(277) Eden regions: 44->0(132)
[9.510s][info ][gc,heap       ] GC(277) Survivor regions: 7->7(7)
[9.510s][info ][gc,heap       ] GC(277) Old regions: 485->525
[9.510s][info ][gc,heap       ] GC(277) Archive regions: 0->0
[9.510s][info ][gc,heap       ] GC(277) Humongous regions: 0->0
[9.510s][info ][gc,metaspace  ] GC(277) Metaspace: 6341K(6464K)->6341K(6464K) NonClass: 5794K(5824K)->5794K(5824K) Class: 546K(640K)->546K(640K)
[9.510s][debug][gc,heap       ] GC(277) Heap after GC invocations=277 (full 0):
[9.510s][debug][gc,heap       ] GC(277)  garbage-first heap   total 1048576K, used 543844K [0x00000000c0000000, 0x0000000100000000)
[9.510s][debug][gc,heap       ] GC(277)   region size 1024K, 7 young (7168K), 7 survivors (7168K)
[9.510s][debug][gc,heap       ] GC(277)  Metaspace       used 6341K, committed 6464K, reserved 1114112K
[9.510s][debug][gc,heap       ] GC(277)   class space    used 546K, committed 640K, reserved 1048576K
[9.510s][info ][gc            ] GC(277) Pause Young (Normal) (G1 Evacuation Pause) 535M->531M(1024M) 9.518ms
[9.510s][info ][gc,cpu        ] GC(277) User=0.07s Sys=0.00s Real=0.01s
[9.510s][info ][safepoint     ] Safepoint "G1CollectForAllocation", Time since last: 604200 ns, Reaching safepoint: 336701 ns, Cleanup: 7300 ns, At safepoint: 9759300 ns, Total: 10103301 ns
[9.512s][info ][gc,marking    ] GC(276) Concurrent Rebuild Remembered Sets 12.742ms
[9.512s][info ][gc,start      ] GC(276) Pause Cleanup
[9.513s][debug][gc,ergo,cset  ] GC(276) Pruned 126 regions out of 427, leaving 53366200 bytes waste (allowed 53687091)
[9.513s][info ][gc            ] GC(276) Pause Cleanup 549M->549M(1024M) 0.439ms
[9.513s][info ][gc,cpu        ] GC(276) User=0.00s Sys=0.00s Real=0.00s
[9.513s][info ][safepoint     ] Safepoint "G1PauseCleanup", Time since last: 2310500 ns, Reaching safepoint: 93200 ns, Cleanup: 5000 ns, At safepoint: 481300 ns, Total: 579500 ns
[9.513s][info ][gc,marking    ] GC(276) Concurrent Cleanup for Next Mark
[9.513s][debug][gc,ergo       ] GC(276) Running G1 Clear Bitmap with 3 workers for 16 work units.
[9.516s][info ][gc,marking    ] GC(276) Concurrent Cleanup for Next Mark 3.701ms
[9.517s][info ][gc            ] GC(276) Concurrent Mark Cycle 27.180ms
[9.532s][debug][gc,heap       ] GC(278) Heap before GC invocations=278 (full 0):
[9.532s][debug][gc,heap       ] GC(278)  garbage-first heap   total 1048576K, used 677988K [0x00000000c0000000, 0x0000000100000000)
[9.532s][debug][gc,heap       ] GC(278)   region size 1024K, 139 young (142336K), 7 survivors (7168K)
[9.532s][debug][gc,heap       ] GC(278)  Metaspace       used 6341K, committed 6464K, reserved 1114112K
[9.532s][debug][gc,heap       ] GC(278)   class space    used 546K, committed 640K, reserved 1048576K
[9.532s][info ][gc,start      ] GC(278) Pause Young (Prepare Mixed) (G1 Evacuation Pause)
[9.532s][info ][gc,task       ] GC(278) Using 10 workers of 10 for evacuation
[9.533s][trace][gc,ergo,cset  ] GC(278) Start choosing CSet. Pending cards: 56 target pause time: 200.00ms
[9.533s][trace][gc,ergo,cset  ] GC(278) Added young regions to CSet. Eden: 132 regions, Survivors: 7 regions, predicted eden time: 22.13ms, predicted base time: 1.43ms, target pause time: 200.00ms, remaining time: 176.45ms
[9.533s][debug][gc,ergo       ] GC(278) Running G1 Merge Heap Roots using 10 workers for 139 regions
[9.554s][debug][gc,ergo       ] GC(278) Running G1 Rebuild Free List Task using 10 workers for rebuilding free list of regions
[9.554s][debug][gc,ergo,heap  ] GC(278) Heap expansion: short term pause time ratio 13.34% long term pause time ratio 48.98% threshold 7.69% pause time ratio 7.69% fully expanded true resize by 0B
[9.554s][debug][gc,ergo,refine] GC(278) Concurrent refinement times: Logged Cards Scan time goal: 20.00ms Logged Cards Scan time: 0.03ms HCC time: 0.00ms
[9.554s][trace][gc,ergo,refine] GC(278) Updating Refinement Zones: logged cards scan time: 0.035ms, processed cards: 46, goal time: 19.999ms
[9.554s][debug][gc,ergo,refine] GC(278) Updated Refinement Zones: green: 2560, yellow: 7680, red: 12800
[9.554s][info ][gc,phases     ] GC(278)   Pre Evacuate Collection Set: 0.4ms
[9.554s][info ][gc,phases     ] GC(278)   Merge Heap Roots: 0.2ms
[9.554s][info ][gc,phases     ] GC(278)   Evacuate Collection Set: 19.7ms
[9.554s][info ][gc,phases     ] GC(278)   Post Evacuate Collection Set: 0.9ms
[9.554s][info ][gc,phases     ] GC(278)   Other: 0.4ms
[9.554s][info ][gc,heap       ] GC(278) Eden regions: 132->0(33)
[9.554s][info ][gc,heap       ] GC(278) Survivor regions: 7->18(18)
[9.554s][info ][gc,heap       ] GC(278) Old regions: 525->606
[9.554s][info ][gc,heap       ] GC(278) Archive regions: 0->0
[9.554s][info ][gc,heap       ] GC(278) Humongous regions: 0->0
[9.554s][info ][gc,metaspace  ] GC(278) Metaspace: 6341K(6464K)->6341K(6464K) NonClass: 5794K(5824K)->5794K(5824K) Class: 546K(640K)->546K(640K)
[9.554s][debug][gc,heap       ] GC(278) Heap after GC invocations=279 (full 0):
[9.554s][debug][gc,heap       ] GC(278)  garbage-first heap   total 1048576K, used 638252K [0x00000000c0000000, 0x0000000100000000)
[9.554s][debug][gc,heap       ] GC(278)   region size 1024K, 18 young (18432K), 18 survivors (18432K)
[9.554s][debug][gc,heap       ] GC(278)  Metaspace       used 6341K, committed 6464K, reserved 1114112K
[9.554s][debug][gc,heap       ] GC(278)   class space    used 546K, committed 640K, reserved 1048576K
[9.554s][info ][gc            ] GC(278) Pause Young (Prepare Mixed) (G1 Evacuation Pause) 663M->623M(1024M) 21.471ms
[9.554s][info ][gc,cpu        ] GC(278) User=0.20s Sys=0.00s Real=0.03s
[9.554s][info ][safepoint     ] Safepoint "G1CollectForAllocation", Time since last: 19583601 ns, Reaching safepoint: 16100 ns, Cleanup: 23000 ns, At safepoint: 21703600 ns, Total: 21742700 ns
[9.558s][debug][gc,heap       ] GC(279) Heap before GC invocations=279 (full 0):
[9.558s][debug][gc,heap       ] GC(279)  garbage-first heap   total 1048576K, used 671020K [0x00000000c0000000, 0x0000000100000000)
[9.558s][debug][gc,heap       ] GC(279)   region size 1024K, 51 young (52224K), 18 survivors (18432K)
[9.558s][debug][gc,heap       ] GC(279)  Metaspace       used 6341K, committed 6464K, reserved 1114112K
[9.558s][debug][gc,heap       ] GC(279)   class space    used 546K, committed 640K, reserved 1048576K
[9.558s][info ][gc,start      ] GC(279) Pause Young (Mixed) (G1 Evacuation Pause)
[9.558s][info ][gc,task       ] GC(279) Using 10 workers of 10 for evacuation
[9.558s][trace][gc,ergo,cset  ] GC(279) Start choosing CSet. Pending cards: 33 target pause time: 200.00ms
[9.558s][trace][gc,ergo,cset  ] GC(279) Added young regions to CSet. Eden: 33 regions, Survivors: 18 regions, predicted eden time: 6.14ms, predicted base time: 2.59ms, target pause time: 200.00ms, remaining time: 191.27ms
[9.558s][debug][gc,ergo,cset  ] GC(279) Start adding old regions to collection set. Min 38 regions, max 103 regions, time remaining 191.27ms, optional threshold 38.25ms
[9.558s][debug][gc,ergo,cset  ] GC(279) Finish adding old regions to collection set (Maximum number of regions). Initial 103 regions, optional 0 regions
[9.558s][debug][gc,ergo,cset  ] GC(279) Finish choosing collection set old regions. Initial: 103, optional: 0, predicted old time: 0.00ms, predicted optional time: 0.00ms, time remaining: 188.71
[9.558s][debug][gc,ergo       ] GC(279) Running G1 Merge Heap Roots using 10 workers for 154 regions
[9.569s][debug][gc,ergo       ] GC(279) Running G1 Rebuild Free List Task using 10 workers for rebuilding free list of regions
[9.569s][debug][gc,ergo,heap  ] GC(279) Heap expansion: short term pause time ratio 51.64% long term pause time ratio 53.29% threshold 7.69% pause time ratio 7.69% fully expanded true resize by 0B
[9.569s][debug][gc,ergo,refine] GC(279) Concurrent refinement times: Logged Cards Scan time goal: 20.00ms Logged Cards Scan time: 0.02ms HCC time: 0.00ms
[9.569s][trace][gc,ergo,refine] GC(279) Updating Refinement Zones: logged cards scan time: 0.022ms, processed cards: 14, goal time: 19.999ms
[9.569s][debug][gc,ergo,refine] GC(279) Updated Refinement Zones: green: 2560, yellow: 7680, red: 12800
[9.569s][info ][gc,phases     ] GC(279)   Pre Evacuate Collection Set: 0.4ms
[9.569s][info ][gc,phases     ] GC(279)   Merge Heap Roots: 0.2ms
[9.569s][info ][gc,phases     ] GC(279)   Evacuate Collection Set: 9.8ms
[9.569s][info ][gc,phases     ] GC(279)   Post Evacuate Collection Set: 0.7ms
[9.569s][info ][gc,phases     ] GC(279)   Other: 0.3ms
[9.569s][info ][gc,heap       ] GC(279) Eden regions: 33->0(44)
[9.569s][info ][gc,heap       ] GC(279) Survivor regions: 18->7(7)
[9.569s][info ][gc,heap       ] GC(279) Old regions: 606->545
[9.569s][info ][gc,heap       ] GC(279) Archive regions: 0->0
[9.569s][info ][gc,heap       ] GC(279) Humongous regions: 0->0
[9.569s][info ][gc,metaspace  ] GC(279) Metaspace: 6341K(6464K)->6341K(6464K) NonClass: 5794K(5824K)->5794K(5824K) Class: 546K(640K)->546K(640K)
[9.569s][debug][gc,heap       ] GC(279) Heap after GC invocations=280 (full 0):
[9.569s][debug][gc,heap       ] GC(279)  garbage-first heap   total 1048576K, used 564824K [0x00000000c0000000, 0x0000000100000000)
[9.569s][debug][gc,heap       ] GC(279)   region size 1024K, 7 young (7168K), 7 survivors (7168K)
[9.569s][debug][gc,heap       ] GC(279)  Metaspace       used 6341K, committed 6464K, reserved 1114112K
[9.569s][debug][gc,heap       ] GC(279)   class space    used 546K, committed 640K, reserved 1048576K
[9.569s][info ][gc            ] GC(279) Pause Young (Mixed) (G1 Evacuation Pause) 656M->551M(1024M) 11.157ms
[9.569s][info ][gc,cpu        ] GC(279) User=0.10s Sys=0.00s Real=0.01s
[9.569s][info ][safepoint     ] Safepoint "G1CollectForAllocation", Time since last: 3788401 ns, Reaching safepoint: 7200 ns, Cleanup: 6500 ns, At safepoint: 11334300 ns, Total: 11348000 ns
[9.574s][debug][gc,heap       ] GC(280) Heap before GC invocations=280 (full 0):
[9.574s][debug][gc,heap       ] GC(280)  garbage-first heap   total 1048576K, used 608856K [0x00000000c0000000, 0x0000000100000000)
[9.574s][debug][gc,heap       ] GC(280)   region size 1024K, 51 young (52224K), 7 survivors (7168K)
[9.574s][debug][gc,heap       ] GC(280)  Metaspace       used 6341K, committed 6464K, reserved 1114112K
[9.574s][debug][gc,heap       ] GC(280)   class space    used 546K, committed 640K, reserved 1048576K
[9.574s][info ][gc,start      ] GC(280) Pause Young (Mixed) (G1 Evacuation Pause)
[9.574s][info ][gc,task       ] GC(280) Using 10 workers of 10 for evacuation
[9.575s][trace][gc,ergo,cset  ] GC(280) Start choosing CSet. Pending cards: 50 target pause time: 200.00ms
[9.575s][trace][gc,ergo,cset  ] GC(280) Added young regions to CSet. Eden: 44 regions, Survivors: 7 regions, predicted eden time: 7.95ms, predicted base time: 2.19ms, target pause time: 200.00ms, remaining time: 189.86ms
[9.575s][debug][gc,ergo,cset  ] GC(280) Start adding old regions to collection set. Min 38 regions, max 103 regions, time remaining 189.86ms, optional threshold 37.97ms
[9.575s][debug][gc,ergo,cset  ] GC(280) Finish adding old regions to collection set (Maximum number of regions). Initial 103 regions, optional 0 regions
[9.575s][debug][gc,ergo,cset  ] GC(280) Finish choosing collection set old regions. Initial: 103, optional: 0, predicted old time: 0.00ms, predicted optional time: 0.00ms, time remaining: 185.74
[9.575s][debug][gc,ergo       ] GC(280) Running G1 Merge Heap Roots using 10 workers for 154 regions
[9.586s][debug][gc,ergo       ] GC(280) Running G1 Rebuild Free List Task using 10 workers for rebuilding free list of regions
[9.586s][debug][gc,ergo,heap  ] GC(280) Heap expansion: short term pause time ratio 72.71% long term pause time ratio 55.58% threshold 7.69% pause time ratio 7.69% fully expanded true resize by 0B
[9.586s][debug][gc,ergo,refine] GC(280) Concurrent refinement times: Logged Cards Scan time goal: 20.00ms Logged Cards Scan time: 0.02ms HCC time: 0.00ms
[9.586s][trace][gc,ergo,refine] GC(280) Updating Refinement Zones: logged cards scan time: 0.018ms, processed cards: 29, goal time: 19.999ms
[9.586s][debug][gc,ergo,refine] GC(280) Updated Refinement Zones: green: 2560, yellow: 7680, red: 12800
[9.586s][info ][gc,phases     ] GC(280)   Pre Evacuate Collection Set: 0.3ms
[9.586s][info ][gc,phases     ] GC(280)   Merge Heap Roots: 0.2ms
[9.586s][info ][gc,phases     ] GC(280)   Evacuate Collection Set: 9.8ms
[9.586s][info ][gc,phases     ] GC(280)   Post Evacuate Collection Set: 1.1ms
[9.586s][info ][gc,phases     ] GC(280)   Other: 0.3ms
[9.586s][info ][gc,heap       ] GC(280) Eden regions: 44->0(44)
[9.586s][info ][gc,heap       ] GC(280) Survivor regions: 7->7(7)
[9.586s][info ][gc,heap       ] GC(280) Old regions: 545->485
[9.586s][info ][gc,heap       ] GC(280) Archive regions: 0->0
[9.586s][info ][gc,heap       ] GC(280) Humongous regions: 0->0
[9.586s][info ][gc,metaspace  ] GC(280) Metaspace: 6341K(6464K)->6341K(6464K) NonClass: 5794K(5824K)->5794K(5824K) Class: 546K(640K)->546K(640K)
[9.586s][debug][gc,heap       ] GC(280) Heap after GC invocations=281 (full 0):
[9.586s][debug][gc,heap       ] GC(280)  garbage-first heap   total 1048576K, used 503184K [0x00000000c0000000, 0x0000000100000000)
[9.586s][debug][gc,heap       ] GC(280)   region size 1024K, 7 young (7168K), 7 survivors (7168K)
[9.586s][debug][gc,heap       ] GC(280)  Metaspace       used 6341K, committed 6464K, reserved 1114112K
[9.586s][debug][gc,heap       ] GC(280)   class space    used 546K, committed 640K, reserved 1048576K
[9.586s][info ][gc            ] GC(280) Pause Young (Mixed) (G1 Evacuation Pause) 595M->491M(1024M) 11.618ms
[9.586s][info ][gc,cpu        ] GC(280) User=0.09s Sys=0.00s Real=0.01s
[9.586s][info ][safepoint     ] Safepoint "G1CollectForAllocation", Time since last: 5249900 ns, Reaching safepoint: 7200 ns, Cleanup: 9900 ns, At safepoint: 11771101 ns, Total: 11788201 ns
[9.592s][debug][gc,heap       ] GC(281) Heap before GC invocations=281 (full 0):
[9.592s][debug][gc,heap       ] GC(281)  garbage-first heap   total 1048576K, used 547216K [0x00000000c0000000, 0x0000000100000000)
[9.592s][debug][gc,heap       ] GC(281)   region size 1024K, 51 young (52224K), 7 survivors (7168K)
[9.592s][debug][gc,heap       ] GC(281)  Metaspace       used 6341K, committed 6464K, reserved 1114112K
[9.592s][debug][gc,heap       ] GC(281)   class space    used 546K, committed 640K, reserved 1048576K
[9.592s][info ][gc,start      ] GC(281) Pause Young (Mixed) (G1 Evacuation Pause)
[9.592s][info ][gc,task       ] GC(281) Using 10 workers of 10 for evacuation
[9.592s][trace][gc,ergo,cset  ] GC(281) Start choosing CSet. Pending cards: 40 target pause time: 200.00ms
[9.592s][trace][gc,ergo,cset  ] GC(281) Added young regions to CSet. Eden: 44 regions, Survivors: 7 regions, predicted eden time: 7.86ms, predicted base time: 1.88ms, target pause time: 200.00ms, remaining time: 190.26ms
[9.592s][debug][gc,ergo,cset  ] GC(281) Start adding old regions to collection set. Min 38 regions, max 103 regions, time remaining 190.26ms, optional threshold 38.05ms
[9.592s][debug][gc,ergo,cset  ] GC(281) Old candidate collection set empty.
[9.592s][debug][gc,ergo,cset  ] GC(281) Finish choosing collection set old regions. Initial: 95, optional: 0, predicted old time: 0.00ms, predicted optional time: 0.00ms, time remaining: 183.63
[9.592s][debug][gc,ergo       ] GC(281) Running G1 Merge Heap Roots using 10 workers for 146 regions
[9.602s][debug][gc,ergo       ] GC(281) Running G1 Rebuild Free List Task using 10 workers for rebuilding free list of regions
[9.603s][debug][gc,ergo,heap  ] GC(281) Heap expansion: short term pause time ratio 67.05% long term pause time ratio 57.00% threshold 7.69% pause time ratio 7.69% fully expanded true resize by 0B
[9.603s][debug][gc,ergo       ] GC(281) do not continue mixed GCs (candidate old regions not available)
[9.603s][debug][gc,ergo,refine] GC(281) Concurrent refinement times: Logged Cards Scan time goal: 20.00ms Logged Cards Scan time: 0.01ms HCC time: 0.00ms
[9.603s][trace][gc,ergo,refine] GC(281) Updating Refinement Zones: logged cards scan time: 0.008ms, processed cards: 8, goal time: 19.999ms
[9.603s][debug][gc,ergo,refine] GC(281) Updated Refinement Zones: green: 2560, yellow: 7680, red: 12800
[9.603s][info ][gc,phases     ] GC(281)   Pre Evacuate Collection Set: 0.3ms
[9.603s][info ][gc,phases     ] GC(281)   Merge Heap Roots: 0.2ms
[9.603s][info ][gc,phases     ] GC(281)   Evacuate Collection Set: 9.8ms
[9.603s][info ][gc,phases     ] GC(281)   Post Evacuate Collection Set: 0.8ms
[9.603s][info ][gc,phases     ] GC(281)   Other: 0.2ms
[9.603s][info ][gc,heap       ] GC(281) Eden regions: 44->0(169)
[9.603s][info ][gc,heap       ] GC(281) Survivor regions: 7->7(7)
[9.603s][info ][gc,heap       ] GC(281) Old regions: 485->435
[9.603s][info ][gc,heap       ] GC(281) Archive regions: 0->0
[9.603s][info ][gc,heap       ] GC(281) Humongous regions: 0->0
[9.603s][info ][gc,metaspace  ] GC(281) Metaspace: 6341K(6464K)->6341K(6464K) NonClass: 5794K(5824K)->5794K(5824K) Class: 546K(640K)->546K(640K)
[9.603s][debug][gc,heap       ] GC(281) Heap after GC invocations=282 (full 0):
[9.603s][debug][gc,heap       ] GC(281)  garbage-first heap   total 1048576K, used 451684K [0x00000000c0000000, 0x0000000100000000)
[9.603s][debug][gc,heap       ] GC(281)   region size 1024K, 7 young (7168K), 7 survivors (7168K)
[9.603s][debug][gc,heap       ] GC(281)  Metaspace       used 6341K, committed 6464K, reserved 1114112K
[9.603s][debug][gc,heap       ] GC(281)   class space    used 546K, committed 640K, reserved 1048576K
[9.603s][info ][gc            ] GC(281) Pause Young (Mixed) (G1 Evacuation Pause) 535M->441M(1024M) 11.217ms
[9.603s][info ][gc,cpu        ] GC(281) User=0.09s Sys=0.00s Real=0.01s
[9.603s][info ][safepoint     ] Safepoint "G1CollectForAllocation", Time since last: 5371200 ns, Reaching safepoint: 6000 ns, Cleanup: 5500 ns, At safepoint: 11328200 ns, Total: 11339700 ns
[9.621s][debug][gc,heap       ] GC(282) Heap before GC invocations=282 (full 0):
[9.621s][debug][gc,heap       ] GC(282)  garbage-first heap   total 1048576K, used 623716K [0x00000000c0000000, 0x0000000100000000)
[9.621s][debug][gc,heap       ] GC(282)   region size 1024K, 176 young (180224K), 7 survivors (7168K)
[9.621s][debug][gc,heap       ] GC(282)  Metaspace       used 6341K, committed 6464K, reserved 1114112K
[9.621s][debug][gc,heap       ] GC(282)   class space    used 546K, committed 640K, reserved 1048576K
[9.621s][info ][gc,start      ] GC(282) Pause Young (Normal) (G1 Evacuation Pause)
[9.621s][info ][gc,task       ] GC(282) Using 10 workers of 10 for evacuation
[9.622s][trace][gc,ergo,cset  ] GC(282) Start choosing CSet. Pending cards: 32 target pause time: 200.00ms
[9.622s][trace][gc,ergo,cset  ] GC(282) Added young regions to CSet. Eden: 169 regions, Survivors: 7 regions, predicted eden time: 26.35ms, predicted base time: 1.32ms, target pause time: 200.00ms, remaining time: 172.33ms
[9.622s][debug][gc,ergo       ] GC(282) Running G1 Merge Heap Roots using 10 workers for 176 regions
[9.644s][debug][gc,ergo       ] GC(282) Running G1 Rebuild Free List Task using 10 workers for rebuilding free list of regions
[9.644s][debug][gc,ergo,heap  ] GC(282) Heap expansion: short term pause time ratio 66.00% long term pause time ratio 58.00% threshold 7.69% pause time ratio 7.69% fully expanded true resize by 0B
[9.644s][debug][gc,ergo,refine] GC(282) Concurrent refinement times: Logged Cards Scan time goal: 20.00ms Logged Cards Scan time: 0.05ms HCC time: 0.00ms
[9.644s][trace][gc,ergo,refine] GC(282) Updating Refinement Zones: logged cards scan time: 0.046ms, processed cards: 10, goal time: 19.999ms
[9.644s][debug][gc,ergo,refine] GC(282) Updated Refinement Zones: green: 2560, yellow: 7680, red: 12800
[9.644s][info ][gc,phases     ] GC(282)   Pre Evacuate Collection Set: 0.3ms
[9.644s][info ][gc,phases     ] GC(282)   Merge Heap Roots: 0.2ms
[9.644s][info ][gc,phases     ] GC(282)   Evacuate Collection Set: 21.1ms
[9.644s][info ][gc,phases     ] GC(282)   Post Evacuate Collection Set: 0.7ms
[9.644s][info ][gc,phases     ] GC(282)   Other: 0.3ms
[9.644s][info ][gc,heap       ] GC(282) Eden regions: 169->0(130)
[9.644s][info ][gc,heap       ] GC(282) Survivor regions: 7->22(22)
[9.644s][info ][gc,heap       ] GC(282) Old regions: 435->531
[9.644s][info ][gc,heap       ] GC(282) Archive regions: 0->0
[9.644s][info ][gc,heap       ] GC(282) Humongous regions: 0->0
[9.644s][info ][gc,metaspace  ] GC(282) Metaspace: 6341K(6464K)->6341K(6464K) NonClass: 5794K(5824K)->5794K(5824K) Class: 546K(640K)->546K(640K)
[9.644s][debug][gc,heap       ] GC(282) Heap after GC invocations=283 (full 0):
[9.644s][debug][gc,heap       ] GC(282)  garbage-first heap   total 1048576K, used 565448K [0x00000000c0000000, 0x0000000100000000)
[9.644s][debug][gc,heap       ] GC(282)   region size 1024K, 22 young (22528K), 22 survivors (22528K)
[9.644s][debug][gc,heap       ] GC(282)  Metaspace       used 6341K, committed 6464K, reserved 1114112K
[9.644s][debug][gc,heap       ] GC(282)   class space    used 546K, committed 640K, reserved 1048576K
[9.644s][info ][gc            ] GC(282) Pause Young (Normal) (G1 Evacuation Pause) 610M->552M(1024M) 22.515ms
[9.644s][info ][gc,cpu        ] GC(282) User=0.21s Sys=0.00s Real=0.03s
[9.644s][info ][safepoint     ] Safepoint "G1CollectForAllocation", Time since last: 18428301 ns, Reaching safepoint: 10800 ns, Cleanup: 11500 ns, At safepoint: 22691301 ns, Total: 22713601 ns
[9.662s][debug][gc,heap       ] GC(283) Heap before GC invocations=283 (full 0):
[9.662s][debug][gc,heap       ] GC(283)  garbage-first heap   total 1048576K, used 697544K [0x00000000c0000000, 0x0000000100000000)
[9.662s][debug][gc,heap       ] GC(283)   region size 1024K, 152 young (155648K), 22 survivors (22528K)
[9.662s][debug][gc,heap       ] GC(283)  Metaspace       used 6341K, committed 6464K, reserved 1114112K
[9.662s][debug][gc,heap       ] GC(283)   class space    used 546K, committed 640K, reserved 1048576K
[9.662s][info ][gc,start      ] GC(283) Pause Young (Normal) (G1 Evacuation Pause)
[9.662s][info ][gc,task       ] GC(283) Using 10 workers of 10 for evacuation
[9.662s][trace][gc,ergo,cset  ] GC(283) Start choosing CSet. Pending cards: 34 target pause time: 200.00ms
[9.662s][trace][gc,ergo,cset  ] GC(283) Added young regions to CSet. Eden: 130 regions, Survivors: 22 regions, predicted eden time: 20.03ms, predicted base time: 1.40ms, target pause time: 200.00ms, remaining time: 178.57ms
[9.663s][debug][gc,ergo       ] GC(283) Running G1 Merge Heap Roots using 10 workers for 152 regions
[9.684s][debug][gc,ergo       ] GC(283) Running G1 Rebuild Free List Task using 10 workers for rebuilding free list of regions
[9.684s][debug][gc,ergo,heap  ] GC(283) Heap expansion: short term pause time ratio 54.25% long term pause time ratio 57.46% threshold 7.69% pause time ratio 7.69% fully expanded true resize by 0B
[9.684s][debug][gc,ergo,refine] GC(283) Concurrent refinement times: Logged Cards Scan time goal: 20.00ms Logged Cards Scan time: 0.05ms HCC time: 0.00ms
[9.684s][trace][gc,ergo,refine] GC(283) Updating Refinement Zones: logged cards scan time: 0.048ms, processed cards: 17, goal time: 19.999ms
[9.684s][debug][gc,ergo,refine] GC(283) Updated Refinement Zones: green: 2560, yellow: 7680, red: 12800
[9.684s][info ][gc,phases     ] GC(283)   Pre Evacuate Collection Set: 0.2ms
[9.685s][info ][gc,phases     ] GC(283)   Merge Heap Roots: 0.2ms
[9.685s][info ][gc,phases     ] GC(283)   Evacuate Collection Set: 20.9ms
[9.685s][info ][gc,phases     ] GC(283)   Post Evacuate Collection Set: 0.8ms
[9.685s][info ][gc,phases     ] GC(283)   Other: 0.2ms
[9.685s][info ][gc,heap       ] GC(283) Eden regions: 130->0(99)
[9.685s][info ][gc,heap       ] GC(283) Survivor regions: 22->19(19)
[9.685s][info ][gc,heap       ] GC(283) Old regions: 531->617
[9.685s][info ][gc,heap       ] GC(283) Archive regions: 0->0
[9.685s][info ][gc,heap       ] GC(283) Humongous regions: 0->0
[9.685s][info ][gc,metaspace  ] GC(283) Metaspace: 6341K(6464K)->6341K(6464K) NonClass: 5794K(5824K)->5794K(5824K) Class: 546K(640K)->546K(640K)
[9.685s][debug][gc,heap       ] GC(283) Heap after GC invocations=284 (full 0):
[9.685s][debug][gc,heap       ] GC(283)  garbage-first heap   total 1048576K, used 651140K [0x00000000c0000000, 0x0000000100000000)
[9.685s][debug][gc,heap       ] GC(283)   region size 1024K, 19 young (19456K), 19 survivors (19456K)
[9.685s][debug][gc,heap       ] GC(283)  Metaspace       used 6341K, committed 6464K, reserved 1114112K
[9.685s][debug][gc,heap       ] GC(283)   class space    used 546K, committed 640K, reserved 1048576K
[9.685s][info ][gc            ] GC(283) Pause Young (Normal) (G1 Evacuation Pause) 682M->635M(1024M) 22.300ms
[9.685s][info ][gc,cpu        ] GC(283) User=0.21s Sys=0.00s Real=0.03s
[9.685s][info ][safepoint     ] Safepoint "G1CollectForAllocation", Time since last: 18186500 ns, Reaching safepoint: 5600 ns, Cleanup: 5600 ns, At safepoint: 22424801 ns, Total: 22436001 ns
[9.697s][debug][gc,heap       ] GC(284) Heap before GC invocations=284 (full 0):
[9.697s][debug][gc,heap       ] GC(284)  garbage-first heap   total 1048576K, used 751492K [0x00000000c0000000, 0x0000000100000000)
[9.697s][debug][gc,heap       ] GC(284)   region size 1024K, 118 young (120832K), 19 survivors (19456K)
[9.697s][debug][gc,heap       ] GC(284)  Metaspace       used 6341K, committed 6464K, reserved 1114112K
[9.697s][debug][gc,heap       ] GC(284)   class space    used 546K, committed 640K, reserved 1048576K
[9.697s][info ][gc,start      ] GC(284) Pause Young (Normal) (G1 Evacuation Pause)
[9.697s][info ][gc,task       ] GC(284) Using 10 workers of 10 for evacuation
[9.697s][trace][gc,ergo,cset  ] GC(284) Start choosing CSet. Pending cards: 38 target pause time: 200.00ms
[9.697s][trace][gc,ergo,cset  ] GC(284) Added young regions to CSet. Eden: 99 regions, Survivors: 19 regions, predicted eden time: 15.99ms, predicted base time: 1.27ms, target pause time: 200.00ms, remaining time: 182.74ms
[9.697s][debug][gc,ergo       ] GC(284) Running G1 Merge Heap Roots using 10 workers for 118 regions
[9.715s][debug][gc,ergo       ] GC(284) Running G1 Rebuild Free List Task using 10 workers for rebuilding free list of regions
[9.715s][debug][gc,ergo,heap  ] GC(284) Heap expansion: short term pause time ratio 54.60% long term pause time ratio 56.91% threshold 7.69% pause time ratio 7.69% fully expanded true resize by 0B
[9.715s][debug][gc,ergo,refine] GC(284) Concurrent refinement times: Logged Cards Scan time goal: 20.00ms Logged Cards Scan time: 0.03ms HCC time: 0.00ms
[9.715s][trace][gc,ergo,refine] GC(284) Updating Refinement Zones: logged cards scan time: 0.032ms, processed cards: 21, goal time: 19.999ms
[9.715s][debug][gc,ergo,refine] GC(284) Updated Refinement Zones: green: 2560, yellow: 7680, red: 12800
[9.715s][info ][gc,phases     ] GC(284)   Pre Evacuate Collection Set: 0.3ms
[9.715s][info ][gc,phases     ] GC(284)   Merge Heap Roots: 0.2ms
[9.715s][info ][gc,phases     ] GC(284)   Evacuate Collection Set: 17.3ms
[9.715s][info ][gc,phases     ] GC(284)   Post Evacuate Collection Set: 0.8ms
[9.715s][info ][gc,phases     ] GC(284)   Other: 0.2ms
[9.715s][info ][gc,heap       ] GC(284) Eden regions: 99->0(72)
[9.715s][info ][gc,heap       ] GC(284) Survivor regions: 19->15(15)
[9.715s][info ][gc,heap       ] GC(284) Old regions: 617->693
[9.715s][info ][gc,heap       ] GC(284) Archive regions: 0->0
[9.715s][info ][gc,heap       ] GC(284) Humongous regions: 0->0
[9.716s][info ][gc,metaspace  ] GC(284) Metaspace: 6341K(6464K)->6341K(6464K) NonClass: 5794K(5824K)->5794K(5824K) Class: 546K(640K)->546K(640K)
[9.716s][debug][gc,heap       ] GC(284) Heap after GC invocations=285 (full 0):
[9.716s][debug][gc,heap       ] GC(284)  garbage-first heap   total 1048576K, used 724568K [0x00000000c0000000, 0x0000000100000000)
[9.716s][debug][gc,heap       ] GC(284)   region size 1024K, 15 young (15360K), 15 survivors (15360K)
[9.716s][debug][gc,heap       ] GC(284)  Metaspace       used 6341K, committed 6464K, reserved 1114112K
[9.716s][debug][gc,heap       ] GC(284)   class space    used 546K, committed 640K, reserved 1048576K
[9.716s][info ][gc            ] GC(284) Pause Young (Normal) (G1 Evacuation Pause) 734M->707M(1024M) 18.826ms
[9.716s][info ][gc,cpu        ] GC(284) User=0.17s Sys=0.00s Real=0.02s
[9.716s][info ][safepoint     ] Safepoint "G1CollectForAllocation", Time since last: 12015801 ns, Reaching safepoint: 4800 ns, Cleanup: 5600 ns, At safepoint: 18947700 ns, Total: 18958100 ns
[9.726s][debug][gc,heap       ] GC(285) Heap before GC invocations=285 (full 0):
[9.726s][debug][gc,heap       ] GC(285)  garbage-first heap   total 1048576K, used 797272K [0x00000000c0000000, 0x0000000100000000)
[9.726s][debug][gc,heap       ] GC(285)   region size 1024K, 87 young (89088K), 15 survivors (15360K)
[9.726s][debug][gc,heap       ] GC(285)  Metaspace       used 6341K, committed 6464K, reserved 1114112K
[9.726s][debug][gc,heap       ] GC(285)   class space    used 546K, committed 640K, reserved 1048576K
[9.726s][info ][gc,start      ] GC(285) Pause Young (Normal) (G1 Evacuation Pause)
[9.726s][info ][gc,task       ] GC(285) Using 10 workers of 10 for evacuation
[9.726s][trace][gc,ergo,cset  ] GC(285) Start choosing CSet. Pending cards: 35 target pause time: 200.00ms
[9.726s][trace][gc,ergo,cset  ] GC(285) Added young regions to CSet. Eden: 72 regions, Survivors: 15 regions, predicted eden time: 12.14ms, predicted base time: 1.19ms, target pause time: 200.00ms, remaining time: 186.67ms
[9.727s][debug][gc,ergo       ] GC(285) Running G1 Merge Heap Roots using 10 workers for 87 regions
[9.743s][debug][gc,ergo       ] GC(285) Running G1 Rebuild Free List Task using 10 workers for rebuilding free list of regions
[9.744s][debug][gc,ergo,heap  ] GC(285) Heap expansion: short term pause time ratio 60.27% long term pause time ratio 57.40% threshold 7.69% pause time ratio 7.69% fully expanded true resize by 0B
[9.744s][debug][gc,ergo,refine] GC(285) Concurrent refinement times: Logged Cards Scan time goal: 20.00ms Logged Cards Scan time: 0.02ms HCC time: 0.00ms
[9.744s][trace][gc,ergo,refine] GC(285) Updating Refinement Zones: logged cards scan time: 0.024ms, processed cards: 18, goal time: 20.000ms
[9.744s][debug][gc,ergo,refine] GC(285) Updated Refinement Zones: green: 2560, yellow: 7680, red: 12800
[9.744s][info ][gc,phases     ] GC(285)   Pre Evacuate Collection Set: 0.3ms
[9.744s][info ][gc,phases     ] GC(285)   Merge Heap Roots: 0.2ms
[9.744s][info ][gc,phases     ] GC(285)   Evacuate Collection Set: 16.0ms
[9.744s][info ][gc,phases     ] GC(285)   Post Evacuate Collection Set: 0.8ms
[9.744s][info ][gc,phases     ] GC(285)   Other: 0.2ms
[9.744s][info ][gc,heap       ] GC(285) Eden regions: 72->0(52)
[9.744s][info ][gc,heap       ] GC(285) Survivor regions: 15->11(11)
[9.744s][info ][gc,heap       ] GC(285) Old regions: 693->752
[9.744s][info ][gc,heap       ] GC(285) Archive regions: 0->0
[9.744s][info ][gc,heap       ] GC(285) Humongous regions: 0->0
[9.744s][info ][gc,metaspace  ] GC(285) Metaspace: 6341K(6464K)->6341K(6464K) NonClass: 5794K(5824K)->5794K(5824K) Class: 546K(640K)->546K(640K)
[9.744s][debug][gc,heap       ] GC(285) Heap after GC invocations=286 (full 0):
[9.744s][debug][gc,heap       ] GC(285)  garbage-first heap   total 1048576K, used 781088K [0x00000000c0000000, 0x0000000100000000)
[9.744s][debug][gc,heap       ] GC(285)   region size 1024K, 11 young (11264K), 11 survivors (11264K)
[9.744s][debug][gc,heap       ] GC(285)  Metaspace       used 6341K, committed 6464K, reserved 1114112K
[9.744s][debug][gc,heap       ] GC(285)   class space    used 546K, committed 640K, reserved 1048576K
[9.744s][info ][gc            ] GC(285) Pause Young (Normal) (G1 Evacuation Pause) 779M->762M(1024M) 17.423ms
[9.744s][info ][gc,cpu        ] GC(285) User=0.15s Sys=0.00s Real=0.02s
[9.744s][info ][safepoint     ] Safepoint "G1CollectForAllocation", Time since last: 10596801 ns, Reaching safepoint: 6600 ns, Cleanup: 5500 ns, At safepoint: 17528900 ns, Total: 17541000 ns
[9.753s][debug][gc,heap       ] GC(286) Heap before GC invocations=286 (full 0):
[9.753s][debug][gc,heap       ] GC(286)  garbage-first heap   total 1048576K, used 833312K [0x00000000c0000000, 0x0000000100000000)
[9.753s][debug][gc,heap       ] GC(286)   region size 1024K, 63 young (64512K), 11 survivors (11264K)
[9.753s][debug][gc,heap       ] GC(286)  Metaspace       used 6341K, committed 6464K, reserved 1114112K
[9.753s][debug][gc,heap       ] GC(286)   class space    used 546K, committed 640K, reserved 1048576K
[9.753s][info ][gc,start      ] GC(286) Pause Young (Normal) (G1 Evacuation Pause)
[9.753s][info ][gc,task       ] GC(286) Using 10 workers of 10 for evacuation
[9.754s][trace][gc,ergo,cset  ] GC(286) Start choosing CSet. Pending cards: 31 target pause time: 200.00ms
[9.754s][trace][gc,ergo,cset  ] GC(286) Added young regions to CSet. Eden: 52 regions, Survivors: 11 regions, predicted eden time: 9.72ms, predicted base time: 1.15ms, target pause time: 200.00ms, remaining time: 189.13ms
[9.754s][debug][gc,ergo       ] GC(286) Running G1 Merge Heap Roots using 10 workers for 63 regions
[9.767s][debug][gc,ergo       ] GC(286) Running G1 Rebuild Free List Task using 10 workers for rebuilding free list of regions
[9.767s][debug][gc,ergo,heap  ] GC(286) Heap expansion: short term pause time ratio 61.33% long term pause time ratio 59.25% threshold 7.69% pause time ratio 7.69% fully expanded true resize by 0B
[9.767s][debug][gc,ergo,refine] GC(286) Concurrent refinement times: Logged Cards Scan time goal: 20.00ms Logged Cards Scan time: 0.03ms HCC time: 0.00ms
[9.767s][trace][gc,ergo,refine] GC(286) Updating Refinement Zones: logged cards scan time: 0.029ms, processed cards: 14, goal time: 20.000ms
[9.767s][debug][gc,ergo,refine] GC(286) Updated Refinement Zones: green: 2560, yellow: 7680, red: 12800
[9.767s][info ][gc,phases     ] GC(286)   Pre Evacuate Collection Set: 0.3ms
[9.767s][info ][gc,phases     ] GC(286)   Merge Heap Roots: 0.2ms
[9.767s][info ][gc,phases     ] GC(286)   Evacuate Collection Set: 11.6ms
[9.767s][info ][gc,phases     ] GC(286)   Post Evacuate Collection Set: 1.3ms
[9.767s][info ][gc,phases     ] GC(286)   Other: 0.4ms
[9.767s][info ][gc,heap       ] GC(286) Eden regions: 52->0(43)
[9.767s][info ][gc,heap       ] GC(286) Survivor regions: 11->8(8)
[9.767s][info ][gc,heap       ] GC(286) Old regions: 752->800
[9.767s][info ][gc,heap       ] GC(286) Archive regions: 0->0
[9.767s][info ][gc,heap       ] GC(286) Humongous regions: 0->0
[9.767s][info ][gc,metaspace  ] GC(286) Metaspace: 6341K(6464K)->6341K(6464K) NonClass: 5794K(5824K)->5794K(5824K) Class: 546K(640K)->546K(640K)
[9.767s][debug][gc,heap       ] GC(286) Heap after GC invocations=287 (full 0):
[9.767s][debug][gc,heap       ] GC(286)  garbage-first heap   total 1048576K, used 826868K [0x00000000c0000000, 0x0000000100000000)
[9.767s][debug][gc,heap       ] GC(286)   region size 1024K, 8 young (8192K), 8 survivors (8192K)
[9.767s][debug][gc,heap       ] GC(286)  Metaspace       used 6341K, committed 6464K, reserved 1114112K
[9.767s][debug][gc,heap       ] GC(286)   class space    used 546K, committed 640K, reserved 1048576K
[9.767s][info ][gc            ] GC(286) Pause Young (Normal) (G1 Evacuation Pause) 814M->807M(1024M) 13.707ms
[9.767s][info ][gc,cpu        ] GC(286) User=0.11s Sys=0.00s Real=0.01s
[9.767s][info ][safepoint     ] Safepoint "G1CollectForAllocation", Time since last: 9609201 ns, Reaching safepoint: 8300 ns, Cleanup: 11400 ns, At safepoint: 13904000 ns, Total: 13923700 ns
[9.776s][debug][gc,heap       ] GC(287) Heap before GC invocations=287 (full 0):
[9.776s][debug][gc,heap       ] GC(287)  garbage-first heap   total 1048576K, used 869876K [0x00000000c0000000, 0x0000000100000000)
[9.776s][debug][gc,heap       ] GC(287)   region size 1024K, 51 young (52224K), 8 survivors (8192K)
[9.776s][debug][gc,heap       ] GC(287)  Metaspace       used 6341K, committed 6464K, reserved 1114112K
[9.776s][debug][gc,heap       ] GC(287)   class space    used 546K, committed 640K, reserved 1048576K
[9.776s][info ][gc,start      ] GC(287) Pause Young (Normal) (G1 Evacuation Pause)
[9.776s][info ][gc,task       ] GC(287) Using 10 workers of 10 for evacuation
[9.776s][trace][gc,ergo,cset  ] GC(287) Start choosing CSet. Pending cards: 31 target pause time: 200.00ms
[9.776s][trace][gc,ergo,cset  ] GC(287) Added young regions to CSet. Eden: 43 regions, Survivors: 8 regions, predicted eden time: 8.13ms, predicted base time: 1.35ms, target pause time: 200.00ms, remaining time: 190.52ms
[9.776s][debug][gc,ergo       ] GC(287) Running G1 Merge Heap Roots using 10 workers for 51 regions
[9.786s][debug][gc,ergo       ] GC(287) Running G1 Rebuild Free List Task using 10 workers for rebuilding free list of regions
[9.787s][debug][gc,ergo,heap  ] GC(287) Heap expansion: short term pause time ratio 57.58% long term pause time ratio 57.90% threshold 7.69% pause time ratio 7.69% fully expanded true resize by 0B
[9.787s][debug][gc,ergo,ihop  ] GC(287) Request concurrent cycle initiation (occupancy higher than threshold) occupancy: 879755264B allocation request: 0B threshold: 859196475B (80.02) source: end of GC
[9.787s][debug][gc,ergo,refine] GC(287) Concurrent refinement times: Logged Cards Scan time goal: 20.00ms Logged Cards Scan time: 0.22ms HCC time: 0.00ms
[9.787s][trace][gc,ergo,refine] GC(287) Updating Refinement Zones: logged cards scan time: 0.216ms, processed cards: 11, goal time: 19.999ms
[9.787s][debug][gc,ergo,refine] GC(287) Updated Refinement Zones: green: 2560, yellow: 7680, red: 12800
[9.787s][info ][gc,phases     ] GC(287)   Pre Evacuate Collection Set: 0.3ms
[9.787s][info ][gc,phases     ] GC(287)   Merge Heap Roots: 0.2ms
[9.787s][info ][gc,phases     ] GC(287)   Evacuate Collection Set: 9.3ms
[9.787s][info ][gc,phases     ] GC(287)   Post Evacuate Collection Set: 1.0ms
[9.787s][info ][gc,phases     ] GC(287)   Other: 0.4ms
[9.787s][info ][gc,heap       ] GC(287) Eden regions: 43->0(44)
[9.787s][info ][gc,heap       ] GC(287) Survivor regions: 8->7(7)
[9.787s][info ][gc,heap       ] GC(287) Old regions: 800->839
[9.787s][info ][gc,heap       ] GC(287) Archive regions: 0->0
[9.787s][info ][gc,heap       ] GC(287) Humongous regions: 0->0
[9.787s][info ][gc,metaspace  ] GC(287) Metaspace: 6341K(6464K)->6341K(6464K) NonClass: 5794K(5824K)->5794K(5824K) Class: 546K(640K)->546K(640K)
[9.787s][debug][gc,heap       ] GC(287) Heap after GC invocations=288 (full 0):
[9.787s][debug][gc,heap       ] GC(287)  garbage-first heap   total 1048576K, used 865780K [0x00000000c0000000, 0x0000000100000000)
[9.787s][debug][gc,heap       ] GC(287)   region size 1024K, 7 young (7168K), 7 survivors (7168K)
[9.787s][debug][gc,heap       ] GC(287)  Metaspace       used 6341K, committed 6464K, reserved 1114112K
[9.787s][debug][gc,heap       ] GC(287)   class space    used 546K, committed 640K, reserved 1048576K
[9.787s][info ][gc            ] GC(287) Pause Young (Normal) (G1 Evacuation Pause) 850M->845M(1024M) 11.249ms
[9.787s][info ][gc,cpu        ] GC(287) User=0.09s Sys=0.00s Real=0.01s
[9.787s][info ][safepoint     ] Safepoint "G1CollectForAllocation", Time since last: 8226001 ns, Reaching safepoint: 37300 ns, Cleanup: 27500 ns, At safepoint: 11440400 ns, Total: 11505200 ns
[9.798s][debug][gc,heap       ] GC(288) Heap before GC invocations=288 (full 0):
[9.799s][debug][gc,heap       ] GC(288)  garbage-first heap   total 1048576K, used 909812K [0x00000000c0000000, 0x0000000100000000)
[9.799s][debug][gc,heap       ] GC(288)   region size 1024K, 51 young (52224K), 7 survivors (7168K)
[9.799s][debug][gc,heap       ] GC(288)  Metaspace       used 6341K, committed 6464K, reserved 1114112K
[9.799s][debug][gc,heap       ] GC(288)   class space    used 546K, committed 640K, reserved 1048576K
[9.799s][debug][gc,ergo       ] GC(288) Initiate concurrent cycle (concurrent cycle initiation requested)
[9.799s][info ][gc,start      ] GC(288) Pause Young (Concurrent Start) (G1 Evacuation Pause)
[9.799s][info ][gc,task       ] GC(288) Using 10 workers of 10 for evacuation
[9.799s][trace][gc,ergo,cset  ] GC(288) Start choosing CSet. Pending cards: 29 target pause time: 200.00ms
[9.799s][trace][gc,ergo,cset  ] GC(288) Added young regions to CSet. Eden: 44 regions, Survivors: 7 regions, predicted eden time: 8.21ms, predicted base time: 1.43ms, target pause time: 200.00ms, remaining time: 190.36ms
[9.799s][debug][gc,ergo       ] GC(288) Running G1 Merge Heap Roots using 10 workers for 51 regions
[9.811s][debug][gc,ergo       ] GC(288) Running G1 Rebuild Free List Task using 10 workers for rebuilding free list of regions
[9.811s][debug][gc,ergo,heap  ] GC(288) Heap expansion: short term pause time ratio 55.55% long term pause time ratio 58.22% threshold 7.69% pause time ratio 7.69% fully expanded true resize by 0B
[9.811s][debug][gc,ergo,refine] GC(288) Concurrent refinement times: Logged Cards Scan time goal: 20.00ms Logged Cards Scan time: 0.02ms HCC time: 0.00ms
[9.811s][trace][gc,ergo,refine] GC(288) Updating Refinement Zones: logged cards scan time: 0.020ms, processed cards: 12, goal time: 19.999ms
[9.811s][debug][gc,ergo,refine] GC(288) Updated Refinement Zones: green: 2560, yellow: 7680, red: 12800
[9.811s][info ][gc,phases     ] GC(288)   Pre Evacuate Collection Set: 0.5ms
[9.811s][info ][gc,phases     ] GC(288)   Merge Heap Roots: 0.2ms
[9.811s][info ][gc,phases     ] GC(288)   Evacuate Collection Set: 10.9ms
[9.811s][info ][gc,phases     ] GC(288)   Post Evacuate Collection Set: 0.7ms
[9.811s][info ][gc,phases     ] GC(288)   Other: 0.5ms
[9.811s][info ][gc,heap       ] GC(288) Eden regions: 44->0(44)
[9.811s][info ][gc,heap       ] GC(288) Survivor regions: 7->7(7)
[9.811s][info ][gc,heap       ] GC(288) Old regions: 839->878
[9.811s][info ][gc,heap       ] GC(288) Archive regions: 0->0
[9.811s][info ][gc,heap       ] GC(288) Humongous regions: 0->0
[9.811s][info ][gc,metaspace  ] GC(288) Metaspace: 6341K(6464K)->6341K(6464K) NonClass: 5794K(5824K)->5794K(5824K) Class: 546K(640K)->546K(640K)
[9.811s][debug][gc,heap       ] GC(288) Heap after GC invocations=289 (full 0):
[9.811s][debug][gc,heap       ] GC(288)  garbage-first heap   total 1048576K, used 905716K [0x00000000c0000000, 0x0000000100000000)
[9.811s][debug][gc,heap       ] GC(288)   region size 1024K, 7 young (7168K), 7 survivors (7168K)
[9.811s][debug][gc,heap       ] GC(288)  Metaspace       used 6341K, committed 6464K, reserved 1114112K
[9.811s][debug][gc,heap       ] GC(288)   class space    used 546K, committed 640K, reserved 1048576K
[9.811s][info ][gc            ] GC(288) Pause Young (Concurrent Start) (G1 Evacuation Pause) 889M->884M(1024M) 12.782ms
[9.811s][info ][gc,cpu        ] GC(288) User=0.10s Sys=0.00s Real=0.01s
[9.811s][info ][safepoint     ] Safepoint "G1CollectForAllocation", Time since last: 11332100 ns, Reaching safepoint: 18800 ns, Cleanup: 19600 ns, At safepoint: 13068301 ns, Total: 13106701 ns
[9.811s][info ][gc            ] GC(289) Concurrent Mark Cycle
[9.811s][info ][gc,marking    ] GC(289) Concurrent Clear Claimed Marks
[9.811s][info ][gc,marking    ] GC(289) Concurrent Clear Claimed Marks 0.010ms
[9.811s][info ][gc,marking    ] GC(289) Concurrent Scan Root Regions
[9.811s][debug][gc,ergo       ] GC(289) Running G1 Root Region Scan using 3 workers for 47 work units.
[9.812s][info ][gc,marking    ] GC(289) Concurrent Scan Root Regions 0.150ms
[9.812s][info ][gc,marking    ] GC(289) Concurrent Mark
[9.812s][info ][gc,marking    ] GC(289) Concurrent Mark From Roots
[9.812s][info ][gc,task       ] GC(289) Using 3 workers of 3 for marking
[9.823s][info ][gc,marking    ] GC(289) Concurrent Mark From Roots 10.884ms
[9.823s][info ][gc,marking    ] GC(289) Concurrent Preclean
[9.823s][info ][gc,marking    ] GC(289) Concurrent Preclean 0.184ms
[9.823s][info ][gc,start      ] GC(289) Pause Remark
[9.825s][debug][gc,ergo       ] GC(289) Running G1 Update RemSet Tracking Before Rebuild using 3 workers for 1024 regions in heap
[9.826s][info ][gc            ] GC(289) Pause Remark 917M->520M(1024M) 2.942ms
[9.826s][info ][gc,cpu        ] GC(289) User=0.00s Sys=0.00s Real=0.01s
[9.826s][info ][safepoint     ] Safepoint "G1PauseRemark", Time since last: 11604200 ns, Reaching safepoint: 46600 ns, Cleanup: 24600 ns, At safepoint: 3008400 ns, Total: 3079600 ns
[9.826s][info ][gc,marking    ] GC(289) Concurrent Mark 14.526ms
[9.826s][info ][gc,marking    ] GC(289) Concurrent Rebuild Remembered Sets
[9.829s][debug][gc,heap       ] GC(290) Heap before GC invocations=289 (full 0):
[9.829s][debug][gc,heap       ] GC(290)  garbage-first heap   total 1048576K, used 543220K [0x00000000c0000000, 0x0000000100000000)
[9.829s][debug][gc,heap       ] GC(290)   region size 1024K, 51 young (52224K), 7 survivors (7168K)
[9.829s][debug][gc,heap       ] GC(290)  Metaspace       used 6341K, committed 6464K, reserved 1114112K
[9.829s][debug][gc,heap       ] GC(290)   class space    used 546K, committed 640K, reserved 1048576K
[9.829s][info ][gc,start      ] GC(290) Pause Young (Normal) (G1 Evacuation Pause)
[9.829s][info ][gc,task       ] GC(290) Using 10 workers of 10 for evacuation
[9.829s][trace][gc,ergo,cset  ] GC(290) Start choosing CSet. Pending cards: 68 target pause time: 200.00ms
[9.829s][trace][gc,ergo,cset  ] GC(290) Added young regions to CSet. Eden: 44 regions, Survivors: 7 regions, predicted eden time: 7.47ms, predicted base time: 1.47ms, target pause time: 200.00ms, remaining time: 191.07ms
[9.830s][debug][gc,ergo       ] GC(290) Running G1 Merge Heap Roots using 10 workers for 51 regions
[9.839s][debug][gc,ergo       ] GC(290) Running G1 Rebuild Free List Task using 10 workers for rebuilding free list of regions
[9.840s][debug][gc,ergo,heap  ] GC(290) Heap expansion: short term pause time ratio 18.51% long term pause time ratio 55.45% threshold 7.69% pause time ratio 7.69% fully expanded true resize by 0B
[9.840s][debug][gc,ergo,refine] GC(290) Concurrent refinement times: Logged Cards Scan time goal: 20.00ms Logged Cards Scan time: 0.02ms HCC time: 0.00ms
[9.840s][trace][gc,ergo,refine] GC(290) Updating Refinement Zones: logged cards scan time: 0.020ms, processed cards: 51, goal time: 19.999ms
[9.840s][debug][gc,ergo,refine] GC(290) Updated Refinement Zones: green: 2560, yellow: 7680, red: 12800
[9.840s][info ][gc,phases     ] GC(290)   Pre Evacuate Collection Set: 0.4ms
[9.840s][info ][gc,phases     ] GC(290)   Merge Heap Roots: 0.2ms
[9.840s][info ][gc,phases     ] GC(290)   Evacuate Collection Set: 8.5ms
[9.840s][info ][gc,phases     ] GC(290)   Post Evacuate Collection Set: 1.4ms
[9.840s][info ][gc,phases     ] GC(290)   Other: 0.5ms
[9.840s][info ][gc,heap       ] GC(290) Eden regions: 44->0(133)
[9.840s][info ][gc,heap       ] GC(290) Survivor regions: 7->7(7)
[9.840s][info ][gc,heap       ] GC(290) Old regions: 481->518
[9.840s][info ][gc,heap       ] GC(290) Archive regions: 0->0
[9.840s][info ][gc,heap       ] GC(290) Humongous regions: 0->0
[9.840s][info ][gc,metaspace  ] GC(290) Metaspace: 6341K(6464K)->6341K(6464K) NonClass: 5794K(5824K)->5794K(5824K) Class: 546K(640K)->546K(640K)
[9.840s][debug][gc,heap       ] GC(290) Heap after GC invocations=290 (full 0):
[9.840s][debug][gc,heap       ] GC(290)  garbage-first heap   total 1048576K, used 537576K [0x00000000c0000000, 0x0000000100000000)
[9.840s][debug][gc,heap       ] GC(290)   region size 1024K, 7 young (7168K), 7 survivors (7168K)
[9.840s][debug][gc,heap       ] GC(290)  Metaspace       used 6341K, committed 6464K, reserved 1114112K
[9.840s][debug][gc,heap       ] GC(290)   class space    used 546K, committed 640K, reserved 1048576K
[9.840s][info ][gc            ] GC(290) Pause Young (Normal) (G1 Evacuation Pause) 531M->524M(1024M) 10.934ms
[9.840s][info ][gc,cpu        ] GC(290) User=0.08s Sys=0.00s Real=0.01s
[9.840s][info ][safepoint     ] Safepoint "G1CollectForAllocation", Time since last: 2682900 ns, Reaching safepoint: 161500 ns, Cleanup: 12000 ns, At safepoint: 11316801 ns, Total: 11490301 ns
[9.843s][info ][gc,marking    ] GC(289) Concurrent Rebuild Remembered Sets 17.103ms
[9.844s][info ][gc,start      ] GC(289) Pause Cleanup
[9.845s][debug][gc,ergo,cset  ] GC(289) Pruned 128 regions out of 422, leaving 53546448 bytes waste (allowed 53687091)
[9.845s][info ][gc            ] GC(289) Pause Cleanup 536M->536M(1024M) 0.913ms
[9.845s][info ][gc,cpu        ] GC(289) User=0.00s Sys=0.00s Real=0.00s
[9.845s][info ][safepoint     ] Safepoint "G1PauseCleanup", Time since last: 3306800 ns, Reaching safepoint: 199300 ns, Cleanup: 15400 ns, At safepoint: 1025900 ns, Total: 1240600 ns
[9.845s][info ][gc,marking    ] GC(289) Concurrent Cleanup for Next Mark
[9.845s][debug][gc,ergo       ] GC(289) Running G1 Clear Bitmap with 3 workers for 16 work units.
[9.849s][info ][gc,marking    ] GC(289) Concurrent Cleanup for Next Mark 3.815ms
[9.849s][info ][gc            ] GC(289) Concurrent Mark Cycle 37.702ms
[9.869s][debug][gc,heap       ] GC(291) Heap before GC invocations=291 (full 0):
[9.869s][debug][gc,heap       ] GC(291)  garbage-first heap   total 1048576K, used 672744K [0x00000000c0000000, 0x0000000100000000)
[9.869s][debug][gc,heap       ] GC(291)   region size 1024K, 140 young (143360K), 7 survivors (7168K)
[9.869s][debug][gc,heap       ] GC(291)  Metaspace       used 6341K, committed 6464K, reserved 1114112K
[9.869s][debug][gc,heap       ] GC(291)   class space    used 546K, committed 640K, reserved 1048576K
[9.869s][info ][gc,start      ] GC(291) Pause Young (Prepare Mixed) (G1 Evacuation Pause)
[9.869s][info ][gc,task       ] GC(291) Using 10 workers of 10 for evacuation
[9.869s][trace][gc,ergo,cset  ] GC(291) Start choosing CSet. Pending cards: 55 target pause time: 200.00ms
[9.870s][trace][gc,ergo,cset  ] GC(291) Added young regions to CSet. Eden: 133 regions, Survivors: 7 regions, predicted eden time: 23.73ms, predicted base time: 2.16ms, target pause time: 200.00ms, remaining time: 174.12ms
[9.870s][debug][gc,ergo       ] GC(291) Running G1 Merge Heap Roots using 10 workers for 140 regions
[9.894s][debug][gc,ergo       ] GC(291) Running G1 Rebuild Free List Task using 10 workers for rebuilding free list of regions
[9.894s][debug][gc,ergo,heap  ] GC(291) Heap expansion: short term pause time ratio 17.06% long term pause time ratio 54.33% threshold 7.69% pause time ratio 7.69% fully expanded true resize by 0B
[9.894s][debug][gc,ergo,refine] GC(291) Concurrent refinement times: Logged Cards Scan time goal: 20.00ms Logged Cards Scan time: 0.05ms HCC time: 0.00ms
[9.894s][trace][gc,ergo,refine] GC(291) Updating Refinement Zones: logged cards scan time: 0.053ms, processed cards: 30, goal time: 19.999ms
[9.894s][debug][gc,ergo,refine] GC(291) Updated Refinement Zones: green: 2560, yellow: 7680, red: 12800
[9.894s][info ][gc,phases     ] GC(291)   Pre Evacuate Collection Set: 0.4ms
[9.894s][info ][gc,phases     ] GC(291)   Merge Heap Roots: 0.2ms
[9.894s][info ][gc,phases     ] GC(291)   Evacuate Collection Set: 22.9ms
[9.894s][info ][gc,phases     ] GC(291)   Post Evacuate Collection Set: 1.0ms
[9.894s][info ][gc,phases     ] GC(291)   Other: 0.5ms
[9.894s][info ][gc,heap       ] GC(291) Eden regions: 133->0(33)
[9.894s][info ][gc,heap       ] GC(291) Survivor regions: 7->18(18)
[9.894s][info ][gc,heap       ] GC(291) Old regions: 518->603
[9.894s][info ][gc,heap       ] GC(291) Archive regions: 0->0
[9.894s][info ][gc,heap       ] GC(291) Humongous regions: 0->0
[9.894s][info ][gc,metaspace  ] GC(291) Metaspace: 6341K(6464K)->6341K(6464K) NonClass: 5794K(5824K)->5794K(5824K) Class: 546K(640K)->546K(640K)
[9.894s][debug][gc,heap       ] GC(291) Heap after GC invocations=292 (full 0):
[9.894s][debug][gc,heap       ] GC(291)  garbage-first heap   total 1048576K, used 635280K [0x00000000c0000000, 0x0000000100000000)
[9.894s][debug][gc,heap       ] GC(291)   region size 1024K, 18 young (18432K), 18 survivors (18432K)
[9.894s][debug][gc,heap       ] GC(291)  Metaspace       used 6341K, committed 6464K, reserved 1114112K
[9.894s][debug][gc,heap       ] GC(291)   class space    used 546K, committed 640K, reserved 1048576K
[9.894s][info ][gc            ] GC(291) Pause Young (Prepare Mixed) (G1 Evacuation Pause) 657M->620M(1024M) 25.074ms
[9.895s][info ][gc,cpu        ] GC(291) User=0.23s Sys=0.00s Real=0.03s
[9.895s][info ][safepoint     ] Safepoint "G1CollectForAllocation", Time since last: 24329701 ns, Reaching safepoint: 19100 ns, Cleanup: 24800 ns, At safepoint: 25395501 ns, Total: 25439401 ns
[9.900s][debug][gc,heap       ] GC(292) Heap before GC invocations=292 (full 0):
[9.900s][debug][gc,heap       ] GC(292)  garbage-first heap   total 1048576K, used 668048K [0x00000000c0000000, 0x0000000100000000)
[9.900s][debug][gc,heap       ] GC(292)   region size 1024K, 51 young (52224K), 18 survivors (18432K)
[9.900s][debug][gc,heap       ] GC(292)  Metaspace       used 6341K, committed 6464K, reserved 1114112K
[9.900s][debug][gc,heap       ] GC(292)   class space    used 546K, committed 640K, reserved 1048576K
[9.901s][info ][gc,start      ] GC(292) Pause Young (Mixed) (G1 Evacuation Pause)
[9.901s][info ][gc,task       ] GC(292) Using 10 workers of 10 for evacuation
[9.901s][trace][gc,ergo,cset  ] GC(292) Start choosing CSet. Pending cards: 35 target pause time: 200.00ms
[9.901s][trace][gc,ergo,cset  ] GC(292) Added young regions to CSet. Eden: 33 regions, Survivors: 18 regions, predicted eden time: 6.69ms, predicted base time: 2.39ms, target pause time: 200.00ms, remaining time: 190.92ms
[9.901s][debug][gc,ergo,cset  ] GC(292) Start adding old regions to collection set. Min 37 regions, max 103 regions, time remaining 190.92ms, optional threshold 38.18ms
[9.901s][debug][gc,ergo,cset  ] GC(292) Finish adding old regions to collection set (Maximum number of regions). Initial 103 regions, optional 0 regions
[9.901s][debug][gc,ergo,cset  ] GC(292) Finish choosing collection set old regions. Initial: 103, optional: 0, predicted old time: 0.00ms, predicted optional time: 0.00ms, time remaining: 188.43
[9.901s][debug][gc,ergo       ] GC(292) Running G1 Merge Heap Roots using 10 workers for 154 regions
[9.911s][debug][gc,ergo       ] GC(292) Running G1 Rebuild Free List Task using 10 workers for rebuilding free list of regions
[9.911s][debug][gc,ergo,heap  ] GC(292) Heap expansion: short term pause time ratio 49.97% long term pause time ratio 53.49% threshold 7.69% pause time ratio 7.69% fully expanded true resize by 0B
[9.911s][debug][gc,ergo,refine] GC(292) Concurrent refinement times: Logged Cards Scan time goal: 20.00ms Logged Cards Scan time: 0.01ms HCC time: 0.00ms
[9.911s][trace][gc,ergo,refine] GC(292) Updating Refinement Zones: logged cards scan time: 0.014ms, processed cards: 15, goal time: 19.999ms
[9.911s][debug][gc,ergo,refine] GC(292) Updated Refinement Zones: green: 2560, yellow: 7680, red: 12800
[9.911s][info ][gc,phases     ] GC(292)   Pre Evacuate Collection Set: 0.4ms
[9.911s][info ][gc,phases     ] GC(292)   Merge Heap Roots: 0.2ms
[9.911s][info ][gc,phases     ] GC(292)   Evacuate Collection Set: 9.4ms
[9.911s][info ][gc,phases     ] GC(292)   Post Evacuate Collection Set: 0.6ms
[9.911s][info ][gc,phases     ] GC(292)   Other: 0.5ms
[9.911s][info ][gc,heap       ] GC(292) Eden regions: 33->0(44)
[9.911s][info ][gc,heap       ] GC(292) Survivor regions: 18->7(7)
[9.911s][info ][gc,heap       ] GC(292) Old regions: 603->541
[9.911s][info ][gc,heap       ] GC(292) Archive regions: 0->0
[9.911s][info ][gc,heap       ] GC(292) Humongous regions: 0->0
[9.911s][info ][gc,metaspace  ] GC(292) Metaspace: 6341K(6464K)->6341K(6464K) NonClass: 5794K(5824K)->5794K(5824K) Class: 546K(640K)->546K(640K)
[9.911s][debug][gc,heap       ] GC(292) Heap after GC invocations=293 (full 0):
[9.911s][debug][gc,heap       ] GC(292)  garbage-first heap   total 1048576K, used 560428K [0x00000000c0000000, 0x0000000100000000)
[9.911s][debug][gc,heap       ] GC(292)   region size 1024K, 7 young (7168K), 7 survivors (7168K)
[9.911s][debug][gc,heap       ] GC(292)  Metaspace       used 6341K, committed 6464K, reserved 1114112K
[9.911s][debug][gc,heap       ] GC(292)   class space    used 546K, committed 640K, reserved 1048576K
[9.911s][info ][gc            ] GC(292) Pause Young (Mixed) (G1 Evacuation Pause) 653M->547M(1024M) 10.809ms
[9.911s][info ][gc,cpu        ] GC(292) User=0.09s Sys=0.00s Real=0.01s
[9.911s][info ][safepoint     ] Safepoint "G1CollectForAllocation", Time since last: 5454800 ns, Reaching safepoint: 42100 ns, Cleanup: 39100 ns, At safepoint: 11217800 ns, Total: 11299000 ns
[9.917s][debug][gc,heap       ] GC(293) Heap before GC invocations=293 (full 0):
[9.917s][debug][gc,heap       ] GC(293)  garbage-first heap   total 1048576K, used 604460K [0x00000000c0000000, 0x0000000100000000)
[9.917s][debug][gc,heap       ] GC(293)   region size 1024K, 51 young (52224K), 7 survivors (7168K)
[9.917s][debug][gc,heap       ] GC(293)  Metaspace       used 6341K, committed 6464K, reserved 1114112K
[9.917s][debug][gc,heap       ] GC(293)   class space    used 546K, committed 640K, reserved 1048576K
[9.917s][info ][gc,start      ] GC(293) Pause Young (Mixed) (G1 Evacuation Pause)
[9.917s][info ][gc,task       ] GC(293) Using 10 workers of 10 for evacuation
[9.917s][trace][gc,ergo,cset  ] GC(293) Start choosing CSet. Pending cards: 38 target pause time: 200.00ms
[9.917s][trace][gc,ergo,cset  ] GC(293) Added young regions to CSet. Eden: 44 regions, Survivors: 7 regions, predicted eden time: 8.56ms, predicted base time: 2.02ms, target pause time: 200.00ms, remaining time: 189.42ms
[9.917s][debug][gc,ergo,cset  ] GC(293) Start adding old regions to collection set. Min 37 regions, max 103 regions, time remaining 189.42ms, optional threshold 37.88ms
[9.917s][debug][gc,ergo,cset  ] GC(293) Finish adding old regions to collection set (Maximum number of regions). Initial 103 regions, optional 0 regions
[9.917s][debug][gc,ergo,cset  ] GC(293) Finish choosing collection set old regions. Initial: 103, optional: 0, predicted old time: 0.00ms, predicted optional time: 0.00ms, time remaining: 185.43
[9.918s][debug][gc,ergo       ] GC(293) Running G1 Merge Heap Roots using 10 workers for 154 regions
[9.928s][debug][gc,ergo       ] GC(293) Running G1 Rebuild Free List Task using 10 workers for rebuilding free list of regions
[9.929s][debug][gc,ergo,heap  ] GC(293) Heap expansion: short term pause time ratio 62.13% long term pause time ratio 53.94% threshold 7.69% pause time ratio 7.69% fully expanded true resize by 0B
[9.929s][debug][gc,ergo,refine] GC(293) Concurrent refinement times: Logged Cards Scan time goal: 20.00ms Logged Cards Scan time: 0.01ms HCC time: 0.00ms
[9.929s][trace][gc,ergo,refine] GC(293) Updating Refinement Zones: logged cards scan time: 0.014ms, processed cards: 19, goal time: 19.999ms
[9.929s][debug][gc,ergo,refine] GC(293) Updated Refinement Zones: green: 2560, yellow: 7680, red: 12800
[9.929s][info ][gc,phases     ] GC(293)   Pre Evacuate Collection Set: 0.5ms
[9.929s][info ][gc,phases     ] GC(293)   Merge Heap Roots: 0.2ms
[9.929s][info ][gc,phases     ] GC(293)   Evacuate Collection Set: 10.2ms
[9.929s][info ][gc,phases     ] GC(293)   Post Evacuate Collection Set: 0.6ms
[9.929s][info ][gc,phases     ] GC(293)   Other: 0.2ms
[9.929s][info ][gc,heap       ] GC(293) Eden regions: 44->0(44)
[9.929s][info ][gc,heap       ] GC(293) Survivor regions: 7->7(7)
[9.929s][info ][gc,heap       ] GC(293) Old regions: 541->481
[9.929s][info ][gc,heap       ] GC(293) Archive regions: 0->0
[9.929s][info ][gc,heap       ] GC(293) Humongous regions: 0->0
[9.929s][info ][gc,metaspace  ] GC(293) Metaspace: 6341K(6464K)->6341K(6464K) NonClass: 5794K(5824K)->5794K(5824K) Class: 546K(640K)->546K(640K)
[9.929s][debug][gc,heap       ] GC(293) Heap after GC invocations=294 (full 0):
[9.929s][debug][gc,heap       ] GC(293)  garbage-first heap   total 1048576K, used 499288K [0x00000000c0000000, 0x0000000100000000)
[9.929s][debug][gc,heap       ] GC(293)   region size 1024K, 7 young (7168K), 7 survivors (7168K)
[9.929s][debug][gc,heap       ] GC(293)  Metaspace       used 6341K, committed 6464K, reserved 1114112K
[9.929s][debug][gc,heap       ] GC(293)   class space    used 546K, committed 640K, reserved 1048576K
[9.929s][info ][gc            ] GC(293) Pause Young (Mixed) (G1 Evacuation Pause) 591M->487M(1024M) 11.671ms
[9.929s][info ][gc,cpu        ] GC(293) User=0.09s Sys=0.00s Real=0.01s
[9.929s][info ][safepoint     ] Safepoint "G1CollectForAllocation", Time since last: 5473601 ns, Reaching safepoint: 9600 ns, Cleanup: 12400 ns, At safepoint: 11844900 ns, Total: 11866900 ns
[9.935s][debug][gc,heap       ] GC(294) Heap before GC invocations=294 (full 0):
[9.935s][debug][gc,heap       ] GC(294)  garbage-first heap   total 1048576K, used 543320K [0x00000000c0000000, 0x0000000100000000)
[9.935s][debug][gc,heap       ] GC(294)   region size 1024K, 51 young (52224K), 7 survivors (7168K)
[9.935s][debug][gc,heap       ] GC(294)  Metaspace       used 6341K, committed 6464K, reserved 1114112K
[9.935s][debug][gc,heap       ] GC(294)   class space    used 546K, committed 640K, reserved 1048576K
[9.935s][info ][gc,start      ] GC(294) Pause Young (Mixed) (G1 Evacuation Pause)
[9.935s][info ][gc,task       ] GC(294) Using 10 workers of 10 for evacuation
[9.935s][trace][gc,ergo,cset  ] GC(294) Start choosing CSet. Pending cards: 37 target pause time: 200.00ms
[9.935s][trace][gc,ergo,cset  ] GC(294) Added young regions to CSet. Eden: 44 regions, Survivors: 7 regions, predicted eden time: 8.42ms, predicted base time: 1.84ms, target pause time: 200.00ms, remaining time: 189.74ms
[9.935s][debug][gc,ergo,cset  ] GC(294) Start adding old regions to collection set. Min 37 regions, max 103 regions, time remaining 189.74ms, optional threshold 37.95ms
[9.935s][debug][gc,ergo,cset  ] GC(294) Old candidate collection set empty.
[9.935s][debug][gc,ergo,cset  ] GC(294) Finish choosing collection set old regions. Initial: 88, optional: 0, predicted old time: 0.00ms, predicted optional time: 0.00ms, time remaining: 183.18
[9.935s][debug][gc,ergo       ] GC(294) Running G1 Merge Heap Roots using 10 workers for 139 regions
[9.947s][debug][gc,ergo       ] GC(294) Running G1 Rebuild Free List Task using 10 workers for rebuilding free list of regions
[9.947s][debug][gc,ergo,heap  ] GC(294) Heap expansion: short term pause time ratio 66.57% long term pause time ratio 54.04% threshold 7.69% pause time ratio 7.69% fully expanded true resize by 0B
[9.947s][debug][gc,ergo       ] GC(294) do not continue mixed GCs (candidate old regions not available)
[9.947s][debug][gc,ergo,refine] GC(294) Concurrent refinement times: Logged Cards Scan time goal: 20.00ms Logged Cards Scan time: 0.04ms HCC time: 0.00ms
[9.947s][trace][gc,ergo,refine] GC(294) Updating Refinement Zones: logged cards scan time: 0.038ms, processed cards: 17, goal time: 19.999ms
[9.947s][debug][gc,ergo,refine] GC(294) Updated Refinement Zones: green: 2560, yellow: 7680, red: 12800
[9.947s][info ][gc,phases     ] GC(294)   Pre Evacuate Collection Set: 0.3ms
[9.947s][info ][gc,phases     ] GC(294)   Merge Heap Roots: 0.2ms
[9.947s][info ][gc,phases     ] GC(294)   Evacuate Collection Set: 10.6ms
[9.947s][info ][gc,phases     ] GC(294)   Post Evacuate Collection Set: 0.7ms
[9.947s][info ][gc,phases     ] GC(294)   Other: 0.2ms
[9.947s][info ][gc,heap       ] GC(294) Eden regions: 44->0(164)
[9.947s][info ][gc,heap       ] GC(294) Survivor regions: 7->7(7)
[9.947s][info ][gc,heap       ] GC(294) Old regions: 481->440
[9.947s][info ][gc,heap       ] GC(294) Archive regions: 0->0
[9.947s][info ][gc,heap       ] GC(294) Humongous regions: 0->0
[9.947s][info ][gc,metaspace  ] GC(294) Metaspace: 6341K(6464K)->6341K(6464K) NonClass: 5794K(5824K)->5794K(5824K) Class: 546K(640K)->546K(640K)
[9.947s][debug][gc,heap       ] GC(294) Heap after GC invocations=295 (full 0):
[9.947s][debug][gc,heap       ] GC(294)  garbage-first heap   total 1048576K, used 456804K [0x00000000c0000000, 0x0000000100000000)
[9.947s][debug][gc,heap       ] GC(294)   region size 1024K, 7 young (7168K), 7 survivors (7168K)
[9.947s][debug][gc,heap       ] GC(294)  Metaspace       used 6341K, committed 6464K, reserved 1114112K
[9.947s][debug][gc,heap       ] GC(294)   class space    used 546K, committed 640K, reserved 1048576K
[9.947s][info ][gc            ] GC(294) Pause Young (Mixed) (G1 Evacuation Pause) 531M->446M(1024M) 11.827ms
[9.947s][info ][gc,cpu        ] GC(294) User=0.10s Sys=0.00s Real=0.01s
[9.947s][info ][safepoint     ] Safepoint "G1CollectForAllocation", Time since last: 6153100 ns, Reaching safepoint: 24800 ns, Cleanup: 20200 ns, At safepoint: 12015801 ns, Total: 12060801 ns
[9.960s][debug][gc,heap       ] GC(295) Heap before GC invocations=295 (full 0):
[9.960s][debug][gc,heap       ] GC(295)  garbage-first heap   total 1048576K, used 623716K [0x00000000c0000000, 0x0000000100000000)
[9.960s][debug][gc,heap       ] GC(295)   region size 1024K, 171 young (175104K), 7 survivors (7168K)
[9.960s][debug][gc,heap       ] GC(295)  Metaspace       used 6341K, committed 6464K, reserved 1114112K
[9.960s][debug][gc,heap       ] GC(295)   class space    used 546K, committed 640K, reserved 1048576K
[9.960s][info ][gc,start      ] GC(295) Pause Young (Normal) (G1 Evacuation Pause)
[9.960s][info ][gc,task       ] GC(295) Using 10 workers of 10 for evacuation
[9.960s][trace][gc,ergo,cset  ] GC(295) Start choosing CSet. Pending cards: 30 target pause time: 200.00ms
[9.960s][trace][gc,ergo,cset  ] GC(295) Added young regions to CSet. Eden: 164 regions, Survivors: 7 regions, predicted eden time: 28.20ms, predicted base time: 1.59ms, target pause time: 200.00ms, remaining time: 170.20ms
[9.960s][debug][gc,ergo       ] GC(295) Running G1 Merge Heap Roots using 10 workers for 171 regions
[9.982s][debug][gc,ergo       ] GC(295) Running G1 Rebuild Free List Task using 10 workers for rebuilding free list of regions
[9.982s][debug][gc,ergo,heap  ] GC(295) Heap expansion: short term pause time ratio 64.18% long term pause time ratio 53.94% threshold 7.69% pause time ratio 7.69% fully expanded true resize by 0B
[9.982s][debug][gc,ergo,refine] GC(295) Concurrent refinement times: Logged Cards Scan time goal: 20.00ms Logged Cards Scan time: 0.04ms HCC time: 0.00ms
[9.982s][trace][gc,ergo,refine] GC(295) Updating Refinement Zones: logged cards scan time: 0.044ms, processed cards: 16, goal time: 20.000ms
[9.982s][debug][gc,ergo,refine] GC(295) Updated Refinement Zones: green: 2560, yellow: 7680, red: 12800
[9.982s][info ][gc,phases     ] GC(295)   Pre Evacuate Collection Set: 0.2ms
[9.982s][info ][gc,phases     ] GC(295)   Merge Heap Roots: 0.2ms
[9.982s][info ][gc,phases     ] GC(295)   Evacuate Collection Set: 20.8ms
[9.982s][info ][gc,phases     ] GC(295)   Post Evacuate Collection Set: 0.6ms
[9.982s][info ][gc,phases     ] GC(295)   Other: 0.2ms
[9.982s][info ][gc,heap       ] GC(295) Eden regions: 164->0(129)
[9.982s][info ][gc,heap       ] GC(295) Survivor regions: 7->22(22)
[9.982s][info ][gc,heap       ] GC(295) Old regions: 440->531
[9.982s][info ][gc,heap       ] GC(295) Archive regions: 0->0
[9.982s][info ][gc,heap       ] GC(295) Humongous regions: 0->0
[9.982s][info ][gc,metaspace  ] GC(295) Metaspace: 6341K(6464K)->6341K(6464K) NonClass: 5794K(5824K)->5794K(5824K) Class: 546K(640K)->546K(640K)
[9.982s][debug][gc,heap       ] GC(295) Heap after GC invocations=296 (full 0):
[9.982s][debug][gc,heap       ] GC(295)  garbage-first heap   total 1048576K, used 565848K [0x00000000c0000000, 0x0000000100000000)
[9.982s][debug][gc,heap       ] GC(295)   region size 1024K, 22 young (22528K), 22 survivors (22528K)
[9.982s][debug][gc,heap       ] GC(295)  Metaspace       used 6341K, committed 6464K, reserved 1114112K
[9.982s][debug][gc,heap       ] GC(295)   class space    used 546K, committed 640K, reserved 1048576K
[9.982s][info ][gc            ] GC(295) Pause Young (Normal) (G1 Evacuation Pause) 610M->552M(1024M) 21.971ms
[9.982s][info ][gc,cpu        ] GC(295) User=0.21s Sys=0.00s Real=0.02s
[9.982s][info ][safepoint     ] Safepoint "G1CollectForAllocation", Time since last: 12926400 ns, Reaching safepoint: 6500 ns, Cleanup: 4600 ns, At safepoint: 22066901 ns, Total: 22078001 ns
[10.000s][debug][gc,heap       ] GC(296) Heap before GC invocations=296 (full 0):
[10.000s][debug][gc,heap       ] GC(296)  garbage-first heap   total 1048576K, used 696920K [0x00000000c0000000, 0x0000000100000000)
[10.000s][debug][gc,heap       ] GC(296)   region size 1024K, 151 young (154624K), 22 survivors (22528K)
[10.000s][debug][gc,heap       ] GC(296)  Metaspace       used 6341K, committed 6464K, reserved 1114112K
[10.000s][debug][gc,heap       ] GC(296)   class space    used 546K, committed 640K, reserved 1048576K
[10.000s][info ][gc,start      ] GC(296) Pause Young (Normal) (G1 Evacuation Pause)
[10.000s][info ][gc,task       ] GC(296) Using 10 workers of 10 for evacuation
[10.000s][trace][gc,ergo,cset  ] GC(296) Start choosing CSet. Pending cards: 35 target pause time: 200.00ms
[10.000s][trace][gc,ergo,cset  ] GC(296) Added young regions to CSet. Eden: 129 regions, Survivors: 22 regions, predicted eden time: 21.39ms, predicted base time: 1.38ms, target pause time: 200.00ms, remaining time: 177.22ms
[10.001s][debug][gc,ergo       ] GC(296) Running G1 Merge Heap Roots using 10 workers for 151 regions
[10.023s][debug][gc,ergo       ] GC(296) Running G1 Rebuild Free List Task using 10 workers for rebuilding free list of regions
[10.023s][debug][gc,ergo,heap  ] GC(296) Heap expansion: short term pause time ratio 62.42% long term pause time ratio 54.93% threshold 7.69% pause time ratio 7.69% fully expanded true resize by 0B
[10.023s][debug][gc,ergo,refine] GC(296) Concurrent refinement times: Logged Cards Scan time goal: 20.00ms Logged Cards Scan time: 0.15ms HCC time: 0.00ms
[10.023s][trace][gc,ergo,refine] GC(296) Updating Refinement Zones: logged cards scan time: 0.149ms, processed cards: 10, goal time: 19.999ms
[10.023s][debug][gc,ergo,refine] GC(296) Updated Refinement Zones: green: 2560, yellow: 7680, red: 12800
[10.023s][info ][gc,phases     ] GC(296)   Pre Evacuate Collection Set: 0.3ms
[10.023s][info ][gc,phases     ] GC(296)   Merge Heap Roots: 0.2ms
[10.023s][info ][gc,phases     ] GC(296)   Evacuate Collection Set: 21.1ms
[10.023s][info ][gc,phases     ] GC(296)   Post Evacuate Collection Set: 0.8ms
[10.023s][info ][gc,phases     ] GC(296)   Other: 0.8ms
[10.023s][info ][gc,heap       ] GC(296) Eden regions: 129->0(97)
[10.023s][info ][gc,heap       ] GC(296) Survivor regions: 22->19(19)
[10.023s][info ][gc,heap       ] GC(296) Old regions: 531->619
[10.023s][info ][gc,heap       ] GC(296) Archive regions: 0->0
[10.023s][info ][gc,heap       ] GC(296) Humongous regions: 0->0
[10.023s][info ][gc,metaspace  ] GC(296) Metaspace: 6341K(6464K)->6341K(6464K) NonClass: 5794K(5824K)->5794K(5824K) Class: 546K(640K)->546K(640K)
[10.023s][debug][gc,heap       ] GC(296) Heap after GC invocations=297 (full 0):
[10.023s][debug][gc,heap       ] GC(296)  garbage-first heap   total 1048576K, used 652788K [0x00000000c0000000, 0x0000000100000000)
[10.023s][debug][gc,heap       ] GC(296)   region size 1024K, 19 young (19456K), 19 survivors (19456K)
[10.023s][debug][gc,heap       ] GC(296)  Metaspace       used 6341K, committed 6464K, reserved 1114112K
[10.023s][debug][gc,heap       ] GC(296)   class space    used 546K, committed 640K, reserved 1048576K
[10.023s][info ][gc            ] GC(296) Pause Young (Normal) (G1 Evacuation Pause) 681M->637M(1024M) 22.617ms
[10.023s][info ][gc,cpu        ] GC(296) User=0.19s Sys=0.00s Real=0.02s
[10.023s][info ][safepoint     ] Safepoint "G1CollectForAllocation", Time since last: 17732401 ns, Reaching safepoint: 6500 ns, Cleanup: 7600 ns, At safepoint: 23373100 ns, Total: 23387200 ns
[10.036s][debug][gc,heap       ] GC(297) Heap before GC invocations=297 (full 0):
[10.036s][debug][gc,heap       ] GC(297)  garbage-first heap   total 1048576K, used 751092K [0x00000000c0000000, 0x0000000100000000)
[10.036s][debug][gc,heap       ] GC(297)   region size 1024K, 116 young (118784K), 19 survivors (19456K)
[10.036s][debug][gc,heap       ] GC(297)  Metaspace       used 6341K, committed 6464K, reserved 1114112K
[10.036s][debug][gc,heap       ] GC(297)   class space    used 546K, committed 640K, reserved 1048576K
[10.036s][info ][gc,start      ] GC(297) Pause Young (Normal) (G1 Evacuation Pause)
[10.036s][info ][gc,task       ] GC(297) Using 10 workers of 10 for evacuation
[10.036s][trace][gc,ergo,cset  ] GC(297) Start choosing CSet. Pending cards: 39 target pause time: 200.00ms
[10.036s][trace][gc,ergo,cset  ] GC(297) Added young regions to CSet. Eden: 97 regions, Survivors: 19 regions, predicted eden time: 16.35ms, predicted base time: 1.52ms, target pause time: 200.00ms, remaining time: 182.13ms
[10.036s][debug][gc,ergo       ] GC(297) Running G1 Merge Heap Roots using 10 workers for 116 regions
[10.054s][debug][gc,ergo       ] GC(297) Running G1 Rebuild Free List Task using 10 workers for rebuilding free list of regions
[10.054s][debug][gc,ergo,heap  ] GC(297) Heap expansion: short term pause time ratio 54.70% long term pause time ratio 54.83% threshold 7.69% pause time ratio 7.69% fully expanded true resize by 0B
[10.054s][debug][gc,ergo,refine] GC(297) Concurrent refinement times: Logged Cards Scan time goal: 20.00ms Logged Cards Scan time: 0.04ms HCC time: 0.00ms
[10.054s][trace][gc,ergo,refine] GC(297) Updating Refinement Zones: logged cards scan time: 0.036ms, processed cards: 22, goal time: 19.999ms
[10.054s][debug][gc,ergo,refine] GC(297) Updated Refinement Zones: green: 2560, yellow: 7680, red: 12800
[10.054s][info ][gc,phases     ] GC(297)   Pre Evacuate Collection Set: 0.4ms
[10.054s][info ][gc,phases     ] GC(297)   Merge Heap Roots: 0.2ms
[10.054s][info ][gc,phases     ] GC(297)   Evacuate Collection Set: 17.0ms
[10.054s][info ][gc,phases     ] GC(297)   Post Evacuate Collection Set: 0.7ms
[10.054s][info ][gc,phases     ] GC(297)   Other: 0.2ms
[10.054s][info ][gc,heap       ] GC(297) Eden regions: 97->0(72)
[10.054s][info ][gc,heap       ] GC(297) Survivor regions: 19->15(15)
[10.054s][info ][gc,heap       ] GC(297) Old regions: 619->691
[10.054s][info ][gc,heap       ] GC(297) Archive regions: 0->0
[10.054s][info ][gc,heap       ] GC(297) Humongous regions: 0->0
[10.054s][info ][gc,metaspace  ] GC(297) Metaspace: 6341K(6464K)->6341K(6464K) NonClass: 5794K(5824K)->5794K(5824K) Class: 546K(640K)->546K(640K)
[10.054s][debug][gc,heap       ] GC(297) Heap after GC invocations=298 (full 0):
[10.054s][debug][gc,heap       ] GC(297)  garbage-first heap   total 1048576K, used 722520K [0x00000000c0000000, 0x0000000100000000)
[10.054s][debug][gc,heap       ] GC(297)   region size 1024K, 15 young (15360K), 15 survivors (15360K)
[10.054s][debug][gc,heap       ] GC(297)  Metaspace       used 6341K, committed 6464K, reserved 1114112K
[10.054s][debug][gc,heap       ] GC(297)   class space    used 546K, committed 640K, reserved 1048576K
[10.054s][info ][gc            ] GC(297) Pause Young (Normal) (G1 Evacuation Pause) 734M->705M(1024M) 18.462ms
[10.054s][info ][gc,cpu        ] GC(297) User=0.15s Sys=0.02s Real=0.02s
[10.054s][info ][safepoint     ] Safepoint "G1CollectForAllocation", Time since last: 12727801 ns, Reaching safepoint: 6900 ns, Cleanup: 6500 ns, At safepoint: 18588401 ns, Total: 18601801 ns
[10.063s][debug][gc,heap       ] GC(298) Heap before GC invocations=298 (full 0):
[10.063s][debug][gc,heap       ] GC(298)  garbage-first heap   total 1048576K, used 795224K [0x00000000c0000000, 0x0000000100000000)
[10.063s][debug][gc,heap       ] GC(298)   region size 1024K, 87 young (89088K), 15 survivors (15360K)
[10.063s][debug][gc,heap       ] GC(298)  Metaspace       used 6341K, committed 6464K, reserved 1114112K
[10.063s][debug][gc,heap       ] GC(298)   class space    used 546K, committed 640K, reserved 1048576K
[10.063s][info ][gc,start      ] GC(298) Pause Young (Normal) (G1 Evacuation Pause)
[10.063s][info ][gc,task       ] GC(298) Using 10 workers of 10 for evacuation
[10.063s][trace][gc,ergo,cset  ] GC(298) Start choosing CSet. Pending cards: 33 target pause time: 200.00ms
[10.063s][trace][gc,ergo,cset  ] GC(298) Added young regions to CSet. Eden: 72 regions, Survivors: 15 regions, predicted eden time: 12.51ms, predicted base time: 1.33ms, target pause time: 200.00ms, remaining time: 186.17ms
[10.063s][debug][gc,ergo       ] GC(298) Running G1 Merge Heap Roots using 10 workers for 87 regions
[10.078s][debug][gc,ergo       ] GC(298) Running G1 Rebuild Free List Task using 10 workers for rebuilding free list of regions
[10.078s][debug][gc,ergo,heap  ] GC(298) Heap expansion: short term pause time ratio 58.21% long term pause time ratio 55.65% threshold 7.69% pause time ratio 7.69% fully expanded true resize by 0B
[10.078s][debug][gc,ergo,refine] GC(298) Concurrent refinement times: Logged Cards Scan time goal: 20.00ms Logged Cards Scan time: 0.08ms HCC time: 0.00ms
[10.078s][trace][gc,ergo,refine] GC(298) Updating Refinement Zones: logged cards scan time: 0.076ms, processed cards: 20, goal time: 20.000ms
[10.078s][debug][gc,ergo,refine] GC(298) Updated Refinement Zones: green: 2560, yellow: 7680, red: 12800
[10.078s][info ][gc,phases     ] GC(298)   Pre Evacuate Collection Set: 0.3ms
[10.078s][info ][gc,phases     ] GC(298)   Merge Heap Roots: 0.2ms
[10.078s][info ][gc,phases     ] GC(298)   Evacuate Collection Set: 13.8ms
[10.078s][info ][gc,phases     ] GC(298)   Post Evacuate Collection Set: 0.6ms
[10.078s][info ][gc,phases     ] GC(298)   Other: 0.2ms
[10.078s][info ][gc,heap       ] GC(298) Eden regions: 72->0(52)
[10.078s][info ][gc,heap       ] GC(298) Survivor regions: 15->11(11)
[10.078s][info ][gc,heap       ] GC(298) Old regions: 691->752
[10.078s][info ][gc,heap       ] GC(298) Archive regions: 0->0
[10.078s][info ][gc,heap       ] GC(298) Humongous regions: 0->0
[10.078s][info ][gc,metaspace  ] GC(298) Metaspace: 6341K(6464K)->6341K(6464K) NonClass: 5794K(5824K)->5794K(5824K) Class: 546K(640K)->546K(640K)
[10.078s][debug][gc,heap       ] GC(298) Heap after GC invocations=299 (full 0):
[10.078s][debug][gc,heap       ] GC(298)  garbage-first heap   total 1048576K, used 780688K [0x00000000c0000000, 0x0000000100000000)
[10.078s][debug][gc,heap       ] GC(298)   region size 1024K, 11 young (11264K), 11 survivors (11264K)
[10.079s][debug][gc,heap       ] GC(298)  Metaspace       used 6341K, committed 6464K, reserved 1114112K
[10.079s][debug][gc,heap       ] GC(298)   class space    used 546K, committed 640K, reserved 1048576K
[10.079s][info ][gc            ] GC(298) Pause Young (Normal) (G1 Evacuation Pause) 777M->762M(1024M) 15.566ms
[10.079s][info ][gc,cpu        ] GC(298) User=0.13s Sys=0.01s Real=0.02s
[10.079s][info ][safepoint     ] Safepoint "G1CollectForAllocation", Time since last: 8702300 ns, Reaching safepoint: 6100 ns, Cleanup: 5600 ns, At safepoint: 15675401 ns, Total: 15687101 ns
[10.088s][debug][gc,heap       ] GC(299) Heap before GC invocations=299 (full 0):
[10.088s][debug][gc,heap       ] GC(299)  garbage-first heap   total 1048576K, used 832912K [0x00000000c0000000, 0x0000000100000000)
[10.088s][debug][gc,heap       ] GC(299)   region size 1024K, 63 young (64512K), 11 survivors (11264K)
[10.088s][debug][gc,heap       ] GC(299)  Metaspace       used 6341K, committed 6464K, reserved 1114112K
[10.088s][debug][gc,heap       ] GC(299)   class space    used 546K, committed 640K, reserved 1048576K
[10.088s][info ][gc,start      ] GC(299) Pause Young (Normal) (G1 Evacuation Pause)
[10.088s][info ][gc,task       ] GC(299) Using 10 workers of 10 for evacuation
[10.088s][trace][gc,ergo,cset  ] GC(299) Start choosing CSet. Pending cards: 34 target pause time: 200.00ms
[10.088s][trace][gc,ergo,cset  ] GC(299) Added young regions to CSet. Eden: 52 regions, Survivors: 11 regions, predicted eden time: 9.33ms, predicted base time: 1.20ms, target pause time: 200.00ms, remaining time: 189.47ms
[10.088s][debug][gc,ergo       ] GC(299) Running G1 Merge Heap Roots using 10 workers for 63 regions
[10.098s][debug][gc,ergo       ] GC(299) Running G1 Rebuild Free List Task using 10 workers for rebuilding free list of regions
[10.099s][debug][gc,ergo,heap  ] GC(299) Heap expansion: short term pause time ratio 62.27% long term pause time ratio 58.47% threshold 7.69% pause time ratio 7.69% fully expanded true resize by 0B
[10.099s][debug][gc,ergo,refine] GC(299) Concurrent refinement times: Logged Cards Scan time goal: 20.00ms Logged Cards Scan time: 0.05ms HCC time: 0.00ms
[10.099s][trace][gc,ergo,refine] GC(299) Updating Refinement Zones: logged cards scan time: 0.047ms, processed cards: 17, goal time: 19.999ms
[10.099s][debug][gc,ergo,refine] GC(299) Updated Refinement Zones: green: 2560, yellow: 7680, red: 12800
[10.099s][info ][gc,phases     ] GC(299)   Pre Evacuate Collection Set: 0.3ms
[10.099s][info ][gc,phases     ] GC(299)   Merge Heap Roots: 0.2ms
[10.099s][info ][gc,phases     ] GC(299)   Evacuate Collection Set: 9.9ms
[10.099s][info ][gc,phases     ] GC(299)   Post Evacuate Collection Set: 0.6ms
[10.099s][info ][gc,phases     ] GC(299)   Other: 0.2ms
[10.099s][info ][gc,heap       ] GC(299) Eden regions: 52->0(43)
[10.099s][info ][gc,heap       ] GC(299) Survivor regions: 11->8(8)
[10.099s][info ][gc,heap       ] GC(299) Old regions: 752->797
[10.099s][info ][gc,heap       ] GC(299) Archive regions: 0->0
[10.099s][info ][gc,heap       ] GC(299) Humongous regions: 0->0
[10.099s][info ][gc,metaspace  ] GC(299) Metaspace: 6341K(6464K)->6341K(6464K) NonClass: 5794K(5824K)->5794K(5824K) Class: 546K(640K)->546K(640K)
[10.099s][debug][gc,heap       ] GC(299) Heap after GC invocations=300 (full 0):
[10.099s][debug][gc,heap       ] GC(299)  garbage-first heap   total 1048576K, used 824096K [0x00000000c0000000, 0x0000000100000000)
[10.099s][debug][gc,heap       ] GC(299)   region size 1024K, 8 young (8192K), 8 survivors (8192K)
[10.099s][debug][gc,heap       ] GC(299)  Metaspace       used 6341K, committed 6464K, reserved 1114112K
[10.099s][debug][gc,heap       ] GC(299)   class space    used 546K, committed 640K, reserved 1048576K
[10.099s][info ][gc            ] GC(299) Pause Young (Normal) (G1 Evacuation Pause) 814M->804M(1024M) 11.171ms
[10.099s][info ][gc,cpu        ] GC(299) User=0.10s Sys=0.00s Real=0.01s
[10.099s][info ][safepoint     ] Safepoint "G1CollectForAllocation", Time since last: 8758900 ns, Reaching safepoint: 7600 ns, Cleanup: 7300 ns, At safepoint: 11287800 ns, Total: 11302700 ns
[10.104s][debug][gc,heap       ] GC(300) Heap before GC invocations=300 (full 0):
[10.104s][debug][gc,heap       ] GC(300)  garbage-first heap   total 1048576K, used 867104K [0x00000000c0000000, 0x0000000100000000)
[10.104s][debug][gc,heap       ] GC(300)   region size 1024K, 51 young (52224K), 8 survivors (8192K)
[10.104s][debug][gc,heap       ] GC(300)  Metaspace       used 6341K, committed 6464K, reserved 1114112K
[10.104s][debug][gc,heap       ] GC(300)   class space    used 546K, committed 640K, reserved 1048576K
[10.104s][info ][gc,start      ] GC(300) Pause Young (Normal) (G1 Evacuation Pause)
[10.104s][info ][gc,task       ] GC(300) Using 10 workers of 10 for evacuation
[10.104s][trace][gc,ergo,cset  ] GC(300) Start choosing CSet. Pending cards: 30 target pause time: 200.00ms
[10.104s][trace][gc,ergo,cset  ] GC(300) Added young regions to CSet. Eden: 43 regions, Survivors: 8 regions, predicted eden time: 7.71ms, predicted base time: 1.11ms, target pause time: 200.00ms, remaining time: 191.18ms
[10.105s][debug][gc,ergo       ] GC(300) Running G1 Merge Heap Roots using 10 workers for 51 regions
[10.114s][debug][gc,ergo       ] GC(300) Running G1 Rebuild Free List Task using 10 workers for rebuilding free list of regions
[10.115s][debug][gc,ergo,heap  ] GC(300) Heap expansion: short term pause time ratio 53.52% long term pause time ratio 57.11% threshold 7.69% pause time ratio 7.69% fully expanded true resize by 0B
[10.115s][debug][gc,ergo,ihop  ] GC(300) Request concurrent cycle initiation (occupancy higher than threshold) occupancy: 877658112B allocation request: 0B threshold: 859197889B (80.02) source: end of GC
[10.115s][debug][gc,ergo,refine] GC(300) Concurrent refinement times: Logged Cards Scan time goal: 20.00ms Logged Cards Scan time: 0.02ms HCC time: 0.00ms
[10.115s][trace][gc,ergo,refine] GC(300) Updating Refinement Zones: logged cards scan time: 0.017ms, processed cards: 13, goal time: 20.000ms
[10.115s][debug][gc,ergo,refine] GC(300) Updated Refinement Zones: green: 2560, yellow: 7680, red: 12800
[10.115s][info ][gc,phases     ] GC(300)   Pre Evacuate Collection Set: 0.3ms
[10.115s][info ][gc,phases     ] GC(300)   Merge Heap Roots: 0.2ms
[10.115s][info ][gc,phases     ] GC(300)   Evacuate Collection Set: 9.1ms
[10.115s][info ][gc,phases     ] GC(300)   Post Evacuate Collection Set: 0.7ms
[10.115s][info ][gc,phases     ] GC(300)   Other: 0.3ms
[10.115s][info ][gc,heap       ] GC(300) Eden regions: 43->0(44)
[10.115s][info ][gc,heap       ] GC(300) Survivor regions: 8->7(7)
[10.115s][info ][gc,heap       ] GC(300) Old regions: 797->837
[10.115s][info ][gc,heap       ] GC(300) Archive regions: 0->0
[10.115s][info ][gc,heap       ] GC(300) Humongous regions: 0->0
[10.115s][info ][gc,metaspace  ] GC(300) Metaspace: 6341K(6464K)->6341K(6464K) NonClass: 5794K(5824K)->5794K(5824K) Class: 546K(640K)->546K(640K)
[10.115s][debug][gc,heap       ] GC(300) Heap after GC invocations=301 (full 0):
[10.115s][debug][gc,heap       ] GC(300)  garbage-first heap   total 1048576K, used 863332K [0x00000000c0000000, 0x0000000100000000)
[10.115s][debug][gc,heap       ] GC(300)   region size 1024K, 7 young (7168K), 7 survivors (7168K)
[10.115s][debug][gc,heap       ] GC(300)  Metaspace       used 6341K, committed 6464K, reserved 1114112K
[10.115s][debug][gc,heap       ] GC(300)   class space    used 546K, committed 640K, reserved 1048576K
[10.115s][info ][gc            ] GC(300) Pause Young (Normal) (G1 Evacuation Pause) 847M->843M(1024M) 10.416ms
[10.115s][info ][gc,cpu        ] GC(300) User=0.09s Sys=0.00s Real=0.01s
[10.115s][info ][safepoint     ] Safepoint "G1CollectForAllocation", Time since last: 5401200 ns, Reaching safepoint: 6200 ns, Cleanup: 7900 ns, At safepoint: 10577401 ns, Total: 10591501 ns
[10.121s][debug][gc,heap       ] GC(301) Heap before GC invocations=301 (full 0):
[10.122s][debug][gc,heap       ] GC(301)  garbage-first heap   total 1048576K, used 907364K [0x00000000c0000000, 0x0000000100000000)
[10.122s][debug][gc,heap       ] GC(301)   region size 1024K, 51 young (52224K), 7 survivors (7168K)
[10.123s][debug][gc,heap       ] GC(301)  Metaspace       used 6341K, committed 6464K, reserved 1114112K
[10.123s][debug][gc,heap       ] GC(301)   class space    used 546K, committed 640K, reserved 1048576K
[10.123s][debug][gc,ergo       ] GC(301) Initiate concurrent cycle (concurrent cycle initiation requested)
[10.123s][info ][gc,start      ] GC(301) Pause Young (Concurrent Start) (G1 Evacuation Pause)
[10.123s][info ][gc,task       ] GC(301) Using 10 workers of 10 for evacuation
[10.123s][trace][gc,ergo,cset  ] GC(301) Start choosing CSet. Pending cards: 31 target pause time: 200.00ms
[10.123s][trace][gc,ergo,cset  ] GC(301) Added young regions to CSet. Eden: 44 regions, Survivors: 7 regions, predicted eden time: 7.86ms, predicted base time: 1.07ms, target pause time: 200.00ms, remaining time: 191.08ms
[10.123s][debug][gc,ergo       ] GC(301) Running G1 Merge Heap Roots using 10 workers for 51 regions
[10.132s][debug][gc,ergo       ] GC(301) Running G1 Rebuild Free List Task using 10 workers for rebuilding free list of regions
[10.132s][debug][gc,ergo,heap  ] GC(301) Heap expansion: short term pause time ratio 64.15% long term pause time ratio 58.25% threshold 7.69% pause time ratio 7.69% fully expanded true resize by 0B
[10.132s][debug][gc,ergo,refine] GC(301) Concurrent refinement times: Logged Cards Scan time goal: 20.00ms Logged Cards Scan time: 0.02ms HCC time: 0.00ms
[10.132s][trace][gc,ergo,refine] GC(301) Updating Refinement Zones: logged cards scan time: 0.017ms, processed cards: 14, goal time: 20.000ms
[10.132s][debug][gc,ergo,refine] GC(301) Updated Refinement Zones: green: 2560, yellow: 7680, red: 12800
[10.132s][info ][gc,phases     ] GC(301)   Pre Evacuate Collection Set: 0.2ms
[10.132s][info ][gc,phases     ] GC(301)   Merge Heap Roots: 0.2ms
[10.132s][info ][gc,phases     ] GC(301)   Evacuate Collection Set: 8.3ms
[10.132s][info ][gc,phases     ] GC(301)   Post Evacuate Collection Set: 0.5ms
[10.132s][info ][gc,phases     ] GC(301)   Other: 1.2ms
[10.132s][info ][gc,heap       ] GC(301) Eden regions: 44->0(44)
[10.132s][info ][gc,heap       ] GC(301) Survivor regions: 7->7(7)
[10.132s][info ][gc,heap       ] GC(301) Old regions: 837->874
[10.132s][info ][gc,heap       ] GC(301) Archive regions: 0->0
[10.132s][info ][gc,heap       ] GC(301) Humongous regions: 0->0
[10.132s][info ][gc,metaspace  ] GC(301) Metaspace: 6341K(6464K)->6341K(6464K) NonClass: 5794K(5824K)->5794K(5824K) Class: 546K(640K)->546K(640K)
[10.132s][debug][gc,heap       ] GC(301) Heap after GC invocations=302 (full 0):
[10.132s][debug][gc,heap       ] GC(301)  garbage-first heap   total 1048576K, used 901520K [0x00000000c0000000, 0x0000000100000000)
[10.132s][debug][gc,heap       ] GC(301)   region size 1024K, 7 young (7168K), 7 survivors (7168K)
[10.132s][debug][gc,heap       ] GC(301)  Metaspace       used 6341K, committed 6464K, reserved 1114112K
[10.132s][debug][gc,heap       ] GC(301)   class space    used 546K, committed 640K, reserved 1048576K
[10.132s][info ][gc            ] GC(301) Pause Young (Concurrent Start) (G1 Evacuation Pause) 887M->880M(1024M) 9.421ms
[10.132s][info ][gc,cpu        ] GC(301) User=0.07s Sys=0.00s Real=0.01s
[10.132s][info ][safepoint     ] Safepoint "G1CollectForAllocation", Time since last: 6667500 ns, Reaching safepoint: 5900 ns, Cleanup: 7200 ns, At safepoint: 10527600 ns, Total: 10540700 ns
[10.132s][info ][gc            ] GC(302) Concurrent Mark Cycle
[10.132s][info ][gc,marking    ] GC(302) Concurrent Clear Claimed Marks
[10.132s][info ][gc,marking    ] GC(302) Concurrent Clear Claimed Marks 0.012ms
[10.132s][info ][gc,marking    ] GC(302) Concurrent Scan Root Regions
[10.132s][debug][gc,ergo       ] GC(302) Running G1 Root Region Scan using 3 workers for 45 work units.
[10.132s][info ][gc,marking    ] GC(302) Concurrent Scan Root Regions 0.147ms
[10.132s][info ][gc,marking    ] GC(302) Concurrent Mark
[10.132s][info ][gc,marking    ] GC(302) Concurrent Mark From Roots
[10.132s][info ][gc,task       ] GC(302) Using 3 workers of 3 for marking
[10.137s][info ][gc,marking    ] GC(302) Concurrent Mark From Roots 4.972ms
[10.137s][info ][gc,marking    ] GC(302) Concurrent Preclean
[10.137s][info ][gc,marking    ] GC(302) Concurrent Preclean 0.062ms
[10.137s][info ][gc,start      ] GC(302) Pause Remark
[10.138s][debug][gc,ergo       ] GC(302) Running G1 Update RemSet Tracking Before Rebuild using 3 workers for 1024 regions in heap
[10.139s][info ][gc            ] GC(302) Pause Remark 914M->534M(1024M) 1.620ms
[10.139s][info ][gc,cpu        ] GC(302) User=0.01s Sys=0.00s Real=0.00s
[10.139s][info ][safepoint     ] Safepoint "G1PauseRemark", Time since last: 5397301 ns, Reaching safepoint: 4400 ns, Cleanup: 5100 ns, At safepoint: 1661700 ns, Total: 1671200 ns
[10.139s][info ][gc,marking    ] GC(302) Concurrent Mark 6.914ms
[10.139s][info ][gc,marking    ] GC(302) Concurrent Rebuild Remembered Sets
[10.141s][debug][gc,heap       ] GC(303) Heap before GC invocations=302 (full 0):
[10.141s][debug][gc,heap       ] GC(303)  garbage-first heap   total 1048576K, used 556432K [0x00000000c0000000, 0x0000000100000000)
[10.141s][debug][gc,heap       ] GC(303)   region size 1024K, 51 young (52224K), 7 survivors (7168K)
[10.141s][debug][gc,heap       ] GC(303)  Metaspace       used 6341K, committed 6464K, reserved 1114112K
[10.141s][debug][gc,heap       ] GC(303)   class space    used 546K, committed 640K, reserved 1048576K
[10.141s][info ][gc,start      ] GC(303) Pause Young (Normal) (G1 Evacuation Pause)
[10.141s][info ][gc,task       ] GC(303) Using 10 workers of 10 for evacuation
[10.141s][trace][gc,ergo,cset  ] GC(303) Start choosing CSet. Pending cards: 71 target pause time: 200.00ms
[10.141s][trace][gc,ergo,cset  ] GC(303) Added young regions to CSet. Eden: 44 regions, Survivors: 7 regions, predicted eden time: 7.44ms, predicted base time: 1.03ms, target pause time: 200.00ms, remaining time: 191.53ms
[10.141s][debug][gc,ergo       ] GC(303) Running G1 Merge Heap Roots using 10 workers for 51 regions
[10.151s][debug][gc,ergo       ] GC(303) Running G1 Rebuild Free List Task using 10 workers for rebuilding free list of regions
[10.151s][debug][gc,ergo,heap  ] GC(303) Heap expansion: short term pause time ratio 22.33% long term pause time ratio 58.30% threshold 7.69% pause time ratio 7.69% fully expanded true resize by 0B
[10.151s][debug][gc,ergo,refine] GC(303) Concurrent refinement times: Logged Cards Scan time goal: 20.00ms Logged Cards Scan time: 0.02ms HCC time: 0.00ms
[10.151s][trace][gc,ergo,refine] GC(303) Updating Refinement Zones: logged cards scan time: 0.022ms, processed cards: 55, goal time: 19.999ms
[10.151s][debug][gc,ergo,refine] GC(303) Updated Refinement Zones: green: 2560, yellow: 7680, red: 12800
[10.151s][info ][gc,phases     ] GC(303)   Pre Evacuate Collection Set: 0.2ms
[10.151s][info ][gc,phases     ] GC(303)   Merge Heap Roots: 0.2ms
[10.151s][info ][gc,phases     ] GC(303)   Evacuate Collection Set: 9.3ms
[10.151s][info ][gc,phases     ] GC(303)   Post Evacuate Collection Set: 0.7ms
[10.151s][info ][gc,phases     ] GC(303)   Other: 0.2ms
[10.151s][info ][gc,heap       ] GC(303) Eden regions: 44->0(131)
[10.151s][info ][gc,heap       ] GC(303) Survivor regions: 7->7(7)
[10.151s][info ][gc,heap       ] GC(303) Old regions: 494->532
[10.151s][info ][gc,heap       ] GC(303) Archive regions: 0->0
[10.151s][info ][gc,heap       ] GC(303) Humongous regions: 0->0
[10.151s][info ][gc,metaspace  ] GC(303) Metaspace: 6341K(6464K)->6341K(6464K) NonClass: 5794K(5824K)->5794K(5824K) Class: 546K(640K)->546K(640K)
[10.151s][debug][gc,heap       ] GC(303) Heap after GC invocations=303 (full 0):
[10.151s][debug][gc,heap       ] GC(303)  garbage-first heap   total 1048576K, used 551712K [0x00000000c0000000, 0x0000000100000000)
[10.151s][debug][gc,heap       ] GC(303)   region size 1024K, 7 young (7168K), 7 survivors (7168K)
[10.151s][debug][gc,heap       ] GC(303)  Metaspace       used 6341K, committed 6464K, reserved 1114112K
[10.151s][debug][gc,heap       ] GC(303)   class space    used 546K, committed 640K, reserved 1048576K
[10.151s][info ][gc            ] GC(303) Pause Young (Normal) (G1 Evacuation Pause) 544M->538M(1024M) 10.644ms
[10.151s][info ][gc,cpu        ] GC(303) User=0.09s Sys=0.00s Real=0.01s
[10.152s][info ][safepoint     ] Safepoint "G1CollectForAllocation", Time since last: 1430700 ns, Reaching safepoint: 137700 ns, Cleanup: 4800 ns, At safepoint: 10914900 ns, Total: 11057400 ns
[10.153s][info ][gc,marking    ] GC(302) Concurrent Rebuild Remembered Sets 14.031ms
[10.154s][info ][gc,start      ] GC(302) Pause Cleanup
[10.154s][debug][gc,ergo,cset  ] GC(302) Pruned 130 regions out of 440, leaving 53259032 bytes waste (allowed 53687091)
[10.154s][info ][gc            ] GC(302) Pause Cleanup 551M->551M(1024M) 0.881ms
[10.154s][info ][gc,cpu        ] GC(302) User=0.00s Sys=0.00s Real=0.00s
[10.154s][info ][safepoint     ] Safepoint "G1PauseCleanup", Time since last: 1910100 ns, Reaching safepoint: 7900 ns, Cleanup: 8900 ns, At safepoint: 925300 ns, Total: 942100 ns
[10.154s][info ][gc,marking    ] GC(302) Concurrent Cleanup for Next Mark
[10.154s][debug][gc,ergo       ] GC(302) Running G1 Clear Bitmap with 3 workers for 16 work units.
[10.157s][info ][gc,marking    ] GC(302) Concurrent Cleanup for Next Mark 2.145ms
[10.157s][info ][gc            ] GC(302) Concurrent Mark Cycle 24.742ms
[10.175s][debug][gc,heap       ] GC(304) Heap before GC invocations=304 (full 0):
[10.175s][debug][gc,heap       ] GC(304)  garbage-first heap   total 1048576K, used 684832K [0x00000000c0000000, 0x0000000100000000)
[10.175s][debug][gc,heap       ] GC(304)   region size 1024K, 138 young (141312K), 7 survivors (7168K)
[10.175s][debug][gc,heap       ] GC(304)  Metaspace       used 6341K, committed 6464K, reserved 1114112K
[10.175s][debug][gc,heap       ] GC(304)   class space    used 546K, committed 640K, reserved 1048576K
[10.175s][info ][gc,start      ] GC(304) Pause Young (Prepare Mixed) (G1 Evacuation Pause)
[10.175s][info ][gc,task       ] GC(304) Using 10 workers of 10 for evacuation
[10.175s][trace][gc,ergo,cset  ] GC(304) Start choosing CSet. Pending cards: 59 target pause time: 200.00ms
[10.175s][trace][gc,ergo,cset  ] GC(304) Added young regions to CSet. Eden: 131 regions, Survivors: 7 regions, predicted eden time: 21.28ms, predicted base time: 1.23ms, target pause time: 200.00ms, remaining time: 177.49ms
[10.175s][debug][gc,ergo       ] GC(304) Running G1 Merge Heap Roots using 10 workers for 138 regions
[10.195s][debug][gc,ergo       ] GC(304) Running G1 Rebuild Free List Task using 10 workers for rebuilding free list of regions
[10.196s][debug][gc,ergo,heap  ] GC(304) Heap expansion: short term pause time ratio 26.07% long term pause time ratio 58.22% threshold 7.69% pause time ratio 7.69% fully expanded true resize by 0B
[10.196s][debug][gc,ergo,refine] GC(304) Concurrent refinement times: Logged Cards Scan time goal: 20.00ms Logged Cards Scan time: 0.07ms HCC time: 0.00ms
[10.196s][trace][gc,ergo,refine] GC(304) Updating Refinement Zones: logged cards scan time: 0.070ms, processed cards: 38, goal time: 19.999ms
[10.196s][debug][gc,ergo,refine] GC(304) Updated Refinement Zones: green: 2560, yellow: 7680, red: 12800
[10.196s][info ][gc,phases     ] GC(304)   Pre Evacuate Collection Set: 0.5ms
[10.196s][info ][gc,phases     ] GC(304)   Merge Heap Roots: 0.2ms
[10.196s][info ][gc,phases     ] GC(304)   Evacuate Collection Set: 19.4ms
[10.196s][info ][gc,phases     ] GC(304)   Post Evacuate Collection Set: 0.7ms
[10.196s][info ][gc,phases     ] GC(304)   Other: 0.3ms
[10.196s][info ][gc,heap       ] GC(304) Eden regions: 131->0(33)
[10.196s][info ][gc,heap       ] GC(304) Survivor regions: 7->18(18)
[10.196s][info ][gc,heap       ] GC(304) Old regions: 532->612
[10.196s][info ][gc,heap       ] GC(304) Archive regions: 0->0
[10.196s][info ][gc,heap       ] GC(304) Humongous regions: 0->0
[10.196s][info ][gc,metaspace  ] GC(304) Metaspace: 6341K(6464K)->6341K(6464K) NonClass: 5794K(5824K)->5794K(5824K) Class: 546K(640K)->546K(640K)
[10.196s][debug][gc,heap       ] GC(304) Heap after GC invocations=305 (full 0):
[10.196s][debug][gc,heap       ] GC(304)  garbage-first heap   total 1048576K, used 644996K [0x00000000c0000000, 0x0000000100000000)
[10.196s][debug][gc,heap       ] GC(304)   region size 1024K, 18 young (18432K), 18 survivors (18432K)
[10.196s][debug][gc,heap       ] GC(304)  Metaspace       used 6341K, committed 6464K, reserved 1114112K
[10.196s][debug][gc,heap       ] GC(304)   class space    used 546K, committed 640K, reserved 1048576K
[10.196s][info ][gc            ] GC(304) Pause Young (Prepare Mixed) (G1 Evacuation Pause) 669M->629M(1024M) 20.981ms
[10.196s][info ][gc,cpu        ] GC(304) User=0.18s Sys=0.01s Real=0.02s
[10.196s][info ][safepoint     ] Safepoint "G1CollectForAllocation", Time since last: 20166001 ns, Reaching safepoint: 10400 ns, Cleanup: 8700 ns, At safepoint: 21211401 ns, Total: 21230501 ns
[10.201s][debug][gc,heap       ] GC(305) Heap before GC invocations=305 (full 0):
[10.201s][debug][gc,heap       ] GC(305)  garbage-first heap   total 1048576K, used 677764K [0x00000000c0000000, 0x0000000100000000)
[10.201s][debug][gc,heap       ] GC(305)   region size 1024K, 51 young (52224K), 18 survivors (18432K)
[10.201s][debug][gc,heap       ] GC(305)  Metaspace       used 6341K, committed 6464K, reserved 1114112K
[10.201s][debug][gc,heap       ] GC(305)   class space    used 546K, committed 640K, reserved 1048576K
[10.201s][info ][gc,start      ] GC(305) Pause Young (Mixed) (G1 Evacuation Pause)
[10.201s][info ][gc,task       ] GC(305) Using 10 workers of 10 for evacuation
[10.201s][trace][gc,ergo,cset  ] GC(305) Start choosing CSet. Pending cards: 31 target pause time: 200.00ms
[10.201s][trace][gc,ergo,cset  ] GC(305) Added young regions to CSet. Eden: 33 regions, Survivors: 18 regions, predicted eden time: 5.95ms, predicted base time: 1.58ms, target pause time: 200.00ms, remaining time: 192.47ms
[10.201s][debug][gc,ergo,cset  ] GC(305) Start adding old regions to collection set. Min 39 regions, max 103 regions, time remaining 192.47ms, optional threshold 38.49ms
[10.201s][debug][gc,ergo,cset  ] GC(305) Finish adding old regions to collection set (Maximum number of regions). Initial 103 regions, optional 0 regions
[10.201s][debug][gc,ergo,cset  ] GC(305) Finish choosing collection set old regions. Initial: 103, optional: 0, predicted old time: 0.00ms, predicted optional time: 0.00ms, time remaining: 190.29
[10.201s][debug][gc,ergo       ] GC(305) Running G1 Merge Heap Roots using 10 workers for 154 regions
[10.212s][debug][gc,ergo       ] GC(305) Running G1 Rebuild Free List Task using 10 workers for rebuilding free list of regions
[10.213s][debug][gc,ergo,heap  ] GC(305) Heap expansion: short term pause time ratio 50.32% long term pause time ratio 56.01% threshold 7.69% pause time ratio 7.69% fully expanded true resize by 0B
[10.213s][debug][gc,ergo,refine] GC(305) Concurrent refinement times: Logged Cards Scan time goal: 20.00ms Logged Cards Scan time: 0.01ms HCC time: 0.00ms
[10.213s][trace][gc,ergo,refine] GC(305) Updating Refinement Zones: logged cards scan time: 0.014ms, processed cards: 10, goal time: 19.997ms
[10.213s][debug][gc,ergo,refine] GC(305) Updated Refinement Zones: green: 2560, yellow: 7680, red: 12800
[10.213s][info ][gc,phases     ] GC(305)   Pre Evacuate Collection Set: 0.4ms
[10.213s][info ][gc,phases     ] GC(305)   Merge Heap Roots: 0.3ms
[10.213s][info ][gc,phases     ] GC(305)   Evacuate Collection Set: 10.1ms
[10.213s][info ][gc,phases     ] GC(305)   Post Evacuate Collection Set: 0.8ms
[10.213s][info ][gc,phases     ] GC(305)   Other: 0.3ms
[10.213s][info ][gc,heap       ] GC(305) Eden regions: 33->0(44)
[10.213s][info ][gc,heap       ] GC(305) Survivor regions: 18->7(7)
[10.213s][info ][gc,heap       ] GC(305) Old regions: 612->553
[10.213s][info ][gc,heap       ] GC(305) Archive regions: 0->0
[10.213s][info ][gc,heap       ] GC(305) Humongous regions: 0->0
[10.213s][info ][gc,metaspace  ] GC(305) Metaspace: 6341K(6464K)->6341K(6464K) NonClass: 5794K(5824K)->5794K(5824K) Class: 546K(640K)->546K(640K)
[10.213s][debug][gc,heap       ] GC(305) Heap after GC invocations=306 (full 0):
[10.213s][debug][gc,heap       ] GC(305)  garbage-first heap   total 1048576K, used 572516K [0x00000000c0000000, 0x0000000100000000)
[10.213s][debug][gc,heap       ] GC(305)   region size 1024K, 7 young (7168K), 7 survivors (7168K)
[10.213s][debug][gc,heap       ] GC(305)  Metaspace       used 6341K, committed 6464K, reserved 1114112K
[10.213s][debug][gc,heap       ] GC(305)   class space    used 546K, committed 640K, reserved 1048576K
[10.213s][info ][gc            ] GC(305) Pause Young (Mixed) (G1 Evacuation Pause) 662M->559M(1024M) 11.912ms
[10.213s][info ][gc,cpu        ] GC(305) User=0.09s Sys=0.00s Real=0.01s
[10.213s][info ][safepoint     ] Safepoint "G1CollectForAllocation", Time since last: 4953600 ns, Reaching safepoint: 11400 ns, Cleanup: 15100 ns, At safepoint: 12100300 ns, Total: 12126800 ns
[10.219s][debug][gc,heap       ] GC(306) Heap before GC invocations=306 (full 0):
[10.219s][debug][gc,heap       ] GC(306)  garbage-first heap   total 1048576K, used 616548K [0x00000000c0000000, 0x0000000100000000)
[10.219s][debug][gc,heap       ] GC(306)   region size 1024K, 51 young (52224K), 7 survivors (7168K)
[10.219s][debug][gc,heap       ] GC(306)  Metaspace       used 6341K, committed 6464K, reserved 1114112K
[10.219s][debug][gc,heap       ] GC(306)   class space    used 546K, committed 640K, reserved 1048576K
[10.219s][info ][gc,start      ] GC(306) Pause Young (Mixed) (G1 Evacuation Pause)
[10.219s][info ][gc,task       ] GC(306) Using 10 workers of 10 for evacuation
[10.219s][trace][gc,ergo,cset  ] GC(306) Start choosing CSet. Pending cards: 39 target pause time: 200.00ms
[10.219s][trace][gc,ergo,cset  ] GC(306) Added young regions to CSet. Eden: 44 regions, Survivors: 7 regions, predicted eden time: 7.62ms, predicted base time: 1.75ms, target pause time: 200.00ms, remaining time: 190.63ms
[10.219s][debug][gc,ergo,cset  ] GC(306) Start adding old regions to collection set. Min 39 regions, max 103 regions, time remaining 190.63ms, optional threshold 38.13ms
[10.219s][debug][gc,ergo,cset  ] GC(306) Finish adding old regions to collection set (Maximum number of regions). Initial 103 regions, optional 0 regions
[10.219s][debug][gc,ergo,cset  ] GC(306) Finish choosing collection set old regions. Initial: 103, optional: 0, predicted old time: 0.00ms, predicted optional time: 0.00ms, time remaining: 187.13
[10.219s][debug][gc,ergo       ] GC(306) Running G1 Merge Heap Roots using 10 workers for 154 regions
[10.231s][debug][gc,ergo       ] GC(306) Running G1 Rebuild Free List Task using 10 workers for rebuilding free list of regions
[10.231s][debug][gc,ergo,heap  ] GC(306) Heap expansion: short term pause time ratio 68.28% long term pause time ratio 57.40% threshold 7.69% pause time ratio 7.69% fully expanded true resize by 0B
[10.231s][debug][gc,ergo,refine] GC(306) Concurrent refinement times: Logged Cards Scan time goal: 20.00ms Logged Cards Scan time: 0.01ms HCC time: 0.00ms
[10.231s][trace][gc,ergo,refine] GC(306) Updating Refinement Zones: logged cards scan time: 0.011ms, processed cards: 14, goal time: 19.999ms
[10.231s][debug][gc,ergo,refine] GC(306) Updated Refinement Zones: green: 2560, yellow: 7680, red: 12800
[10.231s][info ][gc,phases     ] GC(306)   Pre Evacuate Collection Set: 0.4ms
[10.231s][info ][gc,phases     ] GC(306)   Merge Heap Roots: 0.2ms
[10.231s][info ][gc,phases     ] GC(306)   Evacuate Collection Set: 10.3ms
[10.231s][info ][gc,phases     ] GC(306)   Post Evacuate Collection Set: 0.9ms
[10.231s][info ][gc,phases     ] GC(306)   Other: 0.4ms
[10.231s][info ][gc,heap       ] GC(306) Eden regions: 44->0(44)
[10.231s][info ][gc,heap       ] GC(306) Survivor regions: 7->7(7)
[10.231s][info ][gc,heap       ] GC(306) Old regions: 553->493
[10.231s][info ][gc,heap       ] GC(306) Archive regions: 0->0
[10.231s][info ][gc,heap       ] GC(306) Humongous regions: 0->0
[10.231s][info ][gc,metaspace  ] GC(306) Metaspace: 6341K(6464K)->6341K(6464K) NonClass: 5794K(5824K)->5794K(5824K) Class: 546K(640K)->546K(640K)
[10.231s][debug][gc,heap       ] GC(306) Heap after GC invocations=307 (full 0):
[10.231s][debug][gc,heap       ] GC(306)  garbage-first heap   total 1048576K, used 511076K [0x00000000c0000000, 0x0000000100000000)
[10.231s][debug][gc,heap       ] GC(306)   region size 1024K, 7 young (7168K), 7 survivors (7168K)
[10.231s][debug][gc,heap       ] GC(306)  Metaspace       used 6341K, committed 6464K, reserved 1114112K
[10.231s][debug][gc,heap       ] GC(306)   class space    used 546K, committed 640K, reserved 1048576K
[10.231s][info ][gc            ] GC(306) Pause Young (Mixed) (G1 Evacuation Pause) 603M->499M(1024M) 12.263ms
[10.231s][info ][gc,cpu        ] GC(306) User=0.09s Sys=0.00s Real=0.01s
[10.231s][info ][safepoint     ] Safepoint "G1CollectForAllocation", Time since last: 5961301 ns, Reaching safepoint: 11200 ns, Cleanup: 12000 ns, At safepoint: 12464500 ns, Total: 12487700 ns
[10.237s][debug][gc,heap       ] GC(307) Heap before GC invocations=307 (full 0):
[10.238s][debug][gc,heap       ] GC(307)  garbage-first heap   total 1048576K, used 555108K [0x00000000c0000000, 0x0000000100000000)
[10.238s][debug][gc,heap       ] GC(307)   region size 1024K, 51 young (52224K), 7 survivors (7168K)
[10.238s][debug][gc,heap       ] GC(307)  Metaspace       used 6341K, committed 6464K, reserved 1114112K
[10.238s][debug][gc,heap       ] GC(307)   class space    used 546K, committed 640K, reserved 1048576K
[10.238s][info ][gc,start      ] GC(307) Pause Young (Mixed) (G1 Evacuation Pause)
[10.238s][info ][gc,task       ] GC(307) Using 10 workers of 10 for evacuation
[10.238s][trace][gc,ergo,cset  ] GC(307) Start choosing CSet. Pending cards: 44 target pause time: 200.00ms
[10.238s][trace][gc,ergo,cset  ] GC(307) Added young regions to CSet. Eden: 44 regions, Survivors: 7 regions, predicted eden time: 7.88ms, predicted base time: 1.72ms, target pause time: 200.00ms, remaining time: 190.40ms
[10.238s][debug][gc,ergo,cset  ] GC(307) Start adding old regions to collection set. Min 39 regions, max 103 regions, time remaining 190.40ms, optional threshold 38.08ms
[10.238s][debug][gc,ergo,cset  ] GC(307) Finish adding old regions to collection set (Maximum number of regions). Initial 103 regions, optional 0 regions
[10.238s][debug][gc,ergo,cset  ] GC(307) Finish choosing collection set old regions. Initial: 103, optional: 0, predicted old time: 0.00ms, predicted optional time: 0.00ms, time remaining: 183.58
[10.238s][debug][gc,ergo       ] GC(307) Running G1 Merge Heap Roots using 10 workers for 154 regions
[10.250s][debug][gc,ergo       ] GC(307) Running G1 Rebuild Free List Task using 10 workers for rebuilding free list of regions
[10.250s][debug][gc,ergo,heap  ] GC(307) Heap expansion: short term pause time ratio 64.98% long term pause time ratio 58.04% threshold 7.69% pause time ratio 7.69% fully expanded true resize by 0B
[10.250s][debug][gc,ergo,refine] GC(307) Concurrent refinement times: Logged Cards Scan time goal: 20.00ms Logged Cards Scan time: 0.01ms HCC time: 0.00ms
[10.250s][trace][gc,ergo,refine] GC(307) Updating Refinement Zones: logged cards scan time: 0.005ms, processed cards: 9, goal time: 19.999ms
[10.250s][debug][gc,ergo,refine] GC(307) Updated Refinement Zones: green: 2560, yellow: 7680, red: 12800
[10.250s][info ][gc,phases     ] GC(307)   Pre Evacuate Collection Set: 0.4ms
[10.250s][info ][gc,phases     ] GC(307)   Merge Heap Roots: 0.2ms
[10.250s][info ][gc,phases     ] GC(307)   Evacuate Collection Set: 10.6ms
[10.250s][info ][gc,phases     ] GC(307)   Post Evacuate Collection Set: 0.9ms
[10.250s][info ][gc,phases     ] GC(307)   Other: 0.3ms
[10.250s][info ][gc,heap       ] GC(307) Eden regions: 44->0(44)
[10.250s][info ][gc,heap       ] GC(307) Survivor regions: 7->7(7)
[10.250s][info ][gc,heap       ] GC(307) Old regions: 493->438
[10.250s][info ][gc,heap       ] GC(307) Archive regions: 0->0
[10.250s][info ][gc,heap       ] GC(307) Humongous regions: 0->0
[10.250s][info ][gc,metaspace  ] GC(307) Metaspace: 6341K(6464K)->6341K(6464K) NonClass: 5794K(5824K)->5794K(5824K) Class: 546K(640K)->546K(640K)
[10.250s][debug][gc,heap       ] GC(307) Heap after GC invocations=308 (full 0):
[10.250s][debug][gc,heap       ] GC(307)  garbage-first heap   total 1048576K, used 454756K [0x00000000c0000000, 0x0000000100000000)
[10.250s][debug][gc,heap       ] GC(307)   region size 1024K, 7 young (7168K), 7 survivors (7168K)
[10.250s][debug][gc,heap       ] GC(307)  Metaspace       used 6341K, committed 6464K, reserved 1114112K
[10.250s][debug][gc,heap       ] GC(307)   class space    used 546K, committed 640K, reserved 1048576K
[10.250s][info ][gc            ] GC(307) Pause Young (Mixed) (G1 Evacuation Pause) 543M->444M(1024M) 12.487ms
[10.250s][info ][gc,cpu        ] GC(307) User=0.10s Sys=0.01s Real=0.01s
[10.250s][info ][safepoint     ] Safepoint "G1CollectForAllocation", Time since last: 6095000 ns, Reaching safepoint: 10400 ns, Cleanup: 10200 ns, At safepoint: 12668401 ns, Total: 12689001 ns
[10.256s][debug][gc,heap       ] GC(308) Heap before GC invocations=308 (full 0):
[10.256s][debug][gc,heap       ] GC(308)  garbage-first heap   total 1048576K, used 498788K [0x00000000c0000000, 0x0000000100000000)
[10.256s][debug][gc,heap       ] GC(308)   region size 1024K, 51 young (52224K), 7 survivors (7168K)
[10.256s][debug][gc,heap       ] GC(308)  Metaspace       used 6341K, committed 6464K, reserved 1114112K
[10.256s][debug][gc,heap       ] GC(308)   class space    used 546K, committed 640K, reserved 1048576K
[10.256s][info ][gc,start      ] GC(308) Pause Young (Mixed) (G1 Evacuation Pause)
[10.256s][info ][gc,task       ] GC(308) Using 10 workers of 10 for evacuation
[10.256s][trace][gc,ergo,cset  ] GC(308) Start choosing CSet. Pending cards: 29 target pause time: 200.00ms
[10.256s][trace][gc,ergo,cset  ] GC(308) Added young regions to CSet. Eden: 44 regions, Survivors: 7 regions, predicted eden time: 7.88ms, predicted base time: 1.68ms, target pause time: 200.00ms, remaining time: 190.44ms
[10.256s][debug][gc,ergo,cset  ] GC(308) Start adding old regions to collection set. Min 39 regions, max 103 regions, time remaining 190.44ms, optional threshold 38.09ms
[10.256s][debug][gc,ergo,cset  ] GC(308) Old candidate collection set empty.
[10.256s][debug][gc,ergo,cset  ] GC(308) Finish choosing collection set old regions. Initial: 1, optional: 0, predicted old time: 0.00ms, predicted optional time: 0.00ms, time remaining: 190.36
[10.256s][debug][gc,ergo       ] GC(308) Running G1 Merge Heap Roots using 10 workers for 52 regions
[10.266s][debug][gc,ergo       ] GC(308) Running G1 Rebuild Free List Task using 10 workers for rebuilding free list of regions
[10.266s][debug][gc,ergo,heap  ] GC(308) Heap expansion: short term pause time ratio 64.63% long term pause time ratio 58.18% threshold 7.69% pause time ratio 7.69% fully expanded true resize by 0B
[10.266s][debug][gc,ergo       ] GC(308) do not continue mixed GCs (candidate old regions not available)
[10.266s][debug][gc,ergo,refine] GC(308) Concurrent refinement times: Logged Cards Scan time goal: 20.00ms Logged Cards Scan time: 0.02ms HCC time: 0.00ms
[10.266s][trace][gc,ergo,refine] GC(308) Updating Refinement Zones: logged cards scan time: 0.022ms, processed cards: 20, goal time: 20.000ms
[10.266s][debug][gc,ergo,refine] GC(308) Updated Refinement Zones: green: 2560, yellow: 7680, red: 12800
[10.266s][info ][gc,phases     ] GC(308)   Pre Evacuate Collection Set: 0.3ms
[10.266s][info ][gc,phases     ] GC(308)   Merge Heap Roots: 0.2ms
[10.266s][info ][gc,phases     ] GC(308)   Evacuate Collection Set: 9.5ms
[10.266s][info ][gc,phases     ] GC(308)   Post Evacuate Collection Set: 0.7ms
[10.266s][info ][gc,phases     ] GC(308)   Other: 0.2ms
[10.266s][info ][gc,heap       ] GC(308) Eden regions: 44->0(154)
[10.266s][info ][gc,heap       ] GC(308) Survivor regions: 7->7(7)
[10.266s][info ][gc,heap       ] GC(308) Old regions: 438->476
[10.266s][info ][gc,heap       ] GC(308) Archive regions: 0->0
[10.266s][info ][gc,heap       ] GC(308) Humongous regions: 0->0
[10.266s][info ][gc,metaspace  ] GC(308) Metaspace: 6341K(6464K)->6341K(6464K) NonClass: 5794K(5824K)->5794K(5824K) Class: 546K(640K)->546K(640K)
[10.266s][debug][gc,heap       ] GC(308) Heap after GC invocations=309 (full 0):
[10.266s][debug][gc,heap       ] GC(308)  garbage-first heap   total 1048576K, used 494368K [0x00000000c0000000, 0x0000000100000000)
[10.267s][debug][gc,heap       ] GC(308)   region size 1024K, 7 young (7168K), 7 survivors (7168K)
[10.267s][debug][gc,heap       ] GC(308)  Metaspace       used 6341K, committed 6464K, reserved 1114112K
[10.267s][debug][gc,heap       ] GC(308)   class space    used 546K, committed 640K, reserved 1048576K
[10.267s][info ][gc            ] GC(308) Pause Young (Mixed) (G1 Evacuation Pause) 488M->482M(1024M) 11.221ms
[10.267s][info ][gc,cpu        ] GC(308) User=0.09s Sys=0.00s Real=0.01s
[10.267s][info ][safepoint     ] Safepoint "G1CollectForAllocation", Time since last: 5432900 ns, Reaching safepoint: 8700 ns, Cleanup: 8900 ns, At safepoint: 11349200 ns, Total: 11366800 ns
[10.299s][debug][gc,heap       ] GC(309) Heap before GC invocations=309 (full 0):
[10.299s][debug][gc,heap       ] GC(309)  garbage-first heap   total 1048576K, used 651040K [0x00000000c0000000, 0x0000000100000000)
[10.299s][debug][gc,heap       ] GC(309)   region size 1024K, 161 young (164864K), 7 survivors (7168K)
[10.299s][debug][gc,heap       ] GC(309)  Metaspace       used 6341K, committed 6464K, reserved 1114112K
[10.299s][debug][gc,heap       ] GC(309)   class space    used 546K, committed 640K, reserved 1048576K
[10.299s][info ][gc,start      ] GC(309) Pause Young (Normal) (G1 Evacuation Pause)
[10.299s][info ][gc,task       ] GC(309) Using 10 workers of 10 for evacuation
[10.299s][trace][gc,ergo,cset  ] GC(309) Start choosing CSet. Pending cards: 30 target pause time: 200.00ms
[10.299s][trace][gc,ergo,cset  ] GC(309) Added young regions to CSet. Eden: 154 regions, Survivors: 7 regions, predicted eden time: 24.98ms, predicted base time: 1.32ms, target pause time: 200.00ms, remaining time: 173.70ms
[10.299s][debug][gc,ergo       ] GC(309) Running G1 Merge Heap Roots using 10 workers for 161 regions
[10.322s][debug][gc,ergo       ] GC(309) Running G1 Rebuild Free List Task using 10 workers for rebuilding free list of regions
[10.322s][debug][gc,ergo,heap  ] GC(309) Heap expansion: short term pause time ratio 64.57% long term pause time ratio 59.38% threshold 7.69% pause time ratio 7.69% fully expanded true resize by 0B
[10.322s][debug][gc,ergo,refine] GC(309) Concurrent refinement times: Logged Cards Scan time goal: 20.00ms Logged Cards Scan time: 0.04ms HCC time: 0.00ms
[10.322s][trace][gc,ergo,refine] GC(309) Updating Refinement Zones: logged cards scan time: 0.037ms, processed cards: 10, goal time: 19.999ms
[10.322s][debug][gc,ergo,refine] GC(309) Updated Refinement Zones: green: 2560, yellow: 7680, red: 12800
[10.322s][info ][gc,phases     ] GC(309)   Pre Evacuate Collection Set: 0.3ms
[10.322s][info ][gc,phases     ] GC(309)   Merge Heap Roots: 0.2ms
[10.322s][info ][gc,phases     ] GC(309)   Evacuate Collection Set: 21.5ms
[10.322s][info ][gc,phases     ] GC(309)   Post Evacuate Collection Set: 0.8ms
[10.322s][info ][gc,phases     ] GC(309)   Other: 0.4ms
[10.322s][info ][gc,heap       ] GC(309) Eden regions: 154->0(117)
[10.322s][info ][gc,heap       ] GC(309) Survivor regions: 7->21(21)
[10.322s][info ][gc,heap       ] GC(309) Old regions: 476->566
[10.322s][info ][gc,heap       ] GC(309) Archive regions: 0->0
[10.322s][info ][gc,heap       ] GC(309) Humongous regions: 0->0
[10.322s][info ][gc,metaspace  ] GC(309) Metaspace: 6341K(6464K)->6341K(6464K) NonClass: 5794K(5824K)->5794K(5824K) Class: 546K(640K)->546K(640K)
[10.322s][debug][gc,heap       ] GC(309) Heap after GC invocations=310 (full 0):
[10.322s][debug][gc,heap       ] GC(309)  garbage-first heap   total 1048576K, used 600464K [0x00000000c0000000, 0x0000000100000000)
[10.322s][debug][gc,heap       ] GC(309)   region size 1024K, 21 young (21504K), 21 survivors (21504K)
[10.322s][debug][gc,heap       ] GC(309)  Metaspace       used 6341K, committed 6464K, reserved 1114112K
[10.322s][debug][gc,heap       ] GC(309)   class space    used 546K, committed 640K, reserved 1048576K
[10.322s][info ][gc            ] GC(309) Pause Young (Normal) (G1 Evacuation Pause) 636M->586M(1024M) 23.104ms
[10.322s][info ][gc,cpu        ] GC(309) User=0.19s Sys=0.01s Real=0.02s
[10.322s][info ][safepoint     ] Safepoint "G1CollectForAllocation", Time since last: 31856302 ns, Reaching safepoint: 11000 ns, Cleanup: 9100 ns, At safepoint: 23390800 ns, Total: 23410900 ns
[10.342s][debug][gc,heap       ] GC(310) Heap before GC invocations=310 (full 0):
[10.343s][debug][gc,heap       ] GC(310)  garbage-first heap   total 1048576K, used 719248K [0x00000000c0000000, 0x0000000100000000)
[10.343s][debug][gc,heap       ] GC(310)   region size 1024K, 138 young (141312K), 21 survivors (21504K)
[10.343s][debug][gc,heap       ] GC(310)  Metaspace       used 6341K, committed 6464K, reserved 1114112K
[10.343s][debug][gc,heap       ] GC(310)   class space    used 546K, committed 640K, reserved 1048576K
[10.343s][info ][gc,start      ] GC(310) Pause Young (Normal) (G1 Evacuation Pause)
[10.343s][info ][gc,task       ] GC(310) Using 10 workers of 10 for evacuation
[10.343s][trace][gc,ergo,cset  ] GC(310) Start choosing CSet. Pending cards: 32 target pause time: 200.00ms
[10.343s][trace][gc,ergo,cset  ] GC(310) Added young regions to CSet. Eden: 117 regions, Survivors: 21 regions, predicted eden time: 19.01ms, predicted base time: 1.35ms, target pause time: 200.00ms, remaining time: 179.64ms
[10.343s][debug][gc,ergo       ] GC(310) Running G1 Merge Heap Roots using 10 workers for 138 regions
[10.364s][debug][gc,ergo       ] GC(310) Running G1 Rebuild Free List Task using 10 workers for rebuilding free list of regions
[10.364s][debug][gc,ergo,heap  ] GC(310) Heap expansion: short term pause time ratio 41.24% long term pause time ratio 54.15% threshold 7.69% pause time ratio 7.69% fully expanded true resize by 0B
[10.364s][debug][gc,ergo,refine] GC(310) Concurrent refinement times: Logged Cards Scan time goal: 20.00ms Logged Cards Scan time: 0.05ms HCC time: 0.00ms
[10.364s][trace][gc,ergo,refine] GC(310) Updating Refinement Zones: logged cards scan time: 0.047ms, processed cards: 21, goal time: 19.999ms
[10.364s][debug][gc,ergo,refine] GC(310) Updated Refinement Zones: green: 2560, yellow: 7680, red: 12800
[10.364s][info ][gc,phases     ] GC(310)   Pre Evacuate Collection Set: 0.3ms
[10.364s][info ][gc,phases     ] GC(310)   Merge Heap Roots: 0.2ms
[10.364s][info ][gc,phases     ] GC(310)   Evacuate Collection Set: 20.0ms
[10.364s][info ][gc,phases     ] GC(310)   Post Evacuate Collection Set: 0.8ms
[10.364s][info ][gc,phases     ] GC(310)   Other: 0.3ms
[10.364s][info ][gc,heap       ] GC(310) Eden regions: 117->0(87)
[10.364s][info ][gc,heap       ] GC(310) Survivor regions: 21->18(18)
[10.364s][info ][gc,heap       ] GC(310) Old regions: 566->650
[10.364s][info ][gc,heap       ] GC(310) Archive regions: 0->0
[10.364s][info ][gc,heap       ] GC(310) Humongous regions: 0->0
[10.364s][info ][gc,metaspace  ] GC(310) Metaspace: 6341K(6464K)->6341K(6464K) NonClass: 5794K(5824K)->5794K(5824K) Class: 546K(640K)->546K(640K)
[10.364s][debug][gc,heap       ] GC(310) Heap after GC invocations=311 (full 0):
[10.364s][debug][gc,heap       ] GC(310)  garbage-first heap   total 1048576K, used 684008K [0x00000000c0000000, 0x0000000100000000)
[10.364s][debug][gc,heap       ] GC(310)   region size 1024K, 18 young (18432K), 18 survivors (18432K)
[10.364s][debug][gc,heap       ] GC(310)  Metaspace       used 6341K, committed 6464K, reserved 1114112K
[10.364s][debug][gc,heap       ] GC(310)   class space    used 546K, committed 640K, reserved 1048576K
[10.364s][info ][gc            ] GC(310) Pause Young (Normal) (G1 Evacuation Pause) 703M->667M(1024M) 21.566ms
[10.364s][info ][gc,cpu        ] GC(310) User=0.16s Sys=0.04s Real=0.03s
[10.364s][info ][safepoint     ] Safepoint "G1CollectForAllocation", Time since last: 20256201 ns, Reaching safepoint: 9200 ns, Cleanup: 12300 ns, At safepoint: 21698201 ns, Total: 21719701 ns
[10.377s][debug][gc,heap       ] GC(311) Heap before GC invocations=311 (full 0):
[10.377s][debug][gc,heap       ] GC(311)  garbage-first heap   total 1048576K, used 772072K [0x00000000c0000000, 0x0000000100000000)
[10.377s][debug][gc,heap       ] GC(311)   region size 1024K, 105 young (107520K), 18 survivors (18432K)
[10.377s][debug][gc,heap       ] GC(311)  Metaspace       used 6341K, committed 6464K, reserved 1114112K
[10.377s][debug][gc,heap       ] GC(311)   class space    used 546K, committed 640K, reserved 1048576K
[10.377s][info ][gc,start      ] GC(311) Pause Young (Normal) (G1 Evacuation Pause)
[10.377s][info ][gc,task       ] GC(311) Using 10 workers of 10 for evacuation
[10.377s][trace][gc,ergo,cset  ] GC(311) Start choosing CSet. Pending cards: 37 target pause time: 200.00ms
[10.377s][trace][gc,ergo,cset  ] GC(311) Added young regions to CSet. Eden: 87 regions, Survivors: 18 regions, predicted eden time: 14.59ms, predicted base time: 1.28ms, target pause time: 200.00ms, remaining time: 184.12ms
[10.378s][debug][gc,ergo       ] GC(311) Running G1 Merge Heap Roots using 10 workers for 105 regions
[10.394s][debug][gc,ergo       ] GC(311) Running G1 Rebuild Free List Task using 10 workers for rebuilding free list of regions
[10.394s][debug][gc,ergo,heap  ] GC(311) Heap expansion: short term pause time ratio 50.87% long term pause time ratio 53.58% threshold 7.69% pause time ratio 7.69% fully expanded true resize by 0B
[10.394s][debug][gc,ergo,refine] GC(311) Concurrent refinement times: Logged Cards Scan time goal: 20.00ms Logged Cards Scan time: 0.02ms HCC time: 0.00ms
[10.394s][trace][gc,ergo,refine] GC(311) Updating Refinement Zones: logged cards scan time: 0.021ms, processed cards: 25, goal time: 19.999ms
[10.394s][debug][gc,ergo,refine] GC(311) Updated Refinement Zones: green: 2560, yellow: 7680, red: 12800
[10.394s][info ][gc,phases     ] GC(311)   Pre Evacuate Collection Set: 0.3ms
[10.394s][info ][gc,phases     ] GC(311)   Merge Heap Roots: 0.2ms
[10.394s][info ][gc,phases     ] GC(311)   Evacuate Collection Set: 15.6ms
[10.394s][info ][gc,phases     ] GC(311)   Post Evacuate Collection Set: 1.0ms
[10.394s][info ][gc,phases     ] GC(311)   Other: 0.3ms
[10.394s][info ][gc,heap       ] GC(311) Eden regions: 87->0(65)
[10.394s][info ][gc,heap       ] GC(311) Survivor regions: 18->14(14)
[10.394s][info ][gc,heap       ] GC(311) Old regions: 650->715
[10.394s][info ][gc,heap       ] GC(311) Archive regions: 0->0
[10.394s][info ][gc,heap       ] GC(311) Humongous regions: 0->0
[10.394s][info ][gc,metaspace  ] GC(311) Metaspace: 6341K(6464K)->6341K(6464K) NonClass: 5794K(5824K)->5794K(5824K) Class: 546K(640K)->546K(640K)
[10.394s][debug][gc,heap       ] GC(311) Heap after GC invocations=312 (full 0):
[10.394s][debug][gc,heap       ] GC(311)  garbage-first heap   total 1048576K, used 746372K [0x00000000c0000000, 0x0000000100000000)
[10.394s][debug][gc,heap       ] GC(311)   region size 1024K, 14 young (14336K), 14 survivors (14336K)
[10.394s][debug][gc,heap       ] GC(311)  Metaspace       used 6341K, committed 6464K, reserved 1114112K
[10.394s][debug][gc,heap       ] GC(311)   class space    used 546K, committed 640K, reserved 1048576K
[10.394s][info ][gc            ] GC(311) Pause Young (Normal) (G1 Evacuation Pause) 754M->728M(1024M) 17.204ms
[10.394s][info ][gc,cpu        ] GC(311) User=0.13s Sys=0.02s Real=0.02s
[10.394s][info ][safepoint     ] Safepoint "G1CollectForAllocation", Time since last: 12838500 ns, Reaching safepoint: 6400 ns, Cleanup: 8100 ns, At safepoint: 17440001 ns, Total: 17454501 ns
[10.402s][debug][gc,heap       ] GC(312) Heap before GC invocations=312 (full 0):
[10.402s][debug][gc,heap       ] GC(312)  garbage-first heap   total 1048576K, used 811908K [0x00000000c0000000, 0x0000000100000000)
[10.402s][debug][gc,heap       ] GC(312)   region size 1024K, 79 young (80896K), 14 survivors (14336K)
[10.402s][debug][gc,heap       ] GC(312)  Metaspace       used 6341K, committed 6464K, reserved 1114112K
[10.402s][debug][gc,heap       ] GC(312)   class space    used 546K, committed 640K, reserved 1048576K
[10.402s][info ][gc,start      ] GC(312) Pause Young (Normal) (G1 Evacuation Pause)
[10.402s][info ][gc,task       ] GC(312) Using 10 workers of 10 for evacuation
[10.402s][trace][gc,ergo,cset  ] GC(312) Start choosing CSet. Pending cards: 32 target pause time: 200.00ms
[10.402s][trace][gc,ergo,cset  ] GC(312) Added young regions to CSet. Eden: 65 regions, Survivors: 14 regions, predicted eden time: 11.29ms, predicted base time: 1.26ms, target pause time: 200.00ms, remaining time: 187.45ms
[10.402s][debug][gc,ergo       ] GC(312) Running G1 Merge Heap Roots using 10 workers for 79 regions
[10.416s][debug][gc,ergo       ] GC(312) Running G1 Rebuild Free List Task using 10 workers for rebuilding free list of regions
[10.417s][debug][gc,ergo,heap  ] GC(312) Heap expansion: short term pause time ratio 56.29% long term pause time ratio 54.78% threshold 7.69% pause time ratio 7.69% fully expanded true resize by 0B
[10.417s][debug][gc,ergo,refine] GC(312) Concurrent refinement times: Logged Cards Scan time goal: 20.00ms Logged Cards Scan time: 0.05ms HCC time: 0.00ms
[10.417s][trace][gc,ergo,refine] GC(312) Updating Refinement Zones: logged cards scan time: 0.045ms, processed cards: 20, goal time: 19.999ms
[10.417s][debug][gc,ergo,refine] GC(312) Updated Refinement Zones: green: 2560, yellow: 7680, red: 12800
[10.417s][info ][gc,phases     ] GC(312)   Pre Evacuate Collection Set: 0.3ms
[10.417s][info ][gc,phases     ] GC(312)   Merge Heap Roots: 0.1ms
[10.417s][info ][gc,phases     ] GC(312)   Evacuate Collection Set: 13.3ms
[10.417s][info ][gc,phases     ] GC(312)   Post Evacuate Collection Set: 0.9ms
[10.417s][info ][gc,phases     ] GC(312)   Other: 0.2ms
[10.417s][info ][gc,heap       ] GC(312) Eden regions: 65->0(45)
[10.417s][info ][gc,heap       ] GC(312) Survivor regions: 14->10(10)
[10.417s][info ][gc,heap       ] GC(312) Old regions: 715->772
[10.417s][info ][gc,heap       ] GC(312) Archive regions: 0->0
[10.417s][info ][gc,heap       ] GC(312) Humongous regions: 0->0
[10.417s][info ][gc,metaspace  ] GC(312) Metaspace: 6341K(6464K)->6341K(6464K) NonClass: 5794K(5824K)->5794K(5824K) Class: 546K(640K)->546K(640K)
[10.417s][debug][gc,heap       ] GC(312) Heap after GC invocations=313 (full 0):
[10.417s][debug][gc,heap       ] GC(312)  garbage-first heap   total 1048576K, used 800744K [0x00000000c0000000, 0x0000000100000000)
[10.417s][debug][gc,heap       ] GC(312)   region size 1024K, 10 young (10240K), 10 survivors (10240K)
[10.417s][debug][gc,heap       ] GC(312)  Metaspace       used 6341K, committed 6464K, reserved 1114112K
[10.417s][debug][gc,heap       ] GC(312)   class space    used 546K, committed 640K, reserved 1048576K
[10.417s][info ][gc            ] GC(312) Pause Young (Normal) (G1 Evacuation Pause) 793M->781M(1024M) 14.883ms
[10.417s][info ][gc,cpu        ] GC(312) User=0.13s Sys=0.00s Real=0.02s
[10.417s][info ][safepoint     ] Safepoint "G1CollectForAllocation", Time since last: 7414800 ns, Reaching safepoint: 8800 ns, Cleanup: 26200 ns, At safepoint: 15013001 ns, Total: 15048001 ns
[10.424s][debug][gc,heap       ] GC(313) Heap before GC invocations=313 (full 0):
[10.424s][debug][gc,heap       ] GC(313)  garbage-first heap   total 1048576K, used 845800K [0x00000000c0000000, 0x0000000100000000)
[10.424s][debug][gc,heap       ] GC(313)   region size 1024K, 55 young (56320K), 10 survivors (10240K)
[10.424s][debug][gc,heap       ] GC(313)  Metaspace       used 6341K, committed 6464K, reserved 1114112K
[10.424s][debug][gc,heap       ] GC(313)   class space    used 546K, committed 640K, reserved 1048576K
[10.424s][info ][gc,start      ] GC(313) Pause Young (Normal) (G1 Evacuation Pause)
[10.424s][info ][gc,task       ] GC(313) Using 10 workers of 10 for evacuation
[10.424s][trace][gc,ergo,cset  ] GC(313) Start choosing CSet. Pending cards: 31 target pause time: 200.00ms
[10.424s][trace][gc,ergo,cset  ] GC(313) Added young regions to CSet. Eden: 45 regions, Survivors: 10 regions, predicted eden time: 8.26ms, predicted base time: 1.23ms, target pause time: 200.00ms, remaining time: 190.51ms
[10.424s][debug][gc,ergo       ] GC(313) Running G1 Merge Heap Roots using 10 workers for 55 regions
[10.434s][debug][gc,ergo       ] GC(313) Running G1 Rebuild Free List Task using 10 workers for rebuilding free list of regions
[10.435s][debug][gc,ergo,heap  ] GC(313) Heap expansion: short term pause time ratio 65.65% long term pause time ratio 54.27% threshold 7.69% pause time ratio 7.69% fully expanded true resize by 0B
[10.435s][debug][gc,ergo,refine] GC(313) Concurrent refinement times: Logged Cards Scan time goal: 20.00ms Logged Cards Scan time: 0.02ms HCC time: 0.00ms
[10.435s][trace][gc,ergo,refine] GC(313) Updating Refinement Zones: logged cards scan time: 0.016ms, processed cards: 20, goal time: 20.000ms
[10.435s][debug][gc,ergo,refine] GC(313) Updated Refinement Zones: green: 2560, yellow: 7680, red: 12800
[10.435s][info ][gc,phases     ] GC(313)   Pre Evacuate Collection Set: 0.3ms
[10.435s][info ][gc,phases     ] GC(313)   Merge Heap Roots: 0.2ms
[10.435s][info ][gc,phases     ] GC(313)   Evacuate Collection Set: 9.2ms
[10.435s][info ][gc,phases     ] GC(313)   Post Evacuate Collection Set: 1.1ms
[10.435s][info ][gc,phases     ] GC(313)   Other: 0.5ms
[10.435s][info ][gc,heap       ] GC(313) Eden regions: 45->0(44)
[10.435s][info ][gc,heap       ] GC(313) Survivor regions: 10->7(7)
[10.435s][info ][gc,heap       ] GC(313) Old regions: 772->815
[10.435s][info ][gc,heap       ] GC(313) Archive regions: 0->0
[10.435s][info ][gc,heap       ] GC(313) Humongous regions: 0->0
[10.435s][info ][gc,metaspace  ] GC(313) Metaspace: 6341K(6464K)->6341K(6464K) NonClass: 5794K(5824K)->5794K(5824K) Class: 546K(640K)->546K(640K)
[10.435s][debug][gc,heap       ] GC(313) Heap after GC invocations=314 (full 0):
[10.435s][debug][gc,heap       ] GC(313)  garbage-first heap   total 1048576K, used 841404K [0x00000000c0000000, 0x0000000100000000)
[10.435s][debug][gc,heap       ] GC(313)   region size 1024K, 7 young (7168K), 7 survivors (7168K)
[10.435s][debug][gc,heap       ] GC(313)  Metaspace       used 6341K, committed 6464K, reserved 1114112K
[10.435s][debug][gc,heap       ] GC(313)   class space    used 546K, committed 640K, reserved 1048576K
[10.435s][info ][gc            ] GC(313) Pause Young (Normal) (G1 Evacuation Pause) 826M->821M(1024M) 11.185ms
[10.435s][info ][gc,cpu        ] GC(313) User=0.09s Sys=0.00s Real=0.01s
[10.435s][info ][safepoint     ] Safepoint "G1CollectForAllocation", Time since last: 6488900 ns, Reaching safepoint: 15700 ns, Cleanup: 123100 ns, At safepoint: 11467500 ns, Total: 11606300 ns
[10.442s][debug][gc,heap       ] GC(314) Heap before GC invocations=314 (full 0):
[10.442s][debug][gc,heap       ] GC(314)  garbage-first heap   total 1048576K, used 885436K [0x00000000c0000000, 0x0000000100000000)
[10.442s][debug][gc,heap       ] GC(314)   region size 1024K, 51 young (52224K), 7 survivors (7168K)
[10.442s][debug][gc,heap       ] GC(314)  Metaspace       used 6341K, committed 6464K, reserved 1114112K
[10.442s][debug][gc,heap       ] GC(314)   class space    used 546K, committed 640K, reserved 1048576K
[10.442s][info ][gc,start      ] GC(314) Pause Young (Normal) (G1 Evacuation Pause)
[10.442s][info ][gc,task       ] GC(314) Using 10 workers of 10 for evacuation
[10.443s][trace][gc,ergo,cset  ] GC(314) Start choosing CSet. Pending cards: 32 target pause time: 200.00ms
[10.443s][trace][gc,ergo,cset  ] GC(314) Added young regions to CSet. Eden: 44 regions, Survivors: 7 regions, predicted eden time: 8.00ms, predicted base time: 1.18ms, target pause time: 200.00ms, remaining time: 190.82ms
[10.443s][debug][gc,ergo       ] GC(314) Running G1 Merge Heap Roots using 10 workers for 51 regions
[10.452s][debug][gc,ergo       ] GC(314) Running G1 Rebuild Free List Task using 10 workers for rebuilding free list of regions
[10.453s][debug][gc,ergo,heap  ] GC(314) Heap expansion: short term pause time ratio 60.38% long term pause time ratio 54.98% threshold 7.69% pause time ratio 7.69% fully expanded true resize by 0B
[10.453s][debug][gc,ergo,ihop  ] GC(314) Request concurrent cycle initiation (occupancy higher than threshold) occupancy: 896532480B allocation request: 0B threshold: 859199039B (80.02) source: end of GC
[10.453s][debug][gc,ergo,refine] GC(314) Concurrent refinement times: Logged Cards Scan time goal: 20.00ms Logged Cards Scan time: 0.10ms HCC time: 0.00ms
[10.453s][trace][gc,ergo,refine] GC(314) Updating Refinement Zones: logged cards scan time: 0.099ms, processed cards: 20, goal time: 19.999ms
[10.453s][debug][gc,ergo,refine] GC(314) Updated Refinement Zones: green: 2560, yellow: 7680, red: 12800
[10.453s][info ][gc,phases     ] GC(314)   Pre Evacuate Collection Set: 0.3ms
[10.453s][info ][gc,phases     ] GC(314)   Merge Heap Roots: 0.2ms
[10.453s][info ][gc,phases     ] GC(314)   Evacuate Collection Set: 8.6ms
[10.453s][info ][gc,phases     ] GC(314)   Post Evacuate Collection Set: 0.8ms
[10.453s][info ][gc,phases     ] GC(314)   Other: 0.4ms
[10.453s][info ][gc,heap       ] GC(314) Eden regions: 44->0(44)
[10.453s][info ][gc,heap       ] GC(314) Survivor regions: 7->7(7)
[10.453s][info ][gc,heap       ] GC(314) Old regions: 815->855
[10.453s][info ][gc,heap       ] GC(314) Archive regions: 0->0
[10.453s][info ][gc,heap       ] GC(314) Humongous regions: 0->0
[10.453s][info ][gc,metaspace  ] GC(314) Metaspace: 6341K(6464K)->6341K(6464K) NonClass: 5794K(5824K)->5794K(5824K) Class: 546K(640K)->546K(640K)
[10.453s][debug][gc,heap       ] GC(314) Heap after GC invocations=315 (full 0):
[10.453s][debug][gc,heap       ] GC(314)  garbage-first heap   total 1048576K, used 881764K [0x00000000c0000000, 0x0000000100000000)
[10.453s][debug][gc,heap       ] GC(314)   region size 1024K, 7 young (7168K), 7 survivors (7168K)
[10.453s][debug][gc,heap       ] GC(314)  Metaspace       used 6341K, committed 6464K, reserved 1114112K
[10.453s][debug][gc,heap       ] GC(314)   class space    used 546K, committed 640K, reserved 1048576K
[10.453s][info ][gc            ] GC(314) Pause Young (Normal) (G1 Evacuation Pause) 865M->861M(1024M) 10.279ms
[10.453s][info ][gc,cpu        ] GC(314) User=0.08s Sys=0.00s Real=0.01s
[10.453s][info ][safepoint     ] Safepoint "G1CollectForAllocation", Time since last: 7235501 ns, Reaching safepoint: 12200 ns, Cleanup: 14600 ns, At safepoint: 10527000 ns, Total: 10553800 ns
[10.460s][debug][gc,heap       ] GC(315) Heap before GC invocations=315 (full 0):
[10.460s][debug][gc,heap       ] GC(315)  garbage-first heap   total 1048576K, used 925796K [0x00000000c0000000, 0x0000000100000000)
[10.460s][debug][gc,heap       ] GC(315)   region size 1024K, 51 young (52224K), 7 survivors (7168K)
[10.460s][debug][gc,heap       ] GC(315)  Metaspace       used 6341K, committed 6464K, reserved 1114112K
[10.460s][debug][gc,heap       ] GC(315)   class space    used 546K, committed 640K, reserved 1048576K
[10.460s][debug][gc,ergo       ] GC(315) Initiate concurrent cycle (concurrent cycle initiation requested)
[10.460s][info ][gc,start      ] GC(315) Pause Young (Concurrent Start) (G1 Evacuation Pause)
[10.460s][info ][gc,task       ] GC(315) Using 10 workers of 10 for evacuation
[10.460s][trace][gc,ergo,cset  ] GC(315) Start choosing CSet. Pending cards: 29 target pause time: 200.00ms
[10.460s][trace][gc,ergo,cset  ] GC(315) Added young regions to CSet. Eden: 44 regions, Survivors: 7 regions, predicted eden time: 7.84ms, predicted base time: 1.17ms, target pause time: 200.00ms, remaining time: 190.99ms
[10.460s][debug][gc,ergo       ] GC(315) Running G1 Merge Heap Roots using 10 workers for 51 regions
[10.469s][debug][gc,ergo       ] GC(315) Running G1 Rebuild Free List Task using 10 workers for rebuilding free list of regions
[10.470s][debug][gc,ergo,heap  ] GC(315) Heap expansion: short term pause time ratio 56.37% long term pause time ratio 55.82% threshold 7.69% pause time ratio 7.69% fully expanded true resize by 0B
[10.470s][debug][gc,ergo,refine] GC(315) Concurrent refinement times: Logged Cards Scan time goal: 20.00ms Logged Cards Scan time: 0.04ms HCC time: 0.00ms
[10.470s][trace][gc,ergo,refine] GC(315) Updating Refinement Zones: logged cards scan time: 0.043ms, processed cards: 18, goal time: 19.999ms
[10.470s][debug][gc,ergo,refine] GC(315) Updated Refinement Zones: green: 2560, yellow: 7680, red: 12800
[10.470s][info ][gc,phases     ] GC(315)   Pre Evacuate Collection Set: 0.4ms
[10.470s][info ][gc,phases     ] GC(315)   Merge Heap Roots: 0.2ms
[10.470s][info ][gc,phases     ] GC(315)   Evacuate Collection Set: 8.4ms
[10.470s][info ][gc,phases     ] GC(315)   Post Evacuate Collection Set: 0.9ms
[10.470s][info ][gc,phases     ] GC(315)   Other: 0.4ms
[10.470s][info ][gc,heap       ] GC(315) Eden regions: 44->0(44)
[10.470s][info ][gc,heap       ] GC(315) Survivor regions: 7->7(7)
[10.470s][info ][gc,heap       ] GC(315) Old regions: 855->892
[10.470s][info ][gc,heap       ] GC(315) Archive regions: 0->0
[10.470s][info ][gc,heap       ] GC(315) Humongous regions: 0->0
[10.470s][info ][gc,metaspace  ] GC(315) Metaspace: 6341K(6464K)->6341K(6464K) NonClass: 5794K(5824K)->5794K(5824K) Class: 546K(640K)->546K(640K)
[10.470s][debug][gc,heap       ] GC(315) Heap after GC invocations=316 (full 0):
[10.470s][debug][gc,heap       ] GC(315)  garbage-first heap   total 1048576K, used 920452K [0x00000000c0000000, 0x0000000100000000)
[10.470s][debug][gc,heap       ] GC(315)   region size 1024K, 7 young (7168K), 7 survivors (7168K)
[10.470s][debug][gc,heap       ] GC(315)  Metaspace       used 6341K, committed 6464K, reserved 1114112K
[10.470s][debug][gc,heap       ] GC(315)   class space    used 546K, committed 640K, reserved 1048576K
[10.470s][info ][gc            ] GC(315) Pause Young (Concurrent Start) (G1 Evacuation Pause) 905M->898M(1024M) 10.289ms
[10.470s][info ][gc,cpu        ] GC(315) User=0.08s Sys=0.00s Real=0.01s
[10.470s][info ][safepoint     ] Safepoint "G1CollectForAllocation", Time since last: 6751800 ns, Reaching safepoint: 12300 ns, Cleanup: 12600 ns, At safepoint: 10512201 ns, Total: 10537101 ns
[10.470s][info ][gc            ] GC(316) Concurrent Mark Cycle
[10.470s][info ][gc,marking    ] GC(316) Concurrent Clear Claimed Marks
[10.470s][info ][gc,marking    ] GC(316) Concurrent Clear Claimed Marks 0.019ms
[10.470s][info ][gc,marking    ] GC(316) Concurrent Scan Root Regions
[10.470s][debug][gc,ergo       ] GC(316) Running G1 Root Region Scan using 3 workers for 45 work units.
[10.470s][info ][gc,marking    ] GC(316) Concurrent Scan Root Regions 0.141ms
[10.470s][info ][gc,marking    ] GC(316) Concurrent Mark
[10.470s][info ][gc,marking    ] GC(316) Concurrent Mark From Roots
[10.470s][info ][gc,task       ] GC(316) Using 3 workers of 3 for marking
[10.475s][info ][gc,marking    ] GC(316) Concurrent Mark From Roots 5.052ms
[10.475s][info ][gc,marking    ] GC(316) Concurrent Preclean
[10.476s][info ][gc,marking    ] GC(316) Concurrent Preclean 0.058ms
[10.476s][info ][gc,start      ] GC(316) Pause Remark
[10.477s][debug][gc,ergo       ] GC(316) Running G1 Update RemSet Tracking Before Rebuild using 3 workers for 1024 regions in heap
[10.477s][info ][gc            ] GC(316) Pause Remark 932M->546M(1024M) 1.748ms
[10.477s][info ][gc,cpu        ] GC(316) User=0.01s Sys=0.00s Real=0.00s
[10.477s][info ][safepoint     ] Safepoint "G1PauseRemark", Time since last: 5527500 ns, Reaching safepoint: 5700 ns, Cleanup: 6200 ns, At safepoint: 1822300 ns, Total: 1834200 ns
[10.478s][info ][gc,marking    ] GC(316) Concurrent Mark 7.186ms
[10.478s][info ][gc,marking    ] GC(316) Concurrent Rebuild Remembered Sets
[10.479s][debug][gc,heap       ] GC(317) Heap before GC invocations=316 (full 0):
[10.479s][debug][gc,heap       ] GC(317)  garbage-first heap   total 1048576K, used 569220K [0x00000000c0000000, 0x0000000100000000)
[10.479s][debug][gc,heap       ] GC(317)   region size 1024K, 51 young (52224K), 7 survivors (7168K)
[10.479s][debug][gc,heap       ] GC(317)  Metaspace       used 6341K, committed 6464K, reserved 1114112K
[10.479s][debug][gc,heap       ] GC(317)   class space    used 546K, committed 640K, reserved 1048576K
[10.479s][info ][gc,start      ] GC(317) Pause Young (Normal) (G1 Evacuation Pause)
[10.479s][info ][gc,task       ] GC(317) Using 10 workers of 10 for evacuation
[10.479s][trace][gc,ergo,cset  ] GC(317) Start choosing CSet. Pending cards: 58 target pause time: 200.00ms
[10.479s][trace][gc,ergo,cset  ] GC(317) Added young regions to CSet. Eden: 44 regions, Survivors: 7 regions, predicted eden time: 7.72ms, predicted base time: 1.25ms, target pause time: 200.00ms, remaining time: 191.03ms
[10.480s][debug][gc,ergo       ] GC(317) Running G1 Merge Heap Roots using 10 workers for 51 regions
[10.489s][debug][gc,ergo       ] GC(317) Running G1 Rebuild Free List Task using 10 workers for rebuilding free list of regions
[10.489s][debug][gc,ergo,heap  ] GC(317) Heap expansion: short term pause time ratio 22.80% long term pause time ratio 53.43% threshold 7.69% pause time ratio 7.69% fully expanded true resize by 0B
[10.489s][debug][gc,ergo,refine] GC(317) Concurrent refinement times: Logged Cards Scan time goal: 20.00ms Logged Cards Scan time: 0.02ms HCC time: 0.00ms
[10.489s][trace][gc,ergo,refine] GC(317) Updating Refinement Zones: logged cards scan time: 0.022ms, processed cards: 43, goal time: 20.000ms
[10.489s][debug][gc,ergo,refine] GC(317) Updated Refinement Zones: green: 2560, yellow: 7680, red: 12800
[10.489s][info ][gc,phases     ] GC(317)   Pre Evacuate Collection Set: 0.4ms
[10.489s][info ][gc,phases     ] GC(317)   Merge Heap Roots: 0.2ms
[10.489s][info ][gc,phases     ] GC(317)   Evacuate Collection Set: 8.1ms
[10.489s][info ][gc,phases     ] GC(317)   Post Evacuate Collection Set: 0.7ms
[10.489s][info ][gc,phases     ] GC(317)   Other: 0.2ms
[10.489s][info ][gc,heap       ] GC(317) Eden regions: 44->0(124)
[10.489s][info ][gc,heap       ] GC(317) Survivor regions: 7->7(7)
[10.489s][info ][gc,heap       ] GC(317) Old regions: 506->544
[10.489s][info ][gc,heap       ] GC(317) Archive regions: 0->0
[10.489s][info ][gc,heap       ] GC(317) Humongous regions: 0->0
[10.489s][info ][gc,metaspace  ] GC(317) Metaspace: 6341K(6464K)->6341K(6464K) NonClass: 5794K(5824K)->5794K(5824K) Class: 546K(640K)->546K(640K)
[10.489s][debug][gc,heap       ] GC(317) Heap after GC invocations=317 (full 0):
[10.489s][debug][gc,heap       ] GC(317)  garbage-first heap   total 1048576K, used 564100K [0x00000000c0000000, 0x0000000100000000)
[10.489s][debug][gc,heap       ] GC(317)   region size 1024K, 7 young (7168K), 7 survivors (7168K)
[10.489s][debug][gc,heap       ] GC(317)  Metaspace       used 6341K, committed 6464K, reserved 1114112K
[10.489s][debug][gc,heap       ] GC(317)   class space    used 546K, committed 640K, reserved 1048576K
[10.489s][info ][gc            ] GC(317) Pause Young (Normal) (G1 Evacuation Pause) 556M->550M(1024M) 9.806ms
[10.489s][info ][gc,cpu        ] GC(317) User=0.08s Sys=0.00s Real=0.01s
[10.489s][info ][safepoint     ] Safepoint "G1CollectForAllocation", Time since last: 1651200 ns, Reaching safepoint: 179500 ns, Cleanup: 5900 ns, At safepoint: 10024400 ns, Total: 10209800 ns
[10.491s][info ][gc,marking    ] GC(316) Concurrent Rebuild Remembered Sets 13.855ms
[10.492s][info ][gc,start      ] GC(316) Pause Cleanup
[10.493s][debug][gc,ergo,cset  ] GC(316) Pruned 127 regions out of 453, leaving 53390616 bytes waste (allowed 53687091)
[10.493s][info ][gc            ] GC(316) Pause Cleanup 565M->565M(1024M) 1.120ms
[10.493s][info ][gc,cpu        ] GC(316) User=0.00s Sys=0.00s Real=0.00s
[10.493s][info ][safepoint     ] Safepoint "G1PauseCleanup", Time since last: 2348101 ns, Reaching safepoint: 13300 ns, Cleanup: 12000 ns, At safepoint: 1163100 ns, Total: 1188400 ns
[10.493s][info ][gc,marking    ] GC(316) Concurrent Cleanup for Next Mark
[10.493s][debug][gc,ergo       ] GC(316) Running G1 Clear Bitmap with 3 workers for 16 work units.
[10.496s][info ][gc,marking    ] GC(316) Concurrent Cleanup for Next Mark 3.111ms
[10.496s][info ][gc            ] GC(316) Concurrent Mark Cycle 26.099ms
[10.512s][debug][gc,heap       ] GC(318) Heap before GC invocations=318 (full 0):
[10.512s][debug][gc,heap       ] GC(318)  garbage-first heap   total 1048576K, used 690052K [0x00000000c0000000, 0x0000000100000000)
[10.512s][debug][gc,heap       ] GC(318)   region size 1024K, 131 young (134144K), 7 survivors (7168K)
[10.512s][debug][gc,heap       ] GC(318)  Metaspace       used 6341K, committed 6464K, reserved 1114112K
[10.512s][debug][gc,heap       ] GC(318)   class space    used 546K, committed 640K, reserved 1048576K
[10.512s][info ][gc,start      ] GC(318) Pause Young (Prepare Mixed) (G1 Evacuation Pause)
[10.512s][info ][gc,task       ] GC(318) Using 10 workers of 10 for evacuation
[10.512s][trace][gc,ergo,cset  ] GC(318) Start choosing CSet. Pending cards: 53 target pause time: 200.00ms
[10.512s][trace][gc,ergo,cset  ] GC(318) Added young regions to CSet. Eden: 124 regions, Survivors: 7 regions, predicted eden time: 20.76ms, predicted base time: 1.34ms, target pause time: 200.00ms, remaining time: 177.91ms
[10.512s][debug][gc,ergo       ] GC(318) Running G1 Merge Heap Roots using 10 workers for 131 regions
[10.531s][debug][gc,ergo       ] GC(318) Running G1 Rebuild Free List Task using 10 workers for rebuilding free list of regions
[10.532s][debug][gc,ergo,heap  ] GC(318) Heap expansion: short term pause time ratio 27.09% long term pause time ratio 52.70% threshold 7.69% pause time ratio 7.69% fully expanded true resize by 0B
[10.532s][debug][gc,ergo,refine] GC(318) Concurrent refinement times: Logged Cards Scan time goal: 20.00ms Logged Cards Scan time: 0.04ms HCC time: 0.00ms
[10.532s][trace][gc,ergo,refine] GC(318) Updating Refinement Zones: logged cards scan time: 0.038ms, processed cards: 31, goal time: 19.999ms
[10.532s][debug][gc,ergo,refine] GC(318) Updated Refinement Zones: green: 2560, yellow: 7680, red: 12800
[10.532s][info ][gc,phases     ] GC(318)   Pre Evacuate Collection Set: 0.3ms
[10.532s][info ][gc,phases     ] GC(318)   Merge Heap Roots: 0.2ms
[10.532s][info ][gc,phases     ] GC(318)   Evacuate Collection Set: 18.4ms
[10.532s][info ][gc,phases     ] GC(318)   Post Evacuate Collection Set: 1.1ms
[10.532s][info ][gc,phases     ] GC(318)   Other: 0.2ms
[10.532s][info ][gc,heap       ] GC(318) Eden regions: 124->0(34)
[10.532s][info ][gc,heap       ] GC(318) Survivor regions: 7->17(17)
[10.532s][info ][gc,heap       ] GC(318) Old regions: 544->624
[10.532s][info ][gc,heap       ] GC(318) Archive regions: 0->0
[10.532s][info ][gc,heap       ] GC(318) Humongous regions: 0->0
[10.532s][info ][gc,metaspace  ] GC(318) Metaspace: 6341K(6464K)->6341K(6464K) NonClass: 5794K(5824K)->5794K(5824K) Class: 546K(640K)->546K(640K)
[10.532s][debug][gc,heap       ] GC(318) Heap after GC invocations=319 (full 0):
[10.532s][debug][gc,heap       ] GC(318)  garbage-first heap   total 1048576K, used 655560K [0x00000000c0000000, 0x0000000100000000)
[10.532s][debug][gc,heap       ] GC(318)   region size 1024K, 17 young (17408K), 17 survivors (17408K)
[10.532s][debug][gc,heap       ] GC(318)  Metaspace       used 6341K, committed 6464K, reserved 1114112K
[10.532s][debug][gc,heap       ] GC(318)   class space    used 546K, committed 640K, reserved 1048576K
[10.532s][info ][gc            ] GC(318) Pause Young (Prepare Mixed) (G1 Evacuation Pause) 674M->640M(1024M) 20.163ms
[10.532s][info ][gc,cpu        ] GC(318) User=0.17s Sys=0.00s Real=0.02s
[10.532s][info ][safepoint     ] Safepoint "G1CollectForAllocation", Time since last: 18667300 ns, Reaching safepoint: 6200 ns, Cleanup: 5900 ns, At safepoint: 20284601 ns, Total: 20296701 ns
[10.537s][debug][gc,heap       ] GC(319) Heap before GC invocations=319 (full 0):
[10.537s][debug][gc,heap       ] GC(319)  garbage-first heap   total 1048576K, used 689352K [0x00000000c0000000, 0x0000000100000000)
[10.537s][debug][gc,heap       ] GC(319)   region size 1024K, 51 young (52224K), 17 survivors (17408K)
[10.537s][debug][gc,heap       ] GC(319)  Metaspace       used 6341K, committed 6464K, reserved 1114112K
[10.537s][debug][gc,heap       ] GC(319)   class space    used 546K, committed 640K, reserved 1048576K
[10.537s][info ][gc,start      ] GC(319) Pause Young (Mixed) (G1 Evacuation Pause)
[10.537s][info ][gc,task       ] GC(319) Using 10 workers of 10 for evacuation
[10.537s][trace][gc,ergo,cset  ] GC(319) Start choosing CSet. Pending cards: 35 target pause time: 200.00ms
[10.537s][trace][gc,ergo,cset  ] GC(319) Added young regions to CSet. Eden: 34 regions, Survivors: 17 regions, predicted eden time: 6.16ms, predicted base time: 1.71ms, target pause time: 200.00ms, remaining time: 192.13ms
[10.538s][debug][gc,ergo,cset  ] GC(319) Start adding old regions to collection set. Min 41 regions, max 103 regions, time remaining 192.13ms, optional threshold 38.43ms
[10.538s][debug][gc,ergo,cset  ] GC(319) Finish adding old regions to collection set (Maximum number of regions). Initial 103 regions, optional 0 regions
[10.538s][debug][gc,ergo,cset  ] GC(319) Finish choosing collection set old regions. Initial: 103, optional: 0, predicted old time: 0.00ms, predicted optional time: 0.00ms, time remaining: 189.17
[10.538s][debug][gc,ergo       ] GC(319) Running G1 Merge Heap Roots using 10 workers for 154 regions
[10.548s][debug][gc,ergo       ] GC(319) Running G1 Rebuild Free List Task using 10 workers for rebuilding free list of regions
[10.548s][debug][gc,ergo,heap  ] GC(319) Heap expansion: short term pause time ratio 51.44% long term pause time ratio 55.50% threshold 7.69% pause time ratio 7.69% fully expanded true resize by 0B
[10.548s][debug][gc,ergo,refine] GC(319) Concurrent refinement times: Logged Cards Scan time goal: 20.00ms Logged Cards Scan time: 0.03ms HCC time: 0.00ms
[10.548s][trace][gc,ergo,refine] GC(319) Updating Refinement Zones: logged cards scan time: 0.030ms, processed cards: 16, goal time: 19.999ms
[10.548s][debug][gc,ergo,refine] GC(319) Updated Refinement Zones: green: 2560, yellow: 7680, red: 12800
[10.548s][info ][gc,phases     ] GC(319)   Pre Evacuate Collection Set: 0.6ms
[10.548s][info ][gc,phases     ] GC(319)   Merge Heap Roots: 0.2ms
[10.548s][info ][gc,phases     ] GC(319)   Evacuate Collection Set: 9.2ms
[10.548s][info ][gc,phases     ] GC(319)   Post Evacuate Collection Set: 0.9ms
[10.548s][info ][gc,phases     ] GC(319)   Other: 0.4ms
[10.548s][info ][gc,heap       ] GC(319) Eden regions: 34->0(44)
[10.548s][info ][gc,heap       ] GC(319) Survivor regions: 17->7(7)
[10.548s][info ][gc,heap       ] GC(319) Old regions: 624->563
[10.548s][info ][gc,heap       ] GC(319) Archive regions: 0->0
[10.548s][info ][gc,heap       ] GC(319) Humongous regions: 0->0
[10.548s][info ][gc,metaspace  ] GC(319) Metaspace: 6341K(6464K)->6341K(6464K) NonClass: 5794K(5824K)->5794K(5824K) Class: 546K(640K)->546K(640K)
[10.548s][debug][gc,heap       ] GC(319) Heap after GC invocations=320 (full 0):
[10.548s][debug][gc,heap       ] GC(319)  garbage-first heap   total 1048576K, used 582756K [0x00000000c0000000, 0x0000000100000000)
[10.548s][debug][gc,heap       ] GC(319)   region size 1024K, 7 young (7168K), 7 survivors (7168K)
[10.548s][debug][gc,heap       ] GC(319)  Metaspace       used 6341K, committed 6464K, reserved 1114112K
[10.548s][debug][gc,heap       ] GC(319)   class space    used 546K, committed 640K, reserved 1048576K
[10.548s][info ][gc            ] GC(319) Pause Young (Mixed) (G1 Evacuation Pause) 674M->569M(1024M) 11.097ms
[10.548s][info ][gc,cpu        ] GC(319) User=0.08s Sys=0.00s Real=0.01s
[10.548s][info ][safepoint     ] Safepoint "G1CollectForAllocation", Time since last: 5291600 ns, Reaching safepoint: 7400 ns, Cleanup: 8100 ns, At safepoint: 11329501 ns, Total: 11345001 ns
[10.554s][debug][gc,heap       ] GC(320) Heap before GC invocations=320 (full 0):
[10.554s][debug][gc,heap       ] GC(320)  garbage-first heap   total 1048576K, used 626788K [0x00000000c0000000, 0x0000000100000000)
[10.554s][debug][gc,heap       ] GC(320)   region size 1024K, 51 young (52224K), 7 survivors (7168K)
[10.554s][debug][gc,heap       ] GC(320)  Metaspace       used 6341K, committed 6464K, reserved 1114112K
[10.554s][debug][gc,heap       ] GC(320)   class space    used 546K, committed 640K, reserved 1048576K
[10.554s][info ][gc,start      ] GC(320) Pause Young (Mixed) (G1 Evacuation Pause)
[10.554s][info ][gc,task       ] GC(320) Using 10 workers of 10 for evacuation
[10.554s][trace][gc,ergo,cset  ] GC(320) Start choosing CSet. Pending cards: 56 target pause time: 200.00ms
[10.554s][trace][gc,ergo,cset  ] GC(320) Added young regions to CSet. Eden: 44 regions, Survivors: 7 regions, predicted eden time: 7.65ms, predicted base time: 1.78ms, target pause time: 200.00ms, remaining time: 190.56ms
[10.554s][debug][gc,ergo,cset  ] GC(320) Start adding old regions to collection set. Min 41 regions, max 103 regions, time remaining 190.56ms, optional threshold 38.11ms
[10.555s][debug][gc,ergo,cset  ] GC(320) Finish adding old regions to collection set (Maximum number of regions). Initial 103 regions, optional 0 regions
[10.555s][debug][gc,ergo,cset  ] GC(320) Finish choosing collection set old regions. Initial: 103, optional: 0, predicted old time: 0.00ms, predicted optional time: 0.00ms, time remaining: 186.61
[10.555s][debug][gc,ergo       ] GC(320) Running G1 Merge Heap Roots using 10 workers for 154 regions
[10.565s][debug][gc,ergo       ] GC(320) Running G1 Rebuild Free List Task using 10 workers for rebuilding free list of regions
[10.565s][debug][gc,ergo,heap  ] GC(320) Heap expansion: short term pause time ratio 65.31% long term pause time ratio 57.45% threshold 7.69% pause time ratio 7.69% fully expanded true resize by 0B
[10.565s][debug][gc,ergo,refine] GC(320) Concurrent refinement times: Logged Cards Scan time goal: 20.00ms Logged Cards Scan time: 0.05ms HCC time: 0.00ms
[10.565s][trace][gc,ergo,refine] GC(320) Updating Refinement Zones: logged cards scan time: 0.047ms, processed cards: 36, goal time: 19.999ms
[10.565s][debug][gc,ergo,refine] GC(320) Updated Refinement Zones: green: 2560, yellow: 7680, red: 12800
[10.565s][info ][gc,phases     ] GC(320)   Pre Evacuate Collection Set: 0.3ms
[10.565s][info ][gc,phases     ] GC(320)   Merge Heap Roots: 0.2ms
[10.565s][info ][gc,phases     ] GC(320)   Evacuate Collection Set: 9.1ms
[10.565s][info ][gc,phases     ] GC(320)   Post Evacuate Collection Set: 0.7ms
[10.565s][info ][gc,phases     ] GC(320)   Other: 0.2ms
[10.565s][info ][gc,heap       ] GC(320) Eden regions: 44->0(44)
[10.565s][info ][gc,heap       ] GC(320) Survivor regions: 7->7(7)
[10.565s][info ][gc,heap       ] GC(320) Old regions: 563->501
[10.565s][info ][gc,heap       ] GC(320) Archive regions: 0->0
[10.565s][info ][gc,heap       ] GC(320) Humongous regions: 0->0
[10.565s][info ][gc,metaspace  ] GC(320) Metaspace: 6341K(6464K)->6341K(6464K) NonClass: 5794K(5824K)->5794K(5824K) Class: 546K(640K)->546K(640K)
[10.565s][debug][gc,heap       ] GC(320) Heap after GC invocations=321 (full 0):
[10.565s][debug][gc,heap       ] GC(320)  garbage-first heap   total 1048576K, used 519868K [0x00000000c0000000, 0x0000000100000000)
[10.565s][debug][gc,heap       ] GC(320)   region size 1024K, 7 young (7168K), 7 survivors (7168K)
[10.565s][debug][gc,heap       ] GC(320)  Metaspace       used 6341K, committed 6464K, reserved 1114112K
[10.565s][debug][gc,heap       ] GC(320)   class space    used 546K, committed 640K, reserved 1048576K
[10.565s][info ][gc            ] GC(320) Pause Young (Mixed) (G1 Evacuation Pause) 613M->507M(1024M) 10.481ms
[10.565s][info ][gc,cpu        ] GC(320) User=0.09s Sys=0.00s Real=0.01s
[10.565s][info ][safepoint     ] Safepoint "G1CollectForAllocation", Time since last: 5836100 ns, Reaching safepoint: 5500 ns, Cleanup: 6400 ns, At safepoint: 10618500 ns, Total: 10630400 ns
[10.571s][debug][gc,heap       ] GC(321) Heap before GC invocations=321 (full 0):
[10.571s][debug][gc,heap       ] GC(321)  garbage-first heap   total 1048576K, used 563900K [0x00000000c0000000, 0x0000000100000000)
[10.571s][debug][gc,heap       ] GC(321)   region size 1024K, 51 young (52224K), 7 survivors (7168K)
[10.571s][debug][gc,heap       ] GC(321)  Metaspace       used 6341K, committed 6464K, reserved 1114112K
[10.571s][debug][gc,heap       ] GC(321)   class space    used 546K, committed 640K, reserved 1048576K
[10.571s][info ][gc,start      ] GC(321) Pause Young (Mixed) (G1 Evacuation Pause)
[10.571s][info ][gc,task       ] GC(321) Using 10 workers of 10 for evacuation
[10.571s][trace][gc,ergo,cset  ] GC(321) Start choosing CSet. Pending cards: 78 target pause time: 200.00ms
[10.571s][trace][gc,ergo,cset  ] GC(321) Added young regions to CSet. Eden: 44 regions, Survivors: 7 regions, predicted eden time: 7.58ms, predicted base time: 1.62ms, target pause time: 200.00ms, remaining time: 190.80ms
[10.571s][debug][gc,ergo,cset  ] GC(321) Start adding old regions to collection set. Min 41 regions, max 103 regions, time remaining 190.80ms, optional threshold 38.16ms
[10.571s][debug][gc,ergo,cset  ] GC(321) Finish adding old regions to collection set (Maximum number of regions). Initial 103 regions, optional 0 regions
[10.571s][debug][gc,ergo,cset  ] GC(321) Finish choosing collection set old regions. Initial: 103, optional: 0, predicted old time: 0.00ms, predicted optional time: 0.00ms, time remaining: 184.27
[10.571s][debug][gc,ergo       ] GC(321) Running G1 Merge Heap Roots using 10 workers for 154 regions
[10.582s][debug][gc,ergo       ] GC(321) Running G1 Rebuild Free List Task using 10 workers for rebuilding free list of regions
[10.582s][debug][gc,ergo,heap  ] GC(321) Heap expansion: short term pause time ratio 62.63% long term pause time ratio 58.16% threshold 7.69% pause time ratio 7.69% fully expanded true resize by 0B
[10.582s][debug][gc,ergo,refine] GC(321) Concurrent refinement times: Logged Cards Scan time goal: 20.00ms Logged Cards Scan time: 0.02ms HCC time: 0.00ms
[10.582s][trace][gc,ergo,refine] GC(321) Updating Refinement Zones: logged cards scan time: 0.023ms, processed cards: 47, goal time: 19.998ms
[10.582s][debug][gc,ergo,refine] GC(321) Updated Refinement Zones: green: 2560, yellow: 7680, red: 12800
[10.582s][info ][gc,phases     ] GC(321)   Pre Evacuate Collection Set: 0.4ms
[10.582s][info ][gc,phases     ] GC(321)   Merge Heap Roots: 0.7ms
[10.582s][info ][gc,phases     ] GC(321)   Evacuate Collection Set: 9.6ms
[10.582s][info ][gc,phases     ] GC(321)   Post Evacuate Collection Set: 0.7ms
[10.583s][info ][gc,phases     ] GC(321)   Other: 0.2ms
[10.583s][info ][gc,heap       ] GC(321) Eden regions: 44->0(44)
[10.583s][info ][gc,heap       ] GC(321) Survivor regions: 7->7(7)
[10.583s][info ][gc,heap       ] GC(321) Old regions: 501->443
[10.583s][info ][gc,heap       ] GC(321) Archive regions: 0->0
[10.583s][info ][gc,heap       ] GC(321) Humongous regions: 0->0
[10.583s][info ][gc,metaspace  ] GC(321) Metaspace: 6341K(6464K)->6341K(6464K) NonClass: 5794K(5824K)->5794K(5824K) Class: 546K(640K)->546K(640K)
[10.583s][debug][gc,heap       ] GC(321) Heap after GC invocations=322 (full 0):
[10.583s][debug][gc,heap       ] GC(321)  garbage-first heap   total 1048576K, used 460776K [0x00000000c0000000, 0x0000000100000000)
[10.583s][debug][gc,heap       ] GC(321)   region size 1024K, 7 young (7168K), 7 survivors (7168K)
[10.583s][debug][gc,heap       ] GC(321)  Metaspace       used 6341K, committed 6464K, reserved 1114112K
[10.583s][debug][gc,heap       ] GC(321)   class space    used 546K, committed 640K, reserved 1048576K
[10.583s][info ][gc            ] GC(321) Pause Young (Mixed) (G1 Evacuation Pause) 551M->449M(1024M) 11.584ms
[10.583s][info ][gc,cpu        ] GC(321) User=0.09s Sys=0.00s Real=0.01s
[10.583s][info ][safepoint     ] Safepoint "G1CollectForAllocation", Time since last: 5908800 ns, Reaching safepoint: 8000 ns, Cleanup: 9500 ns, At safepoint: 11730801 ns, Total: 11748301 ns
[10.588s][debug][gc,heap       ] GC(322) Heap before GC invocations=322 (full 0):
[10.588s][debug][gc,heap       ] GC(322)  garbage-first heap   total 1048576K, used 504808K [0x00000000c0000000, 0x0000000100000000)
[10.588s][debug][gc,heap       ] GC(322)   region size 1024K, 51 young (52224K), 7 survivors (7168K)
[10.588s][debug][gc,heap       ] GC(322)  Metaspace       used 6341K, committed 6464K, reserved 1114112K
[10.588s][debug][gc,heap       ] GC(322)   class space    used 546K, committed 640K, reserved 1048576K
[10.588s][info ][gc,start      ] GC(322) Pause Young (Mixed) (G1 Evacuation Pause)
[10.588s][info ][gc,task       ] GC(322) Using 10 workers of 10 for evacuation
[10.588s][trace][gc,ergo,cset  ] GC(322) Start choosing CSet. Pending cards: 37 target pause time: 200.00ms
[10.588s][trace][gc,ergo,cset  ] GC(322) Added young regions to CSet. Eden: 44 regions, Survivors: 7 regions, predicted eden time: 7.51ms, predicted base time: 1.69ms, target pause time: 200.00ms, remaining time: 190.81ms
[10.588s][debug][gc,ergo,cset  ] GC(322) Start adding old regions to collection set. Min 41 regions, max 103 regions, time remaining 190.81ms, optional threshold 38.16ms
[10.588s][debug][gc,ergo,cset  ] GC(322) Old candidate collection set empty.
[10.588s][debug][gc,ergo,cset  ] GC(322) Finish choosing collection set old regions. Initial: 17, optional: 0, predicted old time: 0.00ms, predicted optional time: 0.00ms, time remaining: 189.46
[10.589s][debug][gc,ergo       ] GC(322) Running G1 Merge Heap Roots using 10 workers for 68 regions
[10.607s][debug][gc,ergo       ] GC(322) Running G1 Rebuild Free List Task using 10 workers for rebuilding free list of regions
[10.607s][debug][gc,ergo,heap  ] GC(322) Heap expansion: short term pause time ratio 64.60% long term pause time ratio 57.83% threshold 7.69% pause time ratio 7.69% fully expanded true resize by 0B
[10.607s][debug][gc,ergo       ] GC(322) do not continue mixed GCs (candidate old regions not available)
[10.607s][debug][gc,ergo,refine] GC(322) Concurrent refinement times: Logged Cards Scan time goal: 20.00ms Logged Cards Scan time: 0.02ms HCC time: 0.00ms
[10.607s][trace][gc,ergo,refine] GC(322) Updating Refinement Zones: logged cards scan time: 0.016ms, processed cards: 22, goal time: 19.999ms
[10.607s][debug][gc,ergo,refine] GC(322) Updated Refinement Zones: green: 2560, yellow: 7680, red: 12800
[10.607s][info ][gc,phases     ] GC(322)   Pre Evacuate Collection Set: 0.3ms
[10.607s][info ][gc,phases     ] GC(322)   Merge Heap Roots: 0.2ms
[10.607s][info ][gc,phases     ] GC(322)   Evacuate Collection Set: 17.2ms
[10.607s][info ][gc,phases     ] GC(322)   Post Evacuate Collection Set: 0.8ms
[10.607s][info ][gc,phases     ] GC(322)   Other: 0.2ms
[10.607s][info ][gc,heap       ] GC(322) Eden regions: 44->0(154)
[10.607s][info ][gc,heap       ] GC(322) Survivor regions: 7->7(7)
[10.607s][info ][gc,heap       ] GC(322) Old regions: 443->466
[10.607s][info ][gc,heap       ] GC(322) Archive regions: 0->0
[10.607s][info ][gc,heap       ] GC(322) Humongous regions: 0->0
[10.607s][info ][gc,metaspace  ] GC(322) Metaspace: 6341K(6464K)->6341K(6464K) NonClass: 5794K(5824K)->5794K(5824K) Class: 546K(640K)->546K(640K)
[10.607s][debug][gc,heap       ] GC(322) Heap after GC invocations=323 (full 0):
[10.607s][debug][gc,heap       ] GC(322)  garbage-first heap   total 1048576K, used 484128K [0x00000000c0000000, 0x0000000100000000)
[10.607s][debug][gc,heap       ] GC(322)   region size 1024K, 7 young (7168K), 7 survivors (7168K)
[10.607s][debug][gc,heap       ] GC(322)  Metaspace       used 6341K, committed 6464K, reserved 1114112K
[10.607s][debug][gc,heap       ] GC(322)   class space    used 546K, committed 640K, reserved 1048576K
[10.607s][info ][gc            ] GC(322) Pause Young (Mixed) (G1 Evacuation Pause) 493M->472M(1024M) 18.736ms
[10.607s][info ][gc,cpu        ] GC(322) User=0.09s Sys=0.00s Real=0.02s
[10.607s][info ][safepoint     ] Safepoint "G1CollectForAllocation", Time since last: 5638800 ns, Reaching safepoint: 5300 ns, Cleanup: 5200 ns, At safepoint: 18896201 ns, Total: 18906701 ns
[10.638s][debug][gc,heap       ] GC(323) Heap before GC invocations=323 (full 0):
[10.638s][debug][gc,heap       ] GC(323)  garbage-first heap   total 1048576K, used 640800K [0x00000000c0000000, 0x0000000100000000)
[10.638s][debug][gc,heap       ] GC(323)   region size 1024K, 161 young (164864K), 7 survivors (7168K)
[10.638s][debug][gc,heap       ] GC(323)  Metaspace       used 6341K, committed 6464K, reserved 1114112K
[10.638s][debug][gc,heap       ] GC(323)   class space    used 546K, committed 640K, reserved 1048576K
[10.638s][info ][gc,start      ] GC(323) Pause Young (Normal) (G1 Evacuation Pause)
[10.638s][info ][gc,task       ] GC(323) Using 10 workers of 10 for evacuation
[10.638s][trace][gc,ergo,cset  ] GC(323) Start choosing CSet. Pending cards: 29 target pause time: 200.00ms
[10.638s][trace][gc,ergo,cset  ] GC(323) Added young regions to CSet. Eden: 154 regions, Survivors: 7 regions, predicted eden time: 24.17ms, predicted base time: 1.42ms, target pause time: 200.00ms, remaining time: 174.41ms
[10.638s][debug][gc,ergo       ] GC(323) Running G1 Merge Heap Roots using 10 workers for 161 regions
[10.660s][debug][gc,ergo       ] GC(323) Running G1 Rebuild Free List Task using 10 workers for rebuilding free list of regions
[10.660s][debug][gc,ergo,heap  ] GC(323) Heap expansion: short term pause time ratio 75.75% long term pause time ratio 60.12% threshold 7.69% pause time ratio 7.69% fully expanded true resize by 0B
[10.660s][debug][gc,ergo,refine] GC(323) Concurrent refinement times: Logged Cards Scan time goal: 20.00ms Logged Cards Scan time: 0.03ms HCC time: 0.00ms
[10.660s][trace][gc,ergo,refine] GC(323) Updating Refinement Zones: logged cards scan time: 0.035ms, processed cards: 17, goal time: 19.999ms
[10.660s][debug][gc,ergo,refine] GC(323) Updated Refinement Zones: green: 2560, yellow: 7680, red: 12800
[10.660s][info ][gc,phases     ] GC(323)   Pre Evacuate Collection Set: 0.3ms
[10.660s][info ][gc,phases     ] GC(323)   Merge Heap Roots: 0.2ms
[10.660s][info ][gc,phases     ] GC(323)   Evacuate Collection Set: 21.1ms
[10.660s][info ][gc,phases     ] GC(323)   Post Evacuate Collection Set: 0.9ms
[10.660s][info ][gc,phases     ] GC(323)   Other: 0.3ms
[10.660s][info ][gc,heap       ] GC(323) Eden regions: 154->0(120)
[10.660s][info ][gc,heap       ] GC(323) Survivor regions: 7->21(21)
[10.660s][info ][gc,heap       ] GC(323) Old regions: 466->556
[10.660s][info ][gc,heap       ] GC(323) Archive regions: 0->0
[10.660s][info ][gc,heap       ] GC(323) Humongous regions: 0->0
[10.660s][info ][gc,metaspace  ] GC(323) Metaspace: 6341K(6464K)->6341K(6464K) NonClass: 5794K(5824K)->5794K(5824K) Class: 546K(640K)->546K(640K)
[10.660s][debug][gc,heap       ] GC(323) Heap after GC invocations=324 (full 0):
[10.660s][debug][gc,heap       ] GC(323)  garbage-first heap   total 1048576K, used 589924K [0x00000000c0000000, 0x0000000100000000)
[10.660s][debug][gc,heap       ] GC(323)   region size 1024K, 21 young (21504K), 21 survivors (21504K)
[10.660s][debug][gc,heap       ] GC(323)  Metaspace       used 6341K, committed 6464K, reserved 1114112K
[10.660s][debug][gc,heap       ] GC(323)   class space    used 546K, committed 640K, reserved 1048576K
[10.660s][info ][gc            ] GC(323) Pause Young (Normal) (G1 Evacuation Pause) 626M->576M(1024M) 22.575ms
[10.660s][info ][gc,cpu        ] GC(323) User=0.21s Sys=0.00s Real=0.02s
[10.660s][info ][safepoint     ] Safepoint "G1CollectForAllocation", Time since last: 30440001 ns, Reaching safepoint: 16600 ns, Cleanup: 16000 ns, At safepoint: 22833501 ns, Total: 22866101 ns
[10.673s][debug][gc,heap       ] GC(324) Heap before GC invocations=324 (full 0):
[10.673s][debug][gc,heap       ] GC(324)  garbage-first heap   total 1048576K, used 711780K [0x00000000c0000000, 0x0000000100000000)
[10.673s][debug][gc,heap       ] GC(324)   region size 1024K, 141 young (144384K), 21 survivors (21504K)
[10.673s][debug][gc,heap       ] GC(324)  Metaspace       used 6341K, committed 6464K, reserved 1114112K
[10.673s][debug][gc,heap       ] GC(324)   class space    used 546K, committed 640K, reserved 1048576K
[10.673s][info ][gc,start      ] GC(324) Pause Young (Normal) (G1 Evacuation Pause)
[10.673s][info ][gc,task       ] GC(324) Using 10 workers of 10 for evacuation
[10.673s][trace][gc,ergo,cset  ] GC(324) Start choosing CSet. Pending cards: 32 target pause time: 200.00ms
[10.673s][trace][gc,ergo,cset  ] GC(324) Added young regions to CSet. Eden: 120 regions, Survivors: 21 regions, predicted eden time: 18.76ms, predicted base time: 1.35ms, target pause time: 200.00ms, remaining time: 179.89ms
[10.673s][debug][gc,ergo       ] GC(324) Running G1 Merge Heap Roots using 10 workers for 141 regions
[10.693s][debug][gc,ergo       ] GC(324) Running G1 Rebuild Free List Task using 10 workers for rebuilding free list of regions
[10.693s][debug][gc,ergo,heap  ] GC(324) Heap expansion: short term pause time ratio 42.04% long term pause time ratio 55.80% threshold 7.69% pause time ratio 7.69% fully expanded true resize by 0B
[10.693s][debug][gc,ergo,refine] GC(324) Concurrent refinement times: Logged Cards Scan time goal: 20.00ms Logged Cards Scan time: 0.04ms HCC time: 0.00ms
[10.693s][trace][gc,ergo,refine] GC(324) Updating Refinement Zones: logged cards scan time: 0.036ms, processed cards: 11, goal time: 19.999ms
[10.693s][debug][gc,ergo,refine] GC(324) Updated Refinement Zones: green: 2560, yellow: 7680, red: 12800
[10.693s][info ][gc,phases     ] GC(324)   Pre Evacuate Collection Set: 0.4ms
[10.693s][info ][gc,phases     ] GC(324)   Merge Heap Roots: 0.2ms
[10.693s][info ][gc,phases     ] GC(324)   Evacuate Collection Set: 18.9ms
[10.693s][info ][gc,phases     ] GC(324)   Post Evacuate Collection Set: 0.7ms
[10.693s][info ][gc,phases     ] GC(324)   Other: 0.3ms
[10.693s][info ][gc,heap       ] GC(324) Eden regions: 120->0(90)
[10.693s][info ][gc,heap       ] GC(324) Survivor regions: 21->18(18)
[10.693s][info ][gc,heap       ] GC(324) Old regions: 556->639
[10.693s][info ][gc,heap       ] GC(324) Archive regions: 0->0
[10.693s][info ][gc,heap       ] GC(324) Humongous regions: 0->0
[10.693s][info ][gc,metaspace  ] GC(324) Metaspace: 6341K(6464K)->6341K(6464K) NonClass: 5794K(5824K)->5794K(5824K) Class: 546K(640K)->546K(640K)
[10.693s][debug][gc,heap       ] GC(324) Heap after GC invocations=325 (full 0):
[10.693s][debug][gc,heap       ] GC(324)  garbage-first heap   total 1048576K, used 671944K [0x00000000c0000000, 0x0000000100000000)
[10.693s][debug][gc,heap       ] GC(324)   region size 1024K, 18 young (18432K), 18 survivors (18432K)
[10.693s][debug][gc,heap       ] GC(324)  Metaspace       used 6341K, committed 6464K, reserved 1114112K
[10.693s][debug][gc,heap       ] GC(324)   class space    used 546K, committed 640K, reserved 1048576K
[10.693s][info ][gc            ] GC(324) Pause Young (Normal) (G1 Evacuation Pause) 696M->656M(1024M) 20.440ms
[10.693s][info ][gc,cpu        ] GC(324) User=0.16s Sys=0.03s Real=0.03s
[10.693s][info ][safepoint     ] Safepoint "G1CollectForAllocation", Time since last: 12412700 ns, Reaching safepoint: 8700 ns, Cleanup: 8100 ns, At safepoint: 20576601 ns, Total: 20593401 ns
[10.699s][debug][gc,heap       ] GC(325) Heap before GC invocations=325 (full 0):
[10.699s][debug][gc,heap       ] GC(325)  garbage-first heap   total 1048576K, used 763080K [0x00000000c0000000, 0x0000000100000000)
[10.699s][debug][gc,heap       ] GC(325)   region size 1024K, 108 young (110592K), 18 survivors (18432K)
[10.700s][debug][gc,heap       ] GC(325)  Metaspace       used 6341K, committed 6464K, reserved 1114112K
[10.700s][debug][gc,heap       ] GC(325)   class space    used 546K, committed 640K, reserved 1048576K
[10.700s][info ][gc,start      ] GC(325) Pause Young (Normal) (G1 Evacuation Pause)
[10.700s][info ][gc,task       ] GC(325) Using 10 workers of 10 for evacuation
[10.700s][trace][gc,ergo,cset  ] GC(325) Start choosing CSet. Pending cards: 40 target pause time: 200.00ms
[10.700s][trace][gc,ergo,cset  ] GC(325) Added young regions to CSet. Eden: 90 regions, Survivors: 18 regions, predicted eden time: 14.47ms, predicted base time: 1.40ms, target pause time: 200.00ms, remaining time: 184.13ms
[10.700s][debug][gc,ergo       ] GC(325) Running G1 Merge Heap Roots using 10 workers for 108 regions
[10.715s][debug][gc,ergo       ] GC(325) Running G1 Rebuild Free List Task using 10 workers for rebuilding free list of regions
[10.715s][debug][gc,ergo,heap  ] GC(325) Heap expansion: short term pause time ratio 61.46% long term pause time ratio 56.45% threshold 7.69% pause time ratio 7.69% fully expanded true resize by 0B
[10.715s][debug][gc,ergo,refine] GC(325) Concurrent refinement times: Logged Cards Scan time goal: 20.00ms Logged Cards Scan time: 0.05ms HCC time: 0.00ms
[10.715s][trace][gc,ergo,refine] GC(325) Updating Refinement Zones: logged cards scan time: 0.055ms, processed cards: 23, goal time: 20.000ms
[10.715s][debug][gc,ergo,refine] GC(325) Updated Refinement Zones: green: 2560, yellow: 7680, red: 12800
[10.715s][info ][gc,phases     ] GC(325)   Pre Evacuate Collection Set: 0.2ms
[10.715s][info ][gc,phases     ] GC(325)   Merge Heap Roots: 0.2ms
[10.715s][info ][gc,phases     ] GC(325)   Evacuate Collection Set: 14.8ms
[10.715s][info ][gc,phases     ] GC(325)   Post Evacuate Collection Set: 0.6ms
[10.715s][info ][gc,phases     ] GC(325)   Other: 0.2ms
[10.715s][info ][gc,heap       ] GC(325) Eden regions: 90->0(67)
[10.715s][info ][gc,heap       ] GC(325) Survivor regions: 18->14(14)
[10.715s][info ][gc,heap       ] GC(325) Old regions: 639->708
[10.715s][info ][gc,heap       ] GC(325) Archive regions: 0->0
[10.715s][info ][gc,heap       ] GC(325) Humongous regions: 0->0
[10.715s][info ][gc,metaspace  ] GC(325) Metaspace: 6341K(6464K)->6341K(6464K) NonClass: 5794K(5824K)->5794K(5824K) Class: 546K(640K)->546K(640K)
[10.715s][debug][gc,heap       ] GC(325) Heap after GC invocations=326 (full 0):
[10.715s][debug][gc,heap       ] GC(325)  garbage-first heap   total 1048576K, used 738504K [0x00000000c0000000, 0x0000000100000000)
[10.715s][debug][gc,heap       ] GC(325)   region size 1024K, 14 young (14336K), 14 survivors (14336K)
[10.715s][debug][gc,heap       ] GC(325)  Metaspace       used 6341K, committed 6464K, reserved 1114112K
[10.715s][debug][gc,heap       ] GC(325)   class space    used 546K, committed 640K, reserved 1048576K
[10.715s][info ][gc            ] GC(325) Pause Young (Normal) (G1 Evacuation Pause) 746M->721M(1024M) 15.889ms
[10.715s][info ][gc,cpu        ] GC(325) User=0.14s Sys=0.00s Real=0.02s
[10.715s][info ][safepoint     ] Safepoint "G1CollectForAllocation", Time since last: 5996000 ns, Reaching safepoint: 8500 ns, Cleanup: 6100 ns, At safepoint: 15983101 ns, Total: 15997701 ns
[10.722s][debug][gc,heap       ] GC(326) Heap before GC invocations=326 (full 0):
[10.722s][debug][gc,heap       ] GC(326)  garbage-first heap   total 1048576K, used 806088K [0x00000000c0000000, 0x0000000100000000)
[10.722s][debug][gc,heap       ] GC(326)   region size 1024K, 81 young (82944K), 14 survivors (14336K)
[10.722s][debug][gc,heap       ] GC(326)  Metaspace       used 6341K, committed 6464K, reserved 1114112K
[10.722s][debug][gc,heap       ] GC(326)   class space    used 546K, committed 640K, reserved 1048576K
[10.722s][info ][gc,start      ] GC(326) Pause Young (Normal) (G1 Evacuation Pause)
[10.722s][info ][gc,task       ] GC(326) Using 10 workers of 10 for evacuation
[10.722s][trace][gc,ergo,cset  ] GC(326) Start choosing CSet. Pending cards: 38 target pause time: 200.00ms
[10.722s][trace][gc,ergo,cset  ] GC(326) Added young regions to CSet. Eden: 67 regions, Survivors: 14 regions, predicted eden time: 10.97ms, predicted base time: 1.27ms, target pause time: 200.00ms, remaining time: 187.76ms
[10.722s][debug][gc,ergo       ] GC(326) Running G1 Merge Heap Roots using 10 workers for 81 regions
[10.735s][debug][gc,ergo       ] GC(326) Running G1 Rebuild Free List Task using 10 workers for rebuilding free list of regions
[10.735s][debug][gc,ergo,heap  ] GC(326) Heap expansion: short term pause time ratio 71.46% long term pause time ratio 58.91% threshold 7.69% pause time ratio 7.69% fully expanded true resize by 0B
[10.735s][debug][gc,ergo,refine] GC(326) Concurrent refinement times: Logged Cards Scan time goal: 20.00ms Logged Cards Scan time: 0.03ms HCC time: 0.00ms
[10.735s][trace][gc,ergo,refine] GC(326) Updating Refinement Zones: logged cards scan time: 0.033ms, processed cards: 21, goal time: 19.999ms
[10.735s][debug][gc,ergo,refine] GC(326) Updated Refinement Zones: green: 2560, yellow: 7680, red: 12800
[10.735s][info ][gc,phases     ] GC(326)   Pre Evacuate Collection Set: 0.3ms
[10.735s][info ][gc,phases     ] GC(326)   Merge Heap Roots: 0.2ms
[10.735s][info ][gc,phases     ] GC(326)   Evacuate Collection Set: 11.9ms
[10.735s][info ][gc,phases     ] GC(326)   Post Evacuate Collection Set: 0.5ms
[10.735s][info ][gc,phases     ] GC(326)   Other: 0.2ms
[10.735s][info ][gc,heap       ] GC(326) Eden regions: 67->0(48)
[10.735s][info ][gc,heap       ] GC(326) Survivor regions: 14->11(11)
[10.735s][info ][gc,heap       ] GC(326) Old regions: 708->764
[10.735s][info ][gc,heap       ] GC(326) Archive regions: 0->0
[10.735s][info ][gc,heap       ] GC(326) Humongous regions: 0->0
[10.735s][info ][gc,metaspace  ] GC(326) Metaspace: 6341K(6464K)->6341K(6464K) NonClass: 5794K(5824K)->5794K(5824K) Class: 546K(640K)->546K(640K)
[10.735s][debug][gc,heap       ] GC(326) Heap after GC invocations=327 (full 0):
[10.735s][debug][gc,heap       ] GC(326)  garbage-first heap   total 1048576K, used 792776K [0x00000000c0000000, 0x0000000100000000)
[10.735s][debug][gc,heap       ] GC(326)   region size 1024K, 11 young (11264K), 11 survivors (11264K)
[10.735s][debug][gc,heap       ] GC(326)  Metaspace       used 6341K, committed 6464K, reserved 1114112K
[10.735s][debug][gc,heap       ] GC(326)   class space    used 546K, committed 640K, reserved 1048576K
[10.735s][info ][gc            ] GC(326) Pause Young (Normal) (G1 Evacuation Pause) 788M->774M(1024M) 13.026ms
[10.735s][info ][gc,cpu        ] GC(326) User=0.12s Sys=0.00s Real=0.02s
[10.735s][info ][safepoint     ] Safepoint "G1CollectForAllocation", Time since last: 6366100 ns, Reaching safepoint: 6700 ns, Cleanup: 8200 ns, At safepoint: 13155100 ns, Total: 13170000 ns
[10.741s][debug][gc,heap       ] GC(327) Heap before GC invocations=327 (full 0):
[10.741s][debug][gc,heap       ] GC(327)  garbage-first heap   total 1048576K, used 840904K [0x00000000c0000000, 0x0000000100000000)
[10.741s][debug][gc,heap       ] GC(327)   region size 1024K, 59 young (60416K), 11 survivors (11264K)
[10.741s][debug][gc,heap       ] GC(327)  Metaspace       used 6341K, committed 6464K, reserved 1114112K
[10.741s][debug][gc,heap       ] GC(327)   class space    used 546K, committed 640K, reserved 1048576K
[10.742s][info ][gc,start      ] GC(327) Pause Young (Normal) (G1 Evacuation Pause)
[10.742s][info ][gc,task       ] GC(327) Using 10 workers of 10 for evacuation
[10.742s][trace][gc,ergo,cset  ] GC(327) Start choosing CSet. Pending cards: 33 target pause time: 200.00ms
[10.742s][trace][gc,ergo,cset  ] GC(327) Added young regions to CSet. Eden: 48 regions, Survivors: 11 regions, predicted eden time: 8.04ms, predicted base time: 1.16ms, target pause time: 200.00ms, remaining time: 190.79ms
[10.742s][debug][gc,ergo       ] GC(327) Running G1 Merge Heap Roots using 10 workers for 59 regions
[10.752s][debug][gc,ergo       ] GC(327) Running G1 Rebuild Free List Task using 10 workers for rebuilding free list of regions
[10.752s][debug][gc,ergo,heap  ] GC(327) Heap expansion: short term pause time ratio 65.95% long term pause time ratio 58.37% threshold 7.69% pause time ratio 7.69% fully expanded true resize by 0B
[10.752s][debug][gc,ergo,refine] GC(327) Concurrent refinement times: Logged Cards Scan time goal: 20.00ms Logged Cards Scan time: 0.02ms HCC time: 0.00ms
[10.752s][trace][gc,ergo,refine] GC(327) Updating Refinement Zones: logged cards scan time: 0.017ms, processed cards: 24, goal time: 20.000ms
[10.752s][debug][gc,ergo,refine] GC(327) Updated Refinement Zones: green: 2560, yellow: 7680, red: 12800
[10.752s][info ][gc,phases     ] GC(327)   Pre Evacuate Collection Set: 0.2ms
[10.752s][info ][gc,phases     ] GC(327)   Merge Heap Roots: 0.2ms
[10.752s][info ][gc,phases     ] GC(327)   Evacuate Collection Set: 9.8ms
[10.752s][info ][gc,phases     ] GC(327)   Post Evacuate Collection Set: 0.5ms
[10.752s][info ][gc,phases     ] GC(327)   Other: 0.2ms
[10.752s][info ][gc,heap       ] GC(327) Eden regions: 48->0(43)
[10.752s][info ][gc,heap       ] GC(327) Survivor regions: 11->8(8)
[10.752s][info ][gc,heap       ] GC(327) Old regions: 764->808
[10.752s][info ][gc,heap       ] GC(327) Archive regions: 0->0
[10.752s][info ][gc,heap       ] GC(327) Humongous regions: 0->0
[10.752s][info ][gc,metaspace  ] GC(327) Metaspace: 6341K(6464K)->6341K(6464K) NonClass: 5794K(5824K)->5794K(5824K) Class: 546K(640K)->546K(640K)
[10.752s][debug][gc,heap       ] GC(327) Heap after GC invocations=328 (full 0):
[10.752s][debug][gc,heap       ] GC(327)  garbage-first heap   total 1048576K, used 835060K [0x00000000c0000000, 0x0000000100000000)
[10.752s][debug][gc,heap       ] GC(327)   region size 1024K, 8 young (8192K), 8 survivors (8192K)
[10.752s][debug][gc,heap       ] GC(327)  Metaspace       used 6341K, committed 6464K, reserved 1114112K
[10.752s][debug][gc,heap       ] GC(327)   class space    used 546K, committed 640K, reserved 1048576K
[10.752s][info ][gc            ] GC(327) Pause Young (Normal) (G1 Evacuation Pause) 822M->815M(1024M) 10.859ms
[10.752s][info ][gc,cpu        ] GC(327) User=0.10s Sys=0.00s Real=0.01s
[10.752s][info ][safepoint     ] Safepoint "G1CollectForAllocation", Time since last: 6440201 ns, Reaching safepoint: 7300 ns, Cleanup: 7900 ns, At safepoint: 10973500 ns, Total: 10988700 ns
[10.756s][debug][gc,heap       ] GC(328) Heap before GC invocations=328 (full 0):
[10.756s][debug][gc,heap       ] GC(328)  garbage-first heap   total 1048576K, used 878068K [0x00000000c0000000, 0x0000000100000000)
[10.756s][debug][gc,heap       ] GC(328)   region size 1024K, 51 young (52224K), 8 survivors (8192K)
[10.756s][debug][gc,heap       ] GC(328)  Metaspace       used 6341K, committed 6464K, reserved 1114112K
[10.756s][debug][gc,heap       ] GC(328)   class space    used 546K, committed 640K, reserved 1048576K
[10.756s][info ][gc,start      ] GC(328) Pause Young (Normal) (G1 Evacuation Pause)
[10.756s][info ][gc,task       ] GC(328) Using 10 workers of 10 for evacuation
[10.756s][trace][gc,ergo,cset  ] GC(328) Start choosing CSet. Pending cards: 32 target pause time: 200.00ms
[10.756s][trace][gc,ergo,cset  ] GC(328) Added young regions to CSet. Eden: 43 regions, Survivors: 8 regions, predicted eden time: 7.37ms, predicted base time: 1.07ms, target pause time: 200.00ms, remaining time: 191.56ms
[10.756s][debug][gc,ergo       ] GC(328) Running G1 Merge Heap Roots using 10 workers for 51 regions
[10.765s][debug][gc,ergo       ] GC(328) Running G1 Rebuild Free List Task using 10 workers for rebuilding free list of regions
[10.765s][debug][gc,ergo,heap  ] GC(328) Heap expansion: short term pause time ratio 61.66% long term pause time ratio 59.06% threshold 7.69% pause time ratio 7.69% fully expanded true resize by 0B
[10.765s][debug][gc,ergo,ihop  ] GC(328) Request concurrent cycle initiation (occupancy higher than threshold) occupancy: 887095296B allocation request: 0B threshold: 859199938B (80.02) source: end of GC
[10.765s][debug][gc,ergo,refine] GC(328) Concurrent refinement times: Logged Cards Scan time goal: 20.00ms Logged Cards Scan time: 0.02ms HCC time: 0.00ms
[10.765s][trace][gc,ergo,refine] GC(328) Updating Refinement Zones: logged cards scan time: 0.023ms, processed cards: 23, goal time: 20.000ms
[10.765s][debug][gc,ergo,refine] GC(328) Updated Refinement Zones: green: 2560, yellow: 7680, red: 12800
[10.766s][info ][gc,phases     ] GC(328)   Pre Evacuate Collection Set: 0.3ms
[10.766s][info ][gc,phases     ] GC(328)   Merge Heap Roots: 0.2ms
[10.766s][info ][gc,phases     ] GC(328)   Evacuate Collection Set: 8.6ms
[10.766s][info ][gc,phases     ] GC(328)   Post Evacuate Collection Set: 0.7ms
[10.766s][info ][gc,phases     ] GC(328)   Other: 0.2ms
[10.766s][info ][gc,heap       ] GC(328) Eden regions: 43->0(44)
[10.766s][info ][gc,heap       ] GC(328) Survivor regions: 8->7(7)
[10.766s][info ][gc,heap       ] GC(328) Old regions: 808->846
[10.766s][info ][gc,heap       ] GC(328) Archive regions: 0->0
[10.766s][info ][gc,heap       ] GC(328) Humongous regions: 0->0
[10.766s][info ][gc,metaspace  ] GC(328) Metaspace: 6341K(6464K)->6341K(6464K) NonClass: 5794K(5824K)->5794K(5824K) Class: 546K(640K)->546K(640K)
[10.766s][debug][gc,heap       ] GC(328) Heap after GC invocations=329 (full 0):
[10.766s][debug][gc,heap       ] GC(328)  garbage-first heap   total 1048576K, used 873348K [0x00000000c0000000, 0x0000000100000000)
[10.766s][debug][gc,heap       ] GC(328)   region size 1024K, 7 young (7168K), 7 survivors (7168K)
[10.766s][debug][gc,heap       ] GC(328)  Metaspace       used 6341K, committed 6464K, reserved 1114112K
[10.766s][debug][gc,heap       ] GC(328)   class space    used 546K, committed 640K, reserved 1048576K
[10.766s][info ][gc            ] GC(328) Pause Young (Normal) (G1 Evacuation Pause) 858M->852M(1024M) 9.901ms
[10.766s][info ][gc,cpu        ] GC(328) User=0.09s Sys=0.00s Real=0.01s
[10.766s][info ][safepoint     ] Safepoint "G1CollectForAllocation", Time since last: 3167300 ns, Reaching safepoint: 7000 ns, Cleanup: 5900 ns, At safepoint: 10017000 ns, Total: 10029900 ns
[10.771s][debug][gc,heap       ] GC(329) Heap before GC invocations=329 (full 0):
[10.771s][debug][gc,heap       ] GC(329)  garbage-first heap   total 1048576K, used 917380K [0x00000000c0000000, 0x0000000100000000)
[10.771s][debug][gc,heap       ] GC(329)   region size 1024K, 51 young (52224K), 7 survivors (7168K)
[10.771s][debug][gc,heap       ] GC(329)  Metaspace       used 6341K, committed 6464K, reserved 1114112K
[10.771s][debug][gc,heap       ] GC(329)   class space    used 546K, committed 640K, reserved 1048576K
[10.771s][debug][gc,ergo       ] GC(329) Initiate concurrent cycle (concurrent cycle initiation requested)
[10.771s][info ][gc,start      ] GC(329) Pause Young (Concurrent Start) (G1 Evacuation Pause)
[10.771s][info ][gc,task       ] GC(329) Using 10 workers of 10 for evacuation
[10.771s][trace][gc,ergo,cset  ] GC(329) Start choosing CSet. Pending cards: 32 target pause time: 200.00ms
[10.771s][trace][gc,ergo,cset  ] GC(329) Added young regions to CSet. Eden: 44 regions, Survivors: 7 regions, predicted eden time: 7.54ms, predicted base time: 1.05ms, target pause time: 200.00ms, remaining time: 191.41ms
[10.771s][debug][gc,ergo       ] GC(329) Running G1 Merge Heap Roots using 10 workers for 51 regions
[10.780s][debug][gc,ergo       ] GC(329) Running G1 Rebuild Free List Task using 10 workers for rebuilding free list of regions
[10.780s][debug][gc,ergo,heap  ] GC(329) Heap expansion: short term pause time ratio 74.12% long term pause time ratio 61.17% threshold 7.69% pause time ratio 7.69% fully expanded true resize by 0B
[10.780s][debug][gc,ergo,refine] GC(329) Concurrent refinement times: Logged Cards Scan time goal: 20.00ms Logged Cards Scan time: 0.02ms HCC time: 0.00ms
[10.780s][trace][gc,ergo,refine] GC(329) Updating Refinement Zones: logged cards scan time: 0.020ms, processed cards: 15, goal time: 19.999ms
[10.780s][debug][gc,ergo,refine] GC(329) Updated Refinement Zones: green: 2560, yellow: 7680, red: 12800
[10.780s][info ][gc,phases     ] GC(329)   Pre Evacuate Collection Set: 0.3ms
[10.780s][info ][gc,phases     ] GC(329)   Merge Heap Roots: 0.2ms
[10.780s][info ][gc,phases     ] GC(329)   Evacuate Collection Set: 7.9ms
[10.780s][info ][gc,phases     ] GC(329)   Post Evacuate Collection Set: 0.6ms
[10.780s][info ][gc,phases     ] GC(329)   Other: 0.3ms
[10.780s][info ][gc,heap       ] GC(329) Eden regions: 44->0(44)
[10.780s][info ][gc,heap       ] GC(329) Survivor regions: 7->7(7)
[10.780s][info ][gc,heap       ] GC(329) Old regions: 846->884
[10.780s][info ][gc,heap       ] GC(329) Archive regions: 0->0
[10.780s][info ][gc,heap       ] GC(329) Humongous regions: 0->0
[10.780s][info ][gc,metaspace  ] GC(329) Metaspace: 6341K(6464K)->6341K(6464K) NonClass: 5794K(5824K)->5794K(5824K) Class: 546K(640K)->546K(640K)
[10.780s][debug][gc,heap       ] GC(329) Heap after GC invocations=330 (full 0):
[10.780s][debug][gc,heap       ] GC(329)  garbage-first heap   total 1048576K, used 912260K [0x00000000c0000000, 0x0000000100000000)
[10.780s][debug][gc,heap       ] GC(329)   region size 1024K, 7 young (7168K), 7 survivors (7168K)
[10.780s][debug][gc,heap       ] GC(329)  Metaspace       used 6341K, committed 6464K, reserved 1114112K
[10.780s][debug][gc,heap       ] GC(329)   class space    used 546K, committed 640K, reserved 1048576K
[10.780s][info ][gc            ] GC(329) Pause Young (Concurrent Start) (G1 Evacuation Pause) 896M->890M(1024M) 9.330ms
[10.780s][info ][gc,cpu        ] GC(329) User=0.08s Sys=0.00s Real=0.01s
[10.780s][info ][safepoint     ] Safepoint "G1CollectForAllocation", Time since last: 5257401 ns, Reaching safepoint: 10600 ns, Cleanup: 7100 ns, At safepoint: 9478400 ns, Total: 9496100 ns
[10.780s][info ][gc            ] GC(330) Concurrent Mark Cycle
[10.780s][info ][gc,marking    ] GC(330) Concurrent Clear Claimed Marks
[10.780s][info ][gc,marking    ] GC(330) Concurrent Clear Claimed Marks 0.018ms
[10.780s][info ][gc,marking    ] GC(330) Concurrent Scan Root Regions
[10.780s][debug][gc,ergo       ] GC(330) Running G1 Root Region Scan using 3 workers for 46 work units.
[10.781s][info ][gc,marking    ] GC(330) Concurrent Scan Root Regions 0.161ms
[10.781s][info ][gc,marking    ] GC(330) Concurrent Mark
[10.781s][info ][gc,marking    ] GC(330) Concurrent Mark From Roots
[10.781s][info ][gc,task       ] GC(330) Using 3 workers of 3 for marking
[10.784s][info ][gc,marking    ] GC(330) Concurrent Mark From Roots 3.401ms
[10.784s][info ][gc,marking    ] GC(330) Concurrent Preclean
[10.784s][info ][gc,marking    ] GC(330) Concurrent Preclean 0.056ms
[10.784s][info ][gc,start      ] GC(330) Pause Remark
[10.785s][debug][gc,ergo       ] GC(330) Running G1 Update RemSet Tracking Before Rebuild using 3 workers for 1024 regions in heap
[10.786s][info ][gc            ] GC(330) Pause Remark 920M->533M(1024M) 1.457ms
[10.786s][info ][gc,cpu        ] GC(330) User=0.00s Sys=0.00s Real=0.00s
[10.786s][info ][safepoint     ] Safepoint "G1PauseRemark", Time since last: 3867300 ns, Reaching safepoint: 89300 ns, Cleanup: 4900 ns, At safepoint: 1501900 ns, Total: 1596100 ns
[10.786s][info ][gc,marking    ] GC(330) Concurrent Mark 5.269ms
[10.786s][info ][gc,marking    ] GC(330) Concurrent Rebuild Remembered Sets
[10.788s][debug][gc,heap       ] GC(331) Heap before GC invocations=330 (full 0):
[10.788s][debug][gc,heap       ] GC(331)  garbage-first heap   total 1048576K, used 560004K [0x00000000c0000000, 0x0000000100000000)
[10.788s][debug][gc,heap       ] GC(331)   region size 1024K, 51 young (52224K), 7 survivors (7168K)
[10.788s][debug][gc,heap       ] GC(331)  Metaspace       used 6341K, committed 6464K, reserved 1114112K
[10.788s][debug][gc,heap       ] GC(331)   class space    used 546K, committed 640K, reserved 1048576K
[10.788s][info ][gc,start      ] GC(331) Pause Young (Normal) (G1 Evacuation Pause)
[10.788s][info ][gc,task       ] GC(331) Using 10 workers of 10 for evacuation
[10.788s][trace][gc,ergo,cset  ] GC(331) Start choosing CSet. Pending cards: 69 target pause time: 200.00ms
[10.788s][trace][gc,ergo,cset  ] GC(331) Added young regions to CSet. Eden: 44 regions, Survivors: 7 regions, predicted eden time: 7.52ms, predicted base time: 1.07ms, target pause time: 200.00ms, remaining time: 191.41ms
[10.788s][debug][gc,ergo       ] GC(331) Running G1 Merge Heap Roots using 10 workers for 51 regions
[10.798s][debug][gc,ergo       ] GC(331) Running G1 Rebuild Free List Task using 10 workers for rebuilding free list of regions
[10.798s][debug][gc,ergo,heap  ] GC(331) Heap expansion: short term pause time ratio 25.81% long term pause time ratio 59.94% threshold 7.69% pause time ratio 7.69% fully expanded true resize by 0B
[10.798s][debug][gc,ergo,refine] GC(331) Concurrent refinement times: Logged Cards Scan time goal: 20.00ms Logged Cards Scan time: 0.01ms HCC time: 0.00ms
[10.798s][trace][gc,ergo,refine] GC(331) Updating Refinement Zones: logged cards scan time: 0.015ms, processed cards: 52, goal time: 20.000ms
[10.798s][debug][gc,ergo,refine] GC(331) Updated Refinement Zones: green: 2560, yellow: 7680, red: 12800
[10.798s][info ][gc,phases     ] GC(331)   Pre Evacuate Collection Set: 0.2ms
[10.798s][info ][gc,phases     ] GC(331)   Merge Heap Roots: 0.2ms
[10.798s][info ][gc,phases     ] GC(331)   Evacuate Collection Set: 8.8ms
[10.798s][info ][gc,phases     ] GC(331)   Post Evacuate Collection Set: 0.6ms
[10.798s][info ][gc,phases     ] GC(331)   Other: 0.1ms
[10.798s][info ][gc,heap       ] GC(331) Eden regions: 44->0(136)
[10.798s][info ][gc,heap       ] GC(331) Survivor regions: 7->7(7)
[10.798s][info ][gc,heap       ] GC(331) Old regions: 497->536
[10.798s][info ][gc,heap       ] GC(331) Archive regions: 0->0
[10.798s][info ][gc,heap       ] GC(331) Humongous regions: 0->0
[10.798s][info ][gc,metaspace  ] GC(331) Metaspace: 6341K(6464K)->6341K(6464K) NonClass: 5794K(5824K)->5794K(5824K) Class: 546K(640K)->546K(640K)
[10.798s][debug][gc,heap       ] GC(331) Heap after GC invocations=331 (full 0):
[10.798s][debug][gc,heap       ] GC(331)  garbage-first heap   total 1048576K, used 555708K [0x00000000c0000000, 0x0000000100000000)
[10.798s][debug][gc,heap       ] GC(331)   region size 1024K, 7 young (7168K), 7 survivors (7168K)
[10.798s][debug][gc,heap       ] GC(331)  Metaspace       used 6341K, committed 6464K, reserved 1114112K
[10.798s][debug][gc,heap       ] GC(331)   class space    used 546K, committed 640K, reserved 1048576K
[10.798s][info ][gc            ] GC(331) Pause Young (Normal) (G1 Evacuation Pause) 547M->542M(1024M) 10.004ms
[10.798s][info ][gc,cpu        ] GC(331) User=0.08s Sys=0.00s Real=0.01s
[10.798s][info ][safepoint     ] Safepoint "G1CollectForAllocation", Time since last: 1928100 ns, Reaching safepoint: 55600 ns, Cleanup: 3200 ns, At safepoint: 10144701 ns, Total: 10203501 ns
[10.798s][info ][gc,marking    ] GC(330) Concurrent Rebuild Remembered Sets 12.455ms
[10.798s][info ][gc,start      ] GC(330) Pause Cleanup
[10.799s][debug][gc,ergo,cset  ] GC(330) Pruned 126 regions out of 441, leaving 53606408 bytes waste (allowed 53687091)
[10.799s][info ][gc            ] GC(330) Pause Cleanup 546M->546M(1024M) 0.421ms
[10.799s][info ][gc,cpu        ] GC(330) User=0.00s Sys=0.00s Real=0.00s
[10.799s][info ][safepoint     ] Safepoint "G1PauseCleanup", Time since last: 443800 ns, Reaching safepoint: 86000 ns, Cleanup: 2600 ns, At safepoint: 457900 ns, Total: 546500 ns
[10.799s][info ][gc,marking    ] GC(330) Concurrent Cleanup for Next Mark
[10.799s][debug][gc,ergo       ] GC(330) Running G1 Clear Bitmap with 3 workers for 16 work units.
[10.801s][info ][gc,marking    ] GC(330) Concurrent Cleanup for Next Mark 2.272ms
[10.801s][info ][gc            ] GC(330) Concurrent Mark Cycle 21.041ms
[10.810s][debug][gc,heap       ] GC(332) Heap before GC invocations=332 (full 0):
[10.810s][debug][gc,heap       ] GC(332)  garbage-first heap   total 1048576K, used 693948K [0x00000000c0000000, 0x0000000100000000)
[10.810s][debug][gc,heap       ] GC(332)   region size 1024K, 143 young (146432K), 7 survivors (7168K)
[10.810s][debug][gc,heap       ] GC(332)  Metaspace       used 6341K, committed 6464K, reserved 1114112K
[10.810s][debug][gc,heap       ] GC(332)   class space    used 546K, committed 640K, reserved 1048576K
[10.810s][info ][gc,start      ] GC(332) Pause Young (Prepare Mixed) (G1 Evacuation Pause)
[10.810s][info ][gc,task       ] GC(332) Using 10 workers of 10 for evacuation
[10.810s][trace][gc,ergo,cset  ] GC(332) Start choosing CSet. Pending cards: 59 target pause time: 200.00ms
[10.810s][trace][gc,ergo,cset  ] GC(332) Added young regions to CSet. Eden: 136 regions, Survivors: 7 regions, predicted eden time: 19.87ms, predicted base time: 1.11ms, target pause time: 200.00ms, remaining time: 179.03ms
[10.811s][debug][gc,ergo       ] GC(332) Running G1 Merge Heap Roots using 10 workers for 143 regions
[10.831s][debug][gc,ergo       ] GC(332) Running G1 Rebuild Free List Task using 10 workers for rebuilding free list of regions
[10.831s][debug][gc,ergo,heap  ] GC(332) Heap expansion: short term pause time ratio 34.22% long term pause time ratio 58.72% threshold 7.69% pause time ratio 7.69% fully expanded true resize by 0B
[10.831s][debug][gc,ergo,refine] GC(332) Concurrent refinement times: Logged Cards Scan time goal: 20.00ms Logged Cards Scan time: 0.04ms HCC time: 0.00ms
[10.831s][trace][gc,ergo,refine] GC(332) Updating Refinement Zones: logged cards scan time: 0.043ms, processed cards: 37, goal time: 19.999ms
[10.831s][debug][gc,ergo,refine] GC(332) Updated Refinement Zones: green: 2560, yellow: 7680, red: 12800
[10.831s][info ][gc,phases     ] GC(332)   Pre Evacuate Collection Set: 0.3ms
[10.831s][info ][gc,phases     ] GC(332)   Merge Heap Roots: 0.1ms
[10.831s][info ][gc,phases     ] GC(332)   Evacuate Collection Set: 19.7ms
[10.831s][info ][gc,phases     ] GC(332)   Post Evacuate Collection Set: 0.6ms
[10.831s][info ][gc,phases     ] GC(332)   Other: 0.2ms
[10.831s][info ][gc,heap       ] GC(332) Eden regions: 136->0(33)
[10.831s][info ][gc,heap       ] GC(332) Survivor regions: 7->18(18)
[10.831s][info ][gc,heap       ] GC(332) Old regions: 536->620
[10.831s][info ][gc,heap       ] GC(332) Archive regions: 0->0
[10.831s][info ][gc,heap       ] GC(332) Humongous regions: 0->0
[10.831s][info ][gc,metaspace  ] GC(332) Metaspace: 6341K(6464K)->6341K(6464K) NonClass: 5794K(5824K)->5794K(5824K) Class: 546K(640K)->546K(640K)
[10.831s][debug][gc,heap       ] GC(332) Heap after GC invocations=333 (full 0):
[10.831s][debug][gc,heap       ] GC(332)  garbage-first heap   total 1048576K, used 652788K [0x00000000c0000000, 0x0000000100000000)
[10.831s][debug][gc,heap       ] GC(332)   region size 1024K, 18 young (18432K), 18 survivors (18432K)
[10.831s][debug][gc,heap       ] GC(332)  Metaspace       used 6341K, committed 6464K, reserved 1114112K
[10.831s][debug][gc,heap       ] GC(332)   class space    used 546K, committed 640K, reserved 1048576K
[10.831s][info ][gc            ] GC(332) Pause Young (Prepare Mixed) (G1 Evacuation Pause) 678M->637M(1024M) 20.946ms
[10.831s][info ][gc,cpu        ] GC(332) User=0.19s Sys=0.00s Real=0.02s
[10.831s][info ][safepoint     ] Safepoint "G1CollectForAllocation", Time since last: 11409600 ns, Reaching safepoint: 5000 ns, Cleanup: 5000 ns, At safepoint: 21043501 ns, Total: 21053501 ns
[10.834s][debug][gc,heap       ] GC(333) Heap before GC invocations=333 (full 0):
[10.834s][debug][gc,heap       ] GC(333)  garbage-first heap   total 1048576K, used 685556K [0x00000000c0000000, 0x0000000100000000)
[10.834s][debug][gc,heap       ] GC(333)   region size 1024K, 51 young (52224K), 18 survivors (18432K)
[10.834s][debug][gc,heap       ] GC(333)  Metaspace       used 6341K, committed 6464K, reserved 1114112K
[10.834s][debug][gc,heap       ] GC(333)   class space    used 546K, committed 640K, reserved 1048576K
[10.834s][info ][gc,start      ] GC(333) Pause Young (Mixed) (G1 Evacuation Pause)
[10.834s][info ][gc,task       ] GC(333) Using 10 workers of 10 for evacuation
[10.834s][trace][gc,ergo,cset  ] GC(333) Start choosing CSet. Pending cards: 38 target pause time: 200.00ms
[10.834s][trace][gc,ergo,cset  ] GC(333) Added young regions to CSet. Eden: 33 regions, Survivors: 18 regions, predicted eden time: 5.96ms, predicted base time: 1.18ms, target pause time: 200.00ms, remaining time: 192.86ms
[10.834s][debug][gc,ergo,cset  ] GC(333) Start adding old regions to collection set. Min 40 regions, max 103 regions, time remaining 192.86ms, optional threshold 38.57ms
[10.834s][debug][gc,ergo,cset  ] GC(333) Finish adding old regions to collection set (Maximum number of regions). Initial 103 regions, optional 0 regions
[10.834s][debug][gc,ergo,cset  ] GC(333) Finish choosing collection set old regions. Initial: 103, optional: 0, predicted old time: 0.00ms, predicted optional time: 0.00ms, time remaining: 190.39
[10.835s][debug][gc,ergo       ] GC(333) Running G1 Merge Heap Roots using 10 workers for 154 regions
[10.844s][debug][gc,ergo       ] GC(333) Running G1 Rebuild Free List Task using 10 workers for rebuilding free list of regions
[10.845s][debug][gc,ergo,heap  ] GC(333) Heap expansion: short term pause time ratio 64.28% long term pause time ratio 64.98% threshold 7.69% pause time ratio 7.69% fully expanded true resize by 0B
[10.845s][debug][gc,ergo,refine] GC(333) Concurrent refinement times: Logged Cards Scan time goal: 20.00ms Logged Cards Scan time: 0.01ms HCC time: 0.00ms
[10.845s][trace][gc,ergo,refine] GC(333) Updating Refinement Zones: logged cards scan time: 0.010ms, processed cards: 16, goal time: 19.999ms
[10.845s][debug][gc,ergo,refine] GC(333) Updated Refinement Zones: green: 2560, yellow: 7680, red: 12800
[10.845s][info ][gc,phases     ] GC(333)   Pre Evacuate Collection Set: 0.3ms
[10.845s][info ][gc,phases     ] GC(333)   Merge Heap Roots: 0.1ms
[10.845s][info ][gc,phases     ] GC(333)   Evacuate Collection Set: 9.0ms
[10.845s][info ][gc,phases     ] GC(333)   Post Evacuate Collection Set: 0.8ms
[10.845s][info ][gc,phases     ] GC(333)   Other: 0.2ms
[10.845s][info ][gc,heap       ] GC(333) Eden regions: 33->0(44)
[10.845s][info ][gc,heap       ] GC(333) Survivor regions: 18->7(7)
[10.845s][info ][gc,heap       ] GC(333) Old regions: 620->559
[10.845s][info ][gc,heap       ] GC(333) Archive regions: 0->0
[10.845s][info ][gc,heap       ] GC(333) Humongous regions: 0->0
[10.845s][info ][gc,metaspace  ] GC(333) Metaspace: 6341K(6464K)->6341K(6464K) NonClass: 5794K(5824K)->5794K(5824K) Class: 546K(640K)->546K(640K)
[10.845s][debug][gc,heap       ] GC(333) Heap after GC invocations=334 (full 0):
[10.845s][debug][gc,heap       ] GC(333)  garbage-first heap   total 1048576K, used 579560K [0x00000000c0000000, 0x0000000100000000)
[10.845s][debug][gc,heap       ] GC(333)   region size 1024K, 7 young (7168K), 7 survivors (7168K)
[10.845s][debug][gc,heap       ] GC(333)  Metaspace       used 6341K, committed 6464K, reserved 1114112K
[10.845s][debug][gc,heap       ] GC(333)   class space    used 546K, committed 640K, reserved 1048576K
[10.845s][info ][gc            ] GC(333) Pause Young (Mixed) (G1 Evacuation Pause) 670M->565M(1024M) 10.393ms
[10.845s][info ][gc,cpu        ] GC(333) User=0.09s Sys=0.00s Real=0.01s
[10.845s][info ][safepoint     ] Safepoint "G1CollectForAllocation", Time since last: 2903500 ns, Reaching safepoint: 3500 ns, Cleanup: 4700 ns, At safepoint: 10481300 ns, Total: 10489500 ns
[10.849s][debug][gc,heap       ] GC(334) Heap before GC invocations=334 (full 0):
[10.849s][debug][gc,heap       ] GC(334)  garbage-first heap   total 1048576K, used 623592K [0x00000000c0000000, 0x0000000100000000)
[10.849s][debug][gc,heap       ] GC(334)   region size 1024K, 51 young (52224K), 7 survivors (7168K)
[10.849s][debug][gc,heap       ] GC(334)  Metaspace       used 6341K, committed 6464K, reserved 1114112K
[10.849s][debug][gc,heap       ] GC(334)   class space    used 546K, committed 640K, reserved 1048576K
[10.849s][info ][gc,start      ] GC(334) Pause Young (Mixed) (G1 Evacuation Pause)
[10.849s][info ][gc,task       ] GC(334) Using 10 workers of 10 for evacuation
[10.849s][trace][gc,ergo,cset  ] GC(334) Start choosing CSet. Pending cards: 58 target pause time: 200.00ms
[10.849s][trace][gc,ergo,cset  ] GC(334) Added young regions to CSet. Eden: 44 regions, Survivors: 7 regions, predicted eden time: 7.57ms, predicted base time: 1.19ms, target pause time: 200.00ms, remaining time: 191.23ms
[10.849s][debug][gc,ergo,cset  ] GC(334) Start adding old regions to collection set. Min 40 regions, max 103 regions, time remaining 191.23ms, optional threshold 38.25ms
[10.849s][debug][gc,ergo,cset  ] GC(334) Finish adding old regions to collection set (Maximum number of regions). Initial 103 regions, optional 0 regions
[10.849s][debug][gc,ergo,cset  ] GC(334) Finish choosing collection set old regions. Initial: 103, optional: 0, predicted old time: 0.00ms, predicted optional time: 0.00ms, time remaining: 187.52
[10.849s][debug][gc,ergo       ] GC(334) Running G1 Merge Heap Roots using 10 workers for 154 regions
[10.859s][debug][gc,ergo       ] GC(334) Running G1 Rebuild Free List Task using 10 workers for rebuilding free list of regions
[10.860s][debug][gc,ergo,heap  ] GC(334) Heap expansion: short term pause time ratio 76.34% long term pause time ratio 66.75% threshold 7.69% pause time ratio 7.69% fully expanded true resize by 0B
[10.860s][debug][gc,ergo,refine] GC(334) Concurrent refinement times: Logged Cards Scan time goal: 20.00ms Logged Cards Scan time: 0.01ms HCC time: 0.00ms
[10.860s][trace][gc,ergo,refine] GC(334) Updating Refinement Zones: logged cards scan time: 0.011ms, processed cards: 26, goal time: 19.999ms
[10.860s][debug][gc,ergo,refine] GC(334) Updated Refinement Zones: green: 2560, yellow: 7680, red: 12800
[10.860s][info ][gc,phases     ] GC(334)   Pre Evacuate Collection Set: 0.3ms
[10.860s][info ][gc,phases     ] GC(334)   Merge Heap Roots: 0.2ms
[10.860s][info ][gc,phases     ] GC(334)   Evacuate Collection Set: 9.4ms
[10.860s][info ][gc,phases     ] GC(334)   Post Evacuate Collection Set: 0.9ms
[10.860s][info ][gc,phases     ] GC(334)   Other: 0.2ms
[10.860s][info ][gc,heap       ] GC(334) Eden regions: 44->0(44)
[10.860s][info ][gc,heap       ] GC(334) Survivor regions: 7->7(7)
[10.860s][info ][gc,heap       ] GC(334) Old regions: 559->501
[10.860s][info ][gc,heap       ] GC(334) Archive regions: 0->0
[10.860s][info ][gc,heap       ] GC(334) Humongous regions: 0->0
[10.860s][info ][gc,metaspace  ] GC(334) Metaspace: 6341K(6464K)->6341K(6464K) NonClass: 5794K(5824K)->5794K(5824K) Class: 546K(640K)->546K(640K)
[10.860s][debug][gc,heap       ] GC(334) Heap after GC invocations=335 (full 0):
[10.860s][debug][gc,heap       ] GC(334)  garbage-first heap   total 1048576K, used 519468K [0x00000000c0000000, 0x0000000100000000)
[10.860s][debug][gc,heap       ] GC(334)   region size 1024K, 7 young (7168K), 7 survivors (7168K)
[10.860s][debug][gc,heap       ] GC(334)  Metaspace       used 6341K, committed 6464K, reserved 1114112K
[10.860s][debug][gc,heap       ] GC(334)   class space    used 546K, committed 640K, reserved 1048576K
[10.860s][info ][gc            ] GC(334) Pause Young (Mixed) (G1 Evacuation Pause) 609M->507M(1024M) 11.050ms
[10.860s][info ][gc,cpu        ] GC(334) User=0.10s Sys=0.00s Real=0.01s
[10.860s][info ][safepoint     ] Safepoint "G1CollectForAllocation", Time since last: 4040000 ns, Reaching safepoint: 12300 ns, Cleanup: 12500 ns, At safepoint: 11188101 ns, Total: 11212901 ns
[10.866s][debug][gc,heap       ] GC(335) Heap before GC invocations=335 (full 0):
[10.866s][debug][gc,heap       ] GC(335)  garbage-first heap   total 1048576K, used 563500K [0x00000000c0000000, 0x0000000100000000)
[10.866s][debug][gc,heap       ] GC(335)   region size 1024K, 51 young (52224K), 7 survivors (7168K)
[10.866s][debug][gc,heap       ] GC(335)  Metaspace       used 6341K, committed 6464K, reserved 1114112K
[10.866s][debug][gc,heap       ] GC(335)   class space    used 546K, committed 640K, reserved 1048576K
[10.866s][info ][gc,start      ] GC(335) Pause Young (Mixed) (G1 Evacuation Pause)
[10.866s][info ][gc,task       ] GC(335) Using 10 workers of 10 for evacuation
[10.866s][trace][gc,ergo,cset  ] GC(335) Start choosing CSet. Pending cards: 101 target pause time: 200.00ms
[10.866s][trace][gc,ergo,cset  ] GC(335) Added young regions to CSet. Eden: 44 regions, Survivors: 7 regions, predicted eden time: 7.53ms, predicted base time: 1.20ms, target pause time: 200.00ms, remaining time: 191.27ms
[10.866s][debug][gc,ergo,cset  ] GC(335) Start adding old regions to collection set. Min 40 regions, max 103 regions, time remaining 191.27ms, optional threshold 38.25ms
[10.866s][debug][gc,ergo,cset  ] GC(335) Finish adding old regions to collection set (Maximum number of regions). Initial 103 regions, optional 0 regions
[10.866s][debug][gc,ergo,cset  ] GC(335) Finish choosing collection set old regions. Initial: 103, optional: 0, predicted old time: 0.00ms, predicted optional time: 0.00ms, time remaining: 184.96
[10.866s][debug][gc,ergo       ] GC(335) Running G1 Merge Heap Roots using 10 workers for 154 regions
[10.877s][debug][gc,ergo       ] GC(335) Running G1 Rebuild Free List Task using 10 workers for rebuilding free list of regions
[10.877s][debug][gc,ergo,heap  ] GC(335) Heap expansion: short term pause time ratio 71.21% long term pause time ratio 66.50% threshold 7.69% pause time ratio 7.69% fully expanded true resize by 0B
[10.877s][debug][gc,ergo,refine] GC(335) Concurrent refinement times: Logged Cards Scan time goal: 20.00ms Logged Cards Scan time: 0.02ms HCC time: 0.00ms
[10.877s][trace][gc,ergo,refine] GC(335) Updating Refinement Zones: logged cards scan time: 0.025ms, processed cards: 69, goal time: 19.999ms
[10.877s][debug][gc,ergo,refine] GC(335) Updated Refinement Zones: green: 2560, yellow: 7680, red: 12800
[10.877s][info ][gc,phases     ] GC(335)   Pre Evacuate Collection Set: 0.3ms
[10.877s][info ][gc,phases     ] GC(335)   Merge Heap Roots: 0.2ms
[10.877s][info ][gc,phases     ] GC(335)   Evacuate Collection Set: 9.9ms
[10.877s][info ][gc,phases     ] GC(335)   Post Evacuate Collection Set: 0.7ms
[10.877s][info ][gc,phases     ] GC(335)   Other: 0.2ms
[10.877s][info ][gc,heap       ] GC(335) Eden regions: 44->0(44)
[10.877s][info ][gc,heap       ] GC(335) Survivor regions: 7->7(7)
[10.877s][info ][gc,heap       ] GC(335) Old regions: 501->443
[10.877s][info ][gc,heap       ] GC(335) Archive regions: 0->0
[10.877s][info ][gc,heap       ] GC(335) Humongous regions: 0->0
[10.877s][info ][gc,metaspace  ] GC(335) Metaspace: 6341K(6464K)->6341K(6464K) NonClass: 5794K(5824K)->5794K(5824K) Class: 546K(640K)->546K(640K)
[10.877s][debug][gc,heap       ] GC(335) Heap after GC invocations=336 (full 0):
[10.877s][debug][gc,heap       ] GC(335)  garbage-first heap   total 1048576K, used 460576K [0x00000000c0000000, 0x0000000100000000)
[10.877s][debug][gc,heap       ] GC(335)   region size 1024K, 7 young (7168K), 7 survivors (7168K)
[10.877s][debug][gc,heap       ] GC(335)  Metaspace       used 6341K, committed 6464K, reserved 1114112K
[10.877s][debug][gc,heap       ] GC(335)   class space    used 546K, committed 640K, reserved 1048576K
[10.877s][info ][gc            ] GC(335) Pause Young (Mixed) (G1 Evacuation Pause) 551M->449M(1024M) 11.219ms
[10.877s][info ][gc,cpu        ] GC(335) User=0.10s Sys=0.00s Real=0.01s
[10.877s][info ][safepoint     ] Safepoint "G1CollectForAllocation", Time since last: 5534300 ns, Reaching safepoint: 4200 ns, Cleanup: 5400 ns, At safepoint: 11326000 ns, Total: 11335600 ns
[10.881s][debug][gc,heap       ] GC(336) Heap before GC invocations=336 (full 0):
[10.881s][debug][gc,heap       ] GC(336)  garbage-first heap   total 1048576K, used 504608K [0x00000000c0000000, 0x0000000100000000)
[10.881s][debug][gc,heap       ] GC(336)   region size 1024K, 51 young (52224K), 7 survivors (7168K)
[10.881s][debug][gc,heap       ] GC(336)  Metaspace       used 6341K, committed 6464K, reserved 1114112K
[10.881s][debug][gc,heap       ] GC(336)   class space    used 546K, committed 640K, reserved 1048576K
[10.881s][info ][gc,start      ] GC(336) Pause Young (Mixed) (G1 Evacuation Pause)
[10.881s][info ][gc,task       ] GC(336) Using 10 workers of 10 for evacuation
[10.881s][trace][gc,ergo,cset  ] GC(336) Start choosing CSet. Pending cards: 38 target pause time: 200.00ms
[10.881s][trace][gc,ergo,cset  ] GC(336) Added young regions to CSet. Eden: 44 regions, Survivors: 7 regions, predicted eden time: 7.52ms, predicted base time: 1.14ms, target pause time: 200.00ms, remaining time: 191.34ms
[10.881s][debug][gc,ergo,cset  ] GC(336) Start adding old regions to collection set. Min 40 regions, max 103 regions, time remaining 191.34ms, optional threshold 38.27ms
[10.881s][debug][gc,ergo,cset  ] GC(336) Old candidate collection set empty.
[10.881s][debug][gc,ergo,cset  ] GC(336) Finish choosing collection set old regions. Initial: 6, optional: 0, predicted old time: 0.00ms, predicted optional time: 0.00ms, time remaining: 190.88
[10.881s][debug][gc,ergo       ] GC(336) Running G1 Merge Heap Roots using 10 workers for 57 regions
[10.891s][debug][gc,ergo       ] GC(336) Running G1 Rebuild Free List Task using 10 workers for rebuilding free list of regions
[10.891s][debug][gc,ergo,heap  ] GC(336) Heap expansion: short term pause time ratio 65.19% long term pause time ratio 66.42% threshold 7.69% pause time ratio 7.69% fully expanded true resize by 0B
[10.891s][debug][gc,ergo       ] GC(336) do not continue mixed GCs (candidate old regions not available)
[10.891s][debug][gc,ergo,refine] GC(336) Concurrent refinement times: Logged Cards Scan time goal: 20.00ms Logged Cards Scan time: 0.05ms HCC time: 0.00ms
[10.891s][trace][gc,ergo,refine] GC(336) Updating Refinement Zones: logged cards scan time: 0.048ms, processed cards: 26, goal time: 20.000ms
[10.891s][debug][gc,ergo,refine] GC(336) Updated Refinement Zones: green: 2560, yellow: 7680, red: 12800
[10.891s][info ][gc,phases     ] GC(336)   Pre Evacuate Collection Set: 0.3ms
[10.891s][info ][gc,phases     ] GC(336)   Merge Heap Roots: 0.2ms
[10.891s][info ][gc,phases     ] GC(336)   Evacuate Collection Set: 9.0ms
[10.891s][info ][gc,phases     ] GC(336)   Post Evacuate Collection Set: 0.5ms
[10.891s][info ][gc,phases     ] GC(336)   Other: 0.3ms
[10.891s][info ][gc,heap       ] GC(336) Eden regions: 44->0(159)
[10.891s][info ][gc,heap       ] GC(336) Survivor regions: 7->7(7)
[10.891s][info ][gc,heap       ] GC(336) Old regions: 443->477
[10.891s][info ][gc,heap       ] GC(336) Archive regions: 0->0
[10.891s][info ][gc,heap       ] GC(336) Humongous regions: 0->0
[10.891s][info ][gc,metaspace  ] GC(336) Metaspace: 6341K(6464K)->6341K(6464K) NonClass: 5794K(5824K)->5794K(5824K) Class: 546K(640K)->546K(640K)
[10.891s][debug][gc,heap       ] GC(336) Heap after GC invocations=337 (full 0):
[10.891s][debug][gc,heap       ] GC(336)  garbage-first heap   total 1048576K, used 495292K [0x00000000c0000000, 0x0000000100000000)
[10.891s][debug][gc,heap       ] GC(336)   region size 1024K, 7 young (7168K), 7 survivors (7168K)
[10.891s][debug][gc,heap       ] GC(336)  Metaspace       used 6341K, committed 6464K, reserved 1114112K
[10.891s][debug][gc,heap       ] GC(336)   class space    used 546K, committed 640K, reserved 1048576K
[10.891s][info ][gc            ] GC(336) Pause Young (Mixed) (G1 Evacuation Pause) 493M->483M(1024M) 10.333ms
[10.891s][info ][gc,cpu        ] GC(336) User=0.09s Sys=0.00s Real=0.01s
[10.891s][info ][safepoint     ] Safepoint "G1CollectForAllocation", Time since last: 4089501 ns, Reaching safepoint: 7500 ns, Cleanup: 9100 ns, At safepoint: 10485000 ns, Total: 10501600 ns
[10.906s][debug][gc,heap       ] GC(337) Heap before GC invocations=337 (full 0):
[10.906s][debug][gc,heap       ] GC(337)  garbage-first heap   total 1048576K, used 657084K [0x00000000c0000000, 0x0000000100000000)
[10.906s][debug][gc,heap       ] GC(337)   region size 1024K, 166 young (169984K), 7 survivors (7168K)
[10.906s][debug][gc,heap       ] GC(337)  Metaspace       used 6341K, committed 6464K, reserved 1114112K
[10.906s][debug][gc,heap       ] GC(337)   class space    used 546K, committed 640K, reserved 1048576K
[10.906s][info ][gc,start      ] GC(337) Pause Young (Normal) (G1 Evacuation Pause)
[10.906s][info ][gc,task       ] GC(337) Using 10 workers of 10 for evacuation
[10.906s][trace][gc,ergo,cset  ] GC(337) Start choosing CSet. Pending cards: 31 target pause time: 200.00ms
[10.906s][trace][gc,ergo,cset  ] GC(337) Added young regions to CSet. Eden: 159 regions, Survivors: 7 regions, predicted eden time: 23.12ms, predicted base time: 1.05ms, target pause time: 200.00ms, remaining time: 175.83ms
[10.906s][debug][gc,ergo       ] GC(337) Running G1 Merge Heap Roots using 10 workers for 166 regions
[10.929s][debug][gc,ergo       ] GC(337) Running G1 Rebuild Free List Task using 10 workers for rebuilding free list of regions
[10.929s][debug][gc,ergo,heap  ] GC(337) Heap expansion: short term pause time ratio 69.44% long term pause time ratio 67.33% threshold 7.69% pause time ratio 7.69% fully expanded true resize by 0B
[10.929s][debug][gc,ergo,refine] GC(337) Concurrent refinement times: Logged Cards Scan time goal: 20.00ms Logged Cards Scan time: 0.19ms HCC time: 0.00ms
[10.929s][trace][gc,ergo,refine] GC(337) Updating Refinement Zones: logged cards scan time: 0.195ms, processed cards: 14, goal time: 20.000ms
[10.929s][debug][gc,ergo,refine] GC(337) Updated Refinement Zones: green: 2560, yellow: 7680, red: 12800
[10.929s][info ][gc,phases     ] GC(337)   Pre Evacuate Collection Set: 0.2ms
[10.929s][info ][gc,phases     ] GC(337)   Merge Heap Roots: 0.2ms
[10.929s][info ][gc,phases     ] GC(337)   Evacuate Collection Set: 21.9ms
[10.929s][info ][gc,phases     ] GC(337)   Post Evacuate Collection Set: 0.7ms
[10.929s][info ][gc,phases     ] GC(337)   Other: 0.2ms
[10.929s][info ][gc,heap       ] GC(337) Eden regions: 159->0(119)
[10.929s][info ][gc,heap       ] GC(337) Survivor regions: 7->21(21)
[10.929s][info ][gc,heap       ] GC(337) Old regions: 477->569
[10.929s][info ][gc,heap       ] GC(337) Archive regions: 0->0
[10.929s][info ][gc,heap       ] GC(337) Humongous regions: 0->0
[10.929s][info ][gc,metaspace  ] GC(337) Metaspace: 6341K(6464K)->6341K(6464K) NonClass: 5794K(5824K)->5794K(5824K) Class: 546K(640K)->546K(640K)
[10.929s][debug][gc,heap       ] GC(337) Heap after GC invocations=338 (full 0):
[10.929s][debug][gc,heap       ] GC(337)  garbage-first heap   total 1048576K, used 603736K [0x00000000c0000000, 0x0000000100000000)
[10.929s][debug][gc,heap       ] GC(337)   region size 1024K, 21 young (21504K), 21 survivors (21504K)
[10.929s][debug][gc,heap       ] GC(337)  Metaspace       used 6341K, committed 6464K, reserved 1114112K
[10.929s][debug][gc,heap       ] GC(337)   class space    used 546K, committed 640K, reserved 1048576K
[10.929s][info ][gc            ] GC(337) Pause Young (Normal) (G1 Evacuation Pause) 642M->589M(1024M) 23.276ms
[10.929s][info ][gc,cpu        ] GC(337) User=0.22s Sys=0.00s Real=0.02s
[10.929s][info ][safepoint     ] Safepoint "G1CollectForAllocation", Time since last: 14513601 ns, Reaching safepoint: 6700 ns, Cleanup: 8300 ns, At safepoint: 23396600 ns, Total: 23411600 ns
[10.946s][debug][gc,heap       ] GC(338) Heap before GC invocations=338 (full 0):
[10.946s][debug][gc,heap       ] GC(338)  garbage-first heap   total 1048576K, used 724568K [0x00000000c0000000, 0x0000000100000000)
[10.946s][debug][gc,heap       ] GC(338)   region size 1024K, 140 young (143360K), 21 survivors (21504K)
[10.946s][debug][gc,heap       ] GC(338)  Metaspace       used 6341K, committed 6464K, reserved 1114112K
[10.946s][debug][gc,heap       ] GC(338)   class space    used 546K, committed 640K, reserved 1048576K
[10.946s][info ][gc,start      ] GC(338) Pause Young (Normal) (G1 Evacuation Pause)
[10.946s][info ][gc,task       ] GC(338) Using 10 workers of 10 for evacuation
[10.946s][trace][gc,ergo,cset  ] GC(338) Start choosing CSet. Pending cards: 39 target pause time: 200.00ms
[10.946s][trace][gc,ergo,cset  ] GC(338) Added young regions to CSet. Eden: 119 regions, Survivors: 21 regions, predicted eden time: 18.10ms, predicted base time: 1.09ms, target pause time: 200.00ms, remaining time: 180.81ms
[10.947s][debug][gc,ergo       ] GC(338) Running G1 Merge Heap Roots using 10 workers for 140 regions
[10.968s][debug][gc,ergo       ] GC(338) Running G1 Rebuild Free List Task using 10 workers for rebuilding free list of regions
[10.968s][debug][gc,ergo,heap  ] GC(338) Heap expansion: short term pause time ratio 60.71% long term pause time ratio 65.25% threshold 7.69% pause time ratio 7.69% fully expanded true resize by 0B
[10.968s][debug][gc,ergo,refine] GC(338) Concurrent refinement times: Logged Cards Scan time goal: 20.00ms Logged Cards Scan time: 0.07ms HCC time: 0.00ms
[10.968s][trace][gc,ergo,refine] GC(338) Updating Refinement Zones: logged cards scan time: 0.066ms, processed cards: 22, goal time: 20.000ms
[10.968s][debug][gc,ergo,refine] GC(338) Updated Refinement Zones: green: 2560, yellow: 7680, red: 12800
[10.968s][info ][gc,phases     ] GC(338)   Pre Evacuate Collection Set: 0.3ms
[10.968s][info ][gc,phases     ] GC(338)   Merge Heap Roots: 0.2ms
[10.968s][info ][gc,phases     ] GC(338)   Evacuate Collection Set: 20.3ms
[10.968s][info ][gc,phases     ] GC(338)   Post Evacuate Collection Set: 0.9ms
[10.968s][info ][gc,phases     ] GC(338)   Other: 0.3ms
[10.968s][info ][gc,heap       ] GC(338) Eden regions: 119->0(86)
[10.968s][info ][gc,heap       ] GC(338) Survivor regions: 21->18(18)
[10.968s][info ][gc,heap       ] GC(338) Old regions: 569->654
[10.968s][info ][gc,heap       ] GC(338) Archive regions: 0->0
[10.968s][info ][gc,heap       ] GC(338) Humongous regions: 0->0
[10.968s][info ][gc,metaspace  ] GC(338) Metaspace: 6341K(6464K)->6341K(6464K) NonClass: 5794K(5824K)->5794K(5824K) Class: 546K(640K)->546K(640K)
[10.968s][debug][gc,heap       ] GC(338) Heap after GC invocations=339 (full 0):
[10.968s][debug][gc,heap       ] GC(338)  garbage-first heap   total 1048576K, used 687304K [0x00000000c0000000, 0x0000000100000000)
[10.968s][debug][gc,heap       ] GC(338)   region size 1024K, 18 young (18432K), 18 survivors (18432K)
[10.968s][debug][gc,heap       ] GC(338)  Metaspace       used 6341K, committed 6464K, reserved 1114112K
[10.968s][debug][gc,heap       ] GC(338)   class space    used 546K, committed 640K, reserved 1048576K
[10.968s][info ][gc            ] GC(338) Pause Young (Normal) (G1 Evacuation Pause) 708M->671M(1024M) 21.972ms
[10.968s][info ][gc,cpu        ] GC(338) User=0.20s Sys=0.00s Real=0.02s
[10.968s][info ][safepoint     ] Safepoint "G1CollectForAllocation", Time since last: 16687101 ns, Reaching safepoint: 4900 ns, Cleanup: 21700 ns, At safepoint: 22085501 ns, Total: 22112101 ns
[10.978s][debug][gc,heap       ] GC(339) Heap before GC invocations=339 (full 0):
[10.978s][debug][gc,heap       ] GC(339)  garbage-first heap   total 1048576K, used 774344K [0x00000000c0000000, 0x0000000100000000)
[10.978s][debug][gc,heap       ] GC(339)   region size 1024K, 104 young (106496K), 18 survivors (18432K)
[10.978s][debug][gc,heap       ] GC(339)  Metaspace       used 6341K, committed 6464K, reserved 1114112K
[10.978s][debug][gc,heap       ] GC(339)   class space    used 546K, committed 640K, reserved 1048576K
[10.978s][info ][gc,start      ] GC(339) Pause Young (Normal) (G1 Evacuation Pause)
[10.978s][info ][gc,task       ] GC(339) Using 10 workers of 10 for evacuation
[10.978s][trace][gc,ergo,cset  ] GC(339) Start choosing CSet. Pending cards: 41 target pause time: 200.00ms
[10.978s][trace][gc,ergo,cset  ] GC(339) Added young regions to CSet. Eden: 86 regions, Survivors: 18 regions, predicted eden time: 14.08ms, predicted base time: 1.13ms, target pause time: 200.00ms, remaining time: 184.80ms
[10.979s][debug][gc,ergo       ] GC(339) Running G1 Merge Heap Roots using 10 workers for 104 regions
[10.996s][debug][gc,ergo       ] GC(339) Running G1 Rebuild Free List Task using 10 workers for rebuilding free list of regions
[10.996s][debug][gc,ergo,heap  ] GC(339) Heap expansion: short term pause time ratio 56.01% long term pause time ratio 63.57% threshold 7.69% pause time ratio 7.69% fully expanded true resize by 0B
[10.996s][debug][gc,ergo,refine] GC(339) Concurrent refinement times: Logged Cards Scan time goal: 20.00ms Logged Cards Scan time: 0.03ms HCC time: 0.00ms
[10.996s][trace][gc,ergo,refine] GC(339) Updating Refinement Zones: logged cards scan time: 0.029ms, processed cards: 24, goal time: 20.000ms
[10.996s][debug][gc,ergo,refine] GC(339) Updated Refinement Zones: green: 2560, yellow: 7680, red: 12800
[10.996s][info ][gc,phases     ] GC(339)   Pre Evacuate Collection Set: 0.3ms
[10.996s][info ][gc,phases     ] GC(339)   Merge Heap Roots: 0.2ms
[10.996s][info ][gc,phases     ] GC(339)   Evacuate Collection Set: 16.3ms
[10.996s][info ][gc,phases     ] GC(339)   Post Evacuate Collection Set: 0.7ms
[10.996s][info ][gc,phases     ] GC(339)   Other: 0.2ms
[10.996s][info ][gc,heap       ] GC(339) Eden regions: 86->0(61)
[10.996s][info ][gc,heap       ] GC(339) Survivor regions: 18->13(13)
[10.996s][info ][gc,heap       ] GC(339) Old regions: 654->724
[10.996s][info ][gc,heap       ] GC(339) Archive regions: 0->0
[10.996s][info ][gc,heap       ] GC(339) Humongous regions: 0->0
[10.996s][info ][gc,metaspace  ] GC(339) Metaspace: 6341K(6464K)->6341K(6464K) NonClass: 5794K(5824K)->5794K(5824K) Class: 546K(640K)->546K(640K)
[10.996s][debug][gc,heap       ] GC(339) Heap after GC invocations=340 (full 0):
[10.996s][debug][gc,heap       ] GC(339)  garbage-first heap   total 1048576K, used 754264K [0x00000000c0000000, 0x0000000100000000)
[10.996s][debug][gc,heap       ] GC(339)   region size 1024K, 13 young (13312K), 13 survivors (13312K)
[10.996s][debug][gc,heap       ] GC(339)  Metaspace       used 6341K, committed 6464K, reserved 1114112K
[10.996s][debug][gc,heap       ] GC(339)   class space    used 546K, committed 640K, reserved 1048576K
[10.996s][info ][gc            ] GC(339) Pause Young (Normal) (G1 Evacuation Pause) 757M->736M(1024M) 17.481ms
[10.996s][info ][gc,cpu        ] GC(339) User=0.16s Sys=0.00s Real=0.02s
[10.996s][info ][safepoint     ] Safepoint "G1CollectForAllocation", Time since last: 10027200 ns, Reaching safepoint: 5700 ns, Cleanup: 5400 ns, At safepoint: 17671201 ns, Total: 17682301 ns
[11.004s][debug][gc,heap       ] GC(340) Heap before GC invocations=340 (full 0):
[11.004s][debug][gc,heap       ] GC(340)  garbage-first heap   total 1048576K, used 815704K [0x00000000c0000000, 0x0000000100000000)
[11.004s][debug][gc,heap       ] GC(340)   region size 1024K, 74 young (75776K), 13 survivors (13312K)
[11.004s][debug][gc,heap       ] GC(340)  Metaspace       used 6341K, committed 6464K, reserved 1114112K
[11.004s][debug][gc,heap       ] GC(340)   class space    used 546K, committed 640K, reserved 1048576K
[11.004s][info ][gc,start      ] GC(340) Pause Young (Normal) (G1 Evacuation Pause)
[11.004s][info ][gc,task       ] GC(340) Using 10 workers of 10 for evacuation
[11.004s][trace][gc,ergo,cset  ] GC(340) Start choosing CSet. Pending cards: 31 target pause time: 200.00ms
[11.004s][trace][gc,ergo,cset  ] GC(340) Added young regions to CSet. Eden: 61 regions, Survivors: 13 regions, predicted eden time: 10.68ms, predicted base time: 1.05ms, target pause time: 200.00ms, remaining time: 188.27ms
[11.004s][debug][gc,ergo       ] GC(340) Running G1 Merge Heap Roots using 10 workers for 74 regions
[11.016s][debug][gc,ergo       ] GC(340) Running G1 Rebuild Free List Task using 10 workers for rebuilding free list of regions
[11.016s][debug][gc,ergo,heap  ] GC(340) Heap expansion: short term pause time ratio 62.37% long term pause time ratio 64.41% threshold 7.69% pause time ratio 7.69% fully expanded true resize by 0B
[11.016s][debug][gc,ergo,refine] GC(340) Concurrent refinement times: Logged Cards Scan time goal: 20.00ms Logged Cards Scan time: 0.03ms HCC time: 0.00ms
[11.016s][trace][gc,ergo,refine] GC(340) Updating Refinement Zones: logged cards scan time: 0.033ms, processed cards: 20, goal time: 20.000ms
[11.016s][debug][gc,ergo,refine] GC(340) Updated Refinement Zones: green: 2560, yellow: 7680, red: 12800
[11.016s][info ][gc,phases     ] GC(340)   Pre Evacuate Collection Set: 0.2ms
[11.016s][info ][gc,phases     ] GC(340)   Merge Heap Roots: 0.2ms
[11.016s][info ][gc,phases     ] GC(340)   Evacuate Collection Set: 11.3ms
[11.016s][info ][gc,phases     ] GC(340)   Post Evacuate Collection Set: 0.5ms
[11.016s][info ][gc,phases     ] GC(340)   Other: 0.2ms
[11.016s][info ][gc,heap       ] GC(340) Eden regions: 61->0(44)
[11.016s][info ][gc,heap       ] GC(340) Survivor regions: 13->10(10)
[11.016s][info ][gc,heap       ] GC(340) Old regions: 724->776
[11.016s][info ][gc,heap       ] GC(340) Archive regions: 0->0
[11.016s][info ][gc,heap       ] GC(340) Humongous regions: 0->0
[11.016s][info ][gc,metaspace  ] GC(340) Metaspace: 6341K(6464K)->6341K(6464K) NonClass: 5794K(5824K)->5794K(5824K) Class: 546K(640K)->546K(640K)
[11.016s][debug][gc,heap       ] GC(340) Heap after GC invocations=341 (full 0):
[11.016s][debug][gc,heap       ] GC(340)  garbage-first heap   total 1048576K, used 804240K [0x00000000c0000000, 0x0000000100000000)
[11.016s][debug][gc,heap       ] GC(340)   region size 1024K, 10 young (10240K), 10 survivors (10240K)
[11.016s][debug][gc,heap       ] GC(340)  Metaspace       used 6341K, committed 6464K, reserved 1114112K
[11.016s][debug][gc,heap       ] GC(340)   class space    used 546K, committed 640K, reserved 1048576K
[11.016s][info ][gc            ] GC(340) Pause Young (Normal) (G1 Evacuation Pause) 797M->785M(1024M) 12.442ms
[11.016s][info ][gc,cpu        ] GC(340) User=0.11s Sys=0.00s Real=0.01s
[11.016s][info ][safepoint     ] Safepoint "G1CollectForAllocation", Time since last: 7658700 ns, Reaching safepoint: 6700 ns, Cleanup: 7500 ns, At safepoint: 12636501 ns, Total: 12650701 ns
[11.021s][debug][gc,heap       ] GC(341) Heap before GC invocations=341 (full 0):
[11.021s][debug][gc,heap       ] GC(341)  garbage-first heap   total 1048576K, used 848272K [0x00000000c0000000, 0x0000000100000000)
[11.021s][debug][gc,heap       ] GC(341)   region size 1024K, 54 young (55296K), 10 survivors (10240K)
[11.021s][debug][gc,heap       ] GC(341)  Metaspace       used 6341K, committed 6464K, reserved 1114112K
[11.021s][debug][gc,heap       ] GC(341)   class space    used 546K, committed 640K, reserved 1048576K
[11.021s][info ][gc,start      ] GC(341) Pause Young (Normal) (G1 Evacuation Pause)
[11.021s][info ][gc,task       ] GC(341) Using 10 workers of 10 for evacuation
[11.021s][trace][gc,ergo,cset  ] GC(341) Start choosing CSet. Pending cards: 37 target pause time: 200.00ms
[11.021s][trace][gc,ergo,cset  ] GC(341) Added young regions to CSet. Eden: 44 regions, Survivors: 10 regions, predicted eden time: 7.83ms, predicted base time: 0.99ms, target pause time: 200.00ms, remaining time: 191.17ms
[11.021s][debug][gc,ergo       ] GC(341) Running G1 Merge Heap Roots using 10 workers for 54 regions
[11.031s][debug][gc,ergo       ] GC(341) Running G1 Rebuild Free List Task using 10 workers for rebuilding free list of regions
[11.031s][debug][gc,ergo,heap  ] GC(341) Heap expansion: short term pause time ratio 60.61% long term pause time ratio 63.08% threshold 7.69% pause time ratio 7.69% fully expanded true resize by 0B
[11.031s][debug][gc,ergo,refine] GC(341) Concurrent refinement times: Logged Cards Scan time goal: 20.00ms Logged Cards Scan time: 0.01ms HCC time: 0.00ms
[11.031s][trace][gc,ergo,refine] GC(341) Updating Refinement Zones: logged cards scan time: 0.014ms, processed cards: 20, goal time: 20.000ms
[11.031s][debug][gc,ergo,refine] GC(341) Updated Refinement Zones: green: 2560, yellow: 7680, red: 12800
[11.031s][info ][gc,phases     ] GC(341)   Pre Evacuate Collection Set: 0.2ms
[11.031s][info ][gc,phases     ] GC(341)   Merge Heap Roots: 0.2ms
[11.031s][info ][gc,phases     ] GC(341)   Evacuate Collection Set: 8.9ms
[11.031s][info ][gc,phases     ] GC(341)   Post Evacuate Collection Set: 0.6ms
[11.031s][info ][gc,phases     ] GC(341)   Other: 0.1ms
[11.031s][info ][gc,heap       ] GC(341) Eden regions: 44->0(44)
[11.031s][info ][gc,heap       ] GC(341) Survivor regions: 10->7(7)
[11.031s][info ][gc,heap       ] GC(341) Old regions: 776->816
[11.031s][info ][gc,heap       ] GC(341) Archive regions: 0->0
[11.031s][info ][gc,heap       ] GC(341) Humongous regions: 0->0
[11.031s][info ][gc,metaspace  ] GC(341) Metaspace: 6341K(6464K)->6341K(6464K) NonClass: 5794K(5824K)->5794K(5824K) Class: 546K(640K)->546K(640K)
[11.031s][debug][gc,heap       ] GC(341) Heap after GC invocations=342 (full 0):
[11.031s][debug][gc,heap       ] GC(341)  garbage-first heap   total 1048576K, used 842128K [0x00000000c0000000, 0x0000000100000000)
[11.031s][debug][gc,heap       ] GC(341)   region size 1024K, 7 young (7168K), 7 survivors (7168K)
[11.031s][debug][gc,heap       ] GC(341)  Metaspace       used 6341K, committed 6464K, reserved 1114112K
[11.031s][debug][gc,heap       ] GC(341)   class space    used 546K, committed 640K, reserved 1048576K
[11.031s][info ][gc            ] GC(341) Pause Young (Normal) (G1 Evacuation Pause) 829M->822M(1024M) 10.088ms
[11.031s][info ][gc,cpu        ] GC(341) User=0.09s Sys=0.00s Real=0.01s
[11.031s][info ][safepoint     ] Safepoint "G1CollectForAllocation", Time since last: 4718600 ns, Reaching safepoint: 4900 ns, Cleanup: 4500 ns, At safepoint: 10183700 ns, Total: 10193100 ns
[11.036s][debug][gc,heap       ] GC(342) Heap before GC invocations=342 (full 0):
[11.036s][debug][gc,heap       ] GC(342)  garbage-first heap   total 1048576K, used 886160K [0x00000000c0000000, 0x0000000100000000)
[11.036s][debug][gc,heap       ] GC(342)   region size 1024K, 51 young (52224K), 7 survivors (7168K)
[11.036s][debug][gc,heap       ] GC(342)  Metaspace       used 6341K, committed 6464K, reserved 1114112K
[11.036s][debug][gc,heap       ] GC(342)   class space    used 546K, committed 640K, reserved 1048576K
[11.036s][info ][gc,start      ] GC(342) Pause Young (Normal) (G1 Evacuation Pause)
[11.036s][info ][gc,task       ] GC(342) Using 10 workers of 10 for evacuation
[11.036s][trace][gc,ergo,cset  ] GC(342) Start choosing CSet. Pending cards: 32 target pause time: 200.00ms
[11.036s][trace][gc,ergo,cset  ] GC(342) Added young regions to CSet. Eden: 44 regions, Survivors: 7 regions, predicted eden time: 7.74ms, predicted base time: 0.96ms, target pause time: 200.00ms, remaining time: 191.29ms
[11.036s][debug][gc,ergo       ] GC(342) Running G1 Merge Heap Roots using 10 workers for 51 regions
[11.045s][debug][gc,ergo       ] GC(342) Running G1 Rebuild Free List Task using 10 workers for rebuilding free list of regions
[11.045s][debug][gc,ergo,heap  ] GC(342) Heap expansion: short term pause time ratio 66.70% long term pause time ratio 63.46% threshold 7.69% pause time ratio 7.69% fully expanded true resize by 0B
[11.045s][debug][gc,ergo,ihop  ] GC(342) Request concurrent cycle initiation (occupancy higher than threshold) occupancy: 895483904B allocation request: 0B threshold: 859200651B (80.02) source: end of GC
[11.045s][debug][gc,ergo,refine] GC(342) Concurrent refinement times: Logged Cards Scan time goal: 20.00ms Logged Cards Scan time: 0.02ms HCC time: 0.00ms
[11.045s][trace][gc,ergo,refine] GC(342) Updating Refinement Zones: logged cards scan time: 0.023ms, processed cards: 15, goal time: 20.000ms
[11.045s][debug][gc,ergo,refine] GC(342) Updated Refinement Zones: green: 2560, yellow: 7680, red: 12800
[11.045s][info ][gc,phases     ] GC(342)   Pre Evacuate Collection Set: 0.3ms
[11.045s][info ][gc,phases     ] GC(342)   Merge Heap Roots: 0.2ms
[11.045s][info ][gc,phases     ] GC(342)   Evacuate Collection Set: 8.4ms
[11.045s][info ][gc,phases     ] GC(342)   Post Evacuate Collection Set: 0.5ms
[11.045s][info ][gc,phases     ] GC(342)   Other: 0.2ms
[11.045s][info ][gc,heap       ] GC(342) Eden regions: 44->0(44)
[11.045s][info ][gc,heap       ] GC(342) Survivor regions: 7->7(7)
[11.045s][info ][gc,heap       ] GC(342) Old regions: 816->854
[11.045s][info ][gc,heap       ] GC(342) Archive regions: 0->0
[11.045s][info ][gc,heap       ] GC(342) Humongous regions: 0->0
[11.045s][info ][gc,metaspace  ] GC(342) Metaspace: 6341K(6464K)->6341K(6464K) NonClass: 5794K(5824K)->5794K(5824K) Class: 546K(640K)->546K(640K)
[11.045s][debug][gc,heap       ] GC(342) Heap after GC invocations=343 (full 0):
[11.045s][debug][gc,heap       ] GC(342)  garbage-first heap   total 1048576K, used 880840K [0x00000000c0000000, 0x0000000100000000)
[11.045s][debug][gc,heap       ] GC(342)   region size 1024K, 7 young (7168K), 7 survivors (7168K)
[11.045s][debug][gc,heap       ] GC(342)  Metaspace       used 6341K, committed 6464K, reserved 1114112K
[11.045s][debug][gc,heap       ] GC(342)   class space    used 546K, committed 640K, reserved 1048576K
[11.045s][info ][gc            ] GC(342) Pause Young (Normal) (G1 Evacuation Pause) 866M->860M(1024M) 9.514ms
[11.045s][info ][gc,cpu        ] GC(342) User=0.08s Sys=0.00s Real=0.01s
[11.045s][info ][safepoint     ] Safepoint "G1CollectForAllocation", Time since last: 4681300 ns, Reaching safepoint: 8500 ns, Cleanup: 6800 ns, At safepoint: 9625101 ns, Total: 9640401 ns
[11.050s][debug][gc,heap       ] GC(343) Heap before GC invocations=343 (full 0):
[11.050s][debug][gc,heap       ] GC(343)  garbage-first heap   total 1048576K, used 924872K [0x00000000c0000000, 0x0000000100000000)
[11.050s][debug][gc,heap       ] GC(343)   region size 1024K, 51 young (52224K), 7 survivors (7168K)
[11.050s][debug][gc,heap       ] GC(343)  Metaspace       used 6341K, committed 6464K, reserved 1114112K
[11.050s][debug][gc,heap       ] GC(343)   class space    used 546K, committed 640K, reserved 1048576K
[11.050s][debug][gc,ergo       ] GC(343) Initiate concurrent cycle (concurrent cycle initiation requested)
[11.050s][info ][gc,start      ] GC(343) Pause Young (Concurrent Start) (G1 Evacuation Pause)
[11.050s][info ][gc,task       ] GC(343) Using 10 workers of 10 for evacuation
[11.050s][trace][gc,ergo,cset  ] GC(343) Start choosing CSet. Pending cards: 33 target pause time: 200.00ms
[11.050s][trace][gc,ergo,cset  ] GC(343) Added young regions to CSet. Eden: 44 regions, Survivors: 7 regions, predicted eden time: 7.65ms, predicted base time: 0.93ms, target pause time: 200.00ms, remaining time: 191.42ms
[11.050s][debug][gc,ergo       ] GC(343) Running G1 Merge Heap Roots using 10 workers for 51 regions
[11.059s][debug][gc,ergo       ] GC(343) Running G1 Rebuild Free List Task using 10 workers for rebuilding free list of regions
[11.059s][debug][gc,ergo,heap  ] GC(343) Heap expansion: short term pause time ratio 65.61% long term pause time ratio 63.48% threshold 7.69% pause time ratio 7.69% fully expanded true resize by 0B
[11.059s][debug][gc,ergo,refine] GC(343) Concurrent refinement times: Logged Cards Scan time goal: 20.00ms Logged Cards Scan time: 0.04ms HCC time: 0.00ms
[11.059s][trace][gc,ergo,refine] GC(343) Updating Refinement Zones: logged cards scan time: 0.037ms, processed cards: 18, goal time: 20.000ms
[11.059s][debug][gc,ergo,refine] GC(343) Updated Refinement Zones: green: 2560, yellow: 7680, red: 12800
[11.059s][info ][gc,phases     ] GC(343)   Pre Evacuate Collection Set: 0.3ms
[11.059s][info ][gc,phases     ] GC(343)   Merge Heap Roots: 0.2ms
[11.059s][info ][gc,phases     ] GC(343)   Evacuate Collection Set: 8.1ms
[11.059s][info ][gc,phases     ] GC(343)   Post Evacuate Collection Set: 0.5ms
[11.059s][info ][gc,phases     ] GC(343)   Other: 0.3ms
[11.059s][info ][gc,heap       ] GC(343) Eden regions: 44->0(44)
[11.059s][info ][gc,heap       ] GC(343) Survivor regions: 7->7(7)
[11.059s][info ][gc,heap       ] GC(343) Old regions: 854->892
[11.059s][info ][gc,heap       ] GC(343) Archive regions: 0->0
[11.059s][info ][gc,heap       ] GC(343) Humongous regions: 0->0
[11.059s][info ][gc,metaspace  ] GC(343) Metaspace: 6341K(6464K)->6341K(6464K) NonClass: 5794K(5824K)->5794K(5824K) Class: 546K(640K)->546K(640K)
[11.059s][debug][gc,heap       ] GC(343) Heap after GC invocations=344 (full 0):
[11.059s][debug][gc,heap       ] GC(343)  garbage-first heap   total 1048576K, used 919852K [0x00000000c0000000, 0x0000000100000000)
[11.059s][debug][gc,heap       ] GC(343)   region size 1024K, 7 young (7168K), 7 survivors (7168K)
[11.059s][debug][gc,heap       ] GC(343)  Metaspace       used 6341K, committed 6464K, reserved 1114112K
[11.059s][debug][gc,heap       ] GC(343)   class space    used 546K, committed 640K, reserved 1048576K
[11.059s][info ][gc            ] GC(343) Pause Young (Concurrent Start) (G1 Evacuation Pause) 904M->898M(1024M) 9.279ms
[11.059s][info ][gc,cpu        ] GC(343) User=0.08s Sys=0.00s Real=0.01s
[11.059s][info ][safepoint     ] Safepoint "G1CollectForAllocation", Time since last: 4362800 ns, Reaching safepoint: 7500 ns, Cleanup: 8800 ns, At safepoint: 9426700 ns, Total: 9443000 ns
[11.059s][info ][gc            ] GC(344) Concurrent Mark Cycle
[11.059s][info ][gc,marking    ] GC(344) Concurrent Clear Claimed Marks
[11.059s][info ][gc,marking    ] GC(344) Concurrent Clear Claimed Marks 0.009ms
[11.059s][info ][gc,marking    ] GC(344) Concurrent Scan Root Regions
[11.059s][debug][gc,ergo       ] GC(344) Running G1 Root Region Scan using 3 workers for 46 work units.
[11.059s][info ][gc,marking    ] GC(344) Concurrent Scan Root Regions 0.140ms
[11.059s][info ][gc,marking    ] GC(344) Concurrent Mark
[11.059s][info ][gc,marking    ] GC(344) Concurrent Mark From Roots
[11.059s][info ][gc,task       ] GC(344) Using 3 workers of 3 for marking
[11.063s][info ][gc,marking    ] GC(344) Concurrent Mark From Roots 3.265ms
[11.063s][info ][gc,marking    ] GC(344) Concurrent Preclean
[11.063s][info ][gc,marking    ] GC(344) Concurrent Preclean 0.054ms
[11.063s][info ][gc,start      ] GC(344) Pause Remark
[11.064s][debug][gc,ergo       ] GC(344) Running G1 Update RemSet Tracking Before Rebuild using 3 workers for 1024 regions in heap
[11.065s][info ][gc            ] GC(344) Pause Remark 928M->531M(1024M) 1.578ms
[11.065s][info ][gc,cpu        ] GC(344) User=0.01s Sys=0.00s Real=0.01s
[11.065s][info ][safepoint     ] Safepoint "G1PauseRemark", Time since last: 3679900 ns, Reaching safepoint: 3900 ns, Cleanup: 5100 ns, At safepoint: 1620500 ns, Total: 1629500 ns
[11.065s][info ][gc,marking    ] GC(344) Concurrent Mark 5.174ms
[11.065s][info ][gc,marking    ] GC(344) Concurrent Rebuild Remembered Sets
[11.067s][debug][gc,heap       ] GC(345) Heap before GC invocations=344 (full 0):
[11.067s][debug][gc,heap       ] GC(345)  garbage-first heap   total 1048576K, used 557356K [0x00000000c0000000, 0x0000000100000000)
[11.067s][debug][gc,heap       ] GC(345)   region size 1024K, 51 young (52224K), 7 survivors (7168K)
[11.067s][debug][gc,heap       ] GC(345)  Metaspace       used 6341K, committed 6464K, reserved 1114112K
[11.067s][debug][gc,heap       ] GC(345)   class space    used 546K, committed 640K, reserved 1048576K
[11.067s][info ][gc,start      ] GC(345) Pause Young (Normal) (G1 Evacuation Pause)
[11.067s][info ][gc,task       ] GC(345) Using 10 workers of 10 for evacuation
[11.067s][trace][gc,ergo,cset  ] GC(345) Start choosing CSet. Pending cards: 53 target pause time: 200.00ms
[11.067s][trace][gc,ergo,cset  ] GC(345) Added young regions to CSet. Eden: 44 regions, Survivors: 7 regions, predicted eden time: 7.59ms, predicted base time: 0.92ms, target pause time: 200.00ms, remaining time: 191.49ms
[11.067s][debug][gc,ergo       ] GC(345) Running G1 Merge Heap Roots using 10 workers for 51 regions
[11.076s][debug][gc,ergo       ] GC(345) Running G1 Rebuild Free List Task using 10 workers for rebuilding free list of regions
[11.076s][debug][gc,ergo,heap  ] GC(345) Heap expansion: short term pause time ratio 28.68% long term pause time ratio 61.34% threshold 7.69% pause time ratio 7.69% fully expanded true resize by 0B
[11.076s][debug][gc,ergo,refine] GC(345) Concurrent refinement times: Logged Cards Scan time goal: 20.00ms Logged Cards Scan time: 0.02ms HCC time: 0.00ms
[11.076s][trace][gc,ergo,refine] GC(345) Updating Refinement Zones: logged cards scan time: 0.018ms, processed cards: 38, goal time: 20.000ms
[11.076s][debug][gc,ergo,refine] GC(345) Updated Refinement Zones: green: 2560, yellow: 7680, red: 12800
[11.076s][info ][gc,phases     ] GC(345)   Pre Evacuate Collection Set: 0.2ms
[11.076s][info ][gc,phases     ] GC(345)   Merge Heap Roots: 0.2ms
[11.076s][info ][gc,phases     ] GC(345)   Evacuate Collection Set: 8.3ms
[11.076s][info ][gc,phases     ] GC(345)   Post Evacuate Collection Set: 0.5ms
[11.076s][info ][gc,phases     ] GC(345)   Other: 0.2ms
[11.076s][info ][gc,heap       ] GC(345) Eden regions: 44->0(135)
[11.076s][info ][gc,heap       ] GC(345) Survivor regions: 7->7(7)
[11.076s][info ][gc,heap       ] GC(345) Old regions: 495->533
[11.076s][info ][gc,heap       ] GC(345) Archive regions: 0->0
[11.076s][info ][gc,heap       ] GC(345) Humongous regions: 0->0
[11.076s][info ][gc,metaspace  ] GC(345) Metaspace: 6341K(6464K)->6341K(6464K) NonClass: 5794K(5824K)->5794K(5824K) Class: 546K(640K)->546K(640K)
[11.076s][debug][gc,heap       ] GC(345) Heap after GC invocations=345 (full 0):
[11.076s][debug][gc,heap       ] GC(345)  garbage-first heap   total 1048576K, used 552336K [0x00000000c0000000, 0x0000000100000000)
[11.076s][debug][gc,heap       ] GC(345)   region size 1024K, 7 young (7168K), 7 survivors (7168K)
[11.076s][debug][gc,heap       ] GC(345)  Metaspace       used 6341K, committed 6464K, reserved 1114112K
[11.076s][debug][gc,heap       ] GC(345)   class space    used 546K, committed 640K, reserved 1048576K
[11.076s][info ][gc            ] GC(345) Pause Young (Normal) (G1 Evacuation Pause) 545M->539M(1024M) 9.268ms
[11.076s][info ][gc,cpu        ] GC(345) User=0.08s Sys=0.00s Real=0.01s
[11.076s][info ][safepoint     ] Safepoint "G1CollectForAllocation", Time since last: 1989100 ns, Reaching safepoint: 38900 ns, Cleanup: 4400 ns, At safepoint: 9444301 ns, Total: 9487601 ns
[11.077s][info ][gc,marking    ] GC(344) Concurrent Rebuild Remembered Sets 11.873ms
[11.077s][info ][gc,start      ] GC(344) Pause Cleanup
[11.077s][debug][gc,ergo,cset  ] GC(344) Pruned 126 regions out of 441, leaving 53630456 bytes waste (allowed 53687091)
[11.077s][info ][gc            ] GC(344) Pause Cleanup 543M->543M(1024M) 0.338ms
[11.077s][info ][gc,cpu        ] GC(344) User=0.00s Sys=0.00s Real=0.00s
[11.077s][info ][safepoint     ] Safepoint "G1PauseCleanup", Time since last: 527100 ns, Reaching safepoint: 2000 ns, Cleanup: 2500 ns, At safepoint: 352200 ns, Total: 356700 ns
[11.077s][info ][gc,marking    ] GC(344) Concurrent Cleanup for Next Mark
[11.077s][debug][gc,ergo       ] GC(344) Running G1 Clear Bitmap with 3 workers for 16 work units.
[11.079s][info ][gc,marking    ] GC(344) Concurrent Cleanup for Next Mark 1.765ms
[11.079s][info ][gc            ] GC(344) Concurrent Mark Cycle 19.613ms
[11.090s][debug][gc,heap       ] GC(346) Heap before GC invocations=346 (full 0):
[11.090s][debug][gc,heap       ] GC(346)  garbage-first heap   total 1048576K, used 689552K [0x00000000c0000000, 0x0000000100000000)
[11.091s][debug][gc,heap       ] GC(346)   region size 1024K, 142 young (145408K), 7 survivors (7168K)
[11.091s][debug][gc,heap       ] GC(346)  Metaspace       used 6341K, committed 6464K, reserved 1114112K
[11.091s][debug][gc,heap       ] GC(346)   class space    used 546K, committed 640K, reserved 1048576K
[11.091s][info ][gc,start      ] GC(346) Pause Young (Prepare Mixed) (G1 Evacuation Pause)
[11.091s][info ][gc,task       ] GC(346) Using 10 workers of 10 for evacuation
[11.091s][trace][gc,ergo,cset  ] GC(346) Start choosing CSet. Pending cards: 40 target pause time: 200.00ms
[11.091s][trace][gc,ergo,cset  ] GC(346) Added young regions to CSet. Eden: 135 regions, Survivors: 7 regions, predicted eden time: 20.54ms, predicted base time: 0.95ms, target pause time: 200.00ms, remaining time: 178.52ms
[11.091s][debug][gc,ergo       ] GC(346) Running G1 Merge Heap Roots using 10 workers for 142 regions
[11.111s][debug][gc,ergo       ] GC(346) Running G1 Rebuild Free List Task using 10 workers for rebuilding free list of regions
[11.111s][debug][gc,ergo,heap  ] GC(346) Heap expansion: short term pause time ratio 31.36% long term pause time ratio 61.37% threshold 7.69% pause time ratio 7.69% fully expanded true resize by 0B
[11.111s][debug][gc,ergo,refine] GC(346) Concurrent refinement times: Logged Cards Scan time goal: 20.00ms Logged Cards Scan time: 0.08ms HCC time: 0.00ms
[11.111s][trace][gc,ergo,refine] GC(346) Updating Refinement Zones: logged cards scan time: 0.081ms, processed cards: 23, goal time: 19.999ms
[11.111s][debug][gc,ergo,refine] GC(346) Updated Refinement Zones: green: 2560, yellow: 7680, red: 12800
[11.111s][info ][gc,phases     ] GC(346)   Pre Evacuate Collection Set: 0.3ms
[11.111s][info ][gc,phases     ] GC(346)   Merge Heap Roots: 0.2ms
[11.111s][info ][gc,phases     ] GC(346)   Evacuate Collection Set: 19.1ms
[11.111s][info ][gc,phases     ] GC(346)   Post Evacuate Collection Set: 0.7ms
[11.111s][info ][gc,phases     ] GC(346)   Other: 0.2ms
[11.111s][info ][gc,heap       ] GC(346) Eden regions: 135->0(33)
[11.111s][info ][gc,heap       ] GC(346) Survivor regions: 7->18(18)
[11.111s][info ][gc,heap       ] GC(346) Old regions: 533->614
[11.111s][info ][gc,heap       ] GC(346) Archive regions: 0->0
[11.111s][info ][gc,heap       ] GC(346) Humongous regions: 0->0
[11.111s][info ][gc,metaspace  ] GC(346) Metaspace: 6341K(6464K)->6341K(6464K) NonClass: 5794K(5824K)->5794K(5824K) Class: 546K(640K)->546K(640K)
[11.111s][debug][gc,heap       ] GC(346) Heap after GC invocations=347 (full 0):
[11.111s][debug][gc,heap       ] GC(346)  garbage-first heap   total 1048576K, used 646844K [0x00000000c0000000, 0x0000000100000000)
[11.111s][debug][gc,heap       ] GC(346)   region size 1024K, 18 young (18432K), 18 survivors (18432K)
[11.111s][debug][gc,heap       ] GC(346)  Metaspace       used 6341K, committed 6464K, reserved 1114112K
[11.111s][debug][gc,heap       ] GC(346)   class space    used 546K, committed 640K, reserved 1048576K
[11.111s][info ][gc            ] GC(346) Pause Young (Prepare Mixed) (G1 Evacuation Pause) 674M->631M(1024M) 20.385ms
[11.111s][info ][gc,cpu        ] GC(346) User=0.18s Sys=0.00s Real=0.02s
[11.111s][info ][safepoint     ] Safepoint "G1CollectForAllocation", Time since last: 13481800 ns, Reaching safepoint: 5200 ns, Cleanup: 5100 ns, At safepoint: 20500401 ns, Total: 20510701 ns
[11.114s][debug][gc,heap       ] GC(347) Heap before GC invocations=347 (full 0):
[11.114s][debug][gc,heap       ] GC(347)  garbage-first heap   total 1048576K, used 679612K [0x00000000c0000000, 0x0000000100000000)
[11.114s][debug][gc,heap       ] GC(347)   region size 1024K, 51 young (52224K), 18 survivors (18432K)
[11.114s][debug][gc,heap       ] GC(347)  Metaspace       used 6341K, committed 6464K, reserved 1114112K
[11.114s][debug][gc,heap       ] GC(347)   class space    used 546K, committed 640K, reserved 1048576K
[11.114s][info ][gc,start      ] GC(347) Pause Young (Mixed) (G1 Evacuation Pause)
[11.114s][info ][gc,task       ] GC(347) Using 10 workers of 10 for evacuation
[11.114s][trace][gc,ergo,cset  ] GC(347) Start choosing CSet. Pending cards: 40 target pause time: 200.00ms
[11.114s][trace][gc,ergo,cset  ] GC(347) Added young regions to CSet. Eden: 33 regions, Survivors: 18 regions, predicted eden time: 5.95ms, predicted base time: 1.08ms, target pause time: 200.00ms, remaining time: 192.97ms
[11.114s][debug][gc,ergo,cset  ] GC(347) Start adding old regions to collection set. Min 40 regions, max 103 regions, time remaining 192.97ms, optional threshold 38.59ms
[11.114s][debug][gc,ergo,cset  ] GC(347) Finish adding old regions to collection set (Maximum number of regions). Initial 103 regions, optional 0 regions
[11.114s][debug][gc,ergo,cset  ] GC(347) Finish choosing collection set old regions. Initial: 103, optional: 0, predicted old time: 0.00ms, predicted optional time: 0.00ms, time remaining: 190.77
[11.114s][debug][gc,ergo       ] GC(347) Running G1 Merge Heap Roots using 10 workers for 154 regions
[11.124s][debug][gc,ergo       ] GC(347) Running G1 Rebuild Free List Task using 10 workers for rebuilding free list of regions
[11.124s][debug][gc,ergo,heap  ] GC(347) Heap expansion: short term pause time ratio 59.80% long term pause time ratio 61.21% threshold 7.69% pause time ratio 7.69% fully expanded true resize by 0B
[11.124s][debug][gc,ergo,refine] GC(347) Concurrent refinement times: Logged Cards Scan time goal: 20.00ms Logged Cards Scan time: 0.01ms HCC time: 0.00ms
[11.124s][trace][gc,ergo,refine] GC(347) Updating Refinement Zones: logged cards scan time: 0.011ms, processed cards: 15, goal time: 19.999ms
[11.124s][debug][gc,ergo,refine] GC(347) Updated Refinement Zones: green: 2560, yellow: 7680, red: 12800
[11.124s][info ][gc,phases     ] GC(347)   Pre Evacuate Collection Set: 0.3ms
[11.124s][info ][gc,phases     ] GC(347)   Merge Heap Roots: 0.2ms
[11.124s][info ][gc,phases     ] GC(347)   Evacuate Collection Set: 9.2ms
[11.124s][info ][gc,phases     ] GC(347)   Post Evacuate Collection Set: 0.5ms
[11.124s][info ][gc,phases     ] GC(347)   Other: 0.1ms
[11.124s][info ][gc,heap       ] GC(347) Eden regions: 33->0(44)
[11.124s][info ][gc,heap       ] GC(347) Survivor regions: 18->7(7)
[11.124s][info ][gc,heap       ] GC(347) Old regions: 614->553
[11.124s][info ][gc,heap       ] GC(347) Archive regions: 0->0
[11.124s][info ][gc,heap       ] GC(347) Humongous regions: 0->0
[11.124s][info ][gc,metaspace  ] GC(347) Metaspace: 6341K(6464K)->6341K(6464K) NonClass: 5794K(5824K)->5794K(5824K) Class: 546K(640K)->546K(640K)
[11.124s][debug][gc,heap       ] GC(347) Heap after GC invocations=348 (full 0):
[11.124s][debug][gc,heap       ] GC(347)  garbage-first heap   total 1048576K, used 573116K [0x00000000c0000000, 0x0000000100000000)
[11.124s][debug][gc,heap       ] GC(347)   region size 1024K, 7 young (7168K), 7 survivors (7168K)
[11.124s][debug][gc,heap       ] GC(347)  Metaspace       used 6341K, committed 6464K, reserved 1114112K
[11.124s][debug][gc,heap       ] GC(347)   class space    used 546K, committed 640K, reserved 1048576K
[11.124s][info ][gc            ] GC(347) Pause Young (Mixed) (G1 Evacuation Pause) 664M->559M(1024M) 10.379ms
[11.124s][info ][gc,cpu        ] GC(347) User=0.09s Sys=0.00s Real=0.01s
[11.124s][info ][safepoint     ] Safepoint "G1CollectForAllocation", Time since last: 2702300 ns, Reaching safepoint: 4500 ns, Cleanup: 5800 ns, At safepoint: 10465400 ns, Total: 10475700 ns
[11.128s][debug][gc,heap       ] GC(348) Heap before GC invocations=348 (full 0):
[11.128s][debug][gc,heap       ] GC(348)  garbage-first heap   total 1048576K, used 617148K [0x00000000c0000000, 0x0000000100000000)
[11.128s][debug][gc,heap       ] GC(348)   region size 1024K, 51 young (52224K), 7 survivors (7168K)
[11.128s][debug][gc,heap       ] GC(348)  Metaspace       used 6341K, committed 6464K, reserved 1114112K
[11.128s][debug][gc,heap       ] GC(348)   class space    used 546K, committed 640K, reserved 1048576K
[11.128s][info ][gc,start      ] GC(348) Pause Young (Mixed) (G1 Evacuation Pause)
[11.128s][info ][gc,task       ] GC(348) Using 10 workers of 10 for evacuation
[11.128s][trace][gc,ergo,cset  ] GC(348) Start choosing CSet. Pending cards: 63 target pause time: 200.00ms
[11.128s][trace][gc,ergo,cset  ] GC(348) Added young regions to CSet. Eden: 44 regions, Survivors: 7 regions, predicted eden time: 7.63ms, predicted base time: 1.12ms, target pause time: 200.00ms, remaining time: 191.25ms
[11.128s][debug][gc,ergo,cset  ] GC(348) Start adding old regions to collection set. Min 40 regions, max 103 regions, time remaining 191.25ms, optional threshold 38.25ms
[11.128s][debug][gc,ergo,cset  ] GC(348) Finish adding old regions to collection set (Maximum number of regions). Initial 103 regions, optional 0 regions
[11.128s][debug][gc,ergo,cset  ] GC(348) Finish choosing collection set old regions. Initial: 103, optional: 0, predicted old time: 0.00ms, predicted optional time: 0.00ms, time remaining: 187.52
[11.129s][debug][gc,ergo       ] GC(348) Running G1 Merge Heap Roots using 10 workers for 154 regions
[11.138s][debug][gc,ergo       ] GC(348) Running G1 Rebuild Free List Task using 10 workers for rebuilding free list of regions
[11.138s][debug][gc,ergo,heap  ] GC(348) Heap expansion: short term pause time ratio 77.78% long term pause time ratio 63.91% threshold 7.69% pause time ratio 7.69% fully expanded true resize by 0B
[11.138s][debug][gc,ergo,refine] GC(348) Concurrent refinement times: Logged Cards Scan time goal: 20.00ms Logged Cards Scan time: 0.02ms HCC time: 0.00ms
[11.138s][trace][gc,ergo,refine] GC(348) Updating Refinement Zones: logged cards scan time: 0.023ms, processed cards: 32, goal time: 19.999ms
[11.138s][debug][gc,ergo,refine] GC(348) Updated Refinement Zones: green: 2560, yellow: 7680, red: 12800
[11.138s][info ][gc,phases     ] GC(348)   Pre Evacuate Collection Set: 0.4ms
[11.138s][info ][gc,phases     ] GC(348)   Merge Heap Roots: 0.2ms
[11.138s][info ][gc,phases     ] GC(348)   Evacuate Collection Set: 9.0ms
[11.138s][info ][gc,phases     ] GC(348)   Post Evacuate Collection Set: 0.5ms
[11.138s][info ][gc,phases     ] GC(348)   Other: 0.2ms
[11.138s][info ][gc,heap       ] GC(348) Eden regions: 44->0(44)
[11.138s][info ][gc,heap       ] GC(348) Survivor regions: 7->7(7)
[11.138s][info ][gc,heap       ] GC(348) Old regions: 553->494
[11.138s][info ][gc,heap       ] GC(348) Archive regions: 0->0
[11.138s][info ][gc,heap       ] GC(348) Humongous regions: 0->0
[11.138s][info ][gc,metaspace  ] GC(348) Metaspace: 6341K(6464K)->6341K(6464K) NonClass: 5794K(5824K)->5794K(5824K) Class: 546K(640K)->546K(640K)
[11.138s][debug][gc,heap       ] GC(348) Heap after GC invocations=349 (full 0):
[11.138s][debug][gc,heap       ] GC(348)  garbage-first heap   total 1048576K, used 512200K [0x00000000c0000000, 0x0000000100000000)
[11.138s][debug][gc,heap       ] GC(348)   region size 1024K, 7 young (7168K), 7 survivors (7168K)
[11.138s][debug][gc,heap       ] GC(348)  Metaspace       used 6341K, committed 6464K, reserved 1114112K
[11.138s][debug][gc,heap       ] GC(348)   class space    used 546K, committed 640K, reserved 1048576K
[11.138s][info ][gc            ] GC(348) Pause Young (Mixed) (G1 Evacuation Pause) 603M->500M(1024M) 10.197ms
[11.138s][info ][gc,cpu        ] GC(348) User=0.08s Sys=0.00s Real=0.01s
[11.138s][info ][safepoint     ] Safepoint "G1CollectForAllocation", Time since last: 3890901 ns, Reaching safepoint: 4900 ns, Cleanup: 6800 ns, At safepoint: 10300100 ns, Total: 10311800 ns
[11.142s][debug][gc,heap       ] GC(349) Heap before GC invocations=349 (full 0):
[11.142s][debug][gc,heap       ] GC(349)  garbage-first heap   total 1048576K, used 556232K [0x00000000c0000000, 0x0000000100000000)
[11.142s][debug][gc,heap       ] GC(349)   region size 1024K, 51 young (52224K), 7 survivors (7168K)
[11.142s][debug][gc,heap       ] GC(349)  Metaspace       used 6341K, committed 6464K, reserved 1114112K
[11.142s][debug][gc,heap       ] GC(349)   class space    used 546K, committed 640K, reserved 1048576K
[11.142s][info ][gc,start      ] GC(349) Pause Young (Mixed) (G1 Evacuation Pause)
[11.142s][info ][gc,task       ] GC(349) Using 10 workers of 10 for evacuation
[11.142s][trace][gc,ergo,cset  ] GC(349) Start choosing CSet. Pending cards: 104 target pause time: 200.00ms
[11.142s][trace][gc,ergo,cset  ] GC(349) Added young regions to CSet. Eden: 44 regions, Survivors: 7 regions, predicted eden time: 7.52ms, predicted base time: 1.11ms, target pause time: 200.00ms, remaining time: 191.37ms
[11.142s][debug][gc,ergo,cset  ] GC(349) Start adding old regions to collection set. Min 40 regions, max 103 regions, time remaining 191.37ms, optional threshold 38.27ms
[11.142s][debug][gc,ergo,cset  ] GC(349) Finish adding old regions to collection set (Maximum number of regions). Initial 103 regions, optional 0 regions
[11.142s][debug][gc,ergo,cset  ] GC(349) Finish choosing collection set old regions. Initial: 103, optional: 0, predicted old time: 0.00ms, predicted optional time: 0.00ms, time remaining: 184.80
[11.142s][debug][gc,ergo       ] GC(349) Running G1 Merge Heap Roots using 10 workers for 154 regions
[11.153s][debug][gc,ergo       ] GC(349) Running G1 Rebuild Free List Task using 10 workers for rebuilding free list of regions
[11.153s][debug][gc,ergo,heap  ] GC(349) Heap expansion: short term pause time ratio 70.99% long term pause time ratio 64.92% threshold 7.69% pause time ratio 7.69% fully expanded true resize by 0B
[11.153s][debug][gc,ergo,refine] GC(349) Concurrent refinement times: Logged Cards Scan time goal: 20.00ms Logged Cards Scan time: 0.03ms HCC time: 0.00ms
[11.153s][trace][gc,ergo,refine] GC(349) Updating Refinement Zones: logged cards scan time: 0.026ms, processed cards: 79, goal time: 19.999ms
[11.153s][debug][gc,ergo,refine] GC(349) Updated Refinement Zones: green: 2560, yellow: 7680, red: 12800
[11.153s][info ][gc,phases     ] GC(349)   Pre Evacuate Collection Set: 0.3ms
[11.153s][info ][gc,phases     ] GC(349)   Merge Heap Roots: 0.1ms
[11.153s][info ][gc,phases     ] GC(349)   Evacuate Collection Set: 10.0ms
[11.153s][info ][gc,phases     ] GC(349)   Post Evacuate Collection Set: 0.6ms
[11.153s][info ][gc,phases     ] GC(349)   Other: 0.1ms
[11.153s][info ][gc,heap       ] GC(349) Eden regions: 44->0(44)
[11.153s][info ][gc,heap       ] GC(349) Survivor regions: 7->7(7)
[11.153s][info ][gc,heap       ] GC(349) Old regions: 494->437
[11.153s][info ][gc,heap       ] GC(349) Archive regions: 0->0
[11.153s][info ][gc,heap       ] GC(349) Humongous regions: 0->0
[11.153s][info ][gc,metaspace  ] GC(349) Metaspace: 6341K(6464K)->6341K(6464K) NonClass: 5794K(5824K)->5794K(5824K) Class: 546K(640K)->546K(640K)
[11.153s][debug][gc,heap       ] GC(349) Heap after GC invocations=350 (full 0):
[11.153s][debug][gc,heap       ] GC(349)  garbage-first heap   total 1048576K, used 454332K [0x00000000c0000000, 0x0000000100000000)
[11.153s][debug][gc,heap       ] GC(349)   region size 1024K, 7 young (7168K), 7 survivors (7168K)
[11.153s][debug][gc,heap       ] GC(349)  Metaspace       used 6341K, committed 6464K, reserved 1114112K
[11.153s][debug][gc,heap       ] GC(349)   class space    used 546K, committed 640K, reserved 1048576K
[11.153s][info ][gc            ] GC(349) Pause Young (Mixed) (G1 Evacuation Pause) 544M->443M(1024M) 11.187ms
[11.153s][info ][gc,cpu        ] GC(349) User=0.09s Sys=0.00s Real=0.01s
[11.153s][info ][safepoint     ] Safepoint "G1CollectForAllocation", Time since last: 3393200 ns, Reaching safepoint: 3300 ns, Cleanup: 3900 ns, At safepoint: 11269501 ns, Total: 11276701 ns
[11.156s][debug][gc,heap       ] GC(350) Heap before GC invocations=350 (full 0):
[11.156s][debug][gc,heap       ] GC(350)  garbage-first heap   total 1048576K, used 498364K [0x00000000c0000000, 0x0000000100000000)
[11.156s][debug][gc,heap       ] GC(350)   region size 1024K, 51 young (52224K), 7 survivors (7168K)
[11.156s][debug][gc,heap       ] GC(350)  Metaspace       used 6341K, committed 6464K, reserved 1114112K
[11.156s][debug][gc,heap       ] GC(350)   class space    used 546K, committed 640K, reserved 1048576K
[11.156s][info ][gc,start      ] GC(350) Pause Young (Mixed) (G1 Evacuation Pause)
[11.156s][info ][gc,task       ] GC(350) Using 10 workers of 10 for evacuation
[11.156s][trace][gc,ergo,cset  ] GC(350) Start choosing CSet. Pending cards: 34 target pause time: 200.00ms
[11.156s][trace][gc,ergo,cset  ] GC(350) Added young regions to CSet. Eden: 44 regions, Survivors: 7 regions, predicted eden time: 7.52ms, predicted base time: 1.04ms, target pause time: 200.00ms, remaining time: 191.45ms
[11.156s][debug][gc,ergo,cset  ] GC(350) Start adding old regions to collection set. Min 40 regions, max 103 regions, time remaining 191.45ms, optional threshold 38.29ms
[11.156s][debug][gc,ergo,cset  ] GC(350) Old candidate collection set empty.
[11.156s][debug][gc,ergo,cset  ] GC(350) Finish choosing collection set old regions. Initial: 6, optional: 0, predicted old time: 0.00ms, predicted optional time: 0.00ms, time remaining: 190.99
[11.157s][debug][gc,ergo       ] GC(350) Running G1 Merge Heap Roots using 10 workers for 57 regions
[11.166s][debug][gc,ergo       ] GC(350) Running G1 Rebuild Free List Task using 10 workers for rebuilding free list of regions
[11.166s][debug][gc,ergo,heap  ] GC(350) Heap expansion: short term pause time ratio 75.48% long term pause time ratio 66.69% threshold 7.69% pause time ratio 7.69% fully expanded true resize by 0B
[11.166s][debug][gc,ergo       ] GC(350) do not continue mixed GCs (candidate old regions not available)
[11.166s][debug][gc,ergo,refine] GC(350) Concurrent refinement times: Logged Cards Scan time goal: 20.00ms Logged Cards Scan time: 0.02ms HCC time: 0.00ms
[11.166s][trace][gc,ergo,refine] GC(350) Updating Refinement Zones: logged cards scan time: 0.018ms, processed cards: 17, goal time: 19.999ms
[11.166s][debug][gc,ergo,refine] GC(350) Updated Refinement Zones: green: 2560, yellow: 7680, red: 12800
[11.166s][info ][gc,phases     ] GC(350)   Pre Evacuate Collection Set: 0.3ms
[11.166s][info ][gc,phases     ] GC(350)   Merge Heap Roots: 0.2ms
[11.166s][info ][gc,phases     ] GC(350)   Evacuate Collection Set: 8.8ms
[11.166s][info ][gc,phases     ] GC(350)   Post Evacuate Collection Set: 0.5ms
[11.166s][info ][gc,phases     ] GC(350)   Other: 0.2ms
[11.166s][info ][gc,heap       ] GC(350) Eden regions: 44->0(161)
[11.166s][info ][gc,heap       ] GC(350) Survivor regions: 7->7(7)
[11.166s][info ][gc,heap       ] GC(350) Old regions: 437->470
[11.166s][info ][gc,heap       ] GC(350) Archive regions: 0->0
[11.166s][info ][gc,heap       ] GC(350) Humongous regions: 0->0
[11.166s][info ][gc,metaspace  ] GC(350) Metaspace: 6341K(6464K)->6341K(6464K) NonClass: 5794K(5824K)->5794K(5824K) Class: 546K(640K)->546K(640K)
[11.166s][debug][gc,heap       ] GC(350) Heap after GC invocations=351 (full 0):
[11.166s][debug][gc,heap       ] GC(350)  garbage-first heap   total 1048576K, used 487624K [0x00000000c0000000, 0x0000000100000000)
[11.166s][debug][gc,heap       ] GC(350)   region size 1024K, 7 young (7168K), 7 survivors (7168K)
[11.166s][debug][gc,heap       ] GC(350)  Metaspace       used 6341K, committed 6464K, reserved 1114112K
[11.166s][debug][gc,heap       ] GC(350)   class space    used 546K, committed 640K, reserved 1048576K
[11.166s][info ][gc            ] GC(350) Pause Young (Mixed) (G1 Evacuation Pause) 487M->476M(1024M) 9.882ms
[11.166s][info ][gc,cpu        ] GC(350) User=0.08s Sys=0.00s Real=0.01s
[11.166s][info ][safepoint     ] Safepoint "G1CollectForAllocation", Time since last: 3225700 ns, Reaching safepoint: 5500 ns, Cleanup: 5000 ns, At safepoint: 9995300 ns, Total: 10005800 ns
[11.180s][debug][gc,heap       ] GC(351) Heap before GC invocations=351 (full 0):
[11.180s][debug][gc,heap       ] GC(351)  garbage-first heap   total 1048576K, used 651464K [0x00000000c0000000, 0x0000000100000000)
[11.180s][debug][gc,heap       ] GC(351)   region size 1024K, 168 young (172032K), 7 survivors (7168K)
[11.180s][debug][gc,heap       ] GC(351)  Metaspace       used 6341K, committed 6464K, reserved 1114112K
[11.180s][debug][gc,heap       ] GC(351)   class space    used 546K, committed 640K, reserved 1048576K
[11.180s][info ][gc,start      ] GC(351) Pause Young (Normal) (G1 Evacuation Pause)
[11.180s][info ][gc,task       ] GC(351) Using 10 workers of 10 for evacuation
[11.180s][trace][gc,ergo,cset  ] GC(351) Start choosing CSet. Pending cards: 31 target pause time: 200.00ms
[11.180s][trace][gc,ergo,cset  ] GC(351) Added young regions to CSet. Eden: 161 regions, Survivors: 7 regions, predicted eden time: 23.75ms, predicted base time: 0.95ms, target pause time: 200.00ms, remaining time: 175.30ms
[11.180s][debug][gc,ergo       ] GC(351) Running G1 Merge Heap Roots using 10 workers for 168 regions
[11.202s][debug][gc,ergo       ] GC(351) Running G1 Rebuild Free List Task using 10 workers for rebuilding free list of regions
[11.202s][debug][gc,ergo,heap  ] GC(351) Heap expansion: short term pause time ratio 73.90% long term pause time ratio 67.39% threshold 7.69% pause time ratio 7.69% fully expanded true resize by 0B
[11.202s][debug][gc,ergo,refine] GC(351) Concurrent refinement times: Logged Cards Scan time goal: 20.00ms Logged Cards Scan time: 0.03ms HCC time: 0.00ms
[11.202s][trace][gc,ergo,refine] GC(351) Updating Refinement Zones: logged cards scan time: 0.031ms, processed cards: 14, goal time: 20.000ms
[11.202s][debug][gc,ergo,refine] GC(351) Updated Refinement Zones: green: 2560, yellow: 7680, red: 12800
[11.202s][info ][gc,phases     ] GC(351)   Pre Evacuate Collection Set: 0.3ms
[11.202s][info ][gc,phases     ] GC(351)   Merge Heap Roots: 0.2ms
[11.202s][info ][gc,phases     ] GC(351)   Evacuate Collection Set: 20.9ms
[11.202s][info ][gc,phases     ] GC(351)   Post Evacuate Collection Set: 0.7ms
[11.202s][info ][gc,phases     ] GC(351)   Other: 0.2ms
[11.202s][info ][gc,heap       ] GC(351) Eden regions: 161->0(122)
[11.202s][info ][gc,heap       ] GC(351) Survivor regions: 7->21(21)
[11.202s][info ][gc,heap       ] GC(351) Old regions: 470->561
[11.202s][info ][gc,heap       ] GC(351) Archive regions: 0->0
[11.202s][info ][gc,heap       ] GC(351) Humongous regions: 0->0
[11.202s][info ][gc,metaspace  ] GC(351) Metaspace: 6341K(6464K)->6341K(6464K) NonClass: 5794K(5824K)->5794K(5824K) Class: 546K(640K)->546K(640K)
[11.202s][debug][gc,heap       ] GC(351) Heap after GC invocations=352 (full 0):
[11.202s][debug][gc,heap       ] GC(351)  garbage-first heap   total 1048576K, used 595444K [0x00000000c0000000, 0x0000000100000000)
[11.202s][debug][gc,heap       ] GC(351)   region size 1024K, 21 young (21504K), 21 survivors (21504K)
[11.202s][debug][gc,heap       ] GC(351)  Metaspace       used 6341K, committed 6464K, reserved 1114112K
[11.202s][debug][gc,heap       ] GC(351)   class space    used 546K, committed 640K, reserved 1048576K
[11.202s][info ][gc            ] GC(351) Pause Young (Normal) (G1 Evacuation Pause) 637M->581M(1024M) 22.197ms
[11.202s][info ][gc,cpu        ] GC(351) User=0.21s Sys=0.00s Real=0.02s
[11.202s][info ][safepoint     ] Safepoint "G1CollectForAllocation", Time since last: 13675600 ns, Reaching safepoint: 4900 ns, Cleanup: 4900 ns, At safepoint: 22296501 ns, Total: 22306301 ns
[11.212s][debug][gc,heap       ] GC(352) Heap before GC invocations=352 (full 0):
[11.212s][debug][gc,heap       ] GC(352)  garbage-first heap   total 1048576K, used 719348K [0x00000000c0000000, 0x0000000100000000)
[11.212s][debug][gc,heap       ] GC(352)   region size 1024K, 143 young (146432K), 21 survivors (21504K)
[11.212s][debug][gc,heap       ] GC(352)  Metaspace       used 6341K, committed 6464K, reserved 1114112K
[11.212s][debug][gc,heap       ] GC(352)   class space    used 546K, committed 640K, reserved 1048576K
[11.212s][info ][gc,start      ] GC(352) Pause Young (Normal) (G1 Evacuation Pause)
[11.212s][info ][gc,task       ] GC(352) Using 10 workers of 10 for evacuation
[11.212s][trace][gc,ergo,cset  ] GC(352) Start choosing CSet. Pending cards: 36 target pause time: 200.00ms
[11.212s][trace][gc,ergo,cset  ] GC(352) Added young regions to CSet. Eden: 122 regions, Survivors: 21 regions, predicted eden time: 18.43ms, predicted base time: 0.98ms, target pause time: 200.00ms, remaining time: 180.59ms
[11.212s][debug][gc,ergo       ] GC(352) Running G1 Merge Heap Roots using 10 workers for 143 regions
[11.232s][debug][gc,ergo       ] GC(352) Running G1 Rebuild Free List Task using 10 workers for rebuilding free list of regions
[11.232s][debug][gc,ergo,heap  ] GC(352) Heap expansion: short term pause time ratio 61.33% long term pause time ratio 66.16% threshold 7.69% pause time ratio 7.69% fully expanded true resize by 0B
[11.232s][debug][gc,ergo,refine] GC(352) Concurrent refinement times: Logged Cards Scan time goal: 20.00ms Logged Cards Scan time: 0.08ms HCC time: 0.00ms
[11.232s][trace][gc,ergo,refine] GC(352) Updating Refinement Zones: logged cards scan time: 0.081ms, processed cards: 19, goal time: 20.000ms
[11.232s][debug][gc,ergo,refine] GC(352) Updated Refinement Zones: green: 2560, yellow: 7680, red: 12800
[11.232s][info ][gc,phases     ] GC(352)   Pre Evacuate Collection Set: 0.2ms
[11.232s][info ][gc,phases     ] GC(352)   Merge Heap Roots: 0.2ms
[11.232s][info ][gc,phases     ] GC(352)   Evacuate Collection Set: 19.5ms
[11.232s][info ][gc,phases     ] GC(352)   Post Evacuate Collection Set: 0.6ms
[11.232s][info ][gc,phases     ] GC(352)   Other: 0.2ms
[11.232s][info ][gc,heap       ] GC(352) Eden regions: 122->0(89)
[11.232s][info ][gc,heap       ] GC(352) Survivor regions: 21->18(18)
[11.232s][info ][gc,heap       ] GC(352) Old regions: 561->646
[11.232s][info ][gc,heap       ] GC(352) Archive regions: 0->0
[11.232s][info ][gc,heap       ] GC(352) Humongous regions: 0->0
[11.232s][info ][gc,metaspace  ] GC(352) Metaspace: 6341K(6464K)->6341K(6464K) NonClass: 5794K(5824K)->5794K(5824K) Class: 546K(640K)->546K(640K)
[11.232s][debug][gc,heap       ] GC(352) Heap after GC invocations=353 (full 0):
[11.232s][debug][gc,heap       ] GC(352)  garbage-first heap   total 1048576K, used 679212K [0x00000000c0000000, 0x0000000100000000)
[11.232s][debug][gc,heap       ] GC(352)   region size 1024K, 18 young (18432K), 18 survivors (18432K)
[11.232s][debug][gc,heap       ] GC(352)  Metaspace       used 6341K, committed 6464K, reserved 1114112K
[11.232s][debug][gc,heap       ] GC(352)   class space    used 546K, committed 640K, reserved 1048576K
[11.232s][info ][gc            ] GC(352) Pause Young (Normal) (G1 Evacuation Pause) 703M->663M(1024M) 20.600ms
[11.232s][info ][gc,cpu        ] GC(352) User=0.19s Sys=0.00s Real=0.02s
[11.232s][info ][safepoint     ] Safepoint "G1CollectForAllocation", Time since last: 9431901 ns, Reaching safepoint: 4400 ns, Cleanup: 4300 ns, At safepoint: 20691200 ns, Total: 20699900 ns
[11.238s][debug][gc,heap       ] GC(353) Heap before GC invocations=353 (full 0):
[11.238s][debug][gc,heap       ] GC(353)  garbage-first heap   total 1048576K, used 769324K [0x00000000c0000000, 0x0000000100000000)
[11.238s][debug][gc,heap       ] GC(353)   region size 1024K, 107 young (109568K), 18 survivors (18432K)
[11.238s][debug][gc,heap       ] GC(353)  Metaspace       used 6341K, committed 6464K, reserved 1114112K
[11.238s][debug][gc,heap       ] GC(353)   class space    used 546K, committed 640K, reserved 1048576K
[11.238s][info ][gc,start      ] GC(353) Pause Young (Normal) (G1 Evacuation Pause)
[11.238s][info ][gc,task       ] GC(353) Using 10 workers of 10 for evacuation
[11.238s][trace][gc,ergo,cset  ] GC(353) Start choosing CSet. Pending cards: 32 target pause time: 200.00ms
[11.238s][trace][gc,ergo,cset  ] GC(353) Added young regions to CSet. Eden: 89 regions, Survivors: 18 regions, predicted eden time: 14.15ms, predicted base time: 0.94ms, target pause time: 200.00ms, remaining time: 184.91ms
[11.238s][debug][gc,ergo       ] GC(353) Running G1 Merge Heap Roots using 10 workers for 107 regions
[11.255s][debug][gc,ergo       ] GC(353) Running G1 Rebuild Free List Task using 10 workers for rebuilding free list of regions
[11.255s][debug][gc,ergo,heap  ] GC(353) Heap expansion: short term pause time ratio 67.95% long term pause time ratio 66.46% threshold 7.69% pause time ratio 7.69% fully expanded true resize by 0B
[11.255s][debug][gc,ergo,refine] GC(353) Concurrent refinement times: Logged Cards Scan time goal: 20.00ms Logged Cards Scan time: 0.03ms HCC time: 0.00ms
[11.255s][trace][gc,ergo,refine] GC(353) Updating Refinement Zones: logged cards scan time: 0.027ms, processed cards: 8, goal time: 19.998ms
[11.255s][debug][gc,ergo,refine] GC(353) Updated Refinement Zones: green: 2560, yellow: 7680, red: 12800
[11.255s][info ][gc,phases     ] GC(353)   Pre Evacuate Collection Set: 0.3ms
[11.255s][info ][gc,phases     ] GC(353)   Merge Heap Roots: 0.2ms
[11.255s][info ][gc,phases     ] GC(353)   Evacuate Collection Set: 15.8ms
[11.255s][info ][gc,phases     ] GC(353)   Post Evacuate Collection Set: 0.7ms
[11.255s][info ][gc,phases     ] GC(353)   Other: 0.2ms
[11.255s][info ][gc,heap       ] GC(353) Eden regions: 89->0(64)
[11.255s][info ][gc,heap       ] GC(353) Survivor regions: 18->14(14)
[11.255s][info ][gc,heap       ] GC(353) Old regions: 646->717
[11.255s][info ][gc,heap       ] GC(353) Archive regions: 0->0
[11.255s][info ][gc,heap       ] GC(353) Humongous regions: 0->0
[11.255s][info ][gc,metaspace  ] GC(353) Metaspace: 6341K(6464K)->6341K(6464K) NonClass: 5794K(5824K)->5794K(5824K) Class: 546K(640K)->546K(640K)
[11.255s][debug][gc,heap       ] GC(353) Heap after GC invocations=354 (full 0):
[11.255s][debug][gc,heap       ] GC(353)  garbage-first heap   total 1048576K, used 748020K [0x00000000c0000000, 0x0000000100000000)
[11.255s][debug][gc,heap       ] GC(353)   region size 1024K, 14 young (14336K), 14 survivors (14336K)
[11.255s][debug][gc,heap       ] GC(353)  Metaspace       used 6341K, committed 6464K, reserved 1114112K
[11.255s][debug][gc,heap       ] GC(353)   class space    used 546K, committed 640K, reserved 1048576K
[11.255s][info ][gc            ] GC(353) Pause Young (Normal) (G1 Evacuation Pause) 752M->730M(1024M) 17.199ms
[11.255s][info ][gc,cpu        ] GC(353) User=0.16s Sys=0.00s Real=0.02s
[11.255s][info ][safepoint     ] Safepoint "G1CollectForAllocation", Time since last: 5496901 ns, Reaching safepoint: 4200 ns, Cleanup: 5400 ns, At safepoint: 17298200 ns, Total: 17307800 ns
[11.261s][debug][gc,heap       ] GC(354) Heap before GC invocations=354 (full 0):
[11.261s][debug][gc,heap       ] GC(354)  garbage-first heap   total 1048576K, used 812532K [0x00000000c0000000, 0x0000000100000000)
[11.261s][debug][gc,heap       ] GC(354)   region size 1024K, 78 young (79872K), 14 survivors (14336K)
[11.261s][debug][gc,heap       ] GC(354)  Metaspace       used 6341K, committed 6464K, reserved 1114112K
[11.261s][debug][gc,heap       ] GC(354)   class space    used 546K, committed 640K, reserved 1048576K
[11.261s][info ][gc,start      ] GC(354) Pause Young (Normal) (G1 Evacuation Pause)
[11.261s][info ][gc,task       ] GC(354) Using 10 workers of 10 for evacuation
[11.261s][trace][gc,ergo,cset  ] GC(354) Start choosing CSet. Pending cards: 39 target pause time: 200.00ms
[11.261s][trace][gc,ergo,cset  ] GC(354) Added young regions to CSet. Eden: 64 regions, Survivors: 14 regions, predicted eden time: 10.66ms, predicted base time: 1.04ms, target pause time: 200.00ms, remaining time: 188.30ms
[11.261s][debug][gc,ergo       ] GC(354) Running G1 Merge Heap Roots using 10 workers for 78 regions
[11.274s][debug][gc,ergo       ] GC(354) Running G1 Rebuild Free List Task using 10 workers for rebuilding free list of regions
[11.274s][debug][gc,ergo,heap  ] GC(354) Heap expansion: short term pause time ratio 74.75% long term pause time ratio 68.52% threshold 7.69% pause time ratio 7.69% fully expanded true resize by 0B
[11.274s][debug][gc,ergo,refine] GC(354) Concurrent refinement times: Logged Cards Scan time goal: 20.00ms Logged Cards Scan time: 0.02ms HCC time: 0.00ms
[11.274s][trace][gc,ergo,refine] GC(354) Updating Refinement Zones: logged cards scan time: 0.023ms, processed cards: 22, goal time: 20.000ms
[11.274s][debug][gc,ergo,refine] GC(354) Updated Refinement Zones: green: 2560, yellow: 7680, red: 12800
[11.274s][info ][gc,phases     ] GC(354)   Pre Evacuate Collection Set: 0.3ms
[11.274s][info ][gc,phases     ] GC(354)   Merge Heap Roots: 0.2ms
[11.274s][info ][gc,phases     ] GC(354)   Evacuate Collection Set: 12.3ms
[11.274s][info ][gc,phases     ] GC(354)   Post Evacuate Collection Set: 0.5ms
[11.274s][info ][gc,phases     ] GC(354)   Other: 0.2ms
[11.274s][info ][gc,heap       ] GC(354) Eden regions: 64->0(46)
[11.274s][info ][gc,heap       ] GC(354) Survivor regions: 14->10(10)
[11.274s][info ][gc,heap       ] GC(354) Old regions: 717->771
[11.274s][info ][gc,heap       ] GC(354) Archive regions: 0->0
[11.274s][info ][gc,heap       ] GC(354) Humongous regions: 0->0
[11.274s][info ][gc,metaspace  ] GC(354) Metaspace: 6341K(6464K)->6341K(6464K) NonClass: 5794K(5824K)->5794K(5824K) Class: 546K(640K)->546K(640K)
[11.274s][debug][gc,heap       ] GC(354) Heap after GC invocations=355 (full 0):
[11.274s][debug][gc,heap       ] GC(354)  garbage-first heap   total 1048576K, used 799320K [0x00000000c0000000, 0x0000000100000000)
[11.274s][debug][gc,heap       ] GC(354)   region size 1024K, 10 young (10240K), 10 survivors (10240K)
[11.274s][debug][gc,heap       ] GC(354)  Metaspace       used 6341K, committed 6464K, reserved 1114112K
[11.274s][debug][gc,heap       ] GC(354)   class space    used 546K, committed 640K, reserved 1048576K
[11.274s][info ][gc            ] GC(354) Pause Young (Normal) (G1 Evacuation Pause) 794M->780M(1024M) 13.377ms
[11.274s][info ][gc,cpu        ] GC(354) User=0.12s Sys=0.00s Real=0.02s
[11.274s][info ][safepoint     ] Safepoint "G1CollectForAllocation", Time since last: 5658500 ns, Reaching safepoint: 6600 ns, Cleanup: 6000 ns, At safepoint: 13465201 ns, Total: 13477801 ns
[11.278s][debug][gc,heap       ] GC(355) Heap before GC invocations=355 (full 0):
[11.278s][debug][gc,heap       ] GC(355)  garbage-first heap   total 1048576K, used 845400K [0x00000000c0000000, 0x0000000100000000)
[11.278s][debug][gc,heap       ] GC(355)   region size 1024K, 56 young (57344K), 10 survivors (10240K)
[11.278s][debug][gc,heap       ] GC(355)  Metaspace       used 6341K, committed 6464K, reserved 1114112K
[11.278s][debug][gc,heap       ] GC(355)   class space    used 546K, committed 640K, reserved 1048576K
[11.278s][info ][gc,start      ] GC(355) Pause Young (Normal) (G1 Evacuation Pause)
[11.278s][info ][gc,task       ] GC(355) Using 10 workers of 10 for evacuation
[11.278s][trace][gc,ergo,cset  ] GC(355) Start choosing CSet. Pending cards: 36 target pause time: 200.00ms
[11.278s][trace][gc,ergo,cset  ] GC(355) Added young regions to CSet. Eden: 46 regions, Survivors: 10 regions, predicted eden time: 8.00ms, predicted base time: 0.97ms, target pause time: 200.00ms, remaining time: 191.02ms
[11.278s][debug][gc,ergo       ] GC(355) Running G1 Merge Heap Roots using 10 workers for 56 regions
[11.288s][debug][gc,ergo       ] GC(355) Running G1 Rebuild Free List Task using 10 workers for rebuilding free list of regions
[11.288s][debug][gc,ergo,heap  ] GC(355) Heap expansion: short term pause time ratio 68.88% long term pause time ratio 67.86% threshold 7.69% pause time ratio 7.69% fully expanded true resize by 0B
[11.288s][debug][gc,ergo,refine] GC(355) Concurrent refinement times: Logged Cards Scan time goal: 20.00ms Logged Cards Scan time: 0.03ms HCC time: 0.00ms
[11.288s][trace][gc,ergo,refine] GC(355) Updating Refinement Zones: logged cards scan time: 0.029ms, processed cards: 19, goal time: 20.000ms
[11.288s][debug][gc,ergo,refine] GC(355) Updated Refinement Zones: green: 2560, yellow: 7680, red: 12800
[11.288s][info ][gc,phases     ] GC(355)   Pre Evacuate Collection Set: 0.3ms
[11.288s][info ][gc,phases     ] GC(355)   Merge Heap Roots: 0.2ms
[11.288s][info ][gc,phases     ] GC(355)   Evacuate Collection Set: 9.3ms
[11.288s][info ][gc,phases     ] GC(355)   Post Evacuate Collection Set: 0.8ms
[11.288s][info ][gc,phases     ] GC(355)   Other: 0.2ms
[11.288s][info ][gc,heap       ] GC(355) Eden regions: 46->0(44)
[11.288s][info ][gc,heap       ] GC(355) Survivor regions: 10->7(7)
[11.288s][info ][gc,heap       ] GC(355) Old regions: 771->814
[11.288s][info ][gc,heap       ] GC(355) Archive regions: 0->0
[11.288s][info ][gc,heap       ] GC(355) Humongous regions: 0->0
[11.288s][info ][gc,metaspace  ] GC(355) Metaspace: 6341K(6464K)->6341K(6464K) NonClass: 5794K(5824K)->5794K(5824K) Class: 546K(640K)->546K(640K)
[11.288s][debug][gc,heap       ] GC(355) Heap after GC invocations=356 (full 0):
[11.288s][debug][gc,heap       ] GC(355)  garbage-first heap   total 1048576K, used 840180K [0x00000000c0000000, 0x0000000100000000)
[11.288s][debug][gc,heap       ] GC(355)   region size 1024K, 7 young (7168K), 7 survivors (7168K)
[11.288s][debug][gc,heap       ] GC(355)  Metaspace       used 6341K, committed 6464K, reserved 1114112K
[11.288s][debug][gc,heap       ] GC(355)   class space    used 546K, committed 640K, reserved 1048576K
[11.288s][info ][gc            ] GC(355) Pause Young (Normal) (G1 Evacuation Pause) 826M->820M(1024M) 10.681ms
[11.288s][info ][gc,cpu        ] GC(355) User=0.09s Sys=0.00s Real=0.01s
[11.288s][info ][safepoint     ] Safepoint "G1CollectForAllocation", Time since last: 3226100 ns, Reaching safepoint: 5100 ns, Cleanup: 5800 ns, At safepoint: 10772900 ns, Total: 10783800 ns
[11.294s][debug][gc,heap       ] GC(356) Heap before GC invocations=356 (full 0):
[11.294s][debug][gc,heap       ] GC(356)  garbage-first heap   total 1048576K, used 884212K [0x00000000c0000000, 0x0000000100000000)
[11.294s][debug][gc,heap       ] GC(356)   region size 1024K, 51 young (52224K), 7 survivors (7168K)
[11.294s][debug][gc,heap       ] GC(356)  Metaspace       used 6341K, committed 6464K, reserved 1114112K
[11.294s][debug][gc,heap       ] GC(356)   class space    used 546K, committed 640K, reserved 1048576K
[11.294s][info ][gc,start      ] GC(356) Pause Young (Normal) (G1 Evacuation Pause)
[11.294s][info ][gc,task       ] GC(356) Using 10 workers of 10 for evacuation
[11.294s][trace][gc,ergo,cset  ] GC(356) Start choosing CSet. Pending cards: 33 target pause time: 200.00ms
[11.294s][trace][gc,ergo,cset  ] GC(356) Added young regions to CSet. Eden: 44 regions, Survivors: 7 regions, predicted eden time: 7.66ms, predicted base time: 0.99ms, target pause time: 200.00ms, remaining time: 191.35ms
[11.294s][debug][gc,ergo       ] GC(356) Running G1 Merge Heap Roots using 10 workers for 51 regions
[11.303s][debug][gc,ergo       ] GC(356) Running G1 Rebuild Free List Task using 10 workers for rebuilding free list of regions
[11.303s][debug][gc,ergo,heap  ] GC(356) Heap expansion: short term pause time ratio 75.36% long term pause time ratio 68.54% threshold 7.69% pause time ratio 7.69% fully expanded true resize by 0B
[11.303s][debug][gc,ergo,ihop  ] GC(356) Request concurrent cycle initiation (occupancy higher than threshold) occupancy: 892338176B allocation request: 0B threshold: 859201207B (80.02) source: end of GC
[11.303s][debug][gc,ergo,refine] GC(356) Concurrent refinement times: Logged Cards Scan time goal: 20.00ms Logged Cards Scan time: 0.01ms HCC time: 0.00ms
[11.303s][trace][gc,ergo,refine] GC(356) Updating Refinement Zones: logged cards scan time: 0.013ms, processed cards: 24, goal time: 20.000ms
[11.303s][debug][gc,ergo,refine] GC(356) Updated Refinement Zones: green: 2560, yellow: 7680, red: 12800
[11.303s][info ][gc,phases     ] GC(356)   Pre Evacuate Collection Set: 0.2ms
[11.303s][info ][gc,phases     ] GC(356)   Merge Heap Roots: 0.2ms
[11.303s][info ][gc,phases     ] GC(356)   Evacuate Collection Set: 8.1ms
[11.303s][info ][gc,phases     ] GC(356)   Post Evacuate Collection Set: 0.5ms
[11.303s][info ][gc,phases     ] GC(356)   Other: 0.2ms
[11.303s][info ][gc,heap       ] GC(356) Eden regions: 44->0(44)
[11.303s][info ][gc,heap       ] GC(356) Survivor regions: 7->7(7)
[11.303s][info ][gc,heap       ] GC(356) Old regions: 814->851
[11.303s][info ][gc,heap       ] GC(356) Archive regions: 0->0
[11.303s][info ][gc,heap       ] GC(356) Humongous regions: 0->0
[11.303s][info ][gc,metaspace  ] GC(356) Metaspace: 6341K(6464K)->6341K(6464K) NonClass: 5794K(5824K)->5794K(5824K) Class: 546K(640K)->546K(640K)
[11.303s][debug][gc,heap       ] GC(356) Heap after GC invocations=357 (full 0):
[11.303s][debug][gc,heap       ] GC(356)  garbage-first heap   total 1048576K, used 878068K [0x00000000c0000000, 0x0000000100000000)
[11.303s][debug][gc,heap       ] GC(356)   region size 1024K, 7 young (7168K), 7 survivors (7168K)
[11.303s][debug][gc,heap       ] GC(356)  Metaspace       used 6341K, committed 6464K, reserved 1114112K
[11.303s][debug][gc,heap       ] GC(356)   class space    used 546K, committed 640K, reserved 1048576K
[11.303s][info ][gc            ] GC(356) Pause Young (Normal) (G1 Evacuation Pause) 864M->857M(1024M) 9.061ms
[11.303s][info ][gc,cpu        ] GC(356) User=0.07s Sys=0.00s Real=0.00s
[11.303s][info ][safepoint     ] Safepoint "G1CollectForAllocation", Time since last: 5338501 ns, Reaching safepoint: 6700 ns, Cleanup: 6700 ns, At safepoint: 9166800 ns, Total: 9180200 ns
[11.306s][debug][gc,heap       ] GC(357) Heap before GC invocations=357 (full 0):
[11.306s][debug][gc,heap       ] GC(357)  garbage-first heap   total 1048576K, used 922100K [0x00000000c0000000, 0x0000000100000000)
[11.306s][debug][gc,heap       ] GC(357)   region size 1024K, 51 young (52224K), 7 survivors (7168K)
[11.306s][debug][gc,heap       ] GC(357)  Metaspace       used 6341K, committed 6464K, reserved 1114112K
[11.306s][debug][gc,heap       ] GC(357)   class space    used 546K, committed 640K, reserved 1048576K
[11.306s][debug][gc,ergo       ] GC(357) Initiate concurrent cycle (concurrent cycle initiation requested)
[11.306s][info ][gc,start      ] GC(357) Pause Young (Concurrent Start) (G1 Evacuation Pause)
[11.306s][info ][gc,task       ] GC(357) Using 10 workers of 10 for evacuation
[11.306s][trace][gc,ergo,cset  ] GC(357) Start choosing CSet. Pending cards: 29 target pause time: 200.00ms
[11.306s][trace][gc,ergo,cset  ] GC(357) Added young regions to CSet. Eden: 44 regions, Survivors: 7 regions, predicted eden time: 7.51ms, predicted base time: 0.93ms, target pause time: 200.00ms, remaining time: 191.56ms
[11.307s][debug][gc,ergo       ] GC(357) Running G1 Merge Heap Roots using 10 workers for 51 regions
[11.316s][debug][gc,ergo       ] GC(357) Running G1 Rebuild Free List Task using 10 workers for rebuilding free list of regions
[11.316s][debug][gc,ergo,heap  ] GC(357) Heap expansion: short term pause time ratio 61.53% long term pause time ratio 69.55% threshold 7.69% pause time ratio 7.69% fully expanded true resize by 0B
[11.316s][debug][gc,ergo,refine] GC(357) Concurrent refinement times: Logged Cards Scan time goal: 20.00ms Logged Cards Scan time: 0.03ms HCC time: 0.00ms
[11.316s][trace][gc,ergo,refine] GC(357) Updating Refinement Zones: logged cards scan time: 0.026ms, processed cards: 20, goal time: 20.000ms
[11.316s][debug][gc,ergo,refine] GC(357) Updated Refinement Zones: green: 2560, yellow: 7680, red: 12800
[11.316s][info ][gc,phases     ] GC(357)   Pre Evacuate Collection Set: 0.2ms
[11.316s][info ][gc,phases     ] GC(357)   Merge Heap Roots: 0.2ms
[11.316s][info ][gc,phases     ] GC(357)   Evacuate Collection Set: 8.5ms
[11.316s][info ][gc,phases     ] GC(357)   Post Evacuate Collection Set: 0.5ms
[11.316s][info ][gc,phases     ] GC(357)   Other: 0.2ms
[11.316s][info ][gc,heap       ] GC(357) Eden regions: 44->0(44)
[11.316s][info ][gc,heap       ] GC(357) Survivor regions: 7->7(7)
[11.316s][info ][gc,heap       ] GC(357) Old regions: 851->889
[11.316s][info ][gc,heap       ] GC(357) Archive regions: 0->0
[11.316s][info ][gc,heap       ] GC(357) Humongous regions: 0->0
[11.316s][info ][gc,metaspace  ] GC(357) Metaspace: 6341K(6464K)->6341K(6464K) NonClass: 5794K(5824K)->5794K(5824K) Class: 546K(640K)->546K(640K)
[11.316s][debug][gc,heap       ] GC(357) Heap after GC invocations=358 (full 0):
[11.316s][debug][gc,heap       ] GC(357)  garbage-first heap   total 1048576K, used 917180K [0x00000000c0000000, 0x0000000100000000)
[11.316s][debug][gc,heap       ] GC(357)   region size 1024K, 7 young (7168K), 7 survivors (7168K)
[11.316s][debug][gc,heap       ] GC(357)  Metaspace       used 6341K, committed 6464K, reserved 1114112K
[11.316s][debug][gc,heap       ] GC(357)   class space    used 546K, committed 640K, reserved 1048576K
[11.316s][info ][gc            ] GC(357) Pause Young (Concurrent Start) (G1 Evacuation Pause) 901M->895M(1024M) 9.617ms
[11.316s][info ][gc,cpu        ] GC(357) User=0.08s Sys=0.00s Real=0.01s
[11.316s][info ][safepoint     ] Safepoint "G1CollectForAllocation", Time since last: 3346800 ns, Reaching safepoint: 3600 ns, Cleanup: 5600 ns, At safepoint: 9738000 ns, Total: 9747200 ns
[11.316s][info ][gc            ] GC(358) Concurrent Mark Cycle
[11.316s][info ][gc,marking    ] GC(358) Concurrent Clear Claimed Marks
[11.316s][info ][gc,marking    ] GC(358) Concurrent Clear Claimed Marks 0.010ms
[11.316s][info ][gc,marking    ] GC(358) Concurrent Scan Root Regions
[11.316s][debug][gc,ergo       ] GC(358) Running G1 Root Region Scan using 3 workers for 46 work units.
[11.316s][info ][gc,marking    ] GC(358) Concurrent Scan Root Regions 0.127ms
[11.316s][info ][gc,marking    ] GC(358) Concurrent Mark
[11.316s][info ][gc,marking    ] GC(358) Concurrent Mark From Roots
[11.316s][info ][gc,task       ] GC(358) Using 3 workers of 3 for marking
[11.321s][info ][gc,marking    ] GC(358) Concurrent Mark From Roots 4.580ms
[11.321s][info ][gc,marking    ] GC(358) Concurrent Preclean
[11.321s][info ][gc,marking    ] GC(358) Concurrent Preclean 0.062ms
[11.321s][info ][gc,start      ] GC(358) Pause Remark
[11.322s][debug][gc,ergo       ] GC(358) Running G1 Update RemSet Tracking Before Rebuild using 3 workers for 1024 regions in heap
[11.323s][info ][gc            ] GC(358) Pause Remark 926M->525M(1024M) 1.585ms
[11.323s][info ][gc,cpu        ] GC(358) User=0.01s Sys=0.00s Real=0.00s
[11.323s][info ][safepoint     ] Safepoint "G1PauseRemark", Time since last: 5067701 ns, Reaching safepoint: 116500 ns, Cleanup: 10600 ns, At safepoint: 1666900 ns, Total: 1794000 ns
[11.323s][info ][gc,marking    ] GC(358) Concurrent Mark 6.699ms
[11.323s][info ][gc,marking    ] GC(358) Concurrent Rebuild Remembered Sets
[11.325s][debug][gc,heap       ] GC(359) Heap before GC invocations=358 (full 0):
[11.325s][debug][gc,heap       ] GC(359)  garbage-first heap   total 1048576K, used 550588K [0x00000000c0000000, 0x0000000100000000)
[11.325s][debug][gc,heap       ] GC(359)   region size 1024K, 51 young (52224K), 7 survivors (7168K)
[11.325s][debug][gc,heap       ] GC(359)  Metaspace       used 6341K, committed 6464K, reserved 1114112K
[11.325s][debug][gc,heap       ] GC(359)   class space    used 546K, committed 640K, reserved 1048576K
[11.325s][info ][gc,start      ] GC(359) Pause Young (Normal) (G1 Evacuation Pause)
[11.325s][info ][gc,task       ] GC(359) Using 10 workers of 10 for evacuation
[11.325s][trace][gc,ergo,cset  ] GC(359) Start choosing CSet. Pending cards: 70 target pause time: 200.00ms
[11.325s][trace][gc,ergo,cset  ] GC(359) Added young regions to CSet. Eden: 44 regions, Survivors: 7 regions, predicted eden time: 7.51ms, predicted base time: 0.91ms, target pause time: 200.00ms, remaining time: 191.58ms
[11.325s][debug][gc,ergo       ] GC(359) Running G1 Merge Heap Roots using 10 workers for 51 regions
[11.334s][debug][gc,ergo       ] GC(359) Running G1 Rebuild Free List Task using 10 workers for rebuilding free list of regions
[11.334s][debug][gc,ergo,heap  ] GC(359) Heap expansion: short term pause time ratio 22.44% long term pause time ratio 67.30% threshold 7.69% pause time ratio 7.69% fully expanded true resize by 0B
[11.334s][debug][gc,ergo,refine] GC(359) Concurrent refinement times: Logged Cards Scan time goal: 20.00ms Logged Cards Scan time: 0.02ms HCC time: 0.00ms
[11.334s][trace][gc,ergo,refine] GC(359) Updating Refinement Zones: logged cards scan time: 0.022ms, processed cards: 53, goal time: 20.000ms
[11.334s][debug][gc,ergo,refine] GC(359) Updated Refinement Zones: green: 2560, yellow: 7680, red: 12800
[11.334s][info ][gc,phases     ] GC(359)   Pre Evacuate Collection Set: 0.2ms
[11.334s][info ][gc,phases     ] GC(359)   Merge Heap Roots: 0.1ms
[11.334s][info ][gc,phases     ] GC(359)   Evacuate Collection Set: 8.3ms
[11.334s][info ][gc,phases     ] GC(359)   Post Evacuate Collection Set: 0.6ms
[11.334s][info ][gc,phases     ] GC(359)   Other: 0.1ms
[11.334s][info ][gc,heap       ] GC(359) Eden regions: 44->0(135)
[11.334s][info ][gc,heap       ] GC(359) Survivor regions: 7->7(7)
[11.334s][info ][gc,heap       ] GC(359) Old regions: 488->527
[11.334s][info ][gc,heap       ] GC(359) Archive regions: 0->0
[11.334s][info ][gc,heap       ] GC(359) Humongous regions: 0->0
[11.334s][info ][gc,metaspace  ] GC(359) Metaspace: 6341K(6464K)->6341K(6464K) NonClass: 5794K(5824K)->5794K(5824K) Class: 546K(640K)->546K(640K)
[11.334s][debug][gc,heap       ] GC(359) Heap after GC invocations=359 (full 0):
[11.334s][debug][gc,heap       ] GC(359)  garbage-first heap   total 1048576K, used 545992K [0x00000000c0000000, 0x0000000100000000)
[11.334s][debug][gc,heap       ] GC(359)   region size 1024K, 7 young (7168K), 7 survivors (7168K)
[11.334s][debug][gc,heap       ] GC(359)  Metaspace       used 6341K, committed 6464K, reserved 1114112K
[11.334s][debug][gc,heap       ] GC(359)   class space    used 546K, committed 640K, reserved 1048576K
[11.334s][info ][gc            ] GC(359) Pause Young (Normal) (G1 Evacuation Pause) 538M->533M(1024M) 9.303ms
[11.334s][info ][gc,cpu        ] GC(359) User=0.08s Sys=0.00s Real=0.01s
[11.334s][info ][safepoint     ] Safepoint "G1CollectForAllocation", Time since last: 1778900 ns, Reaching safepoint: 48400 ns, Cleanup: 4800 ns, At safepoint: 9444400 ns, Total: 9497600 ns
[11.335s][info ][gc,marking    ] GC(358) Concurrent Rebuild Remembered Sets 11.777ms
[11.335s][info ][gc,start      ] GC(358) Pause Cleanup
[11.335s][debug][gc,ergo,cset  ] GC(358) Pruned 128 regions out of 431, leaving 53193048 bytes waste (allowed 53687091)
[11.335s][info ][gc            ] GC(358) Pause Cleanup 538M->538M(1024M) 0.346ms
[11.335s][info ][gc,cpu        ] GC(358) User=0.00s Sys=0.00s Real=0.00s
[11.335s][info ][safepoint     ] Safepoint "G1PauseCleanup", Time since last: 628100 ns, Reaching safepoint: 2300 ns, Cleanup: 2200 ns, At safepoint: 362300 ns, Total: 366800 ns
[11.335s][info ][gc,marking    ] GC(358) Concurrent Cleanup for Next Mark
[11.335s][debug][gc,ergo       ] GC(358) Running G1 Clear Bitmap with 3 workers for 16 work units.
[11.337s][info ][gc,marking    ] GC(358) Concurrent Cleanup for Next Mark 1.850ms
[11.337s][info ][gc            ] GC(358) Concurrent Mark Cycle 21.120ms
[11.347s][debug][gc,heap       ] GC(360) Heap before GC invocations=360 (full 0):
[11.347s][debug][gc,heap       ] GC(360)  garbage-first heap   total 1048576K, used 683208K [0x00000000c0000000, 0x0000000100000000)
[11.347s][debug][gc,heap       ] GC(360)   region size 1024K, 142 young (145408K), 7 survivors (7168K)
[11.347s][debug][gc,heap       ] GC(360)  Metaspace       used 6341K, committed 6464K, reserved 1114112K
[11.347s][debug][gc,heap       ] GC(360)   class space    used 546K, committed 640K, reserved 1048576K
[11.347s][info ][gc,start      ] GC(360) Pause Young (Prepare Mixed) (G1 Evacuation Pause)
[11.347s][info ][gc,task       ] GC(360) Using 10 workers of 10 for evacuation
[11.347s][trace][gc,ergo,cset  ] GC(360) Start choosing CSet. Pending cards: 61 target pause time: 200.00ms
[11.347s][trace][gc,ergo,cset  ] GC(360) Added young regions to CSet. Eden: 135 regions, Survivors: 7 regions, predicted eden time: 21.05ms, predicted base time: 0.96ms, target pause time: 200.00ms, remaining time: 177.98ms
[11.347s][debug][gc,ergo       ] GC(360) Running G1 Merge Heap Roots using 10 workers for 142 regions
[11.366s][debug][gc,ergo       ] GC(360) Running G1 Rebuild Free List Task using 10 workers for rebuilding free list of regions
[11.366s][debug][gc,ergo,heap  ] GC(360) Heap expansion: short term pause time ratio 28.80% long term pause time ratio 66.79% threshold 7.69% pause time ratio 7.69% fully expanded true resize by 0B
[11.366s][debug][gc,ergo,refine] GC(360) Concurrent refinement times: Logged Cards Scan time goal: 20.00ms Logged Cards Scan time: 0.05ms HCC time: 0.00ms
[11.366s][trace][gc,ergo,refine] GC(360) Updating Refinement Zones: logged cards scan time: 0.046ms, processed cards: 36, goal time: 19.999ms
[11.366s][debug][gc,ergo,refine] GC(360) Updated Refinement Zones: green: 2560, yellow: 7680, red: 12800
[11.366s][info ][gc,phases     ] GC(360)   Pre Evacuate Collection Set: 0.2ms
[11.366s][info ][gc,phases     ] GC(360)   Merge Heap Roots: 0.2ms
[11.366s][info ][gc,phases     ] GC(360)   Evacuate Collection Set: 18.6ms
[11.366s][info ][gc,phases     ] GC(360)   Post Evacuate Collection Set: 0.6ms
[11.367s][info ][gc,phases     ] GC(360)   Other: 0.2ms
[11.367s][info ][gc,heap       ] GC(360) Eden regions: 135->0(33)
[11.367s][info ][gc,heap       ] GC(360) Survivor regions: 7->18(18)
[11.367s][info ][gc,heap       ] GC(360) Old regions: 527->610
[11.367s][info ][gc,heap       ] GC(360) Archive regions: 0->0
[11.367s][info ][gc,heap       ] GC(360) Humongous regions: 0->0
[11.367s][info ][gc,metaspace  ] GC(360) Metaspace: 6341K(6464K)->6341K(6464K) NonClass: 5794K(5824K)->5794K(5824K) Class: 546K(640K)->546K(640K)
[11.367s][debug][gc,heap       ] GC(360) Heap after GC invocations=361 (full 0):
[11.367s][debug][gc,heap       ] GC(360)  garbage-first heap   total 1048576K, used 642948K [0x00000000c0000000, 0x0000000100000000)
[11.367s][debug][gc,heap       ] GC(360)   region size 1024K, 18 young (18432K), 18 survivors (18432K)
[11.367s][debug][gc,heap       ] GC(360)  Metaspace       used 6341K, committed 6464K, reserved 1114112K
[11.367s][debug][gc,heap       ] GC(360)   class space    used 546K, committed 640K, reserved 1048576K
[11.367s][info ][gc            ] GC(360) Pause Young (Prepare Mixed) (G1 Evacuation Pause) 668M->627M(1024M) 19.843ms
[11.367s][info ][gc,cpu        ] GC(360) User=0.19s Sys=0.00s Real=0.02s
[11.367s][info ][safepoint     ] Safepoint "G1CollectForAllocation", Time since last: 11619201 ns, Reaching safepoint: 5400 ns, Cleanup: 5800 ns, At safepoint: 20000500 ns, Total: 20011700 ns
[11.369s][debug][gc,heap       ] GC(361) Heap before GC invocations=361 (full 0):
[11.369s][debug][gc,heap       ] GC(361)  garbage-first heap   total 1048576K, used 675716K [0x00000000c0000000, 0x0000000100000000)
[11.369s][debug][gc,heap       ] GC(361)   region size 1024K, 51 young (52224K), 18 survivors (18432K)
[11.369s][debug][gc,heap       ] GC(361)  Metaspace       used 6341K, committed 6464K, reserved 1114112K
[11.369s][debug][gc,heap       ] GC(361)   class space    used 546K, committed 640K, reserved 1048576K
[11.369s][info ][gc,start      ] GC(361) Pause Young (Mixed) (G1 Evacuation Pause)
[11.369s][info ][gc,task       ] GC(361) Using 10 workers of 10 for evacuation
[11.369s][trace][gc,ergo,cset  ] GC(361) Start choosing CSet. Pending cards: 57 target pause time: 200.00ms
[11.369s][trace][gc,ergo,cset  ] GC(361) Added young regions to CSet. Eden: 33 regions, Survivors: 18 regions, predicted eden time: 5.81ms, predicted base time: 1.04ms, target pause time: 200.00ms, remaining time: 193.15ms
[11.369s][debug][gc,ergo,cset  ] GC(361) Start adding old regions to collection set. Min 38 regions, max 103 regions, time remaining 193.15ms, optional threshold 38.63ms
[11.369s][debug][gc,ergo,cset  ] GC(361) Finish adding old regions to collection set (Maximum number of regions). Initial 103 regions, optional 0 regions
[11.369s][debug][gc,ergo,cset  ] GC(361) Finish choosing collection set old regions. Initial: 103, optional: 0, predicted old time: 0.00ms, predicted optional time: 0.00ms, time remaining: 191.01
[11.370s][debug][gc,ergo       ] GC(361) Running G1 Merge Heap Roots using 10 workers for 154 regions
[11.379s][debug][gc,ergo       ] GC(361) Running G1 Rebuild Free List Task using 10 workers for rebuilding free list of regions
[11.379s][debug][gc,ergo,heap  ] GC(361) Heap expansion: short term pause time ratio 62.57% long term pause time ratio 67.19% threshold 7.69% pause time ratio 7.69% fully expanded true resize by 0B
[11.379s][debug][gc,ergo,refine] GC(361) Concurrent refinement times: Logged Cards Scan time goal: 20.00ms Logged Cards Scan time: 0.04ms HCC time: 0.00ms
[11.379s][trace][gc,ergo,refine] GC(361) Updating Refinement Zones: logged cards scan time: 0.036ms, processed cards: 32, goal time: 19.999ms
[11.379s][debug][gc,ergo,refine] GC(361) Updated Refinement Zones: green: 2560, yellow: 7680, red: 12800
[11.379s][info ][gc,phases     ] GC(361)   Pre Evacuate Collection Set: 0.3ms
[11.379s][info ][gc,phases     ] GC(361)   Merge Heap Roots: 0.2ms
[11.379s][info ][gc,phases     ] GC(361)   Evacuate Collection Set: 8.7ms
[11.379s][info ][gc,phases     ] GC(361)   Post Evacuate Collection Set: 0.5ms
[11.379s][info ][gc,phases     ] GC(361)   Other: 0.2ms
[11.379s][info ][gc,heap       ] GC(361) Eden regions: 33->0(44)
[11.379s][info ][gc,heap       ] GC(361) Survivor regions: 18->7(7)
[11.379s][info ][gc,heap       ] GC(361) Old regions: 610->550
[11.379s][info ][gc,heap       ] GC(361) Archive regions: 0->0
[11.379s][info ][gc,heap       ] GC(361) Humongous regions: 0->0
[11.379s][info ][gc,metaspace  ] GC(361) Metaspace: 6341K(6464K)->6341K(6464K) NonClass: 5794K(5824K)->5794K(5824K) Class: 546K(640K)->546K(640K)
[11.379s][debug][gc,heap       ] GC(361) Heap after GC invocations=362 (full 0):
[11.379s][debug][gc,heap       ] GC(361)  garbage-first heap   total 1048576K, used 569744K [0x00000000c0000000, 0x0000000100000000)
[11.379s][debug][gc,heap       ] GC(361)   region size 1024K, 7 young (7168K), 7 survivors (7168K)
[11.379s][debug][gc,heap       ] GC(361)  Metaspace       used 6341K, committed 6464K, reserved 1114112K
[11.379s][debug][gc,heap       ] GC(361)   class space    used 546K, committed 640K, reserved 1048576K
[11.379s][info ][gc            ] GC(361) Pause Young (Mixed) (G1 Evacuation Pause) 660M->556M(1024M) 9.823ms
[11.379s][info ][gc,cpu        ] GC(361) User=0.08s Sys=0.00s Real=0.01s
[11.379s][info ][safepoint     ] Safepoint "G1CollectForAllocation", Time since last: 2396800 ns, Reaching safepoint: 11900 ns, Cleanup: 9300 ns, At safepoint: 9951101 ns, Total: 9972301 ns
[11.384s][debug][gc,heap       ] GC(362) Heap before GC invocations=362 (full 0):
[11.384s][debug][gc,heap       ] GC(362)  garbage-first heap   total 1048576K, used 613776K [0x00000000c0000000, 0x0000000100000000)
[11.384s][debug][gc,heap       ] GC(362)   region size 1024K, 51 young (52224K), 7 survivors (7168K)
[11.384s][debug][gc,heap       ] GC(362)  Metaspace       used 6341K, committed 6464K, reserved 1114112K
[11.384s][debug][gc,heap       ] GC(362)   class space    used 546K, committed 640K, reserved 1048576K
[11.384s][info ][gc,start      ] GC(362) Pause Young (Mixed) (G1 Evacuation Pause)
[11.384s][info ][gc,task       ] GC(362) Using 10 workers of 10 for evacuation
[11.384s][trace][gc,ergo,cset  ] GC(362) Start choosing CSet. Pending cards: 65 target pause time: 200.00ms
[11.384s][trace][gc,ergo,cset  ] GC(362) Added young regions to CSet. Eden: 44 regions, Survivors: 7 regions, predicted eden time: 7.43ms, predicted base time: 1.02ms, target pause time: 200.00ms, remaining time: 191.56ms
[11.384s][debug][gc,ergo,cset  ] GC(362) Start adding old regions to collection set. Min 38 regions, max 103 regions, time remaining 191.56ms, optional threshold 38.31ms
[11.384s][debug][gc,ergo,cset  ] GC(362) Finish adding old regions to collection set (Maximum number of regions). Initial 103 regions, optional 0 regions
[11.384s][debug][gc,ergo,cset  ] GC(362) Finish choosing collection set old regions. Initial: 103, optional: 0, predicted old time: 0.00ms, predicted optional time: 0.00ms, time remaining: 188.09
[11.384s][debug][gc,ergo       ] GC(362) Running G1 Merge Heap Roots using 10 workers for 154 regions
[11.395s][debug][gc,ergo       ] GC(362) Running G1 Rebuild Free List Task using 10 workers for rebuilding free list of regions
[11.395s][debug][gc,ergo,heap  ] GC(362) Heap expansion: short term pause time ratio 77.63% long term pause time ratio 67.92% threshold 7.69% pause time ratio 7.69% fully expanded true resize by 0B
[11.395s][debug][gc,ergo,refine] GC(362) Concurrent refinement times: Logged Cards Scan time goal: 20.00ms Logged Cards Scan time: 0.03ms HCC time: 0.00ms
[11.395s][trace][gc,ergo,refine] GC(362) Updating Refinement Zones: logged cards scan time: 0.026ms, processed cards: 44, goal time: 19.999ms
[11.395s][debug][gc,ergo,refine] GC(362) Updated Refinement Zones: green: 2560, yellow: 7680, red: 12800
[11.395s][info ][gc,phases     ] GC(362)   Pre Evacuate Collection Set: 0.3ms
[11.395s][info ][gc,phases     ] GC(362)   Merge Heap Roots: 0.2ms
[11.395s][info ][gc,phases     ] GC(362)   Evacuate Collection Set: 9.8ms
[11.395s][info ][gc,phases     ] GC(362)   Post Evacuate Collection Set: 0.5ms
[11.395s][info ][gc,phases     ] GC(362)   Other: 0.2ms
[11.395s][info ][gc,heap       ] GC(362) Eden regions: 44->0(44)
[11.395s][info ][gc,heap       ] GC(362) Survivor regions: 7->7(7)
[11.395s][info ][gc,heap       ] GC(362) Old regions: 550->491
[11.395s][info ][gc,heap       ] GC(362) Archive regions: 0->0
[11.395s][info ][gc,heap       ] GC(362) Humongous regions: 0->0
[11.395s][info ][gc,metaspace  ] GC(362) Metaspace: 6341K(6464K)->6341K(6464K) NonClass: 5794K(5824K)->5794K(5824K) Class: 546K(640K)->546K(640K)
[11.395s][debug][gc,heap       ] GC(362) Heap after GC invocations=363 (full 0):
[11.395s][debug][gc,heap       ] GC(362)  garbage-first heap   total 1048576K, used 509628K [0x00000000c0000000, 0x0000000100000000)
[11.395s][debug][gc,heap       ] GC(362)   region size 1024K, 7 young (7168K), 7 survivors (7168K)
[11.395s][debug][gc,heap       ] GC(362)  Metaspace       used 6341K, committed 6464K, reserved 1114112K
[11.395s][debug][gc,heap       ] GC(362)   class space    used 546K, committed 640K, reserved 1048576K
[11.395s][info ][gc            ] GC(362) Pause Young (Mixed) (G1 Evacuation Pause) 600M->497M(1024M) 10.913ms
[11.395s][info ][gc,cpu        ] GC(362) User=0.10s Sys=0.00s Real=0.01s
[11.395s][info ][safepoint     ] Safepoint "G1CollectForAllocation", Time since last: 4993500 ns, Reaching safepoint: 7200 ns, Cleanup: 6900 ns, At safepoint: 11037700 ns, Total: 11051800 ns
[11.400s][debug][gc,heap       ] GC(363) Heap before GC invocations=363 (full 0):
[11.400s][debug][gc,heap       ] GC(363)  garbage-first heap   total 1048576K, used 553660K [0x00000000c0000000, 0x0000000100000000)
[11.400s][debug][gc,heap       ] GC(363)   region size 1024K, 51 young (52224K), 7 survivors (7168K)
[11.400s][debug][gc,heap       ] GC(363)  Metaspace       used 6341K, committed 6464K, reserved 1114112K
[11.400s][debug][gc,heap       ] GC(363)   class space    used 546K, committed 640K, reserved 1048576K
[11.400s][info ][gc,start      ] GC(363) Pause Young (Mixed) (G1 Evacuation Pause)
[11.400s][info ][gc,task       ] GC(363) Using 10 workers of 10 for evacuation
[11.400s][trace][gc,ergo,cset  ] GC(363) Start choosing CSet. Pending cards: 79 target pause time: 200.00ms
[11.400s][trace][gc,ergo,cset  ] GC(363) Added young regions to CSet. Eden: 44 regions, Survivors: 7 regions, predicted eden time: 7.57ms, predicted base time: 0.99ms, target pause time: 200.00ms, remaining time: 191.44ms
[11.400s][debug][gc,ergo,cset  ] GC(363) Start adding old regions to collection set. Min 38 regions, max 103 regions, time remaining 191.44ms, optional threshold 38.29ms
[11.400s][debug][gc,ergo,cset  ] GC(363) Old candidate collection set empty.
[11.400s][debug][gc,ergo,cset  ] GC(363) Finish choosing collection set old regions. Initial: 97, optional: 0, predicted old time: 0.00ms, predicted optional time: 0.00ms, time remaining: 185.44
[11.400s][debug][gc,ergo       ] GC(363) Running G1 Merge Heap Roots using 10 workers for 148 regions
[11.410s][debug][gc,ergo       ] GC(363) Running G1 Rebuild Free List Task using 10 workers for rebuilding free list of regions
[11.410s][debug][gc,ergo,heap  ] GC(363) Heap expansion: short term pause time ratio 67.22% long term pause time ratio 66.73% threshold 7.69% pause time ratio 7.69% fully expanded true resize by 0B
[11.410s][debug][gc,ergo       ] GC(363) do not continue mixed GCs (candidate old regions not available)
[11.410s][debug][gc,ergo,refine] GC(363) Concurrent refinement times: Logged Cards Scan time goal: 20.00ms Logged Cards Scan time: 0.02ms HCC time: 0.00ms
[11.410s][trace][gc,ergo,refine] GC(363) Updating Refinement Zones: logged cards scan time: 0.022ms, processed cards: 49, goal time: 19.999ms
[11.410s][debug][gc,ergo,refine] GC(363) Updated Refinement Zones: green: 2560, yellow: 7680, red: 12800
[11.410s][info ][gc,phases     ] GC(363)   Pre Evacuate Collection Set: 0.3ms
[11.410s][info ][gc,phases     ] GC(363)   Merge Heap Roots: 0.1ms
[11.410s][info ][gc,phases     ] GC(363)   Evacuate Collection Set: 9.3ms
[11.410s][info ][gc,phases     ] GC(363)   Post Evacuate Collection Set: 0.6ms
[11.410s][info ][gc,phases     ] GC(363)   Other: 0.2ms
[11.410s][info ][gc,heap       ] GC(363) Eden regions: 44->0(168)
[11.410s][info ][gc,heap       ] GC(363) Survivor regions: 7->7(7)
[11.410s][info ][gc,heap       ] GC(363) Old regions: 491->438
[11.410s][info ][gc,heap       ] GC(363) Archive regions: 0->0
[11.410s][info ][gc,heap       ] GC(363) Humongous regions: 0->0
[11.410s][info ][gc,metaspace  ] GC(363) Metaspace: 6341K(6464K)->6341K(6464K) NonClass: 5794K(5824K)->5794K(5824K) Class: 546K(640K)->546K(640K)
[11.410s][debug][gc,heap       ] GC(363) Heap after GC invocations=364 (full 0):
[11.410s][debug][gc,heap       ] GC(363)  garbage-first heap   total 1048576K, used 455156K [0x00000000c0000000, 0x0000000100000000)
[11.410s][debug][gc,heap       ] GC(363)   region size 1024K, 7 young (7168K), 7 survivors (7168K)
[11.410s][debug][gc,heap       ] GC(363)  Metaspace       used 6341K, committed 6464K, reserved 1114112K
[11.410s][debug][gc,heap       ] GC(363)   class space    used 546K, committed 640K, reserved 1048576K
[11.410s][info ][gc            ] GC(363) Pause Young (Mixed) (G1 Evacuation Pause) 541M->444M(1024M) 10.444ms
[11.410s][info ][gc,cpu        ] GC(363) User=0.09s Sys=0.00s Real=0.01s
[11.410s][info ][safepoint     ] Safepoint "G1CollectForAllocation", Time since last: 4811600 ns, Reaching safepoint: 14700 ns, Cleanup: 12000 ns, At safepoint: 10574101 ns, Total: 10600801 ns
[11.425s][debug][gc,heap       ] GC(364) Heap before GC invocations=364 (full 0):
[11.425s][debug][gc,heap       ] GC(364)  garbage-first heap   total 1048576K, used 626164K [0x00000000c0000000, 0x0000000100000000)
[11.425s][debug][gc,heap       ] GC(364)   region size 1024K, 175 young (179200K), 7 survivors (7168K)
[11.425s][debug][gc,heap       ] GC(364)  Metaspace       used 6341K, committed 6464K, reserved 1114112K
[11.425s][debug][gc,heap       ] GC(364)   class space    used 546K, committed 640K, reserved 1048576K
[11.425s][info ][gc,start      ] GC(364) Pause Young (Normal) (G1 Evacuation Pause)
[11.425s][info ][gc,task       ] GC(364) Using 10 workers of 10 for evacuation
[11.425s][trace][gc,ergo,cset  ] GC(364) Start choosing CSet. Pending cards: 32 target pause time: 200.00ms
[11.425s][trace][gc,ergo,cset  ] GC(364) Added young regions to CSet. Eden: 168 regions, Survivors: 7 regions, predicted eden time: 25.41ms, predicted base time: 0.93ms, target pause time: 200.00ms, remaining time: 173.65ms
[11.425s][debug][gc,ergo       ] GC(364) Running G1 Merge Heap Roots using 10 workers for 175 regions
[11.448s][debug][gc,ergo       ] GC(364) Running G1 Rebuild Free List Task using 10 workers for rebuilding free list of regions
[11.448s][debug][gc,ergo,heap  ] GC(364) Heap expansion: short term pause time ratio 66.95% long term pause time ratio 66.45% threshold 7.69% pause time ratio 7.69% fully expanded true resize by 0B
[11.448s][debug][gc,ergo,refine] GC(364) Concurrent refinement times: Logged Cards Scan time goal: 20.00ms Logged Cards Scan time: 0.10ms HCC time: 0.00ms
[11.448s][trace][gc,ergo,refine] GC(364) Updating Refinement Zones: logged cards scan time: 0.099ms, processed cards: 18, goal time: 20.000ms
[11.448s][debug][gc,ergo,refine] GC(364) Updated Refinement Zones: green: 2560, yellow: 7680, red: 12800
[11.448s][info ][gc,phases     ] GC(364)   Pre Evacuate Collection Set: 0.3ms
[11.448s][info ][gc,phases     ] GC(364)   Merge Heap Roots: 0.2ms
[11.448s][info ][gc,phases     ] GC(364)   Evacuate Collection Set: 21.9ms
[11.448s][info ][gc,phases     ] GC(364)   Post Evacuate Collection Set: 0.7ms
[11.448s][info ][gc,phases     ] GC(364)   Other: 0.2ms
[11.448s][info ][gc,heap       ] GC(364) Eden regions: 168->0(131)
[11.448s][info ][gc,heap       ] GC(364) Survivor regions: 7->22(22)
[11.448s][info ][gc,heap       ] GC(364) Old regions: 438->532
[11.448s][info ][gc,heap       ] GC(364) Archive regions: 0->0
[11.448s][info ][gc,heap       ] GC(364) Humongous regions: 0->0
[11.448s][info ][gc,metaspace  ] GC(364) Metaspace: 6341K(6464K)->6341K(6464K) NonClass: 5794K(5824K)->5794K(5824K) Class: 546K(640K)->546K(640K)
[11.448s][debug][gc,heap       ] GC(364) Heap after GC invocations=365 (full 0):
[11.448s][debug][gc,heap       ] GC(364)  garbage-first heap   total 1048576K, used 566572K [0x00000000c0000000, 0x0000000100000000)
[11.448s][debug][gc,heap       ] GC(364)   region size 1024K, 22 young (22528K), 22 survivors (22528K)
[11.448s][debug][gc,heap       ] GC(364)  Metaspace       used 6341K, committed 6464K, reserved 1114112K
[11.448s][debug][gc,heap       ] GC(364)   class space    used 546K, committed 640K, reserved 1048576K
[11.448s][info ][gc            ] GC(364) Pause Young (Normal) (G1 Evacuation Pause) 612M->553M(1024M) 23.139ms
[11.448s][info ][gc,cpu        ] GC(364) User=0.21s Sys=0.00s Real=0.02s
[11.448s][info ][safepoint     ] Safepoint "G1CollectForAllocation", Time since last: 14297800 ns, Reaching safepoint: 4700 ns, Cleanup: 5300 ns, At safepoint: 23241301 ns, Total: 23251301 ns
[11.458s][debug][gc,heap       ] GC(365) Heap before GC invocations=365 (full 0):
[11.458s][debug][gc,heap       ] GC(365)  garbage-first heap   total 1048576K, used 699692K [0x00000000c0000000, 0x0000000100000000)
[11.458s][debug][gc,heap       ] GC(365)   region size 1024K, 153 young (156672K), 22 survivors (22528K)
[11.458s][debug][gc,heap       ] GC(365)  Metaspace       used 6341K, committed 6464K, reserved 1114112K
[11.458s][debug][gc,heap       ] GC(365)   class space    used 546K, committed 640K, reserved 1048576K
[11.458s][info ][gc,start      ] GC(365) Pause Young (Normal) (G1 Evacuation Pause)
[11.458s][info ][gc,task       ] GC(365) Using 10 workers of 10 for evacuation
[11.458s][trace][gc,ergo,cset  ] GC(365) Start choosing CSet. Pending cards: 32 target pause time: 200.00ms
[11.458s][trace][gc,ergo,cset  ] GC(365) Added young regions to CSet. Eden: 131 regions, Survivors: 22 regions, predicted eden time: 19.73ms, predicted base time: 0.98ms, target pause time: 200.00ms, remaining time: 179.29ms
[11.458s][debug][gc,ergo       ] GC(365) Running G1 Merge Heap Roots using 10 workers for 153 regions
[11.479s][debug][gc,ergo       ] GC(365) Running G1 Rebuild Free List Task using 10 workers for rebuilding free list of regions
[11.480s][debug][gc,ergo,heap  ] GC(365) Heap expansion: short term pause time ratio 61.26% long term pause time ratio 64.45% threshold 7.69% pause time ratio 7.69% fully expanded true resize by 0B
[11.480s][debug][gc,ergo,refine] GC(365) Concurrent refinement times: Logged Cards Scan time goal: 20.00ms Logged Cards Scan time: 0.05ms HCC time: 0.00ms
[11.480s][trace][gc,ergo,refine] GC(365) Updating Refinement Zones: logged cards scan time: 0.050ms, processed cards: 15, goal time: 20.000ms
[11.480s][debug][gc,ergo,refine] GC(365) Updated Refinement Zones: green: 2560, yellow: 7680, red: 12800
[11.480s][info ][gc,phases     ] GC(365)   Pre Evacuate Collection Set: 0.2ms
[11.480s][info ][gc,phases     ] GC(365)   Merge Heap Roots: 0.2ms
[11.480s][info ][gc,phases     ] GC(365)   Evacuate Collection Set: 20.3ms
[11.480s][info ][gc,phases     ] GC(365)   Post Evacuate Collection Set: 0.6ms
[11.480s][info ][gc,phases     ] GC(365)   Other: 0.2ms
[11.480s][info ][gc,heap       ] GC(365) Eden regions: 131->0(98)
[11.480s][info ][gc,heap       ] GC(365) Survivor regions: 22->20(20)
[11.480s][info ][gc,heap       ] GC(365) Old regions: 532->621
[11.480s][info ][gc,heap       ] GC(365) Archive regions: 0->0
[11.480s][info ][gc,heap       ] GC(365) Humongous regions: 0->0
[11.480s][info ][gc,metaspace  ] GC(365) Metaspace: 6341K(6464K)->6341K(6464K) NonClass: 5794K(5824K)->5794K(5824K) Class: 546K(640K)->546K(640K)
[11.480s][debug][gc,heap       ] GC(365) Heap after GC invocations=366 (full 0):
[11.480s][debug][gc,heap       ] GC(365)  garbage-first heap   total 1048576K, used 655560K [0x00000000c0000000, 0x0000000100000000)
[11.480s][debug][gc,heap       ] GC(365)   region size 1024K, 20 young (20480K), 20 survivors (20480K)
[11.480s][debug][gc,heap       ] GC(365)  Metaspace       used 6341K, committed 6464K, reserved 1114112K
[11.480s][debug][gc,heap       ] GC(365)   class space    used 546K, committed 640K, reserved 1048576K
[11.480s][info ][gc            ] GC(365) Pause Young (Normal) (G1 Evacuation Pause) 684M->640M(1024M) 21.472ms
[11.480s][info ][gc,cpu        ] GC(365) User=0.20s Sys=0.00s Real=0.02s
[11.480s][info ][safepoint     ] Safepoint "G1CollectForAllocation", Time since last: 10046701 ns, Reaching safepoint: 6700 ns, Cleanup: 6700 ns, At safepoint: 21609500 ns, Total: 21622900 ns
[11.488s][debug][gc,heap       ] GC(366) Heap before GC invocations=366 (full 0):
[11.488s][debug][gc,heap       ] GC(366)  garbage-first heap   total 1048576K, used 754888K [0x00000000c0000000, 0x0000000100000000)
[11.488s][debug][gc,heap       ] GC(366)   region size 1024K, 118 young (120832K), 20 survivors (20480K)
[11.488s][debug][gc,heap       ] GC(366)  Metaspace       used 6341K, committed 6464K, reserved 1114112K
[11.488s][debug][gc,heap       ] GC(366)   class space    used 546K, committed 640K, reserved 1048576K
[11.488s][info ][gc,start      ] GC(366) Pause Young (Normal) (G1 Evacuation Pause)
[11.488s][info ][gc,task       ] GC(366) Using 10 workers of 10 for evacuation
[11.488s][trace][gc,ergo,cset  ] GC(366) Start choosing CSet. Pending cards: 38 target pause time: 200.00ms
[11.488s][trace][gc,ergo,cset  ] GC(366) Added young regions to CSet. Eden: 98 regions, Survivors: 20 regions, predicted eden time: 15.31ms, predicted base time: 0.96ms, target pause time: 200.00ms, remaining time: 183.72ms
[11.489s][debug][gc,ergo       ] GC(366) Running G1 Merge Heap Roots using 10 workers for 118 regions
[11.506s][debug][gc,ergo       ] GC(366) Running G1 Rebuild Free List Task using 10 workers for rebuilding free list of regions
[11.507s][debug][gc,ergo,heap  ] GC(366) Heap expansion: short term pause time ratio 67.47% long term pause time ratio 65.23% threshold 7.69% pause time ratio 7.69% fully expanded true resize by 0B
[11.507s][debug][gc,ergo,refine] GC(366) Concurrent refinement times: Logged Cards Scan time goal: 20.00ms Logged Cards Scan time: 0.04ms HCC time: 0.00ms
[11.507s][trace][gc,ergo,refine] GC(366) Updating Refinement Zones: logged cards scan time: 0.038ms, processed cards: 29, goal time: 20.000ms
[11.507s][debug][gc,ergo,refine] GC(366) Updated Refinement Zones: green: 2560, yellow: 7680, red: 12800
[11.507s][info ][gc,phases     ] GC(366)   Pre Evacuate Collection Set: 0.2ms
[11.507s][info ][gc,phases     ] GC(366)   Merge Heap Roots: 0.2ms
[11.507s][info ][gc,phases     ] GC(366)   Evacuate Collection Set: 17.3ms
[11.507s][info ][gc,phases     ] GC(366)   Post Evacuate Collection Set: 0.5ms
[11.507s][info ][gc,phases     ] GC(366)   Other: 0.2ms
[11.507s][info ][gc,heap       ] GC(366) Eden regions: 98->0(71)
[11.507s][info ][gc,heap       ] GC(366) Survivor regions: 20->15(15)
[11.507s][info ][gc,heap       ] GC(366) Old regions: 621->696
[11.507s][info ][gc,heap       ] GC(366) Archive regions: 0->0
[11.507s][info ][gc,heap       ] GC(366) Humongous regions: 0->0
[11.507s][info ][gc,metaspace  ] GC(366) Metaspace: 6341K(6464K)->6341K(6464K) NonClass: 5794K(5824K)->5794K(5824K) Class: 546K(640K)->546K(640K)
[11.507s][debug][gc,heap       ] GC(366) Heap after GC invocations=367 (full 0):
[11.507s][debug][gc,heap       ] GC(366)  garbage-first heap   total 1048576K, used 727740K [0x00000000c0000000, 0x0000000100000000)
[11.507s][debug][gc,heap       ] GC(366)   region size 1024K, 15 young (15360K), 15 survivors (15360K)
[11.507s][debug][gc,heap       ] GC(366)  Metaspace       used 6341K, committed 6464K, reserved 1114112K
[11.507s][debug][gc,heap       ] GC(366)   class space    used 546K, committed 640K, reserved 1048576K
[11.507s][info ][gc            ] GC(366) Pause Young (Normal) (G1 Evacuation Pause) 738M->710M(1024M) 18.340ms
[11.507s][info ][gc,cpu        ] GC(366) User=0.17s Sys=0.00s Real=0.02s
[11.507s][info ][safepoint     ] Safepoint "G1CollectForAllocation", Time since last: 8500901 ns, Reaching safepoint: 4900 ns, Cleanup: 5000 ns, At safepoint: 18436600 ns, Total: 18446500 ns
[11.516s][debug][gc,heap       ] GC(367) Heap before GC invocations=367 (full 0):
[11.516s][debug][gc,heap       ] GC(367)  garbage-first heap   total 1048576K, used 799420K [0x00000000c0000000, 0x0000000100000000)
[11.516s][debug][gc,heap       ] GC(367)   region size 1024K, 86 young (88064K), 15 survivors (15360K)
[11.516s][debug][gc,heap       ] GC(367)  Metaspace       used 6341K, committed 6464K, reserved 1114112K
[11.516s][debug][gc,heap       ] GC(367)   class space    used 546K, committed 640K, reserved 1048576K
[11.516s][info ][gc,start      ] GC(367) Pause Young (Normal) (G1 Evacuation Pause)
[11.516s][info ][gc,task       ] GC(367) Using 10 workers of 10 for evacuation
[11.516s][trace][gc,ergo,cset  ] GC(367) Start choosing CSet. Pending cards: 39 target pause time: 200.00ms
[11.516s][trace][gc,ergo,cset  ] GC(367) Added young regions to CSet. Eden: 71 regions, Survivors: 15 regions, predicted eden time: 11.68ms, predicted base time: 0.92ms, target pause time: 200.00ms, remaining time: 187.40ms
[11.516s][debug][gc,ergo       ] GC(367) Running G1 Merge Heap Roots using 10 workers for 86 regions
[11.530s][debug][gc,ergo       ] GC(367) Running G1 Rebuild Free List Task using 10 workers for rebuilding free list of regions
[11.530s][debug][gc,ergo,heap  ] GC(367) Heap expansion: short term pause time ratio 67.53% long term pause time ratio 65.05% threshold 7.69% pause time ratio 7.69% fully expanded true resize by 0B
[11.530s][debug][gc,ergo,refine] GC(367) Concurrent refinement times: Logged Cards Scan time goal: 20.00ms Logged Cards Scan time: 0.03ms HCC time: 0.00ms
[11.530s][trace][gc,ergo,refine] GC(367) Updating Refinement Zones: logged cards scan time: 0.029ms, processed cards: 30, goal time: 19.999ms
[11.530s][debug][gc,ergo,refine] GC(367) Updated Refinement Zones: green: 2560, yellow: 7680, red: 12800
[11.530s][info ][gc,phases     ] GC(367)   Pre Evacuate Collection Set: 0.3ms
[11.530s][info ][gc,phases     ] GC(367)   Merge Heap Roots: 0.2ms
[11.530s][info ][gc,phases     ] GC(367)   Evacuate Collection Set: 13.1ms
[11.530s][info ][gc,phases     ] GC(367)   Post Evacuate Collection Set: 0.6ms
[11.530s][info ][gc,phases     ] GC(367)   Other: 0.2ms
[11.530s][info ][gc,heap       ] GC(367) Eden regions: 71->0(51)
[11.530s][info ][gc,heap       ] GC(367) Survivor regions: 15->11(11)
[11.530s][info ][gc,heap       ] GC(367) Old regions: 696->756
[11.530s][info ][gc,heap       ] GC(367) Archive regions: 0->0
[11.530s][info ][gc,heap       ] GC(367) Humongous regions: 0->0
[11.530s][info ][gc,metaspace  ] GC(367) Metaspace: 6341K(6464K)->6341K(6464K) NonClass: 5794K(5824K)->5794K(5824K) Class: 546K(640K)->546K(640K)
[11.530s][debug][gc,heap       ] GC(367) Heap after GC invocations=368 (full 0):
[11.530s][debug][gc,heap       ] GC(367)  garbage-first heap   total 1048576K, used 785184K [0x00000000c0000000, 0x0000000100000000)
[11.530s][debug][gc,heap       ] GC(367)   region size 1024K, 11 young (11264K), 11 survivors (11264K)
[11.530s][debug][gc,heap       ] GC(367)  Metaspace       used 6341K, committed 6464K, reserved 1114112K
[11.530s][debug][gc,heap       ] GC(367)   class space    used 546K, committed 640K, reserved 1048576K
[11.530s][info ][gc            ] GC(367) Pause Young (Normal) (G1 Evacuation Pause) 781M->766M(1024M) 14.381ms
[11.530s][info ][gc,cpu        ] GC(367) User=0.13s Sys=0.00s Real=0.01s
[11.531s][info ][safepoint     ] Safepoint "G1CollectForAllocation", Time since last: 9313101 ns, Reaching safepoint: 7700 ns, Cleanup: 8100 ns, At safepoint: 14519600 ns, Total: 14535400 ns
[11.537s][debug][gc,heap       ] GC(368) Heap before GC invocations=368 (full 0):
[11.537s][debug][gc,heap       ] GC(368)  garbage-first heap   total 1048576K, used 836384K [0x00000000c0000000, 0x0000000100000000)
[11.537s][debug][gc,heap       ] GC(368)   region size 1024K, 62 young (63488K), 11 survivors (11264K)
[11.537s][debug][gc,heap       ] GC(368)  Metaspace       used 6341K, committed 6464K, reserved 1114112K
[11.537s][debug][gc,heap       ] GC(368)   class space    used 546K, committed 640K, reserved 1048576K
[11.537s][info ][gc,start      ] GC(368) Pause Young (Normal) (G1 Evacuation Pause)
[11.537s][info ][gc,task       ] GC(368) Using 10 workers of 10 for evacuation
[11.537s][trace][gc,ergo,cset  ] GC(368) Start choosing CSet. Pending cards: 33 target pause time: 200.00ms
[11.537s][trace][gc,ergo,cset  ] GC(368) Added young regions to CSet. Eden: 51 regions, Survivors: 11 regions, predicted eden time: 8.69ms, predicted base time: 0.92ms, target pause time: 200.00ms, remaining time: 190.39ms
[11.537s][debug][gc,ergo       ] GC(368) Running G1 Merge Heap Roots using 10 workers for 62 regions
[11.549s][debug][gc,ergo       ] GC(368) Running G1 Rebuild Free List Task using 10 workers for rebuilding free list of regions
[11.549s][debug][gc,ergo,heap  ] GC(368) Heap expansion: short term pause time ratio 59.66% long term pause time ratio 65.85% threshold 7.69% pause time ratio 7.69% fully expanded true resize by 0B
[11.549s][debug][gc,ergo,refine] GC(368) Concurrent refinement times: Logged Cards Scan time goal: 20.00ms Logged Cards Scan time: 0.03ms HCC time: 0.00ms
[11.549s][trace][gc,ergo,refine] GC(368) Updating Refinement Zones: logged cards scan time: 0.025ms, processed cards: 21, goal time: 19.999ms
[11.549s][debug][gc,ergo,refine] GC(368) Updated Refinement Zones: green: 2560, yellow: 7680, red: 12800
[11.549s][info ][gc,phases     ] GC(368)   Pre Evacuate Collection Set: 0.4ms
[11.549s][info ][gc,phases     ] GC(368)   Merge Heap Roots: 0.2ms
[11.549s][info ][gc,phases     ] GC(368)   Evacuate Collection Set: 10.5ms
[11.549s][info ][gc,phases     ] GC(368)   Post Evacuate Collection Set: 0.8ms
[11.549s][info ][gc,phases     ] GC(368)   Other: 0.2ms
[11.549s][info ][gc,heap       ] GC(368) Eden regions: 51->0(43)
[11.549s][info ][gc,heap       ] GC(368) Survivor regions: 11->8(8)
[11.549s][info ][gc,heap       ] GC(368) Old regions: 756->803
[11.549s][info ][gc,heap       ] GC(368) Archive regions: 0->0
[11.549s][info ][gc,heap       ] GC(368) Humongous regions: 0->0
[11.549s][info ][gc,metaspace  ] GC(368) Metaspace: 6341K(6464K)->6341K(6464K) NonClass: 5794K(5824K)->5794K(5824K) Class: 546K(640K)->546K(640K)
[11.549s][debug][gc,heap       ] GC(368) Heap after GC invocations=369 (full 0):
[11.549s][debug][gc,heap       ] GC(368)  garbage-first heap   total 1048576K, used 829640K [0x00000000c0000000, 0x0000000100000000)
[11.549s][debug][gc,heap       ] GC(368)   region size 1024K, 8 young (8192K), 8 survivors (8192K)
[11.549s][debug][gc,heap       ] GC(368)  Metaspace       used 6341K, committed 6464K, reserved 1114112K
[11.549s][debug][gc,heap       ] GC(368)   class space    used 546K, committed 640K, reserved 1048576K
[11.549s][info ][gc            ] GC(368) Pause Young (Normal) (G1 Evacuation Pause) 817M->810M(1024M) 12.054ms
[11.549s][info ][gc,cpu        ] GC(368) User=0.11s Sys=0.00s Real=0.01s
[11.549s][info ][safepoint     ] Safepoint "G1CollectForAllocation", Time since last: 6330400 ns, Reaching safepoint: 5000 ns, Cleanup: 6100 ns, At safepoint: 12172901 ns, Total: 12184001 ns
[11.554s][debug][gc,heap       ] GC(369) Heap before GC invocations=369 (full 0):
[11.554s][debug][gc,heap       ] GC(369)  garbage-first heap   total 1048576K, used 872648K [0x00000000c0000000, 0x0000000100000000)
[11.554s][debug][gc,heap       ] GC(369)   region size 1024K, 51 young (52224K), 8 survivors (8192K)
[11.554s][debug][gc,heap       ] GC(369)  Metaspace       used 6341K, committed 6464K, reserved 1114112K
[11.554s][debug][gc,heap       ] GC(369)   class space    used 546K, committed 640K, reserved 1048576K
[11.554s][info ][gc,start      ] GC(369) Pause Young (Normal) (G1 Evacuation Pause)
[11.554s][info ][gc,task       ] GC(369) Using 10 workers of 10 for evacuation
[11.554s][trace][gc,ergo,cset  ] GC(369) Start choosing CSet. Pending cards: 35 target pause time: 200.00ms
[11.554s][trace][gc,ergo,cset  ] GC(369) Added young regions to CSet. Eden: 43 regions, Survivors: 8 regions, predicted eden time: 7.53ms, predicted base time: 1.08ms, target pause time: 200.00ms, remaining time: 191.40ms
[11.555s][debug][gc,ergo       ] GC(369) Running G1 Merge Heap Roots using 10 workers for 51 regions
[11.564s][debug][gc,ergo       ] GC(369) Running G1 Rebuild Free List Task using 10 workers for rebuilding free list of regions
[11.564s][debug][gc,ergo,heap  ] GC(369) Heap expansion: short term pause time ratio 64.41% long term pause time ratio 64.88% threshold 7.69% pause time ratio 7.69% fully expanded true resize by 0B
[11.564s][debug][gc,ergo,ihop  ] GC(369) Request concurrent cycle initiation (occupancy higher than threshold) occupancy: 881852416B allocation request: 0B threshold: 859201642B (80.02) source: end of GC
[11.564s][debug][gc,ergo,refine] GC(369) Concurrent refinement times: Logged Cards Scan time goal: 20.00ms Logged Cards Scan time: 0.02ms HCC time: 0.00ms
[11.564s][trace][gc,ergo,refine] GC(369) Updating Refinement Zones: logged cards scan time: 0.019ms, processed cards: 26, goal time: 20.000ms
[11.564s][debug][gc,ergo,refine] GC(369) Updated Refinement Zones: green: 2560, yellow: 7680, red: 12800
[11.564s][info ][gc,phases     ] GC(369)   Pre Evacuate Collection Set: 0.2ms
[11.564s][info ][gc,phases     ] GC(369)   Merge Heap Roots: 0.2ms
[11.564s][info ][gc,phases     ] GC(369)   Evacuate Collection Set: 8.6ms
[11.564s][info ][gc,phases     ] GC(369)   Post Evacuate Collection Set: 0.5ms
[11.564s][info ][gc,phases     ] GC(369)   Other: 0.2ms
[11.564s][info ][gc,heap       ] GC(369) Eden regions: 43->0(44)
[11.564s][info ][gc,heap       ] GC(369) Survivor regions: 8->7(7)
[11.564s][info ][gc,heap       ] GC(369) Old regions: 803->841
[11.564s][info ][gc,heap       ] GC(369) Archive regions: 0->0
[11.564s][info ][gc,heap       ] GC(369) Humongous regions: 0->0
[11.564s][info ][gc,metaspace  ] GC(369) Metaspace: 6341K(6464K)->6341K(6464K) NonClass: 5794K(5824K)->5794K(5824K) Class: 546K(640K)->546K(640K)
[11.564s][debug][gc,heap       ] GC(369) Heap after GC invocations=370 (full 0):
[11.564s][debug][gc,heap       ] GC(369)  garbage-first heap   total 1048576K, used 867928K [0x00000000c0000000, 0x0000000100000000)
[11.564s][debug][gc,heap       ] GC(369)   region size 1024K, 7 young (7168K), 7 survivors (7168K)
[11.564s][debug][gc,heap       ] GC(369)  Metaspace       used 6341K, committed 6464K, reserved 1114112K
[11.564s][debug][gc,heap       ] GC(369)   class space    used 546K, committed 640K, reserved 1048576K
[11.564s][info ][gc            ] GC(369) Pause Young (Normal) (G1 Evacuation Pause) 853M->847M(1024M) 9.714ms
[11.564s][info ][gc,cpu        ] GC(369) User=0.09s Sys=0.00s Real=0.01s
[11.564s][info ][safepoint     ] Safepoint "G1CollectForAllocation", Time since last: 5214100 ns, Reaching safepoint: 5200 ns, Cleanup: 4700 ns, At safepoint: 9799600 ns, Total: 9809500 ns
[11.567s][debug][gc,heap       ] GC(370) Heap before GC invocations=370 (full 0):
[11.567s][debug][gc,heap       ] GC(370)  garbage-first heap   total 1048576K, used 911960K [0x00000000c0000000, 0x0000000100000000)
[11.567s][debug][gc,heap       ] GC(370)   region size 1024K, 51 young (52224K), 7 survivors (7168K)
[11.567s][debug][gc,heap       ] GC(370)  Metaspace       used 6341K, committed 6464K, reserved 1114112K
[11.567s][debug][gc,heap       ] GC(370)   class space    used 546K, committed 640K, reserved 1048576K
[11.567s][debug][gc,ergo       ] GC(370) Initiate concurrent cycle (concurrent cycle initiation requested)
[11.567s][info ][gc,start      ] GC(370) Pause Young (Concurrent Start) (G1 Evacuation Pause)
[11.567s][info ][gc,task       ] GC(370) Using 10 workers of 10 for evacuation
[11.567s][trace][gc,ergo,cset  ] GC(370) Start choosing CSet. Pending cards: 33 target pause time: 200.00ms
[11.567s][trace][gc,ergo,cset  ] GC(370) Added young regions to CSet. Eden: 44 regions, Survivors: 7 regions, predicted eden time: 7.67ms, predicted base time: 1.02ms, target pause time: 200.00ms, remaining time: 191.31ms
[11.568s][debug][gc,ergo       ] GC(370) Running G1 Merge Heap Roots using 10 workers for 51 regions
[11.578s][debug][gc,ergo       ] GC(370) Running G1 Rebuild Free List Task using 10 workers for rebuilding free list of regions
[11.578s][debug][gc,ergo,heap  ] GC(370) Heap expansion: short term pause time ratio 63.74% long term pause time ratio 64.98% threshold 7.69% pause time ratio 7.69% fully expanded true resize by 0B
[11.578s][debug][gc,ergo,refine] GC(370) Concurrent refinement times: Logged Cards Scan time goal: 20.00ms Logged Cards Scan time: 0.02ms HCC time: 0.00ms
[11.578s][trace][gc,ergo,refine] GC(370) Updating Refinement Zones: logged cards scan time: 0.021ms, processed cards: 10, goal time: 20.000ms
[11.578s][debug][gc,ergo,refine] GC(370) Updated Refinement Zones: green: 2560, yellow: 7680, red: 12800
[11.578s][info ][gc,phases     ] GC(370)   Pre Evacuate Collection Set: 0.3ms
[11.578s][info ][gc,phases     ] GC(370)   Merge Heap Roots: 0.2ms
[11.578s][info ][gc,phases     ] GC(370)   Evacuate Collection Set: 9.2ms
[11.578s][info ][gc,phases     ] GC(370)   Post Evacuate Collection Set: 0.8ms
[11.578s][info ][gc,phases     ] GC(370)   Other: 0.3ms
[11.578s][info ][gc,heap       ] GC(370) Eden regions: 44->0(44)
[11.578s][info ][gc,heap       ] GC(370) Survivor regions: 7->7(7)
[11.578s][info ][gc,heap       ] GC(370) Old regions: 841->879
[11.578s][info ][gc,heap       ] GC(370) Archive regions: 0->0
[11.578s][info ][gc,heap       ] GC(370) Humongous regions: 0->0
[11.578s][info ][gc,metaspace  ] GC(370) Metaspace: 6341K(6464K)->6341K(6464K) NonClass: 5794K(5824K)->5794K(5824K) Class: 546K(640K)->546K(640K)
[11.578s][debug][gc,heap       ] GC(370) Heap after GC invocations=371 (full 0):
[11.578s][debug][gc,heap       ] GC(370)  garbage-first heap   total 1048576K, used 906440K [0x00000000c0000000, 0x0000000100000000)
[11.578s][debug][gc,heap       ] GC(370)   region size 1024K, 7 young (7168K), 7 survivors (7168K)
[11.578s][debug][gc,heap       ] GC(370)  Metaspace       used 6341K, committed 6464K, reserved 1114112K
[11.578s][debug][gc,heap       ] GC(370)   class space    used 546K, committed 640K, reserved 1048576K
[11.578s][info ][gc            ] GC(370) Pause Young (Concurrent Start) (G1 Evacuation Pause) 891M->885M(1024M) 10.794ms
[11.578s][info ][gc,cpu        ] GC(370) User=0.09s Sys=0.00s Real=0.01s
[11.578s][info ][safepoint     ] Safepoint "G1CollectForAllocation", Time since last: 3234801 ns, Reaching safepoint: 6100 ns, Cleanup: 5500 ns, At safepoint: 10933600 ns, Total: 10945200 ns
[11.578s][info ][gc            ] GC(371) Concurrent Mark Cycle
[11.578s][info ][gc,marking    ] GC(371) Concurrent Clear Claimed Marks
[11.578s][info ][gc,marking    ] GC(371) Concurrent Clear Claimed Marks 0.012ms
[11.578s][info ][gc,marking    ] GC(371) Concurrent Scan Root Regions
[11.578s][debug][gc,ergo       ] GC(371) Running G1 Root Region Scan using 3 workers for 46 work units.
[11.578s][info ][gc,marking    ] GC(371) Concurrent Scan Root Regions 0.174ms
[11.579s][info ][gc,marking    ] GC(371) Concurrent Mark
[11.579s][info ][gc,marking    ] GC(371) Concurrent Mark From Roots
[11.579s][info ][gc,task       ] GC(371) Using 3 workers of 3 for marking
[11.584s][info ][gc,marking    ] GC(371) Concurrent Mark From Roots 5.135ms
[11.584s][info ][gc,marking    ] GC(371) Concurrent Preclean
[11.584s][info ][gc,marking    ] GC(371) Concurrent Preclean 0.051ms
[11.584s][info ][gc,start      ] GC(371) Pause Remark
[11.585s][debug][gc,ergo       ] GC(371) Running G1 Update RemSet Tracking Before Rebuild using 3 workers for 1024 regions in heap
[11.585s][info ][gc            ] GC(371) Pause Remark 916M->527M(1024M) 1.410ms
[11.585s][info ][gc,cpu        ] GC(371) User=0.01s Sys=0.00s Real=0.00s
[11.585s][info ][safepoint     ] Safepoint "G1PauseRemark", Time since last: 5616300 ns, Reaching safepoint: 96800 ns, Cleanup: 4700 ns, At safepoint: 1455400 ns, Total: 1556900 ns
[11.585s][info ][gc,marking    ] GC(371) Concurrent Mark 6.928ms
[11.585s][info ][gc,marking    ] GC(371) Concurrent Rebuild Remembered Sets
[11.587s][debug][gc,heap       ] GC(372) Heap before GC invocations=371 (full 0):
[11.587s][debug][gc,heap       ] GC(372)  garbage-first heap   total 1048576K, used 552136K [0x00000000c0000000, 0x0000000100000000)
[11.587s][debug][gc,heap       ] GC(372)   region size 1024K, 51 young (52224K), 7 survivors (7168K)
[11.587s][debug][gc,heap       ] GC(372)  Metaspace       used 6341K, committed 6464K, reserved 1114112K
[11.587s][debug][gc,heap       ] GC(372)   class space    used 546K, committed 640K, reserved 1048576K
[11.587s][info ][gc,start      ] GC(372) Pause Young (Normal) (G1 Evacuation Pause)
[11.587s][info ][gc,task       ] GC(372) Using 10 workers of 10 for evacuation
[11.587s][trace][gc,ergo,cset  ] GC(372) Start choosing CSet. Pending cards: 57 target pause time: 200.00ms
[11.587s][trace][gc,ergo,cset  ] GC(372) Added young regions to CSet. Eden: 44 regions, Survivors: 7 regions, predicted eden time: 7.46ms, predicted base time: 1.08ms, target pause time: 200.00ms, remaining time: 191.46ms
[11.588s][debug][gc,ergo       ] GC(372) Running G1 Merge Heap Roots using 10 workers for 51 regions
[11.596s][debug][gc,ergo       ] GC(372) Running G1 Rebuild Free List Task using 10 workers for rebuilding free list of regions
[11.597s][debug][gc,ergo,heap  ] GC(372) Heap expansion: short term pause time ratio 18.81% long term pause time ratio 63.63% threshold 7.69% pause time ratio 7.69% fully expanded true resize by 0B
[11.597s][debug][gc,ergo,refine] GC(372) Concurrent refinement times: Logged Cards Scan time goal: 20.00ms Logged Cards Scan time: 0.02ms HCC time: 0.00ms
[11.597s][trace][gc,ergo,refine] GC(372) Updating Refinement Zones: logged cards scan time: 0.016ms, processed cards: 40, goal time: 20.000ms
[11.597s][debug][gc,ergo,refine] GC(372) Updated Refinement Zones: green: 2560, yellow: 7680, red: 12800
[11.597s][info ][gc,phases     ] GC(372)   Pre Evacuate Collection Set: 0.2ms
[11.597s][info ][gc,phases     ] GC(372)   Merge Heap Roots: 0.1ms
[11.597s][info ][gc,phases     ] GC(372)   Evacuate Collection Set: 8.3ms
[11.597s][info ][gc,phases     ] GC(372)   Post Evacuate Collection Set: 0.5ms
[11.597s][info ][gc,phases     ] GC(372)   Other: 0.2ms
[11.597s][info ][gc,heap       ] GC(372) Eden regions: 44->0(130)
[11.597s][info ][gc,heap       ] GC(372) Survivor regions: 7->7(7)
[11.597s][info ][gc,heap       ] GC(372) Old regions: 490->528
[11.597s][info ][gc,heap       ] GC(372) Archive regions: 0->0
[11.597s][info ][gc,heap       ] GC(372) Humongous regions: 0->0
[11.597s][info ][gc,metaspace  ] GC(372) Metaspace: 6341K(6464K)->6341K(6464K) NonClass: 5794K(5824K)->5794K(5824K) Class: 546K(640K)->546K(640K)
[11.597s][debug][gc,heap       ] GC(372) Heap after GC invocations=372 (full 0):
[11.597s][debug][gc,heap       ] GC(372)  garbage-first heap   total 1048576K, used 547116K [0x00000000c0000000, 0x0000000100000000)
[11.597s][debug][gc,heap       ] GC(372)   region size 1024K, 7 young (7168K), 7 survivors (7168K)
[11.597s][debug][gc,heap       ] GC(372)  Metaspace       used 6341K, committed 6464K, reserved 1114112K
[11.597s][debug][gc,heap       ] GC(372)   class space    used 546K, committed 640K, reserved 1048576K
[11.597s][info ][gc            ] GC(372) Pause Young (Normal) (G1 Evacuation Pause) 540M->534M(1024M) 9.315ms
[11.597s][info ][gc,cpu        ] GC(372) User=0.08s Sys=0.00s Real=0.01s
[11.597s][info ][safepoint     ] Safepoint "G1CollectForAllocation", Time since last: 1877800 ns, Reaching safepoint: 55200 ns, Cleanup: 5900 ns, At safepoint: 9474001 ns, Total: 9535101 ns
[11.598s][info ][gc,marking    ] GC(371) Concurrent Rebuild Remembered Sets 12.390ms
[11.598s][info ][gc,start      ] GC(371) Pause Cleanup
[11.598s][debug][gc,ergo,cset  ] GC(371) Pruned 126 regions out of 430, leaving 53451464 bytes waste (allowed 53687091)
[11.598s][info ][gc            ] GC(371) Pause Cleanup 542M->542M(1024M) 0.373ms
[11.598s][info ][gc,cpu        ] GC(371) User=0.00s Sys=0.00s Real=0.00s
[11.598s][info ][safepoint     ] Safepoint "G1PauseCleanup", Time since last: 1108000 ns, Reaching safepoint: 89100 ns, Cleanup: 4000 ns, At safepoint: 408000 ns, Total: 501100 ns
[11.599s][info ][gc,marking    ] GC(371) Concurrent Cleanup for Next Mark
[11.599s][debug][gc,ergo       ] GC(371) Running G1 Clear Bitmap with 3 workers for 16 work units.
[11.600s][info ][gc,marking    ] GC(371) Concurrent Cleanup for Next Mark 1.957ms
[11.601s][info ][gc            ] GC(371) Concurrent Mark Cycle 22.314ms
[11.613s][debug][gc,heap       ] GC(373) Heap before GC invocations=373 (full 0):
[11.613s][debug][gc,heap       ] GC(373)  garbage-first heap   total 1048576K, used 679212K [0x00000000c0000000, 0x0000000100000000)
[11.613s][debug][gc,heap       ] GC(373)   region size 1024K, 137 young (140288K), 7 survivors (7168K)
[11.613s][debug][gc,heap       ] GC(373)  Metaspace       used 6341K, committed 6464K, reserved 1114112K
[11.613s][debug][gc,heap       ] GC(373)   class space    used 546K, committed 640K, reserved 1048576K
[11.613s][info ][gc,start      ] GC(373) Pause Young (Prepare Mixed) (G1 Evacuation Pause)
[11.613s][info ][gc,task       ] GC(373) Using 10 workers of 10 for evacuation
[11.613s][trace][gc,ergo,cset  ] GC(373) Start choosing CSet. Pending cards: 45 target pause time: 200.00ms
[11.613s][trace][gc,ergo,cset  ] GC(373) Added young regions to CSet. Eden: 130 regions, Survivors: 7 regions, predicted eden time: 22.12ms, predicted base time: 1.13ms, target pause time: 200.00ms, remaining time: 176.74ms
[11.614s][debug][gc,ergo       ] GC(373) Running G1 Merge Heap Roots using 10 workers for 137 regions
[11.632s][debug][gc,ergo       ] GC(373) Running G1 Rebuild Free List Task using 10 workers for rebuilding free list of regions
[11.632s][debug][gc,ergo,heap  ] GC(373) Heap expansion: short term pause time ratio 20.08% long term pause time ratio 63.72% threshold 7.69% pause time ratio 7.69% fully expanded true resize by 0B
[11.632s][debug][gc,ergo,refine] GC(373) Concurrent refinement times: Logged Cards Scan time goal: 20.00ms Logged Cards Scan time: 0.03ms HCC time: 0.00ms
[11.632s][trace][gc,ergo,refine] GC(373) Updating Refinement Zones: logged cards scan time: 0.030ms, processed cards: 25, goal time: 19.999ms
[11.632s][debug][gc,ergo,refine] GC(373) Updated Refinement Zones: green: 2560, yellow: 7680, red: 12800
[11.632s][info ][gc,phases     ] GC(373)   Pre Evacuate Collection Set: 0.3ms
[11.632s][info ][gc,phases     ] GC(373)   Merge Heap Roots: 0.1ms
[11.632s][info ][gc,phases     ] GC(373)   Evacuate Collection Set: 18.0ms
[11.632s][info ][gc,phases     ] GC(373)   Post Evacuate Collection Set: 0.5ms
[11.632s][info ][gc,phases     ] GC(373)   Other: 0.2ms
[11.632s][info ][gc,heap       ] GC(373) Eden regions: 130->0(33)
[11.632s][info ][gc,heap       ] GC(373) Survivor regions: 7->18(18)
[11.632s][info ][gc,heap       ] GC(373) Old regions: 528->608
[11.632s][info ][gc,heap       ] GC(373) Archive regions: 0->0
[11.632s][info ][gc,heap       ] GC(373) Humongous regions: 0->0
[11.632s][info ][gc,metaspace  ] GC(373) Metaspace: 6341K(6464K)->6341K(6464K) NonClass: 5794K(5824K)->5794K(5824K) Class: 546K(640K)->546K(640K)
[11.632s][debug][gc,heap       ] GC(373) Heap after GC invocations=374 (full 0):
[11.632s][debug][gc,heap       ] GC(373)  garbage-first heap   total 1048576K, used 640400K [0x00000000c0000000, 0x0000000100000000)
[11.632s][debug][gc,heap       ] GC(373)   region size 1024K, 18 young (18432K), 18 survivors (18432K)
[11.632s][debug][gc,heap       ] GC(373)  Metaspace       used 6341K, committed 6464K, reserved 1114112K
[11.632s][debug][gc,heap       ] GC(373)   class space    used 546K, committed 640K, reserved 1048576K
[11.632s][info ][gc            ] GC(373) Pause Young (Prepare Mixed) (G1 Evacuation Pause) 664M->625M(1024M) 19.117ms
[11.632s][info ][gc,cpu        ] GC(373) User=0.18s Sys=0.00s Real=0.02s
[11.632s][info ][safepoint     ] Safepoint "G1CollectForAllocation", Time since last: 14615800 ns, Reaching safepoint: 6500 ns, Cleanup: 7100 ns, At safepoint: 19237101 ns, Total: 19250701 ns
[11.635s][debug][gc,heap       ] GC(374) Heap before GC invocations=374 (full 0):
[11.635s][debug][gc,heap       ] GC(374)  garbage-first heap   total 1048576K, used 673168K [0x00000000c0000000, 0x0000000100000000)
[11.635s][debug][gc,heap       ] GC(374)   region size 1024K, 51 young (52224K), 18 survivors (18432K)
[11.635s][debug][gc,heap       ] GC(374)  Metaspace       used 6341K, committed 6464K, reserved 1114112K
[11.635s][debug][gc,heap       ] GC(374)   class space    used 546K, committed 640K, reserved 1048576K
[11.635s][info ][gc,start      ] GC(374) Pause Young (Mixed) (G1 Evacuation Pause)
[11.635s][info ][gc,task       ] GC(374) Using 10 workers of 10 for evacuation
[11.635s][trace][gc,ergo,cset  ] GC(374) Start choosing CSet. Pending cards: 54 target pause time: 200.00ms
[11.635s][trace][gc,ergo,cset  ] GC(374) Added young regions to CSet. Eden: 33 regions, Survivors: 18 regions, predicted eden time: 6.00ms, predicted base time: 1.07ms, target pause time: 200.00ms, remaining time: 192.93ms
[11.635s][debug][gc,ergo,cset  ] GC(374) Start adding old regions to collection set. Min 38 regions, max 103 regions, time remaining 192.93ms, optional threshold 38.59ms
[11.635s][debug][gc,ergo,cset  ] GC(374) Finish adding old regions to collection set (Maximum number of regions). Initial 103 regions, optional 0 regions
[11.635s][debug][gc,ergo,cset  ] GC(374) Finish choosing collection set old regions. Initial: 103, optional: 0, predicted old time: 0.00ms, predicted optional time: 0.00ms, time remaining: 190.87
[11.635s][debug][gc,ergo       ] GC(374) Running G1 Merge Heap Roots using 10 workers for 154 regions
[11.645s][debug][gc,ergo       ] GC(374) Running G1 Rebuild Free List Task using 10 workers for rebuilding free list of regions
[11.646s][debug][gc,ergo,heap  ] GC(374) Heap expansion: short term pause time ratio 56.24% long term pause time ratio 62.85% threshold 7.69% pause time ratio 7.69% fully expanded true resize by 0B
[11.646s][debug][gc,ergo,refine] GC(374) Concurrent refinement times: Logged Cards Scan time goal: 20.00ms Logged Cards Scan time: 0.02ms HCC time: 0.00ms
[11.646s][trace][gc,ergo,refine] GC(374) Updating Refinement Zones: logged cards scan time: 0.016ms, processed cards: 30, goal time: 19.999ms
[11.646s][debug][gc,ergo,refine] GC(374) Updated Refinement Zones: green: 2560, yellow: 7680, red: 12800
[11.646s][info ][gc,phases     ] GC(374)   Pre Evacuate Collection Set: 0.3ms
[11.646s][info ][gc,phases     ] GC(374)   Merge Heap Roots: 0.2ms
[11.646s][info ][gc,phases     ] GC(374)   Evacuate Collection Set: 9.7ms
[11.646s][info ][gc,phases     ] GC(374)   Post Evacuate Collection Set: 0.7ms
[11.646s][info ][gc,phases     ] GC(374)   Other: 0.2ms
[11.646s][info ][gc,heap       ] GC(374) Eden regions: 33->0(44)
[11.646s][info ][gc,heap       ] GC(374) Survivor regions: 18->7(7)
[11.646s][info ][gc,heap       ] GC(374) Old regions: 608->548
[11.646s][info ][gc,heap       ] GC(374) Archive regions: 0->0
[11.646s][info ][gc,heap       ] GC(374) Humongous regions: 0->0
[11.646s][info ][gc,metaspace  ] GC(374) Metaspace: 6341K(6464K)->6341K(6464K) NonClass: 5794K(5824K)->5794K(5824K) Class: 546K(640K)->546K(640K)
[11.646s][debug][gc,heap       ] GC(374) Heap after GC invocations=375 (full 0):
[11.646s][debug][gc,heap       ] GC(374)  garbage-first heap   total 1048576K, used 567396K [0x00000000c0000000, 0x0000000100000000)
[11.646s][debug][gc,heap       ] GC(374)   region size 1024K, 7 young (7168K), 7 survivors (7168K)
[11.646s][debug][gc,heap       ] GC(374)  Metaspace       used 6341K, committed 6464K, reserved 1114112K
[11.646s][debug][gc,heap       ] GC(374)   class space    used 546K, committed 640K, reserved 1048576K
[11.646s][info ][gc            ] GC(374) Pause Young (Mixed) (G1 Evacuation Pause) 658M->554M(1024M) 10.963ms
[11.646s][info ][gc,cpu        ] GC(374) User=0.09s Sys=0.00s Real=0.01s
[11.646s][info ][safepoint     ] Safepoint "G1CollectForAllocation", Time since last: 2304100 ns, Reaching safepoint: 3100 ns, Cleanup: 5000 ns, At safepoint: 11068600 ns, Total: 11076700 ns
[11.650s][debug][gc,heap       ] GC(375) Heap before GC invocations=375 (full 0):
[11.650s][debug][gc,heap       ] GC(375)  garbage-first heap   total 1048576K, used 611428K [0x00000000c0000000, 0x0000000100000000)
[11.650s][debug][gc,heap       ] GC(375)   region size 1024K, 51 young (52224K), 7 survivors (7168K)
[11.650s][debug][gc,heap       ] GC(375)  Metaspace       used 6341K, committed 6464K, reserved 1114112K
[11.650s][debug][gc,heap       ] GC(375)   class space    used 546K, committed 640K, reserved 1048576K
[11.650s][info ][gc,start      ] GC(375) Pause Young (Mixed) (G1 Evacuation Pause)
[11.650s][info ][gc,task       ] GC(375) Using 10 workers of 10 for evacuation
[11.650s][trace][gc,ergo,cset  ] GC(375) Start choosing CSet. Pending cards: 93 target pause time: 200.00ms
[11.650s][trace][gc,ergo,cset  ] GC(375) Added young regions to CSet. Eden: 44 regions, Survivors: 7 regions, predicted eden time: 7.78ms, predicted base time: 1.08ms, target pause time: 200.00ms, remaining time: 191.14ms
[11.650s][debug][gc,ergo,cset  ] GC(375) Start adding old regions to collection set. Min 38 regions, max 103 regions, time remaining 191.14ms, optional threshold 38.23ms
[11.650s][debug][gc,ergo,cset  ] GC(375) Finish adding old regions to collection set (Maximum number of regions). Initial 103 regions, optional 0 regions
[11.650s][debug][gc,ergo,cset  ] GC(375) Finish choosing collection set old regions. Initial: 103, optional: 0, predicted old time: 0.00ms, predicted optional time: 0.00ms, time remaining: 187.78
[11.650s][debug][gc,ergo       ] GC(375) Running G1 Merge Heap Roots using 10 workers for 154 regions
[11.660s][debug][gc,ergo       ] GC(375) Running G1 Rebuild Free List Task using 10 workers for rebuilding free list of regions
[11.660s][debug][gc,ergo,heap  ] GC(375) Heap expansion: short term pause time ratio 81.06% long term pause time ratio 63.43% threshold 7.69% pause time ratio 7.69% fully expanded true resize by 0B
[11.660s][debug][gc,ergo,refine] GC(375) Concurrent refinement times: Logged Cards Scan time goal: 20.00ms Logged Cards Scan time: 0.03ms HCC time: 0.00ms
[11.660s][trace][gc,ergo,refine] GC(375) Updating Refinement Zones: logged cards scan time: 0.026ms, processed cards: 57, goal time: 19.999ms
[11.660s][debug][gc,ergo,refine] GC(375) Updated Refinement Zones: green: 2560, yellow: 7680, red: 12800
[11.660s][info ][gc,phases     ] GC(375)   Pre Evacuate Collection Set: 0.3ms
[11.660s][info ][gc,phases     ] GC(375)   Merge Heap Roots: 0.1ms
[11.660s][info ][gc,phases     ] GC(375)   Evacuate Collection Set: 9.6ms
[11.660s][info ][gc,phases     ] GC(375)   Post Evacuate Collection Set: 0.6ms
[11.660s][info ][gc,phases     ] GC(375)   Other: 0.2ms
[11.660s][info ][gc,heap       ] GC(375) Eden regions: 44->0(44)
[11.660s][info ][gc,heap       ] GC(375) Survivor regions: 7->7(7)
[11.660s][info ][gc,heap       ] GC(375) Old regions: 548->488
[11.660s][info ][gc,heap       ] GC(375) Archive regions: 0->0
[11.660s][info ][gc,heap       ] GC(375) Humongous regions: 0->0
[11.660s][info ][gc,metaspace  ] GC(375) Metaspace: 6341K(6464K)->6341K(6464K) NonClass: 5794K(5824K)->5794K(5824K) Class: 546K(640K)->546K(640K)
[11.660s][debug][gc,heap       ] GC(375) Heap after GC invocations=376 (full 0):
[11.660s][debug][gc,heap       ] GC(375)  garbage-first heap   total 1048576K, used 506656K [0x00000000c0000000, 0x0000000100000000)
[11.660s][debug][gc,heap       ] GC(375)   region size 1024K, 7 young (7168K), 7 survivors (7168K)
[11.660s][debug][gc,heap       ] GC(375)  Metaspace       used 6341K, committed 6464K, reserved 1114112K
[11.660s][debug][gc,heap       ] GC(375)   class space    used 546K, committed 640K, reserved 1048576K
[11.660s][info ][gc            ] GC(375) Pause Young (Mixed) (G1 Evacuation Pause) 598M->494M(1024M) 10.819ms
[11.660s][info ][gc,cpu        ] GC(375) User=0.09s Sys=0.00s Real=0.01s
[11.660s][info ][safepoint     ] Safepoint "G1CollectForAllocation", Time since last: 3885101 ns, Reaching safepoint: 5100 ns, Cleanup: 5400 ns, At safepoint: 10926700 ns, Total: 10937200 ns
[11.664s][debug][gc,heap       ] GC(376) Heap before GC invocations=376 (full 0):
[11.664s][debug][gc,heap       ] GC(376)  garbage-first heap   total 1048576K, used 550688K [0x00000000c0000000, 0x0000000100000000)
[11.664s][debug][gc,heap       ] GC(376)   region size 1024K, 51 young (52224K), 7 survivors (7168K)
[11.664s][debug][gc,heap       ] GC(376)  Metaspace       used 6341K, committed 6464K, reserved 1114112K
[11.664s][debug][gc,heap       ] GC(376)   class space    used 546K, committed 640K, reserved 1048576K
[11.664s][info ][gc,start      ] GC(376) Pause Young (Mixed) (G1 Evacuation Pause)
[11.664s][info ][gc,task       ] GC(376) Using 10 workers of 10 for evacuation
[11.664s][trace][gc,ergo,cset  ] GC(376) Start choosing CSet. Pending cards: 34 target pause time: 200.00ms
[11.664s][trace][gc,ergo,cset  ] GC(376) Added young regions to CSet. Eden: 44 regions, Survivors: 7 regions, predicted eden time: 7.72ms, predicted base time: 1.02ms, target pause time: 200.00ms, remaining time: 191.26ms
[11.664s][debug][gc,ergo,cset  ] GC(376) Start adding old regions to collection set. Min 38 regions, max 103 regions, time remaining 191.26ms, optional threshold 38.25ms
[11.664s][debug][gc,ergo,cset  ] GC(376) Old candidate collection set empty.
[11.664s][debug][gc,ergo,cset  ] GC(376) Finish choosing collection set old regions. Initial: 98, optional: 0, predicted old time: 0.00ms, predicted optional time: 0.00ms, time remaining: 185.21
[11.664s][debug][gc,ergo       ] GC(376) Running G1 Merge Heap Roots using 10 workers for 149 regions
[11.675s][debug][gc,ergo       ] GC(376) Running G1 Rebuild Free List Task using 10 workers for rebuilding free list of regions
[11.675s][debug][gc,ergo,heap  ] GC(376) Heap expansion: short term pause time ratio 71.99% long term pause time ratio 63.54% threshold 7.69% pause time ratio 7.69% fully expanded true resize by 0B
[11.675s][debug][gc,ergo       ] GC(376) do not continue mixed GCs (candidate old regions not available)
[11.675s][debug][gc,ergo,refine] GC(376) Concurrent refinement times: Logged Cards Scan time goal: 20.00ms Logged Cards Scan time: 0.01ms HCC time: 0.00ms
[11.675s][trace][gc,ergo,refine] GC(376) Updating Refinement Zones: logged cards scan time: 0.013ms, processed cards: 9, goal time: 19.999ms
[11.675s][debug][gc,ergo,refine] GC(376) Updated Refinement Zones: green: 2560, yellow: 7680, red: 12800
[11.675s][info ][gc,phases     ] GC(376)   Pre Evacuate Collection Set: 0.3ms
[11.675s][info ][gc,phases     ] GC(376)   Merge Heap Roots: 0.2ms
[11.675s][info ][gc,phases     ] GC(376)   Evacuate Collection Set: 9.7ms
[11.675s][info ][gc,phases     ] GC(376)   Post Evacuate Collection Set: 0.6ms
[11.675s][info ][gc,phases     ] GC(376)   Other: 0.2ms
[11.675s][info ][gc,heap       ] GC(376) Eden regions: 44->0(168)
[11.675s][info ][gc,heap       ] GC(376) Survivor regions: 7->7(7)
[11.675s][info ][gc,heap       ] GC(376) Old regions: 488->436
[11.675s][info ][gc,heap       ] GC(376) Archive regions: 0->0
[11.675s][info ][gc,heap       ] GC(376) Humongous regions: 0->0
[11.675s][info ][gc,metaspace  ] GC(376) Metaspace: 6341K(6464K)->6341K(6464K) NonClass: 5794K(5824K)->5794K(5824K) Class: 546K(640K)->546K(640K)
[11.675s][debug][gc,heap       ] GC(376) Heap after GC invocations=377 (full 0):
[11.675s][debug][gc,heap       ] GC(376)  garbage-first heap   total 1048576K, used 453008K [0x00000000c0000000, 0x0000000100000000)
[11.675s][debug][gc,heap       ] GC(376)   region size 1024K, 7 young (7168K), 7 survivors (7168K)
[11.675s][debug][gc,heap       ] GC(376)  Metaspace       used 6341K, committed 6464K, reserved 1114112K
[11.675s][debug][gc,heap       ] GC(376)   class space    used 546K, committed 640K, reserved 1048576K
[11.675s][info ][gc            ] GC(376) Pause Young (Mixed) (G1 Evacuation Pause) 538M->442M(1024M) 10.972ms
[11.675s][info ][gc,cpu        ] GC(376) User=0.10s Sys=0.00s Real=0.01s
[11.675s][info ][safepoint     ] Safepoint "G1CollectForAllocation", Time since last: 3338500 ns, Reaching safepoint: 3200 ns, Cleanup: 5300 ns, At safepoint: 11063800 ns, Total: 11072300 ns
[11.689s][debug][gc,heap       ] GC(377) Heap before GC invocations=377 (full 0):
[11.689s][debug][gc,heap       ] GC(377)  garbage-first heap   total 1048576K, used 624016K [0x00000000c0000000, 0x0000000100000000)
[11.689s][debug][gc,heap       ] GC(377)   region size 1024K, 175 young (179200K), 7 survivors (7168K)
[11.689s][debug][gc,heap       ] GC(377)  Metaspace       used 6341K, committed 6464K, reserved 1114112K
[11.689s][debug][gc,heap       ] GC(377)   class space    used 546K, committed 640K, reserved 1048576K
[11.689s][info ][gc,start      ] GC(377) Pause Young (Normal) (G1 Evacuation Pause)
[11.689s][info ][gc,task       ] GC(377) Using 10 workers of 10 for evacuation
[11.689s][trace][gc,ergo,cset  ] GC(377) Start choosing CSet. Pending cards: 31 target pause time: 200.00ms
[11.689s][trace][gc,ergo,cset  ] GC(377) Added young regions to CSet. Eden: 168 regions, Survivors: 7 regions, predicted eden time: 26.18ms, predicted base time: 1.03ms, target pause time: 200.00ms, remaining time: 172.79ms
[11.689s][debug][gc,ergo       ] GC(377) Running G1 Merge Heap Roots using 10 workers for 175 regions
[11.712s][debug][gc,ergo       ] GC(377) Running G1 Rebuild Free List Task using 10 workers for rebuilding free list of regions
[11.712s][debug][gc,ergo,heap  ] GC(377) Heap expansion: short term pause time ratio 75.30% long term pause time ratio 65.35% threshold 7.69% pause time ratio 7.69% fully expanded true resize by 0B
[11.712s][debug][gc,ergo,refine] GC(377) Concurrent refinement times: Logged Cards Scan time goal: 20.00ms Logged Cards Scan time: 0.02ms HCC time: 0.00ms
[11.712s][trace][gc,ergo,refine] GC(377) Updating Refinement Zones: logged cards scan time: 0.021ms, processed cards: 6, goal time: 20.000ms
[11.712s][debug][gc,ergo,refine] GC(377) Updated Refinement Zones: green: 2560, yellow: 7680, red: 12800
[11.712s][info ][gc,phases     ] GC(377)   Pre Evacuate Collection Set: 0.3ms
[11.712s][info ][gc,phases     ] GC(377)   Merge Heap Roots: 0.1ms
[11.712s][info ][gc,phases     ] GC(377)   Evacuate Collection Set: 21.9ms
[11.712s][info ][gc,phases     ] GC(377)   Post Evacuate Collection Set: 0.7ms
[11.712s][info ][gc,phases     ] GC(377)   Other: 0.2ms
[11.712s][info ][gc,heap       ] GC(377) Eden regions: 168->0(128)
[11.712s][info ][gc,heap       ] GC(377) Survivor regions: 7->22(22)
[11.712s][info ][gc,heap       ] GC(377) Old regions: 436->533
[11.712s][info ][gc,heap       ] GC(377) Archive regions: 0->0
[11.712s][info ][gc,heap       ] GC(377) Humongous regions: 0->0
[11.712s][info ][gc,metaspace  ] GC(377) Metaspace: 6341K(6464K)->6341K(6464K) NonClass: 5794K(5824K)->5794K(5824K) Class: 546K(640K)->546K(640K)
[11.712s][debug][gc,heap       ] GC(377) Heap after GC invocations=378 (full 0):
[11.712s][debug][gc,heap       ] GC(377)  garbage-first heap   total 1048576K, used 567396K [0x00000000c0000000, 0x0000000100000000)
[11.712s][debug][gc,heap       ] GC(377)   region size 1024K, 22 young (22528K), 22 survivors (22528K)
[11.712s][debug][gc,heap       ] GC(377)  Metaspace       used 6341K, committed 6464K, reserved 1114112K
[11.712s][debug][gc,heap       ] GC(377)   class space    used 546K, committed 640K, reserved 1048576K
[11.712s][info ][gc            ] GC(377) Pause Young (Normal) (G1 Evacuation Pause) 610M->554M(1024M) 23.210ms
[11.712s][info ][gc,cpu        ] GC(377) User=0.22s Sys=0.00s Real=0.02s
[11.712s][info ][safepoint     ] Safepoint "G1CollectForAllocation", Time since last: 13712601 ns, Reaching safepoint: 7300 ns, Cleanup: 5100 ns, At safepoint: 23319901 ns, Total: 23332301 ns
[11.722s][debug][gc,heap       ] GC(378) Heap before GC invocations=378 (full 0):
[11.722s][debug][gc,heap       ] GC(378)  garbage-first heap   total 1048576K, used 697444K [0x00000000c0000000, 0x0000000100000000)
[11.722s][debug][gc,heap       ] GC(378)   region size 1024K, 150 young (153600K), 22 survivors (22528K)
[11.722s][debug][gc,heap       ] GC(378)  Metaspace       used 6341K, committed 6464K, reserved 1114112K
[11.722s][debug][gc,heap       ] GC(378)   class space    used 546K, committed 640K, reserved 1048576K
[11.722s][info ][gc,start      ] GC(378) Pause Young (Normal) (G1 Evacuation Pause)
[11.722s][info ][gc,task       ] GC(378) Using 10 workers of 10 for evacuation
[11.722s][trace][gc,ergo,cset  ] GC(378) Start choosing CSet. Pending cards: 34 target pause time: 200.00ms
[11.722s][trace][gc,ergo,cset  ] GC(378) Added young regions to CSet. Eden: 128 regions, Survivors: 22 regions, predicted eden time: 20.01ms, predicted base time: 1.10ms, target pause time: 200.00ms, remaining time: 178.88ms
[11.723s][debug][gc,ergo       ] GC(378) Running G1 Merge Heap Roots using 10 workers for 150 regions
[11.743s][debug][gc,ergo       ] GC(378) Running G1 Rebuild Free List Task using 10 workers for rebuilding free list of regions
[11.743s][debug][gc,ergo,heap  ] GC(378) Heap expansion: short term pause time ratio 62.20% long term pause time ratio 64.74% threshold 7.69% pause time ratio 7.69% fully expanded true resize by 0B
[11.743s][debug][gc,ergo,refine] GC(378) Concurrent refinement times: Logged Cards Scan time goal: 20.00ms Logged Cards Scan time: 0.05ms HCC time: 0.00ms
[11.743s][trace][gc,ergo,refine] GC(378) Updating Refinement Zones: logged cards scan time: 0.046ms, processed cards: 11, goal time: 19.999ms
[11.743s][debug][gc,ergo,refine] GC(378) Updated Refinement Zones: green: 2560, yellow: 7680, red: 12800
[11.743s][info ][gc,phases     ] GC(378)   Pre Evacuate Collection Set: 0.2ms
[11.743s][info ][gc,phases     ] GC(378)   Merge Heap Roots: 0.1ms
[11.743s][info ][gc,phases     ] GC(378)   Evacuate Collection Set: 19.7ms
[11.743s][info ][gc,phases     ] GC(378)   Post Evacuate Collection Set: 0.6ms
[11.743s][info ][gc,phases     ] GC(378)   Other: 0.2ms
[11.743s][info ][gc,heap       ] GC(378) Eden regions: 128->0(97)
[11.743s][info ][gc,heap       ] GC(378) Survivor regions: 22->19(19)
[11.743s][info ][gc,heap       ] GC(378) Old regions: 533->621
[11.743s][info ][gc,heap       ] GC(378) Archive regions: 0->0
[11.743s][info ][gc,heap       ] GC(378) Humongous regions: 0->0
[11.743s][info ][gc,metaspace  ] GC(378) Metaspace: 6341K(6464K)->6341K(6464K) NonClass: 5794K(5824K)->5794K(5824K) Class: 546K(640K)->546K(640K)
[11.743s][debug][gc,heap       ] GC(378) Heap after GC invocations=379 (full 0):
[11.743s][debug][gc,heap       ] GC(378)  garbage-first heap   total 1048576K, used 654536K [0x00000000c0000000, 0x0000000100000000)
[11.743s][debug][gc,heap       ] GC(378)   region size 1024K, 19 young (19456K), 19 survivors (19456K)
[11.743s][debug][gc,heap       ] GC(378)  Metaspace       used 6341K, committed 6464K, reserved 1114112K
[11.743s][debug][gc,heap       ] GC(378)   class space    used 546K, committed 640K, reserved 1048576K
[11.743s][info ][gc            ] GC(378) Pause Young (Normal) (G1 Evacuation Pause) 682M->639M(1024M) 20.874ms
[11.743s][info ][gc,cpu        ] GC(378) User=0.19s Sys=0.00s Real=0.02s
[11.743s][info ][safepoint     ] Safepoint "G1CollectForAllocation", Time since last: 10212400 ns, Reaching safepoint: 4300 ns, Cleanup: 5200 ns, At safepoint: 20970301 ns, Total: 20979801 ns
[11.751s][debug][gc,heap       ] GC(379) Heap before GC invocations=379 (full 0):
[11.751s][debug][gc,heap       ] GC(379)  garbage-first heap   total 1048576K, used 752840K [0x00000000c0000000, 0x0000000100000000)
[11.751s][debug][gc,heap       ] GC(379)   region size 1024K, 116 young (118784K), 19 survivors (19456K)
[11.751s][debug][gc,heap       ] GC(379)  Metaspace       used 6341K, committed 6464K, reserved 1114112K
[11.751s][debug][gc,heap       ] GC(379)   class space    used 546K, committed 640K, reserved 1048576K
[11.751s][info ][gc,start      ] GC(379) Pause Young (Normal) (G1 Evacuation Pause)
[11.751s][info ][gc,task       ] GC(379) Using 10 workers of 10 for evacuation
[11.751s][trace][gc,ergo,cset  ] GC(379) Start choosing CSet. Pending cards: 35 target pause time: 200.00ms
[11.751s][trace][gc,ergo,cset  ] GC(379) Added young regions to CSet. Eden: 97 regions, Survivors: 19 regions, predicted eden time: 15.41ms, predicted base time: 1.10ms, target pause time: 200.00ms, remaining time: 183.48ms
[11.751s][debug][gc,ergo       ] GC(379) Running G1 Merge Heap Roots using 10 workers for 116 regions
[11.769s][debug][gc,ergo       ] GC(379) Running G1 Rebuild Free List Task using 10 workers for rebuilding free list of regions
[11.769s][debug][gc,ergo,heap  ] GC(379) Heap expansion: short term pause time ratio 66.53% long term pause time ratio 65.14% threshold 7.69% pause time ratio 7.69% fully expanded true resize by 0B
[11.769s][debug][gc,ergo,refine] GC(379) Concurrent refinement times: Logged Cards Scan time goal: 20.00ms Logged Cards Scan time: 0.03ms HCC time: 0.00ms
[11.769s][trace][gc,ergo,refine] GC(379) Updating Refinement Zones: logged cards scan time: 0.028ms, processed cards: 13, goal time: 19.999ms
[11.769s][debug][gc,ergo,refine] GC(379) Updated Refinement Zones: green: 2560, yellow: 7680, red: 12800
[11.769s][info ][gc,phases     ] GC(379)   Pre Evacuate Collection Set: 0.3ms
[11.769s][info ][gc,phases     ] GC(379)   Merge Heap Roots: 0.2ms
[11.769s][info ][gc,phases     ] GC(379)   Evacuate Collection Set: 16.8ms
[11.769s][info ][gc,phases     ] GC(379)   Post Evacuate Collection Set: 0.6ms
[11.769s][info ][gc,phases     ] GC(379)   Other: 0.2ms
[11.769s][info ][gc,heap       ] GC(379) Eden regions: 97->0(71)
[11.769s][info ][gc,heap       ] GC(379) Survivor regions: 19->15(15)
[11.769s][info ][gc,heap       ] GC(379) Old regions: 621->695
[11.769s][info ][gc,heap       ] GC(379) Archive regions: 0->0
[11.769s][info ][gc,heap       ] GC(379) Humongous regions: 0->0
[11.769s][info ][gc,metaspace  ] GC(379) Metaspace: 6341K(6464K)->6341K(6464K) NonClass: 5794K(5824K)->5794K(5824K) Class: 546K(640K)->546K(640K)
[11.769s][debug][gc,heap       ] GC(379) Heap after GC invocations=380 (full 0):
[11.769s][debug][gc,heap       ] GC(379)  garbage-first heap   total 1048576K, used 726716K [0x00000000c0000000, 0x0000000100000000)
[11.769s][debug][gc,heap       ] GC(379)   region size 1024K, 15 young (15360K), 15 survivors (15360K)
[11.769s][debug][gc,heap       ] GC(379)  Metaspace       used 6341K, committed 6464K, reserved 1114112K
[11.769s][debug][gc,heap       ] GC(379)   class space    used 546K, committed 640K, reserved 1048576K
[11.769s][info ][gc            ] GC(379) Pause Young (Normal) (G1 Evacuation Pause) 736M->709M(1024M) 17.959ms
[11.769s][info ][gc,cpu        ] GC(379) User=0.17s Sys=0.00s Real=0.02s
[11.769s][info ][safepoint     ] Safepoint "G1CollectForAllocation", Time since last: 7916000 ns, Reaching safepoint: 5500 ns, Cleanup: 5800 ns, At safepoint: 18075301 ns, Total: 18086601 ns
[11.775s][debug][gc,heap       ] GC(380) Heap before GC invocations=380 (full 0):
[11.775s][debug][gc,heap       ] GC(380)  garbage-first heap   total 1048576K, used 798396K [0x00000000c0000000, 0x0000000100000000)
[11.775s][debug][gc,heap       ] GC(380)   region size 1024K, 86 young (88064K), 15 survivors (15360K)
[11.775s][debug][gc,heap       ] GC(380)  Metaspace       used 6341K, committed 6464K, reserved 1114112K
[11.775s][debug][gc,heap       ] GC(380)   class space    used 546K, committed 640K, reserved 1048576K
[11.775s][info ][gc,start      ] GC(380) Pause Young (Normal) (G1 Evacuation Pause)
[11.775s][info ][gc,task       ] GC(380) Using 10 workers of 10 for evacuation
[11.775s][trace][gc,ergo,cset  ] GC(380) Start choosing CSet. Pending cards: 31 target pause time: 200.00ms
[11.775s][trace][gc,ergo,cset  ] GC(380) Added young regions to CSet. Eden: 71 regions, Survivors: 15 regions, predicted eden time: 11.74ms, predicted base time: 1.03ms, target pause time: 200.00ms, remaining time: 187.22ms
[11.775s][debug][gc,ergo       ] GC(380) Running G1 Merge Heap Roots using 10 workers for 86 regions
[11.789s][debug][gc,ergo       ] GC(380) Running G1 Rebuild Free List Task using 10 workers for rebuilding free list of regions
[11.789s][debug][gc,ergo,heap  ] GC(380) Heap expansion: short term pause time ratio 68.53% long term pause time ratio 64.86% threshold 7.69% pause time ratio 7.69% fully expanded true resize by 0B
[11.789s][debug][gc,ergo,refine] GC(380) Concurrent refinement times: Logged Cards Scan time goal: 20.00ms Logged Cards Scan time: 0.03ms HCC time: 0.00ms
[11.789s][trace][gc,ergo,refine] GC(380) Updating Refinement Zones: logged cards scan time: 0.030ms, processed cards: 14, goal time: 20.000ms
[11.789s][debug][gc,ergo,refine] GC(380) Updated Refinement Zones: green: 2560, yellow: 7680, red: 12800
[11.789s][info ][gc,phases     ] GC(380)   Pre Evacuate Collection Set: 0.3ms
[11.789s][info ][gc,phases     ] GC(380)   Merge Heap Roots: 0.2ms
[11.789s][info ][gc,phases     ] GC(380)   Evacuate Collection Set: 13.1ms
[11.789s][info ][gc,phases     ] GC(380)   Post Evacuate Collection Set: 0.5ms
[11.789s][info ][gc,phases     ] GC(380)   Other: 0.1ms
[11.789s][info ][gc,heap       ] GC(380) Eden regions: 71->0(51)
[11.789s][info ][gc,heap       ] GC(380) Survivor regions: 15->11(11)
[11.789s][info ][gc,heap       ] GC(380) Old regions: 695->754
[11.789s][info ][gc,heap       ] GC(380) Archive regions: 0->0
[11.789s][info ][gc,heap       ] GC(380) Humongous regions: 0->0
[11.789s][info ][gc,metaspace  ] GC(380) Metaspace: 6341K(6464K)->6341K(6464K) NonClass: 5794K(5824K)->5794K(5824K) Class: 546K(640K)->546K(640K)
[11.789s][debug][gc,heap       ] GC(380) Heap after GC invocations=381 (full 0):
[11.789s][debug][gc,heap       ] GC(380)  garbage-first heap   total 1048576K, used 783236K [0x00000000c0000000, 0x0000000100000000)
[11.789s][debug][gc,heap       ] GC(380)   region size 1024K, 11 young (11264K), 11 survivors (11264K)
[11.789s][debug][gc,heap       ] GC(380)  Metaspace       used 6341K, committed 6464K, reserved 1114112K
[11.789s][debug][gc,heap       ] GC(380)   class space    used 546K, committed 640K, reserved 1048576K
[11.789s][info ][gc            ] GC(380) Pause Young (Normal) (G1 Evacuation Pause) 780M->764M(1024M) 14.144ms
[11.789s][info ][gc,cpu        ] GC(380) User=0.13s Sys=0.00s Real=0.01s
[11.789s][info ][safepoint     ] Safepoint "G1CollectForAllocation", Time since last: 5694300 ns, Reaching safepoint: 4200 ns, Cleanup: 4700 ns, At safepoint: 14257801 ns, Total: 14266701 ns
[11.793s][debug][gc,heap       ] GC(381) Heap before GC invocations=381 (full 0):
[11.793s][debug][gc,heap       ] GC(381)  garbage-first heap   total 1048576K, used 834436K [0x00000000c0000000, 0x0000000100000000)
[11.793s][debug][gc,heap       ] GC(381)   region size 1024K, 62 young (63488K), 11 survivors (11264K)
[11.793s][debug][gc,heap       ] GC(381)  Metaspace       used 6341K, committed 6464K, reserved 1114112K
[11.793s][debug][gc,heap       ] GC(381)   class space    used 546K, committed 640K, reserved 1048576K
[11.793s][info ][gc,start      ] GC(381) Pause Young (Normal) (G1 Evacuation Pause)
[11.793s][info ][gc,task       ] GC(381) Using 10 workers of 10 for evacuation
[11.793s][trace][gc,ergo,cset  ] GC(381) Start choosing CSet. Pending cards: 33 target pause time: 200.00ms
[11.793s][trace][gc,ergo,cset  ] GC(381) Added young regions to CSet. Eden: 51 regions, Survivors: 11 regions, predicted eden time: 8.72ms, predicted base time: 0.97ms, target pause time: 200.00ms, remaining time: 190.31ms
[11.793s][debug][gc,ergo       ] GC(381) Running G1 Merge Heap Roots using 10 workers for 62 regions
[11.804s][debug][gc,ergo       ] GC(381) Running G1 Rebuild Free List Task using 10 workers for rebuilding free list of regions
[11.804s][debug][gc,ergo,heap  ] GC(381) Heap expansion: short term pause time ratio 70.20% long term pause time ratio 67.05% threshold 7.69% pause time ratio 7.69% fully expanded true resize by 0B
[11.804s][debug][gc,ergo,refine] GC(381) Concurrent refinement times: Logged Cards Scan time goal: 20.00ms Logged Cards Scan time: 0.03ms HCC time: 0.00ms
[11.804s][trace][gc,ergo,refine] GC(381) Updating Refinement Zones: logged cards scan time: 0.033ms, processed cards: 16, goal time: 20.000ms
[11.804s][debug][gc,ergo,refine] GC(381) Updated Refinement Zones: green: 2560, yellow: 7680, red: 12800
[11.804s][info ][gc,phases     ] GC(381)   Pre Evacuate Collection Set: 0.2ms
[11.804s][info ][gc,phases     ] GC(381)   Merge Heap Roots: 0.2ms
[11.804s][info ][gc,phases     ] GC(381)   Evacuate Collection Set: 10.2ms
[11.804s][info ][gc,phases     ] GC(381)   Post Evacuate Collection Set: 0.5ms
[11.804s][info ][gc,phases     ] GC(381)   Other: 0.2ms
[11.804s][info ][gc,heap       ] GC(381) Eden regions: 51->0(43)
[11.804s][info ][gc,heap       ] GC(381) Survivor regions: 11->8(8)
[11.804s][info ][gc,heap       ] GC(381) Old regions: 754->800
[11.804s][info ][gc,heap       ] GC(381) Archive regions: 0->0
[11.804s][info ][gc,heap       ] GC(381) Humongous regions: 0->0
[11.804s][info ][gc,metaspace  ] GC(381) Metaspace: 6341K(6464K)->6341K(6464K) NonClass: 5794K(5824K)->5794K(5824K) Class: 546K(640K)->546K(640K)
[11.804s][debug][gc,heap       ] GC(381) Heap after GC invocations=382 (full 0):
[11.804s][debug][gc,heap       ] GC(381)  garbage-first heap   total 1048576K, used 826468K [0x00000000c0000000, 0x0000000100000000)
[11.804s][debug][gc,heap       ] GC(381)   region size 1024K, 8 young (8192K), 8 survivors (8192K)
[11.804s][debug][gc,heap       ] GC(381)  Metaspace       used 6341K, committed 6464K, reserved 1114112K
[11.804s][debug][gc,heap       ] GC(381)   class space    used 546K, committed 640K, reserved 1048576K
[11.804s][info ][gc            ] GC(381) Pause Young (Normal) (G1 Evacuation Pause) 815M->807M(1024M) 11.330ms
[11.804s][info ][gc,cpu        ] GC(381) User=0.09s Sys=0.01s Real=0.02s
[11.804s][info ][safepoint     ] Safepoint "G1CollectForAllocation", Time since last: 3686300 ns, Reaching safepoint: 3800 ns, Cleanup: 5400 ns, At safepoint: 11429600 ns, Total: 11438800 ns
[11.808s][debug][gc,heap       ] GC(382) Heap before GC invocations=382 (full 0):
[11.808s][debug][gc,heap       ] GC(382)  garbage-first heap   total 1048576K, used 869476K [0x00000000c0000000, 0x0000000100000000)
[11.808s][debug][gc,heap       ] GC(382)   region size 1024K, 51 young (52224K), 8 survivors (8192K)
[11.808s][debug][gc,heap       ] GC(382)  Metaspace       used 6341K, committed 6464K, reserved 1114112K
[11.808s][debug][gc,heap       ] GC(382)   class space    used 546K, committed 640K, reserved 1048576K
[11.808s][info ][gc,start      ] GC(382) Pause Young (Normal) (G1 Evacuation Pause)
[11.808s][info ][gc,task       ] GC(382) Using 10 workers of 10 for evacuation
[11.808s][trace][gc,ergo,cset  ] GC(382) Start choosing CSet. Pending cards: 31 target pause time: 200.00ms
[11.808s][trace][gc,ergo,cset  ] GC(382) Added young regions to CSet. Eden: 43 regions, Survivors: 8 regions, predicted eden time: 7.46ms, predicted base time: 0.92ms, target pause time: 200.00ms, remaining time: 191.62ms
[11.808s][debug][gc,ergo       ] GC(382) Running G1 Merge Heap Roots using 10 workers for 51 regions
[11.817s][debug][gc,ergo       ] GC(382) Running G1 Rebuild Free List Task using 10 workers for rebuilding free list of regions
[11.817s][debug][gc,ergo,heap  ] GC(382) Heap expansion: short term pause time ratio 73.94% long term pause time ratio 66.77% threshold 7.69% pause time ratio 7.69% fully expanded true resize by 0B
[11.817s][debug][gc,ergo,ihop  ] GC(382) Request concurrent cycle initiation (occupancy higher than threshold) occupancy: 878706688B allocation request: 0B threshold: 859201979B (80.02) source: end of GC
[11.817s][debug][gc,ergo,refine] GC(382) Concurrent refinement times: Logged Cards Scan time goal: 20.00ms Logged Cards Scan time: 0.02ms HCC time: 0.00ms
[11.818s][trace][gc,ergo,refine] GC(382) Updating Refinement Zones: logged cards scan time: 0.022ms, processed cards: 22, goal time: 20.000ms
[11.818s][debug][gc,ergo,refine] GC(382) Updated Refinement Zones: green: 2560, yellow: 7680, red: 12800
[11.818s][info ][gc,phases     ] GC(382)   Pre Evacuate Collection Set: 0.2ms
[11.818s][info ][gc,phases     ] GC(382)   Merge Heap Roots: 0.2ms
[11.818s][info ][gc,phases     ] GC(382)   Evacuate Collection Set: 8.9ms
[11.818s][info ][gc,phases     ] GC(382)   Post Evacuate Collection Set: 0.5ms
[11.818s][info ][gc,phases     ] GC(382)   Other: 0.1ms
[11.818s][info ][gc,heap       ] GC(382) Eden regions: 43->0(44)
[11.818s][info ][gc,heap       ] GC(382) Survivor regions: 8->7(7)
[11.818s][info ][gc,heap       ] GC(382) Old regions: 800->838
[11.818s][info ][gc,heap       ] GC(382) Archive regions: 0->0
[11.818s][info ][gc,heap       ] GC(382) Humongous regions: 0->0
[11.818s][info ][gc,metaspace  ] GC(382) Metaspace: 6341K(6464K)->6341K(6464K) NonClass: 5794K(5824K)->5794K(5824K) Class: 546K(640K)->546K(640K)
[11.818s][debug][gc,heap       ] GC(382) Heap after GC invocations=383 (full 0):
[11.818s][debug][gc,heap       ] GC(382)  garbage-first heap   total 1048576K, used 864556K [0x00000000c0000000, 0x0000000100000000)
[11.818s][debug][gc,heap       ] GC(382)   region size 1024K, 7 young (7168K), 7 survivors (7168K)
[11.818s][debug][gc,heap       ] GC(382)  Metaspace       used 6341K, committed 6464K, reserved 1114112K
[11.818s][debug][gc,heap       ] GC(382)   class space    used 546K, committed 640K, reserved 1048576K
[11.818s][info ][gc            ] GC(382) Pause Young (Normal) (G1 Evacuation Pause) 850M->844M(1024M) 9.976ms
[11.818s][info ][gc,cpu        ] GC(382) User=0.09s Sys=0.00s Real=0.01s
[11.818s][info ][safepoint     ] Safepoint "G1CollectForAllocation", Time since last: 3337000 ns, Reaching safepoint: 5500 ns, Cleanup: 5400 ns, At safepoint: 10067201 ns, Total: 10078101 ns
[11.821s][debug][gc,heap       ] GC(383) Heap before GC invocations=383 (full 0):
[11.821s][debug][gc,heap       ] GC(383)  garbage-first heap   total 1048576K, used 908588K [0x00000000c0000000, 0x0000000100000000)
[11.821s][debug][gc,heap       ] GC(383)   region size 1024K, 51 young (52224K), 7 survivors (7168K)
[11.821s][debug][gc,heap       ] GC(383)  Metaspace       used 6341K, committed 6464K, reserved 1114112K
[11.821s][debug][gc,heap       ] GC(383)   class space    used 546K, committed 640K, reserved 1048576K
[11.821s][debug][gc,ergo       ] GC(383) Initiate concurrent cycle (concurrent cycle initiation requested)
[11.821s][info ][gc,start      ] GC(383) Pause Young (Concurrent Start) (G1 Evacuation Pause)
[11.821s][info ][gc,task       ] GC(383) Using 10 workers of 10 for evacuation
[11.821s][trace][gc,ergo,cset  ] GC(383) Start choosing CSet. Pending cards: 29 target pause time: 200.00ms
[11.822s][trace][gc,ergo,cset  ] GC(383) Added young regions to CSet. Eden: 44 regions, Survivors: 7 regions, predicted eden time: 7.68ms, predicted base time: 0.87ms, target pause time: 200.00ms, remaining time: 191.45ms
[11.822s][debug][gc,ergo       ] GC(383) Running G1 Merge Heap Roots using 10 workers for 51 regions
[11.831s][debug][gc,ergo       ] GC(383) Running G1 Rebuild Free List Task using 10 workers for rebuilding free list of regions
[11.832s][debug][gc,ergo,heap  ] GC(383) Heap expansion: short term pause time ratio 73.23% long term pause time ratio 67.54% threshold 7.69% pause time ratio 7.69% fully expanded true resize by 0B
[11.832s][debug][gc,ergo,refine] GC(383) Concurrent refinement times: Logged Cards Scan time goal: 20.00ms Logged Cards Scan time: 0.02ms HCC time: 0.00ms
[11.832s][trace][gc,ergo,refine] GC(383) Updating Refinement Zones: logged cards scan time: 0.019ms, processed cards: 20, goal time: 20.000ms
[11.832s][debug][gc,ergo,refine] GC(383) Updated Refinement Zones: green: 2560, yellow: 7680, red: 12800
[11.832s][info ][gc,phases     ] GC(383)   Pre Evacuate Collection Set: 0.3ms
[11.832s][info ][gc,phases     ] GC(383)   Merge Heap Roots: 0.2ms
[11.832s][info ][gc,phases     ] GC(383)   Evacuate Collection Set: 9.0ms
[11.832s][info ][gc,phases     ] GC(383)   Post Evacuate Collection Set: 0.6ms
[11.832s][info ][gc,phases     ] GC(383)   Other: 0.2ms
[11.832s][info ][gc,heap       ] GC(383) Eden regions: 44->0(44)
[11.832s][info ][gc,heap       ] GC(383) Survivor regions: 7->7(7)
[11.832s][info ][gc,heap       ] GC(383) Old regions: 838->875
[11.832s][info ][gc,heap       ] GC(383) Archive regions: 0->0
[11.832s][info ][gc,heap       ] GC(383) Humongous regions: 0->0
[11.832s][info ][gc,metaspace  ] GC(383) Metaspace: 6341K(6464K)->6341K(6464K) NonClass: 5794K(5824K)->5794K(5824K) Class: 546K(640K)->546K(640K)
[11.832s][debug][gc,heap       ] GC(383) Heap after GC invocations=384 (full 0):
[11.832s][debug][gc,heap       ] GC(383)  garbage-first heap   total 1048576K, used 903144K [0x00000000c0000000, 0x0000000100000000)
[11.832s][debug][gc,heap       ] GC(383)   region size 1024K, 7 young (7168K), 7 survivors (7168K)
[11.832s][debug][gc,heap       ] GC(383)  Metaspace       used 6341K, committed 6464K, reserved 1114112K
[11.832s][debug][gc,heap       ] GC(383)   class space    used 546K, committed 640K, reserved 1048576K
[11.832s][info ][gc            ] GC(383) Pause Young (Concurrent Start) (G1 Evacuation Pause) 888M->881M(1024M) 10.264ms
[11.832s][info ][gc,cpu        ] GC(383) User=0.09s Sys=0.00s Real=0.01s
[11.832s][info ][safepoint     ] Safepoint "G1CollectForAllocation", Time since last: 3742000 ns, Reaching safepoint: 4700 ns, Cleanup: 4500 ns, At safepoint: 10384200 ns, Total: 10393400 ns
[11.832s][info ][gc            ] GC(384) Concurrent Mark Cycle
[11.832s][info ][gc,marking    ] GC(384) Concurrent Clear Claimed Marks
[11.832s][info ][gc,marking    ] GC(384) Concurrent Clear Claimed Marks 0.012ms
[11.832s][info ][gc,marking    ] GC(384) Concurrent Scan Root Regions
[11.832s][debug][gc,ergo       ] GC(384) Running G1 Root Region Scan using 3 workers for 45 work units.
[11.832s][info ][gc,marking    ] GC(384) Concurrent Scan Root Regions 0.142ms
[11.832s][info ][gc,marking    ] GC(384) Concurrent Mark
[11.832s][info ][gc,marking    ] GC(384) Concurrent Mark From Roots
[11.832s][info ][gc,task       ] GC(384) Using 3 workers of 3 for marking
[11.836s][info ][gc,marking    ] GC(384) Concurrent Mark From Roots 3.591ms
[11.836s][info ][gc,marking    ] GC(384) Concurrent Preclean
[11.836s][info ][gc,marking    ] GC(384) Concurrent Preclean 0.050ms
[11.836s][info ][gc,start      ] GC(384) Pause Remark
[11.837s][debug][gc,ergo       ] GC(384) Running G1 Update RemSet Tracking Before Rebuild using 3 workers for 1024 regions in heap
[11.837s][info ][gc            ] GC(384) Pause Remark 912M->503M(1024M) 1.470ms
[11.837s][info ][gc,cpu        ] GC(384) User=0.01s Sys=0.00s Real=0.00s
[11.837s][info ][safepoint     ] Safepoint "G1PauseRemark", Time since last: 4039200 ns, Reaching safepoint: 86400 ns, Cleanup: 4400 ns, At safepoint: 1515300 ns, Total: 1606100 ns
[11.837s][info ][gc,marking    ] GC(384) Concurrent Mark 5.426ms
[11.837s][info ][gc,marking    ] GC(384) Concurrent Rebuild Remembered Sets
[11.839s][debug][gc,heap       ] GC(385) Heap before GC invocations=384 (full 0):
[11.839s][debug][gc,heap       ] GC(385)  garbage-first heap   total 1048576K, used 528360K [0x00000000c0000000, 0x0000000100000000)
[11.839s][debug][gc,heap       ] GC(385)   region size 1024K, 51 young (52224K), 7 survivors (7168K)
[11.839s][debug][gc,heap       ] GC(385)  Metaspace       used 6341K, committed 6464K, reserved 1114112K
[11.839s][debug][gc,heap       ] GC(385)   class space    used 546K, committed 640K, reserved 1048576K
[11.839s][info ][gc,start      ] GC(385) Pause Young (Normal) (G1 Evacuation Pause)
[11.839s][info ][gc,task       ] GC(385) Using 10 workers of 10 for evacuation
[11.840s][trace][gc,ergo,cset  ] GC(385) Start choosing CSet. Pending cards: 65 target pause time: 200.00ms
[11.840s][trace][gc,ergo,cset  ] GC(385) Added young regions to CSet. Eden: 44 regions, Survivors: 7 regions, predicted eden time: 7.38ms, predicted base time: 0.91ms, target pause time: 200.00ms, remaining time: 191.71ms
[11.840s][debug][gc,ergo       ] GC(385) Running G1 Merge Heap Roots using 10 workers for 51 regions
[11.849s][debug][gc,ergo       ] GC(385) Running G1 Rebuild Free List Task using 10 workers for rebuilding free list of regions
[11.849s][debug][gc,ergo,heap  ] GC(385) Heap expansion: short term pause time ratio 25.27% long term pause time ratio 67.63% threshold 7.69% pause time ratio 7.69% fully expanded true resize by 0B
[11.849s][debug][gc,ergo,refine] GC(385) Concurrent refinement times: Logged Cards Scan time goal: 20.00ms Logged Cards Scan time: 0.04ms HCC time: 0.00ms
[11.849s][trace][gc,ergo,refine] GC(385) Updating Refinement Zones: logged cards scan time: 0.036ms, processed cards: 48, goal time: 20.000ms
[11.849s][debug][gc,ergo,refine] GC(385) Updated Refinement Zones: green: 2560, yellow: 7680, red: 12800
[11.849s][info ][gc,phases     ] GC(385)   Pre Evacuate Collection Set: 0.2ms
[11.849s][info ][gc,phases     ] GC(385)   Merge Heap Roots: 0.1ms
[11.849s][info ][gc,phases     ] GC(385)   Evacuate Collection Set: 8.4ms
[11.849s][info ][gc,phases     ] GC(385)   Post Evacuate Collection Set: 0.5ms
[11.849s][info ][gc,phases     ] GC(385)   Other: 0.1ms
[11.849s][info ][gc,heap       ] GC(385) Eden regions: 44->0(144)
[11.849s][info ][gc,heap       ] GC(385) Survivor regions: 7->7(7)
[11.849s][info ][gc,heap       ] GC(385) Old regions: 466->505
[11.849s][info ][gc,heap       ] GC(385) Archive regions: 0->0
[11.849s][info ][gc,heap       ] GC(385) Humongous regions: 0->0
[11.849s][info ][gc,metaspace  ] GC(385) Metaspace: 6341K(6464K)->6341K(6464K) NonClass: 5794K(5824K)->5794K(5824K) Class: 546K(640K)->546K(640K)
[11.849s][debug][gc,heap       ] GC(385) Heap after GC invocations=385 (full 0):
[11.849s][debug][gc,heap       ] GC(385)  garbage-first heap   total 1048576K, used 523364K [0x00000000c0000000, 0x0000000100000000)
[11.849s][debug][gc,heap       ] GC(385)   region size 1024K, 7 young (7168K), 7 survivors (7168K)
[11.849s][debug][gc,heap       ] GC(385)  Metaspace       used 6341K, committed 6464K, reserved 1114112K
[11.849s][debug][gc,heap       ] GC(385)   class space    used 546K, committed 640K, reserved 1048576K
[11.849s][info ][gc            ] GC(385) Pause Young (Normal) (G1 Evacuation Pause) 516M->511M(1024M) 9.814ms
[11.849s][info ][gc,cpu        ] GC(385) User=0.09s Sys=0.00s Real=0.01s
[11.849s][info ][safepoint     ] Safepoint "G1CollectForAllocation", Time since last: 1948000 ns, Reaching safepoint: 43000 ns, Cleanup: 3600 ns, At safepoint: 9947601 ns, Total: 9994201 ns
[11.850s][info ][gc,marking    ] GC(384) Concurrent Rebuild Remembered Sets 12.082ms
[11.850s][info ][gc,start      ] GC(384) Pause Cleanup
[11.850s][debug][gc,ergo,cset  ] GC(384) Pruned 132 regions out of 412, leaving 53393128 bytes waste (allowed 53687091)
[11.850s][info ][gc            ] GC(384) Pause Cleanup 513M->513M(1024M) 0.326ms
[11.850s][info ][gc,cpu        ] GC(384) User=0.00s Sys=0.00s Real=0.00s
[11.850s][info ][safepoint     ] Safepoint "G1PauseCleanup", Time since last: 257300 ns, Reaching safepoint: 81900 ns, Cleanup: 2700 ns, At safepoint: 357400 ns, Total: 442000 ns
[11.850s][info ][gc,marking    ] GC(384) Concurrent Cleanup for Next Mark
[11.850s][debug][gc,ergo       ] GC(384) Running G1 Clear Bitmap with 3 workers for 16 work units.
[11.852s][info ][gc,marking    ] GC(384) Concurrent Cleanup for Next Mark 1.692ms
[11.852s][info ][gc            ] GC(384) Concurrent Mark Cycle 20.170ms
[11.865s][debug][gc,heap       ] GC(386) Heap before GC invocations=386 (full 0):
[11.865s][debug][gc,heap       ] GC(386)  garbage-first heap   total 1048576K, used 669796K [0x00000000c0000000, 0x0000000100000000)
[11.865s][debug][gc,heap       ] GC(386)   region size 1024K, 151 young (154624K), 7 survivors (7168K)
[11.865s][debug][gc,heap       ] GC(386)  Metaspace       used 6341K, committed 6464K, reserved 1114112K
[11.865s][debug][gc,heap       ] GC(386)   class space    used 546K, committed 640K, reserved 1048576K
[11.865s][info ][gc,start      ] GC(386) Pause Young (Prepare Mixed) (G1 Evacuation Pause)
[11.865s][info ][gc,task       ] GC(386) Using 10 workers of 10 for evacuation
[11.865s][trace][gc,ergo,cset  ] GC(386) Start choosing CSet. Pending cards: 50 target pause time: 200.00ms
[11.865s][trace][gc,ergo,cset  ] GC(386) Added young regions to CSet. Eden: 144 regions, Survivors: 7 regions, predicted eden time: 22.93ms, predicted base time: 0.98ms, target pause time: 200.00ms, remaining time: 176.09ms
[11.865s][debug][gc,ergo       ] GC(386) Running G1 Merge Heap Roots using 10 workers for 151 regions
[11.885s][debug][gc,ergo       ] GC(386) Running G1 Rebuild Free List Task using 10 workers for rebuilding free list of regions
[11.886s][debug][gc,ergo,heap  ] GC(386) Heap expansion: short term pause time ratio 23.66% long term pause time ratio 67.19% threshold 7.69% pause time ratio 7.69% fully expanded true resize by 0B
[11.886s][debug][gc,ergo,refine] GC(386) Concurrent refinement times: Logged Cards Scan time goal: 20.00ms Logged Cards Scan time: 0.05ms HCC time: 0.00ms
[11.886s][trace][gc,ergo,refine] GC(386) Updating Refinement Zones: logged cards scan time: 0.046ms, processed cards: 33, goal time: 20.000ms
[11.886s][debug][gc,ergo,refine] GC(386) Updated Refinement Zones: green: 2560, yellow: 7680, red: 12800
[11.886s][info ][gc,phases     ] GC(386)   Pre Evacuate Collection Set: 0.3ms
[11.886s][info ][gc,phases     ] GC(386)   Merge Heap Roots: 0.2ms
[11.886s][info ][gc,phases     ] GC(386)   Evacuate Collection Set: 19.8ms
[11.886s][info ][gc,phases     ] GC(386)   Post Evacuate Collection Set: 0.5ms
[11.886s][info ][gc,phases     ] GC(386)   Other: 0.1ms
[11.886s][info ][gc,heap       ] GC(386) Eden regions: 144->0(32)
[11.886s][info ][gc,heap       ] GC(386) Survivor regions: 7->19(19)
[11.886s][info ][gc,heap       ] GC(386) Old regions: 505->593
[11.886s][info ][gc,heap       ] GC(386) Archive regions: 0->0
[11.886s][info ][gc,heap       ] GC(386) Humongous regions: 0->0
[11.886s][info ][gc,metaspace  ] GC(386) Metaspace: 6341K(6464K)->6341K(6464K) NonClass: 5794K(5824K)->5794K(5824K) Class: 546K(640K)->546K(640K)
[11.886s][debug][gc,heap       ] GC(386) Heap after GC invocations=387 (full 0):
[11.886s][debug][gc,heap       ] GC(386)  garbage-first heap   total 1048576K, used 625764K [0x00000000c0000000, 0x0000000100000000)
[11.886s][debug][gc,heap       ] GC(386)   region size 1024K, 19 young (19456K), 19 survivors (19456K)
[11.886s][debug][gc,heap       ] GC(386)  Metaspace       used 6341K, committed 6464K, reserved 1114112K
[11.886s][debug][gc,heap       ] GC(386)   class space    used 546K, committed 640K, reserved 1048576K
[11.886s][info ][gc            ] GC(386) Pause Young (Prepare Mixed) (G1 Evacuation Pause) 655M->611M(1024M) 20.894ms
[11.886s][info ][gc,cpu        ] GC(386) User=0.19s Sys=0.00s Real=0.02s
[11.886s][info ][safepoint     ] Safepoint "G1CollectForAllocation", Time since last: 14718000 ns, Reaching safepoint: 5000 ns, Cleanup: 4700 ns, At safepoint: 20986401 ns, Total: 20996101 ns
[11.888s][debug][gc,heap       ] GC(387) Heap before GC invocations=387 (full 0):
[11.888s][debug][gc,heap       ] GC(387)  garbage-first heap   total 1048576K, used 657508K [0x00000000c0000000, 0x0000000100000000)
[11.888s][debug][gc,heap       ] GC(387)   region size 1024K, 51 young (52224K), 19 survivors (19456K)
[11.888s][debug][gc,heap       ] GC(387)  Metaspace       used 6341K, committed 6464K, reserved 1114112K
[11.888s][debug][gc,heap       ] GC(387)   class space    used 546K, committed 640K, reserved 1048576K
[11.888s][info ][gc,start      ] GC(387) Pause Young (Mixed) (G1 Evacuation Pause)
[11.888s][info ][gc,task       ] GC(387) Using 10 workers of 10 for evacuation
[11.888s][trace][gc,ergo,cset  ] GC(387) Start choosing CSet. Pending cards: 54 target pause time: 200.00ms
[11.888s][trace][gc,ergo,cset  ] GC(387) Added young regions to CSet. Eden: 32 regions, Survivors: 19 regions, predicted eden time: 5.80ms, predicted base time: 0.98ms, target pause time: 200.00ms, remaining time: 193.22ms
[11.888s][debug][gc,ergo,cset  ] GC(387) Start adding old regions to collection set. Min 35 regions, max 103 regions, time remaining 193.22ms, optional threshold 38.64ms
[11.888s][debug][gc,ergo,cset  ] GC(387) Finish adding old regions to collection set (Maximum number of regions). Initial 103 regions, optional 0 regions
[11.888s][debug][gc,ergo,cset  ] GC(387) Finish choosing collection set old regions. Initial: 103, optional: 0, predicted old time: 0.00ms, predicted optional time: 0.00ms, time remaining: 191.21
[11.889s][debug][gc,ergo       ] GC(387) Running G1 Merge Heap Roots using 10 workers for 154 regions
[11.899s][debug][gc,ergo       ] GC(387) Running G1 Rebuild Free List Task using 10 workers for rebuilding free list of regions
[11.899s][debug][gc,ergo,heap  ] GC(387) Heap expansion: short term pause time ratio 58.31% long term pause time ratio 66.43% threshold 7.69% pause time ratio 7.69% fully expanded true resize by 0B
[11.899s][debug][gc,ergo,refine] GC(387) Concurrent refinement times: Logged Cards Scan time goal: 20.00ms Logged Cards Scan time: 0.02ms HCC time: 0.00ms
[11.899s][trace][gc,ergo,refine] GC(387) Updating Refinement Zones: logged cards scan time: 0.024ms, processed cards: 29, goal time: 19.999ms
[11.899s][debug][gc,ergo,refine] GC(387) Updated Refinement Zones: green: 2560, yellow: 7680, red: 12800
[11.899s][info ][gc,phases     ] GC(387)   Pre Evacuate Collection Set: 0.3ms
[11.899s][info ][gc,phases     ] GC(387)   Merge Heap Roots: 0.2ms
[11.899s][info ][gc,phases     ] GC(387)   Evacuate Collection Set: 9.4ms
[11.899s][info ][gc,phases     ] GC(387)   Post Evacuate Collection Set: 0.6ms
[11.899s][info ][gc,phases     ] GC(387)   Other: 0.2ms
[11.899s][info ][gc,heap       ] GC(387) Eden regions: 32->0(44)
[11.899s][info ][gc,heap       ] GC(387) Survivor regions: 19->7(7)
[11.899s][info ][gc,heap       ] GC(387) Old regions: 593->531
[11.899s][info ][gc,heap       ] GC(387) Archive regions: 0->0
[11.899s][info ][gc,heap       ] GC(387) Humongous regions: 0->0
[11.899s][info ][gc,metaspace  ] GC(387) Metaspace: 6341K(6464K)->6341K(6464K) NonClass: 5794K(5824K)->5794K(5824K) Class: 546K(640K)->546K(640K)
[11.899s][debug][gc,heap       ] GC(387) Heap after GC invocations=388 (full 0):
[11.899s][debug][gc,heap       ] GC(387)  garbage-first heap   total 1048576K, used 550888K [0x00000000c0000000, 0x0000000100000000)
[11.899s][debug][gc,heap       ] GC(387)   region size 1024K, 7 young (7168K), 7 survivors (7168K)
[11.899s][debug][gc,heap       ] GC(387)  Metaspace       used 6341K, committed 6464K, reserved 1114112K
[11.899s][debug][gc,heap       ] GC(387)   class space    used 546K, committed 640K, reserved 1048576K
[11.899s][info ][gc            ] GC(387) Pause Young (Mixed) (G1 Evacuation Pause) 643M->537M(1024M) 10.713ms
[11.899s][info ][gc,cpu        ] GC(387) User=0.10s Sys=0.00s Real=0.01s
[11.899s][info ][safepoint     ] Safepoint "G1CollectForAllocation", Time since last: 2293500 ns, Reaching safepoint: 3600 ns, Cleanup: 4600 ns, At safepoint: 10810401 ns, Total: 10818601 ns
[11.902s][debug][gc,heap       ] GC(388) Heap before GC invocations=388 (full 0):
[11.902s][debug][gc,heap       ] GC(388)  garbage-first heap   total 1048576K, used 594920K [0x00000000c0000000, 0x0000000100000000)
[11.902s][debug][gc,heap       ] GC(388)   region size 1024K, 51 young (52224K), 7 survivors (7168K)
[11.902s][debug][gc,heap       ] GC(388)  Metaspace       used 6341K, committed 6464K, reserved 1114112K
[11.902s][debug][gc,heap       ] GC(388)   class space    used 546K, committed 640K, reserved 1048576K
[11.902s][info ][gc,start      ] GC(388) Pause Young (Mixed) (G1 Evacuation Pause)
[11.902s][info ][gc,task       ] GC(388) Using 10 workers of 10 for evacuation
[11.903s][trace][gc,ergo,cset  ] GC(388) Start choosing CSet. Pending cards: 63 target pause time: 200.00ms
[11.903s][trace][gc,ergo,cset  ] GC(388) Added young regions to CSet. Eden: 44 regions, Survivors: 7 regions, predicted eden time: 7.72ms, predicted base time: 1.04ms, target pause time: 200.00ms, remaining time: 191.24ms
[11.903s][debug][gc,ergo,cset  ] GC(388) Start adding old regions to collection set. Min 35 regions, max 103 regions, time remaining 191.24ms, optional threshold 38.25ms
[11.903s][debug][gc,ergo,cset  ] GC(388) Finish adding old regions to collection set (Maximum number of regions). Initial 103 regions, optional 0 regions
[11.903s][debug][gc,ergo,cset  ] GC(388) Finish choosing collection set old regions. Initial: 103, optional: 0, predicted old time: 0.00ms, predicted optional time: 0.00ms, time remaining: 187.07
[11.903s][debug][gc,ergo       ] GC(388) Running G1 Merge Heap Roots using 10 workers for 154 regions
[11.913s][debug][gc,ergo       ] GC(388) Running G1 Rebuild Free List Task using 10 workers for rebuilding free list of regions
[11.913s][debug][gc,ergo,heap  ] GC(388) Heap expansion: short term pause time ratio 80.79% long term pause time ratio 67.61% threshold 7.69% pause time ratio 7.69% fully expanded true resize by 0B
[11.913s][debug][gc,ergo,refine] GC(388) Concurrent refinement times: Logged Cards Scan time goal: 20.00ms Logged Cards Scan time: 0.03ms HCC time: 0.00ms
[11.913s][trace][gc,ergo,refine] GC(388) Updating Refinement Zones: logged cards scan time: 0.032ms, processed cards: 45, goal time: 19.999ms
[11.913s][debug][gc,ergo,refine] GC(388) Updated Refinement Zones: green: 2560, yellow: 7680, red: 12800
[11.913s][info ][gc,phases     ] GC(388)   Pre Evacuate Collection Set: 0.3ms
[11.913s][info ][gc,phases     ] GC(388)   Merge Heap Roots: 0.2ms
[11.913s][info ][gc,phases     ] GC(388)   Evacuate Collection Set: 9.7ms
[11.913s][info ][gc,phases     ] GC(388)   Post Evacuate Collection Set: 0.5ms
[11.913s][info ][gc,phases     ] GC(388)   Other: 0.2ms
[11.913s][info ][gc,heap       ] GC(388) Eden regions: 44->0(44)
[11.913s][info ][gc,heap       ] GC(388) Survivor regions: 7->7(7)
[11.913s][info ][gc,heap       ] GC(388) Old regions: 531->472
[11.913s][info ][gc,heap       ] GC(388) Archive regions: 0->0
[11.913s][info ][gc,heap       ] GC(388) Humongous regions: 0->0
[11.913s][info ][gc,metaspace  ] GC(388) Metaspace: 6341K(6464K)->6341K(6464K) NonClass: 5794K(5824K)->5794K(5824K) Class: 546K(640K)->546K(640K)
[11.913s][debug][gc,heap       ] GC(388) Heap after GC invocations=389 (full 0):
[11.913s][debug][gc,heap       ] GC(388)  garbage-first heap   total 1048576K, used 490272K [0x00000000c0000000, 0x0000000100000000)
[11.913s][debug][gc,heap       ] GC(388)   region size 1024K, 7 young (7168K), 7 survivors (7168K)
[11.913s][debug][gc,heap       ] GC(388)  Metaspace       used 6341K, committed 6464K, reserved 1114112K
[11.913s][debug][gc,heap       ] GC(388)   class space    used 546K, committed 640K, reserved 1048576K
[11.913s][info ][gc            ] GC(388) Pause Young (Mixed) (G1 Evacuation Pause) 581M->478M(1024M) 10.894ms
[11.913s][info ][gc,cpu        ] GC(388) User=0.09s Sys=0.00s Real=0.02s
[11.913s][info ][safepoint     ] Safepoint "G1CollectForAllocation", Time since last: 3502800 ns, Reaching safepoint: 5400 ns, Cleanup: 6000 ns, At safepoint: 10989900 ns, Total: 11001300 ns
[11.916s][debug][gc,heap       ] GC(389) Heap before GC invocations=389 (full 0):
[11.917s][debug][gc,heap       ] GC(389)  garbage-first heap   total 1048576K, used 534304K [0x00000000c0000000, 0x0000000100000000)
[11.917s][debug][gc,heap       ] GC(389)   region size 1024K, 51 young (52224K), 7 survivors (7168K)
[11.917s][debug][gc,heap       ] GC(389)  Metaspace       used 6341K, committed 6464K, reserved 1114112K
[11.917s][debug][gc,heap       ] GC(389)   class space    used 546K, committed 640K, reserved 1048576K
[11.917s][info ][gc,start      ] GC(389) Pause Young (Mixed) (G1 Evacuation Pause)
[11.917s][info ][gc,task       ] GC(389) Using 10 workers of 10 for evacuation
[11.917s][trace][gc,ergo,cset  ] GC(389) Start choosing CSet. Pending cards: 91 target pause time: 200.00ms
[11.917s][trace][gc,ergo,cset  ] GC(389) Added young regions to CSet. Eden: 44 regions, Survivors: 7 regions, predicted eden time: 7.73ms, predicted base time: 1.00ms, target pause time: 200.00ms, remaining time: 191.27ms
[11.917s][debug][gc,ergo,cset  ] GC(389) Start adding old regions to collection set. Min 35 regions, max 103 regions, time remaining 191.27ms, optional threshold 38.25ms
[11.917s][debug][gc,ergo,cset  ] GC(389) Old candidate collection set empty.
[11.917s][debug][gc,ergo,cset  ] GC(389) Finish choosing collection set old regions. Initial: 74, optional: 0, predicted old time: 0.00ms, predicted optional time: 0.00ms, time remaining: 186.33
[11.917s][debug][gc,ergo       ] GC(389) Running G1 Merge Heap Roots using 10 workers for 125 regions
[11.928s][debug][gc,ergo       ] GC(389) Running G1 Rebuild Free List Task using 10 workers for rebuilding free list of regions
[11.928s][debug][gc,ergo,heap  ] GC(389) Heap expansion: short term pause time ratio 73.97% long term pause time ratio 68.09% threshold 7.69% pause time ratio 7.69% fully expanded true resize by 0B
[11.928s][debug][gc,ergo       ] GC(389) do not continue mixed GCs (candidate old regions not available)
[11.928s][debug][gc,ergo,refine] GC(389) Concurrent refinement times: Logged Cards Scan time goal: 20.00ms Logged Cards Scan time: 0.03ms HCC time: 0.00ms
[11.928s][trace][gc,ergo,refine] GC(389) Updating Refinement Zones: logged cards scan time: 0.030ms, processed cards: 74, goal time: 19.999ms
[11.928s][debug][gc,ergo,refine] GC(389) Updated Refinement Zones: green: 2560, yellow: 7680, red: 12800
[11.928s][info ][gc,phases     ] GC(389)   Pre Evacuate Collection Set: 0.3ms
[11.928s][info ][gc,phases     ] GC(389)   Merge Heap Roots: 0.2ms
[11.928s][info ][gc,phases     ] GC(389)   Evacuate Collection Set: 10.4ms
[11.928s][info ][gc,phases     ] GC(389)   Post Evacuate Collection Set: 0.8ms
[11.928s][info ][gc,phases     ] GC(389)   Other: 0.2ms
[11.928s][info ][gc,heap       ] GC(389) Eden regions: 44->0(170)
[11.928s][info ][gc,heap       ] GC(389) Survivor regions: 7->7(7)
[11.928s][info ][gc,heap       ] GC(389) Old regions: 472->443
[11.928s][info ][gc,heap       ] GC(389) Archive regions: 0->0
[11.928s][info ][gc,heap       ] GC(389) Humongous regions: 0->0
[11.928s][info ][gc,metaspace  ] GC(389) Metaspace: 6341K(6464K)->6341K(6464K) NonClass: 5794K(5824K)->5794K(5824K) Class: 546K(640K)->546K(640K)
[11.928s][debug][gc,heap       ] GC(389) Heap after GC invocations=390 (full 0):
[11.928s][debug][gc,heap       ] GC(389)  garbage-first heap   total 1048576K, used 460376K [0x00000000c0000000, 0x0000000100000000)
[11.928s][debug][gc,heap       ] GC(389)   region size 1024K, 7 young (7168K), 7 survivors (7168K)
[11.928s][debug][gc,heap       ] GC(389)  Metaspace       used 6341K, committed 6464K, reserved 1114112K
[11.928s][debug][gc,heap       ] GC(389)   class space    used 546K, committed 640K, reserved 1048576K
[11.928s][info ][gc            ] GC(389) Pause Young (Mixed) (G1 Evacuation Pause) 522M->449M(1024M) 11.879ms
[11.928s][info ][gc,cpu        ] GC(389) User=0.10s Sys=0.00s Real=0.01s
[11.929s][info ][safepoint     ] Safepoint "G1CollectForAllocation", Time since last: 3083800 ns, Reaching safepoint: 4500 ns, Cleanup: 4200 ns, At safepoint: 12018001 ns, Total: 12026701 ns
[11.943s][debug][gc,heap       ] GC(390) Heap before GC invocations=390 (full 0):
[11.943s][debug][gc,heap       ] GC(390)  garbage-first heap   total 1048576K, used 633432K [0x00000000c0000000, 0x0000000100000000)
[11.943s][debug][gc,heap       ] GC(390)   region size 1024K, 177 young (181248K), 7 survivors (7168K)
[11.943s][debug][gc,heap       ] GC(390)  Metaspace       used 6341K, committed 6464K, reserved 1114112K
[11.943s][debug][gc,heap       ] GC(390)   class space    used 546K, committed 640K, reserved 1048576K
[11.943s][info ][gc,start      ] GC(390) Pause Young (Normal) (G1 Evacuation Pause)
[11.943s][info ][gc,task       ] GC(390) Using 10 workers of 10 for evacuation
[11.943s][trace][gc,ergo,cset  ] GC(390) Start choosing CSet. Pending cards: 30 target pause time: 200.00ms
[11.943s][trace][gc,ergo,cset  ] GC(390) Added young regions to CSet. Eden: 170 regions, Survivors: 7 regions, predicted eden time: 26.06ms, predicted base time: 1.06ms, target pause time: 200.00ms, remaining time: 172.89ms
[11.943s][debug][gc,ergo       ] GC(390) Running G1 Merge Heap Roots using 10 workers for 177 regions
[11.966s][debug][gc,ergo       ] GC(390) Running G1 Rebuild Free List Task using 10 workers for rebuilding free list of regions
[11.966s][debug][gc,ergo,heap  ] GC(390) Heap expansion: short term pause time ratio 77.32% long term pause time ratio 68.79% threshold 7.69% pause time ratio 7.69% fully expanded true resize by 0B
[11.967s][debug][gc,ergo,refine] GC(390) Concurrent refinement times: Logged Cards Scan time goal: 20.00ms Logged Cards Scan time: 0.04ms HCC time: 0.00ms
[11.967s][trace][gc,ergo,refine] GC(390) Updating Refinement Zones: logged cards scan time: 0.040ms, processed cards: 13, goal time: 20.000ms
[11.967s][debug][gc,ergo,refine] GC(390) Updated Refinement Zones: green: 2560, yellow: 7680, red: 12800
[11.967s][info ][gc,phases     ] GC(390)   Pre Evacuate Collection Set: 0.3ms
[11.967s][info ][gc,phases     ] GC(390)   Merge Heap Roots: 0.2ms
[11.967s][info ][gc,phases     ] GC(390)   Evacuate Collection Set: 22.2ms
[11.967s][info ][gc,phases     ] GC(390)   Post Evacuate Collection Set: 0.8ms
[11.967s][info ][gc,phases     ] GC(390)   Other: 0.2ms
[11.967s][info ][gc,heap       ] GC(390) Eden regions: 170->0(129)
[11.967s][info ][gc,heap       ] GC(390) Survivor regions: 7->23(23)
[11.967s][info ][gc,heap       ] GC(390) Old regions: 443->538
[11.967s][info ][gc,heap       ] GC(390) Archive regions: 0->0
[11.967s][info ][gc,heap       ] GC(390) Humongous regions: 0->0
[11.967s][info ][gc,metaspace  ] GC(390) Metaspace: 6341K(6464K)->6341K(6464K) NonClass: 5794K(5824K)->5794K(5824K) Class: 546K(640K)->546K(640K)
[11.967s][debug][gc,heap       ] GC(390) Heap after GC invocations=391 (full 0):
[11.967s][debug][gc,heap       ] GC(390)  garbage-first heap   total 1048576K, used 574440K [0x00000000c0000000, 0x0000000100000000)
[11.967s][debug][gc,heap       ] GC(390)   region size 1024K, 23 young (23552K), 23 survivors (23552K)
[11.967s][debug][gc,heap       ] GC(390)  Metaspace       used 6341K, committed 6464K, reserved 1114112K
[11.967s][debug][gc,heap       ] GC(390)   class space    used 546K, committed 640K, reserved 1048576K
[11.967s][info ][gc            ] GC(390) Pause Young (Normal) (G1 Evacuation Pause) 619M->560M(1024M) 23.667ms
[11.967s][info ][gc,cpu        ] GC(390) User=0.22s Sys=0.00s Real=0.03s
[11.967s][info ][safepoint     ] Safepoint "G1CollectForAllocation", Time since last: 14352300 ns, Reaching safepoint: 6200 ns, Cleanup: 5800 ns, At safepoint: 23762101 ns, Total: 23774101 ns
[11.975s][debug][gc,heap       ] GC(391) Heap before GC invocations=391 (full 0):
[11.975s][debug][gc,heap       ] GC(391)  garbage-first heap   total 1048576K, used 705512K [0x00000000c0000000, 0x0000000100000000)
[11.975s][debug][gc,heap       ] GC(391)   region size 1024K, 152 young (155648K), 23 survivors (23552K)
[11.975s][debug][gc,heap       ] GC(391)  Metaspace       used 6341K, committed 6464K, reserved 1114112K
[11.975s][debug][gc,heap       ] GC(391)   class space    used 546K, committed 640K, reserved 1048576K
[11.975s][info ][gc,start      ] GC(391) Pause Young (Normal) (G1 Evacuation Pause)
[11.975s][info ][gc,task       ] GC(391) Using 10 workers of 10 for evacuation
[11.975s][trace][gc,ergo,cset  ] GC(391) Start choosing CSet. Pending cards: 34 target pause time: 200.00ms
[11.975s][trace][gc,ergo,cset  ] GC(391) Added young regions to CSet. Eden: 129 regions, Survivors: 23 regions, predicted eden time: 19.93ms, predicted base time: 1.07ms, target pause time: 200.00ms, remaining time: 179.00ms
[11.975s][debug][gc,ergo       ] GC(391) Running G1 Merge Heap Roots using 10 workers for 152 regions
[11.996s][debug][gc,ergo       ] GC(391) Running G1 Rebuild Free List Task using 10 workers for rebuilding free list of regions
[11.996s][debug][gc,ergo,heap  ] GC(391) Heap expansion: short term pause time ratio 61.63% long term pause time ratio 66.62% threshold 7.69% pause time ratio 7.69% fully expanded true resize by 0B
[11.996s][debug][gc,ergo,refine] GC(391) Concurrent refinement times: Logged Cards Scan time goal: 20.00ms Logged Cards Scan time: 0.04ms HCC time: 0.00ms
[11.996s][trace][gc,ergo,refine] GC(391) Updating Refinement Zones: logged cards scan time: 0.036ms, processed cards: 17, goal time: 20.000ms
[11.996s][debug][gc,ergo,refine] GC(391) Updated Refinement Zones: green: 2560, yellow: 7680, red: 12800
[11.996s][info ][gc,phases     ] GC(391)   Pre Evacuate Collection Set: 0.2ms
[11.996s][info ][gc,phases     ] GC(391)   Merge Heap Roots: 0.2ms
[11.996s][info ][gc,phases     ] GC(391)   Evacuate Collection Set: 20.0ms
[11.996s][info ][gc,phases     ] GC(391)   Post Evacuate Collection Set: 0.6ms
[11.996s][info ][gc,phases     ] GC(391)   Other: 0.2ms
[11.996s][info ][gc,heap       ] GC(391) Eden regions: 129->0(97)
[11.996s][info ][gc,heap       ] GC(391) Survivor regions: 23->19(19)
[11.996s][info ][gc,heap       ] GC(391) Old regions: 538->625
[11.996s][info ][gc,heap       ] GC(391) Archive regions: 0->0
[11.996s][info ][gc,heap       ] GC(391) Humongous regions: 0->0
[11.996s][info ][gc,metaspace  ] GC(391) Metaspace: 6341K(6464K)->6341K(6464K) NonClass: 5794K(5824K)->5794K(5824K) Class: 546K(640K)->546K(640K)
[11.996s][debug][gc,heap       ] GC(391) Heap after GC invocations=392 (full 0):
[11.996s][debug][gc,heap       ] GC(391)  garbage-first heap   total 1048576K, used 659032K [0x00000000c0000000, 0x0000000100000000)
[11.996s][debug][gc,heap       ] GC(391)   region size 1024K, 19 young (19456K), 19 survivors (19456K)
[11.996s][debug][gc,heap       ] GC(391)  Metaspace       used 6341K, committed 6464K, reserved 1114112K
[11.996s][debug][gc,heap       ] GC(391)   class space    used 546K, committed 640K, reserved 1048576K
[11.996s][info ][gc            ] GC(391) Pause Young (Normal) (G1 Evacuation Pause) 689M->643M(1024M) 21.182ms
[11.996s][info ][gc,cpu        ] GC(391) User=0.20s Sys=0.00s Real=0.02s
[11.996s][info ][safepoint     ] Safepoint "G1CollectForAllocation", Time since last: 8170200 ns, Reaching safepoint: 5400 ns, Cleanup: 4700 ns, At safepoint: 21272701 ns, Total: 21282801 ns
[12.005s][debug][gc,heap       ] GC(392) Heap before GC invocations=392 (full 0):
[12.005s][debug][gc,heap       ] GC(392)  garbage-first heap   total 1048576K, used 757336K [0x00000000c0000000, 0x0000000100000000)
[12.005s][debug][gc,heap       ] GC(392)   region size 1024K, 116 young (118784K), 19 survivors (19456K)
[12.005s][debug][gc,heap       ] GC(392)  Metaspace       used 6341K, committed 6464K, reserved 1114112K
[12.005s][debug][gc,heap       ] GC(392)   class space    used 546K, committed 640K, reserved 1048576K
[12.005s][info ][gc,start      ] GC(392) Pause Young (Normal) (G1 Evacuation Pause)
[12.005s][info ][gc,task       ] GC(392) Using 10 workers of 10 for evacuation
[12.005s][trace][gc,ergo,cset  ] GC(392) Start choosing CSet. Pending cards: 36 target pause time: 200.00ms
[12.005s][trace][gc,ergo,cset  ] GC(392) Added young regions to CSet. Eden: 97 regions, Survivors: 19 regions, predicted eden time: 15.48ms, predicted base time: 1.02ms, target pause time: 200.00ms, remaining time: 183.50ms
[12.005s][debug][gc,ergo       ] GC(392) Running G1 Merge Heap Roots using 10 workers for 116 regions
[12.022s][debug][gc,ergo       ] GC(392) Running G1 Rebuild Free List Task using 10 workers for rebuilding free list of regions
[12.022s][debug][gc,ergo,heap  ] GC(392) Heap expansion: short term pause time ratio 71.40% long term pause time ratio 66.92% threshold 7.69% pause time ratio 7.69% fully expanded true resize by 0B
[12.022s][debug][gc,ergo,refine] GC(392) Concurrent refinement times: Logged Cards Scan time goal: 20.00ms Logged Cards Scan time: 0.03ms HCC time: 0.00ms
[12.022s][trace][gc,ergo,refine] GC(392) Updating Refinement Zones: logged cards scan time: 0.030ms, processed cards: 19, goal time: 19.999ms
[12.022s][debug][gc,ergo,refine] GC(392) Updated Refinement Zones: green: 2560, yellow: 7680, red: 12800
[12.022s][info ][gc,phases     ] GC(392)   Pre Evacuate Collection Set: 0.3ms
[12.022s][info ][gc,phases     ] GC(392)   Merge Heap Roots: 0.2ms
[12.022s][info ][gc,phases     ] GC(392)   Evacuate Collection Set: 16.2ms
[12.022s][info ][gc,phases     ] GC(392)   Post Evacuate Collection Set: 0.5ms
[12.022s][info ][gc,phases     ] GC(392)   Other: 0.2ms
[12.022s][info ][gc,heap       ] GC(392) Eden regions: 97->0(71)
[12.022s][info ][gc,heap       ] GC(392) Survivor regions: 19->15(15)
[12.022s][info ][gc,heap       ] GC(392) Old regions: 625->697
[12.022s][info ][gc,heap       ] GC(392) Archive regions: 0->0
[12.022s][info ][gc,heap       ] GC(392) Humongous regions: 0->0
[12.022s][info ][gc,metaspace  ] GC(392) Metaspace: 6341K(6464K)->6341K(6464K) NonClass: 5794K(5824K)->5794K(5824K) Class: 546K(640K)->546K(640K)
[12.022s][debug][gc,heap       ] GC(392) Heap after GC invocations=393 (full 0):
[12.022s][debug][gc,heap       ] GC(392)  garbage-first heap   total 1048576K, used 728864K [0x00000000c0000000, 0x0000000100000000)
[12.022s][debug][gc,heap       ] GC(392)   region size 1024K, 15 young (15360K), 15 survivors (15360K)
[12.022s][debug][gc,heap       ] GC(392)  Metaspace       used 6341K, committed 6464K, reserved 1114112K
[12.022s][debug][gc,heap       ] GC(392)   class space    used 546K, committed 640K, reserved 1048576K
[12.022s][info ][gc            ] GC(392) Pause Young (Normal) (G1 Evacuation Pause) 740M->711M(1024M) 17.336ms
[12.022s][info ][gc,cpu        ] GC(392) User=0.16s Sys=0.00s Real=0.01s
[12.022s][info ][safepoint     ] Safepoint "G1CollectForAllocation", Time since last: 8675300 ns, Reaching safepoint: 5800 ns, Cleanup: 5300 ns, At safepoint: 17431601 ns, Total: 17442701 ns
[12.027s][debug][gc,heap       ] GC(393) Heap before GC invocations=393 (full 0):
[12.027s][debug][gc,heap       ] GC(393)  garbage-first heap   total 1048576K, used 800544K [0x00000000c0000000, 0x0000000100000000)
[12.027s][debug][gc,heap       ] GC(393)   region size 1024K, 86 young (88064K), 15 survivors (15360K)
[12.027s][debug][gc,heap       ] GC(393)  Metaspace       used 6341K, committed 6464K, reserved 1114112K
[12.027s][debug][gc,heap       ] GC(393)   class space    used 546K, committed 640K, reserved 1048576K
[12.027s][info ][gc,start      ] GC(393) Pause Young (Normal) (G1 Evacuation Pause)
[12.027s][info ][gc,task       ] GC(393) Using 10 workers of 10 for evacuation
[12.027s][trace][gc,ergo,cset  ] GC(393) Start choosing CSet. Pending cards: 39 target pause time: 200.00ms
[12.027s][trace][gc,ergo,cset  ] GC(393) Added young regions to CSet. Eden: 71 regions, Survivors: 15 regions, predicted eden time: 11.64ms, predicted base time: 0.97ms, target pause time: 200.00ms, remaining time: 187.39ms
[12.027s][debug][gc,ergo       ] GC(393) Running G1 Merge Heap Roots using 10 workers for 86 regions
[12.041s][debug][gc,ergo       ] GC(393) Running G1 Rebuild Free List Task using 10 workers for rebuilding free list of regions
[12.041s][debug][gc,ergo,heap  ] GC(393) Heap expansion: short term pause time ratio 65.78% long term pause time ratio 66.41% threshold 7.69% pause time ratio 7.69% fully expanded true resize by 0B
[12.041s][debug][gc,ergo,refine] GC(393) Concurrent refinement times: Logged Cards Scan time goal: 20.00ms Logged Cards Scan time: 0.03ms HCC time: 0.00ms
[12.041s][trace][gc,ergo,refine] GC(393) Updating Refinement Zones: logged cards scan time: 0.030ms, processed cards: 30, goal time: 20.000ms
[12.041s][debug][gc,ergo,refine] GC(393) Updated Refinement Zones: green: 2560, yellow: 7680, red: 12800
[12.041s][info ][gc,phases     ] GC(393)   Pre Evacuate Collection Set: 0.2ms
[12.041s][info ][gc,phases     ] GC(393)   Merge Heap Roots: 0.2ms
[12.041s][info ][gc,phases     ] GC(393)   Evacuate Collection Set: 12.9ms
[12.041s][info ][gc,phases     ] GC(393)   Post Evacuate Collection Set: 0.6ms
[12.041s][info ][gc,phases     ] GC(393)   Other: 0.1ms
[12.041s][info ][gc,heap       ] GC(393) Eden regions: 71->0(51)
[12.041s][info ][gc,heap       ] GC(393) Survivor regions: 15->11(11)
[12.041s][info ][gc,heap       ] GC(393) Old regions: 697->756
[12.041s][info ][gc,heap       ] GC(393) Archive regions: 0->0
[12.041s][info ][gc,heap       ] GC(393) Humongous regions: 0->0
[12.041s][info ][gc,metaspace  ] GC(393) Metaspace: 6341K(6464K)->6341K(6464K) NonClass: 5794K(5824K)->5794K(5824K) Class: 546K(640K)->546K(640K)
[12.041s][debug][gc,heap       ] GC(393) Heap after GC invocations=394 (full 0):
[12.041s][debug][gc,heap       ] GC(393)  garbage-first heap   total 1048576K, used 785384K [0x00000000c0000000, 0x0000000100000000)
[12.041s][debug][gc,heap       ] GC(393)   region size 1024K, 11 young (11264K), 11 survivors (11264K)
[12.041s][debug][gc,heap       ] GC(393)  Metaspace       used 6341K, committed 6464K, reserved 1114112K
[12.041s][debug][gc,heap       ] GC(393)   class space    used 546K, committed 640K, reserved 1048576K
[12.041s][info ][gc            ] GC(393) Pause Young (Normal) (G1 Evacuation Pause) 782M->766M(1024M) 14.031ms
[12.041s][info ][gc,cpu        ] GC(393) User=0.13s Sys=0.00s Real=0.01s
[12.041s][info ][safepoint     ] Safepoint "G1CollectForAllocation", Time since last: 4760300 ns, Reaching safepoint: 4000 ns, Cleanup: 5200 ns, At safepoint: 14119001 ns, Total: 14128201 ns
[12.046s][debug][gc,heap       ] GC(394) Heap before GC invocations=394 (full 0):
[12.046s][debug][gc,heap       ] GC(394)  garbage-first heap   total 1048576K, used 836584K [0x00000000c0000000, 0x0000000100000000)
[12.046s][debug][gc,heap       ] GC(394)   region size 1024K, 62 young (63488K), 11 survivors (11264K)
[12.046s][debug][gc,heap       ] GC(394)  Metaspace       used 6341K, committed 6464K, reserved 1114112K
[12.046s][debug][gc,heap       ] GC(394)   class space    used 546K, committed 640K, reserved 1048576K
[12.046s][info ][gc,start      ] GC(394) Pause Young (Normal) (G1 Evacuation Pause)
[12.046s][info ][gc,task       ] GC(394) Using 10 workers of 10 for evacuation
[12.046s][trace][gc,ergo,cset  ] GC(394) Start choosing CSet. Pending cards: 33 target pause time: 200.00ms
[12.046s][trace][gc,ergo,cset  ] GC(394) Added young regions to CSet. Eden: 51 regions, Survivors: 11 regions, predicted eden time: 8.71ms, predicted base time: 0.92ms, target pause time: 200.00ms, remaining time: 190.37ms
[12.047s][debug][gc,ergo       ] GC(394) Running G1 Merge Heap Roots using 10 workers for 62 regions
[12.057s][debug][gc,ergo       ] GC(394) Running G1 Rebuild Free List Task using 10 workers for rebuilding free list of regions
[12.057s][debug][gc,ergo,heap  ] GC(394) Heap expansion: short term pause time ratio 73.60% long term pause time ratio 68.23% threshold 7.69% pause time ratio 7.69% fully expanded true resize by 0B
[12.057s][debug][gc,ergo,refine] GC(394) Concurrent refinement times: Logged Cards Scan time goal: 20.00ms Logged Cards Scan time: 0.02ms HCC time: 0.00ms
[12.057s][trace][gc,ergo,refine] GC(394) Updating Refinement Zones: logged cards scan time: 0.016ms, processed cards: 10, goal time: 19.999ms
[12.057s][debug][gc,ergo,refine] GC(394) Updated Refinement Zones: green: 2560, yellow: 7680, red: 12800
[12.057s][info ][gc,phases     ] GC(394)   Pre Evacuate Collection Set: 0.3ms
[12.057s][info ][gc,phases     ] GC(394)   Merge Heap Roots: 0.2ms
[12.057s][info ][gc,phases     ] GC(394)   Evacuate Collection Set: 9.6ms
[12.057s][info ][gc,phases     ] GC(394)   Post Evacuate Collection Set: 0.5ms
[12.057s][info ][gc,phases     ] GC(394)   Other: 0.2ms
[12.057s][info ][gc,heap       ] GC(394) Eden regions: 51->0(43)
[12.057s][info ][gc,heap       ] GC(394) Survivor regions: 11->8(8)
[12.057s][info ][gc,heap       ] GC(394) Old regions: 756->800
[12.057s][info ][gc,heap       ] GC(394) Archive regions: 0->0
[12.057s][info ][gc,heap       ] GC(394) Humongous regions: 0->0
[12.057s][info ][gc,metaspace  ] GC(394) Metaspace: 6341K(6464K)->6341K(6464K) NonClass: 5794K(5824K)->5794K(5824K) Class: 546K(640K)->546K(640K)
[12.057s][debug][gc,heap       ] GC(394) Heap after GC invocations=395 (full 0):
[12.057s][debug][gc,heap       ] GC(394)  garbage-first heap   total 1048576K, used 827168K [0x00000000c0000000, 0x0000000100000000)
[12.057s][debug][gc,heap       ] GC(394)   region size 1024K, 8 young (8192K), 8 survivors (8192K)
[12.057s][debug][gc,heap       ] GC(394)  Metaspace       used 6341K, committed 6464K, reserved 1114112K
[12.057s][debug][gc,heap       ] GC(394)   class space    used 546K, committed 640K, reserved 1048576K
[12.057s][info ][gc            ] GC(394) Pause Young (Normal) (G1 Evacuation Pause) 817M->807M(1024M) 10.787ms
[12.057s][info ][gc,cpu        ] GC(394) User=0.10s Sys=0.00s Real=0.01s
[12.057s][info ][safepoint     ] Safepoint "G1CollectForAllocation", Time since last: 4954600 ns, Reaching safepoint: 5500 ns, Cleanup: 5600 ns, At safepoint: 10911800 ns, Total: 10922900 ns
[12.061s][debug][gc,heap       ] GC(395) Heap before GC invocations=395 (full 0):
[12.061s][debug][gc,heap       ] GC(395)  garbage-first heap   total 1048576K, used 870176K [0x00000000c0000000, 0x0000000100000000)
[12.061s][debug][gc,heap       ] GC(395)   region size 1024K, 51 young (52224K), 8 survivors (8192K)
[12.061s][debug][gc,heap       ] GC(395)  Metaspace       used 6341K, committed 6464K, reserved 1114112K
[12.061s][debug][gc,heap       ] GC(395)   class space    used 546K, committed 640K, reserved 1048576K
[12.061s][info ][gc,start      ] GC(395) Pause Young (Normal) (G1 Evacuation Pause)
[12.061s][info ][gc,task       ] GC(395) Using 10 workers of 10 for evacuation
[12.061s][trace][gc,ergo,cset  ] GC(395) Start choosing CSet. Pending cards: 31 target pause time: 200.00ms
[12.061s][trace][gc,ergo,cset  ] GC(395) Added young regions to CSet. Eden: 43 regions, Survivors: 8 regions, predicted eden time: 7.49ms, predicted base time: 0.94ms, target pause time: 200.00ms, remaining time: 191.57ms
[12.062s][debug][gc,ergo       ] GC(395) Running G1 Merge Heap Roots using 10 workers for 51 regions
[12.071s][debug][gc,ergo       ] GC(395) Running G1 Rebuild Free List Task using 10 workers for rebuilding free list of regions
[12.072s][debug][gc,ergo,heap  ] GC(395) Heap expansion: short term pause time ratio 67.19% long term pause time ratio 67.44% threshold 7.69% pause time ratio 7.69% fully expanded true resize by 0B
[12.072s][debug][gc,ergo,ihop  ] GC(395) Request concurrent cycle initiation (occupancy higher than threshold) occupancy: 878706688B allocation request: 0B threshold: 859202243B (80.02) source: end of GC
[12.072s][debug][gc,ergo,refine] GC(395) Concurrent refinement times: Logged Cards Scan time goal: 20.00ms Logged Cards Scan time: 0.16ms HCC time: 0.00ms
[12.072s][trace][gc,ergo,refine] GC(395) Updating Refinement Zones: logged cards scan time: 0.159ms, processed cards: 14, goal time: 19.999ms
[12.072s][debug][gc,ergo,refine] GC(395) Updated Refinement Zones: green: 2560, yellow: 7680, red: 12800
[12.072s][info ][gc,phases     ] GC(395)   Pre Evacuate Collection Set: 0.3ms
[12.072s][info ][gc,phases     ] GC(395)   Merge Heap Roots: 0.2ms
[12.072s][info ][gc,phases     ] GC(395)   Evacuate Collection Set: 8.7ms
[12.072s][info ][gc,phases     ] GC(395)   Post Evacuate Collection Set: 0.8ms
[12.072s][info ][gc,phases     ] GC(395)   Other: 0.3ms
[12.072s][info ][gc,heap       ] GC(395) Eden regions: 43->0(44)
[12.072s][info ][gc,heap       ] GC(395) Survivor regions: 8->7(7)
[12.072s][info ][gc,heap       ] GC(395) Old regions: 800->838
[12.072s][info ][gc,heap       ] GC(395) Archive regions: 0->0
[12.072s][info ][gc,heap       ] GC(395) Humongous regions: 0->0
[12.072s][info ][gc,metaspace  ] GC(395) Metaspace: 6341K(6464K)->6341K(6464K) NonClass: 5794K(5824K)->5794K(5824K) Class: 546K(640K)->546K(640K)
[12.072s][debug][gc,heap       ] GC(395) Heap after GC invocations=396 (full 0):
[12.072s][debug][gc,heap       ] GC(395)  garbage-first heap   total 1048576K, used 864456K [0x00000000c0000000, 0x0000000100000000)
[12.072s][debug][gc,heap       ] GC(395)   region size 1024K, 7 young (7168K), 7 survivors (7168K)
[12.072s][debug][gc,heap       ] GC(395)  Metaspace       used 6341K, committed 6464K, reserved 1114112K
[12.072s][debug][gc,heap       ] GC(395)   class space    used 546K, committed 640K, reserved 1048576K
[12.072s][info ][gc            ] GC(395) Pause Young (Normal) (G1 Evacuation Pause) 850M->844M(1024M) 10.247ms
[12.072s][info ][gc,cpu        ] GC(395) User=0.08s Sys=0.00s Real=0.01s
[12.072s][info ][safepoint     ] Safepoint "G1CollectForAllocation", Time since last: 4340300 ns, Reaching safepoint: 6600 ns, Cleanup: 10700 ns, At safepoint: 10398701 ns, Total: 10416001 ns
[12.077s][debug][gc,heap       ] GC(396) Heap before GC invocations=396 (full 0):
[12.077s][debug][gc,heap       ] GC(396)  garbage-first heap   total 1048576K, used 908488K [0x00000000c0000000, 0x0000000100000000)
[12.077s][debug][gc,heap       ] GC(396)   region size 1024K, 51 young (52224K), 7 survivors (7168K)
[12.077s][debug][gc,heap       ] GC(396)  Metaspace       used 6341K, committed 6464K, reserved 1114112K
[12.077s][debug][gc,heap       ] GC(396)   class space    used 546K, committed 640K, reserved 1048576K
[12.077s][debug][gc,ergo       ] GC(396) Initiate concurrent cycle (concurrent cycle initiation requested)
[12.077s][info ][gc,start      ] GC(396) Pause Young (Concurrent Start) (G1 Evacuation Pause)
[12.077s][info ][gc,task       ] GC(396) Using 10 workers of 10 for evacuation
[12.077s][trace][gc,ergo,cset  ] GC(396) Start choosing CSet. Pending cards: 29 target pause time: 200.00ms
[12.077s][trace][gc,ergo,cset  ] GC(396) Added young regions to CSet. Eden: 44 regions, Survivors: 7 regions, predicted eden time: 7.55ms, predicted base time: 1.06ms, target pause time: 200.00ms, remaining time: 191.40ms
[12.077s][debug][gc,ergo       ] GC(396) Running G1 Merge Heap Roots using 10 workers for 51 regions
[12.087s][debug][gc,ergo       ] GC(396) Running G1 Rebuild Free List Task using 10 workers for rebuilding free list of regions
[12.087s][debug][gc,ergo,heap  ] GC(396) Heap expansion: short term pause time ratio 68.43% long term pause time ratio 67.77% threshold 7.69% pause time ratio 7.69% fully expanded true resize by 0B
[12.087s][debug][gc,ergo,refine] GC(396) Concurrent refinement times: Logged Cards Scan time goal: 20.00ms Logged Cards Scan time: 0.03ms HCC time: 0.00ms
[12.087s][trace][gc,ergo,refine] GC(396) Updating Refinement Zones: logged cards scan time: 0.029ms, processed cards: 20, goal time: 20.000ms
[12.087s][debug][gc,ergo,refine] GC(396) Updated Refinement Zones: green: 2560, yellow: 7680, red: 12800
[12.087s][info ][gc,phases     ] GC(396)   Pre Evacuate Collection Set: 0.3ms
[12.087s][info ][gc,phases     ] GC(396)   Merge Heap Roots: 0.2ms
[12.087s][info ][gc,phases     ] GC(396)   Evacuate Collection Set: 8.9ms
[12.087s][info ][gc,phases     ] GC(396)   Post Evacuate Collection Set: 0.6ms
[12.087s][info ][gc,phases     ] GC(396)   Other: 0.3ms
[12.087s][info ][gc,heap       ] GC(396) Eden regions: 44->0(44)
[12.087s][info ][gc,heap       ] GC(396) Survivor regions: 7->7(7)
[12.087s][info ][gc,heap       ] GC(396) Old regions: 838->876
[12.087s][info ][gc,heap       ] GC(396) Archive regions: 0->0
[12.087s][info ][gc,heap       ] GC(396) Humongous regions: 0->0
[12.087s][info ][gc,metaspace  ] GC(396) Metaspace: 6341K(6464K)->6341K(6464K) NonClass: 5794K(5824K)->5794K(5824K) Class: 546K(640K)->546K(640K)
[12.087s][debug][gc,heap       ] GC(396) Heap after GC invocations=397 (full 0):
[12.087s][debug][gc,heap       ] GC(396)  garbage-first heap   total 1048576K, used 903968K [0x00000000c0000000, 0x0000000100000000)
[12.087s][debug][gc,heap       ] GC(396)   region size 1024K, 7 young (7168K), 7 survivors (7168K)
[12.087s][debug][gc,heap       ] GC(396)  Metaspace       used 6341K, committed 6464K, reserved 1114112K
[12.087s][debug][gc,heap       ] GC(396)   class space    used 546K, committed 640K, reserved 1048576K
[12.087s][info ][gc            ] GC(396) Pause Young (Concurrent Start) (G1 Evacuation Pause) 888M->882M(1024M) 10.253ms
[12.087s][info ][gc,cpu        ] GC(396) User=0.08s Sys=0.00s Real=0.01s
[12.087s][info ][safepoint     ] Safepoint "G1CollectForAllocation", Time since last: 4948100 ns, Reaching safepoint: 9800 ns, Cleanup: 8600 ns, At safepoint: 10421800 ns, Total: 10440200 ns
[12.087s][info ][gc            ] GC(397) Concurrent Mark Cycle
[12.087s][info ][gc,marking    ] GC(397) Concurrent Clear Claimed Marks
[12.087s][info ][gc,marking    ] GC(397) Concurrent Clear Claimed Marks 0.008ms
[12.087s][info ][gc,marking    ] GC(397) Concurrent Scan Root Regions
[12.087s][debug][gc,ergo       ] GC(397) Running G1 Root Region Scan using 3 workers for 46 work units.
[12.087s][info ][gc,marking    ] GC(397) Concurrent Scan Root Regions 0.135ms
[12.087s][info ][gc,marking    ] GC(397) Concurrent Mark
[12.087s][info ][gc,marking    ] GC(397) Concurrent Mark From Roots
[12.087s][info ][gc,task       ] GC(397) Using 3 workers of 3 for marking
[12.092s][info ][gc,marking    ] GC(397) Concurrent Mark From Roots 4.206ms
[12.092s][info ][gc,marking    ] GC(397) Concurrent Preclean
[12.092s][info ][gc,marking    ] GC(397) Concurrent Preclean 0.068ms
[12.092s][info ][gc,start      ] GC(397) Pause Remark
[12.094s][debug][gc,ergo       ] GC(397) Running G1 Update RemSet Tracking Before Rebuild using 3 workers for 1024 regions in heap
[12.095s][info ][gc            ] GC(397) Pause Remark 913M->522M(1024M) 2.792ms
[12.095s][info ][gc,cpu        ] GC(397) User=0.01s Sys=0.00s Real=0.01s
[12.095s][info ][safepoint     ] Safepoint "G1PauseRemark", Time since last: 4681401 ns, Reaching safepoint: 8100 ns, Cleanup: 6900 ns, At safepoint: 2840900 ns, Total: 2855900 ns
[12.095s][info ][gc,marking    ] GC(397) Concurrent Mark 7.403ms
[12.095s][info ][gc,marking    ] GC(397) Concurrent Rebuild Remembered Sets
[12.096s][debug][gc,heap       ] GC(398) Heap before GC invocations=397 (full 0):
[12.096s][debug][gc,heap       ] GC(398)  garbage-first heap   total 1048576K, used 547616K [0x00000000c0000000, 0x0000000100000000)
[12.096s][debug][gc,heap       ] GC(398)   region size 1024K, 51 young (52224K), 7 survivors (7168K)
[12.096s][debug][gc,heap       ] GC(398)  Metaspace       used 6341K, committed 6464K, reserved 1114112K
[12.096s][debug][gc,heap       ] GC(398)   class space    used 546K, committed 640K, reserved 1048576K
[12.096s][info ][gc,start      ] GC(398) Pause Young (Normal) (G1 Evacuation Pause)
[12.096s][info ][gc,task       ] GC(398) Using 10 workers of 10 for evacuation
[12.096s][trace][gc,ergo,cset  ] GC(398) Start choosing CSet. Pending cards: 65 target pause time: 200.00ms
[12.096s][trace][gc,ergo,cset  ] GC(398) Added young regions to CSet. Eden: 44 regions, Survivors: 7 regions, predicted eden time: 7.44ms, predicted base time: 1.05ms, target pause time: 200.00ms, remaining time: 191.51ms
[12.097s][debug][gc,ergo       ] GC(398) Running G1 Merge Heap Roots using 10 workers for 51 regions
[12.107s][debug][gc,ergo       ] GC(398) Running G1 Rebuild Free List Task using 10 workers for rebuilding free list of regions
[12.107s][debug][gc,ergo,heap  ] GC(398) Heap expansion: short term pause time ratio 36.17% long term pause time ratio 67.21% threshold 7.69% pause time ratio 7.69% fully expanded true resize by 0B
[12.107s][debug][gc,ergo,refine] GC(398) Concurrent refinement times: Logged Cards Scan time goal: 20.00ms Logged Cards Scan time: 0.02ms HCC time: 0.00ms
[12.107s][trace][gc,ergo,refine] GC(398) Updating Refinement Zones: logged cards scan time: 0.019ms, processed cards: 48, goal time: 19.999ms
[12.107s][debug][gc,ergo,refine] GC(398) Updated Refinement Zones: green: 2560, yellow: 7680, red: 12800
[12.107s][info ][gc,phases     ] GC(398)   Pre Evacuate Collection Set: 0.3ms
[12.107s][info ][gc,phases     ] GC(398)   Merge Heap Roots: 0.2ms
[12.107s][info ][gc,phases     ] GC(398)   Evacuate Collection Set: 9.3ms
[12.107s][info ][gc,phases     ] GC(398)   Post Evacuate Collection Set: 0.8ms
[12.107s][info ][gc,phases     ] GC(398)   Other: 0.3ms
[12.107s][info ][gc,heap       ] GC(398) Eden regions: 44->0(138)
[12.107s][info ][gc,heap       ] GC(398) Survivor regions: 7->7(7)
[12.107s][info ][gc,heap       ] GC(398) Old regions: 485->524
[12.107s][info ][gc,heap       ] GC(398) Archive regions: 0->0
[12.107s][info ][gc,heap       ] GC(398) Humongous regions: 0->0
[12.107s][info ][gc,metaspace  ] GC(398) Metaspace: 6341K(6464K)->6341K(6464K) NonClass: 5794K(5824K)->5794K(5824K) Class: 546K(640K)->546K(640K)
[12.107s][debug][gc,heap       ] GC(398) Heap after GC invocations=398 (full 0):
[12.107s][debug][gc,heap       ] GC(398)  garbage-first heap   total 1048576K, used 543120K [0x00000000c0000000, 0x0000000100000000)
[12.107s][debug][gc,heap       ] GC(398)   region size 1024K, 7 young (7168K), 7 survivors (7168K)
[12.107s][debug][gc,heap       ] GC(398)  Metaspace       used 6341K, committed 6464K, reserved 1114112K
[12.107s][debug][gc,heap       ] GC(398)   class space    used 546K, committed 640K, reserved 1048576K
[12.107s][info ][gc            ] GC(398) Pause Young (Normal) (G1 Evacuation Pause) 535M->530M(1024M) 10.786ms
[12.107s][info ][gc,cpu        ] GC(398) User=0.08s Sys=0.01s Real=0.01s
[12.107s][info ][safepoint     ] Safepoint "G1CollectForAllocation", Time since last: 1467700 ns, Reaching safepoint: 53300 ns, Cleanup: 5100 ns, At safepoint: 11071300 ns, Total: 11129700 ns
[12.109s][info ][gc,marking    ] GC(397) Concurrent Rebuild Remembered Sets 14.287ms
[12.109s][info ][gc,start      ] GC(397) Pause Cleanup
[12.111s][debug][gc,ergo,cset  ] GC(397) Pruned 130 regions out of 429, leaving 53088328 bytes waste (allowed 53687091)
[12.111s][info ][gc            ] GC(397) Pause Cleanup 543M->543M(1024M) 1.571ms
[12.111s][info ][gc,cpu        ] GC(397) User=0.00s Sys=0.00s Real=0.00s
[12.111s][info ][safepoint     ] Safepoint "G1PauseCleanup", Time since last: 2067700 ns, Reaching safepoint: 15800 ns, Cleanup: 14100 ns, At safepoint: 1621900 ns, Total: 1651800 ns
[12.111s][info ][gc,marking    ] GC(397) Concurrent Cleanup for Next Mark
[12.111s][debug][gc,ergo       ] GC(397) Running G1 Clear Bitmap with 3 workers for 16 work units.
[12.113s][info ][gc,marking    ] GC(397) Concurrent Cleanup for Next Mark 2.273ms
[12.114s][info ][gc            ] GC(397) Concurrent Mark Cycle 26.391ms
[12.130s][debug][gc,heap       ] GC(399) Heap before GC invocations=399 (full 0):
[12.130s][debug][gc,heap       ] GC(399)  garbage-first heap   total 1048576K, used 683408K [0x00000000c0000000, 0x0000000100000000)
[12.130s][debug][gc,heap       ] GC(399)   region size 1024K, 145 young (148480K), 7 survivors (7168K)
[12.130s][debug][gc,heap       ] GC(399)  Metaspace       used 6341K, committed 6464K, reserved 1114112K
[12.130s][debug][gc,heap       ] GC(399)   class space    used 546K, committed 640K, reserved 1048576K
[12.130s][info ][gc,start      ] GC(399) Pause Young (Prepare Mixed) (G1 Evacuation Pause)
[12.130s][info ][gc,task       ] GC(399) Using 10 workers of 10 for evacuation
[12.130s][trace][gc,ergo,cset  ] GC(399) Start choosing CSet. Pending cards: 53 target pause time: 200.00ms
[12.130s][trace][gc,ergo,cset  ] GC(399) Added young regions to CSet. Eden: 138 regions, Survivors: 7 regions, predicted eden time: 21.06ms, predicted base time: 1.27ms, target pause time: 200.00ms, remaining time: 177.66ms
[12.130s][debug][gc,ergo       ] GC(399) Running G1 Merge Heap Roots using 10 workers for 145 regions
[12.154s][debug][gc,ergo       ] GC(399) Running G1 Rebuild Free List Task using 10 workers for rebuilding free list of regions
[12.155s][debug][gc,ergo,heap  ] GC(399) Heap expansion: short term pause time ratio 37.98% long term pause time ratio 66.46% threshold 7.69% pause time ratio 7.69% fully expanded true resize by 0B
[12.155s][debug][gc,ergo,refine] GC(399) Concurrent refinement times: Logged Cards Scan time goal: 20.00ms Logged Cards Scan time: 0.03ms HCC time: 0.00ms
[12.155s][trace][gc,ergo,refine] GC(399) Updating Refinement Zones: logged cards scan time: 0.034ms, processed cards: 36, goal time: 19.999ms
[12.155s][debug][gc,ergo,refine] GC(399) Updated Refinement Zones: green: 2560, yellow: 7680, red: 12800
[12.155s][info ][gc,phases     ] GC(399)   Pre Evacuate Collection Set: 0.2ms
[12.155s][info ][gc,phases     ] GC(399)   Merge Heap Roots: 0.2ms
[12.155s][info ][gc,phases     ] GC(399)   Evacuate Collection Set: 21.9ms
[12.155s][info ][gc,phases     ] GC(399)   Post Evacuate Collection Set: 2.1ms
[12.155s][info ][gc,phases     ] GC(399)   Other: 0.2ms
[12.155s][info ][gc,heap       ] GC(399) Eden regions: 138->0(32)
[12.155s][info ][gc,heap       ] GC(399) Survivor regions: 7->19(19)
[12.155s][info ][gc,heap       ] GC(399) Old regions: 524->610
[12.155s][info ][gc,heap       ] GC(399) Archive regions: 0->0
[12.155s][info ][gc,heap       ] GC(399) Humongous regions: 0->0
[12.155s][info ][gc,metaspace  ] GC(399) Metaspace: 6341K(6464K)->6341K(6464K) NonClass: 5794K(5824K)->5794K(5824K) Class: 546K(640K)->546K(640K)
[12.155s][debug][gc,heap       ] GC(399) Heap after GC invocations=400 (full 0):
[12.155s][debug][gc,heap       ] GC(399)  garbage-first heap   total 1048576K, used 643272K [0x00000000c0000000, 0x0000000100000000)
[12.155s][debug][gc,heap       ] GC(399)   region size 1024K, 19 young (19456K), 19 survivors (19456K)
[12.155s][debug][gc,heap       ] GC(399)  Metaspace       used 6341K, committed 6464K, reserved 1114112K
[12.155s][debug][gc,heap       ] GC(399)   class space    used 546K, committed 640K, reserved 1048576K
[12.155s][info ][gc            ] GC(399) Pause Young (Prepare Mixed) (G1 Evacuation Pause) 668M->628M(1024M) 24.663ms
[12.155s][info ][gc,cpu        ] GC(399) User=0.21s Sys=0.01s Real=0.03s
[12.155s][info ][safepoint     ] Safepoint "G1CollectForAllocation", Time since last: 18877801 ns, Reaching safepoint: 7400 ns, Cleanup: 6900 ns, At safepoint: 24801001 ns, Total: 24815301 ns
[12.160s][debug][gc,heap       ] GC(400) Heap before GC invocations=400 (full 0):
[12.160s][debug][gc,heap       ] GC(400)  garbage-first heap   total 1048576K, used 675016K [0x00000000c0000000, 0x0000000100000000)
[12.160s][debug][gc,heap       ] GC(400)   region size 1024K, 51 young (52224K), 19 survivors (19456K)
[12.160s][debug][gc,heap       ] GC(400)  Metaspace       used 6341K, committed 6464K, reserved 1114112K
[12.160s][debug][gc,heap       ] GC(400)   class space    used 546K, committed 640K, reserved 1048576K
[12.160s][info ][gc,start      ] GC(400) Pause Young (Mixed) (G1 Evacuation Pause)
[12.160s][info ][gc,task       ] GC(400) Using 10 workers of 10 for evacuation
[12.160s][trace][gc,ergo,cset  ] GC(400) Start choosing CSet. Pending cards: 36 target pause time: 200.00ms
[12.160s][trace][gc,ergo,cset  ] GC(400) Added young regions to CSet. Eden: 32 regions, Survivors: 19 regions, predicted eden time: 6.12ms, predicted base time: 1.78ms, target pause time: 200.00ms, remaining time: 192.10ms
[12.160s][debug][gc,ergo,cset  ] GC(400) Start adding old regions to collection set. Min 38 regions, max 103 regions, time remaining 192.10ms, optional threshold 38.42ms
[12.160s][debug][gc,ergo,cset  ] GC(400) Finish adding old regions to collection set (Maximum number of regions). Initial 103 regions, optional 0 regions
[12.160s][debug][gc,ergo,cset  ] GC(400) Finish choosing collection set old regions. Initial: 103, optional: 0, predicted old time: 0.00ms, predicted optional time: 0.00ms, time remaining: 190.04
[12.160s][debug][gc,ergo       ] GC(400) Running G1 Merge Heap Roots using 10 workers for 154 regions
[12.171s][debug][gc,ergo       ] GC(400) Running G1 Rebuild Free List Task using 10 workers for rebuilding free list of regions
[12.172s][debug][gc,ergo,heap  ] GC(400) Heap expansion: short term pause time ratio 56.27% long term pause time ratio 65.08% threshold 7.69% pause time ratio 7.69% fully expanded true resize by 0B
[12.172s][debug][gc,ergo,refine] GC(400) Concurrent refinement times: Logged Cards Scan time goal: 20.00ms Logged Cards Scan time: 0.01ms HCC time: 0.00ms
[12.172s][trace][gc,ergo,refine] GC(400) Updating Refinement Zones: logged cards scan time: 0.012ms, processed cards: 19, goal time: 19.999ms
[12.172s][debug][gc,ergo,refine] GC(400) Updated Refinement Zones: green: 2560, yellow: 7680, red: 12800
[12.172s][info ][gc,phases     ] GC(400)   Pre Evacuate Collection Set: 0.3ms
[12.172s][info ][gc,phases     ] GC(400)   Merge Heap Roots: 0.2ms
[12.172s][info ][gc,phases     ] GC(400)   Evacuate Collection Set: 10.2ms
[12.172s][info ][gc,phases     ] GC(400)   Post Evacuate Collection Set: 1.0ms
[12.172s][info ][gc,phases     ] GC(400)   Other: 0.2ms
[12.172s][info ][gc,heap       ] GC(400) Eden regions: 32->0(44)
[12.172s][info ][gc,heap       ] GC(400) Survivor regions: 19->7(7)
[12.172s][info ][gc,heap       ] GC(400) Old regions: 610->549
[12.172s][info ][gc,heap       ] GC(400) Archive regions: 0->0
[12.172s][info ][gc,heap       ] GC(400) Humongous regions: 0->0
[12.172s][info ][gc,metaspace  ] GC(400) Metaspace: 6341K(6464K)->6341K(6464K) NonClass: 5794K(5824K)->5794K(5824K) Class: 546K(640K)->546K(640K)
[12.172s][debug][gc,heap       ] GC(400) Heap after GC invocations=401 (full 0):
[12.172s][debug][gc,heap       ] GC(400)  garbage-first heap   total 1048576K, used 568420K [0x00000000c0000000, 0x0000000100000000)
[12.172s][debug][gc,heap       ] GC(400)   region size 1024K, 7 young (7168K), 7 survivors (7168K)
[12.172s][debug][gc,heap       ] GC(400)  Metaspace       used 6341K, committed 6464K, reserved 1114112K
[12.172s][debug][gc,heap       ] GC(400)   class space    used 546K, committed 640K, reserved 1048576K
[12.172s][info ][gc            ] GC(400) Pause Young (Mixed) (G1 Evacuation Pause) 660M->555M(1024M) 11.832ms
[12.172s][info ][gc,cpu        ] GC(400) User=0.10s Sys=0.00s Real=0.01s
[12.172s][info ][safepoint     ] Safepoint "G1CollectForAllocation", Time since last: 5230200 ns, Reaching safepoint: 4100 ns, Cleanup: 5000 ns, At safepoint: 11961400 ns, Total: 11970500 ns
[12.183s][debug][gc,heap       ] GC(401) Heap before GC invocations=401 (full 0):
[12.183s][debug][gc,heap       ] GC(401)  garbage-first heap   total 1048576K, used 612452K [0x00000000c0000000, 0x0000000100000000)
[12.183s][debug][gc,heap       ] GC(401)   region size 1024K, 51 young (52224K), 7 survivors (7168K)
[12.183s][debug][gc,heap       ] GC(401)  Metaspace       used 6341K, committed 6464K, reserved 1114112K
[12.183s][debug][gc,heap       ] GC(401)   class space    used 546K, committed 640K, reserved 1048576K
[12.183s][info ][gc,start      ] GC(401) Pause Young (Mixed) (G1 Evacuation Pause)
[12.183s][info ][gc,task       ] GC(401) Using 10 workers of 10 for evacuation
[12.183s][trace][gc,ergo,cset  ] GC(401) Start choosing CSet. Pending cards: 71 target pause time: 200.00ms
[12.183s][trace][gc,ergo,cset  ] GC(401) Added young regions to CSet. Eden: 44 regions, Survivors: 7 regions, predicted eden time: 8.27ms, predicted base time: 1.69ms, target pause time: 200.00ms, remaining time: 190.05ms
[12.183s][debug][gc,ergo,cset  ] GC(401) Start adding old regions to collection set. Min 38 regions, max 103 regions, time remaining 190.05ms, optional threshold 38.01ms
[12.183s][debug][gc,ergo,cset  ] GC(401) Finish adding old regions to collection set (Maximum number of regions). Initial 103 regions, optional 0 regions
[12.183s][debug][gc,ergo,cset  ] GC(401) Finish choosing collection set old regions. Initial: 103, optional: 0, predicted old time: 0.00ms, predicted optional time: 0.00ms, time remaining: 186.54
[12.183s][debug][gc,ergo       ] GC(401) Running G1 Merge Heap Roots using 10 workers for 154 regions
[12.195s][debug][gc,ergo       ] GC(401) Running G1 Rebuild Free List Task using 10 workers for rebuilding free list of regions
[12.195s][debug][gc,ergo,heap  ] GC(401) Heap expansion: short term pause time ratio 67.97% long term pause time ratio 64.30% threshold 7.69% pause time ratio 7.69% fully expanded true resize by 0B
[12.195s][debug][gc,ergo,refine] GC(401) Concurrent refinement times: Logged Cards Scan time goal: 20.00ms Logged Cards Scan time: 0.03ms HCC time: 0.00ms
[12.195s][trace][gc,ergo,refine] GC(401) Updating Refinement Zones: logged cards scan time: 0.025ms, processed cards: 38, goal time: 19.999ms
[12.195s][debug][gc,ergo,refine] GC(401) Updated Refinement Zones: green: 2560, yellow: 7680, red: 12800
[12.195s][info ][gc,phases     ] GC(401)   Pre Evacuate Collection Set: 0.5ms
[12.195s][info ][gc,phases     ] GC(401)   Merge Heap Roots: 0.2ms
[12.195s][info ][gc,phases     ] GC(401)   Evacuate Collection Set: 9.8ms
[12.195s][info ][gc,phases     ] GC(401)   Post Evacuate Collection Set: 1.9ms
[12.195s][info ][gc,phases     ] GC(401)   Other: 0.4ms
[12.195s][info ][gc,heap       ] GC(401) Eden regions: 44->0(44)
[12.195s][info ][gc,heap       ] GC(401) Survivor regions: 7->7(7)
[12.195s][info ][gc,heap       ] GC(401) Old regions: 549->488
[12.195s][info ][gc,heap       ] GC(401) Archive regions: 0->0
[12.195s][info ][gc,heap       ] GC(401) Humongous regions: 0->0
[12.195s][info ][gc,metaspace  ] GC(401) Metaspace: 6341K(6464K)->6341K(6464K) NonClass: 5794K(5824K)->5794K(5824K) Class: 546K(640K)->546K(640K)
[12.195s][debug][gc,heap       ] GC(401) Heap after GC invocations=402 (full 0):
[12.195s][debug][gc,heap       ] GC(401)  garbage-first heap   total 1048576K, used 506856K [0x00000000c0000000, 0x0000000100000000)
[12.195s][debug][gc,heap       ] GC(401)   region size 1024K, 7 young (7168K), 7 survivors (7168K)
[12.195s][debug][gc,heap       ] GC(401)  Metaspace       used 6341K, committed 6464K, reserved 1114112K
[12.195s][debug][gc,heap       ] GC(401)   class space    used 546K, committed 640K, reserved 1048576K
[12.196s][info ][gc            ] GC(401) Pause Young (Mixed) (G1 Evacuation Pause) 599M->494M(1024M) 12.664ms
[12.196s][info ][gc,cpu        ] GC(401) User=0.06s Sys=0.02s Real=0.02s
[12.196s][info ][safepoint     ] Safepoint "G1CollectForAllocation", Time since last: 10721401 ns, Reaching safepoint: 11300 ns, Cleanup: 11900 ns, At safepoint: 12945500 ns, Total: 12968700 ns
[12.205s][debug][gc,heap       ] GC(402) Heap before GC invocations=402 (full 0):
[12.205s][debug][gc,heap       ] GC(402)  garbage-first heap   total 1048576K, used 550888K [0x00000000c0000000, 0x0000000100000000)
[12.205s][debug][gc,heap       ] GC(402)   region size 1024K, 51 young (52224K), 7 survivors (7168K)
[12.205s][debug][gc,heap       ] GC(402)  Metaspace       used 6341K, committed 6464K, reserved 1114112K
[12.205s][debug][gc,heap       ] GC(402)   class space    used 546K, committed 640K, reserved 1048576K
[12.205s][info ][gc,start      ] GC(402) Pause Young (Mixed) (G1 Evacuation Pause)
[12.205s][info ][gc,task       ] GC(402) Using 10 workers of 10 for evacuation
[12.205s][trace][gc,ergo,cset  ] GC(402) Start choosing CSet. Pending cards: 52 target pause time: 200.00ms
[12.205s][trace][gc,ergo,cset  ] GC(402) Added young regions to CSet. Eden: 44 regions, Survivors: 7 regions, predicted eden time: 8.16ms, predicted base time: 2.03ms, target pause time: 200.00ms, remaining time: 189.81ms
[12.205s][debug][gc,ergo,cset  ] GC(402) Start adding old regions to collection set. Min 38 regions, max 103 regions, time remaining 189.81ms, optional threshold 37.96ms
[12.205s][debug][gc,ergo,cset  ] GC(402) Old candidate collection set empty.
[12.205s][debug][gc,ergo,cset  ] GC(402) Finish choosing collection set old regions. Initial: 93, optional: 0, predicted old time: 0.00ms, predicted optional time: 0.00ms, time remaining: 183.69
[12.206s][debug][gc,ergo       ] GC(402) Running G1 Merge Heap Roots using 10 workers for 144 regions
[12.218s][debug][gc,ergo       ] GC(402) Running G1 Rebuild Free List Task using 10 workers for rebuilding free list of regions
[12.219s][debug][gc,ergo,heap  ] GC(402) Heap expansion: short term pause time ratio 52.55% long term pause time ratio 62.47% threshold 7.69% pause time ratio 7.69% fully expanded true resize by 0B
[12.219s][debug][gc,ergo       ] GC(402) do not continue mixed GCs (candidate old regions not available)
[12.219s][debug][gc,ergo,refine] GC(402) Concurrent refinement times: Logged Cards Scan time goal: 20.00ms Logged Cards Scan time: 0.01ms HCC time: 0.00ms
[12.219s][trace][gc,ergo,refine] GC(402) Updating Refinement Zones: logged cards scan time: 0.009ms, processed cards: 18, goal time: 19.999ms
[12.219s][debug][gc,ergo,refine] GC(402) Updated Refinement Zones: green: 2560, yellow: 7680, red: 12800
[12.219s][info ][gc,phases     ] GC(402)   Pre Evacuate Collection Set: 0.8ms
[12.219s][info ][gc,phases     ] GC(402)   Merge Heap Roots: 0.3ms
[12.219s][info ][gc,phases     ] GC(402)   Evacuate Collection Set: 11.5ms
[12.219s][info ][gc,phases     ] GC(402)   Post Evacuate Collection Set: 0.8ms
[12.219s][info ][gc,phases     ] GC(402)   Other: 0.3ms
[12.219s][info ][gc,heap       ] GC(402) Eden regions: 44->0(173)
[12.219s][info ][gc,heap       ] GC(402) Survivor regions: 7->7(7)
[12.219s][info ][gc,heap       ] GC(402) Old regions: 488->440
[12.219s][info ][gc,heap       ] GC(402) Archive regions: 0->0
[12.219s][info ][gc,heap       ] GC(402) Humongous regions: 0->0
[12.219s][info ][gc,metaspace  ] GC(402) Metaspace: 6341K(6464K)->6341K(6464K) NonClass: 5794K(5824K)->5794K(5824K) Class: 546K(640K)->546K(640K)
[12.219s][debug][gc,heap       ] GC(402) Heap after GC invocations=403 (full 0):
[12.219s][debug][gc,heap       ] GC(402)  garbage-first heap   total 1048576K, used 457604K [0x00000000c0000000, 0x0000000100000000)
[12.219s][debug][gc,heap       ] GC(402)   region size 1024K, 7 young (7168K), 7 survivors (7168K)
[12.219s][debug][gc,heap       ] GC(402)  Metaspace       used 6341K, committed 6464K, reserved 1114112K
[12.219s][debug][gc,heap       ] GC(402)   class space    used 546K, committed 640K, reserved 1048576K
[12.219s][info ][gc            ] GC(402) Pause Young (Mixed) (G1 Evacuation Pause) 538M->446M(1024M) 13.742ms
[12.219s][info ][gc,cpu        ] GC(402) User=0.09s Sys=0.02s Real=0.01s
[12.219s][info ][safepoint     ] Safepoint "G1CollectForAllocation", Time since last: 9223201 ns, Reaching safepoint: 20200 ns, Cleanup: 15700 ns, At safepoint: 13963700 ns, Total: 13999600 ns
[12.251s][debug][gc,heap       ] GC(403) Heap before GC invocations=403 (full 0):
[12.251s][debug][gc,heap       ] GC(403)  garbage-first heap   total 1048576K, used 633732K [0x00000000c0000000, 0x0000000100000000)
[12.251s][debug][gc,heap       ] GC(403)   region size 1024K, 180 young (184320K), 7 survivors (7168K)
[12.251s][debug][gc,heap       ] GC(403)  Metaspace       used 6341K, committed 6464K, reserved 1114112K
[12.251s][debug][gc,heap       ] GC(403)   class space    used 546K, committed 640K, reserved 1048576K
[12.251s][info ][gc,start      ] GC(403) Pause Young (Normal) (G1 Evacuation Pause)
[12.251s][info ][gc,task       ] GC(403) Using 10 workers of 10 for evacuation
[12.251s][trace][gc,ergo,cset  ] GC(403) Start choosing CSet. Pending cards: 30 target pause time: 200.00ms
[12.251s][trace][gc,ergo,cset  ] GC(403) Added young regions to CSet. Eden: 173 regions, Survivors: 7 regions, predicted eden time: 27.86ms, predicted base time: 2.04ms, target pause time: 200.00ms, remaining time: 170.10ms
[12.252s][debug][gc,ergo       ] GC(403) Running G1 Merge Heap Roots using 10 workers for 180 regions
[12.280s][debug][gc,ergo       ] GC(403) Running G1 Rebuild Free List Task using 10 workers for rebuilding free list of regions
[12.280s][debug][gc,ergo,heap  ] GC(403) Heap expansion: short term pause time ratio 58.24% long term pause time ratio 60.73% threshold 7.69% pause time ratio 7.69% fully expanded true resize by 0B
[12.280s][debug][gc,ergo,refine] GC(403) Concurrent refinement times: Logged Cards Scan time goal: 20.00ms Logged Cards Scan time: 0.04ms HCC time: 0.00ms
[12.280s][trace][gc,ergo,refine] GC(403) Updating Refinement Zones: logged cards scan time: 0.041ms, processed cards: 11, goal time: 19.998ms
[12.280s][debug][gc,ergo,refine] GC(403) Updated Refinement Zones: green: 2560, yellow: 7680, red: 12800
[12.281s][info ][gc,phases     ] GC(403)   Pre Evacuate Collection Set: 0.4ms
[12.281s][info ][gc,phases     ] GC(403)   Merge Heap Roots: 0.2ms
[12.281s][info ][gc,phases     ] GC(403)   Evacuate Collection Set: 26.9ms
[12.281s][info ][gc,phases     ] GC(403)   Post Evacuate Collection Set: 1.7ms
[12.281s][info ][gc,phases     ] GC(403)   Other: 0.5ms
[12.281s][info ][gc,heap       ] GC(403) Eden regions: 173->0(130)
[12.281s][info ][gc,heap       ] GC(403) Survivor regions: 7->23(23)
[12.281s][info ][gc,heap       ] GC(403) Old regions: 440->535
[12.281s][info ][gc,heap       ] GC(403) Archive regions: 0->0
[12.281s][info ][gc,heap       ] GC(403) Humongous regions: 0->0
[12.281s][info ][gc,metaspace  ] GC(403) Metaspace: 6341K(6464K)->6341K(6464K) NonClass: 5794K(5824K)->5794K(5824K) Class: 546K(640K)->546K(640K)
[12.281s][debug][gc,heap       ] GC(403) Heap after GC invocations=404 (full 0):
[12.281s][debug][gc,heap       ] GC(403)  garbage-first heap   total 1048576K, used 571268K [0x00000000c0000000, 0x0000000100000000)
[12.281s][debug][gc,heap       ] GC(403)   region size 1024K, 23 young (23552K), 23 survivors (23552K)
[12.281s][debug][gc,heap       ] GC(403)  Metaspace       used 6341K, committed 6464K, reserved 1114112K
[12.281s][debug][gc,heap       ] GC(403)   class space    used 546K, committed 640K, reserved 1048576K
[12.281s][info ][gc            ] GC(403) Pause Young (Normal) (G1 Evacuation Pause) 619M->557M(1024M) 29.681ms
[12.281s][info ][gc,cpu        ] GC(403) User=0.25s Sys=0.00s Real=0.03s
[12.281s][info ][safepoint     ] Safepoint "G1CollectForAllocation", Time since last: 31932601 ns, Reaching safepoint: 14900 ns, Cleanup: 13900 ns, At safepoint: 29984401 ns, Total: 30013201 ns
[12.309s][debug][gc,heap       ] GC(404) Heap before GC invocations=404 (full 0):
[12.309s][debug][gc,heap       ] GC(404)  garbage-first heap   total 1048576K, used 703364K [0x00000000c0000000, 0x0000000100000000)
[12.309s][debug][gc,heap       ] GC(404)   region size 1024K, 153 young (156672K), 23 survivors (23552K)
[12.309s][debug][gc,heap       ] GC(404)  Metaspace       used 6341K, committed 6464K, reserved 1114112K
[12.309s][debug][gc,heap       ] GC(404)   class space    used 546K, committed 640K, reserved 1048576K
[12.309s][info ][gc,start      ] GC(404) Pause Young (Normal) (G1 Evacuation Pause)
[12.309s][info ][gc,task       ] GC(404) Using 10 workers of 10 for evacuation
[12.309s][trace][gc,ergo,cset  ] GC(404) Start choosing CSet. Pending cards: 37 target pause time: 200.00ms
[12.309s][trace][gc,ergo,cset  ] GC(404) Added young regions to CSet. Eden: 130 regions, Survivors: 23 regions, predicted eden time: 22.40ms, predicted base time: 2.33ms, target pause time: 200.00ms, remaining time: 175.27ms
[12.309s][debug][gc,ergo       ] GC(404) Running G1 Merge Heap Roots using 10 workers for 153 regions
[12.330s][debug][gc,ergo       ] GC(404) Running G1 Rebuild Free List Task using 10 workers for rebuilding free list of regions
[12.330s][debug][gc,ergo,heap  ] GC(404) Heap expansion: short term pause time ratio 47.48% long term pause time ratio 56.61% threshold 7.69% pause time ratio 7.69% fully expanded true resize by 0B
[12.330s][debug][gc,ergo,refine] GC(404) Concurrent refinement times: Logged Cards Scan time goal: 20.00ms Logged Cards Scan time: 0.03ms HCC time: 0.00ms
[12.330s][trace][gc,ergo,refine] GC(404) Updating Refinement Zones: logged cards scan time: 0.025ms, processed cards: 14, goal time: 19.999ms
[12.330s][debug][gc,ergo,refine] GC(404) Updated Refinement Zones: green: 2560, yellow: 7680, red: 12800
[12.330s][info ][gc,phases     ] GC(404)   Pre Evacuate Collection Set: 0.3ms
[12.330s][info ][gc,phases     ] GC(404)   Merge Heap Roots: 0.2ms
[12.330s][info ][gc,phases     ] GC(404)   Evacuate Collection Set: 19.9ms
[12.330s][info ][gc,phases     ] GC(404)   Post Evacuate Collection Set: 1.0ms
[12.330s][info ][gc,phases     ] GC(404)   Other: 0.4ms
[12.330s][info ][gc,heap       ] GC(404) Eden regions: 130->0(97)
[12.330s][info ][gc,heap       ] GC(404) Survivor regions: 23->20(20)
[12.330s][info ][gc,heap       ] GC(404) Old regions: 535->623
[12.330s][info ][gc,heap       ] GC(404) Archive regions: 0->0
[12.330s][info ][gc,heap       ] GC(404) Humongous regions: 0->0
[12.330s][info ][gc,metaspace  ] GC(404) Metaspace: 6341K(6464K)->6341K(6464K) NonClass: 5794K(5824K)->5794K(5824K) Class: 546K(640K)->546K(640K)
[12.330s][debug][gc,heap       ] GC(404) Heap after GC invocations=405 (full 0):
[12.330s][debug][gc,heap       ] GC(404)  garbage-first heap   total 1048576K, used 657808K [0x00000000c0000000, 0x0000000100000000)
[12.330s][debug][gc,heap       ] GC(404)   region size 1024K, 20 young (20480K), 20 survivors (20480K)
[12.330s][debug][gc,heap       ] GC(404)  Metaspace       used 6341K, committed 6464K, reserved 1114112K
[12.330s][debug][gc,heap       ] GC(404)   class space    used 546K, committed 640K, reserved 1048576K
[12.331s][info ][gc            ] GC(404) Pause Young (Normal) (G1 Evacuation Pause) 687M->642M(1024M) 21.853ms
[12.331s][info ][gc,cpu        ] GC(404) User=0.19s Sys=0.00s Real=0.02s
[12.331s][info ][safepoint     ] Safepoint "G1CollectForAllocation", Time since last: 27857901 ns, Reaching safepoint: 5400 ns, Cleanup: 6600 ns, At safepoint: 22024501 ns, Total: 22036501 ns
[12.342s][debug][gc,heap       ] GC(405) Heap before GC invocations=405 (full 0):
[12.343s][debug][gc,heap       ] GC(405)  garbage-first heap   total 1048576K, used 756112K [0x00000000c0000000, 0x0000000100000000)
[12.343s][debug][gc,heap       ] GC(405)   region size 1024K, 117 young (119808K), 20 survivors (20480K)
[12.343s][debug][gc,heap       ] GC(405)  Metaspace       used 6341K, committed 6464K, reserved 1114112K
[12.343s][debug][gc,heap       ] GC(405)   class space    used 546K, committed 640K, reserved 1048576K
[12.343s][info ][gc,start      ] GC(405) Pause Young (Normal) (G1 Evacuation Pause)
[12.343s][info ][gc,task       ] GC(405) Using 10 workers of 10 for evacuation
[12.343s][trace][gc,ergo,cset  ] GC(405) Start choosing CSet. Pending cards: 42 target pause time: 200.00ms
[12.343s][trace][gc,ergo,cset  ] GC(405) Added young regions to CSet. Eden: 97 regions, Survivors: 20 regions, predicted eden time: 16.96ms, predicted base time: 2.06ms, target pause time: 200.00ms, remaining time: 180.98ms
[12.343s][debug][gc,ergo       ] GC(405) Running G1 Merge Heap Roots using 10 workers for 117 regions
[12.361s][debug][gc,ergo       ] GC(405) Running G1 Rebuild Free List Task using 10 workers for rebuilding free list of regions
[12.361s][debug][gc,ergo,heap  ] GC(405) Heap expansion: short term pause time ratio 43.22% long term pause time ratio 53.36% threshold 7.69% pause time ratio 7.69% fully expanded true resize by 0B
[12.361s][debug][gc,ergo,refine] GC(405) Concurrent refinement times: Logged Cards Scan time goal: 20.00ms Logged Cards Scan time: 0.04ms HCC time: 0.00ms
[12.361s][trace][gc,ergo,refine] GC(405) Updating Refinement Zones: logged cards scan time: 0.038ms, processed cards: 26, goal time: 19.999ms
[12.361s][debug][gc,ergo,refine] GC(405) Updated Refinement Zones: green: 2560, yellow: 7680, red: 12800
[12.361s][info ][gc,phases     ] GC(405)   Pre Evacuate Collection Set: 0.3ms
[12.361s][info ][gc,phases     ] GC(405)   Merge Heap Roots: 0.2ms
[12.361s][info ][gc,phases     ] GC(405)   Evacuate Collection Set: 17.1ms
[12.361s][info ][gc,phases     ] GC(405)   Post Evacuate Collection Set: 0.6ms
[12.361s][info ][gc,phases     ] GC(405)   Other: 0.2ms
[12.361s][info ][gc,heap       ] GC(405) Eden regions: 97->0(70)
[12.361s][info ][gc,heap       ] GC(405) Survivor regions: 20->15(15)
[12.361s][info ][gc,heap       ] GC(405) Old regions: 623->698
[12.361s][info ][gc,heap       ] GC(405) Archive regions: 0->0
[12.361s][info ][gc,heap       ] GC(405) Humongous regions: 0->0
[12.361s][info ][gc,metaspace  ] GC(405) Metaspace: 6341K(6464K)->6341K(6464K) NonClass: 5794K(5824K)->5794K(5824K) Class: 546K(640K)->546K(640K)
[12.361s][debug][gc,heap       ] GC(405) Heap after GC invocations=406 (full 0):
[12.361s][debug][gc,heap       ] GC(405)  garbage-first heap   total 1048576K, used 729788K [0x00000000c0000000, 0x0000000100000000)
[12.361s][debug][gc,heap       ] GC(405)   region size 1024K, 15 young (15360K), 15 survivors (15360K)
[12.361s][debug][gc,heap       ] GC(405)  Metaspace       used 6341K, committed 6464K, reserved 1114112K
[12.361s][debug][gc,heap       ] GC(405)   class space    used 546K, committed 640K, reserved 1048576K
[12.361s][info ][gc            ] GC(405) Pause Young (Normal) (G1 Evacuation Pause) 739M->712M(1024M) 18.439ms
[12.361s][info ][gc,cpu        ] GC(405) User=0.14s Sys=0.03s Real=0.02s
[12.361s][info ][safepoint     ] Safepoint "G1CollectForAllocation", Time since last: 11835501 ns, Reaching safepoint: 8200 ns, Cleanup: 7500 ns, At safepoint: 18579500 ns, Total: 18595200 ns
[12.369s][debug][gc,heap       ] GC(406) Heap before GC invocations=406 (full 0):
[12.369s][debug][gc,heap       ] GC(406)  garbage-first heap   total 1048576K, used 800444K [0x00000000c0000000, 0x0000000100000000)
[12.369s][debug][gc,heap       ] GC(406)   region size 1024K, 85 young (87040K), 15 survivors (15360K)
[12.369s][debug][gc,heap       ] GC(406)  Metaspace       used 6341K, committed 6464K, reserved 1114112K
[12.369s][debug][gc,heap       ] GC(406)   class space    used 546K, committed 640K, reserved 1048576K
[12.369s][info ][gc,start      ] GC(406) Pause Young (Normal) (G1 Evacuation Pause)
[12.369s][info ][gc,task       ] GC(406) Using 10 workers of 10 for evacuation
[12.369s][trace][gc,ergo,cset  ] GC(406) Start choosing CSet. Pending cards: 37 target pause time: 200.00ms
[12.369s][trace][gc,ergo,cset  ] GC(406) Added young regions to CSet. Eden: 70 regions, Survivors: 15 regions, predicted eden time: 12.64ms, predicted base time: 1.80ms, target pause time: 200.00ms, remaining time: 185.56ms
[12.370s][debug][gc,ergo       ] GC(406) Running G1 Merge Heap Roots using 10 workers for 85 regions
[12.383s][debug][gc,ergo       ] GC(406) Running G1 Rebuild Free List Task using 10 workers for rebuilding free list of regions
[12.383s][debug][gc,ergo,heap  ] GC(406) Heap expansion: short term pause time ratio 59.55% long term pause time ratio 53.36% threshold 7.69% pause time ratio 7.69% fully expanded true resize by 0B
[12.383s][debug][gc,ergo,refine] GC(406) Concurrent refinement times: Logged Cards Scan time goal: 20.00ms Logged Cards Scan time: 0.05ms HCC time: 0.00ms
[12.383s][trace][gc,ergo,refine] GC(406) Updating Refinement Zones: logged cards scan time: 0.054ms, processed cards: 20, goal time: 20.000ms
[12.383s][debug][gc,ergo,refine] GC(406) Updated Refinement Zones: green: 2560, yellow: 7680, red: 12800
[12.383s][info ][gc,phases     ] GC(406)   Pre Evacuate Collection Set: 0.3ms
[12.383s][info ][gc,phases     ] GC(406)   Merge Heap Roots: 0.2ms
[12.383s][info ][gc,phases     ] GC(406)   Evacuate Collection Set: 12.8ms
[12.383s][info ][gc,phases     ] GC(406)   Post Evacuate Collection Set: 0.5ms
[12.383s][info ][gc,phases     ] GC(406)   Other: 0.3ms
[12.383s][info ][gc,heap       ] GC(406) Eden regions: 70->0(50)
[12.383s][info ][gc,heap       ] GC(406) Survivor regions: 15->11(11)
[12.383s][info ][gc,heap       ] GC(406) Old regions: 698->756
[12.383s][info ][gc,heap       ] GC(406) Archive regions: 0->0
[12.383s][info ][gc,heap       ] GC(406) Humongous regions: 0->0
[12.383s][info ][gc,metaspace  ] GC(406) Metaspace: 6341K(6464K)->6341K(6464K) NonClass: 5794K(5824K)->5794K(5824K) Class: 546K(640K)->546K(640K)
[12.383s][debug][gc,heap       ] GC(406) Heap after GC invocations=407 (full 0):
[12.383s][debug][gc,heap       ] GC(406)  garbage-first heap   total 1048576K, used 785384K [0x00000000c0000000, 0x0000000100000000)
[12.383s][debug][gc,heap       ] GC(406)   region size 1024K, 11 young (11264K), 11 survivors (11264K)
[12.383s][debug][gc,heap       ] GC(406)  Metaspace       used 6341K, committed 6464K, reserved 1114112K
[12.383s][debug][gc,heap       ] GC(406)   class space    used 546K, committed 640K, reserved 1048576K
[12.383s][info ][gc            ] GC(406) Pause Young (Normal) (G1 Evacuation Pause) 782M->766M(1024M) 13.927ms
[12.383s][info ][gc,cpu        ] GC(406) User=0.13s Sys=0.00s Real=0.02s
[12.383s][info ][safepoint     ] Safepoint "G1CollectForAllocation", Time since last: 8076901 ns, Reaching safepoint: 10400 ns, Cleanup: 11200 ns, At safepoint: 14158800 ns, Total: 14180400 ns
[12.391s][debug][gc,heap       ] GC(407) Heap before GC invocations=407 (full 0):
[12.391s][debug][gc,heap       ] GC(407)  garbage-first heap   total 1048576K, used 835560K [0x00000000c0000000, 0x0000000100000000)
[12.391s][debug][gc,heap       ] GC(407)   region size 1024K, 61 young (62464K), 11 survivors (11264K)
[12.391s][debug][gc,heap       ] GC(407)  Metaspace       used 6341K, committed 6464K, reserved 1114112K
[12.391s][debug][gc,heap       ] GC(407)   class space    used 546K, committed 640K, reserved 1048576K
[12.391s][info ][gc,start      ] GC(407) Pause Young (Normal) (G1 Evacuation Pause)
[12.391s][info ][gc,task       ] GC(407) Using 10 workers of 10 for evacuation
[12.391s][trace][gc,ergo,cset  ] GC(407) Start choosing CSet. Pending cards: 34 target pause time: 200.00ms
[12.391s][trace][gc,ergo,cset  ] GC(407) Added young regions to CSet. Eden: 50 regions, Survivors: 11 regions, predicted eden time: 9.15ms, predicted base time: 1.57ms, target pause time: 200.00ms, remaining time: 189.29ms
[12.391s][debug][gc,ergo       ] GC(407) Running G1 Merge Heap Roots using 10 workers for 61 regions
[12.401s][debug][gc,ergo       ] GC(407) Running G1 Rebuild Free List Task using 10 workers for rebuilding free list of regions
[12.401s][debug][gc,ergo,heap  ] GC(407) Heap expansion: short term pause time ratio 61.66% long term pause time ratio 54.46% threshold 7.69% pause time ratio 7.69% fully expanded true resize by 0B
[12.401s][debug][gc,ergo,refine] GC(407) Concurrent refinement times: Logged Cards Scan time goal: 20.00ms Logged Cards Scan time: 0.02ms HCC time: 0.00ms
[12.401s][trace][gc,ergo,refine] GC(407) Updating Refinement Zones: logged cards scan time: 0.017ms, processed cards: 25, goal time: 20.000ms
[12.401s][debug][gc,ergo,refine] GC(407) Updated Refinement Zones: green: 2560, yellow: 7680, red: 12800
[12.401s][info ][gc,phases     ] GC(407)   Pre Evacuate Collection Set: 0.2ms
[12.401s][info ][gc,phases     ] GC(407)   Merge Heap Roots: 0.2ms
[12.401s][info ][gc,phases     ] GC(407)   Evacuate Collection Set: 9.5ms
[12.401s][info ][gc,phases     ] GC(407)   Post Evacuate Collection Set: 0.6ms
[12.401s][info ][gc,phases     ] GC(407)   Other: 0.2ms
[12.401s][info ][gc,heap       ] GC(407) Eden regions: 50->0(43)
[12.401s][info ][gc,heap       ] GC(407) Survivor regions: 11->8(8)
[12.401s][info ][gc,heap       ] GC(407) Old regions: 756->802
[12.401s][info ][gc,heap       ] GC(407) Archive regions: 0->0
[12.401s][info ][gc,heap       ] GC(407) Humongous regions: 0->0
[12.401s][info ][gc,metaspace  ] GC(407) Metaspace: 6341K(6464K)->6341K(6464K) NonClass: 5794K(5824K)->5794K(5824K) Class: 546K(640K)->546K(640K)
[12.401s][debug][gc,heap       ] GC(407) Heap after GC invocations=408 (full 0):
[12.401s][debug][gc,heap       ] GC(407)  garbage-first heap   total 1048576K, used 828916K [0x00000000c0000000, 0x0000000100000000)
[12.401s][debug][gc,heap       ] GC(407)   region size 1024K, 8 young (8192K), 8 survivors (8192K)
[12.401s][debug][gc,heap       ] GC(407)  Metaspace       used 6341K, committed 6464K, reserved 1114112K
[12.401s][debug][gc,heap       ] GC(407)   class space    used 546K, committed 640K, reserved 1048576K
[12.401s][info ][gc            ] GC(407) Pause Young (Normal) (G1 Evacuation Pause) 816M->809M(1024M) 10.621ms
[12.401s][info ][gc,cpu        ] GC(407) User=0.10s Sys=0.00s Real=0.01s
[12.401s][info ][safepoint     ] Safepoint "G1CollectForAllocation", Time since last: 7253000 ns, Reaching safepoint: 5300 ns, Cleanup: 5500 ns, At safepoint: 10721001 ns, Total: 10731801 ns
[12.406s][debug][gc,heap       ] GC(408) Heap before GC invocations=408 (full 0):
[12.406s][debug][gc,heap       ] GC(408)  garbage-first heap   total 1048576K, used 871924K [0x00000000c0000000, 0x0000000100000000)
[12.406s][debug][gc,heap       ] GC(408)   region size 1024K, 51 young (52224K), 8 survivors (8192K)
[12.406s][debug][gc,heap       ] GC(408)  Metaspace       used 6341K, committed 6464K, reserved 1114112K
[12.406s][debug][gc,heap       ] GC(408)   class space    used 546K, committed 640K, reserved 1048576K
[12.406s][info ][gc,start      ] GC(408) Pause Young (Normal) (G1 Evacuation Pause)
[12.406s][info ][gc,task       ] GC(408) Using 10 workers of 10 for evacuation
[12.406s][trace][gc,ergo,cset  ] GC(408) Start choosing CSet. Pending cards: 30 target pause time: 200.00ms
[12.406s][trace][gc,ergo,cset  ] GC(408) Added young regions to CSet. Eden: 43 regions, Survivors: 8 regions, predicted eden time: 7.81ms, predicted base time: 1.40ms, target pause time: 200.00ms, remaining time: 190.80ms
[12.406s][debug][gc,ergo       ] GC(408) Running G1 Merge Heap Roots using 10 workers for 51 regions
[12.415s][debug][gc,ergo       ] GC(408) Running G1 Rebuild Free List Task using 10 workers for rebuilding free list of regions
[12.415s][debug][gc,ergo,heap  ] GC(408) Heap expansion: short term pause time ratio 58.16% long term pause time ratio 53.37% threshold 7.69% pause time ratio 7.69% fully expanded true resize by 0B
[12.415s][debug][gc,ergo,ihop  ] GC(408) Request concurrent cycle initiation (occupancy higher than threshold) occupancy: 879755264B allocation request: 0B threshold: 859202445B (80.02) source: end of GC
[12.415s][debug][gc,ergo,refine] GC(408) Concurrent refinement times: Logged Cards Scan time goal: 20.00ms Logged Cards Scan time: 0.02ms HCC time: 0.00ms
[12.415s][trace][gc,ergo,refine] GC(408) Updating Refinement Zones: logged cards scan time: 0.018ms, processed cards: 13, goal time: 20.000ms
[12.415s][debug][gc,ergo,refine] GC(408) Updated Refinement Zones: green: 2560, yellow: 7680, red: 12800
[12.415s][info ][gc,phases     ] GC(408)   Pre Evacuate Collection Set: 0.3ms
[12.415s][info ][gc,phases     ] GC(408)   Merge Heap Roots: 0.2ms
[12.415s][info ][gc,phases     ] GC(408)   Evacuate Collection Set: 8.2ms
[12.415s][info ][gc,phases     ] GC(408)   Post Evacuate Collection Set: 0.6ms
[12.415s][info ][gc,phases     ] GC(408)   Other: 0.2ms
[12.415s][info ][gc,heap       ] GC(408) Eden regions: 43->0(44)
[12.415s][info ][gc,heap       ] GC(408) Survivor regions: 8->7(7)
[12.415s][info ][gc,heap       ] GC(408) Old regions: 802->839
[12.415s][info ][gc,heap       ] GC(408) Archive regions: 0->0
[12.415s][info ][gc,heap       ] GC(408) Humongous regions: 0->0
[12.415s][info ][gc,metaspace  ] GC(408) Metaspace: 6341K(6464K)->6341K(6464K) NonClass: 5794K(5824K)->5794K(5824K) Class: 546K(640K)->546K(640K)
[12.415s][debug][gc,heap       ] GC(408) Heap after GC invocations=409 (full 0):
[12.415s][debug][gc,heap       ] GC(408)  garbage-first heap   total 1048576K, used 865680K [0x00000000c0000000, 0x0000000100000000)
[12.415s][debug][gc,heap       ] GC(408)   region size 1024K, 7 young (7168K), 7 survivors (7168K)
[12.415s][debug][gc,heap       ] GC(408)  Metaspace       used 6341K, committed 6464K, reserved 1114112K
[12.415s][debug][gc,heap       ] GC(408)   class space    used 546K, committed 640K, reserved 1048576K
[12.415s][info ][gc            ] GC(408) Pause Young (Normal) (G1 Evacuation Pause) 852M->845M(1024M) 9.443ms
[12.415s][info ][gc,cpu        ] GC(408) User=0.08s Sys=0.00s Real=0.01s
[12.415s][info ][safepoint     ] Safepoint "G1CollectForAllocation", Time since last: 4250800 ns, Reaching safepoint: 10500 ns, Cleanup: 6500 ns, At safepoint: 9561200 ns, Total: 9578200 ns
[12.421s][debug][gc,heap       ] GC(409) Heap before GC invocations=409 (full 0):
[12.421s][debug][gc,heap       ] GC(409)  garbage-first heap   total 1048576K, used 909712K [0x00000000c0000000, 0x0000000100000000)
[12.421s][debug][gc,heap       ] GC(409)   region size 1024K, 51 young (52224K), 7 survivors (7168K)
[12.421s][debug][gc,heap       ] GC(409)  Metaspace       used 6341K, committed 6464K, reserved 1114112K
[12.421s][debug][gc,heap       ] GC(409)   class space    used 546K, committed 640K, reserved 1048576K
[12.421s][debug][gc,ergo       ] GC(409) Initiate concurrent cycle (concurrent cycle initiation requested)
[12.421s][info ][gc,start      ] GC(409) Pause Young (Concurrent Start) (G1 Evacuation Pause)
[12.421s][info ][gc,task       ] GC(409) Using 10 workers of 10 for evacuation
[12.421s][trace][gc,ergo,cset  ] GC(409) Start choosing CSet. Pending cards: 32 target pause time: 200.00ms
[12.421s][trace][gc,ergo,cset  ] GC(409) Added young regions to CSet. Eden: 44 regions, Survivors: 7 regions, predicted eden time: 7.81ms, predicted base time: 1.27ms, target pause time: 200.00ms, remaining time: 190.92ms
[12.421s][debug][gc,ergo       ] GC(409) Running G1 Merge Heap Roots using 10 workers for 51 regions
[12.430s][debug][gc,ergo       ] GC(409) Running G1 Rebuild Free List Task using 10 workers for rebuilding free list of regions
[12.430s][debug][gc,ergo,heap  ] GC(409) Heap expansion: short term pause time ratio 67.30% long term pause time ratio 54.21% threshold 7.69% pause time ratio 7.69% fully expanded true resize by 0B
[12.430s][debug][gc,ergo,refine] GC(409) Concurrent refinement times: Logged Cards Scan time goal: 20.00ms Logged Cards Scan time: 0.02ms HCC time: 0.00ms
[12.430s][trace][gc,ergo,refine] GC(409) Updating Refinement Zones: logged cards scan time: 0.021ms, processed cards: 16, goal time: 20.000ms
[12.430s][debug][gc,ergo,refine] GC(409) Updated Refinement Zones: green: 2560, yellow: 7680, red: 12800
[12.430s][info ][gc,phases     ] GC(409)   Pre Evacuate Collection Set: 0.3ms
[12.430s][info ][gc,phases     ] GC(409)   Merge Heap Roots: 0.2ms
[12.430s][info ][gc,phases     ] GC(409)   Evacuate Collection Set: 7.8ms
[12.430s][info ][gc,phases     ] GC(409)   Post Evacuate Collection Set: 0.6ms
[12.430s][info ][gc,phases     ] GC(409)   Other: 0.4ms
[12.430s][info ][gc,heap       ] GC(409) Eden regions: 44->0(44)
[12.430s][info ][gc,heap       ] GC(409) Survivor regions: 7->7(7)
[12.430s][info ][gc,heap       ] GC(409) Old regions: 839->877
[12.430s][info ][gc,heap       ] GC(409) Archive regions: 0->0
[12.430s][info ][gc,heap       ] GC(409) Humongous regions: 0->0
[12.430s][info ][gc,metaspace  ] GC(409) Metaspace: 6341K(6464K)->6341K(6464K) NonClass: 5794K(5824K)->5794K(5824K) Class: 546K(640K)->546K(640K)
[12.430s][debug][gc,heap       ] GC(409) Heap after GC invocations=410 (full 0):
[12.430s][debug][gc,heap       ] GC(409)  garbage-first heap   total 1048576K, used 904392K [0x00000000c0000000, 0x0000000100000000)
[12.430s][debug][gc,heap       ] GC(409)   region size 1024K, 7 young (7168K), 7 survivors (7168K)
[12.430s][debug][gc,heap       ] GC(409)  Metaspace       used 6341K, committed 6464K, reserved 1114112K
[12.430s][debug][gc,heap       ] GC(409)   class space    used 546K, committed 640K, reserved 1048576K
[12.430s][info ][gc            ] GC(409) Pause Young (Concurrent Start) (G1 Evacuation Pause) 889M->883M(1024M) 9.135ms
[12.430s][info ][gc,cpu        ] GC(409) User=0.08s Sys=0.00s Real=0.01s
[12.430s][info ][safepoint     ] Safepoint "G1CollectForAllocation", Time since last: 5676901 ns, Reaching safepoint: 10600 ns, Cleanup: 11000 ns, At safepoint: 9355700 ns, Total: 9377300 ns
[12.430s][info ][gc            ] GC(410) Concurrent Mark Cycle
[12.430s][info ][gc,marking    ] GC(410) Concurrent Clear Claimed Marks
[12.430s][info ][gc,marking    ] GC(410) Concurrent Clear Claimed Marks 0.011ms
[12.430s][info ][gc,marking    ] GC(410) Concurrent Scan Root Regions
[12.430s][debug][gc,ergo       ] GC(410) Running G1 Root Region Scan using 3 workers for 46 work units.
[12.430s][info ][gc,marking    ] GC(410) Concurrent Scan Root Regions 0.139ms
[12.430s][info ][gc,marking    ] GC(410) Concurrent Mark
[12.430s][info ][gc,marking    ] GC(410) Concurrent Mark From Roots
[12.430s][info ][gc,task       ] GC(410) Using 3 workers of 3 for marking
[12.435s][info ][gc,marking    ] GC(410) Concurrent Mark From Roots 4.128ms
[12.435s][info ][gc,marking    ] GC(410) Concurrent Preclean
[12.435s][info ][gc,marking    ] GC(410) Concurrent Preclean 0.051ms
[12.435s][info ][gc,start      ] GC(410) Pause Remark
[12.436s][debug][gc,ergo       ] GC(410) Running G1 Update RemSet Tracking Before Rebuild using 3 workers for 1024 regions in heap
[12.436s][info ][gc            ] GC(410) Pause Remark 912M->523M(1024M) 1.611ms
[12.436s][info ][gc,cpu        ] GC(410) User=0.01s Sys=0.00s Real=0.00s
[12.436s][info ][safepoint     ] Safepoint "G1PauseRemark", Time since last: 4519500 ns, Reaching safepoint: 4900 ns, Cleanup: 5500 ns, At safepoint: 1645900 ns, Total: 1656300 ns
[12.436s][info ][gc,marking    ] GC(410) Concurrent Mark 6.026ms
[12.436s][info ][gc,marking    ] GC(410) Concurrent Rebuild Remembered Sets
[12.439s][debug][gc,heap       ] GC(411) Heap before GC invocations=410 (full 0):
[12.439s][debug][gc,heap       ] GC(411)  garbage-first heap   total 1048576K, used 550088K [0x00000000c0000000, 0x0000000100000000)
[12.439s][debug][gc,heap       ] GC(411)   region size 1024K, 51 young (52224K), 7 survivors (7168K)
[12.439s][debug][gc,heap       ] GC(411)  Metaspace       used 6341K, committed 6464K, reserved 1114112K
[12.439s][debug][gc,heap       ] GC(411)   class space    used 546K, committed 640K, reserved 1048576K
[12.439s][info ][gc,start      ] GC(411) Pause Young (Normal) (G1 Evacuation Pause)
[12.439s][info ][gc,task       ] GC(411) Using 10 workers of 10 for evacuation
[12.439s][trace][gc,ergo,cset  ] GC(411) Start choosing CSet. Pending cards: 64 target pause time: 200.00ms
[12.439s][trace][gc,ergo,cset  ] GC(411) Added young regions to CSet. Eden: 44 regions, Survivors: 7 regions, predicted eden time: 7.67ms, predicted base time: 1.22ms, target pause time: 200.00ms, remaining time: 191.11ms
[12.439s][debug][gc,ergo       ] GC(411) Running G1 Merge Heap Roots using 10 workers for 51 regions
[12.448s][debug][gc,ergo       ] GC(411) Running G1 Rebuild Free List Task using 10 workers for rebuilding free list of regions
[12.448s][debug][gc,ergo,heap  ] GC(411) Heap expansion: short term pause time ratio 25.12% long term pause time ratio 52.59% threshold 7.69% pause time ratio 7.69% fully expanded true resize by 0B
[12.448s][debug][gc,ergo,refine] GC(411) Concurrent refinement times: Logged Cards Scan time goal: 20.00ms Logged Cards Scan time: 0.02ms HCC time: 0.00ms
[12.448s][trace][gc,ergo,refine] GC(411) Updating Refinement Zones: logged cards scan time: 0.025ms, processed cards: 52, goal time: 20.000ms
[12.448s][debug][gc,ergo,refine] GC(411) Updated Refinement Zones: green: 2560, yellow: 7680, red: 12800
[12.448s][info ][gc,phases     ] GC(411)   Pre Evacuate Collection Set: 0.2ms
[12.448s][info ][gc,phases     ] GC(411)   Merge Heap Roots: 0.1ms
[12.448s][info ][gc,phases     ] GC(411)   Evacuate Collection Set: 8.5ms
[12.448s][info ][gc,phases     ] GC(411)   Post Evacuate Collection Set: 0.6ms
[12.448s][info ][gc,phases     ] GC(411)   Other: 0.2ms
[12.448s][info ][gc,heap       ] GC(411) Eden regions: 44->0(137)
[12.448s][info ][gc,heap       ] GC(411) Survivor regions: 7->7(7)
[12.448s][info ][gc,heap       ] GC(411) Old regions: 488->526
[12.448s][info ][gc,heap       ] GC(411) Archive regions: 0->0
[12.448s][info ][gc,heap       ] GC(411) Humongous regions: 0->0
[12.448s][info ][gc,metaspace  ] GC(411) Metaspace: 6341K(6464K)->6341K(6464K) NonClass: 5794K(5824K)->5794K(5824K) Class: 546K(640K)->546K(640K)
[12.448s][debug][gc,heap       ] GC(411) Heap after GC invocations=411 (full 0):
[12.448s][debug][gc,heap       ] GC(411)  garbage-first heap   total 1048576K, used 545668K [0x00000000c0000000, 0x0000000100000000)
[12.448s][debug][gc,heap       ] GC(411)   region size 1024K, 7 young (7168K), 7 survivors (7168K)
[12.448s][debug][gc,heap       ] GC(411)  Metaspace       used 6341K, committed 6464K, reserved 1114112K
[12.448s][debug][gc,heap       ] GC(411)   class space    used 546K, committed 640K, reserved 1048576K
[12.448s][info ][gc            ] GC(411) Pause Young (Normal) (G1 Evacuation Pause) 538M->532M(1024M) 9.599ms
[12.448s][info ][gc,cpu        ] GC(411) User=0.08s Sys=0.00s Real=0.01s
[12.449s][info ][safepoint     ] Safepoint "G1CollectForAllocation", Time since last: 2404100 ns, Reaching safepoint: 21000 ns, Cleanup: 7300 ns, At safepoint: 9774301 ns, Total: 9802601 ns
[12.449s][info ][gc,marking    ] GC(410) Concurrent Rebuild Remembered Sets 12.411ms
[12.449s][info ][gc,start      ] GC(410) Pause Cleanup
[12.450s][debug][gc,ergo,cset  ] GC(410) Pruned 126 regions out of 430, leaving 53297912 bytes waste (allowed 53687091)
[12.450s][info ][gc            ] GC(410) Pause Cleanup 534M->534M(1024M) 0.511ms
[12.450s][info ][gc,cpu        ] GC(410) User=0.00s Sys=0.00s Real=0.00s
[12.450s][info ][safepoint     ] Safepoint "G1PauseCleanup", Time since last: 383800 ns, Reaching safepoint: 90200 ns, Cleanup: 6000 ns, At safepoint: 551900 ns, Total: 648100 ns
[12.450s][info ][gc,marking    ] GC(410) Concurrent Cleanup for Next Mark
[12.450s][debug][gc,ergo       ] GC(410) Running G1 Clear Bitmap with 3 workers for 16 work units.
[12.452s][info ][gc,marking    ] GC(410) Concurrent Cleanup for Next Mark 2.164ms
[12.452s][info ][gc            ] GC(410) Concurrent Mark Cycle 21.735ms
[12.466s][debug][gc,heap       ] GC(412) Heap before GC invocations=412 (full 0):
[12.466s][debug][gc,heap       ] GC(412)  garbage-first heap   total 1048576K, used 684932K [0x00000000c0000000, 0x0000000100000000)
[12.466s][debug][gc,heap       ] GC(412)   region size 1024K, 144 young (147456K), 7 survivors (7168K)
[12.466s][debug][gc,heap       ] GC(412)  Metaspace       used 6341K, committed 6464K, reserved 1114112K
[12.466s][debug][gc,heap       ] GC(412)   class space    used 546K, committed 640K, reserved 1048576K
[12.467s][info ][gc,start      ] GC(412) Pause Young (Prepare Mixed) (G1 Evacuation Pause)
[12.467s][info ][gc,task       ] GC(412) Using 10 workers of 10 for evacuation
[12.467s][trace][gc,ergo,cset  ] GC(412) Start choosing CSet. Pending cards: 44 target pause time: 200.00ms
[12.467s][trace][gc,ergo,cset  ] GC(412) Added young regions to CSet. Eden: 137 regions, Survivors: 7 regions, predicted eden time: 21.08ms, predicted base time: 1.21ms, target pause time: 200.00ms, remaining time: 177.71ms
[12.467s][debug][gc,ergo       ] GC(412) Running G1 Merge Heap Roots using 10 workers for 144 regions
[12.487s][debug][gc,ergo       ] GC(412) Running G1 Rebuild Free List Task using 10 workers for rebuilding free list of regions
[12.487s][debug][gc,ergo,heap  ] GC(412) Heap expansion: short term pause time ratio 40.76% long term pause time ratio 53.31% threshold 7.69% pause time ratio 7.69% fully expanded true resize by 0B
[12.487s][debug][gc,ergo,refine] GC(412) Concurrent refinement times: Logged Cards Scan time goal: 20.00ms Logged Cards Scan time: 0.03ms HCC time: 0.00ms
[12.487s][trace][gc,ergo,refine] GC(412) Updating Refinement Zones: logged cards scan time: 0.032ms, processed cards: 34, goal time: 19.999ms
[12.487s][debug][gc,ergo,refine] GC(412) Updated Refinement Zones: green: 2560, yellow: 7680, red: 12800
[12.487s][info ][gc,phases     ] GC(412)   Pre Evacuate Collection Set: 0.3ms
[12.487s][info ][gc,phases     ] GC(412)   Merge Heap Roots: 0.2ms
[12.487s][info ][gc,phases     ] GC(412)   Evacuate Collection Set: 19.6ms
[12.487s][info ][gc,phases     ] GC(412)   Post Evacuate Collection Set: 0.6ms
[12.487s][info ][gc,phases     ] GC(412)   Other: 0.3ms
[12.487s][info ][gc,heap       ] GC(412) Eden regions: 137->0(33)
[12.487s][info ][gc,heap       ] GC(412) Survivor regions: 7->18(18)
[12.487s][info ][gc,heap       ] GC(412) Old regions: 526->611
[12.487s][info ][gc,heap       ] GC(412) Archive regions: 0->0
[12.487s][info ][gc,heap       ] GC(412) Humongous regions: 0->0
[12.487s][info ][gc,metaspace  ] GC(412) Metaspace: 6341K(6464K)->6341K(6464K) NonClass: 5794K(5824K)->5794K(5824K) Class: 546K(640K)->546K(640K)
[12.487s][debug][gc,heap       ] GC(412) Heap after GC invocations=413 (full 0):
[12.487s][debug][gc,heap       ] GC(412)  garbage-first heap   total 1048576K, used 643772K [0x00000000c0000000, 0x0000000100000000)
[12.487s][debug][gc,heap       ] GC(412)   region size 1024K, 18 young (18432K), 18 survivors (18432K)
[12.487s][debug][gc,heap       ] GC(412)  Metaspace       used 6341K, committed 6464K, reserved 1114112K
[12.487s][debug][gc,heap       ] GC(412)   class space    used 546K, committed 640K, reserved 1048576K
[12.487s][info ][gc            ] GC(412) Pause Young (Prepare Mixed) (G1 Evacuation Pause) 669M->628M(1024M) 20.890ms
[12.487s][info ][gc,cpu        ] GC(412) User=0.18s Sys=0.00s Real=0.02s
[12.487s][info ][safepoint     ] Safepoint "G1CollectForAllocation", Time since last: 16736300 ns, Reaching safepoint: 13700 ns, Cleanup: 13600 ns, At safepoint: 21077801 ns, Total: 21105101 ns
[12.491s][debug][gc,heap       ] GC(413) Heap before GC invocations=413 (full 0):
[12.491s][debug][gc,heap       ] GC(413)  garbage-first heap   total 1048576K, used 676540K [0x00000000c0000000, 0x0000000100000000)
[12.491s][debug][gc,heap       ] GC(413)   region size 1024K, 51 young (52224K), 18 survivors (18432K)
[12.491s][debug][gc,heap       ] GC(413)  Metaspace       used 6341K, committed 6464K, reserved 1114112K
[12.491s][debug][gc,heap       ] GC(413)   class space    used 546K, committed 640K, reserved 1048576K
[12.491s][info ][gc,start      ] GC(413) Pause Young (Mixed) (G1 Evacuation Pause)
[12.491s][info ][gc,task       ] GC(413) Using 10 workers of 10 for evacuation
[12.491s][trace][gc,ergo,cset  ] GC(413) Start choosing CSet. Pending cards: 37 target pause time: 200.00ms
[12.491s][trace][gc,ergo,cset  ] GC(413) Added young regions to CSet. Eden: 33 regions, Survivors: 18 regions, predicted eden time: 5.91ms, predicted base time: 1.20ms, target pause time: 200.00ms, remaining time: 192.89ms
[12.491s][debug][gc,ergo,cset  ] GC(413) Start adding old regions to collection set. Min 38 regions, max 103 regions, time remaining 192.89ms, optional threshold 38.58ms
[12.491s][debug][gc,ergo,cset  ] GC(413) Finish adding old regions to collection set (Maximum number of regions). Initial 103 regions, optional 0 regions
[12.491s][debug][gc,ergo,cset  ] GC(413) Finish choosing collection set old regions. Initial: 103, optional: 0, predicted old time: 0.00ms, predicted optional time: 0.00ms, time remaining: 190.87
[12.491s][debug][gc,ergo       ] GC(413) Running G1 Merge Heap Roots using 10 workers for 154 regions
[12.501s][debug][gc,ergo       ] GC(413) Running G1 Rebuild Free List Task using 10 workers for rebuilding free list of regions
[12.501s][debug][gc,ergo,heap  ] GC(413) Heap expansion: short term pause time ratio 54.95% long term pause time ratio 55.35% threshold 7.69% pause time ratio 7.69% fully expanded true resize by 0B
[12.501s][debug][gc,ergo,refine] GC(413) Concurrent refinement times: Logged Cards Scan time goal: 20.00ms Logged Cards Scan time: 0.01ms HCC time: 0.00ms
[12.501s][trace][gc,ergo,refine] GC(413) Updating Refinement Zones: logged cards scan time: 0.011ms, processed cards: 17, goal time: 19.999ms
[12.501s][debug][gc,ergo,refine] GC(413) Updated Refinement Zones: green: 2560, yellow: 7680, red: 12800
[12.501s][info ][gc,phases     ] GC(413)   Pre Evacuate Collection Set: 0.3ms
[12.501s][info ][gc,phases     ] GC(413)   Merge Heap Roots: 0.2ms
[12.501s][info ][gc,phases     ] GC(413)   Evacuate Collection Set: 9.4ms
[12.501s][info ][gc,phases     ] GC(413)   Post Evacuate Collection Set: 0.7ms
[12.501s][info ][gc,phases     ] GC(413)   Other: 0.2ms
[12.501s][info ][gc,heap       ] GC(413) Eden regions: 33->0(44)
[12.501s][info ][gc,heap       ] GC(413) Survivor regions: 18->7(7)
[12.501s][info ][gc,heap       ] GC(413) Old regions: 611->551
[12.501s][info ][gc,heap       ] GC(413) Archive regions: 0->0
[12.501s][info ][gc,heap       ] GC(413) Humongous regions: 0->0
[12.501s][info ][gc,metaspace  ] GC(413) Metaspace: 6341K(6464K)->6341K(6464K) NonClass: 5794K(5824K)->5794K(5824K) Class: 546K(640K)->546K(640K)
[12.502s][debug][gc,heap       ] GC(413) Heap after GC invocations=414 (full 0):
[12.502s][debug][gc,heap       ] GC(413)  garbage-first heap   total 1048576K, used 570568K [0x00000000c0000000, 0x0000000100000000)
[12.502s][debug][gc,heap       ] GC(413)   region size 1024K, 7 young (7168K), 7 survivors (7168K)
[12.502s][debug][gc,heap       ] GC(413)  Metaspace       used 6341K, committed 6464K, reserved 1114112K
[12.502s][debug][gc,heap       ] GC(413)   class space    used 546K, committed 640K, reserved 1048576K
[12.502s][info ][gc            ] GC(413) Pause Young (Mixed) (G1 Evacuation Pause) 661M->557M(1024M) 10.660ms
[12.502s][info ][gc,cpu        ] GC(413) User=0.09s Sys=0.00s Real=0.01s
[12.502s][info ][safepoint     ] Safepoint "G1CollectForAllocation", Time since last: 3347600 ns, Reaching safepoint: 5900 ns, Cleanup: 5700 ns, At safepoint: 10762600 ns, Total: 10774200 ns
[12.506s][debug][gc,heap       ] GC(414) Heap before GC invocations=414 (full 0):
[12.506s][debug][gc,heap       ] GC(414)  garbage-first heap   total 1048576K, used 614600K [0x00000000c0000000, 0x0000000100000000)
[12.506s][debug][gc,heap       ] GC(414)   region size 1024K, 51 young (52224K), 7 survivors (7168K)
[12.506s][debug][gc,heap       ] GC(414)  Metaspace       used 6341K, committed 6464K, reserved 1114112K
[12.506s][debug][gc,heap       ] GC(414)   class space    used 546K, committed 640K, reserved 1048576K
[12.506s][info ][gc,start      ] GC(414) Pause Young (Mixed) (G1 Evacuation Pause)
[12.506s][info ][gc,task       ] GC(414) Using 10 workers of 10 for evacuation
[12.506s][trace][gc,ergo,cset  ] GC(414) Start choosing CSet. Pending cards: 83 target pause time: 200.00ms
[12.506s][trace][gc,ergo,cset  ] GC(414) Added young regions to CSet. Eden: 44 regions, Survivors: 7 regions, predicted eden time: 7.66ms, predicted base time: 1.18ms, target pause time: 200.00ms, remaining time: 191.16ms
[12.506s][debug][gc,ergo,cset  ] GC(414) Start adding old regions to collection set. Min 38 regions, max 103 regions, time remaining 191.16ms, optional threshold 38.23ms
[12.506s][debug][gc,ergo,cset  ] GC(414) Finish adding old regions to collection set (Maximum number of regions). Initial 103 regions, optional 0 regions
[12.506s][debug][gc,ergo,cset  ] GC(414) Finish choosing collection set old regions. Initial: 103, optional: 0, predicted old time: 0.00ms, predicted optional time: 0.00ms, time remaining: 187.64
[12.506s][debug][gc,ergo       ] GC(414) Running G1 Merge Heap Roots using 10 workers for 154 regions
[12.516s][debug][gc,ergo       ] GC(414) Running G1 Rebuild Free List Task using 10 workers for rebuilding free list of regions
[12.517s][debug][gc,ergo,heap  ] GC(414) Heap expansion: short term pause time ratio 74.53% long term pause time ratio 60.46% threshold 7.69% pause time ratio 7.69% fully expanded true resize by 0B
[12.517s][debug][gc,ergo,refine] GC(414) Concurrent refinement times: Logged Cards Scan time goal: 20.00ms Logged Cards Scan time: 0.03ms HCC time: 0.00ms
[12.517s][trace][gc,ergo,refine] GC(414) Updating Refinement Zones: logged cards scan time: 0.032ms, processed cards: 58, goal time: 19.998ms
[12.517s][debug][gc,ergo,refine] GC(414) Updated Refinement Zones: green: 2560, yellow: 7680, red: 12800
[12.517s][info ][gc,phases     ] GC(414)   Pre Evacuate Collection Set: 0.3ms
[12.517s][info ][gc,phases     ] GC(414)   Merge Heap Roots: 0.2ms
[12.517s][info ][gc,phases     ] GC(414)   Evacuate Collection Set: 9.1ms
[12.517s][info ][gc,phases     ] GC(414)   Post Evacuate Collection Set: 0.8ms
[12.517s][info ][gc,phases     ] GC(414)   Other: 0.3ms
[12.517s][info ][gc,heap       ] GC(414) Eden regions: 44->0(44)
[12.517s][info ][gc,heap       ] GC(414) Survivor regions: 7->7(7)
[12.517s][info ][gc,heap       ] GC(414) Old regions: 551->490
[12.517s][info ][gc,heap       ] GC(414) Archive regions: 0->0
[12.517s][info ][gc,heap       ] GC(414) Humongous regions: 0->0
[12.517s][info ][gc,metaspace  ] GC(414) Metaspace: 6341K(6464K)->6341K(6464K) NonClass: 5794K(5824K)->5794K(5824K) Class: 546K(640K)->546K(640K)
[12.517s][debug][gc,heap       ] GC(414) Heap after GC invocations=415 (full 0):
[12.517s][debug][gc,heap       ] GC(414)  garbage-first heap   total 1048576K, used 508004K [0x00000000c0000000, 0x0000000100000000)
[12.517s][debug][gc,heap       ] GC(414)   region size 1024K, 7 young (7168K), 7 survivors (7168K)
[12.517s][debug][gc,heap       ] GC(414)  Metaspace       used 6341K, committed 6464K, reserved 1114112K
[12.517s][debug][gc,heap       ] GC(414)   class space    used 546K, committed 640K, reserved 1048576K
[12.517s][info ][gc            ] GC(414) Pause Young (Mixed) (G1 Evacuation Pause) 601M->496M(1024M) 10.656ms
[12.517s][info ][gc,cpu        ] GC(414) User=0.09s Sys=0.00s Real=0.01s
[12.517s][info ][safepoint     ] Safepoint "G1CollectForAllocation", Time since last: 4443701 ns, Reaching safepoint: 4800 ns, Cleanup: 6900 ns, At safepoint: 10771600 ns, Total: 10783300 ns
[12.523s][debug][gc,heap       ] GC(415) Heap before GC invocations=415 (full 0):
[12.524s][debug][gc,heap       ] GC(415)  garbage-first heap   total 1048576K, used 552036K [0x00000000c0000000, 0x0000000100000000)
[12.524s][debug][gc,heap       ] GC(415)   region size 1024K, 51 young (52224K), 7 survivors (7168K)
[12.524s][debug][gc,heap       ] GC(415)  Metaspace       used 6341K, committed 6464K, reserved 1114112K
[12.524s][debug][gc,heap       ] GC(415)   class space    used 546K, committed 640K, reserved 1048576K
[12.524s][info ][gc,start      ] GC(415) Pause Young (Mixed) (G1 Evacuation Pause)
[12.524s][info ][gc,task       ] GC(415) Using 10 workers of 10 for evacuation
[12.524s][trace][gc,ergo,cset  ] GC(415) Start choosing CSet. Pending cards: 68 target pause time: 200.00ms
[12.524s][trace][gc,ergo,cset  ] GC(415) Added young regions to CSet. Eden: 44 regions, Survivors: 7 regions, predicted eden time: 7.56ms, predicted base time: 1.18ms, target pause time: 200.00ms, remaining time: 191.26ms
[12.524s][debug][gc,ergo,cset  ] GC(415) Start adding old regions to collection set. Min 38 regions, max 103 regions, time remaining 191.26ms, optional threshold 38.25ms
[12.524s][debug][gc,ergo,cset  ] GC(415) Old candidate collection set empty.
[12.524s][debug][gc,ergo,cset  ] GC(415) Finish choosing collection set old regions. Initial: 98, optional: 0, predicted old time: 0.00ms, predicted optional time: 0.00ms, time remaining: 184.94
[12.524s][debug][gc,ergo       ] GC(415) Running G1 Merge Heap Roots using 10 workers for 149 regions
[12.534s][debug][gc,ergo       ] GC(415) Running G1 Rebuild Free List Task using 10 workers for rebuilding free list of regions
[12.534s][debug][gc,ergo,heap  ] GC(415) Heap expansion: short term pause time ratio 69.02% long term pause time ratio 61.47% threshold 7.69% pause time ratio 7.69% fully expanded true resize by 0B
[12.534s][debug][gc,ergo       ] GC(415) do not continue mixed GCs (candidate old regions not available)
[12.534s][debug][gc,ergo,refine] GC(415) Concurrent refinement times: Logged Cards Scan time goal: 20.00ms Logged Cards Scan time: 0.02ms HCC time: 0.00ms
[12.534s][trace][gc,ergo,refine] GC(415) Updating Refinement Zones: logged cards scan time: 0.024ms, processed cards: 45, goal time: 19.999ms
[12.534s][debug][gc,ergo,refine] GC(415) Updated Refinement Zones: green: 2560, yellow: 7680, red: 12800
[12.534s][info ][gc,phases     ] GC(415)   Pre Evacuate Collection Set: 0.4ms
[12.534s][info ][gc,phases     ] GC(415)   Merge Heap Roots: 0.2ms
[12.534s][info ][gc,phases     ] GC(415)   Evacuate Collection Set: 9.0ms
[12.534s][info ][gc,phases     ] GC(415)   Post Evacuate Collection Set: 0.7ms
[12.534s][info ][gc,phases     ] GC(415)   Other: 0.6ms
[12.534s][info ][gc,heap       ] GC(415) Eden regions: 44->0(173)
[12.534s][info ][gc,heap       ] GC(415) Survivor regions: 7->7(7)
[12.534s][info ][gc,heap       ] GC(415) Old regions: 490->437
[12.534s][info ][gc,heap       ] GC(415) Archive regions: 0->0
[12.534s][info ][gc,heap       ] GC(415) Humongous regions: 0->0
[12.534s][info ][gc,metaspace  ] GC(415) Metaspace: 6341K(6464K)->6341K(6464K) NonClass: 5794K(5824K)->5794K(5824K) Class: 546K(640K)->546K(640K)
[12.534s][debug][gc,heap       ] GC(415) Heap after GC invocations=416 (full 0):
[12.534s][debug][gc,heap       ] GC(415)  garbage-first heap   total 1048576K, used 454432K [0x00000000c0000000, 0x0000000100000000)
[12.534s][debug][gc,heap       ] GC(415)   region size 1024K, 7 young (7168K), 7 survivors (7168K)
[12.534s][debug][gc,heap       ] GC(415)  Metaspace       used 6341K, committed 6464K, reserved 1114112K
[12.534s][debug][gc,heap       ] GC(415)   class space    used 546K, committed 640K, reserved 1048576K
[12.534s][info ][gc            ] GC(415) Pause Young (Mixed) (G1 Evacuation Pause) 540M->443M(1024M) 10.567ms
[12.534s][info ][gc,cpu        ] GC(415) User=0.09s Sys=0.00s Real=0.01s
[12.534s][info ][safepoint     ] Safepoint "G1CollectForAllocation", Time since last: 6309400 ns, Reaching safepoint: 40400 ns, Cleanup: 31000 ns, At safepoint: 11083401 ns, Total: 11154801 ns
[12.552s][debug][gc,heap       ] GC(416) Heap before GC invocations=416 (full 0):
[12.552s][debug][gc,heap       ] GC(416)  garbage-first heap   total 1048576K, used 630560K [0x00000000c0000000, 0x0000000100000000)
[12.552s][debug][gc,heap       ] GC(416)   region size 1024K, 180 young (184320K), 7 survivors (7168K)
[12.552s][debug][gc,heap       ] GC(416)  Metaspace       used 6341K, committed 6464K, reserved 1114112K
[12.552s][debug][gc,heap       ] GC(416)   class space    used 546K, committed 640K, reserved 1048576K
[12.552s][info ][gc,start      ] GC(416) Pause Young (Normal) (G1 Evacuation Pause)
[12.552s][info ][gc,task       ] GC(416) Using 10 workers of 10 for evacuation
[12.552s][trace][gc,ergo,cset  ] GC(416) Start choosing CSet. Pending cards: 36 target pause time: 200.00ms
[12.552s][trace][gc,ergo,cset  ] GC(416) Added young regions to CSet. Eden: 173 regions, Survivors: 7 regions, predicted eden time: 24.83ms, predicted base time: 1.15ms, target pause time: 200.00ms, remaining time: 174.02ms
[12.552s][debug][gc,ergo       ] GC(416) Running G1 Merge Heap Roots using 10 workers for 180 regions
[12.576s][debug][gc,ergo       ] GC(416) Running G1 Rebuild Free List Task using 10 workers for rebuilding free list of regions
[12.576s][debug][gc,ergo,heap  ] GC(416) Heap expansion: short term pause time ratio 58.96% long term pause time ratio 61.15% threshold 7.69% pause time ratio 7.69% fully expanded true resize by 0B
[12.576s][debug][gc,ergo,refine] GC(416) Concurrent refinement times: Logged Cards Scan time goal: 20.00ms Logged Cards Scan time: 0.07ms HCC time: 0.00ms
[12.576s][trace][gc,ergo,refine] GC(416) Updating Refinement Zones: logged cards scan time: 0.067ms, processed cards: 19, goal time: 19.999ms
[12.576s][debug][gc,ergo,refine] GC(416) Updated Refinement Zones: green: 2560, yellow: 7680, red: 12800
[12.576s][info ][gc,phases     ] GC(416)   Pre Evacuate Collection Set: 0.3ms
[12.576s][info ][gc,phases     ] GC(416)   Merge Heap Roots: 0.2ms
[12.576s][info ][gc,phases     ] GC(416)   Evacuate Collection Set: 22.7ms
[12.576s][info ][gc,phases     ] GC(416)   Post Evacuate Collection Set: 0.8ms
[12.576s][info ][gc,phases     ] GC(416)   Other: 0.2ms
[12.576s][info ][gc,heap       ] GC(416) Eden regions: 173->0(132)
[12.576s][info ][gc,heap       ] GC(416) Survivor regions: 7->23(23)
[12.576s][info ][gc,heap       ] GC(416) Old regions: 437->532
[12.576s][info ][gc,heap       ] GC(416) Archive regions: 0->0
[12.576s][info ][gc,heap       ] GC(416) Humongous regions: 0->0
[12.576s][info ][gc,metaspace  ] GC(416) Metaspace: 6341K(6464K)->6341K(6464K) NonClass: 5794K(5824K)->5794K(5824K) Class: 546K(640K)->546K(640K)
[12.576s][debug][gc,heap       ] GC(416) Heap after GC invocations=417 (full 0):
[12.576s][debug][gc,heap       ] GC(416)  garbage-first heap   total 1048576K, used 568196K [0x00000000c0000000, 0x0000000100000000)
[12.576s][debug][gc,heap       ] GC(416)   region size 1024K, 23 young (23552K), 23 survivors (23552K)
[12.576s][debug][gc,heap       ] GC(416)  Metaspace       used 6341K, committed 6464K, reserved 1114112K
[12.576s][debug][gc,heap       ] GC(416)   class space    used 546K, committed 640K, reserved 1048576K
[12.576s][info ][gc            ] GC(416) Pause Young (Normal) (G1 Evacuation Pause) 616M->554M(1024M) 24.155ms
[12.576s][info ][gc,cpu        ] GC(416) User=0.23s Sys=0.00s Real=0.03s
[12.576s][info ][safepoint     ] Safepoint "G1CollectForAllocation", Time since last: 17816200 ns, Reaching safepoint: 6300 ns, Cleanup: 5900 ns, At safepoint: 24273201 ns, Total: 24285401 ns
[12.588s][debug][gc,heap       ] GC(417) Heap before GC invocations=417 (full 0):
[12.588s][debug][gc,heap       ] GC(417)  garbage-first heap   total 1048576K, used 702340K [0x00000000c0000000, 0x0000000100000000)
[12.588s][debug][gc,heap       ] GC(417)   region size 1024K, 155 young (158720K), 23 survivors (23552K)
[12.588s][debug][gc,heap       ] GC(417)  Metaspace       used 6341K, committed 6464K, reserved 1114112K
[12.588s][debug][gc,heap       ] GC(417)   class space    used 546K, committed 640K, reserved 1048576K
[12.588s][info ][gc,start      ] GC(417) Pause Young (Normal) (G1 Evacuation Pause)
[12.588s][info ][gc,task       ] GC(417) Using 10 workers of 10 for evacuation
[12.588s][trace][gc,ergo,cset  ] GC(417) Start choosing CSet. Pending cards: 35 target pause time: 200.00ms
[12.588s][trace][gc,ergo,cset  ] GC(417) Added young regions to CSet. Eden: 132 regions, Survivors: 23 regions, predicted eden time: 19.80ms, predicted base time: 1.14ms, target pause time: 200.00ms, remaining time: 179.06ms
[12.588s][debug][gc,ergo       ] GC(417) Running G1 Merge Heap Roots using 10 workers for 155 regions
[12.609s][debug][gc,ergo       ] GC(417) Running G1 Rebuild Free List Task using 10 workers for rebuilding free list of regions
[12.610s][debug][gc,ergo,heap  ] GC(417) Heap expansion: short term pause time ratio 56.99% long term pause time ratio 60.45% threshold 7.69% pause time ratio 7.69% fully expanded true resize by 0B
[12.610s][debug][gc,ergo,refine] GC(417) Concurrent refinement times: Logged Cards Scan time goal: 20.00ms Logged Cards Scan time: 0.05ms HCC time: 0.00ms
[12.610s][trace][gc,ergo,refine] GC(417) Updating Refinement Zones: logged cards scan time: 0.048ms, processed cards: 26, goal time: 20.000ms
[12.610s][debug][gc,ergo,refine] GC(417) Updated Refinement Zones: green: 2560, yellow: 7680, red: 12800
[12.610s][info ][gc,phases     ] GC(417)   Pre Evacuate Collection Set: 0.2ms
[12.610s][info ][gc,phases     ] GC(417)   Merge Heap Roots: 0.2ms
[12.610s][info ][gc,phases     ] GC(417)   Evacuate Collection Set: 20.8ms
[12.610s][info ][gc,phases     ] GC(417)   Post Evacuate Collection Set: 0.7ms
[12.610s][info ][gc,phases     ] GC(417)   Other: 0.2ms
[12.610s][info ][gc,heap       ] GC(417) Eden regions: 132->0(98)
[12.610s][info ][gc,heap       ] GC(417) Survivor regions: 23->20(20)
[12.610s][info ][gc,heap       ] GC(417) Old regions: 532->622
[12.610s][info ][gc,heap       ] GC(417) Archive regions: 0->0
[12.610s][info ][gc,heap       ] GC(417) Humongous regions: 0->0
[12.610s][info ][gc,metaspace  ] GC(417) Metaspace: 6341K(6464K)->6341K(6464K) NonClass: 5794K(5824K)->5794K(5824K) Class: 546K(640K)->546K(640K)
[12.610s][debug][gc,heap       ] GC(417) Heap after GC invocations=418 (full 0):
[12.610s][debug][gc,heap       ] GC(417)  garbage-first heap   total 1048576K, used 656984K [0x00000000c0000000, 0x0000000100000000)
[12.610s][debug][gc,heap       ] GC(417)   region size 1024K, 20 young (20480K), 20 survivors (20480K)
[12.610s][debug][gc,heap       ] GC(417)  Metaspace       used 6341K, committed 6464K, reserved 1114112K
[12.610s][debug][gc,heap       ] GC(417)   class space    used 546K, committed 640K, reserved 1048576K
[12.610s][info ][gc            ] GC(417) Pause Young (Normal) (G1 Evacuation Pause) 686M->641M(1024M) 22.134ms
[12.610s][info ][gc,cpu        ] GC(417) User=0.20s Sys=0.00s Real=0.02s
[12.610s][info ][safepoint     ] Safepoint "G1CollectForAllocation", Time since last: 11208001 ns, Reaching safepoint: 5600 ns, Cleanup: 5600 ns, At safepoint: 22249600 ns, Total: 22260800 ns
[12.620s][debug][gc,heap       ] GC(418) Heap before GC invocations=418 (full 0):
[12.620s][debug][gc,heap       ] GC(418)  garbage-first heap   total 1048576K, used 756312K [0x00000000c0000000, 0x0000000100000000)
[12.620s][debug][gc,heap       ] GC(418)   region size 1024K, 118 young (120832K), 20 survivors (20480K)
[12.620s][debug][gc,heap       ] GC(418)  Metaspace       used 6341K, committed 6464K, reserved 1114112K
[12.620s][debug][gc,heap       ] GC(418)   class space    used 546K, committed 640K, reserved 1048576K
[12.620s][info ][gc,start      ] GC(418) Pause Young (Normal) (G1 Evacuation Pause)
[12.620s][info ][gc,task       ] GC(418) Using 10 workers of 10 for evacuation
[12.620s][trace][gc,ergo,cset  ] GC(418) Start choosing CSet. Pending cards: 39 target pause time: 200.00ms
[12.620s][trace][gc,ergo,cset  ] GC(418) Added young regions to CSet. Eden: 98 regions, Survivors: 20 regions, predicted eden time: 15.47ms, predicted base time: 1.09ms, target pause time: 200.00ms, remaining time: 183.44ms
[12.621s][debug][gc,ergo       ] GC(418) Running G1 Merge Heap Roots using 10 workers for 118 regions
[12.638s][debug][gc,ergo       ] GC(418) Running G1 Rebuild Free List Task using 10 workers for rebuilding free list of regions
[12.638s][debug][gc,ergo,heap  ] GC(418) Heap expansion: short term pause time ratio 65.64% long term pause time ratio 60.86% threshold 7.69% pause time ratio 7.69% fully expanded true resize by 0B
[12.638s][debug][gc,ergo,refine] GC(418) Concurrent refinement times: Logged Cards Scan time goal: 20.00ms Logged Cards Scan time: 0.09ms HCC time: 0.00ms
[12.638s][trace][gc,ergo,refine] GC(418) Updating Refinement Zones: logged cards scan time: 0.089ms, processed cards: 14, goal time: 19.999ms
[12.638s][debug][gc,ergo,refine] GC(418) Updated Refinement Zones: green: 2560, yellow: 7680, red: 12800
[12.638s][info ][gc,phases     ] GC(418)   Pre Evacuate Collection Set: 0.3ms
[12.638s][info ][gc,phases     ] GC(418)   Merge Heap Roots: 0.2ms
[12.638s][info ][gc,phases     ] GC(418)   Evacuate Collection Set: 16.8ms
[12.639s][info ][gc,phases     ] GC(418)   Post Evacuate Collection Set: 0.7ms
[12.639s][info ][gc,phases     ] GC(418)   Other: 0.3ms
[12.639s][info ][gc,heap       ] GC(418) Eden regions: 98->0(71)
[12.639s][info ][gc,heap       ] GC(418) Survivor regions: 20->15(15)
[12.639s][info ][gc,heap       ] GC(418) Old regions: 622->697
[12.639s][info ][gc,heap       ] GC(418) Archive regions: 0->0
[12.639s][info ][gc,heap       ] GC(418) Humongous regions: 0->0
[12.639s][info ][gc,metaspace  ] GC(418) Metaspace: 6341K(6464K)->6341K(6464K) NonClass: 5794K(5824K)->5794K(5824K) Class: 546K(640K)->546K(640K)
[12.639s][debug][gc,heap       ] GC(418) Heap after GC invocations=419 (full 0):
[12.639s][debug][gc,heap       ] GC(418)  garbage-first heap   total 1048576K, used 729064K [0x00000000c0000000, 0x0000000100000000)
[12.639s][debug][gc,heap       ] GC(418)   region size 1024K, 15 young (15360K), 15 survivors (15360K)
[12.639s][debug][gc,heap       ] GC(418)  Metaspace       used 6341K, committed 6464K, reserved 1114112K
[12.639s][debug][gc,heap       ] GC(418)   class space    used 546K, committed 640K, reserved 1048576K
[12.639s][info ][gc            ] GC(418) Pause Young (Normal) (G1 Evacuation Pause) 739M->711M(1024M) 18.148ms
[12.639s][info ][gc,cpu        ] GC(418) User=0.16s Sys=0.00s Real=0.02s
[12.639s][info ][safepoint     ] Safepoint "G1CollectForAllocation", Time since last: 10409001 ns, Reaching safepoint: 10400 ns, Cleanup: 9100 ns, At safepoint: 18407000 ns, Total: 18426500 ns
[12.646s][debug][gc,heap       ] GC(419) Heap before GC invocations=419 (full 0):
[12.646s][debug][gc,heap       ] GC(419)  garbage-first heap   total 1048576K, used 800744K [0x00000000c0000000, 0x0000000100000000)
[12.646s][debug][gc,heap       ] GC(419)   region size 1024K, 86 young (88064K), 15 survivors (15360K)
[12.646s][debug][gc,heap       ] GC(419)  Metaspace       used 6341K, committed 6464K, reserved 1114112K
[12.646s][debug][gc,heap       ] GC(419)   class space    used 546K, committed 640K, reserved 1048576K
[12.646s][info ][gc,start      ] GC(419) Pause Young (Normal) (G1 Evacuation Pause)
[12.646s][info ][gc,task       ] GC(419) Using 10 workers of 10 for evacuation
[12.646s][trace][gc,ergo,cset  ] GC(419) Start choosing CSet. Pending cards: 39 target pause time: 200.00ms
[12.646s][trace][gc,ergo,cset  ] GC(419) Added young regions to CSet. Eden: 71 regions, Survivors: 15 regions, predicted eden time: 11.74ms, predicted base time: 1.09ms, target pause time: 200.00ms, remaining time: 187.17ms
[12.647s][debug][gc,ergo       ] GC(419) Running G1 Merge Heap Roots using 10 workers for 86 regions
[12.660s][debug][gc,ergo       ] GC(419) Running G1 Rebuild Free List Task using 10 workers for rebuilding free list of regions
[12.660s][debug][gc,ergo,heap  ] GC(419) Heap expansion: short term pause time ratio 62.34% long term pause time ratio 61.16% threshold 7.69% pause time ratio 7.69% fully expanded true resize by 0B
[12.660s][debug][gc,ergo,refine] GC(419) Concurrent refinement times: Logged Cards Scan time goal: 20.00ms Logged Cards Scan time: 0.03ms HCC time: 0.00ms
[12.660s][trace][gc,ergo,refine] GC(419) Updating Refinement Zones: logged cards scan time: 0.033ms, processed cards: 22, goal time: 19.999ms
[12.660s][debug][gc,ergo,refine] GC(419) Updated Refinement Zones: green: 2560, yellow: 7680, red: 12800
[12.660s][info ][gc,phases     ] GC(419)   Pre Evacuate Collection Set: 0.2ms
[12.660s][info ][gc,phases     ] GC(419)   Merge Heap Roots: 0.2ms
[12.660s][info ][gc,phases     ] GC(419)   Evacuate Collection Set: 13.1ms
[12.660s][info ][gc,phases     ] GC(419)   Post Evacuate Collection Set: 0.6ms
[12.660s][info ][gc,phases     ] GC(419)   Other: 0.2ms
[12.660s][info ][gc,heap       ] GC(419) Eden regions: 71->0(51)
[12.660s][info ][gc,heap       ] GC(419) Survivor regions: 15->11(11)
[12.660s][info ][gc,heap       ] GC(419) Old regions: 697->756
[12.660s][info ][gc,heap       ] GC(419) Archive regions: 0->0
[12.660s][info ][gc,heap       ] GC(419) Humongous regions: 0->0
[12.660s][info ][gc,metaspace  ] GC(419) Metaspace: 6341K(6464K)->6341K(6464K) NonClass: 5794K(5824K)->5794K(5824K) Class: 546K(640K)->546K(640K)
[12.660s][debug][gc,heap       ] GC(419) Heap after GC invocations=420 (full 0):
[12.660s][debug][gc,heap       ] GC(419)  garbage-first heap   total 1048576K, used 784884K [0x00000000c0000000, 0x0000000100000000)
[12.660s][debug][gc,heap       ] GC(419)   region size 1024K, 11 young (11264K), 11 survivors (11264K)
[12.660s][debug][gc,heap       ] GC(419)  Metaspace       used 6341K, committed 6464K, reserved 1114112K
[12.661s][debug][gc,heap       ] GC(419)   class space    used 546K, committed 640K, reserved 1048576K
[12.661s][info ][gc            ] GC(419) Pause Young (Normal) (G1 Evacuation Pause) 782M->766M(1024M) 14.241ms
[12.661s][info ][gc,cpu        ] GC(419) User=0.11s Sys=0.02s Real=0.01s
[12.661s][info ][safepoint     ] Safepoint "G1CollectForAllocation", Time since last: 7526901 ns, Reaching safepoint: 5000 ns, Cleanup: 5100 ns, At safepoint: 14348900 ns, Total: 14359000 ns
[12.667s][debug][gc,heap       ] GC(420) Heap before GC invocations=420 (full 0):
[12.667s][debug][gc,heap       ] GC(420)  garbage-first heap   total 1048576K, used 836084K [0x00000000c0000000, 0x0000000100000000)
[12.667s][debug][gc,heap       ] GC(420)   region size 1024K, 62 young (63488K), 11 survivors (11264K)
[12.667s][debug][gc,heap       ] GC(420)  Metaspace       used 6341K, committed 6464K, reserved 1114112K
[12.667s][debug][gc,heap       ] GC(420)   class space    used 546K, committed 640K, reserved 1048576K
[12.667s][info ][gc,start      ] GC(420) Pause Young (Normal) (G1 Evacuation Pause)
[12.667s][info ][gc,task       ] GC(420) Using 10 workers of 10 for evacuation
[12.667s][trace][gc,ergo,cset  ] GC(420) Start choosing CSet. Pending cards: 34 target pause time: 200.00ms
[12.667s][trace][gc,ergo,cset  ] GC(420) Added young regions to CSet. Eden: 51 regions, Survivors: 11 regions, predicted eden time: 8.81ms, predicted base time: 1.02ms, target pause time: 200.00ms, remaining time: 190.16ms
[12.668s][debug][gc,ergo       ] GC(420) Running G1 Merge Heap Roots using 10 workers for 62 regions
[12.678s][debug][gc,ergo       ] GC(420) Running G1 Rebuild Free List Task using 10 workers for rebuilding free list of regions
[12.678s][debug][gc,ergo,heap  ] GC(420) Heap expansion: short term pause time ratio 64.29% long term pause time ratio 62.48% threshold 7.69% pause time ratio 7.69% fully expanded true resize by 0B
[12.678s][debug][gc,ergo,refine] GC(420) Concurrent refinement times: Logged Cards Scan time goal: 20.00ms Logged Cards Scan time: 0.02ms HCC time: 0.00ms
[12.678s][trace][gc,ergo,refine] GC(420) Updating Refinement Zones: logged cards scan time: 0.018ms, processed cards: 18, goal time: 19.999ms
[12.678s][debug][gc,ergo,refine] GC(420) Updated Refinement Zones: green: 2560, yellow: 7680, red: 12800
[12.678s][info ][gc,phases     ] GC(420)   Pre Evacuate Collection Set: 0.3ms
[12.678s][info ][gc,phases     ] GC(420)   Merge Heap Roots: 0.2ms
[12.678s][info ][gc,phases     ] GC(420)   Evacuate Collection Set: 9.4ms
[12.678s][info ][gc,phases     ] GC(420)   Post Evacuate Collection Set: 0.6ms
[12.678s][info ][gc,phases     ] GC(420)   Other: 0.4ms
[12.678s][info ][gc,heap       ] GC(420) Eden regions: 51->0(43)
[12.678s][info ][gc,heap       ] GC(420) Survivor regions: 11->8(8)
[12.678s][info ][gc,heap       ] GC(420) Old regions: 756->801
[12.678s][info ][gc,heap       ] GC(420) Archive regions: 0->0
[12.678s][info ][gc,heap       ] GC(420) Humongous regions: 0->0
[12.678s][info ][gc,metaspace  ] GC(420) Metaspace: 6341K(6464K)->6341K(6464K) NonClass: 5794K(5824K)->5794K(5824K) Class: 546K(640K)->546K(640K)
[12.678s][debug][gc,heap       ] GC(420) Heap after GC invocations=421 (full 0):
[12.678s][debug][gc,heap       ] GC(420)  garbage-first heap   total 1048576K, used 828292K [0x00000000c0000000, 0x0000000100000000)
[12.678s][debug][gc,heap       ] GC(420)   region size 1024K, 8 young (8192K), 8 survivors (8192K)
[12.678s][debug][gc,heap       ] GC(420)  Metaspace       used 6341K, committed 6464K, reserved 1114112K
[12.678s][debug][gc,heap       ] GC(420)   class space    used 546K, committed 640K, reserved 1048576K
[12.678s][info ][gc            ] GC(420) Pause Young (Normal) (G1 Evacuation Pause) 817M->808M(1024M) 10.604ms
[12.678s][info ][gc,cpu        ] GC(420) User=0.09s Sys=0.00s Real=0.01s
[12.678s][info ][safepoint     ] Safepoint "G1CollectForAllocation", Time since last: 6413900 ns, Reaching safepoint: 11100 ns, Cleanup: 11700 ns, At safepoint: 10969401 ns, Total: 10992201 ns
[12.682s][debug][gc,heap       ] GC(421) Heap before GC invocations=421 (full 0):
[12.682s][debug][gc,heap       ] GC(421)  garbage-first heap   total 1048576K, used 871300K [0x00000000c0000000, 0x0000000100000000)
[12.682s][debug][gc,heap       ] GC(421)   region size 1024K, 51 young (52224K), 8 survivors (8192K)
[12.682s][debug][gc,heap       ] GC(421)  Metaspace       used 6341K, committed 6464K, reserved 1114112K
[12.682s][debug][gc,heap       ] GC(421)   class space    used 546K, committed 640K, reserved 1048576K
[12.682s][info ][gc,start      ] GC(421) Pause Young (Normal) (G1 Evacuation Pause)
[12.682s][info ][gc,task       ] GC(421) Using 10 workers of 10 for evacuation
[12.682s][trace][gc,ergo,cset  ] GC(421) Start choosing CSet. Pending cards: 32 target pause time: 200.00ms
[12.682s][trace][gc,ergo,cset  ] GC(421) Added young regions to CSet. Eden: 43 regions, Survivors: 8 regions, predicted eden time: 7.46ms, predicted base time: 0.98ms, target pause time: 200.00ms, remaining time: 191.56ms
[12.683s][debug][gc,ergo       ] GC(421) Running G1 Merge Heap Roots using 10 workers for 51 regions
[12.692s][debug][gc,ergo       ] GC(421) Running G1 Rebuild Free List Task using 10 workers for rebuilding free list of regions
[12.692s][debug][gc,ergo,heap  ] GC(421) Heap expansion: short term pause time ratio 60.11% long term pause time ratio 61.46% threshold 7.69% pause time ratio 7.69% fully expanded true resize by 0B
[12.692s][debug][gc,ergo,ihop  ] GC(421) Request concurrent cycle initiation (occupancy higher than threshold) occupancy: 880803840B allocation request: 0B threshold: 859202604B (80.02) source: end of GC
[12.692s][debug][gc,ergo,refine] GC(421) Concurrent refinement times: Logged Cards Scan time goal: 20.00ms Logged Cards Scan time: 0.04ms HCC time: 0.00ms
[12.692s][trace][gc,ergo,refine] GC(421) Updating Refinement Zones: logged cards scan time: 0.044ms, processed cards: 16, goal time: 19.999ms
[12.692s][debug][gc,ergo,refine] GC(421) Updated Refinement Zones: green: 2560, yellow: 7680, red: 12800
[12.692s][info ][gc,phases     ] GC(421)   Pre Evacuate Collection Set: 0.3ms
[12.692s][info ][gc,phases     ] GC(421)   Merge Heap Roots: 0.2ms
[12.692s][info ][gc,phases     ] GC(421)   Evacuate Collection Set: 8.5ms
[12.692s][info ][gc,phases     ] GC(421)   Post Evacuate Collection Set: 0.7ms
[12.692s][info ][gc,phases     ] GC(421)   Other: 0.2ms
[12.692s][info ][gc,heap       ] GC(421) Eden regions: 43->0(44)
[12.692s][info ][gc,heap       ] GC(421) Survivor regions: 8->7(7)
[12.692s][info ][gc,heap       ] GC(421) Old regions: 801->840
[12.692s][info ][gc,heap       ] GC(421) Archive regions: 0->0
[12.692s][info ][gc,heap       ] GC(421) Humongous regions: 0->0
[12.692s][info ][gc,metaspace  ] GC(421) Metaspace: 6341K(6464K)->6341K(6464K) NonClass: 5794K(5824K)->5794K(5824K) Class: 546K(640K)->546K(640K)
[12.692s][debug][gc,heap       ] GC(421) Heap after GC invocations=422 (full 0):
[12.692s][debug][gc,heap       ] GC(421)  garbage-first heap   total 1048576K, used 866804K [0x00000000c0000000, 0x0000000100000000)
[12.692s][debug][gc,heap       ] GC(421)   region size 1024K, 7 young (7168K), 7 survivors (7168K)
[12.692s][debug][gc,heap       ] GC(421)  Metaspace       used 6341K, committed 6464K, reserved 1114112K
[12.692s][debug][gc,heap       ] GC(421)   class space    used 546K, committed 640K, reserved 1048576K
[12.692s][info ][gc            ] GC(421) Pause Young (Normal) (G1 Evacuation Pause) 851M->846M(1024M) 9.905ms
[12.692s][info ][gc,cpu        ] GC(421) User=0.07s Sys=0.01s Real=0.01s
[12.692s][info ][safepoint     ] Safepoint "G1CollectForAllocation", Time since last: 4215600 ns, Reaching safepoint: 8600 ns, Cleanup: 13000 ns, At safepoint: 10049900 ns, Total: 10071500 ns
[12.700s][debug][gc,heap       ] GC(422) Heap before GC invocations=422 (full 0):
[12.700s][debug][gc,heap       ] GC(422)  garbage-first heap   total 1048576K, used 910836K [0x00000000c0000000, 0x0000000100000000)
[12.700s][debug][gc,heap       ] GC(422)   region size 1024K, 51 young (52224K), 7 survivors (7168K)
[12.700s][debug][gc,heap       ] GC(422)  Metaspace       used 6341K, committed 6464K, reserved 1114112K
[12.700s][debug][gc,heap       ] GC(422)   class space    used 546K, committed 640K, reserved 1048576K
[12.700s][debug][gc,ergo       ] GC(422) Initiate concurrent cycle (concurrent cycle initiation requested)
[12.700s][info ][gc,start      ] GC(422) Pause Young (Concurrent Start) (G1 Evacuation Pause)
[12.700s][info ][gc,task       ] GC(422) Using 10 workers of 10 for evacuation
[12.700s][trace][gc,ergo,cset  ] GC(422) Start choosing CSet. Pending cards: 31 target pause time: 200.00ms
[12.700s][trace][gc,ergo,cset  ] GC(422) Added young regions to CSet. Eden: 44 regions, Survivors: 7 regions, predicted eden time: 7.60ms, predicted base time: 0.99ms, target pause time: 200.00ms, remaining time: 191.42ms
[12.701s][debug][gc,ergo       ] GC(422) Running G1 Merge Heap Roots using 10 workers for 51 regions
[12.710s][debug][gc,ergo       ] GC(422) Running G1 Rebuild Free List Task using 10 workers for rebuilding free list of regions
[12.711s][debug][gc,ergo,heap  ] GC(422) Heap expansion: short term pause time ratio 68.56% long term pause time ratio 61.98% threshold 7.69% pause time ratio 7.69% fully expanded true resize by 0B
[12.711s][debug][gc,ergo,refine] GC(422) Concurrent refinement times: Logged Cards Scan time goal: 20.00ms Logged Cards Scan time: 0.02ms HCC time: 0.00ms
[12.711s][trace][gc,ergo,refine] GC(422) Updating Refinement Zones: logged cards scan time: 0.018ms, processed cards: 20, goal time: 20.000ms
[12.711s][debug][gc,ergo,refine] GC(422) Updated Refinement Zones: green: 2560, yellow: 7680, red: 12800
[12.711s][info ][gc,phases     ] GC(422)   Pre Evacuate Collection Set: 0.4ms
[12.711s][info ][gc,phases     ] GC(422)   Merge Heap Roots: 0.2ms
[12.711s][info ][gc,phases     ] GC(422)   Evacuate Collection Set: 9.2ms
[12.711s][info ][gc,phases     ] GC(422)   Post Evacuate Collection Set: 0.6ms
[12.711s][info ][gc,phases     ] GC(422)   Other: 0.5ms
[12.711s][info ][gc,heap       ] GC(422) Eden regions: 44->0(44)
[12.711s][info ][gc,heap       ] GC(422) Survivor regions: 7->7(7)
[12.711s][info ][gc,heap       ] GC(422) Old regions: 840->878
[12.711s][info ][gc,heap       ] GC(422) Archive regions: 0->0
[12.711s][info ][gc,heap       ] GC(422) Humongous regions: 0->0
[12.711s][info ][gc,metaspace  ] GC(422) Metaspace: 6341K(6464K)->6341K(6464K) NonClass: 5794K(5824K)->5794K(5824K) Class: 546K(640K)->546K(640K)
[12.711s][debug][gc,heap       ] GC(422) Heap after GC invocations=423 (full 0):
[12.711s][debug][gc,heap       ] GC(422)  garbage-first heap   total 1048576K, used 906016K [0x00000000c0000000, 0x0000000100000000)
[12.711s][debug][gc,heap       ] GC(422)   region size 1024K, 7 young (7168K), 7 survivors (7168K)
[12.711s][debug][gc,heap       ] GC(422)  Metaspace       used 6341K, committed 6464K, reserved 1114112K
[12.711s][debug][gc,heap       ] GC(422)   class space    used 546K, committed 640K, reserved 1048576K
[12.711s][info ][gc            ] GC(422) Pause Young (Concurrent Start) (G1 Evacuation Pause) 890M->884M(1024M) 10.905ms
[12.711s][info ][gc,cpu        ] GC(422) User=0.09s Sys=0.00s Real=0.01s
[12.711s][info ][safepoint     ] Safepoint "G1CollectForAllocation", Time since last: 7478101 ns, Reaching safepoint: 7900 ns, Cleanup: 6900 ns, At safepoint: 11109900 ns, Total: 11124700 ns
[12.711s][info ][gc            ] GC(423) Concurrent Mark Cycle
[12.711s][info ][gc,marking    ] GC(423) Concurrent Clear Claimed Marks
[12.711s][info ][gc,marking    ] GC(423) Concurrent Clear Claimed Marks 0.013ms
[12.711s][info ][gc,marking    ] GC(423) Concurrent Scan Root Regions
[12.711s][debug][gc,ergo       ] GC(423) Running G1 Root Region Scan using 3 workers for 46 work units.
[12.711s][info ][gc,marking    ] GC(423) Concurrent Scan Root Regions 0.163ms
[12.711s][info ][gc,marking    ] GC(423) Concurrent Mark
[12.711s][info ][gc,marking    ] GC(423) Concurrent Mark From Roots
[12.711s][info ][gc,task       ] GC(423) Using 3 workers of 3 for marking
[12.716s][info ][gc,marking    ] GC(423) Concurrent Mark From Roots 5.344ms
[12.716s][info ][gc,marking    ] GC(423) Concurrent Preclean
[12.717s][info ][gc,marking    ] GC(423) Concurrent Preclean 0.062ms
[12.717s][info ][gc,start      ] GC(423) Pause Remark
[12.718s][debug][gc,ergo       ] GC(423) Running G1 Update RemSet Tracking Before Rebuild using 3 workers for 1024 regions in heap
[12.718s][info ][gc            ] GC(423) Pause Remark 916M->516M(1024M) 1.694ms
[12.718s][info ][gc,cpu        ] GC(423) User=0.01s Sys=0.00s Real=0.00s
[12.718s][info ][safepoint     ] Safepoint "G1PauseRemark", Time since last: 5789200 ns, Reaching safepoint: 5800 ns, Cleanup: 5400 ns, At safepoint: 1732800 ns, Total: 1744000 ns
[12.718s][info ][gc,marking    ] GC(423) Concurrent Mark 7.361ms
[12.718s][info ][gc,marking    ] GC(423) Concurrent Rebuild Remembered Sets
[12.720s][debug][gc,heap       ] GC(424) Heap before GC invocations=423 (full 0):
[12.720s][debug][gc,heap       ] GC(424)  garbage-first heap   total 1048576K, used 540448K [0x00000000c0000000, 0x0000000100000000)
[12.720s][debug][gc,heap       ] GC(424)   region size 1024K, 51 young (52224K), 7 survivors (7168K)
[12.720s][debug][gc,heap       ] GC(424)  Metaspace       used 6341K, committed 6464K, reserved 1114112K
[12.720s][debug][gc,heap       ] GC(424)   class space    used 546K, committed 640K, reserved 1048576K
[12.720s][info ][gc,start      ] GC(424) Pause Young (Normal) (G1 Evacuation Pause)
[12.720s][info ][gc,task       ] GC(424) Using 10 workers of 10 for evacuation
[12.720s][trace][gc,ergo,cset  ] GC(424) Start choosing CSet. Pending cards: 65 target pause time: 200.00ms
[12.720s][trace][gc,ergo,cset  ] GC(424) Added young regions to CSet. Eden: 44 regions, Survivors: 7 regions, predicted eden time: 7.71ms, predicted base time: 1.15ms, target pause time: 200.00ms, remaining time: 191.14ms
[12.720s][debug][gc,ergo       ] GC(424) Running G1 Merge Heap Roots using 10 workers for 51 regions
[12.729s][debug][gc,ergo       ] GC(424) Running G1 Rebuild Free List Task using 10 workers for rebuilding free list of regions
[12.729s][debug][gc,ergo,heap  ] GC(424) Heap expansion: short term pause time ratio 21.74% long term pause time ratio 60.60% threshold 7.69% pause time ratio 7.69% fully expanded true resize by 0B
[12.729s][debug][gc,ergo,refine] GC(424) Concurrent refinement times: Logged Cards Scan time goal: 20.00ms Logged Cards Scan time: 0.02ms HCC time: 0.00ms
[12.729s][trace][gc,ergo,refine] GC(424) Updating Refinement Zones: logged cards scan time: 0.017ms, processed cards: 48, goal time: 20.000ms
[12.729s][debug][gc,ergo,refine] GC(424) Updated Refinement Zones: green: 2560, yellow: 7680, red: 12800
[12.729s][info ][gc,phases     ] GC(424)   Pre Evacuate Collection Set: 0.2ms
[12.729s][info ][gc,phases     ] GC(424)   Merge Heap Roots: 0.2ms
[12.729s][info ][gc,phases     ] GC(424)   Evacuate Collection Set: 8.2ms
[12.729s][info ][gc,phases     ] GC(424)   Post Evacuate Collection Set: 0.6ms
[12.729s][info ][gc,phases     ] GC(424)   Other: 0.1ms
[12.729s][info ][gc,heap       ] GC(424) Eden regions: 44->0(138)
[12.729s][info ][gc,heap       ] GC(424) Survivor regions: 7->7(7)
[12.729s][info ][gc,heap       ] GC(424) Old regions: 478->516
[12.729s][info ][gc,heap       ] GC(424) Archive regions: 0->0
[12.729s][info ][gc,heap       ] GC(424) Humongous regions: 0->0
[12.729s][info ][gc,metaspace  ] GC(424) Metaspace: 6341K(6464K)->6341K(6464K) NonClass: 5794K(5824K)->5794K(5824K) Class: 546K(640K)->546K(640K)
[12.729s][debug][gc,heap       ] GC(424) Heap after GC invocations=424 (full 0):
[12.729s][debug][gc,heap       ] GC(424)  garbage-first heap   total 1048576K, used 534628K [0x00000000c0000000, 0x0000000100000000)
[12.729s][debug][gc,heap       ] GC(424)   region size 1024K, 7 young (7168K), 7 survivors (7168K)
[12.729s][debug][gc,heap       ] GC(424)  Metaspace       used 6341K, committed 6464K, reserved 1114112K
[12.729s][debug][gc,heap       ] GC(424)   class space    used 546K, committed 640K, reserved 1048576K
[12.729s][info ][gc            ] GC(424) Pause Young (Normal) (G1 Evacuation Pause) 528M->522M(1024M) 9.238ms
[12.729s][info ][gc,cpu        ] GC(424) User=0.08s Sys=0.00s Real=0.01s
[12.729s][info ][safepoint     ] Safepoint "G1CollectForAllocation", Time since last: 1588800 ns, Reaching safepoint: 96900 ns, Cleanup: 5500 ns, At safepoint: 9386801 ns, Total: 9489201 ns
[12.730s][info ][gc,marking    ] GC(423) Concurrent Rebuild Remembered Sets 11.762ms
[12.730s][info ][gc,start      ] GC(423) Pause Cleanup
[12.731s][debug][gc,ergo,cset  ] GC(423) Pruned 127 regions out of 419, leaving 53294744 bytes waste (allowed 53687091)
[12.731s][info ][gc            ] GC(423) Pause Cleanup 529M->529M(1024M) 0.334ms
[12.731s][info ][gc,cpu        ] GC(423) User=0.00s Sys=0.00s Real=0.00s
[12.731s][info ][safepoint     ] Safepoint "G1PauseCleanup", Time since last: 820900 ns, Reaching safepoint: 2300 ns, Cleanup: 2600 ns, At safepoint: 352200 ns, Total: 357100 ns
[12.731s][info ][gc,marking    ] GC(423) Concurrent Cleanup for Next Mark
[12.731s][debug][gc,ergo       ] GC(423) Running G1 Clear Bitmap with 3 workers for 16 work units.
[12.733s][info ][gc,marking    ] GC(423) Concurrent Cleanup for Next Mark 2.620ms
[12.734s][info ][gc            ] GC(423) Concurrent Mark Cycle 22.749ms
[12.746s][debug][gc,heap       ] GC(425) Heap before GC invocations=425 (full 0):
[12.746s][debug][gc,heap       ] GC(425)  garbage-first heap   total 1048576K, used 674916K [0x00000000c0000000, 0x0000000100000000)
[12.746s][debug][gc,heap       ] GC(425)   region size 1024K, 145 young (148480K), 7 survivors (7168K)
[12.746s][debug][gc,heap       ] GC(425)  Metaspace       used 6341K, committed 6464K, reserved 1114112K
[12.746s][debug][gc,heap       ] GC(425)   class space    used 546K, committed 640K, reserved 1048576K
[12.746s][info ][gc,start      ] GC(425) Pause Young (Prepare Mixed) (G1 Evacuation Pause)
[12.746s][info ][gc,task       ] GC(425) Using 10 workers of 10 for evacuation
[12.746s][trace][gc,ergo,cset  ] GC(425) Start choosing CSet. Pending cards: 59 target pause time: 200.00ms
[12.746s][trace][gc,ergo,cset  ] GC(425) Added young regions to CSet. Eden: 138 regions, Survivors: 7 regions, predicted eden time: 21.99ms, predicted base time: 1.18ms, target pause time: 200.00ms, remaining time: 176.83ms
[12.747s][debug][gc,ergo       ] GC(425) Running G1 Merge Heap Roots using 10 workers for 145 regions
[12.767s][debug][gc,ergo       ] GC(425) Running G1 Rebuild Free List Task using 10 workers for rebuilding free list of regions
[12.767s][debug][gc,ergo,heap  ] GC(425) Heap expansion: short term pause time ratio 23.72% long term pause time ratio 61.12% threshold 7.69% pause time ratio 7.69% fully expanded true resize by 0B
[12.767s][debug][gc,ergo,refine] GC(425) Concurrent refinement times: Logged Cards Scan time goal: 20.00ms Logged Cards Scan time: 0.05ms HCC time: 0.00ms
[12.767s][trace][gc,ergo,refine] GC(425) Updating Refinement Zones: logged cards scan time: 0.055ms, processed cards: 48, goal time: 19.999ms
[12.767s][debug][gc,ergo,refine] GC(425) Updated Refinement Zones: green: 2560, yellow: 7680, red: 12800
[12.767s][info ][gc,phases     ] GC(425)   Pre Evacuate Collection Set: 0.2ms
[12.767s][info ][gc,phases     ] GC(425)   Merge Heap Roots: 0.2ms
[12.767s][info ][gc,phases     ] GC(425)   Evacuate Collection Set: 20.0ms
[12.767s][info ][gc,phases     ] GC(425)   Post Evacuate Collection Set: 0.7ms
[12.767s][info ][gc,phases     ] GC(425)   Other: 0.2ms
[12.767s][info ][gc,heap       ] GC(425) Eden regions: 138->0(32)
[12.767s][info ][gc,heap       ] GC(425) Survivor regions: 7->19(19)
[12.767s][info ][gc,heap       ] GC(425) Old regions: 516->599
[12.767s][info ][gc,heap       ] GC(425) Archive regions: 0->0
[12.767s][info ][gc,heap       ] GC(425) Humongous regions: 0->0
[12.767s][info ][gc,metaspace  ] GC(425) Metaspace: 6341K(6464K)->6341K(6464K) NonClass: 5794K(5824K)->5794K(5824K) Class: 546K(640K)->546K(640K)
[12.767s][debug][gc,heap       ] GC(425) Heap after GC invocations=426 (full 0):
[12.767s][debug][gc,heap       ] GC(425)  garbage-first heap   total 1048576K, used 632008K [0x00000000c0000000, 0x0000000100000000)
[12.767s][debug][gc,heap       ] GC(425)   region size 1024K, 19 young (19456K), 19 survivors (19456K)
[12.767s][debug][gc,heap       ] GC(425)  Metaspace       used 6341K, committed 6464K, reserved 1114112K
[12.767s][debug][gc,heap       ] GC(425)   class space    used 546K, committed 640K, reserved 1048576K
[12.767s][info ][gc            ] GC(425) Pause Young (Prepare Mixed) (G1 Evacuation Pause) 660M->617M(1024M) 21.233ms
[12.767s][info ][gc,cpu        ] GC(425) User=0.20s Sys=0.00s Real=0.02s
[12.767s][info ][safepoint     ] Safepoint "G1CollectForAllocation", Time since last: 15469600 ns, Reaching safepoint: 10000 ns, Cleanup: 12200 ns, At safepoint: 21366401 ns, Total: 21388601 ns
[12.771s][debug][gc,heap       ] GC(426) Heap before GC invocations=426 (full 0):
[12.771s][debug][gc,heap       ] GC(426)  garbage-first heap   total 1048576K, used 663752K [0x00000000c0000000, 0x0000000100000000)
[12.771s][debug][gc,heap       ] GC(426)   region size 1024K, 51 young (52224K), 19 survivors (19456K)
[12.771s][debug][gc,heap       ] GC(426)  Metaspace       used 6341K, committed 6464K, reserved 1114112K
[12.771s][debug][gc,heap       ] GC(426)   class space    used 546K, committed 640K, reserved 1048576K
[12.771s][info ][gc,start      ] GC(426) Pause Young (Mixed) (G1 Evacuation Pause)
[12.771s][info ][gc,task       ] GC(426) Using 10 workers of 10 for evacuation
[12.771s][trace][gc,ergo,cset  ] GC(426) Start choosing CSet. Pending cards: 36 target pause time: 200.00ms
[12.771s][trace][gc,ergo,cset  ] GC(426) Added young regions to CSet. Eden: 32 regions, Survivors: 19 regions, predicted eden time: 5.89ms, predicted base time: 1.13ms, target pause time: 200.00ms, remaining time: 192.99ms
[12.771s][debug][gc,ergo,cset  ] GC(426) Start adding old regions to collection set. Min 37 regions, max 103 regions, time remaining 192.99ms, optional threshold 38.60ms
[12.771s][debug][gc,ergo,cset  ] GC(426) Finish adding old regions to collection set (Maximum number of regions). Initial 103 regions, optional 0 regions
[12.771s][debug][gc,ergo,cset  ] GC(426) Finish choosing collection set old regions. Initial: 103, optional: 0, predicted old time: 0.00ms, predicted optional time: 0.00ms, time remaining: 190.90
[12.772s][debug][gc,ergo       ] GC(426) Running G1 Merge Heap Roots using 10 workers for 154 regions
[12.781s][debug][gc,ergo       ] GC(426) Running G1 Rebuild Free List Task using 10 workers for rebuilding free list of regions
[12.781s][debug][gc,ergo,heap  ] GC(426) Heap expansion: short term pause time ratio 57.43% long term pause time ratio 61.32% threshold 7.69% pause time ratio 7.69% fully expanded true resize by 0B
[12.781s][debug][gc,ergo,refine] GC(426) Concurrent refinement times: Logged Cards Scan time goal: 20.00ms Logged Cards Scan time: 0.02ms HCC time: 0.00ms
[12.781s][trace][gc,ergo,refine] GC(426) Updating Refinement Zones: logged cards scan time: 0.018ms, processed cards: 21, goal time: 19.999ms
[12.781s][debug][gc,ergo,refine] GC(426) Updated Refinement Zones: green: 2560, yellow: 7680, red: 12800
[12.781s][info ][gc,phases     ] GC(426)   Pre Evacuate Collection Set: 0.3ms
[12.781s][info ][gc,phases     ] GC(426)   Merge Heap Roots: 0.1ms
[12.781s][info ][gc,phases     ] GC(426)   Evacuate Collection Set: 8.7ms
[12.781s][info ][gc,phases     ] GC(426)   Post Evacuate Collection Set: 0.7ms
[12.781s][info ][gc,phases     ] GC(426)   Other: 0.2ms
[12.781s][info ][gc,heap       ] GC(426) Eden regions: 32->0(44)
[12.781s][info ][gc,heap       ] GC(426) Survivor regions: 19->7(7)
[12.781s][info ][gc,heap       ] GC(426) Old regions: 599->537
[12.781s][info ][gc,heap       ] GC(426) Archive regions: 0->0
[12.781s][info ][gc,heap       ] GC(426) Humongous regions: 0->0
[12.781s][info ][gc,metaspace  ] GC(426) Metaspace: 6341K(6464K)->6341K(6464K) NonClass: 5794K(5824K)->5794K(5824K) Class: 546K(640K)->546K(640K)
[12.781s][debug][gc,heap       ] GC(426) Heap after GC invocations=427 (full 0):
[12.781s][debug][gc,heap       ] GC(426)  garbage-first heap   total 1048576K, used 556132K [0x00000000c0000000, 0x0000000100000000)
[12.781s][debug][gc,heap       ] GC(426)   region size 1024K, 7 young (7168K), 7 survivors (7168K)
[12.781s][debug][gc,heap       ] GC(426)  Metaspace       used 6341K, committed 6464K, reserved 1114112K
[12.781s][debug][gc,heap       ] GC(426)   class space    used 546K, committed 640K, reserved 1048576K
[12.781s][info ][gc            ] GC(426) Pause Young (Mixed) (G1 Evacuation Pause) 649M->543M(1024M) 9.953ms
[12.781s][info ][gc,cpu        ] GC(426) User=0.09s Sys=0.00s Real=0.01s
[12.781s][info ][safepoint     ] Safepoint "G1CollectForAllocation", Time since last: 3799600 ns, Reaching safepoint: 5000 ns, Cleanup: 5700 ns, At safepoint: 10114001 ns, Total: 10124701 ns
[12.785s][debug][gc,heap       ] GC(427) Heap before GC invocations=427 (full 0):
[12.785s][debug][gc,heap       ] GC(427)  garbage-first heap   total 1048576K, used 600164K [0x00000000c0000000, 0x0000000100000000)
[12.785s][debug][gc,heap       ] GC(427)   region size 1024K, 51 young (52224K), 7 survivors (7168K)
[12.785s][debug][gc,heap       ] GC(427)  Metaspace       used 6341K, committed 6464K, reserved 1114112K
[12.785s][debug][gc,heap       ] GC(427)   class space    used 546K, committed 640K, reserved 1048576K
[12.785s][info ][gc,start      ] GC(427) Pause Young (Mixed) (G1 Evacuation Pause)
[12.785s][info ][gc,task       ] GC(427) Using 10 workers of 10 for evacuation
[12.785s][trace][gc,ergo,cset  ] GC(427) Start choosing CSet. Pending cards: 35 target pause time: 200.00ms
[12.785s][trace][gc,ergo,cset  ] GC(427) Added young regions to CSet. Eden: 44 regions, Survivors: 7 regions, predicted eden time: 7.73ms, predicted base time: 1.11ms, target pause time: 200.00ms, remaining time: 191.16ms
[12.785s][debug][gc,ergo,cset  ] GC(427) Start adding old regions to collection set. Min 37 regions, max 103 regions, time remaining 191.16ms, optional threshold 38.23ms
[12.785s][debug][gc,ergo,cset  ] GC(427) Finish adding old regions to collection set (Maximum number of regions). Initial 103 regions, optional 0 regions
[12.785s][debug][gc,ergo,cset  ] GC(427) Finish choosing collection set old regions. Initial: 103, optional: 0, predicted old time: 0.00ms, predicted optional time: 0.00ms, time remaining: 187.69
[12.786s][debug][gc,ergo       ] GC(427) Running G1 Merge Heap Roots using 10 workers for 154 regions
[12.796s][debug][gc,ergo       ] GC(427) Running G1 Rebuild Free List Task using 10 workers for rebuilding free list of regions
[12.796s][debug][gc,ergo,heap  ] GC(427) Heap expansion: short term pause time ratio 70.56% long term pause time ratio 61.23% threshold 7.69% pause time ratio 7.69% fully expanded true resize by 0B
[12.796s][debug][gc,ergo,refine] GC(427) Concurrent refinement times: Logged Cards Scan time goal: 20.00ms Logged Cards Scan time: 0.01ms HCC time: 0.00ms
[12.796s][trace][gc,ergo,refine] GC(427) Updating Refinement Zones: logged cards scan time: 0.010ms, processed cards: 19, goal time: 19.999ms
[12.796s][debug][gc,ergo,refine] GC(427) Updated Refinement Zones: green: 2560, yellow: 7680, red: 12800
[12.796s][info ][gc,phases     ] GC(427)   Pre Evacuate Collection Set: 0.3ms
[12.796s][info ][gc,phases     ] GC(427)   Merge Heap Roots: 0.2ms
[12.796s][info ][gc,phases     ] GC(427)   Evacuate Collection Set: 9.9ms
[12.796s][info ][gc,phases     ] GC(427)   Post Evacuate Collection Set: 0.6ms
[12.796s][info ][gc,phases     ] GC(427)   Other: 0.2ms
[12.796s][info ][gc,heap       ] GC(427) Eden regions: 44->0(44)
[12.796s][info ][gc,heap       ] GC(427) Survivor regions: 7->7(7)
[12.796s][info ][gc,heap       ] GC(427) Old regions: 537->477
[12.796s][info ][gc,heap       ] GC(427) Archive regions: 0->0
[12.796s][info ][gc,heap       ] GC(427) Humongous regions: 0->0
[12.796s][info ][gc,metaspace  ] GC(427) Metaspace: 6341K(6464K)->6341K(6464K) NonClass: 5794K(5824K)->5794K(5824K) Class: 546K(640K)->546K(640K)
[12.796s][debug][gc,heap       ] GC(427) Heap after GC invocations=428 (full 0):
[12.796s][debug][gc,heap       ] GC(427)  garbage-first heap   total 1048576K, used 495292K [0x00000000c0000000, 0x0000000100000000)
[12.796s][debug][gc,heap       ] GC(427)   region size 1024K, 7 young (7168K), 7 survivors (7168K)
[12.796s][debug][gc,heap       ] GC(427)  Metaspace       used 6341K, committed 6464K, reserved 1114112K
[12.796s][debug][gc,heap       ] GC(427)   class space    used 546K, committed 640K, reserved 1048576K
[12.797s][info ][gc            ] GC(427) Pause Young (Mixed) (G1 Evacuation Pause) 587M->483M(1024M) 11.130ms
[12.797s][info ][gc,cpu        ] GC(427) User=0.10s Sys=0.00s Real=0.01s
[12.797s][info ][safepoint     ] Safepoint "G1CollectForAllocation", Time since last: 3822800 ns, Reaching safepoint: 4900 ns, Cleanup: 5000 ns, At safepoint: 11300300 ns, Total: 11310200 ns
[12.803s][debug][gc,heap       ] GC(428) Heap before GC invocations=428 (full 0):
[12.803s][debug][gc,heap       ] GC(428)  garbage-first heap   total 1048576K, used 539324K [0x00000000c0000000, 0x0000000100000000)
[12.803s][debug][gc,heap       ] GC(428)   region size 1024K, 51 young (52224K), 7 survivors (7168K)
[12.803s][debug][gc,heap       ] GC(428)  Metaspace       used 6341K, committed 6464K, reserved 1114112K
[12.803s][debug][gc,heap       ] GC(428)   class space    used 546K, committed 640K, reserved 1048576K
[12.803s][info ][gc,start      ] GC(428) Pause Young (Mixed) (G1 Evacuation Pause)
[12.803s][info ][gc,task       ] GC(428) Using 10 workers of 10 for evacuation
[12.803s][trace][gc,ergo,cset  ] GC(428) Start choosing CSet. Pending cards: 35 target pause time: 200.00ms
[12.803s][trace][gc,ergo,cset  ] GC(428) Added young regions to CSet. Eden: 44 regions, Survivors: 7 regions, predicted eden time: 7.82ms, predicted base time: 1.10ms, target pause time: 200.00ms, remaining time: 191.08ms
[12.803s][debug][gc,ergo,cset  ] GC(428) Start adding old regions to collection set. Min 37 regions, max 103 regions, time remaining 191.08ms, optional threshold 38.22ms
[12.803s][debug][gc,ergo,cset  ] GC(428) Old candidate collection set empty.
[12.803s][debug][gc,ergo,cset  ] GC(428) Finish choosing collection set old regions. Initial: 86, optional: 0, predicted old time: 0.00ms, predicted optional time: 0.00ms, time remaining: 185.40
[12.803s][debug][gc,ergo       ] GC(428) Running G1 Merge Heap Roots using 10 workers for 137 regions
[12.813s][debug][gc,ergo       ] GC(428) Running G1 Rebuild Free List Task using 10 workers for rebuilding free list of regions
[12.813s][debug][gc,ergo,heap  ] GC(428) Heap expansion: short term pause time ratio 72.75% long term pause time ratio 62.13% threshold 7.69% pause time ratio 7.69% fully expanded true resize by 0B
[12.813s][debug][gc,ergo       ] GC(428) do not continue mixed GCs (candidate old regions not available)
[12.813s][debug][gc,ergo,refine] GC(428) Concurrent refinement times: Logged Cards Scan time goal: 20.00ms Logged Cards Scan time: 0.01ms HCC time: 0.00ms
[12.813s][trace][gc,ergo,refine] GC(428) Updating Refinement Zones: logged cards scan time: 0.010ms, processed cards: 10, goal time: 19.999ms
[12.813s][debug][gc,ergo,refine] GC(428) Updated Refinement Zones: green: 2560, yellow: 7680, red: 12800
[12.813s][info ][gc,phases     ] GC(428)   Pre Evacuate Collection Set: 0.3ms
[12.813s][info ][gc,phases     ] GC(428)   Merge Heap Roots: 0.2ms
[12.813s][info ][gc,phases     ] GC(428)   Evacuate Collection Set: 9.1ms
[12.813s][info ][gc,phases     ] GC(428)   Post Evacuate Collection Set: 0.6ms
[12.813s][info ][gc,phases     ] GC(428)   Other: 0.3ms
[12.813s][info ][gc,heap       ] GC(428) Eden regions: 44->0(171)
[12.813s][info ][gc,heap       ] GC(428) Survivor regions: 7->7(7)
[12.813s][info ][gc,heap       ] GC(428) Old regions: 477->436
[12.813s][info ][gc,heap       ] GC(428) Archive regions: 0->0
[12.813s][info ][gc,heap       ] GC(428) Humongous regions: 0->0
[12.813s][info ][gc,metaspace  ] GC(428) Metaspace: 6341K(6464K)->6341K(6464K) NonClass: 5794K(5824K)->5794K(5824K) Class: 546K(640K)->546K(640K)
[12.813s][debug][gc,heap       ] GC(428) Heap after GC invocations=429 (full 0):
[12.813s][debug][gc,heap       ] GC(428)  garbage-first heap   total 1048576K, used 453608K [0x00000000c0000000, 0x0000000100000000)
[12.813s][debug][gc,heap       ] GC(428)   region size 1024K, 7 young (7168K), 7 survivors (7168K)
[12.813s][debug][gc,heap       ] GC(428)  Metaspace       used 6341K, committed 6464K, reserved 1114112K
[12.813s][debug][gc,heap       ] GC(428)   class space    used 546K, committed 640K, reserved 1048576K
[12.813s][info ][gc            ] GC(428) Pause Young (Mixed) (G1 Evacuation Pause) 527M->442M(1024M) 10.259ms
[12.813s][info ][gc,cpu        ] GC(428) User=0.09s Sys=0.00s Real=0.02s
[12.813s][info ][safepoint     ] Safepoint "G1CollectForAllocation", Time since last: 6206500 ns, Reaching safepoint: 4700 ns, Cleanup: 4900 ns, At safepoint: 10464901 ns, Total: 10474501 ns
[12.838s][debug][gc,heap       ] GC(429) Heap before GC invocations=429 (full 0):
[12.838s][debug][gc,heap       ] GC(429)  garbage-first heap   total 1048576K, used 627688K [0x00000000c0000000, 0x0000000100000000)
[12.838s][debug][gc,heap       ] GC(429)   region size 1024K, 178 young (182272K), 7 survivors (7168K)
[12.838s][debug][gc,heap       ] GC(429)  Metaspace       used 6341K, committed 6464K, reserved 1114112K
[12.838s][debug][gc,heap       ] GC(429)   class space    used 546K, committed 640K, reserved 1048576K
[12.838s][info ][gc,start      ] GC(429) Pause Young (Normal) (G1 Evacuation Pause)
[12.838s][info ][gc,task       ] GC(429) Using 10 workers of 10 for evacuation
[12.838s][trace][gc,ergo,cset  ] GC(429) Start choosing CSet. Pending cards: 30 target pause time: 200.00ms
[12.838s][trace][gc,ergo,cset  ] GC(429) Added young regions to CSet. Eden: 171 regions, Survivors: 7 regions, predicted eden time: 25.92ms, predicted base time: 1.01ms, target pause time: 200.00ms, remaining time: 173.07ms
[12.838s][debug][gc,ergo       ] GC(429) Running G1 Merge Heap Roots using 10 workers for 178 regions
[12.861s][debug][gc,ergo       ] GC(429) Running G1 Rebuild Free List Task using 10 workers for rebuilding free list of regions
[12.861s][debug][gc,ergo,heap  ] GC(429) Heap expansion: short term pause time ratio 60.78% long term pause time ratio 61.67% threshold 7.69% pause time ratio 7.69% fully expanded true resize by 0B
[12.862s][debug][gc,ergo,refine] GC(429) Concurrent refinement times: Logged Cards Scan time goal: 20.00ms Logged Cards Scan time: 0.02ms HCC time: 0.00ms
[12.862s][trace][gc,ergo,refine] GC(429) Updating Refinement Zones: logged cards scan time: 0.021ms, processed cards: 8, goal time: 19.999ms
[12.862s][debug][gc,ergo,refine] GC(429) Updated Refinement Zones: green: 2560, yellow: 7680, red: 12800
[12.862s][info ][gc,phases     ] GC(429)   Pre Evacuate Collection Set: 0.3ms
[12.862s][info ][gc,phases     ] GC(429)   Merge Heap Roots: 0.2ms
[12.862s][info ][gc,phases     ] GC(429)   Evacuate Collection Set: 22.0ms
[12.862s][info ][gc,phases     ] GC(429)   Post Evacuate Collection Set: 0.9ms
[12.862s][info ][gc,phases     ] GC(429)   Other: 0.7ms
[12.862s][info ][gc,heap       ] GC(429) Eden regions: 171->0(130)
[12.862s][info ][gc,heap       ] GC(429) Survivor regions: 7->23(23)
[12.862s][info ][gc,heap       ] GC(429) Old regions: 436->532
[12.862s][info ][gc,heap       ] GC(429) Archive regions: 0->0
[12.862s][info ][gc,heap       ] GC(429) Humongous regions: 0->0
[12.862s][info ][gc,metaspace  ] GC(429) Metaspace: 6341K(6464K)->6341K(6464K) NonClass: 5794K(5824K)->5794K(5824K) Class: 546K(640K)->546K(640K)
[12.862s][debug][gc,heap       ] GC(429) Heap after GC invocations=430 (full 0):
[12.862s][debug][gc,heap       ] GC(429)  garbage-first heap   total 1048576K, used 567696K [0x00000000c0000000, 0x0000000100000000)
[12.862s][debug][gc,heap       ] GC(429)   region size 1024K, 23 young (23552K), 23 survivors (23552K)
[12.862s][debug][gc,heap       ] GC(429)  Metaspace       used 6341K, committed 6464K, reserved 1114112K
[12.862s][debug][gc,heap       ] GC(429)   class space    used 546K, committed 640K, reserved 1048576K
[12.862s][info ][gc            ] GC(429) Pause Young (Normal) (G1 Evacuation Pause) 613M->554M(1024M) 23.691ms
[12.862s][info ][gc,cpu        ] GC(429) User=0.22s Sys=0.00s Real=0.02s
[12.862s][info ][safepoint     ] Safepoint "G1CollectForAllocation", Time since last: 24366201 ns, Reaching safepoint: 23400 ns, Cleanup: 24800 ns, At safepoint: 24265801 ns, Total: 24314001 ns
[12.881s][debug][gc,heap       ] GC(430) Heap before GC invocations=430 (full 0):
[12.881s][debug][gc,heap       ] GC(430)  garbage-first heap   total 1048576K, used 699792K [0x00000000c0000000, 0x0000000100000000)
[12.881s][debug][gc,heap       ] GC(430)   region size 1024K, 153 young (156672K), 23 survivors (23552K)
[12.881s][debug][gc,heap       ] GC(430)  Metaspace       used 6341K, committed 6464K, reserved 1114112K
[12.881s][debug][gc,heap       ] GC(430)   class space    used 546K, committed 640K, reserved 1048576K
[12.881s][info ][gc,start      ] GC(430) Pause Young (Normal) (G1 Evacuation Pause)
[12.881s][info ][gc,task       ] GC(430) Using 10 workers of 10 for evacuation
[12.881s][trace][gc,ergo,cset  ] GC(430) Start choosing CSet. Pending cards: 36 target pause time: 200.00ms
[12.881s][trace][gc,ergo,cset  ] GC(430) Added young regions to CSet. Eden: 130 regions, Survivors: 23 regions, predicted eden time: 19.96ms, predicted base time: 1.16ms, target pause time: 200.00ms, remaining time: 178.88ms
[12.881s][debug][gc,ergo       ] GC(430) Running G1 Merge Heap Roots using 10 workers for 153 regions
[12.904s][debug][gc,ergo       ] GC(430) Running G1 Rebuild Free List Task using 10 workers for rebuilding free list of regions
[12.904s][debug][gc,ergo,heap  ] GC(430) Heap expansion: short term pause time ratio 48.26% long term pause time ratio 58.28% threshold 7.69% pause time ratio 7.69% fully expanded true resize by 0B
[12.904s][debug][gc,ergo,refine] GC(430) Concurrent refinement times: Logged Cards Scan time goal: 20.00ms Logged Cards Scan time: 0.04ms HCC time: 0.00ms
[12.904s][trace][gc,ergo,refine] GC(430) Updating Refinement Zones: logged cards scan time: 0.043ms, processed cards: 19, goal time: 19.999ms
[12.904s][debug][gc,ergo,refine] GC(430) Updated Refinement Zones: green: 2560, yellow: 7680, red: 12800
[12.904s][info ][gc,phases     ] GC(430)   Pre Evacuate Collection Set: 0.2ms
[12.904s][info ][gc,phases     ] GC(430)   Merge Heap Roots: 0.1ms
[12.904s][info ][gc,phases     ] GC(430)   Evacuate Collection Set: 21.7ms
[12.904s][info ][gc,phases     ] GC(430)   Post Evacuate Collection Set: 0.9ms
[12.904s][info ][gc,phases     ] GC(430)   Other: 0.3ms
[12.904s][info ][gc,heap       ] GC(430) Eden regions: 130->0(97)
[12.904s][info ][gc,heap       ] GC(430) Survivor regions: 23->20(20)
[12.904s][info ][gc,heap       ] GC(430) Old regions: 532->620
[12.904s][info ][gc,heap       ] GC(430) Archive regions: 0->0
[12.904s][info ][gc,heap       ] GC(430) Humongous regions: 0->0
[12.904s][info ][gc,metaspace  ] GC(430) Metaspace: 6341K(6464K)->6341K(6464K) NonClass: 5794K(5824K)->5794K(5824K) Class: 546K(640K)->546K(640K)
[12.904s][debug][gc,heap       ] GC(430) Heap after GC invocations=431 (full 0):
[12.904s][debug][gc,heap       ] GC(430)  garbage-first heap   total 1048576K, used 655136K [0x00000000c0000000, 0x0000000100000000)
[12.904s][debug][gc,heap       ] GC(430)   region size 1024K, 20 young (20480K), 20 survivors (20480K)
[12.904s][debug][gc,heap       ] GC(430)  Metaspace       used 6341K, committed 6464K, reserved 1114112K
[12.904s][debug][gc,heap       ] GC(430)   class space    used 546K, committed 640K, reserved 1048576K
[12.904s][info ][gc            ] GC(430) Pause Young (Normal) (G1 Evacuation Pause) 684M->639M(1024M) 23.269ms
[12.904s][info ][gc,cpu        ] GC(430) User=0.21s Sys=0.00s Real=0.03s
[12.904s][info ][safepoint     ] Safepoint "G1CollectForAllocation", Time since last: 18849800 ns, Reaching safepoint: 5400 ns, Cleanup: 5100 ns, At safepoint: 23423001 ns, Total: 23433501 ns
[12.918s][debug][gc,heap       ] GC(431) Heap before GC invocations=431 (full 0):
[12.918s][debug][gc,heap       ] GC(431)  garbage-first heap   total 1048576K, used 753440K [0x00000000c0000000, 0x0000000100000000)
[12.918s][debug][gc,heap       ] GC(431)   region size 1024K, 117 young (119808K), 20 survivors (20480K)
[12.918s][debug][gc,heap       ] GC(431)  Metaspace       used 6341K, committed 6464K, reserved 1114112K
[12.918s][debug][gc,heap       ] GC(431)   class space    used 546K, committed 640K, reserved 1048576K
[12.918s][info ][gc,start      ] GC(431) Pause Young (Normal) (G1 Evacuation Pause)
[12.918s][info ][gc,task       ] GC(431) Using 10 workers of 10 for evacuation
[12.918s][trace][gc,ergo,cset  ] GC(431) Start choosing CSet. Pending cards: 40 target pause time: 200.00ms
[12.918s][trace][gc,ergo,cset  ] GC(431) Added young regions to CSet. Eden: 97 regions, Survivors: 20 regions, predicted eden time: 15.89ms, predicted base time: 1.14ms, target pause time: 200.00ms, remaining time: 182.97ms
[12.919s][debug][gc,ergo       ] GC(431) Running G1 Merge Heap Roots using 10 workers for 117 regions
[12.939s][debug][gc,ergo       ] GC(431) Running G1 Rebuild Free List Task using 10 workers for rebuilding free list of regions
[12.940s][debug][gc,ergo,heap  ] GC(431) Heap expansion: short term pause time ratio 54.33% long term pause time ratio 56.80% threshold 7.69% pause time ratio 7.69% fully expanded true resize by 0B
[12.940s][debug][gc,ergo,refine] GC(431) Concurrent refinement times: Logged Cards Scan time goal: 20.00ms Logged Cards Scan time: 0.03ms HCC time: 0.00ms
[12.940s][trace][gc,ergo,refine] GC(431) Updating Refinement Zones: logged cards scan time: 0.035ms, processed cards: 16, goal time: 19.999ms
[12.940s][debug][gc,ergo,refine] GC(431) Updated Refinement Zones: green: 2560, yellow: 7680, red: 12800
[12.940s][info ][gc,phases     ] GC(431)   Pre Evacuate Collection Set: 1.2ms
[12.940s][info ][gc,phases     ] GC(431)   Merge Heap Roots: 0.5ms
[12.940s][info ][gc,phases     ] GC(431)   Evacuate Collection Set: 19.3ms
[12.940s][info ][gc,phases     ] GC(431)   Post Evacuate Collection Set: 0.8ms
[12.940s][info ][gc,phases     ] GC(431)   Other: 0.3ms
[12.940s][info ][gc,heap       ] GC(431) Eden regions: 97->0(71)
[12.940s][info ][gc,heap       ] GC(431) Survivor regions: 20->15(15)
[12.940s][info ][gc,heap       ] GC(431) Old regions: 620->696
[12.940s][info ][gc,heap       ] GC(431) Archive regions: 0->0
[12.940s][info ][gc,heap       ] GC(431) Humongous regions: 0->0
[12.940s][info ][gc,metaspace  ] GC(431) Metaspace: 6341K(6464K)->6341K(6464K) NonClass: 5794K(5824K)->5794K(5824K) Class: 546K(640K)->546K(640K)
[12.940s][debug][gc,heap       ] GC(431) Heap after GC invocations=432 (full 0):
[12.940s][debug][gc,heap       ] GC(431)  garbage-first heap   total 1048576K, used 727440K [0x00000000c0000000, 0x0000000100000000)
[12.940s][debug][gc,heap       ] GC(431)   region size 1024K, 15 young (15360K), 15 survivors (15360K)
[12.940s][debug][gc,heap       ] GC(431)  Metaspace       used 6341K, committed 6464K, reserved 1114112K
[12.940s][debug][gc,heap       ] GC(431)   class space    used 546K, committed 640K, reserved 1048576K
[12.940s][info ][gc            ] GC(431) Pause Young (Normal) (G1 Evacuation Pause) 736M->710M(1024M) 22.074ms
[12.940s][info ][gc,cpu        ] GC(431) User=0.18s Sys=0.00s Real=0.02s
[12.940s][info ][safepoint     ] Safepoint "G1CollectForAllocation", Time since last: 13395301 ns, Reaching safepoint: 10400 ns, Cleanup: 9700 ns, At safepoint: 22233100 ns, Total: 22253200 ns
[12.952s][debug][gc,heap       ] GC(432) Heap before GC invocations=432 (full 0):
[12.952s][debug][gc,heap       ] GC(432)  garbage-first heap   total 1048576K, used 799120K [0x00000000c0000000, 0x0000000100000000)
[12.952s][debug][gc,heap       ] GC(432)   region size 1024K, 86 young (88064K), 15 survivors (15360K)
[12.952s][debug][gc,heap       ] GC(432)  Metaspace       used 6341K, committed 6464K, reserved 1114112K
[12.952s][debug][gc,heap       ] GC(432)   class space    used 546K, committed 640K, reserved 1048576K
[12.952s][info ][gc,start      ] GC(432) Pause Young (Normal) (G1 Evacuation Pause)
[12.952s][info ][gc,task       ] GC(432) Using 10 workers of 10 for evacuation
[12.952s][trace][gc,ergo,cset  ] GC(432) Start choosing CSet. Pending cards: 38 target pause time: 200.00ms
[12.952s][trace][gc,ergo,cset  ] GC(432) Added young regions to CSet. Eden: 71 regions, Survivors: 15 regions, predicted eden time: 12.54ms, predicted base time: 1.77ms, target pause time: 200.00ms, remaining time: 185.69ms
[12.952s][debug][gc,ergo       ] GC(432) Running G1 Merge Heap Roots using 10 workers for 86 regions
[12.967s][debug][gc,ergo       ] GC(432) Running G1 Rebuild Free List Task using 10 workers for rebuilding free list of regions
[12.967s][debug][gc,ergo,heap  ] GC(432) Heap expansion: short term pause time ratio 61.25% long term pause time ratio 57.41% threshold 7.69% pause time ratio 7.69% fully expanded true resize by 0B
[12.967s][debug][gc,ergo,refine] GC(432) Concurrent refinement times: Logged Cards Scan time goal: 20.00ms Logged Cards Scan time: 0.03ms HCC time: 0.00ms
[12.967s][trace][gc,ergo,refine] GC(432) Updating Refinement Zones: logged cards scan time: 0.034ms, processed cards: 21, goal time: 19.999ms
[12.967s][debug][gc,ergo,refine] GC(432) Updated Refinement Zones: green: 2560, yellow: 7680, red: 12800
[12.968s][info ][gc,phases     ] GC(432)   Pre Evacuate Collection Set: 0.3ms
[12.968s][info ][gc,phases     ] GC(432)   Merge Heap Roots: 0.2ms
[12.968s][info ][gc,phases     ] GC(432)   Evacuate Collection Set: 14.0ms
[12.968s][info ][gc,phases     ] GC(432)   Post Evacuate Collection Set: 0.9ms
[12.968s][info ][gc,phases     ] GC(432)   Other: 0.3ms
[12.968s][info ][gc,heap       ] GC(432) Eden regions: 71->0(51)
[12.968s][info ][gc,heap       ] GC(432) Survivor regions: 15->11(11)
[12.968s][info ][gc,heap       ] GC(432) Old regions: 696->755
[12.968s][info ][gc,heap       ] GC(432) Archive regions: 0->0
[12.968s][info ][gc,heap       ] GC(432) Humongous regions: 0->0
[12.968s][info ][gc,metaspace  ] GC(432) Metaspace: 6341K(6464K)->6341K(6464K) NonClass: 5794K(5824K)->5794K(5824K) Class: 546K(640K)->546K(640K)
[12.968s][debug][gc,heap       ] GC(432) Heap after GC invocations=433 (full 0):
[12.968s][debug][gc,heap       ] GC(432)  garbage-first heap   total 1048576K, used 783660K [0x00000000c0000000, 0x0000000100000000)
[12.968s][debug][gc,heap       ] GC(432)   region size 1024K, 11 young (11264K), 11 survivors (11264K)
[12.968s][debug][gc,heap       ] GC(432)  Metaspace       used 6341K, committed 6464K, reserved 1114112K
[12.968s][debug][gc,heap       ] GC(432)   class space    used 546K, committed 640K, reserved 1048576K
[12.968s][info ][gc            ] GC(432) Pause Young (Normal) (G1 Evacuation Pause) 781M->765M(1024M) 15.759ms
[12.968s][info ][gc,cpu        ] GC(432) User=0.13s Sys=0.00s Real=0.02s
[12.968s][info ][safepoint     ] Safepoint "G1CollectForAllocation", Time since last: 11868901 ns, Reaching safepoint: 9100 ns, Cleanup: 7100 ns, At safepoint: 15940400 ns, Total: 15956600 ns
[12.974s][debug][gc,heap       ] GC(433) Heap before GC invocations=433 (full 0):
[12.974s][debug][gc,heap       ] GC(433)  garbage-first heap   total 1048576K, used 834860K [0x00000000c0000000, 0x0000000100000000)
[12.974s][debug][gc,heap       ] GC(433)   region size 1024K, 62 young (63488K), 11 survivors (11264K)
[12.974s][debug][gc,heap       ] GC(433)  Metaspace       used 6341K, committed 6464K, reserved 1114112K
[12.974s][debug][gc,heap       ] GC(433)   class space    used 546K, committed 640K, reserved 1048576K
[12.974s][info ][gc,start      ] GC(433) Pause Young (Normal) (G1 Evacuation Pause)
[12.974s][info ][gc,task       ] GC(433) Using 10 workers of 10 for evacuation
[12.974s][trace][gc,ergo,cset  ] GC(433) Start choosing CSet. Pending cards: 28 target pause time: 200.00ms
[12.974s][trace][gc,ergo,cset  ] GC(433) Added young regions to CSet. Eden: 51 regions, Survivors: 11 regions, predicted eden time: 9.39ms, predicted base time: 1.64ms, target pause time: 200.00ms, remaining time: 188.97ms
[12.975s][debug][gc,ergo       ] GC(433) Running G1 Merge Heap Roots using 10 workers for 62 regions
[12.986s][debug][gc,ergo       ] GC(433) Running G1 Rebuild Free List Task using 10 workers for rebuilding free list of regions
[12.986s][debug][gc,ergo,heap  ] GC(433) Heap expansion: short term pause time ratio 55.93% long term pause time ratio 58.35% threshold 7.69% pause time ratio 7.69% fully expanded true resize by 0B
[12.986s][debug][gc,ergo,refine] GC(433) Concurrent refinement times: Logged Cards Scan time goal: 20.00ms Logged Cards Scan time: 0.02ms HCC time: 0.00ms
[12.986s][trace][gc,ergo,refine] GC(433) Updating Refinement Zones: logged cards scan time: 0.018ms, processed cards: 18, goal time: 20.000ms
[12.986s][debug][gc,ergo,refine] GC(433) Updated Refinement Zones: green: 2560, yellow: 7680, red: 12800
[12.986s][info ][gc,phases     ] GC(433)   Pre Evacuate Collection Set: 0.3ms
[12.986s][info ][gc,phases     ] GC(433)   Merge Heap Roots: 0.2ms
[12.986s][info ][gc,phases     ] GC(433)   Evacuate Collection Set: 10.5ms
[12.986s][info ][gc,phases     ] GC(433)   Post Evacuate Collection Set: 0.8ms
[12.986s][info ][gc,phases     ] GC(433)   Other: 0.2ms
[12.986s][info ][gc,heap       ] GC(433) Eden regions: 51->0(43)
[12.986s][info ][gc,heap       ] GC(433) Survivor regions: 11->8(8)
[12.986s][info ][gc,heap       ] GC(433) Old regions: 755->802
[12.986s][info ][gc,heap       ] GC(433) Archive regions: 0->0
[12.986s][info ][gc,heap       ] GC(433) Humongous regions: 0->0
[12.986s][info ][gc,metaspace  ] GC(433) Metaspace: 6341K(6464K)->6341K(6464K) NonClass: 5794K(5824K)->5794K(5824K) Class: 546K(640K)->546K(640K)
[12.986s][debug][gc,heap       ] GC(433) Heap after GC invocations=434 (full 0):
[12.986s][debug][gc,heap       ] GC(433)  garbage-first heap   total 1048576K, used 828516K [0x00000000c0000000, 0x0000000100000000)
[12.986s][debug][gc,heap       ] GC(433)   region size 1024K, 8 young (8192K), 8 survivors (8192K)
[12.986s][debug][gc,heap       ] GC(433)  Metaspace       used 6341K, committed 6464K, reserved 1114112K
[12.986s][debug][gc,heap       ] GC(433)   class space    used 546K, committed 640K, reserved 1048576K
[12.986s][info ][gc            ] GC(433) Pause Young (Normal) (G1 Evacuation Pause) 816M->809M(1024M) 11.994ms
[12.986s][info ][gc,cpu        ] GC(433) User=0.10s Sys=0.00s Real=0.01s
[12.986s][info ][safepoint     ] Safepoint "G1CollectForAllocation", Time since last: 6560101 ns, Reaching safepoint: 7400 ns, Cleanup: 6800 ns, At safepoint: 12119300 ns, Total: 12133500 ns
[12.992s][debug][gc,heap       ] GC(434) Heap before GC invocations=434 (full 0):
[12.992s][debug][gc,heap       ] GC(434)  garbage-first heap   total 1048576K, used 871524K [0x00000000c0000000, 0x0000000100000000)
[12.992s][debug][gc,heap       ] GC(434)   region size 1024K, 51 young (52224K), 8 survivors (8192K)
[12.992s][debug][gc,heap       ] GC(434)  Metaspace       used 6341K, committed 6464K, reserved 1114112K
[12.992s][debug][gc,heap       ] GC(434)   class space    used 546K, committed 640K, reserved 1048576K
[12.992s][info ][gc,start      ] GC(434) Pause Young (Normal) (G1 Evacuation Pause)
[12.992s][info ][gc,task       ] GC(434) Using 10 workers of 10 for evacuation
[12.992s][trace][gc,ergo,cset  ] GC(434) Start choosing CSet. Pending cards: 34 target pause time: 200.00ms
[12.992s][trace][gc,ergo,cset  ] GC(434) Added young regions to CSet. Eden: 43 regions, Survivors: 8 regions, predicted eden time: 7.94ms, predicted base time: 1.50ms, target pause time: 200.00ms, remaining time: 190.56ms
[12.993s][debug][gc,ergo       ] GC(434) Running G1 Merge Heap Roots using 10 workers for 51 regions
[13.002s][debug][gc,ergo       ] GC(434) Running G1 Rebuild Free List Task using 10 workers for rebuilding free list of regions
[13.002s][debug][gc,ergo,heap  ] GC(434) Heap expansion: short term pause time ratio 63.01% long term pause time ratio 57.62% threshold 7.69% pause time ratio 7.69% fully expanded true resize by 0B
[13.002s][debug][gc,ergo,ihop  ] GC(434) Request concurrent cycle initiation (occupancy higher than threshold) occupancy: 879755264B allocation request: 0B threshold: 859202729B (80.02) source: end of GC
[13.002s][debug][gc,ergo,refine] GC(434) Concurrent refinement times: Logged Cards Scan time goal: 20.00ms Logged Cards Scan time: 0.01ms HCC time: 0.00ms
[13.002s][trace][gc,ergo,refine] GC(434) Updating Refinement Zones: logged cards scan time: 0.013ms, processed cards: 25, goal time: 20.000ms
[13.002s][debug][gc,ergo,refine] GC(434) Updated Refinement Zones: green: 2560, yellow: 7680, red: 12800
[13.002s][info ][gc,phases     ] GC(434)   Pre Evacuate Collection Set: 0.2ms
[13.002s][info ][gc,phases     ] GC(434)   Merge Heap Roots: 0.2ms
[13.002s][info ][gc,phases     ] GC(434)   Evacuate Collection Set: 8.5ms
[13.002s][info ][gc,phases     ] GC(434)   Post Evacuate Collection Set: 1.0ms
[13.002s][info ][gc,phases     ] GC(434)   Other: 0.2ms
[13.002s][info ][gc,heap       ] GC(434) Eden regions: 43->0(44)
[13.002s][info ][gc,heap       ] GC(434) Survivor regions: 8->7(7)
[13.002s][info ][gc,heap       ] GC(434) Old regions: 802->839
[13.002s][info ][gc,heap       ] GC(434) Archive regions: 0->0
[13.002s][info ][gc,heap       ] GC(434) Humongous regions: 0->0
[13.002s][info ][gc,metaspace  ] GC(434) Metaspace: 6341K(6464K)->6341K(6464K) NonClass: 5794K(5824K)->5794K(5824K) Class: 546K(640K)->546K(640K)
[13.002s][debug][gc,heap       ] GC(434) Heap after GC invocations=435 (full 0):
[13.002s][debug][gc,heap       ] GC(434)  garbage-first heap   total 1048576K, used 865980K [0x00000000c0000000, 0x0000000100000000)
[13.002s][debug][gc,heap       ] GC(434)   region size 1024K, 7 young (7168K), 7 survivors (7168K)
[13.002s][debug][gc,heap       ] GC(434)  Metaspace       used 6341K, committed 6464K, reserved 1114112K
[13.002s][debug][gc,heap       ] GC(434)   class space    used 546K, committed 640K, reserved 1048576K
[13.002s][info ][gc            ] GC(434) Pause Young (Normal) (G1 Evacuation Pause) 852M->845M(1024M) 10.081ms
[13.002s][info ][gc,cpu        ] GC(434) User=0.08s Sys=0.00s Real=0.01s
[13.002s][info ][safepoint     ] Safepoint "G1CollectForAllocation", Time since last: 5879200 ns, Reaching safepoint: 6900 ns, Cleanup: 5100 ns, At safepoint: 10250301 ns, Total: 10262301 ns
[13.009s][debug][gc,heap       ] GC(435) Heap before GC invocations=435 (full 0):
[13.009s][debug][gc,heap       ] GC(435)  garbage-first heap   total 1048576K, used 910012K [0x00000000c0000000, 0x0000000100000000)
[13.009s][debug][gc,heap       ] GC(435)   region size 1024K, 51 young (52224K), 7 survivors (7168K)
[13.009s][debug][gc,heap       ] GC(435)  Metaspace       used 6341K, committed 6464K, reserved 1114112K
[13.009s][debug][gc,heap       ] GC(435)   class space    used 546K, committed 640K, reserved 1048576K
[13.009s][debug][gc,ergo       ] GC(435) Initiate concurrent cycle (concurrent cycle initiation requested)
[13.009s][info ][gc,start      ] GC(435) Pause Young (Concurrent Start) (G1 Evacuation Pause)
[13.009s][info ][gc,task       ] GC(435) Using 10 workers of 10 for evacuation
[13.009s][trace][gc,ergo,cset  ] GC(435) Start choosing CSet. Pending cards: 31 target pause time: 200.00ms
[13.009s][trace][gc,ergo,cset  ] GC(435) Added young regions to CSet. Eden: 44 regions, Survivors: 7 regions, predicted eden time: 7.90ms, predicted base time: 1.41ms, target pause time: 200.00ms, remaining time: 190.69ms
[13.009s][debug][gc,ergo       ] GC(435) Running G1 Merge Heap Roots using 10 workers for 51 regions
[13.019s][debug][gc,ergo       ] GC(435) Running G1 Rebuild Free List Task using 10 workers for rebuilding free list of regions
[13.019s][debug][gc,ergo,heap  ] GC(435) Heap expansion: short term pause time ratio 61.40% long term pause time ratio 58.01% threshold 7.69% pause time ratio 7.69% fully expanded true resize by 0B
[13.019s][debug][gc,ergo,refine] GC(435) Concurrent refinement times: Logged Cards Scan time goal: 20.00ms Logged Cards Scan time: 0.01ms HCC time: 0.00ms
[13.019s][trace][gc,ergo,refine] GC(435) Updating Refinement Zones: logged cards scan time: 0.014ms, processed cards: 14, goal time: 20.000ms
[13.019s][debug][gc,ergo,refine] GC(435) Updated Refinement Zones: green: 2560, yellow: 7680, red: 12800
[13.019s][info ][gc,phases     ] GC(435)   Pre Evacuate Collection Set: 0.2ms
[13.019s][info ][gc,phases     ] GC(435)   Merge Heap Roots: 0.2ms
[13.019s][info ][gc,phases     ] GC(435)   Evacuate Collection Set: 8.8ms
[13.019s][info ][gc,phases     ] GC(435)   Post Evacuate Collection Set: 0.9ms
[13.019s][info ][gc,phases     ] GC(435)   Other: 0.3ms
[13.019s][info ][gc,heap       ] GC(435) Eden regions: 44->0(44)
[13.019s][info ][gc,heap       ] GC(435) Survivor regions: 7->7(7)
[13.019s][info ][gc,heap       ] GC(435) Old regions: 839->877
[13.019s][info ][gc,heap       ] GC(435) Archive regions: 0->0
[13.019s][info ][gc,heap       ] GC(435) Humongous regions: 0->0
[13.019s][info ][gc,metaspace  ] GC(435) Metaspace: 6341K(6464K)->6341K(6464K) NonClass: 5794K(5824K)->5794K(5824K) Class: 546K(640K)->546K(640K)
[13.019s][debug][gc,heap       ] GC(435) Heap after GC invocations=436 (full 0):
[13.019s][debug][gc,heap       ] GC(435)  garbage-first heap   total 1048576K, used 905192K [0x00000000c0000000, 0x0000000100000000)
[13.019s][debug][gc,heap       ] GC(435)   region size 1024K, 7 young (7168K), 7 survivors (7168K)
[13.019s][debug][gc,heap       ] GC(435)  Metaspace       used 6341K, committed 6464K, reserved 1114112K
[13.019s][debug][gc,heap       ] GC(435)   class space    used 546K, committed 640K, reserved 1048576K
[13.019s][info ][gc            ] GC(435) Pause Young (Concurrent Start) (G1 Evacuation Pause) 889M->883M(1024M) 10.380ms
[13.019s][info ][gc,cpu        ] GC(435) User=0.08s Sys=0.00s Real=0.01s
[13.019s][info ][safepoint     ] Safepoint "G1CollectForAllocation", Time since last: 6101200 ns, Reaching safepoint: 6500 ns, Cleanup: 5600 ns, At safepoint: 10530600 ns, Total: 10542700 ns
[13.019s][info ][gc            ] GC(436) Concurrent Mark Cycle
[13.019s][info ][gc,marking    ] GC(436) Concurrent Clear Claimed Marks
[13.019s][info ][gc,marking    ] GC(436) Concurrent Clear Claimed Marks 0.024ms
[13.019s][info ][gc,marking    ] GC(436) Concurrent Scan Root Regions
[13.019s][debug][gc,ergo       ] GC(436) Running G1 Root Region Scan using 3 workers for 46 work units.
[13.019s][info ][gc,marking    ] GC(436) Concurrent Scan Root Regions 0.231ms
[13.019s][info ][gc,marking    ] GC(436) Concurrent Mark
[13.019s][info ][gc,marking    ] GC(436) Concurrent Mark From Roots
[13.019s][info ][gc,task       ] GC(436) Using 3 workers of 3 for marking
[13.025s][info ][gc,marking    ] GC(436) Concurrent Mark From Roots 5.170ms
[13.025s][info ][gc,marking    ] GC(436) Concurrent Preclean
[13.025s][info ][gc,marking    ] GC(436) Concurrent Preclean 0.058ms
[13.025s][info ][gc,start      ] GC(436) Pause Remark
[13.026s][debug][gc,ergo       ] GC(436) Running G1 Update RemSet Tracking Before Rebuild using 3 workers for 1024 regions in heap
[13.027s][info ][gc            ] GC(436) Pause Remark 916M->532M(1024M) 1.719ms
[13.027s][info ][gc,cpu        ] GC(436) User=0.01s Sys=0.00s Real=0.00s
[13.027s][info ][safepoint     ] Safepoint "G1PauseRemark", Time since last: 5750300 ns, Reaching safepoint: 7300 ns, Cleanup: 8200 ns, At safepoint: 1753701 ns, Total: 1769201 ns
[13.027s][info ][gc,marking    ] GC(436) Concurrent Mark 7.259ms
[13.027s][info ][gc,marking    ] GC(436) Concurrent Rebuild Remembered Sets
[13.028s][debug][gc,heap       ] GC(437) Heap before GC invocations=436 (full 0):
[13.028s][debug][gc,heap       ] GC(437)  garbage-first heap   total 1048576K, used 556008K [0x00000000c0000000, 0x0000000100000000)
[13.028s][debug][gc,heap       ] GC(437)   region size 1024K, 51 young (52224K), 7 survivors (7168K)
[13.028s][debug][gc,heap       ] GC(437)  Metaspace       used 6341K, committed 6464K, reserved 1114112K
[13.028s][debug][gc,heap       ] GC(437)   class space    used 546K, committed 640K, reserved 1048576K
[13.028s][info ][gc,start      ] GC(437) Pause Young (Normal) (G1 Evacuation Pause)
[13.028s][info ][gc,task       ] GC(437) Using 10 workers of 10 for evacuation
[13.028s][trace][gc,ergo,cset  ] GC(437) Start choosing CSet. Pending cards: 49 target pause time: 200.00ms
[13.028s][trace][gc,ergo,cset  ] GC(437) Added young regions to CSet. Eden: 44 regions, Survivors: 7 regions, predicted eden time: 7.49ms, predicted base time: 1.36ms, target pause time: 200.00ms, remaining time: 191.15ms
[13.028s][debug][gc,ergo       ] GC(437) Running G1 Merge Heap Roots using 10 workers for 51 regions
[13.038s][debug][gc,ergo       ] GC(437) Running G1 Rebuild Free List Task using 10 workers for rebuilding free list of regions
[13.038s][debug][gc,ergo,heap  ] GC(437) Heap expansion: short term pause time ratio 21.94% long term pause time ratio 56.47% threshold 7.69% pause time ratio 7.69% fully expanded true resize by 0B
[13.038s][debug][gc,ergo,refine] GC(437) Concurrent refinement times: Logged Cards Scan time goal: 20.00ms Logged Cards Scan time: 0.02ms HCC time: 0.00ms
[13.038s][trace][gc,ergo,refine] GC(437) Updating Refinement Zones: logged cards scan time: 0.016ms, processed cards: 32, goal time: 20.000ms
[13.038s][debug][gc,ergo,refine] GC(437) Updated Refinement Zones: green: 2560, yellow: 7680, red: 12800
[13.038s][info ][gc,phases     ] GC(437)   Pre Evacuate Collection Set: 0.2ms
[13.038s][info ][gc,phases     ] GC(437)   Merge Heap Roots: 0.2ms
[13.038s][info ][gc,phases     ] GC(437)   Evacuate Collection Set: 8.6ms
[13.038s][info ][gc,phases     ] GC(437)   Post Evacuate Collection Set: 0.8ms
[13.038s][info ][gc,phases     ] GC(437)   Other: 0.2ms
[13.038s][info ][gc,heap       ] GC(437) Eden regions: 44->0(144)
[13.038s][info ][gc,heap       ] GC(437) Survivor regions: 7->7(7)
[13.038s][info ][gc,heap       ] GC(437) Old regions: 493->532
[13.038s][info ][gc,heap       ] GC(437) Archive regions: 0->0
[13.038s][info ][gc,heap       ] GC(437) Humongous regions: 0->0
[13.038s][info ][gc,metaspace  ] GC(437) Metaspace: 6341K(6464K)->6341K(6464K) NonClass: 5794K(5824K)->5794K(5824K) Class: 546K(640K)->546K(640K)
[13.038s][debug][gc,heap       ] GC(437) Heap after GC invocations=437 (full 0):
[13.038s][debug][gc,heap       ] GC(437)  garbage-first heap   total 1048576K, used 551212K [0x00000000c0000000, 0x0000000100000000)
[13.038s][debug][gc,heap       ] GC(437)   region size 1024K, 7 young (7168K), 7 survivors (7168K)
[13.038s][debug][gc,heap       ] GC(437)  Metaspace       used 6341K, committed 6464K, reserved 1114112K
[13.038s][debug][gc,heap       ] GC(437)   class space    used 546K, committed 640K, reserved 1048576K
[13.038s][info ][gc            ] GC(437) Pause Young (Normal) (G1 Evacuation Pause) 543M->538M(1024M) 10.077ms
[13.038s][info ][gc,cpu        ] GC(437) User=0.09s Sys=0.00s Real=0.01s
[13.038s][info ][safepoint     ] Safepoint "G1CollectForAllocation", Time since last: 1314400 ns, Reaching safepoint: 73900 ns, Cleanup: 3400 ns, At safepoint: 10275800 ns, Total: 10353100 ns
[13.040s][info ][gc,marking    ] GC(436) Concurrent Rebuild Remembered Sets 13.099ms
[13.040s][info ][gc,start      ] GC(436) Pause Cleanup
[13.041s][debug][gc,ergo,cset  ] GC(436) Pruned 125 regions out of 432, leaving 53484208 bytes waste (allowed 53687091)
[13.041s][info ][gc            ] GC(436) Pause Cleanup 549M->549M(1024M) 1.075ms
[13.041s][info ][gc,cpu        ] GC(436) User=0.00s Sys=0.00s Real=0.00s
[13.041s][info ][safepoint     ] Safepoint "G1PauseCleanup", Time since last: 1753700 ns, Reaching safepoint: 6800 ns, Cleanup: 8000 ns, At safepoint: 1127500 ns, Total: 1142300 ns
[13.041s][info ][gc,marking    ] GC(436) Concurrent Cleanup for Next Mark
[13.041s][debug][gc,ergo       ] GC(436) Running G1 Clear Bitmap with 3 workers for 16 work units.
[13.044s][info ][gc,marking    ] GC(436) Concurrent Cleanup for Next Mark 2.306ms
[13.044s][info ][gc            ] GC(436) Concurrent Mark Cycle 24.651ms
[13.060s][debug][gc,heap       ] GC(438) Heap before GC invocations=438 (full 0):
[13.060s][debug][gc,heap       ] GC(438)  garbage-first heap   total 1048576K, used 697644K [0x00000000c0000000, 0x0000000100000000)
[13.060s][debug][gc,heap       ] GC(438)   region size 1024K, 151 young (154624K), 7 survivors (7168K)
[13.060s][debug][gc,heap       ] GC(438)  Metaspace       used 6341K, committed 6464K, reserved 1114112K
[13.060s][debug][gc,heap       ] GC(438)   class space    used 546K, committed 640K, reserved 1048576K
[13.060s][info ][gc,start      ] GC(438) Pause Young (Prepare Mixed) (G1 Evacuation Pause)
[13.060s][info ][gc,task       ] GC(438) Using 10 workers of 10 for evacuation
[13.060s][trace][gc,ergo,cset  ] GC(438) Start choosing CSet. Pending cards: 48 target pause time: 200.00ms
[13.060s][trace][gc,ergo,cset  ] GC(438) Added young regions to CSet. Eden: 144 regions, Survivors: 7 regions, predicted eden time: 20.64ms, predicted base time: 1.37ms, target pause time: 200.00ms, remaining time: 177.99ms
[13.060s][debug][gc,ergo       ] GC(438) Running G1 Merge Heap Roots using 10 workers for 151 regions
[13.083s][debug][gc,ergo       ] GC(438) Running G1 Rebuild Free List Task using 10 workers for rebuilding free list of regions
[13.083s][debug][gc,ergo,heap  ] GC(438) Heap expansion: short term pause time ratio 32.27% long term pause time ratio 56.24% threshold 7.69% pause time ratio 7.69% fully expanded true resize by 0B
[13.084s][debug][gc,ergo,refine] GC(438) Concurrent refinement times: Logged Cards Scan time goal: 20.00ms Logged Cards Scan time: 0.06ms HCC time: 0.00ms
[13.084s][trace][gc,ergo,refine] GC(438) Updating Refinement Zones: logged cards scan time: 0.065ms, processed cards: 31, goal time: 20.000ms
[13.084s][debug][gc,ergo,refine] GC(438) Updated Refinement Zones: green: 2560, yellow: 7680, red: 12800
[13.084s][info ][gc,phases     ] GC(438)   Pre Evacuate Collection Set: 0.3ms
[13.084s][info ][gc,phases     ] GC(438)   Merge Heap Roots: 0.2ms
[13.084s][info ][gc,phases     ] GC(438)   Evacuate Collection Set: 21.5ms
[13.084s][info ][gc,phases     ] GC(438)   Post Evacuate Collection Set: 1.4ms
[13.084s][info ][gc,phases     ] GC(438)   Other: 0.4ms
[13.084s][info ][gc,heap       ] GC(438) Eden regions: 144->0(32)
[13.084s][info ][gc,heap       ] GC(438) Survivor regions: 7->19(19)
[13.084s][info ][gc,heap       ] GC(438) Old regions: 532->618
[13.084s][info ][gc,heap       ] GC(438) Archive regions: 0->0
[13.084s][info ][gc,heap       ] GC(438) Humongous regions: 0->0
[13.084s][info ][gc,metaspace  ] GC(438) Metaspace: 6341K(6464K)->6341K(6464K) NonClass: 5794K(5824K)->5794K(5824K) Class: 546K(640K)->546K(640K)
[13.084s][debug][gc,heap       ] GC(438) Heap after GC invocations=439 (full 0):
[13.084s][debug][gc,heap       ] GC(438)  garbage-first heap   total 1048576K, used 652064K [0x00000000c0000000, 0x0000000100000000)
[13.084s][debug][gc,heap       ] GC(438)   region size 1024K, 19 young (19456K), 19 survivors (19456K)
[13.084s][debug][gc,heap       ] GC(438)  Metaspace       used 6341K, committed 6464K, reserved 1114112K
[13.084s][debug][gc,heap       ] GC(438)   class space    used 546K, committed 640K, reserved 1048576K
[13.084s][info ][gc            ] GC(438) Pause Young (Prepare Mixed) (G1 Evacuation Pause) 682M->636M(1024M) 23.760ms
[13.084s][info ][gc,cpu        ] GC(438) User=0.22s Sys=0.00s Real=0.03s
[13.084s][info ][safepoint     ] Safepoint "G1CollectForAllocation", Time since last: 18709801 ns, Reaching safepoint: 5600 ns, Cleanup: 5600 ns, At safepoint: 23932901 ns, Total: 23944101 ns
[13.087s][debug][gc,heap       ] GC(439) Heap before GC invocations=439 (full 0):
[13.087s][debug][gc,heap       ] GC(439)  garbage-first heap   total 1048576K, used 683808K [0x00000000c0000000, 0x0000000100000000)
[13.087s][debug][gc,heap       ] GC(439)   region size 1024K, 51 young (52224K), 19 survivors (19456K)
[13.087s][debug][gc,heap       ] GC(439)  Metaspace       used 6341K, committed 6464K, reserved 1114112K
[13.087s][debug][gc,heap       ] GC(439)   class space    used 546K, committed 640K, reserved 1048576K
[13.087s][info ][gc,start      ] GC(439) Pause Young (Mixed) (G1 Evacuation Pause)
[13.087s][info ][gc,task       ] GC(439) Using 10 workers of 10 for evacuation
[13.087s][trace][gc,ergo,cset  ] GC(439) Start choosing CSet. Pending cards: 46 target pause time: 200.00ms
[13.087s][trace][gc,ergo,cset  ] GC(439) Added young regions to CSet. Eden: 32 regions, Survivors: 19 regions, predicted eden time: 6.06ms, predicted base time: 1.48ms, target pause time: 200.00ms, remaining time: 192.47ms
[13.087s][debug][gc,ergo,cset  ] GC(439) Start adding old regions to collection set. Min 39 regions, max 103 regions, time remaining 192.47ms, optional threshold 38.49ms
[13.087s][debug][gc,ergo,cset  ] GC(439) Finish adding old regions to collection set (Maximum number of regions). Initial 103 regions, optional 0 regions
[13.087s][debug][gc,ergo,cset  ] GC(439) Finish choosing collection set old regions. Initial: 103, optional: 0, predicted old time: 0.00ms, predicted optional time: 0.00ms, time remaining: 190.37
[13.088s][debug][gc,ergo       ] GC(439) Running G1 Merge Heap Roots using 10 workers for 154 regions
[13.097s][debug][gc,ergo       ] GC(439) Running G1 Rebuild Free List Task using 10 workers for rebuilding free list of regions
[13.097s][debug][gc,ergo,heap  ] GC(439) Heap expansion: short term pause time ratio 55.37% long term pause time ratio 57.81% threshold 7.69% pause time ratio 7.69% fully expanded true resize by 0B
[13.097s][debug][gc,ergo,refine] GC(439) Concurrent refinement times: Logged Cards Scan time goal: 20.00ms Logged Cards Scan time: 0.02ms HCC time: 0.00ms
[13.097s][trace][gc,ergo,refine] GC(439) Updating Refinement Zones: logged cards scan time: 0.017ms, processed cards: 23, goal time: 19.999ms
[13.097s][debug][gc,ergo,refine] GC(439) Updated Refinement Zones: green: 2560, yellow: 7680, red: 12800
[13.097s][info ][gc,phases     ] GC(439)   Pre Evacuate Collection Set: 0.3ms
[13.097s][info ][gc,phases     ] GC(439)   Merge Heap Roots: 0.2ms
[13.097s][info ][gc,phases     ] GC(439)   Evacuate Collection Set: 8.6ms
[13.097s][info ][gc,phases     ] GC(439)   Post Evacuate Collection Set: 0.5ms
[13.097s][info ][gc,phases     ] GC(439)   Other: 0.2ms
[13.097s][info ][gc,heap       ] GC(439) Eden regions: 32->0(44)
[13.097s][info ][gc,heap       ] GC(439) Survivor regions: 19->7(7)
[13.097s][info ][gc,heap       ] GC(439) Old regions: 618->556
[13.097s][info ][gc,heap       ] GC(439) Archive regions: 0->0
[13.097s][info ][gc,heap       ] GC(439) Humongous regions: 0->0
[13.097s][info ][gc,metaspace  ] GC(439) Metaspace: 6341K(6464K)->6341K(6464K) NonClass: 5794K(5824K)->5794K(5824K) Class: 546K(640K)->546K(640K)
[13.097s][debug][gc,heap       ] GC(439) Heap after GC invocations=440 (full 0):
[13.097s][debug][gc,heap       ] GC(439)  garbage-first heap   total 1048576K, used 576288K [0x00000000c0000000, 0x0000000100000000)
[13.097s][debug][gc,heap       ] GC(439)   region size 1024K, 7 young (7168K), 7 survivors (7168K)
[13.097s][debug][gc,heap       ] GC(439)  Metaspace       used 6341K, committed 6464K, reserved 1114112K
[13.097s][debug][gc,heap       ] GC(439)   class space    used 546K, committed 640K, reserved 1048576K
[13.097s][info ][gc            ] GC(439) Pause Young (Mixed) (G1 Evacuation Pause) 668M->562M(1024M) 9.778ms
[13.097s][info ][gc,cpu        ] GC(439) User=0.09s Sys=0.00s Real=0.01s
[13.097s][info ][safepoint     ] Safepoint "G1CollectForAllocation", Time since last: 3201800 ns, Reaching safepoint: 6000 ns, Cleanup: 5500 ns, At safepoint: 9892500 ns, Total: 9904000 ns
[13.105s][debug][gc,heap       ] GC(440) Heap before GC invocations=440 (full 0):
[13.105s][debug][gc,heap       ] GC(440)  garbage-first heap   total 1048576K, used 620320K [0x00000000c0000000, 0x0000000100000000)
[13.105s][debug][gc,heap       ] GC(440)   region size 1024K, 51 young (52224K), 7 survivors (7168K)
[13.105s][debug][gc,heap       ] GC(440)  Metaspace       used 6341K, committed 6464K, reserved 1114112K
[13.105s][debug][gc,heap       ] GC(440)   class space    used 546K, committed 640K, reserved 1048576K
[13.105s][info ][gc,start      ] GC(440) Pause Young (Mixed) (G1 Evacuation Pause)
[13.105s][info ][gc,task       ] GC(440) Using 10 workers of 10 for evacuation
[13.105s][trace][gc,ergo,cset  ] GC(440) Start choosing CSet. Pending cards: 50 target pause time: 200.00ms
[13.105s][trace][gc,ergo,cset  ] GC(440) Added young regions to CSet. Eden: 44 regions, Survivors: 7 regions, predicted eden time: 7.87ms, predicted base time: 1.37ms, target pause time: 200.00ms, remaining time: 190.77ms
[13.105s][debug][gc,ergo,cset  ] GC(440) Start adding old regions to collection set. Min 39 regions, max 103 regions, time remaining 190.77ms, optional threshold 38.15ms
[13.105s][debug][gc,ergo,cset  ] GC(440) Finish adding old regions to collection set (Maximum number of regions). Initial 103 regions, optional 0 regions
[13.105s][debug][gc,ergo,cset  ] GC(440) Finish choosing collection set old regions. Initial: 103, optional: 0, predicted old time: 0.00ms, predicted optional time: 0.00ms, time remaining: 187.60
[13.105s][debug][gc,ergo       ] GC(440) Running G1 Merge Heap Roots using 10 workers for 154 regions
[13.115s][debug][gc,ergo       ] GC(440) Running G1 Rebuild Free List Task using 10 workers for rebuilding free list of regions
[13.115s][debug][gc,ergo,heap  ] GC(440) Heap expansion: short term pause time ratio 72.17% long term pause time ratio 59.57% threshold 7.69% pause time ratio 7.69% fully expanded true resize by 0B
[13.115s][debug][gc,ergo,refine] GC(440) Concurrent refinement times: Logged Cards Scan time goal: 20.00ms Logged Cards Scan time: 0.03ms HCC time: 0.00ms
[13.115s][trace][gc,ergo,refine] GC(440) Updating Refinement Zones: logged cards scan time: 0.029ms, processed cards: 25, goal time: 19.999ms
[13.115s][debug][gc,ergo,refine] GC(440) Updated Refinement Zones: green: 2560, yellow: 7680, red: 12800
[13.115s][info ][gc,phases     ] GC(440)   Pre Evacuate Collection Set: 0.3ms
[13.115s][info ][gc,phases     ] GC(440)   Merge Heap Roots: 0.2ms
[13.115s][info ][gc,phases     ] GC(440)   Evacuate Collection Set: 9.1ms
[13.115s][info ][gc,phases     ] GC(440)   Post Evacuate Collection Set: 0.6ms
[13.115s][info ][gc,phases     ] GC(440)   Other: 0.2ms
[13.115s][info ][gc,heap       ] GC(440) Eden regions: 44->0(44)
[13.115s][info ][gc,heap       ] GC(440) Survivor regions: 7->7(7)
[13.115s][info ][gc,heap       ] GC(440) Old regions: 556->496
[13.115s][info ][gc,heap       ] GC(440) Archive regions: 0->0
[13.115s][info ][gc,heap       ] GC(440) Humongous regions: 0->0
[13.115s][info ][gc,metaspace  ] GC(440) Metaspace: 6341K(6464K)->6341K(6464K) NonClass: 5794K(5824K)->5794K(5824K) Class: 546K(640K)->546K(640K)
[13.115s][debug][gc,heap       ] GC(440) Heap after GC invocations=441 (full 0):
[13.115s][debug][gc,heap       ] GC(440)  garbage-first heap   total 1048576K, used 514248K [0x00000000c0000000, 0x0000000100000000)
[13.115s][debug][gc,heap       ] GC(440)   region size 1024K, 7 young (7168K), 7 survivors (7168K)
[13.115s][debug][gc,heap       ] GC(440)  Metaspace       used 6341K, committed 6464K, reserved 1114112K
[13.115s][debug][gc,heap       ] GC(440)   class space    used 546K, committed 640K, reserved 1048576K
[13.115s][info ][gc            ] GC(440) Pause Young (Mixed) (G1 Evacuation Pause) 606M->502M(1024M) 10.434ms
[13.115s][info ][gc,cpu        ] GC(440) User=0.09s Sys=0.00s Real=0.01s
[13.115s][info ][safepoint     ] Safepoint "G1CollectForAllocation", Time since last: 7774600 ns, Reaching safepoint: 6100 ns, Cleanup: 6100 ns, At safepoint: 10561801 ns, Total: 10574001 ns
[13.122s][debug][gc,heap       ] GC(441) Heap before GC invocations=441 (full 0):
[13.122s][debug][gc,heap       ] GC(441)  garbage-first heap   total 1048576K, used 558280K [0x00000000c0000000, 0x0000000100000000)
[13.122s][debug][gc,heap       ] GC(441)   region size 1024K, 51 young (52224K), 7 survivors (7168K)
[13.122s][debug][gc,heap       ] GC(441)  Metaspace       used 6341K, committed 6464K, reserved 1114112K
[13.122s][debug][gc,heap       ] GC(441)   class space    used 546K, committed 640K, reserved 1048576K
[13.122s][info ][gc,start      ] GC(441) Pause Young (Mixed) (G1 Evacuation Pause)
[13.122s][info ][gc,task       ] GC(441) Using 10 workers of 10 for evacuation
[13.122s][trace][gc,ergo,cset  ] GC(441) Start choosing CSet. Pending cards: 40 target pause time: 200.00ms
[13.122s][trace][gc,ergo,cset  ] GC(441) Added young regions to CSet. Eden: 44 regions, Survivors: 7 regions, predicted eden time: 7.75ms, predicted base time: 1.30ms, target pause time: 200.00ms, remaining time: 190.95ms
[13.122s][debug][gc,ergo,cset  ] GC(441) Start adding old regions to collection set. Min 39 regions, max 103 regions, time remaining 190.95ms, optional threshold 38.19ms
[13.122s][debug][gc,ergo,cset  ] GC(441) Old candidate collection set empty.
[13.122s][debug][gc,ergo,cset  ] GC(441) Finish choosing collection set old regions. Initial: 101, optional: 0, predicted old time: 0.00ms, predicted optional time: 0.00ms, time remaining: 184.63
[13.123s][debug][gc,ergo       ] GC(441) Running G1 Merge Heap Roots using 10 workers for 152 regions
[13.133s][debug][gc,ergo       ] GC(441) Running G1 Rebuild Free List Task using 10 workers for rebuilding free list of regions
[13.134s][debug][gc,ergo,heap  ] GC(441) Heap expansion: short term pause time ratio 56.08% long term pause time ratio 58.87% threshold 7.69% pause time ratio 7.69% fully expanded true resize by 0B
[13.134s][debug][gc,ergo       ] GC(441) do not continue mixed GCs (candidate old regions not available)
[13.134s][debug][gc,ergo,refine] GC(441) Concurrent refinement times: Logged Cards Scan time goal: 20.00ms Logged Cards Scan time: 0.01ms HCC time: 0.00ms
[13.134s][trace][gc,ergo,refine] GC(441) Updating Refinement Zones: logged cards scan time: 0.009ms, processed cards: 22, goal time: 19.999ms
[13.134s][debug][gc,ergo,refine] GC(441) Updated Refinement Zones: green: 2560, yellow: 7680, red: 12800
[13.134s][info ][gc,phases     ] GC(441)   Pre Evacuate Collection Set: 0.4ms
[13.134s][info ][gc,phases     ] GC(441)   Merge Heap Roots: 0.2ms
[13.134s][info ][gc,phases     ] GC(441)   Evacuate Collection Set: 9.9ms
[13.134s][info ][gc,phases     ] GC(441)   Post Evacuate Collection Set: 0.9ms
[13.134s][info ][gc,phases     ] GC(441)   Other: 0.2ms
[13.134s][info ][gc,heap       ] GC(441) Eden regions: 44->0(183)
[13.134s][info ][gc,heap       ] GC(441) Survivor regions: 7->7(7)
[13.134s][info ][gc,heap       ] GC(441) Old regions: 496->440
[13.134s][info ][gc,heap       ] GC(441) Archive regions: 0->0
[13.134s][info ][gc,heap       ] GC(441) Humongous regions: 0->0
[13.134s][info ][gc,metaspace  ] GC(441) Metaspace: 6341K(6464K)->6341K(6464K) NonClass: 5794K(5824K)->5794K(5824K) Class: 546K(640K)->546K(640K)
[13.134s][debug][gc,heap       ] GC(441) Heap after GC invocations=442 (full 0):
[13.134s][debug][gc,heap       ] GC(441)  garbage-first heap   total 1048576K, used 457104K [0x00000000c0000000, 0x0000000100000000)
[13.134s][debug][gc,heap       ] GC(441)   region size 1024K, 7 young (7168K), 7 survivors (7168K)
[13.134s][debug][gc,heap       ] GC(441)  Metaspace       used 6341K, committed 6464K, reserved 1114112K
[13.134s][debug][gc,heap       ] GC(441)   class space    used 546K, committed 640K, reserved 1048576K
[13.134s][info ][gc            ] GC(441) Pause Young (Mixed) (G1 Evacuation Pause) 546M->446M(1024M) 11.718ms
[13.134s][info ][gc,cpu        ] GC(441) User=0.10s Sys=0.00s Real=0.02s
[13.134s][info ][safepoint     ] Safepoint "G1CollectForAllocation", Time since last: 6875000 ns, Reaching safepoint: 5700 ns, Cleanup: 5700 ns, At safepoint: 11846700 ns, Total: 11858100 ns
[13.153s][debug][gc,heap       ] GC(442) Heap before GC invocations=442 (full 0):
[13.153s][debug][gc,heap       ] GC(442)  garbage-first heap   total 1048576K, used 643472K [0x00000000c0000000, 0x0000000100000000)
[13.153s][debug][gc,heap       ] GC(442)   region size 1024K, 190 young (194560K), 7 survivors (7168K)
[13.153s][debug][gc,heap       ] GC(442)  Metaspace       used 6341K, committed 6464K, reserved 1114112K
[13.153s][debug][gc,heap       ] GC(442)   class space    used 546K, committed 640K, reserved 1048576K
[13.153s][info ][gc,start      ] GC(442) Pause Young (Normal) (G1 Evacuation Pause)
[13.153s][info ][gc,task       ] GC(442) Using 10 workers of 10 for evacuation
[13.153s][trace][gc,ergo,cset  ] GC(442) Start choosing CSet. Pending cards: 32 target pause time: 200.00ms
[13.153s][trace][gc,ergo,cset  ] GC(442) Added young regions to CSet. Eden: 183 regions, Survivors: 7 regions, predicted eden time: 24.76ms, predicted base time: 1.28ms, target pause time: 200.00ms, remaining time: 173.96ms
[13.153s][debug][gc,ergo       ] GC(442) Running G1 Merge Heap Roots using 10 workers for 190 regions
[13.176s][debug][gc,ergo       ] GC(442) Running G1 Rebuild Free List Task using 10 workers for rebuilding free list of regions
[13.177s][debug][gc,ergo,heap  ] GC(442) Heap expansion: short term pause time ratio 61.27% long term pause time ratio 59.63% threshold 7.69% pause time ratio 7.69% fully expanded true resize by 0B
[13.177s][debug][gc,ergo,refine] GC(442) Concurrent refinement times: Logged Cards Scan time goal: 20.00ms Logged Cards Scan time: 0.04ms HCC time: 0.00ms
[13.177s][trace][gc,ergo,refine] GC(442) Updating Refinement Zones: logged cards scan time: 0.037ms, processed cards: 17, goal time: 19.999ms
[13.177s][debug][gc,ergo,refine] GC(442) Updated Refinement Zones: green: 2560, yellow: 7680, red: 12800
[13.177s][info ][gc,phases     ] GC(442)   Pre Evacuate Collection Set: 0.2ms
[13.177s][info ][gc,phases     ] GC(442)   Merge Heap Roots: 0.2ms
[13.177s][info ][gc,phases     ] GC(442)   Evacuate Collection Set: 22.8ms
[13.177s][info ][gc,phases     ] GC(442)   Post Evacuate Collection Set: 0.8ms
[13.177s][info ][gc,phases     ] GC(442)   Other: 0.3ms
[13.177s][info ][gc,heap       ] GC(442) Eden regions: 183->0(132)
[13.177s][info ][gc,heap       ] GC(442) Survivor regions: 7->24(24)
[13.177s][info ][gc,heap       ] GC(442) Old regions: 440->540
[13.177s][info ][gc,heap       ] GC(442) Archive regions: 0->0
[13.177s][info ][gc,heap       ] GC(442) Humongous regions: 0->0
[13.177s][info ][gc,metaspace  ] GC(442) Metaspace: 6341K(6464K)->6341K(6464K) NonClass: 5794K(5824K)->5794K(5824K) Class: 546K(640K)->546K(640K)
[13.177s][debug][gc,heap       ] GC(442) Heap after GC invocations=443 (full 0):
[13.177s][debug][gc,heap       ] GC(442)  garbage-first heap   total 1048576K, used 577112K [0x00000000c0000000, 0x0000000100000000)
[13.177s][debug][gc,heap       ] GC(442)   region size 1024K, 24 young (24576K), 24 survivors (24576K)
[13.177s][debug][gc,heap       ] GC(442)  Metaspace       used 6341K, committed 6464K, reserved 1114112K
[13.177s][debug][gc,heap       ] GC(442)   class space    used 546K, committed 640K, reserved 1048576K
[13.177s][info ][gc            ] GC(442) Pause Young (Normal) (G1 Evacuation Pause) 629M->563M(1024M) 24.438ms
[13.177s][info ][gc,cpu        ] GC(442) User=0.22s Sys=0.00s Real=0.03s
[13.177s][info ][safepoint     ] Safepoint "G1CollectForAllocation", Time since last: 18471901 ns, Reaching safepoint: 5500 ns, Cleanup: 6100 ns, At safepoint: 24578301 ns, Total: 24589901 ns
[13.189s][debug][gc,heap       ] GC(443) Heap before GC invocations=443 (full 0):
[13.189s][debug][gc,heap       ] GC(443)  garbage-first heap   total 1048576K, used 711256K [0x00000000c0000000, 0x0000000100000000)
[13.189s][debug][gc,heap       ] GC(443)   region size 1024K, 156 young (159744K), 24 survivors (24576K)
[13.189s][debug][gc,heap       ] GC(443)  Metaspace       used 6341K, committed 6464K, reserved 1114112K
[13.189s][debug][gc,heap       ] GC(443)   class space    used 546K, committed 640K, reserved 1048576K
[13.189s][info ][gc,start      ] GC(443) Pause Young (Normal) (G1 Evacuation Pause)
[13.189s][info ][gc,task       ] GC(443) Using 10 workers of 10 for evacuation
[13.189s][trace][gc,ergo,cset  ] GC(443) Start choosing CSet. Pending cards: 34 target pause time: 200.00ms
[13.189s][trace][gc,ergo,cset  ] GC(443) Added young regions to CSet. Eden: 132 regions, Survivors: 24 regions, predicted eden time: 18.99ms, predicted base time: 1.23ms, target pause time: 200.00ms, remaining time: 179.79ms
[13.189s][debug][gc,ergo       ] GC(443) Running G1 Merge Heap Roots using 10 workers for 156 regions
[13.210s][debug][gc,ergo       ] GC(443) Running G1 Rebuild Free List Task using 10 workers for rebuilding free list of regions
[13.211s][debug][gc,ergo,heap  ] GC(443) Heap expansion: short term pause time ratio 56.08% long term pause time ratio 58.49% threshold 7.69% pause time ratio 7.69% fully expanded true resize by 0B
[13.211s][debug][gc,ergo,refine] GC(443) Concurrent refinement times: Logged Cards Scan time goal: 20.00ms Logged Cards Scan time: 0.04ms HCC time: 0.00ms
[13.211s][trace][gc,ergo,refine] GC(443) Updating Refinement Zones: logged cards scan time: 0.039ms, processed cards: 17, goal time: 20.000ms
[13.211s][debug][gc,ergo,refine] GC(443) Updated Refinement Zones: green: 2560, yellow: 7680, red: 12800
[13.211s][info ][gc,phases     ] GC(443)   Pre Evacuate Collection Set: 0.2ms
[13.211s][info ][gc,phases     ] GC(443)   Merge Heap Roots: 0.2ms
[13.211s][info ][gc,phases     ] GC(443)   Evacuate Collection Set: 20.3ms
[13.211s][info ][gc,phases     ] GC(443)   Post Evacuate Collection Set: 0.6ms
[13.211s][info ][gc,phases     ] GC(443)   Other: 0.2ms
[13.211s][info ][gc,heap       ] GC(443) Eden regions: 132->0(96)
[13.211s][info ][gc,heap       ] GC(443) Survivor regions: 24->20(20)
[13.211s][info ][gc,heap       ] GC(443) Old regions: 540->630
[13.211s][info ][gc,heap       ] GC(443) Archive regions: 0->0
[13.211s][info ][gc,heap       ] GC(443) Humongous regions: 0->0
[13.211s][info ][gc,metaspace  ] GC(443) Metaspace: 6341K(6464K)->6341K(6464K) NonClass: 5794K(5824K)->5794K(5824K) Class: 546K(640K)->546K(640K)
[13.211s][debug][gc,heap       ] GC(443) Heap after GC invocations=444 (full 0):
[13.211s][debug][gc,heap       ] GC(443)  garbage-first heap   total 1048576K, used 665076K [0x00000000c0000000, 0x0000000100000000)
[13.211s][debug][gc,heap       ] GC(443)   region size 1024K, 20 young (20480K), 20 survivors (20480K)
[13.211s][debug][gc,heap       ] GC(443)  Metaspace       used 6341K, committed 6464K, reserved 1114112K
[13.211s][debug][gc,heap       ] GC(443)   class space    used 546K, committed 640K, reserved 1048576K
[13.211s][info ][gc            ] GC(443) Pause Young (Normal) (G1 Evacuation Pause) 695M->649M(1024M) 21.513ms
[13.211s][info ][gc,cpu        ] GC(443) User=0.21s Sys=0.00s Real=0.02s
[13.211s][info ][safepoint     ] Safepoint "G1CollectForAllocation", Time since last: 11941500 ns, Reaching safepoint: 4400 ns, Cleanup: 4800 ns, At safepoint: 21607301 ns, Total: 21616501 ns
[13.220s][debug][gc,heap       ] GC(444) Heap before GC invocations=444 (full 0):
[13.220s][debug][gc,heap       ] GC(444)  garbage-first heap   total 1048576K, used 762356K [0x00000000c0000000, 0x0000000100000000)
[13.220s][debug][gc,heap       ] GC(444)   region size 1024K, 116 young (118784K), 20 survivors (20480K)
[13.220s][debug][gc,heap       ] GC(444)  Metaspace       used 6341K, committed 6464K, reserved 1114112K
[13.220s][debug][gc,heap       ] GC(444)   class space    used 546K, committed 640K, reserved 1048576K
[13.220s][info ][gc,start      ] GC(444) Pause Young (Normal) (G1 Evacuation Pause)
[13.220s][info ][gc,task       ] GC(444) Using 10 workers of 10 for evacuation
[13.220s][trace][gc,ergo,cset  ] GC(444) Start choosing CSet. Pending cards: 40 target pause time: 200.00ms
[13.220s][trace][gc,ergo,cset  ] GC(444) Added young regions to CSet. Eden: 96 regions, Survivors: 20 regions, predicted eden time: 14.79ms, predicted base time: 1.15ms, target pause time: 200.00ms, remaining time: 184.06ms
[13.220s][debug][gc,ergo       ] GC(444) Running G1 Merge Heap Roots using 10 workers for 116 regions
[13.236s][debug][gc,ergo       ] GC(444) Running G1 Rebuild Free List Task using 10 workers for rebuilding free list of regions
[13.236s][debug][gc,ergo,heap  ] GC(444) Heap expansion: short term pause time ratio 63.37% long term pause time ratio 59.06% threshold 7.69% pause time ratio 7.69% fully expanded true resize by 0B
[13.236s][debug][gc,ergo,refine] GC(444) Concurrent refinement times: Logged Cards Scan time goal: 20.00ms Logged Cards Scan time: 0.03ms HCC time: 0.00ms
[13.236s][trace][gc,ergo,refine] GC(444) Updating Refinement Zones: logged cards scan time: 0.033ms, processed cards: 23, goal time: 19.999ms
[13.236s][debug][gc,ergo,refine] GC(444) Updated Refinement Zones: green: 2560, yellow: 7680, red: 12800
[13.236s][info ][gc,phases     ] GC(444)   Pre Evacuate Collection Set: 0.2ms
[13.236s][info ][gc,phases     ] GC(444)   Merge Heap Roots: 0.2ms
[13.236s][info ][gc,phases     ] GC(444)   Evacuate Collection Set: 15.7ms
[13.236s][info ][gc,phases     ] GC(444)   Post Evacuate Collection Set: 0.6ms
[13.236s][info ][gc,phases     ] GC(444)   Other: 0.2ms
[13.237s][info ][gc,heap       ] GC(444) Eden regions: 96->0(69)
[13.237s][info ][gc,heap       ] GC(444) Survivor regions: 20->15(15)
[13.237s][info ][gc,heap       ] GC(444) Old regions: 630->703
[13.237s][info ][gc,heap       ] GC(444) Archive regions: 0->0
[13.237s][info ][gc,heap       ] GC(444) Humongous regions: 0->0
[13.237s][info ][gc,metaspace  ] GC(444) Metaspace: 6341K(6464K)->6341K(6464K) NonClass: 5794K(5824K)->5794K(5824K) Class: 546K(640K)->546K(640K)
[13.237s][debug][gc,heap       ] GC(444) Heap after GC invocations=445 (full 0):
[13.237s][debug][gc,heap       ] GC(444)  garbage-first heap   total 1048576K, used 734608K [0x00000000c0000000, 0x0000000100000000)
[13.237s][debug][gc,heap       ] GC(444)   region size 1024K, 15 young (15360K), 15 survivors (15360K)
[13.237s][debug][gc,heap       ] GC(444)  Metaspace       used 6341K, committed 6464K, reserved 1114112K
[13.237s][debug][gc,heap       ] GC(444)   class space    used 546K, committed 640K, reserved 1048576K
[13.237s][info ][gc            ] GC(444) Pause Young (Normal) (G1 Evacuation Pause) 745M->717M(1024M) 16.894ms
[13.237s][info ][gc,cpu        ] GC(444) User=0.15s Sys=0.00s Real=0.02s
[13.237s][info ][safepoint     ] Safepoint "G1CollectForAllocation", Time since last: 8885201 ns, Reaching safepoint: 5700 ns, Cleanup: 6100 ns, At safepoint: 17011500 ns, Total: 17023300 ns
[13.241s][debug][gc,heap       ] GC(445) Heap before GC invocations=445 (full 0):
[13.242s][debug][gc,heap       ] GC(445)  garbage-first heap   total 1048576K, used 804240K [0x00000000c0000000, 0x0000000100000000)
[13.242s][debug][gc,heap       ] GC(445)   region size 1024K, 84 young (86016K), 15 survivors (15360K)
[13.242s][debug][gc,heap       ] GC(445)  Metaspace       used 6341K, committed 6464K, reserved 1114112K
[13.242s][debug][gc,heap       ] GC(445)   class space    used 546K, committed 640K, reserved 1048576K
[13.242s][info ][gc,start      ] GC(445) Pause Young (Normal) (G1 Evacuation Pause)
[13.242s][info ][gc,task       ] GC(445) Using 10 workers of 10 for evacuation
[13.242s][trace][gc,ergo,cset  ] GC(445) Start choosing CSet. Pending cards: 40 target pause time: 200.00ms
[13.242s][trace][gc,ergo,cset  ] GC(445) Added young regions to CSet. Eden: 69 regions, Survivors: 15 regions, predicted eden time: 11.20ms, predicted base time: 1.08ms, target pause time: 200.00ms, remaining time: 187.72ms
[13.242s][debug][gc,ergo       ] GC(445) Running G1 Merge Heap Roots using 10 workers for 84 regions
[13.255s][debug][gc,ergo       ] GC(445) Running G1 Rebuild Free List Task using 10 workers for rebuilding free list of regions
[13.255s][debug][gc,ergo,heap  ] GC(445) Heap expansion: short term pause time ratio 64.67% long term pause time ratio 59.55% threshold 7.69% pause time ratio 7.69% fully expanded true resize by 0B
[13.255s][debug][gc,ergo,refine] GC(445) Concurrent refinement times: Logged Cards Scan time goal: 20.00ms Logged Cards Scan time: 0.02ms HCC time: 0.00ms
[13.255s][trace][gc,ergo,refine] GC(445) Updating Refinement Zones: logged cards scan time: 0.022ms, processed cards: 24, goal time: 20.000ms
[13.255s][debug][gc,ergo,refine] GC(445) Updated Refinement Zones: green: 2560, yellow: 7680, red: 12800
[13.255s][info ][gc,phases     ] GC(445)   Pre Evacuate Collection Set: 0.3ms
[13.255s][info ][gc,phases     ] GC(445)   Merge Heap Roots: 0.2ms
[13.255s][info ][gc,phases     ] GC(445)   Evacuate Collection Set: 12.3ms
[13.255s][info ][gc,phases     ] GC(445)   Post Evacuate Collection Set: 0.5ms
[13.255s][info ][gc,phases     ] GC(445)   Other: 0.1ms
[13.255s][info ][gc,heap       ] GC(445) Eden regions: 69->0(49)
[13.255s][info ][gc,heap       ] GC(445) Survivor regions: 15->11(11)
[13.255s][info ][gc,heap       ] GC(445) Old regions: 703->761
[13.255s][info ][gc,heap       ] GC(445) Archive regions: 0->0
[13.255s][info ][gc,heap       ] GC(445) Humongous regions: 0->0
[13.255s][info ][gc,metaspace  ] GC(445) Metaspace: 6341K(6464K)->6341K(6464K) NonClass: 5794K(5824K)->5794K(5824K) Class: 546K(640K)->546K(640K)
[13.255s][debug][gc,heap       ] GC(445) Heap after GC invocations=446 (full 0):
[13.255s][debug][gc,heap       ] GC(445)  garbage-first heap   total 1048576K, used 789704K [0x00000000c0000000, 0x0000000100000000)
[13.255s][debug][gc,heap       ] GC(445)   region size 1024K, 11 young (11264K), 11 survivors (11264K)
[13.255s][debug][gc,heap       ] GC(445)  Metaspace       used 6341K, committed 6464K, reserved 1114112K
[13.255s][debug][gc,heap       ] GC(445)   class space    used 546K, committed 640K, reserved 1048576K
[13.255s][info ][gc            ] GC(445) Pause Young (Normal) (G1 Evacuation Pause) 786M->771M(1024M) 13.366ms
[13.255s][info ][gc,cpu        ] GC(445) User=0.12s Sys=0.00s Real=0.02s
[13.255s][info ][safepoint     ] Safepoint "G1CollectForAllocation", Time since last: 4886100 ns, Reaching safepoint: 5100 ns, Cleanup: 5300 ns, At safepoint: 13461201 ns, Total: 13471601 ns
[13.258s][debug][gc,heap       ] GC(446) Heap before GC invocations=446 (full 0):
[13.258s][debug][gc,heap       ] GC(446)  garbage-first heap   total 1048576K, used 838856K [0x00000000c0000000, 0x0000000100000000)
[13.258s][debug][gc,heap       ] GC(446)   region size 1024K, 60 young (61440K), 11 survivors (11264K)
[13.258s][debug][gc,heap       ] GC(446)  Metaspace       used 6341K, committed 6464K, reserved 1114112K
[13.258s][debug][gc,heap       ] GC(446)   class space    used 546K, committed 640K, reserved 1048576K
[13.258s][info ][gc,start      ] GC(446) Pause Young (Normal) (G1 Evacuation Pause)
[13.258s][info ][gc,task       ] GC(446) Using 10 workers of 10 for evacuation
[13.258s][trace][gc,ergo,cset  ] GC(446) Start choosing CSet. Pending cards: 34 target pause time: 200.00ms
[13.258s][trace][gc,ergo,cset  ] GC(446) Added young regions to CSet. Eden: 49 regions, Survivors: 11 regions, predicted eden time: 8.30ms, predicted base time: 1.00ms, target pause time: 200.00ms, remaining time: 190.70ms
[13.258s][debug][gc,ergo       ] GC(446) Running G1 Merge Heap Roots using 10 workers for 60 regions
[13.269s][debug][gc,ergo       ] GC(446) Running G1 Rebuild Free List Task using 10 workers for rebuilding free list of regions
[13.269s][debug][gc,ergo,heap  ] GC(446) Heap expansion: short term pause time ratio 72.11% long term pause time ratio 61.84% threshold 7.69% pause time ratio 7.69% fully expanded true resize by 0B
[13.269s][debug][gc,ergo,refine] GC(446) Concurrent refinement times: Logged Cards Scan time goal: 20.00ms Logged Cards Scan time: 0.02ms HCC time: 0.00ms
[13.269s][trace][gc,ergo,refine] GC(446) Updating Refinement Zones: logged cards scan time: 0.020ms, processed cards: 25, goal time: 20.000ms
[13.269s][debug][gc,ergo,refine] GC(446) Updated Refinement Zones: green: 2560, yellow: 7680, red: 12800
[13.269s][info ][gc,phases     ] GC(446)   Pre Evacuate Collection Set: 0.3ms
[13.269s][info ][gc,phases     ] GC(446)   Merge Heap Roots: 0.1ms
[13.269s][info ][gc,phases     ] GC(446)   Evacuate Collection Set: 10.1ms
[13.269s][info ][gc,phases     ] GC(446)   Post Evacuate Collection Set: 0.5ms
[13.269s][info ][gc,phases     ] GC(446)   Other: 0.2ms
[13.269s][info ][gc,heap       ] GC(446) Eden regions: 49->0(43)
[13.269s][info ][gc,heap       ] GC(446) Survivor regions: 11->8(8)
[13.269s][info ][gc,heap       ] GC(446) Old regions: 761->806
[13.269s][info ][gc,heap       ] GC(446) Archive regions: 0->0
[13.269s][info ][gc,heap       ] GC(446) Humongous regions: 0->0
[13.269s][info ][gc,metaspace  ] GC(446) Metaspace: 6341K(6464K)->6341K(6464K) NonClass: 5794K(5824K)->5794K(5824K) Class: 546K(640K)->546K(640K)
[13.269s][debug][gc,heap       ] GC(446) Heap after GC invocations=447 (full 0):
[13.269s][debug][gc,heap       ] GC(446)  garbage-first heap   total 1048576K, used 832712K [0x00000000c0000000, 0x0000000100000000)
[13.269s][debug][gc,heap       ] GC(446)   region size 1024K, 8 young (8192K), 8 survivors (8192K)
[13.269s][debug][gc,heap       ] GC(446)  Metaspace       used 6341K, committed 6464K, reserved 1114112K
[13.269s][debug][gc,heap       ] GC(446)   class space    used 546K, committed 640K, reserved 1048576K
[13.269s][info ][gc            ] GC(446) Pause Young (Normal) (G1 Evacuation Pause) 820M->813M(1024M) 11.229ms
[13.269s][info ][gc,cpu        ] GC(446) User=0.10s Sys=0.00s Real=0.01s
[13.269s][info ][safepoint     ] Safepoint "G1CollectForAllocation", Time since last: 3009900 ns, Reaching safepoint: 4600 ns, Cleanup: 5000 ns, At safepoint: 11343100 ns, Total: 11352700 ns
[13.272s][debug][gc,heap       ] GC(447) Heap before GC invocations=447 (full 0):
[13.272s][debug][gc,heap       ] GC(447)  garbage-first heap   total 1048576K, used 875720K [0x00000000c0000000, 0x0000000100000000)
[13.273s][debug][gc,heap       ] GC(447)   region size 1024K, 51 young (52224K), 8 survivors (8192K)
[13.273s][debug][gc,heap       ] GC(447)  Metaspace       used 6341K, committed 6464K, reserved 1114112K
[13.273s][debug][gc,heap       ] GC(447)   class space    used 546K, committed 640K, reserved 1048576K
[13.273s][info ][gc,start      ] GC(447) Pause Young (Normal) (G1 Evacuation Pause)
[13.273s][info ][gc,task       ] GC(447) Using 10 workers of 10 for evacuation
[13.273s][trace][gc,ergo,cset  ] GC(447) Start choosing CSet. Pending cards: 35 target pause time: 200.00ms
[13.273s][trace][gc,ergo,cset  ] GC(447) Added young regions to CSet. Eden: 43 regions, Survivors: 8 regions, predicted eden time: 7.46ms, predicted base time: 0.95ms, target pause time: 200.00ms, remaining time: 191.59ms
[13.273s][debug][gc,ergo       ] GC(447) Running G1 Merge Heap Roots using 10 workers for 51 regions
[13.281s][debug][gc,ergo       ] GC(447) Running G1 Rebuild Free List Task using 10 workers for rebuilding free list of regions
[13.282s][debug][gc,ergo,heap  ] GC(447) Heap expansion: short term pause time ratio 77.15% long term pause time ratio 61.58% threshold 7.69% pause time ratio 7.69% fully expanded true resize by 0B
[13.282s][debug][gc,ergo,ihop  ] GC(447) Request concurrent cycle initiation (occupancy higher than threshold) occupancy: 884998144B allocation request: 0B threshold: 859202825B (80.02) source: end of GC
[13.282s][debug][gc,ergo,refine] GC(447) Concurrent refinement times: Logged Cards Scan time goal: 20.00ms Logged Cards Scan time: 0.02ms HCC time: 0.00ms
[13.282s][trace][gc,ergo,refine] GC(447) Updating Refinement Zones: logged cards scan time: 0.019ms, processed cards: 18, goal time: 20.000ms
[13.282s][debug][gc,ergo,refine] GC(447) Updated Refinement Zones: green: 2560, yellow: 7680, red: 12800
[13.282s][info ][gc,phases     ] GC(447)   Pre Evacuate Collection Set: 0.2ms
[13.282s][info ][gc,phases     ] GC(447)   Merge Heap Roots: 0.1ms
[13.282s][info ][gc,phases     ] GC(447)   Evacuate Collection Set: 8.1ms
[13.282s][info ][gc,phases     ] GC(447)   Post Evacuate Collection Set: 0.5ms
[13.282s][info ][gc,phases     ] GC(447)   Other: 0.2ms
[13.282s][info ][gc,heap       ] GC(447) Eden regions: 43->0(44)
[13.282s][info ][gc,heap       ] GC(447) Survivor regions: 8->7(7)
[13.282s][info ][gc,heap       ] GC(447) Old regions: 806->844
[13.282s][info ][gc,heap       ] GC(447) Archive regions: 0->0
[13.282s][info ][gc,heap       ] GC(447) Humongous regions: 0->0
[13.282s][info ][gc,metaspace  ] GC(447) Metaspace: 6341K(6464K)->6341K(6464K) NonClass: 5794K(5824K)->5794K(5824K) Class: 546K(640K)->546K(640K)
[13.282s][debug][gc,heap       ] GC(447) Heap after GC invocations=448 (full 0):
[13.282s][debug][gc,heap       ] GC(447)  garbage-first heap   total 1048576K, used 870500K [0x00000000c0000000, 0x0000000100000000)
[13.282s][debug][gc,heap       ] GC(447)   region size 1024K, 7 young (7168K), 7 survivors (7168K)
[13.282s][debug][gc,heap       ] GC(447)  Metaspace       used 6341K, committed 6464K, reserved 1114112K
[13.282s][debug][gc,heap       ] GC(447)   class space    used 546K, committed 640K, reserved 1048576K
[13.282s][info ][gc            ] GC(447) Pause Young (Normal) (G1 Evacuation Pause) 856M->850M(1024M) 9.134ms
[13.282s][info ][gc,cpu        ] GC(447) User=0.08s Sys=0.00s Real=0.01s
[13.282s][info ][safepoint     ] Safepoint "G1CollectForAllocation", Time since last: 3135400 ns, Reaching safepoint: 5500 ns, Cleanup: 4700 ns, At safepoint: 9238701 ns, Total: 9248901 ns
[13.284s][debug][gc,heap       ] GC(448) Heap before GC invocations=448 (full 0):
[13.284s][debug][gc,heap       ] GC(448)  garbage-first heap   total 1048576K, used 914532K [0x00000000c0000000, 0x0000000100000000)
[13.284s][debug][gc,heap       ] GC(448)   region size 1024K, 51 young (52224K), 7 survivors (7168K)
[13.284s][debug][gc,heap       ] GC(448)  Metaspace       used 6341K, committed 6464K, reserved 1114112K
[13.284s][debug][gc,heap       ] GC(448)   class space    used 546K, committed 640K, reserved 1048576K
[13.284s][debug][gc,ergo       ] GC(448) Initiate concurrent cycle (concurrent cycle initiation requested)
[13.284s][info ][gc,start      ] GC(448) Pause Young (Concurrent Start) (G1 Evacuation Pause)
[13.284s][info ][gc,task       ] GC(448) Using 10 workers of 10 for evacuation
[13.285s][trace][gc,ergo,cset  ] GC(448) Start choosing CSet. Pending cards: 29 target pause time: 200.00ms
[13.285s][trace][gc,ergo,cset  ] GC(448) Added young regions to CSet. Eden: 44 regions, Survivors: 7 regions, predicted eden time: 7.50ms, predicted base time: 0.91ms, target pause time: 200.00ms, remaining time: 191.59ms
[13.285s][debug][gc,ergo       ] GC(448) Running G1 Merge Heap Roots using 10 workers for 51 regions
[13.294s][debug][gc,ergo       ] GC(448) Running G1 Rebuild Free List Task using 10 workers for rebuilding free list of regions
[13.294s][debug][gc,ergo,heap  ] GC(448) Heap expansion: short term pause time ratio 72.78% long term pause time ratio 62.55% threshold 7.69% pause time ratio 7.69% fully expanded true resize by 0B
[13.294s][debug][gc,ergo,refine] GC(448) Concurrent refinement times: Logged Cards Scan time goal: 20.00ms Logged Cards Scan time: 0.02ms HCC time: 0.00ms
[13.294s][trace][gc,ergo,refine] GC(448) Updating Refinement Zones: logged cards scan time: 0.015ms, processed cards: 20, goal time: 20.000ms
[13.294s][debug][gc,ergo,refine] GC(448) Updated Refinement Zones: green: 2560, yellow: 7680, red: 12800
[13.294s][info ][gc,phases     ] GC(448)   Pre Evacuate Collection Set: 0.3ms
[13.294s][info ][gc,phases     ] GC(448)   Merge Heap Roots: 0.2ms
[13.294s][info ][gc,phases     ] GC(448)   Evacuate Collection Set: 8.3ms
[13.294s][info ][gc,phases     ] GC(448)   Post Evacuate Collection Set: 0.5ms
[13.294s][info ][gc,phases     ] GC(448)   Other: 0.2ms
[13.294s][info ][gc,heap       ] GC(448) Eden regions: 44->0(44)
[13.294s][info ][gc,heap       ] GC(448) Survivor regions: 7->7(7)
[13.294s][info ][gc,heap       ] GC(448) Old regions: 844->882
[13.294s][info ][gc,heap       ] GC(448) Archive regions: 0->0
[13.294s][info ][gc,heap       ] GC(448) Humongous regions: 0->0
[13.294s][info ][gc,metaspace  ] GC(448) Metaspace: 6341K(6464K)->6341K(6464K) NonClass: 5794K(5824K)->5794K(5824K) Class: 546K(640K)->546K(640K)
[13.294s][debug][gc,heap       ] GC(448) Heap after GC invocations=449 (full 0):
[13.294s][debug][gc,heap       ] GC(448)  garbage-first heap   total 1048576K, used 909612K [0x00000000c0000000, 0x0000000100000000)
[13.294s][debug][gc,heap       ] GC(448)   region size 1024K, 7 young (7168K), 7 survivors (7168K)
[13.294s][debug][gc,heap       ] GC(448)  Metaspace       used 6341K, committed 6464K, reserved 1114112K
[13.294s][debug][gc,heap       ] GC(448)   class space    used 546K, committed 640K, reserved 1048576K
[13.294s][info ][gc            ] GC(448) Pause Young (Concurrent Start) (G1 Evacuation Pause) 894M->888M(1024M) 9.423ms
[13.294s][info ][gc,cpu        ] GC(448) User=0.08s Sys=0.00s Real=0.01s
[13.294s][info ][safepoint     ] Safepoint "G1CollectForAllocation", Time since last: 2685100 ns, Reaching safepoint: 5200 ns, Cleanup: 5300 ns, At safepoint: 9545200 ns, Total: 9555700 ns
[13.294s][info ][gc            ] GC(449) Concurrent Mark Cycle
[13.294s][info ][gc,marking    ] GC(449) Concurrent Clear Claimed Marks
[13.294s][info ][gc,marking    ] GC(449) Concurrent Clear Claimed Marks 0.008ms
[13.294s][info ][gc,marking    ] GC(449) Concurrent Scan Root Regions
[13.294s][debug][gc,ergo       ] GC(449) Running G1 Root Region Scan using 3 workers for 46 work units.
[13.294s][info ][gc,marking    ] GC(449) Concurrent Scan Root Regions 0.138ms
[13.294s][info ][gc,marking    ] GC(449) Concurrent Mark
[13.294s][info ][gc,marking    ] GC(449) Concurrent Mark From Roots
[13.294s][info ][gc,task       ] GC(449) Using 3 workers of 3 for marking
[13.298s][info ][gc,marking    ] GC(449) Concurrent Mark From Roots 3.842ms
[13.298s][info ][gc,marking    ] GC(449) Concurrent Preclean
[13.298s][info ][gc,marking    ] GC(449) Concurrent Preclean 0.052ms
[13.298s][info ][gc,start      ] GC(449) Pause Remark
[13.299s][debug][gc,ergo       ] GC(449) Running G1 Update RemSet Tracking Before Rebuild using 3 workers for 1024 regions in heap
[13.300s][info ][gc            ] GC(449) Pause Remark 917M->540M(1024M) 1.732ms
[13.300s][info ][gc,cpu        ] GC(449) User=0.01s Sys=0.00s Real=0.00s
[13.300s][info ][safepoint     ] Safepoint "G1PauseRemark", Time since last: 4240400 ns, Reaching safepoint: 96200 ns, Cleanup: 18100 ns, At safepoint: 1805700 ns, Total: 1920000 ns
[13.300s][info ][gc,marking    ] GC(449) Concurrent Mark 6.013ms
[13.300s][info ][gc,marking    ] GC(449) Concurrent Rebuild Remembered Sets
[13.302s][debug][gc,heap       ] GC(450) Heap before GC invocations=449 (full 0):
[13.302s][debug][gc,heap       ] GC(450)  garbage-first heap   total 1048576K, used 567596K [0x00000000c0000000, 0x0000000100000000)
[13.302s][debug][gc,heap       ] GC(450)   region size 1024K, 51 young (52224K), 7 survivors (7168K)
[13.302s][debug][gc,heap       ] GC(450)  Metaspace       used 6341K, committed 6464K, reserved 1114112K
[13.302s][debug][gc,heap       ] GC(450)   class space    used 546K, committed 640K, reserved 1048576K
[13.302s][info ][gc,start      ] GC(450) Pause Young (Normal) (G1 Evacuation Pause)
[13.302s][info ][gc,task       ] GC(450) Using 10 workers of 10 for evacuation
[13.302s][trace][gc,ergo,cset  ] GC(450) Start choosing CSet. Pending cards: 59 target pause time: 200.00ms
[13.302s][trace][gc,ergo,cset  ] GC(450) Added young regions to CSet. Eden: 44 regions, Survivors: 7 regions, predicted eden time: 7.61ms, predicted base time: 0.89ms, target pause time: 200.00ms, remaining time: 191.50ms
[13.302s][debug][gc,ergo       ] GC(450) Running G1 Merge Heap Roots using 10 workers for 51 regions
[13.310s][debug][gc,ergo       ] GC(450) Running G1 Rebuild Free List Task using 10 workers for rebuilding free list of regions
[13.310s][debug][gc,ergo,heap  ] GC(450) Heap expansion: short term pause time ratio 27.18% long term pause time ratio 63.12% threshold 7.69% pause time ratio 7.69% fully expanded true resize by 0B
[13.310s][debug][gc,ergo,refine] GC(450) Concurrent refinement times: Logged Cards Scan time goal: 20.00ms Logged Cards Scan time: 0.02ms HCC time: 0.00ms
[13.310s][trace][gc,ergo,refine] GC(450) Updating Refinement Zones: logged cards scan time: 0.022ms, processed cards: 46, goal time: 20.000ms
[13.310s][debug][gc,ergo,refine] GC(450) Updated Refinement Zones: green: 2560, yellow: 7680, red: 12800
[13.310s][info ][gc,phases     ] GC(450)   Pre Evacuate Collection Set: 0.2ms
[13.310s][info ][gc,phases     ] GC(450)   Merge Heap Roots: 0.1ms
[13.310s][info ][gc,phases     ] GC(450)   Evacuate Collection Set: 7.6ms
[13.310s][info ][gc,phases     ] GC(450)   Post Evacuate Collection Set: 0.5ms
[13.310s][info ][gc,phases     ] GC(450)   Other: 0.1ms
[13.310s][info ][gc,heap       ] GC(450) Eden regions: 44->0(126)
[13.310s][info ][gc,heap       ] GC(450) Survivor regions: 7->7(7)
[13.310s][info ][gc,heap       ] GC(450) Old regions: 505->541
[13.310s][info ][gc,heap       ] GC(450) Archive regions: 0->0
[13.310s][info ][gc,heap       ] GC(450) Humongous regions: 0->0
[13.310s][info ][gc,metaspace  ] GC(450) Metaspace: 6341K(6464K)->6341K(6464K) NonClass: 5794K(5824K)->5794K(5824K) Class: 546K(640K)->546K(640K)
[13.310s][debug][gc,heap       ] GC(450) Heap after GC invocations=450 (full 0):
[13.310s][debug][gc,heap       ] GC(450)  garbage-first heap   total 1048576K, used 561028K [0x00000000c0000000, 0x0000000100000000)
[13.310s][debug][gc,heap       ] GC(450)   region size 1024K, 7 young (7168K), 7 survivors (7168K)
[13.310s][debug][gc,heap       ] GC(450)  Metaspace       used 6341K, committed 6464K, reserved 1114112K
[13.310s][debug][gc,heap       ] GC(450)   class space    used 546K, committed 640K, reserved 1048576K
[13.310s][info ][gc            ] GC(450) Pause Young (Normal) (G1 Evacuation Pause) 555M->547M(1024M) 8.531ms
[13.310s][info ][gc,cpu        ] GC(450) User=0.07s Sys=0.00s Real=0.01s
[13.310s][info ][safepoint     ] Safepoint "G1CollectForAllocation", Time since last: 1673701 ns, Reaching safepoint: 44600 ns, Cleanup: 4900 ns, At safepoint: 8683400 ns, Total: 8732900 ns
[13.311s][info ][gc,marking    ] GC(449) Concurrent Rebuild Remembered Sets 10.728ms
[13.311s][info ][gc,start      ] GC(449) Pause Cleanup
[13.311s][debug][gc,ergo,cset  ] GC(449) Pruned 128 regions out of 450, leaving 53398824 bytes waste (allowed 53687091)
[13.311s][info ][gc            ] GC(449) Pause Cleanup 550M->550M(1024M) 0.338ms
[13.311s][info ][gc,cpu        ] GC(449) User=0.00s Sys=0.00s Real=0.00s
[13.311s][info ][safepoint     ] Safepoint "G1PauseCleanup", Time since last: 431600 ns, Reaching safepoint: 1600 ns, Cleanup: 2100 ns, At safepoint: 359300 ns, Total: 363000 ns
[13.311s][info ][gc,marking    ] GC(449) Concurrent Cleanup for Next Mark
[13.311s][debug][gc,ergo       ] GC(449) Running G1 Clear Bitmap with 3 workers for 16 work units.
[13.313s][info ][gc,marking    ] GC(449) Concurrent Cleanup for Next Mark 1.923ms
[13.313s][info ][gc            ] GC(449) Concurrent Mark Cycle 19.436ms
[13.321s][debug][gc,heap       ] GC(451) Heap before GC invocations=451 (full 0):
[13.321s][debug][gc,heap       ] GC(451)  garbage-first heap   total 1048576K, used 689028K [0x00000000c0000000, 0x0000000100000000)
[13.321s][debug][gc,heap       ] GC(451)   region size 1024K, 133 young (136192K), 7 survivors (7168K)
[13.321s][debug][gc,heap       ] GC(451)  Metaspace       used 6341K, committed 6464K, reserved 1114112K
[13.321s][debug][gc,heap       ] GC(451)   class space    used 546K, committed 640K, reserved 1048576K
[13.321s][info ][gc,start      ] GC(451) Pause Young (Prepare Mixed) (G1 Evacuation Pause)
[13.321s][info ][gc,task       ] GC(451) Using 10 workers of 10 for evacuation
[13.321s][trace][gc,ergo,cset  ] GC(451) Start choosing CSet. Pending cards: 50 target pause time: 200.00ms
[13.321s][trace][gc,ergo,cset  ] GC(451) Added young regions to CSet. Eden: 126 regions, Survivors: 7 regions, predicted eden time: 20.22ms, predicted base time: 0.89ms, target pause time: 200.00ms, remaining time: 178.90ms
[13.321s][debug][gc,ergo       ] GC(451) Running G1 Merge Heap Roots using 10 workers for 133 regions
[13.339s][debug][gc,ergo       ] GC(451) Running G1 Rebuild Free List Task using 10 workers for rebuilding free list of regions
[13.340s][debug][gc,ergo,heap  ] GC(451) Heap expansion: short term pause time ratio 33.84% long term pause time ratio 64.97% threshold 7.69% pause time ratio 7.69% fully expanded true resize by 0B
[13.340s][debug][gc,ergo,refine] GC(451) Concurrent refinement times: Logged Cards Scan time goal: 20.00ms Logged Cards Scan time: 0.04ms HCC time: 0.00ms
[13.340s][trace][gc,ergo,refine] GC(451) Updating Refinement Zones: logged cards scan time: 0.036ms, processed cards: 30, goal time: 19.999ms
[13.340s][debug][gc,ergo,refine] GC(451) Updated Refinement Zones: green: 2560, yellow: 7680, red: 12800
[13.340s][info ][gc,phases     ] GC(451)   Pre Evacuate Collection Set: 0.3ms
[13.340s][info ][gc,phases     ] GC(451)   Merge Heap Roots: 0.2ms
[13.340s][info ][gc,phases     ] GC(451)   Evacuate Collection Set: 17.5ms
[13.340s][info ][gc,phases     ] GC(451)   Post Evacuate Collection Set: 0.6ms
[13.340s][info ][gc,phases     ] GC(451)   Other: 0.2ms
[13.340s][info ][gc,heap       ] GC(451) Eden regions: 126->0(34)
[13.340s][info ][gc,heap       ] GC(451) Survivor regions: 7->17(17)
[13.340s][info ][gc,heap       ] GC(451) Old regions: 541->621
[13.340s][info ][gc,heap       ] GC(451) Archive regions: 0->0
[13.340s][info ][gc,heap       ] GC(451) Humongous regions: 0->0
[13.340s][info ][gc,metaspace  ] GC(451) Metaspace: 6341K(6464K)->6341K(6464K) NonClass: 5794K(5824K)->5794K(5824K) Class: 546K(640K)->546K(640K)
[13.340s][debug][gc,heap       ] GC(451) Heap after GC invocations=452 (full 0):
[13.340s][debug][gc,heap       ] GC(451)  garbage-first heap   total 1048576K, used 652888K [0x00000000c0000000, 0x0000000100000000)
[13.340s][debug][gc,heap       ] GC(451)   region size 1024K, 17 young (17408K), 17 survivors (17408K)
[13.340s][debug][gc,heap       ] GC(451)  Metaspace       used 6341K, committed 6464K, reserved 1114112K
[13.340s][debug][gc,heap       ] GC(451)   class space    used 546K, committed 640K, reserved 1048576K
[13.340s][info ][gc            ] GC(451) Pause Young (Prepare Mixed) (G1 Evacuation Pause) 673M->637M(1024M) 18.660ms
[13.340s][info ][gc,cpu        ] GC(451) User=0.17s Sys=0.00s Real=0.02s
[13.340s][info ][safepoint     ] Safepoint "G1CollectForAllocation", Time since last: 9654900 ns, Reaching safepoint: 5100 ns, Cleanup: 4500 ns, At safepoint: 18769501 ns, Total: 18779101 ns
[13.342s][debug][gc,heap       ] GC(452) Heap before GC invocations=452 (full 0):
[13.342s][debug][gc,heap       ] GC(452)  garbage-first heap   total 1048576K, used 686680K [0x00000000c0000000, 0x0000000100000000)
[13.342s][debug][gc,heap       ] GC(452)   region size 1024K, 51 young (52224K), 17 survivors (17408K)
[13.342s][debug][gc,heap       ] GC(452)  Metaspace       used 6341K, committed 6464K, reserved 1114112K
[13.342s][debug][gc,heap       ] GC(452)   class space    used 546K, committed 640K, reserved 1048576K
[13.342s][info ][gc,start      ] GC(452) Pause Young (Mixed) (G1 Evacuation Pause)
[13.342s][info ][gc,task       ] GC(452) Using 10 workers of 10 for evacuation
[13.342s][trace][gc,ergo,cset  ] GC(452) Start choosing CSet. Pending cards: 37 target pause time: 200.00ms
[13.342s][trace][gc,ergo,cset  ] GC(452) Added young regions to CSet. Eden: 34 regions, Survivors: 17 regions, predicted eden time: 5.91ms, predicted base time: 1.01ms, target pause time: 200.00ms, remaining time: 193.08ms
[13.342s][debug][gc,ergo,cset  ] GC(452) Start adding old regions to collection set. Min 41 regions, max 103 regions, time remaining 193.08ms, optional threshold 38.62ms
[13.342s][debug][gc,ergo,cset  ] GC(452) Finish adding old regions to collection set (Maximum number of regions). Initial 103 regions, optional 0 regions
[13.342s][debug][gc,ergo,cset  ] GC(452) Finish choosing collection set old regions. Initial: 103, optional: 0, predicted old time: 0.00ms, predicted optional time: 0.00ms, time remaining: 191.15
[13.343s][debug][gc,ergo       ] GC(452) Running G1 Merge Heap Roots using 10 workers for 154 regions
[13.352s][debug][gc,ergo       ] GC(452) Running G1 Rebuild Free List Task using 10 workers for rebuilding free list of regions
[13.352s][debug][gc,ergo,heap  ] GC(452) Heap expansion: short term pause time ratio 65.46% long term pause time ratio 67.41% threshold 7.69% pause time ratio 7.69% fully expanded true resize by 0B
[13.352s][debug][gc,ergo,refine] GC(452) Concurrent refinement times: Logged Cards Scan time goal: 20.00ms Logged Cards Scan time: 0.02ms HCC time: 0.00ms
[13.352s][trace][gc,ergo,refine] GC(452) Updating Refinement Zones: logged cards scan time: 0.024ms, processed cards: 22, goal time: 19.999ms
[13.352s][debug][gc,ergo,refine] GC(452) Updated Refinement Zones: green: 2560, yellow: 7680, red: 12800
[13.352s][info ][gc,phases     ] GC(452)   Pre Evacuate Collection Set: 0.3ms
[13.352s][info ][gc,phases     ] GC(452)   Merge Heap Roots: 0.2ms
[13.352s][info ][gc,phases     ] GC(452)   Evacuate Collection Set: 8.9ms
[13.352s][info ][gc,phases     ] GC(452)   Post Evacuate Collection Set: 0.5ms
[13.352s][info ][gc,phases     ] GC(452)   Other: 0.2ms
[13.352s][info ][gc,heap       ] GC(452) Eden regions: 34->0(44)
[13.352s][info ][gc,heap       ] GC(452) Survivor regions: 17->7(7)
[13.352s][info ][gc,heap       ] GC(452) Old regions: 621->560
[13.352s][info ][gc,heap       ] GC(452) Archive regions: 0->0
[13.352s][info ][gc,heap       ] GC(452) Humongous regions: 0->0
[13.352s][info ][gc,metaspace  ] GC(452) Metaspace: 6341K(6464K)->6341K(6464K) NonClass: 5794K(5824K)->5794K(5824K) Class: 546K(640K)->546K(640K)
[13.352s][debug][gc,heap       ] GC(452) Heap after GC invocations=453 (full 0):
[13.352s][debug][gc,heap       ] GC(452)  garbage-first heap   total 1048576K, used 580284K [0x00000000c0000000, 0x0000000100000000)
[13.352s][debug][gc,heap       ] GC(452)   region size 1024K, 7 young (7168K), 7 survivors (7168K)
[13.352s][debug][gc,heap       ] GC(452)  Metaspace       used 6341K, committed 6464K, reserved 1114112K
[13.352s][debug][gc,heap       ] GC(452)   class space    used 546K, committed 640K, reserved 1048576K
[13.352s][info ][gc            ] GC(452) Pause Young (Mixed) (G1 Evacuation Pause) 671M->566M(1024M) 10.062ms
[13.352s][info ][gc,cpu        ] GC(452) User=0.09s Sys=0.00s Real=0.01s
[13.352s][info ][safepoint     ] Safepoint "G1CollectForAllocation", Time since last: 2456600 ns, Reaching safepoint: 4400 ns, Cleanup: 4700 ns, At safepoint: 10166800 ns, Total: 10175900 ns
[13.355s][debug][gc,heap       ] GC(453) Heap before GC invocations=453 (full 0):
[13.355s][debug][gc,heap       ] GC(453)  garbage-first heap   total 1048576K, used 624316K [0x00000000c0000000, 0x0000000100000000)
[13.355s][debug][gc,heap       ] GC(453)   region size 1024K, 51 young (52224K), 7 survivors (7168K)
[13.355s][debug][gc,heap       ] GC(453)  Metaspace       used 6341K, committed 6464K, reserved 1114112K
[13.355s][debug][gc,heap       ] GC(453)   class space    used 546K, committed 640K, reserved 1048576K
[13.355s][info ][gc,start      ] GC(453) Pause Young (Mixed) (G1 Evacuation Pause)
[13.355s][info ][gc,task       ] GC(453) Using 10 workers of 10 for evacuation
[13.355s][trace][gc,ergo,cset  ] GC(453) Start choosing CSet. Pending cards: 65 target pause time: 200.00ms
[13.355s][trace][gc,ergo,cset  ] GC(453) Added young regions to CSet. Eden: 44 regions, Survivors: 7 regions, predicted eden time: 7.37ms, predicted base time: 1.02ms, target pause time: 200.00ms, remaining time: 191.61ms
[13.355s][debug][gc,ergo,cset  ] GC(453) Start adding old regions to collection set. Min 41 regions, max 103 regions, time remaining 191.61ms, optional threshold 38.32ms
[13.355s][debug][gc,ergo,cset  ] GC(453) Finish adding old regions to collection set (Maximum number of regions). Initial 103 regions, optional 0 regions
[13.355s][debug][gc,ergo,cset  ] GC(453) Finish choosing collection set old regions. Initial: 103, optional: 0, predicted old time: 0.00ms, predicted optional time: 0.00ms, time remaining: 188.70
[13.356s][debug][gc,ergo       ] GC(453) Running G1 Merge Heap Roots using 10 workers for 154 regions
[13.366s][debug][gc,ergo       ] GC(453) Running G1 Rebuild Free List Task using 10 workers for rebuilding free list of regions
[13.366s][debug][gc,ergo,heap  ] GC(453) Heap expansion: short term pause time ratio 78.67% long term pause time ratio 69.38% threshold 7.69% pause time ratio 7.69% fully expanded true resize by 0B
[13.366s][debug][gc,ergo,refine] GC(453) Concurrent refinement times: Logged Cards Scan time goal: 20.00ms Logged Cards Scan time: 0.02ms HCC time: 0.00ms
[13.366s][trace][gc,ergo,refine] GC(453) Updating Refinement Zones: logged cards scan time: 0.024ms, processed cards: 51, goal time: 19.999ms
[13.366s][debug][gc,ergo,refine] GC(453) Updated Refinement Zones: green: 2560, yellow: 7680, red: 12800
[13.366s][info ][gc,phases     ] GC(453)   Pre Evacuate Collection Set: 0.3ms
[13.366s][info ][gc,phases     ] GC(453)   Merge Heap Roots: 0.2ms
[13.366s][info ][gc,phases     ] GC(453)   Evacuate Collection Set: 9.7ms
[13.366s][info ][gc,phases     ] GC(453)   Post Evacuate Collection Set: 0.6ms
[13.366s][info ][gc,phases     ] GC(453)   Other: 0.2ms
[13.366s][info ][gc,heap       ] GC(453) Eden regions: 44->0(44)
[13.366s][info ][gc,heap       ] GC(453) Survivor regions: 7->7(7)
[13.366s][info ][gc,heap       ] GC(453) Old regions: 560->500
[13.366s][info ][gc,heap       ] GC(453) Archive regions: 0->0
[13.366s][info ][gc,heap       ] GC(453) Humongous regions: 0->0
[13.366s][info ][gc,metaspace  ] GC(453) Metaspace: 6341K(6464K)->6341K(6464K) NonClass: 5794K(5824K)->5794K(5824K) Class: 546K(640K)->546K(640K)
[13.366s][debug][gc,heap       ] GC(453) Heap after GC invocations=454 (full 0):
[13.366s][debug][gc,heap       ] GC(453)  garbage-first heap   total 1048576K, used 519144K [0x00000000c0000000, 0x0000000100000000)
[13.366s][debug][gc,heap       ] GC(453)   region size 1024K, 7 young (7168K), 7 survivors (7168K)
[13.366s][debug][gc,heap       ] GC(453)  Metaspace       used 6341K, committed 6464K, reserved 1114112K
[13.366s][debug][gc,heap       ] GC(453)   class space    used 546K, committed 640K, reserved 1048576K
[13.366s][info ][gc            ] GC(453) Pause Young (Mixed) (G1 Evacuation Pause) 610M->506M(1024M) 10.923ms
[13.366s][info ][gc,cpu        ] GC(453) User=0.10s Sys=0.00s Real=0.01s
[13.366s][info ][safepoint     ] Safepoint "G1CollectForAllocation", Time since last: 2812100 ns, Reaching safepoint: 4900 ns, Cleanup: 4600 ns, At safepoint: 11033001 ns, Total: 11042501 ns
[13.370s][debug][gc,heap       ] GC(454) Heap before GC invocations=454 (full 0):
[13.370s][debug][gc,heap       ] GC(454)  garbage-first heap   total 1048576K, used 563176K [0x00000000c0000000, 0x0000000100000000)
[13.370s][debug][gc,heap       ] GC(454)   region size 1024K, 51 young (52224K), 7 survivors (7168K)
[13.370s][debug][gc,heap       ] GC(454)  Metaspace       used 6341K, committed 6464K, reserved 1114112K
[13.370s][debug][gc,heap       ] GC(454)   class space    used 546K, committed 640K, reserved 1048576K
[13.370s][info ][gc,start      ] GC(454) Pause Young (Mixed) (G1 Evacuation Pause)
[13.370s][info ][gc,task       ] GC(454) Using 10 workers of 10 for evacuation
[13.370s][trace][gc,ergo,cset  ] GC(454) Start choosing CSet. Pending cards: 82 target pause time: 200.00ms
[13.370s][trace][gc,ergo,cset  ] GC(454) Added young regions to CSet. Eden: 44 regions, Survivors: 7 regions, predicted eden time: 7.52ms, predicted base time: 1.00ms, target pause time: 200.00ms, remaining time: 191.48ms
[13.370s][debug][gc,ergo,cset  ] GC(454) Start adding old regions to collection set. Min 41 regions, max 103 regions, time remaining 191.48ms, optional threshold 38.30ms
[13.370s][debug][gc,ergo,cset  ] GC(454) Finish adding old regions to collection set (Maximum number of regions). Initial 103 regions, optional 0 regions
[13.370s][debug][gc,ergo,cset  ] GC(454) Finish choosing collection set old regions. Initial: 103, optional: 0, predicted old time: 0.00ms, predicted optional time: 0.00ms, time remaining: 185.83
[13.370s][debug][gc,ergo       ] GC(454) Running G1 Merge Heap Roots using 10 workers for 154 regions
[13.380s][debug][gc,ergo       ] GC(454) Running G1 Rebuild Free List Task using 10 workers for rebuilding free list of regions
[13.380s][debug][gc,ergo,heap  ] GC(454) Heap expansion: short term pause time ratio 78.08% long term pause time ratio 71.25% threshold 7.69% pause time ratio 7.69% fully expanded true resize by 0B
[13.380s][debug][gc,ergo,refine] GC(454) Concurrent refinement times: Logged Cards Scan time goal: 20.00ms Logged Cards Scan time: 0.02ms HCC time: 0.00ms
[13.380s][trace][gc,ergo,refine] GC(454) Updating Refinement Zones: logged cards scan time: 0.023ms, processed cards: 65, goal time: 19.999ms
[13.380s][debug][gc,ergo,refine] GC(454) Updated Refinement Zones: green: 2560, yellow: 7680, red: 12800
[13.380s][info ][gc,phases     ] GC(454)   Pre Evacuate Collection Set: 0.3ms
[13.380s][info ][gc,phases     ] GC(454)   Merge Heap Roots: 0.2ms
[13.380s][info ][gc,phases     ] GC(454)   Evacuate Collection Set: 9.6ms
[13.380s][info ][gc,phases     ] GC(454)   Post Evacuate Collection Set: 0.5ms
[13.380s][info ][gc,phases     ] GC(454)   Other: 0.1ms
[13.380s][info ][gc,heap       ] GC(454) Eden regions: 44->0(44)
[13.380s][info ][gc,heap       ] GC(454) Survivor regions: 7->7(7)
[13.380s][info ][gc,heap       ] GC(454) Old regions: 500->444
[13.380s][info ][gc,heap       ] GC(454) Archive regions: 0->0
[13.380s][info ][gc,heap       ] GC(454) Humongous regions: 0->0
[13.380s][info ][gc,metaspace  ] GC(454) Metaspace: 6341K(6464K)->6341K(6464K) NonClass: 5794K(5824K)->5794K(5824K) Class: 546K(640K)->546K(640K)
[13.380s][debug][gc,heap       ] GC(454) Heap after GC invocations=455 (full 0):
[13.380s][debug][gc,heap       ] GC(454)  garbage-first heap   total 1048576K, used 461700K [0x00000000c0000000, 0x0000000100000000)
[13.380s][debug][gc,heap       ] GC(454)   region size 1024K, 7 young (7168K), 7 survivors (7168K)
[13.380s][debug][gc,heap       ] GC(454)  Metaspace       used 6341K, committed 6464K, reserved 1114112K
[13.380s][debug][gc,heap       ] GC(454)   class space    used 546K, committed 640K, reserved 1048576K
[13.380s][info ][gc            ] GC(454) Pause Young (Mixed) (G1 Evacuation Pause) 550M->450M(1024M) 10.734ms
[13.380s][info ][gc,cpu        ] GC(454) User=0.10s Sys=0.00s Real=0.01s
[13.380s][info ][safepoint     ] Safepoint "G1CollectForAllocation", Time since last: 3324600 ns, Reaching safepoint: 4900 ns, Cleanup: 5200 ns, At safepoint: 10830400 ns, Total: 10840500 ns
[13.383s][debug][gc,heap       ] GC(455) Heap before GC invocations=455 (full 0):
[13.383s][debug][gc,heap       ] GC(455)  garbage-first heap   total 1048576K, used 505732K [0x00000000c0000000, 0x0000000100000000)
[13.383s][debug][gc,heap       ] GC(455)   region size 1024K, 51 young (52224K), 7 survivors (7168K)
[13.383s][debug][gc,heap       ] GC(455)  Metaspace       used 6341K, committed 6464K, reserved 1114112K
[13.383s][debug][gc,heap       ] GC(455)   class space    used 546K, committed 640K, reserved 1048576K
[13.383s][info ][gc,start      ] GC(455) Pause Young (Mixed) (G1 Evacuation Pause)
[13.383s][info ][gc,task       ] GC(455) Using 10 workers of 10 for evacuation
[13.383s][trace][gc,ergo,cset  ] GC(455) Start choosing CSet. Pending cards: 33 target pause time: 200.00ms
[13.384s][trace][gc,ergo,cset  ] GC(455) Added young regions to CSet. Eden: 44 regions, Survivors: 7 regions, predicted eden time: 7.44ms, predicted base time: 0.96ms, target pause time: 200.00ms, remaining time: 191.60ms
[13.384s][debug][gc,ergo,cset  ] GC(455) Start adding old regions to collection set. Min 41 regions, max 103 regions, time remaining 191.60ms, optional threshold 38.32ms
[13.384s][debug][gc,ergo,cset  ] GC(455) Old candidate collection set empty.
[13.384s][debug][gc,ergo,cset  ] GC(455) Finish choosing collection set old regions. Initial: 13, optional: 0, predicted old time: 0.00ms, predicted optional time: 0.00ms, time remaining: 190.66
[13.384s][debug][gc,ergo       ] GC(455) Running G1 Merge Heap Roots using 10 workers for 64 regions
[13.394s][debug][gc,ergo       ] GC(455) Running G1 Rebuild Free List Task using 10 workers for rebuilding free list of regions
[13.394s][debug][gc,ergo,heap  ] GC(455) Heap expansion: short term pause time ratio 74.91% long term pause time ratio 71.54% threshold 7.69% pause time ratio 7.69% fully expanded true resize by 0B
[13.394s][debug][gc,ergo       ] GC(455) do not continue mixed GCs (candidate old regions not available)
[13.394s][debug][gc,ergo,refine] GC(455) Concurrent refinement times: Logged Cards Scan time goal: 20.00ms Logged Cards Scan time: 0.02ms HCC time: 0.00ms
[13.394s][trace][gc,ergo,refine] GC(455) Updating Refinement Zones: logged cards scan time: 0.020ms, processed cards: 24, goal time: 20.000ms
[13.394s][debug][gc,ergo,refine] GC(455) Updated Refinement Zones: green: 2560, yellow: 7680, red: 12800
[13.394s][info ][gc,phases     ] GC(455)   Pre Evacuate Collection Set: 0.3ms
[13.394s][info ][gc,phases     ] GC(455)   Merge Heap Roots: 0.2ms
[13.394s][info ][gc,phases     ] GC(455)   Evacuate Collection Set: 9.3ms
[13.394s][info ][gc,phases     ] GC(455)   Post Evacuate Collection Set: 0.6ms
[13.394s][info ][gc,phases     ] GC(455)   Other: 0.2ms
[13.394s][info ][gc,heap       ] GC(455) Eden regions: 44->0(154)
[13.394s][info ][gc,heap       ] GC(455) Survivor regions: 7->7(7)
[13.394s][info ][gc,heap       ] GC(455) Old regions: 444->470
[13.394s][info ][gc,heap       ] GC(455) Archive regions: 0->0
[13.394s][info ][gc,heap       ] GC(455) Humongous regions: 0->0
[13.394s][info ][gc,metaspace  ] GC(455) Metaspace: 6341K(6464K)->6341K(6464K) NonClass: 5794K(5824K)->5794K(5824K) Class: 546K(640K)->546K(640K)
[13.394s][debug][gc,heap       ] GC(455) Heap after GC invocations=456 (full 0):
[13.394s][debug][gc,heap       ] GC(455)  garbage-first heap   total 1048576K, used 488124K [0x00000000c0000000, 0x0000000100000000)
[13.394s][debug][gc,heap       ] GC(455)   region size 1024K, 7 young (7168K), 7 survivors (7168K)
[13.394s][debug][gc,heap       ] GC(455)  Metaspace       used 6341K, committed 6464K, reserved 1114112K
[13.394s][debug][gc,heap       ] GC(455)   class space    used 546K, committed 640K, reserved 1048576K
[13.394s][info ][gc            ] GC(455) Pause Young (Mixed) (G1 Evacuation Pause) 494M->476M(1024M) 10.546ms
[13.394s][info ][gc,cpu        ] GC(455) User=0.08s Sys=0.01s Real=0.01s
[13.394s][info ][safepoint     ] Safepoint "G1CollectForAllocation", Time since last: 3005300 ns, Reaching safepoint: 5100 ns, Cleanup: 5200 ns, At safepoint: 10660201 ns, Total: 10670501 ns
[13.414s][debug][gc,heap       ] GC(456) Heap before GC invocations=456 (full 0):
[13.414s][debug][gc,heap       ] GC(456)  garbage-first heap   total 1048576K, used 644796K [0x00000000c0000000, 0x0000000100000000)
[13.414s][debug][gc,heap       ] GC(456)   region size 1024K, 161 young (164864K), 7 survivors (7168K)
[13.414s][debug][gc,heap       ] GC(456)  Metaspace       used 6341K, committed 6464K, reserved 1114112K
[13.414s][debug][gc,heap       ] GC(456)   class space    used 546K, committed 640K, reserved 1048576K
[13.414s][info ][gc,start      ] GC(456) Pause Young (Normal) (G1 Evacuation Pause)
[13.414s][info ][gc,task       ] GC(456) Using 10 workers of 10 for evacuation
[13.414s][trace][gc,ergo,cset  ] GC(456) Start choosing CSet. Pending cards: 32 target pause time: 200.00ms
[13.414s][trace][gc,ergo,cset  ] GC(456) Added young regions to CSet. Eden: 154 regions, Survivors: 7 regions, predicted eden time: 24.69ms, predicted base time: 0.92ms, target pause time: 200.00ms, remaining time: 174.39ms
[13.414s][debug][gc,ergo       ] GC(456) Running G1 Merge Heap Roots using 10 workers for 161 regions
[13.437s][debug][gc,ergo       ] GC(456) Running G1 Rebuild Free List Task using 10 workers for rebuilding free list of regions
[13.437s][debug][gc,ergo,heap  ] GC(456) Heap expansion: short term pause time ratio 76.32% long term pause time ratio 71.41% threshold 7.69% pause time ratio 7.69% fully expanded true resize by 0B
[13.437s][debug][gc,ergo,refine] GC(456) Concurrent refinement times: Logged Cards Scan time goal: 20.00ms Logged Cards Scan time: 0.03ms HCC time: 0.00ms
[13.437s][trace][gc,ergo,refine] GC(456) Updating Refinement Zones: logged cards scan time: 0.025ms, processed cards: 15, goal time: 20.000ms
[13.437s][debug][gc,ergo,refine] GC(456) Updated Refinement Zones: green: 2560, yellow: 7680, red: 12800
[13.437s][info ][gc,phases     ] GC(456)   Pre Evacuate Collection Set: 0.2ms
[13.437s][info ][gc,phases     ] GC(456)   Merge Heap Roots: 0.2ms
[13.437s][info ][gc,phases     ] GC(456)   Evacuate Collection Set: 21.6ms
[13.437s][info ][gc,phases     ] GC(456)   Post Evacuate Collection Set: 0.7ms
[13.437s][info ][gc,phases     ] GC(456)   Other: 0.2ms
[13.437s][info ][gc,heap       ] GC(456) Eden regions: 154->0(119)
[13.437s][info ][gc,heap       ] GC(456) Survivor regions: 7->21(21)
[13.437s][info ][gc,heap       ] GC(456) Old regions: 470->559
[13.437s][info ][gc,heap       ] GC(456) Archive regions: 0->0
[13.437s][info ][gc,heap       ] GC(456) Humongous regions: 0->0
[13.437s][info ][gc,metaspace  ] GC(456) Metaspace: 6341K(6464K)->6341K(6464K) NonClass: 5794K(5824K)->5794K(5824K) Class: 546K(640K)->546K(640K)
[13.437s][debug][gc,heap       ] GC(456) Heap after GC invocations=457 (full 0):
[13.437s][debug][gc,heap       ] GC(456)  garbage-first heap   total 1048576K, used 593496K [0x00000000c0000000, 0x0000000100000000)
[13.437s][debug][gc,heap       ] GC(456)   region size 1024K, 21 young (21504K), 21 survivors (21504K)
[13.437s][debug][gc,heap       ] GC(456)  Metaspace       used 6341K, committed 6464K, reserved 1114112K
[13.437s][debug][gc,heap       ] GC(456)   class space    used 546K, committed 640K, reserved 1048576K
[13.437s][info ][gc            ] GC(456) Pause Young (Normal) (G1 Evacuation Pause) 630M->579M(1024M) 22.829ms
[13.437s][info ][gc,cpu        ] GC(456) User=0.22s Sys=0.00s Real=0.02s
[13.437s][info ][safepoint     ] Safepoint "G1CollectForAllocation", Time since last: 19906701 ns, Reaching safepoint: 8100 ns, Cleanup: 6800 ns, At safepoint: 22942300 ns, Total: 22957200 ns
[13.452s][debug][gc,heap       ] GC(457) Heap before GC invocations=457 (full 0):
[13.452s][debug][gc,heap       ] GC(457)  garbage-first heap   total 1048576K, used 714328K [0x00000000c0000000, 0x0000000100000000)
[13.452s][debug][gc,heap       ] GC(457)   region size 1024K, 140 young (143360K), 21 survivors (21504K)
[13.452s][debug][gc,heap       ] GC(457)  Metaspace       used 6341K, committed 6464K, reserved 1114112K
[13.452s][debug][gc,heap       ] GC(457)   class space    used 546K, committed 640K, reserved 1048576K
[13.452s][info ][gc,start      ] GC(457) Pause Young (Normal) (G1 Evacuation Pause)
[13.452s][info ][gc,task       ] GC(457) Using 10 workers of 10 for evacuation
[13.452s][trace][gc,ergo,cset  ] GC(457) Start choosing CSet. Pending cards: 33 target pause time: 200.00ms
[13.452s][trace][gc,ergo,cset  ] GC(457) Added young regions to CSet. Eden: 119 regions, Survivors: 21 regions, predicted eden time: 19.31ms, predicted base time: 0.93ms, target pause time: 200.00ms, remaining time: 179.76ms
[13.452s][debug][gc,ergo       ] GC(457) Running G1 Merge Heap Roots using 10 workers for 140 regions
[13.473s][debug][gc,ergo       ] GC(457) Running G1 Rebuild Free List Task using 10 workers for rebuilding free list of regions
[13.473s][debug][gc,ergo,heap  ] GC(457) Heap expansion: short term pause time ratio 52.89% long term pause time ratio 66.18% threshold 7.69% pause time ratio 7.69% fully expanded true resize by 0B
[13.473s][debug][gc,ergo,refine] GC(457) Concurrent refinement times: Logged Cards Scan time goal: 20.00ms Logged Cards Scan time: 0.05ms HCC time: 0.00ms
[13.473s][trace][gc,ergo,refine] GC(457) Updating Refinement Zones: logged cards scan time: 0.047ms, processed cards: 15, goal time: 19.999ms
[13.473s][debug][gc,ergo,refine] GC(457) Updated Refinement Zones: green: 2560, yellow: 7680, red: 12800
[13.473s][info ][gc,phases     ] GC(457)   Pre Evacuate Collection Set: 0.4ms
[13.473s][info ][gc,phases     ] GC(457)   Merge Heap Roots: 0.2ms
[13.473s][info ][gc,phases     ] GC(457)   Evacuate Collection Set: 19.7ms
[13.473s][info ][gc,phases     ] GC(457)   Post Evacuate Collection Set: 0.7ms
[13.473s][info ][gc,phases     ] GC(457)   Other: 0.4ms
[13.473s][info ][gc,heap       ] GC(457) Eden regions: 119->0(89)
[13.473s][info ][gc,heap       ] GC(457) Survivor regions: 21->18(18)
[13.473s][info ][gc,heap       ] GC(457) Old regions: 559->644
[13.473s][info ][gc,heap       ] GC(457) Archive regions: 0->0
[13.473s][info ][gc,heap       ] GC(457) Humongous regions: 0->0
[13.473s][info ][gc,metaspace  ] GC(457) Metaspace: 6341K(6464K)->6341K(6464K) NonClass: 5794K(5824K)->5794K(5824K) Class: 546K(640K)->546K(640K)
[13.473s][debug][gc,heap       ] GC(457) Heap after GC invocations=458 (full 0):
[13.473s][debug][gc,heap       ] GC(457)  garbage-first heap   total 1048576K, used 677464K [0x00000000c0000000, 0x0000000100000000)
[13.473s][debug][gc,heap       ] GC(457)   region size 1024K, 18 young (18432K), 18 survivors (18432K)
[13.473s][debug][gc,heap       ] GC(457)  Metaspace       used 6341K, committed 6464K, reserved 1114112K
[13.473s][debug][gc,heap       ] GC(457)   class space    used 546K, committed 640K, reserved 1048576K
[13.473s][info ][gc            ] GC(457) Pause Young (Normal) (G1 Evacuation Pause) 698M->661M(1024M) 21.273ms
[13.473s][info ][gc,cpu        ] GC(457) User=0.19s Sys=0.00s Real=0.02s
[13.473s][info ][safepoint     ] Safepoint "G1CollectForAllocation", Time since last: 14589401 ns, Reaching safepoint: 11900 ns, Cleanup: 14600 ns, At safepoint: 21499801 ns, Total: 21526301 ns
[13.484s][debug][gc,heap       ] GC(458) Heap before GC invocations=458 (full 0):
[13.485s][debug][gc,heap       ] GC(458)  garbage-first heap   total 1048576K, used 767576K [0x00000000c0000000, 0x0000000100000000)
[13.485s][debug][gc,heap       ] GC(458)   region size 1024K, 107 young (109568K), 18 survivors (18432K)
[13.485s][debug][gc,heap       ] GC(458)  Metaspace       used 6341K, committed 6464K, reserved 1114112K
[13.485s][debug][gc,heap       ] GC(458)   class space    used 546K, committed 640K, reserved 1048576K
[13.485s][info ][gc,start      ] GC(458) Pause Young (Normal) (G1 Evacuation Pause)
[13.485s][info ][gc,task       ] GC(458) Using 10 workers of 10 for evacuation
[13.485s][trace][gc,ergo,cset  ] GC(458) Start choosing CSet. Pending cards: 34 target pause time: 200.00ms
[13.485s][trace][gc,ergo,cset  ] GC(458) Added young regions to CSet. Eden: 89 regions, Survivors: 18 regions, predicted eden time: 14.79ms, predicted base time: 1.07ms, target pause time: 200.00ms, remaining time: 184.14ms
[13.485s][debug][gc,ergo       ] GC(458) Running G1 Merge Heap Roots using 10 workers for 107 regions
[13.502s][debug][gc,ergo       ] GC(458) Running G1 Rebuild Free List Task using 10 workers for rebuilding free list of regions
[13.502s][debug][gc,ergo,heap  ] GC(458) Heap expansion: short term pause time ratio 58.44% long term pause time ratio 63.96% threshold 7.69% pause time ratio 7.69% fully expanded true resize by 0B
[13.502s][debug][gc,ergo,refine] GC(458) Concurrent refinement times: Logged Cards Scan time goal: 20.00ms Logged Cards Scan time: 0.03ms HCC time: 0.00ms
[13.502s][trace][gc,ergo,refine] GC(458) Updating Refinement Zones: logged cards scan time: 0.031ms, processed cards: 14, goal time: 19.999ms
[13.502s][debug][gc,ergo,refine] GC(458) Updated Refinement Zones: green: 2560, yellow: 7680, red: 12800
[13.502s][info ][gc,phases     ] GC(458)   Pre Evacuate Collection Set: 0.3ms
[13.502s][info ][gc,phases     ] GC(458)   Merge Heap Roots: 0.2ms
[13.502s][info ][gc,phases     ] GC(458)   Evacuate Collection Set: 16.0ms
[13.502s][info ][gc,phases     ] GC(458)   Post Evacuate Collection Set: 0.6ms
[13.502s][info ][gc,phases     ] GC(458)   Other: 0.2ms
[13.502s][info ][gc,heap       ] GC(458) Eden regions: 89->0(64)
[13.502s][info ][gc,heap       ] GC(458) Survivor regions: 18->14(14)
[13.502s][info ][gc,heap       ] GC(458) Old regions: 644->714
[13.502s][info ][gc,heap       ] GC(458) Archive regions: 0->0
[13.502s][info ][gc,heap       ] GC(458) Humongous regions: 0->0
[13.502s][info ][gc,metaspace  ] GC(458) Metaspace: 6341K(6464K)->6341K(6464K) NonClass: 5794K(5824K)->5794K(5824K) Class: 546K(640K)->546K(640K)
[13.502s][debug][gc,heap       ] GC(458) Heap after GC invocations=459 (full 0):
[13.502s][debug][gc,heap       ] GC(458)  garbage-first heap   total 1048576K, used 744648K [0x00000000c0000000, 0x0000000100000000)
[13.502s][debug][gc,heap       ] GC(458)   region size 1024K, 14 young (14336K), 14 survivors (14336K)
[13.502s][debug][gc,heap       ] GC(458)  Metaspace       used 6341K, committed 6464K, reserved 1114112K
[13.502s][debug][gc,heap       ] GC(458)   class space    used 546K, committed 640K, reserved 1048576K
[13.502s][info ][gc            ] GC(458) Pause Young (Normal) (G1 Evacuation Pause) 750M->727M(1024M) 17.339ms
[13.502s][info ][gc,cpu        ] GC(458) User=0.16s Sys=0.01s Real=0.01s
[13.502s][info ][safepoint     ] Safepoint "G1CollectForAllocation", Time since last: 11388600 ns, Reaching safepoint: 7000 ns, Cleanup: 8100 ns, At safepoint: 17491601 ns, Total: 17506701 ns
[13.508s][debug][gc,heap       ] GC(459) Heap before GC invocations=459 (full 0):
[13.508s][debug][gc,heap       ] GC(459)  garbage-first heap   total 1048576K, used 809160K [0x00000000c0000000, 0x0000000100000000)
[13.508s][debug][gc,heap       ] GC(459)   region size 1024K, 78 young (79872K), 14 survivors (14336K)
[13.508s][debug][gc,heap       ] GC(459)  Metaspace       used 6341K, committed 6464K, reserved 1114112K
[13.508s][debug][gc,heap       ] GC(459)   class space    used 546K, committed 640K, reserved 1048576K
[13.508s][info ][gc,start      ] GC(459) Pause Young (Normal) (G1 Evacuation Pause)
[13.508s][info ][gc,task       ] GC(459) Using 10 workers of 10 for evacuation
[13.508s][trace][gc,ergo,cset  ] GC(459) Start choosing CSet. Pending cards: 36 target pause time: 200.00ms
[13.508s][trace][gc,ergo,cset  ] GC(459) Added young regions to CSet. Eden: 64 regions, Survivors: 14 regions, predicted eden time: 11.06ms, predicted base time: 1.06ms, target pause time: 200.00ms, remaining time: 187.87ms
[13.509s][debug][gc,ergo       ] GC(459) Running G1 Merge Heap Roots using 10 workers for 78 regions
[13.522s][debug][gc,ergo       ] GC(459) Running G1 Rebuild Free List Task using 10 workers for rebuilding free list of regions
[13.522s][debug][gc,ergo,heap  ] GC(459) Heap expansion: short term pause time ratio 59.45% long term pause time ratio 64.45% threshold 7.69% pause time ratio 7.69% fully expanded true resize by 0B
[13.522s][debug][gc,ergo,refine] GC(459) Concurrent refinement times: Logged Cards Scan time goal: 20.00ms Logged Cards Scan time: 0.04ms HCC time: 0.00ms
[13.522s][trace][gc,ergo,refine] GC(459) Updating Refinement Zones: logged cards scan time: 0.035ms, processed cards: 20, goal time: 19.999ms
[13.522s][debug][gc,ergo,refine] GC(459) Updated Refinement Zones: green: 2560, yellow: 7680, red: 12800
[13.523s][info ][gc,phases     ] GC(459)   Pre Evacuate Collection Set: 0.3ms
[13.523s][info ][gc,phases     ] GC(459)   Merge Heap Roots: 0.2ms
[13.523s][info ][gc,phases     ] GC(459)   Evacuate Collection Set: 12.7ms
[13.523s][info ][gc,phases     ] GC(459)   Post Evacuate Collection Set: 0.8ms
[13.523s][info ][gc,phases     ] GC(459)   Other: 0.2ms
[13.523s][info ][gc,heap       ] GC(459) Eden regions: 64->0(46)
[13.523s][info ][gc,heap       ] GC(459) Survivor regions: 14->10(10)
[13.523s][info ][gc,heap       ] GC(459) Old regions: 714->770
[13.523s][info ][gc,heap       ] GC(459) Archive regions: 0->0
[13.523s][info ][gc,heap       ] GC(459) Humongous regions: 0->0
[13.523s][info ][gc,metaspace  ] GC(459) Metaspace: 6341K(6464K)->6341K(6464K) NonClass: 5794K(5824K)->5794K(5824K) Class: 546K(640K)->546K(640K)
[13.523s][debug][gc,heap       ] GC(459) Heap after GC invocations=460 (full 0):
[13.523s][debug][gc,heap       ] GC(459)  garbage-first heap   total 1048576K, used 798496K [0x00000000c0000000, 0x0000000100000000)
[13.523s][debug][gc,heap       ] GC(459)   region size 1024K, 10 young (10240K), 10 survivors (10240K)
[13.523s][debug][gc,heap       ] GC(459)  Metaspace       used 6341K, committed 6464K, reserved 1114112K
[13.523s][debug][gc,heap       ] GC(459)   class space    used 546K, committed 640K, reserved 1048576K
[13.523s][info ][gc            ] GC(459) Pause Young (Normal) (G1 Evacuation Pause) 791M->779M(1024M) 14.144ms
[13.523s][info ][gc,cpu        ] GC(459) User=0.13s Sys=0.00s Real=0.01s
[13.523s][info ][safepoint     ] Safepoint "G1CollectForAllocation", Time since last: 6420100 ns, Reaching safepoint: 6200 ns, Cleanup: 5500 ns, At safepoint: 14269701 ns, Total: 14281401 ns
[13.530s][debug][gc,heap       ] GC(460) Heap before GC invocations=460 (full 0):
[13.530s][debug][gc,heap       ] GC(460)  garbage-first heap   total 1048576K, used 844576K [0x00000000c0000000, 0x0000000100000000)
[13.530s][debug][gc,heap       ] GC(460)   region size 1024K, 56 young (57344K), 10 survivors (10240K)
[13.530s][debug][gc,heap       ] GC(460)  Metaspace       used 6341K, committed 6464K, reserved 1114112K
[13.530s][debug][gc,heap       ] GC(460)   class space    used 546K, committed 640K, reserved 1048576K
[13.530s][info ][gc,start      ] GC(460) Pause Young (Normal) (G1 Evacuation Pause)
[13.530s][info ][gc,task       ] GC(460) Using 10 workers of 10 for evacuation
[13.530s][trace][gc,ergo,cset  ] GC(460) Start choosing CSet. Pending cards: 36 target pause time: 200.00ms
[13.530s][trace][gc,ergo,cset  ] GC(460) Added young regions to CSet. Eden: 46 regions, Survivors: 10 regions, predicted eden time: 8.20ms, predicted base time: 1.06ms, target pause time: 200.00ms, remaining time: 190.74ms
[13.530s][debug][gc,ergo       ] GC(460) Running G1 Merge Heap Roots using 10 workers for 56 regions
[13.540s][debug][gc,ergo       ] GC(460) Running G1 Rebuild Free List Task using 10 workers for rebuilding free list of regions
[13.540s][debug][gc,ergo,heap  ] GC(460) Heap expansion: short term pause time ratio 67.57% long term pause time ratio 63.91% threshold 7.69% pause time ratio 7.69% fully expanded true resize by 0B
[13.540s][debug][gc,ergo,refine] GC(460) Concurrent refinement times: Logged Cards Scan time goal: 20.00ms Logged Cards Scan time: 0.02ms HCC time: 0.00ms
[13.540s][trace][gc,ergo,refine] GC(460) Updating Refinement Zones: logged cards scan time: 0.017ms, processed cards: 27, goal time: 20.000ms
[13.540s][debug][gc,ergo,refine] GC(460) Updated Refinement Zones: green: 2560, yellow: 7680, red: 12800
[13.540s][info ][gc,phases     ] GC(460)   Pre Evacuate Collection Set: 0.2ms
[13.540s][info ][gc,phases     ] GC(460)   Merge Heap Roots: 0.2ms
[13.540s][info ][gc,phases     ] GC(460)   Evacuate Collection Set: 9.5ms
[13.540s][info ][gc,phases     ] GC(460)   Post Evacuate Collection Set: 0.6ms
[13.540s][info ][gc,phases     ] GC(460)   Other: 0.3ms
[13.540s][info ][gc,heap       ] GC(460) Eden regions: 46->0(44)
[13.540s][info ][gc,heap       ] GC(460) Survivor regions: 10->7(7)
[13.540s][info ][gc,heap       ] GC(460) Old regions: 770->812
[13.540s][info ][gc,heap       ] GC(460) Archive regions: 0->0
[13.540s][info ][gc,heap       ] GC(460) Humongous regions: 0->0
[13.540s][info ][gc,metaspace  ] GC(460) Metaspace: 6341K(6464K)->6341K(6464K) NonClass: 5794K(5824K)->5794K(5824K) Class: 546K(640K)->546K(640K)
[13.540s][debug][gc,heap       ] GC(460) Heap after GC invocations=461 (full 0):
[13.540s][debug][gc,heap       ] GC(460)  garbage-first heap   total 1048576K, used 838332K [0x00000000c0000000, 0x0000000100000000)
[13.540s][debug][gc,heap       ] GC(460)   region size 1024K, 7 young (7168K), 7 survivors (7168K)
[13.540s][debug][gc,heap       ] GC(460)  Metaspace       used 6341K, committed 6464K, reserved 1114112K
[13.540s][debug][gc,heap       ] GC(460)   class space    used 546K, committed 640K, reserved 1048576K
[13.540s][info ][gc            ] GC(460) Pause Young (Normal) (G1 Evacuation Pause) 825M->818M(1024M) 10.809ms
[13.540s][info ][gc,cpu        ] GC(460) User=0.10s Sys=0.00s Real=0.01s
[13.541s][info ][safepoint     ] Safepoint "G1CollectForAllocation", Time since last: 6941300 ns, Reaching safepoint: 5200 ns, Cleanup: 5500 ns, At safepoint: 10935300 ns, Total: 10946000 ns
[13.548s][debug][gc,heap       ] GC(461) Heap before GC invocations=461 (full 0):
[13.548s][debug][gc,heap       ] GC(461)  garbage-first heap   total 1048576K, used 882364K [0x00000000c0000000, 0x0000000100000000)
[13.548s][debug][gc,heap       ] GC(461)   region size 1024K, 51 young (52224K), 7 survivors (7168K)
[13.548s][debug][gc,heap       ] GC(461)  Metaspace       used 6341K, committed 6464K, reserved 1114112K
[13.548s][debug][gc,heap       ] GC(461)   class space    used 546K, committed 640K, reserved 1048576K
[13.548s][info ][gc,start      ] GC(461) Pause Young (Normal) (G1 Evacuation Pause)
[13.548s][info ][gc,task       ] GC(461) Using 10 workers of 10 for evacuation
[13.548s][trace][gc,ergo,cset  ] GC(461) Start choosing CSet. Pending cards: 34 target pause time: 200.00ms
[13.548s][trace][gc,ergo,cset  ] GC(461) Added young regions to CSet. Eden: 44 regions, Survivors: 7 regions, predicted eden time: 7.85ms, predicted base time: 1.01ms, target pause time: 200.00ms, remaining time: 191.14ms
[13.549s][debug][gc,ergo       ] GC(461) Running G1 Merge Heap Roots using 10 workers for 51 regions
[13.558s][debug][gc,ergo       ] GC(461) Running G1 Rebuild Free List Task using 10 workers for rebuilding free list of regions
[13.558s][debug][gc,ergo,heap  ] GC(461) Heap expansion: short term pause time ratio 59.33% long term pause time ratio 63.68% threshold 7.69% pause time ratio 7.69% fully expanded true resize by 0B
[13.558s][debug][gc,ergo,ihop  ] GC(461) Request concurrent cycle initiation (occupancy higher than threshold) occupancy: 892338176B allocation request: 0B threshold: 859202903B (80.02) source: end of GC
[13.558s][debug][gc,ergo,refine] GC(461) Concurrent refinement times: Logged Cards Scan time goal: 20.00ms Logged Cards Scan time: 0.02ms HCC time: 0.00ms
[13.558s][trace][gc,ergo,refine] GC(461) Updating Refinement Zones: logged cards scan time: 0.016ms, processed cards: 25, goal time: 19.999ms
[13.558s][debug][gc,ergo,refine] GC(461) Updated Refinement Zones: green: 2560, yellow: 7680, red: 12800
[13.558s][info ][gc,phases     ] GC(461)   Pre Evacuate Collection Set: 0.4ms
[13.558s][info ][gc,phases     ] GC(461)   Merge Heap Roots: 0.2ms
[13.558s][info ][gc,phases     ] GC(461)   Evacuate Collection Set: 8.6ms
[13.558s][info ][gc,phases     ] GC(461)   Post Evacuate Collection Set: 0.7ms
[13.558s][info ][gc,phases     ] GC(461)   Other: 0.4ms
[13.558s][info ][gc,heap       ] GC(461) Eden regions: 44->0(44)
[13.558s][info ][gc,heap       ] GC(461) Survivor regions: 7->7(7)
[13.558s][info ][gc,heap       ] GC(461) Old regions: 812->851
[13.558s][info ][gc,heap       ] GC(461) Archive regions: 0->0
[13.558s][info ][gc,heap       ] GC(461) Humongous regions: 0->0
[13.558s][info ][gc,metaspace  ] GC(461) Metaspace: 6341K(6464K)->6341K(6464K) NonClass: 5794K(5824K)->5794K(5824K) Class: 546K(640K)->546K(640K)
[13.558s][debug][gc,heap       ] GC(461) Heap after GC invocations=462 (full 0):
[13.558s][debug][gc,heap       ] GC(461)  garbage-first heap   total 1048576K, used 877868K [0x00000000c0000000, 0x0000000100000000)
[13.558s][debug][gc,heap       ] GC(461)   region size 1024K, 7 young (7168K), 7 survivors (7168K)
[13.558s][debug][gc,heap       ] GC(461)  Metaspace       used 6341K, committed 6464K, reserved 1114112K
[13.558s][debug][gc,heap       ] GC(461)   class space    used 546K, committed 640K, reserved 1048576K
[13.558s][info ][gc            ] GC(461) Pause Young (Normal) (G1 Evacuation Pause) 862M->857M(1024M) 9.991ms
[13.558s][info ][gc,cpu        ] GC(461) User=0.09s Sys=0.00s Real=0.01s
[13.558s][info ][safepoint     ] Safepoint "G1CollectForAllocation", Time since last: 7397200 ns, Reaching safepoint: 16900 ns, Cleanup: 12600 ns, At safepoint: 10271101 ns, Total: 10300601 ns
[13.567s][debug][gc,heap       ] GC(462) Heap before GC invocations=462 (full 0):
[13.567s][debug][gc,heap       ] GC(462)  garbage-first heap   total 1048576K, used 921900K [0x00000000c0000000, 0x0000000100000000)
[13.567s][debug][gc,heap       ] GC(462)   region size 1024K, 51 young (52224K), 7 survivors (7168K)
[13.567s][debug][gc,heap       ] GC(462)  Metaspace       used 6341K, committed 6464K, reserved 1114112K
[13.567s][debug][gc,heap       ] GC(462)   class space    used 546K, committed 640K, reserved 1048576K
[13.567s][debug][gc,ergo       ] GC(462) Initiate concurrent cycle (concurrent cycle initiation requested)
[13.567s][info ][gc,start      ] GC(462) Pause Young (Concurrent Start) (G1 Evacuation Pause)
[13.567s][info ][gc,task       ] GC(462) Using 10 workers of 10 for evacuation
[13.567s][trace][gc,ergo,cset  ] GC(462) Start choosing CSet. Pending cards: 37 target pause time: 200.00ms
[13.567s][trace][gc,ergo,cset  ] GC(462) Added young regions to CSet. Eden: 44 regions, Survivors: 7 regions, predicted eden time: 7.77ms, predicted base time: 1.03ms, target pause time: 200.00ms, remaining time: 191.20ms
[13.568s][debug][gc,ergo       ] GC(462) Running G1 Merge Heap Roots using 10 workers for 51 regions
[13.577s][debug][gc,ergo       ] GC(462) Running G1 Rebuild Free List Task using 10 workers for rebuilding free list of regions
[13.577s][debug][gc,ergo,heap  ] GC(462) Heap expansion: short term pause time ratio 54.87% long term pause time ratio 62.73% threshold 7.69% pause time ratio 7.69% fully expanded true resize by 0B
[13.577s][debug][gc,ergo,refine] GC(462) Concurrent refinement times: Logged Cards Scan time goal: 20.00ms Logged Cards Scan time: 0.02ms HCC time: 0.00ms
[13.577s][trace][gc,ergo,refine] GC(462) Updating Refinement Zones: logged cards scan time: 0.019ms, processed cards: 20, goal time: 19.999ms
[13.577s][debug][gc,ergo,refine] GC(462) Updated Refinement Zones: green: 2560, yellow: 7680, red: 12800
[13.577s][info ][gc,phases     ] GC(462)   Pre Evacuate Collection Set: 0.3ms
[13.577s][info ][gc,phases     ] GC(462)   Merge Heap Roots: 0.2ms
[13.577s][info ][gc,phases     ] GC(462)   Evacuate Collection Set: 8.4ms
[13.577s][info ][gc,phases     ] GC(462)   Post Evacuate Collection Set: 0.6ms
[13.577s][info ][gc,phases     ] GC(462)   Other: 0.3ms
[13.577s][info ][gc,heap       ] GC(462) Eden regions: 44->0(44)
[13.577s][info ][gc,heap       ] GC(462) Survivor regions: 7->7(7)
[13.577s][info ][gc,heap       ] GC(462) Old regions: 851->890
[13.577s][info ][gc,heap       ] GC(462) Archive regions: 0->0
[13.577s][info ][gc,heap       ] GC(462) Humongous regions: 0->0
[13.577s][info ][gc,metaspace  ] GC(462) Metaspace: 6341K(6464K)->6341K(6464K) NonClass: 5794K(5824K)->5794K(5824K) Class: 546K(640K)->546K(640K)
[13.577s][debug][gc,heap       ] GC(462) Heap after GC invocations=463 (full 0):
[13.577s][debug][gc,heap       ] GC(462)  garbage-first heap   total 1048576K, used 918304K [0x00000000c0000000, 0x0000000100000000)
[13.577s][debug][gc,heap       ] GC(462)   region size 1024K, 7 young (7168K), 7 survivors (7168K)
[13.577s][debug][gc,heap       ] GC(462)  Metaspace       used 6341K, committed 6464K, reserved 1114112K
[13.577s][debug][gc,heap       ] GC(462)   class space    used 546K, committed 640K, reserved 1048576K
[13.577s][info ][gc            ] GC(462) Pause Young (Concurrent Start) (G1 Evacuation Pause) 901M->896M(1024M) 9.882ms
[13.577s][info ][gc,cpu        ] GC(462) User=0.07s Sys=0.00s Real=0.01s
[13.577s][info ][safepoint     ] Safepoint "G1CollectForAllocation", Time since last: 8847900 ns, Reaching safepoint: 8200 ns, Cleanup: 8100 ns, At safepoint: 10059901 ns, Total: 10076201 ns
[13.577s][info ][gc            ] GC(463) Concurrent Mark Cycle
[13.577s][info ][gc,marking    ] GC(463) Concurrent Clear Claimed Marks
[13.577s][info ][gc,marking    ] GC(463) Concurrent Clear Claimed Marks 0.010ms
[13.577s][info ][gc,marking    ] GC(463) Concurrent Scan Root Regions
[13.577s][debug][gc,ergo       ] GC(463) Running G1 Root Region Scan using 3 workers for 47 work units.
[13.577s][info ][gc,marking    ] GC(463) Concurrent Scan Root Regions 0.143ms
[13.577s][info ][gc,marking    ] GC(463) Concurrent Mark
[13.577s][info ][gc,marking    ] GC(463) Concurrent Mark From Roots
[13.577s][info ][gc,task       ] GC(463) Using 3 workers of 3 for marking
[13.584s][info ][gc,marking    ] GC(463) Concurrent Mark From Roots 6.590ms
[13.584s][info ][gc,marking    ] GC(463) Concurrent Preclean
[13.584s][info ][gc,marking    ] GC(463) Concurrent Preclean 0.056ms
[13.584s][info ][gc,start      ] GC(463) Pause Remark
[13.585s][debug][gc,ergo       ] GC(463) Running G1 Update RemSet Tracking Before Rebuild using 3 workers for 1024 regions in heap
[13.586s][info ][gc            ] GC(463) Pause Remark 929M->555M(1024M) 1.962ms
[13.586s][info ][gc,cpu        ] GC(463) User=0.01s Sys=0.00s Real=0.00s
[13.586s][info ][safepoint     ] Safepoint "G1PauseRemark", Time since last: 7060100 ns, Reaching safepoint: 114500 ns, Cleanup: 10400 ns, At safepoint: 2036700 ns, Total: 2161600 ns
[13.586s][info ][gc,marking    ] GC(463) Concurrent Mark 9.055ms
[13.586s][info ][gc,marking    ] GC(463) Concurrent Rebuild Remembered Sets
[13.590s][debug][gc,heap       ] GC(464) Heap before GC invocations=463 (full 0):
[13.590s][debug][gc,heap       ] GC(464)  garbage-first heap   total 1048576K, used 579360K [0x00000000c0000000, 0x0000000100000000)
[13.590s][debug][gc,heap       ] GC(464)   region size 1024K, 51 young (52224K), 7 survivors (7168K)
[13.590s][debug][gc,heap       ] GC(464)  Metaspace       used 6341K, committed 6464K, reserved 1114112K
[13.590s][debug][gc,heap       ] GC(464)   class space    used 546K, committed 640K, reserved 1048576K
[13.590s][info ][gc,start      ] GC(464) Pause Young (Normal) (G1 Evacuation Pause)
[13.590s][info ][gc,task       ] GC(464) Using 10 workers of 10 for evacuation
[13.590s][trace][gc,ergo,cset  ] GC(464) Start choosing CSet. Pending cards: 59 target pause time: 200.00ms
[13.590s][trace][gc,ergo,cset  ] GC(464) Added young regions to CSet. Eden: 44 regions, Survivors: 7 regions, predicted eden time: 7.53ms, predicted base time: 1.06ms, target pause time: 200.00ms, remaining time: 191.41ms
[13.590s][debug][gc,ergo       ] GC(464) Running G1 Merge Heap Roots using 10 workers for 51 regions
[13.600s][debug][gc,ergo       ] GC(464) Running G1 Rebuild Free List Task using 10 workers for rebuilding free list of regions
[13.601s][debug][gc,ergo,heap  ] GC(464) Heap expansion: short term pause time ratio 20.75% long term pause time ratio 58.09% threshold 7.69% pause time ratio 7.69% fully expanded true resize by 0B
[13.601s][debug][gc,ergo,refine] GC(464) Concurrent refinement times: Logged Cards Scan time goal: 20.00ms Logged Cards Scan time: 0.05ms HCC time: 0.00ms
[13.601s][trace][gc,ergo,refine] GC(464) Updating Refinement Zones: logged cards scan time: 0.048ms, processed cards: 36, goal time: 19.998ms
[13.601s][debug][gc,ergo,refine] GC(464) Updated Refinement Zones: green: 2560, yellow: 7680, red: 12800
[13.601s][info ][gc,phases     ] GC(464)   Pre Evacuate Collection Set: 0.5ms
[13.601s][info ][gc,phases     ] GC(464)   Merge Heap Roots: 0.4ms
[13.601s][info ][gc,phases     ] GC(464)   Evacuate Collection Set: 9.1ms
[13.601s][info ][gc,phases     ] GC(464)   Post Evacuate Collection Set: 0.7ms
[13.601s][info ][gc,phases     ] GC(464)   Other: 0.4ms
[13.601s][info ][gc,heap       ] GC(464) Eden regions: 44->0(119)
[13.601s][info ][gc,heap       ] GC(464) Survivor regions: 7->7(7)
[13.601s][info ][gc,heap       ] GC(464) Old regions: 516->554
[13.601s][info ][gc,heap       ] GC(464) Archive regions: 0->0
[13.601s][info ][gc,heap       ] GC(464) Humongous regions: 0->0
[13.601s][info ][gc,metaspace  ] GC(464) Metaspace: 6341K(6464K)->6341K(6464K) NonClass: 5794K(5824K)->5794K(5824K) Class: 546K(640K)->546K(640K)
[13.601s][debug][gc,heap       ] GC(464) Heap after GC invocations=464 (full 0):
[13.601s][debug][gc,heap       ] GC(464)  garbage-first heap   total 1048576K, used 574240K [0x00000000c0000000, 0x0000000100000000)
[13.601s][debug][gc,heap       ] GC(464)   region size 1024K, 7 young (7168K), 7 survivors (7168K)
[13.601s][debug][gc,heap       ] GC(464)  Metaspace       used 6341K, committed 6464K, reserved 1114112K
[13.601s][debug][gc,heap       ] GC(464)   class space    used 546K, committed 640K, reserved 1048576K
[13.601s][info ][gc            ] GC(464) Pause Young (Normal) (G1 Evacuation Pause) 566M->560M(1024M) 10.974ms
[13.601s][info ][gc,cpu        ] GC(464) User=0.09s Sys=0.00s Real=0.01s
[13.601s][info ][safepoint     ] Safepoint "G1CollectForAllocation", Time since last: 3186500 ns, Reaching safepoint: 103000 ns, Cleanup: 12600 ns, At safepoint: 11314200 ns, Total: 11429800 ns
[13.602s][info ][gc,marking    ] GC(463) Concurrent Rebuild Remembered Sets 15.852ms
[13.603s][info ][gc,start      ] GC(463) Pause Cleanup
[13.603s][debug][gc,ergo,cset  ] GC(463) Pruned 125 regions out of 461, leaving 53120744 bytes waste (allowed 53687091)
[13.603s][info ][gc            ] GC(463) Pause Cleanup 572M->572M(1024M) 0.749ms
[13.603s][info ][gc,cpu        ] GC(463) User=0.01s Sys=0.00s Real=0.01s
[13.603s][info ][safepoint     ] Safepoint "G1PauseCleanup", Time since last: 1520800 ns, Reaching safepoint: 9500 ns, Cleanup: 7800 ns, At safepoint: 794200 ns, Total: 811500 ns
[13.603s][info ][gc,marking    ] GC(463) Concurrent Cleanup for Next Mark
[13.604s][debug][gc,ergo       ] GC(463) Running G1 Clear Bitmap with 3 workers for 16 work units.
[13.607s][info ][gc,marking    ] GC(463) Concurrent Cleanup for Next Mark 3.672ms
[13.607s][info ][gc            ] GC(463) Concurrent Mark Cycle 30.152ms
[13.623s][debug][gc,heap       ] GC(465) Heap before GC invocations=465 (full 0):
[13.623s][debug][gc,heap       ] GC(465)  garbage-first heap   total 1048576K, used 695072K [0x00000000c0000000, 0x0000000100000000)
[13.623s][debug][gc,heap       ] GC(465)   region size 1024K, 126 young (129024K), 7 survivors (7168K)
[13.623s][debug][gc,heap       ] GC(465)  Metaspace       used 6341K, committed 6464K, reserved 1114112K
[13.623s][debug][gc,heap       ] GC(465)   class space    used 546K, committed 640K, reserved 1048576K
[13.623s][info ][gc,start      ] GC(465) Pause Young (Prepare Mixed) (G1 Evacuation Pause)
[13.623s][info ][gc,task       ] GC(465) Using 10 workers of 10 for evacuation
[13.623s][trace][gc,ergo,cset  ] GC(465) Start choosing CSet. Pending cards: 49 target pause time: 200.00ms
[13.623s][trace][gc,ergo,cset  ] GC(465) Added young regions to CSet. Eden: 119 regions, Survivors: 7 regions, predicted eden time: 20.00ms, predicted base time: 1.41ms, target pause time: 200.00ms, remaining time: 178.59ms
[13.623s][debug][gc,ergo       ] GC(465) Running G1 Merge Heap Roots using 10 workers for 126 regions
[13.642s][debug][gc,ergo       ] GC(465) Running G1 Rebuild Free List Task using 10 workers for rebuilding free list of regions
[13.642s][debug][gc,ergo,heap  ] GC(465) Heap expansion: short term pause time ratio 26.77% long term pause time ratio 56.53% threshold 7.69% pause time ratio 7.69% fully expanded true resize by 0B
[13.642s][debug][gc,ergo,refine] GC(465) Concurrent refinement times: Logged Cards Scan time goal: 20.00ms Logged Cards Scan time: 0.04ms HCC time: 0.00ms
[13.642s][trace][gc,ergo,refine] GC(465) Updating Refinement Zones: logged cards scan time: 0.038ms, processed cards: 31, goal time: 19.999ms
[13.642s][debug][gc,ergo,refine] GC(465) Updated Refinement Zones: green: 2560, yellow: 7680, red: 12800
[13.642s][info ][gc,phases     ] GC(465)   Pre Evacuate Collection Set: 0.3ms
[13.642s][info ][gc,phases     ] GC(465)   Merge Heap Roots: 0.2ms
[13.642s][info ][gc,phases     ] GC(465)   Evacuate Collection Set: 17.9ms
[13.642s][info ][gc,phases     ] GC(465)   Post Evacuate Collection Set: 0.6ms
[13.642s][info ][gc,phases     ] GC(465)   Other: 0.2ms
[13.642s][info ][gc,heap       ] GC(465) Eden regions: 119->0(35)
[13.642s][info ][gc,heap       ] GC(465) Survivor regions: 7->16(16)
[13.642s][info ][gc,heap       ] GC(465) Old regions: 554->631
[13.642s][info ][gc,heap       ] GC(465) Archive regions: 0->0
[13.642s][info ][gc,heap       ] GC(465) Humongous regions: 0->0
[13.642s][info ][gc,metaspace  ] GC(465) Metaspace: 6341K(6464K)->6341K(6464K) NonClass: 5794K(5824K)->5794K(5824K) Class: 546K(640K)->546K(640K)
[13.642s][debug][gc,heap       ] GC(465) Heap after GC invocations=466 (full 0):
[13.642s][debug][gc,heap       ] GC(465)  garbage-first heap   total 1048576K, used 661804K [0x00000000c0000000, 0x0000000100000000)
[13.642s][debug][gc,heap       ] GC(465)   region size 1024K, 16 young (16384K), 16 survivors (16384K)
[13.642s][debug][gc,heap       ] GC(465)  Metaspace       used 6341K, committed 6464K, reserved 1114112K
[13.642s][debug][gc,heap       ] GC(465)   class space    used 546K, committed 640K, reserved 1048576K
[13.642s][info ][gc            ] GC(465) Pause Young (Prepare Mixed) (G1 Evacuation Pause) 679M->646M(1024M) 19.248ms
[13.642s][info ][gc,cpu        ] GC(465) User=0.17s Sys=0.01s Real=0.02s
[13.642s][info ][safepoint     ] Safepoint "G1CollectForAllocation", Time since last: 19242701 ns, Reaching safepoint: 5800 ns, Cleanup: 5600 ns, At safepoint: 19359101 ns, Total: 19370501 ns
[13.648s][debug][gc,heap       ] GC(466) Heap before GC invocations=466 (full 0):
[13.649s][debug][gc,heap       ] GC(466)  garbage-first heap   total 1048576K, used 696620K [0x00000000c0000000, 0x0000000100000000)
[13.649s][debug][gc,heap       ] GC(466)   region size 1024K, 51 young (52224K), 16 survivors (16384K)
[13.649s][debug][gc,heap       ] GC(466)  Metaspace       used 6341K, committed 6464K, reserved 1114112K
[13.649s][debug][gc,heap       ] GC(466)   class space    used 546K, committed 640K, reserved 1048576K
[13.649s][info ][gc,start      ] GC(466) Pause Young (Mixed) (G1 Evacuation Pause)
[13.649s][info ][gc,task       ] GC(466) Using 10 workers of 10 for evacuation
[13.649s][trace][gc,ergo,cset  ] GC(466) Start choosing CSet. Pending cards: 40 target pause time: 200.00ms
[13.649s][trace][gc,ergo,cset  ] GC(466) Added young regions to CSet. Eden: 35 regions, Survivors: 16 regions, predicted eden time: 6.33ms, predicted base time: 1.29ms, target pause time: 200.00ms, remaining time: 192.38ms
[13.649s][debug][gc,ergo,cset  ] GC(466) Start adding old regions to collection set. Min 42 regions, max 103 regions, time remaining 192.38ms, optional threshold 38.48ms
[13.649s][debug][gc,ergo,cset  ] GC(466) Finish adding old regions to collection set (Maximum number of regions). Initial 103 regions, optional 0 regions
[13.649s][debug][gc,ergo,cset  ] GC(466) Finish choosing collection set old regions. Initial: 103, optional: 0, predicted old time: 0.00ms, predicted optional time: 0.00ms, time remaining: 190.33
[13.649s][debug][gc,ergo       ] GC(466) Running G1 Merge Heap Roots using 10 workers for 154 regions
[13.660s][debug][gc,ergo       ] GC(466) Running G1 Rebuild Free List Task using 10 workers for rebuilding free list of regions
[13.660s][debug][gc,ergo,heap  ] GC(466) Heap expansion: short term pause time ratio 49.62% long term pause time ratio 55.99% threshold 7.69% pause time ratio 7.69% fully expanded true resize by 0B
[13.660s][debug][gc,ergo,refine] GC(466) Concurrent refinement times: Logged Cards Scan time goal: 20.00ms Logged Cards Scan time: 0.02ms HCC time: 0.00ms
[13.660s][trace][gc,ergo,refine] GC(466) Updating Refinement Zones: logged cards scan time: 0.016ms, processed cards: 16, goal time: 19.998ms
[13.660s][debug][gc,ergo,refine] GC(466) Updated Refinement Zones: green: 2560, yellow: 7680, red: 12800
[13.660s][info ][gc,phases     ] GC(466)   Pre Evacuate Collection Set: 0.5ms
[13.660s][info ][gc,phases     ] GC(466)   Merge Heap Roots: 0.2ms
[13.660s][info ][gc,phases     ] GC(466)   Evacuate Collection Set: 9.8ms
[13.660s][info ][gc,phases     ] GC(466)   Post Evacuate Collection Set: 0.8ms
[13.660s][info ][gc,phases     ] GC(466)   Other: 0.4ms
[13.660s][info ][gc,heap       ] GC(466) Eden regions: 35->0(44)
[13.660s][info ][gc,heap       ] GC(466) Survivor regions: 16->7(7)
[13.660s][info ][gc,heap       ] GC(466) Old regions: 631->570
[13.660s][info ][gc,heap       ] GC(466) Archive regions: 0->0
[13.660s][info ][gc,heap       ] GC(466) Humongous regions: 0->0
[13.660s][info ][gc,metaspace  ] GC(466) Metaspace: 6341K(6464K)->6341K(6464K) NonClass: 5794K(5824K)->5794K(5824K) Class: 546K(640K)->546K(640K)
[13.660s][debug][gc,heap       ] GC(466) Heap after GC invocations=467 (full 0):
[13.660s][debug][gc,heap       ] GC(466)  garbage-first heap   total 1048576K, used 590024K [0x00000000c0000000, 0x0000000100000000)
[13.660s][debug][gc,heap       ] GC(466)   region size 1024K, 7 young (7168K), 7 survivors (7168K)
[13.660s][debug][gc,heap       ] GC(466)  Metaspace       used 6341K, committed 6464K, reserved 1114112K
[13.660s][debug][gc,heap       ] GC(466)   class space    used 546K, committed 640K, reserved 1048576K
[13.660s][info ][gc            ] GC(466) Pause Young (Mixed) (G1 Evacuation Pause) 681M->576M(1024M) 11.570ms
[13.660s][info ][gc,cpu        ] GC(466) User=0.09s Sys=0.00s Real=0.01s
[13.660s][info ][safepoint     ] Safepoint "G1CollectForAllocation", Time since last: 6423800 ns, Reaching safepoint: 19300 ns, Cleanup: 15400 ns, At safepoint: 11842301 ns, Total: 11877001 ns
[13.668s][debug][gc,heap       ] GC(467) Heap before GC invocations=467 (full 0):
[13.668s][debug][gc,heap       ] GC(467)  garbage-first heap   total 1048576K, used 634056K [0x00000000c0000000, 0x0000000100000000)
[13.668s][debug][gc,heap       ] GC(467)   region size 1024K, 51 young (52224K), 7 survivors (7168K)
[13.668s][debug][gc,heap       ] GC(467)  Metaspace       used 6341K, committed 6464K, reserved 1114112K
[13.668s][debug][gc,heap       ] GC(467)   class space    used 546K, committed 640K, reserved 1048576K
[13.668s][info ][gc,start      ] GC(467) Pause Young (Mixed) (G1 Evacuation Pause)
[13.668s][info ][gc,task       ] GC(467) Using 10 workers of 10 for evacuation
[13.668s][trace][gc,ergo,cset  ] GC(467) Start choosing CSet. Pending cards: 89 target pause time: 200.00ms
[13.668s][trace][gc,ergo,cset  ] GC(467) Added young regions to CSet. Eden: 44 regions, Survivors: 7 regions, predicted eden time: 7.91ms, predicted base time: 1.39ms, target pause time: 200.00ms, remaining time: 190.70ms
[13.668s][debug][gc,ergo,cset  ] GC(467) Start adding old regions to collection set. Min 42 regions, max 103 regions, time remaining 190.70ms, optional threshold 38.14ms
[13.668s][debug][gc,ergo,cset  ] GC(467) Finish adding old regions to collection set (Maximum number of regions). Initial 103 regions, optional 0 regions
[13.668s][debug][gc,ergo,cset  ] GC(467) Finish choosing collection set old regions. Initial: 103, optional: 0, predicted old time: 0.00ms, predicted optional time: 0.00ms, time remaining: 187.85
[13.668s][debug][gc,ergo       ] GC(467) Running G1 Merge Heap Roots using 10 workers for 154 regions
[13.679s][debug][gc,ergo       ] GC(467) Running G1 Rebuild Free List Task using 10 workers for rebuilding free list of regions
[13.680s][debug][gc,ergo,heap  ] GC(467) Heap expansion: short term pause time ratio 62.30% long term pause time ratio 56.14% threshold 7.69% pause time ratio 7.69% fully expanded true resize by 0B
[13.680s][debug][gc,ergo,refine] GC(467) Concurrent refinement times: Logged Cards Scan time goal: 20.00ms Logged Cards Scan time: 0.03ms HCC time: 0.00ms
[13.680s][trace][gc,ergo,refine] GC(467) Updating Refinement Zones: logged cards scan time: 0.032ms, processed cards: 58, goal time: 19.999ms
[13.680s][debug][gc,ergo,refine] GC(467) Updated Refinement Zones: green: 2560, yellow: 7680, red: 12800
[13.680s][info ][gc,phases     ] GC(467)   Pre Evacuate Collection Set: 0.4ms
[13.680s][info ][gc,phases     ] GC(467)   Merge Heap Roots: 0.2ms
[13.680s][info ][gc,phases     ] GC(467)   Evacuate Collection Set: 9.8ms
[13.680s][info ][gc,phases     ] GC(467)   Post Evacuate Collection Set: 1.3ms
[13.680s][info ][gc,phases     ] GC(467)   Other: 0.2ms
[13.680s][info ][gc,heap       ] GC(467) Eden regions: 44->0(44)
[13.680s][info ][gc,heap       ] GC(467) Survivor regions: 7->7(7)
[13.680s][info ][gc,heap       ] GC(467) Old regions: 570->510
[13.680s][info ][gc,heap       ] GC(467) Archive regions: 0->0
[13.680s][info ][gc,heap       ] GC(467) Humongous regions: 0->0
[13.680s][info ][gc,metaspace  ] GC(467) Metaspace: 6341K(6464K)->6341K(6464K) NonClass: 5794K(5824K)->5794K(5824K) Class: 546K(640K)->546K(640K)
[13.680s][debug][gc,heap       ] GC(467) Heap after GC invocations=468 (full 0):
[13.680s][debug][gc,heap       ] GC(467)  garbage-first heap   total 1048576K, used 528684K [0x00000000c0000000, 0x0000000100000000)
[13.680s][debug][gc,heap       ] GC(467)   region size 1024K, 7 young (7168K), 7 survivors (7168K)
[13.680s][debug][gc,heap       ] GC(467)  Metaspace       used 6341K, committed 6464K, reserved 1114112K
[13.680s][debug][gc,heap       ] GC(467)   class space    used 546K, committed 640K, reserved 1048576K
[13.680s][info ][gc            ] GC(467) Pause Young (Mixed) (G1 Evacuation Pause) 620M->516M(1024M) 11.816ms
[13.680s][info ][gc,cpu        ] GC(467) User=0.10s Sys=0.00s Real=0.01s
[13.680s][info ][safepoint     ] Safepoint "G1CollectForAllocation", Time since last: 7576000 ns, Reaching safepoint: 8600 ns, Cleanup: 8600 ns, At safepoint: 11975100 ns, Total: 11992300 ns
[13.687s][debug][gc,heap       ] GC(468) Heap before GC invocations=468 (full 0):
[13.687s][debug][gc,heap       ] GC(468)  garbage-first heap   total 1048576K, used 572716K [0x00000000c0000000, 0x0000000100000000)
[13.687s][debug][gc,heap       ] GC(468)   region size 1024K, 51 young (52224K), 7 survivors (7168K)
[13.687s][debug][gc,heap       ] GC(468)  Metaspace       used 6341K, committed 6464K, reserved 1114112K
[13.687s][debug][gc,heap       ] GC(468)   class space    used 546K, committed 640K, reserved 1048576K
[13.687s][info ][gc,start      ] GC(468) Pause Young (Mixed) (G1 Evacuation Pause)
[13.687s][info ][gc,task       ] GC(468) Using 10 workers of 10 for evacuation
[13.687s][trace][gc,ergo,cset  ] GC(468) Start choosing CSet. Pending cards: 84 target pause time: 200.00ms
[13.688s][trace][gc,ergo,cset  ] GC(468) Added young regions to CSet. Eden: 44 regions, Survivors: 7 regions, predicted eden time: 7.90ms, predicted base time: 1.54ms, target pause time: 200.00ms, remaining time: 190.56ms
[13.688s][debug][gc,ergo,cset  ] GC(468) Start adding old regions to collection set. Min 42 regions, max 103 regions, time remaining 190.56ms, optional threshold 38.11ms
[13.688s][debug][gc,ergo,cset  ] GC(468) Finish adding old regions to collection set (Maximum number of regions). Initial 103 regions, optional 0 regions
[13.688s][debug][gc,ergo,cset  ] GC(468) Finish choosing collection set old regions. Initial: 103, optional: 0, predicted old time: 0.00ms, predicted optional time: 0.00ms, time remaining: 184.92
[13.688s][debug][gc,ergo       ] GC(468) Running G1 Merge Heap Roots using 10 workers for 154 regions
[13.699s][debug][gc,ergo       ] GC(468) Running G1 Rebuild Free List Task using 10 workers for rebuilding free list of regions
[13.699s][debug][gc,ergo,heap  ] GC(468) Heap expansion: short term pause time ratio 59.57% long term pause time ratio 55.98% threshold 7.69% pause time ratio 7.69% fully expanded true resize by 0B
[13.699s][debug][gc,ergo,refine] GC(468) Concurrent refinement times: Logged Cards Scan time goal: 20.00ms Logged Cards Scan time: 0.04ms HCC time: 0.00ms
[13.699s][trace][gc,ergo,refine] GC(468) Updating Refinement Zones: logged cards scan time: 0.040ms, processed cards: 54, goal time: 19.999ms
[13.699s][debug][gc,ergo,refine] GC(468) Updated Refinement Zones: green: 2560, yellow: 7680, red: 12800
[13.699s][info ][gc,phases     ] GC(468)   Pre Evacuate Collection Set: 0.4ms
[13.699s][info ][gc,phases     ] GC(468)   Merge Heap Roots: 0.2ms
[13.699s][info ][gc,phases     ] GC(468)   Evacuate Collection Set: 10.0ms
[13.699s][info ][gc,phases     ] GC(468)   Post Evacuate Collection Set: 0.7ms
[13.699s][info ][gc,phases     ] GC(468)   Other: 0.3ms
[13.699s][info ][gc,heap       ] GC(468) Eden regions: 44->0(44)
[13.699s][info ][gc,heap       ] GC(468) Survivor regions: 7->7(7)
[13.699s][info ][gc,heap       ] GC(468) Old regions: 510->453
[13.699s][info ][gc,heap       ] GC(468) Archive regions: 0->0
[13.699s][info ][gc,heap       ] GC(468) Humongous regions: 0->0
[13.699s][info ][gc,metaspace  ] GC(468) Metaspace: 6341K(6464K)->6341K(6464K) NonClass: 5794K(5824K)->5794K(5824K) Class: 546K(640K)->546K(640K)
[13.699s][debug][gc,heap       ] GC(468) Heap after GC invocations=469 (full 0):
[13.699s][debug][gc,heap       ] GC(468)  garbage-first heap   total 1048576K, used 470616K [0x00000000c0000000, 0x0000000100000000)
[13.699s][debug][gc,heap       ] GC(468)   region size 1024K, 7 young (7168K), 7 survivors (7168K)
[13.699s][debug][gc,heap       ] GC(468)  Metaspace       used 6341K, committed 6464K, reserved 1114112K
[13.699s][debug][gc,heap       ] GC(468)   class space    used 546K, committed 640K, reserved 1048576K
[13.699s][info ][gc            ] GC(468) Pause Young (Mixed) (G1 Evacuation Pause) 560M->459M(1024M) 11.527ms
[13.699s][info ][gc,cpu        ] GC(468) User=0.10s Sys=0.00s Real=0.01s
[13.699s][info ][safepoint     ] Safepoint "G1CollectForAllocation", Time since last: 7461201 ns, Reaching safepoint: 9100 ns, Cleanup: 10400 ns, At safepoint: 11707300 ns, Total: 11726800 ns
[13.705s][debug][gc,heap       ] GC(469) Heap before GC invocations=469 (full 0):
[13.705s][debug][gc,heap       ] GC(469)  garbage-first heap   total 1048576K, used 514648K [0x00000000c0000000, 0x0000000100000000)
[13.705s][debug][gc,heap       ] GC(469)   region size 1024K, 51 young (52224K), 7 survivors (7168K)
[13.705s][debug][gc,heap       ] GC(469)  Metaspace       used 6341K, committed 6464K, reserved 1114112K
[13.705s][debug][gc,heap       ] GC(469)   class space    used 546K, committed 640K, reserved 1048576K
[13.705s][info ][gc,start      ] GC(469) Pause Young (Mixed) (G1 Evacuation Pause)
[13.705s][info ][gc,task       ] GC(469) Using 10 workers of 10 for evacuation
[13.705s][trace][gc,ergo,cset  ] GC(469) Start choosing CSet. Pending cards: 31 target pause time: 200.00ms
[13.705s][trace][gc,ergo,cset  ] GC(469) Added young regions to CSet. Eden: 44 regions, Survivors: 7 regions, predicted eden time: 7.84ms, predicted base time: 1.46ms, target pause time: 200.00ms, remaining time: 190.70ms
[13.705s][debug][gc,ergo,cset  ] GC(469) Start adding old regions to collection set. Min 42 regions, max 103 regions, time remaining 190.70ms, optional threshold 38.14ms
[13.705s][debug][gc,ergo,cset  ] GC(469) Old candidate collection set empty.
[13.705s][debug][gc,ergo,cset  ] GC(469) Finish choosing collection set old regions. Initial: 27, optional: 0, predicted old time: 0.00ms, predicted optional time: 0.00ms, time remaining: 188.66
[13.705s][debug][gc,ergo       ] GC(469) Running G1 Merge Heap Roots using 10 workers for 78 regions
[13.715s][debug][gc,ergo       ] GC(469) Running G1 Rebuild Free List Task using 10 workers for rebuilding free list of regions
[13.715s][debug][gc,ergo,heap  ] GC(469) Heap expansion: short term pause time ratio 59.17% long term pause time ratio 54.96% threshold 7.69% pause time ratio 7.69% fully expanded true resize by 0B
[13.716s][debug][gc,ergo       ] GC(469) do not continue mixed GCs (candidate old regions not available)
[13.716s][debug][gc,ergo,refine] GC(469) Concurrent refinement times: Logged Cards Scan time goal: 20.00ms Logged Cards Scan time: 0.01ms HCC time: 0.00ms
[13.716s][trace][gc,ergo,refine] GC(469) Updating Refinement Zones: logged cards scan time: 0.012ms, processed cards: 14, goal time: 19.999ms
[13.716s][debug][gc,ergo,refine] GC(469) Updated Refinement Zones: green: 2560, yellow: 7680, red: 12800
[13.716s][info ][gc,phases     ] GC(469)   Pre Evacuate Collection Set: 0.3ms
[13.716s][info ][gc,phases     ] GC(469)   Merge Heap Roots: 0.2ms
[13.716s][info ][gc,phases     ] GC(469)   Evacuate Collection Set: 9.2ms
[13.716s][info ][gc,phases     ] GC(469)   Post Evacuate Collection Set: 0.8ms
[13.716s][info ][gc,phases     ] GC(469)   Other: 0.3ms
[13.716s][info ][gc,heap       ] GC(469) Eden regions: 44->0(155)
[13.716s][info ][gc,heap       ] GC(469) Survivor regions: 7->7(7)
[13.716s][info ][gc,heap       ] GC(469) Old regions: 453->466
[13.716s][info ][gc,heap       ] GC(469) Archive regions: 0->0
[13.716s][info ][gc,heap       ] GC(469) Humongous regions: 0->0
[13.716s][info ][gc,metaspace  ] GC(469) Metaspace: 6341K(6464K)->6341K(6464K) NonClass: 5794K(5824K)->5794K(5824K) Class: 546K(640K)->546K(640K)
[13.716s][debug][gc,heap       ] GC(469) Heap after GC invocations=470 (full 0):
[13.716s][debug][gc,heap       ] GC(469)  garbage-first heap   total 1048576K, used 484328K [0x00000000c0000000, 0x0000000100000000)
[13.716s][debug][gc,heap       ] GC(469)   region size 1024K, 7 young (7168K), 7 survivors (7168K)
[13.716s][debug][gc,heap       ] GC(469)  Metaspace       used 6341K, committed 6464K, reserved 1114112K
[13.716s][debug][gc,heap       ] GC(469)   class space    used 546K, committed 640K, reserved 1048576K
[13.716s][info ][gc            ] GC(469) Pause Young (Mixed) (G1 Evacuation Pause) 503M->472M(1024M) 10.686ms
[13.716s][info ][gc,cpu        ] GC(469) User=0.09s Sys=0.00s Real=0.01s
[13.716s][info ][safepoint     ] Safepoint "G1CollectForAllocation", Time since last: 5807300 ns, Reaching safepoint: 13200 ns, Cleanup: 11700 ns, At safepoint: 10836601 ns, Total: 10861501 ns
[13.734s][debug][gc,heap       ] GC(470) Heap before GC invocations=470 (full 0):
[13.734s][debug][gc,heap       ] GC(470)  garbage-first heap   total 1048576K, used 642024K [0x00000000c0000000, 0x0000000100000000)
[13.734s][debug][gc,heap       ] GC(470)   region size 1024K, 162 young (165888K), 7 survivors (7168K)
[13.734s][debug][gc,heap       ] GC(470)  Metaspace       used 6341K, committed 6464K, reserved 1114112K
[13.734s][debug][gc,heap       ] GC(470)   class space    used 546K, committed 640K, reserved 1048576K
[13.734s][info ][gc,start      ] GC(470) Pause Young (Normal) (G1 Evacuation Pause)
[13.734s][info ][gc,task       ] GC(470) Using 10 workers of 10 for evacuation
[13.734s][trace][gc,ergo,cset  ] GC(470) Start choosing CSet. Pending cards: 32 target pause time: 200.00ms
[13.734s][trace][gc,ergo,cset  ] GC(470) Added young regions to CSet. Eden: 155 regions, Survivors: 7 regions, predicted eden time: 25.16ms, predicted base time: 1.36ms, target pause time: 200.00ms, remaining time: 173.48ms
[13.734s][debug][gc,ergo       ] GC(470) Running G1 Merge Heap Roots using 10 workers for 162 regions
[13.757s][debug][gc,ergo       ] GC(470) Running G1 Rebuild Free List Task using 10 workers for rebuilding free list of regions
[13.757s][debug][gc,ergo,heap  ] GC(470) Heap expansion: short term pause time ratio 63.22% long term pause time ratio 55.30% threshold 7.69% pause time ratio 7.69% fully expanded true resize by 0B
[13.757s][debug][gc,ergo,refine] GC(470) Concurrent refinement times: Logged Cards Scan time goal: 20.00ms Logged Cards Scan time: 0.03ms HCC time: 0.00ms
[13.757s][trace][gc,ergo,refine] GC(470) Updating Refinement Zones: logged cards scan time: 0.032ms, processed cards: 11, goal time: 19.999ms
[13.757s][debug][gc,ergo,refine] GC(470) Updated Refinement Zones: green: 2560, yellow: 7680, red: 12800
[13.757s][info ][gc,phases     ] GC(470)   Pre Evacuate Collection Set: 0.3ms
[13.757s][info ][gc,phases     ] GC(470)   Merge Heap Roots: 0.2ms
[13.757s][info ][gc,phases     ] GC(470)   Evacuate Collection Set: 21.6ms
[13.757s][info ][gc,phases     ] GC(470)   Post Evacuate Collection Set: 0.7ms
[13.757s][info ][gc,phases     ] GC(470)   Other: 0.3ms
[13.757s][info ][gc,heap       ] GC(470) Eden regions: 155->0(117)
[13.757s][info ][gc,heap       ] GC(470) Survivor regions: 7->21(21)
[13.757s][info ][gc,heap       ] GC(470) Old regions: 466->559
[13.757s][info ][gc,heap       ] GC(470) Archive regions: 0->0
[13.757s][info ][gc,heap       ] GC(470) Humongous regions: 0->0
[13.757s][info ][gc,metaspace  ] GC(470) Metaspace: 6341K(6464K)->6341K(6464K) NonClass: 5794K(5824K)->5794K(5824K) Class: 546K(640K)->546K(640K)
[13.757s][debug][gc,heap       ] GC(470) Heap after GC invocations=471 (full 0):
[13.757s][debug][gc,heap       ] GC(470)  garbage-first heap   total 1048576K, used 593496K [0x00000000c0000000, 0x0000000100000000)
[13.757s][debug][gc,heap       ] GC(470)   region size 1024K, 21 young (21504K), 21 survivors (21504K)
[13.757s][debug][gc,heap       ] GC(470)  Metaspace       used 6341K, committed 6464K, reserved 1114112K
[13.757s][debug][gc,heap       ] GC(470)   class space    used 546K, committed 640K, reserved 1048576K
[13.757s][info ][gc            ] GC(470) Pause Young (Normal) (G1 Evacuation Pause) 627M->579M(1024M) 23.115ms
[13.757s][info ][gc,cpu        ] GC(470) User=0.21s Sys=0.00s Real=0.02s
[13.757s][info ][safepoint     ] Safepoint "G1CollectForAllocation", Time since last: 18248800 ns, Reaching safepoint: 11900 ns, Cleanup: 11600 ns, At safepoint: 23299101 ns, Total: 23322601 ns
[13.774s][debug][gc,heap       ] GC(471) Heap before GC invocations=471 (full 0):
[13.774s][debug][gc,heap       ] GC(471)  garbage-first heap   total 1048576K, used 712280K [0x00000000c0000000, 0x0000000100000000)
[13.774s][debug][gc,heap       ] GC(471)   region size 1024K, 138 young (141312K), 21 survivors (21504K)
[13.774s][debug][gc,heap       ] GC(471)  Metaspace       used 6341K, committed 6464K, reserved 1114112K
[13.774s][debug][gc,heap       ] GC(471)   class space    used 546K, committed 640K, reserved 1048576K
[13.774s][info ][gc,start      ] GC(471) Pause Young (Normal) (G1 Evacuation Pause)
[13.774s][info ][gc,task       ] GC(471) Using 10 workers of 10 for evacuation
[13.774s][trace][gc,ergo,cset  ] GC(471) Start choosing CSet. Pending cards: 37 target pause time: 200.00ms
[13.774s][trace][gc,ergo,cset  ] GC(471) Added young regions to CSet. Eden: 117 regions, Survivors: 21 regions, predicted eden time: 19.14ms, predicted base time: 1.36ms, target pause time: 200.00ms, remaining time: 179.50ms
[13.774s][debug][gc,ergo       ] GC(471) Running G1 Merge Heap Roots using 10 workers for 138 regions
[13.794s][debug][gc,ergo       ] GC(471) Running G1 Rebuild Free List Task using 10 workers for rebuilding free list of regions
[13.794s][debug][gc,ergo,heap  ] GC(471) Heap expansion: short term pause time ratio 55.19% long term pause time ratio 55.32% threshold 7.69% pause time ratio 7.69% fully expanded true resize by 0B
[13.794s][debug][gc,ergo,refine] GC(471) Concurrent refinement times: Logged Cards Scan time goal: 20.00ms Logged Cards Scan time: 0.04ms HCC time: 0.00ms
[13.794s][trace][gc,ergo,refine] GC(471) Updating Refinement Zones: logged cards scan time: 0.039ms, processed cards: 28, goal time: 20.000ms
[13.794s][debug][gc,ergo,refine] GC(471) Updated Refinement Zones: green: 2560, yellow: 7680, red: 12800
[13.794s][info ][gc,phases     ] GC(471)   Pre Evacuate Collection Set: 0.2ms
[13.794s][info ][gc,phases     ] GC(471)   Merge Heap Roots: 0.2ms
[13.794s][info ][gc,phases     ] GC(471)   Evacuate Collection Set: 19.0ms
[13.794s][info ][gc,phases     ] GC(471)   Post Evacuate Collection Set: 0.7ms
[13.794s][info ][gc,phases     ] GC(471)   Other: 0.2ms
[13.794s][info ][gc,heap       ] GC(471) Eden regions: 117->0(90)
[13.794s][info ][gc,heap       ] GC(471) Survivor regions: 21->18(18)
[13.794s][info ][gc,heap       ] GC(471) Old regions: 559->640
[13.794s][info ][gc,heap       ] GC(471) Archive regions: 0->0
[13.794s][info ][gc,heap       ] GC(471) Humongous regions: 0->0
[13.794s][info ][gc,metaspace  ] GC(471) Metaspace: 6341K(6464K)->6341K(6464K) NonClass: 5794K(5824K)->5794K(5824K) Class: 546K(640K)->546K(640K)
[13.794s][debug][gc,heap       ] GC(471) Heap after GC invocations=472 (full 0):
[13.794s][debug][gc,heap       ] GC(471)  garbage-first heap   total 1048576K, used 673568K [0x00000000c0000000, 0x0000000100000000)
[13.794s][debug][gc,heap       ] GC(471)   region size 1024K, 18 young (18432K), 18 survivors (18432K)
[13.794s][debug][gc,heap       ] GC(471)  Metaspace       used 6341K, committed 6464K, reserved 1114112K
[13.794s][debug][gc,heap       ] GC(471)   class space    used 546K, committed 640K, reserved 1048576K
[13.794s][info ][gc            ] GC(471) Pause Young (Normal) (G1 Evacuation Pause) 696M->657M(1024M) 20.282ms
[13.794s][info ][gc,cpu        ] GC(471) User=0.17s Sys=0.01s Real=0.02s
[13.794s][info ][safepoint     ] Safepoint "G1CollectForAllocation", Time since last: 16718201 ns, Reaching safepoint: 6300 ns, Cleanup: 7400 ns, At safepoint: 20412900 ns, Total: 20426600 ns
[13.808s][debug][gc,heap       ] GC(472) Heap before GC invocations=472 (full 0):
[13.808s][debug][gc,heap       ] GC(472)  garbage-first heap   total 1048576K, used 764704K [0x00000000c0000000, 0x0000000100000000)
[13.808s][debug][gc,heap       ] GC(472)   region size 1024K, 108 young (110592K), 18 survivors (18432K)
[13.808s][debug][gc,heap       ] GC(472)  Metaspace       used 6341K, committed 6464K, reserved 1114112K
[13.808s][debug][gc,heap       ] GC(472)   class space    used 546K, committed 640K, reserved 1048576K
[13.808s][info ][gc,start      ] GC(472) Pause Young (Normal) (G1 Evacuation Pause)
[13.808s][info ][gc,task       ] GC(472) Using 10 workers of 10 for evacuation
[13.808s][trace][gc,ergo,cset  ] GC(472) Start choosing CSet. Pending cards: 43 target pause time: 200.00ms
[13.808s][trace][gc,ergo,cset  ] GC(472) Added young regions to CSet. Eden: 90 regions, Survivors: 18 regions, predicted eden time: 14.93ms, predicted base time: 1.25ms, target pause time: 200.00ms, remaining time: 183.82ms
[13.808s][debug][gc,ergo       ] GC(472) Running G1 Merge Heap Roots using 10 workers for 108 regions
[13.824s][debug][gc,ergo       ] GC(472) Running G1 Rebuild Free List Task using 10 workers for rebuilding free list of regions
[13.824s][debug][gc,ergo,heap  ] GC(472) Heap expansion: short term pause time ratio 54.20% long term pause time ratio 55.48% threshold 7.69% pause time ratio 7.69% fully expanded true resize by 0B
[13.824s][debug][gc,ergo,refine] GC(472) Concurrent refinement times: Logged Cards Scan time goal: 20.00ms Logged Cards Scan time: 0.04ms HCC time: 0.00ms
[13.824s][trace][gc,ergo,refine] GC(472) Updating Refinement Zones: logged cards scan time: 0.037ms, processed cards: 24, goal time: 19.999ms
[13.824s][debug][gc,ergo,refine] GC(472) Updated Refinement Zones: green: 2560, yellow: 7680, red: 12800
[13.824s][info ][gc,phases     ] GC(472)   Pre Evacuate Collection Set: 0.2ms
[13.824s][info ][gc,phases     ] GC(472)   Merge Heap Roots: 0.2ms
[13.824s][info ][gc,phases     ] GC(472)   Evacuate Collection Set: 15.5ms
[13.824s][info ][gc,phases     ] GC(472)   Post Evacuate Collection Set: 0.7ms
[13.824s][info ][gc,phases     ] GC(472)   Other: 0.2ms
[13.824s][info ][gc,heap       ] GC(472) Eden regions: 90->0(66)
[13.824s][info ][gc,heap       ] GC(472) Survivor regions: 18->14(14)
[13.824s][info ][gc,heap       ] GC(472) Old regions: 640->710
[13.824s][info ][gc,heap       ] GC(472) Archive regions: 0->0
[13.824s][info ][gc,heap       ] GC(472) Humongous regions: 0->0
[13.824s][info ][gc,metaspace  ] GC(472) Metaspace: 6341K(6464K)->6341K(6464K) NonClass: 5794K(5824K)->5794K(5824K) Class: 546K(640K)->546K(640K)
[13.824s][debug][gc,heap       ] GC(472) Heap after GC invocations=473 (full 0):
[13.824s][debug][gc,heap       ] GC(472)  garbage-first heap   total 1048576K, used 740752K [0x00000000c0000000, 0x0000000100000000)
[13.824s][debug][gc,heap       ] GC(472)   region size 1024K, 14 young (14336K), 14 survivors (14336K)
[13.824s][debug][gc,heap       ] GC(472)  Metaspace       used 6341K, committed 6464K, reserved 1114112K
[13.824s][debug][gc,heap       ] GC(472)   class space    used 546K, committed 640K, reserved 1048576K
[13.825s][info ][gc            ] GC(472) Pause Young (Normal) (G1 Evacuation Pause) 747M->723M(1024M) 16.861ms
[13.825s][info ][gc,cpu        ] GC(472) User=0.15s Sys=0.00s Real=0.02s
[13.825s][info ][safepoint     ] Safepoint "G1CollectForAllocation", Time since last: 13187601 ns, Reaching safepoint: 4800 ns, Cleanup: 5600 ns, At safepoint: 16983500 ns, Total: 16993900 ns
[13.836s][debug][gc,heap       ] GC(473) Heap before GC invocations=473 (full 0):
[13.836s][debug][gc,heap       ] GC(473)  garbage-first heap   total 1048576K, used 807312K [0x00000000c0000000, 0x0000000100000000)
[13.836s][debug][gc,heap       ] GC(473)   region size 1024K, 80 young (81920K), 14 survivors (14336K)
[13.836s][debug][gc,heap       ] GC(473)  Metaspace       used 6341K, committed 6464K, reserved 1114112K
[13.836s][debug][gc,heap       ] GC(473)   class space    used 546K, committed 640K, reserved 1048576K
[13.836s][info ][gc,start      ] GC(473) Pause Young (Normal) (G1 Evacuation Pause)
[13.836s][info ][gc,task       ] GC(473) Using 10 workers of 10 for evacuation
[13.836s][trace][gc,ergo,cset  ] GC(473) Start choosing CSet. Pending cards: 39 target pause time: 200.00ms
[13.836s][trace][gc,ergo,cset  ] GC(473) Added young regions to CSet. Eden: 66 regions, Survivors: 14 regions, predicted eden time: 11.15ms, predicted base time: 1.19ms, target pause time: 200.00ms, remaining time: 187.66ms
[13.837s][debug][gc,ergo       ] GC(473) Running G1 Merge Heap Roots using 10 workers for 80 regions
[13.850s][debug][gc,ergo       ] GC(473) Running G1 Rebuild Free List Task using 10 workers for rebuilding free list of regions
[13.850s][debug][gc,ergo,heap  ] GC(473) Heap expansion: short term pause time ratio 55.37% long term pause time ratio 56.82% threshold 7.69% pause time ratio 7.69% fully expanded true resize by 0B
[13.850s][debug][gc,ergo,refine] GC(473) Concurrent refinement times: Logged Cards Scan time goal: 19.99ms Logged Cards Scan time: 0.05ms HCC time: 0.01ms
[13.850s][trace][gc,ergo,refine] GC(473) Updating Refinement Zones: logged cards scan time: 0.046ms, processed cards: 25, goal time: 19.992ms
[13.850s][debug][gc,ergo,refine] GC(473) Updated Refinement Zones: green: 2560, yellow: 7680, red: 12800
[13.850s][info ][gc,phases     ] GC(473)   Pre Evacuate Collection Set: 0.3ms
[13.850s][info ][gc,phases     ] GC(473)   Merge Heap Roots: 0.2ms
[13.850s][info ][gc,phases     ] GC(473)   Evacuate Collection Set: 12.5ms
[13.850s][info ][gc,phases     ] GC(473)   Post Evacuate Collection Set: 0.9ms
[13.850s][info ][gc,phases     ] GC(473)   Other: 0.3ms
[13.850s][info ][gc,heap       ] GC(473) Eden regions: 66->0(47)
[13.850s][info ][gc,heap       ] GC(473) Survivor regions: 14->10(10)
[13.850s][info ][gc,heap       ] GC(473) Old regions: 710->767
[13.850s][info ][gc,heap       ] GC(473) Archive regions: 0->0
[13.850s][info ][gc,heap       ] GC(473) Humongous regions: 0->0
[13.850s][info ][gc,metaspace  ] GC(473) Metaspace: 6341K(6464K)->6341K(6464K) NonClass: 5794K(5824K)->5794K(5824K) Class: 546K(640K)->546K(640K)
[13.850s][debug][gc,heap       ] GC(473) Heap after GC invocations=474 (full 0):
[13.850s][debug][gc,heap       ] GC(473)  garbage-first heap   total 1048576K, used 794724K [0x00000000c0000000, 0x0000000100000000)
[13.850s][debug][gc,heap       ] GC(473)   region size 1024K, 10 young (10240K), 10 survivors (10240K)
[13.850s][debug][gc,heap       ] GC(473)  Metaspace       used 6341K, committed 6464K, reserved 1114112K
[13.850s][debug][gc,heap       ] GC(473)   class space    used 546K, committed 640K, reserved 1048576K
[13.850s][info ][gc            ] GC(473) Pause Young (Normal) (G1 Evacuation Pause) 789M->776M(1024M) 14.161ms
[13.850s][info ][gc,cpu        ] GC(473) User=0.12s Sys=0.00s Real=0.01s
[13.850s][info ][safepoint     ] Safepoint "G1CollectForAllocation", Time since last: 11544001 ns, Reaching safepoint: 16400 ns, Cleanup: 11900 ns, At safepoint: 14374400 ns, Total: 14402700 ns
[13.858s][debug][gc,heap       ] GC(474) Heap before GC invocations=474 (full 0):
[13.858s][debug][gc,heap       ] GC(474)  garbage-first heap   total 1048576K, used 841828K [0x00000000c0000000, 0x0000000100000000)
[13.858s][debug][gc,heap       ] GC(474)   region size 1024K, 57 young (58368K), 10 survivors (10240K)
[13.858s][debug][gc,heap       ] GC(474)  Metaspace       used 6341K, committed 6464K, reserved 1114112K
[13.858s][debug][gc,heap       ] GC(474)   class space    used 546K, committed 640K, reserved 1048576K
[13.858s][info ][gc,start      ] GC(474) Pause Young (Normal) (G1 Evacuation Pause)
[13.858s][info ][gc,task       ] GC(474) Using 10 workers of 10 for evacuation
[13.858s][trace][gc,ergo,cset  ] GC(474) Start choosing CSet. Pending cards: 33 target pause time: 200.00ms
[13.858s][trace][gc,ergo,cset  ] GC(474) Added young regions to CSet. Eden: 47 regions, Survivors: 10 regions, predicted eden time: 8.16ms, predicted base time: 1.22ms, target pause time: 200.00ms, remaining time: 190.62ms
[13.858s][debug][gc,ergo       ] GC(474) Running G1 Merge Heap Roots using 10 workers for 57 regions
[13.868s][debug][gc,ergo       ] GC(474) Running G1 Rebuild Free List Task using 10 workers for rebuilding free list of regions
[13.869s][debug][gc,ergo,heap  ] GC(474) Heap expansion: short term pause time ratio 53.94% long term pause time ratio 55.49% threshold 7.69% pause time ratio 7.69% fully expanded true resize by 0B
[13.869s][debug][gc,ergo,refine] GC(474) Concurrent refinement times: Logged Cards Scan time goal: 20.00ms Logged Cards Scan time: 0.02ms HCC time: 0.00ms
[13.869s][trace][gc,ergo,refine] GC(474) Updating Refinement Zones: logged cards scan time: 0.021ms, processed cards: 16, goal time: 20.000ms
[13.869s][debug][gc,ergo,refine] GC(474) Updated Refinement Zones: green: 2560, yellow: 7680, red: 12800
[13.869s][info ][gc,phases     ] GC(474)   Pre Evacuate Collection Set: 0.3ms
[13.869s][info ][gc,phases     ] GC(474)   Merge Heap Roots: 0.2ms
[13.869s][info ][gc,phases     ] GC(474)   Evacuate Collection Set: 9.5ms
[13.869s][info ][gc,phases     ] GC(474)   Post Evacuate Collection Set: 0.7ms
[13.869s][info ][gc,phases     ] GC(474)   Other: 0.2ms
[13.869s][info ][gc,heap       ] GC(474) Eden regions: 47->0(43)
[13.869s][info ][gc,heap       ] GC(474) Survivor regions: 10->8(8)
[13.869s][info ][gc,heap       ] GC(474) Old regions: 767->809
[13.869s][info ][gc,heap       ] GC(474) Archive regions: 0->0
[13.869s][info ][gc,heap       ] GC(474) Humongous regions: 0->0
[13.869s][info ][gc,metaspace  ] GC(474) Metaspace: 6341K(6464K)->6341K(6464K) NonClass: 5794K(5824K)->5794K(5824K) Class: 546K(640K)->546K(640K)
[13.869s][debug][gc,heap       ] GC(474) Heap after GC invocations=475 (full 0):
[13.869s][debug][gc,heap       ] GC(474)  garbage-first heap   total 1048576K, used 835984K [0x00000000c0000000, 0x0000000100000000)
[13.869s][debug][gc,heap       ] GC(474)   region size 1024K, 8 young (8192K), 8 survivors (8192K)
[13.869s][debug][gc,heap       ] GC(474)  Metaspace       used 6341K, committed 6464K, reserved 1114112K
[13.869s][debug][gc,heap       ] GC(474)   class space    used 546K, committed 640K, reserved 1048576K
[13.869s][info ][gc            ] GC(474) Pause Young (Normal) (G1 Evacuation Pause) 823M->816M(1024M) 10.827ms
[13.869s][info ][gc,cpu        ] GC(474) User=0.09s Sys=0.00s Real=0.01s
[13.869s][info ][safepoint     ] Safepoint "G1CollectForAllocation", Time since last: 7404601 ns, Reaching safepoint: 6200 ns, Cleanup: 7000 ns, At safepoint: 10968500 ns, Total: 10981700 ns
[13.876s][debug][gc,heap       ] GC(475) Heap before GC invocations=475 (full 0):
[13.876s][debug][gc,heap       ] GC(475)  garbage-first heap   total 1048576K, used 878992K [0x00000000c0000000, 0x0000000100000000)
[13.876s][debug][gc,heap       ] GC(475)   region size 1024K, 51 young (52224K), 8 survivors (8192K)
[13.876s][debug][gc,heap       ] GC(475)  Metaspace       used 6341K, committed 6464K, reserved 1114112K
[13.876s][debug][gc,heap       ] GC(475)   class space    used 546K, committed 640K, reserved 1048576K
[13.876s][info ][gc,start      ] GC(475) Pause Young (Normal) (G1 Evacuation Pause)
[13.876s][info ][gc,task       ] GC(475) Using 10 workers of 10 for evacuation
[13.876s][trace][gc,ergo,cset  ] GC(475) Start choosing CSet. Pending cards: 32 target pause time: 200.00ms
[13.876s][trace][gc,ergo,cset  ] GC(475) Added young regions to CSet. Eden: 43 regions, Survivors: 8 regions, predicted eden time: 7.49ms, predicted base time: 1.15ms, target pause time: 200.00ms, remaining time: 191.36ms
[13.877s][debug][gc,ergo       ] GC(475) Running G1 Merge Heap Roots using 10 workers for 51 regions
[13.885s][debug][gc,ergo       ] GC(475) Running G1 Rebuild Free List Task using 10 workers for rebuilding free list of regions
[13.886s][debug][gc,ergo,heap  ] GC(475) Heap expansion: short term pause time ratio 57.97% long term pause time ratio 55.94% threshold 7.69% pause time ratio 7.69% fully expanded true resize by 0B
[13.886s][debug][gc,ergo,ihop  ] GC(475) Request concurrent cycle initiation (occupancy higher than threshold) occupancy: 888143872B allocation request: 0B threshold: 859202960B (80.02) source: end of GC
[13.886s][debug][gc,ergo,refine] GC(475) Concurrent refinement times: Logged Cards Scan time goal: 20.00ms Logged Cards Scan time: 0.02ms HCC time: 0.00ms
[13.886s][trace][gc,ergo,refine] GC(475) Updating Refinement Zones: logged cards scan time: 0.021ms, processed cards: 15, goal time: 20.000ms
[13.886s][debug][gc,ergo,refine] GC(475) Updated Refinement Zones: green: 2560, yellow: 7680, red: 12800
[13.886s][info ][gc,phases     ] GC(475)   Pre Evacuate Collection Set: 0.3ms
[13.886s][info ][gc,phases     ] GC(475)   Merge Heap Roots: 0.2ms
[13.886s][info ][gc,phases     ] GC(475)   Evacuate Collection Set: 8.3ms
[13.886s][info ][gc,phases     ] GC(475)   Post Evacuate Collection Set: 0.7ms
[13.886s][info ][gc,phases     ] GC(475)   Other: 0.4ms
[13.886s][info ][gc,heap       ] GC(475) Eden regions: 43->0(44)
[13.886s][info ][gc,heap       ] GC(475) Survivor regions: 8->7(7)
[13.886s][info ][gc,heap       ] GC(475) Old regions: 809->847
[13.886s][info ][gc,heap       ] GC(475) Archive regions: 0->0
[13.886s][info ][gc,heap       ] GC(475) Humongous regions: 0->0
[13.886s][info ][gc,metaspace  ] GC(475) Metaspace: 6341K(6464K)->6341K(6464K) NonClass: 5794K(5824K)->5794K(5824K) Class: 546K(640K)->546K(640K)
[13.886s][debug][gc,heap       ] GC(475) Heap after GC invocations=476 (full 0):
[13.886s][debug][gc,heap       ] GC(475)  garbage-first heap   total 1048576K, used 874072K [0x00000000c0000000, 0x0000000100000000)
[13.886s][debug][gc,heap       ] GC(475)   region size 1024K, 7 young (7168K), 7 survivors (7168K)
[13.886s][debug][gc,heap       ] GC(475)  Metaspace       used 6341K, committed 6464K, reserved 1114112K
[13.886s][debug][gc,heap       ] GC(475)   class space    used 546K, committed 640K, reserved 1048576K
[13.886s][info ][gc            ] GC(475) Pause Young (Normal) (G1 Evacuation Pause) 859M->853M(1024M) 9.803ms
[13.886s][info ][gc,cpu        ] GC(475) User=0.07s Sys=0.00s Real=0.01s
[13.886s][info ][safepoint     ] Safepoint "G1CollectForAllocation", Time since last: 7167900 ns, Reaching safepoint: 6100 ns, Cleanup: 7800 ns, At safepoint: 10004801 ns, Total: 10018701 ns
[13.892s][debug][gc,heap       ] GC(476) Heap before GC invocations=476 (full 0):
[13.892s][debug][gc,heap       ] GC(476)  garbage-first heap   total 1048576K, used 918104K [0x00000000c0000000, 0x0000000100000000)
[13.892s][debug][gc,heap       ] GC(476)   region size 1024K, 51 young (52224K), 7 survivors (7168K)
[13.892s][debug][gc,heap       ] GC(476)  Metaspace       used 6341K, committed 6464K, reserved 1114112K
[13.892s][debug][gc,heap       ] GC(476)   class space    used 546K, committed 640K, reserved 1048576K
[13.892s][debug][gc,ergo       ] GC(476) Initiate concurrent cycle (concurrent cycle initiation requested)
[13.892s][info ][gc,start      ] GC(476) Pause Young (Concurrent Start) (G1 Evacuation Pause)
[13.892s][info ][gc,task       ] GC(476) Using 10 workers of 10 for evacuation
[13.892s][trace][gc,ergo,cset  ] GC(476) Start choosing CSet. Pending cards: 30 target pause time: 200.00ms
[13.892s][trace][gc,ergo,cset  ] GC(476) Added young regions to CSet. Eden: 44 regions, Survivors: 7 regions, predicted eden time: 7.59ms, predicted base time: 1.09ms, target pause time: 200.00ms, remaining time: 191.32ms
[13.892s][debug][gc,ergo       ] GC(476) Running G1 Merge Heap Roots using 10 workers for 51 regions
[13.901s][debug][gc,ergo       ] GC(476) Running G1 Rebuild Free List Task using 10 workers for rebuilding free list of regions
[13.901s][debug][gc,ergo,heap  ] GC(476) Heap expansion: short term pause time ratio 55.73% long term pause time ratio 56.92% threshold 7.69% pause time ratio 7.69% fully expanded true resize by 0B
[13.901s][debug][gc,ergo,refine] GC(476) Concurrent refinement times: Logged Cards Scan time goal: 20.00ms Logged Cards Scan time: 0.11ms HCC time: 0.00ms
[13.901s][trace][gc,ergo,refine] GC(476) Updating Refinement Zones: logged cards scan time: 0.112ms, processed cards: 13, goal time: 19.999ms
[13.901s][debug][gc,ergo,refine] GC(476) Updated Refinement Zones: green: 2560, yellow: 7680, red: 12800
[13.901s][info ][gc,phases     ] GC(476)   Pre Evacuate Collection Set: 0.4ms
[13.901s][info ][gc,phases     ] GC(476)   Merge Heap Roots: 0.2ms
[13.901s][info ][gc,phases     ] GC(476)   Evacuate Collection Set: 8.2ms
[13.901s][info ][gc,phases     ] GC(476)   Post Evacuate Collection Set: 0.6ms
[13.901s][info ][gc,phases     ] GC(476)   Other: 0.3ms
[13.901s][info ][gc,heap       ] GC(476) Eden regions: 44->0(44)
[13.901s][info ][gc,heap       ] GC(476) Survivor regions: 7->7(7)
[13.901s][info ][gc,heap       ] GC(476) Old regions: 847->884
[13.901s][info ][gc,heap       ] GC(476) Archive regions: 0->0
[13.901s][info ][gc,heap       ] GC(476) Humongous regions: 0->0
[13.901s][info ][gc,metaspace  ] GC(476) Metaspace: 6341K(6464K)->6341K(6464K) NonClass: 5794K(5824K)->5794K(5824K) Class: 546K(640K)->546K(640K)
[13.901s][debug][gc,heap       ] GC(476) Heap after GC invocations=477 (full 0):
[13.901s][debug][gc,heap       ] GC(476)  garbage-first heap   total 1048576K, used 912360K [0x00000000c0000000, 0x0000000100000000)
[13.901s][debug][gc,heap       ] GC(476)   region size 1024K, 7 young (7168K), 7 survivors (7168K)
[13.901s][debug][gc,heap       ] GC(476)  Metaspace       used 6341K, committed 6464K, reserved 1114112K
[13.901s][debug][gc,heap       ] GC(476)   class space    used 546K, committed 640K, reserved 1048576K
[13.901s][info ][gc            ] GC(476) Pause Young (Concurrent Start) (G1 Evacuation Pause) 897M->890M(1024M) 9.654ms
[13.901s][info ][gc,cpu        ] GC(476) User=0.08s Sys=0.01s Real=0.01s
[13.902s][info ][gc            ] GC(477) Concurrent Mark Cycle
[13.902s][info ][gc,marking    ] GC(477) Concurrent Clear Claimed Marks
[13.902s][info ][safepoint     ] Safepoint "G1CollectForAllocation", Time since last: 5571900 ns, Reaching safepoint: 7400 ns, Cleanup: 9400 ns, At safepoint: 9860600 ns, Total: 9877400 ns
[13.902s][info ][gc,marking    ] GC(477) Concurrent Clear Claimed Marks 0.038ms
[13.902s][info ][gc,marking    ] GC(477) Concurrent Scan Root Regions
[13.902s][debug][gc,ergo       ] GC(477) Running G1 Root Region Scan using 3 workers for 45 work units.
[13.902s][info ][gc,marking    ] GC(477) Concurrent Scan Root Regions 0.223ms
[13.902s][info ][gc,marking    ] GC(477) Concurrent Mark
[13.902s][info ][gc,marking    ] GC(477) Concurrent Mark From Roots
[13.902s][info ][gc,task       ] GC(477) Using 3 workers of 3 for marking
[13.907s][info ][gc,marking    ] GC(477) Concurrent Mark From Roots 5.533ms
[13.907s][info ][gc,marking    ] GC(477) Concurrent Preclean
[13.908s][info ][gc,marking    ] GC(477) Concurrent Preclean 0.047ms
[13.908s][info ][gc,start      ] GC(477) Pause Remark
[13.908s][debug][gc,ergo       ] GC(477) Running G1 Update RemSet Tracking Before Rebuild using 3 workers for 1024 regions in heap
[13.909s][info ][gc            ] GC(477) Pause Remark 926M->540M(1024M) 1.484ms
[13.909s][info ][gc,cpu        ] GC(477) User=0.00s Sys=0.00s Real=0.00s
[13.909s][info ][safepoint     ] Safepoint "G1PauseRemark", Time since last: 6077101 ns, Reaching safepoint: 4800 ns, Cleanup: 5300 ns, At safepoint: 1514800 ns, Total: 1524900 ns
[13.909s][info ][gc,marking    ] GC(477) Concurrent Mark 7.295ms
[13.909s][info ][gc,marking    ] GC(477) Concurrent Rebuild Remembered Sets
[13.910s][debug][gc,heap       ] GC(478) Heap before GC invocations=477 (full 0):
[13.910s][debug][gc,heap       ] GC(478)  garbage-first heap   total 1048576K, used 561128K [0x00000000c0000000, 0x0000000100000000)
[13.910s][debug][gc,heap       ] GC(478)   region size 1024K, 51 young (52224K), 7 survivors (7168K)
[13.910s][debug][gc,heap       ] GC(478)  Metaspace       used 6341K, committed 6464K, reserved 1114112K
[13.910s][debug][gc,heap       ] GC(478)   class space    used 546K, committed 640K, reserved 1048576K
[13.910s][info ][gc,start      ] GC(478) Pause Young (Normal) (G1 Evacuation Pause)
[13.910s][info ][gc,task       ] GC(478) Using 10 workers of 10 for evacuation
[13.910s][trace][gc,ergo,cset  ] GC(478) Start choosing CSet. Pending cards: 41 target pause time: 200.00ms
[13.910s][trace][gc,ergo,cset  ] GC(478) Added young regions to CSet. Eden: 44 regions, Survivors: 7 regions, predicted eden time: 7.52ms, predicted base time: 1.13ms, target pause time: 200.00ms, remaining time: 191.34ms
[13.910s][debug][gc,ergo       ] GC(478) Running G1 Merge Heap Roots using 10 workers for 51 regions
[13.920s][debug][gc,ergo       ] GC(478) Running G1 Rebuild Free List Task using 10 workers for rebuilding free list of regions
[13.920s][debug][gc,ergo,heap  ] GC(478) Heap expansion: short term pause time ratio 18.86% long term pause time ratio 55.26% threshold 7.69% pause time ratio 7.69% fully expanded true resize by 0B
[13.920s][debug][gc,ergo,refine] GC(478) Concurrent refinement times: Logged Cards Scan time goal: 20.00ms Logged Cards Scan time: 0.02ms HCC time: 0.00ms
[13.920s][trace][gc,ergo,refine] GC(478) Updating Refinement Zones: logged cards scan time: 0.016ms, processed cards: 32, goal time: 20.000ms
[13.920s][debug][gc,ergo,refine] GC(478) Updated Refinement Zones: green: 2560, yellow: 7680, red: 12800
[13.920s][info ][gc,phases     ] GC(478)   Pre Evacuate Collection Set: 0.2ms
[13.920s][info ][gc,phases     ] GC(478)   Merge Heap Roots: 0.1ms
[13.920s][info ][gc,phases     ] GC(478)   Evacuate Collection Set: 8.8ms
[13.920s][info ][gc,phases     ] GC(478)   Post Evacuate Collection Set: 0.9ms
[13.920s][info ][gc,phases     ] GC(478)   Other: 0.2ms
[13.920s][info ][gc,heap       ] GC(478) Eden regions: 44->0(125)
[13.920s][info ][gc,heap       ] GC(478) Survivor regions: 7->7(7)
[13.920s][info ][gc,heap       ] GC(478) Old regions: 498->537
[13.920s][info ][gc,heap       ] GC(478) Archive regions: 0->0
[13.920s][info ][gc,heap       ] GC(478) Humongous regions: 0->0
[13.920s][info ][gc,metaspace  ] GC(478) Metaspace: 6341K(6464K)->6341K(6464K) NonClass: 5794K(5824K)->5794K(5824K) Class: 546K(640K)->546K(640K)
[13.920s][debug][gc,heap       ] GC(478) Heap after GC invocations=478 (full 0):
[13.920s][debug][gc,heap       ] GC(478)  garbage-first heap   total 1048576K, used 556532K [0x00000000c0000000, 0x0000000100000000)
[13.920s][debug][gc,heap       ] GC(478)   region size 1024K, 7 young (7168K), 7 survivors (7168K)
[13.920s][debug][gc,heap       ] GC(478)  Metaspace       used 6341K, committed 6464K, reserved 1114112K
[13.920s][debug][gc,heap       ] GC(478)   class space    used 546K, committed 640K, reserved 1048576K
[13.921s][info ][gc            ] GC(478) Pause Young (Normal) (G1 Evacuation Pause) 548M->543M(1024M) 10.240ms
[13.921s][info ][gc,cpu        ] GC(478) User=0.08s Sys=0.00s Real=0.01s
[13.921s][info ][safepoint     ] Safepoint "G1CollectForAllocation", Time since last: 1059100 ns, Reaching safepoint: 32400 ns, Cleanup: 2700 ns, At safepoint: 10383200 ns, Total: 10418300 ns
[13.923s][info ][gc,marking    ] GC(477) Concurrent Rebuild Remembered Sets 13.510ms
[13.923s][info ][gc,start      ] GC(477) Pause Cleanup
[13.924s][debug][gc,ergo,cset  ] GC(477) Pruned 128 regions out of 441, leaving 53193992 bytes waste (allowed 53687091)
[13.924s][info ][gc            ] GC(477) Pause Cleanup 557M->557M(1024M) 0.946ms
[13.924s][info ][gc,cpu        ] GC(477) User=0.00s Sys=0.00s Real=0.01s
[13.924s][info ][safepoint     ] Safepoint "G1PauseCleanup", Time since last: 2381500 ns, Reaching safepoint: 13600 ns, Cleanup: 16100 ns, At safepoint: 988700 ns, Total: 1018400 ns
[13.924s][info ][gc,marking    ] GC(477) Concurrent Cleanup for Next Mark
[13.924s][debug][gc,ergo       ] GC(477) Running G1 Clear Bitmap with 3 workers for 16 work units.
[13.926s][info ][gc,marking    ] GC(477) Concurrent Cleanup for Next Mark 1.803ms
[13.926s][info ][gc            ] GC(477) Concurrent Mark Cycle 24.502ms
[13.937s][debug][gc,heap       ] GC(479) Heap before GC invocations=479 (full 0):
[13.937s][debug][gc,heap       ] GC(479)  garbage-first heap   total 1048576K, used 683508K [0x00000000c0000000, 0x0000000100000000)
[13.937s][debug][gc,heap       ] GC(479)   region size 1024K, 132 young (135168K), 7 survivors (7168K)
[13.937s][debug][gc,heap       ] GC(479)  Metaspace       used 6341K, committed 6464K, reserved 1114112K
[13.937s][debug][gc,heap       ] GC(479)   class space    used 546K, committed 640K, reserved 1048576K
[13.937s][info ][gc,start      ] GC(479) Pause Young (Prepare Mixed) (G1 Evacuation Pause)
[13.937s][info ][gc,task       ] GC(479) Using 10 workers of 10 for evacuation
[13.937s][trace][gc,ergo,cset  ] GC(479) Start choosing CSet. Pending cards: 41 target pause time: 200.00ms
[13.937s][trace][gc,ergo,cset  ] GC(479) Added young regions to CSet. Eden: 125 regions, Survivors: 7 regions, predicted eden time: 20.73ms, predicted base time: 1.31ms, target pause time: 200.00ms, remaining time: 177.96ms
[13.938s][debug][gc,ergo       ] GC(479) Running G1 Merge Heap Roots using 10 workers for 132 regions
[13.957s][debug][gc,ergo       ] GC(479) Running G1 Rebuild Free List Task using 10 workers for rebuilding free list of regions
[13.958s][debug][gc,ergo,heap  ] GC(479) Heap expansion: short term pause time ratio 25.04% long term pause time ratio 55.60% threshold 7.69% pause time ratio 7.69% fully expanded true resize by 0B
[13.958s][debug][gc,ergo,refine] GC(479) Concurrent refinement times: Logged Cards Scan time goal: 20.00ms Logged Cards Scan time: 0.04ms HCC time: 0.00ms
[13.958s][trace][gc,ergo,refine] GC(479) Updating Refinement Zones: logged cards scan time: 0.038ms, processed cards: 24, goal time: 19.999ms
[13.958s][debug][gc,ergo,refine] GC(479) Updated Refinement Zones: green: 2560, yellow: 7680, red: 12800
[13.958s][info ][gc,phases     ] GC(479)   Pre Evacuate Collection Set: 0.3ms
[13.958s][info ][gc,phases     ] GC(479)   Merge Heap Roots: 0.2ms
[13.958s][info ][gc,phases     ] GC(479)   Evacuate Collection Set: 18.9ms
[13.958s][info ][gc,phases     ] GC(479)   Post Evacuate Collection Set: 0.8ms
[13.958s][info ][gc,phases     ] GC(479)   Other: 0.4ms
[13.958s][info ][gc,heap       ] GC(479) Eden regions: 125->0(34)
[13.958s][info ][gc,heap       ] GC(479) Survivor regions: 7->17(17)
[13.958s][info ][gc,heap       ] GC(479) Old regions: 537->617
[13.958s][info ][gc,heap       ] GC(479) Archive regions: 0->0
[13.958s][info ][gc,heap       ] GC(479) Humongous regions: 0->0
[13.958s][info ][gc,metaspace  ] GC(479) Metaspace: 6341K(6464K)->6341K(6464K) NonClass: 5794K(5824K)->5794K(5824K) Class: 546K(640K)->546K(640K)
[13.958s][debug][gc,heap       ] GC(479) Heap after GC invocations=480 (full 0):
[13.958s][debug][gc,heap       ] GC(479)  garbage-first heap   total 1048576K, used 648592K [0x00000000c0000000, 0x0000000100000000)
[13.958s][debug][gc,heap       ] GC(479)   region size 1024K, 17 young (17408K), 17 survivors (17408K)
[13.958s][debug][gc,heap       ] GC(479)  Metaspace       used 6341K, committed 6464K, reserved 1114112K
[13.958s][debug][gc,heap       ] GC(479)   class space    used 546K, committed 640K, reserved 1048576K
[13.958s][info ][gc            ] GC(479) Pause Young (Prepare Mixed) (G1 Evacuation Pause) 668M->633M(1024M) 20.616ms
[13.958s][info ][gc,cpu        ] GC(479) User=0.19s Sys=0.00s Real=0.02s
[13.958s][info ][safepoint     ] Safepoint "G1CollectForAllocation", Time since last: 13223101 ns, Reaching safepoint: 5400 ns, Cleanup: 6000 ns, At safepoint: 20817900 ns, Total: 20829300 ns
[13.962s][debug][gc,heap       ] GC(480) Heap before GC invocations=480 (full 0):
[13.962s][debug][gc,heap       ] GC(480)  garbage-first heap   total 1048576K, used 682384K [0x00000000c0000000, 0x0000000100000000)
[13.962s][debug][gc,heap       ] GC(480)   region size 1024K, 51 young (52224K), 17 survivors (17408K)
[13.962s][debug][gc,heap       ] GC(480)  Metaspace       used 6341K, committed 6464K, reserved 1114112K
[13.962s][debug][gc,heap       ] GC(480)   class space    used 546K, committed 640K, reserved 1048576K
[13.962s][info ][gc,start      ] GC(480) Pause Young (Mixed) (G1 Evacuation Pause)
[13.962s][info ][gc,task       ] GC(480) Using 10 workers of 10 for evacuation
[13.962s][trace][gc,ergo,cset  ] GC(480) Start choosing CSet. Pending cards: 39 target pause time: 200.00ms
[13.962s][trace][gc,ergo,cset  ] GC(480) Added young regions to CSet. Eden: 34 regions, Survivors: 17 regions, predicted eden time: 6.15ms, predicted base time: 1.24ms, target pause time: 200.00ms, remaining time: 192.61ms
[13.962s][debug][gc,ergo,cset  ] GC(480) Start adding old regions to collection set. Min 40 regions, max 103 regions, time remaining 192.61ms, optional threshold 38.52ms
[13.963s][debug][gc,ergo,cset  ] GC(480) Finish adding old regions to collection set (Maximum number of regions). Initial 103 regions, optional 0 regions
[13.963s][debug][gc,ergo,cset  ] GC(480) Finish choosing collection set old regions. Initial: 103, optional: 0, predicted old time: 0.00ms, predicted optional time: 0.00ms, time remaining: 190.54
[13.963s][debug][gc,ergo       ] GC(480) Running G1 Merge Heap Roots using 10 workers for 154 regions
[13.973s][debug][gc,ergo       ] GC(480) Running G1 Rebuild Free List Task using 10 workers for rebuilding free list of regions
[13.974s][debug][gc,ergo,heap  ] GC(480) Heap expansion: short term pause time ratio 60.17% long term pause time ratio 56.45% threshold 7.69% pause time ratio 7.69% fully expanded true resize by 0B
[13.974s][debug][gc,ergo,refine] GC(480) Concurrent refinement times: Logged Cards Scan time goal: 20.00ms Logged Cards Scan time: 0.02ms HCC time: 0.00ms
[13.974s][trace][gc,ergo,refine] GC(480) Updating Refinement Zones: logged cards scan time: 0.020ms, processed cards: 22, goal time: 19.999ms
[13.974s][debug][gc,ergo,refine] GC(480) Updated Refinement Zones: green: 2560, yellow: 7680, red: 12800
[13.974s][info ][gc,phases     ] GC(480)   Pre Evacuate Collection Set: 0.3ms
[13.974s][info ][gc,phases     ] GC(480)   Merge Heap Roots: 0.2ms
[13.974s][info ][gc,phases     ] GC(480)   Evacuate Collection Set: 9.6ms
[13.974s][info ][gc,phases     ] GC(480)   Post Evacuate Collection Set: 1.2ms
[13.974s][info ][gc,phases     ] GC(480)   Other: 0.2ms
[13.974s][info ][gc,heap       ] GC(480) Eden regions: 34->0(44)
[13.974s][info ][gc,heap       ] GC(480) Survivor regions: 17->7(7)
[13.974s][info ][gc,heap       ] GC(480) Old regions: 617->555
[13.974s][info ][gc,heap       ] GC(480) Archive regions: 0->0
[13.974s][info ][gc,heap       ] GC(480) Humongous regions: 0->0
[13.974s][info ][gc,metaspace  ] GC(480) Metaspace: 6341K(6464K)->6341K(6464K) NonClass: 5794K(5824K)->5794K(5824K) Class: 546K(640K)->546K(640K)
[13.974s][debug][gc,heap       ] GC(480) Heap after GC invocations=481 (full 0):
[13.974s][debug][gc,heap       ] GC(480)  garbage-first heap   total 1048576K, used 575364K [0x00000000c0000000, 0x0000000100000000)
[13.974s][debug][gc,heap       ] GC(480)   region size 1024K, 7 young (7168K), 7 survivors (7168K)
[13.974s][debug][gc,heap       ] GC(480)  Metaspace       used 6341K, committed 6464K, reserved 1114112K
[13.974s][debug][gc,heap       ] GC(480)   class space    used 546K, committed 640K, reserved 1048576K
[13.974s][info ][gc            ] GC(480) Pause Young (Mixed) (G1 Evacuation Pause) 667M->561M(1024M) 11.517ms
[13.974s][info ][gc,cpu        ] GC(480) User=0.10s Sys=0.00s Real=0.02s
[13.974s][info ][safepoint     ] Safepoint "G1CollectForAllocation", Time since last: 4258200 ns, Reaching safepoint: 9500 ns, Cleanup: 7300 ns, At safepoint: 11650401 ns, Total: 11667201 ns
[13.980s][debug][gc,heap       ] GC(481) Heap before GC invocations=481 (full 0):
[13.980s][debug][gc,heap       ] GC(481)  garbage-first heap   total 1048576K, used 619396K [0x00000000c0000000, 0x0000000100000000)
[13.980s][debug][gc,heap       ] GC(481)   region size 1024K, 51 young (52224K), 7 survivors (7168K)
[13.980s][debug][gc,heap       ] GC(481)  Metaspace       used 6341K, committed 6464K, reserved 1114112K
[13.980s][debug][gc,heap       ] GC(481)   class space    used 546K, committed 640K, reserved 1048576K
[13.980s][info ][gc,start      ] GC(481) Pause Young (Mixed) (G1 Evacuation Pause)
[13.980s][info ][gc,task       ] GC(481) Using 10 workers of 10 for evacuation
[13.980s][trace][gc,ergo,cset  ] GC(481) Start choosing CSet. Pending cards: 38 target pause time: 200.00ms
[13.980s][trace][gc,ergo,cset  ] GC(481) Added young regions to CSet. Eden: 44 regions, Survivors: 7 regions, predicted eden time: 7.83ms, predicted base time: 1.32ms, target pause time: 200.00ms, remaining time: 190.85ms
[13.980s][debug][gc,ergo,cset  ] GC(481) Start adding old regions to collection set. Min 40 regions, max 103 regions, time remaining 190.85ms, optional threshold 38.17ms
[13.980s][debug][gc,ergo,cset  ] GC(481) Finish adding old regions to collection set (Maximum number of regions). Initial 103 regions, optional 0 regions
[13.980s][debug][gc,ergo,cset  ] GC(481) Finish choosing collection set old regions. Initial: 103, optional: 0, predicted old time: 0.00ms, predicted optional time: 0.00ms, time remaining: 187.72
[13.980s][debug][gc,ergo       ] GC(481) Running G1 Merge Heap Roots using 10 workers for 154 regions
[13.991s][debug][gc,ergo       ] GC(481) Running G1 Rebuild Free List Task using 10 workers for rebuilding free list of regions
[13.991s][debug][gc,ergo,heap  ] GC(481) Heap expansion: short term pause time ratio 71.03% long term pause time ratio 58.21% threshold 7.69% pause time ratio 7.69% fully expanded true resize by 0B
[13.991s][debug][gc,ergo,refine] GC(481) Concurrent refinement times: Logged Cards Scan time goal: 20.00ms Logged Cards Scan time: 0.03ms HCC time: 0.00ms
[13.991s][trace][gc,ergo,refine] GC(481) Updating Refinement Zones: logged cards scan time: 0.031ms, processed cards: 16, goal time: 19.999ms
[13.991s][debug][gc,ergo,refine] GC(481) Updated Refinement Zones: green: 2560, yellow: 7680, red: 12800
[13.991s][info ][gc,phases     ] GC(481)   Pre Evacuate Collection Set: 0.3ms
[13.991s][info ][gc,phases     ] GC(481)   Merge Heap Roots: 0.2ms
[13.991s][info ][gc,phases     ] GC(481)   Evacuate Collection Set: 9.8ms
[13.991s][info ][gc,phases     ] GC(481)   Post Evacuate Collection Set: 1.1ms
[13.991s][info ][gc,phases     ] GC(481)   Other: 0.2ms
[13.991s][info ][gc,heap       ] GC(481) Eden regions: 44->0(44)
[13.991s][info ][gc,heap       ] GC(481) Survivor regions: 7->7(7)
[13.991s][info ][gc,heap       ] GC(481) Old regions: 555->495
[13.991s][info ][gc,heap       ] GC(481) Archive regions: 0->0
[13.991s][info ][gc,heap       ] GC(481) Humongous regions: 0->0
[13.991s][info ][gc,metaspace  ] GC(481) Metaspace: 6341K(6464K)->6341K(6464K) NonClass: 5794K(5824K)->5794K(5824K) Class: 546K(640K)->546K(640K)
[13.991s][debug][gc,heap       ] GC(481) Heap after GC invocations=482 (full 0):
[13.991s][debug][gc,heap       ] GC(481)  garbage-first heap   total 1048576K, used 513324K [0x00000000c0000000, 0x0000000100000000)
[13.991s][debug][gc,heap       ] GC(481)   region size 1024K, 7 young (7168K), 7 survivors (7168K)
[13.991s][debug][gc,heap       ] GC(481)  Metaspace       used 6341K, committed 6464K, reserved 1114112K
[13.991s][debug][gc,heap       ] GC(481)   class space    used 546K, committed 640K, reserved 1048576K
[13.991s][info ][gc            ] GC(481) Pause Young (Mixed) (G1 Evacuation Pause) 605M->501M(1024M) 11.632ms
[13.991s][info ][gc,cpu        ] GC(481) User=0.10s Sys=0.00s Real=0.01s
[13.991s][info ][safepoint     ] Safepoint "G1CollectForAllocation", Time since last: 5595300 ns, Reaching safepoint: 5700 ns, Cleanup: 5000 ns, At safepoint: 11754201 ns, Total: 11764901 ns
[13.995s][debug][gc,heap       ] GC(482) Heap before GC invocations=482 (full 0):
[13.995s][debug][gc,heap       ] GC(482)  garbage-first heap   total 1048576K, used 557356K [0x00000000c0000000, 0x0000000100000000)
[13.995s][debug][gc,heap       ] GC(482)   region size 1024K, 51 young (52224K), 7 survivors (7168K)
[13.995s][debug][gc,heap       ] GC(482)  Metaspace       used 6341K, committed 6464K, reserved 1114112K
[13.995s][debug][gc,heap       ] GC(482)   class space    used 546K, committed 640K, reserved 1048576K
[13.995s][info ][gc,start      ] GC(482) Pause Young (Mixed) (G1 Evacuation Pause)
[13.995s][info ][gc,task       ] GC(482) Using 10 workers of 10 for evacuation
[13.995s][trace][gc,ergo,cset  ] GC(482) Start choosing CSet. Pending cards: 78 target pause time: 200.00ms
[13.995s][trace][gc,ergo,cset  ] GC(482) Added young regions to CSet. Eden: 44 regions, Survivors: 7 regions, predicted eden time: 7.84ms, predicted base time: 1.51ms, target pause time: 200.00ms, remaining time: 190.66ms
[13.995s][debug][gc,ergo,cset  ] GC(482) Start adding old regions to collection set. Min 40 regions, max 103 regions, time remaining 190.66ms, optional threshold 38.13ms
[13.995s][debug][gc,ergo,cset  ] GC(482) Finish adding old regions to collection set (Maximum number of regions). Initial 103 regions, optional 0 regions
[13.995s][debug][gc,ergo,cset  ] GC(482) Finish choosing collection set old regions. Initial: 103, optional: 0, predicted old time: 0.00ms, predicted optional time: 0.00ms, time remaining: 184.53
[13.996s][debug][gc,ergo       ] GC(482) Running G1 Merge Heap Roots using 10 workers for 154 regions
[14.006s][debug][gc,ergo       ] GC(482) Running G1 Rebuild Free List Task using 10 workers for rebuilding free list of regions
[14.007s][debug][gc,ergo,heap  ] GC(482) Heap expansion: short term pause time ratio 65.95% long term pause time ratio 59.53% threshold 7.69% pause time ratio 7.69% fully expanded true resize by 0B
[14.007s][debug][gc,ergo,refine] GC(482) Concurrent refinement times: Logged Cards Scan time goal: 20.00ms Logged Cards Scan time: 0.03ms HCC time: 0.00ms
[14.007s][trace][gc,ergo,refine] GC(482) Updating Refinement Zones: logged cards scan time: 0.028ms, processed cards: 56, goal time: 19.999ms
[14.007s][debug][gc,ergo,refine] GC(482) Updated Refinement Zones: green: 2560, yellow: 7680, red: 12800
[14.007s][info ][gc,phases     ] GC(482)   Pre Evacuate Collection Set: 0.3ms
[14.007s][info ][gc,phases     ] GC(482)   Merge Heap Roots: 0.2ms
[14.007s][info ][gc,phases     ] GC(482)   Evacuate Collection Set: 9.8ms
[14.007s][info ][gc,phases     ] GC(482)   Post Evacuate Collection Set: 0.8ms
[14.007s][info ][gc,phases     ] GC(482)   Other: 0.2ms
[14.007s][info ][gc,heap       ] GC(482) Eden regions: 44->0(44)
[14.007s][info ][gc,heap       ] GC(482) Survivor regions: 7->7(7)
[14.007s][info ][gc,heap       ] GC(482) Old regions: 495->437
[14.007s][info ][gc,heap       ] GC(482) Archive regions: 0->0
[14.007s][info ][gc,heap       ] GC(482) Humongous regions: 0->0
[14.007s][info ][gc,metaspace  ] GC(482) Metaspace: 6341K(6464K)->6341K(6464K) NonClass: 5794K(5824K)->5794K(5824K) Class: 546K(640K)->546K(640K)
[14.007s][debug][gc,heap       ] GC(482) Heap after GC invocations=483 (full 0):
[14.007s][debug][gc,heap       ] GC(482)  garbage-first heap   total 1048576K, used 454232K [0x00000000c0000000, 0x0000000100000000)
[14.007s][debug][gc,heap       ] GC(482)   region size 1024K, 7 young (7168K), 7 survivors (7168K)
[14.007s][debug][gc,heap       ] GC(482)  Metaspace       used 6341K, committed 6464K, reserved 1114112K
[14.007s][debug][gc,heap       ] GC(482)   class space    used 546K, committed 640K, reserved 1048576K
[14.007s][info ][gc            ] GC(482) Pause Young (Mixed) (G1 Evacuation Pause) 545M->443M(1024M) 11.498ms
[14.007s][info ][gc,cpu        ] GC(482) User=0.10s Sys=0.00s Real=0.01s
[14.007s][info ][safepoint     ] Safepoint "G1CollectForAllocation", Time since last: 3918300 ns, Reaching safepoint: 6000 ns, Cleanup: 5900 ns, At safepoint: 11614000 ns, Total: 11625900 ns
[14.012s][debug][gc,heap       ] GC(483) Heap before GC invocations=483 (full 0):
[14.012s][debug][gc,heap       ] GC(483)  garbage-first heap   total 1048576K, used 498264K [0x00000000c0000000, 0x0000000100000000)
[14.012s][debug][gc,heap       ] GC(483)   region size 1024K, 51 young (52224K), 7 survivors (7168K)
[14.012s][debug][gc,heap       ] GC(483)  Metaspace       used 6341K, committed 6464K, reserved 1114112K
[14.012s][debug][gc,heap       ] GC(483)   class space    used 546K, committed 640K, reserved 1048576K
[14.012s][info ][gc,start      ] GC(483) Pause Young (Mixed) (G1 Evacuation Pause)
[14.012s][info ][gc,task       ] GC(483) Using 10 workers of 10 for evacuation
[14.012s][trace][gc,ergo,cset  ] GC(483) Start choosing CSet. Pending cards: 30 target pause time: 200.00ms
[14.012s][trace][gc,ergo,cset  ] GC(483) Added young regions to CSet. Eden: 44 regions, Survivors: 7 regions, predicted eden time: 7.71ms, predicted base time: 1.43ms, target pause time: 200.00ms, remaining time: 190.85ms
[14.012s][debug][gc,ergo,cset  ] GC(483) Start adding old regions to collection set. Min 40 regions, max 103 regions, time remaining 190.85ms, optional threshold 38.17ms
[14.012s][debug][gc,ergo,cset  ] GC(483) Old candidate collection set empty.
[14.012s][debug][gc,ergo,cset  ] GC(483) Finish choosing collection set old regions. Initial: 4, optional: 0, predicted old time: 0.00ms, predicted optional time: 0.00ms, time remaining: 190.56
[14.012s][debug][gc,ergo       ] GC(483) Running G1 Merge Heap Roots using 10 workers for 55 regions
[14.022s][debug][gc,ergo       ] GC(483) Running G1 Rebuild Free List Task using 10 workers for rebuilding free list of regions
[14.022s][debug][gc,ergo,heap  ] GC(483) Heap expansion: short term pause time ratio 72.77% long term pause time ratio 61.78% threshold 7.69% pause time ratio 7.69% fully expanded true resize by 0B
[14.022s][debug][gc,ergo       ] GC(483) do not continue mixed GCs (candidate old regions not available)
[14.022s][debug][gc,ergo,refine] GC(483) Concurrent refinement times: Logged Cards Scan time goal: 20.00ms Logged Cards Scan time: 0.02ms HCC time: 0.00ms
[14.022s][trace][gc,ergo,refine] GC(483) Updating Refinement Zones: logged cards scan time: 0.017ms, processed cards: 17, goal time: 20.000ms
[14.022s][debug][gc,ergo,refine] GC(483) Updated Refinement Zones: green: 2560, yellow: 7680, red: 12800
[14.022s][info ][gc,phases     ] GC(483)   Pre Evacuate Collection Set: 0.3ms
[14.022s][info ][gc,phases     ] GC(483)   Merge Heap Roots: 0.2ms
[14.022s][info ][gc,phases     ] GC(483)   Evacuate Collection Set: 8.8ms
[14.022s][info ][gc,phases     ] GC(483)   Post Evacuate Collection Set: 0.6ms
[14.022s][info ][gc,phases     ] GC(483)   Other: 0.2ms
[14.022s][info ][gc,heap       ] GC(483) Eden regions: 44->0(152)
[14.022s][info ][gc,heap       ] GC(483) Survivor regions: 7->7(7)
[14.022s][info ][gc,heap       ] GC(483) Old regions: 437->472
[14.022s][info ][gc,heap       ] GC(483) Archive regions: 0->0
[14.022s][info ][gc,heap       ] GC(483) Humongous regions: 0->0
[14.022s][info ][gc,metaspace  ] GC(483) Metaspace: 6341K(6464K)->6341K(6464K) NonClass: 5794K(5824K)->5794K(5824K) Class: 546K(640K)->546K(640K)
[14.022s][debug][gc,heap       ] GC(483) Heap after GC invocations=484 (full 0):
[14.022s][debug][gc,heap       ] GC(483)  garbage-first heap   total 1048576K, used 489572K [0x00000000c0000000, 0x0000000100000000)
[14.022s][debug][gc,heap       ] GC(483)   region size 1024K, 7 young (7168K), 7 survivors (7168K)
[14.022s][debug][gc,heap       ] GC(483)  Metaspace       used 6341K, committed 6464K, reserved 1114112K
[14.022s][debug][gc,heap       ] GC(483)   class space    used 546K, committed 640K, reserved 1048576K
[14.022s][info ][gc            ] GC(483) Pause Young (Mixed) (G1 Evacuation Pause) 487M->478M(1024M) 10.040ms
[14.022s][info ][gc,cpu        ] GC(483) User=0.09s Sys=0.00s Real=0.01s
[14.022s][info ][safepoint     ] Safepoint "G1CollectForAllocation", Time since last: 5167600 ns, Reaching safepoint: 5400 ns, Cleanup: 4800 ns, At safepoint: 10163001 ns, Total: 10173201 ns
[14.039s][debug][gc,heap       ] GC(484) Heap before GC invocations=484 (full 0):
[14.039s][debug][gc,heap       ] GC(484)  garbage-first heap   total 1048576K, used 644196K [0x00000000c0000000, 0x0000000100000000)
[14.039s][debug][gc,heap       ] GC(484)   region size 1024K, 159 young (162816K), 7 survivors (7168K)
[14.039s][debug][gc,heap       ] GC(484)  Metaspace       used 6341K, committed 6464K, reserved 1114112K
[14.039s][debug][gc,heap       ] GC(484)   class space    used 546K, committed 640K, reserved 1048576K
[14.039s][info ][gc,start      ] GC(484) Pause Young (Normal) (G1 Evacuation Pause)
[14.039s][info ][gc,task       ] GC(484) Using 10 workers of 10 for evacuation
[14.039s][trace][gc,ergo,cset  ] GC(484) Start choosing CSet. Pending cards: 34 target pause time: 200.00ms
[14.039s][trace][gc,ergo,cset  ] GC(484) Added young regions to CSet. Eden: 152 regions, Survivors: 7 regions, predicted eden time: 24.66ms, predicted base time: 1.30ms, target pause time: 200.00ms, remaining time: 174.04ms
[14.039s][debug][gc,ergo       ] GC(484) Running G1 Merge Heap Roots using 10 workers for 159 regions
[14.060s][debug][gc,ergo       ] GC(484) Running G1 Rebuild Free List Task using 10 workers for rebuilding free list of regions
[14.060s][debug][gc,ergo,heap  ] GC(484) Heap expansion: short term pause time ratio 64.20% long term pause time ratio 62.48% threshold 7.69% pause time ratio 7.69% fully expanded true resize by 0B
[14.060s][debug][gc,ergo,refine] GC(484) Concurrent refinement times: Logged Cards Scan time goal: 20.00ms Logged Cards Scan time: 0.03ms HCC time: 0.00ms
[14.060s][trace][gc,ergo,refine] GC(484) Updating Refinement Zones: logged cards scan time: 0.028ms, processed cards: 22, goal time: 19.999ms
[14.060s][debug][gc,ergo,refine] GC(484) Updated Refinement Zones: green: 2560, yellow: 7680, red: 12800
[14.060s][info ][gc,phases     ] GC(484)   Pre Evacuate Collection Set: 0.3ms
[14.060s][info ][gc,phases     ] GC(484)   Merge Heap Roots: 0.2ms
[14.060s][info ][gc,phases     ] GC(484)   Evacuate Collection Set: 19.8ms
[14.060s][info ][gc,phases     ] GC(484)   Post Evacuate Collection Set: 0.9ms
[14.060s][info ][gc,phases     ] GC(484)   Other: 0.2ms
[14.060s][info ][gc,heap       ] GC(484) Eden regions: 152->0(118)
[14.060s][info ][gc,heap       ] GC(484) Survivor regions: 7->20(20)
[14.060s][info ][gc,heap       ] GC(484) Old regions: 472->559
[14.060s][info ][gc,heap       ] GC(484) Archive regions: 0->0
[14.060s][info ][gc,heap       ] GC(484) Humongous regions: 0->0
[14.060s][info ][gc,metaspace  ] GC(484) Metaspace: 6341K(6464K)->6341K(6464K) NonClass: 5794K(5824K)->5794K(5824K) Class: 546K(640K)->546K(640K)
[14.060s][debug][gc,heap       ] GC(484) Heap after GC invocations=485 (full 0):
[14.060s][debug][gc,heap       ] GC(484)  garbage-first heap   total 1048576K, used 592772K [0x00000000c0000000, 0x0000000100000000)
[14.060s][debug][gc,heap       ] GC(484)   region size 1024K, 20 young (20480K), 20 survivors (20480K)
[14.060s][debug][gc,heap       ] GC(484)  Metaspace       used 6341K, committed 6464K, reserved 1114112K
[14.060s][debug][gc,heap       ] GC(484)   class space    used 546K, committed 640K, reserved 1048576K
[14.060s][info ][gc            ] GC(484) Pause Young (Normal) (G1 Evacuation Pause) 630M->578M(1024M) 21.274ms
[14.060s][info ][gc,cpu        ] GC(484) User=0.19s Sys=0.00s Real=0.02s
[14.060s][info ][safepoint     ] Safepoint "G1CollectForAllocation", Time since last: 16604700 ns, Reaching safepoint: 6800 ns, Cleanup: 5400 ns, At safepoint: 21382501 ns, Total: 21394701 ns
[14.071s][debug][gc,heap       ] GC(485) Heap before GC invocations=485 (full 0):
[14.071s][debug][gc,heap       ] GC(485)  garbage-first heap   total 1048576K, used 712580K [0x00000000c0000000, 0x0000000100000000)
[14.071s][debug][gc,heap       ] GC(485)   region size 1024K, 138 young (141312K), 20 survivors (20480K)
[14.071s][debug][gc,heap       ] GC(485)  Metaspace       used 6341K, committed 6464K, reserved 1114112K
[14.071s][debug][gc,heap       ] GC(485)   class space    used 546K, committed 640K, reserved 1048576K
[14.071s][info ][gc,start      ] GC(485) Pause Young (Normal) (G1 Evacuation Pause)
[14.071s][info ][gc,task       ] GC(485) Using 10 workers of 10 for evacuation
[14.071s][trace][gc,ergo,cset  ] GC(485) Start choosing CSet. Pending cards: 34 target pause time: 200.00ms
[14.071s][trace][gc,ergo,cset  ] GC(485) Added young regions to CSet. Eden: 118 regions, Survivors: 20 regions, predicted eden time: 18.80ms, predicted base time: 1.25ms, target pause time: 200.00ms, remaining time: 179.96ms
[14.071s][debug][gc,ergo       ] GC(485) Running G1 Merge Heap Roots using 10 workers for 138 regions
[14.090s][debug][gc,ergo       ] GC(485) Running G1 Rebuild Free List Task using 10 workers for rebuilding free list of regions
[14.090s][debug][gc,ergo,heap  ] GC(485) Heap expansion: short term pause time ratio 55.46% long term pause time ratio 61.60% threshold 7.69% pause time ratio 7.69% fully expanded true resize by 0B
[14.090s][debug][gc,ergo,refine] GC(485) Concurrent refinement times: Logged Cards Scan time goal: 20.00ms Logged Cards Scan time: 0.05ms HCC time: 0.00ms
[14.090s][trace][gc,ergo,refine] GC(485) Updating Refinement Zones: logged cards scan time: 0.045ms, processed cards: 22, goal time: 19.999ms
[14.090s][debug][gc,ergo,refine] GC(485) Updated Refinement Zones: green: 2560, yellow: 7680, red: 12800
[14.090s][info ][gc,phases     ] GC(485)   Pre Evacuate Collection Set: 0.3ms
[14.090s][info ][gc,phases     ] GC(485)   Merge Heap Roots: 0.2ms
[14.090s][info ][gc,phases     ] GC(485)   Evacuate Collection Set: 18.4ms
[14.090s][info ][gc,phases     ] GC(485)   Post Evacuate Collection Set: 0.6ms
[14.090s][info ][gc,phases     ] GC(485)   Other: 0.2ms
[14.090s][info ][gc,heap       ] GC(485) Eden regions: 118->0(89)
[14.090s][info ][gc,heap       ] GC(485) Survivor regions: 20->18(18)
[14.090s][info ][gc,heap       ] GC(485) Old regions: 559->641
[14.090s][info ][gc,heap       ] GC(485) Archive regions: 0->0
[14.090s][info ][gc,heap       ] GC(485) Humongous regions: 0->0
[14.090s][info ][gc,metaspace  ] GC(485) Metaspace: 6341K(6464K)->6341K(6464K) NonClass: 5794K(5824K)->5794K(5824K) Class: 546K(640K)->546K(640K)
[14.090s][debug][gc,heap       ] GC(485) Heap after GC invocations=486 (full 0):
[14.090s][debug][gc,heap       ] GC(485)  garbage-first heap   total 1048576K, used 674192K [0x00000000c0000000, 0x0000000100000000)
[14.090s][debug][gc,heap       ] GC(485)   region size 1024K, 18 young (18432K), 18 survivors (18432K)
[14.090s][debug][gc,heap       ] GC(485)  Metaspace       used 6341K, committed 6464K, reserved 1114112K
[14.090s][debug][gc,heap       ] GC(485)   class space    used 546K, committed 640K, reserved 1048576K
[14.090s][info ][gc            ] GC(485) Pause Young (Normal) (G1 Evacuation Pause) 696M->658M(1024M) 19.525ms
[14.090s][info ][gc,cpu        ] GC(485) User=0.18s Sys=0.00s Real=0.02s
[14.090s][info ][safepoint     ] Safepoint "G1CollectForAllocation", Time since last: 10564600 ns, Reaching safepoint: 5400 ns, Cleanup: 4600 ns, At safepoint: 19657401 ns, Total: 19667401 ns
[14.096s][debug][gc,heap       ] GC(486) Heap before GC invocations=486 (full 0):
[14.096s][debug][gc,heap       ] GC(486)  garbage-first heap   total 1048576K, used 764304K [0x00000000c0000000, 0x0000000100000000)
[14.096s][debug][gc,heap       ] GC(486)   region size 1024K, 107 young (109568K), 18 survivors (18432K)
[14.096s][debug][gc,heap       ] GC(486)  Metaspace       used 6341K, committed 6464K, reserved 1114112K
[14.096s][debug][gc,heap       ] GC(486)   class space    used 546K, committed 640K, reserved 1048576K
[14.096s][info ][gc,start      ] GC(486) Pause Young (Normal) (G1 Evacuation Pause)
[14.096s][info ][gc,task       ] GC(486) Using 10 workers of 10 for evacuation
[14.096s][trace][gc,ergo,cset  ] GC(486) Start choosing CSet. Pending cards: 38 target pause time: 200.00ms
[14.096s][trace][gc,ergo,cset  ] GC(486) Added young regions to CSet. Eden: 89 regions, Survivors: 18 regions, predicted eden time: 14.46ms, predicted base time: 1.16ms, target pause time: 200.00ms, remaining time: 184.37ms
[14.097s][debug][gc,ergo       ] GC(486) Running G1 Merge Heap Roots using 10 workers for 107 regions
[14.113s][debug][gc,ergo       ] GC(486) Running G1 Rebuild Free List Task using 10 workers for rebuilding free list of regions
[14.113s][debug][gc,ergo,heap  ] GC(486) Heap expansion: short term pause time ratio 64.14% long term pause time ratio 62.05% threshold 7.69% pause time ratio 7.69% fully expanded true resize by 0B
[14.113s][debug][gc,ergo,refine] GC(486) Concurrent refinement times: Logged Cards Scan time goal: 20.00ms Logged Cards Scan time: 0.03ms HCC time: 0.00ms
[14.113s][trace][gc,ergo,refine] GC(486) Updating Refinement Zones: logged cards scan time: 0.031ms, processed cards: 29, goal time: 20.000ms
[14.113s][debug][gc,ergo,refine] GC(486) Updated Refinement Zones: green: 2560, yellow: 7680, red: 12800
[14.113s][info ][gc,phases     ] GC(486)   Pre Evacuate Collection Set: 0.3ms
[14.114s][info ][gc,phases     ] GC(486)   Merge Heap Roots: 0.2ms
[14.114s][info ][gc,phases     ] GC(486)   Evacuate Collection Set: 15.7ms
[14.114s][info ][gc,phases     ] GC(486)   Post Evacuate Collection Set: 0.9ms
[14.114s][info ][gc,phases     ] GC(486)   Other: 0.2ms
[14.114s][info ][gc,heap       ] GC(486) Eden regions: 89->0(66)
[14.114s][info ][gc,heap       ] GC(486) Survivor regions: 18->14(14)
[14.114s][info ][gc,heap       ] GC(486) Old regions: 641->709
[14.114s][info ][gc,heap       ] GC(486) Archive regions: 0->0
[14.114s][info ][gc,heap       ] GC(486) Humongous regions: 0->0
[14.114s][info ][gc,metaspace  ] GC(486) Metaspace: 6341K(6464K)->6341K(6464K) NonClass: 5794K(5824K)->5794K(5824K) Class: 546K(640K)->546K(640K)
[14.114s][debug][gc,heap       ] GC(486) Heap after GC invocations=487 (full 0):
[14.114s][debug][gc,heap       ] GC(486)  garbage-first heap   total 1048576K, used 740328K [0x00000000c0000000, 0x0000000100000000)
[14.114s][debug][gc,heap       ] GC(486)   region size 1024K, 14 young (14336K), 14 survivors (14336K)
[14.114s][debug][gc,heap       ] GC(486)  Metaspace       used 6341K, committed 6464K, reserved 1114112K
[14.114s][debug][gc,heap       ] GC(486)   class space    used 546K, committed 640K, reserved 1048576K
[14.114s][info ][gc            ] GC(486) Pause Young (Normal) (G1 Evacuation Pause) 747M->722M(1024M) 17.180ms
[14.114s][info ][gc,cpu        ] GC(486) User=0.15s Sys=0.00s Real=0.02s
[14.114s][info ][safepoint     ] Safepoint "G1CollectForAllocation", Time since last: 5902300 ns, Reaching safepoint: 3400 ns, Cleanup: 4400 ns, At safepoint: 17278601 ns, Total: 17286401 ns
[14.118s][debug][gc,heap       ] GC(487) Heap before GC invocations=487 (full 0):
[14.118s][debug][gc,heap       ] GC(487)  garbage-first heap   total 1048576K, used 806888K [0x00000000c0000000, 0x0000000100000000)
[14.118s][debug][gc,heap       ] GC(487)   region size 1024K, 80 young (81920K), 14 survivors (14336K)
[14.118s][debug][gc,heap       ] GC(487)  Metaspace       used 6341K, committed 6464K, reserved 1114112K
[14.118s][debug][gc,heap       ] GC(487)   class space    used 546K, committed 640K, reserved 1048576K
[14.118s][info ][gc,start      ] GC(487) Pause Young (Normal) (G1 Evacuation Pause)
[14.118s][info ][gc,task       ] GC(487) Using 10 workers of 10 for evacuation
[14.118s][trace][gc,ergo,cset  ] GC(487) Start choosing CSet. Pending cards: 34 target pause time: 200.00ms
[14.118s][trace][gc,ergo,cset  ] GC(487) Added young regions to CSet. Eden: 66 regions, Survivors: 14 regions, predicted eden time: 11.11ms, predicted base time: 1.12ms, target pause time: 200.00ms, remaining time: 187.78ms
[14.119s][debug][gc,ergo       ] GC(487) Running G1 Merge Heap Roots using 10 workers for 80 regions
[14.132s][debug][gc,ergo       ] GC(487) Running G1 Rebuild Free List Task using 10 workers for rebuilding free list of regions
[14.132s][debug][gc,ergo,heap  ] GC(487) Heap expansion: short term pause time ratio 73.41% long term pause time ratio 64.98% threshold 7.69% pause time ratio 7.69% fully expanded true resize by 0B
[14.132s][debug][gc,ergo,refine] GC(487) Concurrent refinement times: Logged Cards Scan time goal: 20.00ms Logged Cards Scan time: 0.07ms HCC time: 0.00ms
[14.132s][trace][gc,ergo,refine] GC(487) Updating Refinement Zones: logged cards scan time: 0.066ms, processed cards: 24, goal time: 20.000ms
[14.132s][debug][gc,ergo,refine] GC(487) Updated Refinement Zones: green: 2560, yellow: 7680, red: 12800
[14.132s][info ][gc,phases     ] GC(487)   Pre Evacuate Collection Set: 0.2ms
[14.132s][info ][gc,phases     ] GC(487)   Merge Heap Roots: 0.2ms
[14.132s][info ][gc,phases     ] GC(487)   Evacuate Collection Set: 12.4ms
[14.132s][info ][gc,phases     ] GC(487)   Post Evacuate Collection Set: 0.6ms
[14.132s][info ][gc,phases     ] GC(487)   Other: 0.1ms
[14.132s][info ][gc,heap       ] GC(487) Eden regions: 66->0(47)
[14.132s][info ][gc,heap       ] GC(487) Survivor regions: 14->10(10)
[14.132s][info ][gc,heap       ] GC(487) Old regions: 709->766
[14.132s][info ][gc,heap       ] GC(487) Archive regions: 0->0
[14.132s][info ][gc,heap       ] GC(487) Humongous regions: 0->0
[14.132s][info ][gc,metaspace  ] GC(487) Metaspace: 6341K(6464K)->6341K(6464K) NonClass: 5794K(5824K)->5794K(5824K) Class: 546K(640K)->546K(640K)
[14.132s][debug][gc,heap       ] GC(487) Heap after GC invocations=488 (full 0):
[14.132s][debug][gc,heap       ] GC(487)  garbage-first heap   total 1048576K, used 794300K [0x00000000c0000000, 0x0000000100000000)
[14.132s][debug][gc,heap       ] GC(487)   region size 1024K, 10 young (10240K), 10 survivors (10240K)
[14.132s][debug][gc,heap       ] GC(487)  Metaspace       used 6341K, committed 6464K, reserved 1114112K
[14.132s][debug][gc,heap       ] GC(487)   class space    used 546K, committed 640K, reserved 1048576K
[14.132s][info ][gc            ] GC(487) Pause Young (Normal) (G1 Evacuation Pause) 788M->775M(1024M) 13.490ms
[14.132s][info ][gc,cpu        ] GC(487) User=0.12s Sys=0.00s Real=0.01s
[14.132s][info ][safepoint     ] Safepoint "G1CollectForAllocation", Time since last: 4641600 ns, Reaching safepoint: 4000 ns, Cleanup: 5500 ns, At safepoint: 13580201 ns, Total: 13589701 ns
[14.140s][debug][gc,heap       ] GC(488) Heap before GC invocations=488 (full 0):
[14.140s][debug][gc,heap       ] GC(488)  garbage-first heap   total 1048576K, used 841404K [0x00000000c0000000, 0x0000000100000000)
[14.140s][debug][gc,heap       ] GC(488)   region size 1024K, 57 young (58368K), 10 survivors (10240K)
[14.140s][debug][gc,heap       ] GC(488)  Metaspace       used 6341K, committed 6464K, reserved 1114112K
[14.140s][debug][gc,heap       ] GC(488)   class space    used 546K, committed 640K, reserved 1048576K
[14.140s][info ][gc,start      ] GC(488) Pause Young (Normal) (G1 Evacuation Pause)
[14.140s][info ][gc,task       ] GC(488) Using 10 workers of 10 for evacuation
[14.141s][trace][gc,ergo,cset  ] GC(488) Start choosing CSet. Pending cards: 32 target pause time: 200.00ms
[14.141s][trace][gc,ergo,cset  ] GC(488) Added young regions to CSet. Eden: 47 regions, Survivors: 10 regions, predicted eden time: 8.12ms, predicted base time: 1.05ms, target pause time: 200.00ms, remaining time: 190.83ms
[14.141s][debug][gc,ergo       ] GC(488) Running G1 Merge Heap Roots using 10 workers for 57 regions
[14.151s][debug][gc,ergo       ] GC(488) Running G1 Rebuild Free List Task using 10 workers for rebuilding free list of regions
[14.152s][debug][gc,ergo,heap  ] GC(488) Heap expansion: short term pause time ratio 73.09% long term pause time ratio 64.37% threshold 7.69% pause time ratio 7.69% fully expanded true resize by 0B
[14.152s][debug][gc,ergo,refine] GC(488) Concurrent refinement times: Logged Cards Scan time goal: 20.00ms Logged Cards Scan time: 0.02ms HCC time: 0.00ms
[14.152s][trace][gc,ergo,refine] GC(488) Updating Refinement Zones: logged cards scan time: 0.019ms, processed cards: 15, goal time: 20.000ms
[14.152s][debug][gc,ergo,refine] GC(488) Updated Refinement Zones: green: 2560, yellow: 7680, red: 12800
[14.152s][info ][gc,phases     ] GC(488)   Pre Evacuate Collection Set: 0.3ms
[14.152s][info ][gc,phases     ] GC(488)   Merge Heap Roots: 0.2ms
[14.152s][info ][gc,phases     ] GC(488)   Evacuate Collection Set: 9.9ms
[14.152s][info ][gc,phases     ] GC(488)   Post Evacuate Collection Set: 0.8ms
[14.152s][info ][gc,phases     ] GC(488)   Other: 0.3ms
[14.152s][info ][gc,heap       ] GC(488) Eden regions: 47->0(43)
[14.152s][info ][gc,heap       ] GC(488) Survivor regions: 10->8(8)
[14.152s][info ][gc,heap       ] GC(488) Old regions: 766->807
[14.152s][info ][gc,heap       ] GC(488) Archive regions: 0->0
[14.152s][info ][gc,heap       ] GC(488) Humongous regions: 0->0
[14.152s][info ][gc,metaspace  ] GC(488) Metaspace: 6341K(6464K)->6341K(6464K) NonClass: 5794K(5824K)->5794K(5824K) Class: 546K(640K)->546K(640K)
[14.152s][debug][gc,heap       ] GC(488) Heap after GC invocations=489 (full 0):
[14.152s][debug][gc,heap       ] GC(488)  garbage-first heap   total 1048576K, used 834136K [0x00000000c0000000, 0x0000000100000000)
[14.152s][debug][gc,heap       ] GC(488)   region size 1024K, 8 young (8192K), 8 survivors (8192K)
[14.152s][debug][gc,heap       ] GC(488)  Metaspace       used 6341K, committed 6464K, reserved 1114112K
[14.152s][debug][gc,heap       ] GC(488)   class space    used 546K, committed 640K, reserved 1048576K
[14.152s][info ][gc            ] GC(488) Pause Young (Normal) (G1 Evacuation Pause) 822M->814M(1024M) 11.419ms
[14.152s][info ][gc,cpu        ] GC(488) User=0.10s Sys=0.00s Real=0.01s
[14.152s][info ][safepoint     ] Safepoint "G1CollectForAllocation", Time since last: 8465700 ns, Reaching safepoint: 7600 ns, Cleanup: 8700 ns, At safepoint: 11556600 ns, Total: 11572900 ns
[14.160s][debug][gc,heap       ] GC(489) Heap before GC invocations=489 (full 0):
[14.160s][debug][gc,heap       ] GC(489)  garbage-first heap   total 1048576K, used 877144K [0x00000000c0000000, 0x0000000100000000)
[14.160s][debug][gc,heap       ] GC(489)   region size 1024K, 51 young (52224K), 8 survivors (8192K)
[14.160s][debug][gc,heap       ] GC(489)  Metaspace       used 6341K, committed 6464K, reserved 1114112K
[14.160s][debug][gc,heap       ] GC(489)   class space    used 546K, committed 640K, reserved 1048576K
[14.160s][info ][gc,start      ] GC(489) Pause Young (Normal) (G1 Evacuation Pause)
[14.160s][info ][gc,task       ] GC(489) Using 10 workers of 10 for evacuation
[14.160s][trace][gc,ergo,cset  ] GC(489) Start choosing CSet. Pending cards: 36 target pause time: 200.00ms
[14.160s][trace][gc,ergo,cset  ] GC(489) Added young regions to CSet. Eden: 43 regions, Survivors: 8 regions, predicted eden time: 7.73ms, predicted base time: 1.07ms, target pause time: 200.00ms, remaining time: 191.20ms
[14.160s][debug][gc,ergo       ] GC(489) Running G1 Merge Heap Roots using 10 workers for 51 regions
[14.169s][debug][gc,ergo       ] GC(489) Running G1 Rebuild Free List Task using 10 workers for rebuilding free list of regions
[14.169s][debug][gc,ergo,heap  ] GC(489) Heap expansion: short term pause time ratio 56.15% long term pause time ratio 64.27% threshold 7.69% pause time ratio 7.69% fully expanded true resize by 0B
[14.169s][debug][gc,ergo,ihop  ] GC(489) Request concurrent cycle initiation (occupancy higher than threshold) occupancy: 886046720B allocation request: 0B threshold: 859203007B (80.02) source: end of GC
[14.169s][debug][gc,ergo,refine] GC(489) Concurrent refinement times: Logged Cards Scan time goal: 20.00ms Logged Cards Scan time: 0.01ms HCC time: 0.00ms
[14.169s][trace][gc,ergo,refine] GC(489) Updating Refinement Zones: logged cards scan time: 0.015ms, processed cards: 24, goal time: 19.999ms
[14.169s][debug][gc,ergo,refine] GC(489) Updated Refinement Zones: green: 2560, yellow: 7680, red: 12800
[14.169s][info ][gc,phases     ] GC(489)   Pre Evacuate Collection Set: 0.4ms
[14.169s][info ][gc,phases     ] GC(489)   Merge Heap Roots: 0.2ms
[14.169s][info ][gc,phases     ] GC(489)   Evacuate Collection Set: 8.0ms
[14.169s][info ][gc,phases     ] GC(489)   Post Evacuate Collection Set: 0.8ms
[14.169s][info ][gc,phases     ] GC(489)   Other: 0.2ms
[14.169s][info ][gc,heap       ] GC(489) Eden regions: 43->0(44)
[14.169s][info ][gc,heap       ] GC(489) Survivor regions: 8->7(7)
[14.169s][info ][gc,heap       ] GC(489) Old regions: 807->845
[14.169s][info ][gc,heap       ] GC(489) Archive regions: 0->0
[14.169s][info ][gc,heap       ] GC(489) Humongous regions: 0->0
[14.169s][info ][gc,metaspace  ] GC(489) Metaspace: 6341K(6464K)->6341K(6464K) NonClass: 5794K(5824K)->5794K(5824K) Class: 546K(640K)->546K(640K)
[14.169s][debug][gc,heap       ] GC(489) Heap after GC invocations=490 (full 0):
[14.169s][debug][gc,heap       ] GC(489)  garbage-first heap   total 1048576K, used 872224K [0x00000000c0000000, 0x0000000100000000)
[14.169s][debug][gc,heap       ] GC(489)   region size 1024K, 7 young (7168K), 7 survivors (7168K)
[14.169s][debug][gc,heap       ] GC(489)  Metaspace       used 6341K, committed 6464K, reserved 1114112K
[14.169s][debug][gc,heap       ] GC(489)   class space    used 546K, committed 640K, reserved 1048576K
[14.169s][info ][gc            ] GC(489) Pause Young (Normal) (G1 Evacuation Pause) 857M->851M(1024M) 9.566ms
[14.169s][info ][gc,cpu        ] GC(489) User=0.08s Sys=0.00s Real=0.01s
[14.169s][info ][safepoint     ] Safepoint "G1CollectForAllocation", Time since last: 7828401 ns, Reaching safepoint: 7200 ns, Cleanup: 6000 ns, At safepoint: 9709700 ns, Total: 9722900 ns
[14.173s][debug][gc,heap       ] GC(490) Heap before GC invocations=490 (full 0):
[14.173s][debug][gc,heap       ] GC(490)  garbage-first heap   total 1048576K, used 916256K [0x00000000c0000000, 0x0000000100000000)
[14.173s][debug][gc,heap       ] GC(490)   region size 1024K, 51 young (52224K), 7 survivors (7168K)
[14.173s][debug][gc,heap       ] GC(490)  Metaspace       used 6341K, committed 6464K, reserved 1114112K
[14.173s][debug][gc,heap       ] GC(490)   class space    used 546K, committed 640K, reserved 1048576K
[14.173s][debug][gc,ergo       ] GC(490) Initiate concurrent cycle (concurrent cycle initiation requested)
[14.173s][info ][gc,start      ] GC(490) Pause Young (Concurrent Start) (G1 Evacuation Pause)
[14.173s][info ][gc,task       ] GC(490) Using 10 workers of 10 for evacuation
[14.173s][trace][gc,ergo,cset  ] GC(490) Start choosing CSet. Pending cards: 28 target pause time: 200.00ms
[14.173s][trace][gc,ergo,cset  ] GC(490) Added young regions to CSet. Eden: 44 regions, Survivors: 7 regions, predicted eden time: 7.73ms, predicted base time: 1.09ms, target pause time: 200.00ms, remaining time: 191.18ms
[14.174s][debug][gc,ergo       ] GC(490) Running G1 Merge Heap Roots using 10 workers for 51 regions
[14.183s][debug][gc,ergo       ] GC(490) Running G1 Rebuild Free List Task using 10 workers for rebuilding free list of regions
[14.183s][debug][gc,ergo,heap  ] GC(490) Heap expansion: short term pause time ratio 53.25% long term pause time ratio 64.02% threshold 7.69% pause time ratio 7.69% fully expanded true resize by 0B
[14.183s][debug][gc,ergo,refine] GC(490) Concurrent refinement times: Logged Cards Scan time goal: 20.00ms Logged Cards Scan time: 0.03ms HCC time: 0.00ms
[14.183s][trace][gc,ergo,refine] GC(490) Updating Refinement Zones: logged cards scan time: 0.026ms, processed cards: 16, goal time: 20.000ms
[14.183s][debug][gc,ergo,refine] GC(490) Updated Refinement Zones: green: 2560, yellow: 7680, red: 12800
[14.183s][info ][gc,phases     ] GC(490)   Pre Evacuate Collection Set: 0.3ms
[14.183s][info ][gc,phases     ] GC(490)   Merge Heap Roots: 0.2ms
[14.183s][info ][gc,phases     ] GC(490)   Evacuate Collection Set: 8.4ms
[14.183s][info ][gc,phases     ] GC(490)   Post Evacuate Collection Set: 0.6ms
[14.183s][info ][gc,phases     ] GC(490)   Other: 0.4ms
[14.183s][info ][gc,heap       ] GC(490) Eden regions: 44->0(44)
[14.183s][info ][gc,heap       ] GC(490) Survivor regions: 7->7(7)
[14.183s][info ][gc,heap       ] GC(490) Old regions: 845->885
[14.183s][info ][gc,heap       ] GC(490) Archive regions: 0->0
[14.183s][info ][gc,heap       ] GC(490) Humongous regions: 0->0
[14.183s][info ][gc,metaspace  ] GC(490) Metaspace: 6341K(6464K)->6341K(6464K) NonClass: 5794K(5824K)->5794K(5824K) Class: 546K(640K)->546K(640K)
[14.183s][debug][gc,heap       ] GC(490) Heap after GC invocations=491 (full 0):
[14.183s][debug][gc,heap       ] GC(490)  garbage-first heap   total 1048576K, used 912484K [0x00000000c0000000, 0x0000000100000000)
[14.183s][debug][gc,heap       ] GC(490)   region size 1024K, 7 young (7168K), 7 survivors (7168K)
[14.183s][debug][gc,heap       ] GC(490)  Metaspace       used 6341K, committed 6464K, reserved 1114112K
[14.183s][debug][gc,heap       ] GC(490)   class space    used 546K, committed 640K, reserved 1048576K
[14.183s][info ][gc            ] GC(490) Pause Young (Concurrent Start) (G1 Evacuation Pause) 895M->891M(1024M) 9.969ms
[14.183s][info ][gc,cpu        ] GC(490) User=0.08s Sys=0.01s Real=0.01s
[14.183s][info ][safepoint     ] Safepoint "G1CollectForAllocation", Time since last: 3721900 ns, Reaching safepoint: 75300 ns, Cleanup: 16000 ns, At safepoint: 10144101 ns, Total: 10235401 ns
[14.183s][info ][gc            ] GC(491) Concurrent Mark Cycle
[14.183s][info ][gc,marking    ] GC(491) Concurrent Clear Claimed Marks
[14.183s][info ][gc,marking    ] GC(491) Concurrent Clear Claimed Marks 0.015ms
[14.183s][info ][gc,marking    ] GC(491) Concurrent Scan Root Regions
[14.183s][debug][gc,ergo       ] GC(491) Running G1 Root Region Scan using 3 workers for 48 work units.
[14.184s][info ][gc,marking    ] GC(491) Concurrent Scan Root Regions 0.179ms
[14.184s][info ][gc,marking    ] GC(491) Concurrent Mark
[14.184s][info ][gc,marking    ] GC(491) Concurrent Mark From Roots
[14.184s][info ][gc,task       ] GC(491) Using 3 workers of 3 for marking
[14.189s][info ][gc,marking    ] GC(491) Concurrent Mark From Roots 5.028ms
[14.189s][info ][gc,marking    ] GC(491) Concurrent Preclean
[14.189s][info ][gc,marking    ] GC(491) Concurrent Preclean 0.065ms
[14.189s][info ][gc,start      ] GC(491) Pause Remark
[14.190s][debug][gc,ergo       ] GC(491) Running G1 Update RemSet Tracking Before Rebuild using 3 workers for 1024 regions in heap
[14.191s][info ][gc            ] GC(491) Pause Remark 924M->528M(1024M) 1.759ms
[14.191s][info ][gc,cpu        ] GC(491) User=0.01s Sys=0.00s Real=0.00s
[14.191s][info ][safepoint     ] Safepoint "G1PauseRemark", Time since last: 5573700 ns, Reaching safepoint: 131700 ns, Cleanup: 10500 ns, At safepoint: 1842100 ns, Total: 1984300 ns
[14.191s][info ][gc,marking    ] GC(491) Concurrent Mark 7.364ms
[14.191s][info ][gc,marking    ] GC(491) Concurrent Rebuild Remembered Sets
[14.192s][debug][gc,heap       ] GC(492) Heap before GC invocations=491 (full 0):
[14.192s][debug][gc,heap       ] GC(492)  garbage-first heap   total 1048576K, used 551012K [0x00000000c0000000, 0x0000000100000000)
[14.192s][debug][gc,heap       ] GC(492)   region size 1024K, 51 young (52224K), 7 survivors (7168K)
[14.192s][debug][gc,heap       ] GC(492)  Metaspace       used 6341K, committed 6464K, reserved 1114112K
[14.192s][debug][gc,heap       ] GC(492)   class space    used 546K, committed 640K, reserved 1048576K
[14.192s][info ][gc,start      ] GC(492) Pause Young (Normal) (G1 Evacuation Pause)
[14.193s][info ][gc,task       ] GC(492) Using 10 workers of 10 for evacuation
[14.193s][trace][gc,ergo,cset  ] GC(492) Start choosing CSet. Pending cards: 52 target pause time: 200.00ms
[14.193s][trace][gc,ergo,cset  ] GC(492) Added young regions to CSet. Eden: 44 regions, Survivors: 7 regions, predicted eden time: 7.62ms, predicted base time: 1.10ms, target pause time: 200.00ms, remaining time: 191.28ms
[14.193s][debug][gc,ergo       ] GC(492) Running G1 Merge Heap Roots using 10 workers for 51 regions
[14.202s][debug][gc,ergo       ] GC(492) Running G1 Rebuild Free List Task using 10 workers for rebuilding free list of regions
[14.202s][debug][gc,ergo,heap  ] GC(492) Heap expansion: short term pause time ratio 22.38% long term pause time ratio 62.09% threshold 7.69% pause time ratio 7.69% fully expanded true resize by 0B
[14.203s][debug][gc,ergo,refine] GC(492) Concurrent refinement times: Logged Cards Scan time goal: 20.00ms Logged Cards Scan time: 0.02ms HCC time: 0.00ms
[14.203s][trace][gc,ergo,refine] GC(492) Updating Refinement Zones: logged cards scan time: 0.018ms, processed cards: 41, goal time: 19.999ms
[14.203s][debug][gc,ergo,refine] GC(492) Updated Refinement Zones: green: 2560, yellow: 7680, red: 12800
[14.203s][info ][gc,phases     ] GC(492)   Pre Evacuate Collection Set: 0.3ms
[14.203s][info ][gc,phases     ] GC(492)   Merge Heap Roots: 0.2ms
[14.203s][info ][gc,phases     ] GC(492)   Evacuate Collection Set: 8.7ms
[14.203s][info ][gc,phases     ] GC(492)   Post Evacuate Collection Set: 0.8ms
[14.203s][info ][gc,phases     ] GC(492)   Other: 0.3ms
[14.203s][info ][gc,heap       ] GC(492) Eden regions: 44->0(130)
[14.203s][info ][gc,heap       ] GC(492) Survivor regions: 7->7(7)
[14.203s][info ][gc,heap       ] GC(492) Old regions: 489->527
[14.203s][info ][gc,heap       ] GC(492) Archive regions: 0->0
[14.203s][info ][gc,heap       ] GC(492) Humongous regions: 0->0
[14.203s][info ][gc,metaspace  ] GC(492) Metaspace: 6341K(6464K)->6341K(6464K) NonClass: 5794K(5824K)->5794K(5824K) Class: 546K(640K)->546K(640K)
[14.203s][debug][gc,heap       ] GC(492) Heap after GC invocations=492 (full 0):
[14.203s][debug][gc,heap       ] GC(492)  garbage-first heap   total 1048576K, used 545892K [0x00000000c0000000, 0x0000000100000000)
[14.203s][debug][gc,heap       ] GC(492)   region size 1024K, 7 young (7168K), 7 survivors (7168K)
[14.203s][debug][gc,heap       ] GC(492)  Metaspace       used 6341K, committed 6464K, reserved 1114112K
[14.203s][debug][gc,heap       ] GC(492)   class space    used 546K, committed 640K, reserved 1048576K
[14.203s][info ][gc            ] GC(492) Pause Young (Normal) (G1 Evacuation Pause) 539M->533M(1024M) 10.176ms
[14.203s][info ][gc,cpu        ] GC(492) User=0.09s Sys=0.00s Real=0.01s
[14.203s][info ][safepoint     ] Safepoint "G1CollectForAllocation", Time since last: 1387400 ns, Reaching safepoint: 18900 ns, Cleanup: 8600 ns, At safepoint: 10387300 ns, Total: 10414800 ns
[14.204s][info ][gc,marking    ] GC(491) Concurrent Rebuild Remembered Sets 13.081ms
[14.204s][info ][gc,start      ] GC(491) Pause Cleanup
[14.205s][debug][gc,ergo,cset  ] GC(491) Pruned 129 regions out of 429, leaving 53604040 bytes waste (allowed 53687091)
[14.205s][info ][gc            ] GC(491) Pause Cleanup 546M->546M(1024M) 0.439ms
[14.205s][info ][gc,cpu        ] GC(491) User=0.00s Sys=0.00s Real=0.00s
[14.205s][info ][safepoint     ] Safepoint "G1PauseCleanup", Time since last: 1472700 ns, Reaching safepoint: 3500 ns, Cleanup: 4400 ns, At safepoint: 459800 ns, Total: 467700 ns
[14.205s][info ][gc,marking    ] GC(491) Concurrent Cleanup for Next Mark
[14.205s][debug][gc,ergo       ] GC(491) Running G1 Clear Bitmap with 3 workers for 16 work units.
[14.207s][info ][gc,marking    ] GC(491) Concurrent Cleanup for Next Mark 2.076ms
[14.207s][info ][gc            ] GC(491) Concurrent Mark Cycle 23.579ms
[14.219s][debug][gc,heap       ] GC(493) Heap before GC invocations=493 (full 0):
[14.219s][debug][gc,heap       ] GC(493)  garbage-first heap   total 1048576K, used 677988K [0x00000000c0000000, 0x0000000100000000)
[14.219s][debug][gc,heap       ] GC(493)   region size 1024K, 137 young (140288K), 7 survivors (7168K)
[14.219s][debug][gc,heap       ] GC(493)  Metaspace       used 6341K, committed 6464K, reserved 1114112K
[14.219s][debug][gc,heap       ] GC(493)   class space    used 546K, committed 640K, reserved 1048576K
[14.219s][info ][gc,start      ] GC(493) Pause Young (Prepare Mixed) (G1 Evacuation Pause)
[14.219s][info ][gc,task       ] GC(493) Using 10 workers of 10 for evacuation
[14.219s][trace][gc,ergo,cset  ] GC(493) Start choosing CSet. Pending cards: 48 target pause time: 200.00ms
[14.219s][trace][gc,ergo,cset  ] GC(493) Added young regions to CSet. Eden: 130 regions, Survivors: 7 regions, predicted eden time: 21.37ms, predicted base time: 1.17ms, target pause time: 200.00ms, remaining time: 177.46ms
[14.220s][debug][gc,ergo       ] GC(493) Running G1 Merge Heap Roots using 10 workers for 137 regions
[14.238s][debug][gc,ergo       ] GC(493) Running G1 Rebuild Free List Task using 10 workers for rebuilding free list of regions
[14.238s][debug][gc,ergo,heap  ] GC(493) Heap expansion: short term pause time ratio 19.04% long term pause time ratio 62.01% threshold 7.69% pause time ratio 7.69% fully expanded true resize by 0B
[14.238s][debug][gc,ergo,refine] GC(493) Concurrent refinement times: Logged Cards Scan time goal: 20.00ms Logged Cards Scan time: 0.03ms HCC time: 0.00ms
[14.238s][trace][gc,ergo,refine] GC(493) Updating Refinement Zones: logged cards scan time: 0.033ms, processed cards: 22, goal time: 19.998ms
[14.238s][debug][gc,ergo,refine] GC(493) Updated Refinement Zones: green: 2560, yellow: 7680, red: 12800
[14.238s][info ][gc,phases     ] GC(493)   Pre Evacuate Collection Set: 0.4ms
[14.238s][info ][gc,phases     ] GC(493)   Merge Heap Roots: 0.2ms
[14.238s][info ][gc,phases     ] GC(493)   Evacuate Collection Set: 17.6ms
[14.238s][info ][gc,phases     ] GC(493)   Post Evacuate Collection Set: 0.6ms
[14.238s][info ][gc,phases     ] GC(493)   Other: 0.3ms
[14.238s][info ][gc,heap       ] GC(493) Eden regions: 130->0(33)
[14.238s][info ][gc,heap       ] GC(493) Survivor regions: 7->18(18)
[14.238s][info ][gc,heap       ] GC(493) Old regions: 527->604
[14.238s][info ][gc,heap       ] GC(493) Archive regions: 0->0
[14.238s][info ][gc,heap       ] GC(493) Humongous regions: 0->0
[14.238s][info ][gc,metaspace  ] GC(493) Metaspace: 6341K(6464K)->6341K(6464K) NonClass: 5794K(5824K)->5794K(5824K) Class: 546K(640K)->546K(640K)
[14.238s][debug][gc,heap       ] GC(493) Heap after GC invocations=494 (full 0):
[14.238s][debug][gc,heap       ] GC(493)  garbage-first heap   total 1048576K, used 636604K [0x00000000c0000000, 0x0000000100000000)
[14.238s][debug][gc,heap       ] GC(493)   region size 1024K, 18 young (18432K), 18 survivors (18432K)
[14.238s][debug][gc,heap       ] GC(493)  Metaspace       used 6341K, committed 6464K, reserved 1114112K
[14.238s][debug][gc,heap       ] GC(493)   class space    used 546K, committed 640K, reserved 1048576K
[14.238s][info ][gc            ] GC(493) Pause Young (Prepare Mixed) (G1 Evacuation Pause) 663M->621M(1024M) 18.960ms
[14.238s][info ][gc,cpu        ] GC(493) User=0.18s Sys=0.00s Real=0.02s
[14.238s][info ][safepoint     ] Safepoint "G1CollectForAllocation", Time since last: 14319001 ns, Reaching safepoint: 14000 ns, Cleanup: 15000 ns, At safepoint: 19163201 ns, Total: 19192201 ns
[14.241s][debug][gc,heap       ] GC(494) Heap before GC invocations=494 (full 0):
[14.241s][debug][gc,heap       ] GC(494)  garbage-first heap   total 1048576K, used 669372K [0x00000000c0000000, 0x0000000100000000)
[14.241s][debug][gc,heap       ] GC(494)   region size 1024K, 51 young (52224K), 18 survivors (18432K)
[14.241s][debug][gc,heap       ] GC(494)  Metaspace       used 6341K, committed 6464K, reserved 1114112K
[14.241s][debug][gc,heap       ] GC(494)   class space    used 546K, committed 640K, reserved 1048576K
[14.241s][info ][gc,start      ] GC(494) Pause Young (Mixed) (G1 Evacuation Pause)
[14.241s][info ][gc,task       ] GC(494) Using 10 workers of 10 for evacuation
[14.242s][trace][gc,ergo,cset  ] GC(494) Start choosing CSet. Pending cards: 36 target pause time: 200.00ms
[14.242s][trace][gc,ergo,cset  ] GC(494) Added young regions to CSet. Eden: 33 regions, Survivors: 18 regions, predicted eden time: 5.89ms, predicted base time: 1.26ms, target pause time: 200.00ms, remaining time: 192.85ms
[14.242s][debug][gc,ergo,cset  ] GC(494) Start adding old regions to collection set. Min 38 regions, max 103 regions, time remaining 192.85ms, optional threshold 38.57ms
[14.242s][debug][gc,ergo,cset  ] GC(494) Finish adding old regions to collection set (Maximum number of regions). Initial 103 regions, optional 0 regions
[14.242s][debug][gc,ergo,cset  ] GC(494) Finish choosing collection set old regions. Initial: 103, optional: 0, predicted old time: 0.00ms, predicted optional time: 0.00ms, time remaining: 190.66
[14.242s][debug][gc,ergo       ] GC(494) Running G1 Merge Heap Roots using 10 workers for 154 regions
[14.252s][debug][gc,ergo       ] GC(494) Running G1 Rebuild Free List Task using 10 workers for rebuilding free list of regions
[14.252s][debug][gc,ergo,heap  ] GC(494) Heap expansion: short term pause time ratio 56.35% long term pause time ratio 62.35% threshold 7.69% pause time ratio 7.69% fully expanded true resize by 0B
[14.252s][debug][gc,ergo,refine] GC(494) Concurrent refinement times: Logged Cards Scan time goal: 20.00ms Logged Cards Scan time: 0.02ms HCC time: 0.00ms
[14.252s][trace][gc,ergo,refine] GC(494) Updating Refinement Zones: logged cards scan time: 0.024ms, processed cards: 16, goal time: 19.999ms
[14.252s][debug][gc,ergo,refine] GC(494) Updated Refinement Zones: green: 2560, yellow: 7680, red: 12800
[14.252s][info ][gc,phases     ] GC(494)   Pre Evacuate Collection Set: 0.4ms
[14.252s][info ][gc,phases     ] GC(494)   Merge Heap Roots: 0.2ms
[14.252s][info ][gc,phases     ] GC(494)   Evacuate Collection Set: 9.5ms
[14.252s][info ][gc,phases     ] GC(494)   Post Evacuate Collection Set: 0.6ms
[14.252s][info ][gc,phases     ] GC(494)   Other: 0.2ms
[14.252s][info ][gc,heap       ] GC(494) Eden regions: 33->0(44)
[14.252s][info ][gc,heap       ] GC(494) Survivor regions: 18->7(7)
[14.252s][info ][gc,heap       ] GC(494) Old regions: 604->544
[14.252s][info ][gc,heap       ] GC(494) Archive regions: 0->0
[14.252s][info ][gc,heap       ] GC(494) Humongous regions: 0->0
[14.252s][info ][gc,metaspace  ] GC(494) Metaspace: 6341K(6464K)->6341K(6464K) NonClass: 5794K(5824K)->5794K(5824K) Class: 546K(640K)->546K(640K)
[14.252s][debug][gc,heap       ] GC(494) Heap after GC invocations=495 (full 0):
[14.252s][debug][gc,heap       ] GC(494)  garbage-first heap   total 1048576K, used 563400K [0x00000000c0000000, 0x0000000100000000)
[14.252s][debug][gc,heap       ] GC(494)   region size 1024K, 7 young (7168K), 7 survivors (7168K)
[14.252s][debug][gc,heap       ] GC(494)  Metaspace       used 6341K, committed 6464K, reserved 1114112K
[14.252s][debug][gc,heap       ] GC(494)   class space    used 546K, committed 640K, reserved 1048576K
[14.252s][info ][gc            ] GC(494) Pause Young (Mixed) (G1 Evacuation Pause) 654M->550M(1024M) 10.885ms
[14.252s][info ][gc,cpu        ] GC(494) User=0.09s Sys=0.00s Real=0.01s
[14.252s][info ][safepoint     ] Safepoint "G1CollectForAllocation", Time since last: 3158500 ns, Reaching safepoint: 4200 ns, Cleanup: 6700 ns, At safepoint: 10999300 ns, Total: 11010200 ns
[14.256s][debug][gc,heap       ] GC(495) Heap before GC invocations=495 (full 0):
[14.256s][debug][gc,heap       ] GC(495)  garbage-first heap   total 1048576K, used 607432K [0x00000000c0000000, 0x0000000100000000)
[14.256s][debug][gc,heap       ] GC(495)   region size 1024K, 51 young (52224K), 7 survivors (7168K)
[14.256s][debug][gc,heap       ] GC(495)  Metaspace       used 6341K, committed 6464K, reserved 1114112K
[14.256s][debug][gc,heap       ] GC(495)   class space    used 546K, committed 640K, reserved 1048576K
[14.256s][info ][gc,start      ] GC(495) Pause Young (Mixed) (G1 Evacuation Pause)
[14.256s][info ][gc,task       ] GC(495) Using 10 workers of 10 for evacuation
[14.256s][trace][gc,ergo,cset  ] GC(495) Start choosing CSet. Pending cards: 66 target pause time: 200.00ms
[14.256s][trace][gc,ergo,cset  ] GC(495) Added young regions to CSet. Eden: 44 regions, Survivors: 7 regions, predicted eden time: 7.65ms, predicted base time: 1.28ms, target pause time: 200.00ms, remaining time: 191.07ms
[14.256s][debug][gc,ergo,cset  ] GC(495) Start adding old regions to collection set. Min 38 regions, max 103 regions, time remaining 191.07ms, optional threshold 38.21ms
[14.256s][debug][gc,ergo,cset  ] GC(495) Finish adding old regions to collection set (Maximum number of regions). Initial 103 regions, optional 0 regions
[14.256s][debug][gc,ergo,cset  ] GC(495) Finish choosing collection set old regions. Initial: 103, optional: 0, predicted old time: 0.00ms, predicted optional time: 0.00ms, time remaining: 187.72
[14.256s][debug][gc,ergo       ] GC(495) Running G1 Merge Heap Roots using 10 workers for 154 regions
[14.266s][debug][gc,ergo       ] GC(495) Running G1 Rebuild Free List Task using 10 workers for rebuilding free list of regions
[14.266s][debug][gc,ergo,heap  ] GC(495) Heap expansion: short term pause time ratio 75.90% long term pause time ratio 63.20% threshold 7.69% pause time ratio 7.69% fully expanded true resize by 0B
[14.266s][debug][gc,ergo,refine] GC(495) Concurrent refinement times: Logged Cards Scan time goal: 20.00ms Logged Cards Scan time: 0.02ms HCC time: 0.00ms
[14.266s][trace][gc,ergo,refine] GC(495) Updating Refinement Zones: logged cards scan time: 0.023ms, processed cards: 44, goal time: 19.999ms
[14.266s][debug][gc,ergo,refine] GC(495) Updated Refinement Zones: green: 2560, yellow: 7680, red: 12800
[14.266s][info ][gc,phases     ] GC(495)   Pre Evacuate Collection Set: 0.3ms
[14.266s][info ][gc,phases     ] GC(495)   Merge Heap Roots: 0.2ms
[14.266s][info ][gc,phases     ] GC(495)   Evacuate Collection Set: 9.1ms
[14.266s][info ][gc,phases     ] GC(495)   Post Evacuate Collection Set: 0.8ms
[14.266s][info ][gc,phases     ] GC(495)   Other: 0.2ms
[14.266s][info ][gc,heap       ] GC(495) Eden regions: 44->0(44)
[14.266s][info ][gc,heap       ] GC(495) Survivor regions: 7->7(7)
[14.266s][info ][gc,heap       ] GC(495) Old regions: 544->482
[14.266s][info ][gc,heap       ] GC(495) Archive regions: 0->0
[14.266s][info ][gc,heap       ] GC(495) Humongous regions: 0->0
[14.266s][info ][gc,metaspace  ] GC(495) Metaspace: 6341K(6464K)->6341K(6464K) NonClass: 5794K(5824K)->5794K(5824K) Class: 546K(640K)->546K(640K)
[14.266s][debug][gc,heap       ] GC(495) Heap after GC invocations=496 (full 0):
[14.266s][debug][gc,heap       ] GC(495)  garbage-first heap   total 1048576K, used 500112K [0x00000000c0000000, 0x0000000100000000)
[14.266s][debug][gc,heap       ] GC(495)   region size 1024K, 7 young (7168K), 7 survivors (7168K)
[14.266s][debug][gc,heap       ] GC(495)  Metaspace       used 6341K, committed 6464K, reserved 1114112K
[14.266s][debug][gc,heap       ] GC(495)   class space    used 546K, committed 640K, reserved 1048576K
[14.266s][info ][gc            ] GC(495) Pause Young (Mixed) (G1 Evacuation Pause) 594M->488M(1024M) 10.529ms
[14.266s][info ][gc,cpu        ] GC(495) User=0.09s Sys=0.00s Real=0.01s
[14.266s][info ][safepoint     ] Safepoint "G1CollectForAllocation", Time since last: 3285900 ns, Reaching safepoint: 4600 ns, Cleanup: 4700 ns, At safepoint: 10648301 ns, Total: 10657601 ns
[14.271s][debug][gc,heap       ] GC(496) Heap before GC invocations=496 (full 0):
[14.271s][debug][gc,heap       ] GC(496)  garbage-first heap   total 1048576K, used 544144K [0x00000000c0000000, 0x0000000100000000)
[14.271s][debug][gc,heap       ] GC(496)   region size 1024K, 51 young (52224K), 7 survivors (7168K)
[14.271s][debug][gc,heap       ] GC(496)  Metaspace       used 6341K, committed 6464K, reserved 1114112K
[14.271s][debug][gc,heap       ] GC(496)   class space    used 546K, committed 640K, reserved 1048576K
[14.271s][info ][gc,start      ] GC(496) Pause Young (Mixed) (G1 Evacuation Pause)
[14.271s][info ][gc,task       ] GC(496) Using 10 workers of 10 for evacuation
[14.271s][trace][gc,ergo,cset  ] GC(496) Start choosing CSet. Pending cards: 82 target pause time: 200.00ms
[14.271s][trace][gc,ergo,cset  ] GC(496) Added young regions to CSet. Eden: 44 regions, Survivors: 7 regions, predicted eden time: 7.57ms, predicted base time: 1.24ms, target pause time: 200.00ms, remaining time: 191.19ms
[14.271s][debug][gc,ergo,cset  ] GC(496) Start adding old regions to collection set. Min 38 regions, max 103 regions, time remaining 191.19ms, optional threshold 38.24ms
[14.271s][debug][gc,ergo,cset  ] GC(496) Old candidate collection set empty.
[14.271s][debug][gc,ergo,cset  ] GC(496) Finish choosing collection set old regions. Initial: 94, optional: 0, predicted old time: 0.00ms, predicted optional time: 0.00ms, time remaining: 185.52
[14.272s][debug][gc,ergo       ] GC(496) Running G1 Merge Heap Roots using 10 workers for 145 regions
[14.282s][debug][gc,ergo       ] GC(496) Running G1 Rebuild Free List Task using 10 workers for rebuilding free list of regions
[14.283s][debug][gc,ergo,heap  ] GC(496) Heap expansion: short term pause time ratio 74.63% long term pause time ratio 62.69% threshold 7.69% pause time ratio 7.69% fully expanded true resize by 0B
[14.283s][debug][gc,ergo       ] GC(496) do not continue mixed GCs (candidate old regions not available)
[14.283s][debug][gc,ergo,refine] GC(496) Concurrent refinement times: Logged Cards Scan time goal: 20.00ms Logged Cards Scan time: 0.02ms HCC time: 0.00ms
[14.283s][trace][gc,ergo,refine] GC(496) Updating Refinement Zones: logged cards scan time: 0.024ms, processed cards: 60, goal time: 19.999ms
[14.283s][debug][gc,ergo,refine] GC(496) Updated Refinement Zones: green: 2560, yellow: 7680, red: 12800
[14.283s][info ][gc,phases     ] GC(496)   Pre Evacuate Collection Set: 0.4ms
[14.283s][info ][gc,phases     ] GC(496)   Merge Heap Roots: 0.2ms
[14.283s][info ][gc,phases     ] GC(496)   Evacuate Collection Set: 9.9ms
[14.283s][info ][gc,phases     ] GC(496)   Post Evacuate Collection Set: 0.8ms
[14.283s][info ][gc,phases     ] GC(496)   Other: 0.3ms
[14.283s][info ][gc,heap       ] GC(496) Eden regions: 44->0(167)
[14.283s][info ][gc,heap       ] GC(496) Survivor regions: 7->7(7)
[14.283s][info ][gc,heap       ] GC(496) Old regions: 482->434
[14.283s][info ][gc,heap       ] GC(496) Archive regions: 0->0
[14.283s][info ][gc,heap       ] GC(496) Humongous regions: 0->0
[14.283s][info ][gc,metaspace  ] GC(496) Metaspace: 6341K(6464K)->6341K(6464K) NonClass: 5794K(5824K)->5794K(5824K) Class: 546K(640K)->546K(640K)
[14.283s][debug][gc,heap       ] GC(496) Heap after GC invocations=497 (full 0):
[14.283s][debug][gc,heap       ] GC(496)  garbage-first heap   total 1048576K, used 451160K [0x00000000c0000000, 0x0000000100000000)
[14.283s][debug][gc,heap       ] GC(496)   region size 1024K, 7 young (7168K), 7 survivors (7168K)
[14.283s][debug][gc,heap       ] GC(496)  Metaspace       used 6341K, committed 6464K, reserved 1114112K
[14.283s][debug][gc,heap       ] GC(496)   class space    used 546K, committed 640K, reserved 1048576K
[14.283s][info ][gc            ] GC(496) Pause Young (Mixed) (G1 Evacuation Pause) 532M->440M(1024M) 11.659ms
[14.283s][info ][gc,cpu        ] GC(496) User=0.09s Sys=0.00s Real=0.01s
[14.283s][info ][safepoint     ] Safepoint "G1CollectForAllocation", Time since last: 4750900 ns, Reaching safepoint: 9900 ns, Cleanup: 9300 ns, At safepoint: 11927100 ns, Total: 11946300 ns
[14.314s][debug][gc,heap       ] GC(497) Heap before GC invocations=497 (full 0):
[14.314s][debug][gc,heap       ] GC(497)  garbage-first heap   total 1048576K, used 621144K [0x00000000c0000000, 0x0000000100000000)
[14.314s][debug][gc,heap       ] GC(497)   region size 1024K, 174 young (178176K), 7 survivors (7168K)
[14.314s][debug][gc,heap       ] GC(497)  Metaspace       used 6341K, committed 6464K, reserved 1114112K
[14.314s][debug][gc,heap       ] GC(497)   class space    used 546K, committed 640K, reserved 1048576K
[14.314s][info ][gc,start      ] GC(497) Pause Young (Normal) (G1 Evacuation Pause)
[14.314s][info ][gc,task       ] GC(497) Using 10 workers of 10 for evacuation
[14.314s][trace][gc,ergo,cset  ] GC(497) Start choosing CSet. Pending cards: 37 target pause time: 200.00ms
[14.314s][trace][gc,ergo,cset  ] GC(497) Added young regions to CSet. Eden: 167 regions, Survivors: 7 regions, predicted eden time: 26.02ms, predicted base time: 1.28ms, target pause time: 200.00ms, remaining time: 172.70ms
[14.314s][debug][gc,ergo       ] GC(497) Running G1 Merge Heap Roots using 10 workers for 174 regions
[14.338s][debug][gc,ergo       ] GC(497) Running G1 Rebuild Free List Task using 10 workers for rebuilding free list of regions
[14.338s][debug][gc,ergo,heap  ] GC(497) Heap expansion: short term pause time ratio 69.03% long term pause time ratio 62.12% threshold 7.69% pause time ratio 7.69% fully expanded true resize by 0B
[14.338s][debug][gc,ergo,refine] GC(497) Concurrent refinement times: Logged Cards Scan time goal: 20.00ms Logged Cards Scan time: 0.07ms HCC time: 0.00ms
[14.338s][trace][gc,ergo,refine] GC(497) Updating Refinement Zones: logged cards scan time: 0.073ms, processed cards: 16, goal time: 19.999ms
[14.338s][debug][gc,ergo,refine] GC(497) Updated Refinement Zones: green: 2560, yellow: 7680, red: 12800
[14.338s][info ][gc,phases     ] GC(497)   Pre Evacuate Collection Set: 0.3ms
[14.338s][info ][gc,phases     ] GC(497)   Merge Heap Roots: 0.2ms
[14.338s][info ][gc,phases     ] GC(497)   Evacuate Collection Set: 23.2ms
[14.338s][info ][gc,phases     ] GC(497)   Post Evacuate Collection Set: 0.9ms
[14.338s][info ][gc,phases     ] GC(497)   Other: 0.2ms
[14.338s][info ][gc,heap       ] GC(497) Eden regions: 167->0(131)
[14.339s][info ][gc,heap       ] GC(497) Survivor regions: 7->22(22)
[14.339s][info ][gc,heap       ] GC(497) Old regions: 434->527
[14.339s][info ][gc,heap       ] GC(497) Archive regions: 0->0
[14.339s][info ][gc,heap       ] GC(497) Humongous regions: 0->0
[14.339s][info ][gc,metaspace  ] GC(497) Metaspace: 6341K(6464K)->6341K(6464K) NonClass: 5794K(5824K)->5794K(5824K) Class: 546K(640K)->546K(640K)
[14.339s][debug][gc,heap       ] GC(497) Heap after GC invocations=498 (full 0):
[14.339s][debug][gc,heap       ] GC(497)  garbage-first heap   total 1048576K, used 561352K [0x00000000c0000000, 0x0000000100000000)
[14.339s][debug][gc,heap       ] GC(497)   region size 1024K, 22 young (22528K), 22 survivors (22528K)
[14.339s][debug][gc,heap       ] GC(497)  Metaspace       used 6341K, committed 6464K, reserved 1114112K
[14.339s][debug][gc,heap       ] GC(497)   class space    used 546K, committed 640K, reserved 1048576K
[14.339s][info ][gc            ] GC(497) Pause Young (Normal) (G1 Evacuation Pause) 607M->548M(1024M) 24.790ms
[14.339s][info ][gc,cpu        ] GC(497) User=0.22s Sys=0.01s Real=0.02s
[14.339s][info ][safepoint     ] Safepoint "G1CollectForAllocation", Time since last: 30630201 ns, Reaching safepoint: 5100 ns, Cleanup: 5300 ns, At safepoint: 24899201 ns, Total: 24909601 ns
[14.353s][debug][gc,heap       ] GC(498) Heap before GC invocations=498 (full 0):
[14.353s][debug][gc,heap       ] GC(498)  garbage-first heap   total 1048576K, used 694472K [0x00000000c0000000, 0x0000000100000000)
[14.353s][debug][gc,heap       ] GC(498)   region size 1024K, 153 young (156672K), 22 survivors (22528K)
[14.353s][debug][gc,heap       ] GC(498)  Metaspace       used 6341K, committed 6464K, reserved 1114112K
[14.353s][debug][gc,heap       ] GC(498)   class space    used 546K, committed 640K, reserved 1048576K
[14.353s][info ][gc,start      ] GC(498) Pause Young (Normal) (G1 Evacuation Pause)
[14.353s][info ][gc,task       ] GC(498) Using 10 workers of 10 for evacuation
[14.353s][trace][gc,ergo,cset  ] GC(498) Start choosing CSet. Pending cards: 33 target pause time: 200.00ms
[14.353s][trace][gc,ergo,cset  ] GC(498) Added young regions to CSet. Eden: 131 regions, Survivors: 22 regions, predicted eden time: 20.94ms, predicted base time: 1.30ms, target pause time: 200.00ms, remaining time: 177.76ms
[14.353s][debug][gc,ergo       ] GC(498) Running G1 Merge Heap Roots using 10 workers for 153 regions
[14.378s][debug][gc,ergo       ] GC(498) Running G1 Rebuild Free List Task using 10 workers for rebuilding free list of regions
[14.378s][debug][gc,ergo,heap  ] GC(498) Heap expansion: short term pause time ratio 44.19% long term pause time ratio 57.40% threshold 7.69% pause time ratio 7.69% fully expanded true resize by 0B
[14.378s][debug][gc,ergo,refine] GC(498) Concurrent refinement times: Logged Cards Scan time goal: 20.00ms Logged Cards Scan time: 0.05ms HCC time: 0.00ms
[14.378s][trace][gc,ergo,refine] GC(498) Updating Refinement Zones: logged cards scan time: 0.046ms, processed cards: 17, goal time: 19.999ms
[14.378s][debug][gc,ergo,refine] GC(498) Updated Refinement Zones: green: 2560, yellow: 7680, red: 12800
[14.378s][info ][gc,phases     ] GC(498)   Pre Evacuate Collection Set: 0.3ms
[14.378s][info ][gc,phases     ] GC(498)   Merge Heap Roots: 0.2ms
[14.378s][info ][gc,phases     ] GC(498)   Evacuate Collection Set: 23.9ms
[14.378s][info ][gc,phases     ] GC(498)   Post Evacuate Collection Set: 0.8ms
[14.378s][info ][gc,phases     ] GC(498)   Other: 0.3ms
[14.378s][info ][gc,heap       ] GC(498) Eden regions: 131->0(100)
[14.378s][info ][gc,heap       ] GC(498) Survivor regions: 22->20(20)
[14.378s][info ][gc,heap       ] GC(498) Old regions: 527->613
[14.378s][info ][gc,heap       ] GC(498) Archive regions: 0->0
[14.378s][info ][gc,heap       ] GC(498) Humongous regions: 0->0
[14.378s][info ][gc,metaspace  ] GC(498) Metaspace: 6341K(6464K)->6341K(6464K) NonClass: 5794K(5824K)->5794K(5824K) Class: 546K(640K)->546K(640K)
[14.378s][debug][gc,heap       ] GC(498) Heap after GC invocations=499 (full 0):
[14.378s][debug][gc,heap       ] GC(498)  garbage-first heap   total 1048576K, used 648168K [0x00000000c0000000, 0x0000000100000000)
[14.378s][debug][gc,heap       ] GC(498)   region size 1024K, 20 young (20480K), 20 survivors (20480K)
[14.378s][debug][gc,heap       ] GC(498)  Metaspace       used 6341K, committed 6464K, reserved 1114112K
[14.378s][debug][gc,heap       ] GC(498)   class space    used 546K, committed 640K, reserved 1048576K
[14.379s][info ][gc            ] GC(498) Pause Young (Normal) (G1 Evacuation Pause) 679M->632M(1024M) 25.399ms
[14.379s][info ][gc,cpu        ] GC(498) User=0.23s Sys=0.00s Real=0.03s
[14.379s][info ][safepoint     ] Safepoint "G1CollectForAllocation", Time since last: 14415301 ns, Reaching safepoint: 6000 ns, Cleanup: 6000 ns, At safepoint: 25529101 ns, Total: 25541101 ns
[14.392s][debug][gc,heap       ] GC(499) Heap before GC invocations=499 (full 0):
[14.392s][debug][gc,heap       ] GC(499)  garbage-first heap   total 1048576K, used 749544K [0x00000000c0000000, 0x0000000100000000)
[14.392s][debug][gc,heap       ] GC(499)   region size 1024K, 120 young (122880K), 20 survivors (20480K)
[14.392s][debug][gc,heap       ] GC(499)  Metaspace       used 6341K, committed 6464K, reserved 1114112K
[14.392s][debug][gc,heap       ] GC(499)   class space    used 546K, committed 640K, reserved 1048576K
[14.392s][info ][gc,start      ] GC(499) Pause Young (Normal) (G1 Evacuation Pause)
[14.392s][info ][gc,task       ] GC(499) Using 10 workers of 10 for evacuation
[14.392s][trace][gc,ergo,cset  ] GC(499) Start choosing CSet. Pending cards: 41 target pause time: 200.00ms
[14.393s][trace][gc,ergo,cset  ] GC(499) Added young regions to CSet. Eden: 100 regions, Survivors: 20 regions, predicted eden time: 17.34ms, predicted base time: 1.26ms, target pause time: 200.00ms, remaining time: 181.41ms
[14.393s][debug][gc,ergo       ] GC(499) Running G1 Merge Heap Roots using 10 workers for 120 regions
[14.411s][debug][gc,ergo       ] GC(499) Running G1 Rebuild Free List Task using 10 workers for rebuilding free list of regions
[14.412s][debug][gc,ergo,heap  ] GC(499) Heap expansion: short term pause time ratio 63.17% long term pause time ratio 58.85% threshold 7.69% pause time ratio 7.69% fully expanded true resize by 0B
[14.412s][debug][gc,ergo,refine] GC(499) Concurrent refinement times: Logged Cards Scan time goal: 20.00ms Logged Cards Scan time: 0.03ms HCC time: 0.00ms
[14.412s][trace][gc,ergo,refine] GC(499) Updating Refinement Zones: logged cards scan time: 0.033ms, processed cards: 32, goal time: 20.000ms
[14.412s][debug][gc,ergo,refine] GC(499) Updated Refinement Zones: green: 2560, yellow: 7680, red: 12800
[14.412s][info ][gc,phases     ] GC(499)   Pre Evacuate Collection Set: 0.2ms
[14.412s][info ][gc,phases     ] GC(499)   Merge Heap Roots: 0.2ms
[14.412s][info ][gc,phases     ] GC(499)   Evacuate Collection Set: 17.6ms
[14.412s][info ][gc,phases     ] GC(499)   Post Evacuate Collection Set: 1.4ms
[14.412s][info ][gc,phases     ] GC(499)   Other: 0.2ms
[14.412s][info ][gc,heap       ] GC(499) Eden regions: 100->0(74)
[14.412s][info ][gc,heap       ] GC(499) Survivor regions: 20->15(15)
[14.412s][info ][gc,heap       ] GC(499) Old regions: 613->688
[14.412s][info ][gc,heap       ] GC(499) Archive regions: 0->0
[14.412s][info ][gc,heap       ] GC(499) Humongous regions: 0->0
[14.412s][info ][gc,metaspace  ] GC(499) Metaspace: 6341K(6464K)->6341K(6464K) NonClass: 5794K(5824K)->5794K(5824K) Class: 546K(640K)->546K(640K)
[14.412s][debug][gc,heap       ] GC(499) Heap after GC invocations=500 (full 0):
[14.412s][debug][gc,heap       ] GC(499)  garbage-first heap   total 1048576K, used 719348K [0x00000000c0000000, 0x0000000100000000)
[14.412s][debug][gc,heap       ] GC(499)   region size 1024K, 15 young (15360K), 15 survivors (15360K)
[14.412s][debug][gc,heap       ] GC(499)  Metaspace       used 6341K, committed 6464K, reserved 1114112K
[14.412s][debug][gc,heap       ] GC(499)   class space    used 546K, committed 640K, reserved 1048576K
[14.412s][info ][gc            ] GC(499) Pause Young (Normal) (G1 Evacuation Pause) 732M->702M(1024M) 19.618ms
[14.412s][info ][gc,cpu        ] GC(499) User=0.18s Sys=0.00s Real=0.02s
[14.412s][info ][safepoint     ] Safepoint "G1CollectForAllocation", Time since last: 13845200 ns, Reaching safepoint: 5300 ns, Cleanup: 5000 ns, At safepoint: 19774301 ns, Total: 19784601 ns
[14.420s][debug][gc,heap       ] GC(500) Heap before GC invocations=500 (full 0):
[14.420s][debug][gc,heap       ] GC(500)  garbage-first heap   total 1048576K, used 794100K [0x00000000c0000000, 0x0000000100000000)
[14.420s][debug][gc,heap       ] GC(500)   region size 1024K, 89 young (91136K), 15 survivors (15360K)
[14.420s][debug][gc,heap       ] GC(500)  Metaspace       used 6341K, committed 6464K, reserved 1114112K
[14.420s][debug][gc,heap       ] GC(500)   class space    used 546K, committed 640K, reserved 1048576K
[14.420s][info ][gc,start      ] GC(500) Pause Young (Normal) (G1 Evacuation Pause)
[14.420s][info ][gc,task       ] GC(500) Using 10 workers of 10 for evacuation
[14.420s][trace][gc,ergo,cset  ] GC(500) Start choosing CSet. Pending cards: 32 target pause time: 200.00ms
[14.420s][trace][gc,ergo,cset  ] GC(500) Added young regions to CSet. Eden: 74 regions, Survivors: 15 regions, predicted eden time: 13.14ms, predicted base time: 1.32ms, target pause time: 200.00ms, remaining time: 185.53ms
[14.421s][debug][gc,ergo       ] GC(500) Running G1 Merge Heap Roots using 10 workers for 89 regions
[14.435s][debug][gc,ergo       ] GC(500) Running G1 Rebuild Free List Task using 10 workers for rebuilding free list of regions
[14.435s][debug][gc,ergo,heap  ] GC(500) Heap expansion: short term pause time ratio 57.93% long term pause time ratio 58.05% threshold 7.69% pause time ratio 7.69% fully expanded true resize by 0B
[14.435s][debug][gc,ergo,refine] GC(500) Concurrent refinement times: Logged Cards Scan time goal: 20.00ms Logged Cards Scan time: 0.02ms HCC time: 0.00ms
[14.435s][trace][gc,ergo,refine] GC(500) Updating Refinement Zones: logged cards scan time: 0.024ms, processed cards: 18, goal time: 20.000ms
[14.435s][debug][gc,ergo,refine] GC(500) Updated Refinement Zones: green: 2560, yellow: 7680, red: 12800
[14.435s][info ][gc,phases     ] GC(500)   Pre Evacuate Collection Set: 0.2ms
[14.435s][info ][gc,phases     ] GC(500)   Merge Heap Roots: 0.1ms
[14.435s][info ][gc,phases     ] GC(500)   Evacuate Collection Set: 13.6ms
[14.435s][info ][gc,phases     ] GC(500)   Post Evacuate Collection Set: 0.7ms
[14.435s][info ][gc,phases     ] GC(500)   Other: 0.2ms
[14.435s][info ][gc,heap       ] GC(500) Eden regions: 74->0(53)
[14.435s][info ][gc,heap       ] GC(500) Survivor regions: 15->12(12)
[14.435s][info ][gc,heap       ] GC(500) Old regions: 688->747
[14.435s][info ][gc,heap       ] GC(500) Archive regions: 0->0
[14.435s][info ][gc,heap       ] GC(500) Humongous regions: 0->0
[14.435s][info ][gc,metaspace  ] GC(500) Metaspace: 6341K(6464K)->6341K(6464K) NonClass: 5794K(5824K)->5794K(5824K) Class: 546K(640K)->546K(640K)
[14.435s][debug][gc,heap       ] GC(500) Heap after GC invocations=501 (full 0):
[14.435s][debug][gc,heap       ] GC(500)  garbage-first heap   total 1048576K, used 776392K [0x00000000c0000000, 0x0000000100000000)
[14.435s][debug][gc,heap       ] GC(500)   region size 1024K, 12 young (12288K), 12 survivors (12288K)
[14.435s][debug][gc,heap       ] GC(500)  Metaspace       used 6341K, committed 6464K, reserved 1114112K
[14.435s][debug][gc,heap       ] GC(500)   class space    used 546K, committed 640K, reserved 1048576K
[14.435s][info ][gc            ] GC(500) Pause Young (Normal) (G1 Evacuation Pause) 776M->758M(1024M) 14.933ms
[14.435s][info ][gc,cpu        ] GC(500) User=0.14s Sys=0.00s Real=0.02s
[14.435s][info ][safepoint     ] Safepoint "G1CollectForAllocation", Time since last: 8127400 ns, Reaching safepoint: 4600 ns, Cleanup: 4800 ns, At safepoint: 15039301 ns, Total: 15048701 ns
[14.442s][debug][gc,heap       ] GC(501) Heap before GC invocations=501 (full 0):
[14.442s][debug][gc,heap       ] GC(501)  garbage-first heap   total 1048576K, used 829640K [0x00000000c0000000, 0x0000000100000000)
[14.442s][debug][gc,heap       ] GC(501)   region size 1024K, 65 young (66560K), 12 survivors (12288K)
[14.442s][debug][gc,heap       ] GC(501)  Metaspace       used 6341K, committed 6464K, reserved 1114112K
[14.442s][debug][gc,heap       ] GC(501)   class space    used 546K, committed 640K, reserved 1048576K
[14.442s][info ][gc,start      ] GC(501) Pause Young (Normal) (G1 Evacuation Pause)
[14.442s][info ][gc,task       ] GC(501) Using 10 workers of 10 for evacuation
[14.442s][trace][gc,ergo,cset  ] GC(501) Start choosing CSet. Pending cards: 34 target pause time: 200.00ms
[14.442s][trace][gc,ergo,cset  ] GC(501) Added young regions to CSet. Eden: 53 regions, Survivors: 12 regions, predicted eden time: 9.74ms, predicted base time: 1.24ms, target pause time: 200.00ms, remaining time: 189.03ms
[14.442s][debug][gc,ergo       ] GC(501) Running G1 Merge Heap Roots using 10 workers for 65 regions
[14.453s][debug][gc,ergo       ] GC(501) Running G1 Rebuild Free List Task using 10 workers for rebuilding free list of regions
[14.454s][debug][gc,ergo,heap  ] GC(501) Heap expansion: short term pause time ratio 63.43% long term pause time ratio 59.69% threshold 7.69% pause time ratio 7.69% fully expanded true resize by 0B
[14.454s][debug][gc,ergo,refine] GC(501) Concurrent refinement times: Logged Cards Scan time goal: 20.00ms Logged Cards Scan time: 0.03ms HCC time: 0.00ms
[14.454s][trace][gc,ergo,refine] GC(501) Updating Refinement Zones: logged cards scan time: 0.027ms, processed cards: 25, goal time: 20.000ms
[14.454s][debug][gc,ergo,refine] GC(501) Updated Refinement Zones: green: 2560, yellow: 7680, red: 12800
[14.454s][info ][gc,phases     ] GC(501)   Pre Evacuate Collection Set: 0.2ms
[14.454s][info ][gc,phases     ] GC(501)   Merge Heap Roots: 0.2ms
[14.454s][info ][gc,phases     ] GC(501)   Evacuate Collection Set: 10.7ms
[14.454s][info ][gc,phases     ] GC(501)   Post Evacuate Collection Set: 0.8ms
[14.454s][info ][gc,phases     ] GC(501)   Other: 0.2ms
[14.454s][info ][gc,heap       ] GC(501) Eden regions: 53->0(42)
[14.454s][info ][gc,heap       ] GC(501) Survivor regions: 12->9(9)
[14.454s][info ][gc,heap       ] GC(501) Old regions: 747->793
[14.454s][info ][gc,heap       ] GC(501) Archive regions: 0->0
[14.454s][info ][gc,heap       ] GC(501) Humongous regions: 0->0
[14.454s][info ][gc,metaspace  ] GC(501) Metaspace: 6341K(6464K)->6341K(6464K) NonClass: 5794K(5824K)->5794K(5824K) Class: 546K(640K)->546K(640K)
[14.454s][debug][gc,heap       ] GC(501) Heap after GC invocations=502 (full 0):
[14.454s][debug][gc,heap       ] GC(501)  garbage-first heap   total 1048576K, used 820824K [0x00000000c0000000, 0x0000000100000000)
[14.454s][debug][gc,heap       ] GC(501)   region size 1024K, 9 young (9216K), 9 survivors (9216K)
[14.454s][debug][gc,heap       ] GC(501)  Metaspace       used 6341K, committed 6464K, reserved 1114112K
[14.454s][debug][gc,heap       ] GC(501)   class space    used 546K, committed 640K, reserved 1048576K
[14.454s][info ][gc            ] GC(501) Pause Young (Normal) (G1 Evacuation Pause) 811M->801M(1024M) 12.234ms
[14.454s][info ][gc,cpu        ] GC(501) User=0.10s Sys=0.00s Real=0.02s
[14.454s][info ][safepoint     ] Safepoint "G1CollectForAllocation", Time since last: 6226900 ns, Reaching safepoint: 4400 ns, Cleanup: 5100 ns, At safepoint: 12348300 ns, Total: 12357800 ns
[14.460s][debug][gc,heap       ] GC(502) Heap before GC invocations=502 (full 0):
[14.460s][debug][gc,heap       ] GC(502)  garbage-first heap   total 1048576K, used 862808K [0x00000000c0000000, 0x0000000100000000)
[14.460s][debug][gc,heap       ] GC(502)   region size 1024K, 51 young (52224K), 9 survivors (9216K)
[14.460s][debug][gc,heap       ] GC(502)  Metaspace       used 6341K, committed 6464K, reserved 1114112K
[14.460s][debug][gc,heap       ] GC(502)   class space    used 546K, committed 640K, reserved 1048576K
[14.460s][info ][gc,start      ] GC(502) Pause Young (Normal) (G1 Evacuation Pause)
[14.460s][info ][gc,task       ] GC(502) Using 10 workers of 10 for evacuation
[14.460s][trace][gc,ergo,cset  ] GC(502) Start choosing CSet. Pending cards: 38 target pause time: 200.00ms
[14.460s][trace][gc,ergo,cset  ] GC(502) Added young regions to CSet. Eden: 42 regions, Survivors: 9 regions, predicted eden time: 7.78ms, predicted base time: 1.18ms, target pause time: 200.00ms, remaining time: 191.03ms
[14.460s][debug][gc,ergo       ] GC(502) Running G1 Merge Heap Roots using 10 workers for 51 regions
[14.469s][debug][gc,ergo       ] GC(502) Running G1 Rebuild Free List Task using 10 workers for rebuilding free list of regions
[14.469s][debug][gc,ergo,heap  ] GC(502) Heap expansion: short term pause time ratio 65.02% long term pause time ratio 58.87% threshold 7.69% pause time ratio 7.69% fully expanded true resize by 0B
[14.469s][debug][gc,ergo,ihop  ] GC(502) Request concurrent cycle initiation (occupancy higher than threshold) occupancy: 871366656B allocation request: 0B threshold: 859203044B (80.02) source: end of GC
[14.469s][debug][gc,ergo,refine] GC(502) Concurrent refinement times: Logged Cards Scan time goal: 20.00ms Logged Cards Scan time: 0.02ms HCC time: 0.00ms
[14.469s][trace][gc,ergo,refine] GC(502) Updating Refinement Zones: logged cards scan time: 0.020ms, processed cards: 26, goal time: 20.000ms
[14.469s][debug][gc,ergo,refine] GC(502) Updated Refinement Zones: green: 2560, yellow: 7680, red: 12800
[14.469s][info ][gc,phases     ] GC(502)   Pre Evacuate Collection Set: 0.2ms
[14.469s][info ][gc,phases     ] GC(502)   Merge Heap Roots: 0.2ms
[14.469s][info ][gc,phases     ] GC(502)   Evacuate Collection Set: 8.2ms
[14.469s][info ][gc,phases     ] GC(502)   Post Evacuate Collection Set: 0.7ms
[14.469s][info ][gc,phases     ] GC(502)   Other: 0.2ms
[14.469s][info ][gc,heap       ] GC(502) Eden regions: 42->0(44)
[14.469s][info ][gc,heap       ] GC(502) Survivor regions: 9->7(7)
[14.469s][info ][gc,heap       ] GC(502) Old regions: 793->831
[14.469s][info ][gc,heap       ] GC(502) Archive regions: 0->0
[14.469s][info ][gc,heap       ] GC(502) Humongous regions: 0->0
[14.469s][info ][gc,metaspace  ] GC(502) Metaspace: 6341K(6464K)->6341K(6464K) NonClass: 5794K(5824K)->5794K(5824K) Class: 546K(640K)->546K(640K)
[14.469s][debug][gc,heap       ] GC(502) Heap after GC invocations=503 (full 0):
[14.469s][debug][gc,heap       ] GC(502)  garbage-first heap   total 1048576K, used 858088K [0x00000000c0000000, 0x0000000100000000)
[14.469s][debug][gc,heap       ] GC(502)   region size 1024K, 7 young (7168K), 7 survivors (7168K)
[14.469s][debug][gc,heap       ] GC(502)  Metaspace       used 6341K, committed 6464K, reserved 1114112K
[14.469s][debug][gc,heap       ] GC(502)   class space    used 546K, committed 640K, reserved 1048576K
[14.469s][info ][gc            ] GC(502) Pause Young (Normal) (G1 Evacuation Pause) 843M->837M(1024M) 9.582ms
[14.469s][info ][gc,cpu        ] GC(502) User=0.08s Sys=0.00s Real=0.01s
[14.469s][info ][safepoint     ] Safepoint "G1CollectForAllocation", Time since last: 5631201 ns, Reaching safepoint: 5000 ns, Cleanup: 4500 ns, At safepoint: 9713400 ns, Total: 9722900 ns
[14.475s][debug][gc,heap       ] GC(503) Heap before GC invocations=503 (full 0):
[14.475s][debug][gc,heap       ] GC(503)  garbage-first heap   total 1048576K, used 902120K [0x00000000c0000000, 0x0000000100000000)
[14.475s][debug][gc,heap       ] GC(503)   region size 1024K, 51 young (52224K), 7 survivors (7168K)
[14.475s][debug][gc,heap       ] GC(503)  Metaspace       used 6341K, committed 6464K, reserved 1114112K
[14.475s][debug][gc,heap       ] GC(503)   class space    used 546K, committed 640K, reserved 1048576K
[14.475s][debug][gc,ergo       ] GC(503) Initiate concurrent cycle (concurrent cycle initiation requested)
[14.475s][info ][gc,start      ] GC(503) Pause Young (Concurrent Start) (G1 Evacuation Pause)
[14.475s][info ][gc,task       ] GC(503) Using 10 workers of 10 for evacuation
[14.475s][trace][gc,ergo,cset  ] GC(503) Start choosing CSet. Pending cards: 33 target pause time: 200.00ms
[14.475s][trace][gc,ergo,cset  ] GC(503) Added young regions to CSet. Eden: 44 regions, Survivors: 7 regions, predicted eden time: 7.94ms, predicted base time: 1.12ms, target pause time: 200.00ms, remaining time: 190.95ms
[14.475s][debug][gc,ergo       ] GC(503) Running G1 Merge Heap Roots using 10 workers for 51 regions
[14.485s][debug][gc,ergo       ] GC(503) Running G1 Rebuild Free List Task using 10 workers for rebuilding free list of regions
[14.485s][debug][gc,ergo,heap  ] GC(503) Heap expansion: short term pause time ratio 61.32% long term pause time ratio 59.34% threshold 7.69% pause time ratio 7.69% fully expanded true resize by 0B
[14.485s][debug][gc,ergo,refine] GC(503) Concurrent refinement times: Logged Cards Scan time goal: 20.00ms Logged Cards Scan time: 0.05ms HCC time: 0.00ms
[14.485s][trace][gc,ergo,refine] GC(503) Updating Refinement Zones: logged cards scan time: 0.052ms, processed cards: 17, goal time: 19.999ms
[14.485s][debug][gc,ergo,refine] GC(503) Updated Refinement Zones: green: 2560, yellow: 7680, red: 12800
[14.485s][info ][gc,phases     ] GC(503)   Pre Evacuate Collection Set: 0.3ms
[14.485s][info ][gc,phases     ] GC(503)   Merge Heap Roots: 0.2ms
[14.485s][info ][gc,phases     ] GC(503)   Evacuate Collection Set: 9.0ms
[14.485s][info ][gc,phases     ] GC(503)   Post Evacuate Collection Set: 0.7ms
[14.485s][info ][gc,phases     ] GC(503)   Other: 0.4ms
[14.485s][info ][gc,heap       ] GC(503) Eden regions: 44->0(44)
[14.485s][info ][gc,heap       ] GC(503) Survivor regions: 7->7(7)
[14.485s][info ][gc,heap       ] GC(503) Old regions: 831->869
[14.485s][info ][gc,heap       ] GC(503) Archive regions: 0->0
[14.485s][info ][gc,heap       ] GC(503) Humongous regions: 0->0
[14.485s][info ][gc,metaspace  ] GC(503) Metaspace: 6341K(6464K)->6341K(6464K) NonClass: 5794K(5824K)->5794K(5824K) Class: 546K(640K)->546K(640K)
[14.485s][debug][gc,heap       ] GC(503) Heap after GC invocations=504 (full 0):
[14.485s][debug][gc,heap       ] GC(503)  garbage-first heap   total 1048576K, used 896900K [0x00000000c0000000, 0x0000000100000000)
[14.485s][debug][gc,heap       ] GC(503)   region size 1024K, 7 young (7168K), 7 survivors (7168K)
[14.485s][debug][gc,heap       ] GC(503)  Metaspace       used 6341K, committed 6464K, reserved 1114112K
[14.485s][debug][gc,heap       ] GC(503)   class space    used 546K, committed 640K, reserved 1048576K
[14.485s][info ][gc            ] GC(503) Pause Young (Concurrent Start) (G1 Evacuation Pause) 881M->875M(1024M) 10.715ms
[14.485s][info ][gc,cpu        ] GC(503) User=0.08s Sys=0.01s Real=0.01s
[14.485s][info ][safepoint     ] Safepoint "G1CollectForAllocation", Time since last: 5261600 ns, Reaching safepoint: 4800 ns, Cleanup: 4900 ns, At safepoint: 10867500 ns, Total: 10877200 ns
[14.485s][info ][gc            ] GC(504) Concurrent Mark Cycle
[14.485s][info ][gc,marking    ] GC(504) Concurrent Clear Claimed Marks
[14.485s][info ][gc,marking    ] GC(504) Concurrent Clear Claimed Marks 0.011ms
[14.485s][info ][gc,marking    ] GC(504) Concurrent Scan Root Regions
[14.485s][debug][gc,ergo       ] GC(504) Running G1 Root Region Scan using 3 workers for 46 work units.
[14.486s][info ][gc,marking    ] GC(504) Concurrent Scan Root Regions 0.143ms
[14.486s][info ][gc,marking    ] GC(504) Concurrent Mark
[14.486s][info ][gc,marking    ] GC(504) Concurrent Mark From Roots
[14.486s][info ][gc,task       ] GC(504) Using 3 workers of 3 for marking
[14.490s][info ][gc,marking    ] GC(504) Concurrent Mark From Roots 4.285ms
[14.490s][info ][gc,marking    ] GC(504) Concurrent Preclean
[14.490s][info ][gc,marking    ] GC(504) Concurrent Preclean 0.053ms
[14.490s][info ][gc,start      ] GC(504) Pause Remark
[14.491s][debug][gc,ergo       ] GC(504) Running G1 Update RemSet Tracking Before Rebuild using 3 workers for 1024 regions in heap
[14.492s][info ][gc            ] GC(504) Pause Remark 908M->513M(1024M) 1.488ms
[14.492s][info ][gc,cpu        ] GC(504) User=0.01s Sys=0.00s Real=0.00s
[14.492s][info ][safepoint     ] Safepoint "G1PauseRemark", Time since last: 4708801 ns, Reaching safepoint: 92800 ns, Cleanup: 5200 ns, At safepoint: 1533400 ns, Total: 1631400 ns
[14.492s][info ][gc,marking    ] GC(504) Concurrent Mark 6.176ms
[14.492s][info ][gc,marking    ] GC(504) Concurrent Rebuild Remembered Sets
[14.493s][debug][gc,heap       ] GC(505) Heap before GC invocations=504 (full 0):
[14.493s][debug][gc,heap       ] GC(505)  garbage-first heap   total 1048576K, used 536452K [0x00000000c0000000, 0x0000000100000000)
[14.493s][debug][gc,heap       ] GC(505)   region size 1024K, 51 young (52224K), 7 survivors (7168K)
[14.493s][debug][gc,heap       ] GC(505)  Metaspace       used 6341K, committed 6464K, reserved 1114112K
[14.493s][debug][gc,heap       ] GC(505)   class space    used 546K, committed 640K, reserved 1048576K
[14.493s][info ][gc,start      ] GC(505) Pause Young (Normal) (G1 Evacuation Pause)
[14.493s][info ][gc,task       ] GC(505) Using 10 workers of 10 for evacuation
[14.493s][trace][gc,ergo,cset  ] GC(505) Start choosing CSet. Pending cards: 63 target pause time: 200.00ms
[14.493s][trace][gc,ergo,cset  ] GC(505) Added young regions to CSet. Eden: 44 regions, Survivors: 7 regions, predicted eden time: 7.52ms, predicted base time: 1.22ms, target pause time: 200.00ms, remaining time: 191.26ms
[14.494s][debug][gc,ergo       ] GC(505) Running G1 Merge Heap Roots using 10 workers for 51 regions
[14.502s][debug][gc,ergo       ] GC(505) Running G1 Rebuild Free List Task using 10 workers for rebuilding free list of regions
[14.503s][debug][gc,ergo,heap  ] GC(505) Heap expansion: short term pause time ratio 22.61% long term pause time ratio 58.18% threshold 7.69% pause time ratio 7.69% fully expanded true resize by 0B
[14.503s][debug][gc,ergo,refine] GC(505) Concurrent refinement times: Logged Cards Scan time goal: 20.00ms Logged Cards Scan time: 0.02ms HCC time: 0.00ms
[14.503s][trace][gc,ergo,refine] GC(505) Updating Refinement Zones: logged cards scan time: 0.019ms, processed cards: 47, goal time: 20.000ms
[14.503s][debug][gc,ergo,refine] GC(505) Updated Refinement Zones: green: 2560, yellow: 7680, red: 12800
[14.503s][info ][gc,phases     ] GC(505)   Pre Evacuate Collection Set: 0.2ms
[14.503s][info ][gc,phases     ] GC(505)   Merge Heap Roots: 0.2ms
[14.503s][info ][gc,phases     ] GC(505)   Evacuate Collection Set: 8.3ms
[14.503s][info ][gc,phases     ] GC(505)   Post Evacuate Collection Set: 0.5ms
[14.503s][info ][gc,phases     ] GC(505)   Other: 0.1ms
[14.503s][info ][gc,heap       ] GC(505) Eden regions: 44->0(137)
[14.503s][info ][gc,heap       ] GC(505) Survivor regions: 7->7(7)
[14.503s][info ][gc,heap       ] GC(505) Old regions: 474->512
[14.503s][info ][gc,heap       ] GC(505) Archive regions: 0->0
[14.503s][info ][gc,heap       ] GC(505) Humongous regions: 0->0
[14.503s][info ][gc,metaspace  ] GC(505) Metaspace: 6341K(6464K)->6341K(6464K) NonClass: 5794K(5824K)->5794K(5824K) Class: 546K(640K)->546K(640K)
[14.503s][debug][gc,heap       ] GC(505) Heap after GC invocations=505 (full 0):
[14.503s][debug][gc,heap       ] GC(505)  garbage-first heap   total 1048576K, used 530632K [0x00000000c0000000, 0x0000000100000000)
[14.503s][debug][gc,heap       ] GC(505)   region size 1024K, 7 young (7168K), 7 survivors (7168K)
[14.503s][debug][gc,heap       ] GC(505)  Metaspace       used 6341K, committed 6464K, reserved 1114112K
[14.503s][debug][gc,heap       ] GC(505)   class space    used 546K, committed 640K, reserved 1048576K
[14.503s][info ][gc            ] GC(505) Pause Young (Normal) (G1 Evacuation Pause) 524M->518M(1024M) 9.334ms
[14.503s][info ][gc,cpu        ] GC(505) User=0.08s Sys=0.01s Real=0.00s
[14.503s][info ][safepoint     ] Safepoint "G1CollectForAllocation", Time since last: 1466900 ns, Reaching safepoint: 40300 ns, Cleanup: 3200 ns, At safepoint: 9684800 ns, Total: 9728300 ns
[14.505s][info ][gc,marking    ] GC(504) Concurrent Rebuild Remembered Sets 12.743ms
[14.505s][info ][gc,start      ] GC(504) Pause Cleanup
[14.505s][debug][gc,ergo,cset  ] GC(504) Pruned 124 regions out of 412, leaving 53584344 bytes waste (allowed 53687091)
[14.505s][info ][gc            ] GC(504) Pause Cleanup 523M->523M(1024M) 0.553ms
[14.505s][info ][gc,cpu        ] GC(504) User=0.01s Sys=0.00s Real=0.00s
[14.505s][info ][safepoint     ] Safepoint "G1PauseCleanup", Time since last: 1826100 ns, Reaching safepoint: 91600 ns, Cleanup: 6800 ns, At safepoint: 598900 ns, Total: 697300 ns
[14.506s][info ][gc,marking    ] GC(504) Concurrent Cleanup for Next Mark
[14.506s][debug][gc,ergo       ] GC(504) Running G1 Clear Bitmap with 3 workers for 16 work units.
[14.507s][info ][gc,marking    ] GC(504) Concurrent Cleanup for Next Mark 1.756ms
[14.507s][info ][gc            ] GC(504) Concurrent Mark Cycle 22.048ms
[14.518s][debug][gc,heap       ] GC(506) Heap before GC invocations=506 (full 0):
[14.518s][debug][gc,heap       ] GC(506)  garbage-first heap   total 1048576K, used 669896K [0x00000000c0000000, 0x0000000100000000)
[14.518s][debug][gc,heap       ] GC(506)   region size 1024K, 144 young (147456K), 7 survivors (7168K)
[14.518s][debug][gc,heap       ] GC(506)  Metaspace       used 6341K, committed 6464K, reserved 1114112K
[14.518s][debug][gc,heap       ] GC(506)   class space    used 546K, committed 640K, reserved 1048576K
[14.518s][info ][gc,start      ] GC(506) Pause Young (Prepare Mixed) (G1 Evacuation Pause)
[14.518s][info ][gc,task       ] GC(506) Using 10 workers of 10 for evacuation
[14.518s][trace][gc,ergo,cset  ] GC(506) Start choosing CSet. Pending cards: 50 target pause time: 200.00ms
[14.518s][trace][gc,ergo,cset  ] GC(506) Added young regions to CSet. Eden: 137 regions, Survivors: 7 regions, predicted eden time: 23.14ms, predicted base time: 1.20ms, target pause time: 200.00ms, remaining time: 175.66ms
[14.519s][debug][gc,ergo       ] GC(506) Running G1 Merge Heap Roots using 10 workers for 144 regions
[14.540s][debug][gc,ergo       ] GC(506) Running G1 Rebuild Free List Task using 10 workers for rebuilding free list of regions
[14.540s][debug][gc,ergo,heap  ] GC(506) Heap expansion: short term pause time ratio 18.12% long term pause time ratio 57.14% threshold 7.69% pause time ratio 7.69% fully expanded true resize by 0B
[14.540s][debug][gc,ergo,refine] GC(506) Concurrent refinement times: Logged Cards Scan time goal: 20.00ms Logged Cards Scan time: 0.06ms HCC time: 0.00ms
[14.540s][trace][gc,ergo,refine] GC(506) Updating Refinement Zones: logged cards scan time: 0.064ms, processed cards: 29, goal time: 19.999ms
[14.540s][debug][gc,ergo,refine] GC(506) Updated Refinement Zones: green: 2560, yellow: 7680, red: 12800
[14.540s][info ][gc,phases     ] GC(506)   Pre Evacuate Collection Set: 0.3ms
[14.540s][info ][gc,phases     ] GC(506)   Merge Heap Roots: 0.2ms
[14.540s][info ][gc,phases     ] GC(506)   Evacuate Collection Set: 20.4ms
[14.540s][info ][gc,phases     ] GC(506)   Post Evacuate Collection Set: 0.7ms
[14.540s][info ][gc,phases     ] GC(506)   Other: 0.2ms
[14.540s][info ][gc,heap       ] GC(506) Eden regions: 137->0(33)
[14.540s][info ][gc,heap       ] GC(506) Survivor regions: 7->18(18)
[14.540s][info ][gc,heap       ] GC(506) Old regions: 512->595
[14.540s][info ][gc,heap       ] GC(506) Archive regions: 0->0
[14.540s][info ][gc,heap       ] GC(506) Humongous regions: 0->0
[14.540s][info ][gc,metaspace  ] GC(506) Metaspace: 6341K(6464K)->6341K(6464K) NonClass: 5794K(5824K)->5794K(5824K) Class: 546K(640K)->546K(640K)
[14.540s][debug][gc,heap       ] GC(506) Heap after GC invocations=507 (full 0):
[14.540s][debug][gc,heap       ] GC(506)  garbage-first heap   total 1048576K, used 627188K [0x00000000c0000000, 0x0000000100000000)
[14.540s][debug][gc,heap       ] GC(506)   region size 1024K, 18 young (18432K), 18 survivors (18432K)
[14.540s][debug][gc,heap       ] GC(506)  Metaspace       used 6341K, committed 6464K, reserved 1114112K
[14.540s][debug][gc,heap       ] GC(506)   class space    used 546K, committed 640K, reserved 1048576K
[14.540s][info ][gc            ] GC(506) Pause Young (Prepare Mixed) (G1 Evacuation Pause) 655M->612M(1024M) 21.843ms
[14.540s][info ][gc,cpu        ] GC(506) User=0.19s Sys=0.01s Real=0.02s
[14.540s][info ][safepoint     ] Safepoint "G1CollectForAllocation", Time since last: 12540001 ns, Reaching safepoint: 7100 ns, Cleanup: 8000 ns, At safepoint: 21965600 ns, Total: 21980700 ns
[14.544s][debug][gc,heap       ] GC(507) Heap before GC invocations=507 (full 0):
[14.544s][debug][gc,heap       ] GC(507)  garbage-first heap   total 1048576K, used 659956K [0x00000000c0000000, 0x0000000100000000)
[14.544s][debug][gc,heap       ] GC(507)   region size 1024K, 51 young (52224K), 18 survivors (18432K)
[14.544s][debug][gc,heap       ] GC(507)  Metaspace       used 6341K, committed 6464K, reserved 1114112K
[14.544s][debug][gc,heap       ] GC(507)   class space    used 546K, committed 640K, reserved 1048576K
[14.544s][info ][gc,start      ] GC(507) Pause Young (Mixed) (G1 Evacuation Pause)
[14.544s][info ][gc,task       ] GC(507) Using 10 workers of 10 for evacuation
[14.544s][trace][gc,ergo,cset  ] GC(507) Start choosing CSet. Pending cards: 39 target pause time: 200.00ms
[14.544s][trace][gc,ergo,cset  ] GC(507) Added young regions to CSet. Eden: 33 regions, Survivors: 18 regions, predicted eden time: 6.23ms, predicted base time: 1.24ms, target pause time: 200.00ms, remaining time: 192.53ms
[14.544s][debug][gc,ergo,cset  ] GC(507) Start adding old regions to collection set. Min 36 regions, max 103 regions, time remaining 192.53ms, optional threshold 38.51ms
[14.544s][debug][gc,ergo,cset  ] GC(507) Finish adding old regions to collection set (Maximum number of regions). Initial 103 regions, optional 0 regions
[14.544s][debug][gc,ergo,cset  ] GC(507) Finish choosing collection set old regions. Initial: 103, optional: 0, predicted old time: 0.00ms, predicted optional time: 0.00ms, time remaining: 190.36
[14.544s][debug][gc,ergo       ] GC(507) Running G1 Merge Heap Roots using 10 workers for 154 regions
[14.554s][debug][gc,ergo       ] GC(507) Running G1 Rebuild Free List Task using 10 workers for rebuilding free list of regions
[14.555s][debug][gc,ergo,heap  ] GC(507) Heap expansion: short term pause time ratio 62.98% long term pause time ratio 61.73% threshold 7.69% pause time ratio 7.69% fully expanded true resize by 0B
[14.555s][debug][gc,ergo,refine] GC(507) Concurrent refinement times: Logged Cards Scan time goal: 20.00ms Logged Cards Scan time: 0.01ms HCC time: 0.00ms
[14.555s][trace][gc,ergo,refine] GC(507) Updating Refinement Zones: logged cards scan time: 0.015ms, processed cards: 9, goal time: 19.999ms
[14.555s][debug][gc,ergo,refine] GC(507) Updated Refinement Zones: green: 2560, yellow: 7680, red: 12800
[14.555s][info ][gc,phases     ] GC(507)   Pre Evacuate Collection Set: 0.3ms
[14.555s][info ][gc,phases     ] GC(507)   Merge Heap Roots: 0.2ms
[14.555s][info ][gc,phases     ] GC(507)   Evacuate Collection Set: 9.4ms
[14.555s][info ][gc,phases     ] GC(507)   Post Evacuate Collection Set: 1.0ms
[14.555s][info ][gc,phases     ] GC(507)   Other: 0.3ms
[14.555s][info ][gc,heap       ] GC(507) Eden regions: 33->0(44)
[14.555s][info ][gc,heap       ] GC(507) Survivor regions: 18->7(7)
[14.555s][info ][gc,heap       ] GC(507) Old regions: 595->533
[14.555s][info ][gc,heap       ] GC(507) Archive regions: 0->0
[14.555s][info ][gc,heap       ] GC(507) Humongous regions: 0->0
[14.555s][info ][gc,metaspace  ] GC(507) Metaspace: 6341K(6464K)->6341K(6464K) NonClass: 5794K(5824K)->5794K(5824K) Class: 546K(640K)->546K(640K)
[14.555s][debug][gc,heap       ] GC(507) Heap after GC invocations=508 (full 0):
[14.555s][debug][gc,heap       ] GC(507)  garbage-first heap   total 1048576K, used 552636K [0x00000000c0000000, 0x0000000100000000)
[14.555s][debug][gc,heap       ] GC(507)   region size 1024K, 7 young (7168K), 7 survivors (7168K)
[14.555s][debug][gc,heap       ] GC(507)  Metaspace       used 6341K, committed 6464K, reserved 1114112K
[14.555s][debug][gc,heap       ] GC(507)   class space    used 546K, committed 640K, reserved 1048576K
[14.555s][info ][gc            ] GC(507) Pause Young (Mixed) (G1 Evacuation Pause) 645M->539M(1024M) 11.132ms
[14.555s][info ][gc,cpu        ] GC(507) User=0.08s Sys=0.01s Real=0.01s
[14.555s][info ][safepoint     ] Safepoint "G1CollectForAllocation", Time since last: 3666001 ns, Reaching safepoint: 6400 ns, Cleanup: 9300 ns, At safepoint: 11268800 ns, Total: 11284500 ns
[14.561s][debug][gc,heap       ] GC(508) Heap before GC invocations=508 (full 0):
[14.561s][debug][gc,heap       ] GC(508)  garbage-first heap   total 1048576K, used 596668K [0x00000000c0000000, 0x0000000100000000)
[14.562s][debug][gc,heap       ] GC(508)   region size 1024K, 51 young (52224K), 7 survivors (7168K)
[14.562s][debug][gc,heap       ] GC(508)  Metaspace       used 6341K, committed 6464K, reserved 1114112K
[14.562s][debug][gc,heap       ] GC(508)   class space    used 546K, committed 640K, reserved 1048576K
[14.562s][info ][gc,start      ] GC(508) Pause Young (Mixed) (G1 Evacuation Pause)
[14.562s][info ][gc,task       ] GC(508) Using 10 workers of 10 for evacuation
[14.562s][trace][gc,ergo,cset  ] GC(508) Start choosing CSet. Pending cards: 66 target pause time: 200.00ms
[14.562s][trace][gc,ergo,cset  ] GC(508) Added young regions to CSet. Eden: 44 regions, Survivors: 7 regions, predicted eden time: 7.91ms, predicted base time: 1.44ms, target pause time: 200.00ms, remaining time: 190.64ms
[14.562s][debug][gc,ergo,cset  ] GC(508) Start adding old regions to collection set. Min 36 regions, max 103 regions, time remaining 190.64ms, optional threshold 38.13ms
[14.562s][debug][gc,ergo,cset  ] GC(508) Finish adding old regions to collection set (Maximum number of regions). Initial 103 regions, optional 0 regions
[14.562s][debug][gc,ergo,cset  ] GC(508) Finish choosing collection set old regions. Initial: 103, optional: 0, predicted old time: 0.00ms, predicted optional time: 0.00ms, time remaining: 186.46
[14.562s][debug][gc,ergo       ] GC(508) Running G1 Merge Heap Roots using 10 workers for 154 regions
[14.575s][debug][gc,ergo       ] GC(508) Running G1 Rebuild Free List Task using 10 workers for rebuilding free list of regions
[14.576s][debug][gc,ergo,heap  ] GC(508) Heap expansion: short term pause time ratio 73.43% long term pause time ratio 62.39% threshold 7.69% pause time ratio 7.69% fully expanded true resize by 0B
[14.576s][debug][gc,ergo,refine] GC(508) Concurrent refinement times: Logged Cards Scan time goal: 20.00ms Logged Cards Scan time: 0.03ms HCC time: 0.00ms
[14.576s][trace][gc,ergo,refine] GC(508) Updating Refinement Zones: logged cards scan time: 0.035ms, processed cards: 33, goal time: 19.999ms
[14.576s][debug][gc,ergo,refine] GC(508) Updated Refinement Zones: green: 2560, yellow: 7680, red: 12800
[14.576s][info ][gc,phases     ] GC(508)   Pre Evacuate Collection Set: 0.6ms
[14.576s][info ][gc,phases     ] GC(508)   Merge Heap Roots: 0.3ms
[14.576s][info ][gc,phases     ] GC(508)   Evacuate Collection Set: 12.1ms
[14.576s][info ][gc,phases     ] GC(508)   Post Evacuate Collection Set: 0.9ms
[14.576s][info ][gc,phases     ] GC(508)   Other: 0.2ms
[14.576s][info ][gc,heap       ] GC(508) Eden regions: 44->0(44)
[14.576s][info ][gc,heap       ] GC(508) Survivor regions: 7->7(7)
[14.576s][info ][gc,heap       ] GC(508) Old regions: 533->474
[14.576s][info ][gc,heap       ] GC(508) Archive regions: 0->0
[14.576s][info ][gc,heap       ] GC(508) Humongous regions: 0->0
[14.576s][info ][gc,metaspace  ] GC(508) Metaspace: 6341K(6464K)->6341K(6464K) NonClass: 5794K(5824K)->5794K(5824K) Class: 546K(640K)->546K(640K)
[14.576s][debug][gc,heap       ] GC(508) Heap after GC invocations=509 (full 0):
[14.576s][debug][gc,heap       ] GC(508)  garbage-first heap   total 1048576K, used 491920K [0x00000000c0000000, 0x0000000100000000)
[14.576s][debug][gc,heap       ] GC(508)   region size 1024K, 7 young (7168K), 7 survivors (7168K)
[14.576s][debug][gc,heap       ] GC(508)  Metaspace       used 6341K, committed 6464K, reserved 1114112K
[14.576s][debug][gc,heap       ] GC(508)   class space    used 546K, committed 640K, reserved 1048576K
[14.576s][info ][gc            ] GC(508) Pause Young (Mixed) (G1 Evacuation Pause) 583M->480M(1024M) 14.202ms
[14.576s][info ][gc,cpu        ] GC(508) User=0.12s Sys=0.00s Real=0.02s
[14.576s][info ][safepoint     ] Safepoint "G1CollectForAllocation", Time since last: 6481100 ns, Reaching safepoint: 5900 ns, Cleanup: 5800 ns, At safepoint: 14328901 ns, Total: 14340601 ns
[14.580s][debug][gc,heap       ] GC(509) Heap before GC invocations=509 (full 0):
[14.580s][debug][gc,heap       ] GC(509)  garbage-first heap   total 1048576K, used 535952K [0x00000000c0000000, 0x0000000100000000)
[14.580s][debug][gc,heap       ] GC(509)   region size 1024K, 51 young (52224K), 7 survivors (7168K)
[14.580s][debug][gc,heap       ] GC(509)  Metaspace       used 6341K, committed 6464K, reserved 1114112K
[14.580s][debug][gc,heap       ] GC(509)   class space    used 546K, committed 640K, reserved 1048576K
[14.580s][info ][gc,start      ] GC(509) Pause Young (Mixed) (G1 Evacuation Pause)
[14.580s][info ][gc,task       ] GC(509) Using 10 workers of 10 for evacuation
[14.580s][trace][gc,ergo,cset  ] GC(509) Start choosing CSet. Pending cards: 75 target pause time: 200.00ms
[14.581s][trace][gc,ergo,cset  ] GC(509) Added young regions to CSet. Eden: 44 regions, Survivors: 7 regions, predicted eden time: 8.61ms, predicted base time: 1.63ms, target pause time: 200.00ms, remaining time: 189.75ms
[14.581s][debug][gc,ergo,cset  ] GC(509) Start adding old regions to collection set. Min 36 regions, max 103 regions, time remaining 189.75ms, optional threshold 37.95ms
[14.581s][debug][gc,ergo,cset  ] GC(509) Old candidate collection set empty.
[14.581s][debug][gc,ergo,cset  ] GC(509) Finish choosing collection set old regions. Initial: 82, optional: 0, predicted old time: 0.00ms, predicted optional time: 0.00ms, time remaining: 183.51
[14.581s][debug][gc,ergo       ] GC(509) Running G1 Merge Heap Roots using 10 workers for 133 regions
[14.591s][debug][gc,ergo       ] GC(509) Running G1 Rebuild Free List Task using 10 workers for rebuilding free list of regions
[14.592s][debug][gc,ergo,heap  ] GC(509) Heap expansion: short term pause time ratio 67.29% long term pause time ratio 63.92% threshold 7.69% pause time ratio 7.69% fully expanded true resize by 0B
[14.592s][debug][gc,ergo       ] GC(509) do not continue mixed GCs (candidate old regions not available)
[14.592s][debug][gc,ergo,refine] GC(509) Concurrent refinement times: Logged Cards Scan time goal: 20.00ms Logged Cards Scan time: 0.02ms HCC time: 0.00ms
[14.592s][trace][gc,ergo,refine] GC(509) Updating Refinement Zones: logged cards scan time: 0.016ms, processed cards: 50, goal time: 19.999ms
[14.592s][debug][gc,ergo,refine] GC(509) Updated Refinement Zones: green: 2560, yellow: 7680, red: 12800
[14.592s][info ][gc,phases     ] GC(509)   Pre Evacuate Collection Set: 0.3ms
[14.592s][info ][gc,phases     ] GC(509)   Merge Heap Roots: 0.2ms
[14.592s][info ][gc,phases     ] GC(509)   Evacuate Collection Set: 9.9ms
[14.592s][info ][gc,phases     ] GC(509)   Post Evacuate Collection Set: 0.7ms
[14.592s][info ][gc,phases     ] GC(509)   Other: 0.2ms
[14.592s][info ][gc,heap       ] GC(509) Eden regions: 44->0(169)
[14.592s][info ][gc,heap       ] GC(509) Survivor regions: 7->7(7)
[14.592s][info ][gc,heap       ] GC(509) Old regions: 474->436
[14.592s][info ][gc,heap       ] GC(509) Archive regions: 0->0
[14.592s][info ][gc,heap       ] GC(509) Humongous regions: 0->0
[14.592s][info ][gc,metaspace  ] GC(509) Metaspace: 6341K(6464K)->6341K(6464K) NonClass: 5794K(5824K)->5794K(5824K) Class: 546K(640K)->546K(640K)
[14.592s][debug][gc,heap       ] GC(509) Heap after GC invocations=510 (full 0):
[14.592s][debug][gc,heap       ] GC(509)  garbage-first heap   total 1048576K, used 453608K [0x00000000c0000000, 0x0000000100000000)
[14.592s][debug][gc,heap       ] GC(509)   region size 1024K, 7 young (7168K), 7 survivors (7168K)
[14.592s][debug][gc,heap       ] GC(509)  Metaspace       used 6341K, committed 6464K, reserved 1114112K
[14.592s][debug][gc,heap       ] GC(509)   class space    used 546K, committed 640K, reserved 1048576K
[14.592s][info ][gc            ] GC(509) Pause Young (Mixed) (G1 Evacuation Pause) 524M->442M(1024M) 11.196ms
[14.592s][info ][gc,cpu        ] GC(509) User=0.09s Sys=0.01s Real=0.01s
[14.592s][info ][safepoint     ] Safepoint "G1CollectForAllocation", Time since last: 4599000 ns, Reaching safepoint: 6800 ns, Cleanup: 6100 ns, At safepoint: 11306400 ns, Total: 11319300 ns
[14.613s][debug][gc,heap       ] GC(510) Heap before GC invocations=510 (full 0):
[14.613s][debug][gc,heap       ] GC(510)  garbage-first heap   total 1048576K, used 625640K [0x00000000c0000000, 0x0000000100000000)
[14.613s][debug][gc,heap       ] GC(510)   region size 1024K, 176 young (180224K), 7 survivors (7168K)
[14.613s][debug][gc,heap       ] GC(510)  Metaspace       used 6341K, committed 6464K, reserved 1114112K
[14.613s][debug][gc,heap       ] GC(510)   class space    used 546K, committed 640K, reserved 1048576K
[14.613s][info ][gc,start      ] GC(510) Pause Young (Normal) (G1 Evacuation Pause)
[14.613s][info ][gc,task       ] GC(510) Using 10 workers of 10 for evacuation
[14.613s][trace][gc,ergo,cset  ] GC(510) Start choosing CSet. Pending cards: 28 target pause time: 200.00ms
[14.613s][trace][gc,ergo,cset  ] GC(510) Added young regions to CSet. Eden: 169 regions, Survivors: 7 regions, predicted eden time: 28.51ms, predicted base time: 1.39ms, target pause time: 200.00ms, remaining time: 170.10ms
[14.614s][debug][gc,ergo       ] GC(510) Running G1 Merge Heap Roots using 10 workers for 176 regions
[14.637s][debug][gc,ergo       ] GC(510) Running G1 Rebuild Free List Task using 10 workers for rebuilding free list of regions
[14.637s][debug][gc,ergo,heap  ] GC(510) Heap expansion: short term pause time ratio 69.19% long term pause time ratio 64.54% threshold 7.69% pause time ratio 7.69% fully expanded true resize by 0B
[14.637s][debug][gc,ergo,refine] GC(510) Concurrent refinement times: Logged Cards Scan time goal: 20.00ms Logged Cards Scan time: 0.03ms HCC time: 0.00ms
[14.637s][trace][gc,ergo,refine] GC(510) Updating Refinement Zones: logged cards scan time: 0.035ms, processed cards: 12, goal time: 19.999ms
[14.637s][debug][gc,ergo,refine] GC(510) Updated Refinement Zones: green: 2560, yellow: 7680, red: 12800
[14.637s][info ][gc,phases     ] GC(510)   Pre Evacuate Collection Set: 0.2ms
[14.637s][info ][gc,phases     ] GC(510)   Merge Heap Roots: 0.2ms
[14.637s][info ][gc,phases     ] GC(510)   Evacuate Collection Set: 22.8ms
[14.637s][info ][gc,phases     ] GC(510)   Post Evacuate Collection Set: 0.6ms
[14.637s][info ][gc,phases     ] GC(510)   Other: 0.2ms
[14.637s][info ][gc,heap       ] GC(510) Eden regions: 169->0(128)
[14.637s][info ][gc,heap       ] GC(510) Survivor regions: 7->22(22)
[14.637s][info ][gc,heap       ] GC(510) Old regions: 436->534
[14.637s][info ][gc,heap       ] GC(510) Archive regions: 0->0
[14.637s][info ][gc,heap       ] GC(510) Humongous regions: 0->0
[14.637s][info ][gc,metaspace  ] GC(510) Metaspace: 6341K(6464K)->6341K(6464K) NonClass: 5794K(5824K)->5794K(5824K) Class: 546K(640K)->546K(640K)
[14.637s][debug][gc,heap       ] GC(510) Heap after GC invocations=511 (full 0):
[14.637s][debug][gc,heap       ] GC(510)  garbage-first heap   total 1048576K, used 568520K [0x00000000c0000000, 0x0000000100000000)
[14.637s][debug][gc,heap       ] GC(510)   region size 1024K, 22 young (22528K), 22 survivors (22528K)
[14.637s][debug][gc,heap       ] GC(510)  Metaspace       used 6341K, committed 6464K, reserved 1114112K
[14.637s][debug][gc,heap       ] GC(510)   class space    used 546K, committed 640K, reserved 1048576K
[14.637s][info ][gc            ] GC(510) Pause Young (Normal) (G1 Evacuation Pause) 611M->555M(1024M) 24.031ms
[14.637s][info ][gc,cpu        ] GC(510) User=0.22s Sys=0.00s Real=0.02s
[14.637s][info ][safepoint     ] Safepoint "G1CollectForAllocation", Time since last: 21427901 ns, Reaching safepoint: 6200 ns, Cleanup: 5600 ns, At safepoint: 24175001 ns, Total: 24186801 ns
[14.647s][debug][gc,heap       ] GC(511) Heap before GC invocations=511 (full 0):
[14.647s][debug][gc,heap       ] GC(511)  garbage-first heap   total 1048576K, used 698568K [0x00000000c0000000, 0x0000000100000000)
[14.647s][debug][gc,heap       ] GC(511)   region size 1024K, 150 young (153600K), 22 survivors (22528K)
[14.647s][debug][gc,heap       ] GC(511)  Metaspace       used 6341K, committed 6464K, reserved 1114112K
[14.647s][debug][gc,heap       ] GC(511)   class space    used 546K, committed 640K, reserved 1048576K
[14.647s][info ][gc,start      ] GC(511) Pause Young (Normal) (G1 Evacuation Pause)
[14.647s][info ][gc,task       ] GC(511) Using 10 workers of 10 for evacuation
[14.647s][trace][gc,ergo,cset  ] GC(511) Start choosing CSet. Pending cards: 41 target pause time: 200.00ms
[14.647s][trace][gc,ergo,cset  ] GC(511) Added young regions to CSet. Eden: 128 regions, Survivors: 22 regions, predicted eden time: 21.55ms, predicted base time: 1.32ms, target pause time: 200.00ms, remaining time: 177.13ms
[14.647s][debug][gc,ergo       ] GC(511) Running G1 Merge Heap Roots using 10 workers for 150 regions
[14.670s][debug][gc,ergo       ] GC(511) Running G1 Rebuild Free List Task using 10 workers for rebuilding free list of regions
[14.670s][debug][gc,ergo,heap  ] GC(511) Heap expansion: short term pause time ratio 52.37% long term pause time ratio 61.46% threshold 7.69% pause time ratio 7.69% fully expanded true resize by 0B
[14.670s][debug][gc,ergo,refine] GC(511) Concurrent refinement times: Logged Cards Scan time goal: 20.00ms Logged Cards Scan time: 0.05ms HCC time: 0.00ms
[14.670s][trace][gc,ergo,refine] GC(511) Updating Refinement Zones: logged cards scan time: 0.051ms, processed cards: 24, goal time: 20.000ms
[14.670s][debug][gc,ergo,refine] GC(511) Updated Refinement Zones: green: 2560, yellow: 7680, red: 12800
[14.670s][info ][gc,phases     ] GC(511)   Pre Evacuate Collection Set: 0.2ms
[14.670s][info ][gc,phases     ] GC(511)   Merge Heap Roots: 0.2ms
[14.670s][info ][gc,phases     ] GC(511)   Evacuate Collection Set: 22.3ms
[14.670s][info ][gc,phases     ] GC(511)   Post Evacuate Collection Set: 0.7ms
[14.670s][info ][gc,phases     ] GC(511)   Other: 0.2ms
[14.671s][info ][gc,heap       ] GC(511) Eden regions: 128->0(96)
[14.671s][info ][gc,heap       ] GC(511) Survivor regions: 22->19(19)
[14.671s][info ][gc,heap       ] GC(511) Old regions: 534->623
[14.671s][info ][gc,heap       ] GC(511) Archive regions: 0->0
[14.671s][info ][gc,heap       ] GC(511) Humongous regions: 0->0
[14.671s][info ][gc,metaspace  ] GC(511) Metaspace: 6341K(6464K)->6341K(6464K) NonClass: 5794K(5824K)->5794K(5824K) Class: 546K(640K)->546K(640K)
[14.671s][debug][gc,heap       ] GC(511) Heap after GC invocations=512 (full 0):
[14.671s][debug][gc,heap       ] GC(511)  garbage-first heap   total 1048576K, used 656584K [0x00000000c0000000, 0x0000000100000000)
[14.671s][debug][gc,heap       ] GC(511)   region size 1024K, 19 young (19456K), 19 survivors (19456K)
[14.671s][debug][gc,heap       ] GC(511)  Metaspace       used 6341K, committed 6464K, reserved 1114112K
[14.671s][debug][gc,heap       ] GC(511)   class space    used 546K, committed 640K, reserved 1048576K
[14.671s][info ][gc            ] GC(511) Pause Young (Normal) (G1 Evacuation Pause) 683M->641M(1024M) 23.583ms
[14.671s][info ][gc,cpu        ] GC(511) User=0.22s Sys=0.00s Real=0.02s
[14.671s][info ][safepoint     ] Safepoint "G1CollectForAllocation", Time since last: 9589800 ns, Reaching safepoint: 4600 ns, Cleanup: 4600 ns, At safepoint: 23715901 ns, Total: 23725101 ns
[14.682s][debug][gc,heap       ] GC(512) Heap before GC invocations=512 (full 0):
[14.682s][debug][gc,heap       ] GC(512)  garbage-first heap   total 1048576K, used 753864K [0x00000000c0000000, 0x0000000100000000)
[14.682s][debug][gc,heap       ] GC(512)   region size 1024K, 115 young (117760K), 19 survivors (19456K)
[14.682s][debug][gc,heap       ] GC(512)  Metaspace       used 6341K, committed 6464K, reserved 1114112K
[14.682s][debug][gc,heap       ] GC(512)   class space    used 546K, committed 640K, reserved 1048576K
[14.682s][info ][gc,start      ] GC(512) Pause Young (Normal) (G1 Evacuation Pause)
[14.682s][info ][gc,task       ] GC(512) Using 10 workers of 10 for evacuation
[14.682s][trace][gc,ergo,cset  ] GC(512) Start choosing CSet. Pending cards: 32 target pause time: 200.00ms
[14.682s][trace][gc,ergo,cset  ] GC(512) Added young regions to CSet. Eden: 96 regions, Survivors: 19 regions, predicted eden time: 16.82ms, predicted base time: 1.22ms, target pause time: 200.00ms, remaining time: 181.96ms
[14.682s][debug][gc,ergo       ] GC(512) Running G1 Merge Heap Roots using 10 workers for 115 regions
[14.700s][debug][gc,ergo       ] GC(512) Running G1 Rebuild Free List Task using 10 workers for rebuilding free list of regions
[14.700s][debug][gc,ergo,heap  ] GC(512) Heap expansion: short term pause time ratio 70.41% long term pause time ratio 62.95% threshold 7.69% pause time ratio 7.69% fully expanded true resize by 0B
[14.700s][debug][gc,ergo,refine] GC(512) Concurrent refinement times: Logged Cards Scan time goal: 20.00ms Logged Cards Scan time: 0.03ms HCC time: 0.00ms
[14.700s][trace][gc,ergo,refine] GC(512) Updating Refinement Zones: logged cards scan time: 0.030ms, processed cards: 15, goal time: 20.000ms
[14.700s][debug][gc,ergo,refine] GC(512) Updated Refinement Zones: green: 2560, yellow: 7680, red: 12800
[14.700s][info ][gc,phases     ] GC(512)   Pre Evacuate Collection Set: 0.3ms
[14.700s][info ][gc,phases     ] GC(512)   Merge Heap Roots: 0.2ms
[14.700s][info ][gc,phases     ] GC(512)   Evacuate Collection Set: 17.0ms
[14.700s][info ][gc,phases     ] GC(512)   Post Evacuate Collection Set: 1.0ms
[14.700s][info ][gc,phases     ] GC(512)   Other: 0.4ms
[14.700s][info ][gc,heap       ] GC(512) Eden regions: 96->0(71)
[14.700s][info ][gc,heap       ] GC(512) Survivor regions: 19->15(15)
[14.700s][info ][gc,heap       ] GC(512) Old regions: 623->696
[14.700s][info ][gc,heap       ] GC(512) Archive regions: 0->0
[14.700s][info ][gc,heap       ] GC(512) Humongous regions: 0->0
[14.700s][info ][gc,metaspace  ] GC(512) Metaspace: 6341K(6464K)->6341K(6464K) NonClass: 5794K(5824K)->5794K(5824K) Class: 546K(640K)->546K(640K)
[14.700s][debug][gc,heap       ] GC(512) Heap after GC invocations=513 (full 0):
[14.700s][debug][gc,heap       ] GC(512)  garbage-first heap   total 1048576K, used 727540K [0x00000000c0000000, 0x0000000100000000)
[14.700s][debug][gc,heap       ] GC(512)   region size 1024K, 15 young (15360K), 15 survivors (15360K)
[14.700s][debug][gc,heap       ] GC(512)  Metaspace       used 6341K, committed 6464K, reserved 1114112K
[14.700s][debug][gc,heap       ] GC(512)   class space    used 546K, committed 640K, reserved 1048576K
[14.700s][info ][gc            ] GC(512) Pause Young (Normal) (G1 Evacuation Pause) 737M->710M(1024M) 18.794ms
[14.701s][info ][gc,cpu        ] GC(512) User=0.17s Sys=0.00s Real=0.02s
[14.701s][info ][safepoint     ] Safepoint "G1CollectForAllocation", Time since last: 10915201 ns, Reaching safepoint: 7600 ns, Cleanup: 7000 ns, At safepoint: 18999600 ns, Total: 19014200 ns
[14.712s][debug][gc,heap       ] GC(513) Heap before GC invocations=513 (full 0):
[14.712s][debug][gc,heap       ] GC(513)  garbage-first heap   total 1048576K, used 799220K [0x00000000c0000000, 0x0000000100000000)
[14.712s][debug][gc,heap       ] GC(513)   region size 1024K, 86 young (88064K), 15 survivors (15360K)
[14.712s][debug][gc,heap       ] GC(513)  Metaspace       used 6341K, committed 6464K, reserved 1114112K
[14.712s][debug][gc,heap       ] GC(513)   class space    used 546K, committed 640K, reserved 1048576K
[14.712s][info ][gc,start      ] GC(513) Pause Young (Normal) (G1 Evacuation Pause)
[14.712s][info ][gc,task       ] GC(513) Using 10 workers of 10 for evacuation
[14.712s][trace][gc,ergo,cset  ] GC(513) Start choosing CSet. Pending cards: 40 target pause time: 200.00ms
[14.712s][trace][gc,ergo,cset  ] GC(513) Added young regions to CSet. Eden: 71 regions, Survivors: 15 regions, predicted eden time: 12.68ms, predicted base time: 1.21ms, target pause time: 200.00ms, remaining time: 186.11ms
[14.712s][debug][gc,ergo       ] GC(513) Running G1 Merge Heap Roots using 10 workers for 86 regions
[14.727s][debug][gc,ergo       ] GC(513) Running G1 Rebuild Free List Task using 10 workers for rebuilding free list of regions
[14.727s][debug][gc,ergo,heap  ] GC(513) Heap expansion: short term pause time ratio 62.09% long term pause time ratio 62.65% threshold 7.69% pause time ratio 7.69% fully expanded true resize by 0B
[14.727s][debug][gc,ergo,refine] GC(513) Concurrent refinement times: Logged Cards Scan time goal: 20.00ms Logged Cards Scan time: 0.03ms HCC time: 0.00ms
[14.727s][trace][gc,ergo,refine] GC(513) Updating Refinement Zones: logged cards scan time: 0.031ms, processed cards: 23, goal time: 19.999ms
[14.727s][debug][gc,ergo,refine] GC(513) Updated Refinement Zones: green: 2560, yellow: 7680, red: 12800
[14.727s][info ][gc,phases     ] GC(513)   Pre Evacuate Collection Set: 0.4ms
[14.728s][info ][gc,phases     ] GC(513)   Merge Heap Roots: 0.2ms
[14.728s][info ][gc,phases     ] GC(513)   Evacuate Collection Set: 13.9ms
[14.728s][info ][gc,phases     ] GC(513)   Post Evacuate Collection Set: 0.9ms
[14.728s][info ][gc,phases     ] GC(513)   Other: 0.5ms
[14.728s][info ][gc,heap       ] GC(513) Eden regions: 71->0(51)
[14.728s][info ][gc,heap       ] GC(513) Survivor regions: 15->11(11)
[14.728s][info ][gc,heap       ] GC(513) Old regions: 696->754
[14.728s][info ][gc,heap       ] GC(513) Archive regions: 0->0
[14.728s][info ][gc,heap       ] GC(513) Humongous regions: 0->0
[14.728s][info ][gc,metaspace  ] GC(513) Metaspace: 6341K(6464K)->6341K(6464K) NonClass: 5794K(5824K)->5794K(5824K) Class: 546K(640K)->546K(640K)
[14.728s][debug][gc,heap       ] GC(513) Heap after GC invocations=514 (full 0):
[14.728s][debug][gc,heap       ] GC(513)  garbage-first heap   total 1048576K, used 783336K [0x00000000c0000000, 0x0000000100000000)
[14.728s][debug][gc,heap       ] GC(513)   region size 1024K, 11 young (11264K), 11 survivors (11264K)
[14.728s][debug][gc,heap       ] GC(513)  Metaspace       used 6341K, committed 6464K, reserved 1114112K
[14.728s][debug][gc,heap       ] GC(513)   class space    used 546K, committed 640K, reserved 1048576K
[14.728s][info ][gc            ] GC(513) Pause Young (Normal) (G1 Evacuation Pause) 781M->764M(1024M) 15.813ms
[14.728s][info ][gc,cpu        ] GC(513) User=0.14s Sys=0.00s Real=0.02s
[14.728s][info ][safepoint     ] Safepoint "G1CollectForAllocation", Time since last: 11084401 ns, Reaching safepoint: 15800 ns, Cleanup: 15700 ns, At safepoint: 16099800 ns, Total: 16131300 ns
[14.737s][debug][gc,heap       ] GC(514) Heap before GC invocations=514 (full 0):
[14.737s][debug][gc,heap       ] GC(514)  garbage-first heap   total 1048576K, used 834536K [0x00000000c0000000, 0x0000000100000000)
[14.737s][debug][gc,heap       ] GC(514)   region size 1024K, 62 young (63488K), 11 survivors (11264K)
[14.737s][debug][gc,heap       ] GC(514)  Metaspace       used 6341K, committed 6464K, reserved 1114112K
[14.737s][debug][gc,heap       ] GC(514)   class space    used 546K, committed 640K, reserved 1048576K
[14.737s][info ][gc,start      ] GC(514) Pause Young (Normal) (G1 Evacuation Pause)
[14.737s][info ][gc,task       ] GC(514) Using 10 workers of 10 for evacuation
[14.737s][trace][gc,ergo,cset  ] GC(514) Start choosing CSet. Pending cards: 33 target pause time: 200.00ms
[14.737s][trace][gc,ergo,cset  ] GC(514) Added young regions to CSet. Eden: 51 regions, Survivors: 11 regions, predicted eden time: 9.39ms, predicted base time: 1.24ms, target pause time: 200.00ms, remaining time: 189.37ms
[14.738s][debug][gc,ergo       ] GC(514) Running G1 Merge Heap Roots using 10 workers for 62 regions
[14.749s][debug][gc,ergo       ] GC(514) Running G1 Rebuild Free List Task using 10 workers for rebuilding free list of regions
[14.749s][debug][gc,ergo,heap  ] GC(514) Heap expansion: short term pause time ratio 56.77% long term pause time ratio 63.07% threshold 7.69% pause time ratio 7.69% fully expanded true resize by 0B
[14.749s][debug][gc,ergo,refine] GC(514) Concurrent refinement times: Logged Cards Scan time goal: 20.00ms Logged Cards Scan time: 0.04ms HCC time: 0.00ms
[14.749s][trace][gc,ergo,refine] GC(514) Updating Refinement Zones: logged cards scan time: 0.040ms, processed cards: 16, goal time: 19.997ms
[14.749s][debug][gc,ergo,refine] GC(514) Updated Refinement Zones: green: 2560, yellow: 7680, red: 12800
[14.749s][info ][gc,phases     ] GC(514)   Pre Evacuate Collection Set: 0.5ms
[14.749s][info ][gc,phases     ] GC(514)   Merge Heap Roots: 0.5ms
[14.749s][info ][gc,phases     ] GC(514)   Evacuate Collection Set: 9.7ms
[14.749s][info ][gc,phases     ] GC(514)   Post Evacuate Collection Set: 0.8ms
[14.749s][info ][gc,phases     ] GC(514)   Other: 0.3ms
[14.749s][info ][gc,heap       ] GC(514) Eden regions: 51->0(43)
[14.749s][info ][gc,heap       ] GC(514) Survivor regions: 11->8(8)
[14.749s][info ][gc,heap       ] GC(514) Old regions: 754->800
[14.749s][info ][gc,heap       ] GC(514) Archive regions: 0->0
[14.749s][info ][gc,heap       ] GC(514) Humongous regions: 0->0
[14.749s][info ][gc,metaspace  ] GC(514) Metaspace: 6341K(6464K)->6341K(6464K) NonClass: 5794K(5824K)->5794K(5824K) Class: 546K(640K)->546K(640K)
[14.749s][debug][gc,heap       ] GC(514) Heap after GC invocations=515 (full 0):
[14.749s][debug][gc,heap       ] GC(514)  garbage-first heap   total 1048576K, used 826668K [0x00000000c0000000, 0x0000000100000000)
[14.749s][debug][gc,heap       ] GC(514)   region size 1024K, 8 young (8192K), 8 survivors (8192K)
[14.749s][debug][gc,heap       ] GC(514)  Metaspace       used 6341K, committed 6464K, reserved 1114112K
[14.749s][debug][gc,heap       ] GC(514)   class space    used 546K, committed 640K, reserved 1048576K
[14.749s][info ][gc            ] GC(514) Pause Young (Normal) (G1 Evacuation Pause) 815M->807M(1024M) 11.797ms
[14.749s][info ][gc,cpu        ] GC(514) User=0.10s Sys=0.00s Real=0.01s
[14.749s][info ][safepoint     ] Safepoint "G1CollectForAllocation", Time since last: 9430501 ns, Reaching safepoint: 11400 ns, Cleanup: 10800 ns, At safepoint: 11982800 ns, Total: 12005000 ns
[14.759s][debug][gc,heap       ] GC(515) Heap before GC invocations=515 (full 0):
[14.759s][debug][gc,heap       ] GC(515)  garbage-first heap   total 1048576K, used 869676K [0x00000000c0000000, 0x0000000100000000)
[14.759s][debug][gc,heap       ] GC(515)   region size 1024K, 51 young (52224K), 8 survivors (8192K)
[14.759s][debug][gc,heap       ] GC(515)  Metaspace       used 6341K, committed 6464K, reserved 1114112K
[14.759s][debug][gc,heap       ] GC(515)   class space    used 546K, committed 640K, reserved 1048576K
[14.759s][info ][gc,start      ] GC(515) Pause Young (Normal) (G1 Evacuation Pause)
[14.759s][info ][gc,task       ] GC(515) Using 10 workers of 10 for evacuation
[14.759s][trace][gc,ergo,cset  ] GC(515) Start choosing CSet. Pending cards: 34 target pause time: 200.00ms
[14.759s][trace][gc,ergo,cset  ] GC(515) Added young regions to CSet. Eden: 43 regions, Survivors: 8 regions, predicted eden time: 7.88ms, predicted base time: 1.44ms, target pause time: 200.00ms, remaining time: 190.68ms
[14.760s][debug][gc,ergo       ] GC(515) Running G1 Merge Heap Roots using 10 workers for 51 regions
[14.768s][debug][gc,ergo       ] GC(515) Running G1 Rebuild Free List Task using 10 workers for rebuilding free list of regions
[14.769s][debug][gc,ergo,heap  ] GC(515) Heap expansion: short term pause time ratio 53.59% long term pause time ratio 61.28% threshold 7.69% pause time ratio 7.69% fully expanded true resize by 0B
[14.769s][debug][gc,ergo,ihop  ] GC(515) Request concurrent cycle initiation (occupancy higher than threshold) occupancy: 877658112B allocation request: 0B threshold: 859203072B (80.02) source: end of GC
[14.769s][debug][gc,ergo,refine] GC(515) Concurrent refinement times: Logged Cards Scan time goal: 20.00ms Logged Cards Scan time: 0.01ms HCC time: 0.00ms
[14.769s][trace][gc,ergo,refine] GC(515) Updating Refinement Zones: logged cards scan time: 0.012ms, processed cards: 17, goal time: 20.000ms
[14.769s][debug][gc,ergo,refine] GC(515) Updated Refinement Zones: green: 2560, yellow: 7680, red: 12800
[14.769s][info ][gc,phases     ] GC(515)   Pre Evacuate Collection Set: 0.3ms
[14.769s][info ][gc,phases     ] GC(515)   Merge Heap Roots: 0.2ms
[14.769s][info ][gc,phases     ] GC(515)   Evacuate Collection Set: 8.0ms
[14.769s][info ][gc,phases     ] GC(515)   Post Evacuate Collection Set: 0.7ms
[14.769s][info ][gc,phases     ] GC(515)   Other: 0.3ms
[14.769s][info ][gc,heap       ] GC(515) Eden regions: 43->0(44)
[14.769s][info ][gc,heap       ] GC(515) Survivor regions: 8->7(7)
[14.769s][info ][gc,heap       ] GC(515) Old regions: 800->837
[14.769s][info ][gc,heap       ] GC(515) Archive regions: 0->0
[14.769s][info ][gc,heap       ] GC(515) Humongous regions: 0->0
[14.769s][info ][gc,metaspace  ] GC(515) Metaspace: 6341K(6464K)->6341K(6464K) NonClass: 5794K(5824K)->5794K(5824K) Class: 546K(640K)->546K(640K)
[14.769s][debug][gc,heap       ] GC(515) Heap after GC invocations=516 (full 0):
[14.769s][debug][gc,heap       ] GC(515)  garbage-first heap   total 1048576K, used 863532K [0x00000000c0000000, 0x0000000100000000)
[14.769s][debug][gc,heap       ] GC(515)   region size 1024K, 7 young (7168K), 7 survivors (7168K)
[14.769s][debug][gc,heap       ] GC(515)  Metaspace       used 6341K, committed 6464K, reserved 1114112K
[14.769s][debug][gc,heap       ] GC(515)   class space    used 546K, committed 640K, reserved 1048576K
[14.769s][info ][gc            ] GC(515) Pause Young (Normal) (G1 Evacuation Pause) 850M->843M(1024M) 9.477ms
[14.769s][info ][gc,cpu        ] GC(515) User=0.07s Sys=0.00s Real=0.01s
[14.769s][info ][safepoint     ] Safepoint "G1CollectForAllocation", Time since last: 10053400 ns, Reaching safepoint: 6700 ns, Cleanup: 6600 ns, At safepoint: 9665001 ns, Total: 9678301 ns
[14.778s][debug][gc,heap       ] GC(516) Heap before GC invocations=516 (full 0):
[14.778s][debug][gc,heap       ] GC(516)  garbage-first heap   total 1048576K, used 907564K [0x00000000c0000000, 0x0000000100000000)
[14.778s][debug][gc,heap       ] GC(516)   region size 1024K, 51 young (52224K), 7 survivors (7168K)
[14.778s][debug][gc,heap       ] GC(516)  Metaspace       used 6341K, committed 6464K, reserved 1114112K
[14.778s][debug][gc,heap       ] GC(516)   class space    used 546K, committed 640K, reserved 1048576K
[14.778s][debug][gc,ergo       ] GC(516) Initiate concurrent cycle (concurrent cycle initiation requested)
[14.778s][info ][gc,start      ] GC(516) Pause Young (Concurrent Start) (G1 Evacuation Pause)
[14.778s][info ][gc,task       ] GC(516) Using 10 workers of 10 for evacuation
[14.778s][trace][gc,ergo,cset  ] GC(516) Start choosing CSet. Pending cards: 30 target pause time: 200.00ms
[14.778s][trace][gc,ergo,cset  ] GC(516) Added young regions to CSet. Eden: 44 regions, Survivors: 7 regions, predicted eden time: 7.82ms, predicted base time: 1.33ms, target pause time: 200.00ms, remaining time: 190.84ms
[14.778s][debug][gc,ergo       ] GC(516) Running G1 Merge Heap Roots using 10 workers for 51 regions
[14.787s][debug][gc,ergo       ] GC(516) Running G1 Rebuild Free List Task using 10 workers for rebuilding free list of regions
[14.788s][debug][gc,ergo,heap  ] GC(516) Heap expansion: short term pause time ratio 47.06% long term pause time ratio 60.69% threshold 7.69% pause time ratio 7.69% fully expanded true resize by 0B
[14.788s][debug][gc,ergo,refine] GC(516) Concurrent refinement times: Logged Cards Scan time goal: 20.00ms Logged Cards Scan time: 0.01ms HCC time: 0.00ms
[14.788s][trace][gc,ergo,refine] GC(516) Updating Refinement Zones: logged cards scan time: 0.014ms, processed cards: 13, goal time: 20.000ms
[14.788s][debug][gc,ergo,refine] GC(516) Updated Refinement Zones: green: 2560, yellow: 7680, red: 12800
[14.788s][info ][gc,phases     ] GC(516)   Pre Evacuate Collection Set: 0.2ms
[14.788s][info ][gc,phases     ] GC(516)   Merge Heap Roots: 0.2ms
[14.788s][info ][gc,phases     ] GC(516)   Evacuate Collection Set: 8.4ms
[14.788s][info ][gc,phases     ] GC(516)   Post Evacuate Collection Set: 0.7ms
[14.788s][info ][gc,phases     ] GC(516)   Other: 0.3ms
[14.788s][info ][gc,heap       ] GC(516) Eden regions: 44->0(44)
[14.788s][info ][gc,heap       ] GC(516) Survivor regions: 7->7(7)
[14.788s][info ][gc,heap       ] GC(516) Old regions: 837->874
[14.788s][info ][gc,heap       ] GC(516) Archive regions: 0->0
[14.788s][info ][gc,heap       ] GC(516) Humongous regions: 0->0
[14.788s][info ][gc,metaspace  ] GC(516) Metaspace: 6341K(6464K)->6341K(6464K) NonClass: 5794K(5824K)->5794K(5824K) Class: 546K(640K)->546K(640K)
[14.788s][debug][gc,heap       ] GC(516) Heap after GC invocations=517 (full 0):
[14.788s][debug][gc,heap       ] GC(516)  garbage-first heap   total 1048576K, used 902020K [0x00000000c0000000, 0x0000000100000000)
[14.788s][debug][gc,heap       ] GC(516)   region size 1024K, 7 young (7168K), 7 survivors (7168K)
[14.788s][debug][gc,heap       ] GC(516)  Metaspace       used 6341K, committed 6464K, reserved 1114112K
[14.788s][debug][gc,heap       ] GC(516)   class space    used 546K, committed 640K, reserved 1048576K
[14.788s][info ][gc            ] GC(516) Pause Young (Concurrent Start) (G1 Evacuation Pause) 887M->880M(1024M) 9.753ms
[14.788s][info ][gc,cpu        ] GC(516) User=0.08s Sys=0.00s Real=0.01s
[14.788s][info ][safepoint     ] Safepoint "G1CollectForAllocation", Time since last: 9059600 ns, Reaching safepoint: 6700 ns, Cleanup: 7000 ns, At safepoint: 9955600 ns, Total: 9969300 ns
[14.788s][info ][gc            ] GC(517) Concurrent Mark Cycle
[14.788s][info ][gc,marking    ] GC(517) Concurrent Clear Claimed Marks
[14.788s][info ][gc,marking    ] GC(517) Concurrent Clear Claimed Marks 0.012ms
[14.788s][info ][gc,marking    ] GC(517) Concurrent Scan Root Regions
[14.788s][debug][gc,ergo       ] GC(517) Running G1 Root Region Scan using 3 workers for 45 work units.
[14.788s][info ][gc,marking    ] GC(517) Concurrent Scan Root Regions 0.185ms
[14.788s][info ][gc,marking    ] GC(517) Concurrent Mark
[14.788s][info ][gc,marking    ] GC(517) Concurrent Mark From Roots
[14.788s][info ][gc,task       ] GC(517) Using 3 workers of 3 for marking
[14.796s][info ][gc,marking    ] GC(517) Concurrent Mark From Roots 7.494ms
[14.796s][info ][gc,marking    ] GC(517) Concurrent Preclean
[14.796s][info ][gc,marking    ] GC(517) Concurrent Preclean 0.203ms
[14.797s][info ][gc,start      ] GC(517) Pause Remark
[14.798s][debug][gc,ergo       ] GC(517) Running G1 Update RemSet Tracking Before Rebuild using 3 workers for 1024 regions in heap
[14.799s][info ][gc            ] GC(517) Pause Remark 916M->538M(1024M) 1.880ms
[14.799s][info ][gc,cpu        ] GC(517) User=0.00s Sys=0.00s Real=0.00s
[14.799s][info ][safepoint     ] Safepoint "G1PauseRemark", Time since last: 8651601 ns, Reaching safepoint: 12400 ns, Cleanup: 11500 ns, At safepoint: 2010400 ns, Total: 2034300 ns
[14.799s][info ][gc,marking    ] GC(517) Concurrent Mark 10.473ms
[14.799s][info ][gc,marking    ] GC(517) Concurrent Rebuild Remembered Sets
[14.800s][debug][gc,heap       ] GC(518) Heap before GC invocations=517 (full 0):
[14.800s][debug][gc,heap       ] GC(518)  garbage-first heap   total 1048576K, used 558980K [0x00000000c0000000, 0x0000000100000000)
[14.800s][debug][gc,heap       ] GC(518)   region size 1024K, 51 young (52224K), 7 survivors (7168K)
[14.800s][debug][gc,heap       ] GC(518)  Metaspace       used 6341K, committed 6464K, reserved 1114112K
[14.800s][debug][gc,heap       ] GC(518)   class space    used 546K, committed 640K, reserved 1048576K
[14.800s][info ][gc,start      ] GC(518) Pause Young (Normal) (G1 Evacuation Pause)
[14.800s][info ][gc,task       ] GC(518) Using 10 workers of 10 for evacuation
[14.800s][trace][gc,ergo,cset  ] GC(518) Start choosing CSet. Pending cards: 68 target pause time: 200.00ms
[14.800s][trace][gc,ergo,cset  ] GC(518) Added young regions to CSet. Eden: 44 regions, Survivors: 7 regions, predicted eden time: 7.46ms, predicted base time: 1.27ms, target pause time: 200.00ms, remaining time: 191.27ms
[14.800s][debug][gc,ergo       ] GC(518) Running G1 Merge Heap Roots using 10 workers for 51 regions
[14.811s][debug][gc,ergo       ] GC(518) Running G1 Rebuild Free List Task using 10 workers for rebuilding free list of regions
[14.811s][debug][gc,ergo,heap  ] GC(518) Heap expansion: short term pause time ratio 17.03% long term pause time ratio 56.84% threshold 7.69% pause time ratio 7.69% fully expanded true resize by 0B
[14.811s][debug][gc,ergo,refine] GC(518) Concurrent refinement times: Logged Cards Scan time goal: 20.00ms Logged Cards Scan time: 0.02ms HCC time: 0.00ms
[14.811s][trace][gc,ergo,refine] GC(518) Updating Refinement Zones: logged cards scan time: 0.019ms, processed cards: 51, goal time: 20.000ms
[14.811s][debug][gc,ergo,refine] GC(518) Updated Refinement Zones: green: 2560, yellow: 7680, red: 12800
[14.811s][info ][gc,phases     ] GC(518)   Pre Evacuate Collection Set: 0.2ms
[14.811s][info ][gc,phases     ] GC(518)   Merge Heap Roots: 0.2ms
[14.811s][info ][gc,phases     ] GC(518)   Evacuate Collection Set: 9.1ms
[14.811s][info ][gc,phases     ] GC(518)   Post Evacuate Collection Set: 1.6ms
[14.811s][info ][gc,phases     ] GC(518)   Other: 0.2ms
[14.811s][info ][gc,heap       ] GC(518) Eden regions: 44->0(133)
[14.811s][info ][gc,heap       ] GC(518) Survivor regions: 7->7(7)
[14.811s][info ][gc,heap       ] GC(518) Old regions: 496->535
[14.811s][info ][gc,heap       ] GC(518) Archive regions: 0->0
[14.811s][info ][gc,heap       ] GC(518) Humongous regions: 0->0
[14.811s][info ][gc,metaspace  ] GC(518) Metaspace: 6341K(6464K)->6341K(6464K) NonClass: 5794K(5824K)->5794K(5824K) Class: 546K(640K)->546K(640K)
[14.811s][debug][gc,heap       ] GC(518) Heap after GC invocations=518 (full 0):
[14.811s][debug][gc,heap       ] GC(518)  garbage-first heap   total 1048576K, used 554384K [0x00000000c0000000, 0x0000000100000000)
[14.811s][debug][gc,heap       ] GC(518)   region size 1024K, 7 young (7168K), 7 survivors (7168K)
[14.811s][debug][gc,heap       ] GC(518)  Metaspace       used 6341K, committed 6464K, reserved 1114112K
[14.811s][debug][gc,heap       ] GC(518)   class space    used 546K, committed 640K, reserved 1048576K
[14.811s][info ][gc            ] GC(518) Pause Young (Normal) (G1 Evacuation Pause) 546M->541M(1024M) 11.313ms
[14.811s][info ][gc,cpu        ] GC(518) User=0.08s Sys=0.00s Real=0.01s
[14.811s][info ][safepoint     ] Safepoint "G1CollectForAllocation", Time since last: 1099900 ns, Reaching safepoint: 197900 ns, Cleanup: 5400 ns, At safepoint: 11495100 ns, Total: 11698400 ns
[14.815s][info ][gc,marking    ] GC(517) Concurrent Rebuild Remembered Sets 15.832ms
[14.815s][info ][gc,start      ] GC(517) Pause Cleanup
[14.816s][debug][gc,ergo,cset  ] GC(517) Pruned 128 regions out of 441, leaving 53091576 bytes waste (allowed 53687091)
[14.816s][info ][gc            ] GC(517) Pause Cleanup 561M->561M(1024M) 0.833ms
[14.816s][info ][gc,cpu        ] GC(517) User=0.00s Sys=0.00s Real=0.00s
[14.816s][info ][safepoint     ] Safepoint "G1PauseCleanup", Time since last: 3311300 ns, Reaching safepoint: 9100 ns, Cleanup: 11900 ns, At safepoint: 879300 ns, Total: 900300 ns
[14.816s][info ][gc,marking    ] GC(517) Concurrent Cleanup for Next Mark
[14.816s][debug][gc,ergo       ] GC(517) Running G1 Clear Bitmap with 3 workers for 16 work units.
[14.819s][info ][gc,marking    ] GC(517) Concurrent Cleanup for Next Mark 2.816ms
[14.819s][info ][gc            ] GC(517) Concurrent Mark Cycle 30.811ms
[14.840s][debug][gc,heap       ] GC(519) Heap before GC invocations=519 (full 0):
[14.840s][debug][gc,heap       ] GC(519)  garbage-first heap   total 1048576K, used 689552K [0x00000000c0000000, 0x0000000100000000)
[14.840s][debug][gc,heap       ] GC(519)   region size 1024K, 140 young (143360K), 7 survivors (7168K)
[14.840s][debug][gc,heap       ] GC(519)  Metaspace       used 6341K, committed 6464K, reserved 1114112K
[14.840s][debug][gc,heap       ] GC(519)   class space    used 546K, committed 640K, reserved 1048576K
[14.840s][info ][gc,start      ] GC(519) Pause Young (Prepare Mixed) (G1 Evacuation Pause)
[14.840s][info ][gc,task       ] GC(519) Using 10 workers of 10 for evacuation
[14.841s][trace][gc,ergo,cset  ] GC(519) Start choosing CSet. Pending cards: 55 target pause time: 200.00ms
[14.841s][trace][gc,ergo,cset  ] GC(519) Added young regions to CSet. Eden: 133 regions, Survivors: 7 regions, predicted eden time: 21.07ms, predicted base time: 1.61ms, target pause time: 200.00ms, remaining time: 177.32ms
[14.841s][debug][gc,ergo       ] GC(519) Running G1 Merge Heap Roots using 10 workers for 140 regions
[14.862s][debug][gc,ergo       ] GC(519) Running G1 Rebuild Free List Task using 10 workers for rebuilding free list of regions
[14.862s][debug][gc,ergo,heap  ] GC(519) Heap expansion: short term pause time ratio 17.87% long term pause time ratio 55.99% threshold 7.69% pause time ratio 7.69% fully expanded true resize by 0B
[14.862s][debug][gc,ergo,refine] GC(519) Concurrent refinement times: Logged Cards Scan time goal: 20.00ms Logged Cards Scan time: 0.05ms HCC time: 0.00ms
[14.862s][trace][gc,ergo,refine] GC(519) Updating Refinement Zones: logged cards scan time: 0.046ms, processed cards: 30, goal time: 19.999ms
[14.862s][debug][gc,ergo,refine] GC(519) Updated Refinement Zones: green: 2560, yellow: 7680, red: 12800
[14.862s][info ][gc,phases     ] GC(519)   Pre Evacuate Collection Set: 0.4ms
[14.862s][info ][gc,phases     ] GC(519)   Merge Heap Roots: 0.2ms
[14.862s][info ][gc,phases     ] GC(519)   Evacuate Collection Set: 20.1ms
[14.862s][info ][gc,phases     ] GC(519)   Post Evacuate Collection Set: 0.9ms
[14.862s][info ][gc,phases     ] GC(519)   Other: 0.5ms
[14.862s][info ][gc,heap       ] GC(519) Eden regions: 133->0(33)
[14.862s][info ][gc,heap       ] GC(519) Survivor regions: 7->18(18)
[14.862s][info ][gc,heap       ] GC(519) Old regions: 535->616
[14.862s][info ][gc,heap       ] GC(519) Archive regions: 0->0
[14.862s][info ][gc,heap       ] GC(519) Humongous regions: 0->0
[14.862s][info ][gc,metaspace  ] GC(519) Metaspace: 6341K(6464K)->6341K(6464K) NonClass: 5794K(5824K)->5794K(5824K) Class: 546K(640K)->546K(640K)
[14.862s][debug][gc,heap       ] GC(519) Heap after GC invocations=520 (full 0):
[14.862s][debug][gc,heap       ] GC(519)  garbage-first heap   total 1048576K, used 648892K [0x00000000c0000000, 0x0000000100000000)
[14.862s][debug][gc,heap       ] GC(519)   region size 1024K, 18 young (18432K), 18 survivors (18432K)
[14.862s][debug][gc,heap       ] GC(519)  Metaspace       used 6341K, committed 6464K, reserved 1114112K
[14.862s][debug][gc,heap       ] GC(519)   class space    used 546K, committed 640K, reserved 1048576K
[14.862s][info ][gc            ] GC(519) Pause Young (Prepare Mixed) (G1 Evacuation Pause) 674M->633M(1024M) 22.007ms
[14.863s][info ][gc,cpu        ] GC(519) User=0.20s Sys=0.00s Real=0.02s
[14.863s][info ][safepoint     ] Safepoint "G1CollectForAllocation", Time since last: 24599601 ns, Reaching safepoint: 7600 ns, Cleanup: 9300 ns, At safepoint: 22273901 ns, Total: 22290801 ns
[14.869s][debug][gc,heap       ] GC(520) Heap before GC invocations=520 (full 0):
[14.870s][debug][gc,heap       ] GC(520)  garbage-first heap   total 1048576K, used 681660K [0x00000000c0000000, 0x0000000100000000)
[14.870s][debug][gc,heap       ] GC(520)   region size 1024K, 51 young (52224K), 18 survivors (18432K)
[14.870s][debug][gc,heap       ] GC(520)  Metaspace       used 6341K, committed 6464K, reserved 1114112K
[14.870s][debug][gc,heap       ] GC(520)   class space    used 546K, committed 640K, reserved 1048576K
[14.870s][info ][gc,start      ] GC(520) Pause Young (Mixed) (G1 Evacuation Pause)
[14.870s][info ][gc,task       ] GC(520) Using 10 workers of 10 for evacuation
[14.870s][trace][gc,ergo,cset  ] GC(520) Start choosing CSet. Pending cards: 38 target pause time: 200.00ms
[14.870s][trace][gc,ergo,cset  ] GC(520) Added young regions to CSet. Eden: 33 regions, Survivors: 18 regions, predicted eden time: 6.20ms, predicted base time: 1.62ms, target pause time: 200.00ms, remaining time: 192.19ms
[14.870s][debug][gc,ergo,cset  ] GC(520) Start adding old regions to collection set. Min 40 regions, max 103 regions, time remaining 192.19ms, optional threshold 38.44ms
[14.870s][debug][gc,ergo,cset  ] GC(520) Finish adding old regions to collection set (Maximum number of regions). Initial 103 regions, optional 0 regions
[14.870s][debug][gc,ergo,cset  ] GC(520) Finish choosing collection set old regions. Initial: 103, optional: 0, predicted old time: 0.00ms, predicted optional time: 0.00ms, time remaining: 190.05
[14.870s][debug][gc,ergo       ] GC(520) Running G1 Merge Heap Roots using 10 workers for 154 regions
[14.883s][debug][gc,ergo       ] GC(520) Running G1 Rebuild Free List Task using 10 workers for rebuilding free list of regions
[14.883s][debug][gc,ergo,heap  ] GC(520) Heap expansion: short term pause time ratio 46.53% long term pause time ratio 54.77% threshold 7.69% pause time ratio 7.69% fully expanded true resize by 0B
[14.883s][debug][gc,ergo,refine] GC(520) Concurrent refinement times: Logged Cards Scan time goal: 20.00ms Logged Cards Scan time: 0.01ms HCC time: 0.00ms
[14.883s][trace][gc,ergo,refine] GC(520) Updating Refinement Zones: logged cards scan time: 0.012ms, processed cards: 13, goal time: 19.999ms
[14.883s][debug][gc,ergo,refine] GC(520) Updated Refinement Zones: green: 2560, yellow: 7680, red: 12800
[14.883s][info ][gc,phases     ] GC(520)   Pre Evacuate Collection Set: 0.4ms
[14.883s][info ][gc,phases     ] GC(520)   Merge Heap Roots: 0.2ms
[14.883s][info ][gc,phases     ] GC(520)   Evacuate Collection Set: 11.1ms
[14.883s][info ][gc,phases     ] GC(520)   Post Evacuate Collection Set: 1.7ms
[14.883s][info ][gc,phases     ] GC(520)   Other: 0.3ms
[14.883s][info ][gc,heap       ] GC(520) Eden regions: 33->0(44)
[14.883s][info ][gc,heap       ] GC(520) Survivor regions: 18->7(7)
[14.883s][info ][gc,heap       ] GC(520) Old regions: 616->556
[14.883s][info ][gc,heap       ] GC(520) Archive regions: 0->0
[14.883s][info ][gc,heap       ] GC(520) Humongous regions: 0->0
[14.883s][info ][gc,metaspace  ] GC(520) Metaspace: 6341K(6464K)->6341K(6464K) NonClass: 5794K(5824K)->5794K(5824K) Class: 546K(640K)->546K(640K)
[14.883s][debug][gc,heap       ] GC(520) Heap after GC invocations=521 (full 0):
[14.883s][debug][gc,heap       ] GC(520)  garbage-first heap   total 1048576K, used 575688K [0x00000000c0000000, 0x0000000100000000)
[14.883s][debug][gc,heap       ] GC(520)   region size 1024K, 7 young (7168K), 7 survivors (7168K)
[14.883s][debug][gc,heap       ] GC(520)  Metaspace       used 6341K, committed 6464K, reserved 1114112K
[14.883s][debug][gc,heap       ] GC(520)   class space    used 546K, committed 640K, reserved 1048576K
[14.883s][info ][gc            ] GC(520) Pause Young (Mixed) (G1 Evacuation Pause) 666M->562M(1024M) 13.621ms
[14.883s][info ][gc,cpu        ] GC(520) User=0.11s Sys=0.00s Real=0.02s
[14.883s][info ][safepoint     ] Safepoint "G1CollectForAllocation", Time since last: 6907900 ns, Reaching safepoint: 9600 ns, Cleanup: 10200 ns, At safepoint: 13771301 ns, Total: 13791101 ns
[14.892s][debug][gc,heap       ] GC(521) Heap before GC invocations=521 (full 0):
[14.892s][debug][gc,heap       ] GC(521)  garbage-first heap   total 1048576K, used 619720K [0x00000000c0000000, 0x0000000100000000)
[14.892s][debug][gc,heap       ] GC(521)   region size 1024K, 51 young (52224K), 7 survivors (7168K)
[14.892s][debug][gc,heap       ] GC(521)  Metaspace       used 6341K, committed 6464K, reserved 1114112K
[14.892s][debug][gc,heap       ] GC(521)   class space    used 546K, committed 640K, reserved 1048576K
[14.892s][info ][gc,start      ] GC(521) Pause Young (Mixed) (G1 Evacuation Pause)
[14.893s][info ][gc,task       ] GC(521) Using 10 workers of 10 for evacuation
[14.893s][trace][gc,ergo,cset  ] GC(521) Start choosing CSet. Pending cards: 78 target pause time: 200.00ms
[14.893s][trace][gc,ergo,cset  ] GC(521) Added young regions to CSet. Eden: 44 regions, Survivors: 7 regions, predicted eden time: 8.32ms, predicted base time: 1.92ms, target pause time: 200.00ms, remaining time: 189.76ms
[14.893s][debug][gc,ergo,cset  ] GC(521) Start adding old regions to collection set. Min 40 regions, max 103 regions, time remaining 189.76ms, optional threshold 37.95ms
[14.893s][debug][gc,ergo,cset  ] GC(521) Finish adding old regions to collection set (Maximum number of regions). Initial 103 regions, optional 0 regions
[14.893s][debug][gc,ergo,cset  ] GC(521) Finish choosing collection set old regions. Initial: 103, optional: 0, predicted old time: 0.00ms, predicted optional time: 0.00ms, time remaining: 186.20
[14.893s][debug][gc,ergo       ] GC(521) Running G1 Merge Heap Roots using 10 workers for 154 regions
[14.903s][debug][gc,ergo       ] GC(521) Running G1 Rebuild Free List Task using 10 workers for rebuilding free list of regions
[14.903s][debug][gc,ergo,heap  ] GC(521) Heap expansion: short term pause time ratio 64.28% long term pause time ratio 53.26% threshold 7.69% pause time ratio 7.69% fully expanded true resize by 0B
[14.903s][debug][gc,ergo,refine] GC(521) Concurrent refinement times: Logged Cards Scan time goal: 20.00ms Logged Cards Scan time: 0.03ms HCC time: 0.00ms
[14.903s][trace][gc,ergo,refine] GC(521) Updating Refinement Zones: logged cards scan time: 0.026ms, processed cards: 53, goal time: 19.999ms
[14.903s][debug][gc,ergo,refine] GC(521) Updated Refinement Zones: green: 2560, yellow: 7680, red: 12800
[14.903s][info ][gc,phases     ] GC(521)   Pre Evacuate Collection Set: 0.4ms
[14.903s][info ][gc,phases     ] GC(521)   Merge Heap Roots: 0.2ms
[14.903s][info ][gc,phases     ] GC(521)   Evacuate Collection Set: 9.1ms
[14.903s][info ][gc,phases     ] GC(521)   Post Evacuate Collection Set: 0.8ms
[14.903s][info ][gc,phases     ] GC(521)   Other: 0.3ms
[14.903s][info ][gc,heap       ] GC(521) Eden regions: 44->0(44)
[14.903s][info ][gc,heap       ] GC(521) Survivor regions: 7->7(7)
[14.903s][info ][gc,heap       ] GC(521) Old regions: 556->495
[14.903s][info ][gc,heap       ] GC(521) Archive regions: 0->0
[14.903s][info ][gc,heap       ] GC(521) Humongous regions: 0->0
[14.903s][info ][gc,metaspace  ] GC(521) Metaspace: 6341K(6464K)->6341K(6464K) NonClass: 5794K(5824K)->5794K(5824K) Class: 546K(640K)->546K(640K)
[14.903s][debug][gc,heap       ] GC(521) Heap after GC invocations=522 (full 0):
[14.903s][debug][gc,heap       ] GC(521)  garbage-first heap   total 1048576K, used 513524K [0x00000000c0000000, 0x0000000100000000)
[14.903s][debug][gc,heap       ] GC(521)   region size 1024K, 7 young (7168K), 7 survivors (7168K)
[14.903s][debug][gc,heap       ] GC(521)  Metaspace       used 6341K, committed 6464K, reserved 1114112K
[14.903s][debug][gc,heap       ] GC(521)   class space    used 546K, committed 640K, reserved 1048576K
[14.903s][info ][gc            ] GC(521) Pause Young (Mixed) (G1 Evacuation Pause) 606M->501M(1024M) 10.754ms
[14.903s][info ][gc,cpu        ] GC(521) User=0.08s Sys=0.01s Real=0.02s
[14.903s][info ][safepoint     ] Safepoint "G1CollectForAllocation", Time since last: 9098600 ns, Reaching safepoint: 7100 ns, Cleanup: 7500 ns, At safepoint: 10934401 ns, Total: 10949001 ns
[14.911s][debug][gc,heap       ] GC(522) Heap before GC invocations=522 (full 0):
[14.911s][debug][gc,heap       ] GC(522)  garbage-first heap   total 1048576K, used 557556K [0x00000000c0000000, 0x0000000100000000)
[14.911s][debug][gc,heap       ] GC(522)   region size 1024K, 51 young (52224K), 7 survivors (7168K)
[14.911s][debug][gc,heap       ] GC(522)  Metaspace       used 6341K, committed 6464K, reserved 1114112K
[14.911s][debug][gc,heap       ] GC(522)   class space    used 546K, committed 640K, reserved 1048576K
[14.911s][info ][gc,start      ] GC(522) Pause Young (Mixed) (G1 Evacuation Pause)
[14.911s][info ][gc,task       ] GC(522) Using 10 workers of 10 for evacuation
[14.911s][trace][gc,ergo,cset  ] GC(522) Start choosing CSet. Pending cards: 68 target pause time: 200.00ms
[14.911s][trace][gc,ergo,cset  ] GC(522) Added young regions to CSet. Eden: 44 regions, Survivors: 7 regions, predicted eden time: 8.10ms, predicted base time: 1.74ms, target pause time: 200.00ms, remaining time: 190.17ms
[14.911s][debug][gc,ergo,cset  ] GC(522) Start adding old regions to collection set. Min 40 regions, max 103 regions, time remaining 190.17ms, optional threshold 38.03ms
[14.911s][debug][gc,ergo,cset  ] GC(522) Finish adding old regions to collection set (Maximum number of regions). Initial 103 regions, optional 0 regions
[14.911s][debug][gc,ergo,cset  ] GC(522) Finish choosing collection set old regions. Initial: 103, optional: 0, predicted old time: 0.00ms, predicted optional time: 0.00ms, time remaining: 183.40
[14.912s][debug][gc,ergo       ] GC(522) Running G1 Merge Heap Roots using 10 workers for 154 regions
[14.923s][debug][gc,ergo       ] GC(522) Running G1 Rebuild Free List Task using 10 workers for rebuilding free list of regions
[14.923s][debug][gc,ergo,heap  ] GC(522) Heap expansion: short term pause time ratio 52.78% long term pause time ratio 51.91% threshold 7.69% pause time ratio 7.69% fully expanded true resize by 0B
[14.923s][debug][gc,ergo,refine] GC(522) Concurrent refinement times: Logged Cards Scan time goal: 20.00ms Logged Cards Scan time: 0.01ms HCC time: 0.00ms
[14.923s][trace][gc,ergo,refine] GC(522) Updating Refinement Zones: logged cards scan time: 0.011ms, processed cards: 29, goal time: 19.999ms
[14.923s][debug][gc,ergo,refine] GC(522) Updated Refinement Zones: green: 2560, yellow: 7680, red: 12800
[14.923s][info ][gc,phases     ] GC(522)   Pre Evacuate Collection Set: 0.3ms
[14.923s][info ][gc,phases     ] GC(522)   Merge Heap Roots: 0.2ms
[14.923s][info ][gc,phases     ] GC(522)   Evacuate Collection Set: 10.1ms
[14.923s][info ][gc,phases     ] GC(522)   Post Evacuate Collection Set: 1.1ms
[14.923s][info ][gc,phases     ] GC(522)   Other: 0.3ms
[14.923s][info ][gc,heap       ] GC(522) Eden regions: 44->0(44)
[14.923s][info ][gc,heap       ] GC(522) Survivor regions: 7->7(7)
[14.923s][info ][gc,heap       ] GC(522) Old regions: 495->437
[14.923s][info ][gc,heap       ] GC(522) Archive regions: 0->0
[14.923s][info ][gc,heap       ] GC(522) Humongous regions: 0->0
[14.923s][info ][gc,metaspace  ] GC(522) Metaspace: 6341K(6464K)->6341K(6464K) NonClass: 5794K(5824K)->5794K(5824K) Class: 546K(640K)->546K(640K)
[14.923s][debug][gc,heap       ] GC(522) Heap after GC invocations=523 (full 0):
[14.923s][debug][gc,heap       ] GC(522)  garbage-first heap   total 1048576K, used 454032K [0x00000000c0000000, 0x0000000100000000)
[14.923s][debug][gc,heap       ] GC(522)   region size 1024K, 7 young (7168K), 7 survivors (7168K)
[14.923s][debug][gc,heap       ] GC(522)  Metaspace       used 6341K, committed 6464K, reserved 1114112K
[14.923s][debug][gc,heap       ] GC(522)   class space    used 546K, committed 640K, reserved 1048576K
[14.923s][info ][gc            ] GC(522) Pause Young (Mixed) (G1 Evacuation Pause) 545M->443M(1024M) 11.941ms
[14.923s][info ][gc,cpu        ] GC(522) User=0.10s Sys=0.00s Real=0.02s
[14.923s][info ][safepoint     ] Safepoint "G1CollectForAllocation", Time since last: 7783300 ns, Reaching safepoint: 14900 ns, Cleanup: 8800 ns, At safepoint: 12171900 ns, Total: 12195600 ns
[14.932s][debug][gc,heap       ] GC(523) Heap before GC invocations=523 (full 0):
[14.932s][debug][gc,heap       ] GC(523)  garbage-first heap   total 1048576K, used 498064K [0x00000000c0000000, 0x0000000100000000)
[14.932s][debug][gc,heap       ] GC(523)   region size 1024K, 51 young (52224K), 7 survivors (7168K)
[14.932s][debug][gc,heap       ] GC(523)  Metaspace       used 6341K, committed 6464K, reserved 1114112K
[14.932s][debug][gc,heap       ] GC(523)   class space    used 546K, committed 640K, reserved 1048576K
[14.932s][info ][gc,start      ] GC(523) Pause Young (Mixed) (G1 Evacuation Pause)
[14.932s][info ][gc,task       ] GC(523) Using 10 workers of 10 for evacuation
[14.932s][trace][gc,ergo,cset  ] GC(523) Start choosing CSet. Pending cards: 36 target pause time: 200.00ms
[14.932s][trace][gc,ergo,cset  ] GC(523) Added young regions to CSet. Eden: 44 regions, Survivors: 7 regions, predicted eden time: 7.96ms, predicted base time: 1.66ms, target pause time: 200.00ms, remaining time: 190.39ms
[14.932s][debug][gc,ergo,cset  ] GC(523) Start adding old regions to collection set. Min 40 regions, max 103 regions, time remaining 190.39ms, optional threshold 38.08ms
[14.932s][debug][gc,ergo,cset  ] GC(523) Old candidate collection set empty.
[14.932s][debug][gc,ergo,cset  ] GC(523) Finish choosing collection set old regions. Initial: 4, optional: 0, predicted old time: 0.00ms, predicted optional time: 0.00ms, time remaining: 190.07
[14.933s][debug][gc,ergo       ] GC(523) Running G1 Merge Heap Roots using 10 workers for 55 regions
[14.943s][debug][gc,ergo       ] GC(523) Running G1 Rebuild Free List Task using 10 workers for rebuilding free list of regions
[14.943s][debug][gc,ergo,heap  ] GC(523) Heap expansion: short term pause time ratio 59.00% long term pause time ratio 51.96% threshold 7.69% pause time ratio 7.69% fully expanded true resize by 0B
[14.943s][debug][gc,ergo       ] GC(523) do not continue mixed GCs (candidate old regions not available)
[14.943s][debug][gc,ergo,refine] GC(523) Concurrent refinement times: Logged Cards Scan time goal: 20.00ms Logged Cards Scan time: 0.02ms HCC time: 0.00ms
[14.943s][trace][gc,ergo,refine] GC(523) Updating Refinement Zones: logged cards scan time: 0.018ms, processed cards: 19, goal time: 19.999ms
[14.943s][debug][gc,ergo,refine] GC(523) Updated Refinement Zones: green: 2560, yellow: 7680, red: 12800
[14.943s][info ][gc,phases     ] GC(523)   Pre Evacuate Collection Set: 0.4ms
[14.943s][info ][gc,phases     ] GC(523)   Merge Heap Roots: 0.2ms
[14.943s][info ][gc,phases     ] GC(523)   Evacuate Collection Set: 9.0ms
[14.943s][info ][gc,phases     ] GC(523)   Post Evacuate Collection Set: 0.9ms
[14.943s][info ][gc,phases     ] GC(523)   Other: 0.5ms
[14.943s][info ][gc,heap       ] GC(523) Eden regions: 44->0(160)
[14.943s][info ][gc,heap       ] GC(523) Survivor regions: 7->7(7)
[14.943s][info ][gc,heap       ] GC(523) Old regions: 437->471
[14.943s][info ][gc,heap       ] GC(523) Archive regions: 0->0
[14.943s][info ][gc,heap       ] GC(523) Humongous regions: 0->0
[14.943s][info ][gc,metaspace  ] GC(523) Metaspace: 6341K(6464K)->6341K(6464K) NonClass: 5794K(5824K)->5794K(5824K) Class: 546K(640K)->546K(640K)
[14.943s][debug][gc,heap       ] GC(523) Heap after GC invocations=524 (full 0):
[14.943s][debug][gc,heap       ] GC(523)  garbage-first heap   total 1048576K, used 488548K [0x00000000c0000000, 0x0000000100000000)
[14.943s][debug][gc,heap       ] GC(523)   region size 1024K, 7 young (7168K), 7 survivors (7168K)
[14.943s][debug][gc,heap       ] GC(523)  Metaspace       used 6341K, committed 6464K, reserved 1114112K
[14.943s][debug][gc,heap       ] GC(523)   class space    used 546K, committed 640K, reserved 1048576K
[14.943s][info ][gc            ] GC(523) Pause Young (Mixed) (G1 Evacuation Pause) 487M->477M(1024M) 10.999ms
[14.943s][info ][gc,cpu        ] GC(523) User=0.09s Sys=0.00s Real=0.01s
[14.943s][info ][safepoint     ] Safepoint "G1CollectForAllocation", Time since last: 8605101 ns, Reaching safepoint: 12800 ns, Cleanup: 13000 ns, At safepoint: 11281200 ns, Total: 11307000 ns
[14.975s][debug][gc,heap       ] GC(524) Heap before GC invocations=524 (full 0):
[14.975s][debug][gc,heap       ] GC(524)  garbage-first heap   total 1048576K, used 651364K [0x00000000c0000000, 0x0000000100000000)
[14.975s][debug][gc,heap       ] GC(524)   region size 1024K, 167 young (171008K), 7 survivors (7168K)
[14.975s][debug][gc,heap       ] GC(524)  Metaspace       used 6341K, committed 6464K, reserved 1114112K
[14.975s][debug][gc,heap       ] GC(524)   class space    used 546K, committed 640K, reserved 1048576K
[14.975s][info ][gc,start      ] GC(524) Pause Young (Normal) (G1 Evacuation Pause)
[14.975s][info ][gc,task       ] GC(524) Using 10 workers of 10 for evacuation
[14.975s][trace][gc,ergo,cset  ] GC(524) Start choosing CSet. Pending cards: 30 target pause time: 200.00ms
[14.975s][trace][gc,ergo,cset  ] GC(524) Added young regions to CSet. Eden: 160 regions, Survivors: 7 regions, predicted eden time: 25.00ms, predicted base time: 1.56ms, target pause time: 200.00ms, remaining time: 173.43ms
[14.975s][debug][gc,ergo       ] GC(524) Running G1 Merge Heap Roots using 10 workers for 167 regions
[15.000s][debug][gc,ergo       ] GC(524) Running G1 Rebuild Free List Task using 10 workers for rebuilding free list of regions
[15.002s][debug][gc,ergo,heap  ] GC(524) Heap expansion: short term pause time ratio 53.41% long term pause time ratio 51.93% threshold 7.69% pause time ratio 7.69% fully expanded true resize by 0B
[15.002s][debug][gc,ergo,refine] GC(524) Concurrent refinement times: Logged Cards Scan time goal: 20.00ms Logged Cards Scan time: 0.03ms HCC time: 0.00ms
[15.002s][trace][gc,ergo,refine] GC(524) Updating Refinement Zones: logged cards scan time: 0.032ms, processed cards: 13, goal time: 19.999ms
[15.002s][debug][gc,ergo,refine] GC(524) Updated Refinement Zones: green: 2560, yellow: 7680, red: 12800
[15.002s][info ][gc,phases     ] GC(524)   Pre Evacuate Collection Set: 0.3ms
[15.002s][info ][gc,phases     ] GC(524)   Merge Heap Roots: 0.2ms
[15.002s][info ][gc,phases     ] GC(524)   Evacuate Collection Set: 23.9ms
[15.002s][info ][gc,phases     ] GC(524)   Post Evacuate Collection Set: 1.9ms
[15.002s][info ][gc,phases     ] GC(524)   Other: 0.3ms
[15.002s][info ][gc,heap       ] GC(524) Eden regions: 160->0(120)
[15.002s][info ][gc,heap       ] GC(524) Survivor regions: 7->21(21)
[15.002s][info ][gc,heap       ] GC(524) Old regions: 471->562
[15.002s][info ][gc,heap       ] GC(524) Archive regions: 0->0
[15.002s][info ][gc,heap       ] GC(524) Humongous regions: 0->0
[15.002s][info ][gc,metaspace  ] GC(524) Metaspace: 6341K(6464K)->6341K(6464K) NonClass: 5794K(5824K)->5794K(5824K) Class: 546K(640K)->546K(640K)
[15.002s][debug][gc,heap       ] GC(524) Heap after GC invocations=525 (full 0):
[15.002s][debug][gc,heap       ] GC(524)  garbage-first heap   total 1048576K, used 596568K [0x00000000c0000000, 0x0000000100000000)
[15.002s][debug][gc,heap       ] GC(524)   region size 1024K, 21 young (21504K), 21 survivors (21504K)
[15.002s][debug][gc,heap       ] GC(524)  Metaspace       used 6341K, committed 6464K, reserved 1114112K
[15.002s][debug][gc,heap       ] GC(524)   class space    used 546K, committed 640K, reserved 1048576K
[15.002s][info ][gc            ] GC(524) Pause Young (Normal) (G1 Evacuation Pause) 637M->582M(1024M) 26.589ms
[15.002s][info ][gc,cpu        ] GC(524) User=0.24s Sys=0.00s Real=0.02s
[15.002s][info ][safepoint     ] Safepoint "G1CollectForAllocation", Time since last: 31689201 ns, Reaching safepoint: 13700 ns, Cleanup: 14600 ns, At safepoint: 26800601 ns, Total: 26828901 ns
[15.023s][debug][gc,heap       ] GC(525) Heap before GC invocations=525 (full 0):
[15.023s][debug][gc,heap       ] GC(525)  garbage-first heap   total 1048576K, used 718424K [0x00000000c0000000, 0x0000000100000000)
[15.023s][debug][gc,heap       ] GC(525)   region size 1024K, 141 young (144384K), 21 survivors (21504K)
[15.023s][debug][gc,heap       ] GC(525)  Metaspace       used 6341K, committed 6464K, reserved 1114112K
[15.023s][debug][gc,heap       ] GC(525)   class space    used 546K, committed 640K, reserved 1048576K
[15.023s][info ][gc,start      ] GC(525) Pause Young (Normal) (G1 Evacuation Pause)
[15.023s][info ][gc,task       ] GC(525) Using 10 workers of 10 for evacuation
[15.023s][trace][gc,ergo,cset  ] GC(525) Start choosing CSet. Pending cards: 32 target pause time: 200.00ms
[15.023s][trace][gc,ergo,cset  ] GC(525) Added young regions to CSet. Eden: 120 regions, Survivors: 21 regions, predicted eden time: 20.03ms, predicted base time: 1.52ms, target pause time: 200.00ms, remaining time: 178.45ms
[15.023s][debug][gc,ergo       ] GC(525) Running G1 Merge Heap Roots using 10 workers for 141 regions
[15.045s][debug][gc,ergo       ] GC(525) Running G1 Rebuild Free List Task using 10 workers for rebuilding free list of regions
[15.046s][debug][gc,ergo,heap  ] GC(525) Heap expansion: short term pause time ratio 44.97% long term pause time ratio 50.59% threshold 7.69% pause time ratio 7.69% fully expanded true resize by 0B
[15.046s][debug][gc,ergo,refine] GC(525) Concurrent refinement times: Logged Cards Scan time goal: 20.00ms Logged Cards Scan time: 0.04ms HCC time: 0.00ms
[15.046s][trace][gc,ergo,refine] GC(525) Updating Refinement Zones: logged cards scan time: 0.036ms, processed cards: 15, goal time: 19.999ms
[15.046s][debug][gc,ergo,refine] GC(525) Updated Refinement Zones: green: 2560, yellow: 7680, red: 12800
[15.046s][info ][gc,phases     ] GC(525)   Pre Evacuate Collection Set: 0.3ms
[15.046s][info ][gc,phases     ] GC(525)   Merge Heap Roots: 0.2ms
[15.046s][info ][gc,phases     ] GC(525)   Evacuate Collection Set: 20.9ms
[15.046s][info ][gc,phases     ] GC(525)   Post Evacuate Collection Set: 1.3ms
[15.046s][info ][gc,phases     ] GC(525)   Other: 0.5ms
[15.046s][info ][gc,heap       ] GC(525) Eden regions: 120->0(89)
[15.046s][info ][gc,heap       ] GC(525) Survivor regions: 21->18(18)
[15.046s][info ][gc,heap       ] GC(525) Old regions: 562->646
[15.046s][info ][gc,heap       ] GC(525) Archive regions: 0->0
[15.046s][info ][gc,heap       ] GC(525) Humongous regions: 0->0
[15.046s][info ][gc,metaspace  ] GC(525) Metaspace: 6341K(6464K)->6341K(6464K) NonClass: 5794K(5824K)->5794K(5824K) Class: 546K(640K)->546K(640K)
[15.046s][debug][gc,heap       ] GC(525) Heap after GC invocations=526 (full 0):
[15.046s][debug][gc,heap       ] GC(525)  garbage-first heap   total 1048576K, used 679112K [0x00000000c0000000, 0x0000000100000000)
[15.046s][debug][gc,heap       ] GC(525)   region size 1024K, 18 young (18432K), 18 survivors (18432K)
[15.046s][debug][gc,heap       ] GC(525)  Metaspace       used 6341K, committed 6464K, reserved 1114112K
[15.046s][debug][gc,heap       ] GC(525)   class space    used 546K, committed 640K, reserved 1048576K
[15.046s][info ][gc            ] GC(525) Pause Young (Normal) (G1 Evacuation Pause) 702M->663M(1024M) 23.117ms
[15.046s][info ][gc,cpu        ] GC(525) User=0.20s Sys=0.00s Real=0.03s
[15.046s][info ][safepoint     ] Safepoint "G1CollectForAllocation", Time since last: 21285601 ns, Reaching safepoint: 9600 ns, Cleanup: 11000 ns, At safepoint: 23291501 ns, Total: 23312101 ns
[15.060s][debug][gc,heap       ] GC(526) Heap before GC invocations=526 (full 0):
[15.060s][debug][gc,heap       ] GC(526)  garbage-first heap   total 1048576K, used 769224K [0x00000000c0000000, 0x0000000100000000)
[15.060s][debug][gc,heap       ] GC(526)   region size 1024K, 107 young (109568K), 18 survivors (18432K)
[15.060s][debug][gc,heap       ] GC(526)  Metaspace       used 6341K, committed 6464K, reserved 1114112K
[15.060s][debug][gc,heap       ] GC(526)   class space    used 546K, committed 640K, reserved 1048576K
[15.060s][info ][gc,start      ] GC(526) Pause Young (Normal) (G1 Evacuation Pause)
[15.060s][info ][gc,task       ] GC(526) Using 10 workers of 10 for evacuation
[15.060s][trace][gc,ergo,cset  ] GC(526) Start choosing CSet. Pending cards: 36 target pause time: 200.00ms
[15.060s][trace][gc,ergo,cset  ] GC(526) Added young regions to CSet. Eden: 89 regions, Survivors: 18 regions, predicted eden time: 15.58ms, predicted base time: 1.47ms, target pause time: 200.00ms, remaining time: 182.96ms
[15.060s][debug][gc,ergo       ] GC(526) Running G1 Merge Heap Roots using 10 workers for 107 regions
[15.077s][debug][gc,ergo       ] GC(526) Running G1 Rebuild Free List Task using 10 workers for rebuilding free list of regions
[15.077s][debug][gc,ergo,heap  ] GC(526) Heap expansion: short term pause time ratio 51.26% long term pause time ratio 50.72% threshold 7.69% pause time ratio 7.69% fully expanded true resize by 0B
[15.077s][debug][gc,ergo,refine] GC(526) Concurrent refinement times: Logged Cards Scan time goal: 20.00ms Logged Cards Scan time: 0.03ms HCC time: 0.00ms
[15.077s][trace][gc,ergo,refine] GC(526) Updating Refinement Zones: logged cards scan time: 0.031ms, processed cards: 27, goal time: 20.000ms
[15.077s][debug][gc,ergo,refine] GC(526) Updated Refinement Zones: green: 2560, yellow: 7680, red: 12800
[15.077s][info ][gc,phases     ] GC(526)   Pre Evacuate Collection Set: 0.2ms
[15.077s][info ][gc,phases     ] GC(526)   Merge Heap Roots: 0.2ms
[15.077s][info ][gc,phases     ] GC(526)   Evacuate Collection Set: 15.4ms
[15.077s][info ][gc,phases     ] GC(526)   Post Evacuate Collection Set: 0.7ms
[15.077s][info ][gc,phases     ] GC(526)   Other: 0.2ms
[15.077s][info ][gc,heap       ] GC(526) Eden regions: 89->0(65)
[15.077s][info ][gc,heap       ] GC(526) Survivor regions: 18->14(14)
[15.077s][info ][gc,heap       ] GC(526) Old regions: 646->714
[15.077s][info ][gc,heap       ] GC(526) Archive regions: 0->0
[15.077s][info ][gc,heap       ] GC(526) Humongous regions: 0->0
[15.077s][info ][gc,metaspace  ] GC(526) Metaspace: 6341K(6464K)->6341K(6464K) NonClass: 5794K(5824K)->5794K(5824K) Class: 546K(640K)->546K(640K)
[15.077s][debug][gc,heap       ] GC(526) Heap after GC invocations=527 (full 0):
[15.077s][debug][gc,heap       ] GC(526)  garbage-first heap   total 1048576K, used 744748K [0x00000000c0000000, 0x0000000100000000)
[15.077s][debug][gc,heap       ] GC(526)   region size 1024K, 14 young (14336K), 14 survivors (14336K)
[15.077s][debug][gc,heap       ] GC(526)  Metaspace       used 6341K, committed 6464K, reserved 1114112K
[15.077s][debug][gc,heap       ] GC(526)   class space    used 546K, committed 640K, reserved 1048576K
[15.077s][info ][gc            ] GC(526) Pause Young (Normal) (G1 Evacuation Pause) 752M->727M(1024M) 16.665ms
[15.077s][info ][gc,cpu        ] GC(526) User=0.15s Sys=0.00s Real=0.02s
[15.077s][info ][safepoint     ] Safepoint "G1CollectForAllocation", Time since last: 13823900 ns, Reaching safepoint: 7000 ns, Cleanup: 6300 ns, At safepoint: 16775601 ns, Total: 16788901 ns
[15.088s][debug][gc,heap       ] GC(527) Heap before GC invocations=527 (full 0):
[15.088s][debug][gc,heap       ] GC(527)  garbage-first heap   total 1048576K, used 810284K [0x00000000c0000000, 0x0000000100000000)
[15.088s][debug][gc,heap       ] GC(527)   region size 1024K, 79 young (80896K), 14 survivors (14336K)
[15.088s][debug][gc,heap       ] GC(527)  Metaspace       used 6341K, committed 6464K, reserved 1114112K
[15.088s][debug][gc,heap       ] GC(527)   class space    used 546K, committed 640K, reserved 1048576K
[15.088s][info ][gc,start      ] GC(527) Pause Young (Normal) (G1 Evacuation Pause)
[15.088s][info ][gc,task       ] GC(527) Using 10 workers of 10 for evacuation
[15.088s][trace][gc,ergo,cset  ] GC(527) Start choosing CSet. Pending cards: 40 target pause time: 200.00ms
[15.088s][trace][gc,ergo,cset  ] GC(527) Added young regions to CSet. Eden: 65 regions, Survivors: 14 regions, predicted eden time: 11.55ms, predicted base time: 1.35ms, target pause time: 200.00ms, remaining time: 187.10ms
[15.088s][debug][gc,ergo       ] GC(527) Running G1 Merge Heap Roots using 10 workers for 79 regions
[15.102s][debug][gc,ergo       ] GC(527) Running G1 Rebuild Free List Task using 10 workers for rebuilding free list of regions
[15.102s][debug][gc,ergo,heap  ] GC(527) Heap expansion: short term pause time ratio 53.59% long term pause time ratio 52.34% threshold 7.69% pause time ratio 7.69% fully expanded true resize by 0B
[15.102s][debug][gc,ergo,refine] GC(527) Concurrent refinement times: Logged Cards Scan time goal: 20.00ms Logged Cards Scan time: 0.02ms HCC time: 0.00ms
[15.102s][trace][gc,ergo,refine] GC(527) Updating Refinement Zones: logged cards scan time: 0.023ms, processed cards: 24, goal time: 20.000ms
[15.102s][debug][gc,ergo,refine] GC(527) Updated Refinement Zones: green: 2560, yellow: 7680, red: 12800
[15.102s][info ][gc,phases     ] GC(527)   Pre Evacuate Collection Set: 0.2ms
[15.102s][info ][gc,phases     ] GC(527)   Merge Heap Roots: 0.2ms
[15.102s][info ][gc,phases     ] GC(527)   Evacuate Collection Set: 12.4ms
[15.102s][info ][gc,phases     ] GC(527)   Post Evacuate Collection Set: 0.7ms
[15.102s][info ][gc,phases     ] GC(527)   Other: 0.2ms
[15.102s][info ][gc,heap       ] GC(527) Eden regions: 65->0(46)
[15.102s][info ][gc,heap       ] GC(527) Survivor regions: 14->10(10)
[15.102s][info ][gc,heap       ] GC(527) Old regions: 714->770
[15.102s][info ][gc,heap       ] GC(527) Archive regions: 0->0
[15.102s][info ][gc,heap       ] GC(527) Humongous regions: 0->0
[15.102s][info ][gc,metaspace  ] GC(527) Metaspace: 6341K(6464K)->6341K(6464K) NonClass: 5794K(5824K)->5794K(5824K) Class: 546K(640K)->546K(640K)
[15.102s][debug][gc,heap       ] GC(527) Heap after GC invocations=528 (full 0):
[15.102s][debug][gc,heap       ] GC(527)  garbage-first heap   total 1048576K, used 798296K [0x00000000c0000000, 0x0000000100000000)
[15.102s][debug][gc,heap       ] GC(527)   region size 1024K, 10 young (10240K), 10 survivors (10240K)
[15.102s][debug][gc,heap       ] GC(527)  Metaspace       used 6341K, committed 6464K, reserved 1114112K
[15.102s][debug][gc,heap       ] GC(527)   class space    used 546K, committed 640K, reserved 1048576K
[15.102s][info ][gc            ] GC(527) Pause Young (Normal) (G1 Evacuation Pause) 792M->779M(1024M) 13.713ms
[15.102s][info ][gc,cpu        ] GC(527) User=0.12s Sys=0.00s Real=0.01s
[15.102s][info ][safepoint     ] Safepoint "G1CollectForAllocation", Time since last: 11211500 ns, Reaching safepoint: 6700 ns, Cleanup: 6000 ns, At safepoint: 13828901 ns, Total: 13841601 ns
[15.109s][debug][gc,heap       ] GC(528) Heap before GC invocations=528 (full 0):
[15.109s][debug][gc,heap       ] GC(528)  garbage-first heap   total 1048576K, used 844376K [0x00000000c0000000, 0x0000000100000000)
[15.109s][debug][gc,heap       ] GC(528)   region size 1024K, 56 young (57344K), 10 survivors (10240K)
[15.109s][debug][gc,heap       ] GC(528)  Metaspace       used 6341K, committed 6464K, reserved 1114112K
[15.109s][debug][gc,heap       ] GC(528)   class space    used 546K, committed 640K, reserved 1048576K
[15.109s][info ][gc,start      ] GC(528) Pause Young (Normal) (G1 Evacuation Pause)
[15.109s][info ][gc,task       ] GC(528) Using 10 workers of 10 for evacuation
[15.109s][trace][gc,ergo,cset  ] GC(528) Start choosing CSet. Pending cards: 33 target pause time: 200.00ms
[15.109s][trace][gc,ergo,cset  ] GC(528) Added young regions to CSet. Eden: 46 regions, Survivors: 10 regions, predicted eden time: 8.38ms, predicted base time: 1.24ms, target pause time: 200.00ms, remaining time: 190.37ms
[15.110s][debug][gc,ergo       ] GC(528) Running G1 Merge Heap Roots using 10 workers for 56 regions
[15.120s][debug][gc,ergo       ] GC(528) Running G1 Rebuild Free List Task using 10 workers for rebuilding free list of regions
[15.120s][debug][gc,ergo,heap  ] GC(528) Heap expansion: short term pause time ratio 54.12% long term pause time ratio 50.94% threshold 7.69% pause time ratio 7.69% fully expanded true resize by 0B
[15.120s][debug][gc,ergo,refine] GC(528) Concurrent refinement times: Logged Cards Scan time goal: 20.00ms Logged Cards Scan time: 0.02ms HCC time: 0.00ms
[15.120s][trace][gc,ergo,refine] GC(528) Updating Refinement Zones: logged cards scan time: 0.020ms, processed cards: 16, goal time: 20.000ms
[15.120s][debug][gc,ergo,refine] GC(528) Updated Refinement Zones: green: 2560, yellow: 7680, red: 12800
[15.120s][info ][gc,phases     ] GC(528)   Pre Evacuate Collection Set: 0.2ms
[15.120s][info ][gc,phases     ] GC(528)   Merge Heap Roots: 0.2ms
[15.120s][info ][gc,phases     ] GC(528)   Evacuate Collection Set: 9.3ms
[15.120s][info ][gc,phases     ] GC(528)   Post Evacuate Collection Set: 0.7ms
[15.120s][info ][gc,phases     ] GC(528)   Other: 0.2ms
[15.120s][info ][gc,heap       ] GC(528) Eden regions: 46->0(44)
[15.120s][info ][gc,heap       ] GC(528) Survivor regions: 10->7(7)
[15.120s][info ][gc,heap       ] GC(528) Old regions: 770->812
[15.120s][info ][gc,heap       ] GC(528) Archive regions: 0->0
[15.120s][info ][gc,heap       ] GC(528) Humongous regions: 0->0
[15.120s][info ][gc,metaspace  ] GC(528) Metaspace: 6341K(6464K)->6341K(6464K) NonClass: 5794K(5824K)->5794K(5824K) Class: 546K(640K)->546K(640K)
[15.120s][debug][gc,heap       ] GC(528) Heap after GC invocations=529 (full 0):
[15.120s][debug][gc,heap       ] GC(528)  garbage-first heap   total 1048576K, used 838532K [0x00000000c0000000, 0x0000000100000000)
[15.120s][debug][gc,heap       ] GC(528)   region size 1024K, 7 young (7168K), 7 survivors (7168K)
[15.120s][debug][gc,heap       ] GC(528)  Metaspace       used 6341K, committed 6464K, reserved 1114112K
[15.120s][debug][gc,heap       ] GC(528)   class space    used 546K, committed 640K, reserved 1048576K
[15.120s][info ][gc            ] GC(528) Pause Young (Normal) (G1 Evacuation Pause) 825M->818M(1024M) 10.637ms
[15.120s][info ][gc,cpu        ] GC(528) User=0.09s Sys=0.00s Real=0.01s
[15.120s][info ][safepoint     ] Safepoint "G1CollectForAllocation", Time since last: 7253100 ns, Reaching safepoint: 6000 ns, Cleanup: 5100 ns, At safepoint: 10819401 ns, Total: 10830501 ns
[15.126s][debug][gc,heap       ] GC(529) Heap before GC invocations=529 (full 0):
[15.126s][debug][gc,heap       ] GC(529)  garbage-first heap   total 1048576K, used 882564K [0x00000000c0000000, 0x0000000100000000)
[15.126s][debug][gc,heap       ] GC(529)   region size 1024K, 51 young (52224K), 7 survivors (7168K)
[15.126s][debug][gc,heap       ] GC(529)  Metaspace       used 6341K, committed 6464K, reserved 1114112K
[15.126s][debug][gc,heap       ] GC(529)   class space    used 546K, committed 640K, reserved 1048576K
[15.126s][info ][gc,start      ] GC(529) Pause Young (Normal) (G1 Evacuation Pause)
[15.126s][info ][gc,task       ] GC(529) Using 10 workers of 10 for evacuation
[15.126s][trace][gc,ergo,cset  ] GC(529) Start choosing CSet. Pending cards: 28 target pause time: 200.00ms
[15.126s][trace][gc,ergo,cset  ] GC(529) Added young regions to CSet. Eden: 44 regions, Survivors: 7 regions, predicted eden time: 7.97ms, predicted base time: 1.17ms, target pause time: 200.00ms, remaining time: 190.86ms
[15.126s][debug][gc,ergo       ] GC(529) Running G1 Merge Heap Roots using 10 workers for 51 regions
[15.136s][debug][gc,ergo       ] GC(529) Running G1 Rebuild Free List Task using 10 workers for rebuilding free list of regions
[15.136s][debug][gc,ergo,heap  ] GC(529) Heap expansion: short term pause time ratio 58.13% long term pause time ratio 51.85% threshold 7.69% pause time ratio 7.69% fully expanded true resize by 0B
[15.136s][debug][gc,ergo,ihop  ] GC(529) Request concurrent cycle initiation (occupancy higher than threshold) occupancy: 892338176B allocation request: 0B threshold: 859203093B (80.02) source: end of GC
[15.136s][debug][gc,ergo,refine] GC(529) Concurrent refinement times: Logged Cards Scan time goal: 20.00ms Logged Cards Scan time: 0.01ms HCC time: 0.00ms
[15.136s][trace][gc,ergo,refine] GC(529) Updating Refinement Zones: logged cards scan time: 0.014ms, processed cards: 19, goal time: 20.000ms
[15.136s][debug][gc,ergo,refine] GC(529) Updated Refinement Zones: green: 2560, yellow: 7680, red: 12800
[15.136s][info ][gc,phases     ] GC(529)   Pre Evacuate Collection Set: 0.3ms
[15.136s][info ][gc,phases     ] GC(529)   Merge Heap Roots: 0.2ms
[15.136s][info ][gc,phases     ] GC(529)   Evacuate Collection Set: 9.0ms
[15.136s][info ][gc,phases     ] GC(529)   Post Evacuate Collection Set: 0.7ms
[15.136s][info ][gc,phases     ] GC(529)   Other: 0.3ms
[15.136s][info ][gc,heap       ] GC(529) Eden regions: 44->0(44)
[15.136s][info ][gc,heap       ] GC(529) Survivor regions: 7->7(7)
[15.136s][info ][gc,heap       ] GC(529) Old regions: 812->851
[15.136s][info ][gc,heap       ] GC(529) Archive regions: 0->0
[15.136s][info ][gc,heap       ] GC(529) Humongous regions: 0->0
[15.136s][info ][gc,metaspace  ] GC(529) Metaspace: 6341K(6464K)->6341K(6464K) NonClass: 5794K(5824K)->5794K(5824K) Class: 546K(640K)->546K(640K)
[15.136s][debug][gc,heap       ] GC(529) Heap after GC invocations=530 (full 0):
[15.136s][debug][gc,heap       ] GC(529)  garbage-first heap   total 1048576K, used 877868K [0x00000000c0000000, 0x0000000100000000)
[15.136s][debug][gc,heap       ] GC(529)   region size 1024K, 7 young (7168K), 7 survivors (7168K)
[15.136s][debug][gc,heap       ] GC(529)  Metaspace       used 6341K, committed 6464K, reserved 1114112K
[15.136s][debug][gc,heap       ] GC(529)   class space    used 546K, committed 640K, reserved 1048576K
[15.136s][info ][gc            ] GC(529) Pause Young (Normal) (G1 Evacuation Pause) 862M->857M(1024M) 10.329ms
[15.137s][info ][gc,cpu        ] GC(529) User=0.08s Sys=0.00s Real=0.01s
[15.137s][info ][safepoint     ] Safepoint "G1CollectForAllocation", Time since last: 5991400 ns, Reaching safepoint: 7700 ns, Cleanup: 6600 ns, At safepoint: 10473000 ns, Total: 10487300 ns
[15.142s][debug][gc,heap       ] GC(530) Heap before GC invocations=530 (full 0):
[15.142s][debug][gc,heap       ] GC(530)  garbage-first heap   total 1048576K, used 921900K [0x00000000c0000000, 0x0000000100000000)
[15.142s][debug][gc,heap       ] GC(530)   region size 1024K, 51 young (52224K), 7 survivors (7168K)
[15.142s][debug][gc,heap       ] GC(530)  Metaspace       used 6341K, committed 6464K, reserved 1114112K
[15.142s][debug][gc,heap       ] GC(530)   class space    used 546K, committed 640K, reserved 1048576K
[15.142s][debug][gc,ergo       ] GC(530) Initiate concurrent cycle (concurrent cycle initiation requested)
[15.142s][info ][gc,start      ] GC(530) Pause Young (Concurrent Start) (G1 Evacuation Pause)
[15.142s][info ][gc,task       ] GC(530) Using 10 workers of 10 for evacuation
[15.142s][trace][gc,ergo,cset  ] GC(530) Start choosing CSet. Pending cards: 29 target pause time: 200.00ms
[15.142s][trace][gc,ergo,cset  ] GC(530) Added young regions to CSet. Eden: 44 regions, Survivors: 7 regions, predicted eden time: 7.89ms, predicted base time: 1.11ms, target pause time: 200.00ms, remaining time: 191.00ms
[15.143s][debug][gc,ergo       ] GC(530) Running G1 Merge Heap Roots using 10 workers for 51 regions
[15.152s][debug][gc,ergo       ] GC(530) Running G1 Rebuild Free List Task using 10 workers for rebuilding free list of regions
[15.152s][debug][gc,ergo,heap  ] GC(530) Heap expansion: short term pause time ratio 61.46% long term pause time ratio 53.33% threshold 7.69% pause time ratio 7.69% fully expanded true resize by 0B
[15.152s][debug][gc,ergo,refine] GC(530) Concurrent refinement times: Logged Cards Scan time goal: 20.00ms Logged Cards Scan time: 0.05ms HCC time: 0.00ms
[15.152s][trace][gc,ergo,refine] GC(530) Updating Refinement Zones: logged cards scan time: 0.046ms, processed cards: 20, goal time: 20.000ms
[15.152s][debug][gc,ergo,refine] GC(530) Updated Refinement Zones: green: 2560, yellow: 7680, red: 12800
[15.152s][info ][gc,phases     ] GC(530)   Pre Evacuate Collection Set: 0.3ms
[15.152s][info ][gc,phases     ] GC(530)   Merge Heap Roots: 0.2ms
[15.152s][info ][gc,phases     ] GC(530)   Evacuate Collection Set: 8.4ms
[15.152s][info ][gc,phases     ] GC(530)   Post Evacuate Collection Set: 0.8ms
[15.152s][info ][gc,phases     ] GC(530)   Other: 0.3ms
[15.152s][info ][gc,heap       ] GC(530) Eden regions: 44->0(44)
[15.152s][info ][gc,heap       ] GC(530) Survivor regions: 7->7(7)
[15.152s][info ][gc,heap       ] GC(530) Old regions: 851->888
[15.152s][info ][gc,heap       ] GC(530) Archive regions: 0->0
[15.152s][info ][gc,heap       ] GC(530) Humongous regions: 0->0
[15.152s][info ][gc,metaspace  ] GC(530) Metaspace: 6341K(6464K)->6341K(6464K) NonClass: 5794K(5824K)->5794K(5824K) Class: 546K(640K)->546K(640K)
[15.152s][debug][gc,heap       ] GC(530) Heap after GC invocations=531 (full 0):
[15.152s][debug][gc,heap       ] GC(530)  garbage-first heap   total 1048576K, used 915956K [0x00000000c0000000, 0x0000000100000000)
[15.152s][debug][gc,heap       ] GC(530)   region size 1024K, 7 young (7168K), 7 survivors (7168K)
[15.152s][debug][gc,heap       ] GC(530)  Metaspace       used 6341K, committed 6464K, reserved 1114112K
[15.152s][debug][gc,heap       ] GC(530)   class space    used 546K, committed 640K, reserved 1048576K
[15.152s][info ][gc            ] GC(530) Pause Young (Concurrent Start) (G1 Evacuation Pause) 901M->894M(1024M) 9.919ms
[15.152s][info ][gc,cpu        ] GC(530) User=0.08s Sys=0.00s Real=0.01s
[15.152s][info ][safepoint     ] Safepoint "G1CollectForAllocation", Time since last: 5667900 ns, Reaching safepoint: 5200 ns, Cleanup: 4700 ns, At safepoint: 10065001 ns, Total: 10074901 ns
[15.152s][info ][gc            ] GC(531) Concurrent Mark Cycle
[15.152s][info ][gc,marking    ] GC(531) Concurrent Clear Claimed Marks
[15.152s][info ][gc,marking    ] GC(531) Concurrent Clear Claimed Marks 0.016ms
[15.152s][info ][gc,marking    ] GC(531) Concurrent Scan Root Regions
[15.152s][debug][gc,ergo       ] GC(531) Running G1 Root Region Scan using 3 workers for 45 work units.
[15.153s][info ][gc,marking    ] GC(531) Concurrent Scan Root Regions 0.231ms
[15.153s][info ][gc,marking    ] GC(531) Concurrent Mark
[15.153s][info ][gc,marking    ] GC(531) Concurrent Mark From Roots
[15.153s][info ][gc,task       ] GC(531) Using 3 workers of 3 for marking
[15.159s][info ][gc,marking    ] GC(531) Concurrent Mark From Roots 6.679ms
[15.159s][info ][gc,marking    ] GC(531) Concurrent Preclean
[15.159s][info ][gc,marking    ] GC(531) Concurrent Preclean 0.055ms
[15.159s][info ][gc,start      ] GC(531) Pause Remark
[15.160s][debug][gc,ergo       ] GC(531) Running G1 Update RemSet Tracking Before Rebuild using 3 workers for 1024 regions in heap
[15.161s][info ][gc            ] GC(531) Pause Remark 929M->523M(1024M) 1.526ms
[15.161s][info ][gc,cpu        ] GC(531) User=0.00s Sys=0.00s Real=0.00s
[15.161s][info ][safepoint     ] Safepoint "G1PauseRemark", Time since last: 7210200 ns, Reaching safepoint: 4400 ns, Cleanup: 3800 ns, At safepoint: 1567800 ns, Total: 1576000 ns
[15.161s][info ][gc,marking    ] GC(531) Concurrent Mark 8.521ms
[15.161s][info ][gc,marking    ] GC(531) Concurrent Rebuild Remembered Sets
[15.162s][debug][gc,heap       ] GC(532) Heap before GC invocations=531 (full 0):
[15.163s][debug][gc,heap       ] GC(532)  garbage-first heap   total 1048576K, used 544244K [0x00000000c0000000, 0x0000000100000000)
[15.163s][debug][gc,heap       ] GC(532)   region size 1024K, 51 young (52224K), 7 survivors (7168K)
[15.163s][debug][gc,heap       ] GC(532)  Metaspace       used 6341K, committed 6464K, reserved 1114112K
[15.163s][debug][gc,heap       ] GC(532)   class space    used 546K, committed 640K, reserved 1048576K
[15.163s][info ][gc,start      ] GC(532) Pause Young (Normal) (G1 Evacuation Pause)
[15.163s][info ][gc,task       ] GC(532) Using 10 workers of 10 for evacuation
[15.163s][trace][gc,ergo,cset  ] GC(532) Start choosing CSet. Pending cards: 64 target pause time: 200.00ms
[15.163s][trace][gc,ergo,cset  ] GC(532) Added young regions to CSet. Eden: 44 regions, Survivors: 7 regions, predicted eden time: 7.57ms, predicted base time: 1.12ms, target pause time: 200.00ms, remaining time: 191.30ms
[15.163s][debug][gc,ergo       ] GC(532) Running G1 Merge Heap Roots using 10 workers for 51 regions
[15.172s][debug][gc,ergo       ] GC(532) Running G1 Rebuild Free List Task using 10 workers for rebuilding free list of regions
[15.173s][debug][gc,ergo,heap  ] GC(532) Heap expansion: short term pause time ratio 16.82% long term pause time ratio 51.75% threshold 7.69% pause time ratio 7.69% fully expanded true resize by 0B
[15.173s][debug][gc,ergo,refine] GC(532) Concurrent refinement times: Logged Cards Scan time goal: 20.00ms Logged Cards Scan time: 0.02ms HCC time: 0.00ms
[15.173s][trace][gc,ergo,refine] GC(532) Updating Refinement Zones: logged cards scan time: 0.019ms, processed cards: 39, goal time: 19.999ms
[15.173s][debug][gc,ergo,refine] GC(532) Updated Refinement Zones: green: 2560, yellow: 7680, red: 12800
[15.173s][info ][gc,phases     ] GC(532)   Pre Evacuate Collection Set: 0.2ms
[15.173s][info ][gc,phases     ] GC(532)   Merge Heap Roots: 0.2ms
[15.173s][info ][gc,phases     ] GC(532)   Evacuate Collection Set: 9.0ms
[15.173s][info ][gc,phases     ] GC(532)   Post Evacuate Collection Set: 0.6ms
[15.173s][info ][gc,phases     ] GC(532)   Other: 0.2ms
[15.173s][info ][gc,heap       ] GC(532) Eden regions: 44->0(135)
[15.173s][info ][gc,heap       ] GC(532) Survivor regions: 7->7(7)
[15.173s][info ][gc,heap       ] GC(532) Old regions: 482->520
[15.173s][info ][gc,heap       ] GC(532) Archive regions: 0->0
[15.173s][info ][gc,heap       ] GC(532) Humongous regions: 0->0
[15.173s][info ][gc,metaspace  ] GC(532) Metaspace: 6341K(6464K)->6341K(6464K) NonClass: 5794K(5824K)->5794K(5824K) Class: 546K(640K)->546K(640K)
[15.173s][debug][gc,heap       ] GC(532) Heap after GC invocations=532 (full 0):
[15.173s][debug][gc,heap       ] GC(532)  garbage-first heap   total 1048576K, used 539124K [0x00000000c0000000, 0x0000000100000000)
[15.173s][debug][gc,heap       ] GC(532)   region size 1024K, 7 young (7168K), 7 survivors (7168K)
[15.173s][debug][gc,heap       ] GC(532)  Metaspace       used 6341K, committed 6464K, reserved 1114112K
[15.173s][debug][gc,heap       ] GC(532)   class space    used 546K, committed 640K, reserved 1048576K
[15.173s][info ][gc            ] GC(532) Pause Young (Normal) (G1 Evacuation Pause) 532M->526M(1024M) 10.179ms
[15.173s][info ][gc,cpu        ] GC(532) User=0.08s Sys=0.00s Real=0.01s
[15.173s][info ][safepoint     ] Safepoint "G1CollectForAllocation", Time since last: 1364900 ns, Reaching safepoint: 50100 ns, Cleanup: 4300 ns, At safepoint: 10352800 ns, Total: 10407200 ns
[15.175s][info ][gc,marking    ] GC(531) Concurrent Rebuild Remembered Sets 14.298ms
[15.176s][info ][gc,start      ] GC(531) Pause Cleanup
[15.176s][debug][gc,ergo,cset  ] GC(531) Pruned 124 regions out of 423, leaving 52854752 bytes waste (allowed 53687091)
[15.176s][info ][gc            ] GC(531) Pause Cleanup 539M->539M(1024M) 0.600ms
[15.176s][info ][gc,cpu        ] GC(531) User=0.00s Sys=0.00s Real=0.00s
[15.176s][info ][safepoint     ] Safepoint "G1PauseCleanup", Time since last: 2811001 ns, Reaching safepoint: 6600 ns, Cleanup: 6000 ns, At safepoint: 628800 ns, Total: 641400 ns
[15.176s][info ][gc,marking    ] GC(531) Concurrent Cleanup for Next Mark
[15.176s][debug][gc,ergo       ] GC(531) Running G1 Clear Bitmap with 3 workers for 16 work units.
[15.179s][info ][gc,marking    ] GC(531) Concurrent Cleanup for Next Mark 3.069ms
[15.180s][info ][gc            ] GC(531) Concurrent Mark Cycle 27.268ms
[15.194s][debug][gc,heap       ] GC(533) Heap before GC invocations=533 (full 0):
[15.194s][debug][gc,heap       ] GC(533)  garbage-first heap   total 1048576K, used 676340K [0x00000000c0000000, 0x0000000100000000)
[15.194s][debug][gc,heap       ] GC(533)   region size 1024K, 142 young (145408K), 7 survivors (7168K)
[15.194s][debug][gc,heap       ] GC(533)  Metaspace       used 6341K, committed 6464K, reserved 1114112K
[15.194s][debug][gc,heap       ] GC(533)   class space    used 546K, committed 640K, reserved 1048576K
[15.194s][info ][gc,start      ] GC(533) Pause Young (Prepare Mixed) (G1 Evacuation Pause)
[15.194s][info ][gc,task       ] GC(533) Using 10 workers of 10 for evacuation
[15.194s][trace][gc,ergo,cset  ] GC(533) Start choosing CSet. Pending cards: 50 target pause time: 200.00ms
[15.194s][trace][gc,ergo,cset  ] GC(533) Added young regions to CSet. Eden: 135 regions, Survivors: 7 regions, predicted eden time: 22.41ms, predicted base time: 1.19ms, target pause time: 200.00ms, remaining time: 176.40ms
[15.194s][debug][gc,ergo       ] GC(533) Running G1 Merge Heap Roots using 10 workers for 142 regions
[15.214s][debug][gc,ergo       ] GC(533) Running G1 Rebuild Free List Task using 10 workers for rebuilding free list of regions
[15.215s][debug][gc,ergo,heap  ] GC(533) Heap expansion: short term pause time ratio 15.49% long term pause time ratio 52.15% threshold 7.69% pause time ratio 7.69% fully expanded true resize by 0B
[15.215s][debug][gc,ergo,refine] GC(533) Concurrent refinement times: Logged Cards Scan time goal: 20.00ms Logged Cards Scan time: 0.09ms HCC time: 0.00ms
[15.215s][trace][gc,ergo,refine] GC(533) Updating Refinement Zones: logged cards scan time: 0.085ms, processed cards: 33, goal time: 19.999ms
[15.215s][debug][gc,ergo,refine] GC(533) Updated Refinement Zones: green: 2560, yellow: 7680, red: 12800
[15.215s][info ][gc,phases     ] GC(533)   Pre Evacuate Collection Set: 0.3ms
[15.215s][info ][gc,phases     ] GC(533)   Merge Heap Roots: 0.2ms
[15.215s][info ][gc,phases     ] GC(533)   Evacuate Collection Set: 19.1ms
[15.215s][info ][gc,phases     ] GC(533)   Post Evacuate Collection Set: 1.1ms
[15.215s][info ][gc,phases     ] GC(533)   Other: 0.4ms
[15.215s][info ][gc,heap       ] GC(533) Eden regions: 135->0(33)
[15.215s][info ][gc,heap       ] GC(533) Survivor regions: 7->18(18)
[15.215s][info ][gc,heap       ] GC(533) Old regions: 520->603
[15.215s][info ][gc,heap       ] GC(533) Archive regions: 0->0
[15.215s][info ][gc,heap       ] GC(533) Humongous regions: 0->0
[15.215s][info ][gc,metaspace  ] GC(533) Metaspace: 6341K(6464K)->6341K(6464K) NonClass: 5794K(5824K)->5794K(5824K) Class: 546K(640K)->546K(640K)
[15.215s][debug][gc,heap       ] GC(533) Heap after GC invocations=534 (full 0):
[15.215s][debug][gc,heap       ] GC(533)  garbage-first heap   total 1048576K, used 635180K [0x00000000c0000000, 0x0000000100000000)
[15.215s][debug][gc,heap       ] GC(533)   region size 1024K, 18 young (18432K), 18 survivors (18432K)
[15.215s][debug][gc,heap       ] GC(533)  Metaspace       used 6341K, committed 6464K, reserved 1114112K
[15.215s][debug][gc,heap       ] GC(533)   class space    used 546K, committed 640K, reserved 1048576K
[15.215s][info ][gc            ] GC(533) Pause Young (Prepare Mixed) (G1 Evacuation Pause) 661M->620M(1024M) 21.158ms
[15.215s][info ][gc,cpu        ] GC(533) User=0.18s Sys=0.01s Real=0.02s
[15.215s][info ][safepoint     ] Safepoint "G1CollectForAllocation", Time since last: 17460900 ns, Reaching safepoint: 7500 ns, Cleanup: 7100 ns, At safepoint: 21334401 ns, Total: 21349001 ns
[15.221s][debug][gc,heap       ] GC(534) Heap before GC invocations=534 (full 0):
[15.222s][debug][gc,heap       ] GC(534)  garbage-first heap   total 1048576K, used 667948K [0x00000000c0000000, 0x0000000100000000)
[15.222s][debug][gc,heap       ] GC(534)   region size 1024K, 51 young (52224K), 18 survivors (18432K)
[15.222s][debug][gc,heap       ] GC(534)  Metaspace       used 6341K, committed 6464K, reserved 1114112K
[15.222s][debug][gc,heap       ] GC(534)   class space    used 546K, committed 640K, reserved 1048576K
[15.222s][info ][gc,start      ] GC(534) Pause Young (Mixed) (G1 Evacuation Pause)
[15.222s][info ][gc,task       ] GC(534) Using 10 workers of 10 for evacuation
[15.222s][trace][gc,ergo,cset  ] GC(534) Start choosing CSet. Pending cards: 57 target pause time: 200.00ms
[15.222s][trace][gc,ergo,cset  ] GC(534) Added young regions to CSet. Eden: 33 regions, Survivors: 18 regions, predicted eden time: 5.99ms, predicted base time: 1.32ms, target pause time: 200.00ms, remaining time: 192.68ms
[15.222s][debug][gc,ergo,cset  ] GC(534) Start adding old regions to collection set. Min 38 regions, max 103 regions, time remaining 192.68ms, optional threshold 38.54ms
[15.222s][debug][gc,ergo,cset  ] GC(534) Finish adding old regions to collection set (Maximum number of regions). Initial 103 regions, optional 0 regions
[15.222s][debug][gc,ergo,cset  ] GC(534) Finish choosing collection set old regions. Initial: 103, optional: 0, predicted old time: 0.00ms, predicted optional time: 0.00ms, time remaining: 189.72
[15.222s][debug][gc,ergo       ] GC(534) Running G1 Merge Heap Roots using 10 workers for 154 regions
[15.232s][debug][gc,ergo       ] GC(534) Running G1 Rebuild Free List Task using 10 workers for rebuilding free list of regions
[15.232s][debug][gc,ergo,heap  ] GC(534) Heap expansion: short term pause time ratio 54.05% long term pause time ratio 54.47% threshold 7.69% pause time ratio 7.69% fully expanded true resize by 0B
[15.232s][debug][gc,ergo,refine] GC(534) Concurrent refinement times: Logged Cards Scan time goal: 20.00ms Logged Cards Scan time: 0.04ms HCC time: 0.00ms
[15.232s][trace][gc,ergo,refine] GC(534) Updating Refinement Zones: logged cards scan time: 0.042ms, processed cards: 29, goal time: 19.998ms
[15.232s][debug][gc,ergo,refine] GC(534) Updated Refinement Zones: green: 2560, yellow: 7680, red: 12800
[15.232s][info ][gc,phases     ] GC(534)   Pre Evacuate Collection Set: 0.4ms
[15.232s][info ][gc,phases     ] GC(534)   Merge Heap Roots: 0.4ms
[15.232s][info ][gc,phases     ] GC(534)   Evacuate Collection Set: 9.2ms
[15.232s][info ][gc,phases     ] GC(534)   Post Evacuate Collection Set: 0.6ms
[15.232s][info ][gc,phases     ] GC(534)   Other: 0.3ms
[15.232s][info ][gc,heap       ] GC(534) Eden regions: 33->0(44)
[15.232s][info ][gc,heap       ] GC(534) Survivor regions: 18->7(7)
[15.232s][info ][gc,heap       ] GC(534) Old regions: 603->543
[15.232s][info ][gc,heap       ] GC(534) Archive regions: 0->0
[15.232s][info ][gc,heap       ] GC(534) Humongous regions: 0->0
[15.232s][info ][gc,metaspace  ] GC(534) Metaspace: 6341K(6464K)->6341K(6464K) NonClass: 5794K(5824K)->5794K(5824K) Class: 546K(640K)->546K(640K)
[15.232s][debug][gc,heap       ] GC(534) Heap after GC invocations=535 (full 0):
[15.232s][debug][gc,heap       ] GC(534)  garbage-first heap   total 1048576K, used 562776K [0x00000000c0000000, 0x0000000100000000)
[15.232s][debug][gc,heap       ] GC(534)   region size 1024K, 7 young (7168K), 7 survivors (7168K)
[15.232s][debug][gc,heap       ] GC(534)  Metaspace       used 6341K, committed 6464K, reserved 1114112K
[15.232s][debug][gc,heap       ] GC(534)   class space    used 546K, committed 640K, reserved 1048576K
[15.232s][info ][gc            ] GC(534) Pause Young (Mixed) (G1 Evacuation Pause) 653M->549M(1024M) 10.828ms
[15.232s][info ][gc,cpu        ] GC(534) User=0.09s Sys=0.00s Real=0.01s
[15.232s][info ][safepoint     ] Safepoint "G1CollectForAllocation", Time since last: 6283800 ns, Reaching safepoint: 12500 ns, Cleanup: 11200 ns, At safepoint: 11022401 ns, Total: 11046101 ns
[15.239s][debug][gc,heap       ] GC(535) Heap before GC invocations=535 (full 0):
[15.239s][debug][gc,heap       ] GC(535)  garbage-first heap   total 1048576K, used 606808K [0x00000000c0000000, 0x0000000100000000)
[15.239s][debug][gc,heap       ] GC(535)   region size 1024K, 51 young (52224K), 7 survivors (7168K)
[15.239s][debug][gc,heap       ] GC(535)  Metaspace       used 6341K, committed 6464K, reserved 1114112K
[15.239s][debug][gc,heap       ] GC(535)   class space    used 546K, committed 640K, reserved 1048576K
[15.239s][info ][gc,start      ] GC(535) Pause Young (Mixed) (G1 Evacuation Pause)
[15.239s][info ][gc,task       ] GC(535) Using 10 workers of 10 for evacuation
[15.239s][trace][gc,ergo,cset  ] GC(535) Start choosing CSet. Pending cards: 88 target pause time: 200.00ms
[15.239s][trace][gc,ergo,cset  ] GC(535) Added young regions to CSet. Eden: 44 regions, Survivors: 7 regions, predicted eden time: 7.65ms, predicted base time: 1.47ms, target pause time: 200.00ms, remaining time: 190.88ms
[15.239s][debug][gc,ergo,cset  ] GC(535) Start adding old regions to collection set. Min 38 regions, max 103 regions, time remaining 190.88ms, optional threshold 38.18ms
[15.239s][debug][gc,ergo,cset  ] GC(535) Finish adding old regions to collection set (Maximum number of regions). Initial 103 regions, optional 0 regions
[15.239s][debug][gc,ergo,cset  ] GC(535) Finish choosing collection set old regions. Initial: 103, optional: 0, predicted old time: 0.00ms, predicted optional time: 0.00ms, time remaining: 186.41
[15.239s][debug][gc,ergo       ] GC(535) Running G1 Merge Heap Roots using 10 workers for 154 regions
[15.250s][debug][gc,ergo       ] GC(535) Running G1 Rebuild Free List Task using 10 workers for rebuilding free list of regions
[15.250s][debug][gc,ergo,heap  ] GC(535) Heap expansion: short term pause time ratio 60.69% long term pause time ratio 55.82% threshold 7.69% pause time ratio 7.69% fully expanded true resize by 0B
[15.250s][debug][gc,ergo,refine] GC(535) Concurrent refinement times: Logged Cards Scan time goal: 20.00ms Logged Cards Scan time: 0.06ms HCC time: 0.00ms
[15.250s][trace][gc,ergo,refine] GC(535) Updating Refinement Zones: logged cards scan time: 0.062ms, processed cards: 50, goal time: 19.999ms
[15.250s][debug][gc,ergo,refine] GC(535) Updated Refinement Zones: green: 2560, yellow: 7680, red: 12800
[15.250s][info ][gc,phases     ] GC(535)   Pre Evacuate Collection Set: 0.4ms
[15.250s][info ][gc,phases     ] GC(535)   Merge Heap Roots: 0.2ms
[15.250s][info ][gc,phases     ] GC(535)   Evacuate Collection Set: 10.0ms
[15.250s][info ][gc,phases     ] GC(535)   Post Evacuate Collection Set: 0.9ms
[15.250s][info ][gc,phases     ] GC(535)   Other: 0.3ms
[15.250s][info ][gc,heap       ] GC(535) Eden regions: 44->0(44)
[15.250s][info ][gc,heap       ] GC(535) Survivor regions: 7->7(7)
[15.250s][info ][gc,heap       ] GC(535) Old regions: 543->485
[15.250s][info ][gc,heap       ] GC(535) Archive regions: 0->0
[15.250s][info ][gc,heap       ] GC(535) Humongous regions: 0->0
[15.250s][info ][gc,metaspace  ] GC(535) Metaspace: 6341K(6464K)->6341K(6464K) NonClass: 5794K(5824K)->5794K(5824K) Class: 546K(640K)->546K(640K)
[15.250s][debug][gc,heap       ] GC(535) Heap after GC invocations=536 (full 0):
[15.250s][debug][gc,heap       ] GC(535)  garbage-first heap   total 1048576K, used 503384K [0x00000000c0000000, 0x0000000100000000)
[15.250s][debug][gc,heap       ] GC(535)   region size 1024K, 7 young (7168K), 7 survivors (7168K)
[15.250s][debug][gc,heap       ] GC(535)  Metaspace       used 6341K, committed 6464K, reserved 1114112K
[15.250s][debug][gc,heap       ] GC(535)   class space    used 546K, committed 640K, reserved 1048576K
[15.250s][info ][gc            ] GC(535) Pause Young (Mixed) (G1 Evacuation Pause) 593M->491M(1024M) 11.721ms
[15.250s][info ][gc,cpu        ] GC(535) User=0.09s Sys=0.00s Real=0.01s
[15.251s][info ][safepoint     ] Safepoint "G1CollectForAllocation", Time since last: 6221900 ns, Reaching safepoint: 6700 ns, Cleanup: 7500 ns, At safepoint: 11855400 ns, Total: 11869600 ns
[15.255s][debug][gc,heap       ] GC(536) Heap before GC invocations=536 (full 0):
[15.255s][debug][gc,heap       ] GC(536)  garbage-first heap   total 1048576K, used 547416K [0x00000000c0000000, 0x0000000100000000)
[15.255s][debug][gc,heap       ] GC(536)   region size 1024K, 51 young (52224K), 7 survivors (7168K)
[15.255s][debug][gc,heap       ] GC(536)  Metaspace       used 6341K, committed 6464K, reserved 1114112K
[15.255s][debug][gc,heap       ] GC(536)   class space    used 546K, committed 640K, reserved 1048576K
[15.255s][info ][gc,start      ] GC(536) Pause Young (Mixed) (G1 Evacuation Pause)
[15.255s][info ][gc,task       ] GC(536) Using 10 workers of 10 for evacuation
[15.255s][trace][gc,ergo,cset  ] GC(536) Start choosing CSet. Pending cards: 105 target pause time: 200.00ms
[15.255s][trace][gc,ergo,cset  ] GC(536) Added young regions to CSet. Eden: 44 regions, Survivors: 7 regions, predicted eden time: 7.63ms, predicted base time: 1.50ms, target pause time: 200.00ms, remaining time: 190.87ms
[15.255s][debug][gc,ergo,cset  ] GC(536) Start adding old regions to collection set. Min 38 regions, max 103 regions, time remaining 190.87ms, optional threshold 38.17ms
[15.255s][debug][gc,ergo,cset  ] GC(536) Old candidate collection set empty.
[15.255s][debug][gc,ergo,cset  ] GC(536) Finish choosing collection set old regions. Initial: 93, optional: 0, predicted old time: 0.00ms, predicted optional time: 0.00ms, time remaining: 184.22
[15.256s][debug][gc,ergo       ] GC(536) Running G1 Merge Heap Roots using 10 workers for 144 regions
[15.267s][debug][gc,ergo       ] GC(536) Running G1 Rebuild Free List Task using 10 workers for rebuilding free list of regions
[15.267s][debug][gc,ergo,heap  ] GC(536) Heap expansion: short term pause time ratio 63.72% long term pause time ratio 57.04% threshold 7.69% pause time ratio 7.69% fully expanded true resize by 0B
[15.267s][debug][gc,ergo       ] GC(536) do not continue mixed GCs (candidate old regions not available)
[15.267s][debug][gc,ergo,refine] GC(536) Concurrent refinement times: Logged Cards Scan time goal: 20.00ms Logged Cards Scan time: 0.04ms HCC time: 0.00ms
[15.267s][trace][gc,ergo,refine] GC(536) Updating Refinement Zones: logged cards scan time: 0.042ms, processed cards: 87, goal time: 19.999ms
[15.267s][debug][gc,ergo,refine] GC(536) Updated Refinement Zones: green: 2560, yellow: 7680, red: 12800
[15.267s][info ][gc,phases     ] GC(536)   Pre Evacuate Collection Set: 0.3ms
[15.267s][info ][gc,phases     ] GC(536)   Merge Heap Roots: 0.2ms
[15.267s][info ][gc,phases     ] GC(536)   Evacuate Collection Set: 10.1ms
[15.267s][info ][gc,phases     ] GC(536)   Post Evacuate Collection Set: 0.9ms
[15.267s][info ][gc,phases     ] GC(536)   Other: 0.2ms
[15.267s][info ][gc,heap       ] GC(536) Eden regions: 44->0(169)
[15.267s][info ][gc,heap       ] GC(536) Survivor regions: 7->7(7)
[15.267s][info ][gc,heap       ] GC(536) Old regions: 485->437
[15.267s][info ][gc,heap       ] GC(536) Archive regions: 0->0
[15.267s][info ][gc,heap       ] GC(536) Humongous regions: 0->0
[15.267s][info ][gc,metaspace  ] GC(536) Metaspace: 6341K(6464K)->6341K(6464K) NonClass: 5794K(5824K)->5794K(5824K) Class: 546K(640K)->546K(640K)
[15.267s][debug][gc,heap       ] GC(536) Heap after GC invocations=537 (full 0):
[15.267s][debug][gc,heap       ] GC(536)  garbage-first heap   total 1048576K, used 454332K [0x00000000c0000000, 0x0000000100000000)
[15.267s][debug][gc,heap       ] GC(536)   region size 1024K, 7 young (7168K), 7 survivors (7168K)
[15.267s][debug][gc,heap       ] GC(536)  Metaspace       used 6341K, committed 6464K, reserved 1114112K
[15.267s][debug][gc,heap       ] GC(536)   class space    used 546K, committed 640K, reserved 1048576K
[15.267s][info ][gc            ] GC(536) Pause Young (Mixed) (G1 Evacuation Pause) 535M->443M(1024M) 11.660ms
[15.267s][info ][gc,cpu        ] GC(536) User=0.10s Sys=0.00s Real=0.01s
[15.267s][info ][safepoint     ] Safepoint "G1CollectForAllocation", Time since last: 4825300 ns, Reaching safepoint: 5300 ns, Cleanup: 4800 ns, At safepoint: 11762101 ns, Total: 11772201 ns
[15.291s][debug][gc,heap       ] GC(537) Heap before GC invocations=537 (full 0):
[15.291s][debug][gc,heap       ] GC(537)  garbage-first heap   total 1048576K, used 626364K [0x00000000c0000000, 0x0000000100000000)
[15.291s][debug][gc,heap       ] GC(537)   region size 1024K, 176 young (180224K), 7 survivors (7168K)
[15.291s][debug][gc,heap       ] GC(537)  Metaspace       used 6341K, committed 6464K, reserved 1114112K
[15.291s][debug][gc,heap       ] GC(537)   class space    used 546K, committed 640K, reserved 1048576K
[15.291s][info ][gc,start      ] GC(537) Pause Young (Normal) (G1 Evacuation Pause)
[15.291s][info ][gc,task       ] GC(537) Using 10 workers of 10 for evacuation
[15.291s][trace][gc,ergo,cset  ] GC(537) Start choosing CSet. Pending cards: 31 target pause time: 200.00ms
[15.291s][trace][gc,ergo,cset  ] GC(537) Added young regions to CSet. Eden: 169 regions, Survivors: 7 regions, predicted eden time: 25.99ms, predicted base time: 1.32ms, target pause time: 200.00ms, remaining time: 172.69ms
[15.292s][debug][gc,ergo       ] GC(537) Running G1 Merge Heap Roots using 10 workers for 176 regions
[15.316s][debug][gc,ergo       ] GC(537) Running G1 Rebuild Free List Task using 10 workers for rebuilding free list of regions
[15.316s][debug][gc,ergo,heap  ] GC(537) Heap expansion: short term pause time ratio 69.23% long term pause time ratio 58.70% threshold 7.69% pause time ratio 7.69% fully expanded true resize by 0B
[15.316s][debug][gc,ergo,refine] GC(537) Concurrent refinement times: Logged Cards Scan time goal: 20.00ms Logged Cards Scan time: 0.04ms HCC time: 0.00ms
[15.316s][trace][gc,ergo,refine] GC(537) Updating Refinement Zones: logged cards scan time: 0.039ms, processed cards: 13, goal time: 19.999ms
[15.316s][debug][gc,ergo,refine] GC(537) Updated Refinement Zones: green: 2560, yellow: 7680, red: 12800
[15.316s][info ][gc,phases     ] GC(537)   Pre Evacuate Collection Set: 0.3ms
[15.316s][info ][gc,phases     ] GC(537)   Merge Heap Roots: 0.2ms
[15.316s][info ][gc,phases     ] GC(537)   Evacuate Collection Set: 23.3ms
[15.316s][info ][gc,phases     ] GC(537)   Post Evacuate Collection Set: 0.8ms
[15.316s][info ][gc,phases     ] GC(537)   Other: 0.2ms
[15.316s][info ][gc,heap       ] GC(537) Eden regions: 169->0(129)
[15.316s][info ][gc,heap       ] GC(537) Survivor regions: 7->22(22)
[15.316s][info ][gc,heap       ] GC(537) Old regions: 437->533
[15.316s][info ][gc,heap       ] GC(537) Archive regions: 0->0
[15.316s][info ][gc,heap       ] GC(537) Humongous regions: 0->0
[15.316s][info ][gc,metaspace  ] GC(537) Metaspace: 6341K(6464K)->6341K(6464K) NonClass: 5794K(5824K)->5794K(5824K) Class: 546K(640K)->546K(640K)
[15.316s][debug][gc,heap       ] GC(537) Heap after GC invocations=538 (full 0):
[15.316s][debug][gc,heap       ] GC(537)  garbage-first heap   total 1048576K, used 568296K [0x00000000c0000000, 0x0000000100000000)
[15.316s][debug][gc,heap       ] GC(537)   region size 1024K, 22 young (22528K), 22 survivors (22528K)
[15.316s][debug][gc,heap       ] GC(537)  Metaspace       used 6341K, committed 6464K, reserved 1114112K
[15.316s][debug][gc,heap       ] GC(537)   class space    used 546K, committed 640K, reserved 1048576K
[15.316s][info ][gc            ] GC(537) Pause Young (Normal) (G1 Evacuation Pause) 612M->554M(1024M) 24.941ms
[15.316s][info ][gc,cpu        ] GC(537) User=0.23s Sys=0.00s Real=0.03s
[15.316s][info ][safepoint     ] Safepoint "G1CollectForAllocation", Time since last: 24050001 ns, Reaching safepoint: 6300 ns, Cleanup: 8500 ns, At safepoint: 25090101 ns, Total: 25104901 ns
[15.334s][debug][gc,heap       ] GC(538) Heap before GC invocations=538 (full 0):
[15.334s][debug][gc,heap       ] GC(538)  garbage-first heap   total 1048576K, used 699368K [0x00000000c0000000, 0x0000000100000000)
[15.334s][debug][gc,heap       ] GC(538)   region size 1024K, 151 young (154624K), 22 survivors (22528K)
[15.334s][debug][gc,heap       ] GC(538)  Metaspace       used 6341K, committed 6464K, reserved 1114112K
[15.334s][debug][gc,heap       ] GC(538)   class space    used 546K, committed 640K, reserved 1048576K
[15.334s][info ][gc,start      ] GC(538) Pause Young (Normal) (G1 Evacuation Pause)
[15.334s][info ][gc,task       ] GC(538) Using 10 workers of 10 for evacuation
[15.334s][trace][gc,ergo,cset  ] GC(538) Start choosing CSet. Pending cards: 34 target pause time: 200.00ms
[15.334s][trace][gc,ergo,cset  ] GC(538) Added young regions to CSet. Eden: 129 regions, Survivors: 22 regions, predicted eden time: 20.54ms, predicted base time: 1.34ms, target pause time: 200.00ms, remaining time: 178.12ms
[15.335s][debug][gc,ergo       ] GC(538) Running G1 Merge Heap Roots using 10 workers for 151 regions
[15.356s][debug][gc,ergo       ] GC(538) Running G1 Rebuild Free List Task using 10 workers for rebuilding free list of regions
[15.356s][debug][gc,ergo,heap  ] GC(538) Heap expansion: short term pause time ratio 50.33% long term pause time ratio 56.66% threshold 7.69% pause time ratio 7.69% fully expanded true resize by 0B
[15.356s][debug][gc,ergo,refine] GC(538) Concurrent refinement times: Logged Cards Scan time goal: 20.00ms Logged Cards Scan time: 0.04ms HCC time: 0.00ms
[15.356s][trace][gc,ergo,refine] GC(538) Updating Refinement Zones: logged cards scan time: 0.037ms, processed cards: 23, goal time: 19.999ms
[15.356s][debug][gc,ergo,refine] GC(538) Updated Refinement Zones: green: 2560, yellow: 7680, red: 12800
[15.357s][info ][gc,phases     ] GC(538)   Pre Evacuate Collection Set: 0.2ms
[15.357s][info ][gc,phases     ] GC(538)   Merge Heap Roots: 0.2ms
[15.357s][info ][gc,phases     ] GC(538)   Evacuate Collection Set: 20.8ms
[15.357s][info ][gc,phases     ] GC(538)   Post Evacuate Collection Set: 0.9ms
[15.357s][info ][gc,phases     ] GC(538)   Other: 0.3ms
[15.357s][info ][gc,heap       ] GC(538) Eden regions: 129->0(97)
[15.357s][info ][gc,heap       ] GC(538) Survivor regions: 22->19(19)
[15.357s][info ][gc,heap       ] GC(538) Old regions: 533->621
[15.357s][info ][gc,heap       ] GC(538) Archive regions: 0->0
[15.357s][info ][gc,heap       ] GC(538) Humongous regions: 0->0
[15.357s][info ][gc,metaspace  ] GC(538) Metaspace: 6341K(6464K)->6341K(6464K) NonClass: 5794K(5824K)->5794K(5824K) Class: 546K(640K)->546K(640K)
[15.357s][debug][gc,heap       ] GC(538) Heap after GC invocations=539 (full 0):
[15.357s][debug][gc,heap       ] GC(538)  garbage-first heap   total 1048576K, used 654836K [0x00000000c0000000, 0x0000000100000000)
[15.357s][debug][gc,heap       ] GC(538)   region size 1024K, 19 young (19456K), 19 survivors (19456K)
[15.357s][debug][gc,heap       ] GC(538)  Metaspace       used 6341K, committed 6464K, reserved 1114112K
[15.357s][debug][gc,heap       ] GC(538)   class space    used 546K, committed 640K, reserved 1048576K
[15.357s][info ][gc            ] GC(538) Pause Young (Normal) (G1 Evacuation Pause) 683M->639M(1024M) 22.328ms
[15.357s][info ][gc,cpu        ] GC(538) User=0.20s Sys=0.00s Real=0.02s
[15.357s][info ][safepoint     ] Safepoint "G1CollectForAllocation", Time since last: 17855400 ns, Reaching safepoint: 9700 ns, Cleanup: 13300 ns, At safepoint: 22492801 ns, Total: 22515801 ns
[15.374s][debug][gc,heap       ] GC(539) Heap before GC invocations=539 (full 0):
[15.374s][debug][gc,heap       ] GC(539)  garbage-first heap   total 1048576K, used 753140K [0x00000000c0000000, 0x0000000100000000)
[15.374s][debug][gc,heap       ] GC(539)   region size 1024K, 116 young (118784K), 19 survivors (19456K)
[15.374s][debug][gc,heap       ] GC(539)  Metaspace       used 6341K, committed 6464K, reserved 1114112K
[15.374s][debug][gc,heap       ] GC(539)   class space    used 546K, committed 640K, reserved 1048576K
[15.374s][info ][gc,start      ] GC(539) Pause Young (Normal) (G1 Evacuation Pause)
[15.374s][info ][gc,task       ] GC(539) Using 10 workers of 10 for evacuation
[15.374s][trace][gc,ergo,cset  ] GC(539) Start choosing CSet. Pending cards: 35 target pause time: 200.00ms
[15.374s][trace][gc,ergo,cset  ] GC(539) Added young regions to CSet. Eden: 97 regions, Survivors: 19 regions, predicted eden time: 16.08ms, predicted base time: 1.28ms, target pause time: 200.00ms, remaining time: 182.64ms
[15.375s][debug][gc,ergo       ] GC(539) Running G1 Merge Heap Roots using 10 workers for 116 regions
[15.400s][debug][gc,ergo       ] GC(539) Running G1 Rebuild Free List Task using 10 workers for rebuilding free list of regions
[15.400s][debug][gc,ergo,heap  ] GC(539) Heap expansion: short term pause time ratio 54.82% long term pause time ratio 55.96% threshold 7.69% pause time ratio 7.69% fully expanded true resize by 0B
[15.400s][debug][gc,ergo,refine] GC(539) Concurrent refinement times: Logged Cards Scan time goal: 20.00ms Logged Cards Scan time: 0.15ms HCC time: 0.00ms
[15.400s][trace][gc,ergo,refine] GC(539) Updating Refinement Zones: logged cards scan time: 0.152ms, processed cards: 15, goal time: 19.999ms
[15.400s][debug][gc,ergo,refine] GC(539) Updated Refinement Zones: green: 2560, yellow: 7680, red: 12800
[15.400s][info ][gc,phases     ] GC(539)   Pre Evacuate Collection Set: 0.4ms
[15.400s][info ][gc,phases     ] GC(539)   Merge Heap Roots: 0.2ms
[15.400s][info ][gc,phases     ] GC(539)   Evacuate Collection Set: 24.3ms
[15.400s][info ][gc,phases     ] GC(539)   Post Evacuate Collection Set: 0.8ms
[15.400s][info ][gc,phases     ] GC(539)   Other: 0.3ms
[15.400s][info ][gc,heap       ] GC(539) Eden regions: 97->0(71)
[15.400s][info ][gc,heap       ] GC(539) Survivor regions: 19->15(15)
[15.400s][info ][gc,heap       ] GC(539) Old regions: 621->694
[15.400s][info ][gc,heap       ] GC(539) Archive regions: 0->0
[15.400s][info ][gc,heap       ] GC(539) Humongous regions: 0->0
[15.400s][info ][gc,metaspace  ] GC(539) Metaspace: 6341K(6464K)->6341K(6464K) NonClass: 5794K(5824K)->5794K(5824K) Class: 546K(640K)->546K(640K)
[15.400s][debug][gc,heap       ] GC(539) Heap after GC invocations=540 (full 0):
[15.400s][debug][gc,heap       ] GC(539)  garbage-first heap   total 1048576K, used 725692K [0x00000000c0000000, 0x0000000100000000)
[15.400s][debug][gc,heap       ] GC(539)   region size 1024K, 15 young (15360K), 15 survivors (15360K)
[15.400s][debug][gc,heap       ] GC(539)  Metaspace       used 6341K, committed 6464K, reserved 1114112K
[15.400s][debug][gc,heap       ] GC(539)   class space    used 546K, committed 640K, reserved 1048576K
[15.400s][info ][gc            ] GC(539) Pause Young (Normal) (G1 Evacuation Pause) 736M->708M(1024M) 25.998ms
[15.400s][info ][gc,cpu        ] GC(539) User=0.23s Sys=0.01s Real=0.02s
[15.400s][info ][safepoint     ] Safepoint "G1CollectForAllocation", Time since last: 17256301 ns, Reaching safepoint: 13100 ns, Cleanup: 15700 ns, At safepoint: 26246901 ns, Total: 26275701 ns
[15.409s][debug][gc,heap       ] GC(540) Heap before GC invocations=540 (full 0):
[15.409s][debug][gc,heap       ] GC(540)  garbage-first heap   total 1048576K, used 797372K [0x00000000c0000000, 0x0000000100000000)
[15.409s][debug][gc,heap       ] GC(540)   region size 1024K, 86 young (88064K), 15 survivors (15360K)
[15.409s][debug][gc,heap       ] GC(540)  Metaspace       used 6341K, committed 6464K, reserved 1114112K
[15.409s][debug][gc,heap       ] GC(540)   class space    used 546K, committed 640K, reserved 1048576K
[15.409s][info ][gc,start      ] GC(540) Pause Young (Normal) (G1 Evacuation Pause)
[15.409s][info ][gc,task       ] GC(540) Using 10 workers of 10 for evacuation
[15.409s][trace][gc,ergo,cset  ] GC(540) Start choosing CSet. Pending cards: 30 target pause time: 200.00ms
[15.409s][trace][gc,ergo,cset  ] GC(540) Added young regions to CSet. Eden: 71 regions, Survivors: 15 regions, predicted eden time: 14.75ms, predicted base time: 1.35ms, target pause time: 200.00ms, remaining time: 183.90ms
[15.409s][debug][gc,ergo       ] GC(540) Running G1 Merge Heap Roots using 10 workers for 86 regions
[15.428s][debug][gc,ergo       ] GC(540) Running G1 Rebuild Free List Task using 10 workers for rebuilding free list of regions
[15.429s][debug][gc,ergo,heap  ] GC(540) Heap expansion: short term pause time ratio 59.24% long term pause time ratio 56.15% threshold 7.69% pause time ratio 7.69% fully expanded true resize by 0B
[15.429s][debug][gc,ergo,refine] GC(540) Concurrent refinement times: Logged Cards Scan time goal: 20.00ms Logged Cards Scan time: 0.04ms HCC time: 0.00ms
[15.429s][trace][gc,ergo,refine] GC(540) Updating Refinement Zones: logged cards scan time: 0.042ms, processed cards: 19, goal time: 19.999ms
[15.429s][debug][gc,ergo,refine] GC(540) Updated Refinement Zones: green: 2560, yellow: 7680, red: 12800
[15.429s][info ][gc,phases     ] GC(540)   Pre Evacuate Collection Set: 0.3ms
[15.429s][info ][gc,phases     ] GC(540)   Merge Heap Roots: 0.2ms
[15.429s][info ][gc,phases     ] GC(540)   Evacuate Collection Set: 18.3ms
[15.429s][info ][gc,phases     ] GC(540)   Post Evacuate Collection Set: 0.6ms
[15.429s][info ][gc,phases     ] GC(540)   Other: 0.3ms
[15.429s][info ][gc,heap       ] GC(540) Eden regions: 71->0(51)
[15.429s][info ][gc,heap       ] GC(540) Survivor regions: 15->11(11)
[15.429s][info ][gc,heap       ] GC(540) Old regions: 694->755
[15.429s][info ][gc,heap       ] GC(540) Archive regions: 0->0
[15.429s][info ][gc,heap       ] GC(540) Humongous regions: 0->0
[15.429s][info ][gc,metaspace  ] GC(540) Metaspace: 6341K(6464K)->6341K(6464K) NonClass: 5794K(5824K)->5794K(5824K) Class: 546K(640K)->546K(640K)
[15.429s][debug][gc,heap       ] GC(540) Heap after GC invocations=541 (full 0):
[15.429s][debug][gc,heap       ] GC(540)  garbage-first heap   total 1048576K, used 783960K [0x00000000c0000000, 0x0000000100000000)
[15.429s][debug][gc,heap       ] GC(540)   region size 1024K, 11 young (11264K), 11 survivors (11264K)
[15.429s][debug][gc,heap       ] GC(540)  Metaspace       used 6341K, committed 6464K, reserved 1114112K
[15.429s][debug][gc,heap       ] GC(540)   class space    used 546K, committed 640K, reserved 1048576K
[15.429s][info ][gc            ] GC(540) Pause Young (Normal) (G1 Evacuation Pause) 779M->765M(1024M) 19.643ms
[15.429s][info ][gc,cpu        ] GC(540) User=0.18s Sys=0.00s Real=0.02s
[15.429s][info ][safepoint     ] Safepoint "G1CollectForAllocation", Time since last: 8669600 ns, Reaching safepoint: 8900 ns, Cleanup: 11100 ns, At safepoint: 19891601 ns, Total: 19911601 ns
[15.435s][debug][gc,heap       ] GC(541) Heap before GC invocations=541 (full 0):
[15.435s][debug][gc,heap       ] GC(541)  garbage-first heap   total 1048576K, used 835160K [0x00000000c0000000, 0x0000000100000000)
[15.435s][debug][gc,heap       ] GC(541)   region size 1024K, 62 young (63488K), 11 survivors (11264K)
[15.435s][debug][gc,heap       ] GC(541)  Metaspace       used 6341K, committed 6464K, reserved 1114112K
[15.435s][debug][gc,heap       ] GC(541)   class space    used 546K, committed 640K, reserved 1048576K
[15.435s][info ][gc,start      ] GC(541) Pause Young (Normal) (G1 Evacuation Pause)
[15.435s][info ][gc,task       ] GC(541) Using 10 workers of 10 for evacuation
[15.435s][trace][gc,ergo,cset  ] GC(541) Start choosing CSet. Pending cards: 31 target pause time: 200.00ms
[15.435s][trace][gc,ergo,cset  ] GC(541) Added young regions to CSet. Eden: 51 regions, Survivors: 11 regions, predicted eden time: 11.51ms, predicted base time: 1.25ms, target pause time: 200.00ms, remaining time: 187.24ms
[15.436s][debug][gc,ergo       ] GC(541) Running G1 Merge Heap Roots using 10 workers for 62 regions
[15.450s][debug][gc,ergo       ] GC(541) Running G1 Rebuild Free List Task using 10 workers for rebuilding free list of regions
[15.451s][debug][gc,ergo,heap  ] GC(541) Heap expansion: short term pause time ratio 68.21% long term pause time ratio 58.75% threshold 7.69% pause time ratio 7.69% fully expanded true resize by 0B
[15.451s][debug][gc,ergo,refine] GC(541) Concurrent refinement times: Logged Cards Scan time goal: 20.00ms Logged Cards Scan time: 0.07ms HCC time: 0.00ms
[15.451s][trace][gc,ergo,refine] GC(541) Updating Refinement Zones: logged cards scan time: 0.067ms, processed cards: 15, goal time: 19.999ms
[15.451s][debug][gc,ergo,refine] GC(541) Updated Refinement Zones: green: 2560, yellow: 7680, red: 12800
[15.451s][info ][gc,phases     ] GC(541)   Pre Evacuate Collection Set: 0.3ms
[15.451s][info ][gc,phases     ] GC(541)   Merge Heap Roots: 0.2ms
[15.451s][info ][gc,phases     ] GC(541)   Evacuate Collection Set: 13.8ms
[15.451s][info ][gc,phases     ] GC(541)   Post Evacuate Collection Set: 0.7ms
[15.451s][info ][gc,phases     ] GC(541)   Other: 0.2ms
[15.451s][info ][gc,heap       ] GC(541) Eden regions: 51->0(43)
[15.451s][info ][gc,heap       ] GC(541) Survivor regions: 11->8(8)
[15.451s][info ][gc,heap       ] GC(541) Old regions: 755->801
[15.451s][info ][gc,heap       ] GC(541) Archive regions: 0->0
[15.451s][info ][gc,heap       ] GC(541) Humongous regions: 0->0
[15.451s][info ][gc,metaspace  ] GC(541) Metaspace: 6341K(6464K)->6341K(6464K) NonClass: 5794K(5824K)->5794K(5824K) Class: 546K(640K)->546K(640K)
[15.451s][debug][gc,heap       ] GC(541) Heap after GC invocations=542 (full 0):
[15.451s][debug][gc,heap       ] GC(541)  garbage-first heap   total 1048576K, used 828392K [0x00000000c0000000, 0x0000000100000000)
[15.451s][debug][gc,heap       ] GC(541)   region size 1024K, 8 young (8192K), 8 survivors (8192K)
[15.451s][debug][gc,heap       ] GC(541)  Metaspace       used 6341K, committed 6464K, reserved 1114112K
[15.451s][debug][gc,heap       ] GC(541)   class space    used 546K, committed 640K, reserved 1048576K
[15.451s][info ][gc            ] GC(541) Pause Young (Normal) (G1 Evacuation Pause) 816M->808M(1024M) 15.192ms
[15.451s][info ][gc,cpu        ] GC(541) User=0.13s Sys=0.00s Real=0.01s
[15.451s][info ][safepoint     ] Safepoint "G1CollectForAllocation", Time since last: 6593300 ns, Reaching safepoint: 11500 ns, Cleanup: 9300 ns, At safepoint: 15311301 ns, Total: 15332101 ns
[15.455s][debug][gc,heap       ] GC(542) Heap before GC invocations=542 (full 0):
[15.455s][debug][gc,heap       ] GC(542)  garbage-first heap   total 1048576K, used 871400K [0x00000000c0000000, 0x0000000100000000)
[15.455s][debug][gc,heap       ] GC(542)   region size 1024K, 51 young (52224K), 8 survivors (8192K)
[15.455s][debug][gc,heap       ] GC(542)  Metaspace       used 6341K, committed 6464K, reserved 1114112K
[15.455s][debug][gc,heap       ] GC(542)   class space    used 546K, committed 640K, reserved 1048576K
[15.455s][info ][gc,start      ] GC(542) Pause Young (Normal) (G1 Evacuation Pause)
[15.455s][info ][gc,task       ] GC(542) Using 10 workers of 10 for evacuation
[15.455s][trace][gc,ergo,cset  ] GC(542) Start choosing CSet. Pending cards: 25 target pause time: 200.00ms
[15.455s][trace][gc,ergo,cset  ] GC(542) Added young regions to CSet. Eden: 43 regions, Survivors: 8 regions, predicted eden time: 9.98ms, predicted base time: 1.19ms, target pause time: 200.00ms, remaining time: 188.83ms
[15.456s][debug][gc,ergo       ] GC(542) Running G1 Merge Heap Roots using 10 workers for 51 regions
[15.467s][debug][gc,ergo       ] GC(542) Running G1 Rebuild Free List Task using 10 workers for rebuilding free list of regions
[15.467s][debug][gc,ergo,heap  ] GC(542) Heap expansion: short term pause time ratio 68.54% long term pause time ratio 58.37% threshold 7.69% pause time ratio 7.69% fully expanded true resize by 0B
[15.467s][debug][gc,ergo,ihop  ] GC(542) Request concurrent cycle initiation (occupancy higher than threshold) occupancy: 880803840B allocation request: 0B threshold: 859203110B (80.02) source: end of GC
[15.467s][debug][gc,ergo,refine] GC(542) Concurrent refinement times: Logged Cards Scan time goal: 20.00ms Logged Cards Scan time: 0.02ms HCC time: 0.00ms
[15.467s][trace][gc,ergo,refine] GC(542) Updating Refinement Zones: logged cards scan time: 0.016ms, processed cards: 12, goal time: 20.000ms
[15.467s][debug][gc,ergo,refine] GC(542) Updated Refinement Zones: green: 2560, yellow: 7680, red: 12800
[15.467s][info ][gc,phases     ] GC(542)   Pre Evacuate Collection Set: 0.3ms
[15.467s][info ][gc,phases     ] GC(542)   Merge Heap Roots: 0.2ms
[15.467s][info ][gc,phases     ] GC(542)   Evacuate Collection Set: 10.8ms
[15.467s][info ][gc,phases     ] GC(542)   Post Evacuate Collection Set: 0.6ms
[15.467s][info ][gc,phases     ] GC(542)   Other: 0.2ms
[15.467s][info ][gc,heap       ] GC(542) Eden regions: 43->0(44)
[15.467s][info ][gc,heap       ] GC(542) Survivor regions: 8->7(7)
[15.467s][info ][gc,heap       ] GC(542) Old regions: 801->840
[15.467s][info ][gc,heap       ] GC(542) Archive regions: 0->0
[15.467s][info ][gc,heap       ] GC(542) Humongous regions: 0->0
[15.467s][info ][gc,metaspace  ] GC(542) Metaspace: 6341K(6464K)->6341K(6464K) NonClass: 5794K(5824K)->5794K(5824K) Class: 546K(640K)->546K(640K)
[15.467s][debug][gc,heap       ] GC(542) Heap after GC invocations=543 (full 0):
[15.467s][debug][gc,heap       ] GC(542)  garbage-first heap   total 1048576K, used 866504K [0x00000000c0000000, 0x0000000100000000)
[15.467s][debug][gc,heap       ] GC(542)   region size 1024K, 7 young (7168K), 7 survivors (7168K)
[15.467s][debug][gc,heap       ] GC(542)  Metaspace       used 6341K, committed 6464K, reserved 1114112K
[15.467s][debug][gc,heap       ] GC(542)   class space    used 546K, committed 640K, reserved 1048576K
[15.467s][info ][gc            ] GC(542) Pause Young (Normal) (G1 Evacuation Pause) 851M->846M(1024M) 11.887ms
[15.467s][info ][gc,cpu        ] GC(542) User=0.10s Sys=0.00s Real=0.01s
[15.467s][info ][safepoint     ] Safepoint "G1CollectForAllocation", Time since last: 4474400 ns, Reaching safepoint: 3900 ns, Cleanup: 4800 ns, At safepoint: 11980700 ns, Total: 11989400 ns
[15.472s][debug][gc,heap       ] GC(543) Heap before GC invocations=543 (full 0):
[15.472s][debug][gc,heap       ] GC(543)  garbage-first heap   total 1048576K, used 910536K [0x00000000c0000000, 0x0000000100000000)
[15.472s][debug][gc,heap       ] GC(543)   region size 1024K, 51 young (52224K), 7 survivors (7168K)
[15.472s][debug][gc,heap       ] GC(543)  Metaspace       used 6341K, committed 6464K, reserved 1114112K
[15.472s][debug][gc,heap       ] GC(543)   class space    used 546K, committed 640K, reserved 1048576K
[15.472s][debug][gc,ergo       ] GC(543) Initiate concurrent cycle (concurrent cycle initiation requested)
[15.472s][info ][gc,start      ] GC(543) Pause Young (Concurrent Start) (G1 Evacuation Pause)
[15.472s][info ][gc,task       ] GC(543) Using 10 workers of 10 for evacuation
[15.472s][trace][gc,ergo,cset  ] GC(543) Start choosing CSet. Pending cards: 34 target pause time: 200.00ms
[15.472s][trace][gc,ergo,cset  ] GC(543) Added young regions to CSet. Eden: 44 regions, Survivors: 7 regions, predicted eden time: 10.10ms, predicted base time: 1.14ms, target pause time: 200.00ms, remaining time: 188.76ms
[15.472s][debug][gc,ergo       ] GC(543) Running G1 Merge Heap Roots using 10 workers for 51 regions
[15.484s][debug][gc,ergo       ] GC(543) Running G1 Rebuild Free List Task using 10 workers for rebuilding free list of regions
[15.484s][debug][gc,ergo,heap  ] GC(543) Heap expansion: short term pause time ratio 71.36% long term pause time ratio 59.64% threshold 7.69% pause time ratio 7.69% fully expanded true resize by 0B
[15.484s][debug][gc,ergo,refine] GC(543) Concurrent refinement times: Logged Cards Scan time goal: 20.00ms Logged Cards Scan time: 0.02ms HCC time: 0.00ms
[15.484s][trace][gc,ergo,refine] GC(543) Updating Refinement Zones: logged cards scan time: 0.025ms, processed cards: 17, goal time: 20.000ms
[15.484s][debug][gc,ergo,refine] GC(543) Updated Refinement Zones: green: 2560, yellow: 7680, red: 12800
[15.484s][info ][gc,phases     ] GC(543)   Pre Evacuate Collection Set: 0.3ms
[15.484s][info ][gc,phases     ] GC(543)   Merge Heap Roots: 0.2ms
[15.484s][info ][gc,phases     ] GC(543)   Evacuate Collection Set: 10.8ms
[15.484s][info ][gc,phases     ] GC(543)   Post Evacuate Collection Set: 0.6ms
[15.484s][info ][gc,phases     ] GC(543)   Other: 0.3ms
[15.484s][info ][gc,heap       ] GC(543) Eden regions: 44->0(44)
[15.484s][info ][gc,heap       ] GC(543) Survivor regions: 7->7(7)
[15.484s][info ][gc,heap       ] GC(543) Old regions: 840->877
[15.484s][info ][gc,heap       ] GC(543) Archive regions: 0->0
[15.484s][info ][gc,heap       ] GC(543) Humongous regions: 0->0
[15.484s][info ][gc,metaspace  ] GC(543) Metaspace: 6341K(6464K)->6341K(6464K) NonClass: 5794K(5824K)->5794K(5824K) Class: 546K(640K)->546K(640K)
[15.484s][debug][gc,heap       ] GC(543) Heap after GC invocations=544 (full 0):
[15.484s][debug][gc,heap       ] GC(543)  garbage-first heap   total 1048576K, used 904892K [0x00000000c0000000, 0x0000000100000000)
[15.484s][debug][gc,heap       ] GC(543)   region size 1024K, 7 young (7168K), 7 survivors (7168K)
[15.484s][debug][gc,heap       ] GC(543)  Metaspace       used 6341K, committed 6464K, reserved 1114112K
[15.484s][debug][gc,heap       ] GC(543)   class space    used 546K, committed 640K, reserved 1048576K
[15.484s][info ][gc            ] GC(543) Pause Young (Concurrent Start) (G1 Evacuation Pause) 890M->883M(1024M) 12.130ms
[15.484s][info ][gc,cpu        ] GC(543) User=0.09s Sys=0.02s Real=0.02s
[15.484s][info ][safepoint     ] Safepoint "G1CollectForAllocation", Time since last: 4657100 ns, Reaching safepoint: 8200 ns, Cleanup: 6700 ns, At safepoint: 12294101 ns, Total: 12309001 ns
[15.484s][info ][gc            ] GC(544) Concurrent Mark Cycle
[15.484s][info ][gc,marking    ] GC(544) Concurrent Clear Claimed Marks
[15.484s][info ][gc,marking    ] GC(544) Concurrent Clear Claimed Marks 0.010ms
[15.484s][info ][gc,marking    ] GC(544) Concurrent Scan Root Regions
[15.484s][debug][gc,ergo       ] GC(544) Running G1 Root Region Scan using 3 workers for 45 work units.
[15.484s][info ][gc,marking    ] GC(544) Concurrent Scan Root Regions 0.141ms
[15.484s][info ][gc,marking    ] GC(544) Concurrent Mark
[15.484s][info ][gc,marking    ] GC(544) Concurrent Mark From Roots
[15.484s][info ][gc,task       ] GC(544) Using 3 workers of 3 for marking
[15.488s][info ][gc,marking    ] GC(544) Concurrent Mark From Roots 3.989ms
[15.488s][info ][gc,marking    ] GC(544) Concurrent Preclean
[15.488s][info ][gc,marking    ] GC(544) Concurrent Preclean 0.052ms
[15.489s][info ][gc,start      ] GC(544) Pause Remark
[15.489s][debug][gc,ergo       ] GC(544) Running G1 Update RemSet Tracking Before Rebuild using 3 workers for 1024 regions in heap
[15.490s][info ][gc            ] GC(544) Pause Remark 911M->527M(1024M) 1.491ms
[15.490s][info ][gc,cpu        ] GC(544) User=0.01s Sys=0.00s Real=0.00s
[15.490s][info ][safepoint     ] Safepoint "G1PauseRemark", Time since last: 4422700 ns, Reaching safepoint: 90500 ns, Cleanup: 4600 ns, At safepoint: 1536500 ns, Total: 1631600 ns
[15.490s][info ][gc,marking    ] GC(544) Concurrent Mark 5.907ms
[15.490s][info ][gc,marking    ] GC(544) Concurrent Rebuild Remembered Sets
[15.493s][debug][gc,heap       ] GC(545) Heap before GC invocations=544 (full 0):
[15.493s][debug][gc,heap       ] GC(545)  garbage-first heap   total 1048576K, used 555708K [0x00000000c0000000, 0x0000000100000000)
[15.493s][debug][gc,heap       ] GC(545)   region size 1024K, 51 young (52224K), 7 survivors (7168K)
[15.493s][debug][gc,heap       ] GC(545)  Metaspace       used 6341K, committed 6464K, reserved 1114112K
[15.493s][debug][gc,heap       ] GC(545)   class space    used 546K, committed 640K, reserved 1048576K
[15.493s][info ][gc,start      ] GC(545) Pause Young (Normal) (G1 Evacuation Pause)
[15.493s][info ][gc,task       ] GC(545) Using 10 workers of 10 for evacuation
[15.493s][trace][gc,ergo,cset  ] GC(545) Start choosing CSet. Pending cards: 64 target pause time: 200.00ms
[15.493s][trace][gc,ergo,cset  ] GC(545) Added young regions to CSet. Eden: 44 regions, Survivors: 7 regions, predicted eden time: 7.76ms, predicted base time: 1.08ms, target pause time: 200.00ms, remaining time: 191.16ms
[15.494s][debug][gc,ergo       ] GC(545) Running G1 Merge Heap Roots using 10 workers for 51 regions
[15.504s][debug][gc,ergo       ] GC(545) Running G1 Rebuild Free List Task using 10 workers for rebuilding free list of regions
[15.504s][debug][gc,ergo,heap  ] GC(545) Heap expansion: short term pause time ratio 23.71% long term pause time ratio 60.27% threshold 7.69% pause time ratio 7.69% fully expanded true resize by 0B
[15.504s][debug][gc,ergo,refine] GC(545) Concurrent refinement times: Logged Cards Scan time goal: 20.00ms Logged Cards Scan time: 0.03ms HCC time: 0.00ms
[15.504s][trace][gc,ergo,refine] GC(545) Updating Refinement Zones: logged cards scan time: 0.032ms, processed cards: 51, goal time: 19.999ms
[15.504s][debug][gc,ergo,refine] GC(545) Updated Refinement Zones: green: 2560, yellow: 7680, red: 12800
[15.504s][info ][gc,phases     ] GC(545)   Pre Evacuate Collection Set: 0.2ms
[15.504s][info ][gc,phases     ] GC(545)   Merge Heap Roots: 0.2ms
[15.504s][info ][gc,phases     ] GC(545)   Evacuate Collection Set: 10.1ms
[15.504s][info ][gc,phases     ] GC(545)   Post Evacuate Collection Set: 0.5ms
[15.504s][info ][gc,phases     ] GC(545)   Other: 0.2ms
[15.504s][info ][gc,heap       ] GC(545) Eden regions: 44->0(140)
[15.504s][info ][gc,heap       ] GC(545) Survivor regions: 7->7(7)
[15.504s][info ][gc,heap       ] GC(545) Old regions: 493->529
[15.505s][info ][gc,heap       ] GC(545) Archive regions: 0->0
[15.505s][info ][gc,heap       ] GC(545) Humongous regions: 0->0
[15.505s][info ][gc,metaspace  ] GC(545) Metaspace: 6341K(6464K)->6341K(6464K) NonClass: 5794K(5824K)->5794K(5824K) Class: 546K(640K)->546K(640K)
[15.505s][debug][gc,heap       ] GC(545) Heap after GC invocations=545 (full 0):
[15.505s][debug][gc,heap       ] GC(545)  garbage-first heap   total 1048576K, used 548440K [0x00000000c0000000, 0x0000000100000000)
[15.505s][debug][gc,heap       ] GC(545)   region size 1024K, 7 young (7168K), 7 survivors (7168K)
[15.505s][debug][gc,heap       ] GC(545)  Metaspace       used 6341K, committed 6464K, reserved 1114112K
[15.505s][debug][gc,heap       ] GC(545)   class space    used 546K, committed 640K, reserved 1048576K
[15.505s][info ][gc            ] GC(545) Pause Young (Normal) (G1 Evacuation Pause) 543M->535M(1024M) 11.117ms
[15.505s][info ][gc,cpu        ] GC(545) User=0.10s Sys=0.00s Real=0.01s
[15.505s][info ][safepoint     ] Safepoint "G1CollectForAllocation", Time since last: 3125200 ns, Reaching safepoint: 48500 ns, Cleanup: 5900 ns, At safepoint: 11277000 ns, Total: 11331400 ns
[15.505s][info ][gc,marking    ] GC(544) Concurrent Rebuild Remembered Sets 14.451ms
[15.505s][info ][gc,start      ] GC(544) Pause Cleanup
[15.505s][debug][gc,ergo,cset  ] GC(544) Pruned 131 regions out of 439, leaving 53408248 bytes waste (allowed 53687091)
[15.505s][info ][gc            ] GC(544) Pause Cleanup 536M->536M(1024M) 0.326ms
[15.505s][info ][gc,cpu        ] GC(544) User=0.00s Sys=0.00s Real=0.00s
[15.505s][info ][safepoint     ] Safepoint "G1PauseCleanup", Time since last: 112700 ns, Reaching safepoint: 86000 ns, Cleanup: 3000 ns, At safepoint: 359101 ns, Total: 448101 ns
[15.505s][info ][gc,marking    ] GC(544) Concurrent Cleanup for Next Mark
[15.505s][debug][gc,ergo       ] GC(544) Running G1 Clear Bitmap with 3 workers for 16 work units.
[15.508s][info ][gc,marking    ] GC(544) Concurrent Cleanup for Next Mark 2.607ms
[15.508s][info ][gc            ] GC(544) Concurrent Mark Cycle 23.933ms
[15.522s][debug][gc,heap       ] GC(546) Heap before GC invocations=546 (full 0):
[15.522s][debug][gc,heap       ] GC(546)  garbage-first heap   total 1048576K, used 690776K [0x00000000c0000000, 0x0000000100000000)
[15.522s][debug][gc,heap       ] GC(546)   region size 1024K, 147 young (150528K), 7 survivors (7168K)
[15.522s][debug][gc,heap       ] GC(546)  Metaspace       used 6341K, committed 6464K, reserved 1114112K
[15.522s][debug][gc,heap       ] GC(546)   class space    used 546K, committed 640K, reserved 1048576K
[15.522s][info ][gc,start      ] GC(546) Pause Young (Prepare Mixed) (G1 Evacuation Pause)
[15.522s][info ][gc,task       ] GC(546) Using 10 workers of 10 for evacuation
[15.522s][trace][gc,ergo,cset  ] GC(546) Start choosing CSet. Pending cards: 53 target pause time: 200.00ms
[15.522s][trace][gc,ergo,cset  ] GC(546) Added young regions to CSet. Eden: 140 regions, Survivors: 7 regions, predicted eden time: 27.06ms, predicted base time: 1.15ms, target pause time: 200.00ms, remaining time: 171.79ms
[15.522s][debug][gc,ergo       ] GC(546) Running G1 Merge Heap Roots using 10 workers for 147 regions
[15.545s][debug][gc,ergo       ] GC(546) Running G1 Rebuild Free List Task using 10 workers for rebuilding free list of regions
[15.545s][debug][gc,ergo,heap  ] GC(546) Heap expansion: short term pause time ratio 44.84% long term pause time ratio 60.32% threshold 7.69% pause time ratio 7.69% fully expanded true resize by 0B
[15.545s][debug][gc,ergo,refine] GC(546) Concurrent refinement times: Logged Cards Scan time goal: 20.00ms Logged Cards Scan time: 0.07ms HCC time: 0.00ms
[15.545s][trace][gc,ergo,refine] GC(546) Updating Refinement Zones: logged cards scan time: 0.070ms, processed cards: 28, goal time: 19.999ms
[15.545s][debug][gc,ergo,refine] GC(546) Updated Refinement Zones: green: 2560, yellow: 7680, red: 12800
[15.545s][info ][gc,phases     ] GC(546)   Pre Evacuate Collection Set: 0.3ms
[15.545s][info ][gc,phases     ] GC(546)   Merge Heap Roots: 0.2ms
[15.545s][info ][gc,phases     ] GC(546)   Evacuate Collection Set: 21.6ms
[15.545s][info ][gc,phases     ] GC(546)   Post Evacuate Collection Set: 0.9ms
[15.545s][info ][gc,phases     ] GC(546)   Other: 0.2ms
[15.545s][info ][gc,heap       ] GC(546) Eden regions: 140->0(32)
[15.545s][info ][gc,heap       ] GC(546) Survivor regions: 7->19(19)
[15.545s][info ][gc,heap       ] GC(546) Old regions: 529->614
[15.545s][info ][gc,heap       ] GC(546) Archive regions: 0->0
[15.545s][info ][gc,heap       ] GC(546) Humongous regions: 0->0
[15.545s][info ][gc,metaspace  ] GC(546) Metaspace: 6341K(6464K)->6341K(6464K) NonClass: 5794K(5824K)->5794K(5824K) Class: 546K(640K)->546K(640K)
[15.545s][debug][gc,heap       ] GC(546) Heap after GC invocations=547 (full 0):
[15.545s][debug][gc,heap       ] GC(546)  garbage-first heap   total 1048576K, used 647468K [0x00000000c0000000, 0x0000000100000000)
[15.545s][debug][gc,heap       ] GC(546)   region size 1024K, 19 young (19456K), 19 survivors (19456K)
[15.545s][debug][gc,heap       ] GC(546)  Metaspace       used 6341K, committed 6464K, reserved 1114112K
[15.545s][debug][gc,heap       ] GC(546)   class space    used 546K, committed 640K, reserved 1048576K
[15.545s][info ][gc            ] GC(546) Pause Young (Prepare Mixed) (G1 Evacuation Pause) 675M->632M(1024M) 23.157ms
[15.545s][info ][gc,cpu        ] GC(546) User=0.21s Sys=0.00s Real=0.03s
[15.545s][info ][safepoint     ] Safepoint "G1CollectForAllocation", Time since last: 16892600 ns, Reaching safepoint: 8000 ns, Cleanup: 6900 ns, At safepoint: 23271001 ns, Total: 23285901 ns
[15.550s][debug][gc,heap       ] GC(547) Heap before GC invocations=547 (full 0):
[15.550s][debug][gc,heap       ] GC(547)  garbage-first heap   total 1048576K, used 679212K [0x00000000c0000000, 0x0000000100000000)
[15.550s][debug][gc,heap       ] GC(547)   region size 1024K, 51 young (52224K), 19 survivors (19456K)
[15.550s][debug][gc,heap       ] GC(547)  Metaspace       used 6341K, committed 6464K, reserved 1114112K
[15.550s][debug][gc,heap       ] GC(547)   class space    used 546K, committed 640K, reserved 1048576K
[15.550s][info ][gc,start      ] GC(547) Pause Young (Mixed) (G1 Evacuation Pause)
[15.550s][info ][gc,task       ] GC(547) Using 10 workers of 10 for evacuation
[15.550s][trace][gc,ergo,cset  ] GC(547) Start choosing CSet. Pending cards: 39 target pause time: 200.00ms
[15.550s][trace][gc,ergo,cset  ] GC(547) Added young regions to CSet. Eden: 32 regions, Survivors: 19 regions, predicted eden time: 7.22ms, predicted base time: 1.24ms, target pause time: 200.00ms, remaining time: 191.53ms
[15.550s][debug][gc,ergo,cset  ] GC(547) Start adding old regions to collection set. Min 39 regions, max 103 regions, time remaining 191.53ms, optional threshold 38.31ms
[15.550s][debug][gc,ergo,cset  ] GC(547) Finish adding old regions to collection set (Maximum number of regions). Initial 103 regions, optional 0 regions
[15.550s][debug][gc,ergo,cset  ] GC(547) Finish choosing collection set old regions. Initial: 103, optional: 0, predicted old time: 0.00ms, predicted optional time: 0.00ms, time remaining: 188.63
[15.550s][debug][gc,ergo       ] GC(547) Running G1 Merge Heap Roots using 10 workers for 154 regions
[15.561s][debug][gc,ergo       ] GC(547) Running G1 Rebuild Free List Task using 10 workers for rebuilding free list of regions
[15.562s][debug][gc,ergo,heap  ] GC(547) Heap expansion: short term pause time ratio 57.45% long term pause time ratio 61.96% threshold 7.69% pause time ratio 7.69% fully expanded true resize by 0B
[15.562s][debug][gc,ergo,refine] GC(547) Concurrent refinement times: Logged Cards Scan time goal: 20.00ms Logged Cards Scan time: 0.01ms HCC time: 0.00ms
[15.562s][trace][gc,ergo,refine] GC(547) Updating Refinement Zones: logged cards scan time: 0.011ms, processed cards: 20, goal time: 19.999ms
[15.562s][debug][gc,ergo,refine] GC(547) Updated Refinement Zones: green: 2560, yellow: 7680, red: 12800
[15.562s][info ][gc,phases     ] GC(547)   Pre Evacuate Collection Set: 0.3ms
[15.562s][info ][gc,phases     ] GC(547)   Merge Heap Roots: 0.2ms
[15.562s][info ][gc,phases     ] GC(547)   Evacuate Collection Set: 10.2ms
[15.562s][info ][gc,phases     ] GC(547)   Post Evacuate Collection Set: 0.8ms
[15.562s][info ][gc,phases     ] GC(547)   Other: 0.2ms
[15.562s][info ][gc,heap       ] GC(547) Eden regions: 32->0(44)
[15.562s][info ][gc,heap       ] GC(547) Survivor regions: 19->7(7)
[15.562s][info ][gc,heap       ] GC(547) Old regions: 614->554
[15.562s][info ][gc,heap       ] GC(547) Archive regions: 0->0
[15.562s][info ][gc,heap       ] GC(547) Humongous regions: 0->0
[15.562s][info ][gc,metaspace  ] GC(547) Metaspace: 6341K(6464K)->6341K(6464K) NonClass: 5794K(5824K)->5794K(5824K) Class: 546K(640K)->546K(640K)
[15.562s][debug][gc,heap       ] GC(547) Heap after GC invocations=548 (full 0):
[15.562s][debug][gc,heap       ] GC(547)  garbage-first heap   total 1048576K, used 574140K [0x00000000c0000000, 0x0000000100000000)
[15.562s][debug][gc,heap       ] GC(547)   region size 1024K, 7 young (7168K), 7 survivors (7168K)
[15.562s][debug][gc,heap       ] GC(547)  Metaspace       used 6341K, committed 6464K, reserved 1114112K
[15.562s][debug][gc,heap       ] GC(547)   class space    used 546K, committed 640K, reserved 1048576K
[15.562s][info ][gc            ] GC(547) Pause Young (Mixed) (G1 Evacuation Pause) 664M->560M(1024M) 11.741ms
[15.562s][info ][gc,cpu        ] GC(547) User=0.09s Sys=0.00s Real=0.01s
[15.562s][info ][safepoint     ] Safepoint "G1CollectForAllocation", Time since last: 4492000 ns, Reaching safepoint: 11900 ns, Cleanup: 14600 ns, At safepoint: 11871501 ns, Total: 11898001 ns
[15.569s][debug][gc,heap       ] GC(548) Heap before GC invocations=548 (full 0):
[15.569s][debug][gc,heap       ] GC(548)  garbage-first heap   total 1048576K, used 618172K [0x00000000c0000000, 0x0000000100000000)
[15.569s][debug][gc,heap       ] GC(548)   region size 1024K, 51 young (52224K), 7 survivors (7168K)
[15.569s][debug][gc,heap       ] GC(548)  Metaspace       used 6341K, committed 6464K, reserved 1114112K
[15.569s][debug][gc,heap       ] GC(548)   class space    used 546K, committed 640K, reserved 1048576K
[15.569s][info ][gc,start      ] GC(548) Pause Young (Mixed) (G1 Evacuation Pause)
[15.569s][info ][gc,task       ] GC(548) Using 10 workers of 10 for evacuation
[15.569s][trace][gc,ergo,cset  ] GC(548) Start choosing CSet. Pending cards: 59 target pause time: 200.00ms
[15.569s][trace][gc,ergo,cset  ] GC(548) Added young regions to CSet. Eden: 44 regions, Survivors: 7 regions, predicted eden time: 9.28ms, predicted base time: 1.29ms, target pause time: 200.00ms, remaining time: 189.43ms
[15.569s][debug][gc,ergo,cset  ] GC(548) Start adding old regions to collection set. Min 39 regions, max 103 regions, time remaining 189.43ms, optional threshold 37.89ms
[15.569s][debug][gc,ergo,cset  ] GC(548) Finish adding old regions to collection set (Maximum number of regions). Initial 103 regions, optional 0 regions
[15.569s][debug][gc,ergo,cset  ] GC(548) Finish choosing collection set old regions. Initial: 103, optional: 0, predicted old time: 0.00ms, predicted optional time: 0.00ms, time remaining: 185.33
[15.570s][debug][gc,ergo       ] GC(548) Running G1 Merge Heap Roots using 10 workers for 154 regions
[15.580s][debug][gc,ergo       ] GC(548) Running G1 Rebuild Free List Task using 10 workers for rebuilding free list of regions
[15.580s][debug][gc,ergo,heap  ] GC(548) Heap expansion: short term pause time ratio 70.81% long term pause time ratio 64.07% threshold 7.69% pause time ratio 7.69% fully expanded true resize by 0B
[15.580s][debug][gc,ergo,refine] GC(548) Concurrent refinement times: Logged Cards Scan time goal: 20.00ms Logged Cards Scan time: 0.03ms HCC time: 0.00ms
[15.580s][trace][gc,ergo,refine] GC(548) Updating Refinement Zones: logged cards scan time: 0.027ms, processed cards: 39, goal time: 19.999ms
[15.580s][debug][gc,ergo,refine] GC(548) Updated Refinement Zones: green: 2560, yellow: 7680, red: 12800
[15.581s][info ][gc,phases     ] GC(548)   Pre Evacuate Collection Set: 0.5ms
[15.581s][info ][gc,phases     ] GC(548)   Merge Heap Roots: 0.2ms
[15.581s][info ][gc,phases     ] GC(548)   Evacuate Collection Set: 9.7ms
[15.581s][info ][gc,phases     ] GC(548)   Post Evacuate Collection Set: 0.9ms
[15.581s][info ][gc,phases     ] GC(548)   Other: 0.4ms
[15.581s][info ][gc,heap       ] GC(548) Eden regions: 44->0(44)
[15.581s][info ][gc,heap       ] GC(548) Survivor regions: 7->7(7)
[15.581s][info ][gc,heap       ] GC(548) Old regions: 554->494
[15.581s][info ][gc,heap       ] GC(548) Archive regions: 0->0
[15.581s][info ][gc,heap       ] GC(548) Humongous regions: 0->0
[15.581s][info ][gc,metaspace  ] GC(548) Metaspace: 6341K(6464K)->6341K(6464K) NonClass: 5794K(5824K)->5794K(5824K) Class: 546K(640K)->546K(640K)
[15.581s][debug][gc,heap       ] GC(548) Heap after GC invocations=549 (full 0):
[15.581s][debug][gc,heap       ] GC(548)  garbage-first heap   total 1048576K, used 512500K [0x00000000c0000000, 0x0000000100000000)
[15.581s][debug][gc,heap       ] GC(548)   region size 1024K, 7 young (7168K), 7 survivors (7168K)
[15.581s][debug][gc,heap       ] GC(548)  Metaspace       used 6341K, committed 6464K, reserved 1114112K
[15.581s][debug][gc,heap       ] GC(548)   class space    used 546K, committed 640K, reserved 1048576K
[15.581s][info ][gc            ] GC(548) Pause Young (Mixed) (G1 Evacuation Pause) 604M->500M(1024M) 11.480ms
[15.581s][info ][gc,cpu        ] GC(548) User=0.09s Sys=0.00s Real=0.01s
[15.581s][info ][safepoint     ] Safepoint "G1CollectForAllocation", Time since last: 7105200 ns, Reaching safepoint: 18300 ns, Cleanup: 15100 ns, At safepoint: 11749700 ns, Total: 11783100 ns
[15.589s][debug][gc,heap       ] GC(549) Heap before GC invocations=549 (full 0):
[15.589s][debug][gc,heap       ] GC(549)  garbage-first heap   total 1048576K, used 556532K [0x00000000c0000000, 0x0000000100000000)
[15.589s][debug][gc,heap       ] GC(549)   region size 1024K, 51 young (52224K), 7 survivors (7168K)
[15.589s][debug][gc,heap       ] GC(549)  Metaspace       used 6341K, committed 6464K, reserved 1114112K
[15.589s][debug][gc,heap       ] GC(549)   class space    used 546K, committed 640K, reserved 1048576K
[15.589s][info ][gc,start      ] GC(549) Pause Young (Mixed) (G1 Evacuation Pause)
[15.589s][info ][gc,task       ] GC(549) Using 10 workers of 10 for evacuation
[15.589s][trace][gc,ergo,cset  ] GC(549) Start choosing CSet. Pending cards: 51 target pause time: 200.00ms
[15.589s][trace][gc,ergo,cset  ] GC(549) Added young regions to CSet. Eden: 44 regions, Survivors: 7 regions, predicted eden time: 8.96ms, predicted base time: 1.37ms, target pause time: 200.00ms, remaining time: 189.67ms
[15.589s][debug][gc,ergo,cset  ] GC(549) Start adding old regions to collection set. Min 39 regions, max 103 regions, time remaining 189.67ms, optional threshold 37.93ms
[15.589s][debug][gc,ergo,cset  ] GC(549) Old candidate collection set empty.
[15.589s][debug][gc,ergo,cset  ] GC(549) Finish choosing collection set old regions. Initial: 102, optional: 0, predicted old time: 0.00ms, predicted optional time: 0.00ms, time remaining: 182.01
[15.590s][debug][gc,ergo       ] GC(549) Running G1 Merge Heap Roots using 10 workers for 153 regions
[15.601s][debug][gc,ergo       ] GC(549) Running G1 Rebuild Free List Task using 10 workers for rebuilding free list of regions
[15.601s][debug][gc,ergo,heap  ] GC(549) Heap expansion: short term pause time ratio 59.86% long term pause time ratio 64.80% threshold 7.69% pause time ratio 7.69% fully expanded true resize by 0B
[15.601s][debug][gc,ergo       ] GC(549) do not continue mixed GCs (candidate old regions not available)
[15.601s][debug][gc,ergo,refine] GC(549) Concurrent refinement times: Logged Cards Scan time goal: 20.00ms Logged Cards Scan time: 0.01ms HCC time: 0.00ms
[15.601s][trace][gc,ergo,refine] GC(549) Updating Refinement Zones: logged cards scan time: 0.011ms, processed cards: 25, goal time: 19.999ms
[15.601s][debug][gc,ergo,refine] GC(549) Updated Refinement Zones: green: 2560, yellow: 7680, red: 12800
[15.601s][info ][gc,phases     ] GC(549)   Pre Evacuate Collection Set: 0.4ms
[15.601s][info ][gc,phases     ] GC(549)   Merge Heap Roots: 0.2ms
[15.601s][info ][gc,phases     ] GC(549)   Evacuate Collection Set: 10.4ms
[15.601s][info ][gc,phases     ] GC(549)   Post Evacuate Collection Set: 0.8ms
[15.601s][info ][gc,phases     ] GC(549)   Other: 0.4ms
[15.601s][info ][gc,heap       ] GC(549) Eden regions: 44->0(179)
[15.601s][info ][gc,heap       ] GC(549) Survivor regions: 7->7(7)
[15.601s][info ][gc,heap       ] GC(549) Old regions: 494->438
[15.601s][info ][gc,heap       ] GC(549) Archive regions: 0->0
[15.601s][info ][gc,heap       ] GC(549) Humongous regions: 0->0
[15.601s][info ][gc,metaspace  ] GC(549) Metaspace: 6341K(6464K)->6341K(6464K) NonClass: 5794K(5824K)->5794K(5824K) Class: 546K(640K)->546K(640K)
[15.601s][debug][gc,heap       ] GC(549) Heap after GC invocations=550 (full 0):
[15.601s][debug][gc,heap       ] GC(549)  garbage-first heap   total 1048576K, used 455056K [0x00000000c0000000, 0x0000000100000000)
[15.601s][debug][gc,heap       ] GC(549)   region size 1024K, 7 young (7168K), 7 survivors (7168K)
[15.601s][debug][gc,heap       ] GC(549)  Metaspace       used 6341K, committed 6464K, reserved 1114112K
[15.601s][debug][gc,heap       ] GC(549)   class space    used 546K, committed 640K, reserved 1048576K
[15.601s][info ][gc            ] GC(549) Pause Young (Mixed) (G1 Evacuation Pause) 544M->444M(1024M) 11.990ms
[15.601s][info ][gc,cpu        ] GC(549) User=0.10s Sys=0.00s Real=0.01s
[15.601s][info ][safepoint     ] Safepoint "G1CollectForAllocation", Time since last: 8101501 ns, Reaching safepoint: 15700 ns, Cleanup: 15900 ns, At safepoint: 12247500 ns, Total: 12279100 ns
[15.630s][debug][gc,heap       ] GC(550) Heap before GC invocations=550 (full 0):
[15.630s][debug][gc,heap       ] GC(550)  garbage-first heap   total 1048576K, used 637328K [0x00000000c0000000, 0x0000000100000000)
[15.630s][debug][gc,heap       ] GC(550)   region size 1024K, 186 young (190464K), 7 survivors (7168K)
[15.630s][debug][gc,heap       ] GC(550)  Metaspace       used 6341K, committed 6464K, reserved 1114112K
[15.630s][debug][gc,heap       ] GC(550)   class space    used 546K, committed 640K, reserved 1048576K
[15.630s][info ][gc,start      ] GC(550) Pause Young (Normal) (G1 Evacuation Pause)
[15.630s][info ][gc,task       ] GC(550) Using 10 workers of 10 for evacuation
[15.630s][trace][gc,ergo,cset  ] GC(550) Start choosing CSet. Pending cards: 30 target pause time: 200.00ms
[15.630s][trace][gc,ergo,cset  ] GC(550) Added young regions to CSet. Eden: 179 regions, Survivors: 7 regions, predicted eden time: 28.71ms, predicted base time: 1.37ms, target pause time: 200.00ms, remaining time: 169.91ms
[15.630s][debug][gc,ergo       ] GC(550) Running G1 Merge Heap Roots using 10 workers for 186 regions
[15.654s][debug][gc,ergo       ] GC(550) Running G1 Rebuild Free List Task using 10 workers for rebuilding free list of regions
[15.654s][debug][gc,ergo,heap  ] GC(550) Heap expansion: short term pause time ratio 57.91% long term pause time ratio 63.42% threshold 7.69% pause time ratio 7.69% fully expanded true resize by 0B
[15.654s][debug][gc,ergo,refine] GC(550) Concurrent refinement times: Logged Cards Scan time goal: 20.00ms Logged Cards Scan time: 0.03ms HCC time: 0.00ms
[15.654s][trace][gc,ergo,refine] GC(550) Updating Refinement Zones: logged cards scan time: 0.028ms, processed cards: 13, goal time: 20.000ms
[15.654s][debug][gc,ergo,refine] GC(550) Updated Refinement Zones: green: 2560, yellow: 7680, red: 12800
[15.654s][info ][gc,phases     ] GC(550)   Pre Evacuate Collection Set: 0.3ms
[15.654s][info ][gc,phases     ] GC(550)   Merge Heap Roots: 0.2ms
[15.654s][info ][gc,phases     ] GC(550)   Evacuate Collection Set: 23.0ms
[15.654s][info ][gc,phases     ] GC(550)   Post Evacuate Collection Set: 0.8ms
[15.654s][info ][gc,phases     ] GC(550)   Other: 0.2ms
[15.654s][info ][gc,heap       ] GC(550) Eden regions: 179->0(132)
[15.654s][info ][gc,heap       ] GC(550) Survivor regions: 7->24(24)
[15.654s][info ][gc,heap       ] GC(550) Old regions: 438->536
[15.654s][info ][gc,heap       ] GC(550) Archive regions: 0->0
[15.654s][info ][gc,heap       ] GC(550) Humongous regions: 0->0
[15.655s][info ][gc,metaspace  ] GC(550) Metaspace: 6341K(6464K)->6341K(6464K) NonClass: 5794K(5824K)->5794K(5824K) Class: 546K(640K)->546K(640K)
[15.655s][debug][gc,heap       ] GC(550) Heap after GC invocations=551 (full 0):
[15.655s][debug][gc,heap       ] GC(550)  garbage-first heap   total 1048576K, used 572816K [0x00000000c0000000, 0x0000000100000000)
[15.655s][debug][gc,heap       ] GC(550)   region size 1024K, 24 young (24576K), 24 survivors (24576K)
[15.655s][debug][gc,heap       ] GC(550)  Metaspace       used 6341K, committed 6464K, reserved 1114112K
[15.655s][debug][gc,heap       ] GC(550)   class space    used 546K, committed 640K, reserved 1048576K
[15.655s][info ][gc            ] GC(550) Pause Young (Normal) (G1 Evacuation Pause) 623M->559M(1024M) 24.406ms
[15.655s][info ][gc,cpu        ] GC(550) User=0.22s Sys=0.00s Real=0.03s
[15.655s][info ][safepoint     ] Safepoint "G1CollectForAllocation", Time since last: 29008901 ns, Reaching safepoint: 5800 ns, Cleanup: 5700 ns, At safepoint: 24528901 ns, Total: 24540401 ns
[15.674s][debug][gc,heap       ] GC(551) Heap before GC invocations=551 (full 0):
[15.674s][debug][gc,heap       ] GC(551)  garbage-first heap   total 1048576K, used 706960K [0x00000000c0000000, 0x0000000100000000)
[15.674s][debug][gc,heap       ] GC(551)   region size 1024K, 156 young (159744K), 24 survivors (24576K)
[15.674s][debug][gc,heap       ] GC(551)  Metaspace       used 6341K, committed 6464K, reserved 1114112K
[15.674s][debug][gc,heap       ] GC(551)   class space    used 546K, committed 640K, reserved 1048576K
[15.674s][info ][gc,start      ] GC(551) Pause Young (Normal) (G1 Evacuation Pause)
[15.674s][info ][gc,task       ] GC(551) Using 10 workers of 10 for evacuation
[15.674s][trace][gc,ergo,cset  ] GC(551) Start choosing CSet. Pending cards: 35 target pause time: 200.00ms
[15.674s][trace][gc,ergo,cset  ] GC(551) Added young regions to CSet. Eden: 132 regions, Survivors: 24 regions, predicted eden time: 21.57ms, predicted base time: 1.30ms, target pause time: 200.00ms, remaining time: 177.12ms
[15.675s][debug][gc,ergo       ] GC(551) Running G1 Merge Heap Roots using 10 workers for 156 regions
[15.696s][debug][gc,ergo       ] GC(551) Running G1 Rebuild Free List Task using 10 workers for rebuilding free list of regions
[15.697s][debug][gc,ergo,heap  ] GC(551) Heap expansion: short term pause time ratio 45.28% long term pause time ratio 58.10% threshold 7.69% pause time ratio 7.69% fully expanded true resize by 0B
[15.697s][debug][gc,ergo,refine] GC(551) Concurrent refinement times: Logged Cards Scan time goal: 20.00ms Logged Cards Scan time: 0.06ms HCC time: 0.00ms
[15.697s][trace][gc,ergo,refine] GC(551) Updating Refinement Zones: logged cards scan time: 0.061ms, processed cards: 16, goal time: 19.999ms
[15.697s][debug][gc,ergo,refine] GC(551) Updated Refinement Zones: green: 2560, yellow: 7680, red: 12800
[15.697s][info ][gc,phases     ] GC(551)   Pre Evacuate Collection Set: 0.3ms
[15.697s][info ][gc,phases     ] GC(551)   Merge Heap Roots: 0.3ms
[15.697s][info ][gc,phases     ] GC(551)   Evacuate Collection Set: 20.8ms
[15.697s][info ][gc,phases     ] GC(551)   Post Evacuate Collection Set: 1.1ms
[15.697s][info ][gc,phases     ] GC(551)   Other: 0.3ms
[15.697s][info ][gc,heap       ] GC(551) Eden regions: 132->0(98)
[15.697s][info ][gc,heap       ] GC(551) Survivor regions: 24->20(20)
[15.697s][info ][gc,heap       ] GC(551) Old regions: 536->624
[15.697s][info ][gc,heap       ] GC(551) Archive regions: 0->0
