[0.044s][debug][gc,heap] Minimum heap 1073741824  Initial heap 1073741824  Maximum heap 1073741824
[0.044s][info ][gc     ] Using Serial
[0.047s][info ][gc,init] Version: 17.0.11-internal+0-adhoc.damowang.TencentKona-17 (release)
[0.047s][info ][gc,init] CPUs: 12 total, 12 available
[0.047s][info ][gc,init] Memory: 3829M
[0.047s][info ][gc,init] Large Page Support: Disabled
[0.047s][info ][gc,init] NUMA Support: Disabled
[0.047s][info ][gc,init] Compressed Oops: Enabled (32-bit)
[0.047s][info ][gc,init] Heap Min Capacity: 1G
[0.047s][info ][gc,init] Heap Initial Capacity: 1G
[0.047s][info ][gc,init] Heap Max Capacity: 1G
[0.047s][info ][gc,init] Pre-touch: Disabled
[0.047s][info ][gc,metaspace] CDS archive(s) not mapped
[0.047s][info ][gc,metaspace] Compressed class space mapped at: 0x0000000100000000-0x0000000140000000, reserved size: 1073741824
[0.047s][info ][gc,metaspace] Narrow klass base: 0x0000000000000000, Narrow klass shift: 3, Narrow klass range: 0x140000000
[0.654s][info ][gc,start    ] GC(0) Pause Young (Allocation Failure)
[0.654s][debug][gc,heap     ] GC(0) Heap before GC invocations=0 (full 0):
[0.654s][debug][gc,heap     ] GC(0)  def new generation   total 314560K, used 279616K [0x00000000c0000000, 0x00000000d5550000, 0x00000000d5550000)
[0.654s][debug][gc,heap     ] GC(0)   eden space 279616K, 100% used [0x00000000c0000000, 0x00000000d1110000, 0x00000000d1110000)
[0.654s][debug][gc,heap     ] GC(0)   from space 34944K,   0% used [0x00000000d1110000, 0x00000000d1110000, 0x00000000d3330000)
[0.654s][debug][gc,heap     ] GC(0)   to   space 34944K,   0% used [0x00000000d3330000, 0x00000000d3330000, 0x00000000d5550000)
[0.654s][debug][gc,heap     ] GC(0)  tenured generation   total 699072K, used 0K [0x00000000d5550000, 0x0000000100000000, 0x0000000100000000)
[0.654s][debug][gc,heap     ] GC(0)    the space 699072K,   0% used [0x00000000d5550000, 0x00000000d5550000, 0x00000000d5550200, 0x0000000100000000)
[0.654s][debug][gc,heap     ] GC(0)  Metaspace       used 6359K, committed 6528K, reserved 1114112K
[0.654s][debug][gc,heap     ] GC(0)   class space    used 546K, committed 640K, reserved 1048576K
[0.693s][info ][gc,heap     ] GC(0) DefNew: 279616K(314560K)->34944K(314560K) Eden: 279616K(279616K)->0K(279616K) From: 0K(34944K)->34944K(34944K)
[0.693s][info ][gc,heap     ] GC(0) Tenured: 0K(699072K)->62811K(699072K)
[0.693s][info ][gc,metaspace] GC(0) Metaspace: 6359K(6528K)->6359K(6528K) NonClass: 5813K(5888K)->5813K(5888K) Class: 546K(640K)->546K(640K)
[0.693s][debug][gc,heap     ] GC(0) Heap after GC invocations=1 (full 0):
[0.693s][debug][gc,heap     ] GC(0)  def new generation   total 314560K, used 34944K [0x00000000c0000000, 0x00000000d5550000, 0x00000000d5550000)
[0.693s][debug][gc,heap     ] GC(0)   eden space 279616K,   0% used [0x00000000c0000000, 0x00000000c0000000, 0x00000000d1110000)
[0.693s][debug][gc,heap     ] GC(0)   from space 34944K, 100% used [0x00000000d3330000, 0x00000000d5550000, 0x00000000d5550000)
[0.693s][debug][gc,heap     ] GC(0)   to   space 34944K,   0% used [0x00000000d1110000, 0x00000000d1110000, 0x00000000d3330000)
[0.693s][debug][gc,heap     ] GC(0)  tenured generation   total 699072K, used 62811K [0x00000000d5550000, 0x0000000100000000, 0x0000000100000000)
[0.693s][debug][gc,heap     ] GC(0)    the space 699072K,   8% used [0x00000000d5550000, 0x00000000d92a6c88, 0x00000000d92a6e00, 0x0000000100000000)
[0.693s][debug][gc,heap     ] GC(0)  Metaspace       used 6359K, committed 6528K, reserved 1114112K
[0.693s][debug][gc,heap     ] GC(0)   class space    used 546K, committed 640K, reserved 1048576K
[0.694s][info ][gc          ] GC(0) Pause Young (Allocation Failure) 273M->95M(989M) 39.958ms
[0.694s][info ][gc,cpu      ] GC(0) User=0.01s Sys=0.03s Real=0.04s
[0.694s][info ][safepoint   ] Safepoint "GenCollectForAllocation", Time since last: 501814024 ns, Reaching safepoint: 4400 ns, Cleanup: 43300 ns, At safepoint: 40006302 ns, Total: 40054002 ns
[0.713s][info ][gc,start    ] GC(1) Pause Young (Allocation Failure)
[0.713s][debug][gc,heap     ] GC(1) Heap before GC invocations=1 (full 0):
[0.713s][debug][gc,heap     ] GC(1)  def new generation   total 314560K, used 314560K [0x00000000c0000000, 0x00000000d5550000, 0x00000000d5550000)
[0.713s][debug][gc,heap     ] GC(1)   eden space 279616K, 100% used [0x00000000c0000000, 0x00000000d1110000, 0x00000000d1110000)
[0.713s][debug][gc,heap     ] GC(1)   from space 34944K, 100% used [0x00000000d3330000, 0x00000000d5550000, 0x00000000d5550000)
[0.713s][debug][gc,heap     ] GC(1)   to   space 34944K,   0% used [0x00000000d1110000, 0x00000000d1110000, 0x00000000d3330000)
[0.713s][debug][gc,heap     ] GC(1)  tenured generation   total 699072K, used 62811K [0x00000000d5550000, 0x0000000100000000, 0x0000000100000000)
[0.713s][debug][gc,heap     ] GC(1)    the space 699072K,   8% used [0x00000000d5550000, 0x00000000d92a6c88, 0x00000000d92a6e00, 0x0000000100000000)
[0.713s][debug][gc,heap     ] GC(1)  Metaspace       used 6359K, committed 6528K, reserved 1114112K
[0.713s][debug][gc,heap     ] GC(1)   class space    used 546K, committed 640K, reserved 1048576K
[0.762s][info ][gc,heap     ] GC(1) DefNew: 314560K(314560K)->34905K(314560K) Eden: 279616K(279616K)->0K(279616K) From: 34944K(34944K)->34905K(34944K)
[0.762s][info ][gc,heap     ] GC(1) Tenured: 62811K(699072K)->146862K(699072K)
[0.762s][info ][gc,metaspace] GC(1) Metaspace: 6359K(6528K)->6359K(6528K) NonClass: 5813K(5888K)->5813K(5888K) Class: 546K(640K)->546K(640K)
[0.762s][debug][gc,heap     ] GC(1) Heap after GC invocations=2 (full 0):
[0.762s][debug][gc,heap     ] GC(1)  def new generation   total 314560K, used 34905K [0x00000000c0000000, 0x00000000d5550000, 0x00000000d5550000)
[0.763s][debug][gc,heap     ] GC(1)   eden space 279616K,   0% used [0x00000000c0000000, 0x00000000c0000000, 0x00000000d1110000)
[0.763s][debug][gc,heap     ] GC(1)   from space 34944K,  99% used [0x00000000d1110000, 0x00000000d3326610, 0x00000000d3330000)
[0.763s][debug][gc,heap     ] GC(1)   to   space 34944K,   0% used [0x00000000d3330000, 0x00000000d3330000, 0x00000000d5550000)
[0.763s][debug][gc,heap     ] GC(1)  tenured generation   total 699072K, used 146862K [0x00000000d5550000, 0x0000000100000000, 0x0000000100000000)
[0.763s][debug][gc,heap     ] GC(1)    the space 699072K,  21% used [0x00000000d5550000, 0x00000000de4bbb38, 0x00000000de4bbc00, 0x0000000100000000)
[0.763s][debug][gc,heap     ] GC(1)  Metaspace       used 6359K, committed 6528K, reserved 1114112K
[0.763s][debug][gc,heap     ] GC(1)   class space    used 546K, committed 640K, reserved 1048576K
[0.763s][info ][gc          ] GC(1) Pause Young (Allocation Failure) 368M->177M(989M) 49.830ms
[0.763s][info ][gc,cpu      ] GC(1) User=0.01s Sys=0.04s Real=0.05s
[0.763s][info ][safepoint   ] Safepoint "GenCollectForAllocation", Time since last: 19141001 ns, Reaching safepoint: 3800 ns, Cleanup: 3600 ns, At safepoint: 49879402 ns, Total: 49886802 ns
[0.780s][info ][gc,start    ] GC(2) Pause Young (Allocation Failure)
[0.780s][debug][gc,heap     ] GC(2) Heap before GC invocations=2 (full 0):
[0.780s][debug][gc,heap     ] GC(2)  def new generation   total 314560K, used 314521K [0x00000000c0000000, 0x00000000d5550000, 0x00000000d5550000)
[0.780s][debug][gc,heap     ] GC(2)   eden space 279616K, 100% used [0x00000000c0000000, 0x00000000d1110000, 0x00000000d1110000)
[0.780s][debug][gc,heap     ] GC(2)   from space 34944K,  99% used [0x00000000d1110000, 0x00000000d3326610, 0x00000000d3330000)
[0.780s][debug][gc,heap     ] GC(2)   to   space 34944K,   0% used [0x00000000d3330000, 0x00000000d3330000, 0x00000000d5550000)
[0.780s][debug][gc,heap     ] GC(2)  tenured generation   total 699072K, used 146862K [0x00000000d5550000, 0x0000000100000000, 0x0000000100000000)
[0.780s][debug][gc,heap     ] GC(2)    the space 699072K,  21% used [0x00000000d5550000, 0x00000000de4bbb38, 0x00000000de4bbc00, 0x0000000100000000)
[0.780s][debug][gc,heap     ] GC(2)  Metaspace       used 6359K, committed 6528K, reserved 1114112K
[0.780s][debug][gc,heap     ] GC(2)   class space    used 546K, committed 640K, reserved 1048576K
[0.820s][info ][gc,heap     ] GC(2) DefNew: 314521K(314560K)->34905K(314560K) Eden: 279616K(279616K)->0K(279616K) From: 34905K(34944K)->34905K(34944K)
[0.820s][info ][gc,heap     ] GC(2) Tenured: 146862K(699072K)->227675K(699072K)
[0.820s][info ][gc,metaspace] GC(2) Metaspace: 6359K(6528K)->6359K(6528K) NonClass: 5813K(5888K)->5813K(5888K) Class: 546K(640K)->546K(640K)
[0.820s][debug][gc,heap     ] GC(2) Heap after GC invocations=3 (full 0):
[0.820s][debug][gc,heap     ] GC(2)  def new generation   total 314560K, used 34905K [0x00000000c0000000, 0x00000000d5550000, 0x00000000d5550000)
[0.820s][debug][gc,heap     ] GC(2)   eden space 279616K,   0% used [0x00000000c0000000, 0x00000000c0000000, 0x00000000d1110000)
[0.820s][debug][gc,heap     ] GC(2)   from space 34944K,  99% used [0x00000000d3330000, 0x00000000d5546608, 0x00000000d5550000)
[0.820s][debug][gc,heap     ] GC(2)   to   space 34944K,   0% used [0x00000000d1110000, 0x00000000d1110000, 0x00000000d3330000)
[0.820s][debug][gc,heap     ] GC(2)  tenured generation   total 699072K, used 227675K [0x00000000d5550000, 0x0000000100000000, 0x0000000100000000)
[0.820s][debug][gc,heap     ] GC(2)    the space 699072K,  32% used [0x00000000d5550000, 0x00000000e33a6df8, 0x00000000e33a6e00, 0x0000000100000000)
[0.820s][debug][gc,heap     ] GC(2)  Metaspace       used 6359K, committed 6528K, reserved 1114112K
[0.820s][debug][gc,heap     ] GC(2)   class space    used 546K, committed 640K, reserved 1048576K
[0.820s][info ][gc          ] GC(2) Pause Young (Allocation Failure) 450M->256M(989M) 40.016ms
[0.820s][info ][gc,cpu      ] GC(2) User=0.01s Sys=0.03s Real=0.04s
[0.820s][info ][safepoint   ] Safepoint "GenCollectForAllocation", Time since last: 17190001 ns, Reaching safepoint: 5800 ns, Cleanup: 25800 ns, At safepoint: 40068802 ns, Total: 40100402 ns
[0.837s][info ][gc,start    ] GC(3) Pause Young (Allocation Failure)
[0.837s][debug][gc,heap     ] GC(3) Heap before GC invocations=3 (full 0):
[0.837s][debug][gc,heap     ] GC(3)  def new generation   total 314560K, used 314521K [0x00000000c0000000, 0x00000000d5550000, 0x00000000d5550000)
[0.837s][debug][gc,heap     ] GC(3)   eden space 279616K, 100% used [0x00000000c0000000, 0x00000000d1110000, 0x00000000d1110000)
[0.837s][debug][gc,heap     ] GC(3)   from space 34944K,  99% used [0x00000000d3330000, 0x00000000d5546608, 0x00000000d5550000)
[0.837s][debug][gc,heap     ] GC(3)   to   space 34944K,   0% used [0x00000000d1110000, 0x00000000d1110000, 0x00000000d3330000)
[0.837s][debug][gc,heap     ] GC(3)  tenured generation   total 699072K, used 227675K [0x00000000d5550000, 0x0000000100000000, 0x0000000100000000)
[0.837s][debug][gc,heap     ] GC(3)    the space 699072K,  32% used [0x00000000d5550000, 0x00000000e33a6df8, 0x00000000e33a6e00, 0x0000000100000000)
[0.837s][debug][gc,heap     ] GC(3)  Metaspace       used 6359K, committed 6528K, reserved 1114112K
[0.837s][debug][gc,heap     ] GC(3)   class space    used 546K, committed 640K, reserved 1048576K
[0.892s][info ][gc,heap     ] GC(3) DefNew: 314521K(314560K)->34905K(314560K) Eden: 279616K(279616K)->0K(279616K) From: 34905K(34944K)->34905K(34944K)
[0.892s][info ][gc,heap     ] GC(3) Tenured: 227675K(699072K)->309088K(699072K)
[0.892s][info ][gc,metaspace] GC(3) Metaspace: 6359K(6528K)->6359K(6528K) NonClass: 5813K(5888K)->5813K(5888K) Class: 546K(640K)->546K(640K)
[0.892s][debug][gc,heap     ] GC(3) Heap after GC invocations=4 (full 0):
[0.892s][debug][gc,heap     ] GC(3)  def new generation   total 314560K, used 34905K [0x00000000c0000000, 0x00000000d5550000, 0x00000000d5550000)
[0.892s][debug][gc,heap     ] GC(3)   eden space 279616K,   0% used [0x00000000c0000000, 0x00000000c0000000, 0x00000000d1110000)
[0.892s][debug][gc,heap     ] GC(3)   from space 34944K,  99% used [0x00000000d1110000, 0x00000000d33265d0, 0x00000000d3330000)
[0.892s][debug][gc,heap     ] GC(3)   to   space 34944K,   0% used [0x00000000d3330000, 0x00000000d3330000, 0x00000000d5550000)
[0.892s][debug][gc,heap     ] GC(3)  tenured generation   total 699072K, used 309088K [0x00000000d5550000, 0x0000000100000000, 0x0000000100000000)
[0.892s][debug][gc,heap     ] GC(3)    the space 699072K,  44% used [0x00000000d5550000, 0x00000000e8328110, 0x00000000e8328200, 0x0000000100000000)
[0.892s][debug][gc,heap     ] GC(3)  Metaspace       used 6359K, committed 6528K, reserved 1114112K
[0.892s][debug][gc,heap     ] GC(3)   class space    used 546K, committed 640K, reserved 1048576K
[0.892s][info ][gc          ] GC(3) Pause Young (Allocation Failure) 529M->335M(989M) 55.311ms
[0.892s][info ][gc,cpu      ] GC(3) User=0.02s Sys=0.04s Real=0.06s
[0.892s][info ][safepoint   ] Safepoint "GenCollectForAllocation", Time since last: 17233501 ns, Reaching safepoint: 5900 ns, Cleanup: 4900 ns, At safepoint: 55336102 ns, Total: 55346902 ns
[0.909s][info ][gc,start    ] GC(4) Pause Young (Allocation Failure)
[0.909s][debug][gc,heap     ] GC(4) Heap before GC invocations=4 (full 0):
[0.909s][debug][gc,heap     ] GC(4)  def new generation   total 314560K, used 314521K [0x00000000c0000000, 0x00000000d5550000, 0x00000000d5550000)
[0.909s][debug][gc,heap     ] GC(4)   eden space 279616K, 100% used [0x00000000c0000000, 0x00000000d1110000, 0x00000000d1110000)
[0.909s][debug][gc,heap     ] GC(4)   from space 34944K,  99% used [0x00000000d1110000, 0x00000000d33265d0, 0x00000000d3330000)
[0.909s][debug][gc,heap     ] GC(4)   to   space 34944K,   0% used [0x00000000d3330000, 0x00000000d3330000, 0x00000000d5550000)
[0.909s][debug][gc,heap     ] GC(4)  tenured generation   total 699072K, used 309088K [0x00000000d5550000, 0x0000000100000000, 0x0000000100000000)
[0.909s][debug][gc,heap     ] GC(4)    the space 699072K,  44% used [0x00000000d5550000, 0x00000000e8328110, 0x00000000e8328200, 0x0000000100000000)
[0.909s][debug][gc,heap     ] GC(4)  Metaspace       used 6359K, committed 6528K, reserved 1114112K
[0.909s][debug][gc,heap     ] GC(4)   class space    used 546K, committed 640K, reserved 1048576K
[0.964s][info ][gc,heap     ] GC(4) DefNew: 314521K(314560K)->34905K(314560K) Eden: 279616K(279616K)->0K(279616K) From: 34905K(34944K)->34905K(34944K)
[0.965s][info ][gc,heap     ] GC(4) Tenured: 309088K(699072K)->392801K(699072K)
[0.965s][info ][gc,metaspace] GC(4) Metaspace: 6359K(6528K)->6359K(6528K) NonClass: 5813K(5888K)->5813K(5888K) Class: 546K(640K)->546K(640K)
[0.965s][debug][gc,heap     ] GC(4) Heap after GC invocations=5 (full 0):
[0.965s][debug][gc,heap     ] GC(4)  def new generation   total 314560K, used 34905K [0x00000000c0000000, 0x00000000d5550000, 0x00000000d5550000)
[0.965s][debug][gc,heap     ] GC(4)   eden space 279616K,   0% used [0x00000000c0000000, 0x00000000c0000000, 0x00000000d1110000)
[0.965s][debug][gc,heap     ] GC(4)   from space 34944K,  99% used [0x00000000d3330000, 0x00000000d55465d0, 0x00000000d5550000)
[0.965s][debug][gc,heap     ] GC(4)   to   space 34944K,   0% used [0x00000000d1110000, 0x00000000d1110000, 0x00000000d3330000)
[0.965s][debug][gc,heap     ] GC(4)  tenured generation   total 699072K, used 392801K [0x00000000d5550000, 0x0000000100000000, 0x0000000100000000)
[0.965s][debug][gc,heap     ] GC(4)    the space 699072K,  56% used [0x00000000d5550000, 0x00000000ed4e8560, 0x00000000ed4e8600, 0x0000000100000000)
[0.965s][debug][gc,heap     ] GC(4)  Metaspace       used 6359K, committed 6528K, reserved 1114112K
[0.965s][debug][gc,heap     ] GC(4)   class space    used 546K, committed 640K, reserved 1048576K
[0.965s][info ][gc          ] GC(4) Pause Young (Allocation Failure) 608M->417M(989M) 55.299ms
[0.965s][info ][gc,cpu      ] GC(4) User=0.01s Sys=0.05s Real=0.06s
[0.965s][info ][safepoint   ] Safepoint "GenCollectForAllocation", Time since last: 16806101 ns, Reaching safepoint: 4000 ns, Cleanup: 4000 ns, At safepoint: 55324403 ns, Total: 55332403 ns
[0.982s][info ][gc,start    ] GC(5) Pause Young (Allocation Failure)
[0.982s][debug][gc,heap     ] GC(5) Heap before GC invocations=5 (full 0):
[0.982s][debug][gc,heap     ] GC(5)  def new generation   total 314560K, used 314521K [0x00000000c0000000, 0x00000000d5550000, 0x00000000d5550000)
[0.982s][debug][gc,heap     ] GC(5)   eden space 279616K, 100% used [0x00000000c0000000, 0x00000000d1110000, 0x00000000d1110000)
[0.982s][debug][gc,heap     ] GC(5)   from space 34944K,  99% used [0x00000000d3330000, 0x00000000d55465d0, 0x00000000d5550000)
[0.982s][debug][gc,heap     ] GC(5)   to   space 34944K,   0% used [0x00000000d1110000, 0x00000000d1110000, 0x00000000d3330000)
[0.982s][debug][gc,heap     ] GC(5)  tenured generation   total 699072K, used 392801K [0x00000000d5550000, 0x0000000100000000, 0x0000000100000000)
[0.982s][debug][gc,heap     ] GC(5)    the space 699072K,  56% used [0x00000000d5550000, 0x00000000ed4e8560, 0x00000000ed4e8600, 0x0000000100000000)
[0.982s][debug][gc,heap     ] GC(5)  Metaspace       used 6359K, committed 6528K, reserved 1114112K
[0.982s][debug][gc,heap     ] GC(5)   class space    used 546K, committed 640K, reserved 1048576K
[1.040s][info ][gc,heap     ] GC(5) DefNew: 314521K(314560K)->34905K(314560K) Eden: 279616K(279616K)->0K(279616K) From: 34905K(34944K)->34905K(34944K)
[1.040s][info ][gc,heap     ] GC(5) Tenured: 392801K(699072K)->481315K(699072K)
[1.040s][info ][gc,metaspace] GC(5) Metaspace: 6359K(6528K)->6359K(6528K) NonClass: 5813K(5888K)->5813K(5888K) Class: 546K(640K)->546K(640K)
[1.040s][debug][gc,heap     ] GC(5) Heap after GC invocations=6 (full 0):
[1.040s][debug][gc,heap     ] GC(5)  def new generation   total 314560K, used 34905K [0x00000000c0000000, 0x00000000d5550000, 0x00000000d5550000)
[1.040s][debug][gc,heap     ] GC(5)   eden space 279616K,   0% used [0x00000000c0000000, 0x00000000c0000000, 0x00000000d1110000)
[1.040s][debug][gc,heap     ] GC(5)   from space 34944K,  99% used [0x00000000d1110000, 0x00000000d33265d0, 0x00000000d3330000)
[1.040s][debug][gc,heap     ] GC(5)   to   space 34944K,   0% used [0x00000000d3330000, 0x00000000d3330000, 0x00000000d5550000)
[1.040s][debug][gc,heap     ] GC(5)  tenured generation   total 699072K, used 481315K [0x00000000d5550000, 0x0000000100000000, 0x0000000100000000)
[1.040s][debug][gc,heap     ] GC(5)    the space 699072K,  68% used [0x00000000d5550000, 0x00000000f2b58cb0, 0x00000000f2b58e00, 0x0000000100000000)
[1.040s][debug][gc,heap     ] GC(5)  Metaspace       used 6359K, committed 6528K, reserved 1114112K
[1.040s][debug][gc,heap     ] GC(5)   class space    used 546K, committed 640K, reserved 1048576K
[1.040s][info ][gc          ] GC(5) Pause Young (Allocation Failure) 690M->504M(989M) 57.744ms
[1.040s][info ][gc,cpu      ] GC(5) User=0.01s Sys=0.04s Real=0.05s
[1.040s][info ][safepoint   ] Safepoint "GenCollectForAllocation", Time since last: 17260000 ns, Reaching safepoint: 5600 ns, Cleanup: 6200 ns, At safepoint: 57775203 ns, Total: 57787003 ns
[1.058s][info ][gc,start    ] GC(6) Pause Young (Allocation Failure)
[1.058s][debug][gc,heap     ] GC(6) Heap before GC invocations=6 (full 0):
[1.058s][debug][gc,heap     ] GC(6)  def new generation   total 314560K, used 314521K [0x00000000c0000000, 0x00000000d5550000, 0x00000000d5550000)
[1.058s][debug][gc,heap     ] GC(6)   eden space 279616K, 100% used [0x00000000c0000000, 0x00000000d1110000, 0x00000000d1110000)
[1.058s][debug][gc,heap     ] GC(6)   from space 34944K,  99% used [0x00000000d1110000, 0x00000000d33265d0, 0x00000000d3330000)
[1.058s][debug][gc,heap     ] GC(6)   to   space 34944K,   0% used [0x00000000d3330000, 0x00000000d3330000, 0x00000000d5550000)
[1.058s][debug][gc,heap     ] GC(6)  tenured generation   total 699072K, used 481315K [0x00000000d5550000, 0x0000000100000000, 0x0000000100000000)
[1.058s][debug][gc,heap     ] GC(6)    the space 699072K,  68% used [0x00000000d5550000, 0x00000000f2b58cb0, 0x00000000f2b58e00, 0x0000000100000000)
[1.058s][debug][gc,heap     ] GC(6)  Metaspace       used 6359K, committed 6528K, reserved 1114112K
[1.058s][debug][gc,heap     ] GC(6)   class space    used 546K, committed 640K, reserved 1048576K
[1.129s][info ][gc,heap     ] GC(6) DefNew: 314521K(314560K)->34905K(314560K) Eden: 279616K(279616K)->0K(279616K) From: 34905K(34944K)->34905K(34944K)
[1.130s][info ][gc,heap     ] GC(6) Tenured: 481315K(699072K)->562327K(699072K)
[1.130s][info ][gc,metaspace] GC(6) Metaspace: 6359K(6528K)->6359K(6528K) NonClass: 5813K(5888K)->5813K(5888K) Class: 546K(640K)->546K(640K)
[1.130s][debug][gc,heap     ] GC(6) Heap after GC invocations=7 (full 0):
[1.130s][debug][gc,heap     ] GC(6)  def new generation   total 314560K, used 34905K [0x00000000c0000000, 0x00000000d5550000, 0x00000000d5550000)
[1.130s][debug][gc,heap     ] GC(6)   eden space 279616K,   0% used [0x00000000c0000000, 0x00000000c0000000, 0x00000000d1110000)
[1.130s][debug][gc,heap     ] GC(6)   from space 34944K,  99% used [0x00000000d3330000, 0x00000000d55465d0, 0x00000000d5550000)
[1.130s][debug][gc,heap     ] GC(6)   to   space 34944K,   0% used [0x00000000d1110000, 0x00000000d1110000, 0x00000000d3330000)
[1.130s][debug][gc,heap     ] GC(6)  tenured generation   total 699072K, used 562327K [0x00000000d5550000, 0x0000000100000000, 0x0000000100000000)
[1.130s][debug][gc,heap     ] GC(6)    the space 699072K,  80% used [0x00000000d5550000, 0x00000000f7a75f50, 0x00000000f7a76000, 0x0000000100000000)
[1.130s][debug][gc,heap     ] GC(6)  Metaspace       used 6359K, committed 6528K, reserved 1114112K
[1.130s][debug][gc,heap     ] GC(6)   class space    used 546K, committed 640K, reserved 1048576K
[1.130s][info ][gc          ] GC(6) Pause Young (Allocation Failure) 777M->583M(989M) 71.851ms
[1.130s][info ][gc,cpu      ] GC(6) User=0.02s Sys=0.05s Real=0.07s
[1.130s][info ][safepoint   ] Safepoint "GenCollectForAllocation", Time since last: 18076901 ns, Reaching safepoint: 4000 ns, Cleanup: 4500 ns, At safepoint: 71878603 ns, Total: 71887103 ns
[1.146s][info ][gc,start    ] GC(7) Pause Young (Allocation Failure)
[1.146s][debug][gc,heap     ] GC(7) Heap before GC invocations=7 (full 0):
[1.146s][debug][gc,heap     ] GC(7)  def new generation   total 314560K, used 314521K [0x00000000c0000000, 0x00000000d5550000, 0x00000000d5550000)
[1.146s][debug][gc,heap     ] GC(7)   eden space 279616K, 100% used [0x00000000c0000000, 0x00000000d1110000, 0x00000000d1110000)
[1.146s][debug][gc,heap     ] GC(7)   from space 34944K,  99% used [0x00000000d3330000, 0x00000000d55465d0, 0x00000000d5550000)
[1.146s][debug][gc,heap     ] GC(7)   to   space 34944K,   0% used [0x00000000d1110000, 0x00000000d1110000, 0x00000000d3330000)
[1.146s][debug][gc,heap     ] GC(7)  tenured generation   total 699072K, used 562327K [0x00000000d5550000, 0x0000000100000000, 0x0000000100000000)
[1.146s][debug][gc,heap     ] GC(7)    the space 699072K,  80% used [0x00000000d5550000, 0x00000000f7a75f50, 0x00000000f7a76000, 0x0000000100000000)
[1.146s][debug][gc,heap     ] GC(7)  Metaspace       used 6359K, committed 6528K, reserved 1114112K
[1.146s][debug][gc,heap     ] GC(7)   class space    used 546K, committed 640K, reserved 1048576K
[1.264s][info ][gc,heap     ] GC(7) DefNew: 314521K(314560K)->34905K(314560K) Eden: 279616K(279616K)->0K(279616K) From: 34905K(34944K)->34905K(34944K)
[1.265s][info ][gc,heap     ] GC(7) Tenured: 562327K(699072K)->646440K(699072K)
[1.265s][info ][gc,metaspace] GC(7) Metaspace: 6359K(6528K)->6359K(6528K) NonClass: 5813K(5888K)->5813K(5888K) Class: 546K(640K)->546K(640K)
[1.265s][debug][gc,heap     ] GC(7) Heap after GC invocations=8 (full 0):
[1.265s][debug][gc,heap     ] GC(7)  def new generation   total 314560K, used 34905K [0x00000000c0000000, 0x00000000d5550000, 0x00000000d5550000)
[1.265s][debug][gc,heap     ] GC(7)   eden space 279616K,   0% used [0x00000000c0000000, 0x00000000c0000000, 0x00000000d1110000)
[1.265s][debug][gc,heap     ] GC(7)   from space 34944K,  99% used [0x00000000d1110000, 0x00000000d33265d0, 0x00000000d3330000)
[1.265s][debug][gc,heap     ] GC(7)   to   space 34944K,   0% used [0x00000000d3330000, 0x00000000d3330000, 0x00000000d5550000)
[1.265s][debug][gc,heap     ] GC(7)  tenured generation   total 699072K, used 646440K [0x00000000d5550000, 0x0000000100000000, 0x0000000100000000)
[1.265s][debug][gc,heap     ] GC(7)    the space 699072K,  92% used [0x00000000d5550000, 0x00000000fcc9a3e0, 0x00000000fcc9a400, 0x0000000100000000)
[1.265s][debug][gc,heap     ] GC(7)  Metaspace       used 6359K, committed 6528K, reserved 1114112K
[1.265s][debug][gc,heap     ] GC(7)   class space    used 546K, committed 640K, reserved 1048576K
[1.265s][info ][gc          ] GC(7) Pause Young (Allocation Failure) 856M->665M(989M) 119.575ms
[1.265s][info ][gc,cpu      ] GC(7) User=0.02s Sys=0.10s Real=0.12s
[1.265s][info ][safepoint   ] Safepoint "GenCollectForAllocation", Time since last: 16010701 ns, Reaching safepoint: 3700 ns, Cleanup: 4300 ns, At safepoint: 119735506 ns, Total: 119743506 ns
[1.308s][info ][gc,start    ] GC(8) Pause Young (Allocation Failure)
[1.308s][debug][gc,heap     ] GC(8) Heap before GC invocations=8 (full 0):
[1.308s][debug][gc,heap     ] GC(8)  def new generation   total 314560K, used 314521K [0x00000000c0000000, 0x00000000d5550000, 0x00000000d5550000)
[1.308s][debug][gc,heap     ] GC(8)   eden space 279616K, 100% used [0x00000000c0000000, 0x00000000d1110000, 0x00000000d1110000)
[1.308s][debug][gc,heap     ] GC(8)   from space 34944K,  99% used [0x00000000d1110000, 0x00000000d33265d0, 0x00000000d3330000)
[1.308s][debug][gc,heap     ] GC(8)   to   space 34944K,   0% used [0x00000000d3330000, 0x00000000d3330000, 0x00000000d5550000)
[1.308s][debug][gc,heap     ] GC(8)  tenured generation   total 699072K, used 646440K [0x00000000d5550000, 0x0000000100000000, 0x0000000100000000)
[1.308s][debug][gc,heap     ] GC(8)    the space 699072K,  92% used [0x00000000d5550000, 0x00000000fcc9a3e0, 0x00000000fcc9a400, 0x0000000100000000)
[1.308s][debug][gc,heap     ] GC(8)  Metaspace       used 6359K, committed 6528K, reserved 1114112K
[1.308s][debug][gc,heap     ] GC(8)   class space    used 546K, committed 640K, reserved 1048576K
[1.308s][debug][gc,heap     ] GC(8) Heap after GC invocations=9 (full 0):
[1.308s][debug][gc,heap     ] GC(8)  def new generation   total 314560K, used 314521K [0x00000000c0000000, 0x00000000d5550000, 0x00000000d5550000)
[1.308s][debug][gc,heap     ] GC(8)   eden space 279616K, 100% used [0x00000000c0000000, 0x00000000d1110000, 0x00000000d1110000)
[1.308s][debug][gc,heap     ] GC(8)   from space 34944K,  99% used [0x00000000d1110000, 0x00000000d33265d0, 0x00000000d3330000)
[1.308s][debug][gc,heap     ] GC(8)   to   space 34944K,   0% used [0x00000000d3330000, 0x00000000d3330000, 0x00000000d5550000)
[1.308s][debug][gc,heap     ] GC(8)  tenured generation   total 699072K, used 646440K [0x00000000d5550000, 0x0000000100000000, 0x0000000100000000)
[1.308s][debug][gc,heap     ] GC(8)    the space 699072K,  92% used [0x00000000d5550000, 0x00000000fcc9a3e0, 0x00000000fcc9a400, 0x0000000100000000)
[1.308s][debug][gc,heap     ] GC(8)  Metaspace       used 6359K, committed 6528K, reserved 1114112K
[1.308s][debug][gc,heap     ] GC(8)   class space    used 546K, committed 640K, reserved 1048576K
[1.308s][info ][gc          ] GC(8) Pause Young (Allocation Failure) 938M->938M(989M) 0.118ms
[1.308s][info ][gc,cpu      ] GC(8) User=0.00s Sys=0.00s Real=0.00s
[1.308s][info ][gc,start    ] GC(9) Pause Full (Allocation Failure)
[1.308s][debug][gc,heap     ] GC(9) Heap before GC invocations=9 (full 0):
[1.308s][debug][gc,heap     ] GC(9)  def new generation   total 314560K, used 314521K [0x00000000c0000000, 0x00000000d5550000, 0x00000000d5550000)
[1.308s][debug][gc,heap     ] GC(9)   eden space 279616K, 100% used [0x00000000c0000000, 0x00000000d1110000, 0x00000000d1110000)
[1.308s][debug][gc,heap     ] GC(9)   from space 34944K,  99% used [0x00000000d1110000, 0x00000000d33265d0, 0x00000000d3330000)
[1.308s][debug][gc,heap     ] GC(9)   to   space 34944K,   0% used [0x00000000d3330000, 0x00000000d3330000, 0x00000000d5550000)
[1.308s][debug][gc,heap     ] GC(9)  tenured generation   total 699072K, used 646440K [0x00000000d5550000, 0x0000000100000000, 0x0000000100000000)
[1.308s][debug][gc,heap     ] GC(9)    the space 699072K,  92% used [0x00000000d5550000, 0x00000000fcc9a3e0, 0x00000000fcc9a400, 0x0000000100000000)
[1.308s][debug][gc,heap     ] GC(9)  Metaspace       used 6359K, committed 6528K, reserved 1114112K
[1.308s][debug][gc,heap     ] GC(9)   class space    used 546K, committed 640K, reserved 1048576K
[1.308s][info ][gc,phases,start] GC(9) Phase 1: Mark live objects
[1.314s][info ][gc,phases      ] GC(9) Phase 1: Mark live objects 5.465ms
[1.314s][info ][gc,phases,start] GC(9) Phase 2: Compute new object addresses
[1.330s][info ][gc,phases      ] GC(9) Phase 2: Compute new object addresses 16.510ms
[1.330s][info ][gc,phases,start] GC(9) Phase 3: Adjust pointers
[1.332s][info ][gc,phases      ] GC(9) Phase 3: Adjust pointers 1.701ms
[1.332s][info ][gc,phases,start] GC(9) Phase 4: Move objects
[1.473s][info ][gc,phases      ] GC(9) Phase 4: Move objects 140.486ms
[1.479s][info ][gc,heap        ] GC(9) DefNew: 314521K(314560K)->0K(314560K) Eden: 279616K(279616K)->0K(279616K) From: 34905K(34944K)->0K(34944K)
[1.479s][info ][gc,heap        ] GC(9) Tenured: 646440K(699072K)->225472K(699072K)
[1.479s][info ][gc,metaspace   ] GC(9) Metaspace: 6359K(6528K)->6359K(6528K) NonClass: 5813K(5888K)->5813K(5888K) Class: 546K(640K)->546K(640K)
[1.479s][debug][gc,heap        ] GC(9) Heap after GC invocations=9 (full 1):
[1.479s][debug][gc,heap        ] GC(9)  def new generation   total 314560K, used 0K [0x00000000c0000000, 0x00000000d5550000, 0x00000000d5550000)
[1.479s][debug][gc,heap        ] GC(9)   eden space 279616K,   0% used [0x00000000c0000000, 0x00000000c0000000, 0x00000000d1110000)
[1.479s][debug][gc,heap        ] GC(9)   from space 34944K,   0% used [0x00000000d1110000, 0x00000000d1110000, 0x00000000d3330000)
[1.479s][debug][gc,heap        ] GC(9)   to   space 34944K,   0% used [0x00000000d3330000, 0x00000000d3330000, 0x00000000d5550000)
[1.479s][debug][gc,heap        ] GC(9)  tenured generation   total 699072K, used 225472K [0x00000000d5550000, 0x0000000100000000, 0x0000000100000000)
[1.479s][debug][gc,heap        ] GC(9)    the space 699072K,  32% used [0x00000000d5550000, 0x00000000e31801d0, 0x00000000e3180200, 0x0000000100000000)
[1.479s][debug][gc,heap        ] GC(9)  Metaspace       used 6359K, committed 6528K, reserved 1114112K
[1.479s][debug][gc,heap        ] GC(9)   class space    used 546K, committed 640K, reserved 1048576K
[1.479s][info ][gc             ] GC(9) Pause Full (Allocation Failure) 938M->220M(989M) 170.907ms
[1.479s][info ][gc,cpu         ] GC(9) User=0.18s Sys=0.00s Real=0.17s
[1.479s][info ][safepoint      ] Safepoint "GenCollectForAllocation", Time since last: 42661802 ns, Reaching safepoint: 4600 ns, Cleanup: 40200 ns, At safepoint: 171193796 ns, Total: 171238596 ns
[1.507s][info ][gc,start       ] GC(10) Pause Young (Allocation Failure)
[1.507s][debug][gc,heap        ] GC(10) Heap before GC invocations=9 (full 1):
[1.507s][debug][gc,heap        ] GC(10)  def new generation   total 314560K, used 279616K [0x00000000c0000000, 0x00000000d5550000, 0x00000000d5550000)
[1.507s][debug][gc,heap        ] GC(10)   eden space 279616K, 100% used [0x00000000c0000000, 0x00000000d1110000, 0x00000000d1110000)
[1.507s][debug][gc,heap        ] GC(10)   from space 34944K,   0% used [0x00000000d1110000, 0x00000000d1110000, 0x00000000d3330000)
[1.507s][debug][gc,heap        ] GC(10)   to   space 34944K,   0% used [0x00000000d3330000, 0x00000000d3330000, 0x00000000d5550000)
[1.507s][debug][gc,heap        ] GC(10)  tenured generation   total 699072K, used 225472K [0x00000000d5550000, 0x0000000100000000, 0x0000000100000000)
[1.507s][debug][gc,heap        ] GC(10)    the space 699072K,  32% used [0x00000000d5550000, 0x00000000e31801d0, 0x00000000e3180200, 0x0000000100000000)
[1.507s][debug][gc,heap        ] GC(10)  Metaspace       used 6359K, committed 6528K, reserved 1114112K
[1.507s][debug][gc,heap        ] GC(10)   class space    used 546K, committed 640K, reserved 1048576K
[1.544s][info ][gc,heap        ] GC(10) DefNew: 279616K(314560K)->34905K(314560K) Eden: 279616K(279616K)->0K(279616K) From: 0K(34944K)->34905K(34944K)
[1.544s][info ][gc,heap        ] GC(10) Tenured: 225472K(699072K)->287982K(699072K)
[1.544s][info ][gc,metaspace   ] GC(10) Metaspace: 6359K(6528K)->6359K(6528K) NonClass: 5813K(5888K)->5813K(5888K) Class: 546K(640K)->546K(640K)
[1.544s][debug][gc,heap        ] GC(10) Heap after GC invocations=10 (full 1):
[1.544s][debug][gc,heap        ] GC(10)  def new generation   total 314560K, used 34905K [0x00000000c0000000, 0x00000000d5550000, 0x00000000d5550000)
[1.544s][debug][gc,heap        ] GC(10)   eden space 279616K,   0% used [0x00000000c0000000, 0x00000000c0000000, 0x00000000d1110000)
[1.544s][debug][gc,heap        ] GC(10)   from space 34944K,  99% used [0x00000000d3330000, 0x00000000d55465d0, 0x00000000d5550000)
[1.544s][debug][gc,heap        ] GC(10)   to   space 34944K,   0% used [0x00000000d1110000, 0x00000000d1110000, 0x00000000d3330000)
[1.544s][debug][gc,heap        ] GC(10)  tenured generation   total 699072K, used 287982K [0x00000000d5550000, 0x0000000100000000, 0x0000000100000000)
[1.544s][debug][gc,heap        ] GC(10)    the space 699072K,  41% used [0x00000000d5550000, 0x00000000e6e8b8e0, 0x00000000e6e8ba00, 0x0000000100000000)
[1.544s][debug][gc,heap        ] GC(10)  Metaspace       used 6359K, committed 6528K, reserved 1114112K
[1.544s][debug][gc,heap        ] GC(10)   class space    used 546K, committed 640K, reserved 1048576K
[1.544s][info ][gc             ] GC(10) Pause Young (Allocation Failure) 493M->315M(989M) 36.996ms
[1.544s][info ][gc,cpu         ] GC(10) User=0.03s Sys=0.00s Real=0.04s
[1.544s][info ][safepoint      ] Safepoint "GenCollectForAllocation", Time since last: 27480097 ns, Reaching safepoint: 6300 ns, Cleanup: 67500 ns, At safepoint: 37024396 ns, Total: 37098196 ns
[1.561s][info ][gc,start       ] GC(11) Pause Young (Allocation Failure)
[1.561s][debug][gc,heap        ] GC(11) Heap before GC invocations=10 (full 1):
[1.561s][debug][gc,heap        ] GC(11)  def new generation   total 314560K, used 314521K [0x00000000c0000000, 0x00000000d5550000, 0x00000000d5550000)
[1.561s][debug][gc,heap        ] GC(11)   eden space 279616K, 100% used [0x00000000c0000000, 0x00000000d1110000, 0x00000000d1110000)
[1.561s][debug][gc,heap        ] GC(11)   from space 34944K,  99% used [0x00000000d3330000, 0x00000000d55465d0, 0x00000000d5550000)
[1.561s][debug][gc,heap        ] GC(11)   to   space 34944K,   0% used [0x00000000d1110000, 0x00000000d1110000, 0x00000000d3330000)
[1.561s][debug][gc,heap        ] GC(11)  tenured generation   total 699072K, used 287982K [0x00000000d5550000, 0x0000000100000000, 0x0000000100000000)
[1.561s][debug][gc,heap        ] GC(11)    the space 699072K,  41% used [0x00000000d5550000, 0x00000000e6e8b8e0, 0x00000000e6e8ba00, 0x0000000100000000)
[1.562s][debug][gc,heap        ] GC(11)  Metaspace       used 6359K, committed 6528K, reserved 1114112K
[1.562s][debug][gc,heap        ] GC(11)   class space    used 546K, committed 640K, reserved 1048576K
[1.833s][info ][gc,heap        ] GC(11) DefNew: 314521K(314560K)->34905K(314560K) Eden: 279616K(279616K)->0K(279616K) From: 34905K(34944K)->34905K(34944K)
[1.833s][info ][gc,heap        ] GC(11) Tenured: 287982K(699072K)->370695K(699072K)
[1.833s][info ][gc,metaspace   ] GC(11) Metaspace: 6359K(6528K)->6359K(6528K) NonClass: 5813K(5888K)->5813K(5888K) Class: 546K(640K)->546K(640K)
[1.833s][debug][gc,heap        ] GC(11) Heap after GC invocations=11 (full 1):
[1.833s][debug][gc,heap        ] GC(11)  def new generation   total 314560K, used 34905K [0x00000000c0000000, 0x00000000d5550000, 0x00000000d5550000)
[1.833s][debug][gc,heap        ] GC(11)   eden space 279616K,   0% used [0x00000000c0000000, 0x00000000c0000000, 0x00000000d1110000)
[1.833s][debug][gc,heap        ] GC(11)   from space 34944K,  99% used [0x00000000d1110000, 0x00000000d33265d0, 0x00000000d3330000)
[1.833s][debug][gc,heap        ] GC(11)   to   space 34944K,   0% used [0x00000000d3330000, 0x00000000d3330000, 0x00000000d5550000)
[1.833s][debug][gc,heap        ] GC(11)  tenured generation   total 699072K, used 370695K [0x00000000d5550000, 0x0000000100000000, 0x0000000100000000)
[1.833s][debug][gc,heap        ] GC(11)    the space 699072K,  53% used [0x00000000d5550000, 0x00000000ebf51c90, 0x00000000ebf51e00, 0x0000000100000000)
[1.833s][debug][gc,heap        ] GC(11)  Metaspace       used 6359K, committed 6528K, reserved 1114112K
[1.833s][debug][gc,heap        ] GC(11)   class space    used 546K, committed 640K, reserved 1048576K
[1.833s][info ][gc             ] GC(11) Pause Young (Allocation Failure) 588M->396M(989M) 271.585ms
[1.833s][info ][gc,cpu         ] GC(11) User=0.27s Sys=0.00s Real=0.27s
[1.833s][info ][safepoint      ] Safepoint "GenCollectForAllocation", Time since last: 17605898 ns, Reaching safepoint: 4300 ns, Cleanup: 4500 ns, At safepoint: 271664472 ns, Total: 271673272 ns
[2.195s][info ][gc,start       ] GC(12) Pause Young (Allocation Failure)
[2.196s][debug][gc,heap        ] GC(12) Heap before GC invocations=11 (full 1):
[2.196s][debug][gc,heap        ] GC(12)  def new generation   total 314560K, used 314521K [0x00000000c0000000, 0x00000000d5550000, 0x00000000d5550000)
[2.196s][debug][gc,heap        ] GC(12)   eden space 279616K, 100% used [0x00000000c0000000, 0x00000000d1110000, 0x00000000d1110000)
[2.196s][debug][gc,heap        ] GC(12)   from space 34944K,  99% used [0x00000000d1110000, 0x00000000d33265d0, 0x00000000d3330000)
[2.196s][debug][gc,heap        ] GC(12)   to   space 34944K,   0% used [0x00000000d3330000, 0x00000000d3330000, 0x00000000d5550000)
[2.196s][debug][gc,heap        ] GC(12)  tenured generation   total 699072K, used 370695K [0x00000000d5550000, 0x0000000100000000, 0x0000000100000000)
[2.196s][debug][gc,heap        ] GC(12)    the space 699072K,  53% used [0x00000000d5550000, 0x00000000ebf51c90, 0x00000000ebf51e00, 0x0000000100000000)
[2.196s][debug][gc,heap        ] GC(12)  Metaspace       used 6359K, committed 6528K, reserved 1114112K
[2.196s][debug][gc,heap        ] GC(12)   class space    used 546K, committed 640K, reserved 1048576K
[2.452s][info ][gc,heap        ] GC(12) DefNew: 314521K(314560K)->34905K(314560K) Eden: 279616K(279616K)->0K(279616K) From: 34905K(34944K)->34905K(34944K)
[2.452s][info ][gc,heap        ] GC(12) Tenured: 370695K(699072K)->454408K(699072K)
[2.452s][info ][gc,metaspace   ] GC(12) Metaspace: 6359K(6528K)->6359K(6528K) NonClass: 5813K(5888K)->5813K(5888K) Class: 546K(640K)->546K(640K)
[2.452s][debug][gc,heap        ] GC(12) Heap after GC invocations=12 (full 1):
[2.452s][debug][gc,heap        ] GC(12)  def new generation   total 314560K, used 34905K [0x00000000c0000000, 0x00000000d5550000, 0x00000000d5550000)
[2.452s][debug][gc,heap        ] GC(12)   eden space 279616K,   0% used [0x00000000c0000000, 0x00000000c0000000, 0x00000000d1110000)
[2.452s][debug][gc,heap        ] GC(12)   from space 34944K,  99% used [0x00000000d3330000, 0x00000000d55465d0, 0x00000000d5550000)
[2.452s][debug][gc,heap        ] GC(12)   to   space 34944K,   0% used [0x00000000d1110000, 0x00000000d1110000, 0x00000000d3330000)
[2.452s][debug][gc,heap        ] GC(12)  tenured generation   total 699072K, used 454408K [0x00000000d5550000, 0x0000000100000000, 0x0000000100000000)
[2.452s][debug][gc,heap        ] GC(12)    the space 699072K,  65% used [0x00000000d5550000, 0x00000000f11120e0, 0x00000000f1112200, 0x0000000100000000)
[2.452s][debug][gc,heap        ] GC(12)  Metaspace       used 6359K, committed 6528K, reserved 1114112K
[2.452s][debug][gc,heap        ] GC(12)   class space    used 546K, committed 640K, reserved 1048576K
[2.452s][info ][gc             ] GC(12) Pause Young (Allocation Failure) 669M->477M(989M) 256.891ms
[2.452s][info ][gc,cpu         ] GC(12) User=0.26s Sys=0.00s Real=0.26s
[2.452s][info ][safepoint      ] Safepoint "GenCollectForAllocation", Time since last: 361977461 ns, Reaching safepoint: 3000 ns, Cleanup: 45300 ns, At safepoint: 256928673 ns, Total: 256976973 ns
[2.532s][info ][gc,start       ] GC(13) Pause Young (Allocation Failure)
[2.532s][debug][gc,heap        ] GC(13) Heap before GC invocations=12 (full 1):
[2.532s][debug][gc,heap        ] GC(13)  def new generation   total 314560K, used 314521K [0x00000000c0000000, 0x00000000d5550000, 0x00000000d5550000)
[2.532s][debug][gc,heap        ] GC(13)   eden space 279616K, 100% used [0x00000000c0000000, 0x00000000d1110000, 0x00000000d1110000)
[2.532s][debug][gc,heap        ] GC(13)   from space 34944K,  99% used [0x00000000d3330000, 0x00000000d55465d0, 0x00000000d5550000)
[2.532s][debug][gc,heap        ] GC(13)   to   space 34944K,   0% used [0x00000000d1110000, 0x00000000d1110000, 0x00000000d3330000)
[2.532s][debug][gc,heap        ] GC(13)  tenured generation   total 699072K, used 454408K [0x00000000d5550000, 0x0000000100000000, 0x0000000100000000)
[2.532s][debug][gc,heap        ] GC(13)    the space 699072K,  65% used [0x00000000d5550000, 0x00000000f11120e0, 0x00000000f1112200, 0x0000000100000000)
[2.532s][debug][gc,heap        ] GC(13)  Metaspace       used 6359K, committed 6528K, reserved 1114112K
[2.532s][debug][gc,heap        ] GC(13)   class space    used 546K, committed 640K, reserved 1048576K
[2.772s][info ][gc,heap        ] GC(13) DefNew: 314521K(314560K)->34905K(314560K) Eden: 279616K(279616K)->0K(279616K) From: 34905K(34944K)->34905K(34944K)
[2.772s][info ][gc,heap        ] GC(13) Tenured: 454408K(699072K)->539721K(699072K)
[2.772s][info ][gc,metaspace   ] GC(13) Metaspace: 6359K(6528K)->6359K(6528K) NonClass: 5813K(5888K)->5813K(5888K) Class: 546K(640K)->546K(640K)
[2.772s][debug][gc,heap        ] GC(13) Heap after GC invocations=13 (full 1):
[2.772s][debug][gc,heap        ] GC(13)  def new generation   total 314560K, used 34905K [0x00000000c0000000, 0x00000000d5550000, 0x00000000d5550000)
[2.772s][debug][gc,heap        ] GC(13)   eden space 279616K,   0% used [0x00000000c0000000, 0x00000000c0000000, 0x00000000d1110000)
[2.772s][debug][gc,heap        ] GC(13)   from space 34944K,  99% used [0x00000000d1110000, 0x00000000d33265d0, 0x00000000d3330000)
[2.772s][debug][gc,heap        ] GC(13)   to   space 34944K,   0% used [0x00000000d3330000, 0x00000000d3330000, 0x00000000d5550000)
[2.772s][debug][gc,heap        ] GC(13)  tenured generation   total 699072K, used 539721K [0x00000000d5550000, 0x0000000100000000, 0x0000000100000000)
[2.772s][debug][gc,heap        ] GC(13)    the space 699072K,  77% used [0x00000000d5550000, 0x00000000f6462630, 0x00000000f6462800, 0x0000000100000000)
[2.772s][debug][gc,heap        ] GC(13)  Metaspace       used 6359K, committed 6528K, reserved 1114112K
[2.772s][debug][gc,heap        ] GC(13)   class space    used 546K, committed 640K, reserved 1048576K
[2.772s][info ][gc             ] GC(13) Pause Young (Allocation Failure) 750M->561M(989M) 239.849ms
[2.772s][info ][gc,cpu         ] GC(13) User=0.24s Sys=0.00s Real=0.24s
[2.772s][info ][safepoint      ] Safepoint "GenCollectForAllocation", Time since last: 80032592 ns, Reaching safepoint: 18400 ns, Cleanup: 5000 ns, At safepoint: 239902174 ns, Total: 239925574 ns
[2.801s][info ][gc,start       ] GC(14) Pause Young (Allocation Failure)
[2.801s][debug][gc,heap        ] GC(14) Heap before GC invocations=13 (full 1):
[2.801s][debug][gc,heap        ] GC(14)  def new generation   total 314560K, used 314521K [0x00000000c0000000, 0x00000000d5550000, 0x00000000d5550000)
[2.801s][debug][gc,heap        ] GC(14)   eden space 279616K, 100% used [0x00000000c0000000, 0x00000000d1110000, 0x00000000d1110000)
[2.801s][debug][gc,heap        ] GC(14)   from space 34944K,  99% used [0x00000000d1110000, 0x00000000d33265d0, 0x00000000d3330000)
[2.801s][debug][gc,heap        ] GC(14)   to   space 34944K,   0% used [0x00000000d3330000, 0x00000000d3330000, 0x00000000d5550000)
[2.801s][debug][gc,heap        ] GC(14)  tenured generation   total 699072K, used 539721K [0x00000000d5550000, 0x0000000100000000, 0x0000000100000000)
[2.801s][debug][gc,heap        ] GC(14)    the space 699072K,  77% used [0x00000000d5550000, 0x00000000f6462630, 0x00000000f6462800, 0x0000000100000000)
[2.801s][debug][gc,heap        ] GC(14)  Metaspace       used 6359K, committed 6528K, reserved 1114112K
[2.801s][debug][gc,heap        ] GC(14)   class space    used 546K, committed 640K, reserved 1048576K
[2.956s][info ][gc,heap        ] GC(14) DefNew: 314521K(314560K)->34905K(314560K) Eden: 279616K(279616K)->0K(279616K) From: 34905K(34944K)->34905K(34944K)
[2.956s][info ][gc,heap        ] GC(14) Tenured: 539721K(699072K)->619834K(699072K)
[2.956s][info ][gc,metaspace   ] GC(14) Metaspace: 6359K(6528K)->6359K(6528K) NonClass: 5813K(5888K)->5813K(5888K) Class: 546K(640K)->546K(640K)
[2.956s][debug][gc,heap        ] GC(14) Heap after GC invocations=14 (full 1):
[2.957s][debug][gc,heap        ] GC(14)  def new generation   total 314560K, used 34905K [0x00000000c0000000, 0x00000000d5550000, 0x00000000d5550000)
[2.957s][debug][gc,heap        ] GC(14)   eden space 279616K,   0% used [0x00000000c0000000, 0x00000000c0000000, 0x00000000d1110000)
[2.957s][debug][gc,heap        ] GC(14)   from space 34944K,  99% used [0x00000000d3330000, 0x00000000d55465d0, 0x00000000d5550000)
[2.957s][debug][gc,heap        ] GC(14)   to   space 34944K,   0% used [0x00000000d1110000, 0x00000000d1110000, 0x00000000d3330000)
[2.957s][debug][gc,heap        ] GC(14)  tenured generation   total 699072K, used 619834K [0x00000000d5550000, 0x0000000100000000, 0x0000000100000000)
[2.957s][debug][gc,heap        ] GC(14)    the space 699072K,  88% used [0x00000000d5550000, 0x00000000fb29e840, 0x00000000fb29ea00, 0x0000000100000000)
[2.957s][debug][gc,heap        ] GC(14)  Metaspace       used 6359K, committed 6528K, reserved 1114112K
[2.957s][debug][gc,heap        ] GC(14)   class space    used 546K, committed 640K, reserved 1048576K
[2.957s][info ][gc             ] GC(14) Pause Young (Allocation Failure) 834M->639M(989M) 155.758ms
[2.957s][info ][gc,cpu         ] GC(14) User=0.16s Sys=0.00s Real=0.15s
[2.957s][info ][safepoint      ] Safepoint "GenCollectForAllocation", Time since last: 28758397 ns, Reaching safepoint: 4700 ns, Cleanup: 4600 ns, At safepoint: 155789084 ns, Total: 155798384 ns
[2.985s][info ][gc,start       ] GC(15) Pause Young (Allocation Failure)
[2.985s][debug][gc,heap        ] GC(15) Heap before GC invocations=14 (full 1):
[2.985s][debug][gc,heap        ] GC(15)  def new generation   total 314560K, used 314521K [0x00000000c0000000, 0x00000000d5550000, 0x00000000d5550000)
[2.985s][debug][gc,heap        ] GC(15)   eden space 279616K, 100% used [0x00000000c0000000, 0x00000000d1110000, 0x00000000d1110000)
[2.985s][debug][gc,heap        ] GC(15)   from space 34944K,  99% used [0x00000000d3330000, 0x00000000d55465d0, 0x00000000d5550000)
[2.985s][debug][gc,heap        ] GC(15)   to   space 34944K,   0% used [0x00000000d1110000, 0x00000000d1110000, 0x00000000d3330000)
[2.985s][debug][gc,heap        ] GC(15)  tenured generation   total 699072K, used 619834K [0x00000000d5550000, 0x0000000100000000, 0x0000000100000000)
[2.985s][debug][gc,heap        ] GC(15)    the space 699072K,  88% used [0x00000000d5550000, 0x00000000fb29e840, 0x00000000fb29ea00, 0x0000000100000000)
[2.985s][debug][gc,heap        ] GC(15)  Metaspace       used 6359K, committed 6528K, reserved 1114112K
[2.985s][debug][gc,heap        ] GC(15)   class space    used 546K, committed 640K, reserved 1048576K
[2.985s][debug][gc,heap        ] GC(15) Heap after GC invocations=15 (full 1):
[2.985s][debug][gc,heap        ] GC(15)  def new generation   total 314560K, used 314521K [0x00000000c0000000, 0x00000000d5550000, 0x00000000d5550000)
[2.985s][debug][gc,heap        ] GC(15)   eden space 279616K, 100% used [0x00000000c0000000, 0x00000000d1110000, 0x00000000d1110000)
[2.985s][debug][gc,heap        ] GC(15)   from space 34944K,  99% used [0x00000000d3330000, 0x00000000d55465d0, 0x00000000d5550000)
[2.985s][debug][gc,heap        ] GC(15)   to   space 34944K,   0% used [0x00000000d1110000, 0x00000000d1110000, 0x00000000d3330000)
[2.985s][debug][gc,heap        ] GC(15)  tenured generation   total 699072K, used 619834K [0x00000000d5550000, 0x0000000100000000, 0x0000000100000000)
[2.985s][debug][gc,heap        ] GC(15)    the space 699072K,  88% used [0x00000000d5550000, 0x00000000fb29e840, 0x00000000fb29ea00, 0x0000000100000000)
[2.985s][debug][gc,heap        ] GC(15)  Metaspace       used 6359K, committed 6528K, reserved 1114112K
[2.985s][debug][gc,heap        ] GC(15)   class space    used 546K, committed 640K, reserved 1048576K
[2.985s][info ][gc             ] GC(15) Pause Young (Allocation Failure) 912M->912M(989M) 0.113ms
[2.985s][info ][gc,cpu         ] GC(15) User=0.00s Sys=0.00s Real=0.00s
[2.985s][info ][gc,start       ] GC(16) Pause Full (Allocation Failure)
[2.985s][debug][gc,heap        ] GC(16) Heap before GC invocations=15 (full 1):
[2.985s][debug][gc,heap        ] GC(16)  def new generation   total 314560K, used 314521K [0x00000000c0000000, 0x00000000d5550000, 0x00000000d5550000)
[2.985s][debug][gc,heap        ] GC(16)   eden space 279616K, 100% used [0x00000000c0000000, 0x00000000d1110000, 0x00000000d1110000)
[2.985s][debug][gc,heap        ] GC(16)   from space 34944K,  99% used [0x00000000d3330000, 0x00000000d55465d0, 0x00000000d5550000)
[2.985s][debug][gc,heap        ] GC(16)   to   space 34944K,   0% used [0x00000000d1110000, 0x00000000d1110000, 0x00000000d3330000)
[2.985s][debug][gc,heap        ] GC(16)  tenured generation   total 699072K, used 619834K [0x00000000d5550000, 0x0000000100000000, 0x0000000100000000)
[2.985s][debug][gc,heap        ] GC(16)    the space 699072K,  88% used [0x00000000d5550000, 0x00000000fb29e840, 0x00000000fb29ea00, 0x0000000100000000)
[2.985s][debug][gc,heap        ] GC(16)  Metaspace       used 6359K, committed 6528K, reserved 1114112K
[2.985s][debug][gc,heap        ] GC(16)   class space    used 546K, committed 640K, reserved 1048576K
[2.985s][info ][gc,phases,start] GC(16) Phase 1: Mark live objects
[2.997s][info ][gc,phases      ] GC(16) Phase 1: Mark live objects 11.229ms
[2.997s][info ][gc,phases,start] GC(16) Phase 2: Compute new object addresses
[3.008s][info ][gc,phases      ] GC(16) Phase 2: Compute new object addresses 11.432ms
[3.008s][info ][gc,phases,start] GC(16) Phase 3: Adjust pointers
[3.009s][info ][gc,phases      ] GC(16) Phase 3: Adjust pointers 1.259ms
[3.009s][info ][gc,phases,start] GC(16) Phase 4: Move objects
[3.246s][info ][gc,phases      ] GC(16) Phase 4: Move objects 236.496ms
[3.246s][info ][gc,heap        ] GC(16) DefNew: 314521K(314560K)->0K(314560K) Eden: 279616K(279616K)->0K(279616K) From: 34905K(34944K)->0K(34944K)
[3.246s][info ][gc,heap        ] GC(16) Tenured: 619834K(699072K)->229673K(699072K)
[3.246s][info ][gc,metaspace   ] GC(16) Metaspace: 6359K(6528K)->6359K(6528K) NonClass: 5813K(5888K)->5813K(5888K) Class: 546K(640K)->546K(640K)
[3.246s][debug][gc,heap        ] GC(16) Heap after GC invocations=15 (full 2):
[3.246s][debug][gc,heap        ] GC(16)  def new generation   total 314560K, used 0K [0x00000000c0000000, 0x00000000d5550000, 0x00000000d5550000)
[3.246s][debug][gc,heap        ] GC(16)   eden space 279616K,   0% used [0x00000000c0000000, 0x00000000c0000000, 0x00000000d1110000)
[3.246s][debug][gc,heap        ] GC(16)   from space 34944K,   0% used [0x00000000d3330000, 0x00000000d3330000, 0x00000000d5550000)
[3.246s][debug][gc,heap        ] GC(16)   to   space 34944K,   0% used [0x00000000d1110000, 0x00000000d1110000, 0x00000000d3330000)
[3.246s][debug][gc,heap        ] GC(16)  tenured generation   total 699072K, used 229673K [0x00000000d5550000, 0x0000000100000000, 0x0000000100000000)
[3.246s][debug][gc,heap        ] GC(16)    the space 699072K,  32% used [0x00000000d5550000, 0x00000000e359a470, 0x00000000e359a600, 0x0000000100000000)
[3.246s][debug][gc,heap        ] GC(16)  Metaspace       used 6359K, committed 6528K, reserved 1114112K
[3.246s][debug][gc,heap        ] GC(16)   class space    used 546K, committed 640K, reserved 1048576K
[3.246s][info ][gc             ] GC(16) Pause Full (Allocation Failure) 912M->224M(989M) 260.923ms
[3.246s][info ][gc,cpu         ] GC(16) User=0.26s Sys=0.00s Real=0.26s
[3.246s][info ][safepoint      ] Safepoint "GenCollectForAllocation", Time since last: 28503997 ns, Reaching safepoint: 4600 ns, Cleanup: 4800 ns, At safepoint: 261071272 ns, Total: 261080672 ns
[3.264s][info ][gc,start       ] GC(17) Pause Young (Allocation Failure)
[3.264s][debug][gc,heap        ] GC(17) Heap before GC invocations=15 (full 2):
[3.264s][debug][gc,heap        ] GC(17)  def new generation   total 314560K, used 279616K [0x00000000c0000000, 0x00000000d5550000, 0x00000000d5550000)
[3.264s][debug][gc,heap        ] GC(17)   eden space 279616K, 100% used [0x00000000c0000000, 0x00000000d1110000, 0x00000000d1110000)
[3.264s][debug][gc,heap        ] GC(17)   from space 34944K,   0% used [0x00000000d3330000, 0x00000000d3330000, 0x00000000d5550000)
[3.264s][debug][gc,heap        ] GC(17)   to   space 34944K,   0% used [0x00000000d1110000, 0x00000000d1110000, 0x00000000d3330000)
[3.264s][debug][gc,heap        ] GC(17)  tenured generation   total 699072K, used 229673K [0x00000000d5550000, 0x0000000100000000, 0x0000000100000000)
[3.264s][debug][gc,heap        ] GC(17)    the space 699072K,  32% used [0x00000000d5550000, 0x00000000e359a470, 0x00000000e359a600, 0x0000000100000000)
[3.264s][debug][gc,heap        ] GC(17)  Metaspace       used 6359K, committed 6528K, reserved 1114112K
[3.264s][debug][gc,heap        ] GC(17)   class space    used 546K, committed 640K, reserved 1048576K
[3.290s][info ][gc,heap        ] GC(17) DefNew: 279616K(314560K)->34905K(314560K) Eden: 279616K(279616K)->0K(279616K) From: 0K(34944K)->34905K(34944K)
[3.290s][info ][gc,heap        ] GC(17) Tenured: 229673K(699072K)->294583K(699072K)
[3.290s][info ][gc,metaspace   ] GC(17) Metaspace: 6359K(6528K)->6359K(6528K) NonClass: 5813K(5888K)->5813K(5888K) Class: 546K(640K)->546K(640K)
[3.290s][debug][gc,heap        ] GC(17) Heap after GC invocations=16 (full 2):
[3.290s][debug][gc,heap        ] GC(17)  def new generation   total 314560K, used 34905K [0x00000000c0000000, 0x00000000d5550000, 0x00000000d5550000)
[3.290s][debug][gc,heap        ] GC(17)   eden space 279616K,   0% used [0x00000000c0000000, 0x00000000c0000000, 0x00000000d1110000)
[3.290s][debug][gc,heap        ] GC(17)   from space 34944K,  99% used [0x00000000d1110000, 0x00000000d33265d0, 0x00000000d3330000)
[3.290s][debug][gc,heap        ] GC(17)   to   space 34944K,   0% used [0x00000000d3330000, 0x00000000d3330000, 0x00000000d5550000)
[3.290s][debug][gc,heap        ] GC(17)  tenured generation   total 699072K, used 294583K [0x00000000d5550000, 0x0000000100000000, 0x0000000100000000)
[3.290s][debug][gc,heap        ] GC(17)    the space 699072K,  42% used [0x00000000d5550000, 0x00000000e74fdd00, 0x00000000e74fde00, 0x0000000100000000)
[3.290s][debug][gc,heap        ] GC(17)  Metaspace       used 6359K, committed 6528K, reserved 1114112K
[3.290s][debug][gc,heap        ] GC(17)   class space    used 546K, committed 640K, reserved 1048576K
[3.290s][info ][gc             ] GC(17) Pause Young (Allocation Failure) 497M->321M(989M) 26.156ms
[3.290s][info ][gc,cpu         ] GC(17) User=0.03s Sys=0.00s Real=0.02s
[3.290s][info ][safepoint      ] Safepoint "GenCollectForAllocation", Time since last: 17431698 ns, Reaching safepoint: 3700 ns, Cleanup: 4400 ns, At safepoint: 26183597 ns, Total: 26191697 ns
[3.307s][info ][gc,start       ] GC(18) Pause Young (Allocation Failure)
[3.307s][debug][gc,heap        ] GC(18) Heap before GC invocations=16 (full 2):
[3.307s][debug][gc,heap        ] GC(18)  def new generation   total 314560K, used 314521K [0x00000000c0000000, 0x00000000d5550000, 0x00000000d5550000)
[3.307s][debug][gc,heap        ] GC(18)   eden space 279616K, 100% used [0x00000000c0000000, 0x00000000d1110000, 0x00000000d1110000)
[3.307s][debug][gc,heap        ] GC(18)   from space 34944K,  99% used [0x00000000d1110000, 0x00000000d33265d0, 0x00000000d3330000)
[3.307s][debug][gc,heap        ] GC(18)   to   space 34944K,   0% used [0x00000000d3330000, 0x00000000d3330000, 0x00000000d5550000)
[3.307s][debug][gc,heap        ] GC(18)  tenured generation   total 699072K, used 294583K [0x00000000d5550000, 0x0000000100000000, 0x0000000100000000)
[3.307s][debug][gc,heap        ] GC(18)    the space 699072K,  42% used [0x00000000d5550000, 0x00000000e74fdd00, 0x00000000e74fde00, 0x0000000100000000)
[3.307s][debug][gc,heap        ] GC(18)  Metaspace       used 6359K, committed 6528K, reserved 1114112K
[3.307s][debug][gc,heap        ] GC(18)   class space    used 546K, committed 640K, reserved 1048576K
[3.340s][info ][gc,heap        ] GC(18) DefNew: 314521K(314560K)->34905K(314560K) Eden: 279616K(279616K)->0K(279616K) From: 34905K(34944K)->34905K(34944K)
[3.340s][info ][gc,heap        ] GC(18) Tenured: 294583K(699072K)->377596K(699072K)
[3.340s][info ][gc,metaspace   ] GC(18) Metaspace: 6359K(6528K)->6359K(6528K) NonClass: 5813K(5888K)->5813K(5888K) Class: 546K(640K)->546K(640K)
[3.340s][debug][gc,heap        ] GC(18) Heap after GC invocations=17 (full 2):
[3.340s][debug][gc,heap        ] GC(18)  def new generation   total 314560K, used 34905K [0x00000000c0000000, 0x00000000d5550000, 0x00000000d5550000)
[3.340s][debug][gc,heap        ] GC(18)   eden space 279616K,   0% used [0x00000000c0000000, 0x00000000c0000000, 0x00000000d1110000)
[3.340s][debug][gc,heap        ] GC(18)   from space 34944K,  99% used [0x00000000d3330000, 0x00000000d55465d0, 0x00000000d5550000)
[3.340s][debug][gc,heap        ] GC(18)   to   space 34944K,   0% used [0x00000000d1110000, 0x00000000d1110000, 0x00000000d3330000)
[3.340s][debug][gc,heap        ] GC(18)  tenured generation   total 699072K, used 377596K [0x00000000d5550000, 0x0000000100000000, 0x0000000100000000)
[3.340s][debug][gc,heap        ] GC(18)    the space 699072K,  54% used [0x00000000d5550000, 0x00000000ec60f0e0, 0x00000000ec60f200, 0x0000000100000000)
[3.340s][debug][gc,heap        ] GC(18)  Metaspace       used 6359K, committed 6528K, reserved 1114112K
[3.340s][debug][gc,heap        ] GC(18)   class space    used 546K, committed 640K, reserved 1048576K
[3.340s][info ][gc             ] GC(18) Pause Young (Allocation Failure) 594M->402M(989M) 33.145ms
[3.340s][info ][gc,cpu         ] GC(18) User=0.03s Sys=0.00s Real=0.03s
[3.340s][info ][safepoint      ] Safepoint "GenCollectForAllocation", Time since last: 16825898 ns, Reaching safepoint: 4700 ns, Cleanup: 4800 ns, At safepoint: 33170897 ns, Total: 33180397 ns
[3.356s][info ][gc,start       ] GC(19) Pause Young (Allocation Failure)
[3.356s][debug][gc,heap        ] GC(19) Heap before GC invocations=17 (full 2):
[3.356s][debug][gc,heap        ] GC(19)  def new generation   total 314560K, used 314521K [0x00000000c0000000, 0x00000000d5550000, 0x00000000d5550000)
[3.356s][debug][gc,heap        ] GC(19)   eden space 279616K, 100% used [0x00000000c0000000, 0x00000000d1110000, 0x00000000d1110000)
[3.356s][debug][gc,heap        ] GC(19)   from space 34944K,  99% used [0x00000000d3330000, 0x00000000d55465d0, 0x00000000d5550000)
[3.356s][debug][gc,heap        ] GC(19)   to   space 34944K,   0% used [0x00000000d1110000, 0x00000000d1110000, 0x00000000d3330000)
[3.356s][debug][gc,heap        ] GC(19)  tenured generation   total 699072K, used 377596K [0x00000000d5550000, 0x0000000100000000, 0x0000000100000000)
[3.356s][debug][gc,heap        ] GC(19)    the space 699072K,  54% used [0x00000000d5550000, 0x00000000ec60f0e0, 0x00000000ec60f200, 0x0000000100000000)
[3.357s][debug][gc,heap        ] GC(19)  Metaspace       used 6359K, committed 6528K, reserved 1114112K
[3.357s][debug][gc,heap        ] GC(19)   class space    used 546K, committed 640K, reserved 1048576K
[3.375s][info ][gc,heap        ] GC(19) DefNew: 314521K(314560K)->34905K(314560K) Eden: 279616K(279616K)->0K(279616K) From: 34905K(34944K)->34905K(34944K)
[3.375s][info ][gc,heap        ] GC(19) Tenured: 377596K(699072K)->458008K(699072K)
[3.375s][info ][gc,metaspace   ] GC(19) Metaspace: 6359K(6528K)->6359K(6528K) NonClass: 5813K(5888K)->5813K(5888K) Class: 546K(640K)->546K(640K)
[3.375s][debug][gc,heap        ] GC(19) Heap after GC invocations=18 (full 2):
[3.375s][debug][gc,heap        ] GC(19)  def new generation   total 314560K, used 34905K [0x00000000c0000000, 0x00000000d5550000, 0x00000000d5550000)
[3.375s][debug][gc,heap        ] GC(19)   eden space 279616K,   0% used [0x00000000c0000000, 0x00000000c0000000, 0x00000000d1110000)
[3.375s][debug][gc,heap        ] GC(19)   from space 34944K,  99% used [0x00000000d1110000, 0x00000000d33265d0, 0x00000000d3330000)
[3.375s][debug][gc,heap        ] GC(19)   to   space 34944K,   0% used [0x00000000d3330000, 0x00000000d3330000, 0x00000000d5550000)
[3.375s][debug][gc,heap        ] GC(19)  tenured generation   total 699072K, used 458008K [0x00000000d5550000, 0x0000000100000000, 0x0000000100000000)
[3.375s][debug][gc,heap        ] GC(19)    the space 699072K,  65% used [0x00000000d5550000, 0x00000000f1496320, 0x00000000f1496400, 0x0000000100000000)
[3.375s][debug][gc,heap        ] GC(19)  Metaspace       used 6359K, committed 6528K, reserved 1114112K
[3.375s][debug][gc,heap        ] GC(19)   class space    used 546K, committed 640K, reserved 1048576K
[3.375s][info ][gc             ] GC(19) Pause Young (Allocation Failure) 675M->481M(989M) 18.577ms
[3.375s][info ][gc,cpu         ] GC(19) User=0.01s Sys=0.00s Real=0.02s
[3.375s][info ][safepoint      ] Safepoint "GenCollectForAllocation", Time since last: 16641898 ns, Reaching safepoint: 6100 ns, Cleanup: 4600 ns, At safepoint: 18605498 ns, Total: 18616198 ns
[3.392s][info ][gc,start       ] GC(20) Pause Young (Allocation Failure)
[3.392s][debug][gc,heap        ] GC(20) Heap before GC invocations=18 (full 2):
[3.392s][debug][gc,heap        ] GC(20)  def new generation   total 314560K, used 314521K [0x00000000c0000000, 0x00000000d5550000, 0x00000000d5550000)
[3.392s][debug][gc,heap        ] GC(20)   eden space 279616K, 100% used [0x00000000c0000000, 0x00000000d1110000, 0x00000000d1110000)
[3.392s][debug][gc,heap        ] GC(20)   from space 34944K,  99% used [0x00000000d1110000, 0x00000000d33265d0, 0x00000000d3330000)
[3.392s][debug][gc,heap        ] GC(20)   to   space 34944K,   0% used [0x00000000d3330000, 0x00000000d3330000, 0x00000000d5550000)
[3.392s][debug][gc,heap        ] GC(20)  tenured generation   total 699072K, used 458008K [0x00000000d5550000, 0x0000000100000000, 0x0000000100000000)
[3.392s][debug][gc,heap        ] GC(20)    the space 699072K,  65% used [0x00000000d5550000, 0x00000000f1496320, 0x00000000f1496400, 0x0000000100000000)
[3.392s][debug][gc,heap        ] GC(20)  Metaspace       used 6359K, committed 6528K, reserved 1114112K
[3.392s][debug][gc,heap        ] GC(20)   class space    used 546K, committed 640K, reserved 1048576K
[3.410s][info ][gc,heap        ] GC(20) DefNew: 314521K(314560K)->34905K(314560K) Eden: 279616K(279616K)->0K(279616K) From: 34905K(34944K)->34905K(34944K)
[3.410s][info ][gc,heap        ] GC(20) Tenured: 458008K(699072K)->538821K(699072K)
[3.410s][info ][gc,metaspace   ] GC(20) Metaspace: 6359K(6528K)->6359K(6528K) NonClass: 5813K(5888K)->5813K(5888K) Class: 546K(640K)->546K(640K)
[3.410s][debug][gc,heap        ] GC(20) Heap after GC invocations=19 (full 2):
[3.410s][debug][gc,heap        ] GC(20)  def new generation   total 314560K, used 34905K [0x00000000c0000000, 0x00000000d5550000, 0x00000000d5550000)
[3.410s][debug][gc,heap        ] GC(20)   eden space 279616K,   0% used [0x00000000c0000000, 0x00000000c0000000, 0x00000000d1110000)
[3.410s][debug][gc,heap        ] GC(20)   from space 34944K,  99% used [0x00000000d3330000, 0x00000000d55465d0, 0x00000000d5550000)
[3.410s][debug][gc,heap        ] GC(20)   to   space 34944K,   0% used [0x00000000d1110000, 0x00000000d1110000, 0x00000000d3330000)
[3.410s][debug][gc,heap        ] GC(20)  tenured generation   total 699072K, used 538821K [0x00000000d5550000, 0x0000000100000000, 0x0000000100000000)
[3.410s][debug][gc,heap        ] GC(20)    the space 699072K,  77% used [0x00000000d5550000, 0x00000000f63815a0, 0x00000000f6381600, 0x0000000100000000)
[3.410s][debug][gc,heap        ] GC(20)  Metaspace       used 6359K, committed 6528K, reserved 1114112K
[3.410s][debug][gc,heap        ] GC(20)   class space    used 546K, committed 640K, reserved 1048576K
[3.410s][info ][gc             ] GC(20) Pause Young (Allocation Failure) 754M->560M(989M) 18.635ms
[3.410s][info ][gc,cpu         ] GC(20) User=0.02s Sys=0.00s Real=0.02s
[3.410s][info ][safepoint      ] Safepoint "GenCollectForAllocation", Time since last: 16779298 ns, Reaching safepoint: 5200 ns, Cleanup: 4600 ns, At safepoint: 18662998 ns, Total: 18672798 ns
[3.427s][info ][gc,start       ] GC(21) Pause Young (Allocation Failure)
[3.427s][debug][gc,heap        ] GC(21) Heap before GC invocations=19 (full 2):
[3.427s][debug][gc,heap        ] GC(21)  def new generation   total 314560K, used 314521K [0x00000000c0000000, 0x00000000d5550000, 0x00000000d5550000)
[3.427s][debug][gc,heap        ] GC(21)   eden space 279616K, 100% used [0x00000000c0000000, 0x00000000d1110000, 0x00000000d1110000)
[3.427s][debug][gc,heap        ] GC(21)   from space 34944K,  99% used [0x00000000d3330000, 0x00000000d55465d0, 0x00000000d5550000)
[3.427s][debug][gc,heap        ] GC(21)   to   space 34944K,   0% used [0x00000000d1110000, 0x00000000d1110000, 0x00000000d3330000)
[3.427s][debug][gc,heap        ] GC(21)  tenured generation   total 699072K, used 538821K [0x00000000d5550000, 0x0000000100000000, 0x0000000100000000)
[3.427s][debug][gc,heap        ] GC(21)    the space 699072K,  77% used [0x00000000d5550000, 0x00000000f63815a0, 0x00000000f6381600, 0x0000000100000000)
[3.427s][debug][gc,heap        ] GC(21)  Metaspace       used 6359K, committed 6528K, reserved 1114112K
[3.427s][debug][gc,heap        ] GC(21)   class space    used 546K, committed 640K, reserved 1048576K
[3.446s][info ][gc,heap        ] GC(21) DefNew: 314521K(314560K)->34905K(314560K) Eden: 279616K(279616K)->0K(279616K) From: 34905K(34944K)->34905K(34944K)
[3.447s][info ][gc,heap        ] GC(21) Tenured: 538821K(699072K)->623034K(699072K)
[3.447s][info ][gc,metaspace   ] GC(21) Metaspace: 6359K(6528K)->6359K(6528K) NonClass: 5813K(5888K)->5813K(5888K) Class: 546K(640K)->546K(640K)
[3.447s][debug][gc,heap        ] GC(21) Heap after GC invocations=20 (full 2):
[3.447s][debug][gc,heap        ] GC(21)  def new generation   total 314560K, used 34905K [0x00000000c0000000, 0x00000000d5550000, 0x00000000d5550000)
[3.447s][debug][gc,heap        ] GC(21)   eden space 279616K,   0% used [0x00000000c0000000, 0x00000000c0000000, 0x00000000d1110000)
[3.447s][debug][gc,heap        ] GC(21)   from space 34944K,  99% used [0x00000000d1110000, 0x00000000d33265d0, 0x00000000d3330000)
[3.447s][debug][gc,heap        ] GC(21)   to   space 34944K,   0% used [0x00000000d3330000, 0x00000000d3330000, 0x00000000d5550000)
[3.447s][debug][gc,heap        ] GC(21)  tenured generation   total 699072K, used 623034K [0x00000000d5550000, 0x0000000100000000, 0x0000000100000000)
[3.447s][debug][gc,heap        ] GC(21)    the space 699072K,  89% used [0x00000000d5550000, 0x00000000fb5bea40, 0x00000000fb5bec00, 0x0000000100000000)
[3.447s][debug][gc,heap        ] GC(21)  Metaspace       used 6359K, committed 6528K, reserved 1114112K
[3.447s][debug][gc,heap        ] GC(21)   class space    used 546K, committed 640K, reserved 1048576K
[3.447s][info ][gc             ] GC(21) Pause Young (Allocation Failure) 833M->642M(989M) 19.782ms
[3.447s][info ][gc,cpu         ] GC(21) User=0.02s Sys=0.00s Real=0.02s
[3.447s][info ][safepoint      ] Safepoint "GenCollectForAllocation", Time since last: 16271499 ns, Reaching safepoint: 3800 ns, Cleanup: 4200 ns, At safepoint: 19809798 ns, Total: 19817798 ns
[3.463s][info ][gc,start       ] GC(22) Pause Young (Allocation Failure)
[3.463s][debug][gc,heap        ] GC(22) Heap before GC invocations=20 (full 2):
[3.463s][debug][gc,heap        ] GC(22)  def new generation   total 314560K, used 314521K [0x00000000c0000000, 0x00000000d5550000, 0x00000000d5550000)
[3.463s][debug][gc,heap        ] GC(22)   eden space 279616K, 100% used [0x00000000c0000000, 0x00000000d1110000, 0x00000000d1110000)
[3.463s][debug][gc,heap        ] GC(22)   from space 34944K,  99% used [0x00000000d1110000, 0x00000000d33265d0, 0x00000000d3330000)
[3.463s][debug][gc,heap        ] GC(22)   to   space 34944K,   0% used [0x00000000d3330000, 0x00000000d3330000, 0x00000000d5550000)
[3.463s][debug][gc,heap        ] GC(22)  tenured generation   total 699072K, used 623034K [0x00000000d5550000, 0x0000000100000000, 0x0000000100000000)
[3.463s][debug][gc,heap        ] GC(22)    the space 699072K,  89% used [0x00000000d5550000, 0x00000000fb5bea40, 0x00000000fb5bec00, 0x0000000100000000)
[3.463s][debug][gc,heap        ] GC(22)  Metaspace       used 6359K, committed 6528K, reserved 1114112K
[3.463s][debug][gc,heap        ] GC(22)   class space    used 546K, committed 640K, reserved 1048576K
[3.463s][debug][gc,heap        ] GC(22) Heap after GC invocations=21 (full 2):
[3.463s][debug][gc,heap        ] GC(22)  def new generation   total 314560K, used 314521K [0x00000000c0000000, 0x00000000d5550000, 0x00000000d5550000)
[3.463s][debug][gc,heap        ] GC(22)   eden space 279616K, 100% used [0x00000000c0000000, 0x00000000d1110000, 0x00000000d1110000)
[3.463s][debug][gc,heap        ] GC(22)   from space 34944K,  99% used [0x00000000d1110000, 0x00000000d33265d0, 0x00000000d3330000)
[3.463s][debug][gc,heap        ] GC(22)   to   space 34944K,   0% used [0x00000000d3330000, 0x00000000d3330000, 0x00000000d5550000)
[3.463s][debug][gc,heap        ] GC(22)  tenured generation   total 699072K, used 623034K [0x00000000d5550000, 0x0000000100000000, 0x0000000100000000)
[3.463s][debug][gc,heap        ] GC(22)    the space 699072K,  89% used [0x00000000d5550000, 0x00000000fb5bea40, 0x00000000fb5bec00, 0x0000000100000000)
[3.463s][debug][gc,heap        ] GC(22)  Metaspace       used 6359K, committed 6528K, reserved 1114112K
[3.463s][debug][gc,heap        ] GC(22)   class space    used 546K, committed 640K, reserved 1048576K
[3.463s][info ][gc             ] GC(22) Pause Young (Allocation Failure) 915M->915M(989M) 0.110ms
[3.463s][info ][gc,cpu         ] GC(22) User=0.00s Sys=0.00s Real=0.00s
[3.463s][info ][gc,start       ] GC(23) Pause Full (Allocation Failure)
[3.463s][debug][gc,heap        ] GC(23) Heap before GC invocations=21 (full 2):
[3.463s][debug][gc,heap        ] GC(23)  def new generation   total 314560K, used 314521K [0x00000000c0000000, 0x00000000d5550000, 0x00000000d5550000)
[3.463s][debug][gc,heap        ] GC(23)   eden space 279616K, 100% used [0x00000000c0000000, 0x00000000d1110000, 0x00000000d1110000)
[3.463s][debug][gc,heap        ] GC(23)   from space 34944K,  99% used [0x00000000d1110000, 0x00000000d33265d0, 0x00000000d3330000)
[3.463s][debug][gc,heap        ] GC(23)   to   space 34944K,   0% used [0x00000000d3330000, 0x00000000d3330000, 0x00000000d5550000)
[3.463s][debug][gc,heap        ] GC(23)  tenured generation   total 699072K, used 623034K [0x00000000d5550000, 0x0000000100000000, 0x0000000100000000)
[3.463s][debug][gc,heap        ] GC(23)    the space 699072K,  89% used [0x00000000d5550000, 0x00000000fb5bea40, 0x00000000fb5bec00, 0x0000000100000000)
[3.463s][debug][gc,heap        ] GC(23)  Metaspace       used 6359K, committed 6528K, reserved 1114112K
[3.463s][debug][gc,heap        ] GC(23)   class space    used 546K, committed 640K, reserved 1048576K
[3.463s][info ][gc,phases,start] GC(23) Phase 1: Mark live objects
[3.464s][info ][gc,phases      ] GC(23) Phase 1: Mark live objects 0.911ms
[3.464s][info ][gc,phases,start] GC(23) Phase 2: Compute new object addresses
[3.466s][info ][gc,phases      ] GC(23) Phase 2: Compute new object addresses 1.290ms
[3.466s][info ][gc,phases,start] GC(23) Phase 3: Adjust pointers
[3.466s][info ][gc,phases      ] GC(23) Phase 3: Adjust pointers 0.648ms
[3.466s][info ][gc,phases,start] GC(23) Phase 4: Move objects
[3.499s][info ][gc,phases      ] GC(23) Phase 4: Move objects 32.784ms
[3.499s][info ][gc,heap        ] GC(23) DefNew: 314521K(314560K)->0K(314560K) Eden: 279616K(279616K)->0K(279616K) From: 34905K(34944K)->0K(34944K)
[3.499s][info ][gc,heap        ] GC(23) Tenured: 623034K(699072K)->229773K(699072K)
[3.499s][info ][gc,metaspace   ] GC(23) Metaspace: 6359K(6528K)->6359K(6528K) NonClass: 5813K(5888K)->5813K(5888K) Class: 546K(640K)->546K(640K)
[3.499s][debug][gc,heap        ] GC(23) Heap after GC invocations=21 (full 3):
[3.499s][debug][gc,heap        ] GC(23)  def new generation   total 314560K, used 0K [0x00000000c0000000, 0x00000000d5550000, 0x00000000d5550000)
[3.499s][debug][gc,heap        ] GC(23)   eden space 279616K,   0% used [0x00000000c0000000, 0x00000000c0000000, 0x00000000d1110000)
[3.499s][debug][gc,heap        ] GC(23)   from space 34944K,   0% used [0x00000000d1110000, 0x00000000d1110000, 0x00000000d3330000)
[3.499s][debug][gc,heap        ] GC(23)   to   space 34944K,   0% used [0x00000000d3330000, 0x00000000d3330000, 0x00000000d5550000)
[3.499s][debug][gc,heap        ] GC(23)  tenured generation   total 699072K, used 229773K [0x00000000d5550000, 0x0000000100000000, 0x0000000100000000)
[3.499s][debug][gc,heap        ] GC(23)    the space 699072K,  32% used [0x00000000d5550000, 0x00000000e35b3480, 0x00000000e35b3600, 0x0000000100000000)
[3.499s][debug][gc,heap        ] GC(23)  Metaspace       used 6359K, committed 6528K, reserved 1114112K
[3.499s][debug][gc,heap        ] GC(23)   class space    used 546K, committed 640K, reserved 1048576K
[3.499s][info ][gc             ] GC(23) Pause Full (Allocation Failure) 915M->224M(989M) 35.868ms
[3.499s][info ][gc,cpu         ] GC(23) User=0.04s Sys=0.00s Real=0.03s
[3.499s][info ][safepoint      ] Safepoint "GenCollectForAllocation", Time since last: 16635998 ns, Reaching safepoint: 4200 ns, Cleanup: 4500 ns, At safepoint: 36010896 ns, Total: 36019596 ns
[3.518s][info ][gc,start       ] GC(24) Pause Young (Allocation Failure)
[3.518s][debug][gc,heap        ] GC(24) Heap before GC invocations=21 (full 3):
[3.518s][debug][gc,heap        ] GC(24)  def new generation   total 314560K, used 279616K [0x00000000c0000000, 0x00000000d5550000, 0x00000000d5550000)
[3.518s][debug][gc,heap        ] GC(24)   eden space 279616K, 100% used [0x00000000c0000000, 0x00000000d1110000, 0x00000000d1110000)
[3.518s][debug][gc,heap        ] GC(24)   from space 34944K,   0% used [0x00000000d1110000, 0x00000000d1110000, 0x00000000d3330000)
[3.518s][debug][gc,heap        ] GC(24)   to   space 34944K,   0% used [0x00000000d3330000, 0x00000000d3330000, 0x00000000d5550000)
[3.518s][debug][gc,heap        ] GC(24)  tenured generation   total 699072K, used 229773K [0x00000000d5550000, 0x0000000100000000, 0x0000000100000000)
[3.518s][debug][gc,heap        ] GC(24)    the space 699072K,  32% used [0x00000000d5550000, 0x00000000e35b3480, 0x00000000e35b3600, 0x0000000100000000)
[3.518s][debug][gc,heap        ] GC(24)  Metaspace       used 6360K, committed 6528K, reserved 1114112K
[3.518s][debug][gc,heap        ] GC(24)   class space    used 546K, committed 640K, reserved 1048576K
[3.535s][info ][gc,heap        ] GC(24) DefNew: 279616K(314560K)->34905K(314560K) Eden: 279616K(279616K)->0K(279616K) From: 0K(34944K)->34905K(34944K)
[3.535s][info ][gc,heap        ] GC(24) Tenured: 229773K(699072K)->297383K(699072K)
[3.535s][info ][gc,metaspace   ] GC(24) Metaspace: 6360K(6528K)->6360K(6528K) NonClass: 5814K(5888K)->5814K(5888K) Class: 546K(640K)->546K(640K)
[3.535s][debug][gc,heap        ] GC(24) Heap after GC invocations=22 (full 3):
[3.535s][debug][gc,heap        ] GC(24)  def new generation   total 314560K, used 34905K [0x00000000c0000000, 0x00000000d5550000, 0x00000000d5550000)
[3.535s][debug][gc,heap        ] GC(24)   eden space 279616K,   0% used [0x00000000c0000000, 0x00000000c0000000, 0x00000000d1110000)
[3.535s][debug][gc,heap        ] GC(24)   from space 34944K,  99% used [0x00000000d3330000, 0x00000000d55465d0, 0x00000000d5550000)
[3.535s][debug][gc,heap        ] GC(24)   to   space 34944K,   0% used [0x00000000d1110000, 0x00000000d1110000, 0x00000000d3330000)
[3.535s][debug][gc,heap        ] GC(24)  tenured generation   total 699072K, used 297383K [0x00000000d5550000, 0x0000000100000000, 0x0000000100000000)
[3.535s][debug][gc,heap        ] GC(24)    the space 699072K,  42% used [0x00000000d5550000, 0x00000000e77b9ec0, 0x00000000e77ba000, 0x0000000100000000)
[3.535s][debug][gc,heap        ] GC(24)  Metaspace       used 6360K, committed 6528K, reserved 1114112K
[3.535s][debug][gc,heap        ] GC(24)   class space    used 546K, committed 640K, reserved 1048576K
[3.535s][info ][gc             ] GC(24) Pause Young (Allocation Failure) 497M->324M(989M) 16.813ms
[3.535s][info ][gc,cpu         ] GC(24) User=0.02s Sys=0.00s Real=0.02s
[3.535s][info ][safepoint      ] Safepoint "GenCollectForAllocation", Time since last: 18667298 ns, Reaching safepoint: 4300 ns, Cleanup: 4700 ns, At safepoint: 16869698 ns, Total: 16878698 ns
[3.566s][info ][gc,start       ] GC(25) Pause Young (Allocation Failure)
[3.566s][debug][gc,heap        ] GC(25) Heap before GC invocations=22 (full 3):
[3.566s][debug][gc,heap        ] GC(25)  def new generation   total 314560K, used 314521K [0x00000000c0000000, 0x00000000d5550000, 0x00000000d5550000)
[3.566s][debug][gc,heap        ] GC(25)   eden space 279616K, 100% used [0x00000000c0000000, 0x00000000d1110000, 0x00000000d1110000)
[3.566s][debug][gc,heap        ] GC(25)   from space 34944K,  99% used [0x00000000d3330000, 0x00000000d55465d0, 0x00000000d5550000)
[3.566s][debug][gc,heap        ] GC(25)   to   space 34944K,   0% used [0x00000000d1110000, 0x00000000d1110000, 0x00000000d3330000)
[3.566s][debug][gc,heap        ] GC(25)  tenured generation   total 699072K, used 297383K [0x00000000d5550000, 0x0000000100000000, 0x0000000100000000)
[3.566s][debug][gc,heap        ] GC(25)    the space 699072K,  42% used [0x00000000d5550000, 0x00000000e77b9ec0, 0x00000000e77ba000, 0x0000000100000000)
[3.566s][debug][gc,heap        ] GC(25)  Metaspace       used 6360K, committed 6528K, reserved 1114112K
[3.566s][debug][gc,heap        ] GC(25)   class space    used 546K, committed 640K, reserved 1048576K
[3.589s][info ][gc,heap        ] GC(25) DefNew: 314521K(314560K)->34905K(314560K) Eden: 279616K(279616K)->0K(279616K) From: 34905K(34944K)->34905K(34944K)
[3.589s][info ][gc,heap        ] GC(25) Tenured: 297383K(699072K)->380096K(699072K)
[3.589s][info ][gc,metaspace   ] GC(25) Metaspace: 6360K(6528K)->6360K(6528K) NonClass: 5814K(5888K)->5814K(5888K) Class: 546K(640K)->546K(640K)
[3.589s][debug][gc,heap        ] GC(25) Heap after GC invocations=23 (full 3):
[3.589s][debug][gc,heap        ] GC(25)  def new generation   total 314560K, used 34905K [0x00000000c0000000, 0x00000000d5550000, 0x00000000d5550000)
[3.589s][debug][gc,heap        ] GC(25)   eden space 279616K,   0% used [0x00000000c0000000, 0x00000000c0000000, 0x00000000d1110000)
[3.589s][debug][gc,heap        ] GC(25)   from space 34944K,  99% used [0x00000000d1110000, 0x00000000d33265d0, 0x00000000d3330000)
[3.589s][debug][gc,heap        ] GC(25)   to   space 34944K,   0% used [0x00000000d3330000, 0x00000000d3330000, 0x00000000d5550000)
[3.589s][debug][gc,heap        ] GC(25)  tenured generation   total 699072K, used 380096K [0x00000000d5550000, 0x0000000100000000, 0x0000000100000000)
[3.589s][debug][gc,heap        ] GC(25)    the space 699072K,  54% used [0x00000000d5550000, 0x00000000ec880270, 0x00000000ec880400, 0x0000000100000000)
[3.589s][debug][gc,heap        ] GC(25)  Metaspace       used 6360K, committed 6528K, reserved 1114112K
[3.589s][debug][gc,heap        ] GC(25)   class space    used 546K, committed 640K, reserved 1048576K
[3.589s][info ][gc             ] GC(25) Pause Young (Allocation Failure) 597M->405M(989M) 22.800ms
[3.589s][info ][gc,cpu         ] GC(25) User=0.02s Sys=0.00s Real=0.02s
[3.589s][info ][safepoint      ] Safepoint "GenCollectForAllocation", Time since last: 30997497 ns, Reaching safepoint: 2700 ns, Cleanup: 2500 ns, At safepoint: 22824898 ns, Total: 22830098 ns
[3.623s][info ][gc,start       ] GC(26) Pause Young (Allocation Failure)
[3.623s][debug][gc,heap        ] GC(26) Heap before GC invocations=23 (full 3):
[3.623s][debug][gc,heap        ] GC(26)  def new generation   total 314560K, used 314521K [0x00000000c0000000, 0x00000000d5550000, 0x00000000d5550000)
[3.623s][debug][gc,heap        ] GC(26)   eden space 279616K, 100% used [0x00000000c0000000, 0x00000000d1110000, 0x00000000d1110000)
[3.623s][debug][gc,heap        ] GC(26)   from space 34944K,  99% used [0x00000000d1110000, 0x00000000d33265d0, 0x00000000d3330000)
[3.623s][debug][gc,heap        ] GC(26)   to   space 34944K,   0% used [0x00000000d3330000, 0x00000000d3330000, 0x00000000d5550000)
[3.623s][debug][gc,heap        ] GC(26)  tenured generation   total 699072K, used 380096K [0x00000000d5550000, 0x0000000100000000, 0x0000000100000000)
[3.623s][debug][gc,heap        ] GC(26)    the space 699072K,  54% used [0x00000000d5550000, 0x00000000ec880270, 0x00000000ec880400, 0x0000000100000000)
[3.623s][debug][gc,heap        ] GC(26)  Metaspace       used 6360K, committed 6528K, reserved 1114112K
[3.623s][debug][gc,heap        ] GC(26)   class space    used 546K, committed 640K, reserved 1048576K
[3.642s][info ][gc,heap        ] GC(26) DefNew: 314521K(314560K)->34905K(314560K) Eden: 279616K(279616K)->0K(279616K) From: 34905K(34944K)->34905K(34944K)
[3.642s][info ][gc,heap        ] GC(26) Tenured: 380096K(699072K)->462609K(699072K)
[3.642s][info ][gc,metaspace   ] GC(26) Metaspace: 6360K(6528K)->6360K(6528K) NonClass: 5814K(5888K)->5814K(5888K) Class: 546K(640K)->546K(640K)
[3.642s][debug][gc,heap        ] GC(26) Heap after GC invocations=24 (full 3):
[3.642s][debug][gc,heap        ] GC(26)  def new generation   total 314560K, used 34905K [0x00000000c0000000, 0x00000000d5550000, 0x00000000d5550000)
[3.642s][debug][gc,heap        ] GC(26)   eden space 279616K,   0% used [0x00000000c0000000, 0x00000000c0000000, 0x00000000d1110000)
[3.642s][debug][gc,heap        ] GC(26)   from space 34944K,  99% used [0x00000000d3330000, 0x00000000d55465d0, 0x00000000d5550000)
[3.642s][debug][gc,heap        ] GC(26)   to   space 34944K,   0% used [0x00000000d1110000, 0x00000000d1110000, 0x00000000d3330000)
[3.642s][debug][gc,heap        ] GC(26)  tenured generation   total 699072K, used 462609K [0x00000000d5550000, 0x0000000100000000, 0x0000000100000000)
[3.642s][debug][gc,heap        ] GC(26)    the space 699072K,  66% used [0x00000000d5550000, 0x00000000f1914600, 0x00000000f1914600, 0x0000000100000000)
[3.642s][debug][gc,heap        ] GC(26)  Metaspace       used 6360K, committed 6528K, reserved 1114112K
[3.642s][debug][gc,heap        ] GC(26)   class space    used 546K, committed 640K, reserved 1048576K
[3.642s][info ][gc             ] GC(26) Pause Young (Allocation Failure) 678M->485M(989M) 19.045ms
[3.642s][info ][gc,cpu         ] GC(26) User=0.02s Sys=0.00s Real=0.02s
[3.642s][info ][safepoint      ] Safepoint "GenCollectForAllocation", Time since last: 33979696 ns, Reaching safepoint: 3400 ns, Cleanup: 3800 ns, At safepoint: 19068698 ns, Total: 19075898 ns
[3.674s][info ][gc,start       ] GC(27) Pause Young (Allocation Failure)
[3.674s][debug][gc,heap        ] GC(27) Heap before GC invocations=24 (full 3):
[3.674s][debug][gc,heap        ] GC(27)  def new generation   total 314560K, used 314521K [0x00000000c0000000, 0x00000000d5550000, 0x00000000d5550000)
[3.674s][debug][gc,heap        ] GC(27)   eden space 279616K, 100% used [0x00000000c0000000, 0x00000000d1110000, 0x00000000d1110000)
[3.674s][debug][gc,heap        ] GC(27)   from space 34944K,  99% used [0x00000000d3330000, 0x00000000d55465d0, 0x00000000d5550000)
[3.674s][debug][gc,heap        ] GC(27)   to   space 34944K,   0% used [0x00000000d1110000, 0x00000000d1110000, 0x00000000d3330000)
[3.674s][debug][gc,heap        ] GC(27)  tenured generation   total 699072K, used 462609K [0x00000000d5550000, 0x0000000100000000, 0x0000000100000000)
[3.674s][debug][gc,heap        ] GC(27)    the space 699072K,  66% used [0x00000000d5550000, 0x00000000f1914600, 0x00000000f1914600, 0x0000000100000000)
[3.674s][debug][gc,heap        ] GC(27)  Metaspace       used 6360K, committed 6528K, reserved 1114112K
[3.674s][debug][gc,heap        ] GC(27)   class space    used 546K, committed 640K, reserved 1048576K
[3.694s][info ][gc,heap        ] GC(27) DefNew: 314521K(314560K)->34905K(314560K) Eden: 279616K(279616K)->0K(279616K) From: 34905K(34944K)->34905K(34944K)
[3.694s][info ][gc,heap        ] GC(27) Tenured: 462609K(699072K)->546322K(699072K)
[3.694s][info ][gc,metaspace   ] GC(27) Metaspace: 6360K(6528K)->6360K(6528K) NonClass: 5814K(5888K)->5814K(5888K) Class: 546K(640K)->546K(640K)
[3.694s][debug][gc,heap        ] GC(27) Heap after GC invocations=25 (full 3):
[3.694s][debug][gc,heap        ] GC(27)  def new generation   total 314560K, used 34905K [0x00000000c0000000, 0x00000000d5550000, 0x00000000d5550000)
[3.694s][debug][gc,heap        ] GC(27)   eden space 279616K,   0% used [0x00000000c0000000, 0x00000000c0000000, 0x00000000d1110000)
[3.694s][debug][gc,heap        ] GC(27)   from space 34944K,  99% used [0x00000000d1110000, 0x00000000d33265d0, 0x00000000d3330000)
[3.694s][debug][gc,heap        ] GC(27)   to   space 34944K,   0% used [0x00000000d3330000, 0x00000000d3330000, 0x00000000d5550000)
[3.694s][debug][gc,heap        ] GC(27)  tenured generation   total 699072K, used 546322K [0x00000000d5550000, 0x0000000100000000, 0x0000000100000000)
[3.694s][debug][gc,heap        ] GC(27)    the space 699072K,  78% used [0x00000000d5550000, 0x00000000f6ad4a50, 0x00000000f6ad4c00, 0x0000000100000000)
[3.694s][debug][gc,heap        ] GC(27)  Metaspace       used 6360K, committed 6528K, reserved 1114112K
[3.694s][debug][gc,heap        ] GC(27)   class space    used 546K, committed 640K, reserved 1048576K
[3.694s][info ][gc             ] GC(27) Pause Young (Allocation Failure) 758M->567M(989M) 19.573ms
[3.694s][info ][gc,cpu         ] GC(27) User=0.02s Sys=0.00s Real=0.02s
[3.694s][info ][safepoint      ] Safepoint "GenCollectForAllocation", Time since last: 32356696 ns, Reaching safepoint: 4600 ns, Cleanup: 4400 ns, At safepoint: 19597298 ns, Total: 19606298 ns
[3.726s][info ][gc,start       ] GC(28) Pause Young (Allocation Failure)
[3.726s][debug][gc,heap        ] GC(28) Heap before GC invocations=25 (full 3):
[3.726s][debug][gc,heap        ] GC(28)  def new generation   total 314560K, used 314521K [0x00000000c0000000, 0x00000000d5550000, 0x00000000d5550000)
[3.726s][debug][gc,heap        ] GC(28)   eden space 279616K, 100% used [0x00000000c0000000, 0x00000000d1110000, 0x00000000d1110000)
[3.726s][debug][gc,heap        ] GC(28)   from space 34944K,  99% used [0x00000000d1110000, 0x00000000d33265d0, 0x00000000d3330000)
[3.726s][debug][gc,heap        ] GC(28)   to   space 34944K,   0% used [0x00000000d3330000, 0x00000000d3330000, 0x00000000d5550000)
[3.726s][debug][gc,heap        ] GC(28)  tenured generation   total 699072K, used 546322K [0x00000000d5550000, 0x0000000100000000, 0x0000000100000000)
[3.726s][debug][gc,heap        ] GC(28)    the space 699072K,  78% used [0x00000000d5550000, 0x00000000f6ad4a50, 0x00000000f6ad4c00, 0x0000000100000000)
[3.726s][debug][gc,heap        ] GC(28)  Metaspace       used 6360K, committed 6528K, reserved 1114112K
[3.726s][debug][gc,heap        ] GC(28)   class space    used 546K, committed 640K, reserved 1048576K
[3.746s][info ][gc,heap        ] GC(28) DefNew: 314521K(314560K)->34905K(314560K) Eden: 279616K(279616K)->0K(279616K) From: 34905K(34944K)->34905K(34944K)
[3.746s][info ][gc,heap        ] GC(28) Tenured: 546322K(699072K)->630635K(699072K)
[3.746s][info ][gc,metaspace   ] GC(28) Metaspace: 6360K(6528K)->6360K(6528K) NonClass: 5814K(5888K)->5814K(5888K) Class: 546K(640K)->546K(640K)
[3.747s][debug][gc,heap        ] GC(28) Heap after GC invocations=26 (full 3):
[3.747s][debug][gc,heap        ] GC(28)  def new generation   total 314560K, used 34905K [0x00000000c0000000, 0x00000000d5550000, 0x00000000d5550000)
[3.747s][debug][gc,heap        ] GC(28)   eden space 279616K,   0% used [0x00000000c0000000, 0x00000000c0000000, 0x00000000d1110000)
[3.747s][debug][gc,heap        ] GC(28)   from space 34944K,  99% used [0x00000000d3330000, 0x00000000d55465d0, 0x00000000d5550000)
[3.747s][debug][gc,heap        ] GC(28)   to   space 34944K,   0% used [0x00000000d1110000, 0x00000000d1110000, 0x00000000d3330000)
[3.747s][debug][gc,heap        ] GC(28)  tenured generation   total 699072K, used 630635K [0x00000000d5550000, 0x0000000100000000, 0x0000000100000000)
[3.747s][debug][gc,heap        ] GC(28)    the space 699072K,  90% used [0x00000000d5550000, 0x00000000fbd2af00, 0x00000000fbd2b000, 0x0000000100000000)
[3.747s][debug][gc,heap        ] GC(28)  Metaspace       used 6360K, committed 6528K, reserved 1114112K
[3.747s][debug][gc,heap        ] GC(28)   class space    used 546K, committed 640K, reserved 1048576K
[3.747s][info ][gc             ] GC(28) Pause Young (Allocation Failure) 840M->649M(989M) 20.104ms
[3.747s][info ][gc,cpu         ] GC(28) User=0.02s Sys=0.01s Real=0.02s
[3.747s][info ][safepoint      ] Safepoint "GenCollectForAllocation", Time since last: 32784197 ns, Reaching safepoint: 3900 ns, Cleanup: 4800 ns, At safepoint: 20129198 ns, Total: 20137898 ns
[3.780s][info ][gc,start       ] GC(29) Pause Young (Allocation Failure)
[3.780s][debug][gc,heap        ] GC(29) Heap before GC invocations=26 (full 3):
[3.780s][debug][gc,heap        ] GC(29)  def new generation   total 314560K, used 314521K [0x00000000c0000000, 0x00000000d5550000, 0x00000000d5550000)
[3.780s][debug][gc,heap        ] GC(29)   eden space 279616K, 100% used [0x00000000c0000000, 0x00000000d1110000, 0x00000000d1110000)
[3.780s][debug][gc,heap        ] GC(29)   from space 34944K,  99% used [0x00000000d3330000, 0x00000000d55465d0, 0x00000000d5550000)
[3.780s][debug][gc,heap        ] GC(29)   to   space 34944K,   0% used [0x00000000d1110000, 0x00000000d1110000, 0x00000000d3330000)
[3.780s][debug][gc,heap        ] GC(29)  tenured generation   total 699072K, used 630635K [0x00000000d5550000, 0x0000000100000000, 0x0000000100000000)
[3.780s][debug][gc,heap        ] GC(29)    the space 699072K,  90% used [0x00000000d5550000, 0x00000000fbd2af00, 0x00000000fbd2b000, 0x0000000100000000)
[3.780s][debug][gc,heap        ] GC(29)  Metaspace       used 6360K, committed 6528K, reserved 1114112K
[3.780s][debug][gc,heap        ] GC(29)   class space    used 546K, committed 640K, reserved 1048576K
[3.780s][debug][gc,heap        ] GC(29) Heap after GC invocations=27 (full 3):
[3.780s][debug][gc,heap        ] GC(29)  def new generation   total 314560K, used 314521K [0x00000000c0000000, 0x00000000d5550000, 0x00000000d5550000)
[3.780s][debug][gc,heap        ] GC(29)   eden space 279616K, 100% used [0x00000000c0000000, 0x00000000d1110000, 0x00000000d1110000)
[3.780s][debug][gc,heap        ] GC(29)   from space 34944K,  99% used [0x00000000d3330000, 0x00000000d55465d0, 0x00000000d5550000)
[3.780s][debug][gc,heap        ] GC(29)   to   space 34944K,   0% used [0x00000000d1110000, 0x00000000d1110000, 0x00000000d3330000)
[3.780s][debug][gc,heap        ] GC(29)  tenured generation   total 699072K, used 630635K [0x00000000d5550000, 0x0000000100000000, 0x0000000100000000)
[3.780s][debug][gc,heap        ] GC(29)    the space 699072K,  90% used [0x00000000d5550000, 0x00000000fbd2af00, 0x00000000fbd2b000, 0x0000000100000000)
[3.780s][debug][gc,heap        ] GC(29)  Metaspace       used 6360K, committed 6528K, reserved 1114112K
[3.780s][debug][gc,heap        ] GC(29)   class space    used 546K, committed 640K, reserved 1048576K
[3.780s][info ][gc             ] GC(29) Pause Young (Allocation Failure) 923M->923M(989M) 0.103ms
[3.780s][info ][gc,cpu         ] GC(29) User=0.00s Sys=0.00s Real=0.00s
[3.780s][info ][gc,start       ] GC(30) Pause Full (Allocation Failure)
[3.780s][debug][gc,heap        ] GC(30) Heap before GC invocations=27 (full 3):
[3.780s][debug][gc,heap        ] GC(30)  def new generation   total 314560K, used 314521K [0x00000000c0000000, 0x00000000d5550000, 0x00000000d5550000)
[3.780s][debug][gc,heap        ] GC(30)   eden space 279616K, 100% used [0x00000000c0000000, 0x00000000d1110000, 0x00000000d1110000)
[3.780s][debug][gc,heap        ] GC(30)   from space 34944K,  99% used [0x00000000d3330000, 0x00000000d55465d0, 0x00000000d5550000)
[3.780s][debug][gc,heap        ] GC(30)   to   space 34944K,   0% used [0x00000000d1110000, 0x00000000d1110000, 0x00000000d3330000)
[3.780s][debug][gc,heap        ] GC(30)  tenured generation   total 699072K, used 630635K [0x00000000d5550000, 0x0000000100000000, 0x0000000100000000)
[3.780s][debug][gc,heap        ] GC(30)    the space 699072K,  90% used [0x00000000d5550000, 0x00000000fbd2af00, 0x00000000fbd2b000, 0x0000000100000000)
[3.780s][debug][gc,heap        ] GC(30)  Metaspace       used 6360K, committed 6528K, reserved 1114112K
[3.780s][debug][gc,heap        ] GC(30)   class space    used 546K, committed 640K, reserved 1048576K
[3.780s][info ][gc,phases,start] GC(30) Phase 1: Mark live objects
[3.781s][info ][gc,phases      ] GC(30) Phase 1: Mark live objects 0.975ms
[3.781s][info ][gc,phases,start] GC(30) Phase 2: Compute new object addresses
[3.782s][info ][gc,phases      ] GC(30) Phase 2: Compute new object addresses 1.250ms
[3.782s][info ][gc,phases,start] GC(30) Phase 3: Adjust pointers
[3.783s][info ][gc,phases      ] GC(30) Phase 3: Adjust pointers 1.038ms
[3.783s][info ][gc,phases,start] GC(30) Phase 4: Move objects
[3.863s][info ][gc,phases      ] GC(30) Phase 4: Move objects 79.267ms
[3.863s][info ][gc,heap        ] GC(30) DefNew: 314521K(314560K)->0K(314560K) Eden: 279616K(279616K)->0K(279616K) From: 34905K(34944K)->0K(34944K)
[3.863s][info ][gc,heap        ] GC(30) Tenured: 630635K(699072K)->200766K(699072K)
[3.863s][info ][gc,metaspace   ] GC(30) Metaspace: 6360K(6528K)->6360K(6528K) NonClass: 5814K(5888K)->5814K(5888K) Class: 546K(640K)->546K(640K)
[3.863s][debug][gc,heap        ] GC(30) Heap after GC invocations=27 (full 4):
[3.863s][debug][gc,heap        ] GC(30)  def new generation   total 314560K, used 0K [0x00000000c0000000, 0x00000000d5550000, 0x00000000d5550000)
[3.863s][debug][gc,heap        ] GC(30)   eden space 279616K,   0% used [0x00000000c0000000, 0x00000000c0000000, 0x00000000d1110000)
[3.863s][debug][gc,heap        ] GC(30)   from space 34944K,   0% used [0x00000000d3330000, 0x00000000d3330000, 0x00000000d5550000)
[3.863s][debug][gc,heap        ] GC(30)   to   space 34944K,   0% used [0x00000000d1110000, 0x00000000d1110000, 0x00000000d3330000)
[3.863s][debug][gc,heap        ] GC(30)  tenured generation   total 699072K, used 200766K [0x00000000d5550000, 0x0000000100000000, 0x0000000100000000)
[3.863s][debug][gc,heap        ] GC(30)    the space 699072K,  28% used [0x00000000d5550000, 0x00000000e195fa90, 0x00000000e195fc00, 0x0000000100000000)
[3.863s][debug][gc,heap        ] GC(30)  Metaspace       used 6360K, committed 6528K, reserved 1114112K
[3.863s][debug][gc,heap        ] GC(30)   class space    used 546K, committed 640K, reserved 1048576K
[3.863s][info ][gc             ] GC(30) Pause Full (Allocation Failure) 923M->196M(989M) 82.945ms
[3.863s][info ][gc,cpu         ] GC(30) User=0.09s Sys=0.00s Real=0.09s
[3.863s][info ][safepoint      ] Safepoint "GenCollectForAllocation", Time since last: 33454496 ns, Reaching safepoint: 3300 ns, Cleanup: 3800 ns, At safepoint: 83084091 ns, Total: 83091191 ns
[3.895s][info ][gc,start       ] GC(31) Pause Young (Allocation Failure)
[3.895s][debug][gc,heap        ] GC(31) Heap before GC invocations=27 (full 4):
[3.895s][debug][gc,heap        ] GC(31)  def new generation   total 314560K, used 279616K [0x00000000c0000000, 0x00000000d5550000, 0x00000000d5550000)
[3.895s][debug][gc,heap        ] GC(31)   eden space 279616K, 100% used [0x00000000c0000000, 0x00000000d1110000, 0x00000000d1110000)
[3.895s][debug][gc,heap        ] GC(31)   from space 34944K,   0% used [0x00000000d3330000, 0x00000000d3330000, 0x00000000d5550000)
[3.895s][debug][gc,heap        ] GC(31)   to   space 34944K,   0% used [0x00000000d1110000, 0x00000000d1110000, 0x00000000d3330000)
[3.895s][debug][gc,heap        ] GC(31)  tenured generation   total 699072K, used 200766K [0x00000000d5550000, 0x0000000100000000, 0x0000000100000000)
[3.895s][debug][gc,heap        ] GC(31)    the space 699072K,  28% used [0x00000000d5550000, 0x00000000e195fa90, 0x00000000e195fc00, 0x0000000100000000)
[3.895s][debug][gc,heap        ] GC(31)  Metaspace       used 6360K, committed 6528K, reserved 1114112K
[3.895s][debug][gc,heap        ] GC(31)   class space    used 546K, committed 640K, reserved 1048576K
[3.911s][info ][gc,heap        ] GC(31) DefNew: 279616K(314560K)->34905K(314560K) Eden: 279616K(279616K)->0K(279616K) From: 0K(34944K)->34905K(34944K)
[3.911s][info ][gc,heap        ] GC(31) Tenured: 200766K(699072K)->265676K(699072K)
[3.911s][info ][gc,metaspace   ] GC(31) Metaspace: 6360K(6528K)->6360K(6528K) NonClass: 5814K(5888K)->5814K(5888K) Class: 546K(640K)->546K(640K)
[3.911s][debug][gc,heap        ] GC(31) Heap after GC invocations=28 (full 4):
[3.911s][debug][gc,heap        ] GC(31)  def new generation   total 314560K, used 34905K [0x00000000c0000000, 0x00000000d5550000, 0x00000000d5550000)
[3.911s][debug][gc,heap        ] GC(31)   eden space 279616K,   0% used [0x00000000c0000000, 0x00000000c0000000, 0x00000000d1110000)
[3.911s][debug][gc,heap        ] GC(31)   from space 34944K,  99% used [0x00000000d1110000, 0x00000000d33265d0, 0x00000000d3330000)
[3.911s][debug][gc,heap        ] GC(31)   to   space 34944K,   0% used [0x00000000d3330000, 0x00000000d3330000, 0x00000000d5550000)
[3.911s][debug][gc,heap        ] GC(31)  tenured generation   total 699072K, used 265676K [0x00000000d5550000, 0x0000000100000000, 0x0000000100000000)
[3.911s][debug][gc,heap        ] GC(31)    the space 699072K,  38% used [0x00000000d5550000, 0x00000000e58c3320, 0x00000000e58c3400, 0x0000000100000000)
[3.911s][debug][gc,heap        ] GC(31)  Metaspace       used 6360K, committed 6528K, reserved 1114112K
[3.911s][debug][gc,heap        ] GC(31)   class space    used 546K, committed 640K, reserved 1048576K
[3.911s][info ][gc             ] GC(31) Pause Young (Allocation Failure) 469M->293M(989M) 15.735ms
[3.911s][info ][gc,cpu         ] GC(31) User=0.01s Sys=0.00s Real=0.02s
[3.911s][info ][safepoint      ] Safepoint "GenCollectForAllocation", Time since last: 32232897 ns, Reaching safepoint: 2700 ns, Cleanup: 3500 ns, At safepoint: 15757598 ns, Total: 15763798 ns
[3.943s][info ][gc,start       ] GC(32) Pause Young (Allocation Failure)
[3.943s][debug][gc,heap        ] GC(32) Heap before GC invocations=28 (full 4):
[3.943s][debug][gc,heap        ] GC(32)  def new generation   total 314560K, used 314521K [0x00000000c0000000, 0x00000000d5550000, 0x00000000d5550000)
[3.943s][debug][gc,heap        ] GC(32)   eden space 279616K, 100% used [0x00000000c0000000, 0x00000000d1110000, 0x00000000d1110000)
[3.943s][debug][gc,heap        ] GC(32)   from space 34944K,  99% used [0x00000000d1110000, 0x00000000d33265d0, 0x00000000d3330000)
[3.943s][debug][gc,heap        ] GC(32)   to   space 34944K,   0% used [0x00000000d3330000, 0x00000000d3330000, 0x00000000d5550000)
[3.943s][debug][gc,heap        ] GC(32)  tenured generation   total 699072K, used 265676K [0x00000000d5550000, 0x0000000100000000, 0x0000000100000000)
[3.943s][debug][gc,heap        ] GC(32)    the space 699072K,  38% used [0x00000000d5550000, 0x00000000e58c3320, 0x00000000e58c3400, 0x0000000100000000)
[3.943s][debug][gc,heap        ] GC(32)  Metaspace       used 6360K, committed 6528K, reserved 1114112K
[3.943s][debug][gc,heap        ] GC(32)   class space    used 546K, committed 640K, reserved 1048576K
[3.962s][info ][gc,heap        ] GC(32) DefNew: 314521K(314560K)->34905K(314560K) Eden: 279616K(279616K)->0K(279616K) From: 34905K(34944K)->34905K(34944K)
[3.962s][info ][gc,heap        ] GC(32) Tenured: 265676K(699072K)->349289K(699072K)
[3.962s][info ][gc,metaspace   ] GC(32) Metaspace: 6360K(6528K)->6360K(6528K) NonClass: 5814K(5888K)->5814K(5888K) Class: 546K(640K)->546K(640K)
[3.962s][debug][gc,heap        ] GC(32) Heap after GC invocations=29 (full 4):
[3.962s][debug][gc,heap        ] GC(32)  def new generation   total 314560K, used 34905K [0x00000000c0000000, 0x00000000d5550000, 0x00000000d5550000)
[3.962s][debug][gc,heap        ] GC(32)   eden space 279616K,   0% used [0x00000000c0000000, 0x00000000c0000000, 0x00000000d1110000)
[3.962s][debug][gc,heap        ] GC(32)   from space 34944K,  99% used [0x00000000d3330000, 0x00000000d55465d0, 0x00000000d5550000)
[3.962s][debug][gc,heap        ] GC(32)   to   space 34944K,   0% used [0x00000000d1110000, 0x00000000d1110000, 0x00000000d3330000)
[3.962s][debug][gc,heap        ] GC(32)  tenured generation   total 699072K, used 349289K [0x00000000d5550000, 0x0000000100000000, 0x0000000100000000)
[3.962s][debug][gc,heap        ] GC(32)    the space 699072K,  49% used [0x00000000d5550000, 0x00000000eaa6a760, 0x00000000eaa6a800, 0x0000000100000000)
[3.962s][debug][gc,heap        ] GC(32)  Metaspace       used 6360K, committed 6528K, reserved 1114112K
[3.962s][debug][gc,heap        ] GC(32)   class space    used 546K, committed 640K, reserved 1048576K
[3.962s][info ][gc             ] GC(32) Pause Young (Allocation Failure) 566M->375M(989M) 18.922ms
[3.962s][info ][gc,cpu         ] GC(32) User=0.02s Sys=0.00s Real=0.02s
[3.962s][info ][safepoint      ] Safepoint "GenCollectForAllocation", Time since last: 32122297 ns, Reaching safepoint: 3100 ns, Cleanup: 3600 ns, At safepoint: 18945798 ns, Total: 18952498 ns
[3.995s][info ][gc,start       ] GC(33) Pause Young (Allocation Failure)
[3.995s][debug][gc,heap        ] GC(33) Heap before GC invocations=29 (full 4):
[3.995s][debug][gc,heap        ] GC(33)  def new generation   total 314560K, used 314521K [0x00000000c0000000, 0x00000000d5550000, 0x00000000d5550000)
[3.995s][debug][gc,heap        ] GC(33)   eden space 279616K, 100% used [0x00000000c0000000, 0x00000000d1110000, 0x00000000d1110000)
[3.995s][debug][gc,heap        ] GC(33)   from space 34944K,  99% used [0x00000000d3330000, 0x00000000d55465d0, 0x00000000d5550000)
[3.995s][debug][gc,heap        ] GC(33)   to   space 34944K,   0% used [0x00000000d1110000, 0x00000000d1110000, 0x00000000d3330000)
[3.995s][debug][gc,heap        ] GC(33)  tenured generation   total 699072K, used 349289K [0x00000000d5550000, 0x0000000100000000, 0x0000000100000000)
[3.995s][debug][gc,heap        ] GC(33)    the space 699072K,  49% used [0x00000000d5550000, 0x00000000eaa6a760, 0x00000000eaa6a800, 0x0000000100000000)
[3.995s][debug][gc,heap        ] GC(33)  Metaspace       used 6360K, committed 6528K, reserved 1114112K
[3.995s][debug][gc,heap        ] GC(33)   class space    used 546K, committed 640K, reserved 1048576K
[4.014s][info ][gc,heap        ] GC(33) DefNew: 314521K(314560K)->34905K(314560K) Eden: 279616K(279616K)->0K(279616K) From: 34905K(34944K)->34905K(34944K)
[4.014s][info ][gc,heap        ] GC(33) Tenured: 349289K(699072K)->430302K(699072K)
[4.014s][info ][gc,metaspace   ] GC(33) Metaspace: 6360K(6528K)->6360K(6528K) NonClass: 5814K(5888K)->5814K(5888K) Class: 546K(640K)->546K(640K)
[4.014s][debug][gc,heap        ] GC(33) Heap after GC invocations=30 (full 4):
[4.014s][debug][gc,heap        ] GC(33)  def new generation   total 314560K, used 34905K [0x00000000c0000000, 0x00000000d5550000, 0x00000000d5550000)
[4.014s][debug][gc,heap        ] GC(33)   eden space 279616K,   0% used [0x00000000c0000000, 0x00000000c0000000, 0x00000000d1110000)
[4.014s][debug][gc,heap        ] GC(33)   from space 34944K,  99% used [0x00000000d1110000, 0x00000000d33265d0, 0x00000000d3330000)
[4.014s][debug][gc,heap        ] GC(33)   to   space 34944K,   0% used [0x00000000d3330000, 0x00000000d3330000, 0x00000000d5550000)
[4.014s][debug][gc,heap        ] GC(33)  tenured generation   total 699072K, used 430302K [0x00000000d5550000, 0x0000000100000000, 0x0000000100000000)
[4.014s][debug][gc,heap        ] GC(33)    the space 699072K,  61% used [0x00000000d5550000, 0x00000000ef987a00, 0x00000000ef987a00, 0x0000000100000000)
[4.014s][debug][gc,heap        ] GC(33)  Metaspace       used 6360K, committed 6528K, reserved 1114112K
[4.014s][debug][gc,heap        ] GC(33)   class space    used 546K, committed 640K, reserved 1048576K
[4.014s][info ][gc             ] GC(33) Pause Young (Allocation Failure) 648M->454M(989M) 19.846ms
[4.014s][info ][gc,cpu         ] GC(33) User=0.02s Sys=0.00s Real=0.02s
[4.014s][info ][safepoint      ] Safepoint "GenCollectForAllocation", Time since last: 32430296 ns, Reaching safepoint: 3200 ns, Cleanup: 3500 ns, At safepoint: 19868498 ns, Total: 19875198 ns
[4.046s][info ][gc,start       ] GC(34) Pause Young (Allocation Failure)
[4.046s][debug][gc,heap        ] GC(34) Heap before GC invocations=30 (full 4):
[4.046s][debug][gc,heap        ] GC(34)  def new generation   total 314560K, used 314521K [0x00000000c0000000, 0x00000000d5550000, 0x00000000d5550000)
[4.046s][debug][gc,heap        ] GC(34)   eden space 279616K, 100% used [0x00000000c0000000, 0x00000000d1110000, 0x00000000d1110000)
[4.046s][debug][gc,heap        ] GC(34)   from space 34944K,  99% used [0x00000000d1110000, 0x00000000d33265d0, 0x00000000d3330000)
[4.046s][debug][gc,heap        ] GC(34)   to   space 34944K,   0% used [0x00000000d3330000, 0x00000000d3330000, 0x00000000d5550000)
[4.046s][debug][gc,heap        ] GC(34)  tenured generation   total 699072K, used 430302K [0x00000000d5550000, 0x0000000100000000, 0x0000000100000000)
[4.046s][debug][gc,heap        ] GC(34)    the space 699072K,  61% used [0x00000000d5550000, 0x00000000ef987a00, 0x00000000ef987a00, 0x0000000100000000)
[4.046s][debug][gc,heap        ] GC(34)  Metaspace       used 6360K, committed 6528K, reserved 1114112K
[4.046s][debug][gc,heap        ] GC(34)   class space    used 546K, committed 640K, reserved 1048576K
[4.065s][info ][gc,heap        ] GC(34) DefNew: 314521K(314560K)->34905K(314560K) Eden: 279616K(279616K)->0K(279616K) From: 34905K(34944K)->34905K(34944K)
[4.065s][info ][gc,heap        ] GC(34) Tenured: 430302K(699072K)->513815K(699072K)
[4.065s][info ][gc,metaspace   ] GC(34) Metaspace: 6360K(6528K)->6360K(6528K) NonClass: 5814K(5888K)->5814K(5888K) Class: 546K(640K)->546K(640K)
[4.066s][debug][gc,heap        ] GC(34) Heap after GC invocations=31 (full 4):
[4.066s][debug][gc,heap        ] GC(34)  def new generation   total 314560K, used 34905K [0x00000000c0000000, 0x00000000d5550000, 0x00000000d5550000)
[4.066s][debug][gc,heap        ] GC(34)   eden space 279616K,   0% used [0x00000000c0000000, 0x00000000c0000000, 0x00000000d1110000)
[4.066s][debug][gc,heap        ] GC(34)   from space 34944K,  99% used [0x00000000d3330000, 0x00000000d55465d0, 0x00000000d5550000)
[4.066s][debug][gc,heap        ] GC(34)   to   space 34944K,   0% used [0x00000000d1110000, 0x00000000d1110000, 0x00000000d3330000)
[4.066s][debug][gc,heap        ] GC(34)  tenured generation   total 699072K, used 513815K [0x00000000d5550000, 0x0000000100000000, 0x0000000100000000)
[4.066s][debug][gc,heap        ] GC(34)    the space 699072K,  73% used [0x00000000d5550000, 0x00000000f4b15e30, 0x00000000f4b16000, 0x0000000100000000)
[4.066s][debug][gc,heap        ] GC(34)  Metaspace       used 6360K, committed 6528K, reserved 1114112K
[4.066s][debug][gc,heap        ] GC(34)   class space    used 546K, committed 640K, reserved 1048576K
[4.066s][info ][gc             ] GC(34) Pause Young (Allocation Failure) 727M->535M(989M) 19.153ms
[4.066s][info ][gc,cpu         ] GC(34) User=0.02s Sys=0.00s Real=0.02s
[4.066s][info ][safepoint      ] Safepoint "GenCollectForAllocation", Time since last: 31890597 ns, Reaching safepoint: 2900 ns, Cleanup: 3500 ns, At safepoint: 19177498 ns, Total: 19183898 ns
[4.102s][info ][gc,start       ] GC(35) Pause Young (Allocation Failure)
[4.102s][debug][gc,heap        ] GC(35) Heap before GC invocations=31 (full 4):
[4.102s][debug][gc,heap        ] GC(35)  def new generation   total 314560K, used 314521K [0x00000000c0000000, 0x00000000d5550000, 0x00000000d5550000)
[4.102s][debug][gc,heap        ] GC(35)   eden space 279616K, 100% used [0x00000000c0000000, 0x00000000d1110000, 0x00000000d1110000)
[4.102s][debug][gc,heap        ] GC(35)   from space 34944K,  99% used [0x00000000d3330000, 0x00000000d55465d0, 0x00000000d5550000)
[4.102s][debug][gc,heap        ] GC(35)   to   space 34944K,   0% used [0x00000000d1110000, 0x00000000d1110000, 0x00000000d3330000)
[4.102s][debug][gc,heap        ] GC(35)  tenured generation   total 699072K, used 513815K [0x00000000d5550000, 0x0000000100000000, 0x0000000100000000)
[4.102s][debug][gc,heap        ] GC(35)    the space 699072K,  73% used [0x00000000d5550000, 0x00000000f4b15e30, 0x00000000f4b16000, 0x0000000100000000)
[4.102s][debug][gc,heap        ] GC(35)  Metaspace       used 6360K, committed 6528K, reserved 1114112K
[4.102s][debug][gc,heap        ] GC(35)   class space    used 546K, committed 640K, reserved 1048576K
[4.121s][info ][gc,heap        ] GC(35) DefNew: 314521K(314560K)->34905K(314560K) Eden: 279616K(279616K)->0K(279616K) From: 34905K(34944K)->34905K(34944K)
[4.121s][info ][gc,heap        ] GC(35) Tenured: 513815K(699072K)->595128K(699072K)
[4.121s][info ][gc,metaspace   ] GC(35) Metaspace: 6360K(6528K)->6360K(6528K) NonClass: 5814K(5888K)->5814K(5888K) Class: 546K(640K)->546K(640K)
[4.121s][debug][gc,heap        ] GC(35) Heap after GC invocations=32 (full 4):
[4.121s][debug][gc,heap        ] GC(35)  def new generation   total 314560K, used 34905K [0x00000000c0000000, 0x00000000d5550000, 0x00000000d5550000)
[4.121s][debug][gc,heap        ] GC(35)   eden space 279616K,   0% used [0x00000000c0000000, 0x00000000c0000000, 0x00000000d1110000)
[4.121s][debug][gc,heap        ] GC(35)   from space 34944K,  99% used [0x00000000d1110000, 0x00000000d33265d0, 0x00000000d3330000)
[4.121s][debug][gc,heap        ] GC(35)   to   space 34944K,   0% used [0x00000000d3330000, 0x00000000d3330000, 0x00000000d5550000)
[4.121s][debug][gc,heap        ] GC(35)  tenured generation   total 699072K, used 595128K [0x00000000d5550000, 0x0000000100000000, 0x0000000100000000)
[4.122s][debug][gc,heap        ] GC(35)    the space 699072K,  85% used [0x00000000d5550000, 0x00000000f9a7e100, 0x00000000f9a7e200, 0x0000000100000000)
[4.122s][debug][gc,heap        ] GC(35)  Metaspace       used 6360K, committed 6528K, reserved 1114112K
[4.122s][debug][gc,heap        ] GC(35)   class space    used 546K, committed 640K, reserved 1048576K
[4.122s][info ][gc             ] GC(35) Pause Young (Allocation Failure) 808M->615M(989M) 19.222ms
[4.122s][info ][gc,cpu         ] GC(35) User=0.01s Sys=0.00s Real=0.02s
[4.122s][info ][safepoint      ] Safepoint "GenCollectForAllocation", Time since last: 36744496 ns, Reaching safepoint: 3600 ns, Cleanup: 3700 ns, At safepoint: 19249798 ns, Total: 19257098 ns
[4.154s][info ][gc,start       ] GC(36) Pause Young (Allocation Failure)
[4.154s][debug][gc,heap        ] GC(36) Heap before GC invocations=32 (full 4):
[4.154s][debug][gc,heap        ] GC(36)  def new generation   total 314560K, used 314521K [0x00000000c0000000, 0x00000000d5550000, 0x00000000d5550000)
[4.154s][debug][gc,heap        ] GC(36)   eden space 279616K, 100% used [0x00000000c0000000, 0x00000000d1110000, 0x00000000d1110000)
[4.154s][debug][gc,heap        ] GC(36)   from space 34944K,  99% used [0x00000000d1110000, 0x00000000d33265d0, 0x00000000d3330000)
[4.154s][debug][gc,heap        ] GC(36)   to   space 34944K,   0% used [0x00000000d3330000, 0x00000000d3330000, 0x00000000d5550000)
[4.154s][debug][gc,heap        ] GC(36)  tenured generation   total 699072K, used 595128K [0x00000000d5550000, 0x0000000100000000, 0x0000000100000000)
[4.154s][debug][gc,heap        ] GC(36)    the space 699072K,  85% used [0x00000000d5550000, 0x00000000f9a7e100, 0x00000000f9a7e200, 0x0000000100000000)
[4.154s][debug][gc,heap        ] GC(36)  Metaspace       used 6360K, committed 6528K, reserved 1114112K
[4.154s][debug][gc,heap        ] GC(36)   class space    used 546K, committed 640K, reserved 1048576K
[4.188s][info ][gc,heap        ] GC(36) DefNew: 314521K(314560K)->34905K(314560K) Eden: 279616K(279616K)->0K(279616K) From: 34905K(34944K)->34905K(34944K)
[4.188s][info ][gc,heap        ] GC(36) Tenured: 595128K(699072K)->677541K(699072K)
[4.188s][info ][gc,metaspace   ] GC(36) Metaspace: 6360K(6528K)->6360K(6528K) NonClass: 5814K(5888K)->5814K(5888K) Class: 546K(640K)->546K(640K)
[4.188s][debug][gc,heap        ] GC(36) Heap after GC invocations=33 (full 4):
[4.188s][debug][gc,heap        ] GC(36)  def new generation   total 314560K, used 34905K [0x00000000c0000000, 0x00000000d5550000, 0x00000000d5550000)
[4.188s][debug][gc,heap        ] GC(36)   eden space 279616K,   0% used [0x00000000c0000000, 0x00000000c0000000, 0x00000000d1110000)
[4.188s][debug][gc,heap        ] GC(36)   from space 34944K,  99% used [0x00000000d3330000, 0x00000000d55465d0, 0x00000000d5550000)
[4.188s][debug][gc,heap        ] GC(36)   to   space 34944K,   0% used [0x00000000d1110000, 0x00000000d1110000, 0x00000000d3330000)
[4.188s][debug][gc,heap        ] GC(36)  tenured generation   total 699072K, used 677541K [0x00000000d5550000, 0x0000000100000000, 0x0000000100000000)
[4.188s][debug][gc,heap        ] GC(36)    the space 699072K,  96% used [0x00000000d5550000, 0x00000000feaf9480, 0x00000000feaf9600, 0x0000000100000000)
[4.188s][debug][gc,heap        ] GC(36)  Metaspace       used 6360K, committed 6528K, reserved 1114112K
[4.188s][debug][gc,heap        ] GC(36)   class space    used 546K, committed 640K, reserved 1048576K
[4.188s][info ][gc             ] GC(36) Pause Young (Allocation Failure) 888M->695M(989M) 34.736ms
[4.188s][info ][gc,cpu         ] GC(36) User=0.02s Sys=0.01s Real=0.03s
[4.188s][info ][safepoint      ] Safepoint "GenCollectForAllocation", Time since last: 32000197 ns, Reaching safepoint: 2500 ns, Cleanup: 3600 ns, At safepoint: 34760596 ns, Total: 34766696 ns
[4.221s][info ][gc,start       ] GC(37) Pause Young (Allocation Failure)
[4.221s][debug][gc,heap        ] GC(37) Heap before GC invocations=33 (full 4):
[4.221s][debug][gc,heap        ] GC(37)  def new generation   total 314560K, used 314521K [0x00000000c0000000, 0x00000000d5550000, 0x00000000d5550000)
[4.221s][debug][gc,heap        ] GC(37)   eden space 279616K, 100% used [0x00000000c0000000, 0x00000000d1110000, 0x00000000d1110000)
[4.221s][debug][gc,heap        ] GC(37)   from space 34944K,  99% used [0x00000000d3330000, 0x00000000d55465d0, 0x00000000d5550000)
[4.221s][debug][gc,heap        ] GC(37)   to   space 34944K,   0% used [0x00000000d1110000, 0x00000000d1110000, 0x00000000d3330000)
[4.221s][debug][gc,heap        ] GC(37)  tenured generation   total 699072K, used 677541K [0x00000000d5550000, 0x0000000100000000, 0x0000000100000000)
[4.221s][debug][gc,heap        ] GC(37)    the space 699072K,  96% used [0x00000000d5550000, 0x00000000feaf9480, 0x00000000feaf9600, 0x0000000100000000)
[4.221s][debug][gc,heap        ] GC(37)  Metaspace       used 6360K, committed 6528K, reserved 1114112K
[4.221s][debug][gc,heap        ] GC(37)   class space    used 546K, committed 640K, reserved 1048576K
[4.221s][debug][gc,heap        ] GC(37) Heap after GC invocations=34 (full 4):
[4.221s][debug][gc,heap        ] GC(37)  def new generation   total 314560K, used 314521K [0x00000000c0000000, 0x00000000d5550000, 0x00000000d5550000)
[4.221s][debug][gc,heap        ] GC(37)   eden space 279616K, 100% used [0x00000000c0000000, 0x00000000d1110000, 0x00000000d1110000)
[4.221s][debug][gc,heap        ] GC(37)   from space 34944K,  99% used [0x00000000d3330000, 0x00000000d55465d0, 0x00000000d5550000)
[4.221s][debug][gc,heap        ] GC(37)   to   space 34944K,   0% used [0x00000000d1110000, 0x00000000d1110000, 0x00000000d3330000)
[4.221s][debug][gc,heap        ] GC(37)  tenured generation   total 699072K, used 677541K [0x00000000d5550000, 0x0000000100000000, 0x0000000100000000)
[4.221s][debug][gc,heap        ] GC(37)    the space 699072K,  96% used [0x00000000d5550000, 0x00000000feaf9480, 0x00000000feaf9600, 0x0000000100000000)
[4.221s][debug][gc,heap        ] GC(37)  Metaspace       used 6360K, committed 6528K, reserved 1114112K
[4.221s][debug][gc,heap        ] GC(37)   class space    used 546K, committed 640K, reserved 1048576K
[4.221s][info ][gc             ] GC(37) Pause Young (Allocation Failure) 968M->968M(989M) 0.146ms
[4.221s][info ][gc,cpu         ] GC(37) User=0.00s Sys=0.00s Real=0.00s
[4.221s][info ][gc,start       ] GC(38) Pause Full (Allocation Failure)
[4.221s][debug][gc,heap        ] GC(38) Heap before GC invocations=34 (full 4):
[4.221s][debug][gc,heap        ] GC(38)  def new generation   total 314560K, used 314521K [0x00000000c0000000, 0x00000000d5550000, 0x00000000d5550000)
[4.221s][debug][gc,heap        ] GC(38)   eden space 279616K, 100% used [0x00000000c0000000, 0x00000000d1110000, 0x00000000d1110000)
[4.221s][debug][gc,heap        ] GC(38)   from space 34944K,  99% used [0x00000000d3330000, 0x00000000d55465d0, 0x00000000d5550000)
[4.221s][debug][gc,heap        ] GC(38)   to   space 34944K,   0% used [0x00000000d1110000, 0x00000000d1110000, 0x00000000d3330000)
[4.221s][debug][gc,heap        ] GC(38)  tenured generation   total 699072K, used 677541K [0x00000000d5550000, 0x0000000100000000, 0x0000000100000000)
[4.221s][debug][gc,heap        ] GC(38)    the space 699072K,  96% used [0x00000000d5550000, 0x00000000feaf9480, 0x00000000feaf9600, 0x0000000100000000)
[4.221s][debug][gc,heap        ] GC(38)  Metaspace       used 6360K, committed 6528K, reserved 1114112K
[4.221s][debug][gc,heap        ] GC(38)   class space    used 546K, committed 640K, reserved 1048576K
[4.221s][info ][gc,phases,start] GC(38) Phase 1: Mark live objects
[4.222s][info ][gc,phases      ] GC(38) Phase 1: Mark live objects 1.196ms
[4.222s][info ][gc,phases,start] GC(38) Phase 2: Compute new object addresses
[4.224s][info ][gc,phases      ] GC(38) Phase 2: Compute new object addresses 1.379ms
[4.224s][info ][gc,phases,start] GC(38) Phase 3: Adjust pointers
[4.225s][info ][gc,phases      ] GC(38) Phase 3: Adjust pointers 0.663ms
[4.225s][info ][gc,phases,start] GC(38) Phase 4: Move objects
[4.255s][info ][gc,phases      ] GC(38) Phase 4: Move objects 30.503ms
[4.255s][info ][gc,heap        ] GC(38) DefNew: 314521K(314560K)->0K(314560K) Eden: 279616K(279616K)->0K(279616K) From: 34905K(34944K)->0K(34944K)
[4.255s][info ][gc,heap        ] GC(38) Tenured: 677541K(699072K)->216469K(699072K)
[4.255s][info ][gc,metaspace   ] GC(38) Metaspace: 6360K(6528K)->6360K(6528K) NonClass: 5814K(5888K)->5814K(5888K) Class: 546K(640K)->546K(640K)
[4.255s][debug][gc,heap        ] GC(38) Heap after GC invocations=34 (full 5):
[4.255s][debug][gc,heap        ] GC(38)  def new generation   total 314560K, used 0K [0x00000000c0000000, 0x00000000d5550000, 0x00000000d5550000)
[4.255s][debug][gc,heap        ] GC(38)   eden space 279616K,   0% used [0x00000000c0000000, 0x00000000c0000000, 0x00000000d1110000)
[4.255s][debug][gc,heap        ] GC(38)   from space 34944K,   0% used [0x00000000d3330000, 0x00000000d3330000, 0x00000000d5550000)
[4.255s][debug][gc,heap        ] GC(38)   to   space 34944K,   0% used [0x00000000d1110000, 0x00000000d1110000, 0x00000000d3330000)
[4.255s][debug][gc,heap        ] GC(38)  tenured generation   total 699072K, used 216469K [0x00000000d5550000, 0x0000000100000000, 0x0000000100000000)
[4.255s][debug][gc,heap        ] GC(38)    the space 699072K,  30% used [0x00000000d5550000, 0x00000000e28b5460, 0x00000000e28b5600, 0x0000000100000000)
[4.255s][debug][gc,heap        ] GC(38)  Metaspace       used 6360K, committed 6528K, reserved 1114112K
[4.255s][debug][gc,heap        ] GC(38)   class space    used 546K, committed 640K, reserved 1048576K
[4.255s][info ][gc             ] GC(38) Pause Full (Allocation Failure) 968M->211M(989M) 34.214ms
[4.255s][info ][gc,cpu         ] GC(38) User=0.04s Sys=0.00s Real=0.03s
[4.255s][info ][safepoint      ] Safepoint "GenCollectForAllocation", Time since last: 32749696 ns, Reaching safepoint: 3500 ns, Cleanup: 3600 ns, At safepoint: 34392597 ns, Total: 34399697 ns
[4.289s][info ][gc,start       ] GC(39) Pause Young (Allocation Failure)
[4.289s][debug][gc,heap        ] GC(39) Heap before GC invocations=34 (full 5):
[4.289s][debug][gc,heap        ] GC(39)  def new generation   total 314560K, used 279616K [0x00000000c0000000, 0x00000000d5550000, 0x00000000d5550000)
[4.289s][debug][gc,heap        ] GC(39)   eden space 279616K, 100% used [0x00000000c0000000, 0x00000000d1110000, 0x00000000d1110000)
[4.289s][debug][gc,heap        ] GC(39)   from space 34944K,   0% used [0x00000000d3330000, 0x00000000d3330000, 0x00000000d5550000)
[4.289s][debug][gc,heap        ] GC(39)   to   space 34944K,   0% used [0x00000000d1110000, 0x00000000d1110000, 0x00000000d3330000)
[4.289s][debug][gc,heap        ] GC(39)  tenured generation   total 699072K, used 216469K [0x00000000d5550000, 0x0000000100000000, 0x0000000100000000)
[4.289s][debug][gc,heap        ] GC(39)    the space 699072K,  30% used [0x00000000d5550000, 0x00000000e28b5460, 0x00000000e28b5600, 0x0000000100000000)
[4.289s][debug][gc,heap        ] GC(39)  Metaspace       used 6360K, committed 6528K, reserved 1114112K
[4.289s][debug][gc,heap        ] GC(39)   class space    used 546K, committed 640K, reserved 1048576K
[4.304s][info ][gc,heap        ] GC(39) DefNew: 279616K(314560K)->34905K(314560K) Eden: 279616K(279616K)->0K(279616K) From: 0K(34944K)->34905K(34944K)
[4.304s][info ][gc,heap        ] GC(39) Tenured: 216469K(699072K)->277378K(699072K)
[4.304s][info ][gc,metaspace   ] GC(39) Metaspace: 6360K(6528K)->6360K(6528K) NonClass: 5814K(5888K)->5814K(5888K) Class: 546K(640K)->546K(640K)
[4.304s][debug][gc,heap        ] GC(39) Heap after GC invocations=35 (full 5):
[4.304s][debug][gc,heap        ] GC(39)  def new generation   total 314560K, used 34905K [0x00000000c0000000, 0x00000000d5550000, 0x00000000d5550000)
[4.304s][debug][gc,heap        ] GC(39)   eden space 279616K,   0% used [0x00000000c0000000, 0x00000000c0000000, 0x00000000d1110000)
[4.304s][debug][gc,heap        ] GC(39)   from space 34944K,  99% used [0x00000000d1110000, 0x00000000d33265d0, 0x00000000d3330000)
[4.304s][debug][gc,heap        ] GC(39)   to   space 34944K,   0% used [0x00000000d3330000, 0x00000000d3330000, 0x00000000d5550000)
[4.304s][debug][gc,heap        ] GC(39)  tenured generation   total 699072K, used 277378K [0x00000000d5550000, 0x0000000100000000, 0x0000000100000000)
[4.304s][debug][gc,heap        ] GC(39)    the space 699072K,  39% used [0x00000000d5550000, 0x00000000e6430a70, 0x00000000e6430c00, 0x0000000100000000)
[4.304s][debug][gc,heap        ] GC(39)  Metaspace       used 6360K, committed 6528K, reserved 1114112K
[4.304s][debug][gc,heap        ] GC(39)   class space    used 546K, committed 640K, reserved 1048576K
[4.304s][info ][gc             ] GC(39) Pause Young (Allocation Failure) 484M->304M(989M) 15.413ms
[4.304s][info ][gc,cpu         ] GC(39) User=0.02s Sys=0.00s Real=0.02s
[4.304s][info ][safepoint      ] Safepoint "GenCollectForAllocation", Time since last: 33301796 ns, Reaching safepoint: 3900 ns, Cleanup: 4100 ns, At safepoint: 15441199 ns, Total: 15449199 ns
[4.336s][info ][gc,start       ] GC(40) Pause Young (Allocation Failure)
[4.336s][debug][gc,heap        ] GC(40) Heap before GC invocations=35 (full 5):
[4.336s][debug][gc,heap        ] GC(40)  def new generation   total 314560K, used 314521K [0x00000000c0000000, 0x00000000d5550000, 0x00000000d5550000)
[4.336s][debug][gc,heap        ] GC(40)   eden space 279616K, 100% used [0x00000000c0000000, 0x00000000d1110000, 0x00000000d1110000)
[4.336s][debug][gc,heap        ] GC(40)   from space 34944K,  99% used [0x00000000d1110000, 0x00000000d33265d0, 0x00000000d3330000)
[4.336s][debug][gc,heap        ] GC(40)   to   space 34944K,   0% used [0x00000000d3330000, 0x00000000d3330000, 0x00000000d5550000)
[4.336s][debug][gc,heap        ] GC(40)  tenured generation   total 699072K, used 277378K [0x00000000d5550000, 0x0000000100000000, 0x0000000100000000)
[4.336s][debug][gc,heap        ] GC(40)    the space 699072K,  39% used [0x00000000d5550000, 0x00000000e6430a70, 0x00000000e6430c00, 0x0000000100000000)
[4.336s][debug][gc,heap        ] GC(40)  Metaspace       used 6360K, committed 6528K, reserved 1114112K
[4.336s][debug][gc,heap        ] GC(40)   class space    used 546K, committed 640K, reserved 1048576K
[4.355s][info ][gc,heap        ] GC(40) DefNew: 314521K(314560K)->34905K(314560K) Eden: 279616K(279616K)->0K(279616K) From: 34905K(34944K)->34905K(34944K)
[4.355s][info ][gc,heap        ] GC(40) Tenured: 277378K(699072K)->360391K(699072K)
[4.355s][info ][gc,metaspace   ] GC(40) Metaspace: 6360K(6528K)->6360K(6528K) NonClass: 5814K(5888K)->5814K(5888K) Class: 546K(640K)->546K(640K)
[4.355s][debug][gc,heap        ] GC(40) Heap after GC invocations=36 (full 5):
[4.355s][debug][gc,heap        ] GC(40)  def new generation   total 314560K, used 34905K [0x00000000c0000000, 0x00000000d5550000, 0x00000000d5550000)
[4.355s][debug][gc,heap        ] GC(40)   eden space 279616K,   0% used [0x00000000c0000000, 0x00000000c0000000, 0x00000000d1110000)
[4.355s][debug][gc,heap        ] GC(40)   from space 34944K,  99% used [0x00000000d3330000, 0x00000000d55465d0, 0x00000000d5550000)
[4.355s][debug][gc,heap        ] GC(40)   to   space 34944K,   0% used [0x00000000d1110000, 0x00000000d1110000, 0x00000000d3330000)
[4.355s][debug][gc,heap        ] GC(40)  tenured generation   total 699072K, used 360391K [0x00000000d5550000, 0x0000000100000000, 0x0000000100000000)
[4.355s][debug][gc,heap        ] GC(40)    the space 699072K,  51% used [0x00000000d5550000, 0x00000000eb541e50, 0x00000000eb542000, 0x0000000100000000)
[4.355s][debug][gc,heap        ] GC(40)  Metaspace       used 6360K, committed 6528K, reserved 1114112K
[4.355s][debug][gc,heap        ] GC(40)   class space    used 546K, committed 640K, reserved 1048576K
[4.355s][info ][gc             ] GC(40) Pause Young (Allocation Failure) 578M->386M(989M) 18.705ms
[4.355s][info ][gc,cpu         ] GC(40) User=0.02s Sys=0.00s Real=0.02s
[4.355s][info ][safepoint      ] Safepoint "GenCollectForAllocation", Time since last: 32041696 ns, Reaching safepoint: 3600 ns, Cleanup: 4100 ns, At safepoint: 18730198 ns, Total: 18737898 ns
[4.389s][info ][gc,start       ] GC(41) Pause Young (Allocation Failure)
[4.389s][debug][gc,heap        ] GC(41) Heap before GC invocations=36 (full 5):
[4.389s][debug][gc,heap        ] GC(41)  def new generation   total 314560K, used 314521K [0x00000000c0000000, 0x00000000d5550000, 0x00000000d5550000)
[4.389s][debug][gc,heap        ] GC(41)   eden space 279616K, 100% used [0x00000000c0000000, 0x00000000d1110000, 0x00000000d1110000)
[4.389s][debug][gc,heap        ] GC(41)   from space 34944K,  99% used [0x00000000d3330000, 0x00000000d55465d0, 0x00000000d5550000)
[4.389s][debug][gc,heap        ] GC(41)   to   space 34944K,   0% used [0x00000000d1110000, 0x00000000d1110000, 0x00000000d3330000)
[4.389s][debug][gc,heap        ] GC(41)  tenured generation   total 699072K, used 360391K [0x00000000d5550000, 0x0000000100000000, 0x0000000100000000)
[4.389s][debug][gc,heap        ] GC(41)    the space 699072K,  51% used [0x00000000d5550000, 0x00000000eb541e50, 0x00000000eb542000, 0x0000000100000000)
[4.389s][debug][gc,heap        ] GC(41)  Metaspace       used 6360K, committed 6528K, reserved 1114112K
[4.389s][debug][gc,heap        ] GC(41)   class space    used 546K, committed 640K, reserved 1048576K
[4.408s][info ][gc,heap        ] GC(41) DefNew: 314521K(314560K)->34905K(314560K) Eden: 279616K(279616K)->0K(279616K) From: 34905K(34944K)->34905K(34944K)
[4.408s][info ][gc,heap        ] GC(41) Tenured: 360391K(699072K)->443004K(699072K)
[4.408s][info ][gc,metaspace   ] GC(41) Metaspace: 6360K(6528K)->6360K(6528K) NonClass: 5814K(5888K)->5814K(5888K) Class: 546K(640K)->546K(640K)
[4.408s][debug][gc,heap        ] GC(41) Heap after GC invocations=37 (full 5):
[4.408s][debug][gc,heap        ] GC(41)  def new generation   total 314560K, used 34905K [0x00000000c0000000, 0x00000000d5550000, 0x00000000d5550000)
[4.408s][debug][gc,heap        ] GC(41)   eden space 279616K,   0% used [0x00000000c0000000, 0x00000000c0000000, 0x00000000d1110000)
[4.408s][debug][gc,heap        ] GC(41)   from space 34944K,  99% used [0x00000000d1110000, 0x00000000d3326618, 0x00000000d3330000)
[4.408s][debug][gc,heap        ] GC(41)   to   space 34944K,   0% used [0x00000000d3330000, 0x00000000d3330000, 0x00000000d5550000)
[4.408s][debug][gc,heap        ] GC(41)  tenured generation   total 699072K, used 443004K [0x00000000d5550000, 0x0000000100000000, 0x0000000100000000)
[4.408s][debug][gc,heap        ] GC(41)    the space 699072K,  63% used [0x00000000d5550000, 0x00000000f05ef1f0, 0x00000000f05ef200, 0x0000000100000000)
[4.408s][debug][gc,heap        ] GC(41)  Metaspace       used 6360K, committed 6528K, reserved 1114112K
[4.408s][debug][gc,heap        ] GC(41)   class space    used 546K, committed 640K, reserved 1048576K
[4.408s][info ][gc             ] GC(41) Pause Young (Allocation Failure) 659M->466M(989M) 19.345ms
[4.408s][info ][gc,cpu         ] GC(41) User=0.02s Sys=0.00s Real=0.02s
[4.408s][info ][safepoint      ] Safepoint "GenCollectForAllocation", Time since last: 33715097 ns, Reaching safepoint: 3200 ns, Cleanup: 20200 ns, At safepoint: 19387998 ns, Total: 19411398 ns
[4.449s][info ][gc,start       ] GC(42) Pause Young (Allocation Failure)
[4.449s][debug][gc,heap        ] GC(42) Heap before GC invocations=37 (full 5):
[4.449s][debug][gc,heap        ] GC(42)  def new generation   total 314560K, used 314521K [0x00000000c0000000, 0x00000000d5550000, 0x00000000d5550000)
[4.449s][debug][gc,heap        ] GC(42)   eden space 279616K, 100% used [0x00000000c0000000, 0x00000000d1110000, 0x00000000d1110000)
[4.449s][debug][gc,heap        ] GC(42)   from space 34944K,  99% used [0x00000000d1110000, 0x00000000d3326618, 0x00000000d3330000)
[4.449s][debug][gc,heap        ] GC(42)   to   space 34944K,   0% used [0x00000000d3330000, 0x00000000d3330000, 0x00000000d5550000)
[4.449s][debug][gc,heap        ] GC(42)  tenured generation   total 699072K, used 443004K [0x00000000d5550000, 0x0000000100000000, 0x0000000100000000)
[4.449s][debug][gc,heap        ] GC(42)    the space 699072K,  63% used [0x00000000d5550000, 0x00000000f05ef1f0, 0x00000000f05ef200, 0x0000000100000000)
[4.449s][debug][gc,heap        ] GC(42)  Metaspace       used 6360K, committed 6528K, reserved 1114112K
[4.449s][debug][gc,heap        ] GC(42)   class space    used 546K, committed 640K, reserved 1048576K
[4.484s][info ][gc,heap        ] GC(42) DefNew: 314521K(314560K)->34905K(314560K) Eden: 279616K(279616K)->0K(279616K) From: 34905K(34944K)->34905K(34944K)
[4.484s][info ][gc,heap        ] GC(42) Tenured: 443004K(699072K)->524017K(699072K)
[4.484s][info ][gc,metaspace   ] GC(42) Metaspace: 6360K(6528K)->6360K(6528K) NonClass: 5814K(5888K)->5814K(5888K) Class: 546K(640K)->546K(640K)
[4.485s][debug][gc,heap        ] GC(42) Heap after GC invocations=38 (full 5):
[4.485s][debug][gc,heap        ] GC(42)  def new generation   total 314560K, used 34905K [0x00000000c0000000, 0x00000000d5550000, 0x00000000d5550000)
[4.485s][debug][gc,heap        ] GC(42)   eden space 279616K,   0% used [0x00000000c0000000, 0x00000000c0000000, 0x00000000d1110000)
[4.485s][debug][gc,heap        ] GC(42)   from space 34944K,  99% used [0x00000000d3330000, 0x00000000d55465d0, 0x00000000d5550000)
[4.485s][debug][gc,heap        ] GC(42)   to   space 34944K,   0% used [0x00000000d1110000, 0x00000000d1110000, 0x00000000d3330000)
[4.485s][debug][gc,heap        ] GC(42)  tenured generation   total 699072K, used 524017K [0x00000000d5550000, 0x0000000100000000, 0x0000000100000000)
[4.485s][debug][gc,heap        ] GC(42)    the space 699072K,  74% used [0x00000000d5550000, 0x00000000f550c4d8, 0x00000000f550c600, 0x0000000100000000)
[4.485s][debug][gc,heap        ] GC(42)  Metaspace       used 6360K, committed 6528K, reserved 1114112K
[4.485s][debug][gc,heap        ] GC(42)   class space    used 546K, committed 640K, reserved 1048576K
[4.485s][info ][gc             ] GC(42) Pause Young (Allocation Failure) 739M->545M(989M) 35.820ms
[4.485s][info ][gc,cpu         ] GC(42) User=0.04s Sys=0.00s Real=0.04s
[4.485s][info ][safepoint      ] Safepoint "GenCollectForAllocation", Time since last: 40557295 ns, Reaching safepoint: 6200 ns, Cleanup: 20100 ns, At safepoint: 35882797 ns, Total: 35909097 ns
[4.543s][info ][gc,start       ] GC(43) Pause Young (Allocation Failure)
[4.543s][debug][gc,heap        ] GC(43) Heap before GC invocations=38 (full 5):
[4.543s][debug][gc,heap        ] GC(43)  def new generation   total 314560K, used 314521K [0x00000000c0000000, 0x00000000d5550000, 0x00000000d5550000)
[4.543s][debug][gc,heap        ] GC(43)   eden space 279616K, 100% used [0x00000000c0000000, 0x00000000d1110000, 0x00000000d1110000)
[4.543s][debug][gc,heap        ] GC(43)   from space 34944K,  99% used [0x00000000d3330000, 0x00000000d55465d0, 0x00000000d5550000)
[4.543s][debug][gc,heap        ] GC(43)   to   space 34944K,   0% used [0x00000000d1110000, 0x00000000d1110000, 0x00000000d3330000)
[4.543s][debug][gc,heap        ] GC(43)  tenured generation   total 699072K, used 524017K [0x00000000d5550000, 0x0000000100000000, 0x0000000100000000)
[4.543s][debug][gc,heap        ] GC(43)    the space 699072K,  74% used [0x00000000d5550000, 0x00000000f550c4d8, 0x00000000f550c600, 0x0000000100000000)
[4.543s][debug][gc,heap        ] GC(43)  Metaspace       used 6360K, committed 6528K, reserved 1114112K
[4.543s][debug][gc,heap        ] GC(43)   class space    used 546K, committed 640K, reserved 1048576K
[4.618s][info ][gc,heap        ] GC(43) DefNew: 314521K(314560K)->34905K(314560K) Eden: 279616K(279616K)->0K(279616K) From: 34905K(34944K)->34905K(34944K)
[4.618s][info ][gc,heap        ] GC(43) Tenured: 524017K(699072K)->608030K(699072K)
[4.618s][info ][gc,metaspace   ] GC(43) Metaspace: 6360K(6528K)->6360K(6528K) NonClass: 5814K(5888K)->5814K(5888K) Class: 546K(640K)->546K(640K)
[4.618s][debug][gc,heap        ] GC(43) Heap after GC invocations=39 (full 5):
[4.618s][debug][gc,heap        ] GC(43)  def new generation   total 314560K, used 34905K [0x00000000c0000000, 0x00000000d5550000, 0x00000000d5550000)
[4.618s][debug][gc,heap        ] GC(43)   eden space 279616K,   0% used [0x00000000c0000000, 0x00000000c0000000, 0x00000000d1110000)
[4.618s][debug][gc,heap        ] GC(43)   from space 34944K,  99% used [0x00000000d1110000, 0x00000000d33265d0, 0x00000000d3330000)
[4.618s][debug][gc,heap        ] GC(43)   to   space 34944K,   0% used [0x00000000d3330000, 0x00000000d3330000, 0x00000000d5550000)
[4.618s][debug][gc,heap        ] GC(43)  tenured generation   total 699072K, used 608030K [0x00000000d5550000, 0x0000000100000000, 0x0000000100000000)
[4.618s][debug][gc,heap        ] GC(43)    the space 699072K,  86% used [0x00000000d5550000, 0x00000000fa717958, 0x00000000fa717a00, 0x0000000100000000)
[4.618s][debug][gc,heap        ] GC(43)  Metaspace       used 6360K, committed 6528K, reserved 1114112K
[4.618s][debug][gc,heap        ] GC(43)   class space    used 546K, committed 640K, reserved 1048576K
[4.618s][info ][gc             ] GC(43) Pause Young (Allocation Failure) 818M->627M(989M) 75.230ms
[4.618s][info ][gc,cpu         ] GC(43) User=0.08s Sys=0.00s Real=0.07s
[4.618s][info ][safepoint      ] Safepoint "GenCollectForAllocation", Time since last: 57920293 ns, Reaching safepoint: 4400 ns, Cleanup: 29300 ns, At safepoint: 75282992 ns, Total: 75316692 ns
[4.660s][info ][gc,start       ] GC(44) Pause Young (Allocation Failure)
[4.660s][debug][gc,heap        ] GC(44) Heap before GC invocations=39 (full 5):
[4.660s][debug][gc,heap        ] GC(44)  def new generation   total 314560K, used 314521K [0x00000000c0000000, 0x00000000d5550000, 0x00000000d5550000)
[4.660s][debug][gc,heap        ] GC(44)   eden space 279616K, 100% used [0x00000000c0000000, 0x00000000d1110000, 0x00000000d1110000)
[4.660s][debug][gc,heap        ] GC(44)   from space 34944K,  99% used [0x00000000d1110000, 0x00000000d33265d0, 0x00000000d3330000)
[4.660s][debug][gc,heap        ] GC(44)   to   space 34944K,   0% used [0x00000000d3330000, 0x00000000d3330000, 0x00000000d5550000)
[4.660s][debug][gc,heap        ] GC(44)  tenured generation   total 699072K, used 608030K [0x00000000d5550000, 0x0000000100000000, 0x0000000100000000)
[4.660s][debug][gc,heap        ] GC(44)    the space 699072K,  86% used [0x00000000d5550000, 0x00000000fa717958, 0x00000000fa717a00, 0x0000000100000000)
[4.660s][debug][gc,heap        ] GC(44)  Metaspace       used 6360K, committed 6528K, reserved 1114112K
[4.660s][debug][gc,heap        ] GC(44)   class space    used 546K, committed 640K, reserved 1048576K
[4.660s][debug][gc,heap        ] GC(44) Heap after GC invocations=40 (full 5):
[4.660s][debug][gc,heap        ] GC(44)  def new generation   total 314560K, used 314521K [0x00000000c0000000, 0x00000000d5550000, 0x00000000d5550000)
[4.660s][debug][gc,heap        ] GC(44)   eden space 279616K, 100% used [0x00000000c0000000, 0x00000000d1110000, 0x00000000d1110000)
[4.660s][debug][gc,heap        ] GC(44)   from space 34944K,  99% used [0x00000000d1110000, 0x00000000d33265d0, 0x00000000d3330000)
[4.660s][debug][gc,heap        ] GC(44)   to   space 34944K,   0% used [0x00000000d3330000, 0x00000000d3330000, 0x00000000d5550000)
[4.660s][debug][gc,heap        ] GC(44)  tenured generation   total 699072K, used 608030K [0x00000000d5550000, 0x0000000100000000, 0x0000000100000000)
[4.660s][debug][gc,heap        ] GC(44)    the space 699072K,  86% used [0x00000000d5550000, 0x00000000fa717958, 0x00000000fa717a00, 0x0000000100000000)
[4.660s][debug][gc,heap        ] GC(44)  Metaspace       used 6360K, committed 6528K, reserved 1114112K
[4.660s][debug][gc,heap        ] GC(44)   class space    used 546K, committed 640K, reserved 1048576K
[4.660s][info ][gc             ] GC(44) Pause Young (Allocation Failure) 900M->900M(989M) 0.196ms
[4.660s][info ][gc,cpu         ] GC(44) User=0.00s Sys=0.00s Real=0.01s
[4.660s][info ][gc,start       ] GC(45) Pause Full (Allocation Failure)
[4.660s][debug][gc,heap        ] GC(45) Heap before GC invocations=40 (full 5):
[4.660s][debug][gc,heap        ] GC(45)  def new generation   total 314560K, used 314521K [0x00000000c0000000, 0x00000000d5550000, 0x00000000d5550000)
[4.660s][debug][gc,heap        ] GC(45)   eden space 279616K, 100% used [0x00000000c0000000, 0x00000000d1110000, 0x00000000d1110000)
[4.660s][debug][gc,heap        ] GC(45)   from space 34944K,  99% used [0x00000000d1110000, 0x00000000d33265d0, 0x00000000d3330000)
[4.660s][debug][gc,heap        ] GC(45)   to   space 34944K,   0% used [0x00000000d3330000, 0x00000000d3330000, 0x00000000d5550000)
[4.660s][debug][gc,heap        ] GC(45)  tenured generation   total 699072K, used 608030K [0x00000000d5550000, 0x0000000100000000, 0x0000000100000000)
[4.660s][debug][gc,heap        ] GC(45)    the space 699072K,  86% used [0x00000000d5550000, 0x00000000fa717958, 0x00000000fa717a00, 0x0000000100000000)
[4.660s][debug][gc,heap        ] GC(45)  Metaspace       used 6360K, committed 6528K, reserved 1114112K
[4.660s][debug][gc,heap        ] GC(45)   class space    used 546K, committed 640K, reserved 1048576K
[4.660s][info ][gc,phases,start] GC(45) Phase 1: Mark live objects
[4.663s][info ][gc,phases      ] GC(45) Phase 1: Mark live objects 2.723ms
[4.663s][info ][gc,phases,start] GC(45) Phase 2: Compute new object addresses
[4.668s][info ][gc,phases      ] GC(45) Phase 2: Compute new object addresses 4.936ms
[4.668s][info ][gc,phases,start] GC(45) Phase 3: Adjust pointers
[4.669s][info ][gc,phases      ] GC(45) Phase 3: Adjust pointers 0.725ms
[4.669s][info ][gc,phases,start] GC(45) Phase 4: Move objects
[4.737s][info ][gc,phases      ] GC(45) Phase 4: Move objects 67.834ms
[4.737s][info ][gc,heap        ] GC(45) DefNew: 314521K(314560K)->0K(314560K) Eden: 279616K(279616K)->0K(279616K) From: 34905K(34944K)->0K(34944K)
[4.737s][info ][gc,heap        ] GC(45) Tenured: 608030K(699072K)->219969K(699072K)
[4.737s][info ][gc,metaspace   ] GC(45) Metaspace: 6360K(6528K)->6360K(6528K) NonClass: 5814K(5888K)->5814K(5888K) Class: 546K(640K)->546K(640K)
[4.737s][debug][gc,heap        ] GC(45) Heap after GC invocations=40 (full 6):
[4.737s][debug][gc,heap        ] GC(45)  def new generation   total 314560K, used 0K [0x00000000c0000000, 0x00000000d5550000, 0x00000000d5550000)
[4.737s][debug][gc,heap        ] GC(45)   eden space 279616K,   0% used [0x00000000c0000000, 0x00000000c0000000, 0x00000000d1110000)
[4.737s][debug][gc,heap        ] GC(45)   from space 34944K,   0% used [0x00000000d1110000, 0x00000000d1110000, 0x00000000d3330000)
[4.737s][debug][gc,heap        ] GC(45)   to   space 34944K,   0% used [0x00000000d3330000, 0x00000000d3330000, 0x00000000d5550000)
[4.737s][debug][gc,heap        ] GC(45)  tenured generation   total 699072K, used 219969K [0x00000000d5550000, 0x0000000100000000, 0x0000000100000000)
[4.737s][debug][gc,heap        ] GC(45)    the space 699072K,  31% used [0x00000000d5550000, 0x00000000e2c206d8, 0x00000000e2c20800, 0x0000000100000000)
[4.737s][debug][gc,heap        ] GC(45)  Metaspace       used 6360K, committed 6528K, reserved 1114112K
[4.737s][debug][gc,heap        ] GC(45)   class space    used 546K, committed 640K, reserved 1048576K
[4.737s][info ][gc             ] GC(45) Pause Full (Allocation Failure) 900M->214M(989M) 76.578ms
[4.737s][info ][gc,cpu         ] GC(45) User=0.08s Sys=0.00s Real=0.07s
[4.737s][info ][safepoint      ] Safepoint "GenCollectForAllocation", Time since last: 42326596 ns, Reaching safepoint: 4000 ns, Cleanup: 3900 ns, At safepoint: 76820292 ns, Total: 76828192 ns
[4.771s][info ][gc,start       ] GC(46) Pause Young (Allocation Failure)
[4.771s][debug][gc,heap        ] GC(46) Heap before GC invocations=40 (full 6):
[4.771s][debug][gc,heap        ] GC(46)  def new generation   total 314560K, used 279616K [0x00000000c0000000, 0x00000000d5550000, 0x00000000d5550000)
[4.771s][debug][gc,heap        ] GC(46)   eden space 279616K, 100% used [0x00000000c0000000, 0x00000000d1110000, 0x00000000d1110000)
[4.771s][debug][gc,heap        ] GC(46)   from space 34944K,   0% used [0x00000000d1110000, 0x00000000d1110000, 0x00000000d3330000)
[4.771s][debug][gc,heap        ] GC(46)   to   space 34944K,   0% used [0x00000000d3330000, 0x00000000d3330000, 0x00000000d5550000)
[4.771s][debug][gc,heap        ] GC(46)  tenured generation   total 699072K, used 219969K [0x00000000d5550000, 0x0000000100000000, 0x0000000100000000)
[4.771s][debug][gc,heap        ] GC(46)    the space 699072K,  31% used [0x00000000d5550000, 0x00000000e2c206d8, 0x00000000e2c20800, 0x0000000100000000)
[4.771s][debug][gc,heap        ] GC(46)  Metaspace       used 6360K, committed 6528K, reserved 1114112K
[4.771s][debug][gc,heap        ] GC(46)   class space    used 546K, committed 640K, reserved 1048576K
[4.800s][info ][gc,heap        ] GC(46) DefNew: 279616K(314560K)->34905K(314560K) Eden: 279616K(279616K)->0K(279616K) From: 0K(34944K)->34905K(34944K)
[4.800s][info ][gc,heap        ] GC(46) Tenured: 219969K(699072K)->334187K(699072K)
[4.800s][info ][gc,metaspace   ] GC(46) Metaspace: 6360K(6528K)->6360K(6528K) NonClass: 5814K(5888K)->5814K(5888K) Class: 546K(640K)->546K(640K)
[4.800s][debug][gc,heap        ] GC(46) Heap after GC invocations=41 (full 6):
[4.800s][debug][gc,heap        ] GC(46)  def new generation   total 314560K, used 34905K [0x00000000c0000000, 0x00000000d5550000, 0x00000000d5550000)
[4.800s][debug][gc,heap        ] GC(46)   eden space 279616K,   0% used [0x00000000c0000000, 0x00000000c0000000, 0x00000000d1110000)
[4.800s][debug][gc,heap        ] GC(46)   from space 34944K,  99% used [0x00000000d3330000, 0x00000000d55465d0, 0x00000000d5550000)
[4.800s][debug][gc,heap        ] GC(46)   to   space 34944K,   0% used [0x00000000d1110000, 0x00000000d1110000, 0x00000000d3330000)
[4.800s][debug][gc,heap        ] GC(46)  tenured generation   total 699072K, used 334187K [0x00000000d5550000, 0x0000000100000000, 0x0000000100000000)
[4.800s][debug][gc,heap        ] GC(46)    the space 699072K,  47% used [0x00000000d5550000, 0x00000000e9baae38, 0x00000000e9bab000, 0x0000000100000000)
[4.800s][debug][gc,heap        ] GC(46)  Metaspace       used 6360K, committed 6528K, reserved 1114112K
[4.800s][debug][gc,heap        ] GC(46)   class space    used 546K, committed 640K, reserved 1048576K
[4.800s][info ][gc             ] GC(46) Pause Young (Allocation Failure) 487M->360M(989M) 28.467ms
[4.800s][info ][gc,cpu         ] GC(46) User=0.03s Sys=0.00s Real=0.02s
[4.800s][info ][safepoint      ] Safepoint "GenCollectForAllocation", Time since last: 34210296 ns, Reaching safepoint: 3100 ns, Cleanup: 4000 ns, At safepoint: 28491597 ns, Total: 28498697 ns
[4.833s][info ][gc,start       ] GC(47) Pause Young (Allocation Failure)
[4.833s][debug][gc,heap        ] GC(47) Heap before GC invocations=41 (full 6):
[4.833s][debug][gc,heap        ] GC(47)  def new generation   total 314560K, used 314521K [0x00000000c0000000, 0x00000000d5550000, 0x00000000d5550000)
[4.833s][debug][gc,heap        ] GC(47)   eden space 279616K, 100% used [0x00000000c0000000, 0x00000000d1110000, 0x00000000d1110000)
[4.833s][debug][gc,heap        ] GC(47)   from space 34944K,  99% used [0x00000000d3330000, 0x00000000d55465d0, 0x00000000d5550000)
[4.833s][debug][gc,heap        ] GC(47)   to   space 34944K,   0% used [0x00000000d1110000, 0x00000000d1110000, 0x00000000d3330000)
[4.833s][debug][gc,heap        ] GC(47)  tenured generation   total 699072K, used 334187K [0x00000000d5550000, 0x0000000100000000, 0x0000000100000000)
[4.833s][debug][gc,heap        ] GC(47)    the space 699072K,  47% used [0x00000000d5550000, 0x00000000e9baae38, 0x00000000e9bab000, 0x0000000100000000)
[4.833s][debug][gc,heap        ] GC(47)  Metaspace       used 6360K, committed 6528K, reserved 1114112K
[4.833s][debug][gc,heap        ] GC(47)   class space    used 546K, committed 640K, reserved 1048576K
[4.863s][info ][gc,heap        ] GC(47) DefNew: 314521K(314560K)->34905K(314560K) Eden: 279616K(279616K)->0K(279616K) From: 34905K(34944K)->34905K(34944K)
[4.863s][info ][gc,heap        ] GC(47) Tenured: 334187K(699072K)->460307K(699072K)
[4.863s][info ][gc,metaspace   ] GC(47) Metaspace: 6360K(6528K)->6360K(6528K) NonClass: 5814K(5888K)->5814K(5888K) Class: 546K(640K)->546K(640K)
[4.863s][debug][gc,heap        ] GC(47) Heap after GC invocations=42 (full 6):
[4.863s][debug][gc,heap        ] GC(47)  def new generation   total 314560K, used 34905K [0x00000000c0000000, 0x00000000d5550000, 0x00000000d5550000)
[4.863s][debug][gc,heap        ] GC(47)   eden space 279616K,   0% used [0x00000000c0000000, 0x00000000c0000000, 0x00000000d1110000)
[4.863s][debug][gc,heap        ] GC(47)   from space 34944K,  99% used [0x00000000d1110000, 0x00000000d33265d0, 0x00000000d3330000)
[4.863s][debug][gc,heap        ] GC(47)   to   space 34944K,   0% used [0x00000000d3330000, 0x00000000d3330000, 0x00000000d5550000)
[4.864s][debug][gc,heap        ] GC(47)  tenured generation   total 699072K, used 460307K [0x00000000d5550000, 0x0000000100000000, 0x0000000100000000)
[4.864s][debug][gc,heap        ] GC(47)    the space 699072K,  65% used [0x00000000d5550000, 0x00000000f16d4d08, 0x00000000f16d4e00, 0x0000000100000000)
[4.864s][debug][gc,heap        ] GC(47)  Metaspace       used 6360K, committed 6528K, reserved 1114112K
[4.864s][debug][gc,heap        ] GC(47)   class space    used 546K, committed 640K, reserved 1048576K
[4.864s][info ][gc             ] GC(47) Pause Young (Allocation Failure) 633M->483M(989M) 30.992ms
[4.864s][info ][gc,cpu         ] GC(47) User=0.04s Sys=0.00s Real=0.03s
[4.864s][info ][safepoint      ] Safepoint "GenCollectForAllocation", Time since last: 32824197 ns, Reaching safepoint: 3200 ns, Cleanup: 3700 ns, At safepoint: 31017796 ns, Total: 31024696 ns
[4.896s][info ][gc,start       ] GC(48) Pause Young (Allocation Failure)
[4.896s][debug][gc,heap        ] GC(48) Heap before GC invocations=42 (full 6):
[4.896s][debug][gc,heap        ] GC(48)  def new generation   total 314560K, used 314521K [0x00000000c0000000, 0x00000000d5550000, 0x00000000d5550000)
[4.896s][debug][gc,heap        ] GC(48)   eden space 279616K, 100% used [0x00000000c0000000, 0x00000000d1110000, 0x00000000d1110000)
[4.896s][debug][gc,heap        ] GC(48)   from space 34944K,  99% used [0x00000000d1110000, 0x00000000d33265d0, 0x00000000d3330000)
[4.896s][debug][gc,heap        ] GC(48)   to   space 34944K,   0% used [0x00000000d3330000, 0x00000000d3330000, 0x00000000d5550000)
[4.896s][debug][gc,heap        ] GC(48)  tenured generation   total 699072K, used 460307K [0x00000000d5550000, 0x0000000100000000, 0x0000000100000000)
[4.896s][debug][gc,heap        ] GC(48)    the space 699072K,  65% used [0x00000000d5550000, 0x00000000f16d4d08, 0x00000000f16d4e00, 0x0000000100000000)
[4.896s][debug][gc,heap        ] GC(48)  Metaspace       used 6360K, committed 6528K, reserved 1114112K
[4.896s][debug][gc,heap        ] GC(48)   class space    used 546K, committed 640K, reserved 1048576K
[4.989s][info ][gc,heap        ] GC(48) DefNew: 314521K(314560K)->34905K(314560K) Eden: 279616K(279616K)->0K(279616K) From: 34905K(34944K)->34905K(34944K)
[4.989s][info ][gc,heap        ] GC(48) Tenured: 460307K(699072K)->585126K(699072K)
[4.989s][info ][gc,metaspace   ] GC(48) Metaspace: 6360K(6528K)->6360K(6528K) NonClass: 5814K(5888K)->5814K(5888K) Class: 546K(640K)->546K(640K)
[4.989s][debug][gc,heap        ] GC(48) Heap after GC invocations=43 (full 6):
[4.989s][debug][gc,heap        ] GC(48)  def new generation   total 314560K, used 34905K [0x00000000c0000000, 0x00000000d5550000, 0x00000000d5550000)
[4.989s][debug][gc,heap        ] GC(48)   eden space 279616K,   0% used [0x00000000c0000000, 0x00000000c0000000, 0x00000000d1110000)
[4.989s][debug][gc,heap        ] GC(48)   from space 34944K,  99% used [0x00000000d3330000, 0x00000000d55465d0, 0x00000000d5550000)
[4.989s][debug][gc,heap        ] GC(48)   to   space 34944K,   0% used [0x00000000d1110000, 0x00000000d1110000, 0x00000000d3330000)
[4.989s][debug][gc,heap        ] GC(48)  tenured generation   total 699072K, used 585126K [0x00000000d5550000, 0x0000000100000000, 0x0000000100000000)
[4.989s][debug][gc,heap        ] GC(48)    the space 699072K,  83% used [0x00000000d5550000, 0x00000000f90b9b08, 0x00000000f90b9c00, 0x0000000100000000)
[4.989s][debug][gc,heap        ] GC(48)  Metaspace       used 6360K, committed 6528K, reserved 1114112K
[4.989s][debug][gc,heap        ] GC(48)   class space    used 546K, committed 640K, reserved 1048576K
[4.989s][info ][gc             ] GC(48) Pause Young (Allocation Failure) 756M->605M(989M) 93.657ms
[4.989s][info ][gc,cpu         ] GC(48) User=0.09s Sys=0.00s Real=0.09s
[4.989s][info ][safepoint      ] Safepoint "GenCollectForAllocation", Time since last: 31944897 ns, Reaching safepoint: 3100 ns, Cleanup: 3800 ns, At safepoint: 93683190 ns, Total: 93690090 ns
[5.021s][info ][gc,start       ] GC(49) Pause Young (Allocation Failure)
[5.021s][debug][gc,heap        ] GC(49) Heap before GC invocations=43 (full 6):
[5.021s][debug][gc,heap        ] GC(49)  def new generation   total 314560K, used 314521K [0x00000000c0000000, 0x00000000d5550000, 0x00000000d5550000)
[5.021s][debug][gc,heap        ] GC(49)   eden space 279616K, 100% used [0x00000000c0000000, 0x00000000d1110000, 0x00000000d1110000)
[5.021s][debug][gc,heap        ] GC(49)   from space 34944K,  99% used [0x00000000d3330000, 0x00000000d55465d0, 0x00000000d5550000)
[5.021s][debug][gc,heap        ] GC(49)   to   space 34944K,   0% used [0x00000000d1110000, 0x00000000d1110000, 0x00000000d3330000)
[5.021s][debug][gc,heap        ] GC(49)  tenured generation   total 699072K, used 585126K [0x00000000d5550000, 0x0000000100000000, 0x0000000100000000)
[5.021s][debug][gc,heap        ] GC(49)    the space 699072K,  83% used [0x00000000d5550000, 0x00000000f90b9b08, 0x00000000f90b9c00, 0x0000000100000000)
[5.021s][debug][gc,heap        ] GC(49)  Metaspace       used 6360K, committed 6528K, reserved 1114112K
[5.021s][debug][gc,heap        ] GC(49)   class space    used 546K, committed 640K, reserved 1048576K
[5.021s][debug][gc,heap        ] GC(49) Heap after GC invocations=44 (full 6):
[5.021s][debug][gc,heap        ] GC(49)  def new generation   total 314560K, used 314521K [0x00000000c0000000, 0x00000000d5550000, 0x00000000d5550000)
[5.021s][debug][gc,heap        ] GC(49)   eden space 279616K, 100% used [0x00000000c0000000, 0x00000000d1110000, 0x00000000d1110000)
[5.021s][debug][gc,heap        ] GC(49)   from space 34944K,  99% used [0x00000000d3330000, 0x00000000d55465d0, 0x00000000d5550000)
[5.021s][debug][gc,heap        ] GC(49)   to   space 34944K,   0% used [0x00000000d1110000, 0x00000000d1110000, 0x00000000d3330000)
[5.021s][debug][gc,heap        ] GC(49)  tenured generation   total 699072K, used 585126K [0x00000000d5550000, 0x0000000100000000, 0x0000000100000000)
[5.021s][debug][gc,heap        ] GC(49)    the space 699072K,  83% used [0x00000000d5550000, 0x00000000f90b9b08, 0x00000000f90b9c00, 0x0000000100000000)
[5.021s][debug][gc,heap        ] GC(49)  Metaspace       used 6360K, committed 6528K, reserved 1114112K
[5.021s][debug][gc,heap        ] GC(49)   class space    used 546K, committed 640K, reserved 1048576K
[5.021s][info ][gc             ] GC(49) Pause Young (Allocation Failure) 878M->878M(989M) 0.173ms
[5.021s][info ][gc,cpu         ] GC(49) User=0.00s Sys=0.00s Real=0.00s
[5.021s][info ][gc,start       ] GC(50) Pause Full (Allocation Failure)
[5.021s][debug][gc,heap        ] GC(50) Heap before GC invocations=44 (full 6):
[5.021s][debug][gc,heap        ] GC(50)  def new generation   total 314560K, used 314521K [0x00000000c0000000, 0x00000000d5550000, 0x00000000d5550000)
[5.021s][debug][gc,heap        ] GC(50)   eden space 279616K, 100% used [0x00000000c0000000, 0x00000000d1110000, 0x00000000d1110000)
[5.021s][debug][gc,heap        ] GC(50)   from space 34944K,  99% used [0x00000000d3330000, 0x00000000d55465d0, 0x00000000d5550000)
[5.021s][debug][gc,heap        ] GC(50)   to   space 34944K,   0% used [0x00000000d1110000, 0x00000000d1110000, 0x00000000d3330000)
[5.021s][debug][gc,heap        ] GC(50)  tenured generation   total 699072K, used 585126K [0x00000000d5550000, 0x0000000100000000, 0x0000000100000000)
[5.021s][debug][gc,heap        ] GC(50)    the space 699072K,  83% used [0x00000000d5550000, 0x00000000f90b9b08, 0x00000000f90b9c00, 0x0000000100000000)
[5.021s][debug][gc,heap        ] GC(50)  Metaspace       used 6360K, committed 6528K, reserved 1114112K
[5.021s][debug][gc,heap        ] GC(50)   class space    used 546K, committed 640K, reserved 1048576K
[5.021s][info ][gc,phases,start] GC(50) Phase 1: Mark live objects
[5.022s][info ][gc,phases      ] GC(50) Phase 1: Mark live objects 1.173ms
[5.023s][info ][gc,phases,start] GC(50) Phase 2: Compute new object addresses
[5.025s][info ][gc,phases      ] GC(50) Phase 2: Compute new object addresses 1.633ms
[5.025s][info ][gc,phases,start] GC(50) Phase 3: Adjust pointers
[5.026s][info ][gc,phases      ] GC(50) Phase 3: Adjust pointers 1.790ms
[5.026s][info ][gc,phases,start] GC(50) Phase 4: Move objects
[5.060s][info ][gc,phases      ] GC(50) Phase 4: Move objects 33.776ms
[5.060s][info ][gc,heap        ] GC(50) DefNew: 314521K(314560K)->0K(314560K) Eden: 279616K(279616K)->0K(279616K) From: 34905K(34944K)->0K(34944K)
[5.060s][info ][gc,heap        ] GC(50) Tenured: 585126K(699072K)->200766K(699072K)
[5.060s][info ][gc,metaspace   ] GC(50) Metaspace: 6360K(6528K)->6360K(6528K) NonClass: 5814K(5888K)->5814K(5888K) Class: 546K(640K)->546K(640K)
[5.060s][debug][gc,heap        ] GC(50) Heap after GC invocations=44 (full 7):
[5.060s][debug][gc,heap        ] GC(50)  def new generation   total 314560K, used 0K [0x00000000c0000000, 0x00000000d5550000, 0x00000000d5550000)
[5.060s][debug][gc,heap        ] GC(50)   eden space 279616K,   0% used [0x00000000c0000000, 0x00000000c0000000, 0x00000000d1110000)
[5.060s][debug][gc,heap        ] GC(50)   from space 34944K,   0% used [0x00000000d3330000, 0x00000000d3330000, 0x00000000d5550000)
[5.060s][debug][gc,heap        ] GC(50)   to   space 34944K,   0% used [0x00000000d1110000, 0x00000000d1110000, 0x00000000d3330000)
[5.060s][debug][gc,heap        ] GC(50)  tenured generation   total 699072K, used 200766K [0x00000000d5550000, 0x0000000100000000, 0x0000000100000000)
[5.060s][debug][gc,heap        ] GC(50)    the space 699072K,  28% used [0x00000000d5550000, 0x00000000e195fad8, 0x00000000e195fc00, 0x0000000100000000)
[5.060s][debug][gc,heap        ] GC(50)  Metaspace       used 6360K, committed 6528K, reserved 1114112K
[5.060s][debug][gc,heap        ] GC(50)   class space    used 546K, committed 640K, reserved 1048576K
[5.060s][info ][gc             ] GC(50) Pause Full (Allocation Failure) 878M->196M(989M) 39.562ms
[5.060s][info ][gc,cpu         ] GC(50) User=0.03s Sys=0.00s Real=0.04s
[5.060s][info ][safepoint      ] Safepoint "GenCollectForAllocation", Time since last: 31403497 ns, Reaching safepoint: 2900 ns, Cleanup: 3300 ns, At safepoint: 39781496 ns, Total: 39787696 ns
[5.093s][info ][gc,start       ] GC(51) Pause Young (Allocation Failure)
[5.093s][debug][gc,heap        ] GC(51) Heap before GC invocations=44 (full 7):
[5.093s][debug][gc,heap        ] GC(51)  def new generation   total 314560K, used 279616K [0x00000000c0000000, 0x00000000d5550000, 0x00000000d5550000)
[5.093s][debug][gc,heap        ] GC(51)   eden space 279616K, 100% used [0x00000000c0000000, 0x00000000d1110000, 0x00000000d1110000)
[5.093s][debug][gc,heap        ] GC(51)   from space 34944K,   0% used [0x00000000d3330000, 0x00000000d3330000, 0x00000000d5550000)
[5.093s][debug][gc,heap        ] GC(51)   to   space 34944K,   0% used [0x00000000d1110000, 0x00000000d1110000, 0x00000000d3330000)
[5.093s][debug][gc,heap        ] GC(51)  tenured generation   total 699072K, used 200766K [0x00000000d5550000, 0x0000000100000000, 0x0000000100000000)
[5.093s][debug][gc,heap        ] GC(51)    the space 699072K,  28% used [0x00000000d5550000, 0x00000000e195fad8, 0x00000000e195fc00, 0x0000000100000000)
[5.093s][debug][gc,heap        ] GC(51)  Metaspace       used 6360K, committed 6528K, reserved 1114112K
[5.093s][debug][gc,heap        ] GC(51)   class space    used 546K, committed 640K, reserved 1048576K
[5.121s][info ][gc,heap        ] GC(51) DefNew: 279616K(314560K)->34905K(314560K) Eden: 279616K(279616K)->0K(279616K) From: 0K(34944K)->34905K(34944K)
[5.121s][info ][gc,heap        ] GC(51) Tenured: 200766K(699072K)->316384K(699072K)
[5.121s][info ][gc,metaspace   ] GC(51) Metaspace: 6360K(6528K)->6360K(6528K) NonClass: 5814K(5888K)->5814K(5888K) Class: 546K(640K)->546K(640K)
[5.121s][debug][gc,heap        ] GC(51) Heap after GC invocations=45 (full 7):
[5.121s][debug][gc,heap        ] GC(51)  def new generation   total 314560K, used 34905K [0x00000000c0000000, 0x00000000d5550000, 0x00000000d5550000)
[5.121s][debug][gc,heap        ] GC(51)   eden space 279616K,   0% used [0x00000000c0000000, 0x00000000c0000000, 0x00000000d1110000)
[5.121s][debug][gc,heap        ] GC(51)   from space 34944K,  99% used [0x00000000d1110000, 0x00000000d33265d0, 0x00000000d3330000)
[5.121s][debug][gc,heap        ] GC(51)   to   space 34944K,   0% used [0x00000000d3330000, 0x00000000d3330000, 0x00000000d5550000)
[5.121s][debug][gc,heap        ] GC(51)  tenured generation   total 699072K, used 316384K [0x00000000d5550000, 0x0000000100000000, 0x0000000100000000)
[5.121s][debug][gc,heap        ] GC(51)    the space 699072K,  45% used [0x00000000d5550000, 0x00000000e8a48318, 0x00000000e8a48400, 0x0000000100000000)
[5.121s][debug][gc,heap        ] GC(51)  Metaspace       used 6360K, committed 6528K, reserved 1114112K
[5.121s][debug][gc,heap        ] GC(51)   class space    used 546K, committed 640K, reserved 1048576K
[5.121s][info ][gc             ] GC(51) Pause Young (Allocation Failure) 469M->343M(989M) 28.291ms
[5.121s][info ][gc,cpu         ] GC(51) User=0.03s Sys=0.00s Real=0.03s
[5.121s][info ][safepoint      ] Safepoint "GenCollectForAllocation", Time since last: 32249396 ns, Reaching safepoint: 2900 ns, Cleanup: 3800 ns, At safepoint: 28315397 ns, Total: 28322097 ns
[5.153s][info ][gc,start       ] GC(52) Pause Young (Allocation Failure)
[5.153s][debug][gc,heap        ] GC(52) Heap before GC invocations=45 (full 7):
[5.153s][debug][gc,heap        ] GC(52)  def new generation   total 314560K, used 314521K [0x00000000c0000000, 0x00000000d5550000, 0x00000000d5550000)
[5.153s][debug][gc,heap        ] GC(52)   eden space 279616K, 100% used [0x00000000c0000000, 0x00000000d1110000, 0x00000000d1110000)
[5.153s][debug][gc,heap        ] GC(52)   from space 34944K,  99% used [0x00000000d1110000, 0x00000000d33265d0, 0x00000000d3330000)
[5.153s][debug][gc,heap        ] GC(52)   to   space 34944K,   0% used [0x00000000d3330000, 0x00000000d3330000, 0x00000000d5550000)
[5.153s][debug][gc,heap        ] GC(52)  tenured generation   total 699072K, used 316384K [0x00000000d5550000, 0x0000000100000000, 0x0000000100000000)
[5.153s][debug][gc,heap        ] GC(52)    the space 699072K,  45% used [0x00000000d5550000, 0x00000000e8a48318, 0x00000000e8a48400, 0x0000000100000000)
[5.153s][debug][gc,heap        ] GC(52)  Metaspace       used 6360K, committed 6528K, reserved 1114112K
[5.153s][debug][gc,heap        ] GC(52)   class space    used 546K, committed 640K, reserved 1048576K
[5.178s][info ][gc,heap        ] GC(52) DefNew: 314521K(314560K)->34905K(314560K) Eden: 279616K(279616K)->0K(279616K) From: 34905K(34944K)->34905K(34944K)
[5.178s][info ][gc,heap        ] GC(52) Tenured: 316384K(699072K)->440804K(699072K)
[5.178s][info ][gc,metaspace   ] GC(52) Metaspace: 6360K(6528K)->6360K(6528K) NonClass: 5814K(5888K)->5814K(5888K) Class: 546K(640K)->546K(640K)
[5.178s][debug][gc,heap        ] GC(52) Heap after GC invocations=46 (full 7):
[5.178s][debug][gc,heap        ] GC(52)  def new generation   total 314560K, used 34905K [0x00000000c0000000, 0x00000000d5550000, 0x00000000d5550000)
[5.178s][debug][gc,heap        ] GC(52)   eden space 279616K,   0% used [0x00000000c0000000, 0x00000000c0000000, 0x00000000d1110000)
[5.178s][debug][gc,heap        ] GC(52)   from space 34944K,  99% used [0x00000000d3330000, 0x00000000d55465d0, 0x00000000d5550000)
[5.178s][debug][gc,heap        ] GC(52)   to   space 34944K,   0% used [0x00000000d1110000, 0x00000000d1110000, 0x00000000d3330000)
[5.178s][debug][gc,heap        ] GC(52)  tenured generation   total 699072K, used 440804K [0x00000000d5550000, 0x0000000100000000, 0x0000000100000000)
[5.178s][debug][gc,heap        ] GC(52)    the space 699072K,  63% used [0x00000000d5550000, 0x00000000f03c90d8, 0x00000000f03c9200, 0x0000000100000000)
[5.178s][debug][gc,heap        ] GC(52)  Metaspace       used 6360K, committed 6528K, reserved 1114112K
[5.178s][debug][gc,heap        ] GC(52)   class space    used 546K, committed 640K, reserved 1048576K
[5.178s][info ][gc             ] GC(52) Pause Young (Allocation Failure) 616M->464M(989M) 25.205ms
[5.178s][info ][gc,cpu         ] GC(52) User=0.02s Sys=0.00s Real=0.02s
[5.178s][info ][safepoint      ] Safepoint "GenCollectForAllocation", Time since last: 32297497 ns, Reaching safepoint: 3000 ns, Cleanup: 3800 ns, At safepoint: 25228797 ns, Total: 25235597 ns
[5.213s][info ][gc,start       ] GC(53) Pause Young (Allocation Failure)
[5.213s][debug][gc,heap        ] GC(53) Heap before GC invocations=46 (full 7):
[5.213s][debug][gc,heap        ] GC(53)  def new generation   total 314560K, used 314521K [0x00000000c0000000, 0x00000000d5550000, 0x00000000d5550000)
[5.213s][debug][gc,heap        ] GC(53)   eden space 279616K, 100% used [0x00000000c0000000, 0x00000000d1110000, 0x00000000d1110000)
[5.213s][debug][gc,heap        ] GC(53)   from space 34944K,  99% used [0x00000000d3330000, 0x00000000d55465d0, 0x00000000d5550000)
[5.213s][debug][gc,heap        ] GC(53)   to   space 34944K,   0% used [0x00000000d1110000, 0x00000000d1110000, 0x00000000d3330000)
[5.213s][debug][gc,heap        ] GC(53)  tenured generation   total 699072K, used 440804K [0x00000000d5550000, 0x0000000100000000, 0x0000000100000000)
[5.213s][debug][gc,heap        ] GC(53)    the space 699072K,  63% used [0x00000000d5550000, 0x00000000f03c90d8, 0x00000000f03c9200, 0x0000000100000000)
[5.213s][debug][gc,heap        ] GC(53)  Metaspace       used 6360K, committed 6528K, reserved 1114112K
[5.213s][debug][gc,heap        ] GC(53)   class space    used 546K, committed 640K, reserved 1048576K
[5.238s][info ][gc,heap        ] GC(53) DefNew: 314521K(314560K)->34905K(314560K) Eden: 279616K(279616K)->0K(279616K) From: 34905K(34944K)->34905K(34944K)
[5.238s][info ][gc,heap        ] GC(53) Tenured: 440804K(699072K)->565523K(699072K)
[5.238s][info ][gc,metaspace   ] GC(53) Metaspace: 6360K(6528K)->6360K(6528K) NonClass: 5814K(5888K)->5814K(5888K) Class: 546K(640K)->546K(640K)
[5.238s][debug][gc,heap        ] GC(53) Heap after GC invocations=47 (full 7):
[5.238s][debug][gc,heap        ] GC(53)  def new generation   total 314560K, used 34905K [0x00000000c0000000, 0x00000000d5550000, 0x00000000d5550000)
[5.238s][debug][gc,heap        ] GC(53)   eden space 279616K,   0% used [0x00000000c0000000, 0x00000000c0000000, 0x00000000d1110000)
[5.238s][debug][gc,heap        ] GC(53)   from space 34944K,  99% used [0x00000000d1110000, 0x00000000d33265d0, 0x00000000d3330000)
[5.238s][debug][gc,heap        ] GC(53)   to   space 34944K,   0% used [0x00000000d3330000, 0x00000000d3330000, 0x00000000d5550000)
[5.238s][debug][gc,heap        ] GC(53)  tenured generation   total 699072K, used 565523K [0x00000000d5550000, 0x0000000100000000, 0x0000000100000000)
[5.238s][debug][gc,heap        ] GC(53)    the space 699072K,  80% used [0x00000000d5550000, 0x00000000f7d94ec8, 0x00000000f7d95000, 0x0000000100000000)
[5.238s][debug][gc,heap        ] GC(53)  Metaspace       used 6360K, committed 6528K, reserved 1114112K
[5.238s][debug][gc,heap        ] GC(53)   class space    used 546K, committed 640K, reserved 1048576K
[5.239s][info ][gc             ] GC(53) Pause Young (Allocation Failure) 737M->586M(989M) 25.508ms
[5.239s][info ][gc,cpu         ] GC(53) User=0.03s Sys=0.00s Real=0.02s
[5.239s][info ][safepoint      ] Safepoint "GenCollectForAllocation", Time since last: 34508596 ns, Reaching safepoint: 3200 ns, Cleanup: 3800 ns, At safepoint: 25534598 ns, Total: 25541598 ns
[5.270s][info ][gc,start       ] GC(54) Pause Young (Allocation Failure)
[5.270s][debug][gc,heap        ] GC(54) Heap before GC invocations=47 (full 7):
[5.270s][debug][gc,heap        ] GC(54)  def new generation   total 314560K, used 314521K [0x00000000c0000000, 0x00000000d5550000, 0x00000000d5550000)
[5.270s][debug][gc,heap        ] GC(54)   eden space 279616K, 100% used [0x00000000c0000000, 0x00000000d1110000, 0x00000000d1110000)
[5.270s][debug][gc,heap        ] GC(54)   from space 34944K,  99% used [0x00000000d1110000, 0x00000000d33265d0, 0x00000000d3330000)
[5.270s][debug][gc,heap        ] GC(54)   to   space 34944K,   0% used [0x00000000d3330000, 0x00000000d3330000, 0x00000000d5550000)
[5.270s][debug][gc,heap        ] GC(54)  tenured generation   total 699072K, used 565523K [0x00000000d5550000, 0x0000000100000000, 0x0000000100000000)
[5.270s][debug][gc,heap        ] GC(54)    the space 699072K,  80% used [0x00000000d5550000, 0x00000000f7d94ec8, 0x00000000f7d95000, 0x0000000100000000)
[5.270s][debug][gc,heap        ] GC(54)  Metaspace       used 6360K, committed 6528K, reserved 1114112K
[5.270s][debug][gc,heap        ] GC(54)   class space    used 546K, committed 640K, reserved 1048576K
[5.270s][debug][gc,heap        ] GC(54) Heap after GC invocations=48 (full 7):
[5.270s][debug][gc,heap        ] GC(54)  def new generation   total 314560K, used 314521K [0x00000000c0000000, 0x00000000d5550000, 0x00000000d5550000)
[5.270s][debug][gc,heap        ] GC(54)   eden space 279616K, 100% used [0x00000000c0000000, 0x00000000d1110000, 0x00000000d1110000)
[5.270s][debug][gc,heap        ] GC(54)   from space 34944K,  99% used [0x00000000d1110000, 0x00000000d33265d0, 0x00000000d3330000)
[5.270s][debug][gc,heap        ] GC(54)   to   space 34944K,   0% used [0x00000000d3330000, 0x00000000d3330000, 0x00000000d5550000)
[5.270s][debug][gc,heap        ] GC(54)  tenured generation   total 699072K, used 565523K [0x00000000d5550000, 0x0000000100000000, 0x0000000100000000)
[5.270s][debug][gc,heap        ] GC(54)    the space 699072K,  80% used [0x00000000d5550000, 0x00000000f7d94ec8, 0x00000000f7d95000, 0x0000000100000000)
[5.270s][debug][gc,heap        ] GC(54)  Metaspace       used 6360K, committed 6528K, reserved 1114112K
[5.270s][debug][gc,heap        ] GC(54)   class space    used 546K, committed 640K, reserved 1048576K
[5.270s][info ][gc             ] GC(54) Pause Young (Allocation Failure) 859M->859M(989M) 0.142ms
[5.270s][info ][gc,cpu         ] GC(54) User=0.00s Sys=0.00s Real=0.00s
[5.270s][info ][gc,start       ] GC(55) Pause Full (Allocation Failure)
[5.270s][debug][gc,heap        ] GC(55) Heap before GC invocations=48 (full 7):
[5.270s][debug][gc,heap        ] GC(55)  def new generation   total 314560K, used 314521K [0x00000000c0000000, 0x00000000d5550000, 0x00000000d5550000)
[5.270s][debug][gc,heap        ] GC(55)   eden space 279616K, 100% used [0x00000000c0000000, 0x00000000d1110000, 0x00000000d1110000)
[5.270s][debug][gc,heap        ] GC(55)   from space 34944K,  99% used [0x00000000d1110000, 0x00000000d33265d0, 0x00000000d3330000)
[5.270s][debug][gc,heap        ] GC(55)   to   space 34944K,   0% used [0x00000000d3330000, 0x00000000d3330000, 0x00000000d5550000)
[5.270s][debug][gc,heap        ] GC(55)  tenured generation   total 699072K, used 565523K [0x00000000d5550000, 0x0000000100000000, 0x0000000100000000)
[5.270s][debug][gc,heap        ] GC(55)    the space 699072K,  80% used [0x00000000d5550000, 0x00000000f7d94ec8, 0x00000000f7d95000, 0x0000000100000000)
[5.271s][debug][gc,heap        ] GC(55)  Metaspace       used 6360K, committed 6528K, reserved 1114112K
[5.271s][debug][gc,heap        ] GC(55)   class space    used 546K, committed 640K, reserved 1048576K
[5.271s][info ][gc,phases,start] GC(55) Phase 1: Mark live objects
[5.271s][info ][gc,phases      ] GC(55) Phase 1: Mark live objects 0.901ms
[5.271s][info ][gc,phases,start] GC(55) Phase 2: Compute new object addresses
[5.273s][info ][gc,phases      ] GC(55) Phase 2: Compute new object addresses 1.205ms
[5.273s][info ][gc,phases,start] GC(55) Phase 3: Adjust pointers
[5.273s][info ][gc,phases      ] GC(55) Phase 3: Adjust pointers 0.600ms
[5.273s][info ][gc,phases,start] GC(55) Phase 4: Move objects
[5.306s][info ][gc,phases      ] GC(55) Phase 4: Move objects 32.806ms
[5.306s][info ][gc,heap        ] GC(55) DefNew: 314521K(314560K)->0K(314560K) Eden: 279616K(279616K)->0K(279616K) From: 34905K(34944K)->0K(34944K)
[5.306s][info ][gc,heap        ] GC(55) Tenured: 565523K(699072K)->200766K(699072K)
[5.306s][info ][gc,metaspace   ] GC(55) Metaspace: 6360K(6528K)->6360K(6528K) NonClass: 5814K(5888K)->5814K(5888K) Class: 546K(640K)->546K(640K)
[5.306s][debug][gc,heap        ] GC(55) Heap after GC invocations=48 (full 8):
[5.306s][debug][gc,heap        ] GC(55)  def new generation   total 314560K, used 0K [0x00000000c0000000, 0x00000000d5550000, 0x00000000d5550000)
[5.306s][debug][gc,heap        ] GC(55)   eden space 279616K,   0% used [0x00000000c0000000, 0x00000000c0000000, 0x00000000d1110000)
[5.306s][debug][gc,heap        ] GC(55)   from space 34944K,   0% used [0x00000000d1110000, 0x00000000d1110000, 0x00000000d3330000)
[5.306s][debug][gc,heap        ] GC(55)   to   space 34944K,   0% used [0x00000000d3330000, 0x00000000d3330000, 0x00000000d5550000)
[5.306s][debug][gc,heap        ] GC(55)  tenured generation   total 699072K, used 200766K [0x00000000d5550000, 0x0000000100000000, 0x0000000100000000)
[5.306s][debug][gc,heap        ] GC(55)    the space 699072K,  28% used [0x00000000d5550000, 0x00000000e195fad8, 0x00000000e195fc00, 0x0000000100000000)
[5.306s][debug][gc,heap        ] GC(55)  Metaspace       used 6360K, committed 6528K, reserved 1114112K
[5.306s][debug][gc,heap        ] GC(55)   class space    used 546K, committed 640K, reserved 1048576K
[5.306s][info ][gc             ] GC(55) Pause Full (Allocation Failure) 859M->196M(989M) 35.820ms
[5.306s][info ][gc,cpu         ] GC(55) User=0.04s Sys=0.00s Real=0.03s
[5.306s][info ][safepoint      ] Safepoint "GenCollectForAllocation", Time since last: 31802596 ns, Reaching safepoint: 2700 ns, Cleanup: 3700 ns, At safepoint: 35994996 ns, Total: 36001396 ns
[5.339s][info ][gc,start       ] GC(56) Pause Young (Allocation Failure)
[5.339s][debug][gc,heap        ] GC(56) Heap before GC invocations=48 (full 8):
[5.339s][debug][gc,heap        ] GC(56)  def new generation   total 314560K, used 279616K [0x00000000c0000000, 0x00000000d5550000, 0x00000000d5550000)
[5.339s][debug][gc,heap        ] GC(56)   eden space 279616K, 100% used [0x00000000c0000000, 0x00000000d1110000, 0x00000000d1110000)
[5.339s][debug][gc,heap        ] GC(56)   from space 34944K,   0% used [0x00000000d1110000, 0x00000000d1110000, 0x00000000d3330000)
[5.339s][debug][gc,heap        ] GC(56)   to   space 34944K,   0% used [0x00000000d3330000, 0x00000000d3330000, 0x00000000d5550000)
[5.339s][debug][gc,heap        ] GC(56)  tenured generation   total 699072K, used 200766K [0x00000000d5550000, 0x0000000100000000, 0x0000000100000000)
[5.339s][debug][gc,heap        ] GC(56)    the space 699072K,  28% used [0x00000000d5550000, 0x00000000e195fad8, 0x00000000e195fc00, 0x0000000100000000)
[5.339s][debug][gc,heap        ] GC(56)  Metaspace       used 6360K, committed 6528K, reserved 1114112K
[5.339s][debug][gc,heap        ] GC(56)   class space    used 546K, committed 640K, reserved 1048576K
[5.362s][info ][gc,heap        ] GC(56) DefNew: 279616K(314560K)->34905K(314560K) Eden: 279616K(279616K)->0K(279616K) From: 0K(34944K)->34905K(34944K)
[5.363s][info ][gc,heap        ] GC(56) Tenured: 200766K(699072K)->315084K(699072K)
[5.363s][info ][gc,metaspace   ] GC(56) Metaspace: 6360K(6528K)->6360K(6528K) NonClass: 5814K(5888K)->5814K(5888K) Class: 546K(640K)->546K(640K)
[5.363s][debug][gc,heap        ] GC(56) Heap after GC invocations=49 (full 8):
[5.363s][debug][gc,heap        ] GC(56)  def new generation   total 314560K, used 34905K [0x00000000c0000000, 0x00000000d5550000, 0x00000000d5550000)
[5.363s][debug][gc,heap        ] GC(56)   eden space 279616K,   0% used [0x00000000c0000000, 0x00000000c0000000, 0x00000000d1110000)
[5.363s][debug][gc,heap        ] GC(56)   from space 34944K,  99% used [0x00000000d3330000, 0x00000000d55465d0, 0x00000000d5550000)
[5.363s][debug][gc,heap        ] GC(56)   to   space 34944K,   0% used [0x00000000d1110000, 0x00000000d1110000, 0x00000000d3330000)
[5.363s][debug][gc,heap        ] GC(56)  tenured generation   total 699072K, used 315084K [0x00000000d5550000, 0x0000000100000000, 0x0000000100000000)
[5.363s][debug][gc,heap        ] GC(56)    the space 699072K,  45% used [0x00000000d5550000, 0x00000000e8903248, 0x00000000e8903400, 0x0000000100000000)
[5.363s][debug][gc,heap        ] GC(56)  Metaspace       used 6360K, committed 6528K, reserved 1114112K
[5.363s][debug][gc,heap        ] GC(56)   class space    used 546K, committed 640K, reserved 1048576K
[5.363s][info ][gc             ] GC(56) Pause Young (Allocation Failure) 469M->341M(989M) 23.744ms
[5.363s][info ][gc,cpu         ] GC(56) User=0.02s Sys=0.00s Real=0.03s
[5.363s][info ][safepoint      ] Safepoint "GenCollectForAllocation", Time since last: 32462597 ns, Reaching safepoint: 2800 ns, Cleanup: 3500 ns, At safepoint: 23768197 ns, Total: 23774497 ns
[5.395s][info ][gc,start       ] GC(57) Pause Young (Allocation Failure)
[5.395s][debug][gc,heap        ] GC(57) Heap before GC invocations=49 (full 8):
[5.395s][debug][gc,heap        ] GC(57)  def new generation   total 314560K, used 314521K [0x00000000c0000000, 0x00000000d5550000, 0x00000000d5550000)
[5.395s][debug][gc,heap        ] GC(57)   eden space 279616K, 100% used [0x00000000c0000000, 0x00000000d1110000, 0x00000000d1110000)
[5.395s][debug][gc,heap        ] GC(57)   from space 34944K,  99% used [0x00000000d3330000, 0x00000000d55465d0, 0x00000000d5550000)
[5.395s][debug][gc,heap        ] GC(57)   to   space 34944K,   0% used [0x00000000d1110000, 0x00000000d1110000, 0x00000000d3330000)
[5.395s][debug][gc,heap        ] GC(57)  tenured generation   total 699072K, used 315084K [0x00000000d5550000, 0x0000000100000000, 0x0000000100000000)
[5.395s][debug][gc,heap        ] GC(57)    the space 699072K,  45% used [0x00000000d5550000, 0x00000000e8903248, 0x00000000e8903400, 0x0000000100000000)
[5.395s][debug][gc,heap        ] GC(57)  Metaspace       used 6360K, committed 6528K, reserved 1114112K
[5.395s][debug][gc,heap        ] GC(57)   class space    used 546K, committed 640K, reserved 1048576K
[5.421s][info ][gc,heap        ] GC(57) DefNew: 314521K(314560K)->34905K(314560K) Eden: 279616K(279616K)->0K(279616K) From: 34905K(34944K)->34905K(34944K)
[5.421s][info ][gc,heap        ] GC(57) Tenured: 315084K(699072K)->439904K(699072K)
[5.421s][info ][gc,metaspace   ] GC(57) Metaspace: 6360K(6528K)->6360K(6528K) NonClass: 5814K(5888K)->5814K(5888K) Class: 546K(640K)->546K(640K)
[5.421s][debug][gc,heap        ] GC(57) Heap after GC invocations=50 (full 8):
[5.421s][debug][gc,heap        ] GC(57)  def new generation   total 314560K, used 34905K [0x00000000c0000000, 0x00000000d5550000, 0x00000000d5550000)
[5.421s][debug][gc,heap        ] GC(57)   eden space 279616K,   0% used [0x00000000c0000000, 0x00000000c0000000, 0x00000000d1110000)
[5.421s][debug][gc,heap        ] GC(57)   from space 34944K,  99% used [0x00000000d1110000, 0x00000000d33265d0, 0x00000000d3330000)
[5.421s][debug][gc,heap        ] GC(57)   to   space 34944K,   0% used [0x00000000d3330000, 0x00000000d3330000, 0x00000000d5550000)
[5.421s][debug][gc,heap        ] GC(57)  tenured generation   total 699072K, used 439904K [0x00000000d5550000, 0x0000000100000000, 0x0000000100000000)
[5.421s][debug][gc,heap        ] GC(57)    the space 699072K,  62% used [0x00000000d5550000, 0x00000000f02e8048, 0x00000000f02e8200, 0x0000000100000000)
[5.421s][debug][gc,heap        ] GC(57)  Metaspace       used 6360K, committed 6528K, reserved 1114112K
[5.421s][debug][gc,heap        ] GC(57)   class space    used 546K, committed 640K, reserved 1048576K
[5.421s][info ][gc             ] GC(57) Pause Young (Allocation Failure) 614M->463M(989M) 25.870ms
[5.421s][info ][gc,cpu         ] GC(57) User=0.02s Sys=0.00s Real=0.03s
[5.421s][info ][safepoint      ] Safepoint "GenCollectForAllocation", Time since last: 32339897 ns, Reaching safepoint: 2900 ns, Cleanup: 3800 ns, At safepoint: 25894697 ns, Total: 25901397 ns
[5.453s][info ][gc,start       ] GC(58) Pause Young (Allocation Failure)
[5.453s][debug][gc,heap        ] GC(58) Heap before GC invocations=50 (full 8):
[5.453s][debug][gc,heap        ] GC(58)  def new generation   total 314560K, used 314521K [0x00000000c0000000, 0x00000000d5550000, 0x00000000d5550000)
[5.453s][debug][gc,heap        ] GC(58)   eden space 279616K, 100% used [0x00000000c0000000, 0x00000000d1110000, 0x00000000d1110000)
[5.453s][debug][gc,heap        ] GC(58)   from space 34944K,  99% used [0x00000000d1110000, 0x00000000d33265d0, 0x00000000d3330000)
[5.453s][debug][gc,heap        ] GC(58)   to   space 34944K,   0% used [0x00000000d3330000, 0x00000000d3330000, 0x00000000d5550000)
[5.453s][debug][gc,heap        ] GC(58)  tenured generation   total 699072K, used 439904K [0x00000000d5550000, 0x0000000100000000, 0x0000000100000000)
[5.453s][debug][gc,heap        ] GC(58)    the space 699072K,  62% used [0x00000000d5550000, 0x00000000f02e8048, 0x00000000f02e8200, 0x0000000100000000)
[5.453s][debug][gc,heap        ] GC(58)  Metaspace       used 6360K, committed 6528K, reserved 1114112K
[5.453s][debug][gc,heap        ] GC(58)   class space    used 546K, committed 640K, reserved 1048576K
[5.478s][info ][gc,heap        ] GC(58) DefNew: 314521K(314560K)->34905K(314560K) Eden: 279616K(279616K)->0K(279616K) From: 34905K(34944K)->34905K(34944K)
[5.478s][info ][gc,heap        ] GC(58) Tenured: 439904K(699072K)->565823K(699072K)
[5.478s][info ][gc,metaspace   ] GC(58) Metaspace: 6360K(6528K)->6360K(6528K) NonClass: 5814K(5888K)->5814K(5888K) Class: 546K(640K)->546K(640K)
[5.478s][debug][gc,heap        ] GC(58) Heap after GC invocations=51 (full 8):
[5.478s][debug][gc,heap        ] GC(58)  def new generation   total 314560K, used 34905K [0x00000000c0000000, 0x00000000d5550000, 0x00000000d5550000)
[5.478s][debug][gc,heap        ] GC(58)   eden space 279616K,   0% used [0x00000000c0000000, 0x00000000c0000000, 0x00000000d1110000)
[5.478s][debug][gc,heap        ] GC(58)   from space 34944K,  99% used [0x00000000d3330000, 0x00000000d55465d0, 0x00000000d5550000)
[5.478s][debug][gc,heap        ] GC(58)   to   space 34944K,   0% used [0x00000000d1110000, 0x00000000d1110000, 0x00000000d3330000)
[5.478s][debug][gc,heap        ] GC(58)  tenured generation   total 699072K, used 565823K [0x00000000d5550000, 0x0000000100000000, 0x0000000100000000)
[5.478s][debug][gc,heap        ] GC(58)    the space 699072K,  80% used [0x00000000d5550000, 0x00000000f7ddfef8, 0x00000000f7de0000, 0x0000000100000000)
[5.478s][debug][gc,heap        ] GC(58)  Metaspace       used 6360K, committed 6528K, reserved 1114112K
[5.478s][debug][gc,heap        ] GC(58)   class space    used 546K, committed 640K, reserved 1048576K
[5.478s][info ][gc             ] GC(58) Pause Young (Allocation Failure) 736M->586M(989M) 25.717ms
[5.478s][info ][gc,cpu         ] GC(58) User=0.03s Sys=0.00s Real=0.02s
[5.478s][info ][safepoint      ] Safepoint "GenCollectForAllocation", Time since last: 31745697 ns, Reaching safepoint: 2800 ns, Cleanup: 3800 ns, At safepoint: 25741097 ns, Total: 25747697 ns
[5.514s][info ][gc,start       ] GC(59) Pause Young (Allocation Failure)
[5.514s][debug][gc,heap        ] GC(59) Heap before GC invocations=51 (full 8):
[5.514s][debug][gc,heap        ] GC(59)  def new generation   total 314560K, used 314521K [0x00000000c0000000, 0x00000000d5550000, 0x00000000d5550000)
[5.514s][debug][gc,heap        ] GC(59)   eden space 279616K, 100% used [0x00000000c0000000, 0x00000000d1110000, 0x00000000d1110000)
[5.514s][debug][gc,heap        ] GC(59)   from space 34944K,  99% used [0x00000000d3330000, 0x00000000d55465d0, 0x00000000d5550000)
[5.514s][debug][gc,heap        ] GC(59)   to   space 34944K,   0% used [0x00000000d1110000, 0x00000000d1110000, 0x00000000d3330000)
[5.514s][debug][gc,heap        ] GC(59)  tenured generation   total 699072K, used 565823K [0x00000000d5550000, 0x0000000100000000, 0x0000000100000000)
[5.514s][debug][gc,heap        ] GC(59)    the space 699072K,  80% used [0x00000000d5550000, 0x00000000f7ddfef8, 0x00000000f7de0000, 0x0000000100000000)
[5.514s][debug][gc,heap        ] GC(59)  Metaspace       used 6360K, committed 6528K, reserved 1114112K
[5.514s][debug][gc,heap        ] GC(59)   class space    used 546K, committed 640K, reserved 1048576K
[5.514s][debug][gc,heap        ] GC(59) Heap after GC invocations=52 (full 8):
[5.514s][debug][gc,heap        ] GC(59)  def new generation   total 314560K, used 314521K [0x00000000c0000000, 0x00000000d5550000, 0x00000000d5550000)
[5.514s][debug][gc,heap        ] GC(59)   eden space 279616K, 100% used [0x00000000c0000000, 0x00000000d1110000, 0x00000000d1110000)
[5.514s][debug][gc,heap        ] GC(59)   from space 34944K,  99% used [0x00000000d3330000, 0x00000000d55465d0, 0x00000000d5550000)
[5.514s][debug][gc,heap        ] GC(59)   to   space 34944K,   0% used [0x00000000d1110000, 0x00000000d1110000, 0x00000000d3330000)
[5.514s][debug][gc,heap        ] GC(59)  tenured generation   total 699072K, used 565823K [0x00000000d5550000, 0x0000000100000000, 0x0000000100000000)
[5.514s][debug][gc,heap        ] GC(59)    the space 699072K,  80% used [0x00000000d5550000, 0x00000000f7ddfef8, 0x00000000f7de0000, 0x0000000100000000)
[5.514s][debug][gc,heap        ] GC(59)  Metaspace       used 6360K, committed 6528K, reserved 1114112K
[5.514s][debug][gc,heap        ] GC(59)   class space    used 546K, committed 640K, reserved 1048576K
[5.514s][info ][gc             ] GC(59) Pause Young (Allocation Failure) 859M->859M(989M) 0.269ms
[5.514s][info ][gc,cpu         ] GC(59) User=0.00s Sys=0.00s Real=0.00s
[5.514s][info ][gc,start       ] GC(60) Pause Full (Allocation Failure)
[5.514s][debug][gc,heap        ] GC(60) Heap before GC invocations=52 (full 8):
[5.514s][debug][gc,heap        ] GC(60)  def new generation   total 314560K, used 314521K [0x00000000c0000000, 0x00000000d5550000, 0x00000000d5550000)
[5.514s][debug][gc,heap        ] GC(60)   eden space 279616K, 100% used [0x00000000c0000000, 0x00000000d1110000, 0x00000000d1110000)
[5.514s][debug][gc,heap        ] GC(60)   from space 34944K,  99% used [0x00000000d3330000, 0x00000000d55465d0, 0x00000000d5550000)
[5.514s][debug][gc,heap        ] GC(60)   to   space 34944K,   0% used [0x00000000d1110000, 0x00000000d1110000, 0x00000000d3330000)
[5.514s][debug][gc,heap        ] GC(60)  tenured generation   total 699072K, used 565823K [0x00000000d5550000, 0x0000000100000000, 0x0000000100000000)
[5.514s][debug][gc,heap        ] GC(60)    the space 699072K,  80% used [0x00000000d5550000, 0x00000000f7ddfef8, 0x00000000f7de0000, 0x0000000100000000)
[5.514s][debug][gc,heap        ] GC(60)  Metaspace       used 6360K, committed 6528K, reserved 1114112K
[5.514s][debug][gc,heap        ] GC(60)   class space    used 546K, committed 640K, reserved 1048576K
[5.514s][info ][gc,phases,start] GC(60) Phase 1: Mark live objects
[5.516s][info ][gc,phases      ] GC(60) Phase 1: Mark live objects 1.168ms
[5.516s][info ][gc,phases,start] GC(60) Phase 2: Compute new object addresses
[5.517s][info ][gc,phases      ] GC(60) Phase 2: Compute new object addresses 1.308ms
[5.517s][info ][gc,phases,start] GC(60) Phase 3: Adjust pointers
[5.518s][info ][gc,phases      ] GC(60) Phase 3: Adjust pointers 0.617ms
[5.518s][info ][gc,phases,start] GC(60) Phase 4: Move objects
[5.553s][info ][gc,phases      ] GC(60) Phase 4: Move objects 35.271ms
[5.553s][info ][gc,heap        ] GC(60) DefNew: 314521K(314560K)->0K(314560K) Eden: 279616K(279616K)->0K(279616K) From: 34905K(34944K)->0K(34944K)
[5.553s][info ][gc,heap        ] GC(60) Tenured: 565823K(699072K)->220269K(699072K)
[5.553s][info ][gc,metaspace   ] GC(60) Metaspace: 6360K(6528K)->6360K(6528K) NonClass: 5814K(5888K)->5814K(5888K) Class: 546K(640K)->546K(640K)
[5.553s][debug][gc,heap        ] GC(60) Heap after GC invocations=52 (full 9):
[5.553s][debug][gc,heap        ] GC(60)  def new generation   total 314560K, used 0K [0x00000000c0000000, 0x00000000d5550000, 0x00000000d5550000)
[5.553s][debug][gc,heap        ] GC(60)   eden space 279616K,   0% used [0x00000000c0000000, 0x00000000c0000000, 0x00000000d1110000)
[5.553s][debug][gc,heap        ] GC(60)   from space 34944K,   0% used [0x00000000d3330000, 0x00000000d3330000, 0x00000000d5550000)
[5.553s][debug][gc,heap        ] GC(60)   to   space 34944K,   0% used [0x00000000d1110000, 0x00000000d1110000, 0x00000000d3330000)
[5.553s][debug][gc,heap        ] GC(60)  tenured generation   total 699072K, used 220269K [0x00000000d5550000, 0x0000000100000000, 0x0000000100000000)
[5.553s][debug][gc,heap        ] GC(60)    the space 699072K,  31% used [0x00000000d5550000, 0x00000000e2c6b708, 0x00000000e2c6b800, 0x0000000100000000)
[5.553s][debug][gc,heap        ] GC(60)  Metaspace       used 6360K, committed 6528K, reserved 1114112K
[5.553s][debug][gc,heap        ] GC(60)   class space    used 546K, committed 640K, reserved 1048576K
[5.553s][info ][gc             ] GC(60) Pause Full (Allocation Failure) 859M->215M(989M) 38.636ms
[5.553s][info ][gc,cpu         ] GC(60) User=0.04s Sys=0.00s Real=0.04s
[5.553s][info ][safepoint      ] Safepoint "GenCollectForAllocation", Time since last: 35812796 ns, Reaching safepoint: 3800 ns, Cleanup: 4100 ns, At safepoint: 39011796 ns, Total: 39019696 ns
[5.586s][info ][gc,start       ] GC(61) Pause Young (Allocation Failure)
[5.586s][debug][gc,heap        ] GC(61) Heap before GC invocations=52 (full 9):
[5.586s][debug][gc,heap        ] GC(61)  def new generation   total 314560K, used 279616K [0x00000000c0000000, 0x00000000d5550000, 0x00000000d5550000)
[5.586s][debug][gc,heap        ] GC(61)   eden space 279616K, 100% used [0x00000000c0000000, 0x00000000d1110000, 0x00000000d1110000)
[5.586s][debug][gc,heap        ] GC(61)   from space 34944K,   0% used [0x00000000d3330000, 0x00000000d3330000, 0x00000000d5550000)
[5.586s][debug][gc,heap        ] GC(61)   to   space 34944K,   0% used [0x00000000d1110000, 0x00000000d1110000, 0x00000000d3330000)
[5.586s][debug][gc,heap        ] GC(61)  tenured generation   total 699072K, used 220269K [0x00000000d5550000, 0x0000000100000000, 0x0000000100000000)
[5.586s][debug][gc,heap        ] GC(61)    the space 699072K,  31% used [0x00000000d5550000, 0x00000000e2c6b708, 0x00000000e2c6b800, 0x0000000100000000)
[5.586s][debug][gc,heap        ] GC(61)  Metaspace       used 6360K, committed 6528K, reserved 1114112K
[5.586s][debug][gc,heap        ] GC(61)   class space    used 546K, committed 640K, reserved 1048576K
[5.610s][info ][gc,heap        ] GC(61) DefNew: 279616K(314560K)->34905K(314560K) Eden: 279616K(279616K)->0K(279616K) From: 0K(34944K)->34905K(34944K)
[5.610s][info ][gc,heap        ] GC(61) Tenured: 220269K(699072K)->335887K(699072K)
[5.610s][info ][gc,metaspace   ] GC(61) Metaspace: 6360K(6528K)->6360K(6528K) NonClass: 5814K(5888K)->5814K(5888K) Class: 546K(640K)->546K(640K)
[5.610s][debug][gc,heap        ] GC(61) Heap after GC invocations=53 (full 9):
[5.610s][debug][gc,heap        ] GC(61)  def new generation   total 314560K, used 34905K [0x00000000c0000000, 0x00000000d5550000, 0x00000000d5550000)
[5.610s][debug][gc,heap        ] GC(61)   eden space 279616K,   0% used [0x00000000c0000000, 0x00000000c0000000, 0x00000000d1110000)
[5.610s][debug][gc,heap        ] GC(61)   from space 34944K,  99% used [0x00000000d1110000, 0x00000000d33265d0, 0x00000000d3330000)
[5.610s][debug][gc,heap        ] GC(61)   to   space 34944K,   0% used [0x00000000d3330000, 0x00000000d3330000, 0x00000000d5550000)
[5.610s][debug][gc,heap        ] GC(61)  tenured generation   total 699072K, used 335887K [0x00000000d5550000, 0x0000000100000000, 0x0000000100000000)
[5.610s][debug][gc,heap        ] GC(61)    the space 699072K,  48% used [0x00000000d5550000, 0x00000000e9d53f48, 0x00000000e9d54000, 0x0000000100000000)
[5.610s][debug][gc,heap        ] GC(61)  Metaspace       used 6360K, committed 6528K, reserved 1114112K
[5.610s][debug][gc,heap        ] GC(61)   class space    used 546K, committed 640K, reserved 1048576K
[5.610s][info ][gc             ] GC(61) Pause Young (Allocation Failure) 488M->362M(989M) 23.663ms
[5.610s][info ][gc,cpu         ] GC(61) User=0.02s Sys=0.00s Real=0.02s
[5.610s][info ][safepoint      ] Safepoint "GenCollectForAllocation", Time since last: 33121697 ns, Reaching safepoint: 3000 ns, Cleanup: 3700 ns, At safepoint: 23687497 ns, Total: 23694197 ns
[5.647s][info ][gc,start       ] GC(62) Pause Young (Allocation Failure)
[5.647s][debug][gc,heap        ] GC(62) Heap before GC invocations=53 (full 9):
[5.647s][debug][gc,heap        ] GC(62)  def new generation   total 314560K, used 314521K [0x00000000c0000000, 0x00000000d5550000, 0x00000000d5550000)
[5.647s][debug][gc,heap        ] GC(62)   eden space 279616K, 100% used [0x00000000c0000000, 0x00000000d1110000, 0x00000000d1110000)
[5.647s][debug][gc,heap        ] GC(62)   from space 34944K,  99% used [0x00000000d1110000, 0x00000000d33265d0, 0x00000000d3330000)
[5.647s][debug][gc,heap        ] GC(62)   to   space 34944K,   0% used [0x00000000d3330000, 0x00000000d3330000, 0x00000000d5550000)
[5.647s][debug][gc,heap        ] GC(62)  tenured generation   total 699072K, used 335887K [0x00000000d5550000, 0x0000000100000000, 0x0000000100000000)
[5.647s][debug][gc,heap        ] GC(62)    the space 699072K,  48% used [0x00000000d5550000, 0x00000000e9d53f48, 0x00000000e9d54000, 0x0000000100000000)
[5.647s][debug][gc,heap        ] GC(62)  Metaspace       used 6360K, committed 6528K, reserved 1114112K
[5.647s][debug][gc,heap        ] GC(62)   class space    used 546K, committed 640K, reserved 1048576K
[5.673s][info ][gc,heap        ] GC(62) DefNew: 314521K(314560K)->34905K(314560K) Eden: 279616K(279616K)->0K(279616K) From: 34905K(34944K)->34905K(34944K)
[5.673s][info ][gc,heap        ] GC(62) Tenured: 335887K(699072K)->461407K(699072K)
[5.673s][info ][gc,metaspace   ] GC(62) Metaspace: 6360K(6528K)->6360K(6528K) NonClass: 5814K(5888K)->5814K(5888K) Class: 546K(640K)->546K(640K)
[5.673s][debug][gc,heap        ] GC(62) Heap after GC invocations=54 (full 9):
[5.673s][debug][gc,heap        ] GC(62)  def new generation   total 314560K, used 34905K [0x00000000c0000000, 0x00000000d5550000, 0x00000000d5550000)
[5.673s][debug][gc,heap        ] GC(62)   eden space 279616K,   0% used [0x00000000c0000000, 0x00000000c0000000, 0x00000000d1110000)
[5.673s][debug][gc,heap        ] GC(62)   from space 34944K,  99% used [0x00000000d3330000, 0x00000000d55465d0, 0x00000000d5550000)
[5.673s][debug][gc,heap        ] GC(62)   to   space 34944K,   0% used [0x00000000d1110000, 0x00000000d1110000, 0x00000000d3330000)
[5.673s][debug][gc,heap        ] GC(62)  tenured generation   total 699072K, used 461407K [0x00000000d5550000, 0x0000000100000000, 0x0000000100000000)
[5.673s][debug][gc,heap        ] GC(62)    the space 699072K,  66% used [0x00000000d5550000, 0x00000000f17e7db8, 0x00000000f17e7e00, 0x0000000100000000)
[5.673s][debug][gc,heap        ] GC(62)  Metaspace       used 6360K, committed 6528K, reserved 1114112K
[5.673s][debug][gc,heap        ] GC(62)   class space    used 546K, committed 640K, reserved 1048576K
[5.673s][info ][gc             ] GC(62) Pause Young (Allocation Failure) 635M->484M(989M) 25.693ms
[5.673s][info ][gc,cpu         ] GC(62) User=0.02s Sys=0.00s Real=0.03s
[5.673s][info ][safepoint      ] Safepoint "GenCollectForAllocation", Time since last: 37182596 ns, Reaching safepoint: 3300 ns, Cleanup: 4000 ns, At safepoint: 25718898 ns, Total: 25726198 ns
[5.707s][info ][gc,start       ] GC(63) Pause Young (Allocation Failure)
[5.707s][debug][gc,heap        ] GC(63) Heap before GC invocations=54 (full 9):
[5.707s][debug][gc,heap        ] GC(63)  def new generation   total 314560K, used 314521K [0x00000000c0000000, 0x00000000d5550000, 0x00000000d5550000)
[5.707s][debug][gc,heap        ] GC(63)   eden space 279616K, 100% used [0x00000000c0000000, 0x00000000d1110000, 0x00000000d1110000)
[5.707s][debug][gc,heap        ] GC(63)   from space 34944K,  99% used [0x00000000d3330000, 0x00000000d55465d0, 0x00000000d5550000)
[5.707s][debug][gc,heap        ] GC(63)   to   space 34944K,   0% used [0x00000000d1110000, 0x00000000d1110000, 0x00000000d3330000)
[5.707s][debug][gc,heap        ] GC(63)  tenured generation   total 699072K, used 461407K [0x00000000d5550000, 0x0000000100000000, 0x0000000100000000)
[5.707s][debug][gc,heap        ] GC(63)    the space 699072K,  66% used [0x00000000d5550000, 0x00000000f17e7db8, 0x00000000f17e7e00, 0x0000000100000000)
[5.707s][debug][gc,heap        ] GC(63)  Metaspace       used 6360K, committed 6528K, reserved 1114112K
[5.707s][debug][gc,heap        ] GC(63)   class space    used 546K, committed 640K, reserved 1048576K
[5.732s][info ][gc,heap        ] GC(63) DefNew: 314521K(314560K)->34905K(314560K) Eden: 279616K(279616K)->0K(279616K) From: 34905K(34944K)->34905K(34944K)
[5.732s][info ][gc,heap        ] GC(63) Tenured: 461407K(699072K)->585726K(699072K)
[5.732s][info ][gc,metaspace   ] GC(63) Metaspace: 6360K(6528K)->6360K(6528K) NonClass: 5814K(5888K)->5814K(5888K) Class: 546K(640K)->546K(640K)
[5.732s][debug][gc,heap        ] GC(63) Heap after GC invocations=55 (full 9):
[5.732s][debug][gc,heap        ] GC(63)  def new generation   total 314560K, used 34905K [0x00000000c0000000, 0x00000000d5550000, 0x00000000d5550000)
[5.733s][debug][gc,heap        ] GC(63)   eden space 279616K,   0% used [0x00000000c0000000, 0x00000000c0000000, 0x00000000d1110000)
[5.733s][debug][gc,heap        ] GC(63)   from space 34944K,  99% used [0x00000000d1110000, 0x00000000d33265d0, 0x00000000d3330000)
[5.733s][debug][gc,heap        ] GC(63)   to   space 34944K,   0% used [0x00000000d3330000, 0x00000000d3330000, 0x00000000d5550000)
[5.733s][debug][gc,heap        ] GC(63)  tenured generation   total 699072K, used 585726K [0x00000000d5550000, 0x0000000100000000, 0x0000000100000000)
[5.733s][debug][gc,heap        ] GC(63)    the space 699072K,  83% used [0x00000000d5550000, 0x00000000f914fb68, 0x00000000f914fc00, 0x0000000100000000)
[5.733s][debug][gc,heap        ] GC(63)  Metaspace       used 6360K, committed 6528K, reserved 1114112K
[5.733s][debug][gc,heap        ] GC(63)   class space    used 546K, committed 640K, reserved 1048576K
[5.733s][info ][gc             ] GC(63) Pause Young (Allocation Failure) 757M->606M(989M) 25.933ms
[5.733s][info ][gc,cpu         ] GC(63) User=0.02s Sys=0.00s Real=0.03s
[5.733s][info ][safepoint      ] Safepoint "GenCollectForAllocation", Time since last: 33776396 ns, Reaching safepoint: 3000 ns, Cleanup: 4200 ns, At safepoint: 25957597 ns, Total: 25964797 ns
[5.765s][info ][gc,start       ] GC(64) Pause Young (Allocation Failure)
[5.765s][debug][gc,heap        ] GC(64) Heap before GC invocations=55 (full 9):
[5.765s][debug][gc,heap        ] GC(64)  def new generation   total 314560K, used 314521K [0x00000000c0000000, 0x00000000d5550000, 0x00000000d5550000)
[5.765s][debug][gc,heap        ] GC(64)   eden space 279616K, 100% used [0x00000000c0000000, 0x00000000d1110000, 0x00000000d1110000)
[5.765s][debug][gc,heap        ] GC(64)   from space 34944K,  99% used [0x00000000d1110000, 0x00000000d33265d0, 0x00000000d3330000)
[5.765s][debug][gc,heap        ] GC(64)   to   space 34944K,   0% used [0x00000000d3330000, 0x00000000d3330000, 0x00000000d5550000)
[5.765s][debug][gc,heap        ] GC(64)  tenured generation   total 699072K, used 585726K [0x00000000d5550000, 0x0000000100000000, 0x0000000100000000)
[5.765s][debug][gc,heap        ] GC(64)    the space 699072K,  83% used [0x00000000d5550000, 0x00000000f914fb68, 0x00000000f914fc00, 0x0000000100000000)
[5.765s][debug][gc,heap        ] GC(64)  Metaspace       used 6360K, committed 6528K, reserved 1114112K
[5.765s][debug][gc,heap        ] GC(64)   class space    used 546K, committed 640K, reserved 1048576K
[5.765s][debug][gc,heap        ] GC(64) Heap after GC invocations=56 (full 9):
[5.765s][debug][gc,heap        ] GC(64)  def new generation   total 314560K, used 314521K [0x00000000c0000000, 0x00000000d5550000, 0x00000000d5550000)
[5.765s][debug][gc,heap        ] GC(64)   eden space 279616K, 100% used [0x00000000c0000000, 0x00000000d1110000, 0x00000000d1110000)
[5.765s][debug][gc,heap        ] GC(64)   from space 34944K,  99% used [0x00000000d1110000, 0x00000000d33265d0, 0x00000000d3330000)
[5.765s][debug][gc,heap        ] GC(64)   to   space 34944K,   0% used [0x00000000d3330000, 0x00000000d3330000, 0x00000000d5550000)
[5.765s][debug][gc,heap        ] GC(64)  tenured generation   total 699072K, used 585726K [0x00000000d5550000, 0x0000000100000000, 0x0000000100000000)
[5.765s][debug][gc,heap        ] GC(64)    the space 699072K,  83% used [0x00000000d5550000, 0x00000000f914fb68, 0x00000000f914fc00, 0x0000000100000000)
[5.765s][debug][gc,heap        ] GC(64)  Metaspace       used 6360K, committed 6528K, reserved 1114112K
[5.765s][debug][gc,heap        ] GC(64)   class space    used 546K, committed 640K, reserved 1048576K
[5.765s][info ][gc             ] GC(64) Pause Young (Allocation Failure) 879M->879M(989M) 0.088ms
[5.765s][info ][gc,cpu         ] GC(64) User=0.00s Sys=0.00s Real=0.00s
[5.765s][info ][gc,start       ] GC(65) Pause Full (Allocation Failure)
[5.765s][debug][gc,heap        ] GC(65) Heap before GC invocations=56 (full 9):
[5.765s][debug][gc,heap        ] GC(65)  def new generation   total 314560K, used 314521K [0x00000000c0000000, 0x00000000d5550000, 0x00000000d5550000)
[5.765s][debug][gc,heap        ] GC(65)   eden space 279616K, 100% used [0x00000000c0000000, 0x00000000d1110000, 0x00000000d1110000)
[5.765s][debug][gc,heap        ] GC(65)   from space 34944K,  99% used [0x00000000d1110000, 0x00000000d33265d0, 0x00000000d3330000)
[5.765s][debug][gc,heap        ] GC(65)   to   space 34944K,   0% used [0x00000000d3330000, 0x00000000d3330000, 0x00000000d5550000)
[5.765s][debug][gc,heap        ] GC(65)  tenured generation   total 699072K, used 585726K [0x00000000d5550000, 0x0000000100000000, 0x0000000100000000)
[5.765s][debug][gc,heap        ] GC(65)    the space 699072K,  83% used [0x00000000d5550000, 0x00000000f914fb68, 0x00000000f914fc00, 0x0000000100000000)
[5.765s][debug][gc,heap        ] GC(65)  Metaspace       used 6360K, committed 6528K, reserved 1114112K
[5.765s][debug][gc,heap        ] GC(65)   class space    used 546K, committed 640K, reserved 1048576K
[5.765s][info ][gc,phases,start] GC(65) Phase 1: Mark live objects
[5.766s][info ][gc,phases      ] GC(65) Phase 1: Mark live objects 0.901ms
[5.766s][info ][gc,phases,start] GC(65) Phase 2: Compute new object addresses
[5.767s][info ][gc,phases      ] GC(65) Phase 2: Compute new object addresses 1.284ms
[5.767s][info ][gc,phases,start] GC(65) Phase 3: Adjust pointers
[5.768s][info ][gc,phases      ] GC(65) Phase 3: Adjust pointers 0.604ms
[5.768s][info ][gc,phases,start] GC(65) Phase 4: Move objects
[5.800s][info ][gc,phases      ] GC(65) Phase 4: Move objects 31.558ms
[5.800s][info ][gc,heap        ] GC(65) DefNew: 314521K(314560K)->0K(314560K) Eden: 279616K(279616K)->0K(279616K) From: 34905K(34944K)->0K(34944K)
[5.800s][info ][gc,heap        ] GC(65) Tenured: 585726K(699072K)->200766K(699072K)
[5.800s][info ][gc,metaspace   ] GC(65) Metaspace: 6360K(6528K)->6360K(6528K) NonClass: 5814K(5888K)->5814K(5888K) Class: 546K(640K)->546K(640K)
[5.800s][debug][gc,heap        ] GC(65) Heap after GC invocations=56 (full 10):
[5.800s][debug][gc,heap        ] GC(65)  def new generation   total 314560K, used 0K [0x00000000c0000000, 0x00000000d5550000, 0x00000000d5550000)
[5.800s][debug][gc,heap        ] GC(65)   eden space 279616K,   0% used [0x00000000c0000000, 0x00000000c0000000, 0x00000000d1110000)
[5.800s][debug][gc,heap        ] GC(65)   from space 34944K,   0% used [0x00000000d1110000, 0x00000000d1110000, 0x00000000d3330000)
[5.800s][debug][gc,heap        ] GC(65)   to   space 34944K,   0% used [0x00000000d3330000, 0x00000000d3330000, 0x00000000d5550000)
[5.800s][debug][gc,heap        ] GC(65)  tenured generation   total 699072K, used 200766K [0x00000000d5550000, 0x0000000100000000, 0x0000000100000000)
[5.800s][debug][gc,heap        ] GC(65)    the space 699072K,  28% used [0x00000000d5550000, 0x00000000e195fad8, 0x00000000e195fc00, 0x0000000100000000)
[5.800s][debug][gc,heap        ] GC(65)  Metaspace       used 6360K, committed 6528K, reserved 1114112K
[5.800s][debug][gc,heap        ] GC(65)   class space    used 546K, committed 640K, reserved 1048576K
[5.800s][info ][gc             ] GC(65) Pause Full (Allocation Failure) 879M->196M(989M) 34.638ms
[5.800s][info ][gc,cpu         ] GC(65) User=0.03s Sys=0.00s Real=0.03s
[5.800s][info ][safepoint      ] Safepoint "GenCollectForAllocation", Time since last: 32369197 ns, Reaching safepoint: 3000 ns, Cleanup: 3600 ns, At safepoint: 34755796 ns, Total: 34762396 ns
[5.832s][info ][gc,start       ] GC(66) Pause Young (Allocation Failure)
[5.832s][debug][gc,heap        ] GC(66) Heap before GC invocations=56 (full 10):
[5.832s][debug][gc,heap        ] GC(66)  def new generation   total 314560K, used 279616K [0x00000000c0000000, 0x00000000d5550000, 0x00000000d5550000)
[5.832s][debug][gc,heap        ] GC(66)   eden space 279616K, 100% used [0x00000000c0000000, 0x00000000d1110000, 0x00000000d1110000)
[5.832s][debug][gc,heap        ] GC(66)   from space 34944K,   0% used [0x00000000d1110000, 0x00000000d1110000, 0x00000000d3330000)
[5.832s][debug][gc,heap        ] GC(66)   to   space 34944K,   0% used [0x00000000d3330000, 0x00000000d3330000, 0x00000000d5550000)
[5.832s][debug][gc,heap        ] GC(66)  tenured generation   total 699072K, used 200766K [0x00000000d5550000, 0x0000000100000000, 0x0000000100000000)
[5.832s][debug][gc,heap        ] GC(66)    the space 699072K,  28% used [0x00000000d5550000, 0x00000000e195fad8, 0x00000000e195fc00, 0x0000000100000000)
[5.832s][debug][gc,heap        ] GC(66)  Metaspace       used 6360K, committed 6528K, reserved 1114112K
[5.832s][debug][gc,heap        ] GC(66)   class space    used 546K, committed 640K, reserved 1048576K
[5.860s][info ][gc,heap        ] GC(66) DefNew: 279616K(314560K)->34905K(314560K) Eden: 279616K(279616K)->0K(279616K) From: 0K(34944K)->34905K(34944K)
[5.860s][info ][gc,heap        ] GC(66) Tenured: 200766K(699072K)->314984K(699072K)
[5.860s][info ][gc,metaspace   ] GC(66) Metaspace: 6360K(6528K)->6360K(6528K) NonClass: 5814K(5888K)->5814K(5888K) Class: 546K(640K)->546K(640K)
[5.860s][debug][gc,heap        ] GC(66) Heap after GC invocations=57 (full 10):
[5.860s][debug][gc,heap        ] GC(66)  def new generation   total 314560K, used 34905K [0x00000000c0000000, 0x00000000d5550000, 0x00000000d5550000)
[5.860s][debug][gc,heap        ] GC(66)   eden space 279616K,   0% used [0x00000000c0000000, 0x00000000c0000000, 0x00000000d1110000)
[5.860s][debug][gc,heap        ] GC(66)   from space 34944K,  99% used [0x00000000d3330000, 0x00000000d55465d0, 0x00000000d5550000)
[5.860s][debug][gc,heap        ] GC(66)   to   space 34944K,   0% used [0x00000000d1110000, 0x00000000d1110000, 0x00000000d3330000)
[5.860s][debug][gc,heap        ] GC(66)  tenured generation   total 699072K, used 314984K [0x00000000d5550000, 0x0000000100000000, 0x0000000100000000)
[5.860s][debug][gc,heap        ] GC(66)    the space 699072K,  45% used [0x00000000d5550000, 0x00000000e88ea238, 0x00000000e88ea400, 0x0000000100000000)
[5.860s][debug][gc,heap        ] GC(66)  Metaspace       used 6360K, committed 6528K, reserved 1114112K
[5.860s][debug][gc,heap        ] GC(66)   class space    used 546K, committed 640K, reserved 1048576K
[5.860s][info ][gc             ] GC(66) Pause Young (Allocation Failure) 469M->341M(989M) 27.430ms
[5.860s][info ][gc,cpu         ] GC(66) User=0.03s Sys=0.00s Real=0.02s
[5.860s][info ][safepoint      ] Safepoint "GenCollectForAllocation", Time since last: 32585197 ns, Reaching safepoint: 3200 ns, Cleanup: 3800 ns, At safepoint: 27456097 ns, Total: 27463097 ns
[5.892s][info ][gc,start       ] GC(67) Pause Young (Allocation Failure)
[5.892s][debug][gc,heap        ] GC(67) Heap before GC invocations=57 (full 10):
[5.892s][debug][gc,heap        ] GC(67)  def new generation   total 314560K, used 314521K [0x00000000c0000000, 0x00000000d5550000, 0x00000000d5550000)
[5.892s][debug][gc,heap        ] GC(67)   eden space 279616K, 100% used [0x00000000c0000000, 0x00000000d1110000, 0x00000000d1110000)
[5.892s][debug][gc,heap        ] GC(67)   from space 34944K,  99% used [0x00000000d3330000, 0x00000000d55465d0, 0x00000000d5550000)
[5.892s][debug][gc,heap        ] GC(67)   to   space 34944K,   0% used [0x00000000d1110000, 0x00000000d1110000, 0x00000000d3330000)
[5.892s][debug][gc,heap        ] GC(67)  tenured generation   total 699072K, used 314984K [0x00000000d5550000, 0x0000000100000000, 0x0000000100000000)
[5.892s][debug][gc,heap        ] GC(67)    the space 699072K,  45% used [0x00000000d5550000, 0x00000000e88ea238, 0x00000000e88ea400, 0x0000000100000000)
[5.892s][debug][gc,heap        ] GC(67)  Metaspace       used 6360K, committed 6528K, reserved 1114112K
[5.892s][debug][gc,heap        ] GC(67)   class space    used 546K, committed 640K, reserved 1048576K
[5.918s][info ][gc,heap        ] GC(67) DefNew: 314521K(314560K)->34905K(314560K) Eden: 279616K(279616K)->0K(279616K) From: 34905K(34944K)->34905K(34944K)
[5.918s][info ][gc,heap        ] GC(67) Tenured: 314984K(699072K)->437503K(699072K)
[5.918s][info ][gc,metaspace   ] GC(67) Metaspace: 6360K(6528K)->6360K(6528K) NonClass: 5814K(5888K)->5814K(5888K) Class: 546K(640K)->546K(640K)
[5.918s][debug][gc,heap        ] GC(67) Heap after GC invocations=58 (full 10):
[5.918s][debug][gc,heap        ] GC(67)  def new generation   total 314560K, used 34905K [0x00000000c0000000, 0x00000000d5550000, 0x00000000d5550000)
[5.918s][debug][gc,heap        ] GC(67)   eden space 279616K,   0% used [0x00000000c0000000, 0x00000000c0000000, 0x00000000d1110000)
[5.918s][debug][gc,heap        ] GC(67)   from space 34944K,  99% used [0x00000000d1110000, 0x00000000d33265d0, 0x00000000d3330000)
[5.918s][debug][gc,heap        ] GC(67)   to   space 34944K,   0% used [0x00000000d3330000, 0x00000000d3330000, 0x00000000d5550000)
[5.918s][debug][gc,heap        ] GC(67)  tenured generation   total 699072K, used 437503K [0x00000000d5550000, 0x0000000100000000, 0x0000000100000000)
[5.918s][debug][gc,heap        ] GC(67)    the space 699072K,  62% used [0x00000000d5550000, 0x00000000f008fec8, 0x00000000f0090000, 0x0000000100000000)
[5.918s][debug][gc,heap        ] GC(67)  Metaspace       used 6360K, committed 6528K, reserved 1114112K
[5.918s][debug][gc,heap        ] GC(67)   class space    used 546K, committed 640K, reserved 1048576K
[5.918s][info ][gc             ] GC(67) Pause Young (Allocation Failure) 614M->461M(989M) 25.425ms
[5.918s][info ][gc,cpu         ] GC(67) User=0.03s Sys=0.00s Real=0.02s
[5.918s][info ][safepoint      ] Safepoint "GenCollectForAllocation", Time since last: 32538196 ns, Reaching safepoint: 3000 ns, Cleanup: 3800 ns, At safepoint: 25450398 ns, Total: 25457198 ns
[5.949s][info ][gc,start       ] GC(68) Pause Young (Allocation Failure)
[5.949s][debug][gc,heap        ] GC(68) Heap before GC invocations=58 (full 10):
[5.949s][debug][gc,heap        ] GC(68)  def new generation   total 314560K, used 314521K [0x00000000c0000000, 0x00000000d5550000, 0x00000000d5550000)
[5.949s][debug][gc,heap        ] GC(68)   eden space 279616K, 100% used [0x00000000c0000000, 0x00000000d1110000, 0x00000000d1110000)
[5.949s][debug][gc,heap        ] GC(68)   from space 34944K,  99% used [0x00000000d1110000, 0x00000000d33265d0, 0x00000000d3330000)
[5.949s][debug][gc,heap        ] GC(68)   to   space 34944K,   0% used [0x00000000d3330000, 0x00000000d3330000, 0x00000000d5550000)
[5.949s][debug][gc,heap        ] GC(68)  tenured generation   total 699072K, used 437503K [0x00000000d5550000, 0x0000000100000000, 0x0000000100000000)
[5.949s][debug][gc,heap        ] GC(68)    the space 699072K,  62% used [0x00000000d5550000, 0x00000000f008fec8, 0x00000000f0090000, 0x0000000100000000)
[5.949s][debug][gc,heap        ] GC(68)  Metaspace       used 6360K, committed 6528K, reserved 1114112K
[5.949s][debug][gc,heap        ] GC(68)   class space    used 546K, committed 640K, reserved 1048576K
[5.975s][info ][gc,heap        ] GC(68) DefNew: 314521K(314560K)->34905K(314560K) Eden: 279616K(279616K)->0K(279616K) From: 34905K(34944K)->34905K(34944K)
[5.975s][info ][gc,heap        ] GC(68) Tenured: 437503K(699072K)->561523K(699072K)
[5.975s][info ][gc,metaspace   ] GC(68) Metaspace: 6360K(6528K)->6360K(6528K) NonClass: 5814K(5888K)->5814K(5888K) Class: 546K(640K)->546K(640K)
[5.975s][debug][gc,heap        ] GC(68) Heap after GC invocations=59 (full 10):
[5.975s][debug][gc,heap        ] GC(68)  def new generation   total 314560K, used 34905K [0x00000000c0000000, 0x00000000d5550000, 0x00000000d5550000)
[5.975s][debug][gc,heap        ] GC(68)   eden space 279616K,   0% used [0x00000000c0000000, 0x00000000c0000000, 0x00000000d1110000)
[5.975s][debug][gc,heap        ] GC(68)   from space 34944K,  99% used [0x00000000d3330000, 0x00000000d55465d0, 0x00000000d5550000)
[5.975s][debug][gc,heap        ] GC(68)   to   space 34944K,   0% used [0x00000000d1110000, 0x00000000d1110000, 0x00000000d3330000)
[5.975s][debug][gc,heap        ] GC(68)  tenured generation   total 699072K, used 561523K [0x00000000d5550000, 0x0000000100000000, 0x0000000100000000)
[5.975s][debug][gc,heap        ] GC(68)    the space 699072K,  80% used [0x00000000d5550000, 0x00000000f79acc48, 0x00000000f79ace00, 0x0000000100000000)
[5.975s][debug][gc,heap        ] GC(68)  Metaspace       used 6360K, committed 6528K, reserved 1114112K
[5.975s][debug][gc,heap        ] GC(68)   class space    used 546K, committed 640K, reserved 1048576K
[5.975s][info ][gc             ] GC(68) Pause Young (Allocation Failure) 734M->582M(989M) 26.089ms
[5.975s][info ][gc,cpu         ] GC(68) User=0.03s Sys=0.00s Real=0.03s
[5.975s][info ][safepoint      ] Safepoint "GenCollectForAllocation", Time since last: 31296696 ns, Reaching safepoint: 3000 ns, Cleanup: 3800 ns, At safepoint: 26117098 ns, Total: 26123898 ns
[6.007s][info ][gc,start       ] GC(69) Pause Young (Allocation Failure)
[6.007s][debug][gc,heap        ] GC(69) Heap before GC invocations=59 (full 10):
[6.007s][debug][gc,heap        ] GC(69)  def new generation   total 314560K, used 314521K [0x00000000c0000000, 0x00000000d5550000, 0x00000000d5550000)
[6.007s][debug][gc,heap        ] GC(69)   eden space 279616K, 100% used [0x00000000c0000000, 0x00000000d1110000, 0x00000000d1110000)
[6.007s][debug][gc,heap        ] GC(69)   from space 34944K,  99% used [0x00000000d3330000, 0x00000000d55465d0, 0x00000000d5550000)
[6.007s][debug][gc,heap        ] GC(69)   to   space 34944K,   0% used [0x00000000d1110000, 0x00000000d1110000, 0x00000000d3330000)
[6.007s][debug][gc,heap        ] GC(69)  tenured generation   total 699072K, used 561523K [0x00000000d5550000, 0x0000000100000000, 0x0000000100000000)
[6.007s][debug][gc,heap        ] GC(69)    the space 699072K,  80% used [0x00000000d5550000, 0x00000000f79acc48, 0x00000000f79ace00, 0x0000000100000000)
[6.007s][debug][gc,heap        ] GC(69)  Metaspace       used 6360K, committed 6528K, reserved 1114112K
[6.007s][debug][gc,heap        ] GC(69)   class space    used 546K, committed 640K, reserved 1048576K
[6.007s][debug][gc,heap        ] GC(69) Heap after GC invocations=60 (full 10):
[6.007s][debug][gc,heap        ] GC(69)  def new generation   total 314560K, used 314521K [0x00000000c0000000, 0x00000000d5550000, 0x00000000d5550000)
[6.007s][debug][gc,heap        ] GC(69)   eden space 279616K, 100% used [0x00000000c0000000, 0x00000000d1110000, 0x00000000d1110000)
[6.007s][debug][gc,heap        ] GC(69)   from space 34944K,  99% used [0x00000000d3330000, 0x00000000d55465d0, 0x00000000d5550000)
[6.007s][debug][gc,heap        ] GC(69)   to   space 34944K,   0% used [0x00000000d1110000, 0x00000000d1110000, 0x00000000d3330000)
[6.007s][debug][gc,heap        ] GC(69)  tenured generation   total 699072K, used 561523K [0x00000000d5550000, 0x0000000100000000, 0x0000000100000000)
[6.007s][debug][gc,heap        ] GC(69)    the space 699072K,  80% used [0x00000000d5550000, 0x00000000f79acc48, 0x00000000f79ace00, 0x0000000100000000)
[6.007s][debug][gc,heap        ] GC(69)  Metaspace       used 6360K, committed 6528K, reserved 1114112K
[6.007s][debug][gc,heap        ] GC(69)   class space    used 546K, committed 640K, reserved 1048576K
[6.007s][info ][gc             ] GC(69) Pause Young (Allocation Failure) 855M->855M(989M) 0.088ms
[6.007s][info ][gc,cpu         ] GC(69) User=0.00s Sys=0.00s Real=0.00s
[6.007s][info ][gc,start       ] GC(70) Pause Full (Allocation Failure)
[6.007s][debug][gc,heap        ] GC(70) Heap before GC invocations=60 (full 10):
[6.007s][debug][gc,heap        ] GC(70)  def new generation   total 314560K, used 314521K [0x00000000c0000000, 0x00000000d5550000, 0x00000000d5550000)
[6.007s][debug][gc,heap        ] GC(70)   eden space 279616K, 100% used [0x00000000c0000000, 0x00000000d1110000, 0x00000000d1110000)
[6.007s][debug][gc,heap        ] GC(70)   from space 34944K,  99% used [0x00000000d3330000, 0x00000000d55465d0, 0x00000000d5550000)
[6.007s][debug][gc,heap        ] GC(70)   to   space 34944K,   0% used [0x00000000d1110000, 0x00000000d1110000, 0x00000000d3330000)
[6.007s][debug][gc,heap        ] GC(70)  tenured generation   total 699072K, used 561523K [0x00000000d5550000, 0x0000000100000000, 0x0000000100000000)
[6.007s][debug][gc,heap        ] GC(70)    the space 699072K,  80% used [0x00000000d5550000, 0x00000000f79acc48, 0x00000000f79ace00, 0x0000000100000000)
[6.007s][debug][gc,heap        ] GC(70)  Metaspace       used 6360K, committed 6528K, reserved 1114112K
[6.007s][debug][gc,heap        ] GC(70)   class space    used 546K, committed 640K, reserved 1048576K
[6.007s][info ][gc,phases,start] GC(70) Phase 1: Mark live objects
[6.008s][info ][gc,phases      ] GC(70) Phase 1: Mark live objects 0.902ms
[6.008s][info ][gc,phases,start] GC(70) Phase 2: Compute new object addresses
[6.009s][info ][gc,phases      ] GC(70) Phase 2: Compute new object addresses 1.231ms
[6.009s][info ][gc,phases,start] GC(70) Phase 3: Adjust pointers
[6.010s][info ][gc,phases      ] GC(70) Phase 3: Adjust pointers 0.602ms
[6.010s][info ][gc,phases,start] GC(70) Phase 4: Move objects
[6.041s][info ][gc,phases      ] GC(70) Phase 4: Move objects 30.511ms
[6.041s][info ][gc,heap        ] GC(70) DefNew: 314521K(314560K)->0K(314560K) Eden: 279616K(279616K)->0K(279616K) From: 34905K(34944K)->0K(34944K)
[6.041s][info ][gc,heap        ] GC(70) Tenured: 561523K(699072K)->219569K(699072K)
[6.041s][info ][gc,metaspace   ] GC(70) Metaspace: 6360K(6528K)->6360K(6528K) NonClass: 5814K(5888K)->5814K(5888K) Class: 546K(640K)->546K(640K)
[6.041s][debug][gc,heap        ] GC(70) Heap after GC invocations=60 (full 11):
[6.041s][debug][gc,heap        ] GC(70)  def new generation   total 314560K, used 0K [0x00000000c0000000, 0x00000000d5550000, 0x00000000d5550000)
[6.041s][debug][gc,heap        ] GC(70)   eden space 279616K,   0% used [0x00000000c0000000, 0x00000000c0000000, 0x00000000d1110000)
[6.041s][debug][gc,heap        ] GC(70)   from space 34944K,   0% used [0x00000000d3330000, 0x00000000d3330000, 0x00000000d5550000)
[6.041s][debug][gc,heap        ] GC(70)   to   space 34944K,   0% used [0x00000000d1110000, 0x00000000d1110000, 0x00000000d3330000)
[6.041s][debug][gc,heap        ] GC(70)  tenured generation   total 699072K, used 219569K [0x00000000d5550000, 0x0000000100000000, 0x0000000100000000)
[6.041s][debug][gc,heap        ] GC(70)    the space 699072K,  31% used [0x00000000d5550000, 0x00000000e2bbc698, 0x00000000e2bbc800, 0x0000000100000000)
[6.041s][debug][gc,heap        ] GC(70)  Metaspace       used 6360K, committed 6528K, reserved 1114112K
[6.041s][debug][gc,heap        ] GC(70)   class space    used 546K, committed 640K, reserved 1048576K
[6.041s][info ][gc             ] GC(70) Pause Full (Allocation Failure) 855M->214M(989M) 33.524ms
[6.041s][info ][gc,cpu         ] GC(70) User=0.03s Sys=0.00s Real=0.04s
[6.041s][info ][safepoint      ] Safepoint "GenCollectForAllocation", Time since last: 31890596 ns, Reaching safepoint: 2800 ns, Cleanup: 3600 ns, At safepoint: 33644397 ns, Total: 33650797 ns
[6.074s][info ][gc,start       ] GC(71) Pause Young (Allocation Failure)
[6.074s][debug][gc,heap        ] GC(71) Heap before GC invocations=60 (full 11):
[6.074s][debug][gc,heap        ] GC(71)  def new generation   total 314560K, used 279616K [0x00000000c0000000, 0x00000000d5550000, 0x00000000d5550000)
[6.074s][debug][gc,heap        ] GC(71)   eden space 279616K, 100% used [0x00000000c0000000, 0x00000000d1110000, 0x00000000d1110000)
[6.074s][debug][gc,heap        ] GC(71)   from space 34944K,   0% used [0x00000000d3330000, 0x00000000d3330000, 0x00000000d5550000)
[6.074s][debug][gc,heap        ] GC(71)   to   space 34944K,   0% used [0x00000000d1110000, 0x00000000d1110000, 0x00000000d3330000)
[6.074s][debug][gc,heap        ] GC(71)  tenured generation   total 699072K, used 219569K [0x00000000d5550000, 0x0000000100000000, 0x0000000100000000)
[6.074s][debug][gc,heap        ] GC(71)    the space 699072K,  31% used [0x00000000d5550000, 0x00000000e2bbc698, 0x00000000e2bbc800, 0x0000000100000000)
[6.074s][debug][gc,heap        ] GC(71)  Metaspace       used 6360K, committed 6528K, reserved 1114112K
[6.074s][debug][gc,heap        ] GC(71)   class space    used 546K, committed 640K, reserved 1048576K
[6.097s][info ][gc,heap        ] GC(71) DefNew: 279616K(314560K)->34905K(314560K) Eden: 279616K(279616K)->0K(279616K) From: 0K(34944K)->34905K(34944K)
[6.097s][info ][gc,heap        ] GC(71) Tenured: 219569K(699072K)->331387K(699072K)
[6.097s][info ][gc,metaspace   ] GC(71) Metaspace: 6360K(6528K)->6360K(6528K) NonClass: 5814K(5888K)->5814K(5888K) Class: 546K(640K)->546K(640K)
[6.097s][debug][gc,heap        ] GC(71) Heap after GC invocations=61 (full 11):
[6.097s][debug][gc,heap        ] GC(71)  def new generation   total 314560K, used 34905K [0x00000000c0000000, 0x00000000d5550000, 0x00000000d5550000)
[6.097s][debug][gc,heap        ] GC(71)   eden space 279616K,   0% used [0x00000000c0000000, 0x00000000c0000000, 0x00000000d1110000)
[6.097s][debug][gc,heap        ] GC(71)   from space 34944K,  99% used [0x00000000d1110000, 0x00000000d33265d0, 0x00000000d3330000)
[6.098s][debug][gc,heap        ] GC(71)   to   space 34944K,   0% used [0x00000000d3330000, 0x00000000d3330000, 0x00000000d5550000)
[6.098s][debug][gc,heap        ] GC(71)  tenured generation   total 699072K, used 331387K [0x00000000d5550000, 0x0000000100000000, 0x0000000100000000)
[6.098s][debug][gc,heap        ] GC(71)    the space 699072K,  47% used [0x00000000d5550000, 0x00000000e98eec78, 0x00000000e98eee00, 0x0000000100000000)
[6.098s][debug][gc,heap        ] GC(71)  Metaspace       used 6360K, committed 6528K, reserved 1114112K
[6.098s][debug][gc,heap        ] GC(71)   class space    used 546K, committed 640K, reserved 1048576K
[6.098s][info ][gc             ] GC(71) Pause Young (Allocation Failure) 487M->357M(989M) 23.716ms
[6.098s][info ][gc,cpu         ] GC(71) User=0.03s Sys=0.00s Real=0.02s
[6.098s][info ][safepoint      ] Safepoint "GenCollectForAllocation", Time since last: 33054996 ns, Reaching safepoint: 3300 ns, Cleanup: 3700 ns, At safepoint: 23741298 ns, Total: 23748298 ns
[6.133s][info ][gc,start       ] GC(72) Pause Young (Allocation Failure)
[6.133s][debug][gc,heap        ] GC(72) Heap before GC invocations=61 (full 11):
[6.133s][debug][gc,heap        ] GC(72)  def new generation   total 314560K, used 314521K [0x00000000c0000000, 0x00000000d5550000, 0x00000000d5550000)
[6.133s][debug][gc,heap        ] GC(72)   eden space 279616K, 100% used [0x00000000c0000000, 0x00000000d1110000, 0x00000000d1110000)
[6.133s][debug][gc,heap        ] GC(72)   from space 34944K,  99% used [0x00000000d1110000, 0x00000000d33265d0, 0x00000000d3330000)
[6.133s][debug][gc,heap        ] GC(72)   to   space 34944K,   0% used [0x00000000d3330000, 0x00000000d3330000, 0x00000000d5550000)
[6.133s][debug][gc,heap        ] GC(72)  tenured generation   total 699072K, used 331387K [0x00000000d5550000, 0x0000000100000000, 0x0000000100000000)
[6.133s][debug][gc,heap        ] GC(72)    the space 699072K,  47% used [0x00000000d5550000, 0x00000000e98eec78, 0x00000000e98eee00, 0x0000000100000000)
[6.133s][debug][gc,heap        ] GC(72)  Metaspace       used 6360K, committed 6528K, reserved 1114112K
[6.133s][debug][gc,heap        ] GC(72)   class space    used 546K, committed 640K, reserved 1048576K
[6.159s][info ][gc,heap        ] GC(72) DefNew: 314521K(314560K)->34905K(314560K) Eden: 279616K(279616K)->0K(279616K) From: 34905K(34944K)->34905K(34944K)
[6.159s][info ][gc,heap        ] GC(72) Tenured: 331387K(699072K)->455406K(699072K)
[6.159s][info ][gc,metaspace   ] GC(72) Metaspace: 6360K(6528K)->6360K(6528K) NonClass: 5814K(5888K)->5814K(5888K) Class: 546K(640K)->546K(640K)
[6.159s][debug][gc,heap        ] GC(72) Heap after GC invocations=62 (full 11):
[6.159s][debug][gc,heap        ] GC(72)  def new generation   total 314560K, used 34905K [0x00000000c0000000, 0x00000000d5550000, 0x00000000d5550000)
[6.159s][debug][gc,heap        ] GC(72)   eden space 279616K,   0% used [0x00000000c0000000, 0x00000000c0000000, 0x00000000d1110000)
[6.159s][debug][gc,heap        ] GC(72)   from space 34944K,  99% used [0x00000000d3330000, 0x00000000d55465d0, 0x00000000d5550000)
[6.159s][debug][gc,heap        ] GC(72)   to   space 34944K,   0% used [0x00000000d1110000, 0x00000000d1110000, 0x00000000d3330000)
[6.159s][debug][gc,heap        ] GC(72)  tenured generation   total 699072K, used 455406K [0x00000000d5550000, 0x0000000100000000, 0x0000000100000000)
[6.159s][debug][gc,heap        ] GC(72)    the space 699072K,  65% used [0x00000000d5550000, 0x00000000f120b9f8, 0x00000000f120ba00, 0x0000000100000000)
[6.159s][debug][gc,heap        ] GC(72)  Metaspace       used 6360K, committed 6528K, reserved 1114112K
[6.159s][debug][gc,heap        ] GC(72)   class space    used 546K, committed 640K, reserved 1048576K
[6.159s][info ][gc             ] GC(72) Pause Young (Allocation Failure) 630M->478M(989M) 26.161ms
[6.159s][info ][gc,cpu         ] GC(72) User=0.03s Sys=0.00s Real=0.02s
[6.159s][info ][safepoint      ] Safepoint "GenCollectForAllocation", Time since last: 35040796 ns, Reaching safepoint: 3600 ns, Cleanup: 3900 ns, At safepoint: 26190497 ns, Total: 26197997 ns
[6.191s][info ][gc,start       ] GC(73) Pause Young (Allocation Failure)
[6.191s][debug][gc,heap        ] GC(73) Heap before GC invocations=62 (full 11):
[6.191s][debug][gc,heap        ] GC(73)  def new generation   total 314560K, used 314521K [0x00000000c0000000, 0x00000000d5550000, 0x00000000d5550000)
[6.191s][debug][gc,heap        ] GC(73)   eden space 279616K, 100% used [0x00000000c0000000, 0x00000000d1110000, 0x00000000d1110000)
[6.191s][debug][gc,heap        ] GC(73)   from space 34944K,  99% used [0x00000000d3330000, 0x00000000d55465d0, 0x00000000d5550000)
[6.191s][debug][gc,heap        ] GC(73)   to   space 34944K,   0% used [0x00000000d1110000, 0x00000000d1110000, 0x00000000d3330000)
[6.191s][debug][gc,heap        ] GC(73)  tenured generation   total 699072K, used 455406K [0x00000000d5550000, 0x0000000100000000, 0x0000000100000000)
[6.191s][debug][gc,heap        ] GC(73)    the space 699072K,  65% used [0x00000000d5550000, 0x00000000f120b9f8, 0x00000000f120ba00, 0x0000000100000000)
[6.191s][debug][gc,heap        ] GC(73)  Metaspace       used 6360K, committed 6528K, reserved 1114112K
[6.191s][debug][gc,heap        ] GC(73)   class space    used 546K, committed 640K, reserved 1048576K
[6.218s][info ][gc,heap        ] GC(73) DefNew: 314521K(314560K)->34905K(314560K) Eden: 279616K(279616K)->0K(279616K) From: 34905K(34944K)->34905K(34944K)
[6.218s][info ][gc,heap        ] GC(73) Tenured: 455406K(699072K)->581826K(699072K)
[6.218s][info ][gc,metaspace   ] GC(73) Metaspace: 6360K(6528K)->6360K(6528K) NonClass: 5814K(5888K)->5814K(5888K) Class: 546K(640K)->546K(640K)
[6.218s][debug][gc,heap        ] GC(73) Heap after GC invocations=63 (full 11):
[6.218s][debug][gc,heap        ] GC(73)  def new generation   total 314560K, used 34905K [0x00000000c0000000, 0x00000000d5550000, 0x00000000d5550000)
[6.218s][debug][gc,heap        ] GC(73)   eden space 279616K,   0% used [0x00000000c0000000, 0x00000000c0000000, 0x00000000d1110000)
[6.218s][debug][gc,heap        ] GC(73)   from space 34944K,  99% used [0x00000000d1110000, 0x00000000d33265d0, 0x00000000d3330000)
[6.218s][debug][gc,heap        ] GC(73)   to   space 34944K,   0% used [0x00000000d3330000, 0x00000000d3330000, 0x00000000d5550000)
[6.218s][debug][gc,heap        ] GC(73)  tenured generation   total 699072K, used 581826K [0x00000000d5550000, 0x0000000100000000, 0x0000000100000000)
[6.218s][debug][gc,heap        ] GC(73)    the space 699072K,  83% used [0x00000000d5550000, 0x00000000f8d808f8, 0x00000000f8d80a00, 0x0000000100000000)
[6.218s][debug][gc,heap        ] GC(73)  Metaspace       used 6360K, committed 6528K, reserved 1114112K
[6.218s][debug][gc,heap        ] GC(73)   class space    used 546K, committed 640K, reserved 1048576K
[6.218s][info ][gc             ] GC(73) Pause Young (Allocation Failure) 751M->602M(989M) 26.731ms
[6.218s][info ][gc,cpu         ] GC(73) User=0.03s Sys=0.00s Real=0.02s
[6.218s][info ][safepoint      ] Safepoint "GenCollectForAllocation", Time since last: 32204497 ns, Reaching safepoint: 3000 ns, Cleanup: 3700 ns, At safepoint: 26773397 ns, Total: 26780097 ns
[6.251s][info ][gc,start       ] GC(74) Pause Young (Allocation Failure)
[6.251s][debug][gc,heap        ] GC(74) Heap before GC invocations=63 (full 11):
[6.251s][debug][gc,heap        ] GC(74)  def new generation   total 314560K, used 314521K [0x00000000c0000000, 0x00000000d5550000, 0x00000000d5550000)
[6.251s][debug][gc,heap        ] GC(74)   eden space 279616K, 100% used [0x00000000c0000000, 0x00000000d1110000, 0x00000000d1110000)
[6.251s][debug][gc,heap        ] GC(74)   from space 34944K,  99% used [0x00000000d1110000, 0x00000000d33265d0, 0x00000000d3330000)
[6.251s][debug][gc,heap        ] GC(74)   to   space 34944K,   0% used [0x00000000d3330000, 0x00000000d3330000, 0x00000000d5550000)
[6.251s][debug][gc,heap        ] GC(74)  tenured generation   total 699072K, used 581826K [0x00000000d5550000, 0x0000000100000000, 0x0000000100000000)
[6.251s][debug][gc,heap        ] GC(74)    the space 699072K,  83% used [0x00000000d5550000, 0x00000000f8d808f8, 0x00000000f8d80a00, 0x0000000100000000)
[6.251s][debug][gc,heap        ] GC(74)  Metaspace       used 6360K, committed 6528K, reserved 1114112K
[6.251s][debug][gc,heap        ] GC(74)   class space    used 546K, committed 640K, reserved 1048576K
[6.251s][debug][gc,heap        ] GC(74) Heap after GC invocations=64 (full 11):
[6.251s][debug][gc,heap        ] GC(74)  def new generation   total 314560K, used 314521K [0x00000000c0000000, 0x00000000d5550000, 0x00000000d5550000)
[6.251s][debug][gc,heap        ] GC(74)   eden space 279616K, 100% used [0x00000000c0000000, 0x00000000d1110000, 0x00000000d1110000)
[6.251s][debug][gc,heap        ] GC(74)   from space 34944K,  99% used [0x00000000d1110000, 0x00000000d33265d0, 0x00000000d3330000)
[6.251s][debug][gc,heap        ] GC(74)   to   space 34944K,   0% used [0x00000000d3330000, 0x00000000d3330000, 0x00000000d5550000)
[6.251s][debug][gc,heap        ] GC(74)  tenured generation   total 699072K, used 581826K [0x00000000d5550000, 0x0000000100000000, 0x0000000100000000)
[6.251s][debug][gc,heap        ] GC(74)    the space 699072K,  83% used [0x00000000d5550000, 0x00000000f8d808f8, 0x00000000f8d80a00, 0x0000000100000000)
[6.251s][debug][gc,heap        ] GC(74)  Metaspace       used 6360K, committed 6528K, reserved 1114112K
[6.251s][debug][gc,heap        ] GC(74)   class space    used 546K, committed 640K, reserved 1048576K
[6.251s][info ][gc             ] GC(74) Pause Young (Allocation Failure) 875M->875M(989M) 0.149ms
[6.251s][info ][gc,cpu         ] GC(74) User=0.00s Sys=0.00s Real=0.00s
[6.251s][info ][gc,start       ] GC(75) Pause Full (Allocation Failure)
[6.251s][debug][gc,heap        ] GC(75) Heap before GC invocations=64 (full 11):
[6.251s][debug][gc,heap        ] GC(75)  def new generation   total 314560K, used 314521K [0x00000000c0000000, 0x00000000d5550000, 0x00000000d5550000)
[6.251s][debug][gc,heap        ] GC(75)   eden space 279616K, 100% used [0x00000000c0000000, 0x00000000d1110000, 0x00000000d1110000)
[6.251s][debug][gc,heap        ] GC(75)   from space 34944K,  99% used [0x00000000d1110000, 0x00000000d33265d0, 0x00000000d3330000)
[6.251s][debug][gc,heap        ] GC(75)   to   space 34944K,   0% used [0x00000000d3330000, 0x00000000d3330000, 0x00000000d5550000)
[6.251s][debug][gc,heap        ] GC(75)  tenured generation   total 699072K, used 581826K [0x00000000d5550000, 0x0000000100000000, 0x0000000100000000)
[6.251s][debug][gc,heap        ] GC(75)    the space 699072K,  83% used [0x00000000d5550000, 0x00000000f8d808f8, 0x00000000f8d80a00, 0x0000000100000000)
[6.251s][debug][gc,heap        ] GC(75)  Metaspace       used 6360K, committed 6528K, reserved 1114112K
[6.251s][debug][gc,heap        ] GC(75)   class space    used 546K, committed 640K, reserved 1048576K
[6.251s][info ][gc,phases,start] GC(75) Phase 1: Mark live objects
[6.252s][info ][gc,phases      ] GC(75) Phase 1: Mark live objects 0.916ms
[6.252s][info ][gc,phases,start] GC(75) Phase 2: Compute new object addresses
[6.254s][info ][gc,phases      ] GC(75) Phase 2: Compute new object addresses 1.210ms
[6.254s][info ][gc,phases,start] GC(75) Phase 3: Adjust pointers
[6.254s][info ][gc,phases      ] GC(75) Phase 3: Adjust pointers 0.611ms
[6.254s][info ][gc,phases,start] GC(75) Phase 4: Move objects
[6.285s][info ][gc,phases      ] GC(75) Phase 4: Move objects 30.839ms
[6.285s][info ][gc,heap        ] GC(75) DefNew: 314521K(314560K)->0K(314560K) Eden: 279616K(279616K)->0K(279616K) From: 34905K(34944K)->0K(34944K)
[6.285s][info ][gc,heap        ] GC(75) Tenured: 581826K(699072K)->200766K(699072K)
[6.285s][info ][gc,metaspace   ] GC(75) Metaspace: 6360K(6528K)->6360K(6528K) NonClass: 5814K(5888K)->5814K(5888K) Class: 546K(640K)->546K(640K)
[6.285s][debug][gc,heap        ] GC(75) Heap after GC invocations=64 (full 12):
[6.285s][debug][gc,heap        ] GC(75)  def new generation   total 314560K, used 0K [0x00000000c0000000, 0x00000000d5550000, 0x00000000d5550000)
[6.285s][debug][gc,heap        ] GC(75)   eden space 279616K,   0% used [0x00000000c0000000, 0x00000000c0000000, 0x00000000d1110000)
[6.285s][debug][gc,heap        ] GC(75)   from space 34944K,   0% used [0x00000000d1110000, 0x00000000d1110000, 0x00000000d3330000)
[6.285s][debug][gc,heap        ] GC(75)   to   space 34944K,   0% used [0x00000000d3330000, 0x00000000d3330000, 0x00000000d5550000)
[6.285s][debug][gc,heap        ] GC(75)  tenured generation   total 699072K, used 200766K [0x00000000d5550000, 0x0000000100000000, 0x0000000100000000)
[6.285s][debug][gc,heap        ] GC(75)    the space 699072K,  28% used [0x00000000d5550000, 0x00000000e195fad8, 0x00000000e195fc00, 0x0000000100000000)
[6.285s][debug][gc,heap        ] GC(75)  Metaspace       used 6360K, committed 6528K, reserved 1114112K
[6.285s][debug][gc,heap        ] GC(75)   class space    used 546K, committed 640K, reserved 1048576K
[6.285s][info ][gc             ] GC(75) Pause Full (Allocation Failure) 875M->196M(989M) 33.881ms
[6.285s][info ][gc,cpu         ] GC(75) User=0.04s Sys=0.00s Real=0.03s
[6.285s][info ][safepoint      ] Safepoint "GenCollectForAllocation", Time since last: 33452996 ns, Reaching safepoint: 3200 ns, Cleanup: 3900 ns, At safepoint: 34063797 ns, Total: 34070897 ns
[6.318s][info ][gc,start       ] GC(76) Pause Young (Allocation Failure)
[6.318s][debug][gc,heap        ] GC(76) Heap before GC invocations=64 (full 12):
[6.318s][debug][gc,heap        ] GC(76)  def new generation   total 314560K, used 279616K [0x00000000c0000000, 0x00000000d5550000, 0x00000000d5550000)
[6.318s][debug][gc,heap        ] GC(76)   eden space 279616K, 100% used [0x00000000c0000000, 0x00000000d1110000, 0x00000000d1110000)
[6.318s][debug][gc,heap        ] GC(76)   from space 34944K,   0% used [0x00000000d1110000, 0x00000000d1110000, 0x00000000d3330000)
[6.318s][debug][gc,heap        ] GC(76)   to   space 34944K,   0% used [0x00000000d3330000, 0x00000000d3330000, 0x00000000d5550000)
[6.318s][debug][gc,heap        ] GC(76)  tenured generation   total 699072K, used 200766K [0x00000000d5550000, 0x0000000100000000, 0x0000000100000000)
[6.318s][debug][gc,heap        ] GC(76)    the space 699072K,  28% used [0x00000000d5550000, 0x00000000e195fad8, 0x00000000e195fc00, 0x0000000100000000)
[6.318s][debug][gc,heap        ] GC(76)  Metaspace       used 6360K, committed 6528K, reserved 1114112K
[6.318s][debug][gc,heap        ] GC(76)   class space    used 546K, committed 640K, reserved 1048576K
[6.342s][info ][gc,heap        ] GC(76) DefNew: 279616K(314560K)->34905K(314560K) Eden: 279616K(279616K)->0K(279616K) From: 0K(34944K)->34905K(34944K)
[6.342s][info ][gc,heap        ] GC(76) Tenured: 200766K(699072K)->313184K(699072K)
[6.342s][info ][gc,metaspace   ] GC(76) Metaspace: 6360K(6528K)->6360K(6528K) NonClass: 5814K(5888K)->5814K(5888K) Class: 546K(640K)->546K(640K)
[6.342s][debug][gc,heap        ] GC(76) Heap after GC invocations=65 (full 12):
[6.342s][debug][gc,heap        ] GC(76)  def new generation   total 314560K, used 34905K [0x00000000c0000000, 0x00000000d5550000, 0x00000000d5550000)
[6.342s][debug][gc,heap        ] GC(76)   eden space 279616K,   0% used [0x00000000c0000000, 0x00000000c0000000, 0x00000000d1110000)
[6.342s][debug][gc,heap        ] GC(76)   from space 34944K,  99% used [0x00000000d3330000, 0x00000000d55465d0, 0x00000000d5550000)
[6.342s][debug][gc,heap        ] GC(76)   to   space 34944K,   0% used [0x00000000d1110000, 0x00000000d1110000, 0x00000000d3330000)
[6.342s][debug][gc,heap        ] GC(76)  tenured generation   total 699072K, used 313184K [0x00000000d5550000, 0x0000000100000000, 0x0000000100000000)
[6.342s][debug][gc,heap        ] GC(76)    the space 699072K,  44% used [0x00000000d5550000, 0x00000000e8728118, 0x00000000e8728200, 0x0000000100000000)
[6.342s][debug][gc,heap        ] GC(76)  Metaspace       used 6360K, committed 6528K, reserved 1114112K
[6.342s][debug][gc,heap        ] GC(76)   class space    used 546K, committed 640K, reserved 1048576K
[6.342s][info ][gc             ] GC(76) Pause Young (Allocation Failure) 469M->339M(989M) 23.895ms
[6.342s][info ][gc,cpu         ] GC(76) User=0.02s Sys=0.00s Real=0.03s
[6.342s][info ][safepoint      ] Safepoint "GenCollectForAllocation", Time since last: 33064996 ns, Reaching safepoint: 3500 ns, Cleanup: 3700 ns, At safepoint: 23920498 ns, Total: 23927698 ns
[6.374s][info ][gc,start       ] GC(77) Pause Young (Allocation Failure)
[6.374s][debug][gc,heap        ] GC(77) Heap before GC invocations=65 (full 12):
[6.374s][debug][gc,heap        ] GC(77)  def new generation   total 314560K, used 314521K [0x00000000c0000000, 0x00000000d5550000, 0x00000000d5550000)
[6.374s][debug][gc,heap        ] GC(77)   eden space 279616K, 100% used [0x00000000c0000000, 0x00000000d1110000, 0x00000000d1110000)
[6.374s][debug][gc,heap        ] GC(77)   from space 34944K,  99% used [0x00000000d3330000, 0x00000000d55465d0, 0x00000000d5550000)
[6.374s][debug][gc,heap        ] GC(77)   to   space 34944K,   0% used [0x00000000d1110000, 0x00000000d1110000, 0x00000000d3330000)
[6.374s][debug][gc,heap        ] GC(77)  tenured generation   total 699072K, used 313184K [0x00000000d5550000, 0x0000000100000000, 0x0000000100000000)
[6.374s][debug][gc,heap        ] GC(77)    the space 699072K,  44% used [0x00000000d5550000, 0x00000000e8728118, 0x00000000e8728200, 0x0000000100000000)
[6.374s][debug][gc,heap        ] GC(77)  Metaspace       used 6360K, committed 6528K, reserved 1114112K
[6.374s][debug][gc,heap        ] GC(77)   class space    used 546K, committed 640K, reserved 1048576K
[6.399s][info ][gc,heap        ] GC(77) DefNew: 314521K(314560K)->34905K(314560K) Eden: 279616K(279616K)->0K(279616K) From: 34905K(34944K)->34905K(34944K)
[6.399s][info ][gc,heap        ] GC(77) Tenured: 313184K(699072K)->435903K(699072K)
[6.399s][info ][gc,metaspace   ] GC(77) Metaspace: 6360K(6528K)->6360K(6528K) NonClass: 5814K(5888K)->5814K(5888K) Class: 546K(640K)->546K(640K)
[6.399s][debug][gc,heap        ] GC(77) Heap after GC invocations=66 (full 12):
[6.399s][debug][gc,heap        ] GC(77)  def new generation   total 314560K, used 34905K [0x00000000c0000000, 0x00000000d5550000, 0x00000000d5550000)
[6.399s][debug][gc,heap        ] GC(77)   eden space 279616K,   0% used [0x00000000c0000000, 0x00000000c0000000, 0x00000000d1110000)
[6.399s][debug][gc,heap        ] GC(77)   from space 34944K,  99% used [0x00000000d1110000, 0x00000000d33265d0, 0x00000000d3330000)
[6.399s][debug][gc,heap        ] GC(77)   to   space 34944K,   0% used [0x00000000d3330000, 0x00000000d3330000, 0x00000000d5550000)
[6.399s][debug][gc,heap        ] GC(77)  tenured generation   total 699072K, used 435903K [0x00000000d5550000, 0x0000000100000000, 0x0000000100000000)
[6.399s][debug][gc,heap        ] GC(77)    the space 699072K,  62% used [0x00000000d5550000, 0x00000000efeffdc8, 0x00000000efeffe00, 0x0000000100000000)
[6.399s][debug][gc,heap        ] GC(77)  Metaspace       used 6360K, committed 6528K, reserved 1114112K
[6.400s][debug][gc,heap        ] GC(77)   class space    used 546K, committed 640K, reserved 1048576K
[6.400s][info ][gc             ] GC(77) Pause Young (Allocation Failure) 612M->459M(989M) 25.173ms
[6.400s][info ][gc,cpu         ] GC(77) User=0.02s Sys=0.00s Real=0.02s
[6.400s][info ][safepoint      ] Safepoint "GenCollectForAllocation", Time since last: 32047296 ns, Reaching safepoint: 3000 ns, Cleanup: 3700 ns, At safepoint: 25196198 ns, Total: 25202898 ns
[6.432s][info ][gc,start       ] GC(78) Pause Young (Allocation Failure)
[6.432s][debug][gc,heap        ] GC(78) Heap before GC invocations=66 (full 12):
[6.432s][debug][gc,heap        ] GC(78)  def new generation   total 314560K, used 314521K [0x00000000c0000000, 0x00000000d5550000, 0x00000000d5550000)
[6.432s][debug][gc,heap        ] GC(78)   eden space 279616K, 100% used [0x00000000c0000000, 0x00000000d1110000, 0x00000000d1110000)
[6.432s][debug][gc,heap        ] GC(78)   from space 34944K,  99% used [0x00000000d1110000, 0x00000000d33265d0, 0x00000000d3330000)
[6.432s][debug][gc,heap        ] GC(78)   to   space 34944K,   0% used [0x00000000d3330000, 0x00000000d3330000, 0x00000000d5550000)
[6.432s][debug][gc,heap        ] GC(78)  tenured generation   total 699072K, used 435903K [0x00000000d5550000, 0x0000000100000000, 0x0000000100000000)
[6.432s][debug][gc,heap        ] GC(78)    the space 699072K,  62% used [0x00000000d5550000, 0x00000000efeffdc8, 0x00000000efeffe00, 0x0000000100000000)
[6.432s][debug][gc,heap        ] GC(78)  Metaspace       used 6360K, committed 6528K, reserved 1114112K
[6.432s][debug][gc,heap        ] GC(78)   class space    used 546K, committed 640K, reserved 1048576K
[6.457s][info ][gc,heap        ] GC(78) DefNew: 314521K(314560K)->34905K(314560K) Eden: 279616K(279616K)->0K(279616K) From: 34905K(34944K)->34905K(34944K)
[6.457s][info ][gc,heap        ] GC(78) Tenured: 435903K(699072K)->559222K(699072K)
[6.457s][info ][gc,metaspace   ] GC(78) Metaspace: 6360K(6528K)->6360K(6528K) NonClass: 5814K(5888K)->5814K(5888K) Class: 546K(640K)->546K(640K)
[6.457s][debug][gc,heap        ] GC(78) Heap after GC invocations=67 (full 12):
[6.457s][debug][gc,heap        ] GC(78)  def new generation   total 314560K, used 34905K [0x00000000c0000000, 0x00000000d5550000, 0x00000000d5550000)
[6.457s][debug][gc,heap        ] GC(78)   eden space 279616K,   0% used [0x00000000c0000000, 0x00000000c0000000, 0x00000000d1110000)
[6.457s][debug][gc,heap        ] GC(78)   from space 34944K,  99% used [0x00000000d3330000, 0x00000000d55465d0, 0x00000000d5550000)
[6.457s][debug][gc,heap        ] GC(78)   to   space 34944K,   0% used [0x00000000d1110000, 0x00000000d1110000, 0x00000000d3330000)
[6.457s][debug][gc,heap        ] GC(78)  tenured generation   total 699072K, used 559222K [0x00000000d5550000, 0x0000000100000000, 0x0000000100000000)
[6.457s][debug][gc,heap        ] GC(78)    the space 699072K,  79% used [0x00000000d5550000, 0x00000000f776dad8, 0x00000000f776dc00, 0x0000000100000000)
[6.457s][debug][gc,heap        ] GC(78)  Metaspace       used 6360K, committed 6528K, reserved 1114112K
[6.457s][debug][gc,heap        ] GC(78)   class space    used 546K, committed 640K, reserved 1048576K
[6.457s][info ][gc             ] GC(78) Pause Young (Allocation Failure) 732M->580M(989M) 25.604ms
[6.457s][info ][gc,cpu         ] GC(78) User=0.03s Sys=0.00s Real=0.02s
[6.457s][info ][safepoint      ] Safepoint "GenCollectForAllocation", Time since last: 32074696 ns, Reaching safepoint: 3000 ns, Cleanup: 3700 ns, At safepoint: 25628997 ns, Total: 25635697 ns
[6.493s][info ][gc,start       ] GC(79) Pause Young (Allocation Failure)
[6.493s][debug][gc,heap        ] GC(79) Heap before GC invocations=67 (full 12):
[6.493s][debug][gc,heap        ] GC(79)  def new generation   total 314560K, used 314521K [0x00000000c0000000, 0x00000000d5550000, 0x00000000d5550000)
[6.493s][debug][gc,heap        ] GC(79)   eden space 279616K, 100% used [0x00000000c0000000, 0x00000000d1110000, 0x00000000d1110000)
[6.493s][debug][gc,heap        ] GC(79)   from space 34944K,  99% used [0x00000000d3330000, 0x00000000d55465d0, 0x00000000d5550000)
[6.493s][debug][gc,heap        ] GC(79)   to   space 34944K,   0% used [0x00000000d1110000, 0x00000000d1110000, 0x00000000d3330000)
[6.493s][debug][gc,heap        ] GC(79)  tenured generation   total 699072K, used 559222K [0x00000000d5550000, 0x0000000100000000, 0x0000000100000000)
[6.493s][debug][gc,heap        ] GC(79)    the space 699072K,  79% used [0x00000000d5550000, 0x00000000f776dad8, 0x00000000f776dc00, 0x0000000100000000)
[6.493s][debug][gc,heap        ] GC(79)  Metaspace       used 6360K, committed 6528K, reserved 1114112K
[6.493s][debug][gc,heap        ] GC(79)   class space    used 546K, committed 640K, reserved 1048576K
[6.493s][debug][gc,heap        ] GC(79) Heap after GC invocations=68 (full 12):
[6.493s][debug][gc,heap        ] GC(79)  def new generation   total 314560K, used 314521K [0x00000000c0000000, 0x00000000d5550000, 0x00000000d5550000)
[6.493s][debug][gc,heap        ] GC(79)   eden space 279616K, 100% used [0x00000000c0000000, 0x00000000d1110000, 0x00000000d1110000)
[6.493s][debug][gc,heap        ] GC(79)   from space 34944K,  99% used [0x00000000d3330000, 0x00000000d55465d0, 0x00000000d5550000)
[6.493s][debug][gc,heap        ] GC(79)   to   space 34944K,   0% used [0x00000000d1110000, 0x00000000d1110000, 0x00000000d3330000)
[6.493s][debug][gc,heap        ] GC(79)  tenured generation   total 699072K, used 559222K [0x00000000d5550000, 0x0000000100000000, 0x0000000100000000)
[6.493s][debug][gc,heap        ] GC(79)    the space 699072K,  79% used [0x00000000d5550000, 0x00000000f776dad8, 0x00000000f776dc00, 0x0000000100000000)
[6.493s][debug][gc,heap        ] GC(79)  Metaspace       used 6360K, committed 6528K, reserved 1114112K
[6.493s][debug][gc,heap        ] GC(79)   class space    used 546K, committed 640K, reserved 1048576K
[6.493s][info ][gc             ] GC(79) Pause Young (Allocation Failure) 853M->853M(989M) 0.197ms
[6.493s][info ][gc,cpu         ] GC(79) User=0.00s Sys=0.00s Real=0.00s
[6.493s][info ][gc,start       ] GC(80) Pause Full (Allocation Failure)
[6.493s][debug][gc,heap        ] GC(80) Heap before GC invocations=68 (full 12):
[6.493s][debug][gc,heap        ] GC(80)  def new generation   total 314560K, used 314521K [0x00000000c0000000, 0x00000000d5550000, 0x00000000d5550000)
[6.493s][debug][gc,heap        ] GC(80)   eden space 279616K, 100% used [0x00000000c0000000, 0x00000000d1110000, 0x00000000d1110000)
[6.493s][debug][gc,heap        ] GC(80)   from space 34944K,  99% used [0x00000000d3330000, 0x00000000d55465d0, 0x00000000d5550000)
[6.493s][debug][gc,heap        ] GC(80)   to   space 34944K,   0% used [0x00000000d1110000, 0x00000000d1110000, 0x00000000d3330000)
[6.493s][debug][gc,heap        ] GC(80)  tenured generation   total 699072K, used 559222K [0x00000000d5550000, 0x0000000100000000, 0x0000000100000000)
[6.493s][debug][gc,heap        ] GC(80)    the space 699072K,  79% used [0x00000000d5550000, 0x00000000f776dad8, 0x00000000f776dc00, 0x0000000100000000)
[6.493s][debug][gc,heap        ] GC(80)  Metaspace       used 6360K, committed 6528K, reserved 1114112K
[6.493s][debug][gc,heap        ] GC(80)   class space    used 546K, committed 640K, reserved 1048576K
[6.493s][info ][gc,phases,start] GC(80) Phase 1: Mark live objects
[6.494s][info ][gc,phases      ] GC(80) Phase 1: Mark live objects 1.140ms
[6.494s][info ][gc,phases,start] GC(80) Phase 2: Compute new object addresses
[6.496s][info ][gc,phases      ] GC(80) Phase 2: Compute new object addresses 1.656ms
[6.496s][info ][gc,phases,start] GC(80) Phase 3: Adjust pointers
[6.497s][info ][gc,phases      ] GC(80) Phase 3: Adjust pointers 1.037ms
[6.497s][info ][gc,phases,start] GC(80) Phase 4: Move objects
[6.541s][info ][gc,phases      ] GC(80) Phase 4: Move objects 43.816ms
[6.541s][info ][gc,heap        ] GC(80) DefNew: 314521K(314560K)->0K(314560K) Eden: 279616K(279616K)->0K(279616K) From: 34905K(34944K)->0K(34944K)
[6.541s][info ][gc,heap        ] GC(80) Tenured: 559222K(699072K)->230171K(699072K)
[6.541s][info ][gc,metaspace   ] GC(80) Metaspace: 6360K(6528K)->6360K(6528K) NonClass: 5814K(5888K)->5814K(5888K) Class: 546K(640K)->546K(640K)
[6.541s][debug][gc,heap        ] GC(80) Heap after GC invocations=68 (full 13):
[6.541s][debug][gc,heap        ] GC(80)  def new generation   total 314560K, used 0K [0x00000000c0000000, 0x00000000d5550000, 0x00000000d5550000)
[6.541s][debug][gc,heap        ] GC(80)   eden space 279616K,   0% used [0x00000000c0000000, 0x00000000c0000000, 0x00000000d1110000)
[6.541s][debug][gc,heap        ] GC(80)   from space 34944K,   0% used [0x00000000d3330000, 0x00000000d3330000, 0x00000000d5550000)
[6.541s][debug][gc,heap        ] GC(80)   to   space 34944K,   0% used [0x00000000d1110000, 0x00000000d1110000, 0x00000000d3330000)
[6.541s][debug][gc,heap        ] GC(80)  tenured generation   total 699072K, used 230171K [0x00000000d5550000, 0x0000000100000000, 0x0000000100000000)
[6.541s][debug][gc,heap        ] GC(80)    the space 699072K,  32% used [0x00000000d5550000, 0x00000000e3616d38, 0x00000000e3616e00, 0x0000000100000000)
[6.541s][debug][gc,heap        ] GC(80)  Metaspace       used 6360K, committed 6528K, reserved 1114112K
[6.541s][debug][gc,heap        ] GC(80)   class space    used 546K, committed 640K, reserved 1048576K
[6.541s][info ][gc             ] GC(80) Pause Full (Allocation Failure) 853M->224M(989M) 47.984ms
[6.541s][info ][gc,cpu         ] GC(80) User=0.05s Sys=0.00s Real=0.05s
[6.541s][info ][safepoint      ] Safepoint "GenCollectForAllocation", Time since last: 35372397 ns, Reaching safepoint: 5400 ns, Cleanup: 5000 ns, At safepoint: 48232295 ns, Total: 48242695 ns
[6.580s][info ][gc,start       ] GC(81) Pause Young (Allocation Failure)
[6.580s][debug][gc,heap        ] GC(81) Heap before GC invocations=68 (full 13):
[6.580s][debug][gc,heap        ] GC(81)  def new generation   total 314560K, used 279616K [0x00000000c0000000, 0x00000000d5550000, 0x00000000d5550000)
[6.580s][debug][gc,heap        ] GC(81)   eden space 279616K, 100% used [0x00000000c0000000, 0x00000000d1110000, 0x00000000d1110000)
[6.580s][debug][gc,heap        ] GC(81)   from space 34944K,   0% used [0x00000000d3330000, 0x00000000d3330000, 0x00000000d5550000)
[6.580s][debug][gc,heap        ] GC(81)   to   space 34944K,   0% used [0x00000000d1110000, 0x00000000d1110000, 0x00000000d3330000)
[6.580s][debug][gc,heap        ] GC(81)  tenured generation   total 699072K, used 230171K [0x00000000d5550000, 0x0000000100000000, 0x0000000100000000)
[6.580s][debug][gc,heap        ] GC(81)    the space 699072K,  32% used [0x00000000d5550000, 0x00000000e3616d38, 0x00000000e3616e00, 0x0000000100000000)
[6.580s][debug][gc,heap        ] GC(81)  Metaspace       used 6360K, committed 6528K, reserved 1114112K
[6.580s][debug][gc,heap        ] GC(81)   class space    used 546K, committed 640K, reserved 1048576K
[6.608s][info ][gc,heap        ] GC(81) DefNew: 279616K(314560K)->34905K(314560K) Eden: 279616K(279616K)->0K(279616K) From: 0K(34944K)->34905K(34944K)
[6.608s][info ][gc,heap        ] GC(81) Tenured: 230171K(699072K)->342888K(699072K)
[6.609s][info ][gc,metaspace   ] GC(81) Metaspace: 6360K(6528K)->6360K(6528K) NonClass: 5814K(5888K)->5814K(5888K) Class: 546K(640K)->546K(640K)
[6.609s][debug][gc,heap        ] GC(81) Heap after GC invocations=69 (full 13):
[6.609s][debug][gc,heap        ] GC(81)  def new generation   total 314560K, used 34905K [0x00000000c0000000, 0x00000000d5550000, 0x00000000d5550000)
[6.609s][debug][gc,heap        ] GC(81)   eden space 279616K,   0% used [0x00000000c0000000, 0x00000000c0000000, 0x00000000d1110000)
[6.609s][debug][gc,heap        ] GC(81)   from space 34944K,  99% used [0x00000000d1110000, 0x00000000d33265d0, 0x00000000d3330000)
[6.609s][debug][gc,heap        ] GC(81)   to   space 34944K,   0% used [0x00000000d3330000, 0x00000000d3330000, 0x00000000d5550000)
[6.609s][debug][gc,heap        ] GC(81)  tenured generation   total 699072K, used 342888K [0x00000000d5550000, 0x0000000100000000, 0x0000000100000000)
[6.609s][debug][gc,heap        ] GC(81)    the space 699072K,  49% used [0x00000000d5550000, 0x00000000ea42a3a8, 0x00000000ea42a400, 0x0000000100000000)
[6.609s][debug][gc,heap        ] GC(81)  Metaspace       used 6360K, committed 6528K, reserved 1114112K
[6.609s][debug][gc,heap        ] GC(81)   class space    used 546K, committed 640K, reserved 1048576K
[6.609s][info ][gc             ] GC(81) Pause Young (Allocation Failure) 497M->368M(989M) 28.410ms
[6.609s][info ][gc,cpu         ] GC(81) User=0.03s Sys=0.00s Real=0.03s
[6.609s][info ][safepoint      ] Safepoint "GenCollectForAllocation", Time since last: 39265095 ns, Reaching safepoint: 3800 ns, Cleanup: 3800 ns, At safepoint: 28436697 ns, Total: 28444297 ns
[6.659s][info ][gc,start       ] GC(82) Pause Young (Allocation Failure)
[6.659s][debug][gc,heap        ] GC(82) Heap before GC invocations=69 (full 13):
[6.659s][debug][gc,heap        ] GC(82)  def new generation   total 314560K, used 314521K [0x00000000c0000000, 0x00000000d5550000, 0x00000000d5550000)
[6.659s][debug][gc,heap        ] GC(82)   eden space 279616K, 100% used [0x00000000c0000000, 0x00000000d1110000, 0x00000000d1110000)
[6.659s][debug][gc,heap        ] GC(82)   from space 34944K,  99% used [0x00000000d1110000, 0x00000000d33265d0, 0x00000000d3330000)
[6.659s][debug][gc,heap        ] GC(82)   to   space 34944K,   0% used [0x00000000d3330000, 0x00000000d3330000, 0x00000000d5550000)
[6.659s][debug][gc,heap        ] GC(82)  tenured generation   total 699072K, used 342888K [0x00000000d5550000, 0x0000000100000000, 0x0000000100000000)
[6.659s][debug][gc,heap        ] GC(82)    the space 699072K,  49% used [0x00000000d5550000, 0x00000000ea42a3a8, 0x00000000ea42a400, 0x0000000100000000)
[6.659s][debug][gc,heap        ] GC(82)  Metaspace       used 6360K, committed 6528K, reserved 1114112K
[6.659s][debug][gc,heap        ] GC(82)   class space    used 546K, committed 640K, reserved 1048576K
[6.690s][info ][gc,heap        ] GC(82) DefNew: 314521K(314560K)->34905K(314560K) Eden: 279616K(279616K)->0K(279616K) From: 34905K(34944K)->34905K(34944K)
[6.690s][info ][gc,heap        ] GC(82) Tenured: 342888K(699072K)->466108K(699072K)
[6.690s][info ][gc,metaspace   ] GC(82) Metaspace: 6360K(6528K)->6360K(6528K) NonClass: 5814K(5888K)->5814K(5888K) Class: 546K(640K)->546K(640K)
[6.690s][debug][gc,heap        ] GC(82) Heap after GC invocations=70 (full 13):
[6.690s][debug][gc,heap        ] GC(82)  def new generation   total 314560K, used 34905K [0x00000000c0000000, 0x00000000d5550000, 0x00000000d5550000)
[6.690s][debug][gc,heap        ] GC(82)   eden space 279616K,   0% used [0x00000000c0000000, 0x00000000c0000000, 0x00000000d1110000)
[6.690s][debug][gc,heap        ] GC(82)   from space 34944K,  99% used [0x00000000d3330000, 0x00000000d55465d0, 0x00000000d5550000)
[6.690s][debug][gc,heap        ] GC(82)   to   space 34944K,   0% used [0x00000000d1110000, 0x00000000d1110000, 0x00000000d3330000)
[6.690s][debug][gc,heap        ] GC(82)  tenured generation   total 699072K, used 466108K [0x00000000d5550000, 0x0000000100000000, 0x0000000100000000)
[6.690s][debug][gc,heap        ] GC(82)    the space 699072K,  66% used [0x00000000d5550000, 0x00000000f1c7f0a8, 0x00000000f1c7f200, 0x0000000100000000)
[6.690s][debug][gc,heap        ] GC(82)  Metaspace       used 6360K, committed 6528K, reserved 1114112K
[6.690s][debug][gc,heap        ] GC(82)   class space    used 546K, committed 640K, reserved 1048576K
[6.690s][info ][gc             ] GC(82) Pause Young (Allocation Failure) 642M->489M(989M) 30.974ms
[6.690s][info ][gc,cpu         ] GC(82) User=0.03s Sys=0.00s Real=0.03s
[6.690s][info ][safepoint      ] Safepoint "GenCollectForAllocation", Time since last: 50343995 ns, Reaching safepoint: 3700 ns, Cleanup: 4000 ns, At safepoint: 31000997 ns, Total: 31008697 ns
[6.730s][info ][gc,start       ] GC(83) Pause Young (Allocation Failure)
[6.730s][debug][gc,heap        ] GC(83) Heap before GC invocations=70 (full 13):
[6.730s][debug][gc,heap        ] GC(83)  def new generation   total 314560K, used 314521K [0x00000000c0000000, 0x00000000d5550000, 0x00000000d5550000)
[6.730s][debug][gc,heap        ] GC(83)   eden space 279616K, 100% used [0x00000000c0000000, 0x00000000d1110000, 0x00000000d1110000)
[6.730s][debug][gc,heap        ] GC(83)   from space 34944K,  99% used [0x00000000d3330000, 0x00000000d55465d0, 0x00000000d5550000)
[6.730s][debug][gc,heap        ] GC(83)   to   space 34944K,   0% used [0x00000000d1110000, 0x00000000d1110000, 0x00000000d3330000)
[6.730s][debug][gc,heap        ] GC(83)  tenured generation   total 699072K, used 466108K [0x00000000d5550000, 0x0000000100000000, 0x0000000100000000)
[6.730s][debug][gc,heap        ] GC(83)    the space 699072K,  66% used [0x00000000d5550000, 0x00000000f1c7f0a8, 0x00000000f1c7f200, 0x0000000100000000)
[6.730s][debug][gc,heap        ] GC(83)  Metaspace       used 6360K, committed 6528K, reserved 1114112K
[6.730s][debug][gc,heap        ] GC(83)   class space    used 546K, committed 640K, reserved 1048576K
[6.758s][info ][gc,heap        ] GC(83) DefNew: 314521K(314560K)->34905K(314560K) Eden: 279616K(279616K)->0K(279616K) From: 34905K(34944K)->34905K(34944K)
[6.758s][info ][gc,heap        ] GC(83) Tenured: 466108K(699072K)->589527K(699072K)
[6.758s][info ][gc,metaspace   ] GC(83) Metaspace: 6360K(6528K)->6360K(6528K) NonClass: 5814K(5888K)->5814K(5888K) Class: 546K(640K)->546K(640K)
[6.758s][debug][gc,heap        ] GC(83) Heap after GC invocations=71 (full 13):
[6.758s][debug][gc,heap        ] GC(83)  def new generation   total 314560K, used 34905K [0x00000000c0000000, 0x00000000d5550000, 0x00000000d5550000)
[6.758s][debug][gc,heap        ] GC(83)   eden space 279616K,   0% used [0x00000000c0000000, 0x00000000c0000000, 0x00000000d1110000)
[6.758s][debug][gc,heap        ] GC(83)   from space 34944K,  99% used [0x00000000d1110000, 0x00000000d33265d0, 0x00000000d3330000)
[6.758s][debug][gc,heap        ] GC(83)   to   space 34944K,   0% used [0x00000000d3330000, 0x00000000d3330000, 0x00000000d5550000)
[6.758s][debug][gc,heap        ] GC(83)  tenured generation   total 699072K, used 589527K [0x00000000d5550000, 0x0000000100000000, 0x0000000100000000)
[6.758s][debug][gc,heap        ] GC(83)    the space 699072K,  84% used [0x00000000d5550000, 0x00000000f9505dc8, 0x00000000f9505e00, 0x0000000100000000)
[6.758s][debug][gc,heap        ] GC(83)  Metaspace       used 6360K, committed 6528K, reserved 1114112K
[6.758s][debug][gc,heap        ] GC(83)   class space    used 546K, committed 640K, reserved 1048576K
[6.758s][info ][gc             ] GC(83) Pause Young (Allocation Failure) 762M->609M(989M) 27.480ms
[6.758s][info ][gc,cpu         ] GC(83) User=0.03s Sys=0.00s Real=0.03s
[6.758s][info ][safepoint      ] Safepoint "GenCollectForAllocation", Time since last: 40252396 ns, Reaching safepoint: 3400 ns, Cleanup: 3800 ns, At safepoint: 27505097 ns, Total: 27512297 ns
[6.790s][info ][gc,start       ] GC(84) Pause Young (Allocation Failure)
[6.790s][debug][gc,heap        ] GC(84) Heap before GC invocations=71 (full 13):
[6.790s][debug][gc,heap        ] GC(84)  def new generation   total 314560K, used 314521K [0x00000000c0000000, 0x00000000d5550000, 0x00000000d5550000)
[6.790s][debug][gc,heap        ] GC(84)   eden space 279616K, 100% used [0x00000000c0000000, 0x00000000d1110000, 0x00000000d1110000)
[6.790s][debug][gc,heap        ] GC(84)   from space 34944K,  99% used [0x00000000d1110000, 0x00000000d33265d0, 0x00000000d3330000)
[6.790s][debug][gc,heap        ] GC(84)   to   space 34944K,   0% used [0x00000000d3330000, 0x00000000d3330000, 0x00000000d5550000)
[6.790s][debug][gc,heap        ] GC(84)  tenured generation   total 699072K, used 589527K [0x00000000d5550000, 0x0000000100000000, 0x0000000100000000)
[6.790s][debug][gc,heap        ] GC(84)    the space 699072K,  84% used [0x00000000d5550000, 0x00000000f9505dc8, 0x00000000f9505e00, 0x0000000100000000)
[6.790s][debug][gc,heap        ] GC(84)  Metaspace       used 6360K, committed 6528K, reserved 1114112K
[6.790s][debug][gc,heap        ] GC(84)   class space    used 546K, committed 640K, reserved 1048576K
[6.790s][debug][gc,heap        ] GC(84) Heap after GC invocations=72 (full 13):
[6.790s][debug][gc,heap        ] GC(84)  def new generation   total 314560K, used 314521K [0x00000000c0000000, 0x00000000d5550000, 0x00000000d5550000)
[6.790s][debug][gc,heap        ] GC(84)   eden space 279616K, 100% used [0x00000000c0000000, 0x00000000d1110000, 0x00000000d1110000)
[6.790s][debug][gc,heap        ] GC(84)   from space 34944K,  99% used [0x00000000d1110000, 0x00000000d33265d0, 0x00000000d3330000)
[6.790s][debug][gc,heap        ] GC(84)   to   space 34944K,   0% used [0x00000000d3330000, 0x00000000d3330000, 0x00000000d5550000)
[6.790s][debug][gc,heap        ] GC(84)  tenured generation   total 699072K, used 589527K [0x00000000d5550000, 0x0000000100000000, 0x0000000100000000)
[6.790s][debug][gc,heap        ] GC(84)    the space 699072K,  84% used [0x00000000d5550000, 0x00000000f9505dc8, 0x00000000f9505e00, 0x0000000100000000)
[6.790s][debug][gc,heap        ] GC(84)  Metaspace       used 6360K, committed 6528K, reserved 1114112K
[6.790s][debug][gc,heap        ] GC(84)   class space    used 546K, committed 640K, reserved 1048576K
[6.790s][info ][gc             ] GC(84) Pause Young (Allocation Failure) 882M->882M(989M) 0.140ms
[6.790s][info ][gc,cpu         ] GC(84) User=0.00s Sys=0.00s Real=0.01s
[6.790s][info ][gc,start       ] GC(85) Pause Full (Allocation Failure)
[6.790s][debug][gc,heap        ] GC(85) Heap before GC invocations=72 (full 13):
[6.790s][debug][gc,heap        ] GC(85)  def new generation   total 314560K, used 314521K [0x00000000c0000000, 0x00000000d5550000, 0x00000000d5550000)
[6.790s][debug][gc,heap        ] GC(85)   eden space 279616K, 100% used [0x00000000c0000000, 0x00000000d1110000, 0x00000000d1110000)
[6.790s][debug][gc,heap        ] GC(85)   from space 34944K,  99% used [0x00000000d1110000, 0x00000000d33265d0, 0x00000000d3330000)
[6.790s][debug][gc,heap        ] GC(85)   to   space 34944K,   0% used [0x00000000d3330000, 0x00000000d3330000, 0x00000000d5550000)
[6.790s][debug][gc,heap        ] GC(85)  tenured generation   total 699072K, used 589527K [0x00000000d5550000, 0x0000000100000000, 0x0000000100000000)
[6.790s][debug][gc,heap        ] GC(85)    the space 699072K,  84% used [0x00000000d5550000, 0x00000000f9505dc8, 0x00000000f9505e00, 0x0000000100000000)
[6.790s][debug][gc,heap        ] GC(85)  Metaspace       used 6360K, committed 6528K, reserved 1114112K
[6.790s][debug][gc,heap        ] GC(85)   class space    used 546K, committed 640K, reserved 1048576K
[6.790s][info ][gc,phases,start] GC(85) Phase 1: Mark live objects
[6.791s][info ][gc,phases      ] GC(85) Phase 1: Mark live objects 0.879ms
[6.791s][info ][gc,phases,start] GC(85) Phase 2: Compute new object addresses
[6.793s][info ][gc,phases      ] GC(85) Phase 2: Compute new object addresses 1.226ms
[6.793s][info ][gc,phases,start] GC(85) Phase 3: Adjust pointers
[6.793s][info ][gc,phases      ] GC(85) Phase 3: Adjust pointers 0.591ms
[6.793s][info ][gc,phases,start] GC(85) Phase 4: Move objects
[6.825s][info ][gc,phases      ] GC(85) Phase 4: Move objects 31.779ms
[6.825s][info ][gc,heap        ] GC(85) DefNew: 314521K(314560K)->0K(314560K) Eden: 279616K(279616K)->0K(279616K) From: 34905K(34944K)->0K(34944K)
[6.825s][info ][gc,heap        ] GC(85) Tenured: 589527K(699072K)->200766K(699072K)
[6.825s][info ][gc,metaspace   ] GC(85) Metaspace: 6360K(6528K)->6360K(6528K) NonClass: 5814K(5888K)->5814K(5888K) Class: 546K(640K)->546K(640K)
[6.825s][debug][gc,heap        ] GC(85) Heap after GC invocations=72 (full 14):
[6.825s][debug][gc,heap        ] GC(85)  def new generation   total 314560K, used 0K [0x00000000c0000000, 0x00000000d5550000, 0x00000000d5550000)
[6.825s][debug][gc,heap        ] GC(85)   eden space 279616K,   0% used [0x00000000c0000000, 0x00000000c0000000, 0x00000000d1110000)
[6.825s][debug][gc,heap        ] GC(85)   from space 34944K,   0% used [0x00000000d1110000, 0x00000000d1110000, 0x00000000d3330000)
[6.825s][debug][gc,heap        ] GC(85)   to   space 34944K,   0% used [0x00000000d3330000, 0x00000000d3330000, 0x00000000d5550000)
[6.825s][debug][gc,heap        ] GC(85)  tenured generation   total 699072K, used 200766K [0x00000000d5550000, 0x0000000100000000, 0x0000000100000000)
[6.825s][debug][gc,heap        ] GC(85)    the space 699072K,  28% used [0x00000000d5550000, 0x00000000e195fad8, 0x00000000e195fc00, 0x0000000100000000)
[6.825s][debug][gc,heap        ] GC(85)  Metaspace       used 6360K, committed 6528K, reserved 1114112K
[6.825s][debug][gc,heap        ] GC(85)   class space    used 546K, committed 640K, reserved 1048576K
[6.825s][info ][gc             ] GC(85) Pause Full (Allocation Failure) 882M->196M(989M) 34.924ms
[6.825s][info ][gc,cpu         ] GC(85) User=0.03s Sys=0.01s Real=0.03s
[6.825s][info ][safepoint      ] Safepoint "GenCollectForAllocation", Time since last: 32567596 ns, Reaching safepoint: 3500 ns, Cleanup: 3500 ns, At safepoint: 35098296 ns, Total: 35105296 ns
[6.859s][info ][gc,start       ] GC(86) Pause Young (Allocation Failure)
[6.859s][debug][gc,heap        ] GC(86) Heap before GC invocations=72 (full 14):
[6.859s][debug][gc,heap        ] GC(86)  def new generation   total 314560K, used 279616K [0x00000000c0000000, 0x00000000d5550000, 0x00000000d5550000)
[6.859s][debug][gc,heap        ] GC(86)   eden space 279616K, 100% used [0x00000000c0000000, 0x00000000d1110000, 0x00000000d1110000)
[6.859s][debug][gc,heap        ] GC(86)   from space 34944K,   0% used [0x00000000d1110000, 0x00000000d1110000, 0x00000000d3330000)
[6.859s][debug][gc,heap        ] GC(86)   to   space 34944K,   0% used [0x00000000d3330000, 0x00000000d3330000, 0x00000000d5550000)
[6.859s][debug][gc,heap        ] GC(86)  tenured generation   total 699072K, used 200766K [0x00000000d5550000, 0x0000000100000000, 0x0000000100000000)
[6.859s][debug][gc,heap        ] GC(86)    the space 699072K,  28% used [0x00000000d5550000, 0x00000000e195fad8, 0x00000000e195fc00, 0x0000000100000000)
[6.859s][debug][gc,heap        ] GC(86)  Metaspace       used 6360K, committed 6528K, reserved 1114112K
[6.859s][debug][gc,heap        ] GC(86)   class space    used 546K, committed 640K, reserved 1048576K
[6.888s][info ][gc,heap        ] GC(86) DefNew: 279616K(314560K)->34905K(314560K) Eden: 279616K(279616K)->0K(279616K) From: 0K(34944K)->34905K(34944K)
[6.888s][info ][gc,heap        ] GC(86) Tenured: 200766K(699072K)->317184K(699072K)
[6.888s][info ][gc,metaspace   ] GC(86) Metaspace: 6360K(6528K)->6360K(6528K) NonClass: 5814K(5888K)->5814K(5888K) Class: 546K(640K)->546K(640K)
[6.888s][debug][gc,heap        ] GC(86) Heap after GC invocations=73 (full 14):
[6.888s][debug][gc,heap        ] GC(86)  def new generation   total 314560K, used 34905K [0x00000000c0000000, 0x00000000d5550000, 0x00000000d5550000)
[6.888s][debug][gc,heap        ] GC(86)   eden space 279616K,   0% used [0x00000000c0000000, 0x00000000c0000000, 0x00000000d1110000)
[6.888s][debug][gc,heap        ] GC(86)   from space 34944K,  99% used [0x00000000d3330000, 0x00000000d55465d0, 0x00000000d5550000)
[6.888s][debug][gc,heap        ] GC(86)   to   space 34944K,   0% used [0x00000000d1110000, 0x00000000d1110000, 0x00000000d3330000)
[6.888s][debug][gc,heap        ] GC(86)  tenured generation   total 699072K, used 317184K [0x00000000d5550000, 0x0000000100000000, 0x0000000100000000)
[6.888s][debug][gc,heap        ] GC(86)    the space 699072K,  45% used [0x00000000d5550000, 0x00000000e8b10398, 0x00000000e8b10400, 0x0000000100000000)
[6.888s][debug][gc,heap        ] GC(86)  Metaspace       used 6360K, committed 6528K, reserved 1114112K
[6.888s][debug][gc,heap        ] GC(86)   class space    used 546K, committed 640K, reserved 1048576K
[6.888s][info ][gc             ] GC(86) Pause Young (Allocation Failure) 469M->343M(989M) 29.719ms
[6.888s][info ][gc,cpu         ] GC(86) User=0.03s Sys=0.00s Real=0.03s
[6.888s][info ][safepoint      ] Safepoint "GenCollectForAllocation", Time since last: 33180597 ns, Reaching safepoint: 3200 ns, Cleanup: 4000 ns, At safepoint: 29744497 ns, Total: 29751697 ns
[6.927s][info ][gc,start       ] GC(87) Pause Young (Allocation Failure)
[6.927s][debug][gc,heap        ] GC(87) Heap before GC invocations=73 (full 14):
[6.927s][debug][gc,heap        ] GC(87)  def new generation   total 314560K, used 314521K [0x00000000c0000000, 0x00000000d5550000, 0x00000000d5550000)
[6.927s][debug][gc,heap        ] GC(87)   eden space 279616K, 100% used [0x00000000c0000000, 0x00000000d1110000, 0x00000000d1110000)
[6.927s][debug][gc,heap        ] GC(87)   from space 34944K,  99% used [0x00000000d3330000, 0x00000000d55465d0, 0x00000000d5550000)
[6.927s][debug][gc,heap        ] GC(87)   to   space 34944K,   0% used [0x00000000d1110000, 0x00000000d1110000, 0x00000000d3330000)
[6.927s][debug][gc,heap        ] GC(87)  tenured generation   total 699072K, used 317184K [0x00000000d5550000, 0x0000000100000000, 0x0000000100000000)
[6.927s][debug][gc,heap        ] GC(87)    the space 699072K,  45% used [0x00000000d5550000, 0x00000000e8b10398, 0x00000000e8b10400, 0x0000000100000000)
[6.927s][debug][gc,heap        ] GC(87)  Metaspace       used 6360K, committed 6528K, reserved 1114112K
[6.927s][debug][gc,heap        ] GC(87)   class space    used 546K, committed 640K, reserved 1048576K
[6.952s][info ][gc,heap        ] GC(87) DefNew: 314521K(314560K)->34905K(314560K) Eden: 279616K(279616K)->0K(279616K) From: 34905K(34944K)->34905K(34944K)
[6.952s][info ][gc,heap        ] GC(87) Tenured: 317184K(699072K)->441704K(699072K)
[6.952s][info ][gc,metaspace   ] GC(87) Metaspace: 6360K(6528K)->6360K(6528K) NonClass: 5814K(5888K)->5814K(5888K) Class: 546K(640K)->546K(640K)
[6.952s][debug][gc,heap        ] GC(87) Heap after GC invocations=74 (full 14):
[6.952s][debug][gc,heap        ] GC(87)  def new generation   total 314560K, used 34905K [0x00000000c0000000, 0x00000000d5550000, 0x00000000d5550000)
[6.952s][debug][gc,heap        ] GC(87)   eden space 279616K,   0% used [0x00000000c0000000, 0x00000000c0000000, 0x00000000d1110000)
[6.952s][debug][gc,heap        ] GC(87)   from space 34944K,  99% used [0x00000000d1110000, 0x00000000d33265d0, 0x00000000d3330000)
[6.952s][debug][gc,heap        ] GC(87)   to   space 34944K,   0% used [0x00000000d3330000, 0x00000000d3330000, 0x00000000d5550000)
[6.952s][debug][gc,heap        ] GC(87)  tenured generation   total 699072K, used 441704K [0x00000000d5550000, 0x0000000100000000, 0x0000000100000000)
[6.952s][debug][gc,heap        ] GC(87)    the space 699072K,  63% used [0x00000000d5550000, 0x00000000f04aa168, 0x00000000f04aa200, 0x0000000100000000)
[6.952s][debug][gc,heap        ] GC(87)  Metaspace       used 6360K, committed 6528K, reserved 1114112K
[6.952s][debug][gc,heap        ] GC(87)   class space    used 546K, committed 640K, reserved 1048576K
[6.952s][info ][gc             ] GC(87) Pause Young (Allocation Failure) 616M->465M(989M) 25.838ms
[6.952s][info ][gc,cpu         ] GC(87) User=0.02s Sys=0.00s Real=0.03s
[6.952s][info ][safepoint      ] Safepoint "GenCollectForAllocation", Time since last: 38325696 ns, Reaching safepoint: 4100 ns, Cleanup: 3900 ns, At safepoint: 25862997 ns, Total: 25870997 ns
[6.984s][info ][gc,start       ] GC(88) Pause Young (Allocation Failure)
[6.984s][debug][gc,heap        ] GC(88) Heap before GC invocations=74 (full 14):
[6.984s][debug][gc,heap        ] GC(88)  def new generation   total 314560K, used 314521K [0x00000000c0000000, 0x00000000d5550000, 0x00000000d5550000)
[6.984s][debug][gc,heap        ] GC(88)   eden space 279616K, 100% used [0x00000000c0000000, 0x00000000d1110000, 0x00000000d1110000)
[6.984s][debug][gc,heap        ] GC(88)   from space 34944K,  99% used [0x00000000d1110000, 0x00000000d33265d0, 0x00000000d3330000)
[6.984s][debug][gc,heap        ] GC(88)   to   space 34944K,   0% used [0x00000000d3330000, 0x00000000d3330000, 0x00000000d5550000)
[6.984s][debug][gc,heap        ] GC(88)  tenured generation   total 699072K, used 441704K [0x00000000d5550000, 0x0000000100000000, 0x0000000100000000)
[6.984s][debug][gc,heap        ] GC(88)    the space 699072K,  63% used [0x00000000d5550000, 0x00000000f04aa168, 0x00000000f04aa200, 0x0000000100000000)
[6.984s][debug][gc,heap        ] GC(88)  Metaspace       used 6360K, committed 6528K, reserved 1114112K
[6.984s][debug][gc,heap        ] GC(88)   class space    used 546K, committed 640K, reserved 1048576K
[7.009s][info ][gc,heap        ] GC(88) DefNew: 314521K(314560K)->34905K(314560K) Eden: 279616K(279616K)->0K(279616K) From: 34905K(34944K)->34905K(34944K)
[7.009s][info ][gc,heap        ] GC(88) Tenured: 441704K(699072K)->565623K(699072K)
[7.010s][info ][gc,metaspace   ] GC(88) Metaspace: 6360K(6528K)->6360K(6528K) NonClass: 5814K(5888K)->5814K(5888K) Class: 546K(640K)->546K(640K)
[7.010s][debug][gc,heap        ] GC(88) Heap after GC invocations=75 (full 14):
[7.010s][debug][gc,heap        ] GC(88)  def new generation   total 314560K, used 34905K [0x00000000c0000000, 0x00000000d5550000, 0x00000000d5550000)
[7.010s][debug][gc,heap        ] GC(88)   eden space 279616K,   0% used [0x00000000c0000000, 0x00000000c0000000, 0x00000000d1110000)
[7.010s][debug][gc,heap        ] GC(88)   from space 34944K,  99% used [0x00000000d3330000, 0x00000000d55465d0, 0x00000000d5550000)
[7.010s][debug][gc,heap        ] GC(88)   to   space 34944K,   0% used [0x00000000d1110000, 0x00000000d1110000, 0x00000000d3330000)
[7.010s][debug][gc,heap        ] GC(88)  tenured generation   total 699072K, used 565623K [0x00000000d5550000, 0x0000000100000000, 0x0000000100000000)
[7.010s][debug][gc,heap        ] GC(88)    the space 699072K,  80% used [0x00000000d5550000, 0x00000000f7daded8, 0x00000000f7dae000, 0x0000000100000000)
[7.010s][debug][gc,heap        ] GC(88)  Metaspace       used 6360K, committed 6528K, reserved 1114112K
[7.010s][debug][gc,heap        ] GC(88)   class space    used 546K, committed 640K, reserved 1048576K
[7.010s][info ][gc             ] GC(88) Pause Young (Allocation Failure) 738M->586M(989M) 25.471ms
[7.010s][info ][gc,cpu         ] GC(88) User=0.02s Sys=0.00s Real=0.02s
[7.010s][info ][safepoint      ] Safepoint "GenCollectForAllocation", Time since last: 31663997 ns, Reaching safepoint: 3000 ns, Cleanup: 3400 ns, At safepoint: 25498997 ns, Total: 25505397 ns
[7.041s][info ][gc,start       ] GC(89) Pause Young (Allocation Failure)
[7.041s][debug][gc,heap        ] GC(89) Heap before GC invocations=75 (full 14):
[7.041s][debug][gc,heap        ] GC(89)  def new generation   total 314560K, used 314521K [0x00000000c0000000, 0x00000000d5550000, 0x00000000d5550000)
[7.041s][debug][gc,heap        ] GC(89)   eden space 279616K, 100% used [0x00000000c0000000, 0x00000000d1110000, 0x00000000d1110000)
[7.041s][debug][gc,heap        ] GC(89)   from space 34944K,  99% used [0x00000000d3330000, 0x00000000d55465d0, 0x00000000d5550000)
[7.041s][debug][gc,heap        ] GC(89)   to   space 34944K,   0% used [0x00000000d1110000, 0x00000000d1110000, 0x00000000d3330000)
[7.041s][debug][gc,heap        ] GC(89)  tenured generation   total 699072K, used 565623K [0x00000000d5550000, 0x0000000100000000, 0x0000000100000000)
[7.041s][debug][gc,heap        ] GC(89)    the space 699072K,  80% used [0x00000000d5550000, 0x00000000f7daded8, 0x00000000f7dae000, 0x0000000100000000)
[7.041s][debug][gc,heap        ] GC(89)  Metaspace       used 6360K, committed 6528K, reserved 1114112K
[7.041s][debug][gc,heap        ] GC(89)   class space    used 546K, committed 640K, reserved 1048576K
[7.041s][debug][gc,heap        ] GC(89) Heap after GC invocations=76 (full 14):
[7.041s][debug][gc,heap        ] GC(89)  def new generation   total 314560K, used 314521K [0x00000000c0000000, 0x00000000d5550000, 0x00000000d5550000)
[7.041s][debug][gc,heap        ] GC(89)   eden space 279616K, 100% used [0x00000000c0000000, 0x00000000d1110000, 0x00000000d1110000)
[7.041s][debug][gc,heap        ] GC(89)   from space 34944K,  99% used [0x00000000d3330000, 0x00000000d55465d0, 0x00000000d5550000)
[7.041s][debug][gc,heap        ] GC(89)   to   space 34944K,   0% used [0x00000000d1110000, 0x00000000d1110000, 0x00000000d3330000)
[7.041s][debug][gc,heap        ] GC(89)  tenured generation   total 699072K, used 565623K [0x00000000d5550000, 0x0000000100000000, 0x0000000100000000)
[7.041s][debug][gc,heap        ] GC(89)    the space 699072K,  80% used [0x00000000d5550000, 0x00000000f7daded8, 0x00000000f7dae000, 0x0000000100000000)
[7.041s][debug][gc,heap        ] GC(89)  Metaspace       used 6360K, committed 6528K, reserved 1114112K
[7.041s][debug][gc,heap        ] GC(89)   class space    used 546K, committed 640K, reserved 1048576K
[7.041s][info ][gc             ] GC(89) Pause Young (Allocation Failure) 859M->859M(989M) 0.091ms
[7.041s][info ][gc,cpu         ] GC(89) User=0.00s Sys=0.00s Real=0.00s
[7.041s][info ][gc,start       ] GC(90) Pause Full (Allocation Failure)
[7.041s][debug][gc,heap        ] GC(90) Heap before GC invocations=76 (full 14):
[7.041s][debug][gc,heap        ] GC(90)  def new generation   total 314560K, used 314521K [0x00000000c0000000, 0x00000000d5550000, 0x00000000d5550000)
[7.041s][debug][gc,heap        ] GC(90)   eden space 279616K, 100% used [0x00000000c0000000, 0x00000000d1110000, 0x00000000d1110000)
[7.041s][debug][gc,heap        ] GC(90)   from space 34944K,  99% used [0x00000000d3330000, 0x00000000d55465d0, 0x00000000d5550000)
[7.041s][debug][gc,heap        ] GC(90)   to   space 34944K,   0% used [0x00000000d1110000, 0x00000000d1110000, 0x00000000d3330000)
[7.041s][debug][gc,heap        ] GC(90)  tenured generation   total 699072K, used 565623K [0x00000000d5550000, 0x0000000100000000, 0x0000000100000000)
[7.041s][debug][gc,heap        ] GC(90)    the space 699072K,  80% used [0x00000000d5550000, 0x00000000f7daded8, 0x00000000f7dae000, 0x0000000100000000)
[7.041s][debug][gc,heap        ] GC(90)  Metaspace       used 6360K, committed 6528K, reserved 1114112K
[7.041s][debug][gc,heap        ] GC(90)   class space    used 546K, committed 640K, reserved 1048576K
[7.041s][info ][gc,phases,start] GC(90) Phase 1: Mark live objects
[7.042s][info ][gc,phases      ] GC(90) Phase 1: Mark live objects 1.090ms
[7.042s][info ][gc,phases,start] GC(90) Phase 2: Compute new object addresses
[7.044s][info ][gc,phases      ] GC(90) Phase 2: Compute new object addresses 1.416ms
[7.044s][info ][gc,phases,start] GC(90) Phase 3: Adjust pointers
[7.044s][info ][gc,phases      ] GC(90) Phase 3: Adjust pointers 0.624ms
[7.044s][info ][gc,phases,start] GC(90) Phase 4: Move objects
[7.077s][info ][gc,phases      ] GC(90) Phase 4: Move objects 32.329ms
[7.077s][info ][gc,heap        ] GC(90) DefNew: 314521K(314560K)->0K(314560K) Eden: 279616K(279616K)->0K(279616K) From: 34905K(34944K)->0K(34944K)
[7.077s][info ][gc,heap        ] GC(90) Tenured: 565623K(699072K)->234171K(699072K)
[7.077s][info ][gc,metaspace   ] GC(90) Metaspace: 6360K(6528K)->6360K(6528K) NonClass: 5814K(5888K)->5814K(5888K) Class: 546K(640K)->546K(640K)
[7.077s][debug][gc,heap        ] GC(90) Heap after GC invocations=76 (full 15):
[7.077s][debug][gc,heap        ] GC(90)  def new generation   total 314560K, used 0K [0x00000000c0000000, 0x00000000d5550000, 0x00000000d5550000)
[7.077s][debug][gc,heap        ] GC(90)   eden space 279616K,   0% used [0x00000000c0000000, 0x00000000c0000000, 0x00000000d1110000)
[7.077s][debug][gc,heap        ] GC(90)   from space 34944K,   0% used [0x00000000d3330000, 0x00000000d3330000, 0x00000000d5550000)
[7.077s][debug][gc,heap        ] GC(90)   to   space 34944K,   0% used [0x00000000d1110000, 0x00000000d1110000, 0x00000000d3330000)
[7.077s][debug][gc,heap        ] GC(90)  tenured generation   total 699072K, used 234171K [0x00000000d5550000, 0x0000000100000000, 0x0000000100000000)
[7.077s][debug][gc,heap        ] GC(90)    the space 699072K,  33% used [0x00000000d5550000, 0x00000000e39fefb8, 0x00000000e39ff000, 0x0000000100000000)
[7.077s][debug][gc,heap        ] GC(90)  Metaspace       used 6360K, committed 6528K, reserved 1114112K
[7.077s][debug][gc,heap        ] GC(90)   class space    used 546K, committed 640K, reserved 1048576K
[7.077s][info ][gc             ] GC(90) Pause Full (Allocation Failure) 859M->228M(989M) 35.730ms
[7.077s][info ][gc,cpu         ] GC(90) User=0.04s Sys=0.00s Real=0.03s
[7.077s][info ][safepoint      ] Safepoint "GenCollectForAllocation", Time since last: 31179397 ns, Reaching safepoint: 2800 ns, Cleanup: 3600 ns, At safepoint: 35851096 ns, Total: 35857496 ns
[7.108s][info ][gc,start       ] GC(91) Pause Young (Allocation Failure)
[7.109s][debug][gc,heap        ] GC(91) Heap before GC invocations=76 (full 15):
[7.109s][debug][gc,heap        ] GC(91)  def new generation   total 314560K, used 279616K [0x00000000c0000000, 0x00000000d5550000, 0x00000000d5550000)
[7.109s][debug][gc,heap        ] GC(91)   eden space 279616K, 100% used [0x00000000c0000000, 0x00000000d1110000, 0x00000000d1110000)
[7.109s][debug][gc,heap        ] GC(91)   from space 34944K,   0% used [0x00000000d3330000, 0x00000000d3330000, 0x00000000d5550000)
[7.109s][debug][gc,heap        ] GC(91)   to   space 34944K,   0% used [0x00000000d1110000, 0x00000000d1110000, 0x00000000d3330000)
[7.109s][debug][gc,heap        ] GC(91)  tenured generation   total 699072K, used 234171K [0x00000000d5550000, 0x0000000100000000, 0x0000000100000000)
[7.109s][debug][gc,heap        ] GC(91)    the space 699072K,  33% used [0x00000000d5550000, 0x00000000e39fefb8, 0x00000000e39ff000, 0x0000000100000000)
[7.109s][debug][gc,heap        ] GC(91)  Metaspace       used 6360K, committed 6528K, reserved 1114112K
[7.109s][debug][gc,heap        ] GC(91)   class space    used 546K, committed 640K, reserved 1048576K
[7.132s][info ][gc,heap        ] GC(91) DefNew: 279616K(314560K)->34905K(314560K) Eden: 279616K(279616K)->0K(279616K) From: 0K(34944K)->34905K(34944K)
[7.132s][info ][gc,heap        ] GC(91) Tenured: 234171K(699072K)->348489K(699072K)
[7.132s][info ][gc,metaspace   ] GC(91) Metaspace: 6360K(6528K)->6360K(6528K) NonClass: 5814K(5888K)->5814K(5888K) Class: 546K(640K)->546K(640K)
[7.132s][debug][gc,heap        ] GC(91) Heap after GC invocations=77 (full 15):
[7.132s][debug][gc,heap        ] GC(91)  def new generation   total 314560K, used 34905K [0x00000000c0000000, 0x00000000d5550000, 0x00000000d5550000)
[7.132s][debug][gc,heap        ] GC(91)   eden space 279616K,   0% used [0x00000000c0000000, 0x00000000c0000000, 0x00000000d1110000)
[7.132s][debug][gc,heap        ] GC(91)   from space 34944K,  99% used [0x00000000d1110000, 0x00000000d33265d0, 0x00000000d3330000)
[7.132s][debug][gc,heap        ] GC(91)   to   space 34944K,   0% used [0x00000000d3330000, 0x00000000d3330000, 0x00000000d5550000)
[7.132s][debug][gc,heap        ] GC(91)  tenured generation   total 699072K, used 348489K [0x00000000d5550000, 0x0000000100000000, 0x0000000100000000)
[7.132s][debug][gc,heap        ] GC(91)    the space 699072K,  49% used [0x00000000d5550000, 0x00000000ea9a2728, 0x00000000ea9a2800, 0x0000000100000000)
[7.132s][debug][gc,heap        ] GC(91)  Metaspace       used 6360K, committed 6528K, reserved 1114112K
[7.132s][debug][gc,heap        ] GC(91)   class space    used 546K, committed 640K, reserved 1048576K
[7.132s][info ][gc             ] GC(91) Pause Young (Allocation Failure) 501M->374M(989M) 23.767ms
[7.132s][info ][gc,cpu         ] GC(91) User=0.02s Sys=0.00s Real=0.03s
[7.132s][info ][safepoint      ] Safepoint "GenCollectForAllocation", Time since last: 31790496 ns, Reaching safepoint: 2900 ns, Cleanup: 3800 ns, At safepoint: 23790598 ns, Total: 23797298 ns
[7.167s][info ][gc,start       ] GC(92) Pause Young (Allocation Failure)
[7.167s][debug][gc,heap        ] GC(92) Heap before GC invocations=77 (full 15):
[7.167s][debug][gc,heap        ] GC(92)  def new generation   total 314560K, used 314521K [0x00000000c0000000, 0x00000000d5550000, 0x00000000d5550000)
[7.167s][debug][gc,heap        ] GC(92)   eden space 279616K, 100% used [0x00000000c0000000, 0x00000000d1110000, 0x00000000d1110000)
[7.167s][debug][gc,heap        ] GC(92)   from space 34944K,  99% used [0x00000000d1110000, 0x00000000d33265d0, 0x00000000d3330000)
[7.167s][debug][gc,heap        ] GC(92)   to   space 34944K,   0% used [0x00000000d3330000, 0x00000000d3330000, 0x00000000d5550000)
[7.167s][debug][gc,heap        ] GC(92)  tenured generation   total 699072K, used 348489K [0x00000000d5550000, 0x0000000100000000, 0x0000000100000000)
[7.167s][debug][gc,heap        ] GC(92)    the space 699072K,  49% used [0x00000000d5550000, 0x00000000ea9a2728, 0x00000000ea9a2800, 0x0000000100000000)
[7.167s][debug][gc,heap        ] GC(92)  Metaspace       used 6360K, committed 6528K, reserved 1114112K
[7.167s][debug][gc,heap        ] GC(92)   class space    used 546K, committed 640K, reserved 1048576K
[7.193s][info ][gc,heap        ] GC(92) DefNew: 314521K(314560K)->34905K(314560K) Eden: 279616K(279616K)->0K(279616K) From: 34905K(34944K)->34905K(34944K)
[7.193s][info ][gc,heap        ] GC(92) Tenured: 348489K(699072K)->470908K(699072K)
[7.193s][info ][gc,metaspace   ] GC(92) Metaspace: 6360K(6528K)->6360K(6528K) NonClass: 5814K(5888K)->5814K(5888K) Class: 546K(640K)->546K(640K)
[7.193s][debug][gc,heap        ] GC(92) Heap after GC invocations=78 (full 15):
[7.193s][debug][gc,heap        ] GC(92)  def new generation   total 314560K, used 34905K [0x00000000c0000000, 0x00000000d5550000, 0x00000000d5550000)
[7.193s][debug][gc,heap        ] GC(92)   eden space 279616K,   0% used [0x00000000c0000000, 0x00000000c0000000, 0x00000000d1110000)
[7.193s][debug][gc,heap        ] GC(92)   from space 34944K,  99% used [0x00000000d3330000, 0x00000000d55465d0, 0x00000000d5550000)
[7.193s][debug][gc,heap        ] GC(92)   to   space 34944K,   0% used [0x00000000d1110000, 0x00000000d1110000, 0x00000000d3330000)
[7.193s][debug][gc,heap        ] GC(92)  tenured generation   total 699072K, used 470908K [0x00000000d5550000, 0x0000000100000000, 0x0000000100000000)
[7.193s][debug][gc,heap        ] GC(92)    the space 699072K,  67% used [0x00000000d5550000, 0x00000000f212f3a8, 0x00000000f212f400, 0x0000000100000000)
[7.193s][debug][gc,heap        ] GC(92)  Metaspace       used 6360K, committed 6528K, reserved 1114112K
[7.193s][debug][gc,heap        ] GC(92)   class space    used 546K, committed 640K, reserved 1048576K
[7.193s][info ][gc             ] GC(92) Pause Young (Allocation Failure) 647M->493M(989M) 25.963ms
[7.193s][info ][gc,cpu         ] GC(92) User=0.02s Sys=0.00s Real=0.03s
[7.193s][info ][safepoint      ] Safepoint "GenCollectForAllocation", Time since last: 35114396 ns, Reaching safepoint: 3200 ns, Cleanup: 3800 ns, At safepoint: 25988597 ns, Total: 25995597 ns
[7.225s][info ][gc,start       ] GC(93) Pause Young (Allocation Failure)
[7.225s][debug][gc,heap        ] GC(93) Heap before GC invocations=78 (full 15):
[7.225s][debug][gc,heap        ] GC(93)  def new generation   total 314560K, used 314521K [0x00000000c0000000, 0x00000000d5550000, 0x00000000d5550000)
[7.225s][debug][gc,heap        ] GC(93)   eden space 279616K, 100% used [0x00000000c0000000, 0x00000000d1110000, 0x00000000d1110000)
[7.225s][debug][gc,heap        ] GC(93)   from space 34944K,  99% used [0x00000000d3330000, 0x00000000d55465d0, 0x00000000d5550000)
[7.225s][debug][gc,heap        ] GC(93)   to   space 34944K,   0% used [0x00000000d1110000, 0x00000000d1110000, 0x00000000d3330000)
[7.225s][debug][gc,heap        ] GC(93)  tenured generation   total 699072K, used 470908K [0x00000000d5550000, 0x0000000100000000, 0x0000000100000000)
[7.225s][debug][gc,heap        ] GC(93)    the space 699072K,  67% used [0x00000000d5550000, 0x00000000f212f3a8, 0x00000000f212f400, 0x0000000100000000)
[7.225s][debug][gc,heap        ] GC(93)  Metaspace       used 6360K, committed 6528K, reserved 1114112K
[7.225s][debug][gc,heap        ] GC(93)   class space    used 546K, committed 640K, reserved 1048576K
[7.250s][info ][gc,heap        ] GC(93) DefNew: 314521K(314560K)->34905K(314560K) Eden: 279616K(279616K)->0K(279616K) From: 34905K(34944K)->34905K(34944K)
[7.250s][info ][gc,heap        ] GC(93) Tenured: 470908K(699072K)->593928K(699072K)
[7.250s][info ][gc,metaspace   ] GC(93) Metaspace: 6360K(6528K)->6360K(6528K) NonClass: 5814K(5888K)->5814K(5888K) Class: 546K(640K)->546K(640K)
[7.251s][debug][gc,heap        ] GC(93) Heap after GC invocations=79 (full 15):
[7.251s][debug][gc,heap        ] GC(93)  def new generation   total 314560K, used 34905K [0x00000000c0000000, 0x00000000d5550000, 0x00000000d5550000)
[7.251s][debug][gc,heap        ] GC(93)   eden space 279616K,   0% used [0x00000000c0000000, 0x00000000c0000000, 0x00000000d1110000)
[7.251s][debug][gc,heap        ] GC(93)   from space 34944K,  99% used [0x00000000d1110000, 0x00000000d33265d0, 0x00000000d3330000)
[7.251s][debug][gc,heap        ] GC(93)   to   space 34944K,   0% used [0x00000000d3330000, 0x00000000d3330000, 0x00000000d5550000)
[7.251s][debug][gc,heap        ] GC(93)  tenured generation   total 699072K, used 593928K [0x00000000d5550000, 0x0000000100000000, 0x0000000100000000)
[7.251s][debug][gc,heap        ] GC(93)    the space 699072K,  84% used [0x00000000d5550000, 0x00000000f9952088, 0x00000000f9952200, 0x0000000100000000)
[7.251s][debug][gc,heap        ] GC(93)  Metaspace       used 6360K, committed 6528K, reserved 1114112K
[7.251s][debug][gc,heap        ] GC(93)   class space    used 546K, committed 640K, reserved 1048576K
[7.251s][info ][gc             ] GC(93) Pause Young (Allocation Failure) 767M->614M(989M) 25.493ms
[7.251s][info ][gc,cpu         ] GC(93) User=0.02s Sys=0.00s Real=0.03s
[7.251s][info ][safepoint      ] Safepoint "GenCollectForAllocation", Time since last: 31716197 ns, Reaching safepoint: 2700 ns, Cleanup: 3600 ns, At safepoint: 25522697 ns, Total: 25528997 ns
[7.286s][info ][gc,start       ] GC(94) Pause Young (Allocation Failure)
[7.286s][debug][gc,heap        ] GC(94) Heap before GC invocations=79 (full 15):
[7.286s][debug][gc,heap        ] GC(94)  def new generation   total 314560K, used 314521K [0x00000000c0000000, 0x00000000d5550000, 0x00000000d5550000)
[7.286s][debug][gc,heap        ] GC(94)   eden space 279616K, 100% used [0x00000000c0000000, 0x00000000d1110000, 0x00000000d1110000)
[7.286s][debug][gc,heap        ] GC(94)   from space 34944K,  99% used [0x00000000d1110000, 0x00000000d33265d0, 0x00000000d3330000)
[7.286s][debug][gc,heap        ] GC(94)   to   space 34944K,   0% used [0x00000000d3330000, 0x00000000d3330000, 0x00000000d5550000)
[7.286s][debug][gc,heap        ] GC(94)  tenured generation   total 699072K, used 593928K [0x00000000d5550000, 0x0000000100000000, 0x0000000100000000)
[7.286s][debug][gc,heap        ] GC(94)    the space 699072K,  84% used [0x00000000d5550000, 0x00000000f9952088, 0x00000000f9952200, 0x0000000100000000)
[7.286s][debug][gc,heap        ] GC(94)  Metaspace       used 6360K, committed 6528K, reserved 1114112K
[7.286s][debug][gc,heap        ] GC(94)   class space    used 546K, committed 640K, reserved 1048576K
[7.286s][debug][gc,heap        ] GC(94) Heap after GC invocations=80 (full 15):
[7.286s][debug][gc,heap        ] GC(94)  def new generation   total 314560K, used 314521K [0x00000000c0000000, 0x00000000d5550000, 0x00000000d5550000)
[7.286s][debug][gc,heap        ] GC(94)   eden space 279616K, 100% used [0x00000000c0000000, 0x00000000d1110000, 0x00000000d1110000)
[7.286s][debug][gc,heap        ] GC(94)   from space 34944K,  99% used [0x00000000d1110000, 0x00000000d33265d0, 0x00000000d3330000)
[7.286s][debug][gc,heap        ] GC(94)   to   space 34944K,   0% used [0x00000000d3330000, 0x00000000d3330000, 0x00000000d5550000)
[7.286s][debug][gc,heap        ] GC(94)  tenured generation   total 699072K, used 593928K [0x00000000d5550000, 0x0000000100000000, 0x0000000100000000)
[7.286s][debug][gc,heap        ] GC(94)    the space 699072K,  84% used [0x00000000d5550000, 0x00000000f9952088, 0x00000000f9952200, 0x0000000100000000)
[7.286s][debug][gc,heap        ] GC(94)  Metaspace       used 6360K, committed 6528K, reserved 1114112K
[7.286s][debug][gc,heap        ] GC(94)   class space    used 546K, committed 640K, reserved 1048576K
[7.286s][info ][gc             ] GC(94) Pause Young (Allocation Failure) 887M->887M(989M) 0.150ms
[7.286s][info ][gc,cpu         ] GC(94) User=0.00s Sys=0.00s Real=0.00s
[7.286s][info ][gc,start       ] GC(95) Pause Full (Allocation Failure)
[7.286s][debug][gc,heap        ] GC(95) Heap before GC invocations=80 (full 15):
[7.286s][debug][gc,heap        ] GC(95)  def new generation   total 314560K, used 314521K [0x00000000c0000000, 0x00000000d5550000, 0x00000000d5550000)
[7.286s][debug][gc,heap        ] GC(95)   eden space 279616K, 100% used [0x00000000c0000000, 0x00000000d1110000, 0x00000000d1110000)
[7.286s][debug][gc,heap        ] GC(95)   from space 34944K,  99% used [0x00000000d1110000, 0x00000000d33265d0, 0x00000000d3330000)
[7.286s][debug][gc,heap        ] GC(95)   to   space 34944K,   0% used [0x00000000d3330000, 0x00000000d3330000, 0x00000000d5550000)
[7.286s][debug][gc,heap        ] GC(95)  tenured generation   total 699072K, used 593928K [0x00000000d5550000, 0x0000000100000000, 0x0000000100000000)
[7.286s][debug][gc,heap        ] GC(95)    the space 699072K,  84% used [0x00000000d5550000, 0x00000000f9952088, 0x00000000f9952200, 0x0000000100000000)
[7.286s][debug][gc,heap        ] GC(95)  Metaspace       used 6360K, committed 6528K, reserved 1114112K
[7.286s][debug][gc,heap        ] GC(95)   class space    used 546K, committed 640K, reserved 1048576K
[7.286s][info ][gc,phases,start] GC(95) Phase 1: Mark live objects
[7.287s][info ][gc,phases      ] GC(95) Phase 1: Mark live objects 0.914ms
[7.287s][info ][gc,phases,start] GC(95) Phase 2: Compute new object addresses
[7.288s][info ][gc,phases      ] GC(95) Phase 2: Compute new object addresses 1.200ms
[7.288s][info ][gc,phases,start] GC(95) Phase 3: Adjust pointers
[7.289s][info ][gc,phases      ] GC(95) Phase 3: Adjust pointers 0.620ms
[7.289s][info ][gc,phases,start] GC(95) Phase 4: Move objects
[7.320s][info ][gc,phases      ] GC(95) Phase 4: Move objects 31.432ms
[7.320s][info ][gc,heap        ] GC(95) DefNew: 314521K(314560K)->0K(314560K) Eden: 279616K(279616K)->0K(279616K) From: 34905K(34944K)->0K(34944K)
[7.320s][info ][gc,heap        ] GC(95) Tenured: 593928K(699072K)->200766K(699072K)
[7.320s][info ][gc,metaspace   ] GC(95) Metaspace: 6360K(6528K)->6360K(6528K) NonClass: 5814K(5888K)->5814K(5888K) Class: 546K(640K)->546K(640K)
[7.320s][debug][gc,heap        ] GC(95) Heap after GC invocations=80 (full 16):
[7.320s][debug][gc,heap        ] GC(95)  def new generation   total 314560K, used 0K [0x00000000c0000000, 0x00000000d5550000, 0x00000000d5550000)
[7.320s][debug][gc,heap        ] GC(95)   eden space 279616K,   0% used [0x00000000c0000000, 0x00000000c0000000, 0x00000000d1110000)
[7.320s][debug][gc,heap        ] GC(95)   from space 34944K,   0% used [0x00000000d1110000, 0x00000000d1110000, 0x00000000d3330000)
[7.320s][debug][gc,heap        ] GC(95)   to   space 34944K,   0% used [0x00000000d3330000, 0x00000000d3330000, 0x00000000d5550000)
[7.320s][debug][gc,heap        ] GC(95)  tenured generation   total 699072K, used 200766K [0x00000000d5550000, 0x0000000100000000, 0x0000000100000000)
[7.320s][debug][gc,heap        ] GC(95)    the space 699072K,  28% used [0x00000000d5550000, 0x00000000e195fad8, 0x00000000e195fc00, 0x0000000100000000)
[7.320s][debug][gc,heap        ] GC(95)  Metaspace       used 6360K, committed 6528K, reserved 1114112K
[7.320s][debug][gc,heap        ] GC(95)   class space    used 546K, committed 640K, reserved 1048576K
[7.320s][info ][gc             ] GC(95) Pause Full (Allocation Failure) 887M->196M(989M) 34.432ms
[7.320s][info ][gc,cpu         ] GC(95) User=0.03s Sys=0.00s Real=0.03s
[7.320s][info ][safepoint      ] Safepoint "GenCollectForAllocation", Time since last: 34917897 ns, Reaching safepoint: 3500 ns, Cleanup: 3900 ns, At safepoint: 34617996 ns, Total: 34625396 ns
[7.353s][info ][gc,start       ] GC(96) Pause Young (Allocation Failure)
[7.353s][debug][gc,heap        ] GC(96) Heap before GC invocations=80 (full 16):
[7.353s][debug][gc,heap        ] GC(96)  def new generation   total 314560K, used 279616K [0x00000000c0000000, 0x00000000d5550000, 0x00000000d5550000)
[7.353s][debug][gc,heap        ] GC(96)   eden space 279616K, 100% used [0x00000000c0000000, 0x00000000d1110000, 0x00000000d1110000)
[7.353s][debug][gc,heap        ] GC(96)   from space 34944K,   0% used [0x00000000d1110000, 0x00000000d1110000, 0x00000000d3330000)
[7.353s][debug][gc,heap        ] GC(96)   to   space 34944K,   0% used [0x00000000d3330000, 0x00000000d3330000, 0x00000000d5550000)
[7.353s][debug][gc,heap        ] GC(96)  tenured generation   total 699072K, used 200766K [0x00000000d5550000, 0x0000000100000000, 0x0000000100000000)
[7.353s][debug][gc,heap        ] GC(96)    the space 699072K,  28% used [0x00000000d5550000, 0x00000000e195fad8, 0x00000000e195fc00, 0x0000000100000000)
[7.353s][debug][gc,heap        ] GC(96)  Metaspace       used 6360K, committed 6528K, reserved 1114112K
[7.353s][debug][gc,heap        ] GC(96)   class space    used 546K, committed 640K, reserved 1048576K
[7.376s][info ][gc,heap        ] GC(96) DefNew: 279616K(314560K)->34905K(314560K) Eden: 279616K(279616K)->0K(279616K) From: 0K(34944K)->34905K(34944K)
[7.376s][info ][gc,heap        ] GC(96) Tenured: 200766K(699072K)->314684K(699072K)
[7.376s][info ][gc,metaspace   ] GC(96) Metaspace: 6360K(6528K)->6360K(6528K) NonClass: 5814K(5888K)->5814K(5888K) Class: 546K(640K)->546K(640K)
[7.376s][debug][gc,heap        ] GC(96) Heap after GC invocations=81 (full 16):
[7.376s][debug][gc,heap        ] GC(96)  def new generation   total 314560K, used 34905K [0x00000000c0000000, 0x00000000d5550000, 0x00000000d5550000)
[7.376s][debug][gc,heap        ] GC(96)   eden space 279616K,   0% used [0x00000000c0000000, 0x00000000c0000000, 0x00000000d1110000)
[7.376s][debug][gc,heap        ] GC(96)   from space 34944K,  99% used [0x00000000d3330000, 0x00000000d55465d0, 0x00000000d5550000)
[7.376s][debug][gc,heap        ] GC(96)   to   space 34944K,   0% used [0x00000000d1110000, 0x00000000d1110000, 0x00000000d3330000)
[7.376s][debug][gc,heap        ] GC(96)  tenured generation   total 699072K, used 314684K [0x00000000d5550000, 0x0000000100000000, 0x0000000100000000)
[7.376s][debug][gc,heap        ] GC(96)    the space 699072K,  45% used [0x00000000d5550000, 0x00000000e889f208, 0x00000000e889f400, 0x0000000100000000)
[7.376s][debug][gc,heap        ] GC(96)  Metaspace       used 6360K, committed 6528K, reserved 1114112K
[7.376s][debug][gc,heap        ] GC(96)   class space    used 546K, committed 640K, reserved 1048576K
[7.377s][info ][gc             ] GC(96) Pause Young (Allocation Failure) 469M->341M(989M) 23.377ms
[7.377s][info ][gc,cpu         ] GC(96) User=0.03s Sys=0.00s Real=0.02s
[7.377s][info ][safepoint      ] Safepoint "GenCollectForAllocation", Time since last: 32938896 ns, Reaching safepoint: 3200 ns, Cleanup: 4100 ns, At safepoint: 23401498 ns, Total: 23408798 ns
[7.409s][info ][gc,start       ] GC(97) Pause Young (Allocation Failure)
[7.409s][debug][gc,heap        ] GC(97) Heap before GC invocations=81 (full 16):
[7.409s][debug][gc,heap        ] GC(97)  def new generation   total 314560K, used 314521K [0x00000000c0000000, 0x00000000d5550000, 0x00000000d5550000)
[7.409s][debug][gc,heap        ] GC(97)   eden space 279616K, 100% used [0x00000000c0000000, 0x00000000d1110000, 0x00000000d1110000)
[7.409s][debug][gc,heap        ] GC(97)   from space 34944K,  99% used [0x00000000d3330000, 0x00000000d55465d0, 0x00000000d5550000)
[7.409s][debug][gc,heap        ] GC(97)   to   space 34944K,   0% used [0x00000000d1110000, 0x00000000d1110000, 0x00000000d3330000)
[7.409s][debug][gc,heap        ] GC(97)  tenured generation   total 699072K, used 314684K [0x00000000d5550000, 0x0000000100000000, 0x0000000100000000)
[7.409s][debug][gc,heap        ] GC(97)    the space 699072K,  45% used [0x00000000d5550000, 0x00000000e889f208, 0x00000000e889f400, 0x0000000100000000)
[7.409s][debug][gc,heap        ] GC(97)  Metaspace       used 6360K, committed 6528K, reserved 1114112K
[7.409s][debug][gc,heap        ] GC(97)   class space    used 546K, committed 640K, reserved 1048576K
[7.435s][info ][gc,heap        ] GC(97) DefNew: 314521K(314560K)->34905K(314560K) Eden: 279616K(279616K)->0K(279616K) From: 34905K(34944K)->34905K(34944K)
[7.435s][info ][gc,heap        ] GC(97) Tenured: 314684K(699072K)->438903K(699072K)
[7.435s][info ][gc,metaspace   ] GC(97) Metaspace: 6360K(6528K)->6360K(6528K) NonClass: 5814K(5888K)->5814K(5888K) Class: 546K(640K)->546K(640K)
[7.435s][debug][gc,heap        ] GC(97) Heap after GC invocations=82 (full 16):
[7.435s][debug][gc,heap        ] GC(97)  def new generation   total 314560K, used 34905K [0x00000000c0000000, 0x00000000d5550000, 0x00000000d5550000)
[7.435s][debug][gc,heap        ] GC(97)   eden space 279616K,   0% used [0x00000000c0000000, 0x00000000c0000000, 0x00000000d1110000)
[7.435s][debug][gc,heap        ] GC(97)   from space 34944K,  99% used [0x00000000d1110000, 0x00000000d33265d0, 0x00000000d3330000)
[7.435s][debug][gc,heap        ] GC(97)   to   space 34944K,   0% used [0x00000000d3330000, 0x00000000d3330000, 0x00000000d5550000)
[7.435s][debug][gc,heap        ] GC(97)  tenured generation   total 699072K, used 438903K [0x00000000d5550000, 0x0000000100000000, 0x0000000100000000)
[7.435s][debug][gc,heap        ] GC(97)    the space 699072K,  62% used [0x00000000d5550000, 0x00000000f01edfa8, 0x00000000f01ee000, 0x0000000100000000)
[7.435s][debug][gc,heap        ] GC(97)  Metaspace       used 6360K, committed 6528K, reserved 1114112K
[7.435s][debug][gc,heap        ] GC(97)   class space    used 546K, committed 640K, reserved 1048576K
[7.435s][info ][gc             ] GC(97) Pause Young (Allocation Failure) 614M->462M(989M) 25.599ms
[7.435s][info ][gc,cpu         ] GC(97) User=0.03s Sys=0.00s Real=0.03s
[7.435s][info ][safepoint      ] Safepoint "GenCollectForAllocation", Time since last: 32634197 ns, Reaching safepoint: 3200 ns, Cleanup: 3900 ns, At safepoint: 25623897 ns, Total: 25630997 ns
[7.467s][info ][gc,start       ] GC(98) Pause Young (Allocation Failure)
[7.467s][debug][gc,heap        ] GC(98) Heap before GC invocations=82 (full 16):
[7.467s][debug][gc,heap        ] GC(98)  def new generation   total 314560K, used 314521K [0x00000000c0000000, 0x00000000d5550000, 0x00000000d5550000)
[7.467s][debug][gc,heap        ] GC(98)   eden space 279616K, 100% used [0x00000000c0000000, 0x00000000d1110000, 0x00000000d1110000)
[7.467s][debug][gc,heap        ] GC(98)   from space 34944K,  99% used [0x00000000d1110000, 0x00000000d33265d0, 0x00000000d3330000)
[7.467s][debug][gc,heap        ] GC(98)   to   space 34944K,   0% used [0x00000000d3330000, 0x00000000d3330000, 0x00000000d5550000)
[7.467s][debug][gc,heap        ] GC(98)  tenured generation   total 699072K, used 438903K [0x00000000d5550000, 0x0000000100000000, 0x0000000100000000)
[7.467s][debug][gc,heap        ] GC(98)    the space 699072K,  62% used [0x00000000d5550000, 0x00000000f01edfa8, 0x00000000f01ee000, 0x0000000100000000)
[7.467s][debug][gc,heap        ] GC(98)  Metaspace       used 6360K, committed 6528K, reserved 1114112K
[7.467s][debug][gc,heap        ] GC(98)   class space    used 546K, committed 640K, reserved 1048576K
[7.494s][info ][gc,heap        ] GC(98) DefNew: 314521K(314560K)->34905K(314560K) Eden: 279616K(279616K)->0K(279616K) From: 34905K(34944K)->34905K(34944K)
[7.494s][info ][gc,heap        ] GC(98) Tenured: 438903K(699072K)->561923K(699072K)
[7.494s][info ][gc,metaspace   ] GC(98) Metaspace: 6360K(6528K)->6360K(6528K) NonClass: 5814K(5888K)->5814K(5888K) Class: 546K(640K)->546K(640K)
[7.494s][debug][gc,heap        ] GC(98) Heap after GC invocations=83 (full 16):
[7.494s][debug][gc,heap        ] GC(98)  def new generation   total 314560K, used 34905K [0x00000000c0000000, 0x00000000d5550000, 0x00000000d5550000)
[7.494s][debug][gc,heap        ] GC(98)   eden space 279616K,   0% used [0x00000000c0000000, 0x00000000c0000000, 0x00000000d1110000)
[7.494s][debug][gc,heap        ] GC(98)   from space 34944K,  99% used [0x00000000d3330000, 0x00000000d55465d0, 0x00000000d5550000)
[7.494s][debug][gc,heap        ] GC(98)   to   space 34944K,   0% used [0x00000000d1110000, 0x00000000d1110000, 0x00000000d3330000)
[7.494s][debug][gc,heap        ] GC(98)  tenured generation   total 699072K, used 561923K [0x00000000d5550000, 0x0000000100000000, 0x0000000100000000)
[7.494s][debug][gc,heap        ] GC(98)    the space 699072K,  80% used [0x00000000d5550000, 0x00000000f7a10c88, 0x00000000f7a10e00, 0x0000000100000000)
[7.494s][debug][gc,heap        ] GC(98)  Metaspace       used 6360K, committed 6528K, reserved 1114112K
[7.494s][debug][gc,heap        ] GC(98)   class space    used 546K, committed 640K, reserved 1048576K
[7.494s][info ][gc             ] GC(98) Pause Young (Allocation Failure) 735M->582M(989M) 26.930ms
[7.494s][info ][gc,cpu         ] GC(98) User=0.03s Sys=0.00s Real=0.03s
[7.494s][info ][safepoint      ] Safepoint "GenCollectForAllocation", Time since last: 32316796 ns, Reaching safepoint: 3500 ns, Cleanup: 3800 ns, At safepoint: 26954798 ns, Total: 26962098 ns
[7.526s][info ][gc,start       ] GC(99) Pause Young (Allocation Failure)
[7.526s][debug][gc,heap        ] GC(99) Heap before GC invocations=83 (full 16):
[7.526s][debug][gc,heap        ] GC(99)  def new generation   total 314560K, used 314521K [0x00000000c0000000, 0x00000000d5550000, 0x00000000d5550000)
[7.526s][debug][gc,heap        ] GC(99)   eden space 279616K, 100% used [0x00000000c0000000, 0x00000000d1110000, 0x00000000d1110000)
[7.526s][debug][gc,heap        ] GC(99)   from space 34944K,  99% used [0x00000000d3330000, 0x00000000d55465d0, 0x00000000d5550000)
[7.526s][debug][gc,heap        ] GC(99)   to   space 34944K,   0% used [0x00000000d1110000, 0x00000000d1110000, 0x00000000d3330000)
[7.526s][debug][gc,heap        ] GC(99)  tenured generation   total 699072K, used 561923K [0x00000000d5550000, 0x0000000100000000, 0x0000000100000000)
[7.526s][debug][gc,heap        ] GC(99)    the space 699072K,  80% used [0x00000000d5550000, 0x00000000f7a10c88, 0x00000000f7a10e00, 0x0000000100000000)
[7.526s][debug][gc,heap        ] GC(99)  Metaspace       used 6360K, committed 6528K, reserved 1114112K
[7.526s][debug][gc,heap        ] GC(99)   class space    used 546K, committed 640K, reserved 1048576K
[7.526s][debug][gc,heap        ] GC(99) Heap after GC invocations=84 (full 16):
[7.526s][debug][gc,heap        ] GC(99)  def new generation   total 314560K, used 314521K [0x00000000c0000000, 0x00000000d5550000, 0x00000000d5550000)
[7.526s][debug][gc,heap        ] GC(99)   eden space 279616K, 100% used [0x00000000c0000000, 0x00000000d1110000, 0x00000000d1110000)
[7.526s][debug][gc,heap        ] GC(99)   from space 34944K,  99% used [0x00000000d3330000, 0x00000000d55465d0, 0x00000000d5550000)
[7.526s][debug][gc,heap        ] GC(99)   to   space 34944K,   0% used [0x00000000d1110000, 0x00000000d1110000, 0x00000000d3330000)
[7.526s][debug][gc,heap        ] GC(99)  tenured generation   total 699072K, used 561923K [0x00000000d5550000, 0x0000000100000000, 0x0000000100000000)
[7.526s][debug][gc,heap        ] GC(99)    the space 699072K,  80% used [0x00000000d5550000, 0x00000000f7a10c88, 0x00000000f7a10e00, 0x0000000100000000)
[7.526s][debug][gc,heap        ] GC(99)  Metaspace       used 6360K, committed 6528K, reserved 1114112K
[7.526s][debug][gc,heap        ] GC(99)   class space    used 546K, committed 640K, reserved 1048576K
[7.526s][info ][gc             ] GC(99) Pause Young (Allocation Failure) 855M->855M(989M) 0.146ms
[7.526s][info ][gc,cpu         ] GC(99) User=0.00s Sys=0.00s Real=0.00s
[7.526s][info ][gc,start       ] GC(100) Pause Full (Allocation Failure)
[7.526s][debug][gc,heap        ] GC(100) Heap before GC invocations=84 (full 16):
[7.526s][debug][gc,heap        ] GC(100)  def new generation   total 314560K, used 314521K [0x00000000c0000000, 0x00000000d5550000, 0x00000000d5550000)
[7.526s][debug][gc,heap        ] GC(100)   eden space 279616K, 100% used [0x00000000c0000000, 0x00000000d1110000, 0x00000000d1110000)
[7.526s][debug][gc,heap        ] GC(100)   from space 34944K,  99% used [0x00000000d3330000, 0x00000000d55465d0, 0x00000000d5550000)
[7.526s][debug][gc,heap        ] GC(100)   to   space 34944K,   0% used [0x00000000d1110000, 0x00000000d1110000, 0x00000000d3330000)
[7.526s][debug][gc,heap        ] GC(100)  tenured generation   total 699072K, used 561923K [0x00000000d5550000, 0x0000000100000000, 0x0000000100000000)
[7.526s][debug][gc,heap        ] GC(100)    the space 699072K,  80% used [0x00000000d5550000, 0x00000000f7a10c88, 0x00000000f7a10e00, 0x0000000100000000)
[7.526s][debug][gc,heap        ] GC(100)  Metaspace       used 6360K, committed 6528K, reserved 1114112K
[7.526s][debug][gc,heap        ] GC(100)   class space    used 546K, committed 640K, reserved 1048576K
[7.526s][info ][gc,phases,start] GC(100) Phase 1: Mark live objects
[7.527s][info ][gc,phases      ] GC(100) Phase 1: Mark live objects 0.908ms
[7.527s][info ][gc,phases,start] GC(100) Phase 2: Compute new object addresses
[7.529s][info ][gc,phases      ] GC(100) Phase 2: Compute new object addresses 1.227ms
[7.529s][info ][gc,phases,start] GC(100) Phase 3: Adjust pointers
[7.529s][info ][gc,phases      ] GC(100) Phase 3: Adjust pointers 0.605ms
[7.529s][info ][gc,phases,start] GC(100) Phase 4: Move objects
[7.560s][info ][gc,phases      ] GC(100) Phase 4: Move objects 30.868ms
[7.560s][info ][gc,heap        ] GC(100) DefNew: 314521K(314560K)->0K(314560K) Eden: 279616K(279616K)->0K(279616K) From: 34905K(34944K)->0K(34944K)
[7.560s][info ][gc,heap        ] GC(100) Tenured: 561923K(699072K)->210668K(699072K)
[7.560s][info ][gc,metaspace   ] GC(100) Metaspace: 6360K(6528K)->6360K(6528K) NonClass: 5814K(5888K)->5814K(5888K) Class: 546K(640K)->546K(640K)
[7.560s][debug][gc,heap        ] GC(100) Heap after GC invocations=84 (full 17):
[7.560s][debug][gc,heap        ] GC(100)  def new generation   total 314560K, used 0K [0x00000000c0000000, 0x00000000d5550000, 0x00000000d5550000)
[7.560s][debug][gc,heap        ] GC(100)   eden space 279616K,   0% used [0x00000000c0000000, 0x00000000c0000000, 0x00000000d1110000)
[7.560s][debug][gc,heap        ] GC(100)   from space 34944K,   0% used [0x00000000d3330000, 0x00000000d3330000, 0x00000000d5550000)
[7.560s][debug][gc,heap        ] GC(100)   to   space 34944K,   0% used [0x00000000d1110000, 0x00000000d1110000, 0x00000000d3330000)
[7.560s][debug][gc,heap        ] GC(100)  tenured generation   total 699072K, used 210668K [0x00000000d5550000, 0x0000000100000000, 0x0000000100000000)
[7.560s][debug][gc,heap        ] GC(100)    the space 699072K,  30% used [0x00000000d5550000, 0x00000000e230b108, 0x00000000e230b200, 0x0000000100000000)
[7.560s][debug][gc,heap        ] GC(100)  Metaspace       used 6360K, committed 6528K, reserved 1114112K
[7.560s][debug][gc,heap        ] GC(100)   class space    used 546K, committed 640K, reserved 1048576K
[7.560s][info ][gc             ] GC(100) Pause Full (Allocation Failure) 855M->205M(989M) 33.925ms
[7.560s][info ][gc,cpu         ] GC(100) User=0.03s Sys=0.00s Real=0.04s
[7.560s][info ][safepoint      ] Safepoint "GenCollectForAllocation", Time since last: 32241296 ns, Reaching safepoint: 2700 ns, Cleanup: 3700 ns, At safepoint: 34102697 ns, Total: 34109097 ns
[7.593s][info ][gc,start       ] GC(101) Pause Young (Allocation Failure)
[7.593s][debug][gc,heap        ] GC(101) Heap before GC invocations=84 (full 17):
[7.593s][debug][gc,heap        ] GC(101)  def new generation   total 314560K, used 279616K [0x00000000c0000000, 0x00000000d5550000, 0x00000000d5550000)
[7.593s][debug][gc,heap        ] GC(101)   eden space 279616K, 100% used [0x00000000c0000000, 0x00000000d1110000, 0x00000000d1110000)
[7.593s][debug][gc,heap        ] GC(101)   from space 34944K,   0% used [0x00000000d3330000, 0x00000000d3330000, 0x00000000d5550000)
[7.593s][debug][gc,heap        ] GC(101)   to   space 34944K,   0% used [0x00000000d1110000, 0x00000000d1110000, 0x00000000d3330000)
[7.593s][debug][gc,heap        ] GC(101)  tenured generation   total 699072K, used 210668K [0x00000000d5550000, 0x0000000100000000, 0x0000000100000000)
[7.593s][debug][gc,heap        ] GC(101)    the space 699072K,  30% used [0x00000000d5550000, 0x00000000e230b108, 0x00000000e230b200, 0x0000000100000000)
[7.593s][debug][gc,heap        ] GC(101)  Metaspace       used 6360K, committed 6528K, reserved 1114112K
[7.593s][debug][gc,heap        ] GC(101)   class space    used 546K, committed 640K, reserved 1048576K
[7.617s][info ][gc,heap        ] GC(101) DefNew: 279616K(314560K)->34905K(314560K) Eden: 279616K(279616K)->0K(279616K) From: 0K(34944K)->34905K(34944K)
[7.617s][info ][gc,heap        ] GC(101) Tenured: 210668K(699072K)->324686K(699072K)
[7.617s][info ][gc,metaspace   ] GC(101) Metaspace: 6360K(6528K)->6360K(6528K) NonClass: 5814K(5888K)->5814K(5888K) Class: 546K(640K)->546K(640K)
[7.617s][debug][gc,heap        ] GC(101) Heap after GC invocations=85 (full 17):
[7.617s][debug][gc,heap        ] GC(101)  def new generation   total 314560K, used 34905K [0x00000000c0000000, 0x00000000d5550000, 0x00000000d5550000)
[7.617s][debug][gc,heap        ] GC(101)   eden space 279616K,   0% used [0x00000000c0000000, 0x00000000c0000000, 0x00000000d1110000)
[7.617s][debug][gc,heap        ] GC(101)   from space 34944K,  99% used [0x00000000d1110000, 0x00000000d33265d0, 0x00000000d3330000)
[7.617s][debug][gc,heap        ] GC(101)   to   space 34944K,   0% used [0x00000000d3330000, 0x00000000d3330000, 0x00000000d5550000)
[7.617s][debug][gc,heap        ] GC(101)  tenured generation   total 699072K, used 324686K [0x00000000d5550000, 0x0000000100000000, 0x0000000100000000)
[7.617s][debug][gc,heap        ] GC(101)    the space 699072K,  46% used [0x00000000d5550000, 0x00000000e9263848, 0x00000000e9263a00, 0x0000000100000000)
[7.617s][debug][gc,heap        ] GC(101)  Metaspace       used 6360K, committed 6528K, reserved 1114112K
[7.617s][debug][gc,heap        ] GC(101)   class space    used 546K, committed 640K, reserved 1048576K
[7.617s][info ][gc             ] GC(101) Pause Young (Allocation Failure) 478M->351M(989M) 24.128ms
[7.617s][info ][gc,cpu         ] GC(101) User=0.03s Sys=0.00s Real=0.02s
[7.617s][info ][safepoint      ] Safepoint "GenCollectForAllocation", Time since last: 32723996 ns, Reaching safepoint: 3400 ns, Cleanup: 3600 ns, At safepoint: 24151997 ns, Total: 24158997 ns
[7.649s][info ][gc,start       ] GC(102) Pause Young (Allocation Failure)
[7.649s][debug][gc,heap        ] GC(102) Heap before GC invocations=85 (full 17):
[7.649s][debug][gc,heap        ] GC(102)  def new generation   total 314560K, used 314521K [0x00000000c0000000, 0x00000000d5550000, 0x00000000d5550000)
[7.649s][debug][gc,heap        ] GC(102)   eden space 279616K, 100% used [0x00000000c0000000, 0x00000000d1110000, 0x00000000d1110000)
[7.649s][debug][gc,heap        ] GC(102)   from space 34944K,  99% used [0x00000000d1110000, 0x00000000d33265d0, 0x00000000d3330000)
[7.649s][debug][gc,heap        ] GC(102)   to   space 34944K,   0% used [0x00000000d3330000, 0x00000000d3330000, 0x00000000d5550000)
[7.649s][debug][gc,heap        ] GC(102)  tenured generation   total 699072K, used 324686K [0x00000000d5550000, 0x0000000100000000, 0x0000000100000000)
[7.649s][debug][gc,heap        ] GC(102)    the space 699072K,  46% used [0x00000000d5550000, 0x00000000e9263848, 0x00000000e9263a00, 0x0000000100000000)
[7.649s][debug][gc,heap        ] GC(102)  Metaspace       used 6360K, committed 6528K, reserved 1114112K
[7.649s][debug][gc,heap        ] GC(102)   class space    used 546K, committed 640K, reserved 1048576K
[7.678s][info ][gc,heap        ] GC(102) DefNew: 314521K(314560K)->34905K(314560K) Eden: 279616K(279616K)->0K(279616K) From: 34905K(34944K)->34905K(34944K)
[7.678s][info ][gc,heap        ] GC(102) Tenured: 324686K(699072K)->445905K(699072K)
[7.678s][info ][gc,metaspace   ] GC(102) Metaspace: 6360K(6528K)->6360K(6528K) NonClass: 5814K(5888K)->5814K(5888K) Class: 546K(640K)->546K(640K)
[7.678s][debug][gc,heap        ] GC(102) Heap after GC invocations=86 (full 17):
[7.678s][debug][gc,heap        ] GC(102)  def new generation   total 314560K, used 34905K [0x00000000c0000000, 0x00000000d5550000, 0x00000000d5550000)
[7.678s][debug][gc,heap        ] GC(102)   eden space 279616K,   0% used [0x00000000c0000000, 0x00000000c0000000, 0x00000000d1110000)
[7.678s][debug][gc,heap        ] GC(102)   from space 34944K,  99% used [0x00000000d3330000, 0x00000000d55465d0, 0x00000000d5550000)
[7.678s][debug][gc,heap        ] GC(102)   to   space 34944K,   0% used [0x00000000d1110000, 0x00000000d1110000, 0x00000000d3330000)
[7.678s][debug][gc,heap        ] GC(102)  tenured generation   total 699072K, used 445905K [0x00000000d5550000, 0x0000000100000000, 0x0000000100000000)
[7.678s][debug][gc,heap        ] GC(102)    the space 699072K,  63% used [0x00000000d5550000, 0x00000000f08c4408, 0x00000000f08c4600, 0x0000000100000000)
[7.678s][debug][gc,heap        ] GC(102)  Metaspace       used 6360K, committed 6528K, reserved 1114112K
[7.678s][debug][gc,heap        ] GC(102)   class space    used 546K, committed 640K, reserved 1048576K
[7.678s][info ][gc             ] GC(102) Pause Young (Allocation Failure) 624M->469M(989M) 29.005ms
[7.678s][info ][gc,cpu         ] GC(102) User=0.03s Sys=0.00s Real=0.03s
[7.678s][info ][safepoint      ] Safepoint "GenCollectForAllocation", Time since last: 31727097 ns, Reaching safepoint: 3800 ns, Cleanup: 4400 ns, At safepoint: 29031097 ns, Total: 29039297 ns
[7.711s][info ][gc,start       ] GC(103) Pause Young (Allocation Failure)
[7.711s][debug][gc,heap        ] GC(103) Heap before GC invocations=86 (full 17):
[7.711s][debug][gc,heap        ] GC(103)  def new generation   total 314560K, used 314521K [0x00000000c0000000, 0x00000000d5550000, 0x00000000d5550000)
[7.711s][debug][gc,heap        ] GC(103)   eden space 279616K, 100% used [0x00000000c0000000, 0x00000000d1110000, 0x00000000d1110000)
[7.711s][debug][gc,heap        ] GC(103)   from space 34944K,  99% used [0x00000000d3330000, 0x00000000d55465d0, 0x00000000d5550000)
[7.711s][debug][gc,heap        ] GC(103)   to   space 34944K,   0% used [0x00000000d1110000, 0x00000000d1110000, 0x00000000d3330000)
[7.711s][debug][gc,heap        ] GC(103)  tenured generation   total 699072K, used 445905K [0x00000000d5550000, 0x0000000100000000, 0x0000000100000000)
[7.711s][debug][gc,heap        ] GC(103)    the space 699072K,  63% used [0x00000000d5550000, 0x00000000f08c4408, 0x00000000f08c4600, 0x0000000100000000)
[7.711s][debug][gc,heap        ] GC(103)  Metaspace       used 6360K, committed 6528K, reserved 1114112K
[7.711s][debug][gc,heap        ] GC(103)   class space    used 546K, committed 640K, reserved 1048576K
[7.736s][info ][gc,heap        ] GC(103) DefNew: 314521K(314560K)->34905K(314560K) Eden: 279616K(279616K)->0K(279616K) From: 34905K(34944K)->34905K(34944K)
[7.736s][info ][gc,heap        ] GC(103) Tenured: 445905K(699072K)->568724K(699072K)
[7.736s][info ][gc,metaspace   ] GC(103) Metaspace: 6360K(6528K)->6360K(6528K) NonClass: 5814K(5888K)->5814K(5888K) Class: 546K(640K)->546K(640K)
[7.736s][debug][gc,heap        ] GC(103) Heap after GC invocations=87 (full 17):
[7.736s][debug][gc,heap        ] GC(103)  def new generation   total 314560K, used 34905K [0x00000000c0000000, 0x00000000d5550000, 0x00000000d5550000)
[7.736s][debug][gc,heap        ] GC(103)   eden space 279616K,   0% used [0x00000000c0000000, 0x00000000c0000000, 0x00000000d1110000)
[7.736s][debug][gc,heap        ] GC(103)   from space 34944K,  99% used [0x00000000d1110000, 0x00000000d33265d0, 0x00000000d3330000)
[7.736s][debug][gc,heap        ] GC(103)   to   space 34944K,   0% used [0x00000000d3330000, 0x00000000d3330000, 0x00000000d5550000)
[7.736s][debug][gc,heap        ] GC(103)  tenured generation   total 699072K, used 568724K [0x00000000d5550000, 0x0000000100000000, 0x0000000100000000)
[7.736s][debug][gc,heap        ] GC(103)    the space 699072K,  81% used [0x00000000d5550000, 0x00000000f80b50c8, 0x00000000f80b5200, 0x0000000100000000)
[7.736s][debug][gc,heap        ] GC(103)  Metaspace       used 6360K, committed 6528K, reserved 1114112K
[7.736s][debug][gc,heap        ] GC(103)   class space    used 546K, committed 640K, reserved 1048576K
[7.736s][info ][gc             ] GC(103) Pause Young (Allocation Failure) 742M->589M(989M) 25.521ms
[7.736s][info ][gc,cpu         ] GC(103) User=0.03s Sys=0.00s Real=0.02s
[7.736s][info ][safepoint      ] Safepoint "GenCollectForAllocation", Time since last: 32773497 ns, Reaching safepoint: 2700 ns, Cleanup: 3800 ns, At safepoint: 25545697 ns, Total: 25552197 ns
[7.768s][info ][gc,start       ] GC(104) Pause Young (Allocation Failure)
[7.768s][debug][gc,heap        ] GC(104) Heap before GC invocations=87 (full 17):
[7.768s][debug][gc,heap        ] GC(104)  def new generation   total 314560K, used 314521K [0x00000000c0000000, 0x00000000d5550000, 0x00000000d5550000)
[7.768s][debug][gc,heap        ] GC(104)   eden space 279616K, 100% used [0x00000000c0000000, 0x00000000d1110000, 0x00000000d1110000)
[7.768s][debug][gc,heap        ] GC(104)   from space 34944K,  99% used [0x00000000d1110000, 0x00000000d33265d0, 0x00000000d3330000)
[7.768s][debug][gc,heap        ] GC(104)   to   space 34944K,   0% used [0x00000000d3330000, 0x00000000d3330000, 0x00000000d5550000)
[7.768s][debug][gc,heap        ] GC(104)  tenured generation   total 699072K, used 568724K [0x00000000d5550000, 0x0000000100000000, 0x0000000100000000)
[7.768s][debug][gc,heap        ] GC(104)    the space 699072K,  81% used [0x00000000d5550000, 0x00000000f80b50c8, 0x00000000f80b5200, 0x0000000100000000)
[7.768s][debug][gc,heap        ] GC(104)  Metaspace       used 6360K, committed 6528K, reserved 1114112K
[7.768s][debug][gc,heap        ] GC(104)   class space    used 546K, committed 640K, reserved 1048576K
[7.768s][debug][gc,heap        ] GC(104) Heap after GC invocations=88 (full 17):
[7.768s][debug][gc,heap        ] GC(104)  def new generation   total 314560K, used 314521K [0x00000000c0000000, 0x00000000d5550000, 0x00000000d5550000)
[7.768s][debug][gc,heap        ] GC(104)   eden space 279616K, 100% used [0x00000000c0000000, 0x00000000d1110000, 0x00000000d1110000)
[7.768s][debug][gc,heap        ] GC(104)   from space 34944K,  99% used [0x00000000d1110000, 0x00000000d33265d0, 0x00000000d3330000)
[7.768s][debug][gc,heap        ] GC(104)   to   space 34944K,   0% used [0x00000000d3330000, 0x00000000d3330000, 0x00000000d5550000)
[7.768s][debug][gc,heap        ] GC(104)  tenured generation   total 699072K, used 568724K [0x00000000d5550000, 0x0000000100000000, 0x0000000100000000)
[7.768s][debug][gc,heap        ] GC(104)    the space 699072K,  81% used [0x00000000d5550000, 0x00000000f80b50c8, 0x00000000f80b5200, 0x0000000100000000)
[7.768s][debug][gc,heap        ] GC(104)  Metaspace       used 6360K, committed 6528K, reserved 1114112K
[7.768s][debug][gc,heap        ] GC(104)   class space    used 546K, committed 640K, reserved 1048576K
[7.768s][info ][gc             ] GC(104) Pause Young (Allocation Failure) 862M->862M(989M) 0.146ms
[7.768s][info ][gc,cpu         ] GC(104) User=0.00s Sys=0.00s Real=0.00s
[7.769s][info ][gc,start       ] GC(105) Pause Full (Allocation Failure)
[7.769s][debug][gc,heap        ] GC(105) Heap before GC invocations=88 (full 17):
[7.769s][debug][gc,heap        ] GC(105)  def new generation   total 314560K, used 314521K [0x00000000c0000000, 0x00000000d5550000, 0x00000000d5550000)
[7.769s][debug][gc,heap        ] GC(105)   eden space 279616K, 100% used [0x00000000c0000000, 0x00000000d1110000, 0x00000000d1110000)
[7.769s][debug][gc,heap        ] GC(105)   from space 34944K,  99% used [0x00000000d1110000, 0x00000000d33265d0, 0x00000000d3330000)
[7.769s][debug][gc,heap        ] GC(105)   to   space 34944K,   0% used [0x00000000d3330000, 0x00000000d3330000, 0x00000000d5550000)
[7.769s][debug][gc,heap        ] GC(105)  tenured generation   total 699072K, used 568724K [0x00000000d5550000, 0x0000000100000000, 0x0000000100000000)
[7.769s][debug][gc,heap        ] GC(105)    the space 699072K,  81% used [0x00000000d5550000, 0x00000000f80b50c8, 0x00000000f80b5200, 0x0000000100000000)
[7.769s][debug][gc,heap        ] GC(105)  Metaspace       used 6360K, committed 6528K, reserved 1114112K
[7.769s][debug][gc,heap        ] GC(105)   class space    used 546K, committed 640K, reserved 1048576K
[7.769s][info ][gc,phases,start] GC(105) Phase 1: Mark live objects
[7.769s][info ][gc,phases      ] GC(105) Phase 1: Mark live objects 0.912ms
[7.769s][info ][gc,phases,start] GC(105) Phase 2: Compute new object addresses
[7.771s][info ][gc,phases      ] GC(105) Phase 2: Compute new object addresses 1.244ms
[7.771s][info ][gc,phases,start] GC(105) Phase 3: Adjust pointers
[7.771s][info ][gc,phases      ] GC(105) Phase 3: Adjust pointers 0.623ms
[7.771s][info ][gc,phases,start] GC(105) Phase 4: Move objects
[7.804s][info ][gc,phases      ] GC(105) Phase 4: Move objects 32.246ms
[7.804s][info ][gc,heap        ] GC(105) DefNew: 314521K(314560K)->0K(314560K) Eden: 279616K(279616K)->0K(279616K) From: 34905K(34944K)->0K(34944K)
[7.804s][info ][gc,heap        ] GC(105) Tenured: 568724K(699072K)->217969K(699072K)
[7.804s][info ][gc,metaspace   ] GC(105) Metaspace: 6360K(6528K)->6360K(6528K) NonClass: 5814K(5888K)->5814K(5888K) Class: 546K(640K)->546K(640K)
[7.804s][debug][gc,heap        ] GC(105) Heap after GC invocations=88 (full 18):
[7.804s][debug][gc,heap        ] GC(105)  def new generation   total 314560K, used 0K [0x00000000c0000000, 0x00000000d5550000, 0x00000000d5550000)
[7.804s][debug][gc,heap        ] GC(105)   eden space 279616K,   0% used [0x00000000c0000000, 0x00000000c0000000, 0x00000000d1110000)
[7.804s][debug][gc,heap        ] GC(105)   from space 34944K,   0% used [0x00000000d1110000, 0x00000000d1110000, 0x00000000d3330000)
[7.804s][debug][gc,heap        ] GC(105)   to   space 34944K,   0% used [0x00000000d3330000, 0x00000000d3330000, 0x00000000d5550000)
[7.804s][debug][gc,heap        ] GC(105)  tenured generation   total 699072K, used 217969K [0x00000000d5550000, 0x0000000100000000, 0x0000000100000000)
[7.804s][debug][gc,heap        ] GC(105)    the space 699072K,  31% used [0x00000000d5550000, 0x00000000e2a2c598, 0x00000000e2a2c600, 0x0000000100000000)
[7.804s][debug][gc,heap        ] GC(105)  Metaspace       used 6360K, committed 6528K, reserved 1114112K
[7.804s][debug][gc,heap        ] GC(105)   class space    used 546K, committed 640K, reserved 1048576K
[7.804s][info ][gc             ] GC(105) Pause Full (Allocation Failure) 862M->212M(989M) 35.268ms
[7.804s][info ][gc,cpu         ] GC(105) User=0.04s Sys=0.00s Real=0.04s
[7.804s][info ][safepoint      ] Safepoint "GenCollectForAllocation", Time since last: 31947196 ns, Reaching safepoint: 3200 ns, Cleanup: 3500 ns, At safepoint: 35504197 ns, Total: 35510897 ns
[7.836s][info ][gc,start       ] GC(106) Pause Young (Allocation Failure)
[7.836s][debug][gc,heap        ] GC(106) Heap before GC invocations=88 (full 18):
[7.836s][debug][gc,heap        ] GC(106)  def new generation   total 314560K, used 279616K [0x00000000c0000000, 0x00000000d5550000, 0x00000000d5550000)
[7.836s][debug][gc,heap        ] GC(106)   eden space 279616K, 100% used [0x00000000c0000000, 0x00000000d1110000, 0x00000000d1110000)
[7.836s][debug][gc,heap        ] GC(106)   from space 34944K,   0% used [0x00000000d1110000, 0x00000000d1110000, 0x00000000d3330000)
[7.836s][debug][gc,heap        ] GC(106)   to   space 34944K,   0% used [0x00000000d3330000, 0x00000000d3330000, 0x00000000d5550000)
[7.836s][debug][gc,heap        ] GC(106)  tenured generation   total 699072K, used 217969K [0x00000000d5550000, 0x0000000100000000, 0x0000000100000000)
[7.836s][debug][gc,heap        ] GC(106)    the space 699072K,  31% used [0x00000000d5550000, 0x00000000e2a2c598, 0x00000000e2a2c600, 0x0000000100000000)
[7.836s][debug][gc,heap        ] GC(106)  Metaspace       used 6360K, committed 6528K, reserved 1114112K
[7.836s][debug][gc,heap        ] GC(106)   class space    used 546K, committed 640K, reserved 1048576K
[7.861s][info ][gc,heap        ] GC(106) DefNew: 279616K(314560K)->34905K(314560K) Eden: 279616K(279616K)->0K(279616K) From: 0K(34944K)->34905K(34944K)
[7.861s][info ][gc,heap        ] GC(106) Tenured: 217969K(699072K)->332987K(699072K)
[7.861s][info ][gc,metaspace   ] GC(106) Metaspace: 6360K(6528K)->6360K(6528K) NonClass: 5814K(5888K)->5814K(5888K) Class: 546K(640K)->546K(640K)
[7.861s][debug][gc,heap        ] GC(106) Heap after GC invocations=89 (full 18):
[7.861s][debug][gc,heap        ] GC(106)  def new generation   total 314560K, used 34905K [0x00000000c0000000, 0x00000000d5550000, 0x00000000d5550000)
[7.861s][debug][gc,heap        ] GC(106)   eden space 279616K,   0% used [0x00000000c0000000, 0x00000000c0000000, 0x00000000d1110000)
[7.861s][debug][gc,heap        ] GC(106)   from space 34944K,  99% used [0x00000000d3330000, 0x00000000d55465d0, 0x00000000d5550000)
[7.861s][debug][gc,heap        ] GC(106)   to   space 34944K,   0% used [0x00000000d1110000, 0x00000000d1110000, 0x00000000d3330000)
[7.861s][debug][gc,heap        ] GC(106)  tenured generation   total 699072K, used 332987K [0x00000000d5550000, 0x0000000100000000, 0x0000000100000000)
[7.861s][debug][gc,heap        ] GC(106)    the space 699072K,  47% used [0x00000000d5550000, 0x00000000e9a7ed78, 0x00000000e9a7ee00, 0x0000000100000000)
[7.861s][debug][gc,heap        ] GC(106)  Metaspace       used 6360K, committed 6528K, reserved 1114112K
[7.861s][debug][gc,heap        ] GC(106)   class space    used 546K, committed 640K, reserved 1048576K
[7.861s][info ][gc             ] GC(106) Pause Young (Allocation Failure) 485M->359M(989M) 24.669ms
[7.861s][info ][gc,cpu         ] GC(106) User=0.02s Sys=0.00s Real=0.03s
[7.861s][info ][safepoint      ] Safepoint "GenCollectForAllocation", Time since last: 32353596 ns, Reaching safepoint: 3000 ns, Cleanup: 3900 ns, At safepoint: 24691798 ns, Total: 24698698 ns
[7.896s][info ][gc,start       ] GC(107) Pause Young (Allocation Failure)
[7.896s][debug][gc,heap        ] GC(107) Heap before GC invocations=89 (full 18):
[7.896s][debug][gc,heap        ] GC(107)  def new generation   total 314560K, used 314521K [0x00000000c0000000, 0x00000000d5550000, 0x00000000d5550000)
[7.896s][debug][gc,heap        ] GC(107)   eden space 279616K, 100% used [0x00000000c0000000, 0x00000000d1110000, 0x00000000d1110000)
[7.896s][debug][gc,heap        ] GC(107)   from space 34944K,  99% used [0x00000000d3330000, 0x00000000d55465d0, 0x00000000d5550000)
[7.896s][debug][gc,heap        ] GC(107)   to   space 34944K,   0% used [0x00000000d1110000, 0x00000000d1110000, 0x00000000d3330000)
[7.896s][debug][gc,heap        ] GC(107)  tenured generation   total 699072K, used 332987K [0x00000000d5550000, 0x0000000100000000, 0x0000000100000000)
[7.896s][debug][gc,heap        ] GC(107)    the space 699072K,  47% used [0x00000000d5550000, 0x00000000e9a7ed78, 0x00000000e9a7ee00, 0x0000000100000000)
[7.896s][debug][gc,heap        ] GC(107)  Metaspace       used 6360K, committed 6528K, reserved 1114112K
[7.896s][debug][gc,heap        ] GC(107)   class space    used 546K, committed 640K, reserved 1048576K
[7.922s][info ][gc,heap        ] GC(107) DefNew: 314521K(314560K)->34905K(314560K) Eden: 279616K(279616K)->0K(279616K) From: 34905K(34944K)->34905K(34944K)
[7.922s][info ][gc,heap        ] GC(107) Tenured: 332987K(699072K)->458006K(699072K)
[7.922s][info ][gc,metaspace   ] GC(107) Metaspace: 6360K(6528K)->6360K(6528K) NonClass: 5814K(5888K)->5814K(5888K) Class: 546K(640K)->546K(640K)
[7.922s][debug][gc,heap        ] GC(107) Heap after GC invocations=90 (full 18):
[7.922s][debug][gc,heap        ] GC(107)  def new generation   total 314560K, used 34905K [0x00000000c0000000, 0x00000000d5550000, 0x00000000d5550000)
[7.922s][debug][gc,heap        ] GC(107)   eden space 279616K,   0% used [0x00000000c0000000, 0x00000000c0000000, 0x00000000d1110000)
[7.922s][debug][gc,heap        ] GC(107)   from space 34944K,  99% used [0x00000000d1110000, 0x00000000d33265d0, 0x00000000d3330000)
[7.922s][debug][gc,heap        ] GC(107)   to   space 34944K,   0% used [0x00000000d3330000, 0x00000000d3330000, 0x00000000d5550000)
[7.922s][debug][gc,heap        ] GC(107)  tenured generation   total 699072K, used 458006K [0x00000000d5550000, 0x0000000100000000, 0x0000000100000000)
[7.922s][debug][gc,heap        ] GC(107)    the space 699072K,  65% used [0x00000000d5550000, 0x00000000f1495b98, 0x00000000f1495c00, 0x0000000100000000)
[7.922s][debug][gc,heap        ] GC(107)  Metaspace       used 6360K, committed 6528K, reserved 1114112K
[7.922s][debug][gc,heap        ] GC(107)   class space    used 546K, committed 640K, reserved 1048576K
[7.922s][info ][gc             ] GC(107) Pause Young (Allocation Failure) 632M->481M(989M) 25.774ms
[7.922s][info ][gc,cpu         ] GC(107) User=0.02s Sys=0.00s Real=0.03s
[7.922s][info ][safepoint      ] Safepoint "GenCollectForAllocation", Time since last: 35457596 ns, Reaching safepoint: 3300 ns, Cleanup: 3800 ns, At safepoint: 25798797 ns, Total: 25805897 ns
[7.954s][info ][gc,start       ] GC(108) Pause Young (Allocation Failure)
[7.954s][debug][gc,heap        ] GC(108) Heap before GC invocations=90 (full 18):
[7.954s][debug][gc,heap        ] GC(108)  def new generation   total 314560K, used 314521K [0x00000000c0000000, 0x00000000d5550000, 0x00000000d5550000)
[7.954s][debug][gc,heap        ] GC(108)   eden space 279616K, 100% used [0x00000000c0000000, 0x00000000d1110000, 0x00000000d1110000)
[7.954s][debug][gc,heap        ] GC(108)   from space 34944K,  99% used [0x00000000d1110000, 0x00000000d33265d0, 0x00000000d3330000)
[7.954s][debug][gc,heap        ] GC(108)   to   space 34944K,   0% used [0x00000000d3330000, 0x00000000d3330000, 0x00000000d5550000)
[7.954s][debug][gc,heap        ] GC(108)  tenured generation   total 699072K, used 458006K [0x00000000d5550000, 0x0000000100000000, 0x0000000100000000)
[7.954s][debug][gc,heap        ] GC(108)    the space 699072K,  65% used [0x00000000d5550000, 0x00000000f1495b98, 0x00000000f1495c00, 0x0000000100000000)
[7.954s][debug][gc,heap        ] GC(108)  Metaspace       used 6360K, committed 6528K, reserved 1114112K
[7.954s][debug][gc,heap        ] GC(108)   class space    used 546K, committed 640K, reserved 1048576K
[7.980s][info ][gc,heap        ] GC(108) DefNew: 314521K(314560K)->34905K(314560K) Eden: 279616K(279616K)->0K(279616K) From: 34905K(34944K)->34905K(34944K)
[7.980s][info ][gc,heap        ] GC(108) Tenured: 458006K(699072K)->579425K(699072K)
[7.980s][info ][gc,metaspace   ] GC(108) Metaspace: 6360K(6528K)->6360K(6528K) NonClass: 5814K(5888K)->5814K(5888K) Class: 546K(640K)->546K(640K)
[7.980s][debug][gc,heap        ] GC(108) Heap after GC invocations=91 (full 18):
[7.980s][debug][gc,heap        ] GC(108)  def new generation   total 314560K, used 34905K [0x00000000c0000000, 0x00000000d5550000, 0x00000000d5550000)
[7.980s][debug][gc,heap        ] GC(108)   eden space 279616K,   0% used [0x00000000c0000000, 0x00000000c0000000, 0x00000000d1110000)
[7.980s][debug][gc,heap        ] GC(108)   from space 34944K,  99% used [0x00000000d3330000, 0x00000000d55465d0, 0x00000000d5550000)
[7.980s][debug][gc,heap        ] GC(108)   to   space 34944K,   0% used [0x00000000d1110000, 0x00000000d1110000, 0x00000000d3330000)
[7.980s][debug][gc,heap        ] GC(108)  tenured generation   total 699072K, used 579425K [0x00000000d5550000, 0x0000000100000000, 0x0000000100000000)
[7.980s][debug][gc,heap        ] GC(108)    the space 699072K,  82% used [0x00000000d5550000, 0x00000000f8b28778, 0x00000000f8b28800, 0x0000000100000000)
[7.980s][debug][gc,heap        ] GC(108)  Metaspace       used 6360K, committed 6528K, reserved 1114112K
[7.980s][debug][gc,heap        ] GC(108)   class space    used 546K, committed 640K, reserved 1048576K
[7.980s][info ][gc             ] GC(108) Pause Young (Allocation Failure) 754M->599M(989M) 25.421ms
[7.980s][info ][gc,cpu         ] GC(108) User=0.02s Sys=0.00s Real=0.02s
[7.980s][info ][safepoint      ] Safepoint "GenCollectForAllocation", Time since last: 32090297 ns, Reaching safepoint: 3000 ns, Cleanup: 3900 ns, At safepoint: 25445597 ns, Total: 25452497 ns
[8.013s][info ][gc,start       ] GC(109) Pause Young (Allocation Failure)
[8.013s][debug][gc,heap        ] GC(109) Heap before GC invocations=91 (full 18):
[8.013s][debug][gc,heap        ] GC(109)  def new generation   total 314560K, used 314521K [0x00000000c0000000, 0x00000000d5550000, 0x00000000d5550000)
[8.013s][debug][gc,heap        ] GC(109)   eden space 279616K, 100% used [0x00000000c0000000, 0x00000000d1110000, 0x00000000d1110000)
[8.013s][debug][gc,heap        ] GC(109)   from space 34944K,  99% used [0x00000000d3330000, 0x00000000d55465d0, 0x00000000d5550000)
[8.013s][debug][gc,heap        ] GC(109)   to   space 34944K,   0% used [0x00000000d1110000, 0x00000000d1110000, 0x00000000d3330000)
[8.013s][debug][gc,heap        ] GC(109)  tenured generation   total 699072K, used 579425K [0x00000000d5550000, 0x0000000100000000, 0x0000000100000000)
[8.013s][debug][gc,heap        ] GC(109)    the space 699072K,  82% used [0x00000000d5550000, 0x00000000f8b28778, 0x00000000f8b28800, 0x0000000100000000)
[8.013s][debug][gc,heap        ] GC(109)  Metaspace       used 6360K, committed 6528K, reserved 1114112K
[8.013s][debug][gc,heap        ] GC(109)   class space    used 546K, committed 640K, reserved 1048576K
[8.013s][debug][gc,heap        ] GC(109) Heap after GC invocations=92 (full 18):
[8.013s][debug][gc,heap        ] GC(109)  def new generation   total 314560K, used 314521K [0x00000000c0000000, 0x00000000d5550000, 0x00000000d5550000)
[8.013s][debug][gc,heap        ] GC(109)   eden space 279616K, 100% used [0x00000000c0000000, 0x00000000d1110000, 0x00000000d1110000)
[8.013s][debug][gc,heap        ] GC(109)   from space 34944K,  99% used [0x00000000d3330000, 0x00000000d55465d0, 0x00000000d5550000)
[8.013s][debug][gc,heap        ] GC(109)   to   space 34944K,   0% used [0x00000000d1110000, 0x00000000d1110000, 0x00000000d3330000)
[8.013s][debug][gc,heap        ] GC(109)  tenured generation   total 699072K, used 579425K [0x00000000d5550000, 0x0000000100000000, 0x0000000100000000)
[8.013s][debug][gc,heap        ] GC(109)    the space 699072K,  82% used [0x00000000d5550000, 0x00000000f8b28778, 0x00000000f8b28800, 0x0000000100000000)
[8.013s][debug][gc,heap        ] GC(109)  Metaspace       used 6360K, committed 6528K, reserved 1114112K
[8.013s][debug][gc,heap        ] GC(109)   class space    used 546K, committed 640K, reserved 1048576K
[8.013s][info ][gc             ] GC(109) Pause Young (Allocation Failure) 872M->872M(989M) 0.091ms
[8.013s][info ][gc,cpu         ] GC(109) User=0.00s Sys=0.00s Real=0.00s
[8.013s][info ][gc,start       ] GC(110) Pause Full (Allocation Failure)
[8.013s][debug][gc,heap        ] GC(110) Heap before GC invocations=92 (full 18):
[8.013s][debug][gc,heap        ] GC(110)  def new generation   total 314560K, used 314521K [0x00000000c0000000, 0x00000000d5550000, 0x00000000d5550000)
[8.013s][debug][gc,heap        ] GC(110)   eden space 279616K, 100% used [0x00000000c0000000, 0x00000000d1110000, 0x00000000d1110000)
[8.013s][debug][gc,heap        ] GC(110)   from space 34944K,  99% used [0x00000000d3330000, 0x00000000d55465d0, 0x00000000d5550000)
[8.013s][debug][gc,heap        ] GC(110)   to   space 34944K,   0% used [0x00000000d1110000, 0x00000000d1110000, 0x00000000d3330000)
[8.013s][debug][gc,heap        ] GC(110)  tenured generation   total 699072K, used 579425K [0x00000000d5550000, 0x0000000100000000, 0x0000000100000000)
[8.013s][debug][gc,heap        ] GC(110)    the space 699072K,  82% used [0x00000000d5550000, 0x00000000f8b28778, 0x00000000f8b28800, 0x0000000100000000)
[8.013s][debug][gc,heap        ] GC(110)  Metaspace       used 6360K, committed 6528K, reserved 1114112K
[8.013s][debug][gc,heap        ] GC(110)   class space    used 546K, committed 640K, reserved 1048576K
[8.013s][info ][gc,phases,start] GC(110) Phase 1: Mark live objects
[8.014s][info ][gc,phases      ] GC(110) Phase 1: Mark live objects 0.899ms
[8.014s][info ][gc,phases,start] GC(110) Phase 2: Compute new object addresses
[8.015s][info ][gc,phases      ] GC(110) Phase 2: Compute new object addresses 1.243ms
[8.015s][info ][gc,phases,start] GC(110) Phase 3: Adjust pointers
[8.016s][info ][gc,phases      ] GC(110) Phase 3: Adjust pointers 0.605ms
[8.016s][info ][gc,phases,start] GC(110) Phase 4: Move objects
[8.046s][info ][gc,phases      ] GC(110) Phase 4: Move objects 30.703ms
[8.046s][info ][gc,heap        ] GC(110) DefNew: 314521K(314560K)->0K(314560K) Eden: 279616K(279616K)->0K(279616K) From: 34905K(34944K)->0K(34944K)
[8.046s][info ][gc,heap        ] GC(110) Tenured: 579425K(699072K)->218969K(699072K)
[8.046s][info ][gc,metaspace   ] GC(110) Metaspace: 6360K(6528K)->6360K(6528K) NonClass: 5814K(5888K)->5814K(5888K) Class: 546K(640K)->546K(640K)
[8.046s][debug][gc,heap        ] GC(110) Heap after GC invocations=92 (full 19):
[8.046s][debug][gc,heap        ] GC(110)  def new generation   total 314560K, used 0K [0x00000000c0000000, 0x00000000d5550000, 0x00000000d5550000)
[8.046s][debug][gc,heap        ] GC(110)   eden space 279616K,   0% used [0x00000000c0000000, 0x00000000c0000000, 0x00000000d1110000)
[8.046s][debug][gc,heap        ] GC(110)   from space 34944K,   0% used [0x00000000d3330000, 0x00000000d3330000, 0x00000000d5550000)
[8.046s][debug][gc,heap        ] GC(110)   to   space 34944K,   0% used [0x00000000d1110000, 0x00000000d1110000, 0x00000000d3330000)
[8.046s][debug][gc,heap        ] GC(110)  tenured generation   total 699072K, used 218969K [0x00000000d5550000, 0x0000000100000000, 0x0000000100000000)
[8.046s][debug][gc,heap        ] GC(110)    the space 699072K,  31% used [0x00000000d5550000, 0x00000000e2b26638, 0x00000000e2b26800, 0x0000000100000000)
[8.046s][debug][gc,heap        ] GC(110)  Metaspace       used 6360K, committed 6528K, reserved 1114112K
[8.046s][debug][gc,heap        ] GC(110)   class space    used 546K, committed 640K, reserved 1048576K
[8.046s][info ][gc             ] GC(110) Pause Full (Allocation Failure) 872M->213M(989M) 33.739ms
[8.046s][info ][gc,cpu         ] GC(110) User=0.04s Sys=0.00s Real=0.03s
[8.046s][info ][safepoint      ] Safepoint "GenCollectForAllocation", Time since last: 32908297 ns, Reaching safepoint: 2800 ns, Cleanup: 3700 ns, At safepoint: 33862496 ns, Total: 33868996 ns
[8.078s][info ][gc,start       ] GC(111) Pause Young (Allocation Failure)
[8.078s][debug][gc,heap        ] GC(111) Heap before GC invocations=92 (full 19):
[8.078s][debug][gc,heap        ] GC(111)  def new generation   total 314560K, used 279616K [0x00000000c0000000, 0x00000000d5550000, 0x00000000d5550000)
[8.078s][debug][gc,heap        ] GC(111)   eden space 279616K, 100% used [0x00000000c0000000, 0x00000000d1110000, 0x00000000d1110000)
[8.078s][debug][gc,heap        ] GC(111)   from space 34944K,   0% used [0x00000000d3330000, 0x00000000d3330000, 0x00000000d5550000)
[8.079s][debug][gc,heap        ] GC(111)   to   space 34944K,   0% used [0x00000000d1110000, 0x00000000d1110000, 0x00000000d3330000)
[8.079s][debug][gc,heap        ] GC(111)  tenured generation   total 699072K, used 218969K [0x00000000d5550000, 0x0000000100000000, 0x0000000100000000)
[8.079s][debug][gc,heap        ] GC(111)    the space 699072K,  31% used [0x00000000d5550000, 0x00000000e2b26638, 0x00000000e2b26800, 0x0000000100000000)
[8.079s][debug][gc,heap        ] GC(111)  Metaspace       used 6360K, committed 6528K, reserved 1114112K
[8.079s][debug][gc,heap        ] GC(111)   class space    used 546K, committed 640K, reserved 1048576K
[8.103s][info ][gc,heap        ] GC(111) DefNew: 279616K(314560K)->34905K(314560K) Eden: 279616K(279616K)->0K(279616K) From: 0K(34944K)->34905K(34944K)
[8.103s][info ][gc,heap        ] GC(111) Tenured: 218969K(699072K)->334687K(699072K)
[8.103s][info ][gc,metaspace   ] GC(111) Metaspace: 6360K(6528K)->6360K(6528K) NonClass: 5814K(5888K)->5814K(5888K) Class: 546K(640K)->546K(640K)
[8.103s][debug][gc,heap        ] GC(111) Heap after GC invocations=93 (full 19):
[8.103s][debug][gc,heap        ] GC(111)  def new generation   total 314560K, used 34905K [0x00000000c0000000, 0x00000000d5550000, 0x00000000d5550000)
[8.103s][debug][gc,heap        ] GC(111)   eden space 279616K,   0% used [0x00000000c0000000, 0x00000000c0000000, 0x00000000d1110000)
[8.103s][debug][gc,heap        ] GC(111)   from space 34944K,  99% used [0x00000000d1110000, 0x00000000d33265d0, 0x00000000d3330000)
[8.103s][debug][gc,heap        ] GC(111)   to   space 34944K,   0% used [0x00000000d3330000, 0x00000000d3330000, 0x00000000d5550000)
[8.103s][debug][gc,heap        ] GC(111)  tenured generation   total 699072K, used 334687K [0x00000000d5550000, 0x0000000100000000, 0x0000000100000000)
[8.103s][debug][gc,heap        ] GC(111)    the space 699072K,  47% used [0x00000000d5550000, 0x00000000e9c27e88, 0x00000000e9c28000, 0x0000000100000000)
[8.103s][debug][gc,heap        ] GC(111)  Metaspace       used 6360K, committed 6528K, reserved 1114112K
[8.103s][debug][gc,heap        ] GC(111)   class space    used 546K, committed 640K, reserved 1048576K
[8.103s][info ][gc             ] GC(111) Pause Young (Allocation Failure) 486M->360M(989M) 24.897ms
[8.103s][info ][gc,cpu         ] GC(111) User=0.02s Sys=0.00s Real=0.03s
[8.103s][info ][safepoint      ] Safepoint "GenCollectForAllocation", Time since last: 31960697 ns, Reaching safepoint: 3000 ns, Cleanup: 3600 ns, At safepoint: 24921697 ns, Total: 24928297 ns
[8.135s][info ][gc,start       ] GC(112) Pause Young (Allocation Failure)
[8.135s][debug][gc,heap        ] GC(112) Heap before GC invocations=93 (full 19):
[8.135s][debug][gc,heap        ] GC(112)  def new generation   total 314560K, used 314521K [0x00000000c0000000, 0x00000000d5550000, 0x00000000d5550000)
[8.135s][debug][gc,heap        ] GC(112)   eden space 279616K, 100% used [0x00000000c0000000, 0x00000000d1110000, 0x00000000d1110000)
[8.135s][debug][gc,heap        ] GC(112)   from space 34944K,  99% used [0x00000000d1110000, 0x00000000d33265d0, 0x00000000d3330000)
[8.135s][debug][gc,heap        ] GC(112)   to   space 34944K,   0% used [0x00000000d3330000, 0x00000000d3330000, 0x00000000d5550000)
[8.135s][debug][gc,heap        ] GC(112)  tenured generation   total 699072K, used 334687K [0x00000000d5550000, 0x0000000100000000, 0x0000000100000000)
[8.135s][debug][gc,heap        ] GC(112)    the space 699072K,  47% used [0x00000000d5550000, 0x00000000e9c27e88, 0x00000000e9c28000, 0x0000000100000000)
[8.135s][debug][gc,heap        ] GC(112)  Metaspace       used 6360K, committed 6528K, reserved 1114112K
[8.135s][debug][gc,heap        ] GC(112)   class space    used 546K, committed 640K, reserved 1048576K
[8.165s][info ][gc,heap        ] GC(112) DefNew: 314521K(314560K)->34905K(314560K) Eden: 279616K(279616K)->0K(279616K) From: 34905K(34944K)->34905K(34944K)
[8.165s][info ][gc,heap        ] GC(112) Tenured: 334687K(699072K)->458707K(699072K)
[8.165s][info ][gc,metaspace   ] GC(112) Metaspace: 6360K(6528K)->6360K(6528K) NonClass: 5814K(5888K)->5814K(5888K) Class: 546K(640K)->546K(640K)
[8.165s][debug][gc,heap        ] GC(112) Heap after GC invocations=94 (full 19):
[8.165s][debug][gc,heap        ] GC(112)  def new generation   total 314560K, used 34905K [0x00000000c0000000, 0x00000000d5550000, 0x00000000d5550000)
[8.165s][debug][gc,heap        ] GC(112)   eden space 279616K,   0% used [0x00000000c0000000, 0x00000000c0000000, 0x00000000d1110000)
[8.165s][debug][gc,heap        ] GC(112)   from space 34944K,  99% used [0x00000000d3330000, 0x00000000d55465d0, 0x00000000d5550000)
[8.165s][debug][gc,heap        ] GC(112)   to   space 34944K,   0% used [0x00000000d1110000, 0x00000000d1110000, 0x00000000d3330000)
[8.165s][debug][gc,heap        ] GC(112)  tenured generation   total 699072K, used 458707K [0x00000000d5550000, 0x0000000100000000, 0x0000000100000000)
[8.165s][debug][gc,heap        ] GC(112)    the space 699072K,  65% used [0x00000000d5550000, 0x00000000f1544c08, 0x00000000f1544e00, 0x0000000100000000)
[8.165s][debug][gc,heap        ] GC(112)  Metaspace       used 6360K, committed 6528K, reserved 1114112K
[8.165s][debug][gc,heap        ] GC(112)   class space    used 546K, committed 640K, reserved 1048576K
[8.165s][info ][gc             ] GC(112) Pause Young (Allocation Failure) 633M->482M(989M) 29.612ms
[8.165s][info ][gc,cpu         ] GC(112) User=0.03s Sys=0.00s Real=0.03s
[8.165s][info ][safepoint      ] Safepoint "GenCollectForAllocation", Time since last: 31766697 ns, Reaching safepoint: 2900 ns, Cleanup: 3800 ns, At safepoint: 29635696 ns, Total: 29642396 ns
[8.199s][info ][gc,start       ] GC(113) Pause Young (Allocation Failure)
[8.199s][debug][gc,heap        ] GC(113) Heap before GC invocations=94 (full 19):
[8.199s][debug][gc,heap        ] GC(113)  def new generation   total 314560K, used 314521K [0x00000000c0000000, 0x00000000d5550000, 0x00000000d5550000)
[8.199s][debug][gc,heap        ] GC(113)   eden space 279616K, 100% used [0x00000000c0000000, 0x00000000d1110000, 0x00000000d1110000)
[8.199s][debug][gc,heap        ] GC(113)   from space 34944K,  99% used [0x00000000d3330000, 0x00000000d55465d0, 0x00000000d5550000)
[8.199s][debug][gc,heap        ] GC(113)   to   space 34944K,   0% used [0x00000000d1110000, 0x00000000d1110000, 0x00000000d3330000)
[8.199s][debug][gc,heap        ] GC(113)  tenured generation   total 699072K, used 458707K [0x00000000d5550000, 0x0000000100000000, 0x0000000100000000)
[8.199s][debug][gc,heap        ] GC(113)    the space 699072K,  65% used [0x00000000d5550000, 0x00000000f1544c08, 0x00000000f1544e00, 0x0000000100000000)
[8.199s][debug][gc,heap        ] GC(113)  Metaspace       used 6360K, committed 6528K, reserved 1114112K
[8.199s][debug][gc,heap        ] GC(113)   class space    used 546K, committed 640K, reserved 1048576K
[8.225s][info ][gc,heap        ] GC(113) DefNew: 314521K(314560K)->34905K(314560K) Eden: 279616K(279616K)->0K(279616K) From: 34905K(34944K)->34905K(34944K)
[8.225s][info ][gc,heap        ] GC(113) Tenured: 458707K(699072K)->582226K(699072K)
[8.225s][info ][gc,metaspace   ] GC(113) Metaspace: 6360K(6528K)->6360K(6528K) NonClass: 5814K(5888K)->5814K(5888K) Class: 546K(640K)->546K(640K)
[8.225s][debug][gc,heap        ] GC(113) Heap after GC invocations=95 (full 19):
[8.225s][debug][gc,heap        ] GC(113)  def new generation   total 314560K, used 34905K [0x00000000c0000000, 0x00000000d5550000, 0x00000000d5550000)
[8.225s][debug][gc,heap        ] GC(113)   eden space 279616K,   0% used [0x00000000c0000000, 0x00000000c0000000, 0x00000000d1110000)
[8.225s][debug][gc,heap        ] GC(113)   from space 34944K,  99% used [0x00000000d1110000, 0x00000000d33265d0, 0x00000000d3330000)
[8.225s][debug][gc,heap        ] GC(113)   to   space 34944K,   0% used [0x00000000d3330000, 0x00000000d3330000, 0x00000000d5550000)
[8.225s][debug][gc,heap        ] GC(113)  tenured generation   total 699072K, used 582226K [0x00000000d5550000, 0x0000000100000000, 0x0000000100000000)
[8.225s][debug][gc,heap        ] GC(113)    the space 699072K,  83% used [0x00000000d5550000, 0x00000000f8de4938, 0x00000000f8de4a00, 0x0000000100000000)
[8.225s][debug][gc,heap        ] GC(113)  Metaspace       used 6360K, committed 6528K, reserved 1114112K
[8.225s][debug][gc,heap        ] GC(113)   class space    used 546K, committed 640K, reserved 1048576K
[8.225s][info ][gc             ] GC(113) Pause Young (Allocation Failure) 755M->602M(989M) 26.082ms
[8.225s][info ][gc,cpu         ] GC(113) User=0.03s Sys=0.00s Real=0.03s
[8.225s][info ][safepoint      ] Safepoint "GenCollectForAllocation", Time since last: 33987197 ns, Reaching safepoint: 3300 ns, Cleanup: 3900 ns, At safepoint: 26107497 ns, Total: 26114697 ns
[8.257s][info ][gc,start       ] GC(114) Pause Young (Allocation Failure)
[8.257s][debug][gc,heap        ] GC(114) Heap before GC invocations=95 (full 19):
[8.257s][debug][gc,heap        ] GC(114)  def new generation   total 314560K, used 314521K [0x00000000c0000000, 0x00000000d5550000, 0x00000000d5550000)
[8.257s][debug][gc,heap        ] GC(114)   eden space 279616K, 100% used [0x00000000c0000000, 0x00000000d1110000, 0x00000000d1110000)
[8.257s][debug][gc,heap        ] GC(114)   from space 34944K,  99% used [0x00000000d1110000, 0x00000000d33265d0, 0x00000000d3330000)
[8.257s][debug][gc,heap        ] GC(114)   to   space 34944K,   0% used [0x00000000d3330000, 0x00000000d3330000, 0x00000000d5550000)
[8.257s][debug][gc,heap        ] GC(114)  tenured generation   total 699072K, used 582226K [0x00000000d5550000, 0x0000000100000000, 0x0000000100000000)
[8.257s][debug][gc,heap        ] GC(114)    the space 699072K,  83% used [0x00000000d5550000, 0x00000000f8de4938, 0x00000000f8de4a00, 0x0000000100000000)
[8.257s][debug][gc,heap        ] GC(114)  Metaspace       used 6360K, committed 6528K, reserved 1114112K
[8.257s][debug][gc,heap        ] GC(114)   class space    used 546K, committed 640K, reserved 1048576K
[8.257s][debug][gc,heap        ] GC(114) Heap after GC invocations=96 (full 19):
[8.257s][debug][gc,heap        ] GC(114)  def new generation   total 314560K, used 314521K [0x00000000c0000000, 0x00000000d5550000, 0x00000000d5550000)
[8.257s][debug][gc,heap        ] GC(114)   eden space 279616K, 100% used [0x00000000c0000000, 0x00000000d1110000, 0x00000000d1110000)
[8.257s][debug][gc,heap        ] GC(114)   from space 34944K,  99% used [0x00000000d1110000, 0x00000000d33265d0, 0x00000000d3330000)
[8.257s][debug][gc,heap        ] GC(114)   to   space 34944K,   0% used [0x00000000d3330000, 0x00000000d3330000, 0x00000000d5550000)
[8.257s][debug][gc,heap        ] GC(114)  tenured generation   total 699072K, used 582226K [0x00000000d5550000, 0x0000000100000000, 0x0000000100000000)
[8.257s][debug][gc,heap        ] GC(114)    the space 699072K,  83% used [0x00000000d5550000, 0x00000000f8de4938, 0x00000000f8de4a00, 0x0000000100000000)
[8.257s][debug][gc,heap        ] GC(114)  Metaspace       used 6360K, committed 6528K, reserved 1114112K
[8.257s][debug][gc,heap        ] GC(114)   class space    used 546K, committed 640K, reserved 1048576K
[8.257s][info ][gc             ] GC(114) Pause Young (Allocation Failure) 875M->875M(989M) 0.090ms
[8.257s][info ][gc,cpu         ] GC(114) User=0.00s Sys=0.00s Real=0.00s
[8.257s][info ][gc,start       ] GC(115) Pause Full (Allocation Failure)
[8.257s][debug][gc,heap        ] GC(115) Heap before GC invocations=96 (full 19):
[8.257s][debug][gc,heap        ] GC(115)  def new generation   total 314560K, used 314521K [0x00000000c0000000, 0x00000000d5550000, 0x00000000d5550000)
[8.257s][debug][gc,heap        ] GC(115)   eden space 279616K, 100% used [0x00000000c0000000, 0x00000000d1110000, 0x00000000d1110000)
[8.257s][debug][gc,heap        ] GC(115)   from space 34944K,  99% used [0x00000000d1110000, 0x00000000d33265d0, 0x00000000d3330000)
[8.257s][debug][gc,heap        ] GC(115)   to   space 34944K,   0% used [0x00000000d3330000, 0x00000000d3330000, 0x00000000d5550000)
[8.257s][debug][gc,heap        ] GC(115)  tenured generation   total 699072K, used 582226K [0x00000000d5550000, 0x0000000100000000, 0x0000000100000000)
[8.257s][debug][gc,heap        ] GC(115)    the space 699072K,  83% used [0x00000000d5550000, 0x00000000f8de4938, 0x00000000f8de4a00, 0x0000000100000000)
[8.257s][debug][gc,heap        ] GC(115)  Metaspace       used 6360K, committed 6528K, reserved 1114112K
[8.257s][debug][gc,heap        ] GC(115)   class space    used 546K, committed 640K, reserved 1048576K
[8.257s][info ][gc,phases,start] GC(115) Phase 1: Mark live objects
[8.258s][info ][gc,phases      ] GC(115) Phase 1: Mark live objects 0.942ms
[8.258s][info ][gc,phases,start] GC(115) Phase 2: Compute new object addresses
[8.259s][info ][gc,phases      ] GC(115) Phase 2: Compute new object addresses 1.252ms
[8.259s][info ][gc,phases,start] GC(115) Phase 3: Adjust pointers
[8.260s][info ][gc,phases      ] GC(115) Phase 3: Adjust pointers 0.639ms
[8.260s][info ][gc,phases,start] GC(115) Phase 4: Move objects
[8.291s][info ][gc,phases      ] GC(115) Phase 4: Move objects 31.335ms
[8.291s][info ][gc,heap        ] GC(115) DefNew: 314521K(314560K)->0K(314560K) Eden: 279616K(279616K)->0K(279616K) From: 34905K(34944K)->0K(34944K)
[8.291s][info ][gc,heap        ] GC(115) Tenured: 582226K(699072K)->200766K(699072K)
[8.291s][info ][gc,metaspace   ] GC(115) Metaspace: 6360K(6528K)->6360K(6528K) NonClass: 5814K(5888K)->5814K(5888K) Class: 546K(640K)->546K(640K)
[8.291s][debug][gc,heap        ] GC(115) Heap after GC invocations=96 (full 20):
[8.291s][debug][gc,heap        ] GC(115)  def new generation   total 314560K, used 0K [0x00000000c0000000, 0x00000000d5550000, 0x00000000d5550000)
[8.291s][debug][gc,heap        ] GC(115)   eden space 279616K,   0% used [0x00000000c0000000, 0x00000000c0000000, 0x00000000d1110000)
[8.291s][debug][gc,heap        ] GC(115)   from space 34944K,   0% used [0x00000000d1110000, 0x00000000d1110000, 0x00000000d3330000)
[8.291s][debug][gc,heap        ] GC(115)   to   space 34944K,   0% used [0x00000000d3330000, 0x00000000d3330000, 0x00000000d5550000)
[8.291s][debug][gc,heap        ] GC(115)  tenured generation   total 699072K, used 200766K [0x00000000d5550000, 0x0000000100000000, 0x0000000100000000)
[8.291s][debug][gc,heap        ] GC(115)    the space 699072K,  28% used [0x00000000d5550000, 0x00000000e195fad8, 0x00000000e195fc00, 0x0000000100000000)
[8.291s][debug][gc,heap        ] GC(115)  Metaspace       used 6360K, committed 6528K, reserved 1114112K
[8.291s][debug][gc,heap        ] GC(115)   class space    used 546K, committed 640K, reserved 1048576K
[8.291s][info ][gc             ] GC(115) Pause Full (Allocation Failure) 875M->196M(989M) 34.464ms
[8.291s][info ][gc,cpu         ] GC(115) User=0.03s Sys=0.00s Real=0.04s
[8.291s][info ][safepoint      ] Safepoint "GenCollectForAllocation", Time since last: 31866497 ns, Reaching safepoint: 3100 ns, Cleanup: 3900 ns, At safepoint: 34585296 ns, Total: 34592296 ns
[8.324s][info ][gc,start       ] GC(116) Pause Young (Allocation Failure)
[8.324s][debug][gc,heap        ] GC(116) Heap before GC invocations=96 (full 20):
[8.324s][debug][gc,heap        ] GC(116)  def new generation   total 314560K, used 279616K [0x00000000c0000000, 0x00000000d5550000, 0x00000000d5550000)
[8.324s][debug][gc,heap        ] GC(116)   eden space 279616K, 100% used [0x00000000c0000000, 0x00000000d1110000, 0x00000000d1110000)
[8.324s][debug][gc,heap        ] GC(116)   from space 34944K,   0% used [0x00000000d1110000, 0x00000000d1110000, 0x00000000d3330000)
[8.324s][debug][gc,heap        ] GC(116)   to   space 34944K,   0% used [0x00000000d3330000, 0x00000000d3330000, 0x00000000d5550000)
[8.324s][debug][gc,heap        ] GC(116)  tenured generation   total 699072K, used 200766K [0x00000000d5550000, 0x0000000100000000, 0x0000000100000000)
[8.324s][debug][gc,heap        ] GC(116)    the space 699072K,  28% used [0x00000000d5550000, 0x00000000e195fad8, 0x00000000e195fc00, 0x0000000100000000)
[8.324s][debug][gc,heap        ] GC(116)  Metaspace       used 6360K, committed 6528K, reserved 1114112K
[8.324s][debug][gc,heap        ] GC(116)   class space    used 546K, committed 640K, reserved 1048576K
[8.349s][info ][gc,heap        ] GC(116) DefNew: 279616K(314560K)->34905K(314560K) Eden: 279616K(279616K)->0K(279616K) From: 0K(34944K)->34905K(34944K)
[8.349s][info ][gc,heap        ] GC(116) Tenured: 200766K(699072K)->316484K(699072K)
[8.349s][info ][gc,metaspace   ] GC(116) Metaspace: 6360K(6528K)->6360K(6528K) NonClass: 5814K(5888K)->5814K(5888K) Class: 546K(640K)->546K(640K)
[8.349s][debug][gc,heap        ] GC(116) Heap after GC invocations=97 (full 20):
[8.349s][debug][gc,heap        ] GC(116)  def new generation   total 314560K, used 34905K [0x00000000c0000000, 0x00000000d5550000, 0x00000000d5550000)
[8.349s][debug][gc,heap        ] GC(116)   eden space 279616K,   0% used [0x00000000c0000000, 0x00000000c0000000, 0x00000000d1110000)
[8.349s][debug][gc,heap        ] GC(116)   from space 34944K,  99% used [0x00000000d3330000, 0x00000000d55465d0, 0x00000000d5550000)
[8.349s][debug][gc,heap        ] GC(116)   to   space 34944K,   0% used [0x00000000d1110000, 0x00000000d1110000, 0x00000000d3330000)
[8.349s][debug][gc,heap        ] GC(116)  tenured generation   total 699072K, used 316484K [0x00000000d5550000, 0x0000000100000000, 0x0000000100000000)
[8.349s][debug][gc,heap        ] GC(116)    the space 699072K,  45% used [0x00000000d5550000, 0x00000000e8a61328, 0x00000000e8a61400, 0x0000000100000000)
[8.349s][debug][gc,heap        ] GC(116)  Metaspace       used 6360K, committed 6528K, reserved 1114112K
[8.349s][debug][gc,heap        ] GC(116)   class space    used 546K, committed 640K, reserved 1048576K
[8.349s][info ][gc             ] GC(116) Pause Young (Allocation Failure) 469M->343M(989M) 24.746ms
[8.349s][info ][gc,cpu         ] GC(116) User=0.02s Sys=0.00s Real=0.02s
[8.349s][info ][safepoint      ] Safepoint "GenCollectForAllocation", Time since last: 32983697 ns, Reaching safepoint: 3400 ns, Cleanup: 4100 ns, At safepoint: 24771797 ns, Total: 24779297 ns
[8.381s][info ][gc,start       ] GC(117) Pause Young (Allocation Failure)
[8.381s][debug][gc,heap        ] GC(117) Heap before GC invocations=97 (full 20):
[8.381s][debug][gc,heap        ] GC(117)  def new generation   total 314560K, used 314521K [0x00000000c0000000, 0x00000000d5550000, 0x00000000d5550000)
[8.381s][debug][gc,heap        ] GC(117)   eden space 279616K, 100% used [0x00000000c0000000, 0x00000000d1110000, 0x00000000d1110000)
[8.381s][debug][gc,heap        ] GC(117)   from space 34944K,  99% used [0x00000000d3330000, 0x00000000d55465d0, 0x00000000d5550000)
[8.381s][debug][gc,heap        ] GC(117)   to   space 34944K,   0% used [0x00000000d1110000, 0x00000000d1110000, 0x00000000d3330000)
[8.381s][debug][gc,heap        ] GC(117)  tenured generation   total 699072K, used 316484K [0x00000000d5550000, 0x0000000100000000, 0x0000000100000000)
[8.381s][debug][gc,heap        ] GC(117)    the space 699072K,  45% used [0x00000000d5550000, 0x00000000e8a61328, 0x00000000e8a61400, 0x0000000100000000)
[8.381s][debug][gc,heap        ] GC(117)  Metaspace       used 6360K, committed 6528K, reserved 1114112K
[8.381s][debug][gc,heap        ] GC(117)   class space    used 546K, committed 640K, reserved 1048576K
[8.407s][info ][gc,heap        ] GC(117) DefNew: 314521K(314560K)->34905K(314560K) Eden: 279616K(279616K)->0K(279616K) From: 34905K(34944K)->34905K(34944K)
[8.407s][info ][gc,heap        ] GC(117) Tenured: 316484K(699072K)->440204K(699072K)
[8.407s][info ][gc,metaspace   ] GC(117) Metaspace: 6360K(6528K)->6360K(6528K) NonClass: 5814K(5888K)->5814K(5888K) Class: 546K(640K)->546K(640K)
[8.407s][debug][gc,heap        ] GC(117) Heap after GC invocations=98 (full 20):
[8.407s][debug][gc,heap        ] GC(117)  def new generation   total 314560K, used 34905K [0x00000000c0000000, 0x00000000d5550000, 0x00000000d5550000)
[8.407s][debug][gc,heap        ] GC(117)   eden space 279616K,   0% used [0x00000000c0000000, 0x00000000c0000000, 0x00000000d1110000)
[8.407s][debug][gc,heap        ] GC(117)   from space 34944K,  99% used [0x00000000d1110000, 0x00000000d33265d0, 0x00000000d3330000)
[8.407s][debug][gc,heap        ] GC(117)   to   space 34944K,   0% used [0x00000000d3330000, 0x00000000d3330000, 0x00000000d5550000)
[8.407s][debug][gc,heap        ] GC(117)  tenured generation   total 699072K, used 440204K [0x00000000d5550000, 0x0000000100000000, 0x0000000100000000)
[8.407s][debug][gc,heap        ] GC(117)    the space 699072K,  62% used [0x00000000d5550000, 0x00000000f0333078, 0x00000000f0333200, 0x0000000100000000)
[8.407s][debug][gc,heap        ] GC(117)  Metaspace       used 6360K, committed 6528K, reserved 1114112K
[8.407s][debug][gc,heap        ] GC(117)   class space    used 546K, committed 640K, reserved 1048576K
[8.407s][info ][gc             ] GC(117) Pause Young (Allocation Failure) 616M->463M(989M) 25.491ms
[8.407s][info ][gc,cpu         ] GC(117) User=0.03s Sys=0.00s Real=0.02s
[8.407s][info ][safepoint      ] Safepoint "GenCollectForAllocation", Time since last: 32218196 ns, Reaching safepoint: 2900 ns, Cleanup: 3700 ns, At safepoint: 25517498 ns, Total: 25524098 ns
[8.439s][info ][gc,start       ] GC(118) Pause Young (Allocation Failure)
[8.439s][debug][gc,heap        ] GC(118) Heap before GC invocations=98 (full 20):
[8.439s][debug][gc,heap        ] GC(118)  def new generation   total 314560K, used 314521K [0x00000000c0000000, 0x00000000d5550000, 0x00000000d5550000)
[8.439s][debug][gc,heap        ] GC(118)   eden space 279616K, 100% used [0x00000000c0000000, 0x00000000d1110000, 0x00000000d1110000)
[8.439s][debug][gc,heap        ] GC(118)   from space 34944K,  99% used [0x00000000d1110000, 0x00000000d33265d0, 0x00000000d3330000)
[8.439s][debug][gc,heap        ] GC(118)   to   space 34944K,   0% used [0x00000000d3330000, 0x00000000d3330000, 0x00000000d5550000)
[8.439s][debug][gc,heap        ] GC(118)  tenured generation   total 699072K, used 440204K [0x00000000d5550000, 0x0000000100000000, 0x0000000100000000)
[8.439s][debug][gc,heap        ] GC(118)    the space 699072K,  62% used [0x00000000d5550000, 0x00000000f0333078, 0x00000000f0333200, 0x0000000100000000)
[8.439s][debug][gc,heap        ] GC(118)  Metaspace       used 6360K, committed 6528K, reserved 1114112K
[8.439s][debug][gc,heap        ] GC(118)   class space    used 546K, committed 640K, reserved 1048576K
[8.465s][info ][gc,heap        ] GC(118) DefNew: 314521K(314560K)->34905K(314560K) Eden: 279616K(279616K)->0K(279616K) From: 34905K(34944K)->34905K(34944K)
[8.465s][info ][gc,heap        ] GC(118) Tenured: 440204K(699072K)->565623K(699072K)
[8.465s][info ][gc,metaspace   ] GC(118) Metaspace: 6360K(6528K)->6360K(6528K) NonClass: 5814K(5888K)->5814K(5888K) Class: 546K(640K)->546K(640K)
[8.465s][debug][gc,heap        ] GC(118) Heap after GC invocations=99 (full 20):
[8.465s][debug][gc,heap        ] GC(118)  def new generation   total 314560K, used 34905K [0x00000000c0000000, 0x00000000d5550000, 0x00000000d5550000)
[8.465s][debug][gc,heap        ] GC(118)   eden space 279616K,   0% used [0x00000000c0000000, 0x00000000c0000000, 0x00000000d1110000)
[8.465s][debug][gc,heap        ] GC(118)   from space 34944K,  99% used [0x00000000d3330000, 0x00000000d55465d0, 0x00000000d5550000)
[8.465s][debug][gc,heap        ] GC(118)   to   space 34944K,   0% used [0x00000000d1110000, 0x00000000d1110000, 0x00000000d3330000)
[8.465s][debug][gc,heap        ] GC(118)  tenured generation   total 699072K, used 565623K [0x00000000d5550000, 0x0000000100000000, 0x0000000100000000)
[8.465s][debug][gc,heap        ] GC(118)    the space 699072K,  80% used [0x00000000d5550000, 0x00000000f7daded8, 0x00000000f7dae000, 0x0000000100000000)
[8.465s][debug][gc,heap        ] GC(118)  Metaspace       used 6360K, committed 6528K, reserved 1114112K
[8.465s][debug][gc,heap        ] GC(118)   class space    used 546K, committed 640K, reserved 1048576K
[8.465s][info ][gc             ] GC(118) Pause Young (Allocation Failure) 737M->586M(989M) 26.179ms
[8.465s][info ][gc,cpu         ] GC(118) User=0.03s Sys=0.00s Real=0.03s
[8.465s][info ][safepoint      ] Safepoint "GenCollectForAllocation", Time since last: 32033696 ns, Reaching safepoint: 2900 ns, Cleanup: 3700 ns, At safepoint: 26203398 ns, Total: 26209998 ns
[8.497s][info ][gc,start       ] GC(119) Pause Young (Allocation Failure)
[8.497s][debug][gc,heap        ] GC(119) Heap before GC invocations=99 (full 20):
[8.497s][debug][gc,heap        ] GC(119)  def new generation   total 314560K, used 314521K [0x00000000c0000000, 0x00000000d5550000, 0x00000000d5550000)
[8.497s][debug][gc,heap        ] GC(119)   eden space 279616K, 100% used [0x00000000c0000000, 0x00000000d1110000, 0x00000000d1110000)
[8.497s][debug][gc,heap        ] GC(119)   from space 34944K,  99% used [0x00000000d3330000, 0x00000000d55465d0, 0x00000000d5550000)
[8.497s][debug][gc,heap        ] GC(119)   to   space 34944K,   0% used [0x00000000d1110000, 0x00000000d1110000, 0x00000000d3330000)
[8.497s][debug][gc,heap        ] GC(119)  tenured generation   total 699072K, used 565623K [0x00000000d5550000, 0x0000000100000000, 0x0000000100000000)
[8.497s][debug][gc,heap        ] GC(119)    the space 699072K,  80% used [0x00000000d5550000, 0x00000000f7daded8, 0x00000000f7dae000, 0x0000000100000000)
[8.497s][debug][gc,heap        ] GC(119)  Metaspace       used 6360K, committed 6528K, reserved 1114112K
[8.497s][debug][gc,heap        ] GC(119)   class space    used 546K, committed 640K, reserved 1048576K
[8.497s][debug][gc,heap        ] GC(119) Heap after GC invocations=100 (full 20):
[8.497s][debug][gc,heap        ] GC(119)  def new generation   total 314560K, used 314521K [0x00000000c0000000, 0x00000000d5550000, 0x00000000d5550000)
[8.497s][debug][gc,heap        ] GC(119)   eden space 279616K, 100% used [0x00000000c0000000, 0x00000000d1110000, 0x00000000d1110000)
[8.498s][debug][gc,heap        ] GC(119)   from space 34944K,  99% used [0x00000000d3330000, 0x00000000d55465d0, 0x00000000d5550000)
[8.498s][debug][gc,heap        ] GC(119)   to   space 34944K,   0% used [0x00000000d1110000, 0x00000000d1110000, 0x00000000d3330000)
[8.498s][debug][gc,heap        ] GC(119)  tenured generation   total 699072K, used 565623K [0x00000000d5550000, 0x0000000100000000, 0x0000000100000000)
[8.498s][debug][gc,heap        ] GC(119)    the space 699072K,  80% used [0x00000000d5550000, 0x00000000f7daded8, 0x00000000f7dae000, 0x0000000100000000)
[8.498s][debug][gc,heap        ] GC(119)  Metaspace       used 6360K, committed 6528K, reserved 1114112K
[8.498s][debug][gc,heap        ] GC(119)   class space    used 546K, committed 640K, reserved 1048576K
[8.498s][info ][gc             ] GC(119) Pause Young (Allocation Failure) 859M->859M(989M) 0.145ms
[8.498s][info ][gc,cpu         ] GC(119) User=0.00s Sys=0.00s Real=0.00s
[8.498s][info ][gc,start       ] GC(120) Pause Full (Allocation Failure)
[8.498s][debug][gc,heap        ] GC(120) Heap before GC invocations=100 (full 20):
[8.498s][debug][gc,heap        ] GC(120)  def new generation   total 314560K, used 314521K [0x00000000c0000000, 0x00000000d5550000, 0x00000000d5550000)
[8.498s][debug][gc,heap        ] GC(120)   eden space 279616K, 100% used [0x00000000c0000000, 0x00000000d1110000, 0x00000000d1110000)
[8.498s][debug][gc,heap        ] GC(120)   from space 34944K,  99% used [0x00000000d3330000, 0x00000000d55465d0, 0x00000000d5550000)
[8.498s][debug][gc,heap        ] GC(120)   to   space 34944K,   0% used [0x00000000d1110000, 0x00000000d1110000, 0x00000000d3330000)
[8.498s][debug][gc,heap        ] GC(120)  tenured generation   total 699072K, used 565623K [0x00000000d5550000, 0x0000000100000000, 0x0000000100000000)
[8.498s][debug][gc,heap        ] GC(120)    the space 699072K,  80% used [0x00000000d5550000, 0x00000000f7daded8, 0x00000000f7dae000, 0x0000000100000000)
[8.498s][debug][gc,heap        ] GC(120)  Metaspace       used 6360K, committed 6528K, reserved 1114112K
[8.498s][debug][gc,heap        ] GC(120)   class space    used 546K, committed 640K, reserved 1048576K
[8.498s][info ][gc,phases,start] GC(120) Phase 1: Mark live objects
[8.499s][info ][gc,phases      ] GC(120) Phase 1: Mark live objects 1.057ms
[8.499s][info ][gc,phases,start] GC(120) Phase 2: Compute new object addresses
[8.500s][info ][gc,phases      ] GC(120) Phase 2: Compute new object addresses 1.241ms
[8.500s][info ][gc,phases,start] GC(120) Phase 3: Adjust pointers
[8.501s][info ][gc,phases      ] GC(120) Phase 3: Adjust pointers 0.640ms
[8.501s][info ][gc,phases,start] GC(120) Phase 4: Move objects
[8.531s][info ][gc,phases      ] GC(120) Phase 4: Move objects 30.928ms
[8.532s][info ][gc,heap        ] GC(120) DefNew: 314521K(314560K)->0K(314560K) Eden: 279616K(279616K)->0K(279616K) From: 34905K(34944K)->0K(34944K)
[8.532s][info ][gc,heap        ] GC(120) Tenured: 565623K(699072K)->200766K(699072K)
[8.532s][info ][gc,metaspace   ] GC(120) Metaspace: 6360K(6528K)->6360K(6528K) NonClass: 5814K(5888K)->5814K(5888K) Class: 546K(640K)->546K(640K)
[8.532s][debug][gc,heap        ] GC(120) Heap after GC invocations=100 (full 21):
[8.532s][debug][gc,heap        ] GC(120)  def new generation   total 314560K, used 0K [0x00000000c0000000, 0x00000000d5550000, 0x00000000d5550000)
[8.532s][debug][gc,heap        ] GC(120)   eden space 279616K,   0% used [0x00000000c0000000, 0x00000000c0000000, 0x00000000d1110000)
[8.532s][debug][gc,heap        ] GC(120)   from space 34944K,   0% used [0x00000000d3330000, 0x00000000d3330000, 0x00000000d5550000)
[8.532s][debug][gc,heap        ] GC(120)   to   space 34944K,   0% used [0x00000000d1110000, 0x00000000d1110000, 0x00000000d3330000)
[8.532s][debug][gc,heap        ] GC(120)  tenured generation   total 699072K, used 200766K [0x00000000d5550000, 0x0000000100000000, 0x0000000100000000)
[8.532s][debug][gc,heap        ] GC(120)    the space 699072K,  28% used [0x00000000d5550000, 0x00000000e195fad8, 0x00000000e195fc00, 0x0000000100000000)
[8.532s][debug][gc,heap        ] GC(120)  Metaspace       used 6360K, committed 6528K, reserved 1114112K
[8.532s][debug][gc,heap        ] GC(120)   class space    used 546K, committed 640K, reserved 1048576K
[8.532s][info ][gc             ] GC(120) Pause Full (Allocation Failure) 859M->196M(989M) 34.143ms
[8.532s][info ][gc,cpu         ] GC(120) User=0.03s Sys=0.00s Real=0.04s
[8.532s][info ][safepoint      ] Safepoint "GenCollectForAllocation", Time since last: 32269396 ns, Reaching safepoint: 3400 ns, Cleanup: 3500 ns, At safepoint: 34320697 ns, Total: 34327597 ns
[8.564s][info ][gc,start       ] GC(121) Pause Young (Allocation Failure)
[8.564s][debug][gc,heap        ] GC(121) Heap before GC invocations=100 (full 21):
[8.564s][debug][gc,heap        ] GC(121)  def new generation   total 314560K, used 279616K [0x00000000c0000000, 0x00000000d5550000, 0x00000000d5550000)
[8.564s][debug][gc,heap        ] GC(121)   eden space 279616K, 100% used [0x00000000c0000000, 0x00000000d1110000, 0x00000000d1110000)
[8.564s][debug][gc,heap        ] GC(121)   from space 34944K,   0% used [0x00000000d3330000, 0x00000000d3330000, 0x00000000d5550000)
[8.564s][debug][gc,heap        ] GC(121)   to   space 34944K,   0% used [0x00000000d1110000, 0x00000000d1110000, 0x00000000d3330000)
[8.564s][debug][gc,heap        ] GC(121)  tenured generation   total 699072K, used 200766K [0x00000000d5550000, 0x0000000100000000, 0x0000000100000000)
[8.564s][debug][gc,heap        ] GC(121)    the space 699072K,  28% used [0x00000000d5550000, 0x00000000e195fad8, 0x00000000e195fc00, 0x0000000100000000)
[8.564s][debug][gc,heap        ] GC(121)  Metaspace       used 6360K, committed 6528K, reserved 1114112K
[8.564s][debug][gc,heap        ] GC(121)   class space    used 546K, committed 640K, reserved 1048576K
[8.587s][info ][gc,heap        ] GC(121) DefNew: 279616K(314560K)->34905K(314560K) Eden: 279616K(279616K)->0K(279616K) From: 0K(34944K)->34905K(34944K)
[8.587s][info ][gc,heap        ] GC(121) Tenured: 200766K(699072K)->316284K(699072K)
[8.587s][info ][gc,metaspace   ] GC(121) Metaspace: 6360K(6528K)->6360K(6528K) NonClass: 5814K(5888K)->5814K(5888K) Class: 546K(640K)->546K(640K)
[8.587s][debug][gc,heap        ] GC(121) Heap after GC invocations=101 (full 21):
[8.587s][debug][gc,heap        ] GC(121)  def new generation   total 314560K, used 34905K [0x00000000c0000000, 0x00000000d5550000, 0x00000000d5550000)
[8.587s][debug][gc,heap        ] GC(121)   eden space 279616K,   0% used [0x00000000c0000000, 0x00000000c0000000, 0x00000000d1110000)
[8.587s][debug][gc,heap        ] GC(121)   from space 34944K,  99% used [0x00000000d1110000, 0x00000000d33265d0, 0x00000000d3330000)
[8.587s][debug][gc,heap        ] GC(121)   to   space 34944K,   0% used [0x00000000d3330000, 0x00000000d3330000, 0x00000000d5550000)
[8.588s][debug][gc,heap        ] GC(121)  tenured generation   total 699072K, used 316284K [0x00000000d5550000, 0x0000000100000000, 0x0000000100000000)
[8.588s][debug][gc,heap        ] GC(121)    the space 699072K,  45% used [0x00000000d5550000, 0x00000000e8a2f308, 0x00000000e8a2f400, 0x0000000100000000)
[8.588s][debug][gc,heap        ] GC(121)  Metaspace       used 6360K, committed 6528K, reserved 1114112K
[8.588s][debug][gc,heap        ] GC(121)   class space    used 546K, committed 640K, reserved 1048576K
[8.588s][info ][gc             ] GC(121) Pause Young (Allocation Failure) 469M->342M(989M) 23.764ms
[8.588s][info ][gc,cpu         ] GC(121) User=0.03s Sys=0.00s Real=0.02s
[8.588s][info ][safepoint      ] Safepoint "GenCollectForAllocation", Time since last: 32055896 ns, Reaching safepoint: 2800 ns, Cleanup: 3500 ns, At safepoint: 23786998 ns, Total: 23793298 ns
[8.630s][info ][gc,start       ] GC(122) Pause Young (Allocation Failure)
[8.630s][debug][gc,heap        ] GC(122) Heap before GC invocations=101 (full 21):
[8.630s][debug][gc,heap        ] GC(122)  def new generation   total 314560K, used 314521K [0x00000000c0000000, 0x00000000d5550000, 0x00000000d5550000)
[8.630s][debug][gc,heap        ] GC(122)   eden space 279616K, 100% used [0x00000000c0000000, 0x00000000d1110000, 0x00000000d1110000)
[8.630s][debug][gc,heap        ] GC(122)   from space 34944K,  99% used [0x00000000d1110000, 0x00000000d33265d0, 0x00000000d3330000)
[8.630s][debug][gc,heap        ] GC(122)   to   space 34944K,   0% used [0x00000000d3330000, 0x00000000d3330000, 0x00000000d5550000)
[8.630s][debug][gc,heap        ] GC(122)  tenured generation   total 699072K, used 316284K [0x00000000d5550000, 0x0000000100000000, 0x0000000100000000)
[8.630s][debug][gc,heap        ] GC(122)    the space 699072K,  45% used [0x00000000d5550000, 0x00000000e8a2f308, 0x00000000e8a2f400, 0x0000000100000000)
[8.630s][debug][gc,heap        ] GC(122)  Metaspace       used 6360K, committed 6528K, reserved 1114112K
[8.630s][debug][gc,heap        ] GC(122)   class space    used 546K, committed 640K, reserved 1048576K
[8.658s][info ][gc,heap        ] GC(122) DefNew: 314521K(314560K)->34905K(314560K) Eden: 279616K(279616K)->0K(279616K) From: 34905K(34944K)->34905K(34944K)
[8.658s][info ][gc,heap        ] GC(122) Tenured: 316284K(699072K)->439403K(699072K)
[8.658s][info ][gc,metaspace   ] GC(122) Metaspace: 6360K(6528K)->6360K(6528K) NonClass: 5814K(5888K)->5814K(5888K) Class: 546K(640K)->546K(640K)
[8.658s][debug][gc,heap        ] GC(122) Heap after GC invocations=102 (full 21):
[8.658s][debug][gc,heap        ] GC(122)  def new generation   total 314560K, used 34905K [0x00000000c0000000, 0x00000000d5550000, 0x00000000d5550000)
[8.658s][debug][gc,heap        ] GC(122)   eden space 279616K,   0% used [0x00000000c0000000, 0x00000000c0000000, 0x00000000d1110000)
[8.658s][debug][gc,heap        ] GC(122)   from space 34944K,  99% used [0x00000000d3330000, 0x00000000d55465d0, 0x00000000d5550000)
[8.658s][debug][gc,heap        ] GC(122)   to   space 34944K,   0% used [0x00000000d1110000, 0x00000000d1110000, 0x00000000d3330000)
[8.658s][debug][gc,heap        ] GC(122)  tenured generation   total 699072K, used 439403K [0x00000000d5550000, 0x0000000100000000, 0x0000000100000000)
[8.658s][debug][gc,heap        ] GC(122)    the space 699072K,  62% used [0x00000000d5550000, 0x00000000f026aff8, 0x00000000f026b000, 0x0000000100000000)
[8.658s][debug][gc,heap        ] GC(122)  Metaspace       used 6360K, committed 6528K, reserved 1114112K
[8.658s][debug][gc,heap        ] GC(122)   class space    used 546K, committed 640K, reserved 1048576K
[8.658s][info ][gc             ] GC(122) Pause Young (Allocation Failure) 616M->463M(989M) 27.670ms
[8.658s][info ][gc,cpu         ] GC(122) User=0.03s Sys=0.00s Real=0.03s
[8.658s][info ][safepoint      ] Safepoint "GenCollectForAllocation", Time since last: 42396495 ns, Reaching safepoint: 3800 ns, Cleanup: 4000 ns, At safepoint: 27695497 ns, Total: 27703297 ns
[8.690s][info ][gc,start       ] GC(123) Pause Young (Allocation Failure)
[8.690s][debug][gc,heap        ] GC(123) Heap before GC invocations=102 (full 21):
[8.690s][debug][gc,heap        ] GC(123)  def new generation   total 314560K, used 314521K [0x00000000c0000000, 0x00000000d5550000, 0x00000000d5550000)
[8.690s][debug][gc,heap        ] GC(123)   eden space 279616K, 100% used [0x00000000c0000000, 0x00000000d1110000, 0x00000000d1110000)
[8.690s][debug][gc,heap        ] GC(123)   from space 34944K,  99% used [0x00000000d3330000, 0x00000000d55465d0, 0x00000000d5550000)
[8.690s][debug][gc,heap        ] GC(123)   to   space 34944K,   0% used [0x00000000d1110000, 0x00000000d1110000, 0x00000000d3330000)
[8.690s][debug][gc,heap        ] GC(123)  tenured generation   total 699072K, used 439403K [0x00000000d5550000, 0x0000000100000000, 0x0000000100000000)
[8.690s][debug][gc,heap        ] GC(123)    the space 699072K,  62% used [0x00000000d5550000, 0x00000000f026aff8, 0x00000000f026b000, 0x0000000100000000)
[8.690s][debug][gc,heap        ] GC(123)  Metaspace       used 6360K, committed 6528K, reserved 1114112K
[8.690s][debug][gc,heap        ] GC(123)   class space    used 546K, committed 640K, reserved 1048576K
[8.716s][info ][gc,heap        ] GC(123) DefNew: 314521K(314560K)->34905K(314560K) Eden: 279616K(279616K)->0K(279616K) From: 34905K(34944K)->34905K(34944K)
[8.716s][info ][gc,heap        ] GC(123) Tenured: 439403K(699072K)->561923K(699072K)
[8.716s][info ][gc,metaspace   ] GC(123) Metaspace: 6360K(6528K)->6360K(6528K) NonClass: 5814K(5888K)->5814K(5888K) Class: 546K(640K)->546K(640K)
[8.716s][debug][gc,heap        ] GC(123) Heap after GC invocations=103 (full 21):
[8.716s][debug][gc,heap        ] GC(123)  def new generation   total 314560K, used 34905K [0x00000000c0000000, 0x00000000d5550000, 0x00000000d5550000)
[8.716s][debug][gc,heap        ] GC(123)   eden space 279616K,   0% used [0x00000000c0000000, 0x00000000c0000000, 0x00000000d1110000)
[8.716s][debug][gc,heap        ] GC(123)   from space 34944K,  99% used [0x00000000d1110000, 0x00000000d33265d0, 0x00000000d3330000)
[8.716s][debug][gc,heap        ] GC(123)   to   space 34944K,   0% used [0x00000000d3330000, 0x00000000d3330000, 0x00000000d5550000)
[8.716s][debug][gc,heap        ] GC(123)  tenured generation   total 699072K, used 561923K [0x00000000d5550000, 0x0000000100000000, 0x0000000100000000)
[8.716s][debug][gc,heap        ] GC(123)    the space 699072K,  80% used [0x00000000d5550000, 0x00000000f7a10c88, 0x00000000f7a10e00, 0x0000000100000000)
[8.716s][debug][gc,heap        ] GC(123)  Metaspace       used 6360K, committed 6528K, reserved 1114112K
[8.716s][debug][gc,heap        ] GC(123)   class space    used 546K, committed 640K, reserved 1048576K
[8.716s][info ][gc             ] GC(123) Pause Young (Allocation Failure) 736M->582M(989M) 25.801ms
[8.716s][info ][gc,cpu         ] GC(123) User=0.03s Sys=0.00s Real=0.03s
[8.716s][info ][safepoint      ] Safepoint "GenCollectForAllocation", Time since last: 32271097 ns, Reaching safepoint: 3100 ns, Cleanup: 4100 ns, At safepoint: 25827897 ns, Total: 25835097 ns
[8.748s][info ][gc,start       ] GC(124) Pause Young (Allocation Failure)
[8.748s][debug][gc,heap        ] GC(124) Heap before GC invocations=103 (full 21):
[8.748s][debug][gc,heap        ] GC(124)  def new generation   total 314560K, used 314521K [0x00000000c0000000, 0x00000000d5550000, 0x00000000d5550000)
[8.748s][debug][gc,heap        ] GC(124)   eden space 279616K, 100% used [0x00000000c0000000, 0x00000000d1110000, 0x00000000d1110000)
[8.748s][debug][gc,heap        ] GC(124)   from space 34944K,  99% used [0x00000000d1110000, 0x00000000d33265d0, 0x00000000d3330000)
[8.748s][debug][gc,heap        ] GC(124)   to   space 34944K,   0% used [0x00000000d3330000, 0x00000000d3330000, 0x00000000d5550000)
[8.748s][debug][gc,heap        ] GC(124)  tenured generation   total 699072K, used 561923K [0x00000000d5550000, 0x0000000100000000, 0x0000000100000000)
[8.748s][debug][gc,heap        ] GC(124)    the space 699072K,  80% used [0x00000000d5550000, 0x00000000f7a10c88, 0x00000000f7a10e00, 0x0000000100000000)
[8.748s][debug][gc,heap        ] GC(124)  Metaspace       used 6360K, committed 6528K, reserved 1114112K
[8.748s][debug][gc,heap        ] GC(124)   class space    used 546K, committed 640K, reserved 1048576K
[8.748s][debug][gc,heap        ] GC(124) Heap after GC invocations=104 (full 21):
[8.748s][debug][gc,heap        ] GC(124)  def new generation   total 314560K, used 314521K [0x00000000c0000000, 0x00000000d5550000, 0x00000000d5550000)
[8.748s][debug][gc,heap        ] GC(124)   eden space 279616K, 100% used [0x00000000c0000000, 0x00000000d1110000, 0x00000000d1110000)
[8.748s][debug][gc,heap        ] GC(124)   from space 34944K,  99% used [0x00000000d1110000, 0x00000000d33265d0, 0x00000000d3330000)
[8.748s][debug][gc,heap        ] GC(124)   to   space 34944K,   0% used [0x00000000d3330000, 0x00000000d3330000, 0x00000000d5550000)
[8.748s][debug][gc,heap        ] GC(124)  tenured generation   total 699072K, used 561923K [0x00000000d5550000, 0x0000000100000000, 0x0000000100000000)
[8.748s][debug][gc,heap        ] GC(124)    the space 699072K,  80% used [0x00000000d5550000, 0x00000000f7a10c88, 0x00000000f7a10e00, 0x0000000100000000)
[8.748s][debug][gc,heap        ] GC(124)  Metaspace       used 6360K, committed 6528K, reserved 1114112K
[8.748s][debug][gc,heap        ] GC(124)   class space    used 546K, committed 640K, reserved 1048576K
[8.748s][info ][gc             ] GC(124) Pause Young (Allocation Failure) 855M->855M(989M) 0.152ms
[8.748s][info ][gc,cpu         ] GC(124) User=0.00s Sys=0.00s Real=0.00s
[8.748s][info ][gc,start       ] GC(125) Pause Full (Allocation Failure)
[8.748s][debug][gc,heap        ] GC(125) Heap before GC invocations=104 (full 21):
[8.748s][debug][gc,heap        ] GC(125)  def new generation   total 314560K, used 314521K [0x00000000c0000000, 0x00000000d5550000, 0x00000000d5550000)
[8.748s][debug][gc,heap        ] GC(125)   eden space 279616K, 100% used [0x00000000c0000000, 0x00000000d1110000, 0x00000000d1110000)
[8.748s][debug][gc,heap        ] GC(125)   from space 34944K,  99% used [0x00000000d1110000, 0x00000000d33265d0, 0x00000000d3330000)
[8.748s][debug][gc,heap        ] GC(125)   to   space 34944K,   0% used [0x00000000d3330000, 0x00000000d3330000, 0x00000000d5550000)
[8.748s][debug][gc,heap        ] GC(125)  tenured generation   total 699072K, used 561923K [0x00000000d5550000, 0x0000000100000000, 0x0000000100000000)
[8.748s][debug][gc,heap        ] GC(125)    the space 699072K,  80% used [0x00000000d5550000, 0x00000000f7a10c88, 0x00000000f7a10e00, 0x0000000100000000)
[8.748s][debug][gc,heap        ] GC(125)  Metaspace       used 6360K, committed 6528K, reserved 1114112K
[8.748s][debug][gc,heap        ] GC(125)   class space    used 546K, committed 640K, reserved 1048576K
[8.748s][info ][gc,phases,start] GC(125) Phase 1: Mark live objects
[8.749s][info ][gc,phases      ] GC(125) Phase 1: Mark live objects 0.939ms
[8.749s][info ][gc,phases,start] GC(125) Phase 2: Compute new object addresses
[8.750s][info ][gc,phases      ] GC(125) Phase 2: Compute new object addresses 1.232ms
[8.750s][info ][gc,phases,start] GC(125) Phase 3: Adjust pointers
[8.751s][info ][gc,phases      ] GC(125) Phase 3: Adjust pointers 0.656ms
[8.751s][info ][gc,phases,start] GC(125) Phase 4: Move objects
[8.781s][info ][gc,phases      ] GC(125) Phase 4: Move objects 30.738ms
[8.782s][info ][gc,heap        ] GC(125) DefNew: 314521K(314560K)->0K(314560K) Eden: 279616K(279616K)->0K(279616K) From: 34905K(34944K)->0K(34944K)
[8.782s][info ][gc,heap        ] GC(125) Tenured: 561923K(699072K)->234972K(699072K)
[8.782s][info ][gc,metaspace   ] GC(125) Metaspace: 6360K(6528K)->6360K(6528K) NonClass: 5814K(5888K)->5814K(5888K) Class: 546K(640K)->546K(640K)
[8.782s][debug][gc,heap        ] GC(125) Heap after GC invocations=104 (full 22):
[8.782s][debug][gc,heap        ] GC(125)  def new generation   total 314560K, used 0K [0x00000000c0000000, 0x00000000d5550000, 0x00000000d5550000)
[8.782s][debug][gc,heap        ] GC(125)   eden space 279616K,   0% used [0x00000000c0000000, 0x00000000c0000000, 0x00000000d1110000)
[8.782s][debug][gc,heap        ] GC(125)   from space 34944K,   0% used [0x00000000d1110000, 0x00000000d1110000, 0x00000000d3330000)
[8.782s][debug][gc,heap        ] GC(125)   to   space 34944K,   0% used [0x00000000d3330000, 0x00000000d3330000, 0x00000000d5550000)
[8.782s][debug][gc,heap        ] GC(125)  tenured generation   total 699072K, used 234972K [0x00000000d5550000, 0x0000000100000000, 0x0000000100000000)
[8.782s][debug][gc,heap        ] GC(125)    the space 699072K,  33% used [0x00000000d5550000, 0x00000000e3ac7038, 0x00000000e3ac7200, 0x0000000100000000)
[8.782s][debug][gc,heap        ] GC(125)  Metaspace       used 6360K, committed 6528K, reserved 1114112K
[8.782s][debug][gc,heap        ] GC(125)   class space    used 546K, committed 640K, reserved 1048576K
[8.782s][info ][gc             ] GC(125) Pause Full (Allocation Failure) 855M->229M(989M) 33.868ms
[8.782s][info ][gc,cpu         ] GC(125) User=0.03s Sys=0.00s Real=0.04s
[8.782s][info ][safepoint      ] Safepoint "GenCollectForAllocation", Time since last: 31886897 ns, Reaching safepoint: 2700 ns, Cleanup: 3900 ns, At safepoint: 34053596 ns, Total: 34060196 ns
[8.813s][info ][gc,start       ] GC(126) Pause Young (Allocation Failure)
[8.813s][debug][gc,heap        ] GC(126) Heap before GC invocations=104 (full 22):
[8.813s][debug][gc,heap        ] GC(126)  def new generation   total 314560K, used 279616K [0x00000000c0000000, 0x00000000d5550000, 0x00000000d5550000)
[8.813s][debug][gc,heap        ] GC(126)   eden space 279616K, 100% used [0x00000000c0000000, 0x00000000d1110000, 0x00000000d1110000)
[8.813s][debug][gc,heap        ] GC(126)   from space 34944K,   0% used [0x00000000d1110000, 0x00000000d1110000, 0x00000000d3330000)
[8.813s][debug][gc,heap        ] GC(126)   to   space 34944K,   0% used [0x00000000d3330000, 0x00000000d3330000, 0x00000000d5550000)
[8.813s][debug][gc,heap        ] GC(126)  tenured generation   total 699072K, used 234972K [0x00000000d5550000, 0x0000000100000000, 0x0000000100000000)
[8.813s][debug][gc,heap        ] GC(126)    the space 699072K,  33% used [0x00000000d5550000, 0x00000000e3ac7038, 0x00000000e3ac7200, 0x0000000100000000)
[8.813s][debug][gc,heap        ] GC(126)  Metaspace       used 6360K, committed 6528K, reserved 1114112K
[8.813s][debug][gc,heap        ] GC(126)   class space    used 546K, committed 640K, reserved 1048576K
[8.838s][info ][gc,heap        ] GC(126) DefNew: 279616K(314560K)->34905K(314560K) Eden: 279616K(279616K)->0K(279616K) From: 0K(34944K)->34905K(34944K)
[8.838s][info ][gc,heap        ] GC(126) Tenured: 234972K(699072K)->348689K(699072K)
[8.838s][info ][gc,metaspace   ] GC(126) Metaspace: 6360K(6528K)->6360K(6528K) NonClass: 5814K(5888K)->5814K(5888K) Class: 546K(640K)->546K(640K)
[8.838s][debug][gc,heap        ] GC(126) Heap after GC invocations=105 (full 22):
[8.838s][debug][gc,heap        ] GC(126)  def new generation   total 314560K, used 34905K [0x00000000c0000000, 0x00000000d5550000, 0x00000000d5550000)
[8.838s][debug][gc,heap        ] GC(126)   eden space 279616K,   0% used [0x00000000c0000000, 0x00000000c0000000, 0x00000000d1110000)
[8.838s][debug][gc,heap        ] GC(126)   from space 34944K,  99% used [0x00000000d3330000, 0x00000000d55465d0, 0x00000000d5550000)
[8.838s][debug][gc,heap        ] GC(126)   to   space 34944K,   0% used [0x00000000d1110000, 0x00000000d1110000, 0x00000000d3330000)
[8.838s][debug][gc,heap        ] GC(126)  tenured generation   total 699072K, used 348689K [0x00000000d5550000, 0x0000000100000000, 0x0000000100000000)
[8.838s][debug][gc,heap        ] GC(126)    the space 699072K,  49% used [0x00000000d5550000, 0x00000000ea9d4748, 0x00000000ea9d4800, 0x0000000100000000)
[8.838s][debug][gc,heap        ] GC(126)  Metaspace       used 6360K, committed 6528K, reserved 1114112K
[8.838s][debug][gc,heap        ] GC(126)   class space    used 546K, committed 640K, reserved 1048576K
[8.838s][info ][gc             ] GC(126) Pause Young (Allocation Failure) 502M->374M(989M) 25.093ms
[8.838s][info ][gc,cpu         ] GC(126) User=0.03s Sys=0.00s Real=0.02s
[8.838s][info ][safepoint      ] Safepoint "GenCollectForAllocation", Time since last: 31412997 ns, Reaching safepoint: 2800 ns, Cleanup: 3600 ns, At safepoint: 25194897 ns, Total: 25201297 ns
[8.872s][info ][gc,start       ] GC(127) Pause Young (Allocation Failure)
[8.872s][debug][gc,heap        ] GC(127) Heap before GC invocations=105 (full 22):
[8.872s][debug][gc,heap        ] GC(127)  def new generation   total 314560K, used 314521K [0x00000000c0000000, 0x00000000d5550000, 0x00000000d5550000)
[8.872s][debug][gc,heap        ] GC(127)   eden space 279616K, 100% used [0x00000000c0000000, 0x00000000d1110000, 0x00000000d1110000)
[8.872s][debug][gc,heap        ] GC(127)   from space 34944K,  99% used [0x00000000d3330000, 0x00000000d55465d0, 0x00000000d5550000)
[8.872s][debug][gc,heap        ] GC(127)   to   space 34944K,   0% used [0x00000000d1110000, 0x00000000d1110000, 0x00000000d3330000)
[8.872s][debug][gc,heap        ] GC(127)  tenured generation   total 699072K, used 348689K [0x00000000d5550000, 0x0000000100000000, 0x0000000100000000)
[8.872s][debug][gc,heap        ] GC(127)    the space 699072K,  49% used [0x00000000d5550000, 0x00000000ea9d4748, 0x00000000ea9d4800, 0x0000000100000000)
[8.872s][debug][gc,heap        ] GC(127)  Metaspace       used 6360K, committed 6528K, reserved 1114112K
[8.872s][debug][gc,heap        ] GC(127)   class space    used 546K, committed 640K, reserved 1048576K
[8.899s][info ][gc,heap        ] GC(127) DefNew: 314521K(314560K)->34905K(314560K) Eden: 279616K(279616K)->0K(279616K) From: 34905K(34944K)->34905K(34944K)
[8.900s][info ][gc,heap        ] GC(127) Tenured: 348689K(699072K)->473609K(699072K)
[8.900s][info ][gc,metaspace   ] GC(127) Metaspace: 6360K(6528K)->6360K(6528K) NonClass: 5814K(5888K)->5814K(5888K) Class: 546K(640K)->546K(640K)
[8.900s][debug][gc,heap        ] GC(127) Heap after GC invocations=106 (full 22):
[8.900s][debug][gc,heap        ] GC(127)  def new generation   total 314560K, used 34905K [0x00000000c0000000, 0x00000000d5550000, 0x00000000d5550000)
[8.900s][debug][gc,heap        ] GC(127)   eden space 279616K,   0% used [0x00000000c0000000, 0x00000000c0000000, 0x00000000d1110000)
[8.900s][debug][gc,heap        ] GC(127)   from space 34944K,  99% used [0x00000000d1110000, 0x00000000d33265d0, 0x00000000d3330000)
[8.900s][debug][gc,heap        ] GC(127)   to   space 34944K,   0% used [0x00000000d3330000, 0x00000000d3330000, 0x00000000d5550000)
[8.900s][debug][gc,heap        ] GC(127)  tenured generation   total 699072K, used 473609K [0x00000000d5550000, 0x0000000100000000, 0x0000000100000000)
[8.900s][debug][gc,heap        ] GC(127)    the space 699072K,  67% used [0x00000000d5550000, 0x00000000f23d2558, 0x00000000f23d2600, 0x0000000100000000)
[8.900s][debug][gc,heap        ] GC(127)  Metaspace       used 6360K, committed 6528K, reserved 1114112K
[8.900s][debug][gc,heap        ] GC(127)   class space    used 546K, committed 640K, reserved 1048576K
[8.900s][info ][gc             ] GC(127) Pause Young (Allocation Failure) 647M->496M(989M) 27.927ms
[8.900s][info ][gc,cpu         ] GC(127) User=0.03s Sys=0.00s Real=0.02s
[8.900s][info ][safepoint      ] Safepoint "GenCollectForAllocation", Time since last: 33303297 ns, Reaching safepoint: 3200 ns, Cleanup: 3400 ns, At safepoint: 27951697 ns, Total: 27958297 ns
[8.933s][info ][gc,start       ] GC(128) Pause Young (Allocation Failure)
[8.933s][debug][gc,heap        ] GC(128) Heap before GC invocations=106 (full 22):
[8.933s][debug][gc,heap        ] GC(128)  def new generation   total 314560K, used 314521K [0x00000000c0000000, 0x00000000d5550000, 0x00000000d5550000)
[8.933s][debug][gc,heap        ] GC(128)   eden space 279616K, 100% used [0x00000000c0000000, 0x00000000d1110000, 0x00000000d1110000)
[8.933s][debug][gc,heap        ] GC(128)   from space 34944K,  99% used [0x00000000d1110000, 0x00000000d33265d0, 0x00000000d3330000)
[8.933s][debug][gc,heap        ] GC(128)   to   space 34944K,   0% used [0x00000000d3330000, 0x00000000d3330000, 0x00000000d5550000)
[8.933s][debug][gc,heap        ] GC(128)  tenured generation   total 699072K, used 473609K [0x00000000d5550000, 0x0000000100000000, 0x0000000100000000)
[8.933s][debug][gc,heap        ] GC(128)    the space 699072K,  67% used [0x00000000d5550000, 0x00000000f23d2558, 0x00000000f23d2600, 0x0000000100000000)
[8.933s][debug][gc,heap        ] GC(128)  Metaspace       used 6360K, committed 6528K, reserved 1114112K
[8.933s][debug][gc,heap        ] GC(128)   class space    used 546K, committed 640K, reserved 1048576K
[8.959s][info ][gc,heap        ] GC(128) DefNew: 314521K(314560K)->34905K(314560K) Eden: 279616K(279616K)->0K(279616K) From: 34905K(34944K)->34905K(34944K)
[8.959s][info ][gc,heap        ] GC(128) Tenured: 473609K(699072K)->596728K(699072K)
[8.959s][info ][gc,metaspace   ] GC(128) Metaspace: 6360K(6528K)->6360K(6528K) NonClass: 5814K(5888K)->5814K(5888K) Class: 546K(640K)->546K(640K)
[8.959s][debug][gc,heap        ] GC(128) Heap after GC invocations=107 (full 22):
[8.959s][debug][gc,heap        ] GC(128)  def new generation   total 314560K, used 34905K [0x00000000c0000000, 0x00000000d5550000, 0x00000000d5550000)
[8.959s][debug][gc,heap        ] GC(128)   eden space 279616K,   0% used [0x00000000c0000000, 0x00000000c0000000, 0x00000000d1110000)
[8.959s][debug][gc,heap        ] GC(128)   from space 34944K,  99% used [0x00000000d3330000, 0x00000000d55465d0, 0x00000000d5550000)
[8.959s][debug][gc,heap        ] GC(128)   to   space 34944K,   0% used [0x00000000d1110000, 0x00000000d1110000, 0x00000000d3330000)
[8.959s][debug][gc,heap        ] GC(128)  tenured generation   total 699072K, used 596728K [0x00000000d5550000, 0x0000000100000000, 0x0000000100000000)
[8.959s][debug][gc,heap        ] GC(128)    the space 699072K,  85% used [0x00000000d5550000, 0x00000000f9c0e248, 0x00000000f9c0e400, 0x0000000100000000)
[8.959s][debug][gc,heap        ] GC(128)  Metaspace       used 6360K, committed 6528K, reserved 1114112K
[8.959s][debug][gc,heap        ] GC(128)   class space    used 546K, committed 640K, reserved 1048576K
[8.959s][info ][gc             ] GC(128) Pause Young (Allocation Failure) 769M->616M(989M) 25.882ms
[8.959s][info ][gc,cpu         ] GC(128) User=0.03s Sys=0.00s Real=0.02s
[8.959s][info ][safepoint      ] Safepoint "GenCollectForAllocation", Time since last: 33117696 ns, Reaching safepoint: 3100 ns, Cleanup: 3700 ns, At safepoint: 25906197 ns, Total: 25912997 ns
[8.990s][info ][gc,start       ] GC(129) Pause Young (Allocation Failure)
[8.990s][debug][gc,heap        ] GC(129) Heap before GC invocations=107 (full 22):
[8.990s][debug][gc,heap        ] GC(129)  def new generation   total 314560K, used 314521K [0x00000000c0000000, 0x00000000d5550000, 0x00000000d5550000)
[8.990s][debug][gc,heap        ] GC(129)   eden space 279616K, 100% used [0x00000000c0000000, 0x00000000d1110000, 0x00000000d1110000)
[8.990s][debug][gc,heap        ] GC(129)   from space 34944K,  99% used [0x00000000d3330000, 0x00000000d55465d0, 0x00000000d5550000)
[8.990s][debug][gc,heap        ] GC(129)   to   space 34944K,   0% used [0x00000000d1110000, 0x00000000d1110000, 0x00000000d3330000)
[8.990s][debug][gc,heap        ] GC(129)  tenured generation   total 699072K, used 596728K [0x00000000d5550000, 0x0000000100000000, 0x0000000100000000)
[8.990s][debug][gc,heap        ] GC(129)    the space 699072K,  85% used [0x00000000d5550000, 0x00000000f9c0e248, 0x00000000f9c0e400, 0x0000000100000000)
[8.990s][debug][gc,heap        ] GC(129)  Metaspace       used 6360K, committed 6528K, reserved 1114112K
[8.990s][debug][gc,heap        ] GC(129)   class space    used 546K, committed 640K, reserved 1048576K
[8.990s][debug][gc,heap        ] GC(129) Heap after GC invocations=108 (full 22):
[8.990s][debug][gc,heap        ] GC(129)  def new generation   total 314560K, used 314521K [0x00000000c0000000, 0x00000000d5550000, 0x00000000d5550000)
[8.990s][debug][gc,heap        ] GC(129)   eden space 279616K, 100% used [0x00000000c0000000, 0x00000000d1110000, 0x00000000d1110000)
[8.990s][debug][gc,heap        ] GC(129)   from space 34944K,  99% used [0x00000000d3330000, 0x00000000d55465d0, 0x00000000d5550000)
[8.990s][debug][gc,heap        ] GC(129)   to   space 34944K,   0% used [0x00000000d1110000, 0x00000000d1110000, 0x00000000d3330000)
[8.990s][debug][gc,heap        ] GC(129)  tenured generation   total 699072K, used 596728K [0x00000000d5550000, 0x0000000100000000, 0x0000000100000000)
[8.990s][debug][gc,heap        ] GC(129)    the space 699072K,  85% used [0x00000000d5550000, 0x00000000f9c0e248, 0x00000000f9c0e400, 0x0000000100000000)
[8.990s][debug][gc,heap        ] GC(129)  Metaspace       used 6360K, committed 6528K, reserved 1114112K
[8.990s][debug][gc,heap        ] GC(129)   class space    used 546K, committed 640K, reserved 1048576K
[8.990s][info ][gc             ] GC(129) Pause Young (Allocation Failure) 889M->889M(989M) 0.268ms
[8.990s][info ][gc,cpu         ] GC(129) User=0.00s Sys=0.00s Real=0.00s
[8.990s][info ][gc,start       ] GC(130) Pause Full (Allocation Failure)
[8.990s][debug][gc,heap        ] GC(130) Heap before GC invocations=108 (full 22):
[8.990s][debug][gc,heap        ] GC(130)  def new generation   total 314560K, used 314521K [0x00000000c0000000, 0x00000000d5550000, 0x00000000d5550000)
[8.990s][debug][gc,heap        ] GC(130)   eden space 279616K, 100% used [0x00000000c0000000, 0x00000000d1110000, 0x00000000d1110000)
[8.990s][debug][gc,heap        ] GC(130)   from space 34944K,  99% used [0x00000000d3330000, 0x00000000d55465d0, 0x00000000d5550000)
[8.990s][debug][gc,heap        ] GC(130)   to   space 34944K,   0% used [0x00000000d1110000, 0x00000000d1110000, 0x00000000d3330000)
[8.990s][debug][gc,heap        ] GC(130)  tenured generation   total 699072K, used 596728K [0x00000000d5550000, 0x0000000100000000, 0x0000000100000000)
[8.990s][debug][gc,heap        ] GC(130)    the space 699072K,  85% used [0x00000000d5550000, 0x00000000f9c0e248, 0x00000000f9c0e400, 0x0000000100000000)
[8.990s][debug][gc,heap        ] GC(130)  Metaspace       used 6360K, committed 6528K, reserved 1114112K
[8.990s][debug][gc,heap        ] GC(130)   class space    used 546K, committed 640K, reserved 1048576K
[8.990s][info ][gc,phases,start] GC(130) Phase 1: Mark live objects
[8.991s][info ][gc,phases      ] GC(130) Phase 1: Mark live objects 0.908ms
[8.991s][info ][gc,phases,start] GC(130) Phase 2: Compute new object addresses
[8.992s][info ][gc,phases      ] GC(130) Phase 2: Compute new object addresses 1.233ms
[8.992s][info ][gc,phases,start] GC(130) Phase 3: Adjust pointers
[8.993s][info ][gc,phases      ] GC(130) Phase 3: Adjust pointers 0.607ms
[8.993s][info ][gc,phases,start] GC(130) Phase 4: Move objects
[9.024s][info ][gc,phases      ] GC(130) Phase 4: Move objects 31.542ms
[9.025s][info ][gc,heap        ] GC(130) DefNew: 314521K(314560K)->0K(314560K) Eden: 279616K(279616K)->0K(279616K) From: 34905K(34944K)->0K(34944K)
[9.025s][info ][gc,heap        ] GC(130) Tenured: 596728K(699072K)->200766K(699072K)
[9.025s][info ][gc,metaspace   ] GC(130) Metaspace: 6360K(6528K)->6360K(6528K) NonClass: 5814K(5888K)->5814K(5888K) Class: 546K(640K)->546K(640K)
[9.025s][debug][gc,heap        ] GC(130) Heap after GC invocations=108 (full 23):
[9.025s][debug][gc,heap        ] GC(130)  def new generation   total 314560K, used 0K [0x00000000c0000000, 0x00000000d5550000, 0x00000000d5550000)
[9.025s][debug][gc,heap        ] GC(130)   eden space 279616K,   0% used [0x00000000c0000000, 0x00000000c0000000, 0x00000000d1110000)
[9.025s][debug][gc,heap        ] GC(130)   from space 34944K,   0% used [0x00000000d3330000, 0x00000000d3330000, 0x00000000d5550000)
[9.025s][debug][gc,heap        ] GC(130)   to   space 34944K,   0% used [0x00000000d1110000, 0x00000000d1110000, 0x00000000d3330000)
[9.025s][debug][gc,heap        ] GC(130)  tenured generation   total 699072K, used 200766K [0x00000000d5550000, 0x0000000100000000, 0x0000000100000000)
[9.025s][debug][gc,heap        ] GC(130)    the space 699072K,  28% used [0x00000000d5550000, 0x00000000e195fad8, 0x00000000e195fc00, 0x0000000100000000)
[9.025s][debug][gc,heap        ] GC(130)  Metaspace       used 6360K, committed 6528K, reserved 1114112K
[9.025s][debug][gc,heap        ] GC(130)   class space    used 546K, committed 640K, reserved 1048576K
[9.025s][info ][gc             ] GC(130) Pause Full (Allocation Failure) 889M->196M(989M) 34.584ms
[9.025s][info ][gc,cpu         ] GC(130) User=0.04s Sys=0.00s Real=0.04s
[9.025s][info ][safepoint      ] Safepoint "GenCollectForAllocation", Time since last: 31157297 ns, Reaching safepoint: 2900 ns, Cleanup: 3200 ns, At safepoint: 34883196 ns, Total: 34889296 ns
[9.050s][info ][gc,start       ] GC(131) Pause Young (Allocation Failure)
[9.050s][debug][gc,heap        ] GC(131) Heap before GC invocations=108 (full 23):
[9.050s][debug][gc,heap        ] GC(131)  def new generation   total 314560K, used 279616K [0x00000000c0000000, 0x00000000d5550000, 0x00000000d5550000)
[9.050s][debug][gc,heap        ] GC(131)   eden space 279616K, 100% used [0x00000000c0000000, 0x00000000d1110000, 0x00000000d1110000)
[9.050s][debug][gc,heap        ] GC(131)   from space 34944K,   0% used [0x00000000d3330000, 0x00000000d3330000, 0x00000000d5550000)
[9.050s][debug][gc,heap        ] GC(131)   to   space 34944K,   0% used [0x00000000d1110000, 0x00000000d1110000, 0x00000000d3330000)
[9.050s][debug][gc,heap        ] GC(131)  tenured generation   total 699072K, used 200766K [0x00000000d5550000, 0x0000000100000000, 0x0000000100000000)
[9.050s][debug][gc,heap        ] GC(131)    the space 699072K,  28% used [0x00000000d5550000, 0x00000000e195fad8, 0x00000000e195fc00, 0x0000000100000000)
[9.050s][debug][gc,heap        ] GC(131)  Metaspace       used 6360K, committed 6528K, reserved 1114112K
[9.050s][debug][gc,heap        ] GC(131)   class space    used 546K, committed 640K, reserved 1048576K
[9.071s][info ][gc,heap        ] GC(131) DefNew: 279616K(314560K)->34905K(314560K) Eden: 279616K(279616K)->0K(279616K) From: 0K(34944K)->34905K(34944K)
[9.071s][info ][gc,heap        ] GC(131) Tenured: 200766K(699072K)->297581K(699072K)
[9.071s][info ][gc,metaspace   ] GC(131) Metaspace: 6360K(6528K)->6360K(6528K) NonClass: 5814K(5888K)->5814K(5888K) Class: 546K(640K)->546K(640K)
[9.071s][debug][gc,heap        ] GC(131) Heap after GC invocations=109 (full 23):
[9.071s][debug][gc,heap        ] GC(131)  def new generation   total 314560K, used 34905K [0x00000000c0000000, 0x00000000d5550000, 0x00000000d5550000)
[9.071s][debug][gc,heap        ] GC(131)   eden space 279616K,   0% used [0x00000000c0000000, 0x00000000c0000000, 0x00000000d1110000)
[9.071s][debug][gc,heap        ] GC(131)   from space 34944K,  99% used [0x00000000d1110000, 0x00000000d33265d0, 0x00000000d3330000)
[9.071s][debug][gc,heap        ] GC(131)   to   space 34944K,   0% used [0x00000000d3330000, 0x00000000d3330000, 0x00000000d5550000)
[9.071s][debug][gc,heap        ] GC(131)  tenured generation   total 699072K, used 297581K [0x00000000d5550000, 0x0000000100000000, 0x0000000100000000)
[9.071s][debug][gc,heap        ] GC(131)    the space 699072K,  42% used [0x00000000d5550000, 0x00000000e77eb758, 0x00000000e77eb800, 0x0000000100000000)
[9.071s][debug][gc,heap        ] GC(131)  Metaspace       used 6360K, committed 6528K, reserved 1114112K
[9.071s][debug][gc,heap        ] GC(131)   class space    used 546K, committed 640K, reserved 1048576K
[9.071s][info ][gc             ] GC(131) Pause Young (Allocation Failure) 469M->324M(989M) 21.578ms
[9.071s][info ][gc,cpu         ] GC(131) User=0.02s Sys=0.00s Real=0.03s
[9.071s][info ][safepoint      ] Safepoint "GenCollectForAllocation", Time since last: 25026898 ns, Reaching safepoint: 3600 ns, Cleanup: 28600 ns, At safepoint: 21625997 ns, Total: 21658197 ns
[9.099s][info ][gc,start       ] GC(132) Pause Young (Allocation Failure)
[9.099s][debug][gc,heap        ] GC(132) Heap before GC invocations=109 (full 23):
[9.099s][debug][gc,heap        ] GC(132)  def new generation   total 314560K, used 314521K [0x00000000c0000000, 0x00000000d5550000, 0x00000000d5550000)
[9.099s][debug][gc,heap        ] GC(132)   eden space 279616K, 100% used [0x00000000c0000000, 0x00000000d1110000, 0x00000000d1110000)
[9.099s][debug][gc,heap        ] GC(132)   from space 34944K,  99% used [0x00000000d1110000, 0x00000000d33265d0, 0x00000000d3330000)
[9.099s][debug][gc,heap        ] GC(132)   to   space 34944K,   0% used [0x00000000d3330000, 0x00000000d3330000, 0x00000000d5550000)
[9.099s][debug][gc,heap        ] GC(132)  tenured generation   total 699072K, used 297581K [0x00000000d5550000, 0x0000000100000000, 0x0000000100000000)
[9.099s][debug][gc,heap        ] GC(132)    the space 699072K,  42% used [0x00000000d5550000, 0x00000000e77eb758, 0x00000000e77eb800, 0x0000000100000000)
[9.099s][debug][gc,heap        ] GC(132)  Metaspace       used 6360K, committed 6528K, reserved 1114112K
[9.099s][debug][gc,heap        ] GC(132)   class space    used 546K, committed 640K, reserved 1048576K
[9.119s][info ][gc,heap        ] GC(132) DefNew: 314521K(314560K)->34905K(314560K) Eden: 279616K(279616K)->0K(279616K) From: 34905K(34944K)->34905K(34944K)
[9.119s][info ][gc,heap        ] GC(132) Tenured: 297581K(699072K)->380194K(699072K)
[9.119s][info ][gc,metaspace   ] GC(132) Metaspace: 6360K(6528K)->6360K(6528K) NonClass: 5814K(5888K)->5814K(5888K) Class: 546K(640K)->546K(640K)
[9.119s][debug][gc,heap        ] GC(132) Heap after GC invocations=110 (full 23):
[9.119s][debug][gc,heap        ] GC(132)  def new generation   total 314560K, used 34905K [0x00000000c0000000, 0x00000000d5550000, 0x00000000d5550000)
[9.119s][debug][gc,heap        ] GC(132)   eden space 279616K,   0% used [0x00000000c0000000, 0x00000000c0000000, 0x00000000d1110000)
[9.119s][debug][gc,heap        ] GC(132)   from space 34944K,  99% used [0x00000000d3330000, 0x00000000d55465d0, 0x00000000d5550000)
[9.119s][debug][gc,heap        ] GC(132)   to   space 34944K,   0% used [0x00000000d1110000, 0x00000000d1110000, 0x00000000d3330000)
[9.119s][debug][gc,heap        ] GC(132)  tenured generation   total 699072K, used 380194K [0x00000000d5550000, 0x0000000100000000, 0x0000000100000000)
[9.119s][debug][gc,heap        ] GC(132)    the space 699072K,  54% used [0x00000000d5550000, 0x00000000ec898af8, 0x00000000ec898c00, 0x0000000100000000)
[9.119s][debug][gc,heap        ] GC(132)  Metaspace       used 6360K, committed 6528K, reserved 1114112K
[9.119s][debug][gc,heap        ] GC(132)   class space    used 546K, committed 640K, reserved 1048576K
[9.119s][info ][gc             ] GC(132) Pause Young (Allocation Failure) 597M->405M(989M) 20.388ms
[9.119s][info ][gc,cpu         ] GC(132) User=0.02s Sys=0.00s Real=0.02s
[9.119s][info ][safepoint      ] Safepoint "GenCollectForAllocation", Time since last: 27308297 ns, Reaching safepoint: 3300 ns, Cleanup: 3100 ns, At safepoint: 20412698 ns, Total: 20419098 ns
[9.152s][info ][gc,start       ] GC(133) Pause Young (Allocation Failure)
[9.152s][debug][gc,heap        ] GC(133) Heap before GC invocations=110 (full 23):
[9.152s][debug][gc,heap        ] GC(133)  def new generation   total 314560K, used 314521K [0x00000000c0000000, 0x00000000d5550000, 0x00000000d5550000)
[9.152s][debug][gc,heap        ] GC(133)   eden space 279616K, 100% used [0x00000000c0000000, 0x00000000d1110000, 0x00000000d1110000)
[9.152s][debug][gc,heap        ] GC(133)   from space 34944K,  99% used [0x00000000d3330000, 0x00000000d55465d0, 0x00000000d5550000)
[9.152s][debug][gc,heap        ] GC(133)   to   space 34944K,   0% used [0x00000000d1110000, 0x00000000d1110000, 0x00000000d3330000)
[9.152s][debug][gc,heap        ] GC(133)  tenured generation   total 699072K, used 380194K [0x00000000d5550000, 0x0000000100000000, 0x0000000100000000)
[9.152s][debug][gc,heap        ] GC(133)    the space 699072K,  54% used [0x00000000d5550000, 0x00000000ec898af8, 0x00000000ec898c00, 0x0000000100000000)
[9.152s][debug][gc,heap        ] GC(133)  Metaspace       used 6360K, committed 6528K, reserved 1114112K
[9.152s][debug][gc,heap        ] GC(133)   class space    used 546K, committed 640K, reserved 1048576K
[9.174s][info ][gc,heap        ] GC(133) DefNew: 314521K(314560K)->34905K(314560K) Eden: 279616K(279616K)->0K(279616K) From: 34905K(34944K)->34905K(34944K)
[9.174s][info ][gc,heap        ] GC(133) Tenured: 380194K(699072K)->462407K(699072K)
[9.174s][info ][gc,metaspace   ] GC(133) Metaspace: 6360K(6528K)->6360K(6528K) NonClass: 5814K(5888K)->5814K(5888K) Class: 546K(640K)->546K(640K)
[9.174s][debug][gc,heap        ] GC(133) Heap after GC invocations=111 (full 23):
[9.174s][debug][gc,heap        ] GC(133)  def new generation   total 314560K, used 34905K [0x00000000c0000000, 0x00000000d5550000, 0x00000000d5550000)
[9.174s][debug][gc,heap        ] GC(133)   eden space 279616K,   0% used [0x00000000c0000000, 0x00000000c0000000, 0x00000000d1110000)
[9.174s][debug][gc,heap        ] GC(133)   from space 34944K,  99% used [0x00000000d1110000, 0x00000000d33265d0, 0x00000000d3330000)
[9.174s][debug][gc,heap        ] GC(133)   to   space 34944K,   0% used [0x00000000d3330000, 0x00000000d3330000, 0x00000000d5550000)
[9.174s][debug][gc,heap        ] GC(133)  tenured generation   total 699072K, used 462407K [0x00000000d5550000, 0x0000000100000000, 0x0000000100000000)
[9.174s][debug][gc,heap        ] GC(133)    the space 699072K,  66% used [0x00000000d5550000, 0x00000000f18e1e58, 0x00000000f18e2000, 0x0000000100000000)
[9.174s][debug][gc,heap        ] GC(133)  Metaspace       used 6360K, committed 6528K, reserved 1114112K
[9.174s][debug][gc,heap        ] GC(133)   class space    used 546K, committed 640K, reserved 1048576K
[9.174s][info ][gc             ] GC(133) Pause Young (Allocation Failure) 678M->485M(989M) 22.734ms
[9.174s][info ][gc,cpu         ] GC(133) User=0.03s Sys=0.00s Real=0.02s
[9.174s][info ][safepoint      ] Safepoint "GenCollectForAllocation", Time since last: 32617697 ns, Reaching safepoint: 3100 ns, Cleanup: 3600 ns, At safepoint: 22759897 ns, Total: 22766597 ns
[9.208s][info ][gc,start       ] GC(134) Pause Young (Allocation Failure)
[9.208s][debug][gc,heap        ] GC(134) Heap before GC invocations=111 (full 23):
[9.208s][debug][gc,heap        ] GC(134)  def new generation   total 314560K, used 314521K [0x00000000c0000000, 0x00000000d5550000, 0x00000000d5550000)
[9.208s][debug][gc,heap        ] GC(134)   eden space 279616K, 100% used [0x00000000c0000000, 0x00000000d1110000, 0x00000000d1110000)
[9.208s][debug][gc,heap        ] GC(134)   from space 34944K,  99% used [0x00000000d1110000, 0x00000000d33265d0, 0x00000000d3330000)
[9.208s][debug][gc,heap        ] GC(134)   to   space 34944K,   0% used [0x00000000d3330000, 0x00000000d3330000, 0x00000000d5550000)
[9.208s][debug][gc,heap        ] GC(134)  tenured generation   total 699072K, used 462407K [0x00000000d5550000, 0x0000000100000000, 0x0000000100000000)
[9.208s][debug][gc,heap        ] GC(134)    the space 699072K,  66% used [0x00000000d5550000, 0x00000000f18e1e58, 0x00000000f18e2000, 0x0000000100000000)
[9.208s][debug][gc,heap        ] GC(134)  Metaspace       used 6360K, committed 6528K, reserved 1114112K
[9.208s][debug][gc,heap        ] GC(134)   class space    used 546K, committed 640K, reserved 1048576K
[9.227s][info ][gc,heap        ] GC(134) DefNew: 314521K(314560K)->34905K(314560K) Eden: 279616K(279616K)->0K(279616K) From: 34905K(34944K)->34905K(34944K)
[9.227s][info ][gc,heap        ] GC(134) Tenured: 462407K(699072K)->541319K(699072K)
[9.227s][info ][gc,metaspace   ] GC(134) Metaspace: 6360K(6528K)->6360K(6528K) NonClass: 5814K(5888K)->5814K(5888K) Class: 546K(640K)->546K(640K)
[9.227s][debug][gc,heap        ] GC(134) Heap after GC invocations=112 (full 23):
[9.227s][debug][gc,heap        ] GC(134)  def new generation   total 314560K, used 34905K [0x00000000c0000000, 0x00000000d5550000, 0x00000000d5550000)
[9.227s][debug][gc,heap        ] GC(134)   eden space 279616K,   0% used [0x00000000c0000000, 0x00000000c0000000, 0x00000000d1110000)
[9.227s][debug][gc,heap        ] GC(134)   from space 34944K,  99% used [0x00000000d3330000, 0x00000000d55465d0, 0x00000000d5550000)
[9.227s][debug][gc,heap        ] GC(134)   to   space 34944K,   0% used [0x00000000d1110000, 0x00000000d1110000, 0x00000000d3330000)
[9.227s][debug][gc,heap        ] GC(134)  tenured generation   total 699072K, used 541319K [0x00000000d5550000, 0x0000000100000000, 0x0000000100000000)
[9.227s][debug][gc,heap        ] GC(134)    the space 699072K,  77% used [0x00000000d5550000, 0x00000000f65f1fa8, 0x00000000f65f2000, 0x0000000100000000)
[9.227s][debug][gc,heap        ] GC(134)  Metaspace       used 6360K, committed 6528K, reserved 1114112K
[9.227s][debug][gc,heap        ] GC(134)   class space    used 546K, committed 640K, reserved 1048576K
[9.227s][info ][gc             ] GC(134) Pause Young (Allocation Failure) 758M->562M(989M) 18.570ms
[9.227s][info ][gc,cpu         ] GC(134) User=0.02s Sys=0.00s Real=0.02s
[9.227s][info ][safepoint      ] Safepoint "GenCollectForAllocation", Time since last: 33901797 ns, Reaching safepoint: 3500 ns, Cleanup: 4000 ns, At safepoint: 18596398 ns, Total: 18603898 ns
[9.260s][info ][gc,start       ] GC(135) Pause Young (Allocation Failure)
[9.260s][debug][gc,heap        ] GC(135) Heap before GC invocations=112 (full 23):
[9.260s][debug][gc,heap        ] GC(135)  def new generation   total 314560K, used 314521K [0x00000000c0000000, 0x00000000d5550000, 0x00000000d5550000)
[9.260s][debug][gc,heap        ] GC(135)   eden space 279616K, 100% used [0x00000000c0000000, 0x00000000d1110000, 0x00000000d1110000)
[9.260s][debug][gc,heap        ] GC(135)   from space 34944K,  99% used [0x00000000d3330000, 0x00000000d55465d0, 0x00000000d5550000)
[9.260s][debug][gc,heap        ] GC(135)   to   space 34944K,   0% used [0x00000000d1110000, 0x00000000d1110000, 0x00000000d3330000)
[9.260s][debug][gc,heap        ] GC(135)  tenured generation   total 699072K, used 541319K [0x00000000d5550000, 0x0000000100000000, 0x0000000100000000)
[9.260s][debug][gc,heap        ] GC(135)    the space 699072K,  77% used [0x00000000d5550000, 0x00000000f65f1fa8, 0x00000000f65f2000, 0x0000000100000000)
[9.260s][debug][gc,heap        ] GC(135)  Metaspace       used 6360K, committed 6528K, reserved 1114112K
[9.260s][debug][gc,heap        ] GC(135)   class space    used 546K, committed 640K, reserved 1048576K
[9.279s][info ][gc,heap        ] GC(135) DefNew: 314521K(314560K)->34905K(314560K) Eden: 279616K(279616K)->0K(279616K) From: 34905K(34944K)->34905K(34944K)
[9.279s][info ][gc,heap        ] GC(135) Tenured: 541319K(699072K)->623532K(699072K)
[9.279s][info ][gc,metaspace   ] GC(135) Metaspace: 6360K(6528K)->6360K(6528K) NonClass: 5814K(5888K)->5814K(5888K) Class: 546K(640K)->546K(640K)
[9.279s][debug][gc,heap        ] GC(135) Heap after GC invocations=113 (full 23):
[9.279s][debug][gc,heap        ] GC(135)  def new generation   total 314560K, used 34905K [0x00000000c0000000, 0x00000000d5550000, 0x00000000d5550000)
[9.279s][debug][gc,heap        ] GC(135)   eden space 279616K,   0% used [0x00000000c0000000, 0x00000000c0000000, 0x00000000d1110000)
[9.279s][debug][gc,heap        ] GC(135)   from space 34944K,  99% used [0x00000000d1110000, 0x00000000d33265d0, 0x00000000d3330000)
[9.279s][debug][gc,heap        ] GC(135)   to   space 34944K,   0% used [0x00000000d3330000, 0x00000000d3330000, 0x00000000d5550000)
[9.279s][debug][gc,heap        ] GC(135)  tenured generation   total 699072K, used 623532K [0x00000000d5550000, 0x0000000100000000, 0x0000000100000000)
[9.279s][debug][gc,heap        ] GC(135)    the space 699072K,  89% used [0x00000000d5550000, 0x00000000fb63b308, 0x00000000fb63b400, 0x0000000100000000)
[9.279s][debug][gc,heap        ] GC(135)  Metaspace       used 6360K, committed 6528K, reserved 1114112K
[9.279s][debug][gc,heap        ] GC(135)   class space    used 546K, committed 640K, reserved 1048576K
[9.279s][info ][gc             ] GC(135) Pause Young (Allocation Failure) 835M->643M(989M) 19.637ms
[9.279s][info ][gc,cpu         ] GC(135) User=0.02s Sys=0.00s Real=0.02s
[9.279s][info ][safepoint      ] Safepoint "GenCollectForAllocation", Time since last: 32687596 ns, Reaching safepoint: 3000 ns, Cleanup: 3800 ns, At safepoint: 19662198 ns, Total: 19668998 ns
[9.311s][info ][gc,start       ] GC(136) Pause Young (Allocation Failure)
[9.311s][debug][gc,heap        ] GC(136) Heap before GC invocations=113 (full 23):
[9.311s][debug][gc,heap        ] GC(136)  def new generation   total 314560K, used 314521K [0x00000000c0000000, 0x00000000d5550000, 0x00000000d5550000)
[9.311s][debug][gc,heap        ] GC(136)   eden space 279616K, 100% used [0x00000000c0000000, 0x00000000d1110000, 0x00000000d1110000)
[9.311s][debug][gc,heap        ] GC(136)   from space 34944K,  99% used [0x00000000d1110000, 0x00000000d33265d0, 0x00000000d3330000)
[9.311s][debug][gc,heap        ] GC(136)   to   space 34944K,   0% used [0x00000000d3330000, 0x00000000d3330000, 0x00000000d5550000)
[9.311s][debug][gc,heap        ] GC(136)  tenured generation   total 699072K, used 623532K [0x00000000d5550000, 0x0000000100000000, 0x0000000100000000)
[9.311s][debug][gc,heap        ] GC(136)    the space 699072K,  89% used [0x00000000d5550000, 0x00000000fb63b308, 0x00000000fb63b400, 0x0000000100000000)
[9.311s][debug][gc,heap        ] GC(136)  Metaspace       used 6360K, committed 6528K, reserved 1114112K
[9.311s][debug][gc,heap        ] GC(136)   class space    used 546K, committed 640K, reserved 1048576K
[9.311s][debug][gc,heap        ] GC(136) Heap after GC invocations=114 (full 23):
[9.311s][debug][gc,heap        ] GC(136)  def new generation   total 314560K, used 314521K [0x00000000c0000000, 0x00000000d5550000, 0x00000000d5550000)
[9.311s][debug][gc,heap        ] GC(136)   eden space 279616K, 100% used [0x00000000c0000000, 0x00000000d1110000, 0x00000000d1110000)
[9.311s][debug][gc,heap        ] GC(136)   from space 34944K,  99% used [0x00000000d1110000, 0x00000000d33265d0, 0x00000000d3330000)
[9.311s][debug][gc,heap        ] GC(136)   to   space 34944K,   0% used [0x00000000d3330000, 0x00000000d3330000, 0x00000000d5550000)
[9.311s][debug][gc,heap        ] GC(136)  tenured generation   total 699072K, used 623532K [0x00000000d5550000, 0x0000000100000000, 0x0000000100000000)
[9.311s][debug][gc,heap        ] GC(136)    the space 699072K,  89% used [0x00000000d5550000, 0x00000000fb63b308, 0x00000000fb63b400, 0x0000000100000000)
[9.311s][debug][gc,heap        ] GC(136)  Metaspace       used 6360K, committed 6528K, reserved 1114112K
[9.311s][debug][gc,heap        ] GC(136)   class space    used 546K, committed 640K, reserved 1048576K
[9.311s][info ][gc             ] GC(136) Pause Young (Allocation Failure) 916M->916M(989M) 0.145ms
[9.311s][info ][gc,cpu         ] GC(136) User=0.00s Sys=0.00s Real=0.00s
[9.311s][info ][gc,start       ] GC(137) Pause Full (Allocation Failure)
[9.311s][debug][gc,heap        ] GC(137) Heap before GC invocations=114 (full 23):
[9.311s][debug][gc,heap        ] GC(137)  def new generation   total 314560K, used 314521K [0x00000000c0000000, 0x00000000d5550000, 0x00000000d5550000)
[9.311s][debug][gc,heap        ] GC(137)   eden space 279616K, 100% used [0x00000000c0000000, 0x00000000d1110000, 0x00000000d1110000)
[9.311s][debug][gc,heap        ] GC(137)   from space 34944K,  99% used [0x00000000d1110000, 0x00000000d33265d0, 0x00000000d3330000)
[9.311s][debug][gc,heap        ] GC(137)   to   space 34944K,   0% used [0x00000000d3330000, 0x00000000d3330000, 0x00000000d5550000)
[9.311s][debug][gc,heap        ] GC(137)  tenured generation   total 699072K, used 623532K [0x00000000d5550000, 0x0000000100000000, 0x0000000100000000)
[9.311s][debug][gc,heap        ] GC(137)    the space 699072K,  89% used [0x00000000d5550000, 0x00000000fb63b308, 0x00000000fb63b400, 0x0000000100000000)
[9.311s][debug][gc,heap        ] GC(137)  Metaspace       used 6360K, committed 6528K, reserved 1114112K
[9.311s][debug][gc,heap        ] GC(137)   class space    used 546K, committed 640K, reserved 1048576K
[9.311s][info ][gc,phases,start] GC(137) Phase 1: Mark live objects
[9.312s][info ][gc,phases      ] GC(137) Phase 1: Mark live objects 0.916ms
[9.312s][info ][gc,phases,start] GC(137) Phase 2: Compute new object addresses
[9.313s][info ][gc,phases      ] GC(137) Phase 2: Compute new object addresses 1.295ms
[9.313s][info ][gc,phases,start] GC(137) Phase 3: Adjust pointers
[9.314s][info ][gc,phases      ] GC(137) Phase 3: Adjust pointers 0.669ms
[9.314s][info ][gc,phases,start] GC(137) Phase 4: Move objects
[9.345s][info ][gc,phases      ] GC(137) Phase 4: Move objects 31.044ms
[9.345s][info ][gc,heap        ] GC(137) DefNew: 314521K(314560K)->0K(314560K) Eden: 279616K(279616K)->0K(279616K) From: 34905K(34944K)->0K(34944K)
[9.345s][info ][gc,heap        ] GC(137) Tenured: 623532K(699072K)->200766K(699072K)
[9.345s][info ][gc,metaspace   ] GC(137) Metaspace: 6360K(6528K)->6360K(6528K) NonClass: 5814K(5888K)->5814K(5888K) Class: 546K(640K)->546K(640K)
[9.345s][debug][gc,heap        ] GC(137) Heap after GC invocations=114 (full 24):
[9.345s][debug][gc,heap        ] GC(137)  def new generation   total 314560K, used 0K [0x00000000c0000000, 0x00000000d5550000, 0x00000000d5550000)
[9.345s][debug][gc,heap        ] GC(137)   eden space 279616K,   0% used [0x00000000c0000000, 0x00000000c0000000, 0x00000000d1110000)
[9.345s][debug][gc,heap        ] GC(137)   from space 34944K,   0% used [0x00000000d1110000, 0x00000000d1110000, 0x00000000d3330000)
[9.345s][debug][gc,heap        ] GC(137)   to   space 34944K,   0% used [0x00000000d3330000, 0x00000000d3330000, 0x00000000d5550000)
[9.345s][debug][gc,heap        ] GC(137)  tenured generation   total 699072K, used 200766K [0x00000000d5550000, 0x0000000100000000, 0x0000000100000000)
[9.345s][debug][gc,heap        ] GC(137)    the space 699072K,  28% used [0x00000000d5550000, 0x00000000e195fad8, 0x00000000e195fc00, 0x0000000100000000)
[9.345s][debug][gc,heap        ] GC(137)  Metaspace       used 6360K, committed 6528K, reserved 1114112K
[9.345s][debug][gc,heap        ] GC(137)   class space    used 546K, committed 640K, reserved 1048576K
[9.345s][info ][gc             ] GC(137) Pause Full (Allocation Failure) 916M->196M(989M) 34.234ms
[9.345s][info ][gc,cpu         ] GC(137) User=0.04s Sys=0.00s Real=0.03s
[9.345s][info ][safepoint      ] Safepoint "GenCollectForAllocation", Time since last: 31550197 ns, Reaching safepoint: 3000 ns, Cleanup: 3700 ns, At safepoint: 34412696 ns, Total: 34419396 ns
[9.381s][info ][gc,start       ] GC(138) Pause Young (Allocation Failure)
[9.381s][debug][gc,heap        ] GC(138) Heap before GC invocations=114 (full 24):
[9.381s][debug][gc,heap        ] GC(138)  def new generation   total 314560K, used 279616K [0x00000000c0000000, 0x00000000d5550000, 0x00000000d5550000)
[9.381s][debug][gc,heap        ] GC(138)   eden space 279616K, 100% used [0x00000000c0000000, 0x00000000d1110000, 0x00000000d1110000)
[9.381s][debug][gc,heap        ] GC(138)   from space 34944K,   0% used [0x00000000d1110000, 0x00000000d1110000, 0x00000000d3330000)
[9.381s][debug][gc,heap        ] GC(138)   to   space 34944K,   0% used [0x00000000d3330000, 0x00000000d3330000, 0x00000000d5550000)
[9.381s][debug][gc,heap        ] GC(138)  tenured generation   total 699072K, used 200766K [0x00000000d5550000, 0x0000000100000000, 0x0000000100000000)
[9.381s][debug][gc,heap        ] GC(138)    the space 699072K,  28% used [0x00000000d5550000, 0x00000000e195fad8, 0x00000000e195fc00, 0x0000000100000000)
[9.381s][debug][gc,heap        ] GC(138)  Metaspace       used 6360K, committed 6528K, reserved 1114112K
[9.381s][debug][gc,heap        ] GC(138)   class space    used 546K, committed 640K, reserved 1048576K
[9.396s][info ][gc,heap        ] GC(138) DefNew: 279616K(314560K)->34905K(314560K) Eden: 279616K(279616K)->0K(279616K) From: 0K(34944K)->34905K(34944K)
[9.396s][info ][gc,heap        ] GC(138) Tenured: 200766K(699072K)->265276K(699072K)
[9.396s][info ][gc,metaspace   ] GC(138) Metaspace: 6360K(6528K)->6360K(6528K) NonClass: 5814K(5888K)->5814K(5888K) Class: 546K(640K)->546K(640K)
[9.396s][debug][gc,heap        ] GC(138) Heap after GC invocations=115 (full 24):
[9.396s][debug][gc,heap        ] GC(138)  def new generation   total 314560K, used 34905K [0x00000000c0000000, 0x00000000d5550000, 0x00000000d5550000)
[9.396s][debug][gc,heap        ] GC(138)   eden space 279616K,   0% used [0x00000000c0000000, 0x00000000c0000000, 0x00000000d1110000)
[9.396s][debug][gc,heap        ] GC(138)   from space 34944K,  99% used [0x00000000d3330000, 0x00000000d55465d0, 0x00000000d5550000)
[9.396s][debug][gc,heap        ] GC(138)   to   space 34944K,   0% used [0x00000000d1110000, 0x00000000d1110000, 0x00000000d3330000)
[9.396s][debug][gc,heap        ] GC(138)  tenured generation   total 699072K, used 265276K [0x00000000d5550000, 0x0000000100000000, 0x0000000100000000)
[9.397s][debug][gc,heap        ] GC(138)    the space 699072K,  37% used [0x00000000d5550000, 0x00000000e585f328, 0x00000000e585f400, 0x0000000100000000)
[9.397s][debug][gc,heap        ] GC(138)  Metaspace       used 6360K, committed 6528K, reserved 1114112K
[9.397s][debug][gc,heap        ] GC(138)   class space    used 546K, committed 640K, reserved 1048576K
[9.397s][info ][gc             ] GC(138) Pause Young (Allocation Failure) 469M->293M(989M) 15.928ms
[9.397s][info ][gc,cpu         ] GC(138) User=0.02s Sys=0.00s Real=0.01s
[9.397s][info ][safepoint      ] Safepoint "GenCollectForAllocation", Time since last: 35303497 ns, Reaching safepoint: 3400 ns, Cleanup: 3600 ns, At safepoint: 15954898 ns, Total: 15961898 ns
[9.429s][info ][gc,start       ] GC(139) Pause Young (Allocation Failure)
[9.429s][debug][gc,heap        ] GC(139) Heap before GC invocations=115 (full 24):
[9.429s][debug][gc,heap        ] GC(139)  def new generation   total 314560K, used 314521K [0x00000000c0000000, 0x00000000d5550000, 0x00000000d5550000)
[9.429s][debug][gc,heap        ] GC(139)   eden space 279616K, 100% used [0x00000000c0000000, 0x00000000d1110000, 0x00000000d1110000)
[9.429s][debug][gc,heap        ] GC(139)   from space 34944K,  99% used [0x00000000d3330000, 0x00000000d55465d0, 0x00000000d5550000)
[9.429s][debug][gc,heap        ] GC(139)   to   space 34944K,   0% used [0x00000000d1110000, 0x00000000d1110000, 0x00000000d3330000)
[9.429s][debug][gc,heap        ] GC(139)  tenured generation   total 699072K, used 265276K [0x00000000d5550000, 0x0000000100000000, 0x0000000100000000)
[9.429s][debug][gc,heap        ] GC(139)    the space 699072K,  37% used [0x00000000d5550000, 0x00000000e585f328, 0x00000000e585f400, 0x0000000100000000)
[9.429s][debug][gc,heap        ] GC(139)  Metaspace       used 6360K, committed 6528K, reserved 1114112K
[9.429s][debug][gc,heap        ] GC(139)   class space    used 546K, committed 640K, reserved 1048576K
[9.448s][info ][gc,heap        ] GC(139) DefNew: 314521K(314560K)->34905K(314560K) Eden: 279616K(279616K)->0K(279616K) From: 34905K(34944K)->34905K(34944K)
[9.448s][info ][gc,heap        ] GC(139) Tenured: 265276K(699072K)->346989K(699072K)
[9.448s][info ][gc,metaspace   ] GC(139) Metaspace: 6360K(6528K)->6360K(6528K) NonClass: 5814K(5888K)->5814K(5888K) Class: 546K(640K)->546K(640K)
[9.448s][debug][gc,heap        ] GC(139) Heap after GC invocations=116 (full 24):
[9.448s][debug][gc,heap        ] GC(139)  def new generation   total 314560K, used 34905K [0x00000000c0000000, 0x00000000d5550000, 0x00000000d5550000)
[9.448s][debug][gc,heap        ] GC(139)   eden space 279616K,   0% used [0x00000000c0000000, 0x00000000c0000000, 0x00000000d1110000)
[9.448s][debug][gc,heap        ] GC(139)   from space 34944K,  99% used [0x00000000d1110000, 0x00000000d33265d0, 0x00000000d3330000)
[9.448s][debug][gc,heap        ] GC(139)   to   space 34944K,   0% used [0x00000000d3330000, 0x00000000d3330000, 0x00000000d5550000)
[9.448s][debug][gc,heap        ] GC(139)  tenured generation   total 699072K, used 346989K [0x00000000d5550000, 0x0000000100000000, 0x0000000100000000)
[9.448s][debug][gc,heap        ] GC(139)    the space 699072K,  49% used [0x00000000d5550000, 0x00000000ea82b638, 0x00000000ea82b800, 0x0000000100000000)
[9.448s][debug][gc,heap        ] GC(139)  Metaspace       used 6360K, committed 6528K, reserved 1114112K
[9.448s][debug][gc,heap        ] GC(139)   class space    used 546K, committed 640K, reserved 1048576K
[9.448s][info ][gc             ] GC(139) Pause Young (Allocation Failure) 566M->372M(989M) 19.305ms
[9.448s][info ][gc,cpu         ] GC(139) User=0.02s Sys=0.00s Real=0.02s
[9.448s][info ][safepoint      ] Safepoint "GenCollectForAllocation", Time since last: 32506923 ns, Reaching safepoint: 3100 ns, Cleanup: 3700 ns, At safepoint: 19330332 ns, Total: 19337132 ns
[9.481s][info ][gc,start       ] GC(140) Pause Young (Allocation Failure)
[9.481s][debug][gc,heap        ] GC(140) Heap before GC invocations=116 (full 24):
[9.481s][debug][gc,heap        ] GC(140)  def new generation   total 314560K, used 314521K [0x00000000c0000000, 0x00000000d5550000, 0x00000000d5550000)
[9.481s][debug][gc,heap        ] GC(140)   eden space 279616K, 100% used [0x00000000c0000000, 0x00000000d1110000, 0x00000000d1110000)
[9.481s][debug][gc,heap        ] GC(140)   from space 34944K,  99% used [0x00000000d1110000, 0x00000000d33265d0, 0x00000000d3330000)
[9.481s][debug][gc,heap        ] GC(140)   to   space 34944K,   0% used [0x00000000d3330000, 0x00000000d3330000, 0x00000000d5550000)
[9.481s][debug][gc,heap        ] GC(140)  tenured generation   total 699072K, used 346989K [0x00000000d5550000, 0x0000000100000000, 0x0000000100000000)
[9.481s][debug][gc,heap        ] GC(140)    the space 699072K,  49% used [0x00000000d5550000, 0x00000000ea82b638, 0x00000000ea82b800, 0x0000000100000000)
[9.481s][debug][gc,heap        ] GC(140)  Metaspace       used 6360K, committed 6528K, reserved 1114112K
[9.481s][debug][gc,heap        ] GC(140)   class space    used 546K, committed 640K, reserved 1048576K
[9.500s][info ][gc,heap        ] GC(140) DefNew: 314521K(314560K)->34905K(314560K) Eden: 279616K(279616K)->0K(279616K) From: 34905K(34944K)->34905K(34944K)
[9.500s][info ][gc,heap        ] GC(140) Tenured: 346989K(699072K)->428902K(699072K)
[9.500s][info ][gc,metaspace   ] GC(140) Metaspace: 6360K(6528K)->6360K(6528K) NonClass: 5814K(5888K)->5814K(5888K) Class: 546K(640K)->546K(640K)
[9.500s][debug][gc,heap        ] GC(140) Heap after GC invocations=117 (full 24):
[9.500s][debug][gc,heap        ] GC(140)  def new generation   total 314560K, used 34905K [0x00000000c0000000, 0x00000000d5550000, 0x00000000d5550000)
[9.500s][debug][gc,heap        ] GC(140)   eden space 279616K,   0% used [0x00000000c0000000, 0x00000000c0000000, 0x00000000d1110000)
[9.500s][debug][gc,heap        ] GC(140)   from space 34944K,  99% used [0x00000000d3330000, 0x00000000d55465d0, 0x00000000d5550000)
[9.500s][debug][gc,heap        ] GC(140)   to   space 34944K,   0% used [0x00000000d1110000, 0x00000000d1110000, 0x00000000d3330000)
[9.500s][debug][gc,heap        ] GC(140)  tenured generation   total 699072K, used 428902K [0x00000000d5550000, 0x0000000100000000, 0x0000000100000000)
[9.500s][debug][gc,heap        ] GC(140)    the space 699072K,  61% used [0x00000000d5550000, 0x00000000ef829968, 0x00000000ef829a00, 0x0000000100000000)
[9.500s][debug][gc,heap        ] GC(140)  Metaspace       used 6360K, committed 6528K, reserved 1114112K
[9.500s][debug][gc,heap        ] GC(140)   class space    used 546K, committed 640K, reserved 1048576K
[9.500s][info ][gc             ] GC(140) Pause Young (Allocation Failure) 646M->452M(989M) 19.107ms
[9.500s][info ][gc,cpu         ] GC(140) User=0.02s Sys=0.00s Real=0.01s
[9.500s][info ][safepoint      ] Safepoint "GenCollectForAllocation", Time since last: 32631354 ns, Reaching safepoint: 3000 ns, Cleanup: 3800 ns, At safepoint: 19133332 ns, Total: 19140132 ns
[9.532s][info ][gc,start       ] GC(141) Pause Young (Allocation Failure)
[9.532s][debug][gc,heap        ] GC(141) Heap before GC invocations=117 (full 24):
[9.532s][debug][gc,heap        ] GC(141)  def new generation   total 314560K, used 314521K [0x00000000c0000000, 0x00000000d5550000, 0x00000000d5550000)
[9.532s][debug][gc,heap        ] GC(141)   eden space 279616K, 100% used [0x00000000c0000000, 0x00000000d1110000, 0x00000000d1110000)
[9.532s][debug][gc,heap        ] GC(141)   from space 34944K,  99% used [0x00000000d3330000, 0x00000000d55465d0, 0x00000000d5550000)
[9.532s][debug][gc,heap        ] GC(141)   to   space 34944K,   0% used [0x00000000d1110000, 0x00000000d1110000, 0x00000000d3330000)
[9.532s][debug][gc,heap        ] GC(141)  tenured generation   total 699072K, used 428902K [0x00000000d5550000, 0x0000000100000000, 0x0000000100000000)
[9.532s][debug][gc,heap        ] GC(141)    the space 699072K,  61% used [0x00000000d5550000, 0x00000000ef829968, 0x00000000ef829a00, 0x0000000100000000)
[9.532s][debug][gc,heap        ] GC(141)  Metaspace       used 6360K, committed 6528K, reserved 1114112K
[9.532s][debug][gc,heap        ] GC(141)   class space    used 546K, committed 640K, reserved 1048576K
[9.551s][info ][gc,heap        ] GC(141) DefNew: 314521K(314560K)->34905K(314560K) Eden: 279616K(279616K)->0K(279616K) From: 34905K(34944K)->34905K(34944K)
[9.551s][info ][gc,heap        ] GC(141) Tenured: 428902K(699072K)->514415K(699072K)
[9.551s][info ][gc,metaspace   ] GC(141) Metaspace: 6360K(6528K)->6360K(6528K) NonClass: 5814K(5888K)->5814K(5888K) Class: 546K(640K)->546K(640K)
[9.551s][debug][gc,heap        ] GC(141) Heap after GC invocations=118 (full 24):
[9.551s][debug][gc,heap        ] GC(141)  def new generation   total 314560K, used 34905K [0x00000000c0000000, 0x00000000d5550000, 0x00000000d5550000)
[9.551s][debug][gc,heap        ] GC(141)   eden space 279616K,   0% used [0x00000000c0000000, 0x00000000c0000000, 0x00000000d1110000)
[9.551s][debug][gc,heap        ] GC(141)   from space 34944K,  99% used [0x00000000d1110000, 0x00000000d33265d0, 0x00000000d3330000)
[9.551s][debug][gc,heap        ] GC(141)   to   space 34944K,   0% used [0x00000000d3330000, 0x00000000d3330000, 0x00000000d5550000)
[9.551s][debug][gc,heap        ] GC(141)  tenured generation   total 699072K, used 514415K [0x00000000d5550000, 0x0000000100000000, 0x0000000100000000)
[9.551s][debug][gc,heap        ] GC(141)    the space 699072K,  73% used [0x00000000d5550000, 0x00000000f4babed8, 0x00000000f4bac000, 0x0000000100000000)
[9.551s][debug][gc,heap        ] GC(141)  Metaspace       used 6360K, committed 6528K, reserved 1114112K
[9.551s][debug][gc,heap        ] GC(141)   class space    used 546K, committed 640K, reserved 1048576K
[9.551s][info ][gc             ] GC(141) Pause Young (Allocation Failure) 725M->536M(989M) 19.385ms
[9.552s][info ][gc,cpu         ] GC(141) User=0.02s Sys=0.00s Real=0.02s
[9.552s][info ][safepoint      ] Safepoint "GenCollectForAllocation", Time since last: 31946553 ns, Reaching safepoint: 3000 ns, Cleanup: 3900 ns, At safepoint: 19412232 ns, Total: 19419132 ns
[9.584s][info ][gc,start       ] GC(142) Pause Young (Allocation Failure)
[9.584s][debug][gc,heap        ] GC(142) Heap before GC invocations=118 (full 24):
[9.584s][debug][gc,heap        ] GC(142)  def new generation   total 314560K, used 314521K [0x00000000c0000000, 0x00000000d5550000, 0x00000000d5550000)
[9.584s][debug][gc,heap        ] GC(142)   eden space 279616K, 100% used [0x00000000c0000000, 0x00000000d1110000, 0x00000000d1110000)
[9.584s][debug][gc,heap        ] GC(142)   from space 34944K,  99% used [0x00000000d1110000, 0x00000000d33265d0, 0x00000000d3330000)
[9.584s][debug][gc,heap        ] GC(142)   to   space 34944K,   0% used [0x00000000d3330000, 0x00000000d3330000, 0x00000000d5550000)
[9.584s][debug][gc,heap        ] GC(142)  tenured generation   total 699072K, used 514415K [0x00000000d5550000, 0x0000000100000000, 0x0000000100000000)
[9.584s][debug][gc,heap        ] GC(142)    the space 699072K,  73% used [0x00000000d5550000, 0x00000000f4babed8, 0x00000000f4bac000, 0x0000000100000000)
[9.584s][debug][gc,heap        ] GC(142)  Metaspace       used 6360K, committed 6528K, reserved 1114112K
[9.584s][debug][gc,heap        ] GC(142)   class space    used 546K, committed 640K, reserved 1048576K
[9.603s][info ][gc,heap        ] GC(142) DefNew: 314521K(314560K)->34905K(314560K) Eden: 279616K(279616K)->0K(279616K) From: 34905K(34944K)->34905K(34944K)
[9.603s][info ][gc,heap        ] GC(142) Tenured: 514415K(699072K)->598828K(699072K)
[9.603s][info ][gc,metaspace   ] GC(142) Metaspace: 6360K(6528K)->6360K(6528K) NonClass: 5814K(5888K)->5814K(5888K) Class: 546K(640K)->546K(640K)
[9.603s][debug][gc,heap        ] GC(142) Heap after GC invocations=119 (full 24):
[9.603s][debug][gc,heap        ] GC(142)  def new generation   total 314560K, used 34905K [0x00000000c0000000, 0x00000000d5550000, 0x00000000d5550000)
[9.603s][debug][gc,heap        ] GC(142)   eden space 279616K,   0% used [0x00000000c0000000, 0x00000000c0000000, 0x00000000d1110000)
[9.603s][debug][gc,heap        ] GC(142)   from space 34944K,  99% used [0x00000000d3330000, 0x00000000d55465d0, 0x00000000d5550000)
[9.603s][debug][gc,heap        ] GC(142)   to   space 34944K,   0% used [0x00000000d1110000, 0x00000000d1110000, 0x00000000d3330000)
[9.603s][debug][gc,heap        ] GC(142)  tenured generation   total 699072K, used 598828K [0x00000000d5550000, 0x0000000100000000, 0x0000000100000000)
[9.603s][debug][gc,heap        ] GC(142)    the space 699072K,  85% used [0x00000000d5550000, 0x00000000f9e1b398, 0x00000000f9e1b400, 0x0000000100000000)
[9.603s][debug][gc,heap        ] GC(142)  Metaspace       used 6360K, committed 6528K, reserved 1114112K
[9.603s][debug][gc,heap        ] GC(142)   class space    used 546K, committed 640K, reserved 1048576K
[9.603s][info ][gc             ] GC(142) Pause Young (Allocation Failure) 809M->618M(989M) 19.335ms
[9.603s][info ][gc,cpu         ] GC(142) User=0.02s Sys=0.00s Real=0.02s
[9.603s][info ][safepoint      ] Safepoint "GenCollectForAllocation", Time since last: 32029154 ns, Reaching safepoint: 3200 ns, Cleanup: 4100 ns, At safepoint: 19360332 ns, Total: 19367632 ns
[9.636s][info ][gc,start       ] GC(143) Pause Young (Allocation Failure)
[9.636s][debug][gc,heap        ] GC(143) Heap before GC invocations=119 (full 24):
[9.636s][debug][gc,heap        ] GC(143)  def new generation   total 314560K, used 314521K [0x00000000c0000000, 0x00000000d5550000, 0x00000000d5550000)
[9.636s][debug][gc,heap        ] GC(143)   eden space 279616K, 100% used [0x00000000c0000000, 0x00000000d1110000, 0x00000000d1110000)
[9.636s][debug][gc,heap        ] GC(143)   from space 34944K,  99% used [0x00000000d3330000, 0x00000000d55465d0, 0x00000000d5550000)
[9.636s][debug][gc,heap        ] GC(143)   to   space 34944K,   0% used [0x00000000d1110000, 0x00000000d1110000, 0x00000000d3330000)
[9.636s][debug][gc,heap        ] GC(143)  tenured generation   total 699072K, used 598828K [0x00000000d5550000, 0x0000000100000000, 0x0000000100000000)
[9.636s][debug][gc,heap        ] GC(143)    the space 699072K,  85% used [0x00000000d5550000, 0x00000000f9e1b398, 0x00000000f9e1b400, 0x0000000100000000)
[9.636s][debug][gc,heap        ] GC(143)  Metaspace       used 6360K, committed 6528K, reserved 1114112K
[9.636s][debug][gc,heap        ] GC(143)   class space    used 546K, committed 640K, reserved 1048576K
[9.636s][debug][gc,heap        ] GC(143) Heap after GC invocations=120 (full 24):
[9.636s][debug][gc,heap        ] GC(143)  def new generation   total 314560K, used 314521K [0x00000000c0000000, 0x00000000d5550000, 0x00000000d5550000)
[9.636s][debug][gc,heap        ] GC(143)   eden space 279616K, 100% used [0x00000000c0000000, 0x00000000d1110000, 0x00000000d1110000)
[9.636s][debug][gc,heap        ] GC(143)   from space 34944K,  99% used [0x00000000d3330000, 0x00000000d55465d0, 0x00000000d5550000)
[9.637s][debug][gc,heap        ] GC(143)   to   space 34944K,   0% used [0x00000000d1110000, 0x00000000d1110000, 0x00000000d3330000)
[9.637s][debug][gc,heap        ] GC(143)  tenured generation   total 699072K, used 598828K [0x00000000d5550000, 0x0000000100000000, 0x0000000100000000)
[9.637s][debug][gc,heap        ] GC(143)    the space 699072K,  85% used [0x00000000d5550000, 0x00000000f9e1b398, 0x00000000f9e1b400, 0x0000000100000000)
[9.637s][debug][gc,heap        ] GC(143)  Metaspace       used 6360K, committed 6528K, reserved 1114112K
[9.637s][debug][gc,heap        ] GC(143)   class space    used 546K, committed 640K, reserved 1048576K
[9.637s][info ][gc             ] GC(143) Pause Young (Allocation Failure) 891M->891M(989M) 0.093ms
[9.637s][info ][gc,cpu         ] GC(143) User=0.00s Sys=0.00s Real=0.00s
[9.637s][info ][gc,start       ] GC(144) Pause Full (Allocation Failure)
[9.637s][debug][gc,heap        ] GC(144) Heap before GC invocations=120 (full 24):
[9.637s][debug][gc,heap        ] GC(144)  def new generation   total 314560K, used 314521K [0x00000000c0000000, 0x00000000d5550000, 0x00000000d5550000)
[9.637s][debug][gc,heap        ] GC(144)   eden space 279616K, 100% used [0x00000000c0000000, 0x00000000d1110000, 0x00000000d1110000)
[9.637s][debug][gc,heap        ] GC(144)   from space 34944K,  99% used [0x00000000d3330000, 0x00000000d55465d0, 0x00000000d5550000)
[9.637s][debug][gc,heap        ] GC(144)   to   space 34944K,   0% used [0x00000000d1110000, 0x00000000d1110000, 0x00000000d3330000)
[9.637s][debug][gc,heap        ] GC(144)  tenured generation   total 699072K, used 598828K [0x00000000d5550000, 0x0000000100000000, 0x0000000100000000)
[9.637s][debug][gc,heap        ] GC(144)    the space 699072K,  85% used [0x00000000d5550000, 0x00000000f9e1b398, 0x00000000f9e1b400, 0x0000000100000000)
[9.637s][debug][gc,heap        ] GC(144)  Metaspace       used 6360K, committed 6528K, reserved 1114112K
[9.637s][debug][gc,heap        ] GC(144)   class space    used 546K, committed 640K, reserved 1048576K
[9.637s][info ][gc,phases,start] GC(144) Phase 1: Mark live objects
[9.638s][info ][gc,phases      ] GC(144) Phase 1: Mark live objects 0.916ms
[9.638s][info ][gc,phases,start] GC(144) Phase 2: Compute new object addresses
[9.639s][info ][gc,phases      ] GC(144) Phase 2: Compute new object addresses 1.282ms
[9.639s][info ][gc,phases,start] GC(144) Phase 3: Adjust pointers
[9.639s][info ][gc,phases      ] GC(144) Phase 3: Adjust pointers 0.643ms
[9.639s][info ][gc,phases,start] GC(144) Phase 4: Move objects
[9.671s][info ][gc,phases      ] GC(144) Phase 4: Move objects 31.254ms
[9.671s][info ][gc,heap        ] GC(144) DefNew: 314521K(314560K)->0K(314560K) Eden: 279616K(279616K)->0K(279616K) From: 34905K(34944K)->0K(34944K)
[9.671s][info ][gc,heap        ] GC(144) Tenured: 598828K(699072K)->231371K(699072K)
[9.671s][info ][gc,metaspace   ] GC(144) Metaspace: 6360K(6528K)->6360K(6528K) NonClass: 5814K(5888K)->5814K(5888K) Class: 546K(640K)->546K(640K)
[9.671s][debug][gc,heap        ] GC(144) Heap after GC invocations=120 (full 25):
[9.671s][debug][gc,heap        ] GC(144)  def new generation   total 314560K, used 0K [0x00000000c0000000, 0x00000000d5550000, 0x00000000d5550000)
[9.671s][debug][gc,heap        ] GC(144)   eden space 279616K,   0% used [0x00000000c0000000, 0x00000000c0000000, 0x00000000d1110000)
[9.671s][debug][gc,heap        ] GC(144)   from space 34944K,   0% used [0x00000000d3330000, 0x00000000d3330000, 0x00000000d5550000)
[9.671s][debug][gc,heap        ] GC(144)   to   space 34944K,   0% used [0x00000000d1110000, 0x00000000d1110000, 0x00000000d3330000)
[9.671s][debug][gc,heap        ] GC(144)  tenured generation   total 699072K, used 231371K [0x00000000d5550000, 0x0000000100000000, 0x0000000100000000)
[9.671s][debug][gc,heap        ] GC(144)    the space 699072K,  33% used [0x00000000d5550000, 0x00000000e3742df8, 0x00000000e3742e00, 0x0000000100000000)
[9.671s][debug][gc,heap        ] GC(144)  Metaspace       used 6360K, committed 6528K, reserved 1114112K
[9.671s][debug][gc,heap        ] GC(144)   class space    used 546K, committed 640K, reserved 1048576K
[9.671s][info ][gc             ] GC(144) Pause Full (Allocation Failure) 891M->225M(989M) 34.392ms
[9.671s][info ][gc,cpu         ] GC(144) User=0.03s Sys=0.00s Real=0.04s
[9.671s][info ][safepoint      ] Safepoint "GenCollectForAllocation", Time since last: 33494255 ns, Reaching safepoint: 3100 ns, Cleanup: 4100 ns, At safepoint: 34516358 ns, Total: 34523558 ns
[9.711s][info ][gc,start       ] GC(145) Pause Young (Allocation Failure)
[9.711s][debug][gc,heap        ] GC(145) Heap before GC invocations=120 (full 25):
[9.711s][debug][gc,heap        ] GC(145)  def new generation   total 314560K, used 279616K [0x00000000c0000000, 0x00000000d5550000, 0x00000000d5550000)
[9.711s][debug][gc,heap        ] GC(145)   eden space 279616K, 100% used [0x00000000c0000000, 0x00000000d1110000, 0x00000000d1110000)
[9.711s][debug][gc,heap        ] GC(145)   from space 34944K,   0% used [0x00000000d3330000, 0x00000000d3330000, 0x00000000d5550000)
[9.711s][debug][gc,heap        ] GC(145)   to   space 34944K,   0% used [0x00000000d1110000, 0x00000000d1110000, 0x00000000d3330000)
[9.711s][debug][gc,heap        ] GC(145)  tenured generation   total 699072K, used 231371K [0x00000000d5550000, 0x0000000100000000, 0x0000000100000000)
[9.711s][debug][gc,heap        ] GC(145)    the space 699072K,  33% used [0x00000000d5550000, 0x00000000e3742df8, 0x00000000e3742e00, 0x0000000100000000)
[9.711s][debug][gc,heap        ] GC(145)  Metaspace       used 6360K, committed 6528K, reserved 1114112K
[9.711s][debug][gc,heap        ] GC(145)   class space    used 546K, committed 640K, reserved 1048576K
[9.727s][info ][gc,heap        ] GC(145) DefNew: 279616K(314560K)->34905K(314560K) Eden: 279616K(279616K)->0K(279616K) From: 0K(34944K)->34905K(34944K)
[9.727s][info ][gc,heap        ] GC(145) Tenured: 231371K(699072K)->293681K(699072K)
[9.727s][info ][gc,metaspace   ] GC(145) Metaspace: 6360K(6528K)->6360K(6528K) NonClass: 5814K(5888K)->5814K(5888K) Class: 546K(640K)->546K(640K)
[9.727s][debug][gc,heap        ] GC(145) Heap after GC invocations=121 (full 25):
[9.727s][debug][gc,heap        ] GC(145)  def new generation   total 314560K, used 34905K [0x00000000c0000000, 0x00000000d5550000, 0x00000000d5550000)
[9.727s][debug][gc,heap        ] GC(145)   eden space 279616K,   0% used [0x00000000c0000000, 0x00000000c0000000, 0x00000000d1110000)
[9.727s][debug][gc,heap        ] GC(145)   from space 34944K,  99% used [0x00000000d1110000, 0x00000000d33265d0, 0x00000000d3330000)
[9.727s][debug][gc,heap        ] GC(145)   to   space 34944K,   0% used [0x00000000d3330000, 0x00000000d3330000, 0x00000000d5550000)
[9.727s][debug][gc,heap        ] GC(145)  tenured generation   total 699072K, used 293681K [0x00000000d5550000, 0x0000000100000000, 0x0000000100000000)
[9.727s][debug][gc,heap        ] GC(145)    the space 699072K,  42% used [0x00000000d5550000, 0x00000000e741c4e8, 0x00000000e741c600, 0x0000000100000000)
[9.727s][debug][gc,heap        ] GC(145)  Metaspace       used 6360K, committed 6528K, reserved 1114112K
[9.727s][debug][gc,heap        ] GC(145)   class space    used 546K, committed 640K, reserved 1048576K
[9.727s][info ][gc             ] GC(145) Pause Young (Allocation Failure) 499M->320M(989M) 15.951ms
[9.727s][info ][gc,cpu         ] GC(145) User=0.02s Sys=0.00s Real=0.01s
[9.727s][info ][safepoint      ] Safepoint "GenCollectForAllocation", Time since last: 39718066 ns, Reaching safepoint: 3400 ns, Cleanup: 4100 ns, At safepoint: 15976726 ns, Total: 15984226 ns
[9.759s][info ][gc,start       ] GC(146) Pause Young (Allocation Failure)
[9.759s][debug][gc,heap        ] GC(146) Heap before GC invocations=121 (full 25):
[9.759s][debug][gc,heap        ] GC(146)  def new generation   total 314560K, used 314521K [0x00000000c0000000, 0x00000000d5550000, 0x00000000d5550000)
[9.759s][debug][gc,heap        ] GC(146)   eden space 279616K, 100% used [0x00000000c0000000, 0x00000000d1110000, 0x00000000d1110000)
[9.759s][debug][gc,heap        ] GC(146)   from space 34944K,  99% used [0x00000000d1110000, 0x00000000d33265d0, 0x00000000d3330000)
[9.759s][debug][gc,heap        ] GC(146)   to   space 34944K,   0% used [0x00000000d3330000, 0x00000000d3330000, 0x00000000d5550000)
[9.759s][debug][gc,heap        ] GC(146)  tenured generation   total 699072K, used 293681K [0x00000000d5550000, 0x0000000100000000, 0x0000000100000000)
[9.759s][debug][gc,heap        ] GC(146)    the space 699072K,  42% used [0x00000000d5550000, 0x00000000e741c4e8, 0x00000000e741c600, 0x0000000100000000)
[9.759s][debug][gc,heap        ] GC(146)  Metaspace       used 6360K, committed 6528K, reserved 1114112K
[9.759s][debug][gc,heap        ] GC(146)   class space    used 546K, committed 640K, reserved 1048576K
[9.778s][info ][gc,heap        ] GC(146) DefNew: 314521K(314560K)->34905K(314560K) Eden: 279616K(279616K)->0K(279616K) From: 34905K(34944K)->34905K(34944K)
[9.778s][info ][gc,heap        ] GC(146) Tenured: 293681K(699072K)->376394K(699072K)
[9.778s][info ][gc,metaspace   ] GC(146) Metaspace: 6360K(6528K)->6360K(6528K) NonClass: 5814K(5888K)->5814K(5888K) Class: 546K(640K)->546K(640K)
[9.778s][debug][gc,heap        ] GC(146) Heap after GC invocations=122 (full 25):
[9.778s][debug][gc,heap        ] GC(146)  def new generation   total 314560K, used 34905K [0x00000000c0000000, 0x00000000d5550000, 0x00000000d5550000)
[9.778s][debug][gc,heap        ] GC(146)   eden space 279616K,   0% used [0x00000000c0000000, 0x00000000c0000000, 0x00000000d1110000)
[9.778s][debug][gc,heap        ] GC(146)   from space 34944K,  99% used [0x00000000d3330000, 0x00000000d55465d0, 0x00000000d5550000)
[9.778s][debug][gc,heap        ] GC(146)   to   space 34944K,   0% used [0x00000000d1110000, 0x00000000d1110000, 0x00000000d3330000)
[9.778s][debug][gc,heap        ] GC(146)  tenured generation   total 699072K, used 376394K [0x00000000d5550000, 0x0000000100000000, 0x0000000100000000)
[9.778s][debug][gc,heap        ] GC(146)    the space 699072K,  53% used [0x00000000d5550000, 0x00000000ec4e2898, 0x00000000ec4e2a00, 0x0000000100000000)
[9.778s][debug][gc,heap        ] GC(146)  Metaspace       used 6360K, committed 6528K, reserved 1114112K
[9.778s][debug][gc,heap        ] GC(146)   class space    used 546K, committed 640K, reserved 1048576K
[9.778s][info ][gc             ] GC(146) Pause Young (Allocation Failure) 593M->401M(989M) 18.901ms
[9.778s][info ][gc,cpu         ] GC(146) User=0.02s Sys=0.00s Real=0.02s
[9.778s][info ][safepoint      ] Safepoint "GenCollectForAllocation", Time since last: 32205854 ns, Reaching safepoint: 3300 ns, Cleanup: 3700 ns, At safepoint: 18927431 ns, Total: 18934431 ns
[9.811s][info ][gc,start       ] GC(147) Pause Young (Allocation Failure)
[9.811s][debug][gc,heap        ] GC(147) Heap before GC invocations=122 (full 25):
[9.811s][debug][gc,heap        ] GC(147)  def new generation   total 314560K, used 314521K [0x00000000c0000000, 0x00000000d5550000, 0x00000000d5550000)
[9.811s][debug][gc,heap        ] GC(147)   eden space 279616K, 100% used [0x00000000c0000000, 0x00000000d1110000, 0x00000000d1110000)
[9.811s][debug][gc,heap        ] GC(147)   from space 34944K,  99% used [0x00000000d3330000, 0x00000000d55465d0, 0x00000000d5550000)
[9.811s][debug][gc,heap        ] GC(147)   to   space 34944K,   0% used [0x00000000d1110000, 0x00000000d1110000, 0x00000000d3330000)
[9.811s][debug][gc,heap        ] GC(147)  tenured generation   total 699072K, used 376394K [0x00000000d5550000, 0x0000000100000000, 0x0000000100000000)
[9.811s][debug][gc,heap        ] GC(147)    the space 699072K,  53% used [0x00000000d5550000, 0x00000000ec4e2898, 0x00000000ec4e2a00, 0x0000000100000000)
[9.811s][debug][gc,heap        ] GC(147)  Metaspace       used 6360K, committed 6528K, reserved 1114112K
[9.811s][debug][gc,heap        ] GC(147)   class space    used 546K, committed 640K, reserved 1048576K
[9.830s][info ][gc,heap        ] GC(147) DefNew: 314521K(314560K)->34905K(314560K) Eden: 279616K(279616K)->0K(279616K) From: 34905K(34944K)->34905K(34944K)
[9.830s][info ][gc,heap        ] GC(147) Tenured: 376394K(699072K)->458406K(699072K)
[9.830s][info ][gc,metaspace   ] GC(147) Metaspace: 6360K(6528K)->6360K(6528K) NonClass: 5814K(5888K)->5814K(5888K) Class: 546K(640K)->546K(640K)
[9.830s][debug][gc,heap        ] GC(147) Heap after GC invocations=123 (full 25):
[9.830s][debug][gc,heap        ] GC(147)  def new generation   total 314560K, used 34905K [0x00000000c0000000, 0x00000000d5550000, 0x00000000d5550000)
[9.830s][debug][gc,heap        ] GC(147)   eden space 279616K,   0% used [0x00000000c0000000, 0x00000000c0000000, 0x00000000d1110000)
[9.830s][debug][gc,heap        ] GC(147)   from space 34944K,  99% used [0x00000000d1110000, 0x00000000d33265d0, 0x00000000d3330000)
[9.830s][debug][gc,heap        ] GC(147)   to   space 34944K,   0% used [0x00000000d3330000, 0x00000000d3330000, 0x00000000d5550000)
[9.830s][debug][gc,heap        ] GC(147)  tenured generation   total 699072K, used 458406K [0x00000000d5550000, 0x0000000100000000, 0x0000000100000000)
[9.830s][debug][gc,heap        ] GC(147)    the space 699072K,  65% used [0x00000000d5550000, 0x00000000f14f9bd8, 0x00000000f14f9c00, 0x0000000100000000)
[9.830s][debug][gc,heap        ] GC(147)  Metaspace       used 6360K, committed 6528K, reserved 1114112K
[9.830s][debug][gc,heap        ] GC(147)   class space    used 546K, committed 640K, reserved 1048576K
[9.830s][info ][gc             ] GC(147) Pause Young (Allocation Failure) 674M->481M(989M) 18.581ms
[9.830s][info ][gc,cpu         ] GC(147) User=0.02s Sys=0.00s Real=0.01s
[9.830s][info ][safepoint      ] Safepoint "GenCollectForAllocation", Time since last: 33580156 ns, Reaching safepoint: 3200 ns, Cleanup: 4300 ns, At safepoint: 18674731 ns, Total: 18682231 ns
[9.864s][info ][gc,start       ] GC(148) Pause Young (Allocation Failure)
[9.864s][debug][gc,heap        ] GC(148) Heap before GC invocations=123 (full 25):
[9.864s][debug][gc,heap        ] GC(148)  def new generation   total 314560K, used 314521K [0x00000000c0000000, 0x00000000d5550000, 0x00000000d5550000)
[9.864s][debug][gc,heap        ] GC(148)   eden space 279616K, 100% used [0x00000000c0000000, 0x00000000d1110000, 0x00000000d1110000)
[9.864s][debug][gc,heap        ] GC(148)   from space 34944K,  99% used [0x00000000d1110000, 0x00000000d33265d0, 0x00000000d3330000)
[9.864s][debug][gc,heap        ] GC(148)   to   space 34944K,   0% used [0x00000000d3330000, 0x00000000d3330000, 0x00000000d5550000)
[9.864s][debug][gc,heap        ] GC(148)  tenured generation   total 699072K, used 458406K [0x00000000d5550000, 0x0000000100000000, 0x0000000100000000)
[9.864s][debug][gc,heap        ] GC(148)    the space 699072K,  65% used [0x00000000d5550000, 0x00000000f14f9bd8, 0x00000000f14f9c00, 0x0000000100000000)
[9.864s][debug][gc,heap        ] GC(148)  Metaspace       used 6360K, committed 6528K, reserved 1114112K
[9.864s][debug][gc,heap        ] GC(148)   class space    used 546K, committed 640K, reserved 1048576K
[9.885s][info ][gc,heap        ] GC(148) DefNew: 314521K(314560K)->34905K(314560K) Eden: 279616K(279616K)->0K(279616K) From: 34905K(34944K)->34905K(34944K)
[9.885s][info ][gc,heap        ] GC(148) Tenured: 458406K(699072K)->541719K(699072K)
[9.885s][info ][gc,metaspace   ] GC(148) Metaspace: 6360K(6528K)->6360K(6528K) NonClass: 5814K(5888K)->5814K(5888K) Class: 546K(640K)->546K(640K)
[9.885s][debug][gc,heap        ] GC(148) Heap after GC invocations=124 (full 25):
[9.885s][debug][gc,heap        ] GC(148)  def new generation   total 314560K, used 34905K [0x00000000c0000000, 0x00000000d5550000, 0x00000000d5550000)
[9.885s][debug][gc,heap        ] GC(148)   eden space 279616K,   0% used [0x00000000c0000000, 0x00000000c0000000, 0x00000000d1110000)
[9.885s][debug][gc,heap        ] GC(148)   from space 34944K,  99% used [0x00000000d3330000, 0x00000000d55465d0, 0x00000000d5550000)
[9.885s][debug][gc,heap        ] GC(148)   to   space 34944K,   0% used [0x00000000d1110000, 0x00000000d1110000, 0x00000000d3330000)
[9.885s][debug][gc,heap        ] GC(148)  tenured generation   total 699072K, used 541719K [0x00000000d5550000, 0x0000000100000000, 0x0000000100000000)
[9.885s][debug][gc,heap        ] GC(148)    the space 699072K,  77% used [0x00000000d5550000, 0x00000000f6655fe8, 0x00000000f6656000, 0x0000000100000000)
[9.885s][debug][gc,heap        ] GC(148)  Metaspace       used 6360K, committed 6528K, reserved 1114112K
[9.885s][debug][gc,heap        ] GC(148)   class space    used 546K, committed 640K, reserved 1048576K
[9.885s][info ][gc             ] GC(148) Pause Young (Allocation Failure) 754M->563M(989M) 20.491ms
[9.885s][info ][gc,cpu         ] GC(148) User=0.02s Sys=0.00s Real=0.02s
[9.885s][info ][safepoint      ] Safepoint "GenCollectForAllocation", Time since last: 34046957 ns, Reaching safepoint: 3300 ns, Cleanup: 3900 ns, At safepoint: 20517434 ns, Total: 20524634 ns
[9.920s][info ][gc,start       ] GC(149) Pause Young (Allocation Failure)
[9.920s][debug][gc,heap        ] GC(149) Heap before GC invocations=124 (full 25):
[9.920s][debug][gc,heap        ] GC(149)  def new generation   total 314560K, used 314521K [0x00000000c0000000, 0x00000000d5550000, 0x00000000d5550000)
[9.920s][debug][gc,heap        ] GC(149)   eden space 279616K, 100% used [0x00000000c0000000, 0x00000000d1110000, 0x00000000d1110000)
[9.920s][debug][gc,heap        ] GC(149)   from space 34944K,  99% used [0x00000000d3330000, 0x00000000d55465d0, 0x00000000d5550000)
[9.920s][debug][gc,heap        ] GC(149)   to   space 34944K,   0% used [0x00000000d1110000, 0x00000000d1110000, 0x00000000d3330000)
[9.920s][debug][gc,heap        ] GC(149)  tenured generation   total 699072K, used 541719K [0x00000000d5550000, 0x0000000100000000, 0x0000000100000000)
[9.920s][debug][gc,heap        ] GC(149)    the space 699072K,  77% used [0x00000000d5550000, 0x00000000f6655fe8, 0x00000000f6656000, 0x0000000100000000)
[9.920s][debug][gc,heap        ] GC(149)  Metaspace       used 6360K, committed 6528K, reserved 1114112K
[9.920s][debug][gc,heap        ] GC(149)   class space    used 546K, committed 640K, reserved 1048576K
[9.940s][info ][gc,heap        ] GC(149) DefNew: 314521K(314560K)->34905K(314560K) Eden: 279616K(279616K)->0K(279616K) From: 34905K(34944K)->34905K(34944K)
[9.940s][info ][gc,heap        ] GC(149) Tenured: 541719K(699072K)->624932K(699072K)
[9.940s][info ][gc,metaspace   ] GC(149) Metaspace: 6360K(6528K)->6360K(6528K) NonClass: 5814K(5888K)->5814K(5888K) Class: 546K(640K)->546K(640K)
[9.940s][debug][gc,heap        ] GC(149) Heap after GC invocations=125 (full 25):
[9.940s][debug][gc,heap        ] GC(149)  def new generation   total 314560K, used 34905K [0x00000000c0000000, 0x00000000d5550000, 0x00000000d5550000)
[9.940s][debug][gc,heap        ] GC(149)   eden space 279616K,   0% used [0x00000000c0000000, 0x00000000c0000000, 0x00000000d1110000)
[9.940s][debug][gc,heap        ] GC(149)   from space 34944K,  99% used [0x00000000d1110000, 0x00000000d33265d0, 0x00000000d3330000)
[9.940s][debug][gc,heap        ] GC(149)   to   space 34944K,   0% used [0x00000000d3330000, 0x00000000d3330000, 0x00000000d5550000)
[9.940s][debug][gc,heap        ] GC(149)  tenured generation   total 699072K, used 624932K [0x00000000d5550000, 0x0000000100000000, 0x0000000100000000)
[9.940s][debug][gc,heap        ] GC(149)    the space 699072K,  89% used [0x00000000d5550000, 0x00000000fb7993e8, 0x00000000fb799400, 0x0000000100000000)
[9.940s][debug][gc,heap        ] GC(149)  Metaspace       used 6360K, committed 6528K, reserved 1114112K
[9.940s][debug][gc,heap        ] GC(149)   class space    used 546K, committed 640K, reserved 1048576K
[9.940s][info ][gc             ] GC(149) Pause Young (Allocation Failure) 836M->644M(989M) 19.947ms
[9.940s][info ][gc,cpu         ] GC(149) User=0.02s Sys=0.00s Real=0.02s
[9.940s][info ][safepoint      ] Safepoint "GenCollectForAllocation", Time since last: 35045058 ns, Reaching safepoint: 3500 ns, Cleanup: 4000 ns, At safepoint: 19970734 ns, Total: 19978234 ns
[9.972s][info ][gc,start       ] GC(150) Pause Young (Allocation Failure)
[9.972s][debug][gc,heap        ] GC(150) Heap before GC invocations=125 (full 25):
[9.972s][debug][gc,heap        ] GC(150)  def new generation   total 314560K, used 314521K [0x00000000c0000000, 0x00000000d5550000, 0x00000000d5550000)
[9.972s][debug][gc,heap        ] GC(150)   eden space 279616K, 100% used [0x00000000c0000000, 0x00000000d1110000, 0x00000000d1110000)
[9.972s][debug][gc,heap        ] GC(150)   from space 34944K,  99% used [0x00000000d1110000, 0x00000000d33265d0, 0x00000000d3330000)
[9.972s][debug][gc,heap        ] GC(150)   to   space 34944K,   0% used [0x00000000d3330000, 0x00000000d3330000, 0x00000000d5550000)
[9.972s][debug][gc,heap        ] GC(150)  tenured generation   total 699072K, used 624932K [0x00000000d5550000, 0x0000000100000000, 0x0000000100000000)
[9.972s][debug][gc,heap        ] GC(150)    the space 699072K,  89% used [0x00000000d5550000, 0x00000000fb7993e8, 0x00000000fb799400, 0x0000000100000000)
[9.972s][debug][gc,heap        ] GC(150)  Metaspace       used 6360K, committed 6528K, reserved 1114112K
[9.972s][debug][gc,heap        ] GC(150)   class space    used 546K, committed 640K, reserved 1048576K
[9.972s][debug][gc,heap        ] GC(150) Heap after GC invocations=126 (full 25):
[9.972s][debug][gc,heap        ] GC(150)  def new generation   total 314560K, used 314521K [0x00000000c0000000, 0x00000000d5550000, 0x00000000d5550000)
[9.972s][debug][gc,heap        ] GC(150)   eden space 279616K, 100% used [0x00000000c0000000, 0x00000000d1110000, 0x00000000d1110000)
[9.972s][debug][gc,heap        ] GC(150)   from space 34944K,  99% used [0x00000000d1110000, 0x00000000d33265d0, 0x00000000d3330000)
[9.972s][debug][gc,heap        ] GC(150)   to   space 34944K,   0% used [0x00000000d3330000, 0x00000000d3330000, 0x00000000d5550000)
[9.972s][debug][gc,heap        ] GC(150)  tenured generation   total 699072K, used 624932K [0x00000000d5550000, 0x0000000100000000, 0x0000000100000000)
[9.972s][debug][gc,heap        ] GC(150)    the space 699072K,  89% used [0x00000000d5550000, 0x00000000fb7993e8, 0x00000000fb799400, 0x0000000100000000)
[9.972s][debug][gc,heap        ] GC(150)  Metaspace       used 6360K, committed 6528K, reserved 1114112K
[9.972s][debug][gc,heap        ] GC(150)   class space    used 546K, committed 640K, reserved 1048576K
[9.972s][info ][gc             ] GC(150) Pause Young (Allocation Failure) 917M->917M(989M) 0.145ms
[9.972s][info ][gc,cpu         ] GC(150) User=0.00s Sys=0.00s Real=0.00s
[9.972s][info ][gc,start       ] GC(151) Pause Full (Allocation Failure)
[9.972s][debug][gc,heap        ] GC(151) Heap before GC invocations=126 (full 25):
[9.972s][debug][gc,heap        ] GC(151)  def new generation   total 314560K, used 314521K [0x00000000c0000000, 0x00000000d5550000, 0x00000000d5550000)
[9.972s][debug][gc,heap        ] GC(151)   eden space 279616K, 100% used [0x00000000c0000000, 0x00000000d1110000, 0x00000000d1110000)
[9.972s][debug][gc,heap        ] GC(151)   from space 34944K,  99% used [0x00000000d1110000, 0x00000000d33265d0, 0x00000000d3330000)
[9.972s][debug][gc,heap        ] GC(151)   to   space 34944K,   0% used [0x00000000d3330000, 0x00000000d3330000, 0x00000000d5550000)
[9.972s][debug][gc,heap        ] GC(151)  tenured generation   total 699072K, used 624932K [0x00000000d5550000, 0x0000000100000000, 0x0000000100000000)
[9.972s][debug][gc,heap        ] GC(151)    the space 699072K,  89% used [0x00000000d5550000, 0x00000000fb7993e8, 0x00000000fb799400, 0x0000000100000000)
[9.972s][debug][gc,heap        ] GC(151)  Metaspace       used 6360K, committed 6528K, reserved 1114112K
[9.972s][debug][gc,heap        ] GC(151)   class space    used 546K, committed 640K, reserved 1048576K
[9.972s][info ][gc,phases,start] GC(151) Phase 1: Mark live objects
[9.973s][info ][gc,phases      ] GC(151) Phase 1: Mark live objects 0.883ms
[9.973s][info ][gc,phases,start] GC(151) Phase 2: Compute new object addresses
[9.975s][info ][gc,phases      ] GC(151) Phase 2: Compute new object addresses 1.253ms
[9.975s][info ][gc,phases,start] GC(151) Phase 3: Adjust pointers
[9.975s][info ][gc,phases      ] GC(151) Phase 3: Adjust pointers 0.638ms
[9.975s][info ][gc,phases,start] GC(151) Phase 4: Move objects
[10.007s][info ][gc,phases      ] GC(151) Phase 4: Move objects 31.859ms
[10.007s][info ][gc,heap        ] GC(151) DefNew: 314521K(314560K)->0K(314560K) Eden: 279616K(279616K)->0K(279616K) From: 34905K(34944K)->0K(34944K)
[10.007s][info ][gc,heap        ] GC(151) Tenured: 624932K(699072K)->200766K(699072K)
[10.007s][info ][gc,metaspace   ] GC(151) Metaspace: 6360K(6528K)->6360K(6528K) NonClass: 5814K(5888K)->5814K(5888K) Class: 546K(640K)->546K(640K)
[10.007s][debug][gc,heap        ] GC(151) Heap after GC invocations=126 (full 26):
[10.007s][debug][gc,heap        ] GC(151)  def new generation   total 314560K, used 0K [0x00000000c0000000, 0x00000000d5550000, 0x00000000d5550000)
[10.007s][debug][gc,heap        ] GC(151)   eden space 279616K,   0% used [0x00000000c0000000, 0x00000000c0000000, 0x00000000d1110000)
[10.007s][debug][gc,heap        ] GC(151)   from space 34944K,   0% used [0x00000000d1110000, 0x00000000d1110000, 0x00000000d3330000)
[10.007s][debug][gc,heap        ] GC(151)   to   space 34944K,   0% used [0x00000000d3330000, 0x00000000d3330000, 0x00000000d5550000)
[10.007s][debug][gc,heap        ] GC(151)  tenured generation   total 699072K, used 200766K [0x00000000d5550000, 0x0000000100000000, 0x0000000100000000)
[10.007s][debug][gc,heap        ] GC(151)    the space 699072K,  28% used [0x00000000d5550000, 0x00000000e195fad8, 0x00000000e195fc00, 0x0000000100000000)
[10.007s][debug][gc,heap        ] GC(151)  Metaspace       used 6360K, committed 6528K, reserved 1114112K
[10.007s][debug][gc,heap        ] GC(151)   class space    used 546K, committed 640K, reserved 1048576K
[10.007s][info ][gc             ] GC(151) Pause Full (Allocation Failure) 917M->196M(989M) 34.933ms
[10.007s][info ][gc,cpu         ] GC(151) User=0.03s Sys=0.00s Real=0.03s
[10.007s][info ][safepoint      ] Safepoint "GenCollectForAllocation", Time since last: 32501854 ns, Reaching safepoint: 2800 ns, Cleanup: 20400 ns, At safepoint: 35166158 ns, Total: 35189358 ns
[10.040s][info ][gc,start       ] GC(152) Pause Young (Allocation Failure)
[10.040s][debug][gc,heap        ] GC(152) Heap before GC invocations=126 (full 26):
[10.040s][debug][gc,heap        ] GC(152)  def new generation   total 314560K, used 279616K [0x00000000c0000000, 0x00000000d5550000, 0x00000000d5550000)
[10.040s][debug][gc,heap        ] GC(152)   eden space 279616K, 100% used [0x00000000c0000000, 0x00000000d1110000, 0x00000000d1110000)
[10.040s][debug][gc,heap        ] GC(152)   from space 34944K,   0% used [0x00000000d1110000, 0x00000000d1110000, 0x00000000d3330000)
[10.040s][debug][gc,heap        ] GC(152)   to   space 34944K,   0% used [0x00000000d3330000, 0x00000000d3330000, 0x00000000d5550000)
[10.040s][debug][gc,heap        ] GC(152)  tenured generation   total 699072K, used 200766K [0x00000000d5550000, 0x0000000100000000, 0x0000000100000000)
[10.040s][debug][gc,heap        ] GC(152)    the space 699072K,  28% used [0x00000000d5550000, 0x00000000e195fad8, 0x00000000e195fc00, 0x0000000100000000)
[10.040s][debug][gc,heap        ] GC(152)  Metaspace       used 6360K, committed 6528K, reserved 1114112K
[10.040s][debug][gc,heap        ] GC(152)   class space    used 546K, committed 640K, reserved 1048576K
[10.056s][info ][gc,heap        ] GC(152) DefNew: 279616K(314560K)->34905K(314560K) Eden: 279616K(279616K)->0K(279616K) From: 0K(34944K)->34905K(34944K)
[10.057s][info ][gc,heap        ] GC(152) Tenured: 200766K(699072K)->264176K(699072K)
[10.057s][info ][gc,metaspace   ] GC(152) Metaspace: 6360K(6528K)->6360K(6528K) NonClass: 5814K(5888K)->5814K(5888K) Class: 546K(640K)->546K(640K)
[10.057s][debug][gc,heap        ] GC(152) Heap after GC invocations=127 (full 26):
[10.057s][debug][gc,heap        ] GC(152)  def new generation   total 314560K, used 34905K [0x00000000c0000000, 0x00000000d5550000, 0x00000000d5550000)
[10.057s][debug][gc,heap        ] GC(152)   eden space 279616K,   0% used [0x00000000c0000000, 0x00000000c0000000, 0x00000000d1110000)
[10.057s][debug][gc,heap        ] GC(152)   from space 34944K,  99% used [0x00000000d3330000, 0x00000000d55465d0, 0x00000000d5550000)
[10.057s][debug][gc,heap        ] GC(152)   to   space 34944K,   0% used [0x00000000d1110000, 0x00000000d1110000, 0x00000000d3330000)
[10.057s][debug][gc,heap        ] GC(152)  tenured generation   total 699072K, used 264176K [0x00000000d5550000, 0x0000000100000000, 0x0000000100000000)
[10.057s][debug][gc,heap        ] GC(152)    the space 699072K,  37% used [0x00000000d5550000, 0x00000000e574c278, 0x00000000e574c400, 0x0000000100000000)
[10.057s][debug][gc,heap        ] GC(152)  Metaspace       used 6360K, committed 6528K, reserved 1114112K
[10.057s][debug][gc,heap        ] GC(152)   class space    used 546K, committed 640K, reserved 1048576K
[10.057s][info ][gc             ] GC(152) Pause Young (Allocation Failure) 469M->292M(989M) 16.862ms
[10.057s][info ][gc,cpu         ] GC(152) User=0.01s Sys=0.00s Real=0.02s
[10.057s][info ][safepoint      ] Safepoint "GenCollectForAllocation", Time since last: 32421454 ns, Reaching safepoint: 3400 ns, Cleanup: 4300 ns, At safepoint: 16904228 ns, Total: 16911928 ns
[10.089s][info ][gc,start       ] GC(153) Pause Young (Allocation Failure)
[10.089s][debug][gc,heap        ] GC(153) Heap before GC invocations=127 (full 26):
[10.089s][debug][gc,heap        ] GC(153)  def new generation   total 314560K, used 314521K [0x00000000c0000000, 0x00000000d5550000, 0x00000000d5550000)
[10.089s][debug][gc,heap        ] GC(153)   eden space 279616K, 100% used [0x00000000c0000000, 0x00000000d1110000, 0x00000000d1110000)
[10.089s][debug][gc,heap        ] GC(153)   from space 34944K,  99% used [0x00000000d3330000, 0x00000000d55465d0, 0x00000000d5550000)
[10.089s][debug][gc,heap        ] GC(153)   to   space 34944K,   0% used [0x00000000d1110000, 0x00000000d1110000, 0x00000000d3330000)
[10.089s][debug][gc,heap        ] GC(153)  tenured generation   total 699072K, used 264176K [0x00000000d5550000, 0x0000000100000000, 0x0000000100000000)
[10.089s][debug][gc,heap        ] GC(153)    the space 699072K,  37% used [0x00000000d5550000, 0x00000000e574c278, 0x00000000e574c400, 0x0000000100000000)
[10.089s][debug][gc,heap        ] GC(153)  Metaspace       used 6360K, committed 6528K, reserved 1114112K
[10.089s][debug][gc,heap        ] GC(153)   class space    used 546K, committed 640K, reserved 1048576K
[10.107s][info ][gc,heap        ] GC(153) DefNew: 314521K(314560K)->34905K(314560K) Eden: 279616K(279616K)->0K(279616K) From: 34905K(34944K)->34905K(34944K)
[10.107s][info ][gc,heap        ] GC(153) Tenured: 264176K(699072K)->347889K(699072K)
[10.107s][info ][gc,metaspace   ] GC(153) Metaspace: 6360K(6528K)->6360K(6528K) NonClass: 5814K(5888K)->5814K(5888K) Class: 546K(640K)->546K(640K)
[10.107s][debug][gc,heap        ] GC(153) Heap after GC invocations=128 (full 26):
[10.107s][debug][gc,heap        ] GC(153)  def new generation   total 314560K, used 34905K [0x00000000c0000000, 0x00000000d5550000, 0x00000000d5550000)
[10.107s][debug][gc,heap        ] GC(153)   eden space 279616K,   0% used [0x00000000c0000000, 0x00000000c0000000, 0x00000000d1110000)
[10.107s][debug][gc,heap        ] GC(153)   from space 34944K,  99% used [0x00000000d1110000, 0x00000000d33265d0, 0x00000000d3330000)
[10.107s][debug][gc,heap        ] GC(153)   to   space 34944K,   0% used [0x00000000d3330000, 0x00000000d3330000, 0x00000000d5550000)
[10.107s][debug][gc,heap        ] GC(153)  tenured generation   total 699072K, used 347889K [0x00000000d5550000, 0x0000000100000000, 0x0000000100000000)
[10.107s][debug][gc,heap        ] GC(153)    the space 699072K,  49% used [0x00000000d5550000, 0x00000000ea90c6c8, 0x00000000ea90c800, 0x0000000100000000)
[10.107s][debug][gc,heap        ] GC(153)  Metaspace       used 6360K, committed 6528K, reserved 1114112K
[10.107s][debug][gc,heap        ] GC(153)   class space    used 546K, committed 640K, reserved 1048576K
[10.107s][info ][gc             ] GC(153) Pause Young (Allocation Failure) 565M->373M(989M) 18.836ms
[10.107s][info ][gc,cpu         ] GC(153) User=0.01s Sys=0.00s Real=0.02s
[10.107s][info ][safepoint      ] Safepoint "GenCollectForAllocation", Time since last: 31956653 ns, Reaching safepoint: 3200 ns, Cleanup: 3600 ns, At safepoint: 18861632 ns, Total: 18868432 ns
[10.138s][info ][gc,start       ] GC(154) Pause Young (Allocation Failure)
[10.138s][debug][gc,heap        ] GC(154) Heap before GC invocations=128 (full 26):
[10.138s][debug][gc,heap        ] GC(154)  def new generation   total 314560K, used 314521K [0x00000000c0000000, 0x00000000d5550000, 0x00000000d5550000)
[10.138s][debug][gc,heap        ] GC(154)   eden space 279616K, 100% used [0x00000000c0000000, 0x00000000d1110000, 0x00000000d1110000)
[10.138s][debug][gc,heap        ] GC(154)   from space 34944K,  99% used [0x00000000d1110000, 0x00000000d33265d0, 0x00000000d3330000)
[10.138s][debug][gc,heap        ] GC(154)   to   space 34944K,   0% used [0x00000000d3330000, 0x00000000d3330000, 0x00000000d5550000)
[10.138s][debug][gc,heap        ] GC(154)  tenured generation   total 699072K, used 347889K [0x00000000d5550000, 0x0000000100000000, 0x0000000100000000)
[10.138s][debug][gc,heap        ] GC(154)    the space 699072K,  49% used [0x00000000d5550000, 0x00000000ea90c6c8, 0x00000000ea90c800, 0x0000000100000000)
[10.138s][debug][gc,heap        ] GC(154)  Metaspace       used 6360K, committed 6528K, reserved 1114112K
[10.138s][debug][gc,heap        ] GC(154)   class space    used 546K, committed 640K, reserved 1048576K
[10.157s][info ][gc,heap        ] GC(154) DefNew: 314521K(314560K)->34905K(314560K) Eden: 279616K(279616K)->0K(279616K) From: 34905K(34944K)->34905K(34944K)
[10.157s][info ][gc,heap        ] GC(154) Tenured: 347889K(699072K)->430102K(699072K)
[10.157s][info ][gc,metaspace   ] GC(154) Metaspace: 6360K(6528K)->6360K(6528K) NonClass: 5814K(5888K)->5814K(5888K) Class: 546K(640K)->546K(640K)
[10.157s][debug][gc,heap        ] GC(154) Heap after GC invocations=129 (full 26):
[10.157s][debug][gc,heap        ] GC(154)  def new generation   total 314560K, used 34905K [0x00000000c0000000, 0x00000000d5550000, 0x00000000d5550000)
[10.157s][debug][gc,heap        ] GC(154)   eden space 279616K,   0% used [0x00000000c0000000, 0x00000000c0000000, 0x00000000d1110000)
[10.157s][debug][gc,heap        ] GC(154)   from space 34944K,  99% used [0x00000000d3330000, 0x00000000d55465d0, 0x00000000d5550000)
[10.157s][debug][gc,heap        ] GC(154)   to   space 34944K,   0% used [0x00000000d1110000, 0x00000000d1110000, 0x00000000d3330000)
[10.157s][debug][gc,heap        ] GC(154)  tenured generation   total 699072K, used 430102K [0x00000000d5550000, 0x0000000100000000, 0x0000000100000000)
[10.157s][debug][gc,heap        ] GC(154)    the space 699072K,  61% used [0x00000000d5550000, 0x00000000ef955a28, 0x00000000ef955c00, 0x0000000100000000)
[10.157s][debug][gc,heap        ] GC(154)  Metaspace       used 6360K, committed 6528K, reserved 1114112K
[10.157s][debug][gc,heap        ] GC(154)   class space    used 546K, committed 640K, reserved 1048576K
[10.157s][info ][gc             ] GC(154) Pause Young (Allocation Failure) 646M->454M(989M) 18.952ms
[10.157s][info ][gc,cpu         ] GC(154) User=0.02s Sys=0.00s Real=0.02s
[10.157s][info ][safepoint      ] Safepoint "GenCollectForAllocation", Time since last: 30713151 ns, Reaching safepoint: 4900 ns, Cleanup: 4700 ns, At safepoint: 18979131 ns, Total: 18988731 ns
[10.191s][info ][gc,start       ] GC(155) Pause Young (Allocation Failure)
[10.191s][debug][gc,heap        ] GC(155) Heap before GC invocations=129 (full 26):
[10.191s][debug][gc,heap        ] GC(155)  def new generation   total 314560K, used 314521K [0x00000000c0000000, 0x00000000d5550000, 0x00000000d5550000)
[10.191s][debug][gc,heap        ] GC(155)   eden space 279616K, 100% used [0x00000000c0000000, 0x00000000d1110000, 0x00000000d1110000)
[10.191s][debug][gc,heap        ] GC(155)   from space 34944K,  99% used [0x00000000d3330000, 0x00000000d55465d0, 0x00000000d5550000)
[10.191s][debug][gc,heap        ] GC(155)   to   space 34944K,   0% used [0x00000000d1110000, 0x00000000d1110000, 0x00000000d3330000)
[10.191s][debug][gc,heap        ] GC(155)  tenured generation   total 699072K, used 430102K [0x00000000d5550000, 0x0000000100000000, 0x0000000100000000)
[10.191s][debug][gc,heap        ] GC(155)    the space 699072K,  61% used [0x00000000d5550000, 0x00000000ef955a28, 0x00000000ef955c00, 0x0000000100000000)
[10.191s][debug][gc,heap        ] GC(155)  Metaspace       used 6360K, committed 6528K, reserved 1114112K
[10.191s][debug][gc,heap        ] GC(155)   class space    used 546K, committed 640K, reserved 1048576K
[10.216s][info ][gc,heap        ] GC(155) DefNew: 314521K(314560K)->34905K(314560K) Eden: 279616K(279616K)->0K(279616K) From: 34905K(34944K)->34905K(34944K)
[10.216s][info ][gc,heap        ] GC(155) Tenured: 430102K(699072K)->545920K(699072K)
[10.216s][info ][gc,metaspace   ] GC(155) Metaspace: 6360K(6528K)->6360K(6528K) NonClass: 5814K(5888K)->5814K(5888K) Class: 546K(640K)->546K(640K)
[10.216s][debug][gc,heap        ] GC(155) Heap after GC invocations=130 (full 26):
[10.216s][debug][gc,heap        ] GC(155)  def new generation   total 314560K, used 34905K [0x00000000c0000000, 0x00000000d5550000, 0x00000000d5550000)
[10.216s][debug][gc,heap        ] GC(155)   eden space 279616K,   0% used [0x00000000c0000000, 0x00000000c0000000, 0x00000000d1110000)
[10.216s][debug][gc,heap        ] GC(155)   from space 34944K,  99% used [0x00000000d1110000, 0x00000000d33265d0, 0x00000000d3330000)
[10.216s][debug][gc,heap        ] GC(155)   to   space 34944K,   0% used [0x00000000d3330000, 0x00000000d3330000, 0x00000000d5550000)
[10.216s][debug][gc,heap        ] GC(155)  tenured generation   total 699072K, used 545920K [0x00000000d5550000, 0x0000000100000000, 0x0000000100000000)
[10.216s][debug][gc,heap        ] GC(155)    the space 699072K,  78% used [0x00000000d5550000, 0x00000000f6a70288, 0x00000000f6a70400, 0x0000000100000000)
[10.216s][debug][gc,heap        ] GC(155)  Metaspace       used 6360K, committed 6528K, reserved 1114112K
[10.216s][debug][gc,heap        ] GC(155)   class space    used 546K, committed 640K, reserved 1048576K
[10.216s][info ][gc             ] GC(155) Pause Young (Allocation Failure) 727M->567M(989M) 25.179ms
[10.216s][info ][gc,cpu         ] GC(155) User=0.02s Sys=0.00s Real=0.02s
[10.216s][info ][safepoint      ] Safepoint "GenCollectForAllocation", Time since last: 33428256 ns, Reaching safepoint: 3700 ns, Cleanup: 4200 ns, At safepoint: 25205642 ns, Total: 25213542 ns
[10.249s][info ][gc,start       ] GC(156) Pause Young (Allocation Failure)
[10.249s][debug][gc,heap        ] GC(156) Heap before GC invocations=130 (full 26):
[10.249s][debug][gc,heap        ] GC(156)  def new generation   total 314560K, used 314521K [0x00000000c0000000, 0x00000000d5550000, 0x00000000d5550000)
[10.249s][debug][gc,heap        ] GC(156)   eden space 279616K, 100% used [0x00000000c0000000, 0x00000000d1110000, 0x00000000d1110000)
[10.249s][debug][gc,heap        ] GC(156)   from space 34944K,  99% used [0x00000000d1110000, 0x00000000d33265d0, 0x00000000d3330000)
[10.249s][debug][gc,heap        ] GC(156)   to   space 34944K,   0% used [0x00000000d3330000, 0x00000000d3330000, 0x00000000d5550000)
[10.249s][debug][gc,heap        ] GC(156)  tenured generation   total 699072K, used 545920K [0x00000000d5550000, 0x0000000100000000, 0x0000000100000000)
[10.249s][debug][gc,heap        ] GC(156)    the space 699072K,  78% used [0x00000000d5550000, 0x00000000f6a70288, 0x00000000f6a70400, 0x0000000100000000)
[10.249s][debug][gc,heap        ] GC(156)  Metaspace       used 6360K, committed 6528K, reserved 1114112K
[10.249s][debug][gc,heap        ] GC(156)   class space    used 546K, committed 640K, reserved 1048576K
[10.277s][info ][gc,heap        ] GC(156) DefNew: 314521K(314560K)->34905K(314560K) Eden: 279616K(279616K)->0K(279616K) From: 34905K(34944K)->34905K(34944K)
[10.277s][info ][gc,heap        ] GC(156) Tenured: 545920K(699072K)->670940K(699072K)
[10.277s][info ][gc,metaspace   ] GC(156) Metaspace: 6360K(6528K)->6360K(6528K) NonClass: 5814K(5888K)->5814K(5888K) Class: 546K(640K)->546K(640K)
[10.277s][debug][gc,heap        ] GC(156) Heap after GC invocations=131 (full 26):
[10.277s][debug][gc,heap        ] GC(156)  def new generation   total 314560K, used 34905K [0x00000000c0000000, 0x00000000d5550000, 0x00000000d5550000)
[10.277s][debug][gc,heap        ] GC(156)   eden space 279616K,   0% used [0x00000000c0000000, 0x00000000c0000000, 0x00000000d1110000)
[10.277s][debug][gc,heap        ] GC(156)   from space 34944K,  99% used [0x00000000d3330000, 0x00000000d55465d0, 0x00000000d5550000)
[10.277s][debug][gc,heap        ] GC(156)   to   space 34944K,   0% used [0x00000000d1110000, 0x00000000d1110000, 0x00000000d3330000)
[10.277s][debug][gc,heap        ] GC(156)  tenured generation   total 699072K, used 670940K [0x00000000d5550000, 0x0000000100000000, 0x0000000100000000)
[10.277s][debug][gc,heap        ] GC(156)    the space 699072K,  95% used [0x00000000d5550000, 0x00000000fe4870a8, 0x00000000fe487200, 0x0000000100000000)
[10.277s][debug][gc,heap        ] GC(156)  Metaspace       used 6360K, committed 6528K, reserved 1114112K
[10.277s][debug][gc,heap        ] GC(156)   class space    used 546K, committed 640K, reserved 1048576K
[10.277s][info ][gc             ] GC(156) Pause Young (Allocation Failure) 840M->689M(989M) 28.323ms
[10.277s][info ][gc,cpu         ] GC(156) User=0.02s Sys=0.00s Real=0.03s
[10.277s][info ][safepoint      ] Safepoint "GenCollectForAllocation", Time since last: 32897554 ns, Reaching safepoint: 2800 ns, Cleanup: 3700 ns, At safepoint: 28347348 ns, Total: 28353848 ns
[10.309s][info ][gc,start       ] GC(157) Pause Young (Allocation Failure)
[10.309s][debug][gc,heap        ] GC(157) Heap before GC invocations=131 (full 26):
[10.309s][debug][gc,heap        ] GC(157)  def new generation   total 314560K, used 314521K [0x00000000c0000000, 0x00000000d5550000, 0x00000000d5550000)
[10.309s][debug][gc,heap        ] GC(157)   eden space 279616K, 100% used [0x00000000c0000000, 0x00000000d1110000, 0x00000000d1110000)
[10.309s][debug][gc,heap        ] GC(157)   from space 34944K,  99% used [0x00000000d3330000, 0x00000000d55465d0, 0x00000000d5550000)
[10.309s][debug][gc,heap        ] GC(157)   to   space 34944K,   0% used [0x00000000d1110000, 0x00000000d1110000, 0x00000000d3330000)
[10.309s][debug][gc,heap        ] GC(157)  tenured generation   total 699072K, used 670940K [0x00000000d5550000, 0x0000000100000000, 0x0000000100000000)
[10.309s][debug][gc,heap        ] GC(157)    the space 699072K,  95% used [0x00000000d5550000, 0x00000000fe4870a8, 0x00000000fe487200, 0x0000000100000000)
[10.309s][debug][gc,heap        ] GC(157)  Metaspace       used 6360K, committed 6528K, reserved 1114112K
[10.309s][debug][gc,heap        ] GC(157)   class space    used 546K, committed 640K, reserved 1048576K
[10.309s][debug][gc,heap        ] GC(157) Heap after GC invocations=132 (full 26):
[10.309s][debug][gc,heap        ] GC(157)  def new generation   total 314560K, used 314521K [0x00000000c0000000, 0x00000000d5550000, 0x00000000d5550000)
[10.309s][debug][gc,heap        ] GC(157)   eden space 279616K, 100% used [0x00000000c0000000, 0x00000000d1110000, 0x00000000d1110000)
[10.309s][debug][gc,heap        ] GC(157)   from space 34944K,  99% used [0x00000000d3330000, 0x00000000d55465d0, 0x00000000d5550000)
[10.309s][debug][gc,heap        ] GC(157)   to   space 34944K,   0% used [0x00000000d1110000, 0x00000000d1110000, 0x00000000d3330000)
[10.309s][debug][gc,heap        ] GC(157)  tenured generation   total 699072K, used 670940K [0x00000000d5550000, 0x0000000100000000, 0x0000000100000000)
[10.309s][debug][gc,heap        ] GC(157)    the space 699072K,  95% used [0x00000000d5550000, 0x00000000fe4870a8, 0x00000000fe487200, 0x0000000100000000)
[10.309s][debug][gc,heap        ] GC(157)  Metaspace       used 6360K, committed 6528K, reserved 1114112K
[10.309s][debug][gc,heap        ] GC(157)   class space    used 546K, committed 640K, reserved 1048576K
[10.309s][info ][gc             ] GC(157) Pause Young (Allocation Failure) 962M->962M(989M) 0.145ms
[10.309s][info ][gc,cpu         ] GC(157) User=0.00s Sys=0.00s Real=0.00s
[10.309s][info ][gc,start       ] GC(158) Pause Full (Allocation Failure)
[10.309s][debug][gc,heap        ] GC(158) Heap before GC invocations=132 (full 26):
[10.309s][debug][gc,heap        ] GC(158)  def new generation   total 314560K, used 314521K [0x00000000c0000000, 0x00000000d5550000, 0x00000000d5550000)
[10.309s][debug][gc,heap        ] GC(158)   eden space 279616K, 100% used [0x00000000c0000000, 0x00000000d1110000, 0x00000000d1110000)
[10.309s][debug][gc,heap        ] GC(158)   from space 34944K,  99% used [0x00000000d3330000, 0x00000000d55465d0, 0x00000000d5550000)
[10.309s][debug][gc,heap        ] GC(158)   to   space 34944K,   0% used [0x00000000d1110000, 0x00000000d1110000, 0x00000000d3330000)
[10.309s][debug][gc,heap        ] GC(158)  tenured generation   total 699072K, used 670940K [0x00000000d5550000, 0x0000000100000000, 0x0000000100000000)
[10.309s][debug][gc,heap        ] GC(158)    the space 699072K,  95% used [0x00000000d5550000, 0x00000000fe4870a8, 0x00000000fe487200, 0x0000000100000000)
[10.309s][debug][gc,heap        ] GC(158)  Metaspace       used 6360K, committed 6528K, reserved 1114112K
[10.309s][debug][gc,heap        ] GC(158)   class space    used 546K, committed 640K, reserved 1048576K
[10.309s][info ][gc,phases,start] GC(158) Phase 1: Mark live objects
[10.310s][info ][gc,phases      ] GC(158) Phase 1: Mark live objects 0.914ms
[10.310s][info ][gc,phases,start] GC(158) Phase 2: Compute new object addresses
[10.312s][info ][gc,phases      ] GC(158) Phase 2: Compute new object addresses 1.572ms
[10.312s][info ][gc,phases,start] GC(158) Phase 3: Adjust pointers
[10.312s][info ][gc,phases      ] GC(158) Phase 3: Adjust pointers 0.626ms
[10.312s][info ][gc,phases,start] GC(158) Phase 4: Move objects
[10.343s][info ][gc,phases      ] GC(158) Phase 4: Move objects 30.839ms
[10.343s][info ][gc,heap        ] GC(158) DefNew: 314521K(314560K)->0K(314560K) Eden: 279616K(279616K)->0K(279616K) From: 34905K(34944K)->0K(34944K)
[10.343s][info ][gc,heap        ] GC(158) Tenured: 670940K(699072K)->200766K(699072K)
[10.343s][info ][gc,metaspace   ] GC(158) Metaspace: 6360K(6528K)->6360K(6528K) NonClass: 5814K(5888K)->5814K(5888K) Class: 546K(640K)->546K(640K)
[10.343s][debug][gc,heap        ] GC(158) Heap after GC invocations=132 (full 27):
[10.343s][debug][gc,heap        ] GC(158)  def new generation   total 314560K, used 0K [0x00000000c0000000, 0x00000000d5550000, 0x00000000d5550000)
[10.343s][debug][gc,heap        ] GC(158)   eden space 279616K,   0% used [0x00000000c0000000, 0x00000000c0000000, 0x00000000d1110000)
[10.343s][debug][gc,heap        ] GC(158)   from space 34944K,   0% used [0x00000000d3330000, 0x00000000d3330000, 0x00000000d5550000)
[10.343s][debug][gc,heap        ] GC(158)   to   space 34944K,   0% used [0x00000000d1110000, 0x00000000d1110000, 0x00000000d3330000)
[10.343s][debug][gc,heap        ] GC(158)  tenured generation   total 699072K, used 200766K [0x00000000d5550000, 0x0000000100000000, 0x0000000100000000)
[10.343s][debug][gc,heap        ] GC(158)    the space 699072K,  28% used [0x00000000d5550000, 0x00000000e195fad8, 0x00000000e195fc00, 0x0000000100000000)
[10.343s][debug][gc,heap        ] GC(158)  Metaspace       used 6360K, committed 6528K, reserved 1114112K
[10.343s][debug][gc,heap        ] GC(158)   class space    used 546K, committed 640K, reserved 1048576K
[10.343s][info ][gc             ] GC(158) Pause Full (Allocation Failure) 962M->196M(989M) 34.239ms
[10.343s][info ][gc,cpu         ] GC(158) User=0.03s Sys=0.00s Real=0.04s
[10.343s][info ][safepoint      ] Safepoint "GenCollectForAllocation", Time since last: 31907953 ns, Reaching safepoint: 3000 ns, Cleanup: 3800 ns, At safepoint: 34417957 ns, Total: 34424757 ns
[10.375s][info ][gc,start       ] GC(159) Pause Young (Allocation Failure)
[10.375s][debug][gc,heap        ] GC(159) Heap before GC invocations=132 (full 27):
[10.375s][debug][gc,heap        ] GC(159)  def new generation   total 314560K, used 279616K [0x00000000c0000000, 0x00000000d5550000, 0x00000000d5550000)
[10.375s][debug][gc,heap        ] GC(159)   eden space 279616K, 100% used [0x00000000c0000000, 0x00000000d1110000, 0x00000000d1110000)
[10.375s][debug][gc,heap        ] GC(159)   from space 34944K,   0% used [0x00000000d3330000, 0x00000000d3330000, 0x00000000d5550000)
[10.375s][debug][gc,heap        ] GC(159)   to   space 34944K,   0% used [0x00000000d1110000, 0x00000000d1110000, 0x00000000d3330000)
[10.375s][debug][gc,heap        ] GC(159)  tenured generation   total 699072K, used 200766K [0x00000000d5550000, 0x0000000100000000, 0x0000000100000000)
[10.375s][debug][gc,heap        ] GC(159)    the space 699072K,  28% used [0x00000000d5550000, 0x00000000e195fad8, 0x00000000e195fc00, 0x0000000100000000)
[10.375s][debug][gc,heap        ] GC(159)  Metaspace       used 6360K, committed 6528K, reserved 1114112K
[10.375s][debug][gc,heap        ] GC(159)   class space    used 546K, committed 640K, reserved 1048576K
[10.401s][info ][gc,heap        ] GC(159) DefNew: 279616K(314560K)->34905K(314560K) Eden: 279616K(279616K)->0K(279616K) From: 0K(34944K)->34905K(34944K)
[10.401s][info ][gc,heap        ] GC(159) Tenured: 200766K(699072K)->315784K(699072K)
[10.401s][info ][gc,metaspace   ] GC(159) Metaspace: 6360K(6528K)->6360K(6528K) NonClass: 5814K(5888K)->5814K(5888K) Class: 546K(640K)->546K(640K)
[10.401s][debug][gc,heap        ] GC(159) Heap after GC invocations=133 (full 27):
[10.401s][debug][gc,heap        ] GC(159)  def new generation   total 314560K, used 34905K [0x00000000c0000000, 0x00000000d5550000, 0x00000000d5550000)
[10.401s][debug][gc,heap        ] GC(159)   eden space 279616K,   0% used [0x00000000c0000000, 0x00000000c0000000, 0x00000000d1110000)
[10.401s][debug][gc,heap        ] GC(159)   from space 34944K,  99% used [0x00000000d1110000, 0x00000000d33265d0, 0x00000000d3330000)
[10.401s][debug][gc,heap        ] GC(159)   to   space 34944K,   0% used [0x00000000d3330000, 0x00000000d3330000, 0x00000000d5550000)
[10.401s][debug][gc,heap        ] GC(159)  tenured generation   total 699072K, used 315784K [0x00000000d5550000, 0x0000000100000000, 0x0000000100000000)
[10.401s][debug][gc,heap        ] GC(159)    the space 699072K,  45% used [0x00000000d5550000, 0x00000000e89b22b8, 0x00000000e89b2400, 0x0000000100000000)
[10.401s][debug][gc,heap        ] GC(159)  Metaspace       used 6360K, committed 6528K, reserved 1114112K
[10.401s][debug][gc,heap        ] GC(159)   class space    used 546K, committed 640K, reserved 1048576K
[10.401s][info ][gc             ] GC(159) Pause Young (Allocation Failure) 469M->342M(989M) 26.135ms
[10.401s][info ][gc,cpu         ] GC(159) User=0.03s Sys=0.00s Real=0.03s
[10.401s][info ][safepoint      ] Safepoint "GenCollectForAllocation", Time since last: 31856553 ns, Reaching safepoint: 6000 ns, Cleanup: 7800 ns, At safepoint: 26186543 ns, Total: 26200343 ns
[10.434s][info ][gc,start       ] GC(160) Pause Young (Allocation Failure)
[10.434s][debug][gc,heap        ] GC(160) Heap before GC invocations=133 (full 27):
[10.434s][debug][gc,heap        ] GC(160)  def new generation   total 314560K, used 314521K [0x00000000c0000000, 0x00000000d5550000, 0x00000000d5550000)
[10.434s][debug][gc,heap        ] GC(160)   eden space 279616K, 100% used [0x00000000c0000000, 0x00000000d1110000, 0x00000000d1110000)
[10.434s][debug][gc,heap        ] GC(160)   from space 34944K,  99% used [0x00000000d1110000, 0x00000000d33265d0, 0x00000000d3330000)
[10.434s][debug][gc,heap        ] GC(160)   to   space 34944K,   0% used [0x00000000d3330000, 0x00000000d3330000, 0x00000000d5550000)
[10.434s][debug][gc,heap        ] GC(160)  tenured generation   total 699072K, used 315784K [0x00000000d5550000, 0x0000000100000000, 0x0000000100000000)
[10.434s][debug][gc,heap        ] GC(160)    the space 699072K,  45% used [0x00000000d5550000, 0x00000000e89b22b8, 0x00000000e89b2400, 0x0000000100000000)
[10.434s][debug][gc,heap        ] GC(160)  Metaspace       used 6360K, committed 6528K, reserved 1114112K
[10.434s][debug][gc,heap        ] GC(160)   class space    used 546K, committed 640K, reserved 1048576K
[10.469s][info ][gc,heap        ] GC(160) DefNew: 314521K(314560K)->34905K(314560K) Eden: 279616K(279616K)->0K(279616K) From: 34905K(34944K)->34905K(34944K)
[10.469s][info ][gc,heap        ] GC(160) Tenured: 315784K(699072K)->436103K(699072K)
[10.469s][info ][gc,metaspace   ] GC(160) Metaspace: 6360K(6528K)->6360K(6528K) NonClass: 5814K(5888K)->5814K(5888K) Class: 546K(640K)->546K(640K)
[10.469s][debug][gc,heap        ] GC(160) Heap after GC invocations=134 (full 27):
[10.469s][debug][gc,heap        ] GC(160)  def new generation   total 314560K, used 34905K [0x00000000c0000000, 0x00000000d5550000, 0x00000000d5550000)
[10.469s][debug][gc,heap        ] GC(160)   eden space 279616K,   0% used [0x00000000c0000000, 0x00000000c0000000, 0x00000000d1110000)
[10.469s][debug][gc,heap        ] GC(160)   from space 34944K,  99% used [0x00000000d3330000, 0x00000000d55465d0, 0x00000000d5550000)
[10.469s][debug][gc,heap        ] GC(160)   to   space 34944K,   0% used [0x00000000d1110000, 0x00000000d1110000, 0x00000000d3330000)
[10.469s][debug][gc,heap        ] GC(160)  tenured generation   total 699072K, used 436103K [0x00000000d5550000, 0x0000000100000000, 0x0000000100000000)
[10.469s][debug][gc,heap        ] GC(160)    the space 699072K,  62% used [0x00000000d5550000, 0x00000000eff31de8, 0x00000000eff31e00, 0x0000000100000000)
[10.469s][debug][gc,heap        ] GC(160)  Metaspace       used 6360K, committed 6528K, reserved 1114112K
[10.469s][debug][gc,heap        ] GC(160)   class space    used 546K, committed 640K, reserved 1048576K
[10.469s][info ][gc             ] GC(160) Pause Young (Allocation Failure) 615M->459M(989M) 35.032ms
[10.469s][info ][gc,cpu         ] GC(160) User=0.04s Sys=0.00s Real=0.03s
[10.469s][info ][safepoint      ] Safepoint "GenCollectForAllocation", Time since last: 32903855 ns, Reaching safepoint: 3200 ns, Cleanup: 3800 ns, At safepoint: 35057058 ns, Total: 35064058 ns
[10.516s][info ][gc,start       ] GC(161) Pause Young (Allocation Failure)
[10.516s][debug][gc,heap        ] GC(161) Heap before GC invocations=134 (full 27):
[10.516s][debug][gc,heap        ] GC(161)  def new generation   total 314560K, used 314521K [0x00000000c0000000, 0x00000000d5550000, 0x00000000d5550000)
[10.516s][debug][gc,heap        ] GC(161)   eden space 279616K, 100% used [0x00000000c0000000, 0x00000000d1110000, 0x00000000d1110000)
[10.516s][debug][gc,heap        ] GC(161)   from space 34944K,  99% used [0x00000000d3330000, 0x00000000d55465d0, 0x00000000d5550000)
[10.516s][debug][gc,heap        ] GC(161)   to   space 34944K,   0% used [0x00000000d1110000, 0x00000000d1110000, 0x00000000d3330000)
[10.516s][debug][gc,heap        ] GC(161)  tenured generation   total 699072K, used 436103K [0x00000000d5550000, 0x0000000100000000, 0x0000000100000000)
[10.516s][debug][gc,heap        ] GC(161)    the space 699072K,  62% used [0x00000000d5550000, 0x00000000eff31de8, 0x00000000eff31e00, 0x0000000100000000)
[10.516s][debug][gc,heap        ] GC(161)  Metaspace       used 6360K, committed 6528K, reserved 1114112K
[10.516s][debug][gc,heap        ] GC(161)   class space    used 546K, committed 640K, reserved 1048576K
[10.547s][info ][gc,heap        ] GC(161) DefNew: 314521K(314560K)->34905K(314560K) Eden: 279616K(279616K)->0K(279616K) From: 34905K(34944K)->34905K(34944K)
[10.547s][info ][gc,heap        ] GC(161) Tenured: 436103K(699072K)->561323K(699072K)
[10.547s][info ][gc,metaspace   ] GC(161) Metaspace: 6360K(6528K)->6360K(6528K) NonClass: 5814K(5888K)->5814K(5888K) Class: 546K(640K)->546K(640K)
[10.547s][debug][gc,heap        ] GC(161) Heap after GC invocations=135 (full 27):
[10.547s][debug][gc,heap        ] GC(161)  def new generation   total 314560K, used 34905K [0x00000000c0000000, 0x00000000d5550000, 0x00000000d5550000)
[10.547s][debug][gc,heap        ] GC(161)   eden space 279616K,   0% used [0x00000000c0000000, 0x00000000c0000000, 0x00000000d1110000)
[10.547s][debug][gc,heap        ] GC(161)   from space 34944K,  99% used [0x00000000d1110000, 0x00000000d33265d0, 0x00000000d3330000)
[10.547s][debug][gc,heap        ] GC(161)   to   space 34944K,   0% used [0x00000000d3330000, 0x00000000d3330000, 0x00000000d5550000)
[10.547s][debug][gc,heap        ] GC(161)  tenured generation   total 699072K, used 561323K [0x00000000d5550000, 0x0000000100000000, 0x0000000100000000)
[10.547s][debug][gc,heap        ] GC(161)    the space 699072K,  80% used [0x00000000d5550000, 0x00000000f797ac28, 0x00000000f797ae00, 0x0000000100000000)
[10.547s][debug][gc,heap        ] GC(161)  Metaspace       used 6360K, committed 6528K, reserved 1114112K
[10.547s][debug][gc,heap        ] GC(161)   class space    used 546K, committed 640K, reserved 1048576K
[10.547s][info ][gc             ] GC(161) Pause Young (Allocation Failure) 733M->582M(989M) 30.676ms
[10.547s][info ][gc,cpu         ] GC(161) User=0.03s Sys=0.00s Real=0.03s
[10.547s][info ][safepoint      ] Safepoint "GenCollectForAllocation", Time since last: 46793978 ns, Reaching safepoint: 3600 ns, Cleanup: 5000 ns, At safepoint: 30703151 ns, Total: 30711751 ns
[10.585s][info ][gc,start       ] GC(162) Pause Young (Allocation Failure)
[10.585s][debug][gc,heap        ] GC(162) Heap before GC invocations=135 (full 27):
[10.585s][debug][gc,heap        ] GC(162)  def new generation   total 314560K, used 314521K [0x00000000c0000000, 0x00000000d5550000, 0x00000000d5550000)
[10.585s][debug][gc,heap        ] GC(162)   eden space 279616K, 100% used [0x00000000c0000000, 0x00000000d1110000, 0x00000000d1110000)
[10.585s][debug][gc,heap        ] GC(162)   from space 34944K,  99% used [0x00000000d1110000, 0x00000000d33265d0, 0x00000000d3330000)
[10.585s][debug][gc,heap        ] GC(162)   to   space 34944K,   0% used [0x00000000d3330000, 0x00000000d3330000, 0x00000000d5550000)
[10.585s][debug][gc,heap        ] GC(162)  tenured generation   total 699072K, used 561323K [0x00000000d5550000, 0x0000000100000000, 0x0000000100000000)
[10.585s][debug][gc,heap        ] GC(162)    the space 699072K,  80% used [0x00000000d5550000, 0x00000000f797ac28, 0x00000000f797ae00, 0x0000000100000000)
[10.585s][debug][gc,heap        ] GC(162)  Metaspace       used 6360K, committed 6528K, reserved 1114112K
[10.585s][debug][gc,heap        ] GC(162)   class space    used 546K, committed 640K, reserved 1048576K
[10.585s][debug][gc,heap        ] GC(162) Heap after GC invocations=136 (full 27):
[10.585s][debug][gc,heap        ] GC(162)  def new generation   total 314560K, used 314521K [0x00000000c0000000, 0x00000000d5550000, 0x00000000d5550000)
[10.585s][debug][gc,heap        ] GC(162)   eden space 279616K, 100% used [0x00000000c0000000, 0x00000000d1110000, 0x00000000d1110000)
[10.585s][debug][gc,heap        ] GC(162)   from space 34944K,  99% used [0x00000000d1110000, 0x00000000d33265d0, 0x00000000d3330000)
[10.585s][debug][gc,heap        ] GC(162)   to   space 34944K,   0% used [0x00000000d3330000, 0x00000000d3330000, 0x00000000d5550000)
[10.585s][debug][gc,heap        ] GC(162)  tenured generation   total 699072K, used 561323K [0x00000000d5550000, 0x0000000100000000, 0x0000000100000000)
[10.585s][debug][gc,heap        ] GC(162)    the space 699072K,  80% used [0x00000000d5550000, 0x00000000f797ac28, 0x00000000f797ae00, 0x0000000100000000)
[10.585s][debug][gc,heap        ] GC(162)  Metaspace       used 6360K, committed 6528K, reserved 1114112K
[10.585s][debug][gc,heap        ] GC(162)   class space    used 546K, committed 640K, reserved 1048576K
[10.585s][info ][gc             ] GC(162) Pause Young (Allocation Failure) 855M->855M(989M) 0.162ms
[10.585s][info ][gc,cpu         ] GC(162) User=0.00s Sys=0.00s Real=0.00s
[10.585s][info ][gc,start       ] GC(163) Pause Full (Allocation Failure)
[10.585s][debug][gc,heap        ] GC(163) Heap before GC invocations=136 (full 27):
[10.585s][debug][gc,heap        ] GC(163)  def new generation   total 314560K, used 314521K [0x00000000c0000000, 0x00000000d5550000, 0x00000000d5550000)
[10.585s][debug][gc,heap        ] GC(163)   eden space 279616K, 100% used [0x00000000c0000000, 0x00000000d1110000, 0x00000000d1110000)
[10.585s][debug][gc,heap        ] GC(163)   from space 34944K,  99% used [0x00000000d1110000, 0x00000000d33265d0, 0x00000000d3330000)
[10.585s][debug][gc,heap        ] GC(163)   to   space 34944K,   0% used [0x00000000d3330000, 0x00000000d3330000, 0x00000000d5550000)
[10.585s][debug][gc,heap        ] GC(163)  tenured generation   total 699072K, used 561323K [0x00000000d5550000, 0x0000000100000000, 0x0000000100000000)
[10.585s][debug][gc,heap        ] GC(163)    the space 699072K,  80% used [0x00000000d5550000, 0x00000000f797ac28, 0x00000000f797ae00, 0x0000000100000000)
[10.585s][debug][gc,heap        ] GC(163)  Metaspace       used 6360K, committed 6528K, reserved 1114112K
[10.585s][debug][gc,heap        ] GC(163)   class space    used 546K, committed 640K, reserved 1048576K
[10.585s][info ][gc,phases,start] GC(163) Phase 1: Mark live objects
[10.586s][info ][gc,phases      ] GC(163) Phase 1: Mark live objects 0.953ms
[10.586s][info ][gc,phases,start] GC(163) Phase 2: Compute new object addresses
[10.587s][info ][gc,phases      ] GC(163) Phase 2: Compute new object addresses 1.302ms
[10.587s][info ][gc,phases,start] GC(163) Phase 3: Adjust pointers
[10.588s][info ][gc,phases      ] GC(163) Phase 3: Adjust pointers 0.639ms
[10.588s][info ][gc,phases,start] GC(163) Phase 4: Move objects
[10.625s][info ][gc,phases      ] GC(163) Phase 4: Move objects 37.463ms
[10.625s][info ][gc,heap        ] GC(163) DefNew: 314521K(314560K)->0K(314560K) Eden: 279616K(279616K)->0K(279616K) From: 34905K(34944K)->0K(34944K)
[10.625s][info ][gc,heap        ] GC(163) Tenured: 561323K(699072K)->200766K(699072K)
[10.625s][info ][gc,metaspace   ] GC(163) Metaspace: 6360K(6528K)->6360K(6528K) NonClass: 5814K(5888K)->5814K(5888K) Class: 546K(640K)->546K(640K)
[10.625s][debug][gc,heap        ] GC(163) Heap after GC invocations=136 (full 28):
[10.625s][debug][gc,heap        ] GC(163)  def new generation   total 314560K, used 0K [0x00000000c0000000, 0x00000000d5550000, 0x00000000d5550000)
[10.626s][debug][gc,heap        ] GC(163)   eden space 279616K,   0% used [0x00000000c0000000, 0x00000000c0000000, 0x00000000d1110000)
[10.626s][debug][gc,heap        ] GC(163)   from space 34944K,   0% used [0x00000000d1110000, 0x00000000d1110000, 0x00000000d3330000)
[10.626s][debug][gc,heap        ] GC(163)   to   space 34944K,   0% used [0x00000000d3330000, 0x00000000d3330000, 0x00000000d5550000)
[10.626s][debug][gc,heap        ] GC(163)  tenured generation   total 699072K, used 200766K [0x00000000d5550000, 0x0000000100000000, 0x0000000100000000)
[10.626s][debug][gc,heap        ] GC(163)    the space 699072K,  28% used [0x00000000d5550000, 0x00000000e195fad8, 0x00000000e195fc00, 0x0000000100000000)
[10.626s][debug][gc,heap        ] GC(163)  Metaspace       used 6360K, committed 6528K, reserved 1114112K
[10.626s][debug][gc,heap        ] GC(163)   class space    used 546K, committed 640K, reserved 1048576K
[10.626s][info ][gc             ] GC(163) Pause Full (Allocation Failure) 855M->196M(989M) 40.713ms
[10.626s][info ][gc,cpu         ] GC(163) User=0.04s Sys=0.00s Real=0.04s
[10.626s][info ][safepoint      ] Safepoint "GenCollectForAllocation", Time since last: 37746163 ns, Reaching safepoint: 3200 ns, Cleanup: 4000 ns, At safepoint: 40921368 ns, Total: 40928568 ns
[10.678s][info ][gc,start       ] GC(164) Pause Young (Allocation Failure)
[10.678s][debug][gc,heap        ] GC(164) Heap before GC invocations=136 (full 28):
[10.678s][debug][gc,heap        ] GC(164)  def new generation   total 314560K, used 279616K [0x00000000c0000000, 0x00000000d5550000, 0x00000000d5550000)
[10.678s][debug][gc,heap        ] GC(164)   eden space 279616K, 100% used [0x00000000c0000000, 0x00000000d1110000, 0x00000000d1110000)
[10.678s][debug][gc,heap        ] GC(164)   from space 34944K,   0% used [0x00000000d1110000, 0x00000000d1110000, 0x00000000d3330000)
[10.678s][debug][gc,heap        ] GC(164)   to   space 34944K,   0% used [0x00000000d3330000, 0x00000000d3330000, 0x00000000d5550000)
[10.678s][debug][gc,heap        ] GC(164)  tenured generation   total 699072K, used 200766K [0x00000000d5550000, 0x0000000100000000, 0x0000000100000000)
[10.678s][debug][gc,heap        ] GC(164)    the space 699072K,  28% used [0x00000000d5550000, 0x00000000e195fad8, 0x00000000e195fc00, 0x0000000100000000)
[10.678s][debug][gc,heap        ] GC(164)  Metaspace       used 6360K, committed 6528K, reserved 1114112K
[10.678s][debug][gc,heap        ] GC(164)   class space    used 546K, committed 640K, reserved 1048576K
[10.707s][info ][gc,heap        ] GC(164) DefNew: 279616K(314560K)->34905K(314560K) Eden: 279616K(279616K)->0K(279616K) From: 0K(34944K)->34905K(34944K)
[10.707s][info ][gc,heap        ] GC(164) Tenured: 200766K(699072K)->315684K(699072K)
[10.707s][info ][gc,metaspace   ] GC(164) Metaspace: 6360K(6528K)->6360K(6528K) NonClass: 5814K(5888K)->5814K(5888K) Class: 546K(640K)->546K(640K)
[10.707s][debug][gc,heap        ] GC(164) Heap after GC invocations=137 (full 28):
[10.707s][debug][gc,heap        ] GC(164)  def new generation   total 314560K, used 34905K [0x00000000c0000000, 0x00000000d5550000, 0x00000000d5550000)
[10.707s][debug][gc,heap        ] GC(164)   eden space 279616K,   0% used [0x00000000c0000000, 0x00000000c0000000, 0x00000000d1110000)
[10.707s][debug][gc,heap        ] GC(164)   from space 34944K,  99% used [0x00000000d3330000, 0x00000000d55465d0, 0x00000000d5550000)
[10.707s][debug][gc,heap        ] GC(164)   to   space 34944K,   0% used [0x00000000d1110000, 0x00000000d1110000, 0x00000000d3330000)
[10.707s][debug][gc,heap        ] GC(164)  tenured generation   total 699072K, used 315684K [0x00000000d5550000, 0x0000000100000000, 0x0000000100000000)
[10.707s][debug][gc,heap        ] GC(164)    the space 699072K,  45% used [0x00000000d5550000, 0x00000000e89992a8, 0x00000000e8999400, 0x0000000100000000)
[10.707s][debug][gc,heap        ] GC(164)  Metaspace       used 6360K, committed 6528K, reserved 1114112K
[10.707s][debug][gc,heap        ] GC(164)   class space    used 546K, committed 640K, reserved 1048576K
[10.707s][info ][gc             ] GC(164) Pause Young (Allocation Failure) 469M->342M(989M) 28.944ms
[10.707s][info ][gc,cpu         ] GC(164) User=0.02s Sys=0.00s Real=0.03s
[10.707s][info ][safepoint      ] Safepoint "GenCollectForAllocation", Time since last: 52575887 ns, Reaching safepoint: 3800 ns, Cleanup: 4800 ns, At safepoint: 28973449 ns, Total: 28982049 ns
[10.740s][info ][gc,start       ] GC(165) Pause Young (Allocation Failure)
[10.740s][debug][gc,heap        ] GC(165) Heap before GC invocations=137 (full 28):
[10.740s][debug][gc,heap        ] GC(165)  def new generation   total 314560K, used 314521K [0x00000000c0000000, 0x00000000d5550000, 0x00000000d5550000)
[10.740s][debug][gc,heap        ] GC(165)   eden space 279616K, 100% used [0x00000000c0000000, 0x00000000d1110000, 0x00000000d1110000)
[10.740s][debug][gc,heap        ] GC(165)   from space 34944K,  99% used [0x00000000d3330000, 0x00000000d55465d0, 0x00000000d5550000)
[10.740s][debug][gc,heap        ] GC(165)   to   space 34944K,   0% used [0x00000000d1110000, 0x00000000d1110000, 0x00000000d3330000)
[10.740s][debug][gc,heap        ] GC(165)  tenured generation   total 699072K, used 315684K [0x00000000d5550000, 0x0000000100000000, 0x0000000100000000)
[10.740s][debug][gc,heap        ] GC(165)    the space 699072K,  45% used [0x00000000d5550000, 0x00000000e89992a8, 0x00000000e8999400, 0x0000000100000000)
[10.740s][debug][gc,heap        ] GC(165)  Metaspace       used 6360K, committed 6528K, reserved 1114112K
[10.740s][debug][gc,heap        ] GC(165)   class space    used 546K, committed 640K, reserved 1048576K
[10.770s][info ][gc,heap        ] GC(165) DefNew: 314521K(314560K)->34905K(314560K) Eden: 279616K(279616K)->0K(279616K) From: 34905K(34944K)->34905K(34944K)
[10.770s][info ][gc,heap        ] GC(165) Tenured: 315684K(699072K)->440204K(699072K)
[10.770s][info ][gc,metaspace   ] GC(165) Metaspace: 6360K(6528K)->6360K(6528K) NonClass: 5814K(5888K)->5814K(5888K) Class: 546K(640K)->546K(640K)
[10.770s][debug][gc,heap        ] GC(165) Heap after GC invocations=138 (full 28):
[10.770s][debug][gc,heap        ] GC(165)  def new generation   total 314560K, used 34905K [0x00000000c0000000, 0x00000000d5550000, 0x00000000d5550000)
[10.770s][debug][gc,heap        ] GC(165)   eden space 279616K,   0% used [0x00000000c0000000, 0x00000000c0000000, 0x00000000d1110000)
[10.770s][debug][gc,heap        ] GC(165)   from space 34944K,  99% used [0x00000000d1110000, 0x00000000d33265d0, 0x00000000d3330000)
[10.770s][debug][gc,heap        ] GC(165)   to   space 34944K,   0% used [0x00000000d3330000, 0x00000000d3330000, 0x00000000d5550000)
[10.770s][debug][gc,heap        ] GC(165)  tenured generation   total 699072K, used 440204K [0x00000000d5550000, 0x0000000100000000, 0x0000000100000000)
[10.770s][debug][gc,heap        ] GC(165)    the space 699072K,  62% used [0x00000000d5550000, 0x00000000f0333078, 0x00000000f0333200, 0x0000000100000000)
[10.770s][debug][gc,heap        ] GC(165)  Metaspace       used 6360K, committed 6528K, reserved 1114112K
[10.770s][debug][gc,heap        ] GC(165)   class space    used 546K, committed 640K, reserved 1048576K
[10.770s][info ][gc             ] GC(165) Pause Young (Allocation Failure) 615M->463M(989M) 30.412ms
[10.770s][info ][gc,cpu         ] GC(165) User=0.03s Sys=0.00s Real=0.03s
[10.770s][info ][safepoint      ] Safepoint "GenCollectForAllocation", Time since last: 32588154 ns, Reaching safepoint: 2900 ns, Cleanup: 3500 ns, At safepoint: 30438950 ns, Total: 30445350 ns
[10.807s][info ][gc,start       ] GC(166) Pause Young (Allocation Failure)
[10.807s][debug][gc,heap        ] GC(166) Heap before GC invocations=138 (full 28):
[10.807s][debug][gc,heap        ] GC(166)  def new generation   total 314560K, used 314521K [0x00000000c0000000, 0x00000000d5550000, 0x00000000d5550000)
[10.807s][debug][gc,heap        ] GC(166)   eden space 279616K, 100% used [0x00000000c0000000, 0x00000000d1110000, 0x00000000d1110000)
[10.807s][debug][gc,heap        ] GC(166)   from space 34944K,  99% used [0x00000000d1110000, 0x00000000d33265d0, 0x00000000d3330000)
[10.807s][debug][gc,heap        ] GC(166)   to   space 34944K,   0% used [0x00000000d3330000, 0x00000000d3330000, 0x00000000d5550000)
[10.807s][debug][gc,heap        ] GC(166)  tenured generation   total 699072K, used 440204K [0x00000000d5550000, 0x0000000100000000, 0x0000000100000000)
[10.807s][debug][gc,heap        ] GC(166)    the space 699072K,  62% used [0x00000000d5550000, 0x00000000f0333078, 0x00000000f0333200, 0x0000000100000000)
[10.807s][debug][gc,heap        ] GC(166)  Metaspace       used 6360K, committed 6528K, reserved 1114112K
[10.807s][debug][gc,heap        ] GC(166)   class space    used 546K, committed 640K, reserved 1048576K
[10.840s][info ][gc,heap        ] GC(166) DefNew: 314521K(314560K)->34905K(314560K) Eden: 279616K(279616K)->0K(279616K) From: 34905K(34944K)->34905K(34944K)
[10.840s][info ][gc,heap        ] GC(166) Tenured: 440204K(699072K)->562723K(699072K)
[10.840s][info ][gc,metaspace   ] GC(166) Metaspace: 6360K(6528K)->6360K(6528K) NonClass: 5814K(5888K)->5814K(5888K) Class: 546K(640K)->546K(640K)
[10.840s][debug][gc,heap        ] GC(166) Heap after GC invocations=139 (full 28):
[10.840s][debug][gc,heap        ] GC(166)  def new generation   total 314560K, used 34905K [0x00000000c0000000, 0x00000000d5550000, 0x00000000d5550000)
[10.840s][debug][gc,heap        ] GC(166)   eden space 279616K,   0% used [0x00000000c0000000, 0x00000000c0000000, 0x00000000d1110000)
[10.840s][debug][gc,heap        ] GC(166)   from space 34944K,  99% used [0x00000000d3330000, 0x00000000d55465d0, 0x00000000d5550000)
[10.840s][debug][gc,heap        ] GC(166)   to   space 34944K,   0% used [0x00000000d1110000, 0x00000000d1110000, 0x00000000d3330000)
[10.840s][debug][gc,heap        ] GC(166)  tenured generation   total 699072K, used 562723K [0x00000000d5550000, 0x0000000100000000, 0x0000000100000000)
[10.840s][debug][gc,heap        ] GC(166)    the space 699072K,  80% used [0x00000000d5550000, 0x00000000f7ad8d08, 0x00000000f7ad8e00, 0x0000000100000000)
[10.840s][debug][gc,heap        ] GC(166)  Metaspace       used 6360K, committed 6528K, reserved 1114112K
[10.840s][debug][gc,heap        ] GC(166)   class space    used 546K, committed 640K, reserved 1048576K
[10.840s][info ][gc             ] GC(166) Pause Young (Allocation Failure) 737M->583M(989M) 33.506ms
[10.840s][info ][gc,cpu         ] GC(166) User=0.04s Sys=0.00s Real=0.03s
[10.840s][info ][safepoint      ] Safepoint "GenCollectForAllocation", Time since last: 36470861 ns, Reaching safepoint: 3700 ns, Cleanup: 4200 ns, At safepoint: 33537256 ns, Total: 33545156 ns
[10.872s][info ][gc,start       ] GC(167) Pause Young (Allocation Failure)
[10.872s][debug][gc,heap        ] GC(167) Heap before GC invocations=139 (full 28):
[10.872s][debug][gc,heap        ] GC(167)  def new generation   total 314560K, used 314521K [0x00000000c0000000, 0x00000000d5550000, 0x00000000d5550000)
[10.872s][debug][gc,heap        ] GC(167)   eden space 279616K, 100% used [0x00000000c0000000, 0x00000000d1110000, 0x00000000d1110000)
[10.872s][debug][gc,heap        ] GC(167)   from space 34944K,  99% used [0x00000000d3330000, 0x00000000d55465d0, 0x00000000d5550000)
[10.872s][debug][gc,heap        ] GC(167)   to   space 34944K,   0% used [0x00000000d1110000, 0x00000000d1110000, 0x00000000d3330000)
[10.872s][debug][gc,heap        ] GC(167)  tenured generation   total 699072K, used 562723K [0x00000000d5550000, 0x0000000100000000, 0x0000000100000000)
[10.872s][debug][gc,heap        ] GC(167)    the space 699072K,  80% used [0x00000000d5550000, 0x00000000f7ad8d08, 0x00000000f7ad8e00, 0x0000000100000000)
[10.872s][debug][gc,heap        ] GC(167)  Metaspace       used 6360K, committed 6528K, reserved 1114112K
[10.872s][debug][gc,heap        ] GC(167)   class space    used 546K, committed 640K, reserved 1048576K
[10.872s][debug][gc,heap        ] GC(167) Heap after GC invocations=140 (full 28):
[10.872s][debug][gc,heap        ] GC(167)  def new generation   total 314560K, used 314521K [0x00000000c0000000, 0x00000000d5550000, 0x00000000d5550000)
[10.872s][debug][gc,heap        ] GC(167)   eden space 279616K, 100% used [0x00000000c0000000, 0x00000000d1110000, 0x00000000d1110000)
[10.872s][debug][gc,heap        ] GC(167)   from space 34944K,  99% used [0x00000000d3330000, 0x00000000d55465d0, 0x00000000d5550000)
[10.872s][debug][gc,heap        ] GC(167)   to   space 34944K,   0% used [0x00000000d1110000, 0x00000000d1110000, 0x00000000d3330000)
[10.872s][debug][gc,heap        ] GC(167)  tenured generation   total 699072K, used 562723K [0x00000000d5550000, 0x0000000100000000, 0x0000000100000000)
[10.872s][debug][gc,heap        ] GC(167)    the space 699072K,  80% used [0x00000000d5550000, 0x00000000f7ad8d08, 0x00000000f7ad8e00, 0x0000000100000000)
[10.872s][debug][gc,heap        ] GC(167)  Metaspace       used 6360K, committed 6528K, reserved 1114112K
[10.872s][debug][gc,heap        ] GC(167)   class space    used 546K, committed 640K, reserved 1048576K
[10.872s][info ][gc             ] GC(167) Pause Young (Allocation Failure) 856M->856M(989M) 0.236ms
[10.872s][info ][gc,cpu         ] GC(167) User=0.00s Sys=0.00s Real=0.00s
[10.872s][info ][gc,start       ] GC(168) Pause Full (Allocation Failure)
[10.872s][debug][gc,heap        ] GC(168) Heap before GC invocations=140 (full 28):
[10.872s][debug][gc,heap        ] GC(168)  def new generation   total 314560K, used 314521K [0x00000000c0000000, 0x00000000d5550000, 0x00000000d5550000)
[10.872s][debug][gc,heap        ] GC(168)   eden space 279616K, 100% used [0x00000000c0000000, 0x00000000d1110000, 0x00000000d1110000)
[10.872s][debug][gc,heap        ] GC(168)   from space 34944K,  99% used [0x00000000d3330000, 0x00000000d55465d0, 0x00000000d5550000)
[10.872s][debug][gc,heap        ] GC(168)   to   space 34944K,   0% used [0x00000000d1110000, 0x00000000d1110000, 0x00000000d3330000)
[10.872s][debug][gc,heap        ] GC(168)  tenured generation   total 699072K, used 562723K [0x00000000d5550000, 0x0000000100000000, 0x0000000100000000)
[10.872s][debug][gc,heap        ] GC(168)    the space 699072K,  80% used [0x00000000d5550000, 0x00000000f7ad8d08, 0x00000000f7ad8e00, 0x0000000100000000)
[10.872s][debug][gc,heap        ] GC(168)  Metaspace       used 6360K, committed 6528K, reserved 1114112K
[10.872s][debug][gc,heap        ] GC(168)   class space    used 546K, committed 640K, reserved 1048576K
[10.872s][info ][gc,phases,start] GC(168) Phase 1: Mark live objects
[10.873s][info ][gc,phases      ] GC(168) Phase 1: Mark live objects 0.931ms
[10.873s][info ][gc,phases,start] GC(168) Phase 2: Compute new object addresses
[10.874s][info ][gc,phases      ] GC(168) Phase 2: Compute new object addresses 1.517ms
[10.874s][info ][gc,phases,start] GC(168) Phase 3: Adjust pointers
[10.875s][info ][gc,phases      ] GC(168) Phase 3: Adjust pointers 0.668ms
[10.875s][info ][gc,phases,start] GC(168) Phase 4: Move objects
[10.908s][info ][gc,phases      ] GC(168) Phase 4: Move objects 32.682ms
[10.908s][info ][gc,heap        ] GC(168) DefNew: 314521K(314560K)->0K(314560K) Eden: 279616K(279616K)->0K(279616K) From: 34905K(34944K)->0K(34944K)
[10.908s][info ][gc,heap        ] GC(168) Tenured: 562723K(699072K)->217569K(699072K)
[10.908s][info ][gc,metaspace   ] GC(168) Metaspace: 6360K(6528K)->6360K(6528K) NonClass: 5814K(5888K)->5814K(5888K) Class: 546K(640K)->546K(640K)
[10.908s][debug][gc,heap        ] GC(168) Heap after GC invocations=140 (full 29):
[10.908s][debug][gc,heap        ] GC(168)  def new generation   total 314560K, used 0K [0x00000000c0000000, 0x00000000d5550000, 0x00000000d5550000)
[10.908s][debug][gc,heap        ] GC(168)   eden space 279616K,   0% used [0x00000000c0000000, 0x00000000c0000000, 0x00000000d1110000)
[10.908s][debug][gc,heap        ] GC(168)   from space 34944K,   0% used [0x00000000d3330000, 0x00000000d3330000, 0x00000000d5550000)
[10.908s][debug][gc,heap        ] GC(168)   to   space 34944K,   0% used [0x00000000d1110000, 0x00000000d1110000, 0x00000000d3330000)
[10.908s][debug][gc,heap        ] GC(168)  tenured generation   total 699072K, used 217569K [0x00000000d5550000, 0x0000000100000000, 0x0000000100000000)
[10.908s][debug][gc,heap        ] GC(168)    the space 699072K,  31% used [0x00000000d5550000, 0x00000000e29c8558, 0x00000000e29c8600, 0x0000000100000000)
[10.908s][debug][gc,heap        ] GC(168)  Metaspace       used 6360K, committed 6528K, reserved 1114112K
[10.908s][debug][gc,heap        ] GC(168)   class space    used 546K, committed 640K, reserved 1048576K
[10.908s][info ][gc             ] GC(168) Pause Full (Allocation Failure) 856M->212M(989M) 36.145ms
[10.908s][info ][gc,cpu         ] GC(168) User=0.03s Sys=0.00s Real=0.03s
[10.908s][info ][safepoint      ] Safepoint "GenCollectForAllocation", Time since last: 31452352 ns, Reaching safepoint: 4300 ns, Cleanup: 4100 ns, At safepoint: 36421461 ns, Total: 36429861 ns
[10.943s][info ][gc,start       ] GC(169) Pause Young (Allocation Failure)
[10.943s][debug][gc,heap        ] GC(169) Heap before GC invocations=140 (full 29):
[10.943s][debug][gc,heap        ] GC(169)  def new generation   total 314560K, used 279616K [0x00000000c0000000, 0x00000000d5550000, 0x00000000d5550000)
[10.943s][debug][gc,heap        ] GC(169)   eden space 279616K, 100% used [0x00000000c0000000, 0x00000000d1110000, 0x00000000d1110000)
[10.943s][debug][gc,heap        ] GC(169)   from space 34944K,   0% used [0x00000000d3330000, 0x00000000d3330000, 0x00000000d5550000)
[10.943s][debug][gc,heap        ] GC(169)   to   space 34944K,   0% used [0x00000000d1110000, 0x00000000d1110000, 0x00000000d3330000)
[10.943s][debug][gc,heap        ] GC(169)  tenured generation   total 699072K, used 217569K [0x00000000d5550000, 0x0000000100000000, 0x0000000100000000)
[10.943s][debug][gc,heap        ] GC(169)    the space 699072K,  31% used [0x00000000d5550000, 0x00000000e29c8558, 0x00000000e29c8600, 0x0000000100000000)
[10.943s][debug][gc,heap        ] GC(169)  Metaspace       used 6360K, committed 6528K, reserved 1114112K
[10.943s][debug][gc,heap        ] GC(169)   class space    used 546K, committed 640K, reserved 1048576K
[10.967s][info ][gc,heap        ] GC(169) DefNew: 279616K(314560K)->34905K(314560K) Eden: 279616K(279616K)->0K(279616K) From: 0K(34944K)->34905K(34944K)
[10.967s][info ][gc,heap        ] GC(169) Tenured: 217569K(699072K)->334587K(699072K)
[10.967s][info ][gc,metaspace   ] GC(169) Metaspace: 6360K(6528K)->6360K(6528K) NonClass: 5814K(5888K)->5814K(5888K) Class: 546K(640K)->546K(640K)
[10.967s][debug][gc,heap        ] GC(169) Heap after GC invocations=141 (full 29):
[10.967s][debug][gc,heap        ] GC(169)  def new generation   total 314560K, used 34905K [0x00000000c0000000, 0x00000000d5550000, 0x00000000d5550000)
[10.967s][debug][gc,heap        ] GC(169)   eden space 279616K,   0% used [0x00000000c0000000, 0x00000000c0000000, 0x00000000d1110000)
[10.967s][debug][gc,heap        ] GC(169)   from space 34944K,  99% used [0x00000000d1110000, 0x00000000d33265d0, 0x00000000d3330000)
[10.967s][debug][gc,heap        ] GC(169)   to   space 34944K,   0% used [0x00000000d3330000, 0x00000000d3330000, 0x00000000d5550000)
[10.967s][debug][gc,heap        ] GC(169)  tenured generation   total 699072K, used 334587K [0x00000000d5550000, 0x0000000100000000, 0x0000000100000000)
[10.967s][debug][gc,heap        ] GC(169)    the space 699072K,  47% used [0x00000000d5550000, 0x00000000e9c0ee78, 0x00000000e9c0f000, 0x0000000100000000)
[10.967s][debug][gc,heap        ] GC(169)  Metaspace       used 6360K, committed 6528K, reserved 1114112K
[10.967s][debug][gc,heap        ] GC(169)   class space    used 546K, committed 640K, reserved 1048576K
[10.967s][info ][gc             ] GC(169) Pause Young (Allocation Failure) 485M->360M(989M) 24.335ms
[10.967s][info ][gc,cpu         ] GC(169) User=0.02s Sys=0.00s Real=0.02s
[10.967s][info ][safepoint      ] Safepoint "GenCollectForAllocation", Time since last: 34553957 ns, Reaching safepoint: 3400 ns, Cleanup: 4000 ns, At safepoint: 24360141 ns, Total: 24367541 ns
[11.002s][info ][gc,start       ] GC(170) Pause Young (Allocation Failure)
[11.002s][debug][gc,heap        ] GC(170) Heap before GC invocations=141 (full 29):
[11.002s][debug][gc,heap        ] GC(170)  def new generation   total 314560K, used 314521K [0x00000000c0000000, 0x00000000d5550000, 0x00000000d5550000)
[11.002s][debug][gc,heap        ] GC(170)   eden space 279616K, 100% used [0x00000000c0000000, 0x00000000d1110000, 0x00000000d1110000)
[11.002s][debug][gc,heap        ] GC(170)   from space 34944K,  99% used [0x00000000d1110000, 0x00000000d33265d0, 0x00000000d3330000)
[11.002s][debug][gc,heap        ] GC(170)   to   space 34944K,   0% used [0x00000000d3330000, 0x00000000d3330000, 0x00000000d5550000)
[11.002s][debug][gc,heap        ] GC(170)  tenured generation   total 699072K, used 334587K [0x00000000d5550000, 0x0000000100000000, 0x0000000100000000)
[11.002s][debug][gc,heap        ] GC(170)    the space 699072K,  47% used [0x00000000d5550000, 0x00000000e9c0ee78, 0x00000000e9c0f000, 0x0000000100000000)
[11.002s][debug][gc,heap        ] GC(170)  Metaspace       used 6360K, committed 6528K, reserved 1114112K
[11.002s][debug][gc,heap        ] GC(170)   class space    used 546K, committed 640K, reserved 1048576K
[11.030s][info ][gc,heap        ] GC(170) DefNew: 314521K(314560K)->34905K(314560K) Eden: 279616K(279616K)->0K(279616K) From: 34905K(34944K)->34905K(34944K)
[11.030s][info ][gc,heap        ] GC(170) Tenured: 334587K(699072K)->458606K(699072K)
[11.030s][info ][gc,metaspace   ] GC(170) Metaspace: 6360K(6528K)->6360K(6528K) NonClass: 5814K(5888K)->5814K(5888K) Class: 546K(640K)->546K(640K)
[11.030s][debug][gc,heap        ] GC(170) Heap after GC invocations=142 (full 29):
[11.030s][debug][gc,heap        ] GC(170)  def new generation   total 314560K, used 34905K [0x00000000c0000000, 0x00000000d5550000, 0x00000000d5550000)
[11.030s][debug][gc,heap        ] GC(170)   eden space 279616K,   0% used [0x00000000c0000000, 0x00000000c0000000, 0x00000000d1110000)
[11.030s][debug][gc,heap        ] GC(170)   from space 34944K,  99% used [0x00000000d3330000, 0x00000000d55465d0, 0x00000000d5550000)
[11.030s][debug][gc,heap        ] GC(170)   to   space 34944K,   0% used [0x00000000d1110000, 0x00000000d1110000, 0x00000000d3330000)
[11.030s][debug][gc,heap        ] GC(170)  tenured generation   total 699072K, used 458606K [0x00000000d5550000, 0x0000000100000000, 0x0000000100000000)
[11.030s][debug][gc,heap        ] GC(170)    the space 699072K,  65% used [0x00000000d5550000, 0x00000000f152bbf8, 0x00000000f152bc00, 0x0000000100000000)
[11.030s][debug][gc,heap        ] GC(170)  Metaspace       used 6360K, committed 6528K, reserved 1114112K
[11.030s][debug][gc,heap        ] GC(170)   class space    used 546K, committed 640K, reserved 1048576K
[11.030s][info ][gc             ] GC(170) Pause Young (Allocation Failure) 633M->481M(989M) 27.957ms
[11.030s][info ][gc,cpu         ] GC(170) User=0.03s Sys=0.00s Real=0.02s
[11.030s][info ][safepoint      ] Safepoint "GenCollectForAllocation", Time since last: 34637457 ns, Reaching safepoint: 3500 ns, Cleanup: 4200 ns, At safepoint: 27983547 ns, Total: 27991247 ns
[11.062s][info ][gc,start       ] GC(171) Pause Young (Allocation Failure)
[11.062s][debug][gc,heap        ] GC(171) Heap before GC invocations=142 (full 29):
[11.062s][debug][gc,heap        ] GC(171)  def new generation   total 314560K, used 314521K [0x00000000c0000000, 0x00000000d5550000, 0x00000000d5550000)
[11.062s][debug][gc,heap        ] GC(171)   eden space 279616K, 100% used [0x00000000c0000000, 0x00000000d1110000, 0x00000000d1110000)
[11.062s][debug][gc,heap        ] GC(171)   from space 34944K,  99% used [0x00000000d3330000, 0x00000000d55465d0, 0x00000000d5550000)
[11.062s][debug][gc,heap        ] GC(171)   to   space 34944K,   0% used [0x00000000d1110000, 0x00000000d1110000, 0x00000000d3330000)
[11.062s][debug][gc,heap        ] GC(171)  tenured generation   total 699072K, used 458606K [0x00000000d5550000, 0x0000000100000000, 0x0000000100000000)
[11.062s][debug][gc,heap        ] GC(171)    the space 699072K,  65% used [0x00000000d5550000, 0x00000000f152bbf8, 0x00000000f152bc00, 0x0000000100000000)
[11.062s][debug][gc,heap        ] GC(171)  Metaspace       used 6360K, committed 6528K, reserved 1114112K
[11.062s][debug][gc,heap        ] GC(171)   class space    used 546K, committed 640K, reserved 1048576K
[11.088s][info ][gc,heap        ] GC(171) DefNew: 314521K(314560K)->34905K(314560K) Eden: 279616K(279616K)->0K(279616K) From: 34905K(34944K)->34905K(34944K)
[11.088s][info ][gc,heap        ] GC(171) Tenured: 458606K(699072K)->582726K(699072K)
[11.088s][info ][gc,metaspace   ] GC(171) Metaspace: 6360K(6528K)->6360K(6528K) NonClass: 5814K(5888K)->5814K(5888K) Class: 546K(640K)->546K(640K)
[11.088s][debug][gc,heap        ] GC(171) Heap after GC invocations=143 (full 29):
[11.088s][debug][gc,heap        ] GC(171)  def new generation   total 314560K, used 34905K [0x00000000c0000000, 0x00000000d5550000, 0x00000000d5550000)
[11.088s][debug][gc,heap        ] GC(171)   eden space 279616K,   0% used [0x00000000c0000000, 0x00000000c0000000, 0x00000000d1110000)
[11.088s][debug][gc,heap        ] GC(171)   from space 34944K,  99% used [0x00000000d1110000, 0x00000000d33265d0, 0x00000000d3330000)
[11.088s][debug][gc,heap        ] GC(171)   to   space 34944K,   0% used [0x00000000d3330000, 0x00000000d3330000, 0x00000000d5550000)
[11.088s][debug][gc,heap        ] GC(171)  tenured generation   total 699072K, used 582726K [0x00000000d5550000, 0x0000000100000000, 0x0000000100000000)
[11.088s][debug][gc,heap        ] GC(171)    the space 699072K,  83% used [0x00000000d5550000, 0x00000000f8e61988, 0x00000000f8e61a00, 0x0000000100000000)
[11.088s][debug][gc,heap        ] GC(171)  Metaspace       used 6360K, committed 6528K, reserved 1114112K
[11.088s][debug][gc,heap        ] GC(171)   class space    used 546K, committed 640K, reserved 1048576K
[11.088s][info ][gc             ] GC(171) Pause Young (Allocation Failure) 755M->603M(989M) 26.309ms
[11.088s][info ][gc,cpu         ] GC(171) User=0.02s Sys=0.00s Real=0.02s
[11.088s][info ][safepoint      ] Safepoint "GenCollectForAllocation", Time since last: 32210653 ns, Reaching safepoint: 3100 ns, Cleanup: 4000 ns, At safepoint: 26334144 ns, Total: 26341244 ns
[11.127s][info ][gc,start       ] GC(172) Pause Young (Allocation Failure)
[11.127s][debug][gc,heap        ] GC(172) Heap before GC invocations=143 (full 29):
[11.127s][debug][gc,heap        ] GC(172)  def new generation   total 314560K, used 314521K [0x00000000c0000000, 0x00000000d5550000, 0x00000000d5550000)
[11.128s][debug][gc,heap        ] GC(172)   eden space 279616K, 100% used [0x00000000c0000000, 0x00000000d1110000, 0x00000000d1110000)
[11.128s][debug][gc,heap        ] GC(172)   from space 34944K,  99% used [0x00000000d1110000, 0x00000000d33265d0, 0x00000000d3330000)
[11.128s][debug][gc,heap        ] GC(172)   to   space 34944K,   0% used [0x00000000d3330000, 0x00000000d3330000, 0x00000000d5550000)
[11.128s][debug][gc,heap        ] GC(172)  tenured generation   total 699072K, used 582726K [0x00000000d5550000, 0x0000000100000000, 0x0000000100000000)
[11.128s][debug][gc,heap        ] GC(172)    the space 699072K,  83% used [0x00000000d5550000, 0x00000000f8e61988, 0x00000000f8e61a00, 0x0000000100000000)
[11.128s][debug][gc,heap        ] GC(172)  Metaspace       used 6360K, committed 6528K, reserved 1114112K
[11.128s][debug][gc,heap        ] GC(172)   class space    used 546K, committed 640K, reserved 1048576K
[11.128s][debug][gc,heap        ] GC(172) Heap after GC invocations=144 (full 29):
[11.128s][debug][gc,heap        ] GC(172)  def new generation   total 314560K, used 314521K [0x00000000c0000000, 0x00000000d5550000, 0x00000000d5550000)
[11.128s][debug][gc,heap        ] GC(172)   eden space 279616K, 100% used [0x00000000c0000000, 0x00000000d1110000, 0x00000000d1110000)
[11.128s][debug][gc,heap        ] GC(172)   from space 34944K,  99% used [0x00000000d1110000, 0x00000000d33265d0, 0x00000000d3330000)
[11.128s][debug][gc,heap        ] GC(172)   to   space 34944K,   0% used [0x00000000d3330000, 0x00000000d3330000, 0x00000000d5550000)
[11.128s][debug][gc,heap        ] GC(172)  tenured generation   total 699072K, used 582726K [0x00000000d5550000, 0x0000000100000000, 0x0000000100000000)
[11.128s][debug][gc,heap        ] GC(172)    the space 699072K,  83% used [0x00000000d5550000, 0x00000000f8e61988, 0x00000000f8e61a00, 0x0000000100000000)
[11.128s][debug][gc,heap        ] GC(172)  Metaspace       used 6360K, committed 6528K, reserved 1114112K
[11.128s][debug][gc,heap        ] GC(172)   class space    used 546K, committed 640K, reserved 1048576K
[11.128s][info ][gc             ] GC(172) Pause Young (Allocation Failure) 876M->876M(989M) 0.238ms
[11.128s][info ][gc,cpu         ] GC(172) User=0.00s Sys=0.00s Real=0.00s
[11.128s][info ][gc,start       ] GC(173) Pause Full (Allocation Failure)
[11.128s][debug][gc,heap        ] GC(173) Heap before GC invocations=144 (full 29):
[11.128s][debug][gc,heap        ] GC(173)  def new generation   total 314560K, used 314521K [0x00000000c0000000, 0x00000000d5550000, 0x00000000d5550000)
[11.128s][debug][gc,heap        ] GC(173)   eden space 279616K, 100% used [0x00000000c0000000, 0x00000000d1110000, 0x00000000d1110000)
[11.128s][debug][gc,heap        ] GC(173)   from space 34944K,  99% used [0x00000000d1110000, 0x00000000d33265d0, 0x00000000d3330000)
[11.128s][debug][gc,heap        ] GC(173)   to   space 34944K,   0% used [0x00000000d3330000, 0x00000000d3330000, 0x00000000d5550000)
[11.128s][debug][gc,heap        ] GC(173)  tenured generation   total 699072K, used 582726K [0x00000000d5550000, 0x0000000100000000, 0x0000000100000000)
[11.128s][debug][gc,heap        ] GC(173)    the space 699072K,  83% used [0x00000000d5550000, 0x00000000f8e61988, 0x00000000f8e61a00, 0x0000000100000000)
[11.128s][debug][gc,heap        ] GC(173)  Metaspace       used 6360K, committed 6528K, reserved 1114112K
[11.128s][debug][gc,heap        ] GC(173)   class space    used 546K, committed 640K, reserved 1048576K
[11.128s][info ][gc,phases,start] GC(173) Phase 1: Mark live objects
[11.129s][info ][gc,phases      ] GC(173) Phase 1: Mark live objects 1.407ms
[11.129s][info ][gc,phases,start] GC(173) Phase 2: Compute new object addresses
[11.131s][info ][gc,phases      ] GC(173) Phase 2: Compute new object addresses 2.006ms
[11.131s][info ][gc,phases,start] GC(173) Phase 3: Adjust pointers
[11.133s][info ][gc,phases      ] GC(173) Phase 3: Adjust pointers 1.313ms
[11.133s][info ][gc,phases,start] GC(173) Phase 4: Move objects
[11.169s][info ][gc,phases      ] GC(173) Phase 4: Move objects 36.908ms
[11.170s][info ][gc,heap        ] GC(173) DefNew: 314521K(314560K)->0K(314560K) Eden: 279616K(279616K)->0K(279616K) From: 34905K(34944K)->0K(34944K)
[11.170s][info ][gc,heap        ] GC(173) Tenured: 582726K(699072K)->221970K(699072K)
[11.170s][info ][gc,metaspace   ] GC(173) Metaspace: 6360K(6528K)->6360K(6528K) NonClass: 5814K(5888K)->5814K(5888K) Class: 546K(640K)->546K(640K)
[11.170s][debug][gc,heap        ] GC(173) Heap after GC invocations=144 (full 30):
[11.170s][debug][gc,heap        ] GC(173)  def new generation   total 314560K, used 0K [0x00000000c0000000, 0x00000000d5550000, 0x00000000d5550000)
[11.170s][debug][gc,heap        ] GC(173)   eden space 279616K,   0% used [0x00000000c0000000, 0x00000000c0000000, 0x00000000d1110000)
[11.170s][debug][gc,heap        ] GC(173)   from space 34944K,   0% used [0x00000000d1110000, 0x00000000d1110000, 0x00000000d3330000)
[11.170s][debug][gc,heap        ] GC(173)   to   space 34944K,   0% used [0x00000000d3330000, 0x00000000d3330000, 0x00000000d5550000)
[11.170s][debug][gc,heap        ] GC(173)  tenured generation   total 699072K, used 221970K [0x00000000d5550000, 0x0000000100000000, 0x0000000100000000)
[11.170s][debug][gc,heap        ] GC(173)    the space 699072K,  31% used [0x00000000d5550000, 0x00000000e2e14818, 0x00000000e2e14a00, 0x0000000100000000)
[11.170s][debug][gc,heap        ] GC(173)  Metaspace       used 6360K, committed 6528K, reserved 1114112K
[11.170s][debug][gc,heap        ] GC(173)   class space    used 546K, committed 640K, reserved 1048576K
[11.170s][info ][gc             ] GC(173) Pause Full (Allocation Failure) 876M->216M(989M) 41.960ms
[11.170s][info ][gc,cpu         ] GC(173) User=0.05s Sys=0.00s Real=0.04s
[11.170s][info ][safepoint      ] Safepoint "GenCollectForAllocation", Time since last: 39188265 ns, Reaching safepoint: 4100 ns, Cleanup: 5700 ns, At safepoint: 42252270 ns, Total: 42262070 ns
[11.222s][info ][gc,start       ] GC(174) Pause Young (Allocation Failure)
[11.222s][debug][gc,heap        ] GC(174) Heap before GC invocations=144 (full 30):
[11.222s][debug][gc,heap        ] GC(174)  def new generation   total 314560K, used 279616K [0x00000000c0000000, 0x00000000d5550000, 0x00000000d5550000)
[11.222s][debug][gc,heap        ] GC(174)   eden space 279616K, 100% used [0x00000000c0000000, 0x00000000d1110000, 0x00000000d1110000)
[11.222s][debug][gc,heap        ] GC(174)   from space 34944K,   0% used [0x00000000d1110000, 0x00000000d1110000, 0x00000000d3330000)
[11.222s][debug][gc,heap        ] GC(174)   to   space 34944K,   0% used [0x00000000d3330000, 0x00000000d3330000, 0x00000000d5550000)
[11.222s][debug][gc,heap        ] GC(174)  tenured generation   total 699072K, used 221970K [0x00000000d5550000, 0x0000000100000000, 0x0000000100000000)
[11.222s][debug][gc,heap        ] GC(174)    the space 699072K,  31% used [0x00000000d5550000, 0x00000000e2e14818, 0x00000000e2e14a00, 0x0000000100000000)
[11.222s][debug][gc,heap        ] GC(174)  Metaspace       used 6360K, committed 6528K, reserved 1114112K
[11.222s][debug][gc,heap        ] GC(174)   class space    used 546K, committed 640K, reserved 1048576K
[11.259s][info ][gc,heap        ] GC(174) DefNew: 279616K(314560K)->34905K(314560K) Eden: 279616K(279616K)->0K(279616K) From: 0K(34944K)->34905K(34944K)
[11.259s][info ][gc,heap        ] GC(174) Tenured: 221970K(699072K)->338688K(699072K)
[11.259s][info ][gc,metaspace   ] GC(174) Metaspace: 6360K(6528K)->6360K(6528K) NonClass: 5814K(5888K)->5814K(5888K) Class: 546K(640K)->546K(640K)
[11.259s][debug][gc,heap        ] GC(174) Heap after GC invocations=145 (full 30):
[11.259s][debug][gc,heap        ] GC(174)  def new generation   total 314560K, used 34905K [0x00000000c0000000, 0x00000000d5550000, 0x00000000d5550000)
[11.259s][debug][gc,heap        ] GC(174)   eden space 279616K,   0% used [0x00000000c0000000, 0x00000000c0000000, 0x00000000d1110000)
[11.259s][debug][gc,heap        ] GC(174)   from space 34944K,  99% used [0x00000000d3330000, 0x00000000d55465d0, 0x00000000d5550000)
[11.259s][debug][gc,heap        ] GC(174)   to   space 34944K,   0% used [0x00000000d1110000, 0x00000000d1110000, 0x00000000d3330000)
[11.259s][debug][gc,heap        ] GC(174)  tenured generation   total 699072K, used 338688K [0x00000000d5550000, 0x0000000100000000, 0x0000000100000000)
[11.259s][debug][gc,heap        ] GC(174)    the space 699072K,  48% used [0x00000000d5550000, 0x00000000ea010108, 0x00000000ea010200, 0x0000000100000000)
[11.259s][debug][gc,heap        ] GC(174)  Metaspace       used 6360K, committed 6528K, reserved 1114112K
[11.259s][debug][gc,heap        ] GC(174)   class space    used 546K, committed 640K, reserved 1048576K
[11.259s][info ][gc             ] GC(174) Pause Young (Allocation Failure) 489M->364M(989M) 36.776ms
[11.259s][info ][gc,cpu         ] GC(174) User=0.03s Sys=0.00s Real=0.03s
[11.259s][info ][safepoint      ] Safepoint "GenCollectForAllocation", Time since last: 52146987 ns, Reaching safepoint: 7000 ns, Cleanup: 32200 ns, At safepoint: 36819161 ns, Total: 36858361 ns
[11.298s][info ][gc,start       ] GC(175) Pause Young (Allocation Failure)
[11.298s][debug][gc,heap        ] GC(175) Heap before GC invocations=145 (full 30):
[11.298s][debug][gc,heap        ] GC(175)  def new generation   total 314560K, used 314521K [0x00000000c0000000, 0x00000000d5550000, 0x00000000d5550000)
[11.298s][debug][gc,heap        ] GC(175)   eden space 279616K, 100% used [0x00000000c0000000, 0x00000000d1110000, 0x00000000d1110000)
[11.298s][debug][gc,heap        ] GC(175)   from space 34944K,  99% used [0x00000000d3330000, 0x00000000d55465d0, 0x00000000d5550000)
[11.298s][debug][gc,heap        ] GC(175)   to   space 34944K,   0% used [0x00000000d1110000, 0x00000000d1110000, 0x00000000d3330000)
[11.298s][debug][gc,heap        ] GC(175)  tenured generation   total 699072K, used 338688K [0x00000000d5550000, 0x0000000100000000, 0x0000000100000000)
[11.298s][debug][gc,heap        ] GC(175)    the space 699072K,  48% used [0x00000000d5550000, 0x00000000ea010108, 0x00000000ea010200, 0x0000000100000000)
[11.298s][debug][gc,heap        ] GC(175)  Metaspace       used 6360K, committed 6528K, reserved 1114112K
[11.298s][debug][gc,heap        ] GC(175)   class space    used 546K, committed 640K, reserved 1048576K
[11.332s][info ][gc,heap        ] GC(175) DefNew: 314521K(314560K)->34905K(314560K) Eden: 279616K(279616K)->0K(279616K) From: 34905K(34944K)->34905K(34944K)
[11.332s][info ][gc,heap        ] GC(175) Tenured: 338688K(699072K)->462307K(699072K)
[11.332s][info ][gc,metaspace   ] GC(175) Metaspace: 6360K(6528K)->6360K(6528K) NonClass: 5814K(5888K)->5814K(5888K) Class: 546K(640K)->546K(640K)
[11.332s][debug][gc,heap        ] GC(175) Heap after GC invocations=146 (full 30):
[11.332s][debug][gc,heap        ] GC(175)  def new generation   total 314560K, used 34905K [0x00000000c0000000, 0x00000000d5550000, 0x00000000d5550000)
[11.332s][debug][gc,heap        ] GC(175)   eden space 279616K,   0% used [0x00000000c0000000, 0x00000000c0000000, 0x00000000d1110000)
[11.332s][debug][gc,heap        ] GC(175)   from space 34944K,  99% used [0x00000000d1110000, 0x00000000d33265d0, 0x00000000d3330000)
[11.332s][debug][gc,heap        ] GC(175)   to   space 34944K,   0% used [0x00000000d3330000, 0x00000000d3330000, 0x00000000d5550000)
[11.332s][debug][gc,heap        ] GC(175)  tenured generation   total 699072K, used 462307K [0x00000000d5550000, 0x0000000100000000, 0x0000000100000000)
[11.332s][debug][gc,heap        ] GC(175)    the space 699072K,  66% used [0x00000000d5550000, 0x00000000f18c8e48, 0x00000000f18c9000, 0x0000000100000000)
[11.332s][debug][gc,heap        ] GC(175)  Metaspace       used 6360K, committed 6528K, reserved 1114112K
[11.332s][debug][gc,heap        ] GC(175)   class space    used 546K, committed 640K, reserved 1048576K
[11.332s][info ][gc             ] GC(175) Pause Young (Allocation Failure) 637M->485M(989M) 34.244ms
[11.332s][info ][gc,cpu         ] GC(175) User=0.04s Sys=0.00s Real=0.04s
[11.332s][info ][safepoint      ] Safepoint "GenCollectForAllocation", Time since last: 39455666 ns, Reaching safepoint: 5300 ns, Cleanup: 5800 ns, At safepoint: 34277057 ns, Total: 34288157 ns
[11.370s][info ][gc,start       ] GC(176) Pause Young (Allocation Failure)
[11.370s][debug][gc,heap        ] GC(176) Heap before GC invocations=146 (full 30):
[11.370s][debug][gc,heap        ] GC(176)  def new generation   total 314560K, used 314521K [0x00000000c0000000, 0x00000000d5550000, 0x00000000d5550000)
[11.370s][debug][gc,heap        ] GC(176)   eden space 279616K, 100% used [0x00000000c0000000, 0x00000000d1110000, 0x00000000d1110000)
[11.370s][debug][gc,heap        ] GC(176)   from space 34944K,  99% used [0x00000000d1110000, 0x00000000d33265d0, 0x00000000d3330000)
[11.370s][debug][gc,heap        ] GC(176)   to   space 34944K,   0% used [0x00000000d3330000, 0x00000000d3330000, 0x00000000d5550000)
[11.370s][debug][gc,heap        ] GC(176)  tenured generation   total 699072K, used 462307K [0x00000000d5550000, 0x0000000100000000, 0x0000000100000000)
[11.370s][debug][gc,heap        ] GC(176)    the space 699072K,  66% used [0x00000000d5550000, 0x00000000f18c8e48, 0x00000000f18c9000, 0x0000000100000000)
[11.370s][debug][gc,heap        ] GC(176)  Metaspace       used 6360K, committed 6528K, reserved 1114112K
[11.370s][debug][gc,heap        ] GC(176)   class space    used 546K, committed 640K, reserved 1048576K
[11.403s][info ][gc,heap        ] GC(176) DefNew: 314521K(314560K)->34905K(314560K) Eden: 279616K(279616K)->0K(279616K) From: 34905K(34944K)->34905K(34944K)
[11.403s][info ][gc,heap        ] GC(176) Tenured: 462307K(699072K)->586727K(699072K)
[11.403s][info ][gc,metaspace   ] GC(176) Metaspace: 6360K(6528K)->6360K(6528K) NonClass: 5814K(5888K)->5814K(5888K) Class: 546K(640K)->546K(640K)
[11.403s][debug][gc,heap        ] GC(176) Heap after GC invocations=147 (full 30):
[11.403s][debug][gc,heap        ] GC(176)  def new generation   total 314560K, used 34905K [0x00000000c0000000, 0x00000000d5550000, 0x00000000d5550000)
[11.404s][debug][gc,heap        ] GC(176)   eden space 279616K,   0% used [0x00000000c0000000, 0x00000000c0000000, 0x00000000d1110000)
[11.404s][debug][gc,heap        ] GC(176)   from space 34944K,  99% used [0x00000000d3330000, 0x00000000d55465d0, 0x00000000d5550000)
[11.404s][debug][gc,heap        ] GC(176)   to   space 34944K,   0% used [0x00000000d1110000, 0x00000000d1110000, 0x00000000d3330000)
[11.404s][debug][gc,heap        ] GC(176)  tenured generation   total 699072K, used 586727K [0x00000000d5550000, 0x0000000100000000, 0x0000000100000000)
[11.404s][debug][gc,heap        ] GC(176)    the space 699072K,  83% used [0x00000000d5550000, 0x00000000f9249c08, 0x00000000f9249e00, 0x0000000100000000)
[11.404s][debug][gc,heap        ] GC(176)  Metaspace       used 6360K, committed 6528K, reserved 1114112K
[11.404s][debug][gc,heap        ] GC(176)   class space    used 546K, committed 640K, reserved 1048576K
[11.404s][info ][gc             ] GC(176) Pause Young (Allocation Failure) 758M->607M(989M) 33.628ms
[11.404s][info ][gc,cpu         ] GC(176) User=0.03s Sys=0.00s Real=0.04s
[11.404s][info ][safepoint      ] Safepoint "GenCollectForAllocation", Time since last: 37525962 ns, Reaching safepoint: 3500 ns, Cleanup: 4100 ns, At safepoint: 33655856 ns, Total: 33663456 ns
[11.449s][info ][gc,start       ] GC(177) Pause Young (Allocation Failure)
[11.449s][debug][gc,heap        ] GC(177) Heap before GC invocations=147 (full 30):
[11.449s][debug][gc,heap        ] GC(177)  def new generation   total 314560K, used 314521K [0x00000000c0000000, 0x00000000d5550000, 0x00000000d5550000)
[11.449s][debug][gc,heap        ] GC(177)   eden space 279616K, 100% used [0x00000000c0000000, 0x00000000d1110000, 0x00000000d1110000)
[11.449s][debug][gc,heap        ] GC(177)   from space 34944K,  99% used [0x00000000d3330000, 0x00000000d55465d0, 0x00000000d5550000)
[11.449s][debug][gc,heap        ] GC(177)   to   space 34944K,   0% used [0x00000000d1110000, 0x00000000d1110000, 0x00000000d3330000)
[11.449s][debug][gc,heap        ] GC(177)  tenured generation   total 699072K, used 586727K [0x00000000d5550000, 0x0000000100000000, 0x0000000100000000)
[11.449s][debug][gc,heap        ] GC(177)    the space 699072K,  83% used [0x00000000d5550000, 0x00000000f9249c08, 0x00000000f9249e00, 0x0000000100000000)
[11.449s][debug][gc,heap        ] GC(177)  Metaspace       used 6360K, committed 6528K, reserved 1114112K
[11.449s][debug][gc,heap        ] GC(177)   class space    used 546K, committed 640K, reserved 1048576K
[11.449s][debug][gc,heap        ] GC(177) Heap after GC invocations=148 (full 30):
[11.449s][debug][gc,heap        ] GC(177)  def new generation   total 314560K, used 314521K [0x00000000c0000000, 0x00000000d5550000, 0x00000000d5550000)
[11.449s][debug][gc,heap        ] GC(177)   eden space 279616K, 100% used [0x00000000c0000000, 0x00000000d1110000, 0x00000000d1110000)
[11.449s][debug][gc,heap        ] GC(177)   from space 34944K,  99% used [0x00000000d3330000, 0x00000000d55465d0, 0x00000000d5550000)
[11.449s][debug][gc,heap        ] GC(177)   to   space 34944K,   0% used [0x00000000d1110000, 0x00000000d1110000, 0x00000000d3330000)
[11.449s][debug][gc,heap        ] GC(177)  tenured generation   total 699072K, used 586727K [0x00000000d5550000, 0x0000000100000000, 0x0000000100000000)
[11.449s][debug][gc,heap        ] GC(177)    the space 699072K,  83% used [0x00000000d5550000, 0x00000000f9249c08, 0x00000000f9249e00, 0x0000000100000000)
[11.449s][debug][gc,heap        ] GC(177)  Metaspace       used 6360K, committed 6528K, reserved 1114112K
[11.449s][debug][gc,heap        ] GC(177)   class space    used 546K, committed 640K, reserved 1048576K
[11.449s][info ][gc             ] GC(177) Pause Young (Allocation Failure) 880M->880M(989M) 0.119ms
[11.449s][info ][gc,cpu         ] GC(177) User=0.00s Sys=0.00s Real=0.00s
[11.449s][info ][gc,start       ] GC(178) Pause Full (Allocation Failure)
[11.449s][debug][gc,heap        ] GC(178) Heap before GC invocations=148 (full 30):
[11.449s][debug][gc,heap        ] GC(178)  def new generation   total 314560K, used 314521K [0x00000000c0000000, 0x00000000d5550000, 0x00000000d5550000)
[11.450s][debug][gc,heap        ] GC(178)   eden space 279616K, 100% used [0x00000000c0000000, 0x00000000d1110000, 0x00000000d1110000)
[11.450s][debug][gc,heap        ] GC(178)   from space 34944K,  99% used [0x00000000d3330000, 0x00000000d55465d0, 0x00000000d5550000)
[11.450s][debug][gc,heap        ] GC(178)   to   space 34944K,   0% used [0x00000000d1110000, 0x00000000d1110000, 0x00000000d3330000)
[11.450s][debug][gc,heap        ] GC(178)  tenured generation   total 699072K, used 586727K [0x00000000d5550000, 0x0000000100000000, 0x0000000100000000)
[11.450s][debug][gc,heap        ] GC(178)    the space 699072K,  83% used [0x00000000d5550000, 0x00000000f9249c08, 0x00000000f9249e00, 0x0000000100000000)
[11.450s][debug][gc,heap        ] GC(178)  Metaspace       used 6360K, committed 6528K, reserved 1114112K
[11.450s][debug][gc,heap        ] GC(178)   class space    used 546K, committed 640K, reserved 1048576K
[11.450s][info ][gc,phases,start] GC(178) Phase 1: Mark live objects
[11.451s][info ][gc,phases      ] GC(178) Phase 1: Mark live objects 1.006ms
[11.451s][info ][gc,phases,start] GC(178) Phase 2: Compute new object addresses
[11.452s][info ][gc,phases      ] GC(178) Phase 2: Compute new object addresses 1.433ms
[11.452s][info ][gc,phases,start] GC(178) Phase 3: Adjust pointers
[11.453s][info ][gc,phases      ] GC(178) Phase 3: Adjust pointers 0.985ms
[11.453s][info ][gc,phases,start] GC(178) Phase 4: Move objects
[11.498s][info ][gc,phases      ] GC(178) Phase 4: Move objects 44.738ms
[11.498s][info ][gc,heap        ] GC(178) DefNew: 314521K(314560K)->0K(314560K) Eden: 279616K(279616K)->0K(279616K) From: 34905K(34944K)->0K(34944K)
[11.498s][info ][gc,heap        ] GC(178) Tenured: 586727K(699072K)->200766K(699072K)
[11.498s][info ][gc,metaspace   ] GC(178) Metaspace: 6360K(6528K)->6360K(6528K) NonClass: 5814K(5888K)->5814K(5888K) Class: 546K(640K)->546K(640K)
[11.498s][debug][gc,heap        ] GC(178) Heap after GC invocations=148 (full 31):
[11.498s][debug][gc,heap        ] GC(178)  def new generation   total 314560K, used 0K [0x00000000c0000000, 0x00000000d5550000, 0x00000000d5550000)
[11.498s][debug][gc,heap        ] GC(178)   eden space 279616K,   0% used [0x00000000c0000000, 0x00000000c0000000, 0x00000000d1110000)
[11.498s][debug][gc,heap        ] GC(178)   from space 34944K,   0% used [0x00000000d3330000, 0x00000000d3330000, 0x00000000d5550000)
[11.498s][debug][gc,heap        ] GC(178)   to   space 34944K,   0% used [0x00000000d1110000, 0x00000000d1110000, 0x00000000d3330000)
[11.498s][debug][gc,heap        ] GC(178)  tenured generation   total 699072K, used 200766K [0x00000000d5550000, 0x0000000100000000, 0x0000000100000000)
[11.498s][debug][gc,heap        ] GC(178)    the space 699072K,  28% used [0x00000000d5550000, 0x00000000e195fad8, 0x00000000e195fc00, 0x0000000100000000)
[11.498s][debug][gc,heap        ] GC(178)  Metaspace       used 6360K, committed 6528K, reserved 1114112K
[11.498s][debug][gc,heap        ] GC(178)   class space    used 546K, committed 640K, reserved 1048576K
[11.498s][info ][gc             ] GC(178) Pause Full (Allocation Failure) 880M->196M(989M) 48.649ms
[11.498s][info ][gc,cpu         ] GC(178) User=0.04s Sys=0.00s Real=0.05s
[11.498s][info ][safepoint      ] Safepoint "GenCollectForAllocation", Time since last: 45713976 ns, Reaching safepoint: 4800 ns, Cleanup: 6000 ns, At safepoint: 48810882 ns, Total: 48821682 ns
[11.543s][info ][gc,start       ] GC(179) Pause Young (Allocation Failure)
[11.543s][debug][gc,heap        ] GC(179) Heap before GC invocations=148 (full 31):
[11.543s][debug][gc,heap        ] GC(179)  def new generation   total 314560K, used 279616K [0x00000000c0000000, 0x00000000d5550000, 0x00000000d5550000)
[11.543s][debug][gc,heap        ] GC(179)   eden space 279616K, 100% used [0x00000000c0000000, 0x00000000d1110000, 0x00000000d1110000)
[11.543s][debug][gc,heap        ] GC(179)   from space 34944K,   0% used [0x00000000d3330000, 0x00000000d3330000, 0x00000000d5550000)
[11.543s][debug][gc,heap        ] GC(179)   to   space 34944K,   0% used [0x00000000d1110000, 0x00000000d1110000, 0x00000000d3330000)
[11.543s][debug][gc,heap        ] GC(179)  tenured generation   total 699072K, used 200766K [0x00000000d5550000, 0x0000000100000000, 0x0000000100000000)
[11.543s][debug][gc,heap        ] GC(179)    the space 699072K,  28% used [0x00000000d5550000, 0x00000000e195fad8, 0x00000000e195fc00, 0x0000000100000000)
[11.543s][debug][gc,heap        ] GC(179)  Metaspace       used 6360K, committed 6528K, reserved 1114112K
[11.543s][debug][gc,heap        ] GC(179)   class space    used 546K, committed 640K, reserved 1048576K
[11.572s][info ][gc,heap        ] GC(179) DefNew: 279616K(314560K)->34905K(314560K) Eden: 279616K(279616K)->0K(279616K) From: 0K(34944K)->34905K(34944K)
[11.572s][info ][gc,heap        ] GC(179) Tenured: 200766K(699072K)->316784K(699072K)
[11.572s][info ][gc,metaspace   ] GC(179) Metaspace: 6360K(6528K)->6360K(6528K) NonClass: 5814K(5888K)->5814K(5888K) Class: 546K(640K)->546K(640K)
[11.572s][debug][gc,heap        ] GC(179) Heap after GC invocations=149 (full 31):
[11.572s][debug][gc,heap        ] GC(179)  def new generation   total 314560K, used 34905K [0x00000000c0000000, 0x00000000d5550000, 0x00000000d5550000)
[11.572s][debug][gc,heap        ] GC(179)   eden space 279616K,   0% used [0x00000000c0000000, 0x00000000c0000000, 0x00000000d1110000)
[11.572s][debug][gc,heap        ] GC(179)   from space 34944K,  99% used [0x00000000d1110000, 0x00000000d33265d0, 0x00000000d3330000)
[11.572s][debug][gc,heap        ] GC(179)   to   space 34944K,   0% used [0x00000000d3330000, 0x00000000d3330000, 0x00000000d5550000)
[11.572s][debug][gc,heap        ] GC(179)  tenured generation   total 699072K, used 316784K [0x00000000d5550000, 0x0000000100000000, 0x0000000100000000)
[11.572s][debug][gc,heap        ] GC(179)    the space 699072K,  45% used [0x00000000d5550000, 0x00000000e8aac358, 0x00000000e8aac400, 0x0000000100000000)
[11.572s][debug][gc,heap        ] GC(179)  Metaspace       used 6360K, committed 6528K, reserved 1114112K
[11.572s][debug][gc,heap        ] GC(179)   class space    used 546K, committed 640K, reserved 1048576K
[11.572s][info ][gc             ] GC(179) Pause Young (Allocation Failure) 469M->343M(989M) 29.820ms
[11.572s][info ][gc,cpu         ] GC(179) User=0.03s Sys=0.00s Real=0.03s
[11.572s][info ][safepoint      ] Safepoint "GenCollectForAllocation", Time since last: 44359973 ns, Reaching safepoint: 4500 ns, Cleanup: 4700 ns, At safepoint: 29847650 ns, Total: 29856850 ns
[11.623s][info ][gc,start       ] GC(180) Pause Young (Allocation Failure)
[11.623s][debug][gc,heap        ] GC(180) Heap before GC invocations=149 (full 31):
[11.623s][debug][gc,heap        ] GC(180)  def new generation   total 314560K, used 314521K [0x00000000c0000000, 0x00000000d5550000, 0x00000000d5550000)
[11.623s][debug][gc,heap        ] GC(180)   eden space 279616K, 100% used [0x00000000c0000000, 0x00000000d1110000, 0x00000000d1110000)
[11.623s][debug][gc,heap        ] GC(180)   from space 34944K,  99% used [0x00000000d1110000, 0x00000000d33265d0, 0x00000000d3330000)
[11.623s][debug][gc,heap        ] GC(180)   to   space 34944K,   0% used [0x00000000d3330000, 0x00000000d3330000, 0x00000000d5550000)
[11.623s][debug][gc,heap        ] GC(180)  tenured generation   total 699072K, used 316784K [0x00000000d5550000, 0x0000000100000000, 0x0000000100000000)
[11.623s][debug][gc,heap        ] GC(180)    the space 699072K,  45% used [0x00000000d5550000, 0x00000000e8aac358, 0x00000000e8aac400, 0x0000000100000000)
[11.623s][debug][gc,heap        ] GC(180)  Metaspace       used 6360K, committed 6528K, reserved 1114112K
[11.623s][debug][gc,heap        ] GC(180)   class space    used 546K, committed 640K, reserved 1048576K
[11.657s][info ][gc,heap        ] GC(180) DefNew: 314521K(314560K)->34905K(314560K) Eden: 279616K(279616K)->0K(279616K) From: 34905K(34944K)->34905K(34944K)
[11.657s][info ][gc,heap        ] GC(180) Tenured: 316784K(699072K)->440904K(699072K)
[11.657s][info ][gc,metaspace   ] GC(180) Metaspace: 6360K(6528K)->6360K(6528K) NonClass: 5814K(5888K)->5814K(5888K) Class: 546K(640K)->546K(640K)
[11.657s][debug][gc,heap        ] GC(180) Heap after GC invocations=150 (full 31):
[11.657s][debug][gc,heap        ] GC(180)  def new generation   total 314560K, used 34905K [0x00000000c0000000, 0x00000000d5550000, 0x00000000d5550000)
[11.657s][debug][gc,heap        ] GC(180)   eden space 279616K,   0% used [0x00000000c0000000, 0x00000000c0000000, 0x00000000d1110000)
[11.657s][debug][gc,heap        ] GC(180)   from space 34944K,  99% used [0x00000000d3330000, 0x00000000d55465d0, 0x00000000d5550000)
[11.657s][debug][gc,heap        ] GC(180)   to   space 34944K,   0% used [0x00000000d1110000, 0x00000000d1110000, 0x00000000d3330000)
[11.657s][debug][gc,heap        ] GC(180)  tenured generation   total 699072K, used 440904K [0x00000000d5550000, 0x0000000100000000, 0x0000000100000000)
[11.657s][debug][gc,heap        ] GC(180)    the space 699072K,  63% used [0x00000000d5550000, 0x00000000f03e20e8, 0x00000000f03e2200, 0x0000000100000000)
[11.657s][debug][gc,heap        ] GC(180)  Metaspace       used 6360K, committed 6528K, reserved 1114112K
[11.657s][debug][gc,heap        ] GC(180)   class space    used 546K, committed 640K, reserved 1048576K
[11.657s][info ][gc             ] GC(180) Pause Young (Allocation Failure) 616M->464M(989M) 33.998ms
[11.657s][info ][gc,cpu         ] GC(180) User=0.03s Sys=0.00s Real=0.03s
[11.657s][info ][safepoint      ] Safepoint "GenCollectForAllocation", Time since last: 50375784 ns, Reaching safepoint: 3900 ns, Cleanup: 5900 ns, At safepoint: 34028556 ns, Total: 34038356 ns
[11.704s][info ][gc,start       ] GC(181) Pause Young (Allocation Failure)
[11.704s][debug][gc,heap        ] GC(181) Heap before GC invocations=150 (full 31):
[11.704s][debug][gc,heap        ] GC(181)  def new generation   total 314560K, used 314521K [0x00000000c0000000, 0x00000000d5550000, 0x00000000d5550000)
[11.704s][debug][gc,heap        ] GC(181)   eden space 279616K, 100% used [0x00000000c0000000, 0x00000000d1110000, 0x00000000d1110000)
[11.704s][debug][gc,heap        ] GC(181)   from space 34944K,  99% used [0x00000000d3330000, 0x00000000d55465d0, 0x00000000d5550000)
[11.704s][debug][gc,heap        ] GC(181)   to   space 34944K,   0% used [0x00000000d1110000, 0x00000000d1110000, 0x00000000d3330000)
[11.704s][debug][gc,heap        ] GC(181)  tenured generation   total 699072K, used 440904K [0x00000000d5550000, 0x0000000100000000, 0x0000000100000000)
[11.704s][debug][gc,heap        ] GC(181)    the space 699072K,  63% used [0x00000000d5550000, 0x00000000f03e20e8, 0x00000000f03e2200, 0x0000000100000000)
[11.704s][debug][gc,heap        ] GC(181)  Metaspace       used 6360K, committed 6528K, reserved 1114112K
[11.704s][debug][gc,heap        ] GC(181)   class space    used 546K, committed 640K, reserved 1048576K
[11.735s][info ][gc,heap        ] GC(181) DefNew: 314521K(314560K)->34905K(314560K) Eden: 279616K(279616K)->0K(279616K) From: 34905K(34944K)->34905K(34944K)
[11.735s][info ][gc,heap        ] GC(181) Tenured: 440904K(699072K)->564423K(699072K)
[11.735s][info ][gc,metaspace   ] GC(181) Metaspace: 6360K(6528K)->6360K(6528K) NonClass: 5814K(5888K)->5814K(5888K) Class: 546K(640K)->546K(640K)
[11.735s][debug][gc,heap        ] GC(181) Heap after GC invocations=151 (full 31):
[11.735s][debug][gc,heap        ] GC(181)  def new generation   total 314560K, used 34905K [0x00000000c0000000, 0x00000000d5550000, 0x00000000d5550000)
[11.735s][debug][gc,heap        ] GC(181)   eden space 279616K,   0% used [0x00000000c0000000, 0x00000000c0000000, 0x00000000d1110000)
[11.735s][debug][gc,heap        ] GC(181)   from space 34944K,  99% used [0x00000000d1110000, 0x00000000d33265d0, 0x00000000d3330000)
[11.735s][debug][gc,heap        ] GC(181)   to   space 34944K,   0% used [0x00000000d3330000, 0x00000000d3330000, 0x00000000d5550000)
[11.735s][debug][gc,heap        ] GC(181)  tenured generation   total 699072K, used 564423K [0x00000000d5550000, 0x0000000100000000, 0x0000000100000000)
[11.735s][debug][gc,heap        ] GC(181)    the space 699072K,  80% used [0x00000000d5550000, 0x00000000f7c81e18, 0x00000000f7c82000, 0x0000000100000000)
[11.735s][debug][gc,heap        ] GC(181)  Metaspace       used 6360K, committed 6528K, reserved 1114112K
[11.735s][debug][gc,heap        ] GC(181)   class space    used 546K, committed 640K, reserved 1048576K
[11.735s][info ][gc             ] GC(181) Pause Young (Allocation Failure) 737M->585M(989M) 31.095ms
[11.735s][info ][gc,cpu         ] GC(181) User=0.03s Sys=0.00s Real=0.03s
[11.735s][info ][safepoint      ] Safepoint "GenCollectForAllocation", Time since last: 47529579 ns, Reaching safepoint: 4700 ns, Cleanup: 4700 ns, At safepoint: 31124552 ns, Total: 31133952 ns
[11.778s][info ][gc,start       ] GC(182) Pause Young (Allocation Failure)
[11.778s][debug][gc,heap        ] GC(182) Heap before GC invocations=151 (full 31):
[11.778s][debug][gc,heap        ] GC(182)  def new generation   total 314560K, used 314521K [0x00000000c0000000, 0x00000000d5550000, 0x00000000d5550000)
[11.778s][debug][gc,heap        ] GC(182)   eden space 279616K, 100% used [0x00000000c0000000, 0x00000000d1110000, 0x00000000d1110000)
[11.778s][debug][gc,heap        ] GC(182)   from space 34944K,  99% used [0x00000000d1110000, 0x00000000d33265d0, 0x00000000d3330000)
[11.778s][debug][gc,heap        ] GC(182)   to   space 34944K,   0% used [0x00000000d3330000, 0x00000000d3330000, 0x00000000d5550000)
[11.778s][debug][gc,heap        ] GC(182)  tenured generation   total 699072K, used 564423K [0x00000000d5550000, 0x0000000100000000, 0x0000000100000000)
[11.778s][debug][gc,heap        ] GC(182)    the space 699072K,  80% used [0x00000000d5550000, 0x00000000f7c81e18, 0x00000000f7c82000, 0x0000000100000000)
[11.778s][debug][gc,heap        ] GC(182)  Metaspace       used 6360K, committed 6528K, reserved 1114112K
[11.778s][debug][gc,heap        ] GC(182)   class space    used 546K, committed 640K, reserved 1048576K
[11.778s][debug][gc,heap        ] GC(182) Heap after GC invocations=152 (full 31):
[11.778s][debug][gc,heap        ] GC(182)  def new generation   total 314560K, used 314521K [0x00000000c0000000, 0x00000000d5550000, 0x00000000d5550000)
[11.778s][debug][gc,heap        ] GC(182)   eden space 279616K, 100% used [0x00000000c0000000, 0x00000000d1110000, 0x00000000d1110000)
[11.778s][debug][gc,heap        ] GC(182)   from space 34944K,  99% used [0x00000000d1110000, 0x00000000d33265d0, 0x00000000d3330000)
[11.778s][debug][gc,heap        ] GC(182)   to   space 34944K,   0% used [0x00000000d3330000, 0x00000000d3330000, 0x00000000d5550000)
[11.778s][debug][gc,heap        ] GC(182)  tenured generation   total 699072K, used 564423K [0x00000000d5550000, 0x0000000100000000, 0x0000000100000000)
[11.778s][debug][gc,heap        ] GC(182)    the space 699072K,  80% used [0x00000000d5550000, 0x00000000f7c81e18, 0x00000000f7c82000, 0x0000000100000000)
[11.778s][debug][gc,heap        ] GC(182)  Metaspace       used 6360K, committed 6528K, reserved 1114112K
[11.778s][debug][gc,heap        ] GC(182)   class space    used 546K, committed 640K, reserved 1048576K
[11.778s][info ][gc             ] GC(182) Pause Young (Allocation Failure) 858M->858M(989M) 0.113ms
[11.778s][info ][gc,cpu         ] GC(182) User=0.00s Sys=0.00s Real=0.00s
[11.778s][info ][gc,start       ] GC(183) Pause Full (Allocation Failure)
[11.778s][debug][gc,heap        ] GC(183) Heap before GC invocations=152 (full 31):
[11.778s][debug][gc,heap        ] GC(183)  def new generation   total 314560K, used 314521K [0x00000000c0000000, 0x00000000d5550000, 0x00000000d5550000)
[11.778s][debug][gc,heap        ] GC(183)   eden space 279616K, 100% used [0x00000000c0000000, 0x00000000d1110000, 0x00000000d1110000)
[11.778s][debug][gc,heap        ] GC(183)   from space 34944K,  99% used [0x00000000d1110000, 0x00000000d33265d0, 0x00000000d3330000)
[11.778s][debug][gc,heap        ] GC(183)   to   space 34944K,   0% used [0x00000000d3330000, 0x00000000d3330000, 0x00000000d5550000)
[11.778s][debug][gc,heap        ] GC(183)  tenured generation   total 699072K, used 564423K [0x00000000d5550000, 0x0000000100000000, 0x0000000100000000)
[11.778s][debug][gc,heap        ] GC(183)    the space 699072K,  80% used [0x00000000d5550000, 0x00000000f7c81e18, 0x00000000f7c82000, 0x0000000100000000)
[11.778s][debug][gc,heap        ] GC(183)  Metaspace       used 6360K, committed 6528K, reserved 1114112K
[11.778s][debug][gc,heap        ] GC(183)   class space    used 546K, committed 640K, reserved 1048576K
[11.778s][info ][gc,phases,start] GC(183) Phase 1: Mark live objects
[11.779s][info ][gc,phases      ] GC(183) Phase 1: Mark live objects 0.964ms
[11.779s][info ][gc,phases,start] GC(183) Phase 2: Compute new object addresses
[11.781s][info ][gc,phases      ] GC(183) Phase 2: Compute new object addresses 1.480ms
[11.781s][info ][gc,phases,start] GC(183) Phase 3: Adjust pointers
[11.781s][info ][gc,phases      ] GC(183) Phase 3: Adjust pointers 0.750ms
[11.781s][info ][gc,phases,start] GC(183) Phase 4: Move objects
[11.812s][info ][gc,phases      ] GC(183) Phase 4: Move objects 30.426ms
[11.812s][info ][gc,heap        ] GC(183) DefNew: 314521K(314560K)->0K(314560K) Eden: 279616K(279616K)->0K(279616K) From: 34905K(34944K)->0K(34944K)
[11.812s][info ][gc,heap        ] GC(183) Tenured: 564423K(699072K)->200766K(699072K)
[11.812s][info ][gc,metaspace   ] GC(183) Metaspace: 6360K(6528K)->6360K(6528K) NonClass: 5814K(5888K)->5814K(5888K) Class: 546K(640K)->546K(640K)
[11.812s][debug][gc,heap        ] GC(183) Heap after GC invocations=152 (full 32):
[11.812s][debug][gc,heap        ] GC(183)  def new generation   total 314560K, used 0K [0x00000000c0000000, 0x00000000d5550000, 0x00000000d5550000)
[11.812s][debug][gc,heap        ] GC(183)   eden space 279616K,   0% used [0x00000000c0000000, 0x00000000c0000000, 0x00000000d1110000)
[11.812s][debug][gc,heap        ] GC(183)   from space 34944K,   0% used [0x00000000d1110000, 0x00000000d1110000, 0x00000000d3330000)
[11.812s][debug][gc,heap        ] GC(183)   to   space 34944K,   0% used [0x00000000d3330000, 0x00000000d3330000, 0x00000000d5550000)
[11.812s][debug][gc,heap        ] GC(183)  tenured generation   total 699072K, used 200766K [0x00000000d5550000, 0x0000000100000000, 0x0000000100000000)
[11.812s][debug][gc,heap        ] GC(183)    the space 699072K,  28% used [0x00000000d5550000, 0x00000000e195fad8, 0x00000000e195fc00, 0x0000000100000000)
[11.812s][debug][gc,heap        ] GC(183)  Metaspace       used 6360K, committed 6528K, reserved 1114112K
[11.812s][debug][gc,heap        ] GC(183)   class space    used 546K, committed 640K, reserved 1048576K
[11.812s][info ][gc             ] GC(183) Pause Full (Allocation Failure) 858M->196M(989M) 33.986ms
[11.812s][info ][gc,cpu         ] GC(183) User=0.04s Sys=0.00s Real=0.04s
[11.812s][info ][safepoint      ] Safepoint "GenCollectForAllocation", Time since last: 42407771 ns, Reaching safepoint: 5400 ns, Cleanup: 5300 ns, At safepoint: 34135556 ns, Total: 34146256 ns
[11.844s][info ][gc,start       ] GC(184) Pause Young (Allocation Failure)
[11.844s][debug][gc,heap        ] GC(184) Heap before GC invocations=152 (full 32):
[11.844s][debug][gc,heap        ] GC(184)  def new generation   total 314560K, used 279616K [0x00000000c0000000, 0x00000000d5550000, 0x00000000d5550000)
[11.844s][debug][gc,heap        ] GC(184)   eden space 279616K, 100% used [0x00000000c0000000, 0x00000000d1110000, 0x00000000d1110000)
[11.844s][debug][gc,heap        ] GC(184)   from space 34944K,   0% used [0x00000000d1110000, 0x00000000d1110000, 0x00000000d3330000)
[11.844s][debug][gc,heap        ] GC(184)   to   space 34944K,   0% used [0x00000000d3330000, 0x00000000d3330000, 0x00000000d5550000)
[11.844s][debug][gc,heap        ] GC(184)  tenured generation   total 699072K, used 200766K [0x00000000d5550000, 0x0000000100000000, 0x0000000100000000)
[11.844s][debug][gc,heap        ] GC(184)    the space 699072K,  28% used [0x00000000d5550000, 0x00000000e195fad8, 0x00000000e195fc00, 0x0000000100000000)
[11.844s][debug][gc,heap        ] GC(184)  Metaspace       used 6360K, committed 6528K, reserved 1114112K
[11.844s][debug][gc,heap        ] GC(184)   class space    used 546K, committed 640K, reserved 1048576K
[11.868s][info ][gc,heap        ] GC(184) DefNew: 279616K(314560K)->34905K(314560K) Eden: 279616K(279616K)->0K(279616K) From: 0K(34944K)->34905K(34944K)
[11.868s][info ][gc,heap        ] GC(184) Tenured: 200766K(699072K)->318785K(699072K)
[11.868s][info ][gc,metaspace   ] GC(184) Metaspace: 6360K(6528K)->6360K(6528K) NonClass: 5814K(5888K)->5814K(5888K) Class: 546K(640K)->546K(640K)
[11.868s][debug][gc,heap        ] GC(184) Heap after GC invocations=153 (full 32):
[11.868s][debug][gc,heap        ] GC(184)  def new generation   total 314560K, used 34905K [0x00000000c0000000, 0x00000000d5550000, 0x00000000d5550000)
[11.868s][debug][gc,heap        ] GC(184)   eden space 279616K,   0% used [0x00000000c0000000, 0x00000000c0000000, 0x00000000d1110000)
[11.868s][debug][gc,heap        ] GC(184)   from space 34944K,  99% used [0x00000000d3330000, 0x00000000d55465d0, 0x00000000d5550000)
[11.868s][debug][gc,heap        ] GC(184)   to   space 34944K,   0% used [0x00000000d1110000, 0x00000000d1110000, 0x00000000d3330000)
[11.868s][debug][gc,heap        ] GC(184)  tenured generation   total 699072K, used 318785K [0x00000000d5550000, 0x0000000100000000, 0x0000000100000000)
[11.868s][debug][gc,heap        ] GC(184)    the space 699072K,  45% used [0x00000000d5550000, 0x00000000e8ca0498, 0x00000000e8ca0600, 0x0000000100000000)
[11.868s][debug][gc,heap        ] GC(184)  Metaspace       used 6360K, committed 6528K, reserved 1114112K
[11.868s][debug][gc,heap        ] GC(184)   class space    used 546K, committed 640K, reserved 1048576K
[11.868s][info ][gc             ] GC(184) Pause Young (Allocation Failure) 469M->345M(989M) 23.913ms
[11.868s][info ][gc,cpu         ] GC(184) User=0.02s Sys=0.00s Real=0.02s
[11.868s][info ][safepoint      ] Safepoint "GenCollectForAllocation", Time since last: 32204154 ns, Reaching safepoint: 4100 ns, Cleanup: 4300 ns, At safepoint: 23939140 ns, Total: 23947540 ns
[11.901s][info ][gc,start       ] GC(185) Pause Young (Allocation Failure)
[11.901s][debug][gc,heap        ] GC(185) Heap before GC invocations=153 (full 32):
[11.901s][debug][gc,heap        ] GC(185)  def new generation   total 314560K, used 314521K [0x00000000c0000000, 0x00000000d5550000, 0x00000000d5550000)
[11.901s][debug][gc,heap        ] GC(185)   eden space 279616K, 100% used [0x00000000c0000000, 0x00000000d1110000, 0x00000000d1110000)
[11.901s][debug][gc,heap        ] GC(185)   from space 34944K,  99% used [0x00000000d3330000, 0x00000000d55465d0, 0x00000000d5550000)
[11.901s][debug][gc,heap        ] GC(185)   to   space 34944K,   0% used [0x00000000d1110000, 0x00000000d1110000, 0x00000000d3330000)
[11.901s][debug][gc,heap        ] GC(185)  tenured generation   total 699072K, used 318785K [0x00000000d5550000, 0x0000000100000000, 0x0000000100000000)
[11.901s][debug][gc,heap        ] GC(185)    the space 699072K,  45% used [0x00000000d5550000, 0x00000000e8ca0498, 0x00000000e8ca0600, 0x0000000100000000)
[11.901s][debug][gc,heap        ] GC(185)  Metaspace       used 6360K, committed 6528K, reserved 1114112K
[11.901s][debug][gc,heap        ] GC(185)   class space    used 546K, committed 640K, reserved 1048576K
[11.928s][info ][gc,heap        ] GC(185) DefNew: 314521K(314560K)->34905K(314560K) Eden: 279616K(279616K)->0K(279616K) From: 34905K(34944K)->34905K(34944K)
[11.928s][info ][gc,heap        ] GC(185) Tenured: 318785K(699072K)->442504K(699072K)
[11.928s][info ][gc,metaspace   ] GC(185) Metaspace: 6360K(6528K)->6360K(6528K) NonClass: 5814K(5888K)->5814K(5888K) Class: 546K(640K)->546K(640K)
[11.928s][debug][gc,heap        ] GC(185) Heap after GC invocations=154 (full 32):
[11.928s][debug][gc,heap        ] GC(185)  def new generation   total 314560K, used 34905K [0x00000000c0000000, 0x00000000d5550000, 0x00000000d5550000)
[11.928s][debug][gc,heap        ] GC(185)   eden space 279616K,   0% used [0x00000000c0000000, 0x00000000c0000000, 0x00000000d1110000)
[11.928s][debug][gc,heap        ] GC(185)   from space 34944K,  99% used [0x00000000d1110000, 0x00000000d33265d0, 0x00000000d3330000)
[11.928s][debug][gc,heap        ] GC(185)   to   space 34944K,   0% used [0x00000000d3330000, 0x00000000d3330000, 0x00000000d5550000)
[11.928s][debug][gc,heap        ] GC(185)  tenured generation   total 699072K, used 442504K [0x00000000d5550000, 0x0000000100000000, 0x0000000100000000)
[11.928s][debug][gc,heap        ] GC(185)    the space 699072K,  63% used [0x00000000d5550000, 0x00000000f05721e8, 0x00000000f0572200, 0x0000000100000000)
[11.928s][debug][gc,heap        ] GC(185)  Metaspace       used 6360K, committed 6528K, reserved 1114112K
[11.928s][debug][gc,heap        ] GC(185)   class space    used 546K, committed 640K, reserved 1048576K
[11.928s][info ][gc             ] GC(185) Pause Young (Allocation Failure) 618M->466M(989M) 27.223ms
[11.928s][info ][gc,cpu         ] GC(185) User=0.02s Sys=0.00s Real=0.02s
[11.928s][info ][safepoint      ] Safepoint "GenCollectForAllocation", Time since last: 32790954 ns, Reaching safepoint: 3600 ns, Cleanup: 3700 ns, At safepoint: 27248846 ns, Total: 27256146 ns
[11.964s][info ][gc,start       ] GC(186) Pause Young (Allocation Failure)
[11.964s][debug][gc,heap        ] GC(186) Heap before GC invocations=154 (full 32):
[11.964s][debug][gc,heap        ] GC(186)  def new generation   total 314560K, used 314521K [0x00000000c0000000, 0x00000000d5550000, 0x00000000d5550000)
[11.964s][debug][gc,heap        ] GC(186)   eden space 279616K, 100% used [0x00000000c0000000, 0x00000000d1110000, 0x00000000d1110000)
[11.964s][debug][gc,heap        ] GC(186)   from space 34944K,  99% used [0x00000000d1110000, 0x00000000d33265d0, 0x00000000d3330000)
[11.964s][debug][gc,heap        ] GC(186)   to   space 34944K,   0% used [0x00000000d3330000, 0x00000000d3330000, 0x00000000d5550000)
[11.964s][debug][gc,heap        ] GC(186)  tenured generation   total 699072K, used 442504K [0x00000000d5550000, 0x0000000100000000, 0x0000000100000000)
[11.964s][debug][gc,heap        ] GC(186)    the space 699072K,  63% used [0x00000000d5550000, 0x00000000f05721e8, 0x00000000f0572200, 0x0000000100000000)
[11.964s][debug][gc,heap        ] GC(186)  Metaspace       used 6360K, committed 6528K, reserved 1114112K
[11.964s][debug][gc,heap        ] GC(186)   class space    used 546K, committed 640K, reserved 1048576K
[11.990s][info ][gc,heap        ] GC(186) DefNew: 314521K(314560K)->34905K(314560K) Eden: 279616K(279616K)->0K(279616K) From: 34905K(34944K)->34905K(34944K)
[11.990s][info ][gc,heap        ] GC(186) Tenured: 442504K(699072K)->567323K(699072K)
[11.990s][info ][gc,metaspace   ] GC(186) Metaspace: 6360K(6528K)->6360K(6528K) NonClass: 5814K(5888K)->5814K(5888K) Class: 546K(640K)->546K(640K)
[11.990s][debug][gc,heap        ] GC(186) Heap after GC invocations=155 (full 32):
[11.990s][debug][gc,heap        ] GC(186)  def new generation   total 314560K, used 34905K [0x00000000c0000000, 0x00000000d5550000, 0x00000000d5550000)
[11.990s][debug][gc,heap        ] GC(186)   eden space 279616K,   0% used [0x00000000c0000000, 0x00000000c0000000, 0x00000000d1110000)
[11.990s][debug][gc,heap        ] GC(186)   from space 34944K,  99% used [0x00000000d3330000, 0x00000000d55465d0, 0x00000000d5550000)
[11.990s][debug][gc,heap        ] GC(186)   to   space 34944K,   0% used [0x00000000d1110000, 0x00000000d1110000, 0x00000000d3330000)
[11.990s][debug][gc,heap        ] GC(186)  tenured generation   total 699072K, used 567323K [0x00000000d5550000, 0x0000000100000000, 0x0000000100000000)
[11.990s][debug][gc,heap        ] GC(186)    the space 699072K,  81% used [0x00000000d5550000, 0x00000000f7f56fe8, 0x00000000f7f57000, 0x0000000100000000)
[11.990s][debug][gc,heap        ] GC(186)  Metaspace       used 6360K, committed 6528K, reserved 1114112K
[11.990s][debug][gc,heap        ] GC(186)   class space    used 546K, committed 640K, reserved 1048576K
[11.990s][info ][gc             ] GC(186) Pause Young (Allocation Failure) 739M->588M(989M) 26.501ms
[11.990s][info ][gc,cpu         ] GC(186) User=0.03s Sys=0.00s Real=0.02s
[11.990s][info ][safepoint      ] Safepoint "GenCollectForAllocation", Time since last: 35343458 ns, Reaching safepoint: 3900 ns, Cleanup: 4000 ns, At safepoint: 26526244 ns, Total: 26534144 ns
[12.023s][info ][gc,start       ] GC(187) Pause Young (Allocation Failure)
[12.023s][debug][gc,heap        ] GC(187) Heap before GC invocations=155 (full 32):
[12.023s][debug][gc,heap        ] GC(187)  def new generation   total 314560K, used 314521K [0x00000000c0000000, 0x00000000d5550000, 0x00000000d5550000)
[12.023s][debug][gc,heap        ] GC(187)   eden space 279616K, 100% used [0x00000000c0000000, 0x00000000d1110000, 0x00000000d1110000)
[12.023s][debug][gc,heap        ] GC(187)   from space 34944K,  99% used [0x00000000d3330000, 0x00000000d55465d0, 0x00000000d5550000)
[12.023s][debug][gc,heap        ] GC(187)   to   space 34944K,   0% used [0x00000000d1110000, 0x00000000d1110000, 0x00000000d3330000)
[12.023s][debug][gc,heap        ] GC(187)  tenured generation   total 699072K, used 567323K [0x00000000d5550000, 0x0000000100000000, 0x0000000100000000)
[12.023s][debug][gc,heap        ] GC(187)    the space 699072K,  81% used [0x00000000d5550000, 0x00000000f7f56fe8, 0x00000000f7f57000, 0x0000000100000000)
[12.023s][debug][gc,heap        ] GC(187)  Metaspace       used 6360K, committed 6528K, reserved 1114112K
[12.023s][debug][gc,heap        ] GC(187)   class space    used 546K, committed 640K, reserved 1048576K
[12.023s][debug][gc,heap        ] GC(187) Heap after GC invocations=156 (full 32):
[12.023s][debug][gc,heap        ] GC(187)  def new generation   total 314560K, used 314521K [0x00000000c0000000, 0x00000000d5550000, 0x00000000d5550000)
[12.023s][debug][gc,heap        ] GC(187)   eden space 279616K, 100% used [0x00000000c0000000, 0x00000000d1110000, 0x00000000d1110000)
[12.023s][debug][gc,heap        ] GC(187)   from space 34944K,  99% used [0x00000000d3330000, 0x00000000d55465d0, 0x00000000d5550000)
[12.023s][debug][gc,heap        ] GC(187)   to   space 34944K,   0% used [0x00000000d1110000, 0x00000000d1110000, 0x00000000d3330000)
[12.023s][debug][gc,heap        ] GC(187)  tenured generation   total 699072K, used 567323K [0x00000000d5550000, 0x0000000100000000, 0x0000000100000000)
[12.023s][debug][gc,heap        ] GC(187)    the space 699072K,  81% used [0x00000000d5550000, 0x00000000f7f56fe8, 0x00000000f7f57000, 0x0000000100000000)
[12.023s][debug][gc,heap        ] GC(187)  Metaspace       used 6360K, committed 6528K, reserved 1114112K
[12.023s][debug][gc,heap        ] GC(187)   class space    used 546K, committed 640K, reserved 1048576K
[12.023s][info ][gc             ] GC(187) Pause Young (Allocation Failure) 861M->861M(989M) 0.099ms
[12.023s][info ][gc,cpu         ] GC(187) User=0.00s Sys=0.00s Real=0.00s
[12.023s][info ][gc,start       ] GC(188) Pause Full (Allocation Failure)
[12.023s][debug][gc,heap        ] GC(188) Heap before GC invocations=156 (full 32):
[12.023s][debug][gc,heap        ] GC(188)  def new generation   total 314560K, used 314521K [0x00000000c0000000, 0x00000000d5550000, 0x00000000d5550000)
[12.023s][debug][gc,heap        ] GC(188)   eden space 279616K, 100% used [0x00000000c0000000, 0x00000000d1110000, 0x00000000d1110000)
[12.023s][debug][gc,heap        ] GC(188)   from space 34944K,  99% used [0x00000000d3330000, 0x00000000d55465d0, 0x00000000d5550000)
[12.023s][debug][gc,heap        ] GC(188)   to   space 34944K,   0% used [0x00000000d1110000, 0x00000000d1110000, 0x00000000d3330000)
[12.023s][debug][gc,heap        ] GC(188)  tenured generation   total 699072K, used 567323K [0x00000000d5550000, 0x0000000100000000, 0x0000000100000000)
[12.023s][debug][gc,heap        ] GC(188)    the space 699072K,  81% used [0x00000000d5550000, 0x00000000f7f56fe8, 0x00000000f7f57000, 0x0000000100000000)
[12.023s][debug][gc,heap        ] GC(188)  Metaspace       used 6360K, committed 6528K, reserved 1114112K
[12.023s][debug][gc,heap        ] GC(188)   class space    used 546K, committed 640K, reserved 1048576K
[12.023s][info ][gc,phases,start] GC(188) Phase 1: Mark live objects
[12.024s][info ][gc,phases      ] GC(188) Phase 1: Mark live objects 0.906ms
[12.024s][info ][gc,phases,start] GC(188) Phase 2: Compute new object addresses
[12.025s][info ][gc,phases      ] GC(188) Phase 2: Compute new object addresses 1.260ms
[12.026s][info ][gc,phases,start] GC(188) Phase 3: Adjust pointers
[12.026s][info ][gc,phases      ] GC(188) Phase 3: Adjust pointers 0.629ms
[12.026s][info ][gc,phases,start] GC(188) Phase 4: Move objects
[12.057s][info ][gc,phases      ] GC(188) Phase 4: Move objects 30.537ms
[12.057s][info ][gc,heap        ] GC(188) DefNew: 314521K(314560K)->0K(314560K) Eden: 279616K(279616K)->0K(279616K) From: 34905K(34944K)->0K(34944K)
[12.057s][info ][gc,heap        ] GC(188) Tenured: 567323K(699072K)->209168K(699072K)
[12.057s][info ][gc,metaspace   ] GC(188) Metaspace: 6360K(6528K)->6360K(6528K) NonClass: 5814K(5888K)->5814K(5888K) Class: 546K(640K)->546K(640K)
[12.057s][debug][gc,heap        ] GC(188) Heap after GC invocations=156 (full 33):
[12.057s][debug][gc,heap        ] GC(188)  def new generation   total 314560K, used 0K [0x00000000c0000000, 0x00000000d5550000, 0x00000000d5550000)
[12.057s][debug][gc,heap        ] GC(188)   eden space 279616K,   0% used [0x00000000c0000000, 0x00000000c0000000, 0x00000000d1110000)
[12.057s][debug][gc,heap        ] GC(188)   from space 34944K,   0% used [0x00000000d3330000, 0x00000000d3330000, 0x00000000d5550000)
[12.057s][debug][gc,heap        ] GC(188)   to   space 34944K,   0% used [0x00000000d1110000, 0x00000000d1110000, 0x00000000d3330000)
[12.057s][debug][gc,heap        ] GC(188)  tenured generation   total 699072K, used 209168K [0x00000000d5550000, 0x0000000100000000, 0x0000000100000000)
[12.057s][debug][gc,heap        ] GC(188)    the space 699072K,  29% used [0x00000000d5550000, 0x00000000e2194018, 0x00000000e2194200, 0x0000000100000000)
[12.057s][debug][gc,heap        ] GC(188)  Metaspace       used 6360K, committed 6528K, reserved 1114112K
[12.057s][debug][gc,heap        ] GC(188)   class space    used 546K, committed 640K, reserved 1048576K
[12.057s][info ][gc             ] GC(188) Pause Full (Allocation Failure) 861M->204M(989M) 33.652ms
[12.057s][info ][gc,cpu         ] GC(188) User=0.03s Sys=0.00s Real=0.03s
[12.057s][info ][safepoint      ] Safepoint "GenCollectForAllocation", Time since last: 33056655 ns, Reaching safepoint: 3500 ns, Cleanup: 4000 ns, At safepoint: 33784457 ns, Total: 33791957 ns
[12.091s][info ][gc,start       ] GC(189) Pause Young (Allocation Failure)
[12.091s][debug][gc,heap        ] GC(189) Heap before GC invocations=156 (full 33):
[12.091s][debug][gc,heap        ] GC(189)  def new generation   total 314560K, used 279616K [0x00000000c0000000, 0x00000000d5550000, 0x00000000d5550000)
[12.091s][debug][gc,heap        ] GC(189)   eden space 279616K, 100% used [0x00000000c0000000, 0x00000000d1110000, 0x00000000d1110000)
[12.091s][debug][gc,heap        ] GC(189)   from space 34944K,   0% used [0x00000000d3330000, 0x00000000d3330000, 0x00000000d5550000)
[12.091s][debug][gc,heap        ] GC(189)   to   space 34944K,   0% used [0x00000000d1110000, 0x00000000d1110000, 0x00000000d3330000)
[12.091s][debug][gc,heap        ] GC(189)  tenured generation   total 699072K, used 209168K [0x00000000d5550000, 0x0000000100000000, 0x0000000100000000)
[12.091s][debug][gc,heap        ] GC(189)    the space 699072K,  29% used [0x00000000d5550000, 0x00000000e2194018, 0x00000000e2194200, 0x0000000100000000)
[12.091s][debug][gc,heap        ] GC(189)  Metaspace       used 6360K, committed 6528K, reserved 1114112K
[12.091s][debug][gc,heap        ] GC(189)   class space    used 546K, committed 640K, reserved 1048576K
[12.116s][info ][gc,heap        ] GC(189) DefNew: 279616K(314560K)->34905K(314560K) Eden: 279616K(279616K)->0K(279616K) From: 0K(34944K)->34905K(34944K)
[12.116s][info ][gc,heap        ] GC(189) Tenured: 209168K(699072K)->322585K(699072K)
[12.116s][info ][gc,metaspace   ] GC(189) Metaspace: 6360K(6528K)->6360K(6528K) NonClass: 5814K(5888K)->5814K(5888K) Class: 546K(640K)->546K(640K)
[12.116s][debug][gc,heap        ] GC(189) Heap after GC invocations=157 (full 33):
[12.116s][debug][gc,heap        ] GC(189)  def new generation   total 314560K, used 34905K [0x00000000c0000000, 0x00000000d5550000, 0x00000000d5550000)
[12.116s][debug][gc,heap        ] GC(189)   eden space 279616K,   0% used [0x00000000c0000000, 0x00000000c0000000, 0x00000000d1110000)
[12.116s][debug][gc,heap        ] GC(189)   from space 34944K,  99% used [0x00000000d1110000, 0x00000000d33265d0, 0x00000000d3330000)
[12.116s][debug][gc,heap        ] GC(189)   to   space 34944K,   0% used [0x00000000d3330000, 0x00000000d3330000, 0x00000000d5550000)
[12.116s][debug][gc,heap        ] GC(189)  tenured generation   total 699072K, used 322585K [0x00000000d5550000, 0x0000000100000000, 0x0000000100000000)
[12.116s][debug][gc,heap        ] GC(189)    the space 699072K,  46% used [0x00000000d5550000, 0x00000000e90566f8, 0x00000000e9056800, 0x0000000100000000)
[12.116s][debug][gc,heap        ] GC(189)  Metaspace       used 6360K, committed 6528K, reserved 1114112K
[12.116s][debug][gc,heap        ] GC(189)   class space    used 546K, committed 640K, reserved 1048576K
[12.116s][info ][gc             ] GC(189) Pause Young (Allocation Failure) 477M->349M(989M) 25.632ms
[12.116s][info ][gc,cpu         ] GC(189) User=0.02s Sys=0.00s Real=0.02s
[12.116s][info ][safepoint      ] Safepoint "GenCollectForAllocation", Time since last: 33886056 ns, Reaching safepoint: 3300 ns, Cleanup: 4300 ns, At safepoint: 25657643 ns, Total: 25665243 ns
[12.152s][info ][gc,start       ] GC(190) Pause Young (Allocation Failure)
[12.152s][debug][gc,heap        ] GC(190) Heap before GC invocations=157 (full 33):
[12.152s][debug][gc,heap        ] GC(190)  def new generation   total 314560K, used 314521K [0x00000000c0000000, 0x00000000d5550000, 0x00000000d5550000)
[12.152s][debug][gc,heap        ] GC(190)   eden space 279616K, 100% used [0x00000000c0000000, 0x00000000d1110000, 0x00000000d1110000)
[12.152s][debug][gc,heap        ] GC(190)   from space 34944K,  99% used [0x00000000d1110000, 0x00000000d33265d0, 0x00000000d3330000)
[12.152s][debug][gc,heap        ] GC(190)   to   space 34944K,   0% used [0x00000000d3330000, 0x00000000d3330000, 0x00000000d5550000)
[12.152s][debug][gc,heap        ] GC(190)  tenured generation   total 699072K, used 322585K [0x00000000d5550000, 0x0000000100000000, 0x0000000100000000)
[12.152s][debug][gc,heap        ] GC(190)    the space 699072K,  46% used [0x00000000d5550000, 0x00000000e90566f8, 0x00000000e9056800, 0x0000000100000000)
[12.152s][debug][gc,heap        ] GC(190)  Metaspace       used 6360K, committed 6528K, reserved 1114112K
[12.152s][debug][gc,heap        ] GC(190)   class space    used 546K, committed 640K, reserved 1048576K
[12.179s][info ][gc,heap        ] GC(190) DefNew: 314521K(314560K)->34905K(314560K) Eden: 279616K(279616K)->0K(279616K) From: 34905K(34944K)->34905K(34944K)
[12.179s][info ][gc,heap        ] GC(190) Tenured: 322585K(699072K)->446705K(699072K)
[12.179s][info ][gc,metaspace   ] GC(190) Metaspace: 6360K(6528K)->6360K(6528K) NonClass: 5814K(5888K)->5814K(5888K) Class: 546K(640K)->546K(640K)
[12.179s][debug][gc,heap        ] GC(190) Heap after GC invocations=158 (full 33):
[12.179s][debug][gc,heap        ] GC(190)  def new generation   total 314560K, used 34905K [0x00000000c0000000, 0x00000000d5550000, 0x00000000d5550000)
[12.179s][debug][gc,heap        ] GC(190)   eden space 279616K,   0% used [0x00000000c0000000, 0x00000000c0000000, 0x00000000d1110000)
[12.179s][debug][gc,heap        ] GC(190)   from space 34944K,  99% used [0x00000000d3330000, 0x00000000d55465d0, 0x00000000d5550000)
[12.179s][debug][gc,heap        ] GC(190)   to   space 34944K,   0% used [0x00000000d1110000, 0x00000000d1110000, 0x00000000d3330000)
[12.179s][debug][gc,heap        ] GC(190)  tenured generation   total 699072K, used 446705K [0x00000000d5550000, 0x0000000100000000, 0x0000000100000000)
[12.179s][debug][gc,heap        ] GC(190)    the space 699072K,  63% used [0x00000000d5550000, 0x00000000f098c488, 0x00000000f098c600, 0x0000000100000000)
[12.179s][debug][gc,heap        ] GC(190)  Metaspace       used 6360K, committed 6528K, reserved 1114112K
[12.179s][debug][gc,heap        ] GC(190)   class space    used 546K, committed 640K, reserved 1048576K
[12.179s][info ][gc             ] GC(190) Pause Young (Allocation Failure) 622M->470M(989M) 26.494ms
[12.179s][info ][gc,cpu         ] GC(190) User=0.03s Sys=0.00s Real=0.02s
[12.179s][info ][safepoint      ] Safepoint "GenCollectForAllocation", Time since last: 35780459 ns, Reaching safepoint: 3200 ns, Cleanup: 3900 ns, At safepoint: 26591744 ns, Total: 26598844 ns
[12.211s][info ][gc,start       ] GC(191) Pause Young (Allocation Failure)
[12.211s][debug][gc,heap        ] GC(191) Heap before GC invocations=158 (full 33):
[12.211s][debug][gc,heap        ] GC(191)  def new generation   total 314560K, used 314521K [0x00000000c0000000, 0x00000000d5550000, 0x00000000d5550000)
[12.211s][debug][gc,heap        ] GC(191)   eden space 279616K, 100% used [0x00000000c0000000, 0x00000000d1110000, 0x00000000d1110000)
[12.211s][debug][gc,heap        ] GC(191)   from space 34944K,  99% used [0x00000000d3330000, 0x00000000d55465d0, 0x00000000d5550000)
[12.211s][debug][gc,heap        ] GC(191)   to   space 34944K,   0% used [0x00000000d1110000, 0x00000000d1110000, 0x00000000d3330000)
[12.211s][debug][gc,heap        ] GC(191)  tenured generation   total 699072K, used 446705K [0x00000000d5550000, 0x0000000100000000, 0x0000000100000000)
[12.211s][debug][gc,heap        ] GC(191)    the space 699072K,  63% used [0x00000000d5550000, 0x00000000f098c488, 0x00000000f098c600, 0x0000000100000000)
[12.211s][debug][gc,heap        ] GC(191)  Metaspace       used 6360K, committed 6528K, reserved 1114112K
[12.211s][debug][gc,heap        ] GC(191)   class space    used 546K, committed 640K, reserved 1048576K
[12.239s][info ][gc,heap        ] GC(191) DefNew: 314521K(314560K)->34905K(314560K) Eden: 279616K(279616K)->0K(279616K) From: 34905K(34944K)->34905K(34944K)
[12.239s][info ][gc,heap        ] GC(191) Tenured: 446705K(699072K)->569524K(699072K)
[12.239s][info ][gc,metaspace   ] GC(191) Metaspace: 6360K(6528K)->6360K(6528K) NonClass: 5814K(5888K)->5814K(5888K) Class: 546K(640K)->546K(640K)
[12.239s][debug][gc,heap        ] GC(191) Heap after GC invocations=159 (full 33):
[12.239s][debug][gc,heap        ] GC(191)  def new generation   total 314560K, used 34905K [0x00000000c0000000, 0x00000000d5550000, 0x00000000d5550000)
[12.239s][debug][gc,heap        ] GC(191)   eden space 279616K,   0% used [0x00000000c0000000, 0x00000000c0000000, 0x00000000d1110000)
[12.239s][debug][gc,heap        ] GC(191)   from space 34944K,  99% used [0x00000000d1110000, 0x00000000d33265d0, 0x00000000d3330000)
[12.239s][debug][gc,heap        ] GC(191)   to   space 34944K,   0% used [0x00000000d3330000, 0x00000000d3330000, 0x00000000d5550000)
[12.239s][debug][gc,heap        ] GC(191)  tenured generation   total 699072K, used 569524K [0x00000000d5550000, 0x0000000100000000, 0x0000000100000000)
[12.239s][debug][gc,heap        ] GC(191)    the space 699072K,  81% used [0x00000000d5550000, 0x00000000f817d148, 0x00000000f817d200, 0x0000000100000000)
[12.239s][debug][gc,heap        ] GC(191)  Metaspace       used 6360K, committed 6528K, reserved 1114112K
[12.239s][debug][gc,heap        ] GC(191)   class space    used 546K, committed 640K, reserved 1048576K
[12.239s][info ][gc             ] GC(191) Pause Young (Allocation Failure) 743M->590M(989M) 27.669ms
[12.239s][info ][gc,cpu         ] GC(191) User=0.03s Sys=0.00s Real=0.02s
[12.239s][info ][safepoint      ] Safepoint "GenCollectForAllocation", Time since last: 32137854 ns, Reaching safepoint: 3100 ns, Cleanup: 3800 ns, At safepoint: 27693446 ns, Total: 27700346 ns
[12.272s][info ][gc,start       ] GC(192) Pause Young (Allocation Failure)
[12.272s][debug][gc,heap        ] GC(192) Heap before GC invocations=159 (full 33):
[12.272s][debug][gc,heap        ] GC(192)  def new generation   total 314560K, used 314521K [0x00000000c0000000, 0x00000000d5550000, 0x00000000d5550000)
[12.272s][debug][gc,heap        ] GC(192)   eden space 279616K, 100% used [0x00000000c0000000, 0x00000000d1110000, 0x00000000d1110000)
[12.272s][debug][gc,heap        ] GC(192)   from space 34944K,  99% used [0x00000000d1110000, 0x00000000d33265d0, 0x00000000d3330000)
[12.272s][debug][gc,heap        ] GC(192)   to   space 34944K,   0% used [0x00000000d3330000, 0x00000000d3330000, 0x00000000d5550000)
[12.272s][debug][gc,heap        ] GC(192)  tenured generation   total 699072K, used 569524K [0x00000000d5550000, 0x0000000100000000, 0x0000000100000000)
[12.272s][debug][gc,heap        ] GC(192)    the space 699072K,  81% used [0x00000000d5550000, 0x00000000f817d148, 0x00000000f817d200, 0x0000000100000000)
[12.272s][debug][gc,heap        ] GC(192)  Metaspace       used 6360K, committed 6528K, reserved 1114112K
[12.272s][debug][gc,heap        ] GC(192)   class space    used 546K, committed 640K, reserved 1048576K
[12.272s][debug][gc,heap        ] GC(192) Heap after GC invocations=160 (full 33):
[12.272s][debug][gc,heap        ] GC(192)  def new generation   total 314560K, used 314521K [0x00000000c0000000, 0x00000000d5550000, 0x00000000d5550000)
[12.272s][debug][gc,heap        ] GC(192)   eden space 279616K, 100% used [0x00000000c0000000, 0x00000000d1110000, 0x00000000d1110000)
[12.272s][debug][gc,heap        ] GC(192)   from space 34944K,  99% used [0x00000000d1110000, 0x00000000d33265d0, 0x00000000d3330000)
[12.272s][debug][gc,heap        ] GC(192)   to   space 34944K,   0% used [0x00000000d3330000, 0x00000000d3330000, 0x00000000d5550000)
[12.272s][debug][gc,heap        ] GC(192)  tenured generation   total 699072K, used 569524K [0x00000000d5550000, 0x0000000100000000, 0x0000000100000000)
[12.272s][debug][gc,heap        ] GC(192)    the space 699072K,  81% used [0x00000000d5550000, 0x00000000f817d148, 0x00000000f817d200, 0x0000000100000000)
[12.272s][debug][gc,heap        ] GC(192)  Metaspace       used 6360K, committed 6528K, reserved 1114112K
[12.272s][debug][gc,heap        ] GC(192)   class space    used 546K, committed 640K, reserved 1048576K
[12.272s][info ][gc             ] GC(192) Pause Young (Allocation Failure) 863M->863M(989M) 0.182ms
[12.272s][info ][gc,cpu         ] GC(192) User=0.00s Sys=0.00s Real=0.00s
[12.272s][info ][gc,start       ] GC(193) Pause Full (Allocation Failure)
[12.272s][debug][gc,heap        ] GC(193) Heap before GC invocations=160 (full 33):
[12.272s][debug][gc,heap        ] GC(193)  def new generation   total 314560K, used 314521K [0x00000000c0000000, 0x00000000d5550000, 0x00000000d5550000)
[12.272s][debug][gc,heap        ] GC(193)   eden space 279616K, 100% used [0x00000000c0000000, 0x00000000d1110000, 0x00000000d1110000)
[12.272s][debug][gc,heap        ] GC(193)   from space 34944K,  99% used [0x00000000d1110000, 0x00000000d33265d0, 0x00000000d3330000)
[12.272s][debug][gc,heap        ] GC(193)   to   space 34944K,   0% used [0x00000000d3330000, 0x00000000d3330000, 0x00000000d5550000)
[12.272s][debug][gc,heap        ] GC(193)  tenured generation   total 699072K, used 569524K [0x00000000d5550000, 0x0000000100000000, 0x0000000100000000)
[12.272s][debug][gc,heap        ] GC(193)    the space 699072K,  81% used [0x00000000d5550000, 0x00000000f817d148, 0x00000000f817d200, 0x0000000100000000)
[12.272s][debug][gc,heap        ] GC(193)  Metaspace       used 6360K, committed 6528K, reserved 1114112K
[12.272s][debug][gc,heap        ] GC(193)   class space    used 546K, committed 640K, reserved 1048576K
[12.273s][info ][gc,phases,start] GC(193) Phase 1: Mark live objects
[12.274s][info ][gc,phases      ] GC(193) Phase 1: Mark live objects 1.698ms
[12.274s][info ][gc,phases,start] GC(193) Phase 2: Compute new object addresses
[12.275s][info ][gc,phases      ] GC(193) Phase 2: Compute new object addresses 1.271ms
[12.275s][info ][gc,phases,start] GC(193) Phase 3: Adjust pointers
[12.276s][info ][gc,phases      ] GC(193) Phase 3: Adjust pointers 0.654ms
[12.276s][info ][gc,phases,start] GC(193) Phase 4: Move objects
[12.320s][info ][gc,phases      ] GC(193) Phase 4: Move objects 43.352ms
[12.320s][info ][gc,heap        ] GC(193) DefNew: 314521K(314560K)->0K(314560K) Eden: 279616K(279616K)->0K(279616K) From: 34905K(34944K)->0K(34944K)
[12.320s][info ][gc,heap        ] GC(193) Tenured: 569524K(699072K)->200766K(699072K)
[12.320s][info ][gc,metaspace   ] GC(193) Metaspace: 6360K(6528K)->6360K(6528K) NonClass: 5814K(5888K)->5814K(5888K) Class: 546K(640K)->546K(640K)
[12.320s][debug][gc,heap        ] GC(193) Heap after GC invocations=160 (full 34):
[12.320s][debug][gc,heap        ] GC(193)  def new generation   total 314560K, used 0K [0x00000000c0000000, 0x00000000d5550000, 0x00000000d5550000)
[12.320s][debug][gc,heap        ] GC(193)   eden space 279616K,   0% used [0x00000000c0000000, 0x00000000c0000000, 0x00000000d1110000)
[12.320s][debug][gc,heap        ] GC(193)   from space 34944K,   0% used [0x00000000d1110000, 0x00000000d1110000, 0x00000000d3330000)
[12.320s][debug][gc,heap        ] GC(193)   to   space 34944K,   0% used [0x00000000d3330000, 0x00000000d3330000, 0x00000000d5550000)
[12.320s][debug][gc,heap        ] GC(193)  tenured generation   total 699072K, used 200766K [0x00000000d5550000, 0x0000000100000000, 0x0000000100000000)
[12.320s][debug][gc,heap        ] GC(193)    the space 699072K,  28% used [0x00000000d5550000, 0x00000000e195fad8, 0x00000000e195fc00, 0x0000000100000000)
[12.320s][debug][gc,heap        ] GC(193)  Metaspace       used 6360K, committed 6528K, reserved 1114112K
[12.320s][debug][gc,heap        ] GC(193)   class space    used 546K, committed 640K, reserved 1048576K
[12.320s][info ][gc             ] GC(193) Pause Full (Allocation Failure) 863M->196M(989M) 47.577ms
[12.320s][info ][gc,cpu         ] GC(193) User=0.05s Sys=0.00s Real=0.04s
[12.320s][info ][safepoint      ] Safepoint "GenCollectForAllocation", Time since last: 33592456 ns, Reaching safepoint: 3700 ns, Cleanup: 3900 ns, At safepoint: 47794879 ns, Total: 47802479 ns
[12.355s][info ][gc,start       ] GC(194) Pause Young (Allocation Failure)
[12.355s][debug][gc,heap        ] GC(194) Heap before GC invocations=160 (full 34):
[12.355s][debug][gc,heap        ] GC(194)  def new generation   total 314560K, used 279616K [0x00000000c0000000, 0x00000000d5550000, 0x00000000d5550000)
[12.355s][debug][gc,heap        ] GC(194)   eden space 279616K, 100% used [0x00000000c0000000, 0x00000000d1110000, 0x00000000d1110000)
[12.355s][debug][gc,heap        ] GC(194)   from space 34944K,   0% used [0x00000000d1110000, 0x00000000d1110000, 0x00000000d3330000)
[12.355s][debug][gc,heap        ] GC(194)   to   space 34944K,   0% used [0x00000000d3330000, 0x00000000d3330000, 0x00000000d5550000)
[12.355s][debug][gc,heap        ] GC(194)  tenured generation   total 699072K, used 200766K [0x00000000d5550000, 0x0000000100000000, 0x0000000100000000)
[12.355s][debug][gc,heap        ] GC(194)    the space 699072K,  28% used [0x00000000d5550000, 0x00000000e195fad8, 0x00000000e195fc00, 0x0000000100000000)
[12.355s][debug][gc,heap        ] GC(194)  Metaspace       used 6360K, committed 6528K, reserved 1114112K
[12.355s][debug][gc,heap        ] GC(194)   class space    used 546K, committed 640K, reserved 1048576K
[12.385s][info ][gc,heap        ] GC(194) DefNew: 279616K(314560K)->34905K(314560K) Eden: 279616K(279616K)->0K(279616K) From: 0K(34944K)->34905K(34944K)
[12.385s][info ][gc,heap        ] GC(194) Tenured: 200766K(699072K)->316784K(699072K)
[12.385s][info ][gc,metaspace   ] GC(194) Metaspace: 6360K(6528K)->6360K(6528K) NonClass: 5814K(5888K)->5814K(5888K) Class: 546K(640K)->546K(640K)
[12.385s][debug][gc,heap        ] GC(194) Heap after GC invocations=161 (full 34):
[12.385s][debug][gc,heap        ] GC(194)  def new generation   total 314560K, used 34905K [0x00000000c0000000, 0x00000000d5550000, 0x00000000d5550000)
[12.385s][debug][gc,heap        ] GC(194)   eden space 279616K,   0% used [0x00000000c0000000, 0x00000000c0000000, 0x00000000d1110000)
[12.385s][debug][gc,heap        ] GC(194)   from space 34944K,  99% used [0x00000000d3330000, 0x00000000d55465d0, 0x00000000d5550000)
[12.385s][debug][gc,heap        ] GC(194)   to   space 34944K,   0% used [0x00000000d1110000, 0x00000000d1110000, 0x00000000d3330000)
[12.385s][debug][gc,heap        ] GC(194)  tenured generation   total 699072K, used 316784K [0x00000000d5550000, 0x0000000100000000, 0x0000000100000000)
[12.385s][debug][gc,heap        ] GC(194)    the space 699072K,  45% used [0x00000000d5550000, 0x00000000e8aac358, 0x00000000e8aac400, 0x0000000100000000)
[12.385s][debug][gc,heap        ] GC(194)  Metaspace       used 6360K, committed 6528K, reserved 1114112K
[12.385s][debug][gc,heap        ] GC(194)   class space    used 546K, committed 640K, reserved 1048576K
[12.385s][info ][gc             ] GC(194) Pause Young (Allocation Failure) 469M->343M(989M) 30.721ms
[12.385s][info ][gc,cpu         ] GC(194) User=0.03s Sys=0.00s Real=0.03s
[12.385s][info ][safepoint      ] Safepoint "GenCollectForAllocation", Time since last: 34638958 ns, Reaching safepoint: 3500 ns, Cleanup: 4000 ns, At safepoint: 30749051 ns, Total: 30756551 ns
[12.435s][info ][gc,start       ] GC(195) Pause Young (Allocation Failure)
[12.435s][debug][gc,heap        ] GC(195) Heap before GC invocations=161 (full 34):
[12.435s][debug][gc,heap        ] GC(195)  def new generation   total 314560K, used 314521K [0x00000000c0000000, 0x00000000d5550000, 0x00000000d5550000)
[12.435s][debug][gc,heap        ] GC(195)   eden space 279616K, 100% used [0x00000000c0000000, 0x00000000d1110000, 0x00000000d1110000)
[12.435s][debug][gc,heap        ] GC(195)   from space 34944K,  99% used [0x00000000d3330000, 0x00000000d55465d0, 0x00000000d5550000)
[12.435s][debug][gc,heap        ] GC(195)   to   space 34944K,   0% used [0x00000000d1110000, 0x00000000d1110000, 0x00000000d3330000)
[12.435s][debug][gc,heap        ] GC(195)  tenured generation   total 699072K, used 316784K [0x00000000d5550000, 0x0000000100000000, 0x0000000100000000)
[12.435s][debug][gc,heap        ] GC(195)    the space 699072K,  45% used [0x00000000d5550000, 0x00000000e8aac358, 0x00000000e8aac400, 0x0000000100000000)
[12.435s][debug][gc,heap        ] GC(195)  Metaspace       used 6360K, committed 6528K, reserved 1114112K
[12.435s][debug][gc,heap        ] GC(195)   class space    used 546K, committed 640K, reserved 1048576K
[12.461s][info ][gc,heap        ] GC(195) DefNew: 314521K(314560K)->34905K(314560K) Eden: 279616K(279616K)->0K(279616K) From: 34905K(34944K)->34905K(34944K)
[12.461s][info ][gc,heap        ] GC(195) Tenured: 316784K(699072K)->441904K(699072K)
[12.461s][info ][gc,metaspace   ] GC(195) Metaspace: 6360K(6528K)->6360K(6528K) NonClass: 5814K(5888K)->5814K(5888K) Class: 546K(640K)->546K(640K)
[12.461s][debug][gc,heap        ] GC(195) Heap after GC invocations=162 (full 34):
[12.461s][debug][gc,heap        ] GC(195)  def new generation   total 314560K, used 34905K [0x00000000c0000000, 0x00000000d5550000, 0x00000000d5550000)
[12.461s][debug][gc,heap        ] GC(195)   eden space 279616K,   0% used [0x00000000c0000000, 0x00000000c0000000, 0x00000000d1110000)
[12.461s][debug][gc,heap        ] GC(195)   from space 34944K,  99% used [0x00000000d1110000, 0x00000000d33265d0, 0x00000000d3330000)
[12.461s][debug][gc,heap        ] GC(195)   to   space 34944K,   0% used [0x00000000d3330000, 0x00000000d3330000, 0x00000000d5550000)
[12.461s][debug][gc,heap        ] GC(195)  tenured generation   total 699072K, used 441904K [0x00000000d5550000, 0x0000000100000000, 0x0000000100000000)
[12.461s][debug][gc,heap        ] GC(195)    the space 699072K,  63% used [0x00000000d5550000, 0x00000000f04dc188, 0x00000000f04dc200, 0x0000000100000000)
[12.461s][debug][gc,heap        ] GC(195)  Metaspace       used 6360K, committed 6528K, reserved 1114112K
[12.461s][debug][gc,heap        ] GC(195)   class space    used 546K, committed 640K, reserved 1048576K
[12.461s][info ][gc             ] GC(195) Pause Young (Allocation Failure) 616M->465M(989M) 26.741ms
[12.461s][info ][gc,cpu         ] GC(195) User=0.03s Sys=0.00s Real=0.03s
[12.461s][info ][safepoint      ] Safepoint "GenCollectForAllocation", Time since last: 49159682 ns, Reaching safepoint: 3600 ns, Cleanup: 3900 ns, At safepoint: 26766444 ns, Total: 26773944 ns
[12.494s][info ][gc,start       ] GC(196) Pause Young (Allocation Failure)
[12.494s][debug][gc,heap        ] GC(196) Heap before GC invocations=162 (full 34):
[12.494s][debug][gc,heap        ] GC(196)  def new generation   total 314560K, used 314521K [0x00000000c0000000, 0x00000000d5550000, 0x00000000d5550000)
[12.494s][debug][gc,heap        ] GC(196)   eden space 279616K, 100% used [0x00000000c0000000, 0x00000000d1110000, 0x00000000d1110000)
[12.494s][debug][gc,heap        ] GC(196)   from space 34944K,  99% used [0x00000000d1110000, 0x00000000d33265d0, 0x00000000d3330000)
[12.494s][debug][gc,heap        ] GC(196)   to   space 34944K,   0% used [0x00000000d3330000, 0x00000000d3330000, 0x00000000d5550000)
[12.494s][debug][gc,heap        ] GC(196)  tenured generation   total 699072K, used 441904K [0x00000000d5550000, 0x0000000100000000, 0x0000000100000000)
[12.494s][debug][gc,heap        ] GC(196)    the space 699072K,  63% used [0x00000000d5550000, 0x00000000f04dc188, 0x00000000f04dc200, 0x0000000100000000)
[12.494s][debug][gc,heap        ] GC(196)  Metaspace       used 6360K, committed 6528K, reserved 1114112K
[12.494s][debug][gc,heap        ] GC(196)   class space    used 546K, committed 640K, reserved 1048576K
[12.520s][info ][gc,heap        ] GC(196) DefNew: 314521K(314560K)->34905K(314560K) Eden: 279616K(279616K)->0K(279616K) From: 34905K(34944K)->34905K(34944K)
[12.520s][info ][gc,heap        ] GC(196) Tenured: 441904K(699072K)->564923K(699072K)
[12.520s][info ][gc,metaspace   ] GC(196) Metaspace: 6360K(6528K)->6360K(6528K) NonClass: 5814K(5888K)->5814K(5888K) Class: 546K(640K)->546K(640K)
[12.520s][debug][gc,heap        ] GC(196) Heap after GC invocations=163 (full 34):
[12.520s][debug][gc,heap        ] GC(196)  def new generation   total 314560K, used 34905K [0x00000000c0000000, 0x00000000d5550000, 0x00000000d5550000)
[12.520s][debug][gc,heap        ] GC(196)   eden space 279616K,   0% used [0x00000000c0000000, 0x00000000c0000000, 0x00000000d1110000)
[12.520s][debug][gc,heap        ] GC(196)   from space 34944K,  99% used [0x00000000d3330000, 0x00000000d55465d0, 0x00000000d5550000)
[12.520s][debug][gc,heap        ] GC(196)   to   space 34944K,   0% used [0x00000000d1110000, 0x00000000d1110000, 0x00000000d3330000)
[12.520s][debug][gc,heap        ] GC(196)  tenured generation   total 699072K, used 564923K [0x00000000d5550000, 0x0000000100000000, 0x0000000100000000)
[12.520s][debug][gc,heap        ] GC(196)    the space 699072K,  80% used [0x00000000d5550000, 0x00000000f7cfee68, 0x00000000f7cff000, 0x0000000100000000)
[12.520s][debug][gc,heap        ] GC(196)  Metaspace       used 6360K, committed 6528K, reserved 1114112K
[12.520s][debug][gc,heap        ] GC(196)   class space    used 546K, committed 640K, reserved 1048576K
[12.520s][info ][gc             ] GC(196) Pause Young (Allocation Failure) 738M->585M(989M) 25.765ms
[12.520s][info ][gc,cpu         ] GC(196) User=0.03s Sys=0.00s Real=0.02s
[12.520s][info ][safepoint      ] Safepoint "GenCollectForAllocation", Time since last: 32905855 ns, Reaching safepoint: 2900 ns, Cleanup: 3800 ns, At safepoint: 25792543 ns, Total: 25799243 ns
[12.552s][info ][gc,start       ] GC(197) Pause Young (Allocation Failure)
[12.552s][debug][gc,heap        ] GC(197) Heap before GC invocations=163 (full 34):
[12.552s][debug][gc,heap        ] GC(197)  def new generation   total 314560K, used 314521K [0x00000000c0000000, 0x00000000d5550000, 0x00000000d5550000)
[12.552s][debug][gc,heap        ] GC(197)   eden space 279616K, 100% used [0x00000000c0000000, 0x00000000d1110000, 0x00000000d1110000)
[12.552s][debug][gc,heap        ] GC(197)   from space 34944K,  99% used [0x00000000d3330000, 0x00000000d55465d0, 0x00000000d5550000)
[12.552s][debug][gc,heap        ] GC(197)   to   space 34944K,   0% used [0x00000000d1110000, 0x00000000d1110000, 0x00000000d3330000)
[12.552s][debug][gc,heap        ] GC(197)  tenured generation   total 699072K, used 564923K [0x00000000d5550000, 0x0000000100000000, 0x0000000100000000)
[12.552s][debug][gc,heap        ] GC(197)    the space 699072K,  80% used [0x00000000d5550000, 0x00000000f7cfee68, 0x00000000f7cff000, 0x0000000100000000)
[12.552s][debug][gc,heap        ] GC(197)  Metaspace       used 6360K, committed 6528K, reserved 1114112K
[12.552s][debug][gc,heap        ] GC(197)   class space    used 546K, committed 640K, reserved 1048576K
[12.552s][debug][gc,heap        ] GC(197) Heap after GC invocations=164 (full 34):
[12.552s][debug][gc,heap        ] GC(197)  def new generation   total 314560K, used 314521K [0x00000000c0000000, 0x00000000d5550000, 0x00000000d5550000)
[12.552s][debug][gc,heap        ] GC(197)   eden space 279616K, 100% used [0x00000000c0000000, 0x00000000d1110000, 0x00000000d1110000)
[12.552s][debug][gc,heap        ] GC(197)   from space 34944K,  99% used [0x00000000d3330000, 0x00000000d55465d0, 0x00000000d5550000)
[12.552s][debug][gc,heap        ] GC(197)   to   space 34944K,   0% used [0x00000000d1110000, 0x00000000d1110000, 0x00000000d3330000)
[12.552s][debug][gc,heap        ] GC(197)  tenured generation   total 699072K, used 564923K [0x00000000d5550000, 0x0000000100000000, 0x0000000100000000)
[12.552s][debug][gc,heap        ] GC(197)    the space 699072K,  80% used [0x00000000d5550000, 0x00000000f7cfee68, 0x00000000f7cff000, 0x0000000100000000)
[12.552s][debug][gc,heap        ] GC(197)  Metaspace       used 6360K, committed 6528K, reserved 1114112K
[12.552s][debug][gc,heap        ] GC(197)   class space    used 546K, committed 640K, reserved 1048576K
[12.552s][info ][gc             ] GC(197) Pause Young (Allocation Failure) 858M->858M(989M) 0.176ms
[12.552s][info ][gc,cpu         ] GC(197) User=0.00s Sys=0.00s Real=0.00s
[12.552s][info ][gc,start       ] GC(198) Pause Full (Allocation Failure)
[12.552s][debug][gc,heap        ] GC(198) Heap before GC invocations=164 (full 34):
[12.552s][debug][gc,heap        ] GC(198)  def new generation   total 314560K, used 314521K [0x00000000c0000000, 0x00000000d5550000, 0x00000000d5550000)
[12.552s][debug][gc,heap        ] GC(198)   eden space 279616K, 100% used [0x00000000c0000000, 0x00000000d1110000, 0x00000000d1110000)
[12.552s][debug][gc,heap        ] GC(198)   from space 34944K,  99% used [0x00000000d3330000, 0x00000000d55465d0, 0x00000000d5550000)
[12.552s][debug][gc,heap        ] GC(198)   to   space 34944K,   0% used [0x00000000d1110000, 0x00000000d1110000, 0x00000000d3330000)
[12.552s][debug][gc,heap        ] GC(198)  tenured generation   total 699072K, used 564923K [0x00000000d5550000, 0x0000000100000000, 0x0000000100000000)
[12.552s][debug][gc,heap        ] GC(198)    the space 699072K,  80% used [0x00000000d5550000, 0x00000000f7cfee68, 0x00000000f7cff000, 0x0000000100000000)
[12.552s][debug][gc,heap        ] GC(198)  Metaspace       used 6360K, committed 6528K, reserved 1114112K
[12.552s][debug][gc,heap        ] GC(198)   class space    used 546K, committed 640K, reserved 1048576K
[12.552s][info ][gc,phases,start] GC(198) Phase 1: Mark live objects
[12.553s][info ][gc,phases      ] GC(198) Phase 1: Mark live objects 0.961ms
[12.553s][info ][gc,phases,start] GC(198) Phase 2: Compute new object addresses
[12.554s][info ][gc,phases      ] GC(198) Phase 2: Compute new object addresses 1.286ms
[12.554s][info ][gc,phases,start] GC(198) Phase 3: Adjust pointers
[12.555s][info ][gc,phases      ] GC(198) Phase 3: Adjust pointers 0.620ms
[12.555s][info ][gc,phases,start] GC(198) Phase 4: Move objects
[12.586s][info ][gc,phases      ] GC(198) Phase 4: Move objects 30.826ms
[12.586s][info ][gc,heap        ] GC(198) DefNew: 314521K(314560K)->0K(314560K) Eden: 279616K(279616K)->0K(279616K) From: 34905K(34944K)->0K(34944K)
[12.586s][info ][gc,heap        ] GC(198) Tenured: 564923K(699072K)->222570K(699072K)
[12.586s][info ][gc,metaspace   ] GC(198) Metaspace: 6360K(6528K)->6360K(6528K) NonClass: 5814K(5888K)->5814K(5888K) Class: 546K(640K)->546K(640K)
[12.586s][debug][gc,heap        ] GC(198) Heap after GC invocations=164 (full 35):
[12.586s][debug][gc,heap        ] GC(198)  def new generation   total 314560K, used 0K [0x00000000c0000000, 0x00000000d5550000, 0x00000000d5550000)
[12.586s][debug][gc,heap        ] GC(198)   eden space 279616K,   0% used [0x00000000c0000000, 0x00000000c0000000, 0x00000000d1110000)
[12.586s][debug][gc,heap        ] GC(198)   from space 34944K,   0% used [0x00000000d3330000, 0x00000000d3330000, 0x00000000d5550000)
[12.586s][debug][gc,heap        ] GC(198)   to   space 34944K,   0% used [0x00000000d1110000, 0x00000000d1110000, 0x00000000d3330000)
[12.586s][debug][gc,heap        ] GC(198)  tenured generation   total 699072K, used 222570K [0x00000000d5550000, 0x0000000100000000, 0x0000000100000000)
[12.586s][debug][gc,heap        ] GC(198)    the space 699072K,  31% used [0x00000000d5550000, 0x00000000e2eaa878, 0x00000000e2eaaa00, 0x0000000100000000)
[12.586s][debug][gc,heap        ] GC(198)  Metaspace       used 6360K, committed 6528K, reserved 1114112K
[12.586s][debug][gc,heap        ] GC(198)   class space    used 546K, committed 640K, reserved 1048576K
[12.586s][info ][gc             ] GC(198) Pause Full (Allocation Failure) 858M->217M(989M) 34.081ms
[12.586s][info ][gc,cpu         ] GC(198) User=0.03s Sys=0.00s Real=0.03s
[12.586s][info ][safepoint      ] Safepoint "GenCollectForAllocation", Time since last: 31817653 ns, Reaching safepoint: 3400 ns, Cleanup: 4100 ns, At safepoint: 34306257 ns, Total: 34313757 ns
[12.629s][info ][gc,start       ] GC(199) Pause Young (Allocation Failure)
[12.629s][debug][gc,heap        ] GC(199) Heap before GC invocations=164 (full 35):
[12.629s][debug][gc,heap        ] GC(199)  def new generation   total 314560K, used 279616K [0x00000000c0000000, 0x00000000d5550000, 0x00000000d5550000)
[12.629s][debug][gc,heap        ] GC(199)   eden space 279616K, 100% used [0x00000000c0000000, 0x00000000d1110000, 0x00000000d1110000)
[12.629s][debug][gc,heap        ] GC(199)   from space 34944K,   0% used [0x00000000d3330000, 0x00000000d3330000, 0x00000000d5550000)
[12.629s][debug][gc,heap        ] GC(199)   to   space 34944K,   0% used [0x00000000d1110000, 0x00000000d1110000, 0x00000000d3330000)
[12.629s][debug][gc,heap        ] GC(199)  tenured generation   total 699072K, used 222570K [0x00000000d5550000, 0x0000000100000000, 0x0000000100000000)
[12.629s][debug][gc,heap        ] GC(199)    the space 699072K,  31% used [0x00000000d5550000, 0x00000000e2eaa878, 0x00000000e2eaaa00, 0x0000000100000000)
[12.629s][debug][gc,heap        ] GC(199)  Metaspace       used 6360K, committed 6528K, reserved 1114112K
[12.629s][debug][gc,heap        ] GC(199)   class space    used 546K, committed 640K, reserved 1048576K
[12.658s][info ][gc,heap        ] GC(199) DefNew: 279616K(314560K)->34905K(314560K) Eden: 279616K(279616K)->0K(279616K) From: 0K(34944K)->34905K(34944K)
[12.658s][info ][gc,heap        ] GC(199) Tenured: 222570K(699072K)->334687K(699072K)
[12.658s][info ][gc,metaspace   ] GC(199) Metaspace: 6360K(6528K)->6360K(6528K) NonClass: 5814K(5888K)->5814K(5888K) Class: 546K(640K)->546K(640K)
[12.658s][debug][gc,heap        ] GC(199) Heap after GC invocations=165 (full 35):
[12.658s][debug][gc,heap        ] GC(199)  def new generation   total 314560K, used 34905K [0x00000000c0000000, 0x00000000d5550000, 0x00000000d5550000)
[12.658s][debug][gc,heap        ] GC(199)   eden space 279616K,   0% used [0x00000000c0000000, 0x00000000c0000000, 0x00000000d1110000)
[12.658s][debug][gc,heap        ] GC(199)   from space 34944K,  99% used [0x00000000d1110000, 0x00000000d33265d0, 0x00000000d3330000)
[12.658s][debug][gc,heap        ] GC(199)   to   space 34944K,   0% used [0x00000000d3330000, 0x00000000d3330000, 0x00000000d5550000)
[12.658s][debug][gc,heap        ] GC(199)  tenured generation   total 699072K, used 334687K [0x00000000d5550000, 0x0000000100000000, 0x0000000100000000)
[12.658s][debug][gc,heap        ] GC(199)    the space 699072K,  47% used [0x00000000d5550000, 0x00000000e9c27e88, 0x00000000e9c28000, 0x0000000100000000)
[12.658s][debug][gc,heap        ] GC(199)  Metaspace       used 6360K, committed 6528K, reserved 1114112K
[12.658s][debug][gc,heap        ] GC(199)   class space    used 546K, committed 640K, reserved 1048576K
[12.658s][info ][gc             ] GC(199) Pause Young (Allocation Failure) 490M->360M(989M) 29.215ms
[12.658s][info ][gc,cpu         ] GC(199) User=0.02s Sys=0.00s Real=0.03s
[12.658s][info ][safepoint      ] Safepoint "GenCollectForAllocation", Time since last: 42770371 ns, Reaching safepoint: 7900 ns, Cleanup: 6600 ns, At safepoint: 29255048 ns, Total: 29269548 ns
[12.696s][info ][gc,start       ] GC(200) Pause Young (Allocation Failure)
[12.696s][debug][gc,heap        ] GC(200) Heap before GC invocations=165 (full 35):
[12.696s][debug][gc,heap        ] GC(200)  def new generation   total 314560K, used 314521K [0x00000000c0000000, 0x00000000d5550000, 0x00000000d5550000)
[12.696s][debug][gc,heap        ] GC(200)   eden space 279616K, 100% used [0x00000000c0000000, 0x00000000d1110000, 0x00000000d1110000)
[12.696s][debug][gc,heap        ] GC(200)   from space 34944K,  99% used [0x00000000d1110000, 0x00000000d33265d0, 0x00000000d3330000)
[12.696s][debug][gc,heap        ] GC(200)   to   space 34944K,   0% used [0x00000000d3330000, 0x00000000d3330000, 0x00000000d5550000)
[12.696s][debug][gc,heap        ] GC(200)  tenured generation   total 699072K, used 334687K [0x00000000d5550000, 0x0000000100000000, 0x0000000100000000)
[12.696s][debug][gc,heap        ] GC(200)    the space 699072K,  47% used [0x00000000d5550000, 0x00000000e9c27e88, 0x00000000e9c28000, 0x0000000100000000)
[12.696s][debug][gc,heap        ] GC(200)  Metaspace       used 6360K, committed 6528K, reserved 1114112K
[12.696s][debug][gc,heap        ] GC(200)   class space    used 546K, committed 640K, reserved 1048576K
[12.728s][info ][gc,heap        ] GC(200) DefNew: 314521K(314560K)->34905K(314560K) Eden: 279616K(279616K)->0K(279616K) From: 34905K(34944K)->34905K(34944K)
[12.728s][info ][gc,heap        ] GC(200) Tenured: 334687K(699072K)->459807K(699072K)
[12.728s][info ][gc,metaspace   ] GC(200) Metaspace: 6360K(6528K)->6360K(6528K) NonClass: 5814K(5888K)->5814K(5888K) Class: 546K(640K)->546K(640K)
[12.728s][debug][gc,heap        ] GC(200) Heap after GC invocations=166 (full 35):
[12.728s][debug][gc,heap        ] GC(200)  def new generation   total 314560K, used 34905K [0x00000000c0000000, 0x00000000d5550000, 0x00000000d5550000)
[12.728s][debug][gc,heap        ] GC(200)   eden space 279616K,   0% used [0x00000000c0000000, 0x00000000c0000000, 0x00000000d1110000)
[12.728s][debug][gc,heap        ] GC(200)   from space 34944K,  99% used [0x00000000d3330000, 0x00000000d55465d0, 0x00000000d5550000)
[12.728s][debug][gc,heap        ] GC(200)   to   space 34944K,   0% used [0x00000000d1110000, 0x00000000d1110000, 0x00000000d3330000)
[12.728s][debug][gc,heap        ] GC(200)  tenured generation   total 699072K, used 459807K [0x00000000d5550000, 0x0000000100000000, 0x0000000100000000)
[12.728s][debug][gc,heap        ] GC(200)    the space 699072K,  65% used [0x00000000d5550000, 0x00000000f1657cb8, 0x00000000f1657e00, 0x0000000100000000)
[12.728s][debug][gc,heap        ] GC(200)  Metaspace       used 6360K, committed 6528K, reserved 1114112K
[12.728s][debug][gc,heap        ] GC(200)   class space    used 546K, committed 640K, reserved 1048576K
[12.728s][info ][gc             ] GC(200) Pause Young (Allocation Failure) 633M->483M(989M) 31.725ms
[12.728s][info ][gc,cpu         ] GC(200) User=0.03s Sys=0.00s Real=0.03s
[12.728s][info ][safepoint      ] Safepoint "GenCollectForAllocation", Time since last: 37647763 ns, Reaching safepoint: 6200 ns, Cleanup: 5800 ns, At safepoint: 31754353 ns, Total: 31766353 ns
[12.768s][info ][gc,start       ] GC(201) Pause Young (Allocation Failure)
[12.768s][debug][gc,heap        ] GC(201) Heap before GC invocations=166 (full 35):
[12.768s][debug][gc,heap        ] GC(201)  def new generation   total 314560K, used 314521K [0x00000000c0000000, 0x00000000d5550000, 0x00000000d5550000)
[12.768s][debug][gc,heap        ] GC(201)   eden space 279616K, 100% used [0x00000000c0000000, 0x00000000d1110000, 0x00000000d1110000)
[12.768s][debug][gc,heap        ] GC(201)   from space 34944K,  99% used [0x00000000d3330000, 0x00000000d55465d0, 0x00000000d5550000)
[12.768s][debug][gc,heap        ] GC(201)   to   space 34944K,   0% used [0x00000000d1110000, 0x00000000d1110000, 0x00000000d3330000)
[12.768s][debug][gc,heap        ] GC(201)  tenured generation   total 699072K, used 459807K [0x00000000d5550000, 0x0000000100000000, 0x0000000100000000)
[12.768s][debug][gc,heap        ] GC(201)    the space 699072K,  65% used [0x00000000d5550000, 0x00000000f1657cb8, 0x00000000f1657e00, 0x0000000100000000)
[12.768s][debug][gc,heap        ] GC(201)  Metaspace       used 6360K, committed 6528K, reserved 1114112K
[12.768s][debug][gc,heap        ] GC(201)   class space    used 546K, committed 640K, reserved 1048576K
[12.808s][info ][gc,heap        ] GC(201) DefNew: 314521K(314560K)->34905K(314560K) Eden: 279616K(279616K)->0K(279616K) From: 34905K(34944K)->34905K(34944K)
[12.808s][info ][gc,heap        ] GC(201) Tenured: 459807K(699072K)->585026K(699072K)
[12.808s][info ][gc,metaspace   ] GC(201) Metaspace: 6360K(6528K)->6360K(6528K) NonClass: 5814K(5888K)->5814K(5888K) Class: 546K(640K)->546K(640K)
[12.808s][debug][gc,heap        ] GC(201) Heap after GC invocations=167 (full 35):
[12.808s][debug][gc,heap        ] GC(201)  def new generation   total 314560K, used 34905K [0x00000000c0000000, 0x00000000d5550000, 0x00000000d5550000)
[12.808s][debug][gc,heap        ] GC(201)   eden space 279616K,   0% used [0x00000000c0000000, 0x00000000c0000000, 0x00000000d1110000)
[12.808s][debug][gc,heap        ] GC(201)   from space 34944K,  99% used [0x00000000d1110000, 0x00000000d33265d0, 0x00000000d3330000)
[12.808s][debug][gc,heap        ] GC(201)   to   space 34944K,   0% used [0x00000000d3330000, 0x00000000d3330000, 0x00000000d5550000)
[12.808s][debug][gc,heap        ] GC(201)  tenured generation   total 699072K, used 585026K [0x00000000d5550000, 0x0000000100000000, 0x0000000100000000)
[12.808s][debug][gc,heap        ] GC(201)    the space 699072K,  83% used [0x00000000d5550000, 0x00000000f90a0af8, 0x00000000f90a0c00, 0x0000000100000000)
[12.808s][debug][gc,heap        ] GC(201)  Metaspace       used 6360K, committed 6528K, reserved 1114112K
[12.808s][debug][gc,heap        ] GC(201)   class space    used 546K, committed 640K, reserved 1048576K
[12.808s][info ][gc             ] GC(201) Pause Young (Allocation Failure) 756M->605M(989M) 40.386ms
[12.809s][info ][gc,cpu         ] GC(201) User=0.04s Sys=0.00s Real=0.04s
[12.809s][info ][safepoint      ] Safepoint "GenCollectForAllocation", Time since last: 40396967 ns, Reaching safepoint: 4300 ns, Cleanup: 4800 ns, At safepoint: 40415767 ns, Total: 40424867 ns
[12.842s][info ][gc,start       ] GC(202) Pause Young (Allocation Failure)
[12.842s][debug][gc,heap        ] GC(202) Heap before GC invocations=167 (full 35):
[12.842s][debug][gc,heap        ] GC(202)  def new generation   total 314560K, used 314521K [0x00000000c0000000, 0x00000000d5550000, 0x00000000d5550000)
[12.842s][debug][gc,heap        ] GC(202)   eden space 279616K, 100% used [0x00000000c0000000, 0x00000000d1110000, 0x00000000d1110000)
[12.842s][debug][gc,heap        ] GC(202)   from space 34944K,  99% used [0x00000000d1110000, 0x00000000d33265d0, 0x00000000d3330000)
[12.842s][debug][gc,heap        ] GC(202)   to   space 34944K,   0% used [0x00000000d3330000, 0x00000000d3330000, 0x00000000d5550000)
[12.842s][debug][gc,heap        ] GC(202)  tenured generation   total 699072K, used 585026K [0x00000000d5550000, 0x0000000100000000, 0x0000000100000000)
[12.842s][debug][gc,heap        ] GC(202)    the space 699072K,  83% used [0x00000000d5550000, 0x00000000f90a0af8, 0x00000000f90a0c00, 0x0000000100000000)
[12.842s][debug][gc,heap        ] GC(202)  Metaspace       used 6360K, committed 6528K, reserved 1114112K
[12.842s][debug][gc,heap        ] GC(202)   class space    used 546K, committed 640K, reserved 1048576K
[12.842s][debug][gc,heap        ] GC(202) Heap after GC invocations=168 (full 35):
[12.842s][debug][gc,heap        ] GC(202)  def new generation   total 314560K, used 314521K [0x00000000c0000000, 0x00000000d5550000, 0x00000000d5550000)
[12.842s][debug][gc,heap        ] GC(202)   eden space 279616K, 100% used [0x00000000c0000000, 0x00000000d1110000, 0x00000000d1110000)
[12.842s][debug][gc,heap        ] GC(202)   from space 34944K,  99% used [0x00000000d1110000, 0x00000000d33265d0, 0x00000000d3330000)
[12.842s][debug][gc,heap        ] GC(202)   to   space 34944K,   0% used [0x00000000d3330000, 0x00000000d3330000, 0x00000000d5550000)
[12.842s][debug][gc,heap        ] GC(202)  tenured generation   total 699072K, used 585026K [0x00000000d5550000, 0x0000000100000000, 0x0000000100000000)
[12.842s][debug][gc,heap        ] GC(202)    the space 699072K,  83% used [0x00000000d5550000, 0x00000000f90a0af8, 0x00000000f90a0c00, 0x0000000100000000)
[12.842s][debug][gc,heap        ] GC(202)  Metaspace       used 6360K, committed 6528K, reserved 1114112K
[12.842s][debug][gc,heap        ] GC(202)   class space    used 546K, committed 640K, reserved 1048576K
[12.842s][info ][gc             ] GC(202) Pause Young (Allocation Failure) 878M->878M(989M) 0.111ms
[12.842s][info ][gc,cpu         ] GC(202) User=0.00s Sys=0.00s Real=0.00s
[12.842s][info ][gc,start       ] GC(203) Pause Full (Allocation Failure)
[12.842s][debug][gc,heap        ] GC(203) Heap before GC invocations=168 (full 35):
[12.842s][debug][gc,heap        ] GC(203)  def new generation   total 314560K, used 314521K [0x00000000c0000000, 0x00000000d5550000, 0x00000000d5550000)
[12.842s][debug][gc,heap        ] GC(203)   eden space 279616K, 100% used [0x00000000c0000000, 0x00000000d1110000, 0x00000000d1110000)
[12.842s][debug][gc,heap        ] GC(203)   from space 34944K,  99% used [0x00000000d1110000, 0x00000000d33265d0, 0x00000000d3330000)
[12.842s][debug][gc,heap        ] GC(203)   to   space 34944K,   0% used [0x00000000d3330000, 0x00000000d3330000, 0x00000000d5550000)
[12.842s][debug][gc,heap        ] GC(203)  tenured generation   total 699072K, used 585026K [0x00000000d5550000, 0x0000000100000000, 0x0000000100000000)
[12.842s][debug][gc,heap        ] GC(203)    the space 699072K,  83% used [0x00000000d5550000, 0x00000000f90a0af8, 0x00000000f90a0c00, 0x0000000100000000)
[12.842s][debug][gc,heap        ] GC(203)  Metaspace       used 6360K, committed 6528K, reserved 1114112K
[12.842s][debug][gc,heap        ] GC(203)   class space    used 546K, committed 640K, reserved 1048576K
[12.842s][info ][gc,phases,start] GC(203) Phase 1: Mark live objects
[12.843s][info ][gc,phases      ] GC(203) Phase 1: Mark live objects 0.928ms
[12.843s][info ][gc,phases,start] GC(203) Phase 2: Compute new object addresses
[12.845s][info ][gc,phases      ] GC(203) Phase 2: Compute new object addresses 1.241ms
[12.845s][info ][gc,phases,start] GC(203) Phase 3: Adjust pointers
[12.845s][info ][gc,phases      ] GC(203) Phase 3: Adjust pointers 0.633ms
[12.845s][info ][gc,phases,start] GC(203) Phase 4: Move objects
[12.880s][info ][gc,phases      ] GC(203) Phase 4: Move objects 34.370ms
[12.880s][info ][gc,heap        ] GC(203) DefNew: 314521K(314560K)->0K(314560K) Eden: 279616K(279616K)->0K(279616K) From: 34905K(34944K)->0K(34944K)
[12.880s][info ][gc,heap        ] GC(203) Tenured: 585026K(699072K)->200766K(699072K)
[12.880s][info ][gc,metaspace   ] GC(203) Metaspace: 6360K(6528K)->6360K(6528K) NonClass: 5814K(5888K)->5814K(5888K) Class: 546K(640K)->546K(640K)
[12.880s][debug][gc,heap        ] GC(203) Heap after GC invocations=168 (full 36):
[12.880s][debug][gc,heap        ] GC(203)  def new generation   total 314560K, used 0K [0x00000000c0000000, 0x00000000d5550000, 0x00000000d5550000)
[12.880s][debug][gc,heap        ] GC(203)   eden space 279616K,   0% used [0x00000000c0000000, 0x00000000c0000000, 0x00000000d1110000)
[12.880s][debug][gc,heap        ] GC(203)   from space 34944K,   0% used [0x00000000d1110000, 0x00000000d1110000, 0x00000000d3330000)
[12.880s][debug][gc,heap        ] GC(203)   to   space 34944K,   0% used [0x00000000d3330000, 0x00000000d3330000, 0x00000000d5550000)
[12.880s][debug][gc,heap        ] GC(203)  tenured generation   total 699072K, used 200766K [0x00000000d5550000, 0x0000000100000000, 0x0000000100000000)
[12.880s][debug][gc,heap        ] GC(203)    the space 699072K,  28% used [0x00000000d5550000, 0x00000000e195fad8, 0x00000000e195fc00, 0x0000000100000000)
[12.880s][debug][gc,heap        ] GC(203)  Metaspace       used 6360K, committed 6528K, reserved 1114112K
[12.880s][debug][gc,heap        ] GC(203)   class space    used 546K, committed 640K, reserved 1048576K
[12.880s][info ][gc             ] GC(203) Pause Full (Allocation Failure) 878M->196M(989M) 37.422ms
[12.880s][info ][gc,cpu         ] GC(203) User=0.04s Sys=0.00s Real=0.03s
[12.880s][info ][safepoint      ] Safepoint "GenCollectForAllocation", Time since last: 33653156 ns, Reaching safepoint: 3400 ns, Cleanup: 4100 ns, At safepoint: 37580363 ns, Total: 37587863 ns
[12.916s][info ][gc,start       ] GC(204) Pause Young (Allocation Failure)
[12.916s][debug][gc,heap        ] GC(204) Heap before GC invocations=168 (full 36):
[12.916s][debug][gc,heap        ] GC(204)  def new generation   total 314560K, used 279616K [0x00000000c0000000, 0x00000000d5550000, 0x00000000d5550000)
[12.916s][debug][gc,heap        ] GC(204)   eden space 279616K, 100% used [0x00000000c0000000, 0x00000000d1110000, 0x00000000d1110000)
[12.916s][debug][gc,heap        ] GC(204)   from space 34944K,   0% used [0x00000000d1110000, 0x00000000d1110000, 0x00000000d3330000)
[12.916s][debug][gc,heap        ] GC(204)   to   space 34944K,   0% used [0x00000000d3330000, 0x00000000d3330000, 0x00000000d5550000)
[12.916s][debug][gc,heap        ] GC(204)  tenured generation   total 699072K, used 200766K [0x00000000d5550000, 0x0000000100000000, 0x0000000100000000)
[12.916s][debug][gc,heap        ] GC(204)    the space 699072K,  28% used [0x00000000d5550000, 0x00000000e195fad8, 0x00000000e195fc00, 0x0000000100000000)
[12.916s][debug][gc,heap        ] GC(204)  Metaspace       used 6360K, committed 6528K, reserved 1114112K
[12.916s][debug][gc,heap        ] GC(204)   class space    used 546K, committed 640K, reserved 1048576K
[12.942s][info ][gc,heap        ] GC(204) DefNew: 279616K(314560K)->34905K(314560K) Eden: 279616K(279616K)->0K(279616K) From: 0K(34944K)->34905K(34944K)
[12.942s][info ][gc,heap        ] GC(204) Tenured: 200766K(699072K)->314984K(699072K)
[12.942s][info ][gc,metaspace   ] GC(204) Metaspace: 6360K(6528K)->6360K(6528K) NonClass: 5814K(5888K)->5814K(5888K) Class: 546K(640K)->546K(640K)
[12.942s][debug][gc,heap        ] GC(204) Heap after GC invocations=169 (full 36):
[12.942s][debug][gc,heap        ] GC(204)  def new generation   total 314560K, used 34905K [0x00000000c0000000, 0x00000000d5550000, 0x00000000d5550000)
[12.942s][debug][gc,heap        ] GC(204)   eden space 279616K,   0% used [0x00000000c0000000, 0x00000000c0000000, 0x00000000d1110000)
[12.942s][debug][gc,heap        ] GC(204)   from space 34944K,  99% used [0x00000000d3330000, 0x00000000d55465d0, 0x00000000d5550000)
[12.942s][debug][gc,heap        ] GC(204)   to   space 34944K,   0% used [0x00000000d1110000, 0x00000000d1110000, 0x00000000d3330000)
[12.942s][debug][gc,heap        ] GC(204)  tenured generation   total 699072K, used 314984K [0x00000000d5550000, 0x0000000100000000, 0x0000000100000000)
[12.942s][debug][gc,heap        ] GC(204)    the space 699072K,  45% used [0x00000000d5550000, 0x00000000e88ea238, 0x00000000e88ea400, 0x0000000100000000)
[12.942s][debug][gc,heap        ] GC(204)  Metaspace       used 6360K, committed 6528K, reserved 1114112K
[12.942s][debug][gc,heap        ] GC(204)   class space    used 546K, committed 640K, reserved 1048576K
[12.942s][info ][gc             ] GC(204) Pause Young (Allocation Failure) 469M->341M(989M) 26.252ms
[12.942s][info ][gc,cpu         ] GC(204) User=0.03s Sys=0.00s Real=0.03s
[12.942s][info ][safepoint      ] Safepoint "GenCollectForAllocation", Time since last: 36170060 ns, Reaching safepoint: 3400 ns, Cleanup: 3700 ns, At safepoint: 26275943 ns, Total: 26283043 ns
[12.986s][info ][gc,start       ] GC(205) Pause Young (Allocation Failure)
[12.986s][debug][gc,heap        ] GC(205) Heap before GC invocations=169 (full 36):
[12.986s][debug][gc,heap        ] GC(205)  def new generation   total 314560K, used 314521K [0x00000000c0000000, 0x00000000d5550000, 0x00000000d5550000)
[12.986s][debug][gc,heap        ] GC(205)   eden space 279616K, 100% used [0x00000000c0000000, 0x00000000d1110000, 0x00000000d1110000)
[12.986s][debug][gc,heap        ] GC(205)   from space 34944K,  99% used [0x00000000d3330000, 0x00000000d55465d0, 0x00000000d5550000)
[12.986s][debug][gc,heap        ] GC(205)   to   space 34944K,   0% used [0x00000000d1110000, 0x00000000d1110000, 0x00000000d3330000)
[12.986s][debug][gc,heap        ] GC(205)  tenured generation   total 699072K, used 314984K [0x00000000d5550000, 0x0000000100000000, 0x0000000100000000)
[12.986s][debug][gc,heap        ] GC(205)    the space 699072K,  45% used [0x00000000d5550000, 0x00000000e88ea238, 0x00000000e88ea400, 0x0000000100000000)
[12.986s][debug][gc,heap        ] GC(205)  Metaspace       used 6360K, committed 6528K, reserved 1114112K
[12.986s][debug][gc,heap        ] GC(205)   class space    used 546K, committed 640K, reserved 1048576K
[13.019s][info ][gc,heap        ] GC(205) DefNew: 314521K(314560K)->34905K(314560K) Eden: 279616K(279616K)->0K(279616K) From: 34905K(34944K)->34905K(34944K)
[13.019s][info ][gc,heap        ] GC(205) Tenured: 314984K(699072K)->439403K(699072K)
[13.019s][info ][gc,metaspace   ] GC(205) Metaspace: 6360K(6528K)->6360K(6528K) NonClass: 5814K(5888K)->5814K(5888K) Class: 546K(640K)->546K(640K)
[13.019s][debug][gc,heap        ] GC(205) Heap after GC invocations=170 (full 36):
[13.019s][debug][gc,heap        ] GC(205)  def new generation   total 314560K, used 34905K [0x00000000c0000000, 0x00000000d5550000, 0x00000000d5550000)
[13.019s][debug][gc,heap        ] GC(205)   eden space 279616K,   0% used [0x00000000c0000000, 0x00000000c0000000, 0x00000000d1110000)
[13.019s][debug][gc,heap        ] GC(205)   from space 34944K,  99% used [0x00000000d1110000, 0x00000000d33265d0, 0x00000000d3330000)
[13.019s][debug][gc,heap        ] GC(205)   to   space 34944K,   0% used [0x00000000d3330000, 0x00000000d3330000, 0x00000000d5550000)
[13.019s][debug][gc,heap        ] GC(205)  tenured generation   total 699072K, used 439403K [0x00000000d5550000, 0x0000000100000000, 0x0000000100000000)
[13.019s][debug][gc,heap        ] GC(205)    the space 699072K,  62% used [0x00000000d5550000, 0x00000000f026aff8, 0x00000000f026b000, 0x0000000100000000)
[13.019s][debug][gc,heap        ] GC(205)  Metaspace       used 6360K, committed 6528K, reserved 1114112K
[13.019s][debug][gc,heap        ] GC(205)   class space    used 546K, committed 640K, reserved 1048576K
[13.019s][info ][gc             ] GC(205) Pause Young (Allocation Failure) 614M->463M(989M) 32.740ms
[13.019s][info ][gc,cpu         ] GC(205) User=0.03s Sys=0.00s Real=0.03s
[13.019s][info ][safepoint      ] Safepoint "GenCollectForAllocation", Time since last: 43892673 ns, Reaching safepoint: 8100 ns, Cleanup: 7600 ns, At safepoint: 32774255 ns, Total: 32789955 ns
[13.050s][info ][gc,start       ] GC(206) Pause Young (Allocation Failure)
[13.050s][debug][gc,heap        ] GC(206) Heap before GC invocations=170 (full 36):
[13.050s][debug][gc,heap        ] GC(206)  def new generation   total 314560K, used 314521K [0x00000000c0000000, 0x00000000d5550000, 0x00000000d5550000)
[13.050s][debug][gc,heap        ] GC(206)   eden space 279616K, 100% used [0x00000000c0000000, 0x00000000d1110000, 0x00000000d1110000)
[13.050s][debug][gc,heap        ] GC(206)   from space 34944K,  99% used [0x00000000d1110000, 0x00000000d33265d0, 0x00000000d3330000)
[13.050s][debug][gc,heap        ] GC(206)   to   space 34944K,   0% used [0x00000000d3330000, 0x00000000d3330000, 0x00000000d5550000)
[13.050s][debug][gc,heap        ] GC(206)  tenured generation   total 699072K, used 439403K [0x00000000d5550000, 0x0000000100000000, 0x0000000100000000)
[13.050s][debug][gc,heap        ] GC(206)    the space 699072K,  62% used [0x00000000d5550000, 0x00000000f026aff8, 0x00000000f026b000, 0x0000000100000000)
[13.051s][debug][gc,heap        ] GC(206)  Metaspace       used 6360K, committed 6528K, reserved 1114112K
[13.051s][debug][gc,heap        ] GC(206)   class space    used 546K, committed 640K, reserved 1048576K
[13.076s][info ][gc,heap        ] GC(206) DefNew: 314521K(314560K)->34905K(314560K) Eden: 279616K(279616K)->0K(279616K) From: 34905K(34944K)->34905K(34944K)
[13.076s][info ][gc,heap        ] GC(206) Tenured: 439403K(699072K)->562923K(699072K)
[13.076s][info ][gc,metaspace   ] GC(206) Metaspace: 6360K(6528K)->6360K(6528K) NonClass: 5814K(5888K)->5814K(5888K) Class: 546K(640K)->546K(640K)
[13.076s][debug][gc,heap        ] GC(206) Heap after GC invocations=171 (full 36):
[13.076s][debug][gc,heap        ] GC(206)  def new generation   total 314560K, used 34905K [0x00000000c0000000, 0x00000000d5550000, 0x00000000d5550000)
[13.076s][debug][gc,heap        ] GC(206)   eden space 279616K,   0% used [0x00000000c0000000, 0x00000000c0000000, 0x00000000d1110000)
[13.076s][debug][gc,heap        ] GC(206)   from space 34944K,  99% used [0x00000000d3330000, 0x00000000d55465d0, 0x00000000d5550000)
[13.076s][debug][gc,heap        ] GC(206)   to   space 34944K,   0% used [0x00000000d1110000, 0x00000000d1110000, 0x00000000d3330000)
[13.076s][debug][gc,heap        ] GC(206)  tenured generation   total 699072K, used 562923K [0x00000000d5550000, 0x0000000100000000, 0x0000000100000000)
[13.076s][debug][gc,heap        ] GC(206)    the space 699072K,  80% used [0x00000000d5550000, 0x00000000f7b0ad28, 0x00000000f7b0ae00, 0x0000000100000000)
[13.076s][debug][gc,heap        ] GC(206)  Metaspace       used 6360K, committed 6528K, reserved 1114112K
[13.076s][debug][gc,heap        ] GC(206)   class space    used 546K, committed 640K, reserved 1048576K
[13.076s][info ][gc             ] GC(206) Pause Young (Allocation Failure) 736M->583M(989M) 25.729ms
[13.076s][info ][gc,cpu         ] GC(206) User=0.02s Sys=0.00s Real=0.02s
[13.076s][info ][safepoint      ] Safepoint "GenCollectForAllocation", Time since last: 31547352 ns, Reaching safepoint: 3000 ns, Cleanup: 3800 ns, At safepoint: 25752543 ns, Total: 25759343 ns
[13.107s][info ][gc,start       ] GC(207) Pause Young (Allocation Failure)
[13.107s][debug][gc,heap        ] GC(207) Heap before GC invocations=171 (full 36):
[13.107s][debug][gc,heap        ] GC(207)  def new generation   total 314560K, used 314521K [0x00000000c0000000, 0x00000000d5550000, 0x00000000d5550000)
[13.107s][debug][gc,heap        ] GC(207)   eden space 279616K, 100% used [0x00000000c0000000, 0x00000000d1110000, 0x00000000d1110000)
[13.107s][debug][gc,heap        ] GC(207)   from space 34944K,  99% used [0x00000000d3330000, 0x00000000d55465d0, 0x00000000d5550000)
[13.107s][debug][gc,heap        ] GC(207)   to   space 34944K,   0% used [0x00000000d1110000, 0x00000000d1110000, 0x00000000d3330000)
[13.107s][debug][gc,heap        ] GC(207)  tenured generation   total 699072K, used 562923K [0x00000000d5550000, 0x0000000100000000, 0x0000000100000000)
[13.107s][debug][gc,heap        ] GC(207)    the space 699072K,  80% used [0x00000000d5550000, 0x00000000f7b0ad28, 0x00000000f7b0ae00, 0x0000000100000000)
[13.107s][debug][gc,heap        ] GC(207)  Metaspace       used 6360K, committed 6528K, reserved 1114112K
[13.107s][debug][gc,heap        ] GC(207)   class space    used 546K, committed 640K, reserved 1048576K
[13.107s][debug][gc,heap        ] GC(207) Heap after GC invocations=172 (full 36):
[13.107s][debug][gc,heap        ] GC(207)  def new generation   total 314560K, used 314521K [0x00000000c0000000, 0x00000000d5550000, 0x00000000d5550000)
[13.107s][debug][gc,heap        ] GC(207)   eden space 279616K, 100% used [0x00000000c0000000, 0x00000000d1110000, 0x00000000d1110000)
[13.107s][debug][gc,heap        ] GC(207)   from space 34944K,  99% used [0x00000000d3330000, 0x00000000d55465d0, 0x00000000d5550000)
[13.107s][debug][gc,heap        ] GC(207)   to   space 34944K,   0% used [0x00000000d1110000, 0x00000000d1110000, 0x00000000d3330000)
[13.107s][debug][gc,heap        ] GC(207)  tenured generation   total 699072K, used 562923K [0x00000000d5550000, 0x0000000100000000, 0x0000000100000000)
[13.107s][debug][gc,heap        ] GC(207)    the space 699072K,  80% used [0x00000000d5550000, 0x00000000f7b0ad28, 0x00000000f7b0ae00, 0x0000000100000000)
[13.107s][debug][gc,heap        ] GC(207)  Metaspace       used 6360K, committed 6528K, reserved 1114112K
[13.107s][debug][gc,heap        ] GC(207)   class space    used 546K, committed 640K, reserved 1048576K
[13.107s][info ][gc             ] GC(207) Pause Young (Allocation Failure) 856M->856M(989M) 0.207ms
[13.107s][info ][gc,cpu         ] GC(207) User=0.00s Sys=0.00s Real=0.00s
[13.107s][info ][gc,start       ] GC(208) Pause Full (Allocation Failure)
[13.107s][debug][gc,heap        ] GC(208) Heap before GC invocations=172 (full 36):
[13.107s][debug][gc,heap        ] GC(208)  def new generation   total 314560K, used 314521K [0x00000000c0000000, 0x00000000d5550000, 0x00000000d5550000)
[13.107s][debug][gc,heap        ] GC(208)   eden space 279616K, 100% used [0x00000000c0000000, 0x00000000d1110000, 0x00000000d1110000)
[13.107s][debug][gc,heap        ] GC(208)   from space 34944K,  99% used [0x00000000d3330000, 0x00000000d55465d0, 0x00000000d5550000)
[13.107s][debug][gc,heap        ] GC(208)   to   space 34944K,   0% used [0x00000000d1110000, 0x00000000d1110000, 0x00000000d3330000)
[13.107s][debug][gc,heap        ] GC(208)  tenured generation   total 699072K, used 562923K [0x00000000d5550000, 0x0000000100000000, 0x0000000100000000)
[13.107s][debug][gc,heap        ] GC(208)    the space 699072K,  80% used [0x00000000d5550000, 0x00000000f7b0ad28, 0x00000000f7b0ae00, 0x0000000100000000)
[13.107s][debug][gc,heap        ] GC(208)  Metaspace       used 6360K, committed 6528K, reserved 1114112K
[13.107s][debug][gc,heap        ] GC(208)   class space    used 546K, committed 640K, reserved 1048576K
[13.107s][info ][gc,phases,start] GC(208) Phase 1: Mark live objects
[13.108s][info ][gc,phases      ] GC(208) Phase 1: Mark live objects 0.919ms
[13.108s][info ][gc,phases,start] GC(208) Phase 2: Compute new object addresses
[13.110s][info ][gc,phases      ] GC(208) Phase 2: Compute new object addresses 1.243ms
[13.110s][info ][gc,phases,start] GC(208) Phase 3: Adjust pointers
[13.110s][info ][gc,phases      ] GC(208) Phase 3: Adjust pointers 0.624ms
[13.110s][info ][gc,phases,start] GC(208) Phase 4: Move objects
[13.141s][info ][gc,phases      ] GC(208) Phase 4: Move objects 30.690ms
[13.141s][info ][gc,heap        ] GC(208) DefNew: 314521K(314560K)->0K(314560K) Eden: 279616K(279616K)->0K(279616K) From: 34905K(34944K)->0K(34944K)
[13.141s][info ][gc,heap        ] GC(208) Tenured: 562923K(699072K)->220769K(699072K)
[13.141s][info ][gc,metaspace   ] GC(208) Metaspace: 6360K(6528K)->6360K(6528K) NonClass: 5814K(5888K)->5814K(5888K) Class: 546K(640K)->546K(640K)
[13.141s][debug][gc,heap        ] GC(208) Heap after GC invocations=172 (full 37):
[13.141s][debug][gc,heap        ] GC(208)  def new generation   total 314560K, used 0K [0x00000000c0000000, 0x00000000d5550000, 0x00000000d5550000)
[13.141s][debug][gc,heap        ] GC(208)   eden space 279616K,   0% used [0x00000000c0000000, 0x00000000c0000000, 0x00000000d1110000)
[13.141s][debug][gc,heap        ] GC(208)   from space 34944K,   0% used [0x00000000d3330000, 0x00000000d3330000, 0x00000000d5550000)
[13.141s][debug][gc,heap        ] GC(208)   to   space 34944K,   0% used [0x00000000d1110000, 0x00000000d1110000, 0x00000000d3330000)
[13.141s][debug][gc,heap        ] GC(208)  tenured generation   total 699072K, used 220769K [0x00000000d5550000, 0x0000000100000000, 0x0000000100000000)
[13.141s][debug][gc,heap        ] GC(208)    the space 699072K,  31% used [0x00000000d5550000, 0x00000000e2ce8758, 0x00000000e2ce8800, 0x0000000100000000)
[13.141s][debug][gc,heap        ] GC(208)  Metaspace       used 6360K, committed 6528K, reserved 1114112K
[13.141s][debug][gc,heap        ] GC(208)   class space    used 546K, committed 640K, reserved 1048576K
[13.141s][info ][gc             ] GC(208) Pause Full (Allocation Failure) 856M->215M(989M) 33.718ms
[13.141s][info ][gc,cpu         ] GC(208) User=0.04s Sys=0.00s Real=0.04s
[13.141s][info ][safepoint      ] Safepoint "GenCollectForAllocation", Time since last: 30961052 ns, Reaching safepoint: 2600 ns, Cleanup: 3800 ns, At safepoint: 33971056 ns, Total: 33977456 ns
[13.172s][info ][gc,start       ] GC(209) Pause Young (Allocation Failure)
[13.172s][debug][gc,heap        ] GC(209) Heap before GC invocations=172 (full 37):
[13.172s][debug][gc,heap        ] GC(209)  def new generation   total 314560K, used 279616K [0x00000000c0000000, 0x00000000d5550000, 0x00000000d5550000)
[13.172s][debug][gc,heap        ] GC(209)   eden space 279616K, 100% used [0x00000000c0000000, 0x00000000d1110000, 0x00000000d1110000)
[13.173s][debug][gc,heap        ] GC(209)   from space 34944K,   0% used [0x00000000d3330000, 0x00000000d3330000, 0x00000000d5550000)
[13.173s][debug][gc,heap        ] GC(209)   to   space 34944K,   0% used [0x00000000d1110000, 0x00000000d1110000, 0x00000000d3330000)
[13.173s][debug][gc,heap        ] GC(209)  tenured generation   total 699072K, used 220769K [0x00000000d5550000, 0x0000000100000000, 0x0000000100000000)
[13.173s][debug][gc,heap        ] GC(209)    the space 699072K,  31% used [0x00000000d5550000, 0x00000000e2ce8758, 0x00000000e2ce8800, 0x0000000100000000)
[13.173s][debug][gc,heap        ] GC(209)  Metaspace       used 6360K, committed 6528K, reserved 1114112K
[13.173s][debug][gc,heap        ] GC(209)   class space    used 546K, committed 640K, reserved 1048576K
[13.197s][info ][gc,heap        ] GC(209) DefNew: 279616K(314560K)->34905K(314560K) Eden: 279616K(279616K)->0K(279616K) From: 0K(34944K)->34905K(34944K)
[13.197s][info ][gc,heap        ] GC(209) Tenured: 220769K(699072K)->334487K(699072K)
[13.197s][info ][gc,metaspace   ] GC(209) Metaspace: 6360K(6528K)->6360K(6528K) NonClass: 5814K(5888K)->5814K(5888K) Class: 546K(640K)->546K(640K)
[13.197s][debug][gc,heap        ] GC(209) Heap after GC invocations=173 (full 37):
[13.197s][debug][gc,heap        ] GC(209)  def new generation   total 314560K, used 34905K [0x00000000c0000000, 0x00000000d5550000, 0x00000000d5550000)
[13.197s][debug][gc,heap        ] GC(209)   eden space 279616K,   0% used [0x00000000c0000000, 0x00000000c0000000, 0x00000000d1110000)
[13.197s][debug][gc,heap        ] GC(209)   from space 34944K,  99% used [0x00000000d1110000, 0x00000000d33265d0, 0x00000000d3330000)
[13.197s][debug][gc,heap        ] GC(209)   to   space 34944K,   0% used [0x00000000d3330000, 0x00000000d3330000, 0x00000000d5550000)
[13.197s][debug][gc,heap        ] GC(209)  tenured generation   total 699072K, used 334487K [0x00000000d5550000, 0x0000000100000000, 0x0000000100000000)
[13.197s][debug][gc,heap        ] GC(209)    the space 699072K,  47% used [0x00000000d5550000, 0x00000000e9bf5e68, 0x00000000e9bf6000, 0x0000000100000000)
[13.197s][debug][gc,heap        ] GC(209)  Metaspace       used 6360K, committed 6528K, reserved 1114112K
[13.197s][debug][gc,heap        ] GC(209)   class space    used 546K, committed 640K, reserved 1048576K
[13.197s][info ][gc             ] GC(209) Pause Young (Allocation Failure) 488M->360M(989M) 24.429ms
[13.197s][info ][gc,cpu         ] GC(209) User=0.02s Sys=0.00s Real=0.02s
[13.197s][info ][safepoint      ] Safepoint "GenCollectForAllocation", Time since last: 31319752 ns, Reaching safepoint: 3100 ns, Cleanup: 3500 ns, At safepoint: 24452241 ns, Total: 24458841 ns
[13.230s][info ][gc,start       ] GC(210) Pause Young (Allocation Failure)
[13.230s][debug][gc,heap        ] GC(210) Heap before GC invocations=173 (full 37):
[13.230s][debug][gc,heap        ] GC(210)  def new generation   total 314560K, used 314521K [0x00000000c0000000, 0x00000000d5550000, 0x00000000d5550000)
[13.230s][debug][gc,heap        ] GC(210)   eden space 279616K, 100% used [0x00000000c0000000, 0x00000000d1110000, 0x00000000d1110000)
[13.230s][debug][gc,heap        ] GC(210)   from space 34944K,  99% used [0x00000000d1110000, 0x00000000d33265d0, 0x00000000d3330000)
[13.230s][debug][gc,heap        ] GC(210)   to   space 34944K,   0% used [0x00000000d3330000, 0x00000000d3330000, 0x00000000d5550000)
[13.230s][debug][gc,heap        ] GC(210)  tenured generation   total 699072K, used 334487K [0x00000000d5550000, 0x0000000100000000, 0x0000000100000000)
[13.230s][debug][gc,heap        ] GC(210)    the space 699072K,  47% used [0x00000000d5550000, 0x00000000e9bf5e68, 0x00000000e9bf6000, 0x0000000100000000)
[13.230s][debug][gc,heap        ] GC(210)  Metaspace       used 6360K, committed 6528K, reserved 1114112K
[13.230s][debug][gc,heap        ] GC(210)   class space    used 546K, committed 640K, reserved 1048576K
[13.257s][info ][gc,heap        ] GC(210) DefNew: 314521K(314560K)->34905K(314560K) Eden: 279616K(279616K)->0K(279616K) From: 34905K(34944K)->34905K(34944K)
[13.257s][info ][gc,heap        ] GC(210) Tenured: 334487K(699072K)->459807K(699072K)
[13.257s][info ][gc,metaspace   ] GC(210) Metaspace: 6360K(6528K)->6360K(6528K) NonClass: 5814K(5888K)->5814K(5888K) Class: 546K(640K)->546K(640K)
[13.257s][debug][gc,heap        ] GC(210) Heap after GC invocations=174 (full 37):
[13.257s][debug][gc,heap        ] GC(210)  def new generation   total 314560K, used 34905K [0x00000000c0000000, 0x00000000d5550000, 0x00000000d5550000)
[13.257s][debug][gc,heap        ] GC(210)   eden space 279616K,   0% used [0x00000000c0000000, 0x00000000c0000000, 0x00000000d1110000)
[13.257s][debug][gc,heap        ] GC(210)   from space 34944K,  99% used [0x00000000d3330000, 0x00000000d55465d0, 0x00000000d5550000)
[13.257s][debug][gc,heap        ] GC(210)   to   space 34944K,   0% used [0x00000000d1110000, 0x00000000d1110000, 0x00000000d3330000)
[13.257s][debug][gc,heap        ] GC(210)  tenured generation   total 699072K, used 459807K [0x00000000d5550000, 0x0000000100000000, 0x0000000100000000)
[13.257s][debug][gc,heap        ] GC(210)    the space 699072K,  65% used [0x00000000d5550000, 0x00000000f1657cb8, 0x00000000f1657e00, 0x0000000100000000)
[13.257s][debug][gc,heap        ] GC(210)  Metaspace       used 6360K, committed 6528K, reserved 1114112K
[13.257s][debug][gc,heap        ] GC(210)   class space    used 546K, committed 640K, reserved 1048576K
[13.257s][info ][gc             ] GC(210) Pause Young (Allocation Failure) 633M->483M(989M) 26.865ms
[13.257s][info ][gc,cpu         ] GC(210) User=0.02s Sys=0.00s Real=0.03s
[13.257s][info ][safepoint      ] Safepoint "GenCollectForAllocation", Time since last: 33016155 ns, Reaching safepoint: 3500 ns, Cleanup: 3600 ns, At safepoint: 26889645 ns, Total: 26896745 ns
[13.297s][info ][gc,start       ] GC(211) Pause Young (Allocation Failure)
[13.297s][debug][gc,heap        ] GC(211) Heap before GC invocations=174 (full 37):
[13.297s][debug][gc,heap        ] GC(211)  def new generation   total 314560K, used 314521K [0x00000000c0000000, 0x00000000d5550000, 0x00000000d5550000)
[13.297s][debug][gc,heap        ] GC(211)   eden space 279616K, 100% used [0x00000000c0000000, 0x00000000d1110000, 0x00000000d1110000)
[13.297s][debug][gc,heap        ] GC(211)   from space 34944K,  99% used [0x00000000d3330000, 0x00000000d55465d0, 0x00000000d5550000)
[13.297s][debug][gc,heap        ] GC(211)   to   space 34944K,   0% used [0x00000000d1110000, 0x00000000d1110000, 0x00000000d3330000)
[13.297s][debug][gc,heap        ] GC(211)  tenured generation   total 699072K, used 459807K [0x00000000d5550000, 0x0000000100000000, 0x0000000100000000)
[13.297s][debug][gc,heap        ] GC(211)    the space 699072K,  65% used [0x00000000d5550000, 0x00000000f1657cb8, 0x00000000f1657e00, 0x0000000100000000)
[13.297s][debug][gc,heap        ] GC(211)  Metaspace       used 6360K, committed 6528K, reserved 1114112K
[13.297s][debug][gc,heap        ] GC(211)   class space    used 546K, committed 640K, reserved 1048576K
[13.325s][info ][gc,heap        ] GC(211) DefNew: 314521K(314560K)->34905K(314560K) Eden: 279616K(279616K)->0K(279616K) From: 34905K(34944K)->34905K(34944K)
[13.325s][info ][gc,heap        ] GC(211) Tenured: 459807K(699072K)->585526K(699072K)
[13.325s][info ][gc,metaspace   ] GC(211) Metaspace: 6360K(6528K)->6360K(6528K) NonClass: 5814K(5888K)->5814K(5888K) Class: 546K(640K)->546K(640K)
[13.325s][debug][gc,heap        ] GC(211) Heap after GC invocations=175 (full 37):
[13.325s][debug][gc,heap        ] GC(211)  def new generation   total 314560K, used 34905K [0x00000000c0000000, 0x00000000d5550000, 0x00000000d5550000)
[13.325s][debug][gc,heap        ] GC(211)   eden space 279616K,   0% used [0x00000000c0000000, 0x00000000c0000000, 0x00000000d1110000)
[13.325s][debug][gc,heap        ] GC(211)   from space 34944K,  99% used [0x00000000d1110000, 0x00000000d33265d0, 0x00000000d3330000)
[13.325s][debug][gc,heap        ] GC(211)   to   space 34944K,   0% used [0x00000000d3330000, 0x00000000d3330000, 0x00000000d5550000)
[13.325s][debug][gc,heap        ] GC(211)  tenured generation   total 699072K, used 585526K [0x00000000d5550000, 0x0000000100000000, 0x0000000100000000)
[13.325s][debug][gc,heap        ] GC(211)    the space 699072K,  83% used [0x00000000d5550000, 0x00000000f911db48, 0x00000000f911dc00, 0x0000000100000000)
[13.325s][debug][gc,heap        ] GC(211)  Metaspace       used 6360K, committed 6528K, reserved 1114112K
[13.325s][debug][gc,heap        ] GC(211)   class space    used 546K, committed 640K, reserved 1048576K
[13.325s][info ][gc             ] GC(211) Pause Young (Allocation Failure) 756M->605M(989M) 27.511ms
[13.325s][info ][gc,cpu         ] GC(211) User=0.03s Sys=0.00s Real=0.03s
[13.325s][info ][safepoint      ] Safepoint "GenCollectForAllocation", Time since last: 40193166 ns, Reaching safepoint: 20600 ns, Cleanup: 6700 ns, At safepoint: 27575746 ns, Total: 27603046 ns
[13.358s][info ][gc,start       ] GC(212) Pause Young (Allocation Failure)
[13.358s][debug][gc,heap        ] GC(212) Heap before GC invocations=175 (full 37):
[13.358s][debug][gc,heap        ] GC(212)  def new generation   total 314560K, used 314521K [0x00000000c0000000, 0x00000000d5550000, 0x00000000d5550000)
[13.358s][debug][gc,heap        ] GC(212)   eden space 279616K, 100% used [0x00000000c0000000, 0x00000000d1110000, 0x00000000d1110000)
[13.358s][debug][gc,heap        ] GC(212)   from space 34944K,  99% used [0x00000000d1110000, 0x00000000d33265d0, 0x00000000d3330000)
[13.358s][debug][gc,heap        ] GC(212)   to   space 34944K,   0% used [0x00000000d3330000, 0x00000000d3330000, 0x00000000d5550000)
[13.358s][debug][gc,heap        ] GC(212)  tenured generation   total 699072K, used 585526K [0x00000000d5550000, 0x0000000100000000, 0x0000000100000000)
[13.358s][debug][gc,heap        ] GC(212)    the space 699072K,  83% used [0x00000000d5550000, 0x00000000f911db48, 0x00000000f911dc00, 0x0000000100000000)
[13.358s][debug][gc,heap        ] GC(212)  Metaspace       used 6360K, committed 6528K, reserved 1114112K
[13.358s][debug][gc,heap        ] GC(212)   class space    used 546K, committed 640K, reserved 1048576K
[13.358s][debug][gc,heap        ] GC(212) Heap after GC invocations=176 (full 37):
[13.358s][debug][gc,heap        ] GC(212)  def new generation   total 314560K, used 314521K [0x00000000c0000000, 0x00000000d5550000, 0x00000000d5550000)
[13.358s][debug][gc,heap        ] GC(212)   eden space 279616K, 100% used [0x00000000c0000000, 0x00000000d1110000, 0x00000000d1110000)
[13.358s][debug][gc,heap        ] GC(212)   from space 34944K,  99% used [0x00000000d1110000, 0x00000000d33265d0, 0x00000000d3330000)
[13.358s][debug][gc,heap        ] GC(212)   to   space 34944K,   0% used [0x00000000d3330000, 0x00000000d3330000, 0x00000000d5550000)
[13.358s][debug][gc,heap        ] GC(212)  tenured generation   total 699072K, used 585526K [0x00000000d5550000, 0x0000000100000000, 0x0000000100000000)
[13.358s][debug][gc,heap        ] GC(212)    the space 699072K,  83% used [0x00000000d5550000, 0x00000000f911db48, 0x00000000f911dc00, 0x0000000100000000)
[13.358s][debug][gc,heap        ] GC(212)  Metaspace       used 6360K, committed 6528K, reserved 1114112K
[13.358s][debug][gc,heap        ] GC(212)   class space    used 546K, committed 640K, reserved 1048576K
[13.358s][info ][gc             ] GC(212) Pause Young (Allocation Failure) 878M->878M(989M) 0.101ms
[13.358s][info ][gc,cpu         ] GC(212) User=0.00s Sys=0.00s Real=0.00s
[13.358s][info ][gc,start       ] GC(213) Pause Full (Allocation Failure)
[13.358s][debug][gc,heap        ] GC(213) Heap before GC invocations=176 (full 37):
[13.358s][debug][gc,heap        ] GC(213)  def new generation   total 314560K, used 314521K [0x00000000c0000000, 0x00000000d5550000, 0x00000000d5550000)
[13.358s][debug][gc,heap        ] GC(213)   eden space 279616K, 100% used [0x00000000c0000000, 0x00000000d1110000, 0x00000000d1110000)
[13.358s][debug][gc,heap        ] GC(213)   from space 34944K,  99% used [0x00000000d1110000, 0x00000000d33265d0, 0x00000000d3330000)
[13.358s][debug][gc,heap        ] GC(213)   to   space 34944K,   0% used [0x00000000d3330000, 0x00000000d3330000, 0x00000000d5550000)
[13.358s][debug][gc,heap        ] GC(213)  tenured generation   total 699072K, used 585526K [0x00000000d5550000, 0x0000000100000000, 0x0000000100000000)
[13.358s][debug][gc,heap        ] GC(213)    the space 699072K,  83% used [0x00000000d5550000, 0x00000000f911db48, 0x00000000f911dc00, 0x0000000100000000)
[13.358s][debug][gc,heap        ] GC(213)  Metaspace       used 6360K, committed 6528K, reserved 1114112K
[13.358s][debug][gc,heap        ] GC(213)   class space    used 546K, committed 640K, reserved 1048576K
[13.358s][info ][gc,phases,start] GC(213) Phase 1: Mark live objects
[13.359s][info ][gc,phases      ] GC(213) Phase 1: Mark live objects 1.003ms
[13.359s][info ][gc,phases,start] GC(213) Phase 2: Compute new object addresses
[13.360s][info ][gc,phases      ] GC(213) Phase 2: Compute new object addresses 1.229ms
[13.360s][info ][gc,phases,start] GC(213) Phase 3: Adjust pointers
[13.361s][info ][gc,phases      ] GC(213) Phase 3: Adjust pointers 0.680ms
[13.361s][info ][gc,phases,start] GC(213) Phase 4: Move objects
[13.394s][info ][gc,phases      ] GC(213) Phase 4: Move objects 33.378ms
[13.394s][info ][gc,heap        ] GC(213) DefNew: 314521K(314560K)->0K(314560K) Eden: 279616K(279616K)->0K(279616K) From: 34905K(34944K)->0K(34944K)
[13.394s][info ][gc,heap        ] GC(213) Tenured: 585526K(699072K)->200766K(699072K)
[13.394s][info ][gc,metaspace   ] GC(213) Metaspace: 6360K(6528K)->6360K(6528K) NonClass: 5814K(5888K)->5814K(5888K) Class: 546K(640K)->546K(640K)
[13.394s][debug][gc,heap        ] GC(213) Heap after GC invocations=176 (full 38):
[13.394s][debug][gc,heap        ] GC(213)  def new generation   total 314560K, used 0K [0x00000000c0000000, 0x00000000d5550000, 0x00000000d5550000)
[13.394s][debug][gc,heap        ] GC(213)   eden space 279616K,   0% used [0x00000000c0000000, 0x00000000c0000000, 0x00000000d1110000)
[13.395s][debug][gc,heap        ] GC(213)   from space 34944K,   0% used [0x00000000d1110000, 0x00000000d1110000, 0x00000000d3330000)
[13.395s][debug][gc,heap        ] GC(213)   to   space 34944K,   0% used [0x00000000d3330000, 0x00000000d3330000, 0x00000000d5550000)
[13.395s][debug][gc,heap        ] GC(213)  tenured generation   total 699072K, used 200766K [0x00000000d5550000, 0x0000000100000000, 0x0000000100000000)
[13.395s][debug][gc,heap        ] GC(213)    the space 699072K,  28% used [0x00000000d5550000, 0x00000000e195fad8, 0x00000000e195fc00, 0x0000000100000000)
[13.395s][debug][gc,heap        ] GC(213)  Metaspace       used 6360K, committed 6528K, reserved 1114112K
[13.395s][debug][gc,heap        ] GC(213)   class space    used 546K, committed 640K, reserved 1048576K
[13.395s][info ][gc             ] GC(213) Pause Full (Allocation Failure) 878M->196M(989M) 36.563ms
[13.395s][info ][gc,cpu         ] GC(213) User=0.04s Sys=0.00s Real=0.04s
[13.395s][info ][safepoint      ] Safepoint "GenCollectForAllocation", Time since last: 33213055 ns, Reaching safepoint: 3200 ns, Cleanup: 4000 ns, At safepoint: 36700461 ns, Total: 36707661 ns
[13.427s][info ][gc,start       ] GC(214) Pause Young (Allocation Failure)
[13.427s][debug][gc,heap        ] GC(214) Heap before GC invocations=176 (full 38):
[13.427s][debug][gc,heap        ] GC(214)  def new generation   total 314560K, used 279616K [0x00000000c0000000, 0x00000000d5550000, 0x00000000d5550000)
[13.427s][debug][gc,heap        ] GC(214)   eden space 279616K, 100% used [0x00000000c0000000, 0x00000000d1110000, 0x00000000d1110000)
[13.427s][debug][gc,heap        ] GC(214)   from space 34944K,   0% used [0x00000000d1110000, 0x00000000d1110000, 0x00000000d3330000)
[13.427s][debug][gc,heap        ] GC(214)   to   space 34944K,   0% used [0x00000000d3330000, 0x00000000d3330000, 0x00000000d5550000)
[13.427s][debug][gc,heap        ] GC(214)  tenured generation   total 699072K, used 200766K [0x00000000d5550000, 0x0000000100000000, 0x0000000100000000)
[13.427s][debug][gc,heap        ] GC(214)    the space 699072K,  28% used [0x00000000d5550000, 0x00000000e195fad8, 0x00000000e195fc00, 0x0000000100000000)
[13.427s][debug][gc,heap        ] GC(214)  Metaspace       used 6360K, committed 6528K, reserved 1114112K
[13.427s][debug][gc,heap        ] GC(214)   class space    used 546K, committed 640K, reserved 1048576K
[13.452s][info ][gc,heap        ] GC(214) DefNew: 279616K(314560K)->34905K(314560K) Eden: 279616K(279616K)->0K(279616K) From: 0K(34944K)->34905K(34944K)
[13.452s][info ][gc,heap        ] GC(214) Tenured: 200766K(699072K)->315484K(699072K)
[13.452s][info ][gc,metaspace   ] GC(214) Metaspace: 6360K(6528K)->6360K(6528K) NonClass: 5814K(5888K)->5814K(5888K) Class: 546K(640K)->546K(640K)
[13.452s][debug][gc,heap        ] GC(214) Heap after GC invocations=177 (full 38):
[13.452s][debug][gc,heap        ] GC(214)  def new generation   total 314560K, used 34905K [0x00000000c0000000, 0x00000000d5550000, 0x00000000d5550000)
[13.452s][debug][gc,heap        ] GC(214)   eden space 279616K,   0% used [0x00000000c0000000, 0x00000000c0000000, 0x00000000d1110000)
[13.452s][debug][gc,heap        ] GC(214)   from space 34944K,  99% used [0x00000000d3330000, 0x00000000d55465d0, 0x00000000d5550000)
[13.452s][debug][gc,heap        ] GC(214)   to   space 34944K,   0% used [0x00000000d1110000, 0x00000000d1110000, 0x00000000d3330000)
[13.452s][debug][gc,heap        ] GC(214)  tenured generation   total 699072K, used 315484K [0x00000000d5550000, 0x0000000100000000, 0x0000000100000000)
[13.452s][debug][gc,heap        ] GC(214)    the space 699072K,  45% used [0x00000000d5550000, 0x00000000e8967288, 0x00000000e8967400, 0x0000000100000000)
[13.452s][debug][gc,heap        ] GC(214)  Metaspace       used 6360K, committed 6528K, reserved 1114112K
[13.452s][debug][gc,heap        ] GC(214)   class space    used 546K, committed 640K, reserved 1048576K
[13.452s][info ][gc             ] GC(214) Pause Young (Allocation Failure) 469M->342M(989M) 24.947ms
[13.452s][info ][gc,cpu         ] GC(214) User=0.03s Sys=0.00s Real=0.03s
[13.452s][info ][safepoint      ] Safepoint "GenCollectForAllocation", Time since last: 32520655 ns, Reaching safepoint: 3600 ns, Cleanup: 4300 ns, At safepoint: 24973641 ns, Total: 24981541 ns
[13.485s][info ][gc,start       ] GC(215) Pause Young (Allocation Failure)
[13.485s][debug][gc,heap        ] GC(215) Heap before GC invocations=177 (full 38):
[13.485s][debug][gc,heap        ] GC(215)  def new generation   total 314560K, used 314521K [0x00000000c0000000, 0x00000000d5550000, 0x00000000d5550000)
[13.485s][debug][gc,heap        ] GC(215)   eden space 279616K, 100% used [0x00000000c0000000, 0x00000000d1110000, 0x00000000d1110000)
[13.485s][debug][gc,heap        ] GC(215)   from space 34944K,  99% used [0x00000000d3330000, 0x00000000d55465d0, 0x00000000d5550000)
[13.485s][debug][gc,heap        ] GC(215)   to   space 34944K,   0% used [0x00000000d1110000, 0x00000000d1110000, 0x00000000d3330000)
[13.485s][debug][gc,heap        ] GC(215)  tenured generation   total 699072K, used 315484K [0x00000000d5550000, 0x0000000100000000, 0x0000000100000000)
[13.485s][debug][gc,heap        ] GC(215)    the space 699072K,  45% used [0x00000000d5550000, 0x00000000e8967288, 0x00000000e8967400, 0x0000000100000000)
[13.485s][debug][gc,heap        ] GC(215)  Metaspace       used 6360K, committed 6528K, reserved 1114112K
[13.485s][debug][gc,heap        ] GC(215)   class space    used 546K, committed 640K, reserved 1048576K
[13.513s][info ][gc,heap        ] GC(215) DefNew: 314521K(314560K)->34905K(314560K) Eden: 279616K(279616K)->0K(279616K) From: 34905K(34944K)->34905K(34944K)
[13.513s][info ][gc,heap        ] GC(215) Tenured: 315484K(699072K)->441404K(699072K)
[13.513s][info ][gc,metaspace   ] GC(215) Metaspace: 6360K(6528K)->6360K(6528K) NonClass: 5814K(5888K)->5814K(5888K) Class: 546K(640K)->546K(640K)
[13.513s][debug][gc,heap        ] GC(215) Heap after GC invocations=178 (full 38):
[13.513s][debug][gc,heap        ] GC(215)  def new generation   total 314560K, used 34905K [0x00000000c0000000, 0x00000000d5550000, 0x00000000d5550000)
[13.513s][debug][gc,heap        ] GC(215)   eden space 279616K,   0% used [0x00000000c0000000, 0x00000000c0000000, 0x00000000d1110000)
[13.513s][debug][gc,heap        ] GC(215)   from space 34944K,  99% used [0x00000000d1110000, 0x00000000d33265d0, 0x00000000d3330000)
[13.513s][debug][gc,heap        ] GC(215)   to   space 34944K,   0% used [0x00000000d3330000, 0x00000000d3330000, 0x00000000d5550000)
[13.513s][debug][gc,heap        ] GC(215)  tenured generation   total 699072K, used 441404K [0x00000000d5550000, 0x0000000100000000, 0x0000000100000000)
[13.513s][debug][gc,heap        ] GC(215)    the space 699072K,  63% used [0x00000000d5550000, 0x00000000f045f138, 0x00000000f045f200, 0x0000000100000000)
[13.513s][debug][gc,heap        ] GC(215)  Metaspace       used 6360K, committed 6528K, reserved 1114112K
[13.513s][debug][gc,heap        ] GC(215)   class space    used 546K, committed 640K, reserved 1048576K
[13.513s][info ][gc             ] GC(215) Pause Young (Allocation Failure) 615M->465M(989M) 28.132ms
[13.513s][info ][gc,cpu         ] GC(215) User=0.03s Sys=0.00s Real=0.03s
[13.513s][info ][safepoint      ] Safepoint "GenCollectForAllocation", Time since last: 32635154 ns, Reaching safepoint: 3200 ns, Cleanup: 3600 ns, At safepoint: 28155647 ns, Total: 28162447 ns
[13.545s][info ][gc,start       ] GC(216) Pause Young (Allocation Failure)
[13.545s][debug][gc,heap        ] GC(216) Heap before GC invocations=178 (full 38):
[13.545s][debug][gc,heap        ] GC(216)  def new generation   total 314560K, used 314521K [0x00000000c0000000, 0x00000000d5550000, 0x00000000d5550000)
[13.545s][debug][gc,heap        ] GC(216)   eden space 279616K, 100% used [0x00000000c0000000, 0x00000000d1110000, 0x00000000d1110000)
[13.545s][debug][gc,heap        ] GC(216)   from space 34944K,  99% used [0x00000000d1110000, 0x00000000d33265d0, 0x00000000d3330000)
[13.545s][debug][gc,heap        ] GC(216)   to   space 34944K,   0% used [0x00000000d3330000, 0x00000000d3330000, 0x00000000d5550000)
[13.545s][debug][gc,heap        ] GC(216)  tenured generation   total 699072K, used 441404K [0x00000000d5550000, 0x0000000100000000, 0x0000000100000000)
[13.545s][debug][gc,heap        ] GC(216)    the space 699072K,  63% used [0x00000000d5550000, 0x00000000f045f138, 0x00000000f045f200, 0x0000000100000000)
[13.545s][debug][gc,heap        ] GC(216)  Metaspace       used 6360K, committed 6528K, reserved 1114112K
[13.545s][debug][gc,heap        ] GC(216)   class space    used 546K, committed 640K, reserved 1048576K
[13.570s][info ][gc,heap        ] GC(216) DefNew: 314521K(314560K)->34905K(314560K) Eden: 279616K(279616K)->0K(279616K) From: 34905K(34944K)->34905K(34944K)
[13.570s][info ][gc,heap        ] GC(216) Tenured: 441404K(699072K)->563923K(699072K)
[13.570s][info ][gc,metaspace   ] GC(216) Metaspace: 6360K(6528K)->6360K(6528K) NonClass: 5814K(5888K)->5814K(5888K) Class: 546K(640K)->546K(640K)
[13.570s][debug][gc,heap        ] GC(216) Heap after GC invocations=179 (full 38):
[13.570s][debug][gc,heap        ] GC(216)  def new generation   total 314560K, used 34905K [0x00000000c0000000, 0x00000000d5550000, 0x00000000d5550000)
[13.570s][debug][gc,heap        ] GC(216)   eden space 279616K,   0% used [0x00000000c0000000, 0x00000000c0000000, 0x00000000d1110000)
[13.570s][debug][gc,heap        ] GC(216)   from space 34944K,  99% used [0x00000000d3330000, 0x00000000d55465d0, 0x00000000d5550000)
[13.570s][debug][gc,heap        ] GC(216)   to   space 34944K,   0% used [0x00000000d1110000, 0x00000000d1110000, 0x00000000d3330000)
[13.570s][debug][gc,heap        ] GC(216)  tenured generation   total 699072K, used 563923K [0x00000000d5550000, 0x0000000100000000, 0x0000000100000000)
[13.570s][debug][gc,heap        ] GC(216)    the space 699072K,  80% used [0x00000000d5550000, 0x00000000f7c04dc8, 0x00000000f7c04e00, 0x0000000100000000)
[13.570s][debug][gc,heap        ] GC(216)  Metaspace       used 6360K, committed 6528K, reserved 1114112K
[13.570s][debug][gc,heap        ] GC(216)   class space    used 546K, committed 640K, reserved 1048576K
[13.571s][info ][gc             ] GC(216) Pause Young (Allocation Failure) 738M->584M(989M) 25.503ms
[13.571s][info ][gc,cpu         ] GC(216) User=0.03s Sys=0.00s Real=0.03s
[13.571s][info ][safepoint      ] Safepoint "GenCollectForAllocation", Time since last: 32143754 ns, Reaching safepoint: 2800 ns, Cleanup: 3300 ns, At safepoint: 25645542 ns, Total: 25651642 ns
[13.602s][info ][gc,start       ] GC(217) Pause Young (Allocation Failure)
[13.602s][debug][gc,heap        ] GC(217) Heap before GC invocations=179 (full 38):
[13.602s][debug][gc,heap        ] GC(217)  def new generation   total 314560K, used 314521K [0x00000000c0000000, 0x00000000d5550000, 0x00000000d5550000)
[13.602s][debug][gc,heap        ] GC(217)   eden space 279616K, 100% used [0x00000000c0000000, 0x00000000d1110000, 0x00000000d1110000)
[13.602s][debug][gc,heap        ] GC(217)   from space 34944K,  99% used [0x00000000d3330000, 0x00000000d55465d0, 0x00000000d5550000)
[13.602s][debug][gc,heap        ] GC(217)   to   space 34944K,   0% used [0x00000000d1110000, 0x00000000d1110000, 0x00000000d3330000)
[13.602s][debug][gc,heap        ] GC(217)  tenured generation   total 699072K, used 563923K [0x00000000d5550000, 0x0000000100000000, 0x0000000100000000)
[13.602s][debug][gc,heap        ] GC(217)    the space 699072K,  80% used [0x00000000d5550000, 0x00000000f7c04dc8, 0x00000000f7c04e00, 0x0000000100000000)
[13.602s][debug][gc,heap        ] GC(217)  Metaspace       used 6360K, committed 6528K, reserved 1114112K
[13.602s][debug][gc,heap        ] GC(217)   class space    used 546K, committed 640K, reserved 1048576K
[13.602s][debug][gc,heap        ] GC(217) Heap after GC invocations=180 (full 38):
[13.602s][debug][gc,heap        ] GC(217)  def new generation   total 314560K, used 314521K [0x00000000c0000000, 0x00000000d5550000, 0x00000000d5550000)
[13.602s][debug][gc,heap        ] GC(217)   eden space 279616K, 100% used [0x00000000c0000000, 0x00000000d1110000, 0x00000000d1110000)
[13.602s][debug][gc,heap        ] GC(217)   from space 34944K,  99% used [0x00000000d3330000, 0x00000000d55465d0, 0x00000000d5550000)
[13.602s][debug][gc,heap        ] GC(217)   to   space 34944K,   0% used [0x00000000d1110000, 0x00000000d1110000, 0x00000000d3330000)
[13.603s][debug][gc,heap        ] GC(217)  tenured generation   total 699072K, used 563923K [0x00000000d5550000, 0x0000000100000000, 0x0000000100000000)
[13.603s][debug][gc,heap        ] GC(217)    the space 699072K,  80% used [0x00000000d5550000, 0x00000000f7c04dc8, 0x00000000f7c04e00, 0x0000000100000000)
[13.603s][debug][gc,heap        ] GC(217)  Metaspace       used 6360K, committed 6528K, reserved 1114112K
[13.603s][debug][gc,heap        ] GC(217)   class space    used 546K, committed 640K, reserved 1048576K
[13.603s][info ][gc             ] GC(217) Pause Young (Allocation Failure) 857M->857M(989M) 0.091ms
[13.603s][info ][gc,cpu         ] GC(217) User=0.00s Sys=0.00s Real=0.00s
[13.603s][info ][gc,start       ] GC(218) Pause Full (Allocation Failure)
[13.603s][debug][gc,heap        ] GC(218) Heap before GC invocations=180 (full 38):
[13.603s][debug][gc,heap        ] GC(218)  def new generation   total 314560K, used 314521K [0x00000000c0000000, 0x00000000d5550000, 0x00000000d5550000)
[13.603s][debug][gc,heap        ] GC(218)   eden space 279616K, 100% used [0x00000000c0000000, 0x00000000d1110000, 0x00000000d1110000)
[13.603s][debug][gc,heap        ] GC(218)   from space 34944K,  99% used [0x00000000d3330000, 0x00000000d55465d0, 0x00000000d5550000)
[13.603s][debug][gc,heap        ] GC(218)   to   space 34944K,   0% used [0x00000000d1110000, 0x00000000d1110000, 0x00000000d3330000)
[13.603s][debug][gc,heap        ] GC(218)  tenured generation   total 699072K, used 563923K [0x00000000d5550000, 0x0000000100000000, 0x0000000100000000)
[13.603s][debug][gc,heap        ] GC(218)    the space 699072K,  80% used [0x00000000d5550000, 0x00000000f7c04dc8, 0x00000000f7c04e00, 0x0000000100000000)
[13.603s][debug][gc,heap        ] GC(218)  Metaspace       used 6360K, committed 6528K, reserved 1114112K
[13.603s][debug][gc,heap        ] GC(218)   class space    used 546K, committed 640K, reserved 1048576K
[13.603s][info ][gc,phases,start] GC(218) Phase 1: Mark live objects
[13.603s][info ][gc,phases      ] GC(218) Phase 1: Mark live objects 0.933ms
[13.603s][info ][gc,phases,start] GC(218) Phase 2: Compute new object addresses
[13.605s][info ][gc,phases      ] GC(218) Phase 2: Compute new object addresses 1.226ms
[13.605s][info ][gc,phases,start] GC(218) Phase 3: Adjust pointers
[13.605s][info ][gc,phases      ] GC(218) Phase 3: Adjust pointers 0.603ms
[13.605s][info ][gc,phases,start] GC(218) Phase 4: Move objects
[13.640s][info ][gc,phases      ] GC(218) Phase 4: Move objects 34.478ms
[13.640s][info ][gc,heap        ] GC(218) DefNew: 314521K(314560K)->0K(314560K) Eden: 279616K(279616K)->0K(279616K) From: 34905K(34944K)->0K(34944K)
[13.640s][info ][gc,heap        ] GC(218) Tenured: 563923K(699072K)->210568K(699072K)
[13.640s][info ][gc,metaspace   ] GC(218) Metaspace: 6360K(6528K)->6360K(6528K) NonClass: 5814K(5888K)->5814K(5888K) Class: 546K(640K)->546K(640K)
[13.640s][debug][gc,heap        ] GC(218) Heap after GC invocations=180 (full 39):
[13.640s][debug][gc,heap        ] GC(218)  def new generation   total 314560K, used 0K [0x00000000c0000000, 0x00000000d5550000, 0x00000000d5550000)
[13.640s][debug][gc,heap        ] GC(218)   eden space 279616K,   0% used [0x00000000c0000000, 0x00000000c0000000, 0x00000000d1110000)
[13.640s][debug][gc,heap        ] GC(218)   from space 34944K,   0% used [0x00000000d3330000, 0x00000000d3330000, 0x00000000d5550000)
[13.640s][debug][gc,heap        ] GC(218)   to   space 34944K,   0% used [0x00000000d1110000, 0x00000000d1110000, 0x00000000d3330000)
[13.640s][debug][gc,heap        ] GC(218)  tenured generation   total 699072K, used 210568K [0x00000000d5550000, 0x0000000100000000, 0x0000000100000000)
[13.640s][debug][gc,heap        ] GC(218)    the space 699072K,  30% used [0x00000000d5550000, 0x00000000e22f20f8, 0x00000000e22f2200, 0x0000000100000000)
[13.640s][debug][gc,heap        ] GC(218)  Metaspace       used 6360K, committed 6528K, reserved 1114112K
[13.640s][debug][gc,heap        ] GC(218)   class space    used 546K, committed 640K, reserved 1048576K
[13.640s][info ][gc             ] GC(218) Pause Full (Allocation Failure) 857M->205M(989M) 37.478ms
[13.640s][info ][gc,cpu         ] GC(218) User=0.04s Sys=0.00s Real=0.03s
[13.640s][info ][safepoint      ] Safepoint "GenCollectForAllocation", Time since last: 31775553 ns, Reaching safepoint: 2800 ns, Cleanup: 3500 ns, At safepoint: 37602263 ns, Total: 37608563 ns
[13.672s][info ][gc,start       ] GC(219) Pause Young (Allocation Failure)
[13.672s][debug][gc,heap        ] GC(219) Heap before GC invocations=180 (full 39):
[13.672s][debug][gc,heap        ] GC(219)  def new generation   total 314560K, used 279616K [0x00000000c0000000, 0x00000000d5550000, 0x00000000d5550000)
[13.672s][debug][gc,heap        ] GC(219)   eden space 279616K, 100% used [0x00000000c0000000, 0x00000000d1110000, 0x00000000d1110000)
[13.672s][debug][gc,heap        ] GC(219)   from space 34944K,   0% used [0x00000000d3330000, 0x00000000d3330000, 0x00000000d5550000)
[13.672s][debug][gc,heap        ] GC(219)   to   space 34944K,   0% used [0x00000000d1110000, 0x00000000d1110000, 0x00000000d3330000)
[13.672s][debug][gc,heap        ] GC(219)  tenured generation   total 699072K, used 210568K [0x00000000d5550000, 0x0000000100000000, 0x0000000100000000)
[13.672s][debug][gc,heap        ] GC(219)    the space 699072K,  30% used [0x00000000d5550000, 0x00000000e22f20f8, 0x00000000e22f2200, 0x0000000100000000)
[13.672s][debug][gc,heap        ] GC(219)  Metaspace       used 6360K, committed 6528K, reserved 1114112K
[13.672s][debug][gc,heap        ] GC(219)   class space    used 546K, committed 640K, reserved 1048576K
[13.696s][info ][gc,heap        ] GC(219) DefNew: 279616K(314560K)->34905K(314560K) Eden: 279616K(279616K)->0K(279616K) From: 0K(34944K)->34905K(34944K)
[13.696s][info ][gc,heap        ] GC(219) Tenured: 210568K(699072K)->324085K(699072K)
[13.696s][info ][gc,metaspace   ] GC(219) Metaspace: 6360K(6528K)->6360K(6528K) NonClass: 5814K(5888K)->5814K(5888K) Class: 546K(640K)->546K(640K)
[13.696s][debug][gc,heap        ] GC(219) Heap after GC invocations=181 (full 39):
[13.696s][debug][gc,heap        ] GC(219)  def new generation   total 314560K, used 34905K [0x00000000c0000000, 0x00000000d5550000, 0x00000000d5550000)
[13.696s][debug][gc,heap        ] GC(219)   eden space 279616K,   0% used [0x00000000c0000000, 0x00000000c0000000, 0x00000000d1110000)
[13.696s][debug][gc,heap        ] GC(219)   from space 34944K,  99% used [0x00000000d1110000, 0x00000000d33265d0, 0x00000000d3330000)
[13.696s][debug][gc,heap        ] GC(219)   to   space 34944K,   0% used [0x00000000d3330000, 0x00000000d3330000, 0x00000000d5550000)
[13.696s][debug][gc,heap        ] GC(219)  tenured generation   total 699072K, used 324085K [0x00000000d5550000, 0x0000000100000000, 0x0000000100000000)
[13.696s][debug][gc,heap        ] GC(219)    the space 699072K,  46% used [0x00000000d5550000, 0x00000000e91cd7e8, 0x00000000e91cd800, 0x0000000100000000)
[13.696s][debug][gc,heap        ] GC(219)  Metaspace       used 6360K, committed 6528K, reserved 1114112K
[13.696s][debug][gc,heap        ] GC(219)   class space    used 546K, committed 640K, reserved 1048576K
[13.696s][info ][gc             ] GC(219) Pause Young (Allocation Failure) 478M->350M(989M) 23.849ms
[13.696s][info ][gc,cpu         ] GC(219) User=0.02s Sys=0.00s Real=0.02s
[13.696s][info ][safepoint      ] Safepoint "GenCollectForAllocation", Time since last: 31837653 ns, Reaching safepoint: 2800 ns, Cleanup: 3800 ns, At safepoint: 23871839 ns, Total: 23878439 ns
[13.728s][info ][gc,start       ] GC(220) Pause Young (Allocation Failure)
[13.728s][debug][gc,heap        ] GC(220) Heap before GC invocations=181 (full 39):
[13.728s][debug][gc,heap        ] GC(220)  def new generation   total 314560K, used 314521K [0x00000000c0000000, 0x00000000d5550000, 0x00000000d5550000)
[13.728s][debug][gc,heap        ] GC(220)   eden space 279616K, 100% used [0x00000000c0000000, 0x00000000d1110000, 0x00000000d1110000)
[13.729s][debug][gc,heap        ] GC(220)   from space 34944K,  99% used [0x00000000d1110000, 0x00000000d33265d0, 0x00000000d3330000)
[13.729s][debug][gc,heap        ] GC(220)   to   space 34944K,   0% used [0x00000000d3330000, 0x00000000d3330000, 0x00000000d5550000)
[13.729s][debug][gc,heap        ] GC(220)  tenured generation   total 699072K, used 324085K [0x00000000d5550000, 0x0000000100000000, 0x0000000100000000)
[13.729s][debug][gc,heap        ] GC(220)    the space 699072K,  46% used [0x00000000d5550000, 0x00000000e91cd7e8, 0x00000000e91cd800, 0x0000000100000000)
[13.729s][debug][gc,heap        ] GC(220)  Metaspace       used 6360K, committed 6528K, reserved 1114112K
[13.729s][debug][gc,heap        ] GC(220)   class space    used 546K, committed 640K, reserved 1048576K
[13.753s][info ][gc,heap        ] GC(220) DefNew: 314521K(314560K)->34905K(314560K) Eden: 279616K(279616K)->0K(279616K) From: 34905K(34944K)->34905K(34944K)
[13.753s][info ][gc,heap        ] GC(220) Tenured: 324085K(699072K)->446405K(699072K)
[13.753s][info ][gc,metaspace   ] GC(220) Metaspace: 6360K(6528K)->6360K(6528K) NonClass: 5814K(5888K)->5814K(5888K) Class: 546K(640K)->546K(640K)
[13.753s][debug][gc,heap        ] GC(220) Heap after GC invocations=182 (full 39):
[13.753s][debug][gc,heap        ] GC(220)  def new generation   total 314560K, used 34905K [0x00000000c0000000, 0x00000000d5550000, 0x00000000d5550000)
[13.753s][debug][gc,heap        ] GC(220)   eden space 279616K,   0% used [0x00000000c0000000, 0x00000000c0000000, 0x00000000d1110000)
[13.753s][debug][gc,heap        ] GC(220)   from space 34944K,  99% used [0x00000000d3330000, 0x00000000d55465d0, 0x00000000d5550000)
[13.753s][debug][gc,heap        ] GC(220)   to   space 34944K,   0% used [0x00000000d1110000, 0x00000000d1110000, 0x00000000d3330000)
[13.753s][debug][gc,heap        ] GC(220)  tenured generation   total 699072K, used 446405K [0x00000000d5550000, 0x0000000100000000, 0x0000000100000000)
[13.753s][debug][gc,heap        ] GC(220)    the space 699072K,  63% used [0x00000000d5550000, 0x00000000f0941458, 0x00000000f0941600, 0x0000000100000000)
[13.753s][debug][gc,heap        ] GC(220)  Metaspace       used 6360K, committed 6528K, reserved 1114112K
[13.753s][debug][gc,heap        ] GC(220)   class space    used 546K, committed 640K, reserved 1048576K
[13.753s][info ][gc             ] GC(220) Pause Young (Allocation Failure) 623M->470M(989M) 25.042ms
[13.754s][info ][gc,cpu         ] GC(220) User=0.03s Sys=0.00s Real=0.03s
[13.754s][info ][safepoint      ] Safepoint "GenCollectForAllocation", Time since last: 32703655 ns, Reaching safepoint: 2900 ns, Cleanup: 4000 ns, At safepoint: 25066041 ns, Total: 25072941 ns
[13.789s][info ][gc,start       ] GC(221) Pause Young (Allocation Failure)
[13.789s][debug][gc,heap        ] GC(221) Heap before GC invocations=182 (full 39):
[13.789s][debug][gc,heap        ] GC(221)  def new generation   total 314560K, used 314521K [0x00000000c0000000, 0x00000000d5550000, 0x00000000d5550000)
[13.789s][debug][gc,heap        ] GC(221)   eden space 279616K, 100% used [0x00000000c0000000, 0x00000000d1110000, 0x00000000d1110000)
[13.789s][debug][gc,heap        ] GC(221)   from space 34944K,  99% used [0x00000000d3330000, 0x00000000d55465d0, 0x00000000d5550000)
[13.789s][debug][gc,heap        ] GC(221)   to   space 34944K,   0% used [0x00000000d1110000, 0x00000000d1110000, 0x00000000d3330000)
[13.789s][debug][gc,heap        ] GC(221)  tenured generation   total 699072K, used 446405K [0x00000000d5550000, 0x0000000100000000, 0x0000000100000000)
[13.789s][debug][gc,heap        ] GC(221)    the space 699072K,  63% used [0x00000000d5550000, 0x00000000f0941458, 0x00000000f0941600, 0x0000000100000000)
[13.789s][debug][gc,heap        ] GC(221)  Metaspace       used 6360K, committed 6528K, reserved 1114112K
[13.789s][debug][gc,heap        ] GC(221)   class space    used 546K, committed 640K, reserved 1048576K
[13.815s][info ][gc,heap        ] GC(221) DefNew: 314521K(314560K)->34905K(314560K) Eden: 279616K(279616K)->0K(279616K) From: 34905K(34944K)->34905K(34944K)
[13.816s][info ][gc,heap        ] GC(221) Tenured: 446405K(699072K)->570224K(699072K)
[13.816s][info ][gc,metaspace   ] GC(221) Metaspace: 6360K(6528K)->6360K(6528K) NonClass: 5814K(5888K)->5814K(5888K) Class: 546K(640K)->546K(640K)
[13.816s][debug][gc,heap        ] GC(221) Heap after GC invocations=183 (full 39):
[13.816s][debug][gc,heap        ] GC(221)  def new generation   total 314560K, used 34905K [0x00000000c0000000, 0x00000000d5550000, 0x00000000d5550000)
[13.816s][debug][gc,heap        ] GC(221)   eden space 279616K,   0% used [0x00000000c0000000, 0x00000000c0000000, 0x00000000d1110000)
[13.816s][debug][gc,heap        ] GC(221)   from space 34944K,  99% used [0x00000000d1110000, 0x00000000d33265d0, 0x00000000d3330000)
[13.816s][debug][gc,heap        ] GC(221)   to   space 34944K,   0% used [0x00000000d3330000, 0x00000000d3330000, 0x00000000d5550000)
[13.816s][debug][gc,heap        ] GC(221)  tenured generation   total 699072K, used 570224K [0x00000000d5550000, 0x0000000100000000, 0x0000000100000000)
[13.816s][debug][gc,heap        ] GC(221)    the space 699072K,  81% used [0x00000000d5550000, 0x00000000f822c1b8, 0x00000000f822c200, 0x0000000100000000)
[13.816s][debug][gc,heap        ] GC(221)  Metaspace       used 6360K, committed 6528K, reserved 1114112K
[13.816s][debug][gc,heap        ] GC(221)   class space    used 546K, committed 640K, reserved 1048576K
[13.816s][info ][gc             ] GC(221) Pause Young (Allocation Failure) 743M->590M(989M) 26.506ms
[13.816s][info ][gc,cpu         ] GC(221) User=0.03s Sys=0.00s Real=0.03s
[13.816s][info ][safepoint      ] Safepoint "GenCollectForAllocation", Time since last: 35549059 ns, Reaching safepoint: 3600 ns, Cleanup: 4300 ns, At safepoint: 26533845 ns, Total: 26541745 ns
[13.848s][info ][gc,start       ] GC(222) Pause Young (Allocation Failure)
[13.848s][debug][gc,heap        ] GC(222) Heap before GC invocations=183 (full 39):
[13.848s][debug][gc,heap        ] GC(222)  def new generation   total 314560K, used 314521K [0x00000000c0000000, 0x00000000d5550000, 0x00000000d5550000)
[13.848s][debug][gc,heap        ] GC(222)   eden space 279616K, 100% used [0x00000000c0000000, 0x00000000d1110000, 0x00000000d1110000)
[13.848s][debug][gc,heap        ] GC(222)   from space 34944K,  99% used [0x00000000d1110000, 0x00000000d33265d0, 0x00000000d3330000)
[13.848s][debug][gc,heap        ] GC(222)   to   space 34944K,   0% used [0x00000000d3330000, 0x00000000d3330000, 0x00000000d5550000)
[13.848s][debug][gc,heap        ] GC(222)  tenured generation   total 699072K, used 570224K [0x00000000d5550000, 0x0000000100000000, 0x0000000100000000)
[13.848s][debug][gc,heap        ] GC(222)    the space 699072K,  81% used [0x00000000d5550000, 0x00000000f822c1b8, 0x00000000f822c200, 0x0000000100000000)
[13.848s][debug][gc,heap        ] GC(222)  Metaspace       used 6360K, committed 6528K, reserved 1114112K
[13.848s][debug][gc,heap        ] GC(222)   class space    used 546K, committed 640K, reserved 1048576K
[13.848s][debug][gc,heap        ] GC(222) Heap after GC invocations=184 (full 39):
[13.848s][debug][gc,heap        ] GC(222)  def new generation   total 314560K, used 314521K [0x00000000c0000000, 0x00000000d5550000, 0x00000000d5550000)
[13.848s][debug][gc,heap        ] GC(222)   eden space 279616K, 100% used [0x00000000c0000000, 0x00000000d1110000, 0x00000000d1110000)
[13.848s][debug][gc,heap        ] GC(222)   from space 34944K,  99% used [0x00000000d1110000, 0x00000000d33265d0, 0x00000000d3330000)
[13.848s][debug][gc,heap        ] GC(222)   to   space 34944K,   0% used [0x00000000d3330000, 0x00000000d3330000, 0x00000000d5550000)
[13.848s][debug][gc,heap        ] GC(222)  tenured generation   total 699072K, used 570224K [0x00000000d5550000, 0x0000000100000000, 0x0000000100000000)
[13.848s][debug][gc,heap        ] GC(222)    the space 699072K,  81% used [0x00000000d5550000, 0x00000000f822c1b8, 0x00000000f822c200, 0x0000000100000000)
[13.848s][debug][gc,heap        ] GC(222)  Metaspace       used 6360K, committed 6528K, reserved 1114112K
[13.848s][debug][gc,heap        ] GC(222)   class space    used 546K, committed 640K, reserved 1048576K
[13.848s][info ][gc             ] GC(222) Pause Young (Allocation Failure) 864M->864M(989M) 0.103ms
[13.848s][info ][gc,cpu         ] GC(222) User=0.00s Sys=0.00s Real=0.00s
[13.848s][info ][gc,start       ] GC(223) Pause Full (Allocation Failure)
[13.848s][debug][gc,heap        ] GC(223) Heap before GC invocations=184 (full 39):
[13.848s][debug][gc,heap        ] GC(223)  def new generation   total 314560K, used 314521K [0x00000000c0000000, 0x00000000d5550000, 0x00000000d5550000)
[13.848s][debug][gc,heap        ] GC(223)   eden space 279616K, 100% used [0x00000000c0000000, 0x00000000d1110000, 0x00000000d1110000)
[13.848s][debug][gc,heap        ] GC(223)   from space 34944K,  99% used [0x00000000d1110000, 0x00000000d33265d0, 0x00000000d3330000)
[13.848s][debug][gc,heap        ] GC(223)   to   space 34944K,   0% used [0x00000000d3330000, 0x00000000d3330000, 0x00000000d5550000)
[13.848s][debug][gc,heap        ] GC(223)  tenured generation   total 699072K, used 570224K [0x00000000d5550000, 0x0000000100000000, 0x0000000100000000)
[13.848s][debug][gc,heap        ] GC(223)    the space 699072K,  81% used [0x00000000d5550000, 0x00000000f822c1b8, 0x00000000f822c200, 0x0000000100000000)
[13.848s][debug][gc,heap        ] GC(223)  Metaspace       used 6360K, committed 6528K, reserved 1114112K
[13.848s][debug][gc,heap        ] GC(223)   class space    used 546K, committed 640K, reserved 1048576K
[13.848s][info ][gc,phases,start] GC(223) Phase 1: Mark live objects
[13.849s][info ][gc,phases      ] GC(223) Phase 1: Mark live objects 0.907ms
[13.849s][info ][gc,phases,start] GC(223) Phase 2: Compute new object addresses
[13.851s][info ][gc,phases      ] GC(223) Phase 2: Compute new object addresses 1.249ms
[13.851s][info ][gc,phases,start] GC(223) Phase 3: Adjust pointers
[13.851s][info ][gc,phases      ] GC(223) Phase 3: Adjust pointers 0.603ms
[13.851s][info ][gc,phases,start] GC(223) Phase 4: Move objects
[13.882s][info ][gc,phases      ] GC(223) Phase 4: Move objects 30.910ms
[13.882s][info ][gc,heap        ] GC(223) DefNew: 314521K(314560K)->0K(314560K) Eden: 279616K(279616K)->0K(279616K) From: 34905K(34944K)->0K(34944K)
[13.882s][info ][gc,heap        ] GC(223) Tenured: 570224K(699072K)->200766K(699072K)
[13.882s][info ][gc,metaspace   ] GC(223) Metaspace: 6360K(6528K)->6360K(6528K) NonClass: 5814K(5888K)->5814K(5888K) Class: 546K(640K)->546K(640K)
[13.882s][debug][gc,heap        ] GC(223) Heap after GC invocations=184 (full 40):
[13.882s][debug][gc,heap        ] GC(223)  def new generation   total 314560K, used 0K [0x00000000c0000000, 0x00000000d5550000, 0x00000000d5550000)
[13.882s][debug][gc,heap        ] GC(223)   eden space 279616K,   0% used [0x00000000c0000000, 0x00000000c0000000, 0x00000000d1110000)
[13.882s][debug][gc,heap        ] GC(223)   from space 34944K,   0% used [0x00000000d1110000, 0x00000000d1110000, 0x00000000d3330000)
[13.882s][debug][gc,heap        ] GC(223)   to   space 34944K,   0% used [0x00000000d3330000, 0x00000000d3330000, 0x00000000d5550000)
[13.882s][debug][gc,heap        ] GC(223)  tenured generation   total 699072K, used 200766K [0x00000000d5550000, 0x0000000100000000, 0x0000000100000000)
[13.882s][debug][gc,heap        ] GC(223)    the space 699072K,  28% used [0x00000000d5550000, 0x00000000e195fad8, 0x00000000e195fc00, 0x0000000100000000)
[13.882s][debug][gc,heap        ] GC(223)  Metaspace       used 6360K, committed 6528K, reserved 1114112K
[13.882s][debug][gc,heap        ] GC(223)   class space    used 546K, committed 640K, reserved 1048576K
[13.882s][info ][gc             ] GC(223) Pause Full (Allocation Failure) 864M->196M(989M) 33.953ms
[13.882s][info ][gc,cpu         ] GC(223) User=0.04s Sys=0.00s Real=0.04s
[13.882s][info ][safepoint      ] Safepoint "GenCollectForAllocation", Time since last: 32606454 ns, Reaching safepoint: 3000 ns, Cleanup: 3700 ns, At safepoint: 34088656 ns, Total: 34095356 ns
[13.914s][info ][gc,start       ] GC(224) Pause Young (Allocation Failure)
[13.914s][debug][gc,heap        ] GC(224) Heap before GC invocations=184 (full 40):
[13.914s][debug][gc,heap        ] GC(224)  def new generation   total 314560K, used 279616K [0x00000000c0000000, 0x00000000d5550000, 0x00000000d5550000)
[13.914s][debug][gc,heap        ] GC(224)   eden space 279616K, 100% used [0x00000000c0000000, 0x00000000d1110000, 0x00000000d1110000)
[13.914s][debug][gc,heap        ] GC(224)   from space 34944K,   0% used [0x00000000d1110000, 0x00000000d1110000, 0x00000000d3330000)
[13.914s][debug][gc,heap        ] GC(224)   to   space 34944K,   0% used [0x00000000d3330000, 0x00000000d3330000, 0x00000000d5550000)
[13.914s][debug][gc,heap        ] GC(224)  tenured generation   total 699072K, used 200766K [0x00000000d5550000, 0x0000000100000000, 0x0000000100000000)
[13.914s][debug][gc,heap        ] GC(224)    the space 699072K,  28% used [0x00000000d5550000, 0x00000000e195fad8, 0x00000000e195fc00, 0x0000000100000000)
[13.914s][debug][gc,heap        ] GC(224)  Metaspace       used 6360K, committed 6528K, reserved 1114112K
[13.914s][debug][gc,heap        ] GC(224)   class space    used 546K, committed 640K, reserved 1048576K
[13.938s][info ][gc,heap        ] GC(224) DefNew: 279616K(314560K)->34905K(314560K) Eden: 279616K(279616K)->0K(279616K) From: 0K(34944K)->34905K(34944K)
[13.938s][info ][gc,heap        ] GC(224) Tenured: 200766K(699072K)->316384K(699072K)
[13.938s][info ][gc,metaspace   ] GC(224) Metaspace: 6360K(6528K)->6360K(6528K) NonClass: 5814K(5888K)->5814K(5888K) Class: 546K(640K)->546K(640K)
[13.938s][debug][gc,heap        ] GC(224) Heap after GC invocations=185 (full 40):
[13.938s][debug][gc,heap        ] GC(224)  def new generation   total 314560K, used 34905K [0x00000000c0000000, 0x00000000d5550000, 0x00000000d5550000)
[13.938s][debug][gc,heap        ] GC(224)   eden space 279616K,   0% used [0x00000000c0000000, 0x00000000c0000000, 0x00000000d1110000)
[13.938s][debug][gc,heap        ] GC(224)   from space 34944K,  99% used [0x00000000d3330000, 0x00000000d55465d0, 0x00000000d5550000)
[13.938s][debug][gc,heap        ] GC(224)   to   space 34944K,   0% used [0x00000000d1110000, 0x00000000d1110000, 0x00000000d3330000)
[13.938s][debug][gc,heap        ] GC(224)  tenured generation   total 699072K, used 316384K [0x00000000d5550000, 0x0000000100000000, 0x0000000100000000)
[13.938s][debug][gc,heap        ] GC(224)    the space 699072K,  45% used [0x00000000d5550000, 0x00000000e8a48318, 0x00000000e8a48400, 0x0000000100000000)
[13.938s][debug][gc,heap        ] GC(224)  Metaspace       used 6360K, committed 6528K, reserved 1114112K
[13.938s][debug][gc,heap        ] GC(224)   class space    used 546K, committed 640K, reserved 1048576K
[13.938s][info ][gc             ] GC(224) Pause Young (Allocation Failure) 469M->343M(989M) 23.855ms
[13.938s][info ][gc,cpu         ] GC(224) User=0.02s Sys=0.00s Real=0.02s
[13.938s][info ][safepoint      ] Safepoint "GenCollectForAllocation", Time since last: 31707953 ns, Reaching safepoint: 2800 ns, Cleanup: 3900 ns, At safepoint: 23881140 ns, Total: 23887840 ns
[13.974s][info ][gc,start       ] GC(225) Pause Young (Allocation Failure)
[13.974s][debug][gc,heap        ] GC(225) Heap before GC invocations=185 (full 40):
[13.974s][debug][gc,heap        ] GC(225)  def new generation   total 314560K, used 314521K [0x00000000c0000000, 0x00000000d5550000, 0x00000000d5550000)
[13.974s][debug][gc,heap        ] GC(225)   eden space 279616K, 100% used [0x00000000c0000000, 0x00000000d1110000, 0x00000000d1110000)
[13.974s][debug][gc,heap        ] GC(225)   from space 34944K,  99% used [0x00000000d3330000, 0x00000000d55465d0, 0x00000000d5550000)
[13.974s][debug][gc,heap        ] GC(225)   to   space 34944K,   0% used [0x00000000d1110000, 0x00000000d1110000, 0x00000000d3330000)
[13.974s][debug][gc,heap        ] GC(225)  tenured generation   total 699072K, used 316384K [0x00000000d5550000, 0x0000000100000000, 0x0000000100000000)
[13.974s][debug][gc,heap        ] GC(225)    the space 699072K,  45% used [0x00000000d5550000, 0x00000000e8a48318, 0x00000000e8a48400, 0x0000000100000000)
[13.974s][debug][gc,heap        ] GC(225)  Metaspace       used 6360K, committed 6528K, reserved 1114112K
[13.974s][debug][gc,heap        ] GC(225)   class space    used 546K, committed 640K, reserved 1048576K
[14.000s][info ][gc,heap        ] GC(225) DefNew: 314521K(314560K)->34905K(314560K) Eden: 279616K(279616K)->0K(279616K) From: 34905K(34944K)->34905K(34944K)
[14.000s][info ][gc,heap        ] GC(225) Tenured: 316384K(699072K)->441004K(699072K)
[14.000s][info ][gc,metaspace   ] GC(225) Metaspace: 6360K(6528K)->6360K(6528K) NonClass: 5814K(5888K)->5814K(5888K) Class: 546K(640K)->546K(640K)
[14.000s][debug][gc,heap        ] GC(225) Heap after GC invocations=186 (full 40):
[14.000s][debug][gc,heap        ] GC(225)  def new generation   total 314560K, used 34905K [0x00000000c0000000, 0x00000000d5550000, 0x00000000d5550000)
[14.000s][debug][gc,heap        ] GC(225)   eden space 279616K,   0% used [0x00000000c0000000, 0x00000000c0000000, 0x00000000d1110000)
[14.000s][debug][gc,heap        ] GC(225)   from space 34944K,  99% used [0x00000000d1110000, 0x00000000d33265d0, 0x00000000d3330000)
[14.000s][debug][gc,heap        ] GC(225)   to   space 34944K,   0% used [0x00000000d3330000, 0x00000000d3330000, 0x00000000d5550000)
[14.000s][debug][gc,heap        ] GC(225)  tenured generation   total 699072K, used 441004K [0x00000000d5550000, 0x0000000100000000, 0x0000000100000000)
[14.000s][debug][gc,heap        ] GC(225)    the space 699072K,  63% used [0x00000000d5550000, 0x00000000f03fb0f8, 0x00000000f03fb200, 0x0000000100000000)
[14.000s][debug][gc,heap        ] GC(225)  Metaspace       used 6360K, committed 6528K, reserved 1114112K
[14.000s][debug][gc,heap        ] GC(225)   class space    used 546K, committed 640K, reserved 1048576K
[14.000s][info ][gc             ] GC(225) Pause Young (Allocation Failure) 616M->464M(989M) 25.834ms
[14.000s][info ][gc,cpu         ] GC(225) User=0.03s Sys=0.00s Real=0.02s
[14.000s][info ][safepoint      ] Safepoint "GenCollectForAllocation", Time since last: 36084360 ns, Reaching safepoint: 3600 ns, Cleanup: 3800 ns, At safepoint: 25859343 ns, Total: 25866743 ns
[14.033s][info ][gc,start       ] GC(226) Pause Young (Allocation Failure)
[14.033s][debug][gc,heap        ] GC(226) Heap before GC invocations=186 (full 40):
[14.033s][debug][gc,heap        ] GC(226)  def new generation   total 314560K, used 314521K [0x00000000c0000000, 0x00000000d5550000, 0x00000000d5550000)
[14.033s][debug][gc,heap        ] GC(226)   eden space 279616K, 100% used [0x00000000c0000000, 0x00000000d1110000, 0x00000000d1110000)
[14.033s][debug][gc,heap        ] GC(226)   from space 34944K,  99% used [0x00000000d1110000, 0x00000000d33265d0, 0x00000000d3330000)
[14.033s][debug][gc,heap        ] GC(226)   to   space 34944K,   0% used [0x00000000d3330000, 0x00000000d3330000, 0x00000000d5550000)
[14.033s][debug][gc,heap        ] GC(226)  tenured generation   total 699072K, used 441004K [0x00000000d5550000, 0x0000000100000000, 0x0000000100000000)
[14.033s][debug][gc,heap        ] GC(226)    the space 699072K,  63% used [0x00000000d5550000, 0x00000000f03fb0f8, 0x00000000f03fb200, 0x0000000100000000)
[14.033s][debug][gc,heap        ] GC(226)  Metaspace       used 6360K, committed 6528K, reserved 1114112K
[14.033s][debug][gc,heap        ] GC(226)   class space    used 546K, committed 640K, reserved 1048576K
[14.060s][info ][gc,heap        ] GC(226) DefNew: 314521K(314560K)->34905K(314560K) Eden: 279616K(279616K)->0K(279616K) From: 34905K(34944K)->34905K(34944K)
[14.060s][info ][gc,heap        ] GC(226) Tenured: 441004K(699072K)->566623K(699072K)
[14.060s][info ][gc,metaspace   ] GC(226) Metaspace: 6360K(6528K)->6360K(6528K) NonClass: 5814K(5888K)->5814K(5888K) Class: 546K(640K)->546K(640K)
[14.060s][debug][gc,heap        ] GC(226) Heap after GC invocations=187 (full 40):
[14.060s][debug][gc,heap        ] GC(226)  def new generation   total 314560K, used 34905K [0x00000000c0000000, 0x00000000d5550000, 0x00000000d5550000)
[14.060s][debug][gc,heap        ] GC(226)   eden space 279616K,   0% used [0x00000000c0000000, 0x00000000c0000000, 0x00000000d1110000)
[14.060s][debug][gc,heap        ] GC(226)   from space 34944K,  99% used [0x00000000d3330000, 0x00000000d55465d0, 0x00000000d5550000)
[14.060s][debug][gc,heap        ] GC(226)   to   space 34944K,   0% used [0x00000000d1110000, 0x00000000d1110000, 0x00000000d3330000)
[14.060s][debug][gc,heap        ] GC(226)  tenured generation   total 699072K, used 566623K [0x00000000d5550000, 0x0000000100000000, 0x0000000100000000)
[14.060s][debug][gc,heap        ] GC(226)    the space 699072K,  81% used [0x00000000d5550000, 0x00000000f7ea7f78, 0x00000000f7ea8000, 0x0000000100000000)
[14.060s][debug][gc,heap        ] GC(226)  Metaspace       used 6360K, committed 6528K, reserved 1114112K
[14.060s][debug][gc,heap        ] GC(226)   class space    used 546K, committed 640K, reserved 1048576K
[14.060s][info ][gc             ] GC(226) Pause Young (Allocation Failure) 737M->587M(989M) 26.514ms
[14.060s][info ][gc,cpu         ] GC(226) User=0.03s Sys=0.00s Real=0.02s
[14.060s][info ][safepoint      ] Safepoint "GenCollectForAllocation", Time since last: 33487456 ns, Reaching safepoint: 3200 ns, Cleanup: 3800 ns, At safepoint: 26539444 ns, Total: 26546444 ns
[14.094s][info ][gc,start       ] GC(227) Pause Young (Allocation Failure)
[14.095s][debug][gc,heap        ] GC(227) Heap before GC invocations=187 (full 40):
[14.095s][debug][gc,heap        ] GC(227)  def new generation   total 314560K, used 314521K [0x00000000c0000000, 0x00000000d5550000, 0x00000000d5550000)
[14.095s][debug][gc,heap        ] GC(227)   eden space 279616K, 100% used [0x00000000c0000000, 0x00000000d1110000, 0x00000000d1110000)
[14.095s][debug][gc,heap        ] GC(227)   from space 34944K,  99% used [0x00000000d3330000, 0x00000000d55465d0, 0x00000000d5550000)
[14.095s][debug][gc,heap        ] GC(227)   to   space 34944K,   0% used [0x00000000d1110000, 0x00000000d1110000, 0x00000000d3330000)
[14.095s][debug][gc,heap        ] GC(227)  tenured generation   total 699072K, used 566623K [0x00000000d5550000, 0x0000000100000000, 0x0000000100000000)
[14.095s][debug][gc,heap        ] GC(227)    the space 699072K,  81% used [0x00000000d5550000, 0x00000000f7ea7f78, 0x00000000f7ea8000, 0x0000000100000000)
[14.095s][debug][gc,heap        ] GC(227)  Metaspace       used 6360K, committed 6528K, reserved 1114112K
[14.095s][debug][gc,heap        ] GC(227)   class space    used 546K, committed 640K, reserved 1048576K
[14.095s][debug][gc,heap        ] GC(227) Heap after GC invocations=188 (full 40):
[14.095s][debug][gc,heap        ] GC(227)  def new generation   total 314560K, used 314521K [0x00000000c0000000, 0x00000000d5550000, 0x00000000d5550000)
[14.095s][debug][gc,heap        ] GC(227)   eden space 279616K, 100% used [0x00000000c0000000, 0x00000000d1110000, 0x00000000d1110000)
[14.095s][debug][gc,heap        ] GC(227)   from space 34944K,  99% used [0x00000000d3330000, 0x00000000d55465d0, 0x00000000d5550000)
[14.095s][debug][gc,heap        ] GC(227)   to   space 34944K,   0% used [0x00000000d1110000, 0x00000000d1110000, 0x00000000d3330000)
[14.095s][debug][gc,heap        ] GC(227)  tenured generation   total 699072K, used 566623K [0x00000000d5550000, 0x0000000100000000, 0x0000000100000000)
[14.095s][debug][gc,heap        ] GC(227)    the space 699072K,  81% used [0x00000000d5550000, 0x00000000f7ea7f78, 0x00000000f7ea8000, 0x0000000100000000)
[14.095s][debug][gc,heap        ] GC(227)  Metaspace       used 6360K, committed 6528K, reserved 1114112K
[14.095s][debug][gc,heap        ] GC(227)   class space    used 546K, committed 640K, reserved 1048576K
[14.095s][info ][gc             ] GC(227) Pause Young (Allocation Failure) 860M->860M(989M) 0.166ms
[14.095s][info ][gc,cpu         ] GC(227) User=0.00s Sys=0.00s Real=0.00s
[14.095s][info ][gc,start       ] GC(228) Pause Full (Allocation Failure)
[14.095s][debug][gc,heap        ] GC(228) Heap before GC invocations=188 (full 40):
[14.095s][debug][gc,heap        ] GC(228)  def new generation   total 314560K, used 314521K [0x00000000c0000000, 0x00000000d5550000, 0x00000000d5550000)
[14.095s][debug][gc,heap        ] GC(228)   eden space 279616K, 100% used [0x00000000c0000000, 0x00000000d1110000, 0x00000000d1110000)
[14.095s][debug][gc,heap        ] GC(228)   from space 34944K,  99% used [0x00000000d3330000, 0x00000000d55465d0, 0x00000000d5550000)
[14.095s][debug][gc,heap        ] GC(228)   to   space 34944K,   0% used [0x00000000d1110000, 0x00000000d1110000, 0x00000000d3330000)
[14.095s][debug][gc,heap        ] GC(228)  tenured generation   total 699072K, used 566623K [0x00000000d5550000, 0x0000000100000000, 0x0000000100000000)
[14.095s][debug][gc,heap        ] GC(228)    the space 699072K,  81% used [0x00000000d5550000, 0x00000000f7ea7f78, 0x00000000f7ea8000, 0x0000000100000000)
[14.095s][debug][gc,heap        ] GC(228)  Metaspace       used 6360K, committed 6528K, reserved 1114112K
[14.095s][debug][gc,heap        ] GC(228)   class space    used 546K, committed 640K, reserved 1048576K
[14.095s][info ][gc,phases,start] GC(228) Phase 1: Mark live objects
[14.096s][info ][gc,phases      ] GC(228) Phase 1: Mark live objects 0.869ms
[14.096s][info ][gc,phases,start] GC(228) Phase 2: Compute new object addresses
[14.097s][info ][gc,phases      ] GC(228) Phase 2: Compute new object addresses 1.231ms
[14.097s][info ][gc,phases,start] GC(228) Phase 3: Adjust pointers
[14.097s][info ][gc,phases      ] GC(228) Phase 3: Adjust pointers 0.594ms
[14.097s][info ][gc,phases,start] GC(228) Phase 4: Move objects
[14.128s][info ][gc,phases      ] GC(228) Phase 4: Move objects 31.034ms
[14.129s][info ][gc,heap        ] GC(228) DefNew: 314521K(314560K)->0K(314560K) Eden: 279616K(279616K)->0K(279616K) From: 34905K(34944K)->0K(34944K)
[14.129s][info ][gc,heap        ] GC(228) Tenured: 566623K(699072K)->235272K(699072K)
[14.129s][info ][gc,metaspace   ] GC(228) Metaspace: 6360K(6528K)->6360K(6528K) NonClass: 5814K(5888K)->5814K(5888K) Class: 546K(640K)->546K(640K)
[14.129s][debug][gc,heap        ] GC(228) Heap after GC invocations=188 (full 41):
[14.129s][debug][gc,heap        ] GC(228)  def new generation   total 314560K, used 0K [0x00000000c0000000, 0x00000000d5550000, 0x00000000d5550000)
[14.129s][debug][gc,heap        ] GC(228)   eden space 279616K,   0% used [0x00000000c0000000, 0x00000000c0000000, 0x00000000d1110000)
[14.129s][debug][gc,heap        ] GC(228)   from space 34944K,   0% used [0x00000000d3330000, 0x00000000d3330000, 0x00000000d5550000)
[14.129s][debug][gc,heap        ] GC(228)   to   space 34944K,   0% used [0x00000000d1110000, 0x00000000d1110000, 0x00000000d3330000)
[14.129s][debug][gc,heap        ] GC(228)  tenured generation   total 699072K, used 235272K [0x00000000d5550000, 0x0000000100000000, 0x0000000100000000)
[14.129s][debug][gc,heap        ] GC(228)    the space 699072K,  33% used [0x00000000d5550000, 0x00000000e3b12068, 0x00000000e3b12200, 0x0000000100000000)
[14.129s][debug][gc,heap        ] GC(228)  Metaspace       used 6360K, committed 6528K, reserved 1114112K
[14.129s][debug][gc,heap        ] GC(228)   class space    used 546K, committed 640K, reserved 1048576K
[14.129s][info ][gc             ] GC(228) Pause Full (Allocation Failure) 860M->229M(989M) 34.102ms
[14.129s][info ][gc,cpu         ] GC(228) User=0.03s Sys=0.00s Real=0.03s
[14.129s][info ][safepoint      ] Safepoint "GenCollectForAllocation", Time since last: 34588757 ns, Reaching safepoint: 3000 ns, Cleanup: 3800 ns, At safepoint: 34304757 ns, Total: 34311557 ns
[14.161s][info ][gc,start       ] GC(229) Pause Young (Allocation Failure)
[14.161s][debug][gc,heap        ] GC(229) Heap before GC invocations=188 (full 41):
[14.161s][debug][gc,heap        ] GC(229)  def new generation   total 314560K, used 279616K [0x00000000c0000000, 0x00000000d5550000, 0x00000000d5550000)
[14.161s][debug][gc,heap        ] GC(229)   eden space 279616K, 100% used [0x00000000c0000000, 0x00000000d1110000, 0x00000000d1110000)
[14.161s][debug][gc,heap        ] GC(229)   from space 34944K,   0% used [0x00000000d3330000, 0x00000000d3330000, 0x00000000d5550000)
[14.161s][debug][gc,heap        ] GC(229)   to   space 34944K,   0% used [0x00000000d1110000, 0x00000000d1110000, 0x00000000d3330000)
[14.161s][debug][gc,heap        ] GC(229)  tenured generation   total 699072K, used 235272K [0x00000000d5550000, 0x0000000100000000, 0x0000000100000000)
[14.161s][debug][gc,heap        ] GC(229)    the space 699072K,  33% used [0x00000000d5550000, 0x00000000e3b12068, 0x00000000e3b12200, 0x0000000100000000)
[14.161s][debug][gc,heap        ] GC(229)  Metaspace       used 6360K, committed 6528K, reserved 1114112K
[14.161s][debug][gc,heap        ] GC(229)   class space    used 546K, committed 640K, reserved 1048576K
[14.185s][info ][gc,heap        ] GC(229) DefNew: 279616K(314560K)->34905K(314560K) Eden: 279616K(279616K)->0K(279616K) From: 0K(34944K)->34905K(34944K)
[14.185s][info ][gc,heap        ] GC(229) Tenured: 235272K(699072K)->350190K(699072K)
[14.185s][info ][gc,metaspace   ] GC(229) Metaspace: 6360K(6528K)->6360K(6528K) NonClass: 5814K(5888K)->5814K(5888K) Class: 546K(640K)->546K(640K)
[14.185s][debug][gc,heap        ] GC(229) Heap after GC invocations=189 (full 41):
[14.185s][debug][gc,heap        ] GC(229)  def new generation   total 314560K, used 34905K [0x00000000c0000000, 0x00000000d5550000, 0x00000000d5550000)
[14.185s][debug][gc,heap        ] GC(229)   eden space 279616K,   0% used [0x00000000c0000000, 0x00000000c0000000, 0x00000000d1110000)
[14.185s][debug][gc,heap        ] GC(229)   from space 34944K,  99% used [0x00000000d1110000, 0x00000000d33265d0, 0x00000000d3330000)
[14.185s][debug][gc,heap        ] GC(229)   to   space 34944K,   0% used [0x00000000d3330000, 0x00000000d3330000, 0x00000000d5550000)
[14.185s][debug][gc,heap        ] GC(229)  tenured generation   total 699072K, used 350190K [0x00000000d5550000, 0x0000000100000000, 0x0000000100000000)
[14.185s][debug][gc,heap        ] GC(229)    the space 699072K,  50% used [0x00000000d5550000, 0x00000000eab4b838, 0x00000000eab4ba00, 0x0000000100000000)
[14.185s][debug][gc,heap        ] GC(229)  Metaspace       used 6360K, committed 6528K, reserved 1114112K
[14.185s][debug][gc,heap        ] GC(229)   class space    used 546K, committed 640K, reserved 1048576K
[14.185s][info ][gc             ] GC(229) Pause Young (Allocation Failure) 502M->376M(989M) 23.798ms
[14.185s][info ][gc,cpu         ] GC(229) User=0.02s Sys=0.00s Real=0.02s
[14.185s][info ][safepoint      ] Safepoint "GenCollectForAllocation", Time since last: 32097354 ns, Reaching safepoint: 3500 ns, Cleanup: 4200 ns, At safepoint: 23823139 ns, Total: 23830839 ns
[14.216s][info ][gc,start       ] GC(230) Pause Young (Allocation Failure)
[14.216s][debug][gc,heap        ] GC(230) Heap before GC invocations=189 (full 41):
[14.216s][debug][gc,heap        ] GC(230)  def new generation   total 314560K, used 314521K [0x00000000c0000000, 0x00000000d5550000, 0x00000000d5550000)
[14.216s][debug][gc,heap        ] GC(230)   eden space 279616K, 100% used [0x00000000c0000000, 0x00000000d1110000, 0x00000000d1110000)
[14.216s][debug][gc,heap        ] GC(230)   from space 34944K,  99% used [0x00000000d1110000, 0x00000000d33265d0, 0x00000000d3330000)
[14.216s][debug][gc,heap        ] GC(230)   to   space 34944K,   0% used [0x00000000d3330000, 0x00000000d3330000, 0x00000000d5550000)
[14.216s][debug][gc,heap        ] GC(230)  tenured generation   total 699072K, used 350190K [0x00000000d5550000, 0x0000000100000000, 0x0000000100000000)
[14.216s][debug][gc,heap        ] GC(230)    the space 699072K,  50% used [0x00000000d5550000, 0x00000000eab4b838, 0x00000000eab4ba00, 0x0000000100000000)
[14.216s][debug][gc,heap        ] GC(230)  Metaspace       used 6360K, committed 6528K, reserved 1114112K
[14.216s][debug][gc,heap        ] GC(230)   class space    used 546K, committed 640K, reserved 1048576K
[14.242s][info ][gc,heap        ] GC(230) DefNew: 314521K(314560K)->34905K(314560K) Eden: 279616K(279616K)->0K(279616K) From: 34905K(34944K)->34905K(34944K)
[14.242s][info ][gc,heap        ] GC(230) Tenured: 350190K(699072K)->472309K(699072K)
[14.242s][info ][gc,metaspace   ] GC(230) Metaspace: 6360K(6528K)->6360K(6528K) NonClass: 5814K(5888K)->5814K(5888K) Class: 546K(640K)->546K(640K)
[14.242s][debug][gc,heap        ] GC(230) Heap after GC invocations=190 (full 41):
[14.242s][debug][gc,heap        ] GC(230)  def new generation   total 314560K, used 34905K [0x00000000c0000000, 0x00000000d5550000, 0x00000000d5550000)
[14.242s][debug][gc,heap        ] GC(230)   eden space 279616K,   0% used [0x00000000c0000000, 0x00000000c0000000, 0x00000000d1110000)
[14.242s][debug][gc,heap        ] GC(230)   from space 34944K,  99% used [0x00000000d3330000, 0x00000000d55465d0, 0x00000000d5550000)
[14.242s][debug][gc,heap        ] GC(230)   to   space 34944K,   0% used [0x00000000d1110000, 0x00000000d1110000, 0x00000000d3330000)
[14.242s][debug][gc,heap        ] GC(230)  tenured generation   total 699072K, used 472309K [0x00000000d5550000, 0x0000000100000000, 0x0000000100000000)
[14.242s][debug][gc,heap        ] GC(230)    the space 699072K,  67% used [0x00000000d5550000, 0x00000000f228d488, 0x00000000f228d600, 0x0000000100000000)
[14.242s][debug][gc,heap        ] GC(230)  Metaspace       used 6360K, committed 6528K, reserved 1114112K
[14.242s][debug][gc,heap        ] GC(230)   class space    used 546K, committed 640K, reserved 1048576K
[14.242s][info ][gc             ] GC(230) Pause Young (Allocation Failure) 649M->495M(989M) 26.161ms
[14.242s][info ][gc,cpu         ] GC(230) User=0.03s Sys=0.00s Real=0.03s
[14.242s][info ][safepoint      ] Safepoint "GenCollectForAllocation", Time since last: 31203452 ns, Reaching safepoint: 3500 ns, Cleanup: 3600 ns, At safepoint: 26185544 ns, Total: 26192644 ns
[14.274s][info ][gc,start       ] GC(231) Pause Young (Allocation Failure)
[14.274s][debug][gc,heap        ] GC(231) Heap before GC invocations=190 (full 41):
[14.274s][debug][gc,heap        ] GC(231)  def new generation   total 314560K, used 314521K [0x00000000c0000000, 0x00000000d5550000, 0x00000000d5550000)
[14.274s][debug][gc,heap        ] GC(231)   eden space 279616K, 100% used [0x00000000c0000000, 0x00000000d1110000, 0x00000000d1110000)
[14.274s][debug][gc,heap        ] GC(231)   from space 34944K,  99% used [0x00000000d3330000, 0x00000000d55465d0, 0x00000000d5550000)
[14.274s][debug][gc,heap        ] GC(231)   to   space 34944K,   0% used [0x00000000d1110000, 0x00000000d1110000, 0x00000000d3330000)
[14.274s][debug][gc,heap        ] GC(231)  tenured generation   total 699072K, used 472309K [0x00000000d5550000, 0x0000000100000000, 0x0000000100000000)
[14.274s][debug][gc,heap        ] GC(231)    the space 699072K,  67% used [0x00000000d5550000, 0x00000000f228d488, 0x00000000f228d600, 0x0000000100000000)
[14.274s][debug][gc,heap        ] GC(231)  Metaspace       used 6360K, committed 6528K, reserved 1114112K
[14.274s][debug][gc,heap        ] GC(231)   class space    used 546K, committed 640K, reserved 1048576K
[14.307s][info ][gc,heap        ] GC(231) DefNew: 314521K(314560K)->34905K(314560K) Eden: 279616K(279616K)->0K(279616K) From: 34905K(34944K)->34905K(34944K)
[14.307s][info ][gc,heap        ] GC(231) Tenured: 472309K(699072K)->596228K(699072K)
[14.307s][info ][gc,metaspace   ] GC(231) Metaspace: 6360K(6528K)->6360K(6528K) NonClass: 5814K(5888K)->5814K(5888K) Class: 546K(640K)->546K(640K)
[14.307s][debug][gc,heap        ] GC(231) Heap after GC invocations=191 (full 41):
[14.307s][debug][gc,heap        ] GC(231)  def new generation   total 314560K, used 34905K [0x00000000c0000000, 0x00000000d5550000, 0x00000000d5550000)
[14.307s][debug][gc,heap        ] GC(231)   eden space 279616K,   0% used [0x00000000c0000000, 0x00000000c0000000, 0x00000000d1110000)
[14.307s][debug][gc,heap        ] GC(231)   from space 34944K,  99% used [0x00000000d1110000, 0x00000000d33265d0, 0x00000000d3330000)
[14.307s][debug][gc,heap        ] GC(231)   to   space 34944K,   0% used [0x00000000d3330000, 0x00000000d3330000, 0x00000000d5550000)
[14.307s][debug][gc,heap        ] GC(231)  tenured generation   total 699072K, used 596228K [0x00000000d5550000, 0x0000000100000000, 0x0000000100000000)
[14.307s][debug][gc,heap        ] GC(231)    the space 699072K,  85% used [0x00000000d5550000, 0x00000000f9b911f8, 0x00000000f9b91200, 0x0000000100000000)
[14.307s][debug][gc,heap        ] GC(231)  Metaspace       used 6360K, committed 6528K, reserved 1114112K
[14.307s][debug][gc,heap        ] GC(231)   class space    used 546K, committed 640K, reserved 1048576K
[14.307s][info ][gc             ] GC(231) Pause Young (Allocation Failure) 768M->616M(989M) 32.917ms
[14.307s][info ][gc,cpu         ] GC(231) User=0.03s Sys=0.00s Real=0.03s
[14.307s][info ][safepoint      ] Safepoint "GenCollectForAllocation", Time since last: 32087153 ns, Reaching safepoint: 3300 ns, Cleanup: 4100 ns, At safepoint: 32969455 ns, Total: 32976855 ns
[14.342s][info ][gc,start       ] GC(232) Pause Young (Allocation Failure)
[14.342s][debug][gc,heap        ] GC(232) Heap before GC invocations=191 (full 41):
[14.342s][debug][gc,heap        ] GC(232)  def new generation   total 314560K, used 314521K [0x00000000c0000000, 0x00000000d5550000, 0x00000000d5550000)
[14.342s][debug][gc,heap        ] GC(232)   eden space 279616K, 100% used [0x00000000c0000000, 0x00000000d1110000, 0x00000000d1110000)
[14.342s][debug][gc,heap        ] GC(232)   from space 34944K,  99% used [0x00000000d1110000, 0x00000000d33265d0, 0x00000000d3330000)
[14.342s][debug][gc,heap        ] GC(232)   to   space 34944K,   0% used [0x00000000d3330000, 0x00000000d3330000, 0x00000000d5550000)
[14.342s][debug][gc,heap        ] GC(232)  tenured generation   total 699072K, used 596228K [0x00000000d5550000, 0x0000000100000000, 0x0000000100000000)
[14.342s][debug][gc,heap        ] GC(232)    the space 699072K,  85% used [0x00000000d5550000, 0x00000000f9b911f8, 0x00000000f9b91200, 0x0000000100000000)
[14.342s][debug][gc,heap        ] GC(232)  Metaspace       used 6360K, committed 6528K, reserved 1114112K
[14.342s][debug][gc,heap        ] GC(232)   class space    used 546K, committed 640K, reserved 1048576K
[14.342s][debug][gc,heap        ] GC(232) Heap after GC invocations=192 (full 41):
[14.342s][debug][gc,heap        ] GC(232)  def new generation   total 314560K, used 314521K [0x00000000c0000000, 0x00000000d5550000, 0x00000000d5550000)
[14.342s][debug][gc,heap        ] GC(232)   eden space 279616K, 100% used [0x00000000c0000000, 0x00000000d1110000, 0x00000000d1110000)
[14.342s][debug][gc,heap        ] GC(232)   from space 34944K,  99% used [0x00000000d1110000, 0x00000000d33265d0, 0x00000000d3330000)
[14.342s][debug][gc,heap        ] GC(232)   to   space 34944K,   0% used [0x00000000d3330000, 0x00000000d3330000, 0x00000000d5550000)
[14.342s][debug][gc,heap        ] GC(232)  tenured generation   total 699072K, used 596228K [0x00000000d5550000, 0x0000000100000000, 0x0000000100000000)
[14.342s][debug][gc,heap        ] GC(232)    the space 699072K,  85% used [0x00000000d5550000, 0x00000000f9b911f8, 0x00000000f9b91200, 0x0000000100000000)
[14.342s][debug][gc,heap        ] GC(232)  Metaspace       used 6360K, committed 6528K, reserved 1114112K
[14.342s][debug][gc,heap        ] GC(232)   class space    used 546K, committed 640K, reserved 1048576K
[14.342s][info ][gc             ] GC(232) Pause Young (Allocation Failure) 889M->889M(989M) 0.166ms
[14.342s][info ][gc,cpu         ] GC(232) User=0.00s Sys=0.00s Real=0.00s
[14.342s][info ][gc,start       ] GC(233) Pause Full (Allocation Failure)
[14.342s][debug][gc,heap        ] GC(233) Heap before GC invocations=192 (full 41):
[14.342s][debug][gc,heap        ] GC(233)  def new generation   total 314560K, used 314521K [0x00000000c0000000, 0x00000000d5550000, 0x00000000d5550000)
[14.342s][debug][gc,heap        ] GC(233)   eden space 279616K, 100% used [0x00000000c0000000, 0x00000000d1110000, 0x00000000d1110000)
[14.342s][debug][gc,heap        ] GC(233)   from space 34944K,  99% used [0x00000000d1110000, 0x00000000d33265d0, 0x00000000d3330000)
[14.342s][debug][gc,heap        ] GC(233)   to   space 34944K,   0% used [0x00000000d3330000, 0x00000000d3330000, 0x00000000d5550000)
[14.342s][debug][gc,heap        ] GC(233)  tenured generation   total 699072K, used 596228K [0x00000000d5550000, 0x0000000100000000, 0x0000000100000000)
[14.342s][debug][gc,heap        ] GC(233)    the space 699072K,  85% used [0x00000000d5550000, 0x00000000f9b911f8, 0x00000000f9b91200, 0x0000000100000000)
[14.342s][debug][gc,heap        ] GC(233)  Metaspace       used 6360K, committed 6528K, reserved 1114112K
[14.342s][debug][gc,heap        ] GC(233)   class space    used 546K, committed 640K, reserved 1048576K
[14.342s][info ][gc,phases,start] GC(233) Phase 1: Mark live objects
[14.343s][info ][gc,phases      ] GC(233) Phase 1: Mark live objects 0.909ms
[14.343s][info ][gc,phases,start] GC(233) Phase 2: Compute new object addresses
[14.344s][info ][gc,phases      ] GC(233) Phase 2: Compute new object addresses 1.210ms
[14.344s][info ][gc,phases,start] GC(233) Phase 3: Adjust pointers
[14.345s][info ][gc,phases      ] GC(233) Phase 3: Adjust pointers 0.597ms
[14.345s][info ][gc,phases,start] GC(233) Phase 4: Move objects
[14.376s][info ][gc,phases      ] GC(233) Phase 4: Move objects 30.918ms
[14.376s][info ][gc,heap        ] GC(233) DefNew: 314521K(314560K)->0K(314560K) Eden: 279616K(279616K)->0K(279616K) From: 34905K(34944K)->0K(34944K)
[14.376s][info ][gc,heap        ] GC(233) Tenured: 596228K(699072K)->200766K(699072K)
[14.376s][info ][gc,metaspace   ] GC(233) Metaspace: 6360K(6528K)->6360K(6528K) NonClass: 5814K(5888K)->5814K(5888K) Class: 546K(640K)->546K(640K)
[14.376s][debug][gc,heap        ] GC(233) Heap after GC invocations=192 (full 42):
[14.376s][debug][gc,heap        ] GC(233)  def new generation   total 314560K, used 0K [0x00000000c0000000, 0x00000000d5550000, 0x00000000d5550000)
[14.376s][debug][gc,heap        ] GC(233)   eden space 279616K,   0% used [0x00000000c0000000, 0x00000000c0000000, 0x00000000d1110000)
[14.376s][debug][gc,heap        ] GC(233)   from space 34944K,   0% used [0x00000000d1110000, 0x00000000d1110000, 0x00000000d3330000)
[14.376s][debug][gc,heap        ] GC(233)   to   space 34944K,   0% used [0x00000000d3330000, 0x00000000d3330000, 0x00000000d5550000)
[14.376s][debug][gc,heap        ] GC(233)  tenured generation   total 699072K, used 200766K [0x00000000d5550000, 0x0000000100000000, 0x0000000100000000)
[14.376s][debug][gc,heap        ] GC(233)    the space 699072K,  28% used [0x00000000d5550000, 0x00000000e195fad8, 0x00000000e195fc00, 0x0000000100000000)
[14.376s][debug][gc,heap        ] GC(233)  Metaspace       used 6360K, committed 6528K, reserved 1114112K
[14.376s][debug][gc,heap        ] GC(233)   class space    used 546K, committed 640K, reserved 1048576K
[14.376s][info ][gc             ] GC(233) Pause Full (Allocation Failure) 889M->196M(989M) 33.973ms
[14.376s][info ][gc,cpu         ] GC(233) User=0.03s Sys=0.00s Real=0.03s
[14.376s][info ][safepoint      ] Safepoint "GenCollectForAllocation", Time since last: 34517457 ns, Reaching safepoint: 3300 ns, Cleanup: 3700 ns, At safepoint: 34172957 ns, Total: 34179957 ns
[14.408s][info ][gc,start       ] GC(234) Pause Young (Allocation Failure)
[14.408s][debug][gc,heap        ] GC(234) Heap before GC invocations=192 (full 42):
[14.408s][debug][gc,heap        ] GC(234)  def new generation   total 314560K, used 279616K [0x00000000c0000000, 0x00000000d5550000, 0x00000000d5550000)
[14.408s][debug][gc,heap        ] GC(234)   eden space 279616K, 100% used [0x00000000c0000000, 0x00000000d1110000, 0x00000000d1110000)
[14.408s][debug][gc,heap        ] GC(234)   from space 34944K,   0% used [0x00000000d1110000, 0x00000000d1110000, 0x00000000d3330000)
[14.408s][debug][gc,heap        ] GC(234)   to   space 34944K,   0% used [0x00000000d3330000, 0x00000000d3330000, 0x00000000d5550000)
[14.408s][debug][gc,heap        ] GC(234)  tenured generation   total 699072K, used 200766K [0x00000000d5550000, 0x0000000100000000, 0x0000000100000000)
[14.408s][debug][gc,heap        ] GC(234)    the space 699072K,  28% used [0x00000000d5550000, 0x00000000e195fad8, 0x00000000e195fc00, 0x0000000100000000)
[14.408s][debug][gc,heap        ] GC(234)  Metaspace       used 6360K, committed 6528K, reserved 1114112K
[14.408s][debug][gc,heap        ] GC(234)   class space    used 546K, committed 640K, reserved 1048576K
[14.432s][info ][gc,heap        ] GC(234) DefNew: 279616K(314560K)->34905K(314560K) Eden: 279616K(279616K)->0K(279616K) From: 0K(34944K)->34905K(34944K)
[14.432s][info ][gc,heap        ] GC(234) Tenured: 200766K(699072K)->316984K(699072K)
[14.432s][info ][gc,metaspace   ] GC(234) Metaspace: 6360K(6528K)->6360K(6528K) NonClass: 5814K(5888K)->5814K(5888K) Class: 546K(640K)->546K(640K)
[14.432s][debug][gc,heap        ] GC(234) Heap after GC invocations=193 (full 42):
[14.432s][debug][gc,heap        ] GC(234)  def new generation   total 314560K, used 34905K [0x00000000c0000000, 0x00000000d5550000, 0x00000000d5550000)
[14.432s][debug][gc,heap        ] GC(234)   eden space 279616K,   0% used [0x00000000c0000000, 0x00000000c0000000, 0x00000000d1110000)
[14.432s][debug][gc,heap        ] GC(234)   from space 34944K,  99% used [0x00000000d3330000, 0x00000000d55465d0, 0x00000000d5550000)
[14.432s][debug][gc,heap        ] GC(234)   to   space 34944K,   0% used [0x00000000d1110000, 0x00000000d1110000, 0x00000000d3330000)
[14.432s][debug][gc,heap        ] GC(234)  tenured generation   total 699072K, used 316984K [0x00000000d5550000, 0x0000000100000000, 0x0000000100000000)
[14.432s][debug][gc,heap        ] GC(234)    the space 699072K,  45% used [0x00000000d5550000, 0x00000000e8ade378, 0x00000000e8ade400, 0x0000000100000000)
[14.432s][debug][gc,heap        ] GC(234)  Metaspace       used 6360K, committed 6528K, reserved 1114112K
[14.432s][debug][gc,heap        ] GC(234)   class space    used 546K, committed 640K, reserved 1048576K
[14.432s][info ][gc             ] GC(234) Pause Young (Allocation Failure) 469M->343M(989M) 23.954ms
[14.432s][info ][gc,cpu         ] GC(234) User=0.03s Sys=0.00s Real=0.03s
[14.432s][info ][safepoint      ] Safepoint "GenCollectForAllocation", Time since last: 31973153 ns, Reaching safepoint: 3300 ns, Cleanup: 3800 ns, At safepoint: 23978240 ns, Total: 23985340 ns
[14.468s][info ][gc,start       ] GC(235) Pause Young (Allocation Failure)
[14.468s][debug][gc,heap        ] GC(235) Heap before GC invocations=193 (full 42):
[14.468s][debug][gc,heap        ] GC(235)  def new generation   total 314560K, used 314521K [0x00000000c0000000, 0x00000000d5550000, 0x00000000d5550000)
[14.468s][debug][gc,heap        ] GC(235)   eden space 279616K, 100% used [0x00000000c0000000, 0x00000000d1110000, 0x00000000d1110000)
[14.468s][debug][gc,heap        ] GC(235)   from space 34944K,  99% used [0x00000000d3330000, 0x00000000d55465d0, 0x00000000d5550000)
[14.468s][debug][gc,heap        ] GC(235)   to   space 34944K,   0% used [0x00000000d1110000, 0x00000000d1110000, 0x00000000d3330000)
[14.468s][debug][gc,heap        ] GC(235)  tenured generation   total 699072K, used 316984K [0x00000000d5550000, 0x0000000100000000, 0x0000000100000000)
[14.468s][debug][gc,heap        ] GC(235)    the space 699072K,  45% used [0x00000000d5550000, 0x00000000e8ade378, 0x00000000e8ade400, 0x0000000100000000)
[14.468s][debug][gc,heap        ] GC(235)  Metaspace       used 6360K, committed 6528K, reserved 1114112K
[14.468s][debug][gc,heap        ] GC(235)   class space    used 546K, committed 640K, reserved 1048576K
[14.495s][info ][gc,heap        ] GC(235) DefNew: 314521K(314560K)->34905K(314560K) Eden: 279616K(279616K)->0K(279616K) From: 34905K(34944K)->34905K(34944K)
[14.495s][info ][gc,heap        ] GC(235) Tenured: 316984K(699072K)->441004K(699072K)
[14.495s][info ][gc,metaspace   ] GC(235) Metaspace: 6360K(6528K)->6360K(6528K) NonClass: 5814K(5888K)->5814K(5888K) Class: 546K(640K)->546K(640K)
[14.495s][debug][gc,heap        ] GC(235) Heap after GC invocations=194 (full 42):
[14.495s][debug][gc,heap        ] GC(235)  def new generation   total 314560K, used 34905K [0x00000000c0000000, 0x00000000d5550000, 0x00000000d5550000)
[14.495s][debug][gc,heap        ] GC(235)   eden space 279616K,   0% used [0x00000000c0000000, 0x00000000c0000000, 0x00000000d1110000)
[14.495s][debug][gc,heap        ] GC(235)   from space 34944K,  99% used [0x00000000d1110000, 0x00000000d33265d0, 0x00000000d3330000)
[14.495s][debug][gc,heap        ] GC(235)   to   space 34944K,   0% used [0x00000000d3330000, 0x00000000d3330000, 0x00000000d5550000)
[14.495s][debug][gc,heap        ] GC(235)  tenured generation   total 699072K, used 441004K [0x00000000d5550000, 0x0000000100000000, 0x0000000100000000)
[14.495s][debug][gc,heap        ] GC(235)    the space 699072K,  63% used [0x00000000d5550000, 0x00000000f03fb0f8, 0x00000000f03fb200, 0x0000000100000000)
[14.495s][debug][gc,heap        ] GC(235)  Metaspace       used 6360K, committed 6528K, reserved 1114112K
[14.495s][debug][gc,heap        ] GC(235)   class space    used 546K, committed 640K, reserved 1048576K
[14.495s][info ][gc             ] GC(235) Pause Young (Allocation Failure) 616M->464M(989M) 26.860ms
[14.495s][info ][gc,cpu         ] GC(235) User=0.03s Sys=0.00s Real=0.03s
[14.495s][info ][safepoint      ] Safepoint "GenCollectForAllocation", Time since last: 36277860 ns, Reaching safepoint: 3500 ns, Cleanup: 3600 ns, At safepoint: 26886845 ns, Total: 26893945 ns
[14.529s][info ][gc,start       ] GC(236) Pause Young (Allocation Failure)
[14.529s][debug][gc,heap        ] GC(236) Heap before GC invocations=194 (full 42):
[14.529s][debug][gc,heap        ] GC(236)  def new generation   total 314560K, used 314521K [0x00000000c0000000, 0x00000000d5550000, 0x00000000d5550000)
[14.529s][debug][gc,heap        ] GC(236)   eden space 279616K, 100% used [0x00000000c0000000, 0x00000000d1110000, 0x00000000d1110000)
[14.529s][debug][gc,heap        ] GC(236)   from space 34944K,  99% used [0x00000000d1110000, 0x00000000d33265d0, 0x00000000d3330000)
[14.529s][debug][gc,heap        ] GC(236)   to   space 34944K,   0% used [0x00000000d3330000, 0x00000000d3330000, 0x00000000d5550000)
[14.529s][debug][gc,heap        ] GC(236)  tenured generation   total 699072K, used 441004K [0x00000000d5550000, 0x0000000100000000, 0x0000000100000000)
[14.529s][debug][gc,heap        ] GC(236)    the space 699072K,  63% used [0x00000000d5550000, 0x00000000f03fb0f8, 0x00000000f03fb200, 0x0000000100000000)
[14.529s][debug][gc,heap        ] GC(236)  Metaspace       used 6360K, committed 6528K, reserved 1114112K
[14.529s][debug][gc,heap        ] GC(236)   class space    used 546K, committed 640K, reserved 1048576K
[14.555s][info ][gc,heap        ] GC(236) DefNew: 314521K(314560K)->34905K(314560K) Eden: 279616K(279616K)->0K(279616K) From: 34905K(34944K)->34905K(34944K)
[14.555s][info ][gc,heap        ] GC(236) Tenured: 441004K(699072K)->563523K(699072K)
[14.555s][info ][gc,metaspace   ] GC(236) Metaspace: 6360K(6528K)->6360K(6528K) NonClass: 5814K(5888K)->5814K(5888K) Class: 546K(640K)->546K(640K)
[14.555s][debug][gc,heap        ] GC(236) Heap after GC invocations=195 (full 42):
[14.555s][debug][gc,heap        ] GC(236)  def new generation   total 314560K, used 34905K [0x00000000c0000000, 0x00000000d5550000, 0x00000000d5550000)
[14.555s][debug][gc,heap        ] GC(236)   eden space 279616K,   0% used [0x00000000c0000000, 0x00000000c0000000, 0x00000000d1110000)
[14.555s][debug][gc,heap        ] GC(236)   from space 34944K,  99% used [0x00000000d3330000, 0x00000000d55465d0, 0x00000000d5550000)
[14.555s][debug][gc,heap        ] GC(236)   to   space 34944K,   0% used [0x00000000d1110000, 0x00000000d1110000, 0x00000000d3330000)
[14.555s][debug][gc,heap        ] GC(236)  tenured generation   total 699072K, used 563523K [0x00000000d5550000, 0x0000000100000000, 0x0000000100000000)
[14.555s][debug][gc,heap        ] GC(236)    the space 699072K,  80% used [0x00000000d5550000, 0x00000000f7ba0d88, 0x00000000f7ba0e00, 0x0000000100000000)
[14.555s][debug][gc,heap        ] GC(236)  Metaspace       used 6360K, committed 6528K, reserved 1114112K
[14.555s][debug][gc,heap        ] GC(236)   class space    used 546K, committed 640K, reserved 1048576K
[14.555s][info ][gc             ] GC(236) Pause Young (Allocation Failure) 737M->584M(989M) 26.045ms
[14.555s][info ][gc,cpu         ] GC(236) User=0.03s Sys=0.00s Real=0.03s
[14.555s][info ][safepoint      ] Safepoint "GenCollectForAllocation", Time since last: 34104157 ns, Reaching safepoint: 3400 ns, Cleanup: 3900 ns, At safepoint: 26070943 ns, Total: 26078243 ns
[14.587s][info ][gc,start       ] GC(237) Pause Young (Allocation Failure)
[14.587s][debug][gc,heap        ] GC(237) Heap before GC invocations=195 (full 42):
[14.587s][debug][gc,heap        ] GC(237)  def new generation   total 314560K, used 314521K [0x00000000c0000000, 0x00000000d5550000, 0x00000000d5550000)
[14.587s][debug][gc,heap        ] GC(237)   eden space 279616K, 100% used [0x00000000c0000000, 0x00000000d1110000, 0x00000000d1110000)
[14.587s][debug][gc,heap        ] GC(237)   from space 34944K,  99% used [0x00000000d3330000, 0x00000000d55465d0, 0x00000000d5550000)
[14.587s][debug][gc,heap        ] GC(237)   to   space 34944K,   0% used [0x00000000d1110000, 0x00000000d1110000, 0x00000000d3330000)
[14.587s][debug][gc,heap        ] GC(237)  tenured generation   total 699072K, used 563523K [0x00000000d5550000, 0x0000000100000000, 0x0000000100000000)
[14.587s][debug][gc,heap        ] GC(237)    the space 699072K,  80% used [0x00000000d5550000, 0x00000000f7ba0d88, 0x00000000f7ba0e00, 0x0000000100000000)
[14.587s][debug][gc,heap        ] GC(237)  Metaspace       used 6360K, committed 6528K, reserved 1114112K
[14.587s][debug][gc,heap        ] GC(237)   class space    used 546K, committed 640K, reserved 1048576K
[14.587s][debug][gc,heap        ] GC(237) Heap after GC invocations=196 (full 42):
[14.587s][debug][gc,heap        ] GC(237)  def new generation   total 314560K, used 314521K [0x00000000c0000000, 0x00000000d5550000, 0x00000000d5550000)
[14.587s][debug][gc,heap        ] GC(237)   eden space 279616K, 100% used [0x00000000c0000000, 0x00000000d1110000, 0x00000000d1110000)
[14.587s][debug][gc,heap        ] GC(237)   from space 34944K,  99% used [0x00000000d3330000, 0x00000000d55465d0, 0x00000000d5550000)
[14.587s][debug][gc,heap        ] GC(237)   to   space 34944K,   0% used [0x00000000d1110000, 0x00000000d1110000, 0x00000000d3330000)
[14.587s][debug][gc,heap        ] GC(237)  tenured generation   total 699072K, used 563523K [0x00000000d5550000, 0x0000000100000000, 0x0000000100000000)
[14.587s][debug][gc,heap        ] GC(237)    the space 699072K,  80% used [0x00000000d5550000, 0x00000000f7ba0d88, 0x00000000f7ba0e00, 0x0000000100000000)
[14.587s][debug][gc,heap        ] GC(237)  Metaspace       used 6360K, committed 6528K, reserved 1114112K
[14.587s][debug][gc,heap        ] GC(237)   class space    used 546K, committed 640K, reserved 1048576K
[14.587s][info ][gc             ] GC(237) Pause Young (Allocation Failure) 857M->857M(989M) 0.162ms
[14.587s][info ][gc,cpu         ] GC(237) User=0.00s Sys=0.00s Real=0.00s
[14.587s][info ][gc,start       ] GC(238) Pause Full (Allocation Failure)
[14.587s][debug][gc,heap        ] GC(238) Heap before GC invocations=196 (full 42):
[14.587s][debug][gc,heap        ] GC(238)  def new generation   total 314560K, used 314521K [0x00000000c0000000, 0x00000000d5550000, 0x00000000d5550000)
[14.587s][debug][gc,heap        ] GC(238)   eden space 279616K, 100% used [0x00000000c0000000, 0x00000000d1110000, 0x00000000d1110000)
[14.587s][debug][gc,heap        ] GC(238)   from space 34944K,  99% used [0x00000000d3330000, 0x00000000d55465d0, 0x00000000d5550000)
[14.587s][debug][gc,heap        ] GC(238)   to   space 34944K,   0% used [0x00000000d1110000, 0x00000000d1110000, 0x00000000d3330000)
[14.587s][debug][gc,heap        ] GC(238)  tenured generation   total 699072K, used 563523K [0x00000000d5550000, 0x0000000100000000, 0x0000000100000000)
[14.587s][debug][gc,heap        ] GC(238)    the space 699072K,  80% used [0x00000000d5550000, 0x00000000f7ba0d88, 0x00000000f7ba0e00, 0x0000000100000000)
[14.587s][debug][gc,heap        ] GC(238)  Metaspace       used 6360K, committed 6528K, reserved 1114112K
[14.587s][debug][gc,heap        ] GC(238)   class space    used 546K, committed 640K, reserved 1048576K
[14.587s][info ][gc,phases,start] GC(238) Phase 1: Mark live objects
[14.588s][info ][gc,phases      ] GC(238) Phase 1: Mark live objects 0.966ms
[14.588s][info ][gc,phases,start] GC(238) Phase 2: Compute new object addresses
[14.589s][info ][gc,phases      ] GC(238) Phase 2: Compute new object addresses 1.242ms
[14.589s][info ][gc,phases,start] GC(238) Phase 3: Adjust pointers
[14.590s][info ][gc,phases      ] GC(238) Phase 3: Adjust pointers 0.624ms
[14.590s][info ][gc,phases,start] GC(238) Phase 4: Move objects
[14.632s][info ][gc,phases      ] GC(238) Phase 4: Move objects 42.078ms
[14.632s][info ][gc,heap        ] GC(238) DefNew: 314521K(314560K)->0K(314560K) Eden: 279616K(279616K)->0K(279616K) From: 34905K(34944K)->0K(34944K)
[14.632s][info ][gc,heap        ] GC(238) Tenured: 563523K(699072K)->230671K(699072K)
[14.632s][info ][gc,metaspace   ] GC(238) Metaspace: 6360K(6528K)->6360K(6528K) NonClass: 5814K(5888K)->5814K(5888K) Class: 546K(640K)->546K(640K)
[14.632s][debug][gc,heap        ] GC(238) Heap after GC invocations=196 (full 43):
[14.632s][debug][gc,heap        ] GC(238)  def new generation   total 314560K, used 0K [0x00000000c0000000, 0x00000000d5550000, 0x00000000d5550000)
[14.632s][debug][gc,heap        ] GC(238)   eden space 279616K,   0% used [0x00000000c0000000, 0x00000000c0000000, 0x00000000d1110000)
[14.632s][debug][gc,heap        ] GC(238)   from space 34944K,   0% used [0x00000000d3330000, 0x00000000d3330000, 0x00000000d5550000)
[14.632s][debug][gc,heap        ] GC(238)   to   space 34944K,   0% used [0x00000000d1110000, 0x00000000d1110000, 0x00000000d3330000)
[14.632s][debug][gc,heap        ] GC(238)  tenured generation   total 699072K, used 230671K [0x00000000d5550000, 0x0000000100000000, 0x0000000100000000)
[14.632s][debug][gc,heap        ] GC(238)    the space 699072K,  32% used [0x00000000d5550000, 0x00000000e3693d88, 0x00000000e3693e00, 0x0000000100000000)
[14.632s][debug][gc,heap        ] GC(238)  Metaspace       used 6360K, committed 6528K, reserved 1114112K
[14.632s][debug][gc,heap        ] GC(238)   class space    used 546K, committed 640K, reserved 1048576K
[14.632s][info ][gc             ] GC(238) Pause Full (Allocation Failure) 857M->225M(989M) 45.262ms
[14.632s][info ][gc,cpu         ] GC(238) User=0.05s Sys=0.00s Real=0.05s
[14.632s][info ][safepoint      ] Safepoint "GenCollectForAllocation", Time since last: 31385052 ns, Reaching safepoint: 2700 ns, Cleanup: 3600 ns, At safepoint: 45462276 ns, Total: 45468576 ns
[14.674s][info ][gc,start       ] GC(239) Pause Young (Allocation Failure)
[14.674s][debug][gc,heap        ] GC(239) Heap before GC invocations=196 (full 43):
[14.674s][debug][gc,heap        ] GC(239)  def new generation   total 314560K, used 279616K [0x00000000c0000000, 0x00000000d5550000, 0x00000000d5550000)
[14.674s][debug][gc,heap        ] GC(239)   eden space 279616K, 100% used [0x00000000c0000000, 0x00000000d1110000, 0x00000000d1110000)
[14.674s][debug][gc,heap        ] GC(239)   from space 34944K,   0% used [0x00000000d3330000, 0x00000000d3330000, 0x00000000d5550000)
[14.674s][debug][gc,heap        ] GC(239)   to   space 34944K,   0% used [0x00000000d1110000, 0x00000000d1110000, 0x00000000d3330000)
[14.674s][debug][gc,heap        ] GC(239)  tenured generation   total 699072K, used 230671K [0x00000000d5550000, 0x0000000100000000, 0x0000000100000000)
[14.674s][debug][gc,heap        ] GC(239)    the space 699072K,  32% used [0x00000000d5550000, 0x00000000e3693d88, 0x00000000e3693e00, 0x0000000100000000)
[14.674s][debug][gc,heap        ] GC(239)  Metaspace       used 6360K, committed 6528K, reserved 1114112K
[14.674s][debug][gc,heap        ] GC(239)   class space    used 546K, committed 640K, reserved 1048576K
[14.708s][info ][gc,heap        ] GC(239) DefNew: 279616K(314560K)->34905K(314560K) Eden: 279616K(279616K)->0K(279616K) From: 0K(34944K)->34905K(34944K)
[14.708s][info ][gc,heap        ] GC(239) Tenured: 230671K(699072K)->345289K(699072K)
[14.708s][info ][gc,metaspace   ] GC(239) Metaspace: 6360K(6528K)->6360K(6528K) NonClass: 5814K(5888K)->5814K(5888K) Class: 546K(640K)->546K(640K)
[14.708s][debug][gc,heap        ] GC(239) Heap after GC invocations=197 (full 43):
[14.708s][debug][gc,heap        ] GC(239)  def new generation   total 314560K, used 34905K [0x00000000c0000000, 0x00000000d5550000, 0x00000000d5550000)
[14.708s][debug][gc,heap        ] GC(239)   eden space 279616K,   0% used [0x00000000c0000000, 0x00000000c0000000, 0x00000000d1110000)
[14.708s][debug][gc,heap        ] GC(239)   from space 34944K,  99% used [0x00000000d1110000, 0x00000000d33265d0, 0x00000000d3330000)
[14.708s][debug][gc,heap        ] GC(239)   to   space 34944K,   0% used [0x00000000d3330000, 0x00000000d3330000, 0x00000000d5550000)
[14.708s][debug][gc,heap        ] GC(239)  tenured generation   total 699072K, used 345289K [0x00000000d5550000, 0x0000000100000000, 0x0000000100000000)
[14.708s][debug][gc,heap        ] GC(239)    the space 699072K,  49% used [0x00000000d5550000, 0x00000000ea682528, 0x00000000ea682600, 0x0000000100000000)
[14.708s][debug][gc,heap        ] GC(239)  Metaspace       used 6360K, committed 6528K, reserved 1114112K
[14.708s][debug][gc,heap        ] GC(239)   class space    used 546K, committed 640K, reserved 1048576K
[14.708s][info ][gc             ] GC(239) Pause Young (Allocation Failure) 498M->371M(989M) 34.602ms
[14.708s][info ][gc,cpu         ] GC(239) User=0.03s Sys=0.00s Real=0.03s
[14.708s][info ][safepoint      ] Safepoint "GenCollectForAllocation", Time since last: 41655269 ns, Reaching safepoint: 5500 ns, Cleanup: 6000 ns, At safepoint: 34643258 ns, Total: 34654758 ns
[14.749s][info ][gc,start       ] GC(240) Pause Young (Allocation Failure)
[14.749s][debug][gc,heap        ] GC(240) Heap before GC invocations=197 (full 43):
[14.749s][debug][gc,heap        ] GC(240)  def new generation   total 314560K, used 314521K [0x00000000c0000000, 0x00000000d5550000, 0x00000000d5550000)
[14.749s][debug][gc,heap        ] GC(240)   eden space 279616K, 100% used [0x00000000c0000000, 0x00000000d1110000, 0x00000000d1110000)
[14.749s][debug][gc,heap        ] GC(240)   from space 34944K,  99% used [0x00000000d1110000, 0x00000000d33265d0, 0x00000000d3330000)
[14.749s][debug][gc,heap        ] GC(240)   to   space 34944K,   0% used [0x00000000d3330000, 0x00000000d3330000, 0x00000000d5550000)
[14.749s][debug][gc,heap        ] GC(240)  tenured generation   total 699072K, used 345289K [0x00000000d5550000, 0x0000000100000000, 0x0000000100000000)
[14.749s][debug][gc,heap        ] GC(240)    the space 699072K,  49% used [0x00000000d5550000, 0x00000000ea682528, 0x00000000ea682600, 0x0000000100000000)
[14.749s][debug][gc,heap        ] GC(240)  Metaspace       used 6360K, committed 6528K, reserved 1114112K
[14.749s][debug][gc,heap        ] GC(240)   class space    used 546K, committed 640K, reserved 1048576K
[14.774s][info ][gc,heap        ] GC(240) DefNew: 314521K(314560K)->34905K(314560K) Eden: 279616K(279616K)->0K(279616K) From: 34905K(34944K)->34905K(34944K)
[14.774s][info ][gc,heap        ] GC(240) Tenured: 345289K(699072K)->469208K(699072K)
[14.774s][info ][gc,metaspace   ] GC(240) Metaspace: 6360K(6528K)->6360K(6528K) NonClass: 5814K(5888K)->5814K(5888K) Class: 546K(640K)->546K(640K)
[14.774s][debug][gc,heap        ] GC(240) Heap after GC invocations=198 (full 43):
[14.774s][debug][gc,heap        ] GC(240)  def new generation   total 314560K, used 34905K [0x00000000c0000000, 0x00000000d5550000, 0x00000000d5550000)
[14.774s][debug][gc,heap        ] GC(240)   eden space 279616K,   0% used [0x00000000c0000000, 0x00000000c0000000, 0x00000000d1110000)
[14.774s][debug][gc,heap        ] GC(240)   from space 34944K,  99% used [0x00000000d3330000, 0x00000000d55465d0, 0x00000000d5550000)
[14.774s][debug][gc,heap        ] GC(240)   to   space 34944K,   0% used [0x00000000d1110000, 0x00000000d1110000, 0x00000000d3330000)
[14.774s][debug][gc,heap        ] GC(240)  tenured generation   total 699072K, used 469208K [0x00000000d5550000, 0x0000000100000000, 0x0000000100000000)
[14.774s][debug][gc,heap        ] GC(240)    the space 699072K,  67% used [0x00000000d5550000, 0x00000000f1f86298, 0x00000000f1f86400, 0x0000000100000000)
[14.774s][debug][gc,heap        ] GC(240)  Metaspace       used 6360K, committed 6528K, reserved 1114112K
[14.774s][debug][gc,heap        ] GC(240)   class space    used 546K, committed 640K, reserved 1048576K
[14.774s][info ][gc             ] GC(240) Pause Young (Allocation Failure) 644M->492M(989M) 25.277ms
[14.774s][info ][gc,cpu         ] GC(240) User=0.03s Sys=0.00s Real=0.03s
[14.774s][info ][safepoint      ] Safepoint "GenCollectForAllocation", Time since last: 40579467 ns, Reaching safepoint: 3500 ns, Cleanup: 4200 ns, At safepoint: 25302842 ns, Total: 25310542 ns
[14.806s][info ][gc,start       ] GC(241) Pause Young (Allocation Failure)
[14.806s][debug][gc,heap        ] GC(241) Heap before GC invocations=198 (full 43):
[14.806s][debug][gc,heap        ] GC(241)  def new generation   total 314560K, used 314521K [0x00000000c0000000, 0x00000000d5550000, 0x00000000d5550000)
[14.806s][debug][gc,heap        ] GC(241)   eden space 279616K, 100% used [0x00000000c0000000, 0x00000000d1110000, 0x00000000d1110000)
[14.806s][debug][gc,heap        ] GC(241)   from space 34944K,  99% used [0x00000000d3330000, 0x00000000d55465d0, 0x00000000d5550000)
[14.806s][debug][gc,heap        ] GC(241)   to   space 34944K,   0% used [0x00000000d1110000, 0x00000000d1110000, 0x00000000d3330000)
[14.806s][debug][gc,heap        ] GC(241)  tenured generation   total 699072K, used 469208K [0x00000000d5550000, 0x0000000100000000, 0x0000000100000000)
[14.806s][debug][gc,heap        ] GC(241)    the space 699072K,  67% used [0x00000000d5550000, 0x00000000f1f86298, 0x00000000f1f86400, 0x0000000100000000)
[14.806s][debug][gc,heap        ] GC(241)  Metaspace       used 6360K, committed 6528K, reserved 1114112K
[14.806s][debug][gc,heap        ] GC(241)   class space    used 546K, committed 640K, reserved 1048576K
[14.833s][info ][gc,heap        ] GC(241) DefNew: 314521K(314560K)->34905K(314560K) Eden: 279616K(279616K)->0K(279616K) From: 34905K(34944K)->34905K(34944K)
[14.833s][info ][gc,heap        ] GC(241) Tenured: 469208K(699072K)->595228K(699072K)
[14.833s][info ][gc,metaspace   ] GC(241) Metaspace: 6360K(6528K)->6360K(6528K) NonClass: 5814K(5888K)->5814K(5888K) Class: 546K(640K)->546K(640K)
[14.833s][debug][gc,heap        ] GC(241) Heap after GC invocations=199 (full 43):
[14.833s][debug][gc,heap        ] GC(241)  def new generation   total 314560K, used 34905K [0x00000000c0000000, 0x00000000d5550000, 0x00000000d5550000)
[14.833s][debug][gc,heap        ] GC(241)   eden space 279616K,   0% used [0x00000000c0000000, 0x00000000c0000000, 0x00000000d1110000)
[14.833s][debug][gc,heap        ] GC(241)   from space 34944K,  99% used [0x00000000d1110000, 0x00000000d33265d0, 0x00000000d3330000)
[14.833s][debug][gc,heap        ] GC(241)   to   space 34944K,   0% used [0x00000000d3330000, 0x00000000d3330000, 0x00000000d5550000)
[14.833s][debug][gc,heap        ] GC(241)  tenured generation   total 699072K, used 595228K [0x00000000d5550000, 0x0000000100000000, 0x0000000100000000)
[14.833s][debug][gc,heap        ] GC(241)    the space 699072K,  85% used [0x00000000d5550000, 0x00000000f9a97158, 0x00000000f9a97200, 0x0000000100000000)
[14.833s][debug][gc,heap        ] GC(241)  Metaspace       used 6360K, committed 6528K, reserved 1114112K
[14.833s][debug][gc,heap        ] GC(241)   class space    used 546K, committed 640K, reserved 1048576K
[14.833s][info ][gc             ] GC(241) Pause Young (Allocation Failure) 765M->615M(989M) 27.736ms
[14.833s][info ][gc,cpu         ] GC(241) User=0.03s Sys=0.00s Real=0.03s
[14.833s][info ][safepoint      ] Safepoint "GenCollectForAllocation", Time since last: 31394152 ns, Reaching safepoint: 2900 ns, Cleanup: 3700 ns, At safepoint: 27761247 ns, Total: 27767847 ns
[14.866s][info ][gc,start       ] GC(242) Pause Young (Allocation Failure)
[14.866s][debug][gc,heap        ] GC(242) Heap before GC invocations=199 (full 43):
[14.866s][debug][gc,heap        ] GC(242)  def new generation   total 314560K, used 314521K [0x00000000c0000000, 0x00000000d5550000, 0x00000000d5550000)
[14.866s][debug][gc,heap        ] GC(242)   eden space 279616K, 100% used [0x00000000c0000000, 0x00000000d1110000, 0x00000000d1110000)
[14.866s][debug][gc,heap        ] GC(242)   from space 34944K,  99% used [0x00000000d1110000, 0x00000000d33265d0, 0x00000000d3330000)
[14.866s][debug][gc,heap        ] GC(242)   to   space 34944K,   0% used [0x00000000d3330000, 0x00000000d3330000, 0x00000000d5550000)
[14.866s][debug][gc,heap        ] GC(242)  tenured generation   total 699072K, used 595228K [0x00000000d5550000, 0x0000000100000000, 0x0000000100000000)
[14.866s][debug][gc,heap        ] GC(242)    the space 699072K,  85% used [0x00000000d5550000, 0x00000000f9a97158, 0x00000000f9a97200, 0x0000000100000000)
[14.866s][debug][gc,heap        ] GC(242)  Metaspace       used 6360K, committed 6528K, reserved 1114112K
[14.866s][debug][gc,heap        ] GC(242)   class space    used 546K, committed 640K, reserved 1048576K
[14.866s][debug][gc,heap        ] GC(242) Heap after GC invocations=200 (full 43):
[14.866s][debug][gc,heap        ] GC(242)  def new generation   total 314560K, used 314521K [0x00000000c0000000, 0x00000000d5550000, 0x00000000d5550000)
[14.866s][debug][gc,heap        ] GC(242)   eden space 279616K, 100% used [0x00000000c0000000, 0x00000000d1110000, 0x00000000d1110000)
[14.866s][debug][gc,heap        ] GC(242)   from space 34944K,  99% used [0x00000000d1110000, 0x00000000d33265d0, 0x00000000d3330000)
[14.866s][debug][gc,heap        ] GC(242)   to   space 34944K,   0% used [0x00000000d3330000, 0x00000000d3330000, 0x00000000d5550000)
[14.866s][debug][gc,heap        ] GC(242)  tenured generation   total 699072K, used 595228K [0x00000000d5550000, 0x0000000100000000, 0x0000000100000000)
[14.866s][debug][gc,heap        ] GC(242)    the space 699072K,  85% used [0x00000000d5550000, 0x00000000f9a97158, 0x00000000f9a97200, 0x0000000100000000)
[14.866s][debug][gc,heap        ] GC(242)  Metaspace       used 6360K, committed 6528K, reserved 1114112K
[14.866s][debug][gc,heap        ] GC(242)   class space    used 546K, committed 640K, reserved 1048576K
[14.866s][info ][gc             ] GC(242) Pause Young (Allocation Failure) 888M->888M(989M) 0.104ms
[14.866s][info ][gc,cpu         ] GC(242) User=0.00s Sys=0.00s Real=0.00s
[14.866s][info ][gc,start       ] GC(243) Pause Full (Allocation Failure)
[14.866s][debug][gc,heap        ] GC(243) Heap before GC invocations=200 (full 43):
[14.866s][debug][gc,heap        ] GC(243)  def new generation   total 314560K, used 314521K [0x00000000c0000000, 0x00000000d5550000, 0x00000000d5550000)
[14.866s][debug][gc,heap        ] GC(243)   eden space 279616K, 100% used [0x00000000c0000000, 0x00000000d1110000, 0x00000000d1110000)
[14.866s][debug][gc,heap        ] GC(243)   from space 34944K,  99% used [0x00000000d1110000, 0x00000000d33265d0, 0x00000000d3330000)
[14.866s][debug][gc,heap        ] GC(243)   to   space 34944K,   0% used [0x00000000d3330000, 0x00000000d3330000, 0x00000000d5550000)
[14.866s][debug][gc,heap        ] GC(243)  tenured generation   total 699072K, used 595228K [0x00000000d5550000, 0x0000000100000000, 0x0000000100000000)
[14.866s][debug][gc,heap        ] GC(243)    the space 699072K,  85% used [0x00000000d5550000, 0x00000000f9a97158, 0x00000000f9a97200, 0x0000000100000000)
[14.866s][debug][gc,heap        ] GC(243)  Metaspace       used 6360K, committed 6528K, reserved 1114112K
[14.866s][debug][gc,heap        ] GC(243)   class space    used 546K, committed 640K, reserved 1048576K
[14.866s][info ][gc,phases,start] GC(243) Phase 1: Mark live objects
[14.867s][info ][gc,phases      ] GC(243) Phase 1: Mark live objects 0.871ms
[14.867s][info ][gc,phases,start] GC(243) Phase 2: Compute new object addresses
[14.868s][info ][gc,phases      ] GC(243) Phase 2: Compute new object addresses 1.225ms
[14.868s][info ][gc,phases,start] GC(243) Phase 3: Adjust pointers
[14.869s][info ][gc,phases      ] GC(243) Phase 3: Adjust pointers 0.590ms
[14.869s][info ][gc,phases,start] GC(243) Phase 4: Move objects
[14.899s][info ][gc,phases      ] GC(243) Phase 4: Move objects 30.778ms
[14.900s][info ][gc,heap        ] GC(243) DefNew: 314521K(314560K)->0K(314560K) Eden: 279616K(279616K)->0K(279616K) From: 34905K(34944K)->0K(34944K)
[14.900s][info ][gc,heap        ] GC(243) Tenured: 595228K(699072K)->200766K(699072K)
[14.900s][info ][gc,metaspace   ] GC(243) Metaspace: 6360K(6528K)->6360K(6528K) NonClass: 5814K(5888K)->5814K(5888K) Class: 546K(640K)->546K(640K)
[14.900s][debug][gc,heap        ] GC(243) Heap after GC invocations=200 (full 44):
[14.900s][debug][gc,heap        ] GC(243)  def new generation   total 314560K, used 0K [0x00000000c0000000, 0x00000000d5550000, 0x00000000d5550000)
[14.900s][debug][gc,heap        ] GC(243)   eden space 279616K,   0% used [0x00000000c0000000, 0x00000000c0000000, 0x00000000d1110000)
[14.900s][debug][gc,heap        ] GC(243)   from space 34944K,   0% used [0x00000000d1110000, 0x00000000d1110000, 0x00000000d3330000)
[14.900s][debug][gc,heap        ] GC(243)   to   space 34944K,   0% used [0x00000000d3330000, 0x00000000d3330000, 0x00000000d5550000)
[14.900s][debug][gc,heap        ] GC(243)  tenured generation   total 699072K, used 200766K [0x00000000d5550000, 0x0000000100000000, 0x0000000100000000)
[14.900s][debug][gc,heap        ] GC(243)    the space 699072K,  28% used [0x00000000d5550000, 0x00000000e195fad8, 0x00000000e195fc00, 0x0000000100000000)
[14.900s][debug][gc,heap        ] GC(243)  Metaspace       used 6360K, committed 6528K, reserved 1114112K
[14.900s][debug][gc,heap        ] GC(243)   class space    used 546K, committed 640K, reserved 1048576K
[14.900s][info ][gc             ] GC(243) Pause Full (Allocation Failure) 888M->196M(989M) 33.807ms
[14.900s][info ][gc,cpu         ] GC(243) User=0.04s Sys=0.00s Real=0.03s
[14.900s][info ][safepoint      ] Safepoint "GenCollectForAllocation", Time since last: 32297353 ns, Reaching safepoint: 24100 ns, Cleanup: 5100 ns, At safepoint: 33962757 ns, Total: 33991957 ns
[14.932s][info ][gc,start       ] GC(244) Pause Young (Allocation Failure)
[14.932s][debug][gc,heap        ] GC(244) Heap before GC invocations=200 (full 44):
[14.932s][debug][gc,heap        ] GC(244)  def new generation   total 314560K, used 279616K [0x00000000c0000000, 0x00000000d5550000, 0x00000000d5550000)
[14.932s][debug][gc,heap        ] GC(244)   eden space 279616K, 100% used [0x00000000c0000000, 0x00000000d1110000, 0x00000000d1110000)
[14.932s][debug][gc,heap        ] GC(244)   from space 34944K,   0% used [0x00000000d1110000, 0x00000000d1110000, 0x00000000d3330000)
[14.932s][debug][gc,heap        ] GC(244)   to   space 34944K,   0% used [0x00000000d3330000, 0x00000000d3330000, 0x00000000d5550000)
[14.932s][debug][gc,heap        ] GC(244)  tenured generation   total 699072K, used 200766K [0x00000000d5550000, 0x0000000100000000, 0x0000000100000000)
[14.932s][debug][gc,heap        ] GC(244)    the space 699072K,  28% used [0x00000000d5550000, 0x00000000e195fad8, 0x00000000e195fc00, 0x0000000100000000)
[14.932s][debug][gc,heap        ] GC(244)  Metaspace       used 6360K, committed 6528K, reserved 1114112K
[14.932s][debug][gc,heap        ] GC(244)   class space    used 546K, committed 640K, reserved 1048576K
[14.958s][info ][gc,heap        ] GC(244) DefNew: 279616K(314560K)->34905K(314560K) Eden: 279616K(279616K)->0K(279616K) From: 0K(34944K)->34905K(34944K)
[14.958s][info ][gc,heap        ] GC(244) Tenured: 200766K(699072K)->318385K(699072K)
[14.958s][info ][gc,metaspace   ] GC(244) Metaspace: 6360K(6528K)->6360K(6528K) NonClass: 5814K(5888K)->5814K(5888K) Class: 546K(640K)->546K(640K)
[14.958s][debug][gc,heap        ] GC(244) Heap after GC invocations=201 (full 44):
[14.958s][debug][gc,heap        ] GC(244)  def new generation   total 314560K, used 34905K [0x00000000c0000000, 0x00000000d5550000, 0x00000000d5550000)
[14.958s][debug][gc,heap        ] GC(244)   eden space 279616K,   0% used [0x00000000c0000000, 0x00000000c0000000, 0x00000000d1110000)
[14.958s][debug][gc,heap        ] GC(244)   from space 34944K,  99% used [0x00000000d3330000, 0x00000000d55465d0, 0x00000000d5550000)
[14.958s][debug][gc,heap        ] GC(244)   to   space 34944K,   0% used [0x00000000d1110000, 0x00000000d1110000, 0x00000000d3330000)
[14.958s][debug][gc,heap        ] GC(244)  tenured generation   total 699072K, used 318385K [0x00000000d5550000, 0x0000000100000000, 0x0000000100000000)
[14.958s][debug][gc,heap        ] GC(244)    the space 699072K,  45% used [0x00000000d5550000, 0x00000000e8c3c458, 0x00000000e8c3c600, 0x0000000100000000)
[14.958s][debug][gc,heap        ] GC(244)  Metaspace       used 6360K, committed 6528K, reserved 1114112K
[14.958s][debug][gc,heap        ] GC(244)   class space    used 546K, committed 640K, reserved 1048576K
[14.958s][info ][gc             ] GC(244) Pause Young (Allocation Failure) 469M->345M(989M) 25.934ms
[14.958s][info ][gc,cpu         ] GC(244) User=0.02s Sys=0.00s Real=0.02s
[14.958s][info ][safepoint      ] Safepoint "GenCollectForAllocation", Time since last: 32081053 ns, Reaching safepoint: 2800 ns, Cleanup: 3800 ns, At safepoint: 25957843 ns, Total: 25964443 ns
[14.992s][info ][gc,start       ] GC(245) Pause Young (Allocation Failure)
[14.992s][debug][gc,heap        ] GC(245) Heap before GC invocations=201 (full 44):
[14.992s][debug][gc,heap        ] GC(245)  def new generation   total 314560K, used 314521K [0x00000000c0000000, 0x00000000d5550000, 0x00000000d5550000)
[14.992s][debug][gc,heap        ] GC(245)   eden space 279616K, 100% used [0x00000000c0000000, 0x00000000d1110000, 0x00000000d1110000)
[14.992s][debug][gc,heap        ] GC(245)   from space 34944K,  99% used [0x00000000d3330000, 0x00000000d55465d0, 0x00000000d5550000)
[14.992s][debug][gc,heap        ] GC(245)   to   space 34944K,   0% used [0x00000000d1110000, 0x00000000d1110000, 0x00000000d3330000)
[14.992s][debug][gc,heap        ] GC(245)  tenured generation   total 699072K, used 318385K [0x00000000d5550000, 0x0000000100000000, 0x0000000100000000)
[14.992s][debug][gc,heap        ] GC(245)    the space 699072K,  45% used [0x00000000d5550000, 0x00000000e8c3c458, 0x00000000e8c3c600, 0x0000000100000000)
[14.992s][debug][gc,heap        ] GC(245)  Metaspace       used 6360K, committed 6528K, reserved 1114112K
[14.992s][debug][gc,heap        ] GC(245)   class space    used 546K, committed 640K, reserved 1048576K
[15.017s][info ][gc,heap        ] GC(245) DefNew: 314521K(314560K)->34905K(314560K) Eden: 279616K(279616K)->0K(279616K) From: 34905K(34944K)->34905K(34944K)
[15.017s][info ][gc,heap        ] GC(245) Tenured: 318385K(699072K)->442704K(699072K)
[15.017s][info ][gc,metaspace   ] GC(245) Metaspace: 6360K(6528K)->6360K(6528K) NonClass: 5814K(5888K)->5814K(5888K) Class: 546K(640K)->546K(640K)
[15.017s][debug][gc,heap        ] GC(245) Heap after GC invocations=202 (full 44):
[15.017s][debug][gc,heap        ] GC(245)  def new generation   total 314560K, used 34905K [0x00000000c0000000, 0x00000000d5550000, 0x00000000d5550000)
[15.017s][debug][gc,heap        ] GC(245)   eden space 279616K,   0% used [0x00000000c0000000, 0x00000000c0000000, 0x00000000d1110000)
[15.017s][debug][gc,heap        ] GC(245)   from space 34944K,  99% used [0x00000000d1110000, 0x00000000d33265d0, 0x00000000d3330000)
[15.017s][debug][gc,heap        ] GC(245)   to   space 34944K,   0% used [0x00000000d3330000, 0x00000000d3330000, 0x00000000d5550000)
[15.017s][debug][gc,heap        ] GC(245)  tenured generation   total 699072K, used 442704K [0x00000000d5550000, 0x0000000100000000, 0x0000000100000000)
[15.017s][debug][gc,heap        ] GC(245)    the space 699072K,  63% used [0x00000000d5550000, 0x00000000f05a4208, 0x00000000f05a4400, 0x0000000100000000)
[15.017s][debug][gc,heap        ] GC(245)  Metaspace       used 6360K, committed 6528K, reserved 1114112K
[15.017s][debug][gc,heap        ] GC(245)   class space    used 546K, committed 640K, reserved 1048576K
[15.017s][info ][gc             ] GC(245) Pause Young (Allocation Failure) 618M->466M(989M) 25.667ms
[15.017s][info ][gc,cpu         ] GC(245) User=0.02s Sys=0.00s Real=0.02s
[15.017s][info ][safepoint      ] Safepoint "GenCollectForAllocation", Time since last: 33948757 ns, Reaching safepoint: 3500 ns, Cleanup: 3400 ns, At safepoint: 25712643 ns, Total: 25719543 ns
[15.050s][info ][gc,start       ] GC(246) Pause Young (Allocation Failure)
[15.050s][debug][gc,heap        ] GC(246) Heap before GC invocations=202 (full 44):
[15.050s][debug][gc,heap        ] GC(246)  def new generation   total 314560K, used 314521K [0x00000000c0000000, 0x00000000d5550000, 0x00000000d5550000)
[15.050s][debug][gc,heap        ] GC(246)   eden space 279616K, 100% used [0x00000000c0000000, 0x00000000d1110000, 0x00000000d1110000)
[15.050s][debug][gc,heap        ] GC(246)   from space 34944K,  99% used [0x00000000d1110000, 0x00000000d33265d0, 0x00000000d3330000)
[15.050s][debug][gc,heap        ] GC(246)   to   space 34944K,   0% used [0x00000000d3330000, 0x00000000d3330000, 0x00000000d5550000)
[15.050s][debug][gc,heap        ] GC(246)  tenured generation   total 699072K, used 442704K [0x00000000d5550000, 0x0000000100000000, 0x0000000100000000)
[15.050s][debug][gc,heap        ] GC(246)    the space 699072K,  63% used [0x00000000d5550000, 0x00000000f05a4208, 0x00000000f05a4400, 0x0000000100000000)
[15.050s][debug][gc,heap        ] GC(246)  Metaspace       used 6360K, committed 6528K, reserved 1114112K
[15.050s][debug][gc,heap        ] GC(246)   class space    used 546K, committed 640K, reserved 1048576K
[15.078s][info ][gc,heap        ] GC(246) DefNew: 314521K(314560K)->34905K(314560K) Eden: 279616K(279616K)->0K(279616K) From: 34905K(34944K)->34905K(34944K)
[15.078s][info ][gc,heap        ] GC(246) Tenured: 442704K(699072K)->569024K(699072K)
[15.078s][info ][gc,metaspace   ] GC(246) Metaspace: 6360K(6528K)->6360K(6528K) NonClass: 5814K(5888K)->5814K(5888K) Class: 546K(640K)->546K(640K)
[15.078s][debug][gc,heap        ] GC(246) Heap after GC invocations=203 (full 44):
[15.078s][debug][gc,heap        ] GC(246)  def new generation   total 314560K, used 34905K [0x00000000c0000000, 0x00000000d5550000, 0x00000000d5550000)
[15.078s][debug][gc,heap        ] GC(246)   eden space 279616K,   0% used [0x00000000c0000000, 0x00000000c0000000, 0x00000000d1110000)
[15.078s][debug][gc,heap        ] GC(246)   from space 34944K,  99% used [0x00000000d3330000, 0x00000000d55465d0, 0x00000000d5550000)
[15.078s][debug][gc,heap        ] GC(246)   to   space 34944K,   0% used [0x00000000d1110000, 0x00000000d1110000, 0x00000000d3330000)
[15.078s][debug][gc,heap        ] GC(246)  tenured generation   total 699072K, used 569024K [0x00000000d5550000, 0x0000000100000000, 0x0000000100000000)
[15.078s][debug][gc,heap        ] GC(246)    the space 699072K,  81% used [0x00000000d5550000, 0x00000000f81000f8, 0x00000000f8100200, 0x0000000100000000)
[15.078s][debug][gc,heap        ] GC(246)  Metaspace       used 6360K, committed 6528K, reserved 1114112K
[15.078s][debug][gc,heap        ] GC(246)   class space    used 546K, committed 640K, reserved 1048576K
[15.078s][info ][gc             ] GC(246) Pause Young (Allocation Failure) 739M->589M(989M) 27.921ms
[15.078s][info ][gc,cpu         ] GC(246) User=0.02s Sys=0.00s Real=0.03s
[15.078s][info ][safepoint      ] Safepoint "GenCollectForAllocation", Time since last: 32446354 ns, Reaching safepoint: 3100 ns, Cleanup: 3800 ns, At safepoint: 27951446 ns, Total: 27958346 ns
[15.112s][info ][gc,start       ] GC(247) Pause Young (Allocation Failure)
[15.112s][debug][gc,heap        ] GC(247) Heap before GC invocations=203 (full 44):
[15.112s][debug][gc,heap        ] GC(247)  def new generation   total 314560K, used 314521K [0x00000000c0000000, 0x00000000d5550000, 0x00000000d5550000)
[15.112s][debug][gc,heap        ] GC(247)   eden space 279616K, 100% used [0x00000000c0000000, 0x00000000d1110000, 0x00000000d1110000)
[15.112s][debug][gc,heap        ] GC(247)   from space 34944K,  99% used [0x00000000d3330000, 0x00000000d55465d0, 0x00000000d5550000)
[15.112s][debug][gc,heap        ] GC(247)   to   space 34944K,   0% used [0x00000000d1110000, 0x00000000d1110000, 0x00000000d3330000)
[15.112s][debug][gc,heap        ] GC(247)  tenured generation   total 699072K, used 569024K [0x00000000d5550000, 0x0000000100000000, 0x0000000100000000)
[15.112s][debug][gc,heap        ] GC(247)    the space 699072K,  81% used [0x00000000d5550000, 0x00000000f81000f8, 0x00000000f8100200, 0x0000000100000000)
[15.112s][debug][gc,heap        ] GC(247)  Metaspace       used 6360K, committed 6528K, reserved 1114112K
[15.112s][debug][gc,heap        ] GC(247)   class space    used 546K, committed 640K, reserved 1048576K
[15.112s][debug][gc,heap        ] GC(247) Heap after GC invocations=204 (full 44):
[15.112s][debug][gc,heap        ] GC(247)  def new generation   total 314560K, used 314521K [0x00000000c0000000, 0x00000000d5550000, 0x00000000d5550000)
[15.112s][debug][gc,heap        ] GC(247)   eden space 279616K, 100% used [0x00000000c0000000, 0x00000000d1110000, 0x00000000d1110000)
[15.112s][debug][gc,heap        ] GC(247)   from space 34944K,  99% used [0x00000000d3330000, 0x00000000d55465d0, 0x00000000d5550000)
[15.112s][debug][gc,heap        ] GC(247)   to   space 34944K,   0% used [0x00000000d1110000, 0x00000000d1110000, 0x00000000d3330000)
[15.112s][debug][gc,heap        ] GC(247)  tenured generation   total 699072K, used 569024K [0x00000000d5550000, 0x0000000100000000, 0x0000000100000000)
[15.112s][debug][gc,heap        ] GC(247)    the space 699072K,  81% used [0x00000000d5550000, 0x00000000f81000f8, 0x00000000f8100200, 0x0000000100000000)
[15.112s][debug][gc,heap        ] GC(247)  Metaspace       used 6360K, committed 6528K, reserved 1114112K
[15.112s][debug][gc,heap        ] GC(247)   class space    used 546K, committed 640K, reserved 1048576K
[15.112s][info ][gc             ] GC(247) Pause Young (Allocation Failure) 862M->862M(989M) 0.098ms
[15.112s][info ][gc,cpu         ] GC(247) User=0.00s Sys=0.00s Real=0.00s
[15.112s][info ][gc,start       ] GC(248) Pause Full (Allocation Failure)
[15.112s][debug][gc,heap        ] GC(248) Heap before GC invocations=204 (full 44):
[15.112s][debug][gc,heap        ] GC(248)  def new generation   total 314560K, used 314521K [0x00000000c0000000, 0x00000000d5550000, 0x00000000d5550000)
[15.112s][debug][gc,heap        ] GC(248)   eden space 279616K, 100% used [0x00000000c0000000, 0x00000000d1110000, 0x00000000d1110000)
[15.112s][debug][gc,heap        ] GC(248)   from space 34944K,  99% used [0x00000000d3330000, 0x00000000d55465d0, 0x00000000d5550000)
[15.113s][debug][gc,heap        ] GC(248)   to   space 34944K,   0% used [0x00000000d1110000, 0x00000000d1110000, 0x00000000d3330000)
[15.113s][debug][gc,heap        ] GC(248)  tenured generation   total 699072K, used 569024K [0x00000000d5550000, 0x0000000100000000, 0x0000000100000000)
[15.113s][debug][gc,heap        ] GC(248)    the space 699072K,  81% used [0x00000000d5550000, 0x00000000f81000f8, 0x00000000f8100200, 0x0000000100000000)
[15.113s][debug][gc,heap        ] GC(248)  Metaspace       used 6360K, committed 6528K, reserved 1114112K
[15.113s][debug][gc,heap        ] GC(248)   class space    used 546K, committed 640K, reserved 1048576K
[15.113s][info ][gc,phases,start] GC(248) Phase 1: Mark live objects
[15.113s][info ][gc,phases      ] GC(248) Phase 1: Mark live objects 0.897ms
[15.113s][info ][gc,phases,start] GC(248) Phase 2: Compute new object addresses
[15.115s][info ][gc,phases      ] GC(248) Phase 2: Compute new object addresses 1.217ms
[15.115s][info ][gc,phases,start] GC(248) Phase 3: Adjust pointers
[15.115s][info ][gc,phases      ] GC(248) Phase 3: Adjust pointers 0.603ms
[15.115s][info ][gc,phases,start] GC(248) Phase 4: Move objects
[15.147s][info ][gc,phases      ] GC(248) Phase 4: Move objects 31.177ms
[15.147s][info ][gc,heap        ] GC(248) DefNew: 314521K(314560K)->0K(314560K) Eden: 279616K(279616K)->0K(279616K) From: 34905K(34944K)->0K(34944K)
[15.147s][info ][gc,heap        ] GC(248) Tenured: 569024K(699072K)->222270K(699072K)
[15.147s][info ][gc,metaspace   ] GC(248) Metaspace: 6360K(6528K)->6360K(6528K) NonClass: 5814K(5888K)->5814K(5888K) Class: 546K(640K)->546K(640K)
[15.147s][debug][gc,heap        ] GC(248) Heap after GC invocations=204 (full 45):
[15.147s][debug][gc,heap        ] GC(248)  def new generation   total 314560K, used 0K [0x00000000c0000000, 0x00000000d5550000, 0x00000000d5550000)
[15.147s][debug][gc,heap        ] GC(248)   eden space 279616K,   0% used [0x00000000c0000000, 0x00000000c0000000, 0x00000000d1110000)
[15.147s][debug][gc,heap        ] GC(248)   from space 34944K,   0% used [0x00000000d3330000, 0x00000000d3330000, 0x00000000d5550000)
[15.147s][debug][gc,heap        ] GC(248)   to   space 34944K,   0% used [0x00000000d1110000, 0x00000000d1110000, 0x00000000d3330000)
[15.147s][debug][gc,heap        ] GC(248)  tenured generation   total 699072K, used 222270K [0x00000000d5550000, 0x0000000100000000, 0x0000000100000000)
[15.147s][debug][gc,heap        ] GC(248)    the space 699072K,  31% used [0x00000000d5550000, 0x00000000e2e5f848, 0x00000000e2e5fa00, 0x0000000100000000)
[15.147s][debug][gc,heap        ] GC(248)  Metaspace       used 6360K, committed 6528K, reserved 1114112K
[15.147s][debug][gc,heap        ] GC(248)   class space    used 546K, committed 640K, reserved 1048576K
[15.147s][info ][gc             ] GC(248) Pause Full (Allocation Failure) 862M->217M(989M) 34.181ms
[15.147s][info ][gc,cpu         ] GC(248) User=0.03s Sys=0.00s Real=0.03s
[15.147s][info ][safepoint      ] Safepoint "GenCollectForAllocation", Time since last: 34561857 ns, Reaching safepoint: 3200 ns, Cleanup: 3900 ns, At safepoint: 34312858 ns, Total: 34319958 ns
[15.179s][info ][gc,start       ] GC(249) Pause Young (Allocation Failure)
[15.179s][debug][gc,heap        ] GC(249) Heap before GC invocations=204 (full 45):
[15.179s][debug][gc,heap        ] GC(249)  def new generation   total 314560K, used 279616K [0x00000000c0000000, 0x00000000d5550000, 0x00000000d5550000)
[15.179s][debug][gc,heap        ] GC(249)   eden space 279616K, 100% used [0x00000000c0000000, 0x00000000d1110000, 0x00000000d1110000)
[15.179s][debug][gc,heap        ] GC(249)   from space 34944K,   0% used [0x00000000d3330000, 0x00000000d3330000, 0x00000000d5550000)
[15.179s][debug][gc,heap        ] GC(249)   to   space 34944K,   0% used [0x00000000d1110000, 0x00000000d1110000, 0x00000000d3330000)
[15.179s][debug][gc,heap        ] GC(249)  tenured generation   total 699072K, used 222270K [0x00000000d5550000, 0x0000000100000000, 0x0000000100000000)
[15.179s][debug][gc,heap        ] GC(249)    the space 699072K,  31% used [0x00000000d5550000, 0x00000000e2e5f848, 0x00000000e2e5fa00, 0x0000000100000000)
[15.179s][debug][gc,heap        ] GC(249)  Metaspace       used 6360K, committed 6528K, reserved 1114112K
[15.179s][debug][gc,heap        ] GC(249)   class space    used 546K, committed 640K, reserved 1048576K
[15.203s][info ][gc,heap        ] GC(249) DefNew: 279616K(314560K)->34905K(314560K) Eden: 279616K(279616K)->0K(279616K) From: 0K(34944K)->34905K(34944K)
[15.203s][info ][gc,heap        ] GC(249) Tenured: 222270K(699072K)->336887K(699072K)
[15.203s][info ][gc,metaspace   ] GC(249) Metaspace: 6360K(6528K)->6360K(6528K) NonClass: 5814K(5888K)->5814K(5888K) Class: 546K(640K)->546K(640K)
[15.203s][debug][gc,heap        ] GC(249) Heap after GC invocations=205 (full 45):
[15.203s][debug][gc,heap        ] GC(249)  def new generation   total 314560K, used 34905K [0x00000000c0000000, 0x00000000d5550000, 0x00000000d5550000)
[15.203s][debug][gc,heap        ] GC(249)   eden space 279616K,   0% used [0x00000000c0000000, 0x00000000c0000000, 0x00000000d1110000)
[15.203s][debug][gc,heap        ] GC(249)   from space 34944K,  99% used [0x00000000d1110000, 0x00000000d33265d0, 0x00000000d3330000)
[15.203s][debug][gc,heap        ] GC(249)   to   space 34944K,   0% used [0x00000000d3330000, 0x00000000d3330000, 0x00000000d5550000)
[15.203s][debug][gc,heap        ] GC(249)  tenured generation   total 699072K, used 336887K [0x00000000d5550000, 0x0000000100000000, 0x0000000100000000)
[15.203s][debug][gc,heap        ] GC(249)    the space 699072K,  48% used [0x00000000d5550000, 0x00000000e9e4dfe8, 0x00000000e9e4e000, 0x0000000100000000)
[15.203s][debug][gc,heap        ] GC(249)  Metaspace       used 6360K, committed 6528K, reserved 1114112K
[15.203s][debug][gc,heap        ] GC(249)   class space    used 546K, committed 640K, reserved 1048576K
[15.203s][info ][gc             ] GC(249) Pause Young (Allocation Failure) 490M->363M(989M) 24.160ms
[15.203s][info ][gc,cpu         ] GC(249) User=0.03s Sys=0.00s Real=0.03s
[15.203s][info ][safepoint      ] Safepoint "GenCollectForAllocation", Time since last: 32195053 ns, Reaching safepoint: 3000 ns, Cleanup: 4000 ns, At safepoint: 24185040 ns, Total: 24192040 ns
[15.235s][info ][gc,start       ] GC(250) Pause Young (Allocation Failure)
[15.235s][debug][gc,heap        ] GC(250) Heap before GC invocations=205 (full 45):
[15.235s][debug][gc,heap        ] GC(250)  def new generation   total 314560K, used 314521K [0x00000000c0000000, 0x00000000d5550000, 0x00000000d5550000)
[15.235s][debug][gc,heap        ] GC(250)   eden space 279616K, 100% used [0x00000000c0000000, 0x00000000d1110000, 0x00000000d1110000)
[15.235s][debug][gc,heap        ] GC(250)   from space 34944K,  99% used [0x00000000d1110000, 0x00000000d33265d0, 0x00000000d3330000)
[15.235s][debug][gc,heap        ] GC(250)   to   space 34944K,   0% used [0x00000000d3330000, 0x00000000d3330000, 0x00000000d5550000)
[15.235s][debug][gc,heap        ] GC(250)  tenured generation   total 699072K, used 336887K [0x00000000d5550000, 0x0000000100000000, 0x0000000100000000)
[15.235s][debug][gc,heap        ] GC(250)    the space 699072K,  48% used [0x00000000d5550000, 0x00000000e9e4dfe8, 0x00000000e9e4e000, 0x0000000100000000)
[15.235s][debug][gc,heap        ] GC(250)  Metaspace       used 6360K, committed 6528K, reserved 1114112K
[15.235s][debug][gc,heap        ] GC(250)   class space    used 546K, committed 640K, reserved 1048576K
[15.261s][info ][gc,heap        ] GC(250) DefNew: 314521K(314560K)->34905K(314560K) Eden: 279616K(279616K)->0K(279616K) From: 34905K(34944K)->34905K(34944K)
[15.261s][info ][gc,heap        ] GC(250) Tenured: 336887K(699072K)->461707K(699072K)
[15.261s][info ][gc,metaspace   ] GC(250) Metaspace: 6360K(6528K)->6360K(6528K) NonClass: 5814K(5888K)->5814K(5888K) Class: 546K(640K)->546K(640K)
[15.261s][debug][gc,heap        ] GC(250) Heap after GC invocations=206 (full 45):
[15.261s][debug][gc,heap        ] GC(250)  def new generation   total 314560K, used 34905K [0x00000000c0000000, 0x00000000d5550000, 0x00000000d5550000)
[15.261s][debug][gc,heap        ] GC(250)   eden space 279616K,   0% used [0x00000000c0000000, 0x00000000c0000000, 0x00000000d1110000)
[15.261s][debug][gc,heap        ] GC(250)   from space 34944K,  99% used [0x00000000d3330000, 0x00000000d55465d0, 0x00000000d5550000)
[15.261s][debug][gc,heap        ] GC(250)   to   space 34944K,   0% used [0x00000000d1110000, 0x00000000d1110000, 0x00000000d3330000)
[15.261s][debug][gc,heap        ] GC(250)  tenured generation   total 699072K, used 461707K [0x00000000d5550000, 0x0000000100000000, 0x0000000100000000)
[15.261s][debug][gc,heap        ] GC(250)    the space 699072K,  66% used [0x00000000d5550000, 0x00000000f1832de8, 0x00000000f1832e00, 0x0000000100000000)
[15.261s][debug][gc,heap        ] GC(250)  Metaspace       used 6360K, committed 6528K, reserved 1114112K
[15.261s][debug][gc,heap        ] GC(250)   class space    used 546K, committed 640K, reserved 1048576K
[15.261s][info ][gc             ] GC(250) Pause Young (Allocation Failure) 636M->484M(989M) 26.390ms
[15.261s][info ][gc,cpu         ] GC(250) User=0.03s Sys=0.00s Real=0.03s
[15.261s][info ][safepoint      ] Safepoint "GenCollectForAllocation", Time since last: 31635653 ns, Reaching safepoint: 3400 ns, Cleanup: 3600 ns, At safepoint: 26414844 ns, Total: 26421844 ns
[15.294s][info ][gc,start       ] GC(251) Pause Young (Allocation Failure)
[15.294s][debug][gc,heap        ] GC(251) Heap before GC invocations=206 (full 45):
[15.294s][debug][gc,heap        ] GC(251)  def new generation   total 314560K, used 314521K [0x00000000c0000000, 0x00000000d5550000, 0x00000000d5550000)
[15.294s][debug][gc,heap        ] GC(251)   eden space 279616K, 100% used [0x00000000c0000000, 0x00000000d1110000, 0x00000000d1110000)
[15.294s][debug][gc,heap        ] GC(251)   from space 34944K,  99% used [0x00000000d3330000, 0x00000000d55465d0, 0x00000000d5550000)
[15.294s][debug][gc,heap        ] GC(251)   to   space 34944K,   0% used [0x00000000d1110000, 0x00000000d1110000, 0x00000000d3330000)
[15.294s][debug][gc,heap        ] GC(251)  tenured generation   total 699072K, used 461707K [0x00000000d5550000, 0x0000000100000000, 0x0000000100000000)
[15.294s][debug][gc,heap        ] GC(251)    the space 699072K,  66% used [0x00000000d5550000, 0x00000000f1832de8, 0x00000000f1832e00, 0x0000000100000000)
[15.294s][debug][gc,heap        ] GC(251)  Metaspace       used 6360K, committed 6528K, reserved 1114112K
[15.294s][debug][gc,heap        ] GC(251)   class space    used 546K, committed 640K, reserved 1048576K
[15.319s][info ][gc,heap        ] GC(251) DefNew: 314521K(314560K)->34905K(314560K) Eden: 279616K(279616K)->0K(279616K) From: 34905K(34944K)->34905K(34944K)
[15.319s][info ][gc,heap        ] GC(251) Tenured: 461707K(699072K)->584526K(699072K)
[15.319s][info ][gc,metaspace   ] GC(251) Metaspace: 6360K(6528K)->6360K(6528K) NonClass: 5814K(5888K)->5814K(5888K) Class: 546K(640K)->546K(640K)
[15.319s][debug][gc,heap        ] GC(251) Heap after GC invocations=207 (full 45):
[15.319s][debug][gc,heap        ] GC(251)  def new generation   total 314560K, used 34905K [0x00000000c0000000, 0x00000000d5550000, 0x00000000d5550000)
[15.319s][debug][gc,heap        ] GC(251)   eden space 279616K,   0% used [0x00000000c0000000, 0x00000000c0000000, 0x00000000d1110000)
[15.319s][debug][gc,heap        ] GC(251)   from space 34944K,  99% used [0x00000000d1110000, 0x00000000d33265d0, 0x00000000d3330000)
[15.319s][debug][gc,heap        ] GC(251)   to   space 34944K,   0% used [0x00000000d3330000, 0x00000000d3330000, 0x00000000d5550000)
[15.319s][debug][gc,heap        ] GC(251)  tenured generation   total 699072K, used 584526K [0x00000000d5550000, 0x0000000100000000, 0x0000000100000000)
[15.319s][debug][gc,heap        ] GC(251)    the space 699072K,  83% used [0x00000000d5550000, 0x00000000f9023aa8, 0x00000000f9023c00, 0x0000000100000000)
[15.319s][debug][gc,heap        ] GC(251)  Metaspace       used 6360K, committed 6528K, reserved 1114112K
[15.319s][debug][gc,heap        ] GC(251)   class space    used 546K, committed 640K, reserved 1048576K
[15.319s][info ][gc             ] GC(251) Pause Young (Allocation Failure) 758M->604M(989M) 25.572ms
[15.319s][info ][gc,cpu         ] GC(251) User=0.02s Sys=0.00s Real=0.02s
[15.319s][info ][safepoint      ] Safepoint "GenCollectForAllocation", Time since last: 32363054 ns, Reaching safepoint: 2900 ns, Cleanup: 3600 ns, At safepoint: 25598442 ns, Total: 25604942 ns
[15.355s][info ][gc,start       ] GC(252) Pause Young (Allocation Failure)
[15.355s][debug][gc,heap        ] GC(252) Heap before GC invocations=207 (full 45):
[15.355s][debug][gc,heap        ] GC(252)  def new generation   total 314560K, used 314521K [0x00000000c0000000, 0x00000000d5550000, 0x00000000d5550000)
[15.355s][debug][gc,heap        ] GC(252)   eden space 279616K, 100% used [0x00000000c0000000, 0x00000000d1110000, 0x00000000d1110000)
[15.355s][debug][gc,heap        ] GC(252)   from space 34944K,  99% used [0x00000000d1110000, 0x00000000d33265d0, 0x00000000d3330000)
[15.355s][debug][gc,heap        ] GC(252)   to   space 34944K,   0% used [0x00000000d3330000, 0x00000000d3330000, 0x00000000d5550000)
[15.355s][debug][gc,heap        ] GC(252)  tenured generation   total 699072K, used 584526K [0x00000000d5550000, 0x0000000100000000, 0x0000000100000000)
[15.355s][debug][gc,heap        ] GC(252)    the space 699072K,  83% used [0x00000000d5550000, 0x00000000f9023aa8, 0x00000000f9023c00, 0x0000000100000000)
[15.355s][debug][gc,heap        ] GC(252)  Metaspace       used 6360K, committed 6528K, reserved 1114112K
[15.355s][debug][gc,heap        ] GC(252)   class space    used 546K, committed 640K, reserved 1048576K
[15.355s][debug][gc,heap        ] GC(252) Heap after GC invocations=208 (full 45):
[15.355s][debug][gc,heap        ] GC(252)  def new generation   total 314560K, used 314521K [0x00000000c0000000, 0x00000000d5550000, 0x00000000d5550000)
[15.355s][debug][gc,heap        ] GC(252)   eden space 279616K, 100% used [0x00000000c0000000, 0x00000000d1110000, 0x00000000d1110000)
[15.355s][debug][gc,heap        ] GC(252)   from space 34944K,  99% used [0x00000000d1110000, 0x00000000d33265d0, 0x00000000d3330000)
[15.355s][debug][gc,heap        ] GC(252)   to   space 34944K,   0% used [0x00000000d3330000, 0x00000000d3330000, 0x00000000d5550000)
[15.355s][debug][gc,heap        ] GC(252)  tenured generation   total 699072K, used 584526K [0x00000000d5550000, 0x0000000100000000, 0x0000000100000000)
[15.355s][debug][gc,heap        ] GC(252)    the space 699072K,  83% used [0x00000000d5550000, 0x00000000f9023aa8, 0x00000000f9023c00, 0x0000000100000000)
[15.355s][debug][gc,heap        ] GC(252)  Metaspace       used 6360K, committed 6528K, reserved 1114112K
[15.355s][debug][gc,heap        ] GC(252)   class space    used 546K, committed 640K, reserved 1048576K
[15.355s][info ][gc             ] GC(252) Pause Young (Allocation Failure) 877M->877M(989M) 0.182ms
[15.355s][info ][gc,cpu         ] GC(252) User=0.00s Sys=0.00s Real=0.00s
[15.355s][info ][gc,start       ] GC(253) Pause Full (Allocation Failure)
[15.355s][debug][gc,heap        ] GC(253) Heap before GC invocations=208 (full 45):
[15.355s][debug][gc,heap        ] GC(253)  def new generation   total 314560K, used 314521K [0x00000000c0000000, 0x00000000d5550000, 0x00000000d5550000)
[15.355s][debug][gc,heap        ] GC(253)   eden space 279616K, 100% used [0x00000000c0000000, 0x00000000d1110000, 0x00000000d1110000)
[15.355s][debug][gc,heap        ] GC(253)   from space 34944K,  99% used [0x00000000d1110000, 0x00000000d33265d0, 0x00000000d3330000)
[15.355s][debug][gc,heap        ] GC(253)   to   space 34944K,   0% used [0x00000000d3330000, 0x00000000d3330000, 0x00000000d5550000)
[15.355s][debug][gc,heap        ] GC(253)  tenured generation   total 699072K, used 584526K [0x00000000d5550000, 0x0000000100000000, 0x0000000100000000)
[15.355s][debug][gc,heap        ] GC(253)    the space 699072K,  83% used [0x00000000d5550000, 0x00000000f9023aa8, 0x00000000f9023c00, 0x0000000100000000)
[15.355s][debug][gc,heap        ] GC(253)  Metaspace       used 6360K, committed 6528K, reserved 1114112K
[15.355s][debug][gc,heap        ] GC(253)   class space    used 546K, committed 640K, reserved 1048576K
[15.355s][info ][gc,phases,start] GC(253) Phase 1: Mark live objects
[15.356s][info ][gc,phases      ] GC(253) Phase 1: Mark live objects 0.914ms
[15.356s][info ][gc,phases,start] GC(253) Phase 2: Compute new object addresses
[15.357s][info ][gc,phases      ] GC(253) Phase 2: Compute new object addresses 1.259ms
[15.357s][info ][gc,phases,start] GC(253) Phase 3: Adjust pointers
[15.358s][info ][gc,phases      ] GC(253) Phase 3: Adjust pointers 0.620ms
[15.358s][info ][gc,phases,start] GC(253) Phase 4: Move objects
[15.390s][info ][gc,phases      ] GC(253) Phase 4: Move objects 32.028ms
[15.390s][info ][gc,heap        ] GC(253) DefNew: 314521K(314560K)->0K(314560K) Eden: 279616K(279616K)->0K(279616K) From: 34905K(34944K)->0K(34944K)
[15.390s][info ][gc,heap        ] GC(253) Tenured: 584526K(699072K)->200766K(699072K)
[15.390s][info ][gc,metaspace   ] GC(253) Metaspace: 6360K(6528K)->6360K(6528K) NonClass: 5814K(5888K)->5814K(5888K) Class: 546K(640K)->546K(640K)
[15.390s][debug][gc,heap        ] GC(253) Heap after GC invocations=208 (full 46):
[15.390s][debug][gc,heap        ] GC(253)  def new generation   total 314560K, used 0K [0x00000000c0000000, 0x00000000d5550000, 0x00000000d5550000)
[15.390s][debug][gc,heap        ] GC(253)   eden space 279616K,   0% used [0x00000000c0000000, 0x00000000c0000000, 0x00000000d1110000)
[15.390s][debug][gc,heap        ] GC(253)   from space 34944K,   0% used [0x00000000d1110000, 0x00000000d1110000, 0x00000000d3330000)
[15.390s][debug][gc,heap        ] GC(253)   to   space 34944K,   0% used [0x00000000d3330000, 0x00000000d3330000, 0x00000000d5550000)
[15.390s][debug][gc,heap        ] GC(253)  tenured generation   total 699072K, used 200766K [0x00000000d5550000, 0x0000000100000000, 0x0000000100000000)
[15.390s][debug][gc,heap        ] GC(253)    the space 699072K,  28% used [0x00000000d5550000, 0x00000000e195fad8, 0x00000000e195fc00, 0x0000000100000000)
[15.390s][debug][gc,heap        ] GC(253)  Metaspace       used 6360K, committed 6528K, reserved 1114112K
[15.390s][debug][gc,heap        ] GC(253)   class space    used 546K, committed 640K, reserved 1048576K
[15.390s][info ][gc             ] GC(253) Pause Full (Allocation Failure) 877M->196M(989M) 35.179ms
[15.390s][info ][gc,cpu         ] GC(253) User=0.04s Sys=0.00s Real=0.03s
[15.390s][info ][safepoint      ] Safepoint "GenCollectForAllocation", Time since last: 35735060 ns, Reaching safepoint: 3400 ns, Cleanup: 3800 ns, At safepoint: 35396058 ns, Total: 35403258 ns
[15.422s][info ][gc,start       ] GC(254) Pause Young (Allocation Failure)
[15.422s][debug][gc,heap        ] GC(254) Heap before GC invocations=208 (full 46):
[15.422s][debug][gc,heap        ] GC(254)  def new generation   total 314560K, used 279616K [0x00000000c0000000, 0x00000000d5550000, 0x00000000d5550000)
[15.422s][debug][gc,heap        ] GC(254)   eden space 279616K, 100% used [0x00000000c0000000, 0x00000000d1110000, 0x00000000d1110000)
[15.422s][debug][gc,heap        ] GC(254)   from space 34944K,   0% used [0x00000000d1110000, 0x00000000d1110000, 0x00000000d3330000)
[15.422s][debug][gc,heap        ] GC(254)   to   space 34944K,   0% used [0x00000000d3330000, 0x00000000d3330000, 0x00000000d5550000)
[15.422s][debug][gc,heap        ] GC(254)  tenured generation   total 699072K, used 200766K [0x00000000d5550000, 0x0000000100000000, 0x0000000100000000)
[15.422s][debug][gc,heap        ] GC(254)    the space 699072K,  28% used [0x00000000d5550000, 0x00000000e195fad8, 0x00000000e195fc00, 0x0000000100000000)
[15.422s][debug][gc,heap        ] GC(254)  Metaspace       used 6360K, committed 6528K, reserved 1114112K
[15.422s][debug][gc,heap        ] GC(254)   class space    used 546K, committed 640K, reserved 1048576K
[15.446s][info ][gc,heap        ] GC(254) DefNew: 279616K(314560K)->34905K(314560K) Eden: 279616K(279616K)->0K(279616K) From: 0K(34944K)->34905K(34944K)
[15.446s][info ][gc,heap        ] GC(254) Tenured: 200766K(699072K)->316384K(699072K)
[15.446s][info ][gc,metaspace   ] GC(254) Metaspace: 6360K(6528K)->6360K(6528K) NonClass: 5814K(5888K)->5814K(5888K) Class: 546K(640K)->546K(640K)
[15.446s][debug][gc,heap        ] GC(254) Heap after GC invocations=209 (full 46):
[15.446s][debug][gc,heap        ] GC(254)  def new generation   total 314560K, used 34905K [0x00000000c0000000, 0x00000000d5550000, 0x00000000d5550000)
[15.446s][debug][gc,heap        ] GC(254)   eden space 279616K,   0% used [0x00000000c0000000, 0x00000000c0000000, 0x00000000d1110000)
[15.446s][debug][gc,heap        ] GC(254)   from space 34944K,  99% used [0x00000000d3330000, 0x00000000d55465d0, 0x00000000d5550000)
[15.446s][debug][gc,heap        ] GC(254)   to   space 34944K,   0% used [0x00000000d1110000, 0x00000000d1110000, 0x00000000d3330000)
[15.446s][debug][gc,heap        ] GC(254)  tenured generation   total 699072K, used 316384K [0x00000000d5550000, 0x0000000100000000, 0x0000000100000000)
[15.446s][debug][gc,heap        ] GC(254)    the space 699072K,  45% used [0x00000000d5550000, 0x00000000e8a48318, 0x00000000e8a48400, 0x0000000100000000)
[15.446s][debug][gc,heap        ] GC(254)  Metaspace       used 6360K, committed 6528K, reserved 1114112K
[15.446s][debug][gc,heap        ] GC(254)   class space    used 546K, committed 640K, reserved 1048576K
[15.446s][info ][gc             ] GC(254) Pause Young (Allocation Failure) 469M->343M(989M) 24.088ms
[15.446s][info ][gc,cpu         ] GC(254) User=0.02s Sys=0.00s Real=0.02s
[15.446s][info ][safepoint      ] Safepoint "GenCollectForAllocation", Time since last: 31413253 ns, Reaching safepoint: 3000 ns, Cleanup: 3700 ns, At safepoint: 24113440 ns, Total: 24120140 ns
[15.480s][info ][gc,start       ] GC(255) Pause Young (Allocation Failure)
[15.480s][debug][gc,heap        ] GC(255) Heap before GC invocations=209 (full 46):
[15.480s][debug][gc,heap        ] GC(255)  def new generation   total 314560K, used 314521K [0x00000000c0000000, 0x00000000d5550000, 0x00000000d5550000)
[15.480s][debug][gc,heap        ] GC(255)   eden space 279616K, 100% used [0x00000000c0000000, 0x00000000d1110000, 0x00000000d1110000)
[15.480s][debug][gc,heap        ] GC(255)   from space 34944K,  99% used [0x00000000d3330000, 0x00000000d55465d0, 0x00000000d5550000)
[15.480s][debug][gc,heap        ] GC(255)   to   space 34944K,   0% used [0x00000000d1110000, 0x00000000d1110000, 0x00000000d3330000)
[15.480s][debug][gc,heap        ] GC(255)  tenured generation   total 699072K, used 316384K [0x00000000d5550000, 0x0000000100000000, 0x0000000100000000)
[15.480s][debug][gc,heap        ] GC(255)    the space 699072K,  45% used [0x00000000d5550000, 0x00000000e8a48318, 0x00000000e8a48400, 0x0000000100000000)
[15.480s][debug][gc,heap        ] GC(255)  Metaspace       used 6360K, committed 6528K, reserved 1114112K
[15.480s][debug][gc,heap        ] GC(255)   class space    used 546K, committed 640K, reserved 1048576K
[15.506s][info ][gc,heap        ] GC(255) DefNew: 314521K(314560K)->34905K(314560K) Eden: 279616K(279616K)->0K(279616K) From: 34905K(34944K)->34905K(34944K)
[15.506s][info ][gc,heap        ] GC(255) Tenured: 316384K(699072K)->439403K(699072K)
[15.506s][info ][gc,metaspace   ] GC(255) Metaspace: 6360K(6528K)->6360K(6528K) NonClass: 5814K(5888K)->5814K(5888K) Class: 546K(640K)->546K(640K)
[15.506s][debug][gc,heap        ] GC(255) Heap after GC invocations=210 (full 46):
[15.506s][debug][gc,heap        ] GC(255)  def new generation   total 314560K, used 34905K [0x00000000c0000000, 0x00000000d5550000, 0x00000000d5550000)
[15.506s][debug][gc,heap        ] GC(255)   eden space 279616K,   0% used [0x00000000c0000000, 0x00000000c0000000, 0x00000000d1110000)
[15.506s][debug][gc,heap        ] GC(255)   from space 34944K,  99% used [0x00000000d1110000, 0x00000000d33265d0, 0x00000000d3330000)
[15.506s][debug][gc,heap        ] GC(255)   to   space 34944K,   0% used [0x00000000d3330000, 0x00000000d3330000, 0x00000000d5550000)
[15.506s][debug][gc,heap        ] GC(255)  tenured generation   total 699072K, used 439403K [0x00000000d5550000, 0x0000000100000000, 0x0000000100000000)
[15.506s][debug][gc,heap        ] GC(255)    the space 699072K,  62% used [0x00000000d5550000, 0x00000000f026aff8, 0x00000000f026b000, 0x0000000100000000)
[15.506s][debug][gc,heap        ] GC(255)  Metaspace       used 6360K, committed 6528K, reserved 1114112K
[15.506s][debug][gc,heap        ] GC(255)   class space    used 546K, committed 640K, reserved 1048576K
[15.506s][info ][gc             ] GC(255) Pause Young (Allocation Failure) 616M->463M(989M) 26.505ms
[15.506s][info ][gc,cpu         ] GC(255) User=0.02s Sys=0.00s Real=0.03s
[15.506s][info ][safepoint      ] Safepoint "GenCollectForAllocation", Time since last: 34139757 ns, Reaching safepoint: 3200 ns, Cleanup: 3800 ns, At safepoint: 26530144 ns, Total: 26537144 ns
[15.539s][info ][gc,start       ] GC(256) Pause Young (Allocation Failure)
[15.539s][debug][gc,heap        ] GC(256) Heap before GC invocations=210 (full 46):
[15.539s][debug][gc,heap        ] GC(256)  def new generation   total 314560K, used 314521K [0x00000000c0000000, 0x00000000d5550000, 0x00000000d5550000)
[15.539s][debug][gc,heap        ] GC(256)   eden space 279616K, 100% used [0x00000000c0000000, 0x00000000d1110000, 0x00000000d1110000)
[15.539s][debug][gc,heap        ] GC(256)   from space 34944K,  99% used [0x00000000d1110000, 0x00000000d33265d0, 0x00000000d3330000)
[15.539s][debug][gc,heap        ] GC(256)   to   space 34944K,   0% used [0x00000000d3330000, 0x00000000d3330000, 0x00000000d5550000)
[15.539s][debug][gc,heap        ] GC(256)  tenured generation   total 699072K, used 439403K [0x00000000d5550000, 0x0000000100000000, 0x0000000100000000)
[15.539s][debug][gc,heap        ] GC(256)    the space 699072K,  62% used [0x00000000d5550000, 0x00000000f026aff8, 0x00000000f026b000, 0x0000000100000000)
[15.539s][debug][gc,heap        ] GC(256)  Metaspace       used 6360K, committed 6528K, reserved 1114112K
[15.539s][debug][gc,heap        ] GC(256)   class space    used 546K, committed 640K, reserved 1048576K
[15.564s][info ][gc,heap        ] GC(256) DefNew: 314521K(314560K)->34905K(314560K) Eden: 279616K(279616K)->0K(279616K) From: 34905K(34944K)->34905K(34944K)
[15.564s][info ][gc,heap        ] GC(256) Tenured: 439403K(699072K)->562323K(699072K)
[15.564s][info ][gc,metaspace   ] GC(256) Metaspace: 6360K(6528K)->6360K(6528K) NonClass: 5814K(5888K)->5814K(5888K) Class: 546K(640K)->546K(640K)
[15.564s][debug][gc,heap        ] GC(256) Heap after GC invocations=211 (full 46):
[15.564s][debug][gc,heap        ] GC(256)  def new generation   total 314560K, used 34905K [0x00000000c0000000, 0x00000000d5550000, 0x00000000d5550000)
[15.564s][debug][gc,heap        ] GC(256)   eden space 279616K,   0% used [0x00000000c0000000, 0x00000000c0000000, 0x00000000d1110000)
[15.564s][debug][gc,heap        ] GC(256)   from space 34944K,  99% used [0x00000000d3330000, 0x00000000d55465d0, 0x00000000d5550000)
[15.564s][debug][gc,heap        ] GC(256)   to   space 34944K,   0% used [0x00000000d1110000, 0x00000000d1110000, 0x00000000d3330000)
[15.564s][debug][gc,heap        ] GC(256)  tenured generation   total 699072K, used 562323K [0x00000000d5550000, 0x0000000100000000, 0x0000000100000000)
[15.564s][debug][gc,heap        ] GC(256)    the space 699072K,  80% used [0x00000000d5550000, 0x00000000f7a74cc8, 0x00000000f7a74e00, 0x0000000100000000)
[15.564s][debug][gc,heap        ] GC(256)  Metaspace       used 6360K, committed 6528K, reserved 1114112K
[15.564s][debug][gc,heap        ] GC(256)   class space    used 546K, committed 640K, reserved 1048576K
[15.564s][info ][gc             ] GC(256) Pause Young (Allocation Failure) 736M->583M(989M) 25.680ms
[15.564s][info ][gc,cpu         ] GC(256) User=0.03s Sys=0.00s Real=0.03s
[15.564s][info ][safepoint      ] Safepoint "GenCollectForAllocation", Time since last: 32192753 ns, Reaching safepoint: 3000 ns, Cleanup: 3800 ns, At safepoint: 25704543 ns, Total: 25711343 ns
[15.598s][info ][gc,start       ] GC(257) Pause Young (Allocation Failure)
[15.598s][debug][gc,heap        ] GC(257) Heap before GC invocations=211 (full 46):
[15.598s][debug][gc,heap        ] GC(257)  def new generation   total 314560K, used 314521K [0x00000000c0000000, 0x00000000d5550000, 0x00000000d5550000)
[15.598s][debug][gc,heap        ] GC(257)   eden space 279616K, 100% used [0x00000000c0000000, 0x00000000d1110000, 0x00000000d1110000)
[15.598s][debug][gc,heap        ] GC(257)   from space 34944K,  99% used [0x00000000d3330000, 0x00000000d55465d0, 0x00000000d5550000)
[15.598s][debug][gc,heap        ] GC(257)   to   space 34944K,   0% used [0x00000000d1110000, 0x00000000d1110000, 0x00000000d3330000)
[15.598s][debug][gc,heap        ] GC(257)  tenured generation   total 699072K, used 562323K [0x00000000d5550000, 0x0000000100000000, 0x0000000100000000)
[15.598s][debug][gc,heap        ] GC(257)    the space 699072K,  80% used [0x00000000d5550000, 0x00000000f7a74cc8, 0x00000000f7a74e00, 0x0000000100000000)
[15.598s][debug][gc,heap        ] GC(257)  Metaspace       used 6360K, committed 6528K, reserved 1114112K
[15.598s][debug][gc,heap        ] GC(257)   class space    used 546K, committed 640K, reserved 1048576K
[15.598s][debug][gc,heap        ] GC(257) Heap after GC invocations=212 (full 46):
[15.598s][debug][gc,heap        ] GC(257)  def new generation   total 314560K, used 314521K [0x00000000c0000000, 0x00000000d5550000, 0x00000000d5550000)
[15.598s][debug][gc,heap        ] GC(257)   eden space 279616K, 100% used [0x00000000c0000000, 0x00000000d1110000, 0x00000000d1110000)
[15.598s][debug][gc,heap        ] GC(257)   from space 34944K,  99% used [0x00000000d3330000, 0x00000000d55465d0, 0x00000000d5550000)
[15.598s][debug][gc,heap        ] GC(257)   to   space 34944K,   0% used [0x00000000d1110000, 0x00000000d1110000, 0x00000000d3330000)
[15.598s][debug][gc,heap        ] GC(257)  tenured generation   total 699072K, used 562323K [0x00000000d5550000, 0x0000000100000000, 0x0000000100000000)
[15.598s][debug][gc,heap        ] GC(257)    the space 699072K,  80% used [0x00000000d5550000, 0x00000000f7a74cc8, 0x00000000f7a74e00, 0x0000000100000000)
[15.598s][debug][gc,heap        ] GC(257)  Metaspace       used 6360K, committed 6528K, reserved 1114112K
[15.598s][debug][gc,heap        ] GC(257)   class space    used 546K, committed 640K, reserved 1048576K
[15.598s][info ][gc             ] GC(257) Pause Young (Allocation Failure) 856M->856M(989M) 0.196ms
[15.598s][info ][gc,cpu         ] GC(257) User=0.00s Sys=0.00s Real=0.00s
[15.598s][info ][gc,start       ] GC(258) Pause Full (Allocation Failure)
[15.598s][debug][gc,heap        ] GC(258) Heap before GC invocations=212 (full 46):
[15.598s][debug][gc,heap        ] GC(258)  def new generation   total 314560K, used 314521K [0x00000000c0000000, 0x00000000d5550000, 0x00000000d5550000)
[15.598s][debug][gc,heap        ] GC(258)   eden space 279616K, 100% used [0x00000000c0000000, 0x00000000d1110000, 0x00000000d1110000)
[15.598s][debug][gc,heap        ] GC(258)   from space 34944K,  99% used [0x00000000d3330000, 0x00000000d55465d0, 0x00000000d5550000)
[15.598s][debug][gc,heap        ] GC(258)   to   space 34944K,   0% used [0x00000000d1110000, 0x00000000d1110000, 0x00000000d3330000)
[15.598s][debug][gc,heap        ] GC(258)  tenured generation   total 699072K, used 562323K [0x00000000d5550000, 0x0000000100000000, 0x0000000100000000)
[15.598s][debug][gc,heap        ] GC(258)    the space 699072K,  80% used [0x00000000d5550000, 0x00000000f7a74cc8, 0x00000000f7a74e00, 0x0000000100000000)
[15.598s][debug][gc,heap        ] GC(258)  Metaspace       used 6360K, committed 6528K, reserved 1114112K
[15.598s][debug][gc,heap        ] GC(258)   class space    used 546K, committed 640K, reserved 1048576K
[15.598s][info ][gc,phases,start] GC(258) Phase 1: Mark live objects
[15.599s][info ][gc,phases      ] GC(258) Phase 1: Mark live objects 0.947ms
[15.599s][info ][gc,phases,start] GC(258) Phase 2: Compute new object addresses
[15.600s][info ][gc,phases      ] GC(258) Phase 2: Compute new object addresses 1.264ms
[15.600s][info ][gc,phases,start] GC(258) Phase 3: Adjust pointers
[15.601s][info ][gc,phases      ] GC(258) Phase 3: Adjust pointers 0.651ms
[15.601s][info ][gc,phases,start] GC(258) Phase 4: Move objects
[15.644s][info ][gc,phases      ] GC(258) Phase 4: Move objects 43.578ms
[15.644s][info ][gc,heap        ] GC(258) DefNew: 314521K(314560K)->0K(314560K) Eden: 279616K(279616K)->0K(279616K) From: 34905K(34944K)->0K(34944K)
[15.644s][info ][gc,heap        ] GC(258) Tenured: 562323K(699072K)->209168K(699072K)
[15.644s][info ][gc,metaspace   ] GC(258) Metaspace: 6360K(6528K)->6360K(6528K) NonClass: 5814K(5888K)->5814K(5888K) Class: 546K(640K)->546K(640K)
[15.644s][debug][gc,heap        ] GC(258) Heap after GC invocations=212 (full 47):
[15.644s][debug][gc,heap        ] GC(258)  def new generation   total 314560K, used 0K [0x00000000c0000000, 0x00000000d5550000, 0x00000000d5550000)
[15.645s][debug][gc,heap        ] GC(258)   eden space 279616K,   0% used [0x00000000c0000000, 0x00000000c0000000, 0x00000000d1110000)
[15.645s][debug][gc,heap        ] GC(258)   from space 34944K,   0% used [0x00000000d3330000, 0x00000000d3330000, 0x00000000d5550000)
[15.645s][debug][gc,heap        ] GC(258)   to   space 34944K,   0% used [0x00000000d1110000, 0x00000000d1110000, 0x00000000d3330000)
[15.645s][debug][gc,heap        ] GC(258)  tenured generation   total 699072K, used 209168K [0x00000000d5550000, 0x0000000100000000, 0x0000000100000000)
[15.645s][debug][gc,heap        ] GC(258)    the space 699072K,  29% used [0x00000000d5550000, 0x00000000e2194018, 0x00000000e2194200, 0x0000000100000000)
[15.645s][debug][gc,heap        ] GC(258)  Metaspace       used 6360K, committed 6528K, reserved 1114112K
[15.645s][debug][gc,heap        ] GC(258)   class space    used 546K, committed 640K, reserved 1048576K
[15.645s][info ][gc             ] GC(258) Pause Full (Allocation Failure) 856M->204M(989M) 46.779ms
[15.645s][info ][gc,cpu         ] GC(258) User=0.05s Sys=0.00s Real=0.05s
[15.645s][info ][safepoint      ] Safepoint "GenCollectForAllocation", Time since last: 33250255 ns, Reaching safepoint: 3200 ns, Cleanup: 3600 ns, At safepoint: 47011078 ns, Total: 47017878 ns
[15.681s][info ][gc,start       ] GC(259) Pause Young (Allocation Failure)
[15.681s][debug][gc,heap        ] GC(259) Heap before GC invocations=212 (full 47):
[15.681s][debug][gc,heap        ] GC(259)  def new generation   total 314560K, used 279616K [0x00000000c0000000, 0x00000000d5550000, 0x00000000d5550000)
[15.681s][debug][gc,heap        ] GC(259)   eden space 279616K, 100% used [0x00000000c0000000, 0x00000000d1110000, 0x00000000d1110000)
[15.681s][debug][gc,heap        ] GC(259)   from space 34944K,   0% used [0x00000000d3330000, 0x00000000d3330000, 0x00000000d5550000)
[15.681s][debug][gc,heap        ] GC(259)   to   space 34944K,   0% used [0x00000000d1110000, 0x00000000d1110000, 0x00000000d3330000)
[15.681s][debug][gc,heap        ] GC(259)  tenured generation   total 699072K, used 209168K [0x00000000d5550000, 0x0000000100000000, 0x0000000100000000)
[15.681s][debug][gc,heap        ] GC(259)    the space 699072K,  29% used [0x00000000d5550000, 0x00000000e2194018, 0x00000000e2194200, 0x0000000100000000)
[15.681s][debug][gc,heap        ] GC(259)  Metaspace       used 6360K, committed 6528K, reserved 1114112K
[15.681s][debug][gc,heap        ] GC(259)   class space    used 546K, committed 640K, reserved 1048576K
[15.706s][info ][gc,heap        ] GC(259) DefNew: 279616K(314560K)->34905K(314560K) Eden: 279616K(279616K)->0K(279616K) From: 0K(34944K)->34905K(34944K)
[15.706s][info ][gc,heap        ] GC(259) Tenured: 209168K(699072K)->322385K(699072K)
[15.706s][info ][gc,metaspace   ] GC(259) Metaspace: 6360K(6528K)->6360K(6528K) NonClass: 5814K(5888K)->5814K(5888K) Class: 546K(640K)->546K(640K)
[15.706s][debug][gc,heap        ] GC(259) Heap after GC invocations=213 (full 47):
[15.706s][debug][gc,heap        ] GC(259)  def new generation   total 314560K, used 34905K [0x00000000c0000000, 0x00000000d5550000, 0x00000000d5550000)
[15.706s][debug][gc,heap        ] GC(259)   eden space 279616K,   0% used [0x00000000c0000000, 0x00000000c0000000, 0x00000000d1110000)
[15.706s][debug][gc,heap        ] GC(259)   from space 34944K,  99% used [0x00000000d1110000, 0x00000000d33265d0, 0x00000000d3330000)
[15.706s][debug][gc,heap        ] GC(259)   to   space 34944K,   0% used [0x00000000d3330000, 0x00000000d3330000, 0x00000000d5550000)
[15.706s][debug][gc,heap        ] GC(259)  tenured generation   total 699072K, used 322385K [0x00000000d5550000, 0x0000000100000000, 0x0000000100000000)
[15.706s][debug][gc,heap        ] GC(259)    the space 699072K,  46% used [0x00000000d5550000, 0x00000000e90246d8, 0x00000000e9024800, 0x0000000100000000)
[15.706s][debug][gc,heap        ] GC(259)  Metaspace       used 6360K, committed 6528K, reserved 1114112K
[15.706s][debug][gc,heap        ] GC(259)   class space    used 546K, committed 640K, reserved 1048576K
[15.706s][info ][gc             ] GC(259) Pause Young (Allocation Failure) 477M->348M(989M) 25.216ms
[15.706s][info ][gc,cpu         ] GC(259) User=0.02s Sys=0.00s Real=0.02s
[15.706s][info ][safepoint      ] Safepoint "GenCollectForAllocation", Time since last: 36415761 ns, Reaching safepoint: 4100 ns, Cleanup: 4100 ns, At safepoint: 25314242 ns, Total: 25322442 ns
[15.741s][info ][gc,start       ] GC(260) Pause Young (Allocation Failure)
[15.741s][debug][gc,heap        ] GC(260) Heap before GC invocations=213 (full 47):
[15.741s][debug][gc,heap        ] GC(260)  def new generation   total 314560K, used 314521K [0x00000000c0000000, 0x00000000d5550000, 0x00000000d5550000)
[15.741s][debug][gc,heap        ] GC(260)   eden space 279616K, 100% used [0x00000000c0000000, 0x00000000d1110000, 0x00000000d1110000)
[15.741s][debug][gc,heap        ] GC(260)   from space 34944K,  99% used [0x00000000d1110000, 0x00000000d33265d0, 0x00000000d3330000)
[15.741s][debug][gc,heap        ] GC(260)   to   space 34944K,   0% used [0x00000000d3330000, 0x00000000d3330000, 0x00000000d5550000)
[15.741s][debug][gc,heap        ] GC(260)  tenured generation   total 699072K, used 322385K [0x00000000d5550000, 0x0000000100000000, 0x0000000100000000)
[15.741s][debug][gc,heap        ] GC(260)    the space 699072K,  46% used [0x00000000d5550000, 0x00000000e90246d8, 0x00000000e9024800, 0x0000000100000000)
[15.741s][debug][gc,heap        ] GC(260)  Metaspace       used 6360K, committed 6528K, reserved 1114112K
[15.741s][debug][gc,heap        ] GC(260)   class space    used 546K, committed 640K, reserved 1048576K
[15.778s][info ][gc,heap        ] GC(260) DefNew: 314521K(314560K)->34905K(314560K) Eden: 279616K(279616K)->0K(279616K) From: 34905K(34944K)->34905K(34944K)
[15.778s][info ][gc,heap        ] GC(260) Tenured: 322385K(699072K)->448405K(699072K)
[15.778s][info ][gc,metaspace   ] GC(260) Metaspace: 6360K(6528K)->6360K(6528K) NonClass: 5814K(5888K)->5814K(5888K) Class: 546K(640K)->546K(640K)
[15.778s][debug][gc,heap        ] GC(260) Heap after GC invocations=214 (full 47):
[15.778s][debug][gc,heap        ] GC(260)  def new generation   total 314560K, used 34905K [0x00000000c0000000, 0x00000000d5550000, 0x00000000d5550000)
[15.778s][debug][gc,heap        ] GC(260)   eden space 279616K,   0% used [0x00000000c0000000, 0x00000000c0000000, 0x00000000d1110000)
[15.778s][debug][gc,heap        ] GC(260)   from space 34944K,  99% used [0x00000000d3330000, 0x00000000d55465d0, 0x00000000d5550000)
[15.778s][debug][gc,heap        ] GC(260)   to   space 34944K,   0% used [0x00000000d1110000, 0x00000000d1110000, 0x00000000d3330000)
[15.778s][debug][gc,heap        ] GC(260)  tenured generation   total 699072K, used 448405K [0x00000000d5550000, 0x0000000100000000, 0x0000000100000000)
[15.778s][debug][gc,heap        ] GC(260)    the space 699072K,  64% used [0x00000000d5550000, 0x00000000f0b35598, 0x00000000f0b35600, 0x0000000100000000)
[15.778s][debug][gc,heap        ] GC(260)  Metaspace       used 6360K, committed 6528K, reserved 1114112K
[15.778s][debug][gc,heap        ] GC(260)   class space    used 546K, committed 640K, reserved 1048576K
[15.778s][info ][gc             ] GC(260) Pause Young (Allocation Failure) 621M->471M(989M) 37.068ms
[15.778s][info ][gc,cpu         ] GC(260) User=0.03s Sys=0.00s Real=0.03s
[15.778s][info ][safepoint      ] Safepoint "GenCollectForAllocation", Time since last: 34280657 ns, Reaching safepoint: 3400 ns, Cleanup: 3600 ns, At safepoint: 37095762 ns, Total: 37102762 ns
[15.814s][info ][gc,start       ] GC(261) Pause Young (Allocation Failure)
[15.814s][debug][gc,heap        ] GC(261) Heap before GC invocations=214 (full 47):
[15.814s][debug][gc,heap        ] GC(261)  def new generation   total 314560K, used 314521K [0x00000000c0000000, 0x00000000d5550000, 0x00000000d5550000)
[15.814s][debug][gc,heap        ] GC(261)   eden space 279616K, 100% used [0x00000000c0000000, 0x00000000d1110000, 0x00000000d1110000)
[15.814s][debug][gc,heap        ] GC(261)   from space 34944K,  99% used [0x00000000d3330000, 0x00000000d55465d0, 0x00000000d5550000)
[15.814s][debug][gc,heap        ] GC(261)   to   space 34944K,   0% used [0x00000000d1110000, 0x00000000d1110000, 0x00000000d3330000)
[15.814s][debug][gc,heap        ] GC(261)  tenured generation   total 699072K, used 448405K [0x00000000d5550000, 0x0000000100000000, 0x0000000100000000)
[15.814s][debug][gc,heap        ] GC(261)    the space 699072K,  64% used [0x00000000d5550000, 0x00000000f0b35598, 0x00000000f0b35600, 0x0000000100000000)
[15.814s][debug][gc,heap        ] GC(261)  Metaspace       used 6360K, committed 6528K, reserved 1114112K
[15.814s][debug][gc,heap        ] GC(261)   class space    used 546K, committed 640K, reserved 1048576K
[15.841s][info ][gc,heap        ] GC(261) DefNew: 314521K(314560K)->34905K(314560K) Eden: 279616K(279616K)->0K(279616K) From: 34905K(34944K)->34905K(34944K)
[15.841s][info ][gc,heap        ] GC(261) Tenured: 448405K(699072K)->571624K(699072K)
[15.841s][info ][gc,metaspace   ] GC(261) Metaspace: 6360K(6528K)->6360K(6528K) NonClass: 5814K(5888K)->5814K(5888K) Class: 546K(640K)->546K(640K)
[15.841s][debug][gc,heap        ] GC(261) Heap after GC invocations=215 (full 47):
[15.841s][debug][gc,heap        ] GC(261)  def new generation   total 314560K, used 34905K [0x00000000c0000000, 0x00000000d5550000, 0x00000000d5550000)
[15.841s][debug][gc,heap        ] GC(261)   eden space 279616K,   0% used [0x00000000c0000000, 0x00000000c0000000, 0x00000000d1110000)
[15.841s][debug][gc,heap        ] GC(261)   from space 34944K,  99% used [0x00000000d1110000, 0x00000000d33265d0, 0x00000000d3330000)
[15.841s][debug][gc,heap        ] GC(261)   to   space 34944K,   0% used [0x00000000d3330000, 0x00000000d3330000, 0x00000000d5550000)
[15.841s][debug][gc,heap        ] GC(261)  tenured generation   total 699072K, used 571624K [0x00000000d5550000, 0x0000000100000000, 0x0000000100000000)
[15.841s][debug][gc,heap        ] GC(261)    the space 699072K,  81% used [0x00000000d5550000, 0x00000000f838a298, 0x00000000f838a400, 0x0000000100000000)
[15.841s][debug][gc,heap        ] GC(261)  Metaspace       used 6360K, committed 6528K, reserved 1114112K
[15.841s][debug][gc,heap        ] GC(261)   class space    used 546K, committed 640K, reserved 1048576K
[15.841s][info ][gc             ] GC(261) Pause Young (Allocation Failure) 745M->592M(989M) 27.327ms
[15.841s][info ][gc,cpu         ] GC(261) User=0.03s Sys=0.00s Real=0.03s
[15.841s][info ][safepoint      ] Safepoint "GenCollectForAllocation", Time since last: 35858859 ns, Reaching safepoint: 3300 ns, Cleanup: 4000 ns, At safepoint: 27353346 ns, Total: 27360646 ns
[15.885s][info ][gc,start       ] GC(262) Pause Young (Allocation Failure)
[15.885s][debug][gc,heap        ] GC(262) Heap before GC invocations=215 (full 47):
[15.885s][debug][gc,heap        ] GC(262)  def new generation   total 314560K, used 314521K [0x00000000c0000000, 0x00000000d5550000, 0x00000000d5550000)
[15.885s][debug][gc,heap        ] GC(262)   eden space 279616K, 100% used [0x00000000c0000000, 0x00000000d1110000, 0x00000000d1110000)
[15.885s][debug][gc,heap        ] GC(262)   from space 34944K,  99% used [0x00000000d1110000, 0x00000000d33265d0, 0x00000000d3330000)
[15.885s][debug][gc,heap        ] GC(262)   to   space 34944K,   0% used [0x00000000d3330000, 0x00000000d3330000, 0x00000000d5550000)
[15.885s][debug][gc,heap        ] GC(262)  tenured generation   total 699072K, used 571624K [0x00000000d5550000, 0x0000000100000000, 0x0000000100000000)
[15.885s][debug][gc,heap        ] GC(262)    the space 699072K,  81% used [0x00000000d5550000, 0x00000000f838a298, 0x00000000f838a400, 0x0000000100000000)
[15.885s][debug][gc,heap        ] GC(262)  Metaspace       used 6360K, committed 6528K, reserved 1114112K
[15.885s][debug][gc,heap        ] GC(262)   class space    used 546K, committed 640K, reserved 1048576K
[15.885s][debug][gc,heap        ] GC(262) Heap after GC invocations=216 (full 47):
[15.885s][debug][gc,heap        ] GC(262)  def new generation   total 314560K, used 314521K [0x00000000c0000000, 0x00000000d5550000, 0x00000000d5550000)
[15.885s][debug][gc,heap        ] GC(262)   eden space 279616K, 100% used [0x00000000c0000000, 0x00000000d1110000, 0x00000000d1110000)
[15.885s][debug][gc,heap        ] GC(262)   from space 34944K,  99% used [0x00000000d1110000, 0x00000000d33265d0, 0x00000000d3330000)
[15.885s][debug][gc,heap        ] GC(262)   to   space 34944K,   0% used [0x00000000d3330000, 0x00000000d3330000, 0x00000000d5550000)
[15.885s][debug][gc,heap        ] GC(262)  tenured generation   total 699072K, used 571624K [0x00000000d5550000, 0x0000000100000000, 0x0000000100000000)
[15.885s][debug][gc,heap        ] GC(262)    the space 699072K,  81% used [0x00000000d5550000, 0x00000000f838a298, 0x00000000f838a400, 0x0000000100000000)
[15.885s][debug][gc,heap        ] GC(262)  Metaspace       used 6360K, committed 6528K, reserved 1114112K
[15.885s][debug][gc,heap        ] GC(262)   class space    used 546K, committed 640K, reserved 1048576K
[15.885s][info ][gc             ] GC(262) Pause Young (Allocation Failure) 865M->865M(989M) 0.216ms
[15.885s][info ][gc,cpu         ] GC(262) User=0.00s Sys=0.00s Real=0.00s
[15.885s][info ][gc,start       ] GC(263) Pause Full (Allocation Failure)
[15.885s][debug][gc,heap        ] GC(263) Heap before GC invocations=216 (full 47):
[15.885s][debug][gc,heap        ] GC(263)  def new generation   total 314560K, used 314521K [0x00000000c0000000, 0x00000000d5550000, 0x00000000d5550000)
[15.885s][debug][gc,heap        ] GC(263)   eden space 279616K, 100% used [0x00000000c0000000, 0x00000000d1110000, 0x00000000d1110000)
[15.885s][debug][gc,heap        ] GC(263)   from space 34944K,  99% used [0x00000000d1110000, 0x00000000d33265d0, 0x00000000d3330000)
[15.885s][debug][gc,heap        ] GC(263)   to   space 34944K,   0% used [0x00000000d3330000, 0x00000000d3330000, 0x00000000d5550000)
[15.885s][debug][gc,heap        ] GC(263)  tenured generation   total 699072K, used 571624K [0x00000000d5550000, 0x0000000100000000, 0x0000000100000000)
[15.885s][debug][gc,heap        ] GC(263)    the space 699072K,  81% used [0x00000000d5550000, 0x00000000f838a298, 0x00000000f838a400, 0x0000000100000000)
[15.885s][debug][gc,heap        ] GC(263)  Metaspace       used 6360K, committed 6528K, reserved 1114112K
[15.885s][debug][gc,heap        ] GC(263)   class space    used 546K, committed 640K, reserved 1048576K
[15.885s][info ][gc,phases,start] GC(263) Phase 1: Mark live objects
[15.886s][info ][gc,phases      ] GC(263) Phase 1: Mark live objects 0.979ms
[15.886s][info ][gc,phases,start] GC(263) Phase 2: Compute new object addresses
[15.888s][info ][gc,phases      ] GC(263) Phase 2: Compute new object addresses 1.498ms
[15.888s][info ][gc,phases,start] GC(263) Phase 3: Adjust pointers
[15.888s][info ][gc,phases      ] GC(263) Phase 3: Adjust pointers 0.771ms
[15.888s][info ][gc,phases,start] GC(263) Phase 4: Move objects
[15.922s][info ][gc,phases      ] GC(263) Phase 4: Move objects 33.359ms
[15.922s][info ][gc,heap        ] GC(263) DefNew: 314521K(314560K)->0K(314560K) Eden: 279616K(279616K)->0K(279616K) From: 34905K(34944K)->0K(34944K)
[15.922s][info ][gc,heap        ] GC(263) Tenured: 571624K(699072K)->200766K(699072K)
[15.922s][info ][gc,metaspace   ] GC(263) Metaspace: 6360K(6528K)->6360K(6528K) NonClass: 5814K(5888K)->5814K(5888K) Class: 546K(640K)->546K(640K)
[15.922s][debug][gc,heap        ] GC(263) Heap after GC invocations=216 (full 48):
[15.922s][debug][gc,heap        ] GC(263)  def new generation   total 314560K, used 0K [0x00000000c0000000, 0x00000000d5550000, 0x00000000d5550000)
[15.922s][debug][gc,heap        ] GC(263)   eden space 279616K,   0% used [0x00000000c0000000, 0x00000000c0000000, 0x00000000d1110000)
[15.922s][debug][gc,heap        ] GC(263)   from space 34944K,   0% used [0x00000000d1110000, 0x00000000d1110000, 0x00000000d3330000)
[15.922s][debug][gc,heap        ] GC(263)   to   space 34944K,   0% used [0x00000000d3330000, 0x00000000d3330000, 0x00000000d5550000)
[15.922s][debug][gc,heap        ] GC(263)  tenured generation   total 699072K, used 200766K [0x00000000d5550000, 0x0000000100000000, 0x0000000100000000)
[15.922s][debug][gc,heap        ] GC(263)    the space 699072K,  28% used [0x00000000d5550000, 0x00000000e195fad8, 0x00000000e195fc00, 0x0000000100000000)
[15.922s][debug][gc,heap        ] GC(263)  Metaspace       used 6360K, committed 6528K, reserved 1114112K
[15.922s][debug][gc,heap        ] GC(263)   class space    used 546K, committed 640K, reserved 1048576K
[15.923s][info ][gc             ] GC(263) Pause Full (Allocation Failure) 865M->196M(989M) 37.390ms
[15.923s][info ][gc,cpu         ] GC(263) User=0.04s Sys=0.00s Real=0.04s
[15.923s][info ][safepoint      ] Safepoint "GenCollectForAllocation", Time since last: 43907573 ns, Reaching safepoint: 4500 ns, Cleanup: 5300 ns, At safepoint: 37644662 ns, Total: 37654462 ns
[15.954s][info ][gc,start       ] GC(264) Pause Young (Allocation Failure)
[15.954s][debug][gc,heap        ] GC(264) Heap before GC invocations=216 (full 48):
[15.954s][debug][gc,heap        ] GC(264)  def new generation   total 314560K, used 279616K [0x00000000c0000000, 0x00000000d5550000, 0x00000000d5550000)
[15.954s][debug][gc,heap        ] GC(264)   eden space 279616K, 100% used [0x00000000c0000000, 0x00000000d1110000, 0x00000000d1110000)
[15.954s][debug][gc,heap        ] GC(264)   from space 34944K,   0% used [0x00000000d1110000, 0x00000000d1110000, 0x00000000d3330000)
[15.954s][debug][gc,heap        ] GC(264)   to   space 34944K,   0% used [0x00000000d3330000, 0x00000000d3330000, 0x00000000d5550000)
[15.954s][debug][gc,heap        ] GC(264)  tenured generation   total 699072K, used 200766K [0x00000000d5550000, 0x0000000100000000, 0x0000000100000000)
[15.954s][debug][gc,heap        ] GC(264)    the space 699072K,  28% used [0x00000000d5550000, 0x00000000e195fad8, 0x00000000e195fc00, 0x0000000100000000)
[15.954s][debug][gc,heap        ] GC(264)  Metaspace       used 6360K, committed 6528K, reserved 1114112K
[15.954s][debug][gc,heap        ] GC(264)   class space    used 546K, committed 640K, reserved 1048576K
[15.979s][info ][gc,heap        ] GC(264) DefNew: 279616K(314560K)->34905K(314560K) Eden: 279616K(279616K)->0K(279616K) From: 0K(34944K)->34905K(34944K)
[15.979s][info ][gc,heap        ] GC(264) Tenured: 200766K(699072K)->314684K(699072K)
[15.979s][info ][gc,metaspace   ] GC(264) Metaspace: 6360K(6528K)->6360K(6528K) NonClass: 5814K(5888K)->5814K(5888K) Class: 546K(640K)->546K(640K)
[15.979s][debug][gc,heap        ] GC(264) Heap after GC invocations=217 (full 48):
[15.979s][debug][gc,heap        ] GC(264)  def new generation   total 314560K, used 34905K [0x00000000c0000000, 0x00000000d5550000, 0x00000000d5550000)
[15.979s][debug][gc,heap        ] GC(264)   eden space 279616K,   0% used [0x00000000c0000000, 0x00000000c0000000, 0x00000000d1110000)
[15.979s][debug][gc,heap        ] GC(264)   from space 34944K,  99% used [0x00000000d3330000, 0x00000000d55465d0, 0x00000000d5550000)
[15.979s][debug][gc,heap        ] GC(264)   to   space 34944K,   0% used [0x00000000d1110000, 0x00000000d1110000, 0x00000000d3330000)
[15.979s][debug][gc,heap        ] GC(264)  tenured generation   total 699072K, used 314684K [0x00000000d5550000, 0x0000000100000000, 0x0000000100000000)
[15.979s][debug][gc,heap        ] GC(264)    the space 699072K,  45% used [0x00000000d5550000, 0x00000000e889f208, 0x00000000e889f400, 0x0000000100000000)
[15.979s][debug][gc,heap        ] GC(264)  Metaspace       used 6360K, committed 6528K, reserved 1114112K
[15.979s][debug][gc,heap        ] GC(264)   class space    used 546K, committed 640K, reserved 1048576K
[15.979s][info ][gc             ] GC(264) Pause Young (Allocation Failure) 469M->341M(989M) 25.564ms
[15.979s][info ][gc,cpu         ] GC(264) User=0.02s Sys=0.00s Real=0.02s
[15.979s][info ][safepoint      ] Safepoint "GenCollectForAllocation", Time since last: 30969752 ns, Reaching safepoint: 3300 ns, Cleanup: 3800 ns, At safepoint: 25588642 ns, Total: 25595742 ns
[16.013s][info ][gc,start       ] GC(265) Pause Young (Allocation Failure)
[16.013s][debug][gc,heap        ] GC(265) Heap before GC invocations=217 (full 48):
[16.013s][debug][gc,heap        ] GC(265)  def new generation   total 314560K, used 314521K [0x00000000c0000000, 0x00000000d5550000, 0x00000000d5550000)
[16.013s][debug][gc,heap        ] GC(265)   eden space 279616K, 100% used [0x00000000c0000000, 0x00000000d1110000, 0x00000000d1110000)
[16.013s][debug][gc,heap        ] GC(265)   from space 34944K,  99% used [0x00000000d3330000, 0x00000000d55465d0, 0x00000000d5550000)
[16.013s][debug][gc,heap        ] GC(265)   to   space 34944K,   0% used [0x00000000d1110000, 0x00000000d1110000, 0x00000000d3330000)
[16.013s][debug][gc,heap        ] GC(265)  tenured generation   total 699072K, used 314684K [0x00000000d5550000, 0x0000000100000000, 0x0000000100000000)
[16.013s][debug][gc,heap        ] GC(265)    the space 699072K,  45% used [0x00000000d5550000, 0x00000000e889f208, 0x00000000e889f400, 0x0000000100000000)
[16.013s][debug][gc,heap        ] GC(265)  Metaspace       used 6360K, committed 6528K, reserved 1114112K
[16.013s][debug][gc,heap        ] GC(265)   class space    used 546K, committed 640K, reserved 1048576K
[16.039s][info ][gc,heap        ] GC(265) DefNew: 314521K(314560K)->34905K(314560K) Eden: 279616K(279616K)->0K(279616K) From: 34905K(34944K)->34905K(34944K)
[16.039s][info ][gc,heap        ] GC(265) Tenured: 314684K(699072K)->438603K(699072K)
[16.039s][info ][gc,metaspace   ] GC(265) Metaspace: 6360K(6528K)->6360K(6528K) NonClass: 5814K(5888K)->5814K(5888K) Class: 546K(640K)->546K(640K)
[16.039s][debug][gc,heap        ] GC(265) Heap after GC invocations=218 (full 48):
[16.039s][debug][gc,heap        ] GC(265)  def new generation   total 314560K, used 34905K [0x00000000c0000000, 0x00000000d5550000, 0x00000000d5550000)
[16.039s][debug][gc,heap        ] GC(265)   eden space 279616K,   0% used [0x00000000c0000000, 0x00000000c0000000, 0x00000000d1110000)
[16.039s][debug][gc,heap        ] GC(265)   from space 34944K,  99% used [0x00000000d1110000, 0x00000000d33265d0, 0x00000000d3330000)
[16.039s][debug][gc,heap        ] GC(265)   to   space 34944K,   0% used [0x00000000d3330000, 0x00000000d3330000, 0x00000000d5550000)
[16.039s][debug][gc,heap        ] GC(265)  tenured generation   total 699072K, used 438603K [0x00000000d5550000, 0x0000000100000000, 0x0000000100000000)
[16.039s][debug][gc,heap        ] GC(265)    the space 699072K,  62% used [0x00000000d5550000, 0x00000000f01a2f78, 0x00000000f01a3000, 0x0000000100000000)
[16.039s][debug][gc,heap        ] GC(265)  Metaspace       used 6360K, committed 6528K, reserved 1114112K
[16.039s][debug][gc,heap        ] GC(265)   class space    used 546K, committed 640K, reserved 1048576K
[16.039s][info ][gc             ] GC(265) Pause Young (Allocation Failure) 614M->462M(989M) 25.510ms
[16.039s][info ][gc,cpu         ] GC(265) User=0.02s Sys=0.00s Real=0.02s
[16.039s][info ][safepoint      ] Safepoint "GenCollectForAllocation", Time since last: 33959857 ns, Reaching safepoint: 3500 ns, Cleanup: 3600 ns, At safepoint: 25533842 ns, Total: 25540942 ns
[16.070s][info ][gc,start       ] GC(266) Pause Young (Allocation Failure)
[16.070s][debug][gc,heap        ] GC(266) Heap before GC invocations=218 (full 48):
[16.070s][debug][gc,heap        ] GC(266)  def new generation   total 314560K, used 314521K [0x00000000c0000000, 0x00000000d5550000, 0x00000000d5550000)
[16.070s][debug][gc,heap        ] GC(266)   eden space 279616K, 100% used [0x00000000c0000000, 0x00000000d1110000, 0x00000000d1110000)
[16.070s][debug][gc,heap        ] GC(266)   from space 34944K,  99% used [0x00000000d1110000, 0x00000000d33265d0, 0x00000000d3330000)
[16.070s][debug][gc,heap        ] GC(266)   to   space 34944K,   0% used [0x00000000d3330000, 0x00000000d3330000, 0x00000000d5550000)
[16.070s][debug][gc,heap        ] GC(266)  tenured generation   total 699072K, used 438603K [0x00000000d5550000, 0x0000000100000000, 0x0000000100000000)
[16.070s][debug][gc,heap        ] GC(266)    the space 699072K,  62% used [0x00000000d5550000, 0x00000000f01a2f78, 0x00000000f01a3000, 0x0000000100000000)
[16.070s][debug][gc,heap        ] GC(266)  Metaspace       used 6360K, committed 6528K, reserved 1114112K
[16.070s][debug][gc,heap        ] GC(266)   class space    used 546K, committed 640K, reserved 1048576K
[16.097s][info ][gc,heap        ] GC(266) DefNew: 314521K(314560K)->34905K(314560K) Eden: 279616K(279616K)->0K(279616K) From: 34905K(34944K)->34905K(34944K)
[16.097s][info ][gc,heap        ] GC(266) Tenured: 438603K(699072K)->561923K(699072K)
[16.097s][info ][gc,metaspace   ] GC(266) Metaspace: 6360K(6528K)->6360K(6528K) NonClass: 5814K(5888K)->5814K(5888K) Class: 546K(640K)->546K(640K)
[16.097s][debug][gc,heap        ] GC(266) Heap after GC invocations=219 (full 48):
[16.097s][debug][gc,heap        ] GC(266)  def new generation   total 314560K, used 34905K [0x00000000c0000000, 0x00000000d5550000, 0x00000000d5550000)
[16.097s][debug][gc,heap        ] GC(266)   eden space 279616K,   0% used [0x00000000c0000000, 0x00000000c0000000, 0x00000000d1110000)
[16.097s][debug][gc,heap        ] GC(266)   from space 34944K,  99% used [0x00000000d3330000, 0x00000000d55465d0, 0x00000000d5550000)
[16.097s][debug][gc,heap        ] GC(266)   to   space 34944K,   0% used [0x00000000d1110000, 0x00000000d1110000, 0x00000000d3330000)
[16.097s][debug][gc,heap        ] GC(266)  tenured generation   total 699072K, used 561923K [0x00000000d5550000, 0x0000000100000000, 0x0000000100000000)
[16.097s][debug][gc,heap        ] GC(266)    the space 699072K,  80% used [0x00000000d5550000, 0x00000000f7a10c88, 0x00000000f7a10e00, 0x0000000100000000)
[16.097s][debug][gc,heap        ] GC(266)  Metaspace       used 6360K, committed 6528K, reserved 1114112K
[16.097s][debug][gc,heap        ] GC(266)   class space    used 546K, committed 640K, reserved 1048576K
[16.097s][info ][gc             ] GC(266) Pause Young (Allocation Failure) 735M->582M(989M) 27.056ms
[16.097s][info ][gc,cpu         ] GC(266) User=0.02s Sys=0.00s Real=0.03s
[16.097s][info ][safepoint      ] Safepoint "GenCollectForAllocation", Time since last: 31344452 ns, Reaching safepoint: 3100 ns, Cleanup: 4000 ns, At safepoint: 27080445 ns, Total: 27087545 ns
[16.130s][info ][gc,start       ] GC(267) Pause Young (Allocation Failure)
[16.130s][debug][gc,heap        ] GC(267) Heap before GC invocations=219 (full 48):
[16.130s][debug][gc,heap        ] GC(267)  def new generation   total 314560K, used 314521K [0x00000000c0000000, 0x00000000d5550000, 0x00000000d5550000)
[16.130s][debug][gc,heap        ] GC(267)   eden space 279616K, 100% used [0x00000000c0000000, 0x00000000d1110000, 0x00000000d1110000)
[16.130s][debug][gc,heap        ] GC(267)   from space 34944K,  99% used [0x00000000d3330000, 0x00000000d55465d0, 0x00000000d5550000)
[16.130s][debug][gc,heap        ] GC(267)   to   space 34944K,   0% used [0x00000000d1110000, 0x00000000d1110000, 0x00000000d3330000)
[16.130s][debug][gc,heap        ] GC(267)  tenured generation   total 699072K, used 561923K [0x00000000d5550000, 0x0000000100000000, 0x0000000100000000)
[16.130s][debug][gc,heap        ] GC(267)    the space 699072K,  80% used [0x00000000d5550000, 0x00000000f7a10c88, 0x00000000f7a10e00, 0x0000000100000000)
[16.130s][debug][gc,heap        ] GC(267)  Metaspace       used 6360K, committed 6528K, reserved 1114112K
[16.130s][debug][gc,heap        ] GC(267)   class space    used 546K, committed 640K, reserved 1048576K
[16.130s][debug][gc,heap        ] GC(267) Heap after GC invocations=220 (full 48):
[16.130s][debug][gc,heap        ] GC(267)  def new generation   total 314560K, used 314521K [0x00000000c0000000, 0x00000000d5550000, 0x00000000d5550000)
[16.130s][debug][gc,heap        ] GC(267)   eden space 279616K, 100% used [0x00000000c0000000, 0x00000000d1110000, 0x00000000d1110000)
[16.130s][debug][gc,heap        ] GC(267)   from space 34944K,  99% used [0x00000000d3330000, 0x00000000d55465d0, 0x00000000d5550000)
[16.130s][debug][gc,heap        ] GC(267)   to   space 34944K,   0% used [0x00000000d1110000, 0x00000000d1110000, 0x00000000d3330000)
[16.130s][debug][gc,heap        ] GC(267)  tenured generation   total 699072K, used 561923K [0x00000000d5550000, 0x0000000100000000, 0x0000000100000000)
[16.130s][debug][gc,heap        ] GC(267)    the space 699072K,  80% used [0x00000000d5550000, 0x00000000f7a10c88, 0x00000000f7a10e00, 0x0000000100000000)
[16.130s][debug][gc,heap        ] GC(267)  Metaspace       used 6360K, committed 6528K, reserved 1114112K
[16.130s][debug][gc,heap        ] GC(267)   class space    used 546K, committed 640K, reserved 1048576K
[16.130s][info ][gc             ] GC(267) Pause Young (Allocation Failure) 855M->855M(989M) 0.161ms
[16.130s][info ][gc,cpu         ] GC(267) User=0.01s Sys=0.00s Real=0.00s
[16.130s][info ][gc,start       ] GC(268) Pause Full (Allocation Failure)
[16.130s][debug][gc,heap        ] GC(268) Heap before GC invocations=220 (full 48):
[16.130s][debug][gc,heap        ] GC(268)  def new generation   total 314560K, used 314521K [0x00000000c0000000, 0x00000000d5550000, 0x00000000d5550000)
[16.130s][debug][gc,heap        ] GC(268)   eden space 279616K, 100% used [0x00000000c0000000, 0x00000000d1110000, 0x00000000d1110000)
[16.130s][debug][gc,heap        ] GC(268)   from space 34944K,  99% used [0x00000000d3330000, 0x00000000d55465d0, 0x00000000d5550000)
[16.130s][debug][gc,heap        ] GC(268)   to   space 34944K,   0% used [0x00000000d1110000, 0x00000000d1110000, 0x00000000d3330000)
[16.130s][debug][gc,heap        ] GC(268)  tenured generation   total 699072K, used 561923K [0x00000000d5550000, 0x0000000100000000, 0x0000000100000000)
[16.130s][debug][gc,heap        ] GC(268)    the space 699072K,  80% used [0x00000000d5550000, 0x00000000f7a10c88, 0x00000000f7a10e00, 0x0000000100000000)
[16.130s][debug][gc,heap        ] GC(268)  Metaspace       used 6360K, committed 6528K, reserved 1114112K
[16.130s][debug][gc,heap        ] GC(268)   class space    used 546K, committed 640K, reserved 1048576K
[16.130s][info ][gc,phases,start] GC(268) Phase 1: Mark live objects
[16.131s][info ][gc,phases      ] GC(268) Phase 1: Mark live objects 0.921ms
[16.131s][info ][gc,phases,start] GC(268) Phase 2: Compute new object addresses
[16.132s][info ][gc,phases      ] GC(268) Phase 2: Compute new object addresses 1.213ms
[16.132s][info ][gc,phases,start] GC(268) Phase 3: Adjust pointers
[16.133s][info ][gc,phases      ] GC(268) Phase 3: Adjust pointers 0.603ms
[16.133s][info ][gc,phases,start] GC(268) Phase 4: Move objects
[16.164s][info ][gc,phases      ] GC(268) Phase 4: Move objects 31.044ms
[16.164s][info ][gc,heap        ] GC(268) DefNew: 314521K(314560K)->0K(314560K) Eden: 279616K(279616K)->0K(279616K) From: 34905K(34944K)->0K(34944K)
[16.164s][info ][gc,heap        ] GC(268) Tenured: 561923K(699072K)->215769K(699072K)
[16.164s][info ][gc,metaspace   ] GC(268) Metaspace: 6360K(6528K)->6360K(6528K) NonClass: 5814K(5888K)->5814K(5888K) Class: 546K(640K)->546K(640K)
[16.164s][debug][gc,heap        ] GC(268) Heap after GC invocations=220 (full 49):
[16.164s][debug][gc,heap        ] GC(268)  def new generation   total 314560K, used 0K [0x00000000c0000000, 0x00000000d5550000, 0x00000000d5550000)
[16.164s][debug][gc,heap        ] GC(268)   eden space 279616K,   0% used [0x00000000c0000000, 0x00000000c0000000, 0x00000000d1110000)
[16.164s][debug][gc,heap        ] GC(268)   from space 34944K,   0% used [0x00000000d3330000, 0x00000000d3330000, 0x00000000d5550000)
[16.164s][debug][gc,heap        ] GC(268)   to   space 34944K,   0% used [0x00000000d1110000, 0x00000000d1110000, 0x00000000d3330000)
[16.164s][debug][gc,heap        ] GC(268)  tenured generation   total 699072K, used 215769K [0x00000000d5550000, 0x0000000100000000, 0x0000000100000000)
[16.164s][debug][gc,heap        ] GC(268)    the space 699072K,  30% used [0x00000000d5550000, 0x00000000e2806438, 0x00000000e2806600, 0x0000000100000000)
[16.164s][debug][gc,heap        ] GC(268)  Metaspace       used 6360K, committed 6528K, reserved 1114112K
[16.164s][debug][gc,heap        ] GC(268)   class space    used 546K, committed 640K, reserved 1048576K
[16.164s][info ][gc             ] GC(268) Pause Full (Allocation Failure) 855M->210M(989M) 34.016ms
[16.164s][info ][gc,cpu         ] GC(268) User=0.03s Sys=0.00s Real=0.04s
[16.164s][info ][safepoint      ] Safepoint "GenCollectForAllocation", Time since last: 32763655 ns, Reaching safepoint: 4400 ns, Cleanup: 5300 ns, At safepoint: 34213057 ns, Total: 34222757 ns
[16.196s][info ][gc,start       ] GC(269) Pause Young (Allocation Failure)
[16.196s][debug][gc,heap        ] GC(269) Heap before GC invocations=220 (full 49):
[16.196s][debug][gc,heap        ] GC(269)  def new generation   total 314560K, used 279616K [0x00000000c0000000, 0x00000000d5550000, 0x00000000d5550000)
[16.196s][debug][gc,heap        ] GC(269)   eden space 279616K, 100% used [0x00000000c0000000, 0x00000000d1110000, 0x00000000d1110000)
[16.196s][debug][gc,heap        ] GC(269)   from space 34944K,   0% used [0x00000000d3330000, 0x00000000d3330000, 0x00000000d5550000)
[16.196s][debug][gc,heap        ] GC(269)   to   space 34944K,   0% used [0x00000000d1110000, 0x00000000d1110000, 0x00000000d3330000)
[16.196s][debug][gc,heap        ] GC(269)  tenured generation   total 699072K, used 215769K [0x00000000d5550000, 0x0000000100000000, 0x0000000100000000)
[16.196s][debug][gc,heap        ] GC(269)    the space 699072K,  30% used [0x00000000d5550000, 0x00000000e2806438, 0x00000000e2806600, 0x0000000100000000)
[16.196s][debug][gc,heap        ] GC(269)  Metaspace       used 6360K, committed 6528K, reserved 1114112K
[16.196s][debug][gc,heap        ] GC(269)   class space    used 546K, committed 640K, reserved 1048576K
[16.219s][info ][gc,heap        ] GC(269) DefNew: 279616K(314560K)->34905K(314560K) Eden: 279616K(279616K)->0K(279616K) From: 0K(34944K)->34905K(34944K)
[16.219s][info ][gc,heap        ] GC(269) Tenured: 215769K(699072K)->329786K(699072K)
[16.219s][info ][gc,metaspace   ] GC(269) Metaspace: 6360K(6528K)->6360K(6528K) NonClass: 5814K(5888K)->5814K(5888K) Class: 546K(640K)->546K(640K)
[16.219s][debug][gc,heap        ] GC(269) Heap after GC invocations=221 (full 49):
[16.219s][debug][gc,heap        ] GC(269)  def new generation   total 314560K, used 34905K [0x00000000c0000000, 0x00000000d5550000, 0x00000000d5550000)
[16.219s][debug][gc,heap        ] GC(269)   eden space 279616K,   0% used [0x00000000c0000000, 0x00000000c0000000, 0x00000000d1110000)
[16.219s][debug][gc,heap        ] GC(269)   from space 34944K,  99% used [0x00000000d1110000, 0x00000000d33265d0, 0x00000000d3330000)
[16.219s][debug][gc,heap        ] GC(269)   to   space 34944K,   0% used [0x00000000d3330000, 0x00000000d3330000, 0x00000000d5550000)
[16.219s][debug][gc,heap        ] GC(269)  tenured generation   total 699072K, used 329786K [0x00000000d5550000, 0x0000000100000000, 0x0000000100000000)
[16.219s][debug][gc,heap        ] GC(269)    the space 699072K,  47% used [0x00000000d5550000, 0x00000000e975eb78, 0x00000000e975ec00, 0x0000000100000000)
[16.219s][debug][gc,heap        ] GC(269)  Metaspace       used 6360K, committed 6528K, reserved 1114112K
[16.219s][debug][gc,heap        ] GC(269)   class space    used 546K, committed 640K, reserved 1048576K
[16.219s][info ][gc             ] GC(269) Pause Young (Allocation Failure) 483M->356M(989M) 23.582ms
[16.219s][info ][gc,cpu         ] GC(269) User=0.02s Sys=0.00s Real=0.02s
[16.220s][info ][safepoint      ] Safepoint "GenCollectForAllocation", Time since last: 31879253 ns, Reaching safepoint: 3200 ns, Cleanup: 3700 ns, At safepoint: 23605639 ns, Total: 23612539 ns
[16.251s][info ][gc,start       ] GC(270) Pause Young (Allocation Failure)
[16.251s][debug][gc,heap        ] GC(270) Heap before GC invocations=221 (full 49):
[16.251s][debug][gc,heap        ] GC(270)  def new generation   total 314560K, used 314521K [0x00000000c0000000, 0x00000000d5550000, 0x00000000d5550000)
[16.251s][debug][gc,heap        ] GC(270)   eden space 279616K, 100% used [0x00000000c0000000, 0x00000000d1110000, 0x00000000d1110000)
[16.251s][debug][gc,heap        ] GC(270)   from space 34944K,  99% used [0x00000000d1110000, 0x00000000d33265d0, 0x00000000d3330000)
[16.251s][debug][gc,heap        ] GC(270)   to   space 34944K,   0% used [0x00000000d3330000, 0x00000000d3330000, 0x00000000d5550000)
[16.251s][debug][gc,heap        ] GC(270)  tenured generation   total 699072K, used 329786K [0x00000000d5550000, 0x0000000100000000, 0x0000000100000000)
[16.251s][debug][gc,heap        ] GC(270)    the space 699072K,  47% used [0x00000000d5550000, 0x00000000e975eb78, 0x00000000e975ec00, 0x0000000100000000)
[16.251s][debug][gc,heap        ] GC(270)  Metaspace       used 6360K, committed 6528K, reserved 1114112K
[16.251s][debug][gc,heap        ] GC(270)   class space    used 546K, committed 640K, reserved 1048576K
[16.279s][info ][gc,heap        ] GC(270) DefNew: 314521K(314560K)->34905K(314560K) Eden: 279616K(279616K)->0K(279616K) From: 34905K(34944K)->34905K(34944K)
[16.279s][info ][gc,heap        ] GC(270) Tenured: 329786K(699072K)->453506K(699072K)
[16.279s][info ][gc,metaspace   ] GC(270) Metaspace: 6360K(6528K)->6360K(6528K) NonClass: 5814K(5888K)->5814K(5888K) Class: 546K(640K)->546K(640K)
[16.279s][debug][gc,heap        ] GC(270) Heap after GC invocations=222 (full 49):
[16.279s][debug][gc,heap        ] GC(270)  def new generation   total 314560K, used 34905K [0x00000000c0000000, 0x00000000d5550000, 0x00000000d5550000)
[16.279s][debug][gc,heap        ] GC(270)   eden space 279616K,   0% used [0x00000000c0000000, 0x00000000c0000000, 0x00000000d1110000)
[16.279s][debug][gc,heap        ] GC(270)   from space 34944K,  99% used [0x00000000d3330000, 0x00000000d55465d0, 0x00000000d5550000)
[16.279s][debug][gc,heap        ] GC(270)   to   space 34944K,   0% used [0x00000000d1110000, 0x00000000d1110000, 0x00000000d3330000)
[16.279s][debug][gc,heap        ] GC(270)  tenured generation   total 699072K, used 453506K [0x00000000d5550000, 0x0000000100000000, 0x0000000100000000)
[16.279s][debug][gc,heap        ] GC(270)    the space 699072K,  64% used [0x00000000d5550000, 0x00000000f10308c8, 0x00000000f1030a00, 0x0000000100000000)
[16.279s][debug][gc,heap        ] GC(270)  Metaspace       used 6360K, committed 6528K, reserved 1114112K
[16.279s][debug][gc,heap        ] GC(270)   class space    used 546K, committed 640K, reserved 1048576K
[16.279s][info ][gc             ] GC(270) Pause Young (Allocation Failure) 629M->476M(989M) 27.852ms
[16.279s][info ][gc,cpu         ] GC(270) User=0.02s Sys=0.00s Real=0.02s
[16.279s][info ][safepoint      ] Safepoint "GenCollectForAllocation", Time since last: 31697553 ns, Reaching safepoint: 2600 ns, Cleanup: 3400 ns, At safepoint: 27875146 ns, Total: 27881146 ns
[16.312s][info ][gc,start       ] GC(271) Pause Young (Allocation Failure)
[16.312s][debug][gc,heap        ] GC(271) Heap before GC invocations=222 (full 49):
[16.312s][debug][gc,heap        ] GC(271)  def new generation   total 314560K, used 314521K [0x00000000c0000000, 0x00000000d5550000, 0x00000000d5550000)
[16.312s][debug][gc,heap        ] GC(271)   eden space 279616K, 100% used [0x00000000c0000000, 0x00000000d1110000, 0x00000000d1110000)
[16.312s][debug][gc,heap        ] GC(271)   from space 34944K,  99% used [0x00000000d3330000, 0x00000000d55465d0, 0x00000000d5550000)
[16.312s][debug][gc,heap        ] GC(271)   to   space 34944K,   0% used [0x00000000d1110000, 0x00000000d1110000, 0x00000000d3330000)
[16.312s][debug][gc,heap        ] GC(271)  tenured generation   total 699072K, used 453506K [0x00000000d5550000, 0x0000000100000000, 0x0000000100000000)
[16.312s][debug][gc,heap        ] GC(271)    the space 699072K,  64% used [0x00000000d5550000, 0x00000000f10308c8, 0x00000000f1030a00, 0x0000000100000000)
[16.312s][debug][gc,heap        ] GC(271)  Metaspace       used 6360K, committed 6528K, reserved 1114112K
[16.312s][debug][gc,heap        ] GC(271)   class space    used 546K, committed 640K, reserved 1048576K
[16.337s][info ][gc,heap        ] GC(271) DefNew: 314521K(314560K)->34905K(314560K) Eden: 279616K(279616K)->0K(279616K) From: 34905K(34944K)->34905K(34944K)
[16.337s][info ][gc,heap        ] GC(271) Tenured: 453506K(699072K)->576525K(699072K)
[16.337s][info ][gc,metaspace   ] GC(271) Metaspace: 6360K(6528K)->6360K(6528K) NonClass: 5814K(5888K)->5814K(5888K) Class: 546K(640K)->546K(640K)
[16.337s][debug][gc,heap        ] GC(271) Heap after GC invocations=223 (full 49):
[16.337s][debug][gc,heap        ] GC(271)  def new generation   total 314560K, used 34905K [0x00000000c0000000, 0x00000000d5550000, 0x00000000d5550000)
[16.337s][debug][gc,heap        ] GC(271)   eden space 279616K,   0% used [0x00000000c0000000, 0x00000000c0000000, 0x00000000d1110000)
[16.338s][debug][gc,heap        ] GC(271)   from space 34944K,  99% used [0x00000000d1110000, 0x00000000d33265d0, 0x00000000d3330000)
[16.338s][debug][gc,heap        ] GC(271)   to   space 34944K,   0% used [0x00000000d3330000, 0x00000000d3330000, 0x00000000d5550000)
[16.338s][debug][gc,heap        ] GC(271)  tenured generation   total 699072K, used 576525K [0x00000000d5550000, 0x0000000100000000, 0x0000000100000000)
[16.338s][debug][gc,heap        ] GC(271)    the space 699072K,  82% used [0x00000000d5550000, 0x00000000f88535a8, 0x00000000f8853600, 0x0000000100000000)
[16.338s][debug][gc,heap        ] GC(271)  Metaspace       used 6360K, committed 6528K, reserved 1114112K
[16.338s][debug][gc,heap        ] GC(271)   class space    used 546K, committed 640K, reserved 1048576K
[16.338s][info ][gc             ] GC(271) Pause Young (Allocation Failure) 750M->597M(989M) 26.053ms
[16.338s][info ][gc,cpu         ] GC(271) User=0.02s Sys=0.00s Real=0.02s
[16.338s][info ][safepoint      ] Safepoint "GenCollectForAllocation", Time since last: 32558854 ns, Reaching safepoint: 2700 ns, Cleanup: 3800 ns, At safepoint: 26091544 ns, Total: 26098044 ns
[16.373s][info ][gc,start       ] GC(272) Pause Young (Allocation Failure)
[16.373s][debug][gc,heap        ] GC(272) Heap before GC invocations=223 (full 49):
[16.373s][debug][gc,heap        ] GC(272)  def new generation   total 314560K, used 314521K [0x00000000c0000000, 0x00000000d5550000, 0x00000000d5550000)
[16.373s][debug][gc,heap        ] GC(272)   eden space 279616K, 100% used [0x00000000c0000000, 0x00000000d1110000, 0x00000000d1110000)
[16.373s][debug][gc,heap        ] GC(272)   from space 34944K,  99% used [0x00000000d1110000, 0x00000000d33265d0, 0x00000000d3330000)
[16.373s][debug][gc,heap        ] GC(272)   to   space 34944K,   0% used [0x00000000d3330000, 0x00000000d3330000, 0x00000000d5550000)
[16.373s][debug][gc,heap        ] GC(272)  tenured generation   total 699072K, used 576525K [0x00000000d5550000, 0x0000000100000000, 0x0000000100000000)
[16.373s][debug][gc,heap        ] GC(272)    the space 699072K,  82% used [0x00000000d5550000, 0x00000000f88535a8, 0x00000000f8853600, 0x0000000100000000)
[16.373s][debug][gc,heap        ] GC(272)  Metaspace       used 6360K, committed 6528K, reserved 1114112K
[16.373s][debug][gc,heap        ] GC(272)   class space    used 546K, committed 640K, reserved 1048576K
[16.373s][debug][gc,heap        ] GC(272) Heap after GC invocations=224 (full 49):
[16.373s][debug][gc,heap        ] GC(272)  def new generation   total 314560K, used 314521K [0x00000000c0000000, 0x00000000d5550000, 0x00000000d5550000)
[16.373s][debug][gc,heap        ] GC(272)   eden space 279616K, 100% used [0x00000000c0000000, 0x00000000d1110000, 0x00000000d1110000)
[16.373s][debug][gc,heap        ] GC(272)   from space 34944K,  99% used [0x00000000d1110000, 0x00000000d33265d0, 0x00000000d3330000)
[16.373s][debug][gc,heap        ] GC(272)   to   space 34944K,   0% used [0x00000000d3330000, 0x00000000d3330000, 0x00000000d5550000)
[16.373s][debug][gc,heap        ] GC(272)  tenured generation   total 699072K, used 576525K [0x00000000d5550000, 0x0000000100000000, 0x0000000100000000)
[16.373s][debug][gc,heap        ] GC(272)    the space 699072K,  82% used [0x00000000d5550000, 0x00000000f88535a8, 0x00000000f8853600, 0x0000000100000000)
[16.373s][debug][gc,heap        ] GC(272)  Metaspace       used 6360K, committed 6528K, reserved 1114112K
[16.373s][debug][gc,heap        ] GC(272)   class space    used 546K, committed 640K, reserved 1048576K
[16.373s][info ][gc             ] GC(272) Pause Young (Allocation Failure) 870M->870M(989M) 0.114ms
[16.373s][info ][gc,cpu         ] GC(272) User=0.00s Sys=0.00s Real=0.00s
[16.373s][info ][gc,start       ] GC(273) Pause Full (Allocation Failure)
[16.373s][debug][gc,heap        ] GC(273) Heap before GC invocations=224 (full 49):
[16.373s][debug][gc,heap        ] GC(273)  def new generation   total 314560K, used 314521K [0x00000000c0000000, 0x00000000d5550000, 0x00000000d5550000)
[16.373s][debug][gc,heap        ] GC(273)   eden space 279616K, 100% used [0x00000000c0000000, 0x00000000d1110000, 0x00000000d1110000)
[16.373s][debug][gc,heap        ] GC(273)   from space 34944K,  99% used [0x00000000d1110000, 0x00000000d33265d0, 0x00000000d3330000)
[16.373s][debug][gc,heap        ] GC(273)   to   space 34944K,   0% used [0x00000000d3330000, 0x00000000d3330000, 0x00000000d5550000)
[16.373s][debug][gc,heap        ] GC(273)  tenured generation   total 699072K, used 576525K [0x00000000d5550000, 0x0000000100000000, 0x0000000100000000)
[16.373s][debug][gc,heap        ] GC(273)    the space 699072K,  82% used [0x00000000d5550000, 0x00000000f88535a8, 0x00000000f8853600, 0x0000000100000000)
[16.373s][debug][gc,heap        ] GC(273)  Metaspace       used 6360K, committed 6528K, reserved 1114112K
[16.373s][debug][gc,heap        ] GC(273)   class space    used 546K, committed 640K, reserved 1048576K
[16.373s][info ][gc,phases,start] GC(273) Phase 1: Mark live objects
[16.374s][info ][gc,phases      ] GC(273) Phase 1: Mark live objects 1.318ms
[16.374s][info ][gc,phases,start] GC(273) Phase 2: Compute new object addresses
[16.376s][info ][gc,phases      ] GC(273) Phase 2: Compute new object addresses 1.216ms
[16.376s][info ][gc,phases,start] GC(273) Phase 3: Adjust pointers
[16.376s][info ][gc,phases      ] GC(273) Phase 3: Adjust pointers 0.604ms
[16.376s][info ][gc,phases,start] GC(273) Phase 4: Move objects
[16.408s][info ][gc,phases      ] GC(273) Phase 4: Move objects 32.042ms
[16.408s][info ][gc,heap        ] GC(273) DefNew: 314521K(314560K)->0K(314560K) Eden: 279616K(279616K)->0K(279616K) From: 34905K(34944K)->0K(34944K)
[16.408s][info ][gc,heap        ] GC(273) Tenured: 576525K(699072K)->200766K(699072K)
[16.408s][info ][gc,metaspace   ] GC(273) Metaspace: 6360K(6528K)->6360K(6528K) NonClass: 5814K(5888K)->5814K(5888K) Class: 546K(640K)->546K(640K)
[16.408s][debug][gc,heap        ] GC(273) Heap after GC invocations=224 (full 50):
[16.408s][debug][gc,heap        ] GC(273)  def new generation   total 314560K, used 0K [0x00000000c0000000, 0x00000000d5550000, 0x00000000d5550000)
[16.408s][debug][gc,heap        ] GC(273)   eden space 279616K,   0% used [0x00000000c0000000, 0x00000000c0000000, 0x00000000d1110000)
[16.408s][debug][gc,heap        ] GC(273)   from space 34944K,   0% used [0x00000000d1110000, 0x00000000d1110000, 0x00000000d3330000)
[16.408s][debug][gc,heap        ] GC(273)   to   space 34944K,   0% used [0x00000000d3330000, 0x00000000d3330000, 0x00000000d5550000)
[16.408s][debug][gc,heap        ] GC(273)  tenured generation   total 699072K, used 200766K [0x00000000d5550000, 0x0000000100000000, 0x0000000100000000)
[16.408s][debug][gc,heap        ] GC(273)    the space 699072K,  28% used [0x00000000d5550000, 0x00000000e195fad8, 0x00000000e195fc00, 0x0000000100000000)
[16.408s][debug][gc,heap        ] GC(273)  Metaspace       used 6360K, committed 6528K, reserved 1114112K
[16.408s][debug][gc,heap        ] GC(273)   class space    used 546K, committed 640K, reserved 1048576K
[16.408s][info ][gc             ] GC(273) Pause Full (Allocation Failure) 870M->196M(989M) 35.524ms
[16.408s][info ][gc,cpu         ] GC(273) User=0.03s Sys=0.00s Real=0.03s
[16.408s][info ][safepoint      ] Safepoint "GenCollectForAllocation", Time since last: 34974358 ns, Reaching safepoint: 4200 ns, Cleanup: 5300 ns, At safepoint: 35674259 ns, Total: 35683759 ns
[16.440s][info ][gc,start       ] GC(274) Pause Young (Allocation Failure)
[16.440s][debug][gc,heap        ] GC(274) Heap before GC invocations=224 (full 50):
[16.440s][debug][gc,heap        ] GC(274)  def new generation   total 314560K, used 279616K [0x00000000c0000000, 0x00000000d5550000, 0x00000000d5550000)
[16.440s][debug][gc,heap        ] GC(274)   eden space 279616K, 100% used [0x00000000c0000000, 0x00000000d1110000, 0x00000000d1110000)
[16.440s][debug][gc,heap        ] GC(274)   from space 34944K,   0% used [0x00000000d1110000, 0x00000000d1110000, 0x00000000d3330000)
[16.440s][debug][gc,heap        ] GC(274)   to   space 34944K,   0% used [0x00000000d3330000, 0x00000000d3330000, 0x00000000d5550000)
[16.440s][debug][gc,heap        ] GC(274)  tenured generation   total 699072K, used 200766K [0x00000000d5550000, 0x0000000100000000, 0x0000000100000000)
[16.440s][debug][gc,heap        ] GC(274)    the space 699072K,  28% used [0x00000000d5550000, 0x00000000e195fad8, 0x00000000e195fc00, 0x0000000100000000)
[16.440s][debug][gc,heap        ] GC(274)  Metaspace       used 6360K, committed 6528K, reserved 1114112K
[16.440s][debug][gc,heap        ] GC(274)   class space    used 546K, committed 640K, reserved 1048576K
[16.463s][info ][gc,heap        ] GC(274) DefNew: 279616K(314560K)->34905K(314560K) Eden: 279616K(279616K)->0K(279616K) From: 0K(34944K)->34905K(34944K)
[16.464s][info ][gc,heap        ] GC(274) Tenured: 200766K(699072K)->314684K(699072K)
[16.464s][info ][gc,metaspace   ] GC(274) Metaspace: 6360K(6528K)->6360K(6528K) NonClass: 5814K(5888K)->5814K(5888K) Class: 546K(640K)->546K(640K)
[16.464s][debug][gc,heap        ] GC(274) Heap after GC invocations=225 (full 50):
[16.464s][debug][gc,heap        ] GC(274)  def new generation   total 314560K, used 34905K [0x00000000c0000000, 0x00000000d5550000, 0x00000000d5550000)
[16.464s][debug][gc,heap        ] GC(274)   eden space 279616K,   0% used [0x00000000c0000000, 0x00000000c0000000, 0x00000000d1110000)
[16.464s][debug][gc,heap        ] GC(274)   from space 34944K,  99% used [0x00000000d3330000, 0x00000000d55465d0, 0x00000000d5550000)
[16.464s][debug][gc,heap        ] GC(274)   to   space 34944K,   0% used [0x00000000d1110000, 0x00000000d1110000, 0x00000000d3330000)
[16.464s][debug][gc,heap        ] GC(274)  tenured generation   total 699072K, used 314684K [0x00000000d5550000, 0x0000000100000000, 0x0000000100000000)
[16.464s][debug][gc,heap        ] GC(274)    the space 699072K,  45% used [0x00000000d5550000, 0x00000000e889f208, 0x00000000e889f400, 0x0000000100000000)
[16.464s][debug][gc,heap        ] GC(274)  Metaspace       used 6360K, committed 6528K, reserved 1114112K
[16.464s][debug][gc,heap        ] GC(274)   class space    used 546K, committed 640K, reserved 1048576K
[16.464s][info ][gc             ] GC(274) Pause Young (Allocation Failure) 469M->341M(989M) 23.459ms
[16.464s][info ][gc,cpu         ] GC(274) User=0.02s Sys=0.00s Real=0.03s
[16.464s][info ][safepoint      ] Safepoint "GenCollectForAllocation", Time since last: 31692953 ns, Reaching safepoint: 2700 ns, Cleanup: 3700 ns, At safepoint: 23482439 ns, Total: 23488839 ns
[16.497s][info ][gc,start       ] GC(275) Pause Young (Allocation Failure)
[16.497s][debug][gc,heap        ] GC(275) Heap before GC invocations=225 (full 50):
[16.497s][debug][gc,heap        ] GC(275)  def new generation   total 314560K, used 314521K [0x00000000c0000000, 0x00000000d5550000, 0x00000000d5550000)
[16.497s][debug][gc,heap        ] GC(275)   eden space 279616K, 100% used [0x00000000c0000000, 0x00000000d1110000, 0x00000000d1110000)
[16.497s][debug][gc,heap        ] GC(275)   from space 34944K,  99% used [0x00000000d3330000, 0x00000000d55465d0, 0x00000000d5550000)
[16.497s][debug][gc,heap        ] GC(275)   to   space 34944K,   0% used [0x00000000d1110000, 0x00000000d1110000, 0x00000000d3330000)
[16.497s][debug][gc,heap        ] GC(275)  tenured generation   total 699072K, used 314684K [0x00000000d5550000, 0x0000000100000000, 0x0000000100000000)
[16.497s][debug][gc,heap        ] GC(275)    the space 699072K,  45% used [0x00000000d5550000, 0x00000000e889f208, 0x00000000e889f400, 0x0000000100000000)
[16.497s][debug][gc,heap        ] GC(275)  Metaspace       used 6360K, committed 6528K, reserved 1114112K
[16.497s][debug][gc,heap        ] GC(275)   class space    used 546K, committed 640K, reserved 1048576K
[16.523s][info ][gc,heap        ] GC(275) DefNew: 314521K(314560K)->34905K(314560K) Eden: 279616K(279616K)->0K(279616K) From: 34905K(34944K)->34905K(34944K)
[16.523s][info ][gc,heap        ] GC(275) Tenured: 314684K(699072K)->440804K(699072K)
[16.523s][info ][gc,metaspace   ] GC(275) Metaspace: 6360K(6528K)->6360K(6528K) NonClass: 5814K(5888K)->5814K(5888K) Class: 546K(640K)->546K(640K)
[16.524s][debug][gc,heap        ] GC(275) Heap after GC invocations=226 (full 50):
[16.524s][debug][gc,heap        ] GC(275)  def new generation   total 314560K, used 34905K [0x00000000c0000000, 0x00000000d5550000, 0x00000000d5550000)
[16.524s][debug][gc,heap        ] GC(275)   eden space 279616K,   0% used [0x00000000c0000000, 0x00000000c0000000, 0x00000000d1110000)
[16.524s][debug][gc,heap        ] GC(275)   from space 34944K,  99% used [0x00000000d1110000, 0x00000000d33265d0, 0x00000000d3330000)
[16.524s][debug][gc,heap        ] GC(275)   to   space 34944K,   0% used [0x00000000d3330000, 0x00000000d3330000, 0x00000000d5550000)
[16.524s][debug][gc,heap        ] GC(275)  tenured generation   total 699072K, used 440804K [0x00000000d5550000, 0x0000000100000000, 0x0000000100000000)
[16.524s][debug][gc,heap        ] GC(275)    the space 699072K,  63% used [0x00000000d5550000, 0x00000000f03c90d8, 0x00000000f03c9200, 0x0000000100000000)
[16.524s][debug][gc,heap        ] GC(275)  Metaspace       used 6360K, committed 6528K, reserved 1114112K
[16.524s][debug][gc,heap        ] GC(275)   class space    used 546K, committed 640K, reserved 1048576K
[16.524s][info ][gc             ] GC(275) Pause Young (Allocation Failure) 614M->464M(989M) 26.352ms
[16.524s][info ][gc,cpu         ] GC(275) User=0.03s Sys=0.00s Real=0.03s
[16.524s][info ][safepoint      ] Safepoint "GenCollectForAllocation", Time since last: 33643756 ns, Reaching safepoint: 3100 ns, Cleanup: 3500 ns, At safepoint: 26376744 ns, Total: 26383344 ns
[16.563s][info ][gc,start       ] GC(276) Pause Young (Allocation Failure)
[16.563s][debug][gc,heap        ] GC(276) Heap before GC invocations=226 (full 50):
[16.563s][debug][gc,heap        ] GC(276)  def new generation   total 314560K, used 314521K [0x00000000c0000000, 0x00000000d5550000, 0x00000000d5550000)
[16.563s][debug][gc,heap        ] GC(276)   eden space 279616K, 100% used [0x00000000c0000000, 0x00000000d1110000, 0x00000000d1110000)
[16.563s][debug][gc,heap        ] GC(276)   from space 34944K,  99% used [0x00000000d1110000, 0x00000000d33265d0, 0x00000000d3330000)
[16.563s][debug][gc,heap        ] GC(276)   to   space 34944K,   0% used [0x00000000d3330000, 0x00000000d3330000, 0x00000000d5550000)
[16.563s][debug][gc,heap        ] GC(276)  tenured generation   total 699072K, used 440804K [0x00000000d5550000, 0x0000000100000000, 0x0000000100000000)
[16.563s][debug][gc,heap        ] GC(276)    the space 699072K,  63% used [0x00000000d5550000, 0x00000000f03c90d8, 0x00000000f03c9200, 0x0000000100000000)
[16.563s][debug][gc,heap        ] GC(276)  Metaspace       used 6360K, committed 6528K, reserved 1114112K
[16.563s][debug][gc,heap        ] GC(276)   class space    used 546K, committed 640K, reserved 1048576K
[16.591s][info ][gc,heap        ] GC(276) DefNew: 314521K(314560K)->34905K(314560K) Eden: 279616K(279616K)->0K(279616K) From: 34905K(34944K)->34905K(34944K)
[16.591s][info ][gc,heap        ] GC(276) Tenured: 440804K(699072K)->565523K(699072K)
[16.591s][info ][gc,metaspace   ] GC(276) Metaspace: 6360K(6528K)->6360K(6528K) NonClass: 5814K(5888K)->5814K(5888K) Class: 546K(640K)->546K(640K)
[16.591s][debug][gc,heap        ] GC(276) Heap after GC invocations=227 (full 50):
[16.591s][debug][gc,heap        ] GC(276)  def new generation   total 314560K, used 34905K [0x00000000c0000000, 0x00000000d5550000, 0x00000000d5550000)
[16.591s][debug][gc,heap        ] GC(276)   eden space 279616K,   0% used [0x00000000c0000000, 0x00000000c0000000, 0x00000000d1110000)
[16.591s][debug][gc,heap        ] GC(276)   from space 34944K,  99% used [0x00000000d3330000, 0x00000000d55465d0, 0x00000000d5550000)
[16.591s][debug][gc,heap        ] GC(276)   to   space 34944K,   0% used [0x00000000d1110000, 0x00000000d1110000, 0x00000000d3330000)
[16.591s][debug][gc,heap        ] GC(276)  tenured generation   total 699072K, used 565523K [0x00000000d5550000, 0x0000000100000000, 0x0000000100000000)
[16.591s][debug][gc,heap        ] GC(276)    the space 699072K,  80% used [0x00000000d5550000, 0x00000000f7d94ec8, 0x00000000f7d95000, 0x0000000100000000)
[16.592s][debug][gc,heap        ] GC(276)  Metaspace       used 6360K, committed 6528K, reserved 1114112K
[16.592s][debug][gc,heap        ] GC(276)   class space    used 546K, committed 640K, reserved 1048576K
[16.592s][info ][gc             ] GC(276) Pause Young (Allocation Failure) 737M->586M(989M) 28.340ms
[16.592s][info ][gc,cpu         ] GC(276) User=0.03s Sys=0.00s Real=0.03s
[16.592s][info ][safepoint      ] Safepoint "GenCollectForAllocation", Time since last: 39566765 ns, Reaching safepoint: 3600 ns, Cleanup: 4600 ns, At safepoint: 28366948 ns, Total: 28375148 ns
[16.635s][info ][gc,start       ] GC(277) Pause Young (Allocation Failure)
[16.635s][debug][gc,heap        ] GC(277) Heap before GC invocations=227 (full 50):
[16.635s][debug][gc,heap        ] GC(277)  def new generation   total 314560K, used 314521K [0x00000000c0000000, 0x00000000d5550000, 0x00000000d5550000)
[16.635s][debug][gc,heap        ] GC(277)   eden space 279616K, 100% used [0x00000000c0000000, 0x00000000d1110000, 0x00000000d1110000)
[16.635s][debug][gc,heap        ] GC(277)   from space 34944K,  99% used [0x00000000d3330000, 0x00000000d55465d0, 0x00000000d5550000)
[16.635s][debug][gc,heap        ] GC(277)   to   space 34944K,   0% used [0x00000000d1110000, 0x00000000d1110000, 0x00000000d3330000)
[16.635s][debug][gc,heap        ] GC(277)  tenured generation   total 699072K, used 565523K [0x00000000d5550000, 0x0000000100000000, 0x0000000100000000)
[16.635s][debug][gc,heap        ] GC(277)    the space 699072K,  80% used [0x00000000d5550000, 0x00000000f7d94ec8, 0x00000000f7d95000, 0x0000000100000000)
[16.635s][debug][gc,heap        ] GC(277)  Metaspace       used 6360K, committed 6528K, reserved 1114112K
[16.635s][debug][gc,heap        ] GC(277)   class space    used 546K, committed 640K, reserved 1048576K
[16.635s][debug][gc,heap        ] GC(277) Heap after GC invocations=228 (full 50):
[16.635s][debug][gc,heap        ] GC(277)  def new generation   total 314560K, used 314521K [0x00000000c0000000, 0x00000000d5550000, 0x00000000d5550000)
[16.635s][debug][gc,heap        ] GC(277)   eden space 279616K, 100% used [0x00000000c0000000, 0x00000000d1110000, 0x00000000d1110000)
[16.635s][debug][gc,heap        ] GC(277)   from space 34944K,  99% used [0x00000000d3330000, 0x00000000d55465d0, 0x00000000d5550000)
[16.635s][debug][gc,heap        ] GC(277)   to   space 34944K,   0% used [0x00000000d1110000, 0x00000000d1110000, 0x00000000d3330000)
[16.635s][debug][gc,heap        ] GC(277)  tenured generation   total 699072K, used 565523K [0x00000000d5550000, 0x0000000100000000, 0x0000000100000000)
[16.635s][debug][gc,heap        ] GC(277)    the space 699072K,  80% used [0x00000000d5550000, 0x00000000f7d94ec8, 0x00000000f7d95000, 0x0000000100000000)
[16.635s][debug][gc,heap        ] GC(277)  Metaspace       used 6360K, committed 6528K, reserved 1114112K
[16.635s][debug][gc,heap        ] GC(277)   class space    used 546K, committed 640K, reserved 1048576K
[16.635s][info ][gc             ] GC(277) Pause Young (Allocation Failure) 859M->859M(989M) 0.212ms
[16.635s][info ][gc,cpu         ] GC(277) User=0.00s Sys=0.00s Real=0.00s
[16.635s][info ][gc,start       ] GC(278) Pause Full (Allocation Failure)
[16.635s][debug][gc,heap        ] GC(278) Heap before GC invocations=228 (full 50):
[16.635s][debug][gc,heap        ] GC(278)  def new generation   total 314560K, used 314521K [0x00000000c0000000, 0x00000000d5550000, 0x00000000d5550000)
[16.635s][debug][gc,heap        ] GC(278)   eden space 279616K, 100% used [0x00000000c0000000, 0x00000000d1110000, 0x00000000d1110000)
[16.635s][debug][gc,heap        ] GC(278)   from space 34944K,  99% used [0x00000000d3330000, 0x00000000d55465d0, 0x00000000d5550000)
[16.635s][debug][gc,heap        ] GC(278)   to   space 34944K,   0% used [0x00000000d1110000, 0x00000000d1110000, 0x00000000d3330000)
[16.635s][debug][gc,heap        ] GC(278)  tenured generation   total 699072K, used 565523K [0x00000000d5550000, 0x0000000100000000, 0x0000000100000000)
[16.635s][debug][gc,heap        ] GC(278)    the space 699072K,  80% used [0x00000000d5550000, 0x00000000f7d94ec8, 0x00000000f7d95000, 0x0000000100000000)
[16.635s][debug][gc,heap        ] GC(278)  Metaspace       used 6360K, committed 6528K, reserved 1114112K
[16.635s][debug][gc,heap        ] GC(278)   class space    used 546K, committed 640K, reserved 1048576K
[16.635s][info ][gc,phases,start] GC(278) Phase 1: Mark live objects
[16.636s][info ][gc,phases      ] GC(278) Phase 1: Mark live objects 0.992ms
[16.636s][info ][gc,phases,start] GC(278) Phase 2: Compute new object addresses
[16.638s][info ][gc,phases      ] GC(278) Phase 2: Compute new object addresses 1.680ms
[16.638s][info ][gc,phases,start] GC(278) Phase 3: Adjust pointers
[16.639s][info ][gc,phases      ] GC(278) Phase 3: Adjust pointers 1.468ms
[16.639s][info ][gc,phases,start] GC(278) Phase 4: Move objects
[16.673s][info ][gc,phases      ] GC(278) Phase 4: Move objects 33.267ms
[16.673s][info ][gc,heap        ] GC(278) DefNew: 314521K(314560K)->0K(314560K) Eden: 279616K(279616K)->0K(279616K) From: 34905K(34944K)->0K(34944K)
[16.673s][info ][gc,heap        ] GC(278) Tenured: 565523K(699072K)->220069K(699072K)
[16.673s][info ][gc,metaspace   ] GC(278) Metaspace: 6360K(6528K)->6360K(6528K) NonClass: 5814K(5888K)->5814K(5888K) Class: 546K(640K)->546K(640K)
[16.673s][debug][gc,heap        ] GC(278) Heap after GC invocations=228 (full 51):
[16.673s][debug][gc,heap        ] GC(278)  def new generation   total 314560K, used 0K [0x00000000c0000000, 0x00000000d5550000, 0x00000000d5550000)
[16.673s][debug][gc,heap        ] GC(278)   eden space 279616K,   0% used [0x00000000c0000000, 0x00000000c0000000, 0x00000000d1110000)
[16.673s][debug][gc,heap        ] GC(278)   from space 34944K,   0% used [0x00000000d3330000, 0x00000000d3330000, 0x00000000d5550000)
[16.673s][debug][gc,heap        ] GC(278)   to   space 34944K,   0% used [0x00000000d1110000, 0x00000000d1110000, 0x00000000d3330000)
[16.673s][debug][gc,heap        ] GC(278)  tenured generation   total 699072K, used 220069K [0x00000000d5550000, 0x0000000100000000, 0x0000000100000000)
[16.673s][debug][gc,heap        ] GC(278)    the space 699072K,  31% used [0x00000000d5550000, 0x00000000e2c396e8, 0x00000000e2c39800, 0x0000000100000000)
[16.673s][debug][gc,heap        ] GC(278)  Metaspace       used 6360K, committed 6528K, reserved 1114112K
[16.673s][debug][gc,heap        ] GC(278)   class space    used 546K, committed 640K, reserved 1048576K
[16.673s][info ][gc             ] GC(278) Pause Full (Allocation Failure) 859M->214M(989M) 37.824ms
[16.673s][info ][gc,cpu         ] GC(278) User=0.04s Sys=0.00s Real=0.04s
[16.673s][info ][safepoint      ] Safepoint "GenCollectForAllocation", Time since last: 43345972 ns, Reaching safepoint: 5300 ns, Cleanup: 4900 ns, At safepoint: 38074363 ns, Total: 38084563 ns
[16.705s][info ][gc,start       ] GC(279) Pause Young (Allocation Failure)
[16.705s][debug][gc,heap        ] GC(279) Heap before GC invocations=228 (full 51):
[16.705s][debug][gc,heap        ] GC(279)  def new generation   total 314560K, used 279616K [0x00000000c0000000, 0x00000000d5550000, 0x00000000d5550000)
[16.705s][debug][gc,heap        ] GC(279)   eden space 279616K, 100% used [0x00000000c0000000, 0x00000000d1110000, 0x00000000d1110000)
[16.705s][debug][gc,heap        ] GC(279)   from space 34944K,   0% used [0x00000000d3330000, 0x00000000d3330000, 0x00000000d5550000)
[16.705s][debug][gc,heap        ] GC(279)   to   space 34944K,   0% used [0x00000000d1110000, 0x00000000d1110000, 0x00000000d3330000)
[16.705s][debug][gc,heap        ] GC(279)  tenured generation   total 699072K, used 220069K [0x00000000d5550000, 0x0000000100000000, 0x0000000100000000)
[16.705s][debug][gc,heap        ] GC(279)    the space 699072K,  31% used [0x00000000d5550000, 0x00000000e2c396e8, 0x00000000e2c39800, 0x0000000100000000)
[16.705s][debug][gc,heap        ] GC(279)  Metaspace       used 6360K, committed 6528K, reserved 1114112K
[16.705s][debug][gc,heap        ] GC(279)   class space    used 546K, committed 640K, reserved 1048576K
[16.728s][info ][gc,heap        ] GC(279) DefNew: 279616K(314560K)->34905K(314560K) Eden: 279616K(279616K)->0K(279616K) From: 0K(34944K)->34905K(34944K)
[16.728s][info ][gc,heap        ] GC(279) Tenured: 220069K(699072K)->335387K(699072K)
[16.728s][info ][gc,metaspace   ] GC(279) Metaspace: 6360K(6528K)->6360K(6528K) NonClass: 5814K(5888K)->5814K(5888K) Class: 546K(640K)->546K(640K)
[16.728s][debug][gc,heap        ] GC(279) Heap after GC invocations=229 (full 51):
[16.728s][debug][gc,heap        ] GC(279)  def new generation   total 314560K, used 34905K [0x00000000c0000000, 0x00000000d5550000, 0x00000000d5550000)
[16.728s][debug][gc,heap        ] GC(279)   eden space 279616K,   0% used [0x00000000c0000000, 0x00000000c0000000, 0x00000000d1110000)
[16.728s][debug][gc,heap        ] GC(279)   from space 34944K,  99% used [0x00000000d1110000, 0x00000000d33265d0, 0x00000000d3330000)
[16.728s][debug][gc,heap        ] GC(279)   to   space 34944K,   0% used [0x00000000d3330000, 0x00000000d3330000, 0x00000000d5550000)
[16.728s][debug][gc,heap        ] GC(279)  tenured generation   total 699072K, used 335387K [0x00000000d5550000, 0x0000000100000000, 0x0000000100000000)
[16.728s][debug][gc,heap        ] GC(279)    the space 699072K,  47% used [0x00000000d5550000, 0x00000000e9cd6ef8, 0x00000000e9cd7000, 0x0000000100000000)
[16.728s][debug][gc,heap        ] GC(279)  Metaspace       used 6360K, committed 6528K, reserved 1114112K
[16.728s][debug][gc,heap        ] GC(279)   class space    used 546K, committed 640K, reserved 1048576K
[16.728s][info ][gc             ] GC(279) Pause Young (Allocation Failure) 487M->361M(989M) 23.640ms
[16.728s][info ][gc,cpu         ] GC(279) User=0.02s Sys=0.00s Real=0.02s
[16.728s][info ][safepoint      ] Safepoint "GenCollectForAllocation", Time since last: 31801053 ns, Reaching safepoint: 3000 ns, Cleanup: 3600 ns, At safepoint: 23665439 ns, Total: 23672039 ns
[16.760s][info ][gc,start       ] GC(280) Pause Young (Allocation Failure)
[16.760s][debug][gc,heap        ] GC(280) Heap before GC invocations=229 (full 51):
[16.760s][debug][gc,heap        ] GC(280)  def new generation   total 314560K, used 314521K [0x00000000c0000000, 0x00000000d5550000, 0x00000000d5550000)
[16.760s][debug][gc,heap        ] GC(280)   eden space 279616K, 100% used [0x00000000c0000000, 0x00000000d1110000, 0x00000000d1110000)
[16.760s][debug][gc,heap        ] GC(280)   from space 34944K,  99% used [0x00000000d1110000, 0x00000000d33265d0, 0x00000000d3330000)
[16.760s][debug][gc,heap        ] GC(280)   to   space 34944K,   0% used [0x00000000d3330000, 0x00000000d3330000, 0x00000000d5550000)
[16.760s][debug][gc,heap        ] GC(280)  tenured generation   total 699072K, used 335387K [0x00000000d5550000, 0x0000000100000000, 0x0000000100000000)
[16.760s][debug][gc,heap        ] GC(280)    the space 699072K,  47% used [0x00000000d5550000, 0x00000000e9cd6ef8, 0x00000000e9cd7000, 0x0000000100000000)
[16.760s][debug][gc,heap        ] GC(280)  Metaspace       used 6360K, committed 6528K, reserved 1114112K
[16.760s][debug][gc,heap        ] GC(280)   class space    used 546K, committed 640K, reserved 1048576K
[16.787s][info ][gc,heap        ] GC(280) DefNew: 314521K(314560K)->34905K(314560K) Eden: 279616K(279616K)->0K(279616K) From: 34905K(34944K)->34905K(34944K)
[16.787s][info ][gc,heap        ] GC(280) Tenured: 335387K(699072K)->459907K(699072K)
[16.787s][info ][gc,metaspace   ] GC(280) Metaspace: 6360K(6528K)->6360K(6528K) NonClass: 5814K(5888K)->5814K(5888K) Class: 546K(640K)->546K(640K)
[16.787s][debug][gc,heap        ] GC(280) Heap after GC invocations=230 (full 51):
[16.787s][debug][gc,heap        ] GC(280)  def new generation   total 314560K, used 34905K [0x00000000c0000000, 0x00000000d5550000, 0x00000000d5550000)
[16.787s][debug][gc,heap        ] GC(280)   eden space 279616K,   0% used [0x00000000c0000000, 0x00000000c0000000, 0x00000000d1110000)
[16.787s][debug][gc,heap        ] GC(280)   from space 34944K,  99% used [0x00000000d3330000, 0x00000000d55465d0, 0x00000000d5550000)
[16.787s][debug][gc,heap        ] GC(280)   to   space 34944K,   0% used [0x00000000d1110000, 0x00000000d1110000, 0x00000000d3330000)
[16.787s][debug][gc,heap        ] GC(280)  tenured generation   total 699072K, used 459907K [0x00000000d5550000, 0x0000000100000000, 0x0000000100000000)
[16.787s][debug][gc,heap        ] GC(280)    the space 699072K,  65% used [0x00000000d5550000, 0x00000000f1670cc8, 0x00000000f1670e00, 0x0000000100000000)
[16.787s][debug][gc,heap        ] GC(280)  Metaspace       used 6360K, committed 6528K, reserved 1114112K
[16.787s][debug][gc,heap        ] GC(280)   class space    used 546K, committed 640K, reserved 1048576K
[16.787s][info ][gc             ] GC(280) Pause Young (Allocation Failure) 634M->483M(989M) 26.866ms
[16.787s][info ][gc,cpu         ] GC(280) User=0.02s Sys=0.00s Real=0.02s
[16.787s][info ][safepoint      ] Safepoint "GenCollectForAllocation", Time since last: 31950353 ns, Reaching safepoint: 3000 ns, Cleanup: 3600 ns, At safepoint: 26889945 ns, Total: 26896545 ns
[16.821s][info ][gc,start       ] GC(281) Pause Young (Allocation Failure)
[16.821s][debug][gc,heap        ] GC(281) Heap before GC invocations=230 (full 51):
[16.821s][debug][gc,heap        ] GC(281)  def new generation   total 314560K, used 314521K [0x00000000c0000000, 0x00000000d5550000, 0x00000000d5550000)
[16.821s][debug][gc,heap        ] GC(281)   eden space 279616K, 100% used [0x00000000c0000000, 0x00000000d1110000, 0x00000000d1110000)
[16.821s][debug][gc,heap        ] GC(281)   from space 34944K,  99% used [0x00000000d3330000, 0x00000000d55465d0, 0x00000000d5550000)
[16.821s][debug][gc,heap        ] GC(281)   to   space 34944K,   0% used [0x00000000d1110000, 0x00000000d1110000, 0x00000000d3330000)
[16.821s][debug][gc,heap        ] GC(281)  tenured generation   total 699072K, used 459907K [0x00000000d5550000, 0x0000000100000000, 0x0000000100000000)
[16.821s][debug][gc,heap        ] GC(281)    the space 699072K,  65% used [0x00000000d5550000, 0x00000000f1670cc8, 0x00000000f1670e00, 0x0000000100000000)
[16.821s][debug][gc,heap        ] GC(281)  Metaspace       used 6360K, committed 6528K, reserved 1114112K
[16.821s][debug][gc,heap        ] GC(281)   class space    used 546K, committed 640K, reserved 1048576K
[16.847s][info ][gc,heap        ] GC(281) DefNew: 314521K(314560K)->34905K(314560K) Eden: 279616K(279616K)->0K(279616K) From: 34905K(34944K)->34905K(34944K)
[16.847s][info ][gc,heap        ] GC(281) Tenured: 459907K(699072K)->582926K(699072K)
[16.847s][info ][gc,metaspace   ] GC(281) Metaspace: 6360K(6528K)->6360K(6528K) NonClass: 5814K(5888K)->5814K(5888K) Class: 546K(640K)->546K(640K)
[16.847s][debug][gc,heap        ] GC(281) Heap after GC invocations=231 (full 51):
[16.847s][debug][gc,heap        ] GC(281)  def new generation   total 314560K, used 34905K [0x00000000c0000000, 0x00000000d5550000, 0x00000000d5550000)
[16.847s][debug][gc,heap        ] GC(281)   eden space 279616K,   0% used [0x00000000c0000000, 0x00000000c0000000, 0x00000000d1110000)
[16.847s][debug][gc,heap        ] GC(281)   from space 34944K,  99% used [0x00000000d1110000, 0x00000000d33265d0, 0x00000000d3330000)
[16.847s][debug][gc,heap        ] GC(281)   to   space 34944K,   0% used [0x00000000d3330000, 0x00000000d3330000, 0x00000000d5550000)
[16.847s][debug][gc,heap        ] GC(281)  tenured generation   total 699072K, used 582926K [0x00000000d5550000, 0x0000000100000000, 0x0000000100000000)
[16.847s][debug][gc,heap        ] GC(281)    the space 699072K,  83% used [0x00000000d5550000, 0x00000000f8e939a8, 0x00000000f8e93a00, 0x0000000100000000)
[16.847s][debug][gc,heap        ] GC(281)  Metaspace       used 6360K, committed 6528K, reserved 1114112K
[16.847s][debug][gc,heap        ] GC(281)   class space    used 546K, committed 640K, reserved 1048576K
[16.847s][info ][gc             ] GC(281) Pause Young (Allocation Failure) 756M->603M(989M) 25.708ms
[16.847s][info ][gc,cpu         ] GC(281) User=0.02s Sys=0.00s Real=0.02s
[16.847s][info ][safepoint      ] Safepoint "GenCollectForAllocation", Time since last: 34128757 ns, Reaching safepoint: 2900 ns, Cleanup: 3600 ns, At safepoint: 25732943 ns, Total: 25739443 ns
[16.882s][info ][gc,start       ] GC(282) Pause Young (Allocation Failure)
[16.882s][debug][gc,heap        ] GC(282) Heap before GC invocations=231 (full 51):
[16.882s][debug][gc,heap        ] GC(282)  def new generation   total 314560K, used 314521K [0x00000000c0000000, 0x00000000d5550000, 0x00000000d5550000)
[16.882s][debug][gc,heap        ] GC(282)   eden space 279616K, 100% used [0x00000000c0000000, 0x00000000d1110000, 0x00000000d1110000)
[16.882s][debug][gc,heap        ] GC(282)   from space 34944K,  99% used [0x00000000d1110000, 0x00000000d33265d0, 0x00000000d3330000)
[16.882s][debug][gc,heap        ] GC(282)   to   space 34944K,   0% used [0x00000000d3330000, 0x00000000d3330000, 0x00000000d5550000)
[16.882s][debug][gc,heap        ] GC(282)  tenured generation   total 699072K, used 582926K [0x00000000d5550000, 0x0000000100000000, 0x0000000100000000)
[16.882s][debug][gc,heap        ] GC(282)    the space 699072K,  83% used [0x00000000d5550000, 0x00000000f8e939a8, 0x00000000f8e93a00, 0x0000000100000000)
[16.882s][debug][gc,heap        ] GC(282)  Metaspace       used 6360K, committed 6528K, reserved 1114112K
[16.882s][debug][gc,heap        ] GC(282)   class space    used 546K, committed 640K, reserved 1048576K
[16.883s][debug][gc,heap        ] GC(282) Heap after GC invocations=232 (full 51):
[16.883s][debug][gc,heap        ] GC(282)  def new generation   total 314560K, used 314521K [0x00000000c0000000, 0x00000000d5550000, 0x00000000d5550000)
[16.883s][debug][gc,heap        ] GC(282)   eden space 279616K, 100% used [0x00000000c0000000, 0x00000000d1110000, 0x00000000d1110000)
[16.883s][debug][gc,heap        ] GC(282)   from space 34944K,  99% used [0x00000000d1110000, 0x00000000d33265d0, 0x00000000d3330000)
[16.883s][debug][gc,heap        ] GC(282)   to   space 34944K,   0% used [0x00000000d3330000, 0x00000000d3330000, 0x00000000d5550000)
[16.883s][debug][gc,heap        ] GC(282)  tenured generation   total 699072K, used 582926K [0x00000000d5550000, 0x0000000100000000, 0x0000000100000000)
[16.883s][debug][gc,heap        ] GC(282)    the space 699072K,  83% used [0x00000000d5550000, 0x00000000f8e939a8, 0x00000000f8e93a00, 0x0000000100000000)
[16.883s][debug][gc,heap        ] GC(282)  Metaspace       used 6360K, committed 6528K, reserved 1114112K
[16.883s][debug][gc,heap        ] GC(282)   class space    used 546K, committed 640K, reserved 1048576K
[16.883s][info ][gc             ] GC(282) Pause Young (Allocation Failure) 876M->876M(989M) 0.179ms
[16.883s][info ][gc,cpu         ] GC(282) User=0.00s Sys=0.00s Real=0.00s
[16.883s][info ][gc,start       ] GC(283) Pause Full (Allocation Failure)
[16.883s][debug][gc,heap        ] GC(283) Heap before GC invocations=232 (full 51):
[16.883s][debug][gc,heap        ] GC(283)  def new generation   total 314560K, used 314521K [0x00000000c0000000, 0x00000000d5550000, 0x00000000d5550000)
[16.883s][debug][gc,heap        ] GC(283)   eden space 279616K, 100% used [0x00000000c0000000, 0x00000000d1110000, 0x00000000d1110000)
[16.883s][debug][gc,heap        ] GC(283)   from space 34944K,  99% used [0x00000000d1110000, 0x00000000d33265d0, 0x00000000d3330000)
[16.883s][debug][gc,heap        ] GC(283)   to   space 34944K,   0% used [0x00000000d3330000, 0x00000000d3330000, 0x00000000d5550000)
[16.883s][debug][gc,heap        ] GC(283)  tenured generation   total 699072K, used 582926K [0x00000000d5550000, 0x0000000100000000, 0x0000000100000000)
[16.883s][debug][gc,heap        ] GC(283)    the space 699072K,  83% used [0x00000000d5550000, 0x00000000f8e939a8, 0x00000000f8e93a00, 0x0000000100000000)
[16.883s][debug][gc,heap        ] GC(283)  Metaspace       used 6360K, committed 6528K, reserved 1114112K
[16.883s][debug][gc,heap        ] GC(283)   class space    used 546K, committed 640K, reserved 1048576K
[16.883s][info ][gc,phases,start] GC(283) Phase 1: Mark live objects
[16.883s][info ][gc,phases      ] GC(283) Phase 1: Mark live objects 0.903ms
[16.883s][info ][gc,phases,start] GC(283) Phase 2: Compute new object addresses
[16.885s][info ][gc,phases      ] GC(283) Phase 2: Compute new object addresses 1.227ms
[16.885s][info ][gc,phases,start] GC(283) Phase 3: Adjust pointers
[16.885s][info ][gc,phases      ] GC(283) Phase 3: Adjust pointers 0.723ms
[16.885s][info ][gc,phases,start] GC(283) Phase 4: Move objects
[16.917s][info ][gc,phases      ] GC(283) Phase 4: Move objects 31.521ms
[16.917s][info ][gc,heap        ] GC(283) DefNew: 314521K(314560K)->0K(314560K) Eden: 279616K(279616K)->0K(279616K) From: 34905K(34944K)->0K(34944K)
[16.917s][info ][gc,heap        ] GC(283) Tenured: 582926K(699072K)->200766K(699072K)
[16.917s][info ][gc,metaspace   ] GC(283) Metaspace: 6360K(6528K)->6360K(6528K) NonClass: 5814K(5888K)->5814K(5888K) Class: 546K(640K)->546K(640K)
[16.917s][debug][gc,heap        ] GC(283) Heap after GC invocations=232 (full 52):
[16.917s][debug][gc,heap        ] GC(283)  def new generation   total 314560K, used 0K [0x00000000c0000000, 0x00000000d5550000, 0x00000000d5550000)
[16.917s][debug][gc,heap        ] GC(283)   eden space 279616K,   0% used [0x00000000c0000000, 0x00000000c0000000, 0x00000000d1110000)
[16.917s][debug][gc,heap        ] GC(283)   from space 34944K,   0% used [0x00000000d1110000, 0x00000000d1110000, 0x00000000d3330000)
[16.917s][debug][gc,heap        ] GC(283)   to   space 34944K,   0% used [0x00000000d3330000, 0x00000000d3330000, 0x00000000d5550000)
[16.917s][debug][gc,heap        ] GC(283)  tenured generation   total 699072K, used 200766K [0x00000000d5550000, 0x0000000100000000, 0x0000000100000000)
[16.917s][debug][gc,heap        ] GC(283)    the space 699072K,  28% used [0x00000000d5550000, 0x00000000e195fad8, 0x00000000e195fc00, 0x0000000100000000)
[16.917s][debug][gc,heap        ] GC(283)  Metaspace       used 6360K, committed 6528K, reserved 1114112K
[16.917s][debug][gc,heap        ] GC(283)   class space    used 546K, committed 640K, reserved 1048576K
[16.917s][info ][gc             ] GC(283) Pause Full (Allocation Failure) 876M->196M(989M) 34.631ms
[16.917s][info ][gc,cpu         ] GC(283) User=0.03s Sys=0.00s Real=0.03s
[16.917s][info ][safepoint      ] Safepoint "GenCollectForAllocation", Time since last: 35166632 ns, Reaching safepoint: 3400 ns, Cleanup: 4000 ns, At safepoint: 34845007 ns, Total: 34852407 ns
[16.958s][info ][gc,start       ] GC(284) Pause Young (Allocation Failure)
[16.958s][debug][gc,heap        ] GC(284) Heap before GC invocations=232 (full 52):
[16.958s][debug][gc,heap        ] GC(284)  def new generation   total 314560K, used 279616K [0x00000000c0000000, 0x00000000d5550000, 0x00000000d5550000)
[16.958s][debug][gc,heap        ] GC(284)   eden space 279616K, 100% used [0x00000000c0000000, 0x00000000d1110000, 0x00000000d1110000)
[16.958s][debug][gc,heap        ] GC(284)   from space 34944K,   0% used [0x00000000d1110000, 0x00000000d1110000, 0x00000000d3330000)
[16.958s][debug][gc,heap        ] GC(284)   to   space 34944K,   0% used [0x00000000d3330000, 0x00000000d3330000, 0x00000000d5550000)
[16.958s][debug][gc,heap        ] GC(284)  tenured generation   total 699072K, used 200766K [0x00000000d5550000, 0x0000000100000000, 0x0000000100000000)
[16.958s][debug][gc,heap        ] GC(284)    the space 699072K,  28% used [0x00000000d5550000, 0x00000000e195fad8, 0x00000000e195fc00, 0x0000000100000000)
[16.958s][debug][gc,heap        ] GC(284)  Metaspace       used 6360K, committed 6528K, reserved 1114112K
[16.958s][debug][gc,heap        ] GC(284)   class space    used 546K, committed 640K, reserved 1048576K
[16.983s][info ][gc,heap        ] GC(284) DefNew: 279616K(314560K)->34905K(314560K) Eden: 279616K(279616K)->0K(279616K) From: 0K(34944K)->34905K(34944K)
[16.983s][info ][gc,heap        ] GC(284) Tenured: 200766K(699072K)->315784K(699072K)
[16.983s][info ][gc,metaspace   ] GC(284) Metaspace: 6360K(6528K)->6360K(6528K) NonClass: 5814K(5888K)->5814K(5888K) Class: 546K(640K)->546K(640K)
[16.983s][debug][gc,heap        ] GC(284) Heap after GC invocations=233 (full 52):
[16.983s][debug][gc,heap        ] GC(284)  def new generation   total 314560K, used 34905K [0x00000000c0000000, 0x00000000d5550000, 0x00000000d5550000)
[16.983s][debug][gc,heap        ] GC(284)   eden space 279616K,   0% used [0x00000000c0000000, 0x00000000c0000000, 0x00000000d1110000)
[16.983s][debug][gc,heap        ] GC(284)   from space 34944K,  99% used [0x00000000d3330000, 0x00000000d55465d0, 0x00000000d5550000)
[16.983s][debug][gc,heap        ] GC(284)   to   space 34944K,   0% used [0x00000000d1110000, 0x00000000d1110000, 0x00000000d3330000)
[16.983s][debug][gc,heap        ] GC(284)  tenured generation   total 699072K, used 315784K [0x00000000d5550000, 0x0000000100000000, 0x0000000100000000)
[16.983s][debug][gc,heap        ] GC(284)    the space 699072K,  45% used [0x00000000d5550000, 0x00000000e89b22b8, 0x00000000e89b2400, 0x0000000100000000)
[16.983s][debug][gc,heap        ] GC(284)  Metaspace       used 6360K, committed 6528K, reserved 1114112K
[16.983s][debug][gc,heap        ] GC(284)   class space    used 546K, committed 640K, reserved 1048576K
[16.983s][info ][gc             ] GC(284) Pause Young (Allocation Failure) 469M->342M(989M) 25.392ms
[16.983s][info ][gc,cpu         ] GC(284) User=0.03s Sys=0.00s Real=0.03s
[16.983s][info ][safepoint      ] Safepoint "GenCollectForAllocation", Time since last: 40486007 ns, Reaching safepoint: 3400 ns, Cleanup: 3700 ns, At safepoint: 25419905 ns, Total: 25427005 ns
[17.017s][info ][gc,start       ] GC(285) Pause Young (Allocation Failure)
[17.017s][debug][gc,heap        ] GC(285) Heap before GC invocations=233 (full 52):
[17.017s][debug][gc,heap        ] GC(285)  def new generation   total 314560K, used 314521K [0x00000000c0000000, 0x00000000d5550000, 0x00000000d5550000)
[17.017s][debug][gc,heap        ] GC(285)   eden space 279616K, 100% used [0x00000000c0000000, 0x00000000d1110000, 0x00000000d1110000)
[17.017s][debug][gc,heap        ] GC(285)   from space 34944K,  99% used [0x00000000d3330000, 0x00000000d55465d0, 0x00000000d5550000)
[17.017s][debug][gc,heap        ] GC(285)   to   space 34944K,   0% used [0x00000000d1110000, 0x00000000d1110000, 0x00000000d3330000)
[17.017s][debug][gc,heap        ] GC(285)  tenured generation   total 699072K, used 315784K [0x00000000d5550000, 0x0000000100000000, 0x0000000100000000)
[17.017s][debug][gc,heap        ] GC(285)    the space 699072K,  45% used [0x00000000d5550000, 0x00000000e89b22b8, 0x00000000e89b2400, 0x0000000100000000)
[17.017s][debug][gc,heap        ] GC(285)  Metaspace       used 6360K, committed 6528K, reserved 1114112K
[17.017s][debug][gc,heap        ] GC(285)   class space    used 546K, committed 640K, reserved 1048576K
[17.043s][info ][gc,heap        ] GC(285) DefNew: 314521K(314560K)->34905K(314560K) Eden: 279616K(279616K)->0K(279616K) From: 34905K(34944K)->34905K(34944K)
[17.043s][info ][gc,heap        ] GC(285) Tenured: 315784K(699072K)->439303K(699072K)
[17.043s][info ][gc,metaspace   ] GC(285) Metaspace: 6360K(6528K)->6360K(6528K) NonClass: 5814K(5888K)->5814K(5888K) Class: 546K(640K)->546K(640K)
[17.043s][debug][gc,heap        ] GC(285) Heap after GC invocations=234 (full 52):
[17.043s][debug][gc,heap        ] GC(285)  def new generation   total 314560K, used 34905K [0x00000000c0000000, 0x00000000d5550000, 0x00000000d5550000)
[17.043s][debug][gc,heap        ] GC(285)   eden space 279616K,   0% used [0x00000000c0000000, 0x00000000c0000000, 0x00000000d1110000)
[17.043s][debug][gc,heap        ] GC(285)   from space 34944K,  99% used [0x00000000d1110000, 0x00000000d33265d0, 0x00000000d3330000)
[17.043s][debug][gc,heap        ] GC(285)   to   space 34944K,   0% used [0x00000000d3330000, 0x00000000d3330000, 0x00000000d5550000)
[17.043s][debug][gc,heap        ] GC(285)  tenured generation   total 699072K, used 439303K [0x00000000d5550000, 0x0000000100000000, 0x0000000100000000)
[17.043s][debug][gc,heap        ] GC(285)    the space 699072K,  62% used [0x00000000d5550000, 0x00000000f0251fe8, 0x00000000f0252000, 0x0000000100000000)
[17.043s][debug][gc,heap        ] GC(285)  Metaspace       used 6360K, committed 6528K, reserved 1114112K
[17.043s][debug][gc,heap        ] GC(285)   class space    used 546K, committed 640K, reserved 1048576K
[17.044s][info ][gc             ] GC(285) Pause Young (Allocation Failure) 615M->463M(989M) 26.649ms
[17.044s][info ][gc,cpu         ] GC(285) User=0.03s Sys=0.00s Real=0.03s
[17.044s][info ][safepoint      ] Safepoint "GenCollectForAllocation", Time since last: 33739706 ns, Reaching safepoint: 3600 ns, Cleanup: 4300 ns, At safepoint: 26755405 ns, Total: 26763305 ns
[17.076s][info ][gc,start       ] GC(286) Pause Young (Allocation Failure)
[17.076s][debug][gc,heap        ] GC(286) Heap before GC invocations=234 (full 52):
[17.076s][debug][gc,heap        ] GC(286)  def new generation   total 314560K, used 314521K [0x00000000c0000000, 0x00000000d5550000, 0x00000000d5550000)
[17.076s][debug][gc,heap        ] GC(286)   eden space 279616K, 100% used [0x00000000c0000000, 0x00000000d1110000, 0x00000000d1110000)
[17.076s][debug][gc,heap        ] GC(286)   from space 34944K,  99% used [0x00000000d1110000, 0x00000000d33265d0, 0x00000000d3330000)
[17.076s][debug][gc,heap        ] GC(286)   to   space 34944K,   0% used [0x00000000d3330000, 0x00000000d3330000, 0x00000000d5550000)
[17.076s][debug][gc,heap        ] GC(286)  tenured generation   total 699072K, used 439303K [0x00000000d5550000, 0x0000000100000000, 0x0000000100000000)
[17.076s][debug][gc,heap        ] GC(286)    the space 699072K,  62% used [0x00000000d5550000, 0x00000000f0251fe8, 0x00000000f0252000, 0x0000000100000000)
[17.076s][debug][gc,heap        ] GC(286)  Metaspace       used 6360K, committed 6528K, reserved 1114112K
[17.076s][debug][gc,heap        ] GC(286)   class space    used 546K, committed 640K, reserved 1048576K
[17.102s][info ][gc,heap        ] GC(286) DefNew: 314521K(314560K)->34905K(314560K) Eden: 279616K(279616K)->0K(279616K) From: 34905K(34944K)->34905K(34944K)
[17.102s][info ][gc,heap        ] GC(286) Tenured: 439303K(699072K)->562923K(699072K)
[17.102s][info ][gc,metaspace   ] GC(286) Metaspace: 6360K(6528K)->6360K(6528K) NonClass: 5814K(5888K)->5814K(5888K) Class: 546K(640K)->546K(640K)
[17.102s][debug][gc,heap        ] GC(286) Heap after GC invocations=235 (full 52):
[17.102s][debug][gc,heap        ] GC(286)  def new generation   total 314560K, used 34905K [0x00000000c0000000, 0x00000000d5550000, 0x00000000d5550000)
[17.102s][debug][gc,heap        ] GC(286)   eden space 279616K,   0% used [0x00000000c0000000, 0x00000000c0000000, 0x00000000d1110000)
[17.102s][debug][gc,heap        ] GC(286)   from space 34944K,  99% used [0x00000000d3330000, 0x00000000d55465d0, 0x00000000d5550000)
[17.102s][debug][gc,heap        ] GC(286)   to   space 34944K,   0% used [0x00000000d1110000, 0x00000000d1110000, 0x00000000d3330000)
[17.102s][debug][gc,heap        ] GC(286)  tenured generation   total 699072K, used 562923K [0x00000000d5550000, 0x0000000100000000, 0x0000000100000000)
[17.102s][debug][gc,heap        ] GC(286)    the space 699072K,  80% used [0x00000000d5550000, 0x00000000f7b0ad28, 0x00000000f7b0ae00, 0x0000000100000000)
[17.102s][debug][gc,heap        ] GC(286)  Metaspace       used 6360K, committed 6528K, reserved 1114112K
[17.102s][debug][gc,heap        ] GC(286)   class space    used 546K, committed 640K, reserved 1048576K
[17.102s][info ][gc             ] GC(286) Pause Young (Allocation Failure) 736M->583M(989M) 26.625ms
[17.102s][info ][gc,cpu         ] GC(286) User=0.03s Sys=0.00s Real=0.03s
[17.102s][info ][safepoint      ] Safepoint "GenCollectForAllocation", Time since last: 31904706 ns, Reaching safepoint: 2900 ns, Cleanup: 3700 ns, At safepoint: 26648904 ns, Total: 26655504 ns
[17.135s][info ][gc,start       ] GC(287) Pause Young (Allocation Failure)
[17.135s][debug][gc,heap        ] GC(287) Heap before GC invocations=235 (full 52):
[17.135s][debug][gc,heap        ] GC(287)  def new generation   total 314560K, used 314521K [0x00000000c0000000, 0x00000000d5550000, 0x00000000d5550000)
[17.135s][debug][gc,heap        ] GC(287)   eden space 279616K, 100% used [0x00000000c0000000, 0x00000000d1110000, 0x00000000d1110000)
[17.135s][debug][gc,heap        ] GC(287)   from space 34944K,  99% used [0x00000000d3330000, 0x00000000d55465d0, 0x00000000d5550000)
[17.135s][debug][gc,heap        ] GC(287)   to   space 34944K,   0% used [0x00000000d1110000, 0x00000000d1110000, 0x00000000d3330000)
[17.135s][debug][gc,heap        ] GC(287)  tenured generation   total 699072K, used 562923K [0x00000000d5550000, 0x0000000100000000, 0x0000000100000000)
[17.135s][debug][gc,heap        ] GC(287)    the space 699072K,  80% used [0x00000000d5550000, 0x00000000f7b0ad28, 0x00000000f7b0ae00, 0x0000000100000000)
[17.135s][debug][gc,heap        ] GC(287)  Metaspace       used 6360K, committed 6528K, reserved 1114112K
[17.135s][debug][gc,heap        ] GC(287)   class space    used 546K, committed 640K, reserved 1048576K
[17.135s][debug][gc,heap        ] GC(287) Heap after GC invocations=236 (full 52):
[17.135s][debug][gc,heap        ] GC(287)  def new generation   total 314560K, used 314521K [0x00000000c0000000, 0x00000000d5550000, 0x00000000d5550000)
[17.135s][debug][gc,heap        ] GC(287)   eden space 279616K, 100% used [0x00000000c0000000, 0x00000000d1110000, 0x00000000d1110000)
[17.135s][debug][gc,heap        ] GC(287)   from space 34944K,  99% used [0x00000000d3330000, 0x00000000d55465d0, 0x00000000d5550000)
[17.135s][debug][gc,heap        ] GC(287)   to   space 34944K,   0% used [0x00000000d1110000, 0x00000000d1110000, 0x00000000d3330000)
[17.135s][debug][gc,heap        ] GC(287)  tenured generation   total 699072K, used 562923K [0x00000000d5550000, 0x0000000100000000, 0x0000000100000000)
[17.135s][debug][gc,heap        ] GC(287)    the space 699072K,  80% used [0x00000000d5550000, 0x00000000f7b0ad28, 0x00000000f7b0ae00, 0x0000000100000000)
[17.135s][debug][gc,heap        ] GC(287)  Metaspace       used 6360K, committed 6528K, reserved 1114112K
[17.135s][debug][gc,heap        ] GC(287)   class space    used 546K, committed 640K, reserved 1048576K
[17.135s][info ][gc             ] GC(287) Pause Young (Allocation Failure) 856M->856M(989M) 0.152ms
[17.135s][info ][gc,cpu         ] GC(287) User=0.00s Sys=0.00s Real=0.00s
[17.135s][info ][gc,start       ] GC(288) Pause Full (Allocation Failure)
[17.135s][debug][gc,heap        ] GC(288) Heap before GC invocations=236 (full 52):
[17.135s][debug][gc,heap        ] GC(288)  def new generation   total 314560K, used 314521K [0x00000000c0000000, 0x00000000d5550000, 0x00000000d5550000)
[17.135s][debug][gc,heap        ] GC(288)   eden space 279616K, 100% used [0x00000000c0000000, 0x00000000d1110000, 0x00000000d1110000)
[17.135s][debug][gc,heap        ] GC(288)   from space 34944K,  99% used [0x00000000d3330000, 0x00000000d55465d0, 0x00000000d5550000)
[17.135s][debug][gc,heap        ] GC(288)   to   space 34944K,   0% used [0x00000000d1110000, 0x00000000d1110000, 0x00000000d3330000)
[17.135s][debug][gc,heap        ] GC(288)  tenured generation   total 699072K, used 562923K [0x00000000d5550000, 0x0000000100000000, 0x0000000100000000)
[17.135s][debug][gc,heap        ] GC(288)    the space 699072K,  80% used [0x00000000d5550000, 0x00000000f7b0ad28, 0x00000000f7b0ae00, 0x0000000100000000)
[17.135s][debug][gc,heap        ] GC(288)  Metaspace       used 6360K, committed 6528K, reserved 1114112K
[17.135s][debug][gc,heap        ] GC(288)   class space    used 546K, committed 640K, reserved 1048576K
[17.135s][info ][gc,phases,start] GC(288) Phase 1: Mark live objects
[17.136s][info ][gc,phases      ] GC(288) Phase 1: Mark live objects 0.924ms
[17.136s][info ][gc,phases,start] GC(288) Phase 2: Compute new object addresses
[17.137s][info ][gc,phases      ] GC(288) Phase 2: Compute new object addresses 1.248ms
[17.137s][info ][gc,phases,start] GC(288) Phase 3: Adjust pointers
[17.138s][info ][gc,phases      ] GC(288) Phase 3: Adjust pointers 0.625ms
[17.138s][info ][gc,phases,start] GC(288) Phase 4: Move objects
[17.172s][info ][gc,phases      ] GC(288) Phase 4: Move objects 34.358ms
[17.172s][info ][gc,heap        ] GC(288) DefNew: 314521K(314560K)->0K(314560K) Eden: 279616K(279616K)->0K(279616K) From: 34905K(34944K)->0K(34944K)
[17.172s][info ][gc,heap        ] GC(288) Tenured: 562923K(699072K)->220269K(699072K)
[17.172s][info ][gc,metaspace   ] GC(288) Metaspace: 6360K(6528K)->6360K(6528K) NonClass: 5814K(5888K)->5814K(5888K) Class: 546K(640K)->546K(640K)
[17.172s][debug][gc,heap        ] GC(288) Heap after GC invocations=236 (full 53):
[17.172s][debug][gc,heap        ] GC(288)  def new generation   total 314560K, used 0K [0x00000000c0000000, 0x00000000d5550000, 0x00000000d5550000)
[17.172s][debug][gc,heap        ] GC(288)   eden space 279616K,   0% used [0x00000000c0000000, 0x00000000c0000000, 0x00000000d1110000)
[17.172s][debug][gc,heap        ] GC(288)   from space 34944K,   0% used [0x00000000d3330000, 0x00000000d3330000, 0x00000000d5550000)
[17.172s][debug][gc,heap        ] GC(288)   to   space 34944K,   0% used [0x00000000d1110000, 0x00000000d1110000, 0x00000000d3330000)
[17.172s][debug][gc,heap        ] GC(288)  tenured generation   total 699072K, used 220269K [0x00000000d5550000, 0x0000000100000000, 0x0000000100000000)
[17.172s][debug][gc,heap        ] GC(288)    the space 699072K,  31% used [0x00000000d5550000, 0x00000000e2c6b708, 0x00000000e2c6b800, 0x0000000100000000)
[17.172s][debug][gc,heap        ] GC(288)  Metaspace       used 6360K, committed 6528K, reserved 1114112K
[17.172s][debug][gc,heap        ] GC(288)   class space    used 546K, committed 640K, reserved 1048576K
[17.172s][info ][gc             ] GC(288) Pause Full (Allocation Failure) 856M->215M(989M) 37.512ms
[17.172s][info ][gc,cpu         ] GC(288) User=0.04s Sys=0.00s Real=0.04s
[17.172s][info ][safepoint      ] Safepoint "GenCollectForAllocation", Time since last: 32596806 ns, Reaching safepoint: 3000 ns, Cleanup: 3500 ns, At safepoint: 37697407 ns, Total: 37703907 ns
[17.205s][info ][gc,start       ] GC(289) Pause Young (Allocation Failure)
[17.205s][debug][gc,heap        ] GC(289) Heap before GC invocations=236 (full 53):
[17.205s][debug][gc,heap        ] GC(289)  def new generation   total 314560K, used 279616K [0x00000000c0000000, 0x00000000d5550000, 0x00000000d5550000)
[17.205s][debug][gc,heap        ] GC(289)   eden space 279616K, 100% used [0x00000000c0000000, 0x00000000d1110000, 0x00000000d1110000)
[17.205s][debug][gc,heap        ] GC(289)   from space 34944K,   0% used [0x00000000d3330000, 0x00000000d3330000, 0x00000000d5550000)
[17.205s][debug][gc,heap        ] GC(289)   to   space 34944K,   0% used [0x00000000d1110000, 0x00000000d1110000, 0x00000000d3330000)
[17.205s][debug][gc,heap        ] GC(289)  tenured generation   total 699072K, used 220269K [0x00000000d5550000, 0x0000000100000000, 0x0000000100000000)
[17.205s][debug][gc,heap        ] GC(289)    the space 699072K,  31% used [0x00000000d5550000, 0x00000000e2c6b708, 0x00000000e2c6b800, 0x0000000100000000)
[17.205s][debug][gc,heap        ] GC(289)  Metaspace       used 6360K, committed 6528K, reserved 1114112K
[17.205s][debug][gc,heap        ] GC(289)   class space    used 546K, committed 640K, reserved 1048576K
[17.230s][info ][gc,heap        ] GC(289) DefNew: 279616K(314560K)->34905K(314560K) Eden: 279616K(279616K)->0K(279616K) From: 0K(34944K)->34905K(34944K)
[17.230s][info ][gc,heap        ] GC(289) Tenured: 220269K(699072K)->336787K(699072K)
[17.230s][info ][gc,metaspace   ] GC(289) Metaspace: 6360K(6528K)->6360K(6528K) NonClass: 5814K(5888K)->5814K(5888K) Class: 546K(640K)->546K(640K)
[17.230s][debug][gc,heap        ] GC(289) Heap after GC invocations=237 (full 53):
[17.230s][debug][gc,heap        ] GC(289)  def new generation   total 314560K, used 34905K [0x00000000c0000000, 0x00000000d5550000, 0x00000000d5550000)
[17.230s][debug][gc,heap        ] GC(289)   eden space 279616K,   0% used [0x00000000c0000000, 0x00000000c0000000, 0x00000000d1110000)
[17.230s][debug][gc,heap        ] GC(289)   from space 34944K,  99% used [0x00000000d1110000, 0x00000000d33265d0, 0x00000000d3330000)
[17.230s][debug][gc,heap        ] GC(289)   to   space 34944K,   0% used [0x00000000d3330000, 0x00000000d3330000, 0x00000000d5550000)
[17.230s][debug][gc,heap        ] GC(289)  tenured generation   total 699072K, used 336787K [0x00000000d5550000, 0x0000000100000000, 0x0000000100000000)
[17.230s][debug][gc,heap        ] GC(289)    the space 699072K,  48% used [0x00000000d5550000, 0x00000000e9e34fd8, 0x00000000e9e35000, 0x0000000100000000)
[17.230s][debug][gc,heap        ] GC(289)  Metaspace       used 6360K, committed 6528K, reserved 1114112K
[17.230s][debug][gc,heap        ] GC(289)   class space    used 546K, committed 640K, reserved 1048576K
[17.230s][info ][gc             ] GC(289) Pause Young (Allocation Failure) 488M->362M(989M) 24.855ms
[17.230s][info ][gc,cpu         ] GC(289) User=0.02s Sys=0.00s Real=0.02s
[17.230s][info ][safepoint      ] Safepoint "GenCollectForAllocation", Time since last: 32652406 ns, Reaching safepoint: 3200 ns, Cleanup: 3700 ns, At safepoint: 24883605 ns, Total: 24890505 ns
[17.262s][info ][gc,start       ] GC(290) Pause Young (Allocation Failure)
[17.262s][debug][gc,heap        ] GC(290) Heap before GC invocations=237 (full 53):
[17.262s][debug][gc,heap        ] GC(290)  def new generation   total 314560K, used 314521K [0x00000000c0000000, 0x00000000d5550000, 0x00000000d5550000)
[17.262s][debug][gc,heap        ] GC(290)   eden space 279616K, 100% used [0x00000000c0000000, 0x00000000d1110000, 0x00000000d1110000)
[17.262s][debug][gc,heap        ] GC(290)   from space 34944K,  99% used [0x00000000d1110000, 0x00000000d33265d0, 0x00000000d3330000)
[17.262s][debug][gc,heap        ] GC(290)   to   space 34944K,   0% used [0x00000000d3330000, 0x00000000d3330000, 0x00000000d5550000)
[17.262s][debug][gc,heap        ] GC(290)  tenured generation   total 699072K, used 336787K [0x00000000d5550000, 0x0000000100000000, 0x0000000100000000)
[17.262s][debug][gc,heap        ] GC(290)    the space 699072K,  48% used [0x00000000d5550000, 0x00000000e9e34fd8, 0x00000000e9e35000, 0x0000000100000000)
[17.262s][debug][gc,heap        ] GC(290)  Metaspace       used 6360K, committed 6528K, reserved 1114112K
[17.262s][debug][gc,heap        ] GC(290)   class space    used 546K, committed 640K, reserved 1048576K
[17.289s][info ][gc,heap        ] GC(290) DefNew: 314521K(314560K)->34905K(314560K) Eden: 279616K(279616K)->0K(279616K) From: 34905K(34944K)->34905K(34944K)
[17.289s][info ][gc,heap        ] GC(290) Tenured: 336787K(699072K)->461207K(699072K)
[17.289s][info ][gc,metaspace   ] GC(290) Metaspace: 6360K(6528K)->6360K(6528K) NonClass: 5814K(5888K)->5814K(5888K) Class: 546K(640K)->546K(640K)
[17.289s][debug][gc,heap        ] GC(290) Heap after GC invocations=238 (full 53):
[17.289s][debug][gc,heap        ] GC(290)  def new generation   total 314560K, used 34905K [0x00000000c0000000, 0x00000000d5550000, 0x00000000d5550000)
[17.289s][debug][gc,heap        ] GC(290)   eden space 279616K,   0% used [0x00000000c0000000, 0x00000000c0000000, 0x00000000d1110000)
[17.289s][debug][gc,heap        ] GC(290)   from space 34944K,  99% used [0x00000000d3330000, 0x00000000d55465d0, 0x00000000d5550000)
[17.289s][debug][gc,heap        ] GC(290)   to   space 34944K,   0% used [0x00000000d1110000, 0x00000000d1110000, 0x00000000d3330000)
[17.289s][debug][gc,heap        ] GC(290)  tenured generation   total 699072K, used 461207K [0x00000000d5550000, 0x0000000100000000, 0x0000000100000000)
[17.289s][debug][gc,heap        ] GC(290)    the space 699072K,  65% used [0x00000000d5550000, 0x00000000f17b5d98, 0x00000000f17b5e00, 0x0000000100000000)
[17.289s][debug][gc,heap        ] GC(290)  Metaspace       used 6360K, committed 6528K, reserved 1114112K
[17.289s][debug][gc,heap        ] GC(290)   class space    used 546K, committed 640K, reserved 1048576K
[17.289s][info ][gc             ] GC(290) Pause Young (Allocation Failure) 636M->484M(989M) 27.282ms
[17.289s][info ][gc,cpu         ] GC(290) User=0.02s Sys=0.00s Real=0.02s
[17.289s][info ][safepoint      ] Safepoint "GenCollectForAllocation", Time since last: 31862106 ns, Reaching safepoint: 2800 ns, Cleanup: 3500 ns, At safepoint: 27306805 ns, Total: 27313105 ns
[17.322s][info ][gc,start       ] GC(291) Pause Young (Allocation Failure)
[17.322s][debug][gc,heap        ] GC(291) Heap before GC invocations=238 (full 53):
[17.322s][debug][gc,heap        ] GC(291)  def new generation   total 314560K, used 314521K [0x00000000c0000000, 0x00000000d5550000, 0x00000000d5550000)
[17.322s][debug][gc,heap        ] GC(291)   eden space 279616K, 100% used [0x00000000c0000000, 0x00000000d1110000, 0x00000000d1110000)
[17.322s][debug][gc,heap        ] GC(291)   from space 34944K,  99% used [0x00000000d3330000, 0x00000000d55465d0, 0x00000000d5550000)
[17.322s][debug][gc,heap        ] GC(291)   to   space 34944K,   0% used [0x00000000d1110000, 0x00000000d1110000, 0x00000000d3330000)
[17.322s][debug][gc,heap        ] GC(291)  tenured generation   total 699072K, used 461207K [0x00000000d5550000, 0x0000000100000000, 0x0000000100000000)
[17.322s][debug][gc,heap        ] GC(291)    the space 699072K,  65% used [0x00000000d5550000, 0x00000000f17b5d98, 0x00000000f17b5e00, 0x0000000100000000)
[17.322s][debug][gc,heap        ] GC(291)  Metaspace       used 6360K, committed 6528K, reserved 1114112K
[17.322s][debug][gc,heap        ] GC(291)   class space    used 546K, committed 640K, reserved 1048576K
[17.348s][info ][gc,heap        ] GC(291) DefNew: 314521K(314560K)->34905K(314560K) Eden: 279616K(279616K)->0K(279616K) From: 34905K(34944K)->34905K(34944K)
[17.348s][info ][gc,heap        ] GC(291) Tenured: 461207K(699072K)->584526K(699072K)
[17.348s][info ][gc,metaspace   ] GC(291) Metaspace: 6360K(6528K)->6360K(6528K) NonClass: 5814K(5888K)->5814K(5888K) Class: 546K(640K)->546K(640K)
[17.348s][debug][gc,heap        ] GC(291) Heap after GC invocations=239 (full 53):
[17.348s][debug][gc,heap        ] GC(291)  def new generation   total 314560K, used 34905K [0x00000000c0000000, 0x00000000d5550000, 0x00000000d5550000)
[17.348s][debug][gc,heap        ] GC(291)   eden space 279616K,   0% used [0x00000000c0000000, 0x00000000c0000000, 0x00000000d1110000)
[17.348s][debug][gc,heap        ] GC(291)   from space 34944K,  99% used [0x00000000d1110000, 0x00000000d33265d0, 0x00000000d3330000)
[17.348s][debug][gc,heap        ] GC(291)   to   space 34944K,   0% used [0x00000000d3330000, 0x00000000d3330000, 0x00000000d5550000)
[17.348s][debug][gc,heap        ] GC(291)  tenured generation   total 699072K, used 584526K [0x00000000d5550000, 0x0000000100000000, 0x0000000100000000)
[17.348s][debug][gc,heap        ] GC(291)    the space 699072K,  83% used [0x00000000d5550000, 0x00000000f9023aa8, 0x00000000f9023c00, 0x0000000100000000)
[17.348s][debug][gc,heap        ] GC(291)  Metaspace       used 6360K, committed 6528K, reserved 1114112K
[17.348s][debug][gc,heap        ] GC(291)   class space    used 546K, committed 640K, reserved 1048576K
[17.348s][info ][gc             ] GC(291) Pause Young (Allocation Failure) 757M->604M(989M) 26.051ms
[17.348s][info ][gc,cpu         ] GC(291) User=0.02s Sys=0.00s Real=0.02s
[17.348s][info ][safepoint      ] Safepoint "GenCollectForAllocation", Time since last: 32440805 ns, Reaching safepoint: 4200 ns, Cleanup: 6400 ns, At safepoint: 26078905 ns, Total: 26089505 ns
[17.380s][info ][gc,start       ] GC(292) Pause Young (Allocation Failure)
[17.380s][debug][gc,heap        ] GC(292) Heap before GC invocations=239 (full 53):
[17.380s][debug][gc,heap        ] GC(292)  def new generation   total 314560K, used 314521K [0x00000000c0000000, 0x00000000d5550000, 0x00000000d5550000)
[17.380s][debug][gc,heap        ] GC(292)   eden space 279616K, 100% used [0x00000000c0000000, 0x00000000d1110000, 0x00000000d1110000)
[17.380s][debug][gc,heap        ] GC(292)   from space 34944K,  99% used [0x00000000d1110000, 0x00000000d33265d0, 0x00000000d3330000)
[17.380s][debug][gc,heap        ] GC(292)   to   space 34944K,   0% used [0x00000000d3330000, 0x00000000d3330000, 0x00000000d5550000)
[17.380s][debug][gc,heap        ] GC(292)  tenured generation   total 699072K, used 584526K [0x00000000d5550000, 0x0000000100000000, 0x0000000100000000)
[17.380s][debug][gc,heap        ] GC(292)    the space 699072K,  83% used [0x00000000d5550000, 0x00000000f9023aa8, 0x00000000f9023c00, 0x0000000100000000)
[17.380s][debug][gc,heap        ] GC(292)  Metaspace       used 6360K, committed 6528K, reserved 1114112K
[17.380s][debug][gc,heap        ] GC(292)   class space    used 546K, committed 640K, reserved 1048576K
[17.380s][debug][gc,heap        ] GC(292) Heap after GC invocations=240 (full 53):
[17.380s][debug][gc,heap        ] GC(292)  def new generation   total 314560K, used 314521K [0x00000000c0000000, 0x00000000d5550000, 0x00000000d5550000)
[17.380s][debug][gc,heap        ] GC(292)   eden space 279616K, 100% used [0x00000000c0000000, 0x00000000d1110000, 0x00000000d1110000)
[17.380s][debug][gc,heap        ] GC(292)   from space 34944K,  99% used [0x00000000d1110000, 0x00000000d33265d0, 0x00000000d3330000)
[17.380s][debug][gc,heap        ] GC(292)   to   space 34944K,   0% used [0x00000000d3330000, 0x00000000d3330000, 0x00000000d5550000)
[17.380s][debug][gc,heap        ] GC(292)  tenured generation   total 699072K, used 584526K [0x00000000d5550000, 0x0000000100000000, 0x0000000100000000)
[17.380s][debug][gc,heap        ] GC(292)    the space 699072K,  83% used [0x00000000d5550000, 0x00000000f9023aa8, 0x00000000f9023c00, 0x0000000100000000)
[17.380s][debug][gc,heap        ] GC(292)  Metaspace       used 6360K, committed 6528K, reserved 1114112K
[17.380s][debug][gc,heap        ] GC(292)   class space    used 546K, committed 640K, reserved 1048576K
[17.380s][info ][gc             ] GC(292) Pause Young (Allocation Failure) 877M->877M(989M) 0.178ms
[17.380s][info ][gc,cpu         ] GC(292) User=0.00s Sys=0.00s Real=0.00s
[17.380s][info ][gc,start       ] GC(293) Pause Full (Allocation Failure)
[17.380s][debug][gc,heap        ] GC(293) Heap before GC invocations=240 (full 53):
[17.380s][debug][gc,heap        ] GC(293)  def new generation   total 314560K, used 314521K [0x00000000c0000000, 0x00000000d5550000, 0x00000000d5550000)
[17.380s][debug][gc,heap        ] GC(293)   eden space 279616K, 100% used [0x00000000c0000000, 0x00000000d1110000, 0x00000000d1110000)
[17.380s][debug][gc,heap        ] GC(293)   from space 34944K,  99% used [0x00000000d1110000, 0x00000000d33265d0, 0x00000000d3330000)
[17.380s][debug][gc,heap        ] GC(293)   to   space 34944K,   0% used [0x00000000d3330000, 0x00000000d3330000, 0x00000000d5550000)
[17.380s][debug][gc,heap        ] GC(293)  tenured generation   total 699072K, used 584526K [0x00000000d5550000, 0x0000000100000000, 0x0000000100000000)
[17.380s][debug][gc,heap        ] GC(293)    the space 699072K,  83% used [0x00000000d5550000, 0x00000000f9023aa8, 0x00000000f9023c00, 0x0000000100000000)
[17.380s][debug][gc,heap        ] GC(293)  Metaspace       used 6360K, committed 6528K, reserved 1114112K
[17.380s][debug][gc,heap        ] GC(293)   class space    used 546K, committed 640K, reserved 1048576K
[17.380s][info ][gc,phases,start] GC(293) Phase 1: Mark live objects
[17.381s][info ][gc,phases      ] GC(293) Phase 1: Mark live objects 0.933ms
[17.381s][info ][gc,phases,start] GC(293) Phase 2: Compute new object addresses
[17.382s][info ][gc,phases      ] GC(293) Phase 2: Compute new object addresses 1.220ms
[17.382s][info ][gc,phases,start] GC(293) Phase 3: Adjust pointers
[17.383s][info ][gc,phases      ] GC(293) Phase 3: Adjust pointers 0.611ms
[17.383s][info ][gc,phases,start] GC(293) Phase 4: Move objects
[17.420s][info ][gc,phases      ] GC(293) Phase 4: Move objects 37.299ms
[17.420s][info ][gc,heap        ] GC(293) DefNew: 314521K(314560K)->0K(314560K) Eden: 279616K(279616K)->0K(279616K) From: 34905K(34944K)->0K(34944K)
[17.420s][info ][gc,heap        ] GC(293) Tenured: 584526K(699072K)->227670K(699072K)
[17.420s][info ][gc,metaspace   ] GC(293) Metaspace: 6360K(6528K)->6360K(6528K) NonClass: 5814K(5888K)->5814K(5888K) Class: 546K(640K)->546K(640K)
[17.420s][debug][gc,heap        ] GC(293) Heap after GC invocations=240 (full 54):
[17.420s][debug][gc,heap        ] GC(293)  def new generation   total 314560K, used 0K [0x00000000c0000000, 0x00000000d5550000, 0x00000000d5550000)
[17.420s][debug][gc,heap        ] GC(293)   eden space 279616K,   0% used [0x00000000c0000000, 0x00000000c0000000, 0x00000000d1110000)
[17.420s][debug][gc,heap        ] GC(293)   from space 34944K,   0% used [0x00000000d1110000, 0x00000000d1110000, 0x00000000d3330000)
[17.420s][debug][gc,heap        ] GC(293)   to   space 34944K,   0% used [0x00000000d3330000, 0x00000000d3330000, 0x00000000d5550000)
[17.420s][debug][gc,heap        ] GC(293)  tenured generation   total 699072K, used 227670K [0x00000000d5550000, 0x0000000100000000, 0x0000000100000000)
[17.420s][debug][gc,heap        ] GC(293)    the space 699072K,  32% used [0x00000000d5550000, 0x00000000e33a5ba8, 0x00000000e33a5c00, 0x0000000100000000)
[17.420s][debug][gc,heap        ] GC(293)  Metaspace       used 6360K, committed 6528K, reserved 1114112K
[17.420s][debug][gc,heap        ] GC(293)   class space    used 546K, committed 640K, reserved 1048576K
[17.420s][info ][gc             ] GC(293) Pause Full (Allocation Failure) 877M->222M(989M) 40.480ms
[17.420s][info ][gc,cpu         ] GC(293) User=0.04s Sys=0.01s Real=0.05s
[17.420s][info ][safepoint      ] Safepoint "GenCollectForAllocation", Time since last: 32004306 ns, Reaching safepoint: 3000 ns, Cleanup: 3600 ns, At safepoint: 40709007 ns, Total: 40715607 ns
[17.452s][info ][gc,start       ] GC(294) Pause Young (Allocation Failure)
[17.452s][debug][gc,heap        ] GC(294) Heap before GC invocations=240 (full 54):
[17.452s][debug][gc,heap        ] GC(294)  def new generation   total 314560K, used 279616K [0x00000000c0000000, 0x00000000d5550000, 0x00000000d5550000)
[17.452s][debug][gc,heap        ] GC(294)   eden space 279616K, 100% used [0x00000000c0000000, 0x00000000d1110000, 0x00000000d1110000)
[17.452s][debug][gc,heap        ] GC(294)   from space 34944K,   0% used [0x00000000d1110000, 0x00000000d1110000, 0x00000000d3330000)
[17.452s][debug][gc,heap        ] GC(294)   to   space 34944K,   0% used [0x00000000d3330000, 0x00000000d3330000, 0x00000000d5550000)
[17.452s][debug][gc,heap        ] GC(294)  tenured generation   total 699072K, used 227670K [0x00000000d5550000, 0x0000000100000000, 0x0000000100000000)
[17.452s][debug][gc,heap        ] GC(294)    the space 699072K,  32% used [0x00000000d5550000, 0x00000000e33a5ba8, 0x00000000e33a5c00, 0x0000000100000000)
[17.452s][debug][gc,heap        ] GC(294)  Metaspace       used 6360K, committed 6528K, reserved 1114112K
[17.452s][debug][gc,heap        ] GC(294)   class space    used 546K, committed 640K, reserved 1048576K
[17.476s][info ][gc,heap        ] GC(294) DefNew: 279616K(314560K)->34905K(314560K) Eden: 279616K(279616K)->0K(279616K) From: 0K(34944K)->34905K(34944K)
[17.476s][info ][gc,heap        ] GC(294) Tenured: 227670K(699072K)->341688K(699072K)
[17.476s][info ][gc,metaspace   ] GC(294) Metaspace: 6360K(6528K)->6360K(6528K) NonClass: 5814K(5888K)->5814K(5888K) Class: 546K(640K)->546K(640K)
[17.476s][debug][gc,heap        ] GC(294) Heap after GC invocations=241 (full 54):
[17.476s][debug][gc,heap        ] GC(294)  def new generation   total 314560K, used 34905K [0x00000000c0000000, 0x00000000d5550000, 0x00000000d5550000)
[17.476s][debug][gc,heap        ] GC(294)   eden space 279616K,   0% used [0x00000000c0000000, 0x00000000c0000000, 0x00000000d1110000)
[17.476s][debug][gc,heap        ] GC(294)   from space 34944K,  99% used [0x00000000d3330000, 0x00000000d55465d0, 0x00000000d5550000)
[17.476s][debug][gc,heap        ] GC(294)   to   space 34944K,   0% used [0x00000000d1110000, 0x00000000d1110000, 0x00000000d3330000)
[17.476s][debug][gc,heap        ] GC(294)  tenured generation   total 699072K, used 341688K [0x00000000d5550000, 0x0000000100000000, 0x0000000100000000)
[17.476s][debug][gc,heap        ] GC(294)    the space 699072K,  48% used [0x00000000d5550000, 0x00000000ea2fe2e8, 0x00000000ea2fe400, 0x0000000100000000)
[17.476s][debug][gc,heap        ] GC(294)  Metaspace       used 6360K, committed 6528K, reserved 1114112K
[17.476s][debug][gc,heap        ] GC(294)   class space    used 546K, committed 640K, reserved 1048576K
[17.476s][info ][gc             ] GC(294) Pause Young (Allocation Failure) 495M->367M(989M) 23.673ms
[17.476s][info ][gc,cpu         ] GC(294) User=0.02s Sys=0.00s Real=0.02s
[17.476s][info ][safepoint      ] Safepoint "GenCollectForAllocation", Time since last: 31970954 ns, Reaching safepoint: 3000 ns, Cleanup: 3600 ns, At safepoint: 23698148 ns, Total: 23704748 ns
[17.509s][info ][gc,start       ] GC(295) Pause Young (Allocation Failure)
[17.509s][debug][gc,heap        ] GC(295) Heap before GC invocations=241 (full 54):
[17.509s][debug][gc,heap        ] GC(295)  def new generation   total 314560K, used 314521K [0x00000000c0000000, 0x00000000d5550000, 0x00000000d5550000)
[17.509s][debug][gc,heap        ] GC(295)   eden space 279616K, 100% used [0x00000000c0000000, 0x00000000d1110000, 0x00000000d1110000)
[17.509s][debug][gc,heap        ] GC(295)   from space 34944K,  99% used [0x00000000d3330000, 0x00000000d55465d0, 0x00000000d5550000)
[17.509s][debug][gc,heap        ] GC(295)   to   space 34944K,   0% used [0x00000000d1110000, 0x00000000d1110000, 0x00000000d3330000)
[17.509s][debug][gc,heap        ] GC(295)  tenured generation   total 699072K, used 341688K [0x00000000d5550000, 0x0000000100000000, 0x0000000100000000)
[17.509s][debug][gc,heap        ] GC(295)    the space 699072K,  48% used [0x00000000d5550000, 0x00000000ea2fe2e8, 0x00000000ea2fe400, 0x0000000100000000)
[17.509s][debug][gc,heap        ] GC(295)  Metaspace       used 6360K, committed 6528K, reserved 1114112K
[17.509s][debug][gc,heap        ] GC(295)   class space    used 546K, committed 640K, reserved 1048576K
[17.534s][info ][gc,heap        ] GC(295) DefNew: 314521K(314560K)->34905K(314560K) Eden: 279616K(279616K)->0K(279616K) From: 34905K(34944K)->34905K(34944K)
[17.534s][info ][gc,heap        ] GC(295) Tenured: 341688K(699072K)->467108K(699072K)
[17.534s][info ][gc,metaspace   ] GC(295) Metaspace: 6360K(6528K)->6360K(6528K) NonClass: 5814K(5888K)->5814K(5888K) Class: 546K(640K)->546K(640K)
[17.534s][debug][gc,heap        ] GC(295) Heap after GC invocations=242 (full 54):
[17.534s][debug][gc,heap        ] GC(295)  def new generation   total 314560K, used 34905K [0x00000000c0000000, 0x00000000d5550000, 0x00000000d5550000)
[17.534s][debug][gc,heap        ] GC(295)   eden space 279616K,   0% used [0x00000000c0000000, 0x00000000c0000000, 0x00000000d1110000)
[17.534s][debug][gc,heap        ] GC(295)   from space 34944K,  99% used [0x00000000d1110000, 0x00000000d33265d0, 0x00000000d3330000)
[17.534s][debug][gc,heap        ] GC(295)   to   space 34944K,   0% used [0x00000000d3330000, 0x00000000d3330000, 0x00000000d5550000)
[17.534s][debug][gc,heap        ] GC(295)  tenured generation   total 699072K, used 467108K [0x00000000d5550000, 0x0000000100000000, 0x0000000100000000)
[17.534s][debug][gc,heap        ] GC(295)    the space 699072K,  66% used [0x00000000d5550000, 0x00000000f1d79148, 0x00000000f1d79200, 0x0000000100000000)
[17.534s][debug][gc,heap        ] GC(295)  Metaspace       used 6360K, committed 6528K, reserved 1114112K
[17.534s][debug][gc,heap        ] GC(295)   class space    used 546K, committed 640K, reserved 1048576K
[17.534s][info ][gc             ] GC(295) Pause Young (Allocation Failure) 640M->490M(989M) 25.381ms
[17.534s][info ][gc,cpu         ] GC(295) User=0.03s Sys=0.00s Real=0.03s
[17.534s][info ][safepoint      ] Safepoint "GenCollectForAllocation", Time since last: 32465166 ns, Reaching safepoint: 3100 ns, Cleanup: 3600 ns, At safepoint: 25406852 ns, Total: 25413552 ns
[17.567s][info ][gc,start       ] GC(296) Pause Young (Allocation Failure)
[17.567s][debug][gc,heap        ] GC(296) Heap before GC invocations=242 (full 54):
[17.567s][debug][gc,heap        ] GC(296)  def new generation   total 314560K, used 314521K [0x00000000c0000000, 0x00000000d5550000, 0x00000000d5550000)
[17.567s][debug][gc,heap        ] GC(296)   eden space 279616K, 100% used [0x00000000c0000000, 0x00000000d1110000, 0x00000000d1110000)
[17.567s][debug][gc,heap        ] GC(296)   from space 34944K,  99% used [0x00000000d1110000, 0x00000000d33265d0, 0x00000000d3330000)
[17.567s][debug][gc,heap        ] GC(296)   to   space 34944K,   0% used [0x00000000d3330000, 0x00000000d3330000, 0x00000000d5550000)
[17.567s][debug][gc,heap        ] GC(296)  tenured generation   total 699072K, used 467108K [0x00000000d5550000, 0x0000000100000000, 0x0000000100000000)
[17.567s][debug][gc,heap        ] GC(296)    the space 699072K,  66% used [0x00000000d5550000, 0x00000000f1d79148, 0x00000000f1d79200, 0x0000000100000000)
[17.567s][debug][gc,heap        ] GC(296)  Metaspace       used 6360K, committed 6528K, reserved 1114112K
[17.567s][debug][gc,heap        ] GC(296)   class space    used 546K, committed 640K, reserved 1048576K
[17.592s][info ][gc,heap        ] GC(296) DefNew: 314521K(314560K)->34905K(314560K) Eden: 279616K(279616K)->0K(279616K) From: 34905K(34944K)->34905K(34944K)
[17.592s][info ][gc,heap        ] GC(296) Tenured: 467108K(699072K)->589827K(699072K)
[17.592s][info ][gc,metaspace   ] GC(296) Metaspace: 6360K(6528K)->6360K(6528K) NonClass: 5814K(5888K)->5814K(5888K) Class: 546K(640K)->546K(640K)
[17.592s][debug][gc,heap        ] GC(296) Heap after GC invocations=243 (full 54):
[17.592s][debug][gc,heap        ] GC(296)  def new generation   total 314560K, used 34905K [0x00000000c0000000, 0x00000000d5550000, 0x00000000d5550000)
[17.592s][debug][gc,heap        ] GC(296)   eden space 279616K,   0% used [0x00000000c0000000, 0x00000000c0000000, 0x00000000d1110000)
[17.592s][debug][gc,heap        ] GC(296)   from space 34944K,  99% used [0x00000000d3330000, 0x00000000d55465d0, 0x00000000d5550000)
[17.592s][debug][gc,heap        ] GC(296)   to   space 34944K,   0% used [0x00000000d1110000, 0x00000000d1110000, 0x00000000d3330000)
[17.592s][debug][gc,heap        ] GC(296)  tenured generation   total 699072K, used 589827K [0x00000000d5550000, 0x0000000100000000, 0x0000000100000000)
[17.592s][debug][gc,heap        ] GC(296)    the space 699072K,  84% used [0x00000000d5550000, 0x00000000f9550df8, 0x00000000f9550e00, 0x0000000100000000)
[17.592s][debug][gc,heap        ] GC(296)  Metaspace       used 6360K, committed 6528K, reserved 1114112K
[17.592s][debug][gc,heap        ] GC(296)   class space    used 546K, committed 640K, reserved 1048576K
[17.592s][info ][gc             ] GC(296) Pause Young (Allocation Failure) 763M->610M(989M) 25.194ms
[17.592s][info ][gc,cpu         ] GC(296) User=0.03s Sys=0.00s Real=0.03s
[17.592s][info ][safepoint      ] Safepoint "GenCollectForAllocation", Time since last: 33213668 ns, Reaching safepoint: 3100 ns, Cleanup: 4000 ns, At safepoint: 25217851 ns, Total: 25224951 ns
[17.626s][info ][gc,start       ] GC(297) Pause Young (Allocation Failure)
[17.626s][debug][gc,heap        ] GC(297) Heap before GC invocations=243 (full 54):
[17.626s][debug][gc,heap        ] GC(297)  def new generation   total 314560K, used 314521K [0x00000000c0000000, 0x00000000d5550000, 0x00000000d5550000)
[17.626s][debug][gc,heap        ] GC(297)   eden space 279616K, 100% used [0x00000000c0000000, 0x00000000d1110000, 0x00000000d1110000)
[17.626s][debug][gc,heap        ] GC(297)   from space 34944K,  99% used [0x00000000d3330000, 0x00000000d55465d0, 0x00000000d5550000)
[17.626s][debug][gc,heap        ] GC(297)   to   space 34944K,   0% used [0x00000000d1110000, 0x00000000d1110000, 0x00000000d3330000)
[17.626s][debug][gc,heap        ] GC(297)  tenured generation   total 699072K, used 589827K [0x00000000d5550000, 0x0000000100000000, 0x0000000100000000)
[17.626s][debug][gc,heap        ] GC(297)    the space 699072K,  84% used [0x00000000d5550000, 0x00000000f9550df8, 0x00000000f9550e00, 0x0000000100000000)
[17.626s][debug][gc,heap        ] GC(297)  Metaspace       used 6360K, committed 6528K, reserved 1114112K
[17.626s][debug][gc,heap        ] GC(297)   class space    used 546K, committed 640K, reserved 1048576K
[17.626s][debug][gc,heap        ] GC(297) Heap after GC invocations=244 (full 54):
[17.626s][debug][gc,heap        ] GC(297)  def new generation   total 314560K, used 314521K [0x00000000c0000000, 0x00000000d5550000, 0x00000000d5550000)
[17.626s][debug][gc,heap        ] GC(297)   eden space 279616K, 100% used [0x00000000c0000000, 0x00000000d1110000, 0x00000000d1110000)
[17.626s][debug][gc,heap        ] GC(297)   from space 34944K,  99% used [0x00000000d3330000, 0x00000000d55465d0, 0x00000000d5550000)
[17.626s][debug][gc,heap        ] GC(297)   to   space 34944K,   0% used [0x00000000d1110000, 0x00000000d1110000, 0x00000000d3330000)
[17.626s][debug][gc,heap        ] GC(297)  tenured generation   total 699072K, used 589827K [0x00000000d5550000, 0x0000000100000000, 0x0000000100000000)
[17.626s][debug][gc,heap        ] GC(297)    the space 699072K,  84% used [0x00000000d5550000, 0x00000000f9550df8, 0x00000000f9550e00, 0x0000000100000000)
[17.626s][debug][gc,heap        ] GC(297)  Metaspace       used 6360K, committed 6528K, reserved 1114112K
[17.626s][debug][gc,heap        ] GC(297)   class space    used 546K, committed 640K, reserved 1048576K
[17.626s][info ][gc             ] GC(297) Pause Young (Allocation Failure) 883M->883M(989M) 0.177ms
[17.626s][info ][gc,cpu         ] GC(297) User=0.00s Sys=0.00s Real=0.00s
[17.626s][info ][gc,start       ] GC(298) Pause Full (Allocation Failure)
[17.626s][debug][gc,heap        ] GC(298) Heap before GC invocations=244 (full 54):
[17.626s][debug][gc,heap        ] GC(298)  def new generation   total 314560K, used 314521K [0x00000000c0000000, 0x00000000d5550000, 0x00000000d5550000)
[17.626s][debug][gc,heap        ] GC(298)   eden space 279616K, 100% used [0x00000000c0000000, 0x00000000d1110000, 0x00000000d1110000)
[17.626s][debug][gc,heap        ] GC(298)   from space 34944K,  99% used [0x00000000d3330000, 0x00000000d55465d0, 0x00000000d5550000)
[17.626s][debug][gc,heap        ] GC(298)   to   space 34944K,   0% used [0x00000000d1110000, 0x00000000d1110000, 0x00000000d3330000)
[17.626s][debug][gc,heap        ] GC(298)  tenured generation   total 699072K, used 589827K [0x00000000d5550000, 0x0000000100000000, 0x0000000100000000)
[17.626s][debug][gc,heap        ] GC(298)    the space 699072K,  84% used [0x00000000d5550000, 0x00000000f9550df8, 0x00000000f9550e00, 0x0000000100000000)
[17.626s][debug][gc,heap        ] GC(298)  Metaspace       used 6360K, committed 6528K, reserved 1114112K
[17.626s][debug][gc,heap        ] GC(298)   class space    used 546K, committed 640K, reserved 1048576K
[17.626s][info ][gc,phases,start] GC(298) Phase 1: Mark live objects
[17.627s][info ][gc,phases      ] GC(298) Phase 1: Mark live objects 0.897ms
[17.627s][info ][gc,phases,start] GC(298) Phase 2: Compute new object addresses
[17.628s][info ][gc,phases      ] GC(298) Phase 2: Compute new object addresses 1.226ms
[17.628s][info ][gc,phases,start] GC(298) Phase 3: Adjust pointers
[17.629s][info ][gc,phases      ] GC(298) Phase 3: Adjust pointers 0.645ms
[17.629s][info ][gc,phases,start] GC(298) Phase 4: Move objects
[17.661s][info ][gc,phases      ] GC(298) Phase 4: Move objects 32.044ms
[17.661s][info ][gc,heap        ] GC(298) DefNew: 314521K(314560K)->0K(314560K) Eden: 279616K(279616K)->0K(279616K) From: 34905K(34944K)->0K(34944K)
[17.661s][info ][gc,heap        ] GC(298) Tenured: 589827K(699072K)->228871K(699072K)
[17.661s][info ][gc,metaspace   ] GC(298) Metaspace: 6360K(6528K)->6360K(6528K) NonClass: 5814K(5888K)->5814K(5888K) Class: 546K(640K)->546K(640K)
[17.661s][debug][gc,heap        ] GC(298) Heap after GC invocations=244 (full 55):
[17.661s][debug][gc,heap        ] GC(298)  def new generation   total 314560K, used 0K [0x00000000c0000000, 0x00000000d5550000, 0x00000000d5550000)
[17.661s][debug][gc,heap        ] GC(298)   eden space 279616K,   0% used [0x00000000c0000000, 0x00000000c0000000, 0x00000000d1110000)
[17.661s][debug][gc,heap        ] GC(298)   from space 34944K,   0% used [0x00000000d3330000, 0x00000000d3330000, 0x00000000d5550000)
[17.661s][debug][gc,heap        ] GC(298)   to   space 34944K,   0% used [0x00000000d1110000, 0x00000000d1110000, 0x00000000d3330000)
[17.661s][debug][gc,heap        ] GC(298)  tenured generation   total 699072K, used 228871K [0x00000000d5550000, 0x0000000100000000, 0x0000000100000000)
[17.661s][debug][gc,heap        ] GC(298)    the space 699072K,  32% used [0x00000000d5550000, 0x00000000e34d1c68, 0x00000000e34d1e00, 0x0000000100000000)
[17.661s][debug][gc,heap        ] GC(298)  Metaspace       used 6360K, committed 6528K, reserved 1114112K
[17.661s][debug][gc,heap        ] GC(298)   class space    used 546K, committed 640K, reserved 1048576K
[17.661s][info ][gc             ] GC(298) Pause Full (Allocation Failure) 883M->223M(989M) 35.052ms
[17.661s][info ][gc,cpu         ] GC(298) User=0.04s Sys=0.00s Real=0.04s
[17.661s][info ][safepoint      ] Safepoint "GenCollectForAllocation", Time since last: 33146767 ns, Reaching safepoint: 3300 ns, Cleanup: 4000 ns, At safepoint: 35267872 ns, Total: 35275172 ns
[17.694s][info ][gc,start       ] GC(299) Pause Young (Allocation Failure)
[17.694s][debug][gc,heap        ] GC(299) Heap before GC invocations=244 (full 55):
[17.694s][debug][gc,heap        ] GC(299)  def new generation   total 314560K, used 279616K [0x00000000c0000000, 0x00000000d5550000, 0x00000000d5550000)
[17.694s][debug][gc,heap        ] GC(299)   eden space 279616K, 100% used [0x00000000c0000000, 0x00000000d1110000, 0x00000000d1110000)
[17.694s][debug][gc,heap        ] GC(299)   from space 34944K,   0% used [0x00000000d3330000, 0x00000000d3330000, 0x00000000d5550000)
[17.694s][debug][gc,heap        ] GC(299)   to   space 34944K,   0% used [0x00000000d1110000, 0x00000000d1110000, 0x00000000d3330000)
[17.694s][debug][gc,heap        ] GC(299)  tenured generation   total 699072K, used 228871K [0x00000000d5550000, 0x0000000100000000, 0x0000000100000000)
[17.694s][debug][gc,heap        ] GC(299)    the space 699072K,  32% used [0x00000000d5550000, 0x00000000e34d1c68, 0x00000000e34d1e00, 0x0000000100000000)
[17.694s][debug][gc,heap        ] GC(299)  Metaspace       used 6360K, committed 6528K, reserved 1114112K
[17.694s][debug][gc,heap        ] GC(299)   class space    used 546K, committed 640K, reserved 1048576K
[17.717s][info ][gc,heap        ] GC(299) DefNew: 279616K(314560K)->34905K(314560K) Eden: 279616K(279616K)->0K(279616K) From: 0K(34944K)->34905K(34944K)
[17.717s][info ][gc,heap        ] GC(299) Tenured: 228871K(699072K)->342388K(699072K)
[17.717s][info ][gc,metaspace   ] GC(299) Metaspace: 6360K(6528K)->6360K(6528K) NonClass: 5814K(5888K)->5814K(5888K) Class: 546K(640K)->546K(640K)
[17.717s][debug][gc,heap        ] GC(299) Heap after GC invocations=245 (full 55):
[17.717s][debug][gc,heap        ] GC(299)  def new generation   total 314560K, used 34905K [0x00000000c0000000, 0x00000000d5550000, 0x00000000d5550000)
[17.717s][debug][gc,heap        ] GC(299)   eden space 279616K,   0% used [0x00000000c0000000, 0x00000000c0000000, 0x00000000d1110000)
[17.717s][debug][gc,heap        ] GC(299)   from space 34944K,  99% used [0x00000000d1110000, 0x00000000d33265d0, 0x00000000d3330000)
[17.717s][debug][gc,heap        ] GC(299)   to   space 34944K,   0% used [0x00000000d3330000, 0x00000000d3330000, 0x00000000d5550000)
[17.717s][debug][gc,heap        ] GC(299)  tenured generation   total 699072K, used 342388K [0x00000000d5550000, 0x0000000100000000, 0x0000000100000000)
[17.717s][debug][gc,heap        ] GC(299)    the space 699072K,  48% used [0x00000000d5550000, 0x00000000ea3ad358, 0x00000000ea3ad400, 0x0000000100000000)
[17.717s][debug][gc,heap        ] GC(299)  Metaspace       used 6360K, committed 6528K, reserved 1114112K
[17.717s][debug][gc,heap        ] GC(299)   class space    used 546K, committed 640K, reserved 1048576K
[17.717s][info ][gc             ] GC(299) Pause Young (Allocation Failure) 496M->368M(989M) 23.584ms
[17.717s][info ][gc,cpu         ] GC(299) User=0.02s Sys=0.00s Real=0.02s
[17.717s][info ][safepoint      ] Safepoint "GenCollectForAllocation", Time since last: 32992467 ns, Reaching safepoint: 2900 ns, Cleanup: 3600 ns, At safepoint: 23609548 ns, Total: 23616048 ns
[17.751s][info ][gc,start       ] GC(300) Pause Young (Allocation Failure)
[17.751s][debug][gc,heap        ] GC(300) Heap before GC invocations=245 (full 55):
[17.751s][debug][gc,heap        ] GC(300)  def new generation   total 314560K, used 314521K [0x00000000c0000000, 0x00000000d5550000, 0x00000000d5550000)
[17.751s][debug][gc,heap        ] GC(300)   eden space 279616K, 100% used [0x00000000c0000000, 0x00000000d1110000, 0x00000000d1110000)
[17.751s][debug][gc,heap        ] GC(300)   from space 34944K,  99% used [0x00000000d1110000, 0x00000000d33265d0, 0x00000000d3330000)
[17.751s][debug][gc,heap        ] GC(300)   to   space 34944K,   0% used [0x00000000d3330000, 0x00000000d3330000, 0x00000000d5550000)
[17.751s][debug][gc,heap        ] GC(300)  tenured generation   total 699072K, used 342388K [0x00000000d5550000, 0x0000000100000000, 0x0000000100000000)
[17.751s][debug][gc,heap        ] GC(300)    the space 699072K,  48% used [0x00000000d5550000, 0x00000000ea3ad358, 0x00000000ea3ad400, 0x0000000100000000)
[17.751s][debug][gc,heap        ] GC(300)  Metaspace       used 6360K, committed 6528K, reserved 1114112K
[17.751s][debug][gc,heap        ] GC(300)   class space    used 546K, committed 640K, reserved 1048576K
[17.778s][info ][gc,heap        ] GC(300) DefNew: 314521K(314560K)->34905K(314560K) Eden: 279616K(279616K)->0K(279616K) From: 34905K(34944K)->34905K(34944K)
[17.778s][info ][gc,heap        ] GC(300) Tenured: 342388K(699072K)->467308K(699072K)
[17.778s][info ][gc,metaspace   ] GC(300) Metaspace: 6360K(6528K)->6360K(6528K) NonClass: 5814K(5888K)->5814K(5888K) Class: 546K(640K)->546K(640K)
[17.778s][debug][gc,heap        ] GC(300) Heap after GC invocations=246 (full 55):
[17.778s][debug][gc,heap        ] GC(300)  def new generation   total 314560K, used 34905K [0x00000000c0000000, 0x00000000d5550000, 0x00000000d5550000)
[17.778s][debug][gc,heap        ] GC(300)   eden space 279616K,   0% used [0x00000000c0000000, 0x00000000c0000000, 0x00000000d1110000)
[17.778s][debug][gc,heap        ] GC(300)   from space 34944K,  99% used [0x00000000d3330000, 0x00000000d55465d0, 0x00000000d5550000)
[17.778s][debug][gc,heap        ] GC(300)   to   space 34944K,   0% used [0x00000000d1110000, 0x00000000d1110000, 0x00000000d3330000)
[17.778s][debug][gc,heap        ] GC(300)  tenured generation   total 699072K, used 467308K [0x00000000d5550000, 0x0000000100000000, 0x0000000100000000)
[17.778s][debug][gc,heap        ] GC(300)    the space 699072K,  66% used [0x00000000d5550000, 0x00000000f1dab168, 0x00000000f1dab200, 0x0000000100000000)
[17.778s][debug][gc,heap        ] GC(300)  Metaspace       used 6360K, committed 6528K, reserved 1114112K
[17.778s][debug][gc,heap        ] GC(300)   class space    used 546K, committed 640K, reserved 1048576K
[17.778s][info ][gc             ] GC(300) Pause Young (Allocation Failure) 641M->490M(989M) 27.380ms
[17.778s][info ][gc,cpu         ] GC(300) User=0.02s Sys=0.00s Real=0.02s
[17.778s][info ][safepoint      ] Safepoint "GenCollectForAllocation", Time since last: 33073067 ns, Reaching safepoint: 3100 ns, Cleanup: 3600 ns, At safepoint: 27404856 ns, Total: 27411556 ns
[17.823s][info ][gc,start       ] GC(301) Pause Young (Allocation Failure)
[17.823s][debug][gc,heap        ] GC(301) Heap before GC invocations=246 (full 55):
[17.823s][debug][gc,heap        ] GC(301)  def new generation   total 314560K, used 314521K [0x00000000c0000000, 0x00000000d5550000, 0x00000000d5550000)
[17.823s][debug][gc,heap        ] GC(301)   eden space 279616K, 100% used [0x00000000c0000000, 0x00000000d1110000, 0x00000000d1110000)
[17.823s][debug][gc,heap        ] GC(301)   from space 34944K,  99% used [0x00000000d3330000, 0x00000000d55465d0, 0x00000000d5550000)
[17.823s][debug][gc,heap        ] GC(301)   to   space 34944K,   0% used [0x00000000d1110000, 0x00000000d1110000, 0x00000000d3330000)
[17.823s][debug][gc,heap        ] GC(301)  tenured generation   total 699072K, used 467308K [0x00000000d5550000, 0x0000000100000000, 0x0000000100000000)
[17.823s][debug][gc,heap        ] GC(301)    the space 699072K,  66% used [0x00000000d5550000, 0x00000000f1dab168, 0x00000000f1dab200, 0x0000000100000000)
[17.823s][debug][gc,heap        ] GC(301)  Metaspace       used 6360K, committed 6528K, reserved 1114112K
[17.823s][debug][gc,heap        ] GC(301)   class space    used 546K, committed 640K, reserved 1048576K
[17.854s][info ][gc,heap        ] GC(301) DefNew: 314521K(314560K)->34905K(314560K) Eden: 279616K(279616K)->0K(279616K) From: 34905K(34944K)->34905K(34944K)
[17.854s][info ][gc,heap        ] GC(301) Tenured: 467308K(699072K)->592827K(699072K)
[17.854s][info ][gc,metaspace   ] GC(301) Metaspace: 6360K(6528K)->6360K(6528K) NonClass: 5814K(5888K)->5814K(5888K) Class: 546K(640K)->546K(640K)
[17.854s][debug][gc,heap        ] GC(301) Heap after GC invocations=247 (full 55):
[17.854s][debug][gc,heap        ] GC(301)  def new generation   total 314560K, used 34905K [0x00000000c0000000, 0x00000000d5550000, 0x00000000d5550000)
[17.854s][debug][gc,heap        ] GC(301)   eden space 279616K,   0% used [0x00000000c0000000, 0x00000000c0000000, 0x00000000d1110000)
[17.854s][debug][gc,heap        ] GC(301)   from space 34944K,  99% used [0x00000000d1110000, 0x00000000d33265d0, 0x00000000d3330000)
[17.854s][debug][gc,heap        ] GC(301)   to   space 34944K,   0% used [0x00000000d3330000, 0x00000000d3330000, 0x00000000d5550000)
[17.854s][debug][gc,heap        ] GC(301)  tenured generation   total 699072K, used 592827K [0x00000000d5550000, 0x0000000100000000, 0x0000000100000000)
[17.854s][debug][gc,heap        ] GC(301)    the space 699072K,  84% used [0x00000000d5550000, 0x00000000f983efd8, 0x00000000f983f000, 0x0000000100000000)
[17.854s][debug][gc,heap        ] GC(301)  Metaspace       used 6360K, committed 6528K, reserved 1114112K
[17.854s][debug][gc,heap        ] GC(301)   class space    used 546K, committed 640K, reserved 1048576K
[17.854s][info ][gc             ] GC(301) Pause Young (Allocation Failure) 763M->613M(989M) 30.951ms
[17.854s][info ][gc,cpu         ] GC(301) User=0.03s Sys=0.00s Real=0.03s
[17.854s][info ][safepoint      ] Safepoint "GenCollectForAllocation", Time since last: 45178492 ns, Reaching safepoint: 5200 ns, Cleanup: 4800 ns, At safepoint: 30977863 ns, Total: 30987863 ns
[17.886s][info ][gc,start       ] GC(302) Pause Young (Allocation Failure)
[17.886s][debug][gc,heap        ] GC(302) Heap before GC invocations=247 (full 55):
[17.886s][debug][gc,heap        ] GC(302)  def new generation   total 314560K, used 314521K [0x00000000c0000000, 0x00000000d5550000, 0x00000000d5550000)
[17.886s][debug][gc,heap        ] GC(302)   eden space 279616K, 100% used [0x00000000c0000000, 0x00000000d1110000, 0x00000000d1110000)
[17.886s][debug][gc,heap        ] GC(302)   from space 34944K,  99% used [0x00000000d1110000, 0x00000000d33265d0, 0x00000000d3330000)
[17.886s][debug][gc,heap        ] GC(302)   to   space 34944K,   0% used [0x00000000d3330000, 0x00000000d3330000, 0x00000000d5550000)
[17.886s][debug][gc,heap        ] GC(302)  tenured generation   total 699072K, used 592827K [0x00000000d5550000, 0x0000000100000000, 0x0000000100000000)
[17.886s][debug][gc,heap        ] GC(302)    the space 699072K,  84% used [0x00000000d5550000, 0x00000000f983efd8, 0x00000000f983f000, 0x0000000100000000)
[17.886s][debug][gc,heap        ] GC(302)  Metaspace       used 6360K, committed 6528K, reserved 1114112K
[17.886s][debug][gc,heap        ] GC(302)   class space    used 546K, committed 640K, reserved 1048576K
[17.886s][debug][gc,heap        ] GC(302) Heap after GC invocations=248 (full 55):
[17.886s][debug][gc,heap        ] GC(302)  def new generation   total 314560K, used 314521K [0x00000000c0000000, 0x00000000d5550000, 0x00000000d5550000)
[17.886s][debug][gc,heap        ] GC(302)   eden space 279616K, 100% used [0x00000000c0000000, 0x00000000d1110000, 0x00000000d1110000)
[17.886s][debug][gc,heap        ] GC(302)   from space 34944K,  99% used [0x00000000d1110000, 0x00000000d33265d0, 0x00000000d3330000)
[17.886s][debug][gc,heap        ] GC(302)   to   space 34944K,   0% used [0x00000000d3330000, 0x00000000d3330000, 0x00000000d5550000)
[17.886s][debug][gc,heap        ] GC(302)  tenured generation   total 699072K, used 592827K [0x00000000d5550000, 0x0000000100000000, 0x0000000100000000)
[17.886s][debug][gc,heap        ] GC(302)    the space 699072K,  84% used [0x00000000d5550000, 0x00000000f983efd8, 0x00000000f983f000, 0x0000000100000000)
[17.886s][debug][gc,heap        ] GC(302)  Metaspace       used 6360K, committed 6528K, reserved 1114112K
[17.886s][debug][gc,heap        ] GC(302)   class space    used 546K, committed 640K, reserved 1048576K
[17.886s][info ][gc             ] GC(302) Pause Young (Allocation Failure) 886M->886M(989M) 0.096ms
[17.886s][info ][gc,cpu         ] GC(302) User=0.00s Sys=0.00s Real=0.00s
[17.886s][info ][gc,start       ] GC(303) Pause Full (Allocation Failure)
[17.886s][debug][gc,heap        ] GC(303) Heap before GC invocations=248 (full 55):
[17.886s][debug][gc,heap        ] GC(303)  def new generation   total 314560K, used 314521K [0x00000000c0000000, 0x00000000d5550000, 0x00000000d5550000)
[17.886s][debug][gc,heap        ] GC(303)   eden space 279616K, 100% used [0x00000000c0000000, 0x00000000d1110000, 0x00000000d1110000)
[17.886s][debug][gc,heap        ] GC(303)   from space 34944K,  99% used [0x00000000d1110000, 0x00000000d33265d0, 0x00000000d3330000)
[17.886s][debug][gc,heap        ] GC(303)   to   space 34944K,   0% used [0x00000000d3330000, 0x00000000d3330000, 0x00000000d5550000)
[17.886s][debug][gc,heap        ] GC(303)  tenured generation   total 699072K, used 592827K [0x00000000d5550000, 0x0000000100000000, 0x0000000100000000)
[17.886s][debug][gc,heap        ] GC(303)    the space 699072K,  84% used [0x00000000d5550000, 0x00000000f983efd8, 0x00000000f983f000, 0x0000000100000000)
[17.886s][debug][gc,heap        ] GC(303)  Metaspace       used 6360K, committed 6528K, reserved 1114112K
[17.886s][debug][gc,heap        ] GC(303)   class space    used 546K, committed 640K, reserved 1048576K
[17.886s][info ][gc,phases,start] GC(303) Phase 1: Mark live objects
[17.887s][info ][gc,phases      ] GC(303) Phase 1: Mark live objects 0.909ms
[17.887s][info ][gc,phases,start] GC(303) Phase 2: Compute new object addresses
[17.888s][info ][gc,phases      ] GC(303) Phase 2: Compute new object addresses 1.370ms
[17.888s][info ][gc,phases,start] GC(303) Phase 3: Adjust pointers
[17.889s][info ][gc,phases      ] GC(303) Phase 3: Adjust pointers 0.618ms
[17.889s][info ][gc,phases,start] GC(303) Phase 4: Move objects
[17.921s][info ][gc,phases      ] GC(303) Phase 4: Move objects 32.128ms
[17.921s][info ][gc,heap        ] GC(303) DefNew: 314521K(314560K)->0K(314560K) Eden: 279616K(279616K)->0K(279616K) From: 34905K(34944K)->0K(34944K)
[17.921s][info ][gc,heap        ] GC(303) Tenured: 592827K(699072K)->200766K(699072K)
[17.921s][info ][gc,metaspace   ] GC(303) Metaspace: 6360K(6528K)->6360K(6528K) NonClass: 5814K(5888K)->5814K(5888K) Class: 546K(640K)->546K(640K)
[17.921s][debug][gc,heap        ] GC(303) Heap after GC invocations=248 (full 56):
[17.921s][debug][gc,heap        ] GC(303)  def new generation   total 314560K, used 0K [0x00000000c0000000, 0x00000000d5550000, 0x00000000d5550000)
[17.921s][debug][gc,heap        ] GC(303)   eden space 279616K,   0% used [0x00000000c0000000, 0x00000000c0000000, 0x00000000d1110000)
[17.921s][debug][gc,heap        ] GC(303)   from space 34944K,   0% used [0x00000000d1110000, 0x00000000d1110000, 0x00000000d3330000)
[17.921s][debug][gc,heap        ] GC(303)   to   space 34944K,   0% used [0x00000000d3330000, 0x00000000d3330000, 0x00000000d5550000)
[17.921s][debug][gc,heap        ] GC(303)  tenured generation   total 699072K, used 200766K [0x00000000d5550000, 0x0000000100000000, 0x0000000100000000)
[17.921s][debug][gc,heap        ] GC(303)    the space 699072K,  28% used [0x00000000d5550000, 0x00000000e195fad8, 0x00000000e195fc00, 0x0000000100000000)
[17.921s][debug][gc,heap        ] GC(303)  Metaspace       used 6360K, committed 6528K, reserved 1114112K
[17.921s][debug][gc,heap        ] GC(303)   class space    used 546K, committed 640K, reserved 1048576K
[17.921s][info ][gc             ] GC(303) Pause Full (Allocation Failure) 886M->196M(989M) 35.280ms
[17.921s][info ][gc,cpu         ] GC(303) User=0.04s Sys=0.00s Real=0.04s
[17.921s][info ][safepoint      ] Safepoint "GenCollectForAllocation", Time since last: 31852164 ns, Reaching safepoint: 3200 ns, Cleanup: 3700 ns, At safepoint: 35408372 ns, Total: 35415272 ns
[17.955s][info ][gc,start       ] GC(304) Pause Young (Allocation Failure)
[17.955s][debug][gc,heap        ] GC(304) Heap before GC invocations=248 (full 56):
[17.955s][debug][gc,heap        ] GC(304)  def new generation   total 314560K, used 279616K [0x00000000c0000000, 0x00000000d5550000, 0x00000000d5550000)
[17.955s][debug][gc,heap        ] GC(304)   eden space 279616K, 100% used [0x00000000c0000000, 0x00000000d1110000, 0x00000000d1110000)
[17.955s][debug][gc,heap        ] GC(304)   from space 34944K,   0% used [0x00000000d1110000, 0x00000000d1110000, 0x00000000d3330000)
[17.955s][debug][gc,heap        ] GC(304)   to   space 34944K,   0% used [0x00000000d3330000, 0x00000000d3330000, 0x00000000d5550000)
[17.955s][debug][gc,heap        ] GC(304)  tenured generation   total 699072K, used 200766K [0x00000000d5550000, 0x0000000100000000, 0x0000000100000000)
[17.955s][debug][gc,heap        ] GC(304)    the space 699072K,  28% used [0x00000000d5550000, 0x00000000e195fad8, 0x00000000e195fc00, 0x0000000100000000)
[17.955s][debug][gc,heap        ] GC(304)  Metaspace       used 6360K, committed 6528K, reserved 1114112K
[17.955s][debug][gc,heap        ] GC(304)   class space    used 546K, committed 640K, reserved 1048576K
[17.979s][info ][gc,heap        ] GC(304) DefNew: 279616K(314560K)->34905K(314560K) Eden: 279616K(279616K)->0K(279616K) From: 0K(34944K)->34905K(34944K)
[17.979s][info ][gc,heap        ] GC(304) Tenured: 200766K(699072K)->316584K(699072K)
[17.979s][info ][gc,metaspace   ] GC(304) Metaspace: 6360K(6528K)->6360K(6528K) NonClass: 5814K(5888K)->5814K(5888K) Class: 546K(640K)->546K(640K)
[17.979s][debug][gc,heap        ] GC(304) Heap after GC invocations=249 (full 56):
[17.979s][debug][gc,heap        ] GC(304)  def new generation   total 314560K, used 34905K [0x00000000c0000000, 0x00000000d5550000, 0x00000000d5550000)
[17.979s][debug][gc,heap        ] GC(304)   eden space 279616K,   0% used [0x00000000c0000000, 0x00000000c0000000, 0x00000000d1110000)
[17.979s][debug][gc,heap        ] GC(304)   from space 34944K,  99% used [0x00000000d3330000, 0x00000000d55465d0, 0x00000000d5550000)
[17.979s][debug][gc,heap        ] GC(304)   to   space 34944K,   0% used [0x00000000d1110000, 0x00000000d1110000, 0x00000000d3330000)
[17.979s][debug][gc,heap        ] GC(304)  tenured generation   total 699072K, used 316584K [0x00000000d5550000, 0x0000000100000000, 0x0000000100000000)
[17.979s][debug][gc,heap        ] GC(304)    the space 699072K,  45% used [0x00000000d5550000, 0x00000000e8a7a338, 0x00000000e8a7a400, 0x0000000100000000)
[17.979s][debug][gc,heap        ] GC(304)  Metaspace       used 6360K, committed 6528K, reserved 1114112K
[17.979s][debug][gc,heap        ] GC(304)   class space    used 546K, committed 640K, reserved 1048576K
[17.979s][info ][gc             ] GC(304) Pause Young (Allocation Failure) 469M->343M(989M) 23.459ms
[17.979s][info ][gc,cpu         ] GC(304) User=0.02s Sys=0.00s Real=0.02s
[17.979s][info ][safepoint      ] Safepoint "GenCollectForAllocation", Time since last: 33742369 ns, Reaching safepoint: 3600 ns, Cleanup: 3600 ns, At safepoint: 23483948 ns, Total: 23491148 ns
[18.013s][info ][gc,start       ] GC(305) Pause Young (Allocation Failure)
[18.013s][debug][gc,heap        ] GC(305) Heap before GC invocations=249 (full 56):
[18.013s][debug][gc,heap        ] GC(305)  def new generation   total 314560K, used 314521K [0x00000000c0000000, 0x00000000d5550000, 0x00000000d5550000)
[18.013s][debug][gc,heap        ] GC(305)   eden space 279616K, 100% used [0x00000000c0000000, 0x00000000d1110000, 0x00000000d1110000)
[18.013s][debug][gc,heap        ] GC(305)   from space 34944K,  99% used [0x00000000d3330000, 0x00000000d55465d0, 0x00000000d5550000)
[18.013s][debug][gc,heap        ] GC(305)   to   space 34944K,   0% used [0x00000000d1110000, 0x00000000d1110000, 0x00000000d3330000)
[18.013s][debug][gc,heap        ] GC(305)  tenured generation   total 699072K, used 316584K [0x00000000d5550000, 0x0000000100000000, 0x0000000100000000)
[18.013s][debug][gc,heap        ] GC(305)    the space 699072K,  45% used [0x00000000d5550000, 0x00000000e8a7a338, 0x00000000e8a7a400, 0x0000000100000000)
[18.013s][debug][gc,heap        ] GC(305)  Metaspace       used 6360K, committed 6528K, reserved 1114112K
[18.013s][debug][gc,heap        ] GC(305)   class space    used 546K, committed 640K, reserved 1048576K
[18.040s][info ][gc,heap        ] GC(305) DefNew: 314521K(314560K)->34905K(314560K) Eden: 279616K(279616K)->0K(279616K) From: 34905K(34944K)->34905K(34944K)
[18.040s][info ][gc,heap        ] GC(305) Tenured: 316584K(699072K)->441704K(699072K)
[18.040s][info ][gc,metaspace   ] GC(305) Metaspace: 6360K(6528K)->6360K(6528K) NonClass: 5814K(5888K)->5814K(5888K) Class: 546K(640K)->546K(640K)
[18.040s][debug][gc,heap        ] GC(305) Heap after GC invocations=250 (full 56):
[18.040s][debug][gc,heap        ] GC(305)  def new generation   total 314560K, used 34905K [0x00000000c0000000, 0x00000000d5550000, 0x00000000d5550000)
[18.040s][debug][gc,heap        ] GC(305)   eden space 279616K,   0% used [0x00000000c0000000, 0x00000000c0000000, 0x00000000d1110000)
[18.040s][debug][gc,heap        ] GC(305)   from space 34944K,  99% used [0x00000000d1110000, 0x00000000d33265d0, 0x00000000d3330000)
[18.040s][debug][gc,heap        ] GC(305)   to   space 34944K,   0% used [0x00000000d3330000, 0x00000000d3330000, 0x00000000d5550000)
[18.040s][debug][gc,heap        ] GC(305)  tenured generation   total 699072K, used 441704K [0x00000000d5550000, 0x0000000100000000, 0x0000000100000000)
[18.040s][debug][gc,heap        ] GC(305)    the space 699072K,  63% used [0x00000000d5550000, 0x00000000f04aa168, 0x00000000f04aa200, 0x0000000100000000)
[18.040s][debug][gc,heap        ] GC(305)  Metaspace       used 6360K, committed 6528K, reserved 1114112K
[18.040s][debug][gc,heap        ] GC(305)   class space    used 546K, committed 640K, reserved 1048576K
[18.040s][info ][gc             ] GC(305) Pause Young (Allocation Failure) 616M->465M(989M) 26.287ms
[18.040s][info ][gc,cpu         ] GC(305) User=0.02s Sys=0.00s Real=0.02s
[18.040s][info ][safepoint      ] Safepoint "GenCollectForAllocation", Time since last: 34747670 ns, Reaching safepoint: 3400 ns, Cleanup: 4000 ns, At safepoint: 26310554 ns, Total: 26317954 ns
[18.072s][info ][gc,start       ] GC(306) Pause Young (Allocation Failure)
[18.072s][debug][gc,heap        ] GC(306) Heap before GC invocations=250 (full 56):
[18.072s][debug][gc,heap        ] GC(306)  def new generation   total 314560K, used 314521K [0x00000000c0000000, 0x00000000d5550000, 0x00000000d5550000)
[18.072s][debug][gc,heap        ] GC(306)   eden space 279616K, 100% used [0x00000000c0000000, 0x00000000d1110000, 0x00000000d1110000)
[18.072s][debug][gc,heap        ] GC(306)   from space 34944K,  99% used [0x00000000d1110000, 0x00000000d33265d0, 0x00000000d3330000)
[18.072s][debug][gc,heap        ] GC(306)   to   space 34944K,   0% used [0x00000000d3330000, 0x00000000d3330000, 0x00000000d5550000)
[18.072s][debug][gc,heap        ] GC(306)  tenured generation   total 699072K, used 441704K [0x00000000d5550000, 0x0000000100000000, 0x0000000100000000)
[18.072s][debug][gc,heap        ] GC(306)    the space 699072K,  63% used [0x00000000d5550000, 0x00000000f04aa168, 0x00000000f04aa200, 0x0000000100000000)
[18.072s][debug][gc,heap        ] GC(306)  Metaspace       used 6360K, committed 6528K, reserved 1114112K
[18.072s][debug][gc,heap        ] GC(306)   class space    used 546K, committed 640K, reserved 1048576K
[18.098s][info ][gc,heap        ] GC(306) DefNew: 314521K(314560K)->34905K(314560K) Eden: 279616K(279616K)->0K(279616K) From: 34905K(34944K)->34905K(34944K)
[18.098s][info ][gc,heap        ] GC(306) Tenured: 441704K(699072K)->566223K(699072K)
[18.098s][info ][gc,metaspace   ] GC(306) Metaspace: 6360K(6528K)->6360K(6528K) NonClass: 5814K(5888K)->5814K(5888K) Class: 546K(640K)->546K(640K)
[18.098s][debug][gc,heap        ] GC(306) Heap after GC invocations=251 (full 56):
[18.098s][debug][gc,heap        ] GC(306)  def new generation   total 314560K, used 34905K [0x00000000c0000000, 0x00000000d5550000, 0x00000000d5550000)
[18.098s][debug][gc,heap        ] GC(306)   eden space 279616K,   0% used [0x00000000c0000000, 0x00000000c0000000, 0x00000000d1110000)
[18.098s][debug][gc,heap        ] GC(306)   from space 34944K,  99% used [0x00000000d3330000, 0x00000000d55465d0, 0x00000000d5550000)
[18.098s][debug][gc,heap        ] GC(306)   to   space 34944K,   0% used [0x00000000d1110000, 0x00000000d1110000, 0x00000000d3330000)
[18.098s][debug][gc,heap        ] GC(306)  tenured generation   total 699072K, used 566223K [0x00000000d5550000, 0x0000000100000000, 0x0000000100000000)
[18.098s][debug][gc,heap        ] GC(306)    the space 699072K,  80% used [0x00000000d5550000, 0x00000000f7e43f38, 0x00000000f7e44000, 0x0000000100000000)
[18.098s][debug][gc,heap        ] GC(306)  Metaspace       used 6360K, committed 6528K, reserved 1114112K
[18.098s][debug][gc,heap        ] GC(306)   class space    used 546K, committed 640K, reserved 1048576K
[18.098s][info ][gc             ] GC(306) Pause Young (Allocation Failure) 738M->587M(989M) 25.896ms
[18.098s][info ][gc,cpu         ] GC(306) User=0.02s Sys=0.00s Real=0.02s
[18.098s][info ][safepoint      ] Safepoint "GenCollectForAllocation", Time since last: 32736966 ns, Reaching safepoint: 3200 ns, Cleanup: 3800 ns, At safepoint: 25920153 ns, Total: 25927153 ns
[18.130s][info ][gc,start       ] GC(307) Pause Young (Allocation Failure)
[18.130s][debug][gc,heap        ] GC(307) Heap before GC invocations=251 (full 56):
[18.130s][debug][gc,heap        ] GC(307)  def new generation   total 314560K, used 314521K [0x00000000c0000000, 0x00000000d5550000, 0x00000000d5550000)
[18.130s][debug][gc,heap        ] GC(307)   eden space 279616K, 100% used [0x00000000c0000000, 0x00000000d1110000, 0x00000000d1110000)
[18.130s][debug][gc,heap        ] GC(307)   from space 34944K,  99% used [0x00000000d3330000, 0x00000000d55465d0, 0x00000000d5550000)
[18.130s][debug][gc,heap        ] GC(307)   to   space 34944K,   0% used [0x00000000d1110000, 0x00000000d1110000, 0x00000000d3330000)
[18.130s][debug][gc,heap        ] GC(307)  tenured generation   total 699072K, used 566223K [0x00000000d5550000, 0x0000000100000000, 0x0000000100000000)
[18.130s][debug][gc,heap        ] GC(307)    the space 699072K,  80% used [0x00000000d5550000, 0x00000000f7e43f38, 0x00000000f7e44000, 0x0000000100000000)
[18.130s][debug][gc,heap        ] GC(307)  Metaspace       used 6360K, committed 6528K, reserved 1114112K
[18.130s][debug][gc,heap        ] GC(307)   class space    used 546K, committed 640K, reserved 1048576K
[18.130s][debug][gc,heap        ] GC(307) Heap after GC invocations=252 (full 56):
[18.130s][debug][gc,heap        ] GC(307)  def new generation   total 314560K, used 314521K [0x00000000c0000000, 0x00000000d5550000, 0x00000000d5550000)
[18.130s][debug][gc,heap        ] GC(307)   eden space 279616K, 100% used [0x00000000c0000000, 0x00000000d1110000, 0x00000000d1110000)
[18.130s][debug][gc,heap        ] GC(307)   from space 34944K,  99% used [0x00000000d3330000, 0x00000000d55465d0, 0x00000000d5550000)
[18.130s][debug][gc,heap        ] GC(307)   to   space 34944K,   0% used [0x00000000d1110000, 0x00000000d1110000, 0x00000000d3330000)
[18.130s][debug][gc,heap        ] GC(307)  tenured generation   total 699072K, used 566223K [0x00000000d5550000, 0x0000000100000000, 0x0000000100000000)
[18.130s][debug][gc,heap        ] GC(307)    the space 699072K,  80% used [0x00000000d5550000, 0x00000000f7e43f38, 0x00000000f7e44000, 0x0000000100000000)
[18.130s][debug][gc,heap        ] GC(307)  Metaspace       used 6360K, committed 6528K, reserved 1114112K
[18.130s][debug][gc,heap        ] GC(307)   class space    used 546K, committed 640K, reserved 1048576K
[18.130s][info ][gc             ] GC(307) Pause Young (Allocation Failure) 860M->860M(989M) 0.088ms
[18.130s][info ][gc,cpu         ] GC(307) User=0.00s Sys=0.00s Real=0.00s
[18.130s][info ][gc,start       ] GC(308) Pause Full (Allocation Failure)
[18.130s][debug][gc,heap        ] GC(308) Heap before GC invocations=252 (full 56):
[18.130s][debug][gc,heap        ] GC(308)  def new generation   total 314560K, used 314521K [0x00000000c0000000, 0x00000000d5550000, 0x00000000d5550000)
[18.130s][debug][gc,heap        ] GC(308)   eden space 279616K, 100% used [0x00000000c0000000, 0x00000000d1110000, 0x00000000d1110000)
[18.130s][debug][gc,heap        ] GC(308)   from space 34944K,  99% used [0x00000000d3330000, 0x00000000d55465d0, 0x00000000d5550000)
[18.130s][debug][gc,heap        ] GC(308)   to   space 34944K,   0% used [0x00000000d1110000, 0x00000000d1110000, 0x00000000d3330000)
[18.130s][debug][gc,heap        ] GC(308)  tenured generation   total 699072K, used 566223K [0x00000000d5550000, 0x0000000100000000, 0x0000000100000000)
[18.130s][debug][gc,heap        ] GC(308)    the space 699072K,  80% used [0x00000000d5550000, 0x00000000f7e43f38, 0x00000000f7e44000, 0x0000000100000000)
[18.130s][debug][gc,heap        ] GC(308)  Metaspace       used 6360K, committed 6528K, reserved 1114112K
[18.130s][debug][gc,heap        ] GC(308)   class space    used 546K, committed 640K, reserved 1048576K
[18.130s][info ][gc,phases,start] GC(308) Phase 1: Mark live objects
[18.131s][info ][gc,phases      ] GC(308) Phase 1: Mark live objects 0.911ms
[18.131s][info ][gc,phases,start] GC(308) Phase 2: Compute new object addresses
[18.132s][info ][gc,phases      ] GC(308) Phase 2: Compute new object addresses 1.212ms
[18.132s][info ][gc,phases,start] GC(308) Phase 3: Adjust pointers
[18.133s][info ][gc,phases      ] GC(308) Phase 3: Adjust pointers 0.596ms
[18.133s][info ][gc,phases,start] GC(308) Phase 4: Move objects
[18.164s][info ][gc,phases      ] GC(308) Phase 4: Move objects 30.969ms
[18.164s][info ][gc,heap        ] GC(308) DefNew: 314521K(314560K)->0K(314560K) Eden: 279616K(279616K)->0K(279616K) From: 34905K(34944K)->0K(34944K)
[18.164s][info ][gc,heap        ] GC(308) Tenured: 566223K(699072K)->225970K(699072K)
[18.164s][info ][gc,metaspace   ] GC(308) Metaspace: 6360K(6528K)->6360K(6528K) NonClass: 5814K(5888K)->5814K(5888K) Class: 546K(640K)->546K(640K)
[18.164s][debug][gc,heap        ] GC(308) Heap after GC invocations=252 (full 57):
[18.164s][debug][gc,heap        ] GC(308)  def new generation   total 314560K, used 0K [0x00000000c0000000, 0x00000000d5550000, 0x00000000d5550000)
[18.164s][debug][gc,heap        ] GC(308)   eden space 279616K,   0% used [0x00000000c0000000, 0x00000000c0000000, 0x00000000d1110000)
[18.164s][debug][gc,heap        ] GC(308)   from space 34944K,   0% used [0x00000000d3330000, 0x00000000d3330000, 0x00000000d5550000)
[18.164s][debug][gc,heap        ] GC(308)   to   space 34944K,   0% used [0x00000000d1110000, 0x00000000d1110000, 0x00000000d3330000)
[18.164s][debug][gc,heap        ] GC(308)  tenured generation   total 699072K, used 225970K [0x00000000d5550000, 0x0000000100000000, 0x0000000100000000)
[18.164s][debug][gc,heap        ] GC(308)    the space 699072K,  32% used [0x00000000d5550000, 0x00000000e31fca98, 0x00000000e31fcc00, 0x0000000100000000)
[18.164s][debug][gc,heap        ] GC(308)  Metaspace       used 6360K, committed 6528K, reserved 1114112K
[18.164s][debug][gc,heap        ] GC(308)   class space    used 546K, committed 640K, reserved 1048576K
[18.164s][info ][gc             ] GC(308) Pause Full (Allocation Failure) 860M->220M(989M) 33.929ms
[18.164s][info ][gc,cpu         ] GC(308) User=0.04s Sys=0.00s Real=0.04s
[18.164s][info ][safepoint      ] Safepoint "GenCollectForAllocation", Time since last: 31646764 ns, Reaching safepoint: 3000 ns, Cleanup: 3700 ns, At safepoint: 34049069 ns, Total: 34055769 ns
[18.200s][info ][gc,start       ] GC(309) Pause Young (Allocation Failure)
[18.200s][debug][gc,heap        ] GC(309) Heap before GC invocations=252 (full 57):
[18.200s][debug][gc,heap        ] GC(309)  def new generation   total 314560K, used 279616K [0x00000000c0000000, 0x00000000d5550000, 0x00000000d5550000)
[18.200s][debug][gc,heap        ] GC(309)   eden space 279616K, 100% used [0x00000000c0000000, 0x00000000d1110000, 0x00000000d1110000)
[18.200s][debug][gc,heap        ] GC(309)   from space 34944K,   0% used [0x00000000d3330000, 0x00000000d3330000, 0x00000000d5550000)
[18.200s][debug][gc,heap        ] GC(309)   to   space 34944K,   0% used [0x00000000d1110000, 0x00000000d1110000, 0x00000000d3330000)
[18.200s][debug][gc,heap        ] GC(309)  tenured generation   total 699072K, used 225970K [0x00000000d5550000, 0x0000000100000000, 0x0000000100000000)
[18.200s][debug][gc,heap        ] GC(309)    the space 699072K,  32% used [0x00000000d5550000, 0x00000000e31fca98, 0x00000000e31fcc00, 0x0000000100000000)
[18.200s][debug][gc,heap        ] GC(309)  Metaspace       used 6360K, committed 6528K, reserved 1114112K
[18.200s][debug][gc,heap        ] GC(309)   class space    used 546K, committed 640K, reserved 1048576K
[18.225s][info ][gc,heap        ] GC(309) DefNew: 279616K(314560K)->34905K(314560K) Eden: 279616K(279616K)->0K(279616K) From: 0K(34944K)->34905K(34944K)
[18.225s][info ][gc,heap        ] GC(309) Tenured: 225970K(699072K)->341188K(699072K)
[18.225s][info ][gc,metaspace   ] GC(309) Metaspace: 6360K(6528K)->6360K(6528K) NonClass: 5814K(5888K)->5814K(5888K) Class: 546K(640K)->546K(640K)
[18.225s][debug][gc,heap        ] GC(309) Heap after GC invocations=253 (full 57):
[18.225s][debug][gc,heap        ] GC(309)  def new generation   total 314560K, used 34905K [0x00000000c0000000, 0x00000000d5550000, 0x00000000d5550000)
[18.225s][debug][gc,heap        ] GC(309)   eden space 279616K,   0% used [0x00000000c0000000, 0x00000000c0000000, 0x00000000d1110000)
[18.225s][debug][gc,heap        ] GC(309)   from space 34944K,  99% used [0x00000000d1110000, 0x00000000d33265d0, 0x00000000d3330000)
[18.225s][debug][gc,heap        ] GC(309)   to   space 34944K,   0% used [0x00000000d3330000, 0x00000000d3330000, 0x00000000d5550000)
[18.225s][debug][gc,heap        ] GC(309)  tenured generation   total 699072K, used 341188K [0x00000000d5550000, 0x0000000100000000, 0x0000000100000000)
[18.225s][debug][gc,heap        ] GC(309)    the space 699072K,  48% used [0x00000000d5550000, 0x00000000ea281298, 0x00000000ea281400, 0x0000000100000000)
[18.225s][debug][gc,heap        ] GC(309)  Metaspace       used 6360K, committed 6528K, reserved 1114112K
[18.225s][debug][gc,heap        ] GC(309)   class space    used 546K, committed 640K, reserved 1048576K
[18.225s][info ][gc             ] GC(309) Pause Young (Allocation Failure) 493M->367M(989M) 25.040ms
[18.225s][info ][gc,cpu         ] GC(309) User=0.03s Sys=0.00s Real=0.03s
[18.225s][info ][safepoint      ] Safepoint "GenCollectForAllocation", Time since last: 35833673 ns, Reaching safepoint: 3300 ns, Cleanup: 3600 ns, At safepoint: 25139051 ns, Total: 25145951 ns
[18.257s][info ][gc,start       ] GC(310) Pause Young (Allocation Failure)
[18.257s][debug][gc,heap        ] GC(310) Heap before GC invocations=253 (full 57):
[18.257s][debug][gc,heap        ] GC(310)  def new generation   total 314560K, used 314521K [0x00000000c0000000, 0x00000000d5550000, 0x00000000d5550000)
[18.257s][debug][gc,heap        ] GC(310)   eden space 279616K, 100% used [0x00000000c0000000, 0x00000000d1110000, 0x00000000d1110000)
[18.257s][debug][gc,heap        ] GC(310)   from space 34944K,  99% used [0x00000000d1110000, 0x00000000d33265d0, 0x00000000d3330000)
[18.257s][debug][gc,heap        ] GC(310)   to   space 34944K,   0% used [0x00000000d3330000, 0x00000000d3330000, 0x00000000d5550000)
[18.257s][debug][gc,heap        ] GC(310)  tenured generation   total 699072K, used 341188K [0x00000000d5550000, 0x0000000100000000, 0x0000000100000000)
[18.257s][debug][gc,heap        ] GC(310)    the space 699072K,  48% used [0x00000000d5550000, 0x00000000ea281298, 0x00000000ea281400, 0x0000000100000000)
[18.257s][debug][gc,heap        ] GC(310)  Metaspace       used 6360K, committed 6528K, reserved 1114112K
[18.257s][debug][gc,heap        ] GC(310)   class space    used 546K, committed 640K, reserved 1048576K
[18.284s][info ][gc,heap        ] GC(310) DefNew: 314521K(314560K)->34905K(314560K) Eden: 279616K(279616K)->0K(279616K) From: 34905K(34944K)->34905K(34944K)
[18.284s][info ][gc,heap        ] GC(310) Tenured: 341188K(699072K)->463907K(699072K)
[18.284s][info ][gc,metaspace   ] GC(310) Metaspace: 6360K(6528K)->6360K(6528K) NonClass: 5814K(5888K)->5814K(5888K) Class: 546K(640K)->546K(640K)
[18.284s][debug][gc,heap        ] GC(310) Heap after GC invocations=254 (full 57):
[18.284s][debug][gc,heap        ] GC(310)  def new generation   total 314560K, used 34905K [0x00000000c0000000, 0x00000000d5550000, 0x00000000d5550000)
[18.284s][debug][gc,heap        ] GC(310)   eden space 279616K,   0% used [0x00000000c0000000, 0x00000000c0000000, 0x00000000d1110000)
[18.284s][debug][gc,heap        ] GC(310)   from space 34944K,  99% used [0x00000000d3330000, 0x00000000d55465d0, 0x00000000d5550000)
[18.284s][debug][gc,heap        ] GC(310)   to   space 34944K,   0% used [0x00000000d1110000, 0x00000000d1110000, 0x00000000d3330000)
[18.284s][debug][gc,heap        ] GC(310)  tenured generation   total 699072K, used 463907K [0x00000000d5550000, 0x0000000100000000, 0x0000000100000000)
[18.284s][debug][gc,heap        ] GC(310)    the space 699072K,  66% used [0x00000000d5550000, 0x00000000f1a58f48, 0x00000000f1a59000, 0x0000000100000000)
[18.284s][debug][gc,heap        ] GC(310)  Metaspace       used 6360K, committed 6528K, reserved 1114112K
[18.284s][debug][gc,heap        ] GC(310)   class space    used 546K, committed 640K, reserved 1048576K
[18.284s][info ][gc             ] GC(310) Pause Young (Allocation Failure) 640M->487M(989M) 27.210ms
[18.284s][info ][gc,cpu         ] GC(310) User=0.03s Sys=0.00s Real=0.03s
[18.284s][info ][safepoint      ] Safepoint "GenCollectForAllocation", Time since last: 31698365 ns, Reaching safepoint: 10400 ns, Cleanup: 14400 ns, At safepoint: 27246455 ns, Total: 27271255 ns
[18.318s][info ][gc,start       ] GC(311) Pause Young (Allocation Failure)
[18.318s][debug][gc,heap        ] GC(311) Heap before GC invocations=254 (full 57):
[18.318s][debug][gc,heap        ] GC(311)  def new generation   total 314560K, used 314521K [0x00000000c0000000, 0x00000000d5550000, 0x00000000d5550000)
[18.318s][debug][gc,heap        ] GC(311)   eden space 279616K, 100% used [0x00000000c0000000, 0x00000000d1110000, 0x00000000d1110000)
[18.318s][debug][gc,heap        ] GC(311)   from space 34944K,  99% used [0x00000000d3330000, 0x00000000d55465d0, 0x00000000d5550000)
[18.318s][debug][gc,heap        ] GC(311)   to   space 34944K,   0% used [0x00000000d1110000, 0x00000000d1110000, 0x00000000d3330000)
[18.318s][debug][gc,heap        ] GC(311)  tenured generation   total 699072K, used 463907K [0x00000000d5550000, 0x0000000100000000, 0x0000000100000000)
[18.318s][debug][gc,heap        ] GC(311)    the space 699072K,  66% used [0x00000000d5550000, 0x00000000f1a58f48, 0x00000000f1a59000, 0x0000000100000000)
[18.318s][debug][gc,heap        ] GC(311)  Metaspace       used 6360K, committed 6528K, reserved 1114112K
[18.318s][debug][gc,heap        ] GC(311)   class space    used 546K, committed 640K, reserved 1048576K
[18.344s][info ][gc,heap        ] GC(311) DefNew: 314521K(314560K)->34905K(314560K) Eden: 279616K(279616K)->0K(279616K) From: 34905K(34944K)->34905K(34944K)
[18.344s][info ][gc,heap        ] GC(311) Tenured: 463907K(699072K)->586827K(699072K)
[18.344s][info ][gc,metaspace   ] GC(311) Metaspace: 6360K(6528K)->6360K(6528K) NonClass: 5814K(5888K)->5814K(5888K) Class: 546K(640K)->546K(640K)
[18.344s][debug][gc,heap        ] GC(311) Heap after GC invocations=255 (full 57):
[18.344s][debug][gc,heap        ] GC(311)  def new generation   total 314560K, used 34905K [0x00000000c0000000, 0x00000000d5550000, 0x00000000d5550000)
[18.344s][debug][gc,heap        ] GC(311)   eden space 279616K,   0% used [0x00000000c0000000, 0x00000000c0000000, 0x00000000d1110000)
[18.344s][debug][gc,heap        ] GC(311)   from space 34944K,  99% used [0x00000000d1110000, 0x00000000d33265d0, 0x00000000d3330000)
[18.344s][debug][gc,heap        ] GC(311)   to   space 34944K,   0% used [0x00000000d3330000, 0x00000000d3330000, 0x00000000d5550000)
[18.344s][debug][gc,heap        ] GC(311)  tenured generation   total 699072K, used 586827K [0x00000000d5550000, 0x0000000100000000, 0x0000000100000000)
[18.344s][debug][gc,heap        ] GC(311)    the space 699072K,  83% used [0x00000000d5550000, 0x00000000f9262c18, 0x00000000f9262e00, 0x0000000100000000)
[18.344s][debug][gc,heap        ] GC(311)  Metaspace       used 6360K, committed 6528K, reserved 1114112K
[18.344s][debug][gc,heap        ] GC(311)   class space    used 546K, committed 640K, reserved 1048576K
[18.344s][info ][gc             ] GC(311) Pause Young (Allocation Failure) 760M->607M(989M) 25.602ms
[18.344s][info ][gc,cpu         ] GC(311) User=0.03s Sys=0.00s Real=0.03s
[18.344s][info ][safepoint      ] Safepoint "GenCollectForAllocation", Time since last: 34291570 ns, Reaching safepoint: 3200 ns, Cleanup: 3900 ns, At safepoint: 25626652 ns, Total: 25633752 ns
[18.377s][info ][gc,start       ] GC(312) Pause Young (Allocation Failure)
[18.377s][debug][gc,heap        ] GC(312) Heap before GC invocations=255 (full 57):
[18.377s][debug][gc,heap        ] GC(312)  def new generation   total 314560K, used 314521K [0x00000000c0000000, 0x00000000d5550000, 0x00000000d5550000)
[18.377s][debug][gc,heap        ] GC(312)   eden space 279616K, 100% used [0x00000000c0000000, 0x00000000d1110000, 0x00000000d1110000)
[18.377s][debug][gc,heap        ] GC(312)   from space 34944K,  99% used [0x00000000d1110000, 0x00000000d33265d0, 0x00000000d3330000)
[18.377s][debug][gc,heap        ] GC(312)   to   space 34944K,   0% used [0x00000000d3330000, 0x00000000d3330000, 0x00000000d5550000)
[18.377s][debug][gc,heap        ] GC(312)  tenured generation   total 699072K, used 586827K [0x00000000d5550000, 0x0000000100000000, 0x0000000100000000)
[18.377s][debug][gc,heap        ] GC(312)    the space 699072K,  83% used [0x00000000d5550000, 0x00000000f9262c18, 0x00000000f9262e00, 0x0000000100000000)
[18.377s][debug][gc,heap        ] GC(312)  Metaspace       used 6360K, committed 6528K, reserved 1114112K
[18.377s][debug][gc,heap        ] GC(312)   class space    used 546K, committed 640K, reserved 1048576K
[18.377s][debug][gc,heap        ] GC(312) Heap after GC invocations=256 (full 57):
[18.377s][debug][gc,heap        ] GC(312)  def new generation   total 314560K, used 314521K [0x00000000c0000000, 0x00000000d5550000, 0x00000000d5550000)
[18.377s][debug][gc,heap        ] GC(312)   eden space 279616K, 100% used [0x00000000c0000000, 0x00000000d1110000, 0x00000000d1110000)
[18.377s][debug][gc,heap        ] GC(312)   from space 34944K,  99% used [0x00000000d1110000, 0x00000000d33265d0, 0x00000000d3330000)
[18.377s][debug][gc,heap        ] GC(312)   to   space 34944K,   0% used [0x00000000d3330000, 0x00000000d3330000, 0x00000000d5550000)
[18.377s][debug][gc,heap        ] GC(312)  tenured generation   total 699072K, used 586827K [0x00000000d5550000, 0x0000000100000000, 0x0000000100000000)
[18.377s][debug][gc,heap        ] GC(312)    the space 699072K,  83% used [0x00000000d5550000, 0x00000000f9262c18, 0x00000000f9262e00, 0x0000000100000000)
[18.377s][debug][gc,heap        ] GC(312)  Metaspace       used 6360K, committed 6528K, reserved 1114112K
[18.377s][debug][gc,heap        ] GC(312)   class space    used 546K, committed 640K, reserved 1048576K
[18.377s][info ][gc             ] GC(312) Pause Young (Allocation Failure) 880M->880M(989M) 0.095ms
[18.377s][info ][gc,cpu         ] GC(312) User=0.00s Sys=0.00s Real=0.00s
[18.377s][info ][gc,start       ] GC(313) Pause Full (Allocation Failure)
[18.377s][debug][gc,heap        ] GC(313) Heap before GC invocations=256 (full 57):
[18.377s][debug][gc,heap        ] GC(313)  def new generation   total 314560K, used 314521K [0x00000000c0000000, 0x00000000d5550000, 0x00000000d5550000)
[18.377s][debug][gc,heap        ] GC(313)   eden space 279616K, 100% used [0x00000000c0000000, 0x00000000d1110000, 0x00000000d1110000)
[18.377s][debug][gc,heap        ] GC(313)   from space 34944K,  99% used [0x00000000d1110000, 0x00000000d33265d0, 0x00000000d3330000)
[18.377s][debug][gc,heap        ] GC(313)   to   space 34944K,   0% used [0x00000000d3330000, 0x00000000d3330000, 0x00000000d5550000)
[18.377s][debug][gc,heap        ] GC(313)  tenured generation   total 699072K, used 586827K [0x00000000d5550000, 0x0000000100000000, 0x0000000100000000)
[18.377s][debug][gc,heap        ] GC(313)    the space 699072K,  83% used [0x00000000d5550000, 0x00000000f9262c18, 0x00000000f9262e00, 0x0000000100000000)
[18.377s][debug][gc,heap        ] GC(313)  Metaspace       used 6360K, committed 6528K, reserved 1114112K
[18.377s][debug][gc,heap        ] GC(313)   class space    used 546K, committed 640K, reserved 1048576K
[18.377s][info ][gc,phases,start] GC(313) Phase 1: Mark live objects
[18.378s][info ][gc,phases      ] GC(313) Phase 1: Mark live objects 0.892ms
[18.378s][info ][gc,phases,start] GC(313) Phase 2: Compute new object addresses
[18.379s][info ][gc,phases      ] GC(313) Phase 2: Compute new object addresses 1.216ms
[18.379s][info ][gc,phases,start] GC(313) Phase 3: Adjust pointers
[18.379s][info ][gc,phases      ] GC(313) Phase 3: Adjust pointers 0.629ms
[18.379s][info ][gc,phases,start] GC(313) Phase 4: Move objects
[18.411s][info ][gc,phases      ] GC(313) Phase 4: Move objects 31.252ms
[18.411s][info ][gc,heap        ] GC(313) DefNew: 314521K(314560K)->0K(314560K) Eden: 279616K(279616K)->0K(279616K) From: 34905K(34944K)->0K(34944K)
[18.411s][info ][gc,heap        ] GC(313) Tenured: 586827K(699072K)->230471K(699072K)
[18.411s][info ][gc,metaspace   ] GC(313) Metaspace: 6360K(6528K)->6360K(6528K) NonClass: 5814K(5888K)->5814K(5888K) Class: 546K(640K)->546K(640K)
[18.411s][debug][gc,heap        ] GC(313) Heap after GC invocations=256 (full 58):
[18.411s][debug][gc,heap        ] GC(313)  def new generation   total 314560K, used 0K [0x00000000c0000000, 0x00000000d5550000, 0x00000000d5550000)
[18.411s][debug][gc,heap        ] GC(313)   eden space 279616K,   0% used [0x00000000c0000000, 0x00000000c0000000, 0x00000000d1110000)
[18.411s][debug][gc,heap        ] GC(313)   from space 34944K,   0% used [0x00000000d1110000, 0x00000000d1110000, 0x00000000d3330000)
[18.411s][debug][gc,heap        ] GC(313)   to   space 34944K,   0% used [0x00000000d3330000, 0x00000000d3330000, 0x00000000d5550000)
[18.411s][debug][gc,heap        ] GC(313)  tenured generation   total 699072K, used 230471K [0x00000000d5550000, 0x0000000100000000, 0x0000000100000000)
[18.411s][debug][gc,heap        ] GC(313)    the space 699072K,  32% used [0x00000000d5550000, 0x00000000e3661d68, 0x00000000e3661e00, 0x0000000100000000)
[18.411s][debug][gc,heap        ] GC(313)  Metaspace       used 6360K, committed 6528K, reserved 1114112K
[18.411s][debug][gc,heap        ] GC(313)   class space    used 546K, committed 640K, reserved 1048576K
[18.411s][info ][gc             ] GC(313) Pause Full (Allocation Failure) 880M->225M(989M) 34.232ms
[18.411s][info ][gc,cpu         ] GC(313) User=0.04s Sys=0.00s Real=0.04s
[18.411s][info ][safepoint      ] Safepoint "GenCollectForAllocation", Time since last: 32626066 ns, Reaching safepoint: 2800 ns, Cleanup: 3600 ns, At safepoint: 34360270 ns, Total: 34366670 ns
[18.447s][info ][gc,start       ] GC(314) Pause Young (Allocation Failure)
[18.447s][debug][gc,heap        ] GC(314) Heap before GC invocations=256 (full 58):
[18.447s][debug][gc,heap        ] GC(314)  def new generation   total 314560K, used 279616K [0x00000000c0000000, 0x00000000d5550000, 0x00000000d5550000)
[18.447s][debug][gc,heap        ] GC(314)   eden space 279616K, 100% used [0x00000000c0000000, 0x00000000d1110000, 0x00000000d1110000)
[18.447s][debug][gc,heap        ] GC(314)   from space 34944K,   0% used [0x00000000d1110000, 0x00000000d1110000, 0x00000000d3330000)
[18.447s][debug][gc,heap        ] GC(314)   to   space 34944K,   0% used [0x00000000d3330000, 0x00000000d3330000, 0x00000000d5550000)
[18.447s][debug][gc,heap        ] GC(314)  tenured generation   total 699072K, used 230471K [0x00000000d5550000, 0x0000000100000000, 0x0000000100000000)
[18.447s][debug][gc,heap        ] GC(314)    the space 699072K,  32% used [0x00000000d5550000, 0x00000000e3661d68, 0x00000000e3661e00, 0x0000000100000000)
[18.447s][debug][gc,heap        ] GC(314)  Metaspace       used 6360K, committed 6528K, reserved 1114112K
[18.447s][debug][gc,heap        ] GC(314)   class space    used 546K, committed 640K, reserved 1048576K
[18.471s][info ][gc,heap        ] GC(314) DefNew: 279616K(314560K)->34905K(314560K) Eden: 279616K(279616K)->0K(279616K) From: 0K(34944K)->34905K(34944K)
[18.471s][info ][gc,heap        ] GC(314) Tenured: 230471K(699072K)->346089K(699072K)
[18.471s][info ][gc,metaspace   ] GC(314) Metaspace: 6360K(6528K)->6360K(6528K) NonClass: 5814K(5888K)->5814K(5888K) Class: 546K(640K)->546K(640K)
[18.471s][debug][gc,heap        ] GC(314) Heap after GC invocations=257 (full 58):
[18.471s][debug][gc,heap        ] GC(314)  def new generation   total 314560K, used 34905K [0x00000000c0000000, 0x00000000d5550000, 0x00000000d5550000)
[18.471s][debug][gc,heap        ] GC(314)   eden space 279616K,   0% used [0x00000000c0000000, 0x00000000c0000000, 0x00000000d1110000)
[18.471s][debug][gc,heap        ] GC(314)   from space 34944K,  99% used [0x00000000d3330000, 0x00000000d55465d0, 0x00000000d5550000)
[18.471s][debug][gc,heap        ] GC(314)   to   space 34944K,   0% used [0x00000000d1110000, 0x00000000d1110000, 0x00000000d3330000)
[18.471s][debug][gc,heap        ] GC(314)  tenured generation   total 699072K, used 346089K [0x00000000d5550000, 0x0000000100000000, 0x0000000100000000)
[18.471s][debug][gc,heap        ] GC(314)    the space 699072K,  49% used [0x00000000d5550000, 0x00000000ea74a5a8, 0x00000000ea74a600, 0x0000000100000000)
[18.471s][debug][gc,heap        ] GC(314)  Metaspace       used 6360K, committed 6528K, reserved 1114112K
[18.471s][debug][gc,heap        ] GC(314)   class space    used 546K, committed 640K, reserved 1048576K
[18.471s][info ][gc             ] GC(314) Pause Young (Allocation Failure) 498M->372M(989M) 24.287ms
[18.471s][info ][gc,cpu         ] GC(314) User=0.03s Sys=0.00s Real=0.03s
[18.471s][info ][safepoint      ] Safepoint "GenCollectForAllocation", Time since last: 36117974 ns, Reaching safepoint: 5000 ns, Cleanup: 4500 ns, At safepoint: 24314649 ns, Total: 24324149 ns
[18.504s][info ][gc,start       ] GC(315) Pause Young (Allocation Failure)
[18.504s][debug][gc,heap        ] GC(315) Heap before GC invocations=257 (full 58):
[18.504s][debug][gc,heap        ] GC(315)  def new generation   total 314560K, used 314521K [0x00000000c0000000, 0x00000000d5550000, 0x00000000d5550000)
[18.504s][debug][gc,heap        ] GC(315)   eden space 279616K, 100% used [0x00000000c0000000, 0x00000000d1110000, 0x00000000d1110000)
[18.504s][debug][gc,heap        ] GC(315)   from space 34944K,  99% used [0x00000000d3330000, 0x00000000d55465d0, 0x00000000d5550000)
[18.504s][debug][gc,heap        ] GC(315)   to   space 34944K,   0% used [0x00000000d1110000, 0x00000000d1110000, 0x00000000d3330000)
[18.504s][debug][gc,heap        ] GC(315)  tenured generation   total 699072K, used 346089K [0x00000000d5550000, 0x0000000100000000, 0x0000000100000000)
[18.504s][debug][gc,heap        ] GC(315)    the space 699072K,  49% used [0x00000000d5550000, 0x00000000ea74a5a8, 0x00000000ea74a600, 0x0000000100000000)
[18.504s][debug][gc,heap        ] GC(315)  Metaspace       used 6360K, committed 6528K, reserved 1114112K
[18.504s][debug][gc,heap        ] GC(315)   class space    used 546K, committed 640K, reserved 1048576K
[18.529s][info ][gc,heap        ] GC(315) DefNew: 314521K(314560K)->34905K(314560K) Eden: 279616K(279616K)->0K(279616K) From: 34905K(34944K)->34905K(34944K)
[18.529s][info ][gc,heap        ] GC(315) Tenured: 346089K(699072K)->470108K(699072K)
[18.529s][info ][gc,metaspace   ] GC(315) Metaspace: 6360K(6528K)->6360K(6528K) NonClass: 5814K(5888K)->5814K(5888K) Class: 546K(640K)->546K(640K)
[18.529s][debug][gc,heap        ] GC(315) Heap after GC invocations=258 (full 58):
[18.529s][debug][gc,heap        ] GC(315)  def new generation   total 314560K, used 34905K [0x00000000c0000000, 0x00000000d5550000, 0x00000000d5550000)
[18.529s][debug][gc,heap        ] GC(315)   eden space 279616K,   0% used [0x00000000c0000000, 0x00000000c0000000, 0x00000000d1110000)
[18.529s][debug][gc,heap        ] GC(315)   from space 34944K,  99% used [0x00000000d1110000, 0x00000000d33265d0, 0x00000000d3330000)
[18.529s][debug][gc,heap        ] GC(315)   to   space 34944K,   0% used [0x00000000d3330000, 0x00000000d3330000, 0x00000000d5550000)
[18.529s][debug][gc,heap        ] GC(315)  tenured generation   total 699072K, used 470108K [0x00000000d5550000, 0x0000000100000000, 0x0000000100000000)
[18.529s][debug][gc,heap        ] GC(315)    the space 699072K,  67% used [0x00000000d5550000, 0x00000000f2067328, 0x00000000f2067400, 0x0000000100000000)
[18.529s][debug][gc,heap        ] GC(315)  Metaspace       used 6360K, committed 6528K, reserved 1114112K
[18.529s][debug][gc,heap        ] GC(315)   class space    used 546K, committed 640K, reserved 1048576K
[18.529s][info ][gc             ] GC(315) Pause Young (Allocation Failure) 645M->493M(989M) 25.110ms
[18.529s][info ][gc,cpu         ] GC(315) User=0.02s Sys=0.00s Real=0.02s
[18.529s][info ][safepoint      ] Safepoint "GenCollectForAllocation", Time since last: 32374366 ns, Reaching safepoint: 2700 ns, Cleanup: 3300 ns, At safepoint: 25134251 ns, Total: 25140251 ns
[18.562s][info ][gc,start       ] GC(316) Pause Young (Allocation Failure)
[18.562s][debug][gc,heap        ] GC(316) Heap before GC invocations=258 (full 58):
[18.562s][debug][gc,heap        ] GC(316)  def new generation   total 314560K, used 314521K [0x00000000c0000000, 0x00000000d5550000, 0x00000000d5550000)
[18.562s][debug][gc,heap        ] GC(316)   eden space 279616K, 100% used [0x00000000c0000000, 0x00000000d1110000, 0x00000000d1110000)
[18.562s][debug][gc,heap        ] GC(316)   from space 34944K,  99% used [0x00000000d1110000, 0x00000000d33265d0, 0x00000000d3330000)
[18.562s][debug][gc,heap        ] GC(316)   to   space 34944K,   0% used [0x00000000d3330000, 0x00000000d3330000, 0x00000000d5550000)
[18.562s][debug][gc,heap        ] GC(316)  tenured generation   total 699072K, used 470108K [0x00000000d5550000, 0x0000000100000000, 0x0000000100000000)
[18.562s][debug][gc,heap        ] GC(316)    the space 699072K,  67% used [0x00000000d5550000, 0x00000000f2067328, 0x00000000f2067400, 0x0000000100000000)
[18.562s][debug][gc,heap        ] GC(316)  Metaspace       used 6360K, committed 6528K, reserved 1114112K
[18.562s][debug][gc,heap        ] GC(316)   class space    used 546K, committed 640K, reserved 1048576K
[18.588s][info ][gc,heap        ] GC(316) DefNew: 314521K(314560K)->34905K(314560K) Eden: 279616K(279616K)->0K(279616K) From: 34905K(34944K)->34905K(34944K)
[18.588s][info ][gc,heap        ] GC(316) Tenured: 470108K(699072K)->595628K(699072K)
[18.588s][info ][gc,metaspace   ] GC(316) Metaspace: 6360K(6528K)->6360K(6528K) NonClass: 5814K(5888K)->5814K(5888K) Class: 546K(640K)->546K(640K)
[18.588s][debug][gc,heap        ] GC(316) Heap after GC invocations=259 (full 58):
[18.588s][debug][gc,heap        ] GC(316)  def new generation   total 314560K, used 34905K [0x00000000c0000000, 0x00000000d5550000, 0x00000000d5550000)
[18.588s][debug][gc,heap        ] GC(316)   eden space 279616K,   0% used [0x00000000c0000000, 0x00000000c0000000, 0x00000000d1110000)
[18.588s][debug][gc,heap        ] GC(316)   from space 34944K,  99% used [0x00000000d3330000, 0x00000000d55465d0, 0x00000000d5550000)
[18.588s][debug][gc,heap        ] GC(316)   to   space 34944K,   0% used [0x00000000d1110000, 0x00000000d1110000, 0x00000000d3330000)
[18.588s][debug][gc,heap        ] GC(316)  tenured generation   total 699072K, used 595628K [0x00000000d5550000, 0x0000000100000000, 0x0000000100000000)
[18.588s][debug][gc,heap        ] GC(316)    the space 699072K,  85% used [0x00000000d5550000, 0x00000000f9afb198, 0x00000000f9afb200, 0x0000000100000000)
[18.588s][debug][gc,heap        ] GC(316)  Metaspace       used 6360K, committed 6528K, reserved 1114112K
[18.588s][debug][gc,heap        ] GC(316)   class space    used 546K, committed 640K, reserved 1048576K
[18.588s][info ][gc             ] GC(316) Pause Young (Allocation Failure) 766M->615M(989M) 26.065ms
[18.588s][info ][gc,cpu         ] GC(316) User=0.02s Sys=0.00s Real=0.02s
[18.588s][info ][safepoint      ] Safepoint "GenCollectForAllocation", Time since last: 33378568 ns, Reaching safepoint: 3300 ns, Cleanup: 3600 ns, At safepoint: 26091353 ns, Total: 26098253 ns
[18.625s][info ][gc,start       ] GC(317) Pause Young (Allocation Failure)
[18.625s][debug][gc,heap        ] GC(317) Heap before GC invocations=259 (full 58):
[18.625s][debug][gc,heap        ] GC(317)  def new generation   total 314560K, used 314521K [0x00000000c0000000, 0x00000000d5550000, 0x00000000d5550000)
[18.625s][debug][gc,heap        ] GC(317)   eden space 279616K, 100% used [0x00000000c0000000, 0x00000000d1110000, 0x00000000d1110000)
[18.625s][debug][gc,heap        ] GC(317)   from space 34944K,  99% used [0x00000000d3330000, 0x00000000d55465d0, 0x00000000d5550000)
[18.625s][debug][gc,heap        ] GC(317)   to   space 34944K,   0% used [0x00000000d1110000, 0x00000000d1110000, 0x00000000d3330000)
[18.625s][debug][gc,heap        ] GC(317)  tenured generation   total 699072K, used 595628K [0x00000000d5550000, 0x0000000100000000, 0x0000000100000000)
[18.625s][debug][gc,heap        ] GC(317)    the space 699072K,  85% used [0x00000000d5550000, 0x00000000f9afb198, 0x00000000f9afb200, 0x0000000100000000)
[18.625s][debug][gc,heap        ] GC(317)  Metaspace       used 6360K, committed 6528K, reserved 1114112K
[18.625s][debug][gc,heap        ] GC(317)   class space    used 546K, committed 640K, reserved 1048576K
[18.625s][debug][gc,heap        ] GC(317) Heap after GC invocations=260 (full 58):
[18.625s][debug][gc,heap        ] GC(317)  def new generation   total 314560K, used 314521K [0x00000000c0000000, 0x00000000d5550000, 0x00000000d5550000)
[18.625s][debug][gc,heap        ] GC(317)   eden space 279616K, 100% used [0x00000000c0000000, 0x00000000d1110000, 0x00000000d1110000)
[18.625s][debug][gc,heap        ] GC(317)   from space 34944K,  99% used [0x00000000d3330000, 0x00000000d55465d0, 0x00000000d5550000)
[18.625s][debug][gc,heap        ] GC(317)   to   space 34944K,   0% used [0x00000000d1110000, 0x00000000d1110000, 0x00000000d3330000)
[18.625s][debug][gc,heap        ] GC(317)  tenured generation   total 699072K, used 595628K [0x00000000d5550000, 0x0000000100000000, 0x0000000100000000)
[18.625s][debug][gc,heap        ] GC(317)    the space 699072K,  85% used [0x00000000d5550000, 0x00000000f9afb198, 0x00000000f9afb200, 0x0000000100000000)
[18.625s][debug][gc,heap        ] GC(317)  Metaspace       used 6360K, committed 6528K, reserved 1114112K
[18.625s][debug][gc,heap        ] GC(317)   class space    used 546K, committed 640K, reserved 1048576K
[18.625s][info ][gc             ] GC(317) Pause Young (Allocation Failure) 888M->888M(989M) 0.169ms
[18.625s][info ][gc,cpu         ] GC(317) User=0.00s Sys=0.00s Real=0.00s
[18.625s][info ][gc,start       ] GC(318) Pause Full (Allocation Failure)
[18.625s][debug][gc,heap        ] GC(318) Heap before GC invocations=260 (full 58):
[18.625s][debug][gc,heap        ] GC(318)  def new generation   total 314560K, used 314521K [0x00000000c0000000, 0x00000000d5550000, 0x00000000d5550000)
[18.625s][debug][gc,heap        ] GC(318)   eden space 279616K, 100% used [0x00000000c0000000, 0x00000000d1110000, 0x00000000d1110000)
[18.625s][debug][gc,heap        ] GC(318)   from space 34944K,  99% used [0x00000000d3330000, 0x00000000d55465d0, 0x00000000d5550000)
[18.625s][debug][gc,heap        ] GC(318)   to   space 34944K,   0% used [0x00000000d1110000, 0x00000000d1110000, 0x00000000d3330000)
[18.625s][debug][gc,heap        ] GC(318)  tenured generation   total 699072K, used 595628K [0x00000000d5550000, 0x0000000100000000, 0x0000000100000000)
[18.625s][debug][gc,heap        ] GC(318)    the space 699072K,  85% used [0x00000000d5550000, 0x00000000f9afb198, 0x00000000f9afb200, 0x0000000100000000)
[18.625s][debug][gc,heap        ] GC(318)  Metaspace       used 6360K, committed 6528K, reserved 1114112K
[18.625s][debug][gc,heap        ] GC(318)   class space    used 546K, committed 640K, reserved 1048576K
[18.625s][info ][gc,phases,start] GC(318) Phase 1: Mark live objects
[18.627s][info ][gc,phases      ] GC(318) Phase 1: Mark live objects 1.268ms
[18.627s][info ][gc,phases,start] GC(318) Phase 2: Compute new object addresses
[18.628s][info ][gc,phases      ] GC(318) Phase 2: Compute new object addresses 1.658ms
[18.628s][info ][gc,phases,start] GC(318) Phase 3: Adjust pointers
[18.629s][info ][gc,phases      ] GC(318) Phase 3: Adjust pointers 0.798ms
[18.629s][info ][gc,phases,start] GC(318) Phase 4: Move objects
[18.663s][info ][gc,phases      ] GC(318) Phase 4: Move objects 33.375ms
[18.663s][info ][gc,heap        ] GC(318) DefNew: 314521K(314560K)->0K(314560K) Eden: 279616K(279616K)->0K(279616K) From: 34905K(34944K)->0K(34944K)
[18.663s][info ][gc,heap        ] GC(318) Tenured: 595628K(699072K)->200766K(699072K)
[18.663s][info ][gc,metaspace   ] GC(318) Metaspace: 6360K(6528K)->6360K(6528K) NonClass: 5814K(5888K)->5814K(5888K) Class: 546K(640K)->546K(640K)
[18.663s][debug][gc,heap        ] GC(318) Heap after GC invocations=260 (full 59):
[18.663s][debug][gc,heap        ] GC(318)  def new generation   total 314560K, used 0K [0x00000000c0000000, 0x00000000d5550000, 0x00000000d5550000)
[18.663s][debug][gc,heap        ] GC(318)   eden space 279616K,   0% used [0x00000000c0000000, 0x00000000c0000000, 0x00000000d1110000)
[18.663s][debug][gc,heap        ] GC(318)   from space 34944K,   0% used [0x00000000d3330000, 0x00000000d3330000, 0x00000000d5550000)
[18.663s][debug][gc,heap        ] GC(318)   to   space 34944K,   0% used [0x00000000d1110000, 0x00000000d1110000, 0x00000000d3330000)
[18.663s][debug][gc,heap        ] GC(318)  tenured generation   total 699072K, used 200766K [0x00000000d5550000, 0x0000000100000000, 0x0000000100000000)
[18.663s][debug][gc,heap        ] GC(318)    the space 699072K,  28% used [0x00000000d5550000, 0x00000000e195fad8, 0x00000000e195fc00, 0x0000000100000000)
[18.663s][debug][gc,heap        ] GC(318)  Metaspace       used 6360K, committed 6528K, reserved 1114112K
[18.663s][debug][gc,heap        ] GC(318)   class space    used 546K, committed 640K, reserved 1048576K
[18.663s][info ][gc             ] GC(318) Pause Full (Allocation Failure) 888M->196M(989M) 37.407ms
[18.663s][info ][gc,cpu         ] GC(318) User=0.04s Sys=0.00s Real=0.04s
[18.663s][info ][safepoint      ] Safepoint "GenCollectForAllocation", Time since last: 36777074 ns, Reaching safepoint: 4401 ns, Cleanup: 4400 ns, At safepoint: 37650576 ns, Total: 37659377 ns
[18.696s][info ][gc,start       ] GC(319) Pause Young (Allocation Failure)
[18.696s][debug][gc,heap        ] GC(319) Heap before GC invocations=260 (full 59):
[18.696s][debug][gc,heap        ] GC(319)  def new generation   total 314560K, used 279616K [0x00000000c0000000, 0x00000000d5550000, 0x00000000d5550000)
[18.696s][debug][gc,heap        ] GC(319)   eden space 279616K, 100% used [0x00000000c0000000, 0x00000000d1110000, 0x00000000d1110000)
[18.696s][debug][gc,heap        ] GC(319)   from space 34944K,   0% used [0x00000000d3330000, 0x00000000d3330000, 0x00000000d5550000)
[18.696s][debug][gc,heap        ] GC(319)   to   space 34944K,   0% used [0x00000000d1110000, 0x00000000d1110000, 0x00000000d3330000)
[18.696s][debug][gc,heap        ] GC(319)  tenured generation   total 699072K, used 200766K [0x00000000d5550000, 0x0000000100000000, 0x0000000100000000)
[18.696s][debug][gc,heap        ] GC(319)    the space 699072K,  28% used [0x00000000d5550000, 0x00000000e195fad8, 0x00000000e195fc00, 0x0000000100000000)
[18.696s][debug][gc,heap        ] GC(319)  Metaspace       used 6360K, committed 6528K, reserved 1114112K
[18.696s][debug][gc,heap        ] GC(319)   class space    used 546K, committed 640K, reserved 1048576K
[18.720s][info ][gc,heap        ] GC(319) DefNew: 279616K(314560K)->34905K(314560K) Eden: 279616K(279616K)->0K(279616K) From: 0K(34944K)->34905K(34944K)
[18.720s][info ][gc,heap        ] GC(319) Tenured: 200766K(699072K)->315184K(699072K)
[18.720s][info ][gc,metaspace   ] GC(319) Metaspace: 6360K(6528K)->6360K(6528K) NonClass: 5814K(5888K)->5814K(5888K) Class: 546K(640K)->546K(640K)
[18.720s][debug][gc,heap        ] GC(319) Heap after GC invocations=261 (full 59):
[18.720s][debug][gc,heap        ] GC(319)  def new generation   total 314560K, used 34905K [0x00000000c0000000, 0x00000000d5550000, 0x00000000d5550000)
[18.720s][debug][gc,heap        ] GC(319)   eden space 279616K,   0% used [0x00000000c0000000, 0x00000000c0000000, 0x00000000d1110000)
[18.720s][debug][gc,heap        ] GC(319)   from space 34944K,  99% used [0x00000000d1110000, 0x00000000d33265d0, 0x00000000d3330000)
[18.720s][debug][gc,heap        ] GC(319)   to   space 34944K,   0% used [0x00000000d3330000, 0x00000000d3330000, 0x00000000d5550000)
[18.720s][debug][gc,heap        ] GC(319)  tenured generation   total 699072K, used 315184K [0x00000000d5550000, 0x0000000100000000, 0x0000000100000000)
[18.720s][debug][gc,heap        ] GC(319)    the space 699072K,  45% used [0x00000000d5550000, 0x00000000e891c258, 0x00000000e891c400, 0x0000000100000000)
[18.720s][debug][gc,heap        ] GC(319)  Metaspace       used 6360K, committed 6528K, reserved 1114112K
[18.720s][debug][gc,heap        ] GC(319)   class space    used 546K, committed 640K, reserved 1048576K
[18.720s][info ][gc             ] GC(319) Pause Young (Allocation Failure) 469M->341M(989M) 23.930ms
[18.720s][info ][gc,cpu         ] GC(319) User=0.02s Sys=0.00s Real=0.02s
[18.720s][info ][safepoint      ] Safepoint "GenCollectForAllocation", Time since last: 32892267 ns, Reaching safepoint: 3300 ns, Cleanup: 3900 ns, At safepoint: 23956049 ns, Total: 23963249 ns
[18.752s][info ][gc,start       ] GC(320) Pause Young (Allocation Failure)
[18.752s][debug][gc,heap        ] GC(320) Heap before GC invocations=261 (full 59):
[18.752s][debug][gc,heap        ] GC(320)  def new generation   total 314560K, used 314521K [0x00000000c0000000, 0x00000000d5550000, 0x00000000d5550000)
[18.752s][debug][gc,heap        ] GC(320)   eden space 279616K, 100% used [0x00000000c0000000, 0x00000000d1110000, 0x00000000d1110000)
[18.752s][debug][gc,heap        ] GC(320)   from space 34944K,  99% used [0x00000000d1110000, 0x00000000d33265d0, 0x00000000d3330000)
[18.752s][debug][gc,heap        ] GC(320)   to   space 34944K,   0% used [0x00000000d3330000, 0x00000000d3330000, 0x00000000d5550000)
[18.752s][debug][gc,heap        ] GC(320)  tenured generation   total 699072K, used 315184K [0x00000000d5550000, 0x0000000100000000, 0x0000000100000000)
[18.752s][debug][gc,heap        ] GC(320)    the space 699072K,  45% used [0x00000000d5550000, 0x00000000e891c258, 0x00000000e891c400, 0x0000000100000000)
[18.752s][debug][gc,heap        ] GC(320)  Metaspace       used 6360K, committed 6528K, reserved 1114112K
[18.752s][debug][gc,heap        ] GC(320)   class space    used 546K, committed 640K, reserved 1048576K
[18.778s][info ][gc,heap        ] GC(320) DefNew: 314521K(314560K)->34905K(314560K) Eden: 279616K(279616K)->0K(279616K) From: 34905K(34944K)->34905K(34944K)
[18.778s][info ][gc,heap        ] GC(320) Tenured: 315184K(699072K)->438103K(699072K)
[18.778s][info ][gc,metaspace   ] GC(320) Metaspace: 6360K(6528K)->6360K(6528K) NonClass: 5814K(5888K)->5814K(5888K) Class: 546K(640K)->546K(640K)
[18.778s][debug][gc,heap        ] GC(320) Heap after GC invocations=262 (full 59):
[18.778s][debug][gc,heap        ] GC(320)  def new generation   total 314560K, used 34905K [0x00000000c0000000, 0x00000000d5550000, 0x00000000d5550000)
[18.778s][debug][gc,heap        ] GC(320)   eden space 279616K,   0% used [0x00000000c0000000, 0x00000000c0000000, 0x00000000d1110000)
[18.778s][debug][gc,heap        ] GC(320)   from space 34944K,  99% used [0x00000000d3330000, 0x00000000d55465d0, 0x00000000d5550000)
[18.778s][debug][gc,heap        ] GC(320)   to   space 34944K,   0% used [0x00000000d1110000, 0x00000000d1110000, 0x00000000d3330000)
[18.778s][debug][gc,heap        ] GC(320)  tenured generation   total 699072K, used 438103K [0x00000000d5550000, 0x0000000100000000, 0x0000000100000000)
[18.778s][debug][gc,heap        ] GC(320)    the space 699072K,  62% used [0x00000000d5550000, 0x00000000f0125f28, 0x00000000f0126000, 0x0000000100000000)
[18.778s][debug][gc,heap        ] GC(320)  Metaspace       used 6360K, committed 6528K, reserved 1114112K
[18.778s][debug][gc,heap        ] GC(320)   class space    used 546K, committed 640K, reserved 1048576K
[18.778s][info ][gc             ] GC(320) Pause Young (Allocation Failure) 614M->461M(989M) 26.128ms
[18.778s][info ][gc,cpu         ] GC(320) User=0.02s Sys=0.00s Real=0.02s
[18.778s][info ][safepoint      ] Safepoint "GenCollectForAllocation", Time since last: 32019165 ns, Reaching safepoint: 3200 ns, Cleanup: 3300 ns, At safepoint: 26152753 ns, Total: 26159253 ns
[18.810s][info ][gc,start       ] GC(321) Pause Young (Allocation Failure)
[18.810s][debug][gc,heap        ] GC(321) Heap before GC invocations=262 (full 59):
[18.810s][debug][gc,heap        ] GC(321)  def new generation   total 314560K, used 314521K [0x00000000c0000000, 0x00000000d5550000, 0x00000000d5550000)
[18.810s][debug][gc,heap        ] GC(321)   eden space 279616K, 100% used [0x00000000c0000000, 0x00000000d1110000, 0x00000000d1110000)
[18.810s][debug][gc,heap        ] GC(321)   from space 34944K,  99% used [0x00000000d3330000, 0x00000000d55465d0, 0x00000000d5550000)
[18.810s][debug][gc,heap        ] GC(321)   to   space 34944K,   0% used [0x00000000d1110000, 0x00000000d1110000, 0x00000000d3330000)
[18.810s][debug][gc,heap        ] GC(321)  tenured generation   total 699072K, used 438103K [0x00000000d5550000, 0x0000000100000000, 0x0000000100000000)
[18.810s][debug][gc,heap        ] GC(321)    the space 699072K,  62% used [0x00000000d5550000, 0x00000000f0125f28, 0x00000000f0126000, 0x0000000100000000)
[18.810s][debug][gc,heap        ] GC(321)  Metaspace       used 6360K, committed 6528K, reserved 1114112K
[18.810s][debug][gc,heap        ] GC(321)   class space    used 546K, committed 640K, reserved 1048576K
[18.837s][info ][gc,heap        ] GC(321) DefNew: 314521K(314560K)->34905K(314560K) Eden: 279616K(279616K)->0K(279616K) From: 34905K(34944K)->34905K(34944K)
[18.837s][info ][gc,heap        ] GC(321) Tenured: 438103K(699072K)->560422K(699072K)
[18.837s][info ][gc,metaspace   ] GC(321) Metaspace: 6360K(6528K)->6360K(6528K) NonClass: 5814K(5888K)->5814K(5888K) Class: 546K(640K)->546K(640K)
[18.837s][debug][gc,heap        ] GC(321) Heap after GC invocations=263 (full 59):
[18.837s][debug][gc,heap        ] GC(321)  def new generation   total 314560K, used 34905K [0x00000000c0000000, 0x00000000d5550000, 0x00000000d5550000)
[18.837s][debug][gc,heap        ] GC(321)   eden space 279616K,   0% used [0x00000000c0000000, 0x00000000c0000000, 0x00000000d1110000)
[18.837s][debug][gc,heap        ] GC(321)   from space 34944K,  99% used [0x00000000d1110000, 0x00000000d33265d0, 0x00000000d3330000)
[18.837s][debug][gc,heap        ] GC(321)   to   space 34944K,   0% used [0x00000000d3330000, 0x00000000d3330000, 0x00000000d5550000)
[18.837s][debug][gc,heap        ] GC(321)  tenured generation   total 699072K, used 560422K [0x00000000d5550000, 0x0000000100000000, 0x0000000100000000)
[18.837s][debug][gc,heap        ] GC(321)    the space 699072K,  80% used [0x00000000d5550000, 0x00000000f7899b98, 0x00000000f7899c00, 0x0000000100000000)
[18.837s][debug][gc,heap        ] GC(321)  Metaspace       used 6360K, committed 6528K, reserved 1114112K
[18.837s][debug][gc,heap        ] GC(321)   class space    used 546K, committed 640K, reserved 1048576K
[18.837s][info ][gc             ] GC(321) Pause Young (Allocation Failure) 734M->581M(989M) 26.563ms
[18.837s][info ][gc,cpu         ] GC(321) User=0.03s Sys=0.00s Real=0.03s
[18.837s][info ][safepoint      ] Safepoint "GenCollectForAllocation", Time since last: 32218465 ns, Reaching safepoint: 3200 ns, Cleanup: 4600 ns, At safepoint: 26587454 ns, Total: 26595254 ns
[18.869s][info ][gc,start       ] GC(322) Pause Young (Allocation Failure)
[18.869s][debug][gc,heap        ] GC(322) Heap before GC invocations=263 (full 59):
[18.869s][debug][gc,heap        ] GC(322)  def new generation   total 314560K, used 314521K [0x00000000c0000000, 0x00000000d5550000, 0x00000000d5550000)
[18.869s][debug][gc,heap        ] GC(322)   eden space 279616K, 100% used [0x00000000c0000000, 0x00000000d1110000, 0x00000000d1110000)
[18.869s][debug][gc,heap        ] GC(322)   from space 34944K,  99% used [0x00000000d1110000, 0x00000000d33265d0, 0x00000000d3330000)
[18.869s][debug][gc,heap        ] GC(322)   to   space 34944K,   0% used [0x00000000d3330000, 0x00000000d3330000, 0x00000000d5550000)
[18.869s][debug][gc,heap        ] GC(322)  tenured generation   total 699072K, used 560422K [0x00000000d5550000, 0x0000000100000000, 0x0000000100000000)
[18.869s][debug][gc,heap        ] GC(322)    the space 699072K,  80% used [0x00000000d5550000, 0x00000000f7899b98, 0x00000000f7899c00, 0x0000000100000000)
[18.869s][debug][gc,heap        ] GC(322)  Metaspace       used 6360K, committed 6528K, reserved 1114112K
[18.869s][debug][gc,heap        ] GC(322)   class space    used 546K, committed 640K, reserved 1048576K
[18.870s][debug][gc,heap        ] GC(322) Heap after GC invocations=264 (full 59):
[18.870s][debug][gc,heap        ] GC(322)  def new generation   total 314560K, used 314521K [0x00000000c0000000, 0x00000000d5550000, 0x00000000d5550000)
[18.870s][debug][gc,heap        ] GC(322)   eden space 279616K, 100% used [0x00000000c0000000, 0x00000000d1110000, 0x00000000d1110000)
[18.870s][debug][gc,heap        ] GC(322)   from space 34944K,  99% used [0x00000000d1110000, 0x00000000d33265d0, 0x00000000d3330000)
[18.870s][debug][gc,heap        ] GC(322)   to   space 34944K,   0% used [0x00000000d3330000, 0x00000000d3330000, 0x00000000d5550000)
[18.870s][debug][gc,heap        ] GC(322)  tenured generation   total 699072K, used 560422K [0x00000000d5550000, 0x0000000100000000, 0x0000000100000000)
[18.870s][debug][gc,heap        ] GC(322)    the space 699072K,  80% used [0x00000000d5550000, 0x00000000f7899b98, 0x00000000f7899c00, 0x0000000100000000)
[18.870s][debug][gc,heap        ] GC(322)  Metaspace       used 6360K, committed 6528K, reserved 1114112K
[18.870s][debug][gc,heap        ] GC(322)   class space    used 546K, committed 640K, reserved 1048576K
[18.870s][info ][gc             ] GC(322) Pause Young (Allocation Failure) 854M->854M(989M) 0.102ms
[18.870s][info ][gc,cpu         ] GC(322) User=0.00s Sys=0.00s Real=0.00s
[18.870s][info ][gc,start       ] GC(323) Pause Full (Allocation Failure)
[18.870s][debug][gc,heap        ] GC(323) Heap before GC invocations=264 (full 59):
[18.870s][debug][gc,heap        ] GC(323)  def new generation   total 314560K, used 314521K [0x00000000c0000000, 0x00000000d5550000, 0x00000000d5550000)
[18.870s][debug][gc,heap        ] GC(323)   eden space 279616K, 100% used [0x00000000c0000000, 0x00000000d1110000, 0x00000000d1110000)
[18.870s][debug][gc,heap        ] GC(323)   from space 34944K,  99% used [0x00000000d1110000, 0x00000000d33265d0, 0x00000000d3330000)
[18.870s][debug][gc,heap        ] GC(323)   to   space 34944K,   0% used [0x00000000d3330000, 0x00000000d3330000, 0x00000000d5550000)
[18.870s][debug][gc,heap        ] GC(323)  tenured generation   total 699072K, used 560422K [0x00000000d5550000, 0x0000000100000000, 0x0000000100000000)
[18.870s][debug][gc,heap        ] GC(323)    the space 699072K,  80% used [0x00000000d5550000, 0x00000000f7899b98, 0x00000000f7899c00, 0x0000000100000000)
[18.870s][debug][gc,heap        ] GC(323)  Metaspace       used 6360K, committed 6528K, reserved 1114112K
[18.870s][debug][gc,heap        ] GC(323)   class space    used 546K, committed 640K, reserved 1048576K
[18.870s][info ][gc,phases,start] GC(323) Phase 1: Mark live objects
[18.871s][info ][gc,phases      ] GC(323) Phase 1: Mark live objects 0.993ms
[18.871s][info ][gc,phases,start] GC(323) Phase 2: Compute new object addresses
[18.872s][info ][gc,phases      ] GC(323) Phase 2: Compute new object addresses 1.466ms
[18.872s][info ][gc,phases,start] GC(323) Phase 3: Adjust pointers
[18.873s][info ][gc,phases      ] GC(323) Phase 3: Adjust pointers 0.598ms
[18.873s][info ][gc,phases,start] GC(323) Phase 4: Move objects
[18.903s][info ][gc,phases      ] GC(323) Phase 4: Move objects 30.636ms
[18.904s][info ][gc,heap        ] GC(323) DefNew: 314521K(314560K)->0K(314560K) Eden: 279616K(279616K)->0K(279616K) From: 34905K(34944K)->0K(34944K)
[18.904s][info ][gc,heap        ] GC(323) Tenured: 560422K(699072K)->200766K(699072K)
[18.904s][info ][gc,metaspace   ] GC(323) Metaspace: 6360K(6528K)->6360K(6528K) NonClass: 5814K(5888K)->5814K(5888K) Class: 546K(640K)->546K(640K)
[18.904s][debug][gc,heap        ] GC(323) Heap after GC invocations=264 (full 60):
[18.904s][debug][gc,heap        ] GC(323)  def new generation   total 314560K, used 0K [0x00000000c0000000, 0x00000000d5550000, 0x00000000d5550000)
[18.904s][debug][gc,heap        ] GC(323)   eden space 279616K,   0% used [0x00000000c0000000, 0x00000000c0000000, 0x00000000d1110000)
[18.904s][debug][gc,heap        ] GC(323)   from space 34944K,   0% used [0x00000000d1110000, 0x00000000d1110000, 0x00000000d3330000)
[18.904s][debug][gc,heap        ] GC(323)   to   space 34944K,   0% used [0x00000000d3330000, 0x00000000d3330000, 0x00000000d5550000)
[18.904s][debug][gc,heap        ] GC(323)  tenured generation   total 699072K, used 200766K [0x00000000d5550000, 0x0000000100000000, 0x0000000100000000)
[18.904s][debug][gc,heap        ] GC(323)    the space 699072K,  28% used [0x00000000d5550000, 0x00000000e195fad8, 0x00000000e195fc00, 0x0000000100000000)
[18.904s][debug][gc,heap        ] GC(323)  Metaspace       used 6360K, committed 6528K, reserved 1114112K
[18.904s][debug][gc,heap        ] GC(323)   class space    used 546K, committed 640K, reserved 1048576K
[18.904s][info ][gc             ] GC(323) Pause Full (Allocation Failure) 854M->196M(989M) 34.287ms
[18.904s][info ][gc,cpu         ] GC(323) User=0.04s Sys=0.00s Real=0.04s
[18.904s][info ][safepoint      ] Safepoint "GenCollectForAllocation", Time since last: 32794867 ns, Reaching safepoint: 3100 ns, Cleanup: 3500 ns, At safepoint: 34421070 ns, Total: 34427670 ns
[18.941s][info ][gc,start       ] GC(324) Pause Young (Allocation Failure)
[18.941s][debug][gc,heap        ] GC(324) Heap before GC invocations=264 (full 60):
[18.941s][debug][gc,heap        ] GC(324)  def new generation   total 314560K, used 279616K [0x00000000c0000000, 0x00000000d5550000, 0x00000000d5550000)
[18.941s][debug][gc,heap        ] GC(324)   eden space 279616K, 100% used [0x00000000c0000000, 0x00000000d1110000, 0x00000000d1110000)
[18.941s][debug][gc,heap        ] GC(324)   from space 34944K,   0% used [0x00000000d1110000, 0x00000000d1110000, 0x00000000d3330000)
[18.941s][debug][gc,heap        ] GC(324)   to   space 34944K,   0% used [0x00000000d3330000, 0x00000000d3330000, 0x00000000d5550000)
[18.941s][debug][gc,heap        ] GC(324)  tenured generation   total 699072K, used 200766K [0x00000000d5550000, 0x0000000100000000, 0x0000000100000000)
[18.941s][debug][gc,heap        ] GC(324)    the space 699072K,  28% used [0x00000000d5550000, 0x00000000e195fad8, 0x00000000e195fc00, 0x0000000100000000)
[18.941s][debug][gc,heap        ] GC(324)  Metaspace       used 6360K, committed 6528K, reserved 1114112K
[18.941s][debug][gc,heap        ] GC(324)   class space    used 546K, committed 640K, reserved 1048576K
[18.965s][info ][gc,heap        ] GC(324) DefNew: 279616K(314560K)->34905K(314560K) Eden: 279616K(279616K)->0K(279616K) From: 0K(34944K)->34905K(34944K)
[18.965s][info ][gc,heap        ] GC(324) Tenured: 200766K(699072K)->315484K(699072K)
[18.965s][info ][gc,metaspace   ] GC(324) Metaspace: 6360K(6528K)->6360K(6528K) NonClass: 5814K(5888K)->5814K(5888K) Class: 546K(640K)->546K(640K)
[18.965s][debug][gc,heap        ] GC(324) Heap after GC invocations=265 (full 60):
[18.965s][debug][gc,heap        ] GC(324)  def new generation   total 314560K, used 34905K [0x00000000c0000000, 0x00000000d5550000, 0x00000000d5550000)
[18.965s][debug][gc,heap        ] GC(324)   eden space 279616K,   0% used [0x00000000c0000000, 0x00000000c0000000, 0x00000000d1110000)
[18.965s][debug][gc,heap        ] GC(324)   from space 34944K,  99% used [0x00000000d3330000, 0x00000000d55465d0, 0x00000000d5550000)
[18.965s][debug][gc,heap        ] GC(324)   to   space 34944K,   0% used [0x00000000d1110000, 0x00000000d1110000, 0x00000000d3330000)
[18.965s][debug][gc,heap        ] GC(324)  tenured generation   total 699072K, used 315484K [0x00000000d5550000, 0x0000000100000000, 0x0000000100000000)
[18.965s][debug][gc,heap        ] GC(324)    the space 699072K,  45% used [0x00000000d5550000, 0x00000000e8967288, 0x00000000e8967400, 0x0000000100000000)
[18.965s][debug][gc,heap        ] GC(324)  Metaspace       used 6360K, committed 6528K, reserved 1114112K
[18.965s][debug][gc,heap        ] GC(324)   class space    used 546K, committed 640K, reserved 1048576K
[18.965s][info ][gc             ] GC(324) Pause Young (Allocation Failure) 469M->342M(989M) 24.563ms
[18.965s][info ][gc,cpu         ] GC(324) User=0.03s Sys=0.00s Real=0.02s
[18.965s][info ][safepoint      ] Safepoint "GenCollectForAllocation", Time since last: 36750775 ns, Reaching safepoint: 4100 ns, Cleanup: 4900 ns, At safepoint: 24590550 ns, Total: 24599550 ns
[18.997s][info ][gc,start       ] GC(325) Pause Young (Allocation Failure)
[18.997s][debug][gc,heap        ] GC(325) Heap before GC invocations=265 (full 60):
[18.997s][debug][gc,heap        ] GC(325)  def new generation   total 314560K, used 314521K [0x00000000c0000000, 0x00000000d5550000, 0x00000000d5550000)
[18.997s][debug][gc,heap        ] GC(325)   eden space 279616K, 100% used [0x00000000c0000000, 0x00000000d1110000, 0x00000000d1110000)
[18.997s][debug][gc,heap        ] GC(325)   from space 34944K,  99% used [0x00000000d3330000, 0x00000000d55465d0, 0x00000000d5550000)
[18.997s][debug][gc,heap        ] GC(325)   to   space 34944K,   0% used [0x00000000d1110000, 0x00000000d1110000, 0x00000000d3330000)
[18.997s][debug][gc,heap        ] GC(325)  tenured generation   total 699072K, used 315484K [0x00000000d5550000, 0x0000000100000000, 0x0000000100000000)
[18.997s][debug][gc,heap        ] GC(325)    the space 699072K,  45% used [0x00000000d5550000, 0x00000000e8967288, 0x00000000e8967400, 0x0000000100000000)
[18.997s][debug][gc,heap        ] GC(325)  Metaspace       used 6360K, committed 6528K, reserved 1114112K
[18.997s][debug][gc,heap        ] GC(325)   class space    used 546K, committed 640K, reserved 1048576K
[19.025s][info ][gc,heap        ] GC(325) DefNew: 314521K(314560K)->34905K(314560K) Eden: 279616K(279616K)->0K(279616K) From: 34905K(34944K)->34905K(34944K)
[19.025s][info ][gc,heap        ] GC(325) Tenured: 315484K(699072K)->439103K(699072K)
[19.025s][info ][gc,metaspace   ] GC(325) Metaspace: 6360K(6528K)->6360K(6528K) NonClass: 5814K(5888K)->5814K(5888K) Class: 546K(640K)->546K(640K)
[19.025s][debug][gc,heap        ] GC(325) Heap after GC invocations=266 (full 60):
[19.025s][debug][gc,heap        ] GC(325)  def new generation   total 314560K, used 34905K [0x00000000c0000000, 0x00000000d5550000, 0x00000000d5550000)
[19.025s][debug][gc,heap        ] GC(325)   eden space 279616K,   0% used [0x00000000c0000000, 0x00000000c0000000, 0x00000000d1110000)
[19.025s][debug][gc,heap        ] GC(325)   from space 34944K,  99% used [0x00000000d1110000, 0x00000000d33265d0, 0x00000000d3330000)
[19.025s][debug][gc,heap        ] GC(325)   to   space 34944K,   0% used [0x00000000d3330000, 0x00000000d3330000, 0x00000000d5550000)
[19.025s][debug][gc,heap        ] GC(325)  tenured generation   total 699072K, used 439103K [0x00000000d5550000, 0x0000000100000000, 0x0000000100000000)
[19.026s][debug][gc,heap        ] GC(325)    the space 699072K,  62% used [0x00000000d5550000, 0x00000000f021ffc8, 0x00000000f0220000, 0x0000000100000000)
[19.026s][debug][gc,heap        ] GC(325)  Metaspace       used 6360K, committed 6528K, reserved 1114112K
[19.026s][debug][gc,heap        ] GC(325)   class space    used 546K, committed 640K, reserved 1048576K
[19.026s][info ][gc             ] GC(325) Pause Young (Allocation Failure) 615M->462M(989M) 28.152ms
[19.026s][info ][gc,cpu         ] GC(325) User=0.03s Sys=0.00s Real=0.03s
[19.026s][info ][safepoint      ] Safepoint "GenCollectForAllocation", Time since last: 32151965 ns, Reaching safepoint: 3100 ns, Cleanup: 3600 ns, At safepoint: 28176457 ns, Total: 28183157 ns
[19.059s][info ][gc,start       ] GC(326) Pause Young (Allocation Failure)
[19.060s][debug][gc,heap        ] GC(326) Heap before GC invocations=266 (full 60):
[19.060s][debug][gc,heap        ] GC(326)  def new generation   total 314560K, used 314521K [0x00000000c0000000, 0x00000000d5550000, 0x00000000d5550000)
[19.060s][debug][gc,heap        ] GC(326)   eden space 279616K, 100% used [0x00000000c0000000, 0x00000000d1110000, 0x00000000d1110000)
[19.060s][debug][gc,heap        ] GC(326)   from space 34944K,  99% used [0x00000000d1110000, 0x00000000d33265d0, 0x00000000d3330000)
[19.060s][debug][gc,heap        ] GC(326)   to   space 34944K,   0% used [0x00000000d3330000, 0x00000000d3330000, 0x00000000d5550000)
[19.060s][debug][gc,heap        ] GC(326)  tenured generation   total 699072K, used 439103K [0x00000000d5550000, 0x0000000100000000, 0x0000000100000000)
[19.060s][debug][gc,heap        ] GC(326)    the space 699072K,  62% used [0x00000000d5550000, 0x00000000f021ffc8, 0x00000000f0220000, 0x0000000100000000)
[19.060s][debug][gc,heap        ] GC(326)  Metaspace       used 6360K, committed 6528K, reserved 1114112K
[19.060s][debug][gc,heap        ] GC(326)   class space    used 546K, committed 640K, reserved 1048576K
[19.087s][info ][gc,heap        ] GC(326) DefNew: 314521K(314560K)->34905K(314560K) Eden: 279616K(279616K)->0K(279616K) From: 34905K(34944K)->34905K(34944K)
[19.087s][info ][gc,heap        ] GC(326) Tenured: 439103K(699072K)->562423K(699072K)
[19.087s][info ][gc,metaspace   ] GC(326) Metaspace: 6360K(6528K)->6360K(6528K) NonClass: 5814K(5888K)->5814K(5888K) Class: 546K(640K)->546K(640K)
[19.087s][debug][gc,heap        ] GC(326) Heap after GC invocations=267 (full 60):
[19.087s][debug][gc,heap        ] GC(326)  def new generation   total 314560K, used 34905K [0x00000000c0000000, 0x00000000d5550000, 0x00000000d5550000)
[19.087s][debug][gc,heap        ] GC(326)   eden space 279616K,   0% used [0x00000000c0000000, 0x00000000c0000000, 0x00000000d1110000)
[19.087s][debug][gc,heap        ] GC(326)   from space 34944K,  99% used [0x00000000d3330000, 0x00000000d55465d0, 0x00000000d5550000)
[19.087s][debug][gc,heap        ] GC(326)   to   space 34944K,   0% used [0x00000000d1110000, 0x00000000d1110000, 0x00000000d3330000)
[19.087s][debug][gc,heap        ] GC(326)  tenured generation   total 699072K, used 562423K [0x00000000d5550000, 0x0000000100000000, 0x0000000100000000)
[19.087s][debug][gc,heap        ] GC(326)    the space 699072K,  80% used [0x00000000d5550000, 0x00000000f7a8dcd8, 0x00000000f7a8de00, 0x0000000100000000)
[19.087s][debug][gc,heap        ] GC(326)  Metaspace       used 6360K, committed 6528K, reserved 1114112K
[19.087s][debug][gc,heap        ] GC(326)   class space    used 546K, committed 640K, reserved 1048576K
[19.087s][info ][gc             ] GC(326) Pause Young (Allocation Failure) 735M->583M(989M) 27.167ms
[19.087s][info ][gc,cpu         ] GC(326) User=0.03s Sys=0.00s Real=0.03s
[19.087s][info ][safepoint      ] Safepoint "GenCollectForAllocation", Time since last: 33924869 ns, Reaching safepoint: 3600 ns, Cleanup: 4100 ns, At safepoint: 27192155 ns, Total: 27199855 ns
[19.119s][info ][gc,start       ] GC(327) Pause Young (Allocation Failure)
[19.119s][debug][gc,heap        ] GC(327) Heap before GC invocations=267 (full 60):
[19.119s][debug][gc,heap        ] GC(327)  def new generation   total 314560K, used 314521K [0x00000000c0000000, 0x00000000d5550000, 0x00000000d5550000)
[19.119s][debug][gc,heap        ] GC(327)   eden space 279616K, 100% used [0x00000000c0000000, 0x00000000d1110000, 0x00000000d1110000)
[19.119s][debug][gc,heap        ] GC(327)   from space 34944K,  99% used [0x00000000d3330000, 0x00000000d55465d0, 0x00000000d5550000)
[19.119s][debug][gc,heap        ] GC(327)   to   space 34944K,   0% used [0x00000000d1110000, 0x00000000d1110000, 0x00000000d3330000)
[19.119s][debug][gc,heap        ] GC(327)  tenured generation   total 699072K, used 562423K [0x00000000d5550000, 0x0000000100000000, 0x0000000100000000)
[19.119s][debug][gc,heap        ] GC(327)    the space 699072K,  80% used [0x00000000d5550000, 0x00000000f7a8dcd8, 0x00000000f7a8de00, 0x0000000100000000)
[19.119s][debug][gc,heap        ] GC(327)  Metaspace       used 6360K, committed 6528K, reserved 1114112K
[19.119s][debug][gc,heap        ] GC(327)   class space    used 546K, committed 640K, reserved 1048576K
[19.119s][debug][gc,heap        ] GC(327) Heap after GC invocations=268 (full 60):
[19.119s][debug][gc,heap        ] GC(327)  def new generation   total 314560K, used 314521K [0x00000000c0000000, 0x00000000d5550000, 0x00000000d5550000)
[19.119s][debug][gc,heap        ] GC(327)   eden space 279616K, 100% used [0x00000000c0000000, 0x00000000d1110000, 0x00000000d1110000)
[19.119s][debug][gc,heap        ] GC(327)   from space 34944K,  99% used [0x00000000d3330000, 0x00000000d55465d0, 0x00000000d5550000)
[19.119s][debug][gc,heap        ] GC(327)   to   space 34944K,   0% used [0x00000000d1110000, 0x00000000d1110000, 0x00000000d3330000)
[19.119s][debug][gc,heap        ] GC(327)  tenured generation   total 699072K, used 562423K [0x00000000d5550000, 0x0000000100000000, 0x0000000100000000)
[19.119s][debug][gc,heap        ] GC(327)    the space 699072K,  80% used [0x00000000d5550000, 0x00000000f7a8dcd8, 0x00000000f7a8de00, 0x0000000100000000)
[19.119s][debug][gc,heap        ] GC(327)  Metaspace       used 6360K, committed 6528K, reserved 1114112K
[19.119s][debug][gc,heap        ] GC(327)   class space    used 546K, committed 640K, reserved 1048576K
[19.119s][info ][gc             ] GC(327) Pause Young (Allocation Failure) 856M->856M(989M) 0.099ms
[19.119s][info ][gc,cpu         ] GC(327) User=0.00s Sys=0.00s Real=0.00s
[19.119s][info ][gc,start       ] GC(328) Pause Full (Allocation Failure)
[19.119s][debug][gc,heap        ] GC(328) Heap before GC invocations=268 (full 60):
[19.119s][debug][gc,heap        ] GC(328)  def new generation   total 314560K, used 314521K [0x00000000c0000000, 0x00000000d5550000, 0x00000000d5550000)
[19.119s][debug][gc,heap        ] GC(328)   eden space 279616K, 100% used [0x00000000c0000000, 0x00000000d1110000, 0x00000000d1110000)
[19.119s][debug][gc,heap        ] GC(328)   from space 34944K,  99% used [0x00000000d3330000, 0x00000000d55465d0, 0x00000000d5550000)
[19.119s][debug][gc,heap        ] GC(328)   to   space 34944K,   0% used [0x00000000d1110000, 0x00000000d1110000, 0x00000000d3330000)
[19.119s][debug][gc,heap        ] GC(328)  tenured generation   total 699072K, used 562423K [0x00000000d5550000, 0x0000000100000000, 0x0000000100000000)
[19.119s][debug][gc,heap        ] GC(328)    the space 699072K,  80% used [0x00000000d5550000, 0x00000000f7a8dcd8, 0x00000000f7a8de00, 0x0000000100000000)
[19.119s][debug][gc,heap        ] GC(328)  Metaspace       used 6360K, committed 6528K, reserved 1114112K
[19.119s][debug][gc,heap        ] GC(328)   class space    used 546K, committed 640K, reserved 1048576K
[19.119s][info ][gc,phases,start] GC(328) Phase 1: Mark live objects
[19.120s][info ][gc,phases      ] GC(328) Phase 1: Mark live objects 0.901ms
[19.120s][info ][gc,phases,start] GC(328) Phase 2: Compute new object addresses
[19.121s][info ][gc,phases      ] GC(328) Phase 2: Compute new object addresses 1.230ms
[19.121s][info ][gc,phases,start] GC(328) Phase 3: Adjust pointers
[19.122s][info ][gc,phases      ] GC(328) Phase 3: Adjust pointers 0.639ms
[19.122s][info ][gc,phases,start] GC(328) Phase 4: Move objects
[19.153s][info ][gc,phases      ] GC(328) Phase 4: Move objects 31.016ms
[19.153s][info ][gc,heap        ] GC(328) DefNew: 314521K(314560K)->0K(314560K) Eden: 279616K(279616K)->0K(279616K) From: 34905K(34944K)->0K(34944K)
[19.153s][info ][gc,heap        ] GC(328) Tenured: 562423K(699072K)->232471K(699072K)
[19.153s][info ][gc,metaspace   ] GC(328) Metaspace: 6360K(6528K)->6360K(6528K) NonClass: 5814K(5888K)->5814K(5888K) Class: 546K(640K)->546K(640K)
[19.153s][debug][gc,heap        ] GC(328) Heap after GC invocations=268 (full 61):
[19.153s][debug][gc,heap        ] GC(328)  def new generation   total 314560K, used 0K [0x00000000c0000000, 0x00000000d5550000, 0x00000000d5550000)
[19.153s][debug][gc,heap        ] GC(328)   eden space 279616K,   0% used [0x00000000c0000000, 0x00000000c0000000, 0x00000000d1110000)
[19.153s][debug][gc,heap        ] GC(328)   from space 34944K,   0% used [0x00000000d3330000, 0x00000000d3330000, 0x00000000d5550000)
[19.153s][debug][gc,heap        ] GC(328)   to   space 34944K,   0% used [0x00000000d1110000, 0x00000000d1110000, 0x00000000d3330000)
[19.153s][debug][gc,heap        ] GC(328)  tenured generation   total 699072K, used 232471K [0x00000000d5550000, 0x0000000100000000, 0x0000000100000000)
[19.153s][debug][gc,heap        ] GC(328)    the space 699072K,  33% used [0x00000000d5550000, 0x00000000e3855ea8, 0x00000000e3856000, 0x0000000100000000)
[19.153s][debug][gc,heap        ] GC(328)  Metaspace       used 6360K, committed 6528K, reserved 1114112K
[19.153s][debug][gc,heap        ] GC(328)   class space    used 546K, committed 640K, reserved 1048576K
[19.153s][info ][gc             ] GC(328) Pause Full (Allocation Failure) 856M->227M(989M) 34.016ms
[19.153s][info ][gc,cpu         ] GC(328) User=0.04s Sys=0.00s Real=0.04s
[19.153s][info ][safepoint      ] Safepoint "GenCollectForAllocation", Time since last: 32391566 ns, Reaching safepoint: 3100 ns, Cleanup: 3700 ns, At safepoint: 34155670 ns, Total: 34162470 ns
[19.185s][info ][gc,start       ] GC(329) Pause Young (Allocation Failure)
[19.185s][debug][gc,heap        ] GC(329) Heap before GC invocations=268 (full 61):
[19.185s][debug][gc,heap        ] GC(329)  def new generation   total 314560K, used 279616K [0x00000000c0000000, 0x00000000d5550000, 0x00000000d5550000)
[19.185s][debug][gc,heap        ] GC(329)   eden space 279616K, 100% used [0x00000000c0000000, 0x00000000d1110000, 0x00000000d1110000)
[19.185s][debug][gc,heap        ] GC(329)   from space 34944K,   0% used [0x00000000d3330000, 0x00000000d3330000, 0x00000000d5550000)
[19.185s][debug][gc,heap        ] GC(329)   to   space 34944K,   0% used [0x00000000d1110000, 0x00000000d1110000, 0x00000000d3330000)
[19.185s][debug][gc,heap        ] GC(329)  tenured generation   total 699072K, used 232471K [0x00000000d5550000, 0x0000000100000000, 0x0000000100000000)
[19.185s][debug][gc,heap        ] GC(329)    the space 699072K,  33% used [0x00000000d5550000, 0x00000000e3855ea8, 0x00000000e3856000, 0x0000000100000000)
[19.185s][debug][gc,heap        ] GC(329)  Metaspace       used 6360K, committed 6528K, reserved 1114112K
[19.185s][debug][gc,heap        ] GC(329)   class space    used 546K, committed 640K, reserved 1048576K
[19.211s][info ][gc,heap        ] GC(329) DefNew: 279616K(314560K)->34905K(314560K) Eden: 279616K(279616K)->0K(279616K) From: 0K(34944K)->34905K(34944K)
[19.211s][info ][gc,heap        ] GC(329) Tenured: 232471K(699072K)->348989K(699072K)
[19.211s][info ][gc,metaspace   ] GC(329) Metaspace: 6360K(6528K)->6360K(6528K) NonClass: 5814K(5888K)->5814K(5888K) Class: 546K(640K)->546K(640K)
[19.211s][debug][gc,heap        ] GC(329) Heap after GC invocations=269 (full 61):
[19.211s][debug][gc,heap        ] GC(329)  def new generation   total 314560K, used 34905K [0x00000000c0000000, 0x00000000d5550000, 0x00000000d5550000)
[19.211s][debug][gc,heap        ] GC(329)   eden space 279616K,   0% used [0x00000000c0000000, 0x00000000c0000000, 0x00000000d1110000)
[19.211s][debug][gc,heap        ] GC(329)   from space 34944K,  99% used [0x00000000d1110000, 0x00000000d33265d0, 0x00000000d3330000)
[19.211s][debug][gc,heap        ] GC(329)   to   space 34944K,   0% used [0x00000000d3330000, 0x00000000d3330000, 0x00000000d5550000)
[19.211s][debug][gc,heap        ] GC(329)  tenured generation   total 699072K, used 348989K [0x00000000d5550000, 0x0000000100000000, 0x0000000100000000)
[19.211s][debug][gc,heap        ] GC(329)    the space 699072K,  49% used [0x00000000d5550000, 0x00000000eaa1f778, 0x00000000eaa1f800, 0x0000000100000000)
[19.211s][debug][gc,heap        ] GC(329)  Metaspace       used 6360K, committed 6528K, reserved 1114112K
[19.211s][debug][gc,heap        ] GC(329)   class space    used 546K, committed 640K, reserved 1048576K
[19.211s][info ][gc             ] GC(329) Pause Young (Allocation Failure) 500M->374M(989M) 26.129ms
[19.211s][info ][gc,cpu         ] GC(329) User=0.02s Sys=0.00s Real=0.03s
[19.211s][info ][safepoint      ] Safepoint "GenCollectForAllocation", Time since last: 31862864 ns, Reaching safepoint: 3000 ns, Cleanup: 3600 ns, At safepoint: 26152454 ns, Total: 26159054 ns
[19.244s][info ][gc,start       ] GC(330) Pause Young (Allocation Failure)
[19.244s][debug][gc,heap        ] GC(330) Heap before GC invocations=269 (full 61):
[19.244s][debug][gc,heap        ] GC(330)  def new generation   total 314560K, used 314521K [0x00000000c0000000, 0x00000000d5550000, 0x00000000d5550000)
[19.244s][debug][gc,heap        ] GC(330)   eden space 279616K, 100% used [0x00000000c0000000, 0x00000000d1110000, 0x00000000d1110000)
[19.244s][debug][gc,heap        ] GC(330)   from space 34944K,  99% used [0x00000000d1110000, 0x00000000d33265d0, 0x00000000d3330000)
[19.244s][debug][gc,heap        ] GC(330)   to   space 34944K,   0% used [0x00000000d3330000, 0x00000000d3330000, 0x00000000d5550000)
[19.244s][debug][gc,heap        ] GC(330)  tenured generation   total 699072K, used 348989K [0x00000000d5550000, 0x0000000100000000, 0x0000000100000000)
[19.244s][debug][gc,heap        ] GC(330)    the space 699072K,  49% used [0x00000000d5550000, 0x00000000eaa1f778, 0x00000000eaa1f800, 0x0000000100000000)
[19.244s][debug][gc,heap        ] GC(330)  Metaspace       used 6360K, committed 6528K, reserved 1114112K
[19.244s][debug][gc,heap        ] GC(330)   class space    used 546K, committed 640K, reserved 1048576K
[19.269s][info ][gc,heap        ] GC(330) DefNew: 314521K(314560K)->34905K(314560K) Eden: 279616K(279616K)->0K(279616K) From: 34905K(34944K)->34905K(34944K)
[19.269s][info ][gc,heap        ] GC(330) Tenured: 348989K(699072K)->471809K(699072K)
[19.269s][info ][gc,metaspace   ] GC(330) Metaspace: 6360K(6528K)->6360K(6528K) NonClass: 5814K(5888K)->5814K(5888K) Class: 546K(640K)->546K(640K)
[19.269s][debug][gc,heap        ] GC(330) Heap after GC invocations=270 (full 61):
[19.269s][debug][gc,heap        ] GC(330)  def new generation   total 314560K, used 34905K [0x00000000c0000000, 0x00000000d5550000, 0x00000000d5550000)
[19.269s][debug][gc,heap        ] GC(330)   eden space 279616K,   0% used [0x00000000c0000000, 0x00000000c0000000, 0x00000000d1110000)
[19.269s][debug][gc,heap        ] GC(330)   from space 34944K,  99% used [0x00000000d3330000, 0x00000000d55465d0, 0x00000000d5550000)
[19.269s][debug][gc,heap        ] GC(330)   to   space 34944K,   0% used [0x00000000d1110000, 0x00000000d1110000, 0x00000000d3330000)
[19.269s][debug][gc,heap        ] GC(330)  tenured generation   total 699072K, used 471809K [0x00000000d5550000, 0x0000000100000000, 0x0000000100000000)
[19.269s][debug][gc,heap        ] GC(330)    the space 699072K,  67% used [0x00000000d5550000, 0x00000000f2210438, 0x00000000f2210600, 0x0000000100000000)
[19.269s][debug][gc,heap        ] GC(330)  Metaspace       used 6360K, committed 6528K, reserved 1114112K
[19.269s][debug][gc,heap        ] GC(330)   class space    used 546K, committed 640K, reserved 1048576K
[19.269s][info ][gc             ] GC(330) Pause Young (Allocation Failure) 647M->494M(989M) 25.043ms
[19.269s][info ][gc,cpu         ] GC(330) User=0.02s Sys=0.00s Real=0.02s
[19.269s][info ][safepoint      ] Safepoint "GenCollectForAllocation", Time since last: 32289365 ns, Reaching safepoint: 2900 ns, Cleanup: 3400 ns, At safepoint: 25065751 ns, Total: 25072051 ns
[19.303s][info ][gc,start       ] GC(331) Pause Young (Allocation Failure)
[19.303s][debug][gc,heap        ] GC(331) Heap before GC invocations=270 (full 61):
[19.303s][debug][gc,heap        ] GC(331)  def new generation   total 314560K, used 314521K [0x00000000c0000000, 0x00000000d5550000, 0x00000000d5550000)
[19.303s][debug][gc,heap        ] GC(331)   eden space 279616K, 100% used [0x00000000c0000000, 0x00000000d1110000, 0x00000000d1110000)
[19.303s][debug][gc,heap        ] GC(331)   from space 34944K,  99% used [0x00000000d3330000, 0x00000000d55465d0, 0x00000000d5550000)
[19.303s][debug][gc,heap        ] GC(331)   to   space 34944K,   0% used [0x00000000d1110000, 0x00000000d1110000, 0x00000000d3330000)
[19.303s][debug][gc,heap        ] GC(331)  tenured generation   total 699072K, used 471809K [0x00000000d5550000, 0x0000000100000000, 0x0000000100000000)
[19.303s][debug][gc,heap        ] GC(331)    the space 699072K,  67% used [0x00000000d5550000, 0x00000000f2210438, 0x00000000f2210600, 0x0000000100000000)
[19.303s][debug][gc,heap        ] GC(331)  Metaspace       used 6360K, committed 6528K, reserved 1114112K
[19.303s][debug][gc,heap        ] GC(331)   class space    used 546K, committed 640K, reserved 1048576K
[19.328s][info ][gc,heap        ] GC(331) DefNew: 314521K(314560K)->34905K(314560K) Eden: 279616K(279616K)->0K(279616K) From: 34905K(34944K)->34905K(34944K)
[19.328s][info ][gc,heap        ] GC(331) Tenured: 471809K(699072K)->594628K(699072K)
[19.328s][info ][gc,metaspace   ] GC(331) Metaspace: 6360K(6528K)->6360K(6528K) NonClass: 5814K(5888K)->5814K(5888K) Class: 546K(640K)->546K(640K)
[19.328s][debug][gc,heap        ] GC(331) Heap after GC invocations=271 (full 61):
[19.328s][debug][gc,heap        ] GC(331)  def new generation   total 314560K, used 34905K [0x00000000c0000000, 0x00000000d5550000, 0x00000000d5550000)
[19.328s][debug][gc,heap        ] GC(331)   eden space 279616K,   0% used [0x00000000c0000000, 0x00000000c0000000, 0x00000000d1110000)
[19.328s][debug][gc,heap        ] GC(331)   from space 34944K,  99% used [0x00000000d1110000, 0x00000000d33265d0, 0x00000000d3330000)
[19.328s][debug][gc,heap        ] GC(331)   to   space 34944K,   0% used [0x00000000d3330000, 0x00000000d3330000, 0x00000000d5550000)
[19.328s][debug][gc,heap        ] GC(331)  tenured generation   total 699072K, used 594628K [0x00000000d5550000, 0x0000000100000000, 0x0000000100000000)
[19.328s][debug][gc,heap        ] GC(331)    the space 699072K,  85% used [0x00000000d5550000, 0x00000000f9a010f8, 0x00000000f9a01200, 0x0000000100000000)
[19.328s][debug][gc,heap        ] GC(331)  Metaspace       used 6360K, committed 6528K, reserved 1114112K
[19.328s][debug][gc,heap        ] GC(331)   class space    used 546K, committed 640K, reserved 1048576K
[19.328s][info ][gc             ] GC(331) Pause Young (Allocation Failure) 767M->614M(989M) 25.769ms
[19.328s][info ][gc,cpu         ] GC(331) User=0.02s Sys=0.00s Real=0.02s
[19.328s][info ][safepoint      ] Safepoint "GenCollectForAllocation", Time since last: 33912969 ns, Reaching safepoint: 3200 ns, Cleanup: 3800 ns, At safepoint: 25794253 ns, Total: 25801253 ns
[19.360s][info ][gc,start       ] GC(332) Pause Young (Allocation Failure)
[19.360s][debug][gc,heap        ] GC(332) Heap before GC invocations=271 (full 61):
[19.360s][debug][gc,heap        ] GC(332)  def new generation   total 314560K, used 314521K [0x00000000c0000000, 0x00000000d5550000, 0x00000000d5550000)
[19.360s][debug][gc,heap        ] GC(332)   eden space 279616K, 100% used [0x00000000c0000000, 0x00000000d1110000, 0x00000000d1110000)
[19.360s][debug][gc,heap        ] GC(332)   from space 34944K,  99% used [0x00000000d1110000, 0x00000000d33265d0, 0x00000000d3330000)
[19.360s][debug][gc,heap        ] GC(332)   to   space 34944K,   0% used [0x00000000d3330000, 0x00000000d3330000, 0x00000000d5550000)
[19.360s][debug][gc,heap        ] GC(332)  tenured generation   total 699072K, used 594628K [0x00000000d5550000, 0x0000000100000000, 0x0000000100000000)
[19.360s][debug][gc,heap        ] GC(332)    the space 699072K,  85% used [0x00000000d5550000, 0x00000000f9a010f8, 0x00000000f9a01200, 0x0000000100000000)
[19.360s][debug][gc,heap        ] GC(332)  Metaspace       used 6360K, committed 6528K, reserved 1114112K
[19.360s][debug][gc,heap        ] GC(332)   class space    used 546K, committed 640K, reserved 1048576K
[19.360s][debug][gc,heap        ] GC(332) Heap after GC invocations=272 (full 61):
[19.360s][debug][gc,heap        ] GC(332)  def new generation   total 314560K, used 314521K [0x00000000c0000000, 0x00000000d5550000, 0x00000000d5550000)
[19.360s][debug][gc,heap        ] GC(332)   eden space 279616K, 100% used [0x00000000c0000000, 0x00000000d1110000, 0x00000000d1110000)
[19.360s][debug][gc,heap        ] GC(332)   from space 34944K,  99% used [0x00000000d1110000, 0x00000000d33265d0, 0x00000000d3330000)
[19.360s][debug][gc,heap        ] GC(332)   to   space 34944K,   0% used [0x00000000d3330000, 0x00000000d3330000, 0x00000000d5550000)
[19.360s][debug][gc,heap        ] GC(332)  tenured generation   total 699072K, used 594628K [0x00000000d5550000, 0x0000000100000000, 0x0000000100000000)
[19.360s][debug][gc,heap        ] GC(332)    the space 699072K,  85% used [0x00000000d5550000, 0x00000000f9a010f8, 0x00000000f9a01200, 0x0000000100000000)
[19.360s][debug][gc,heap        ] GC(332)  Metaspace       used 6360K, committed 6528K, reserved 1114112K
[19.360s][debug][gc,heap        ] GC(332)   class space    used 546K, committed 640K, reserved 1048576K
[19.360s][info ][gc             ] GC(332) Pause Young (Allocation Failure) 887M->887M(989M) 0.091ms
[19.360s][info ][gc,cpu         ] GC(332) User=0.00s Sys=0.00s Real=0.00s
[19.360s][info ][gc,start       ] GC(333) Pause Full (Allocation Failure)
[19.360s][debug][gc,heap        ] GC(333) Heap before GC invocations=272 (full 61):
[19.360s][debug][gc,heap        ] GC(333)  def new generation   total 314560K, used 314521K [0x00000000c0000000, 0x00000000d5550000, 0x00000000d5550000)
[19.360s][debug][gc,heap        ] GC(333)   eden space 279616K, 100% used [0x00000000c0000000, 0x00000000d1110000, 0x00000000d1110000)
[19.360s][debug][gc,heap        ] GC(333)   from space 34944K,  99% used [0x00000000d1110000, 0x00000000d33265d0, 0x00000000d3330000)
[19.360s][debug][gc,heap        ] GC(333)   to   space 34944K,   0% used [0x00000000d3330000, 0x00000000d3330000, 0x00000000d5550000)
[19.360s][debug][gc,heap        ] GC(333)  tenured generation   total 699072K, used 594628K [0x00000000d5550000, 0x0000000100000000, 0x0000000100000000)
[19.360s][debug][gc,heap        ] GC(333)    the space 699072K,  85% used [0x00000000d5550000, 0x00000000f9a010f8, 0x00000000f9a01200, 0x0000000100000000)
[19.360s][debug][gc,heap        ] GC(333)  Metaspace       used 6360K, committed 6528K, reserved 1114112K
[19.360s][debug][gc,heap        ] GC(333)   class space    used 546K, committed 640K, reserved 1048576K
[19.360s][info ][gc,phases,start] GC(333) Phase 1: Mark live objects
[19.361s][info ][gc,phases      ] GC(333) Phase 1: Mark live objects 1.031ms
[19.361s][info ][gc,phases,start] GC(333) Phase 2: Compute new object addresses
[19.362s][info ][gc,phases      ] GC(333) Phase 2: Compute new object addresses 1.194ms
[19.362s][info ][gc,phases,start] GC(333) Phase 3: Adjust pointers
[19.363s][info ][gc,phases      ] GC(333) Phase 3: Adjust pointers 0.597ms
[19.363s][info ][gc,phases,start] GC(333) Phase 4: Move objects
[19.394s][info ][gc,phases      ] GC(333) Phase 4: Move objects 30.535ms
[19.394s][info ][gc,heap        ] GC(333) DefNew: 314521K(314560K)->0K(314560K) Eden: 279616K(279616K)->0K(279616K) From: 34905K(34944K)->0K(34944K)
[19.394s][info ][gc,heap        ] GC(333) Tenured: 594628K(699072K)->200766K(699072K)
[19.394s][info ][gc,metaspace   ] GC(333) Metaspace: 6360K(6528K)->6360K(6528K) NonClass: 5814K(5888K)->5814K(5888K) Class: 546K(640K)->546K(640K)
[19.394s][debug][gc,heap        ] GC(333) Heap after GC invocations=272 (full 62):
[19.394s][debug][gc,heap        ] GC(333)  def new generation   total 314560K, used 0K [0x00000000c0000000, 0x00000000d5550000, 0x00000000d5550000)
[19.394s][debug][gc,heap        ] GC(333)   eden space 279616K,   0% used [0x00000000c0000000, 0x00000000c0000000, 0x00000000d1110000)
[19.394s][debug][gc,heap        ] GC(333)   from space 34944K,   0% used [0x00000000d1110000, 0x00000000d1110000, 0x00000000d3330000)
[19.394s][debug][gc,heap        ] GC(333)   to   space 34944K,   0% used [0x00000000d3330000, 0x00000000d3330000, 0x00000000d5550000)
[19.394s][debug][gc,heap        ] GC(333)  tenured generation   total 699072K, used 200766K [0x00000000d5550000, 0x0000000100000000, 0x0000000100000000)
[19.394s][debug][gc,heap        ] GC(333)    the space 699072K,  28% used [0x00000000d5550000, 0x00000000e195fad8, 0x00000000e195fc00, 0x0000000100000000)
[19.394s][debug][gc,heap        ] GC(333)  Metaspace       used 6360K, committed 6528K, reserved 1114112K
[19.394s][debug][gc,heap        ] GC(333)   class space    used 546K, committed 640K, reserved 1048576K
[19.394s][info ][gc             ] GC(333) Pause Full (Allocation Failure) 887M->196M(989M) 33.594ms
[19.394s][info ][gc,cpu         ] GC(333) User=0.04s Sys=0.00s Real=0.04s
[19.394s][info ][safepoint      ] Safepoint "GenCollectForAllocation", Time since last: 31718964 ns, Reaching safepoint: 2800 ns, Cleanup: 3500 ns, At safepoint: 33724269 ns, Total: 33730569 ns
[19.426s][info ][gc,start       ] GC(334) Pause Young (Allocation Failure)
[19.426s][debug][gc,heap        ] GC(334) Heap before GC invocations=272 (full 62):
[19.426s][debug][gc,heap        ] GC(334)  def new generation   total 314560K, used 279616K [0x00000000c0000000, 0x00000000d5550000, 0x00000000d5550000)
[19.426s][debug][gc,heap        ] GC(334)   eden space 279616K, 100% used [0x00000000c0000000, 0x00000000d1110000, 0x00000000d1110000)
[19.426s][debug][gc,heap        ] GC(334)   from space 34944K,   0% used [0x00000000d1110000, 0x00000000d1110000, 0x00000000d3330000)
[19.426s][debug][gc,heap        ] GC(334)   to   space 34944K,   0% used [0x00000000d3330000, 0x00000000d3330000, 0x00000000d5550000)
[19.426s][debug][gc,heap        ] GC(334)  tenured generation   total 699072K, used 200766K [0x00000000d5550000, 0x0000000100000000, 0x0000000100000000)
[19.426s][debug][gc,heap        ] GC(334)    the space 699072K,  28% used [0x00000000d5550000, 0x00000000e195fad8, 0x00000000e195fc00, 0x0000000100000000)
[19.426s][debug][gc,heap        ] GC(334)  Metaspace       used 6360K, committed 6528K, reserved 1114112K
[19.426s][debug][gc,heap        ] GC(334)   class space    used 546K, committed 640K, reserved 1048576K
[19.454s][info ][gc,heap        ] GC(334) DefNew: 279616K(314560K)->34905K(314560K) Eden: 279616K(279616K)->0K(279616K) From: 0K(34944K)->34905K(34944K)
[19.454s][info ][gc,heap        ] GC(334) Tenured: 200766K(699072K)->311684K(699072K)
[19.454s][info ][gc,metaspace   ] GC(334) Metaspace: 6360K(6528K)->6360K(6528K) NonClass: 5814K(5888K)->5814K(5888K) Class: 546K(640K)->546K(640K)
[19.454s][debug][gc,heap        ] GC(334) Heap after GC invocations=273 (full 62):
[19.454s][debug][gc,heap        ] GC(334)  def new generation   total 314560K, used 34905K [0x00000000c0000000, 0x00000000d5550000, 0x00000000d5550000)
[19.454s][debug][gc,heap        ] GC(334)   eden space 279616K,   0% used [0x00000000c0000000, 0x00000000c0000000, 0x00000000d1110000)
[19.454s][debug][gc,heap        ] GC(334)   from space 34944K,  99% used [0x00000000d3330000, 0x00000000d55465d0, 0x00000000d5550000)
[19.454s][debug][gc,heap        ] GC(334)   to   space 34944K,   0% used [0x00000000d1110000, 0x00000000d1110000, 0x00000000d3330000)
[19.454s][debug][gc,heap        ] GC(334)  tenured generation   total 699072K, used 311684K [0x00000000d5550000, 0x0000000100000000, 0x0000000100000000)
[19.454s][debug][gc,heap        ] GC(334)    the space 699072K,  44% used [0x00000000d5550000, 0x00000000e85b1028, 0x00000000e85b1200, 0x0000000100000000)
[19.454s][debug][gc,heap        ] GC(334)  Metaspace       used 6360K, committed 6528K, reserved 1114112K
[19.454s][debug][gc,heap        ] GC(334)   class space    used 546K, committed 640K, reserved 1048576K
[19.454s][info ][gc             ] GC(334) Pause Young (Allocation Failure) 469M->338M(989M) 28.358ms
[19.454s][info ][gc,cpu         ] GC(334) User=0.03s Sys=0.00s Real=0.03s
[19.454s][info ][safepoint      ] Safepoint "GenCollectForAllocation", Time since last: 31945765 ns, Reaching safepoint: 2800 ns, Cleanup: 3500 ns, At safepoint: 28380857 ns, Total: 28387157 ns
[19.489s][info ][gc,start       ] GC(335) Pause Young (Allocation Failure)
[19.489s][debug][gc,heap        ] GC(335) Heap before GC invocations=273 (full 62):
[19.489s][debug][gc,heap        ] GC(335)  def new generation   total 314560K, used 314521K [0x00000000c0000000, 0x00000000d5550000, 0x00000000d5550000)
[19.489s][debug][gc,heap        ] GC(335)   eden space 279616K, 100% used [0x00000000c0000000, 0x00000000d1110000, 0x00000000d1110000)
[19.489s][debug][gc,heap        ] GC(335)   from space 34944K,  99% used [0x00000000d3330000, 0x00000000d55465d0, 0x00000000d5550000)
[19.489s][debug][gc,heap        ] GC(335)   to   space 34944K,   0% used [0x00000000d1110000, 0x00000000d1110000, 0x00000000d3330000)
[19.489s][debug][gc,heap        ] GC(335)  tenured generation   total 699072K, used 311684K [0x00000000d5550000, 0x0000000100000000, 0x0000000100000000)
[19.489s][debug][gc,heap        ] GC(335)    the space 699072K,  44% used [0x00000000d5550000, 0x00000000e85b1028, 0x00000000e85b1200, 0x0000000100000000)
[19.489s][debug][gc,heap        ] GC(335)  Metaspace       used 6360K, committed 6528K, reserved 1114112K
[19.489s][debug][gc,heap        ] GC(335)   class space    used 546K, committed 640K, reserved 1048576K
[19.515s][info ][gc,heap        ] GC(335) DefNew: 314521K(314560K)->34905K(314560K) Eden: 279616K(279616K)->0K(279616K) From: 34905K(34944K)->34905K(34944K)
[19.515s][info ][gc,heap        ] GC(335) Tenured: 311684K(699072K)->436303K(699072K)
[19.515s][info ][gc,metaspace   ] GC(335) Metaspace: 6360K(6528K)->6360K(6528K) NonClass: 5814K(5888K)->5814K(5888K) Class: 546K(640K)->546K(640K)
[19.515s][debug][gc,heap        ] GC(335) Heap after GC invocations=274 (full 62):
[19.515s][debug][gc,heap        ] GC(335)  def new generation   total 314560K, used 34905K [0x00000000c0000000, 0x00000000d5550000, 0x00000000d5550000)
[19.515s][debug][gc,heap        ] GC(335)   eden space 279616K,   0% used [0x00000000c0000000, 0x00000000c0000000, 0x00000000d1110000)
[19.515s][debug][gc,heap        ] GC(335)   from space 34944K,  99% used [0x00000000d1110000, 0x00000000d33265d0, 0x00000000d3330000)
[19.515s][debug][gc,heap        ] GC(335)   to   space 34944K,   0% used [0x00000000d3330000, 0x00000000d3330000, 0x00000000d5550000)
[19.515s][debug][gc,heap        ] GC(335)  tenured generation   total 699072K, used 436303K [0x00000000d5550000, 0x0000000100000000, 0x0000000100000000)
[19.515s][debug][gc,heap        ] GC(335)    the space 699072K,  62% used [0x00000000d5550000, 0x00000000eff63e08, 0x00000000eff64000, 0x0000000100000000)
[19.515s][debug][gc,heap        ] GC(335)  Metaspace       used 6360K, committed 6528K, reserved 1114112K
[19.515s][debug][gc,heap        ] GC(335)   class space    used 546K, committed 640K, reserved 1048576K
[19.515s][info ][gc             ] GC(335) Pause Young (Allocation Failure) 611M->460M(989M) 26.355ms
[19.515s][info ][gc,cpu         ] GC(335) User=0.03s Sys=0.00s Real=0.03s
[19.515s][info ][safepoint      ] Safepoint "GenCollectForAllocation", Time since last: 34477070 ns, Reaching safepoint: 3400 ns, Cleanup: 3800 ns, At safepoint: 26379154 ns, Total: 26386354 ns
[19.554s][info ][gc,start       ] GC(336) Pause Young (Allocation Failure)
[19.554s][debug][gc,heap        ] GC(336) Heap before GC invocations=274 (full 62):
[19.554s][debug][gc,heap        ] GC(336)  def new generation   total 314560K, used 314521K [0x00000000c0000000, 0x00000000d5550000, 0x00000000d5550000)
[19.554s][debug][gc,heap        ] GC(336)   eden space 279616K, 100% used [0x00000000c0000000, 0x00000000d1110000, 0x00000000d1110000)
[19.554s][debug][gc,heap        ] GC(336)   from space 34944K,  99% used [0x00000000d1110000, 0x00000000d33265d0, 0x00000000d3330000)
[19.554s][debug][gc,heap        ] GC(336)   to   space 34944K,   0% used [0x00000000d3330000, 0x00000000d3330000, 0x00000000d5550000)
[19.554s][debug][gc,heap        ] GC(336)  tenured generation   total 699072K, used 436303K [0x00000000d5550000, 0x0000000100000000, 0x0000000100000000)
[19.554s][debug][gc,heap        ] GC(336)    the space 699072K,  62% used [0x00000000d5550000, 0x00000000eff63e08, 0x00000000eff64000, 0x0000000100000000)
[19.554s][debug][gc,heap        ] GC(336)  Metaspace       used 6360K, committed 6528K, reserved 1114112K
[19.554s][debug][gc,heap        ] GC(336)   class space    used 546K, committed 640K, reserved 1048576K
[19.584s][info ][gc,heap        ] GC(336) DefNew: 314521K(314560K)->34905K(314560K) Eden: 279616K(279616K)->0K(279616K) From: 34905K(34944K)->34905K(34944K)
[19.584s][info ][gc,heap        ] GC(336) Tenured: 436303K(699072K)->558922K(699072K)
[19.584s][info ][gc,metaspace   ] GC(336) Metaspace: 6360K(6528K)->6360K(6528K) NonClass: 5814K(5888K)->5814K(5888K) Class: 546K(640K)->546K(640K)
[19.584s][debug][gc,heap        ] GC(336) Heap after GC invocations=275 (full 62):
[19.584s][debug][gc,heap        ] GC(336)  def new generation   total 314560K, used 34905K [0x00000000c0000000, 0x00000000d5550000, 0x00000000d5550000)
[19.584s][debug][gc,heap        ] GC(336)   eden space 279616K,   0% used [0x00000000c0000000, 0x00000000c0000000, 0x00000000d1110000)
[19.584s][debug][gc,heap        ] GC(336)   from space 34944K,  99% used [0x00000000d3330000, 0x00000000d55465d0, 0x00000000d5550000)
[19.584s][debug][gc,heap        ] GC(336)   to   space 34944K,   0% used [0x00000000d1110000, 0x00000000d1110000, 0x00000000d3330000)
[19.584s][debug][gc,heap        ] GC(336)  tenured generation   total 699072K, used 558922K [0x00000000d5550000, 0x0000000100000000, 0x0000000100000000)
[19.584s][debug][gc,heap        ] GC(336)    the space 699072K,  79% used [0x00000000d5550000, 0x00000000f7722aa8, 0x00000000f7722c00, 0x0000000100000000)
[19.584s][debug][gc,heap        ] GC(336)  Metaspace       used 6360K, committed 6528K, reserved 1114112K
[19.584s][debug][gc,heap        ] GC(336)   class space    used 546K, committed 640K, reserved 1048576K
[19.584s][info ][gc             ] GC(336) Pause Young (Allocation Failure) 733M->579M(989M) 29.722ms
[19.584s][info ][gc,cpu         ] GC(336) User=0.03s Sys=0.00s Real=0.03s
[19.584s][info ][safepoint      ] Safepoint "GenCollectForAllocation", Time since last: 38946679 ns, Reaching safepoint: 3000 ns, Cleanup: 3800 ns, At safepoint: 29746861 ns, Total: 29753661 ns
[19.622s][info ][gc,start       ] GC(337) Pause Young (Allocation Failure)
[19.622s][debug][gc,heap        ] GC(337) Heap before GC invocations=275 (full 62):
[19.622s][debug][gc,heap        ] GC(337)  def new generation   total 314560K, used 314521K [0x00000000c0000000, 0x00000000d5550000, 0x00000000d5550000)
[19.622s][debug][gc,heap        ] GC(337)   eden space 279616K, 100% used [0x00000000c0000000, 0x00000000d1110000, 0x00000000d1110000)
[19.622s][debug][gc,heap        ] GC(337)   from space 34944K,  99% used [0x00000000d3330000, 0x00000000d55465d0, 0x00000000d5550000)
[19.622s][debug][gc,heap        ] GC(337)   to   space 34944K,   0% used [0x00000000d1110000, 0x00000000d1110000, 0x00000000d3330000)
[19.622s][debug][gc,heap        ] GC(337)  tenured generation   total 699072K, used 558922K [0x00000000d5550000, 0x0000000100000000, 0x0000000100000000)
[19.622s][debug][gc,heap        ] GC(337)    the space 699072K,  79% used [0x00000000d5550000, 0x00000000f7722aa8, 0x00000000f7722c00, 0x0000000100000000)
[19.622s][debug][gc,heap        ] GC(337)  Metaspace       used 6360K, committed 6528K, reserved 1114112K
[19.622s][debug][gc,heap        ] GC(337)   class space    used 546K, committed 640K, reserved 1048576K
[19.622s][debug][gc,heap        ] GC(337) Heap after GC invocations=276 (full 62):
[19.622s][debug][gc,heap        ] GC(337)  def new generation   total 314560K, used 314521K [0x00000000c0000000, 0x00000000d5550000, 0x00000000d5550000)
[19.622s][debug][gc,heap        ] GC(337)   eden space 279616K, 100% used [0x00000000c0000000, 0x00000000d1110000, 0x00000000d1110000)
[19.622s][debug][gc,heap        ] GC(337)   from space 34944K,  99% used [0x00000000d3330000, 0x00000000d55465d0, 0x00000000d5550000)
[19.622s][debug][gc,heap        ] GC(337)   to   space 34944K,   0% used [0x00000000d1110000, 0x00000000d1110000, 0x00000000d3330000)
[19.622s][debug][gc,heap        ] GC(337)  tenured generation   total 699072K, used 558922K [0x00000000d5550000, 0x0000000100000000, 0x0000000100000000)
[19.622s][debug][gc,heap        ] GC(337)    the space 699072K,  79% used [0x00000000d5550000, 0x00000000f7722aa8, 0x00000000f7722c00, 0x0000000100000000)
[19.622s][debug][gc,heap        ] GC(337)  Metaspace       used 6360K, committed 6528K, reserved 1114112K
[19.622s][debug][gc,heap        ] GC(337)   class space    used 546K, committed 640K, reserved 1048576K
[19.622s][info ][gc             ] GC(337) Pause Young (Allocation Failure) 852M->852M(989M) 0.107ms
[19.622s][info ][gc,cpu         ] GC(337) User=0.00s Sys=0.00s Real=0.00s
[19.622s][info ][gc,start       ] GC(338) Pause Full (Allocation Failure)
[19.622s][debug][gc,heap        ] GC(338) Heap before GC invocations=276 (full 62):
[19.622s][debug][gc,heap        ] GC(338)  def new generation   total 314560K, used 314521K [0x00000000c0000000, 0x00000000d5550000, 0x00000000d5550000)
[19.622s][debug][gc,heap        ] GC(338)   eden space 279616K, 100% used [0x00000000c0000000, 0x00000000d1110000, 0x00000000d1110000)
[19.622s][debug][gc,heap        ] GC(338)   from space 34944K,  99% used [0x00000000d3330000, 0x00000000d55465d0, 0x00000000d5550000)
[19.622s][debug][gc,heap        ] GC(338)   to   space 34944K,   0% used [0x00000000d1110000, 0x00000000d1110000, 0x00000000d3330000)
[19.622s][debug][gc,heap        ] GC(338)  tenured generation   total 699072K, used 558922K [0x00000000d5550000, 0x0000000100000000, 0x0000000100000000)
[19.622s][debug][gc,heap        ] GC(338)    the space 699072K,  79% used [0x00000000d5550000, 0x00000000f7722aa8, 0x00000000f7722c00, 0x0000000100000000)
[19.622s][debug][gc,heap        ] GC(338)  Metaspace       used 6360K, committed 6528K, reserved 1114112K
[19.622s][debug][gc,heap        ] GC(338)   class space    used 546K, committed 640K, reserved 1048576K
[19.622s][info ][gc,phases,start] GC(338) Phase 1: Mark live objects
[19.623s][info ][gc,phases      ] GC(338) Phase 1: Mark live objects 0.985ms
[19.623s][info ][gc,phases,start] GC(338) Phase 2: Compute new object addresses
[19.624s][info ][gc,phases      ] GC(338) Phase 2: Compute new object addresses 1.341ms
[19.624s][info ][gc,phases,start] GC(338) Phase 3: Adjust pointers
[19.625s][info ][gc,phases      ] GC(338) Phase 3: Adjust pointers 0.682ms
[19.625s][info ][gc,phases,start] GC(338) Phase 4: Move objects
[19.661s][info ][gc,phases      ] GC(338) Phase 4: Move objects 35.419ms
[19.661s][info ][gc,heap        ] GC(338) DefNew: 314521K(314560K)->0K(314560K) Eden: 279616K(279616K)->0K(279616K) From: 34905K(34944K)->0K(34944K)
[19.661s][info ][gc,heap        ] GC(338) Tenured: 558922K(699072K)->235472K(699072K)
[19.661s][info ][gc,metaspace   ] GC(338) Metaspace: 6360K(6528K)->6360K(6528K) NonClass: 5814K(5888K)->5814K(5888K) Class: 546K(640K)->546K(640K)
[19.661s][debug][gc,heap        ] GC(338) Heap after GC invocations=276 (full 63):
[19.661s][debug][gc,heap        ] GC(338)  def new generation   total 314560K, used 0K [0x00000000c0000000, 0x00000000d5550000, 0x00000000d5550000)
[19.661s][debug][gc,heap        ] GC(338)   eden space 279616K,   0% used [0x00000000c0000000, 0x00000000c0000000, 0x00000000d1110000)
[19.661s][debug][gc,heap        ] GC(338)   from space 34944K,   0% used [0x00000000d3330000, 0x00000000d3330000, 0x00000000d5550000)
[19.661s][debug][gc,heap        ] GC(338)   to   space 34944K,   0% used [0x00000000d1110000, 0x00000000d1110000, 0x00000000d3330000)
[19.661s][debug][gc,heap        ] GC(338)  tenured generation   total 699072K, used 235472K [0x00000000d5550000, 0x0000000100000000, 0x0000000100000000)
[19.661s][debug][gc,heap        ] GC(338)    the space 699072K,  33% used [0x00000000d5550000, 0x00000000e3b44088, 0x00000000e3b44200, 0x0000000100000000)
[19.661s][debug][gc,heap        ] GC(338)  Metaspace       used 6360K, committed 6528K, reserved 1114112K
[19.661s][debug][gc,heap        ] GC(338)   class space    used 546K, committed 640K, reserved 1048576K
[19.661s][info ][gc             ] GC(338) Pause Full (Allocation Failure) 852M->229M(989M) 38.714ms
[19.661s][info ][gc,cpu         ] GC(338) User=0.03s Sys=0.00s Real=0.04s
[19.661s][info ][safepoint      ] Safepoint "GenCollectForAllocation", Time since last: 38272477 ns, Reaching safepoint: 3900 ns, Cleanup: 4400 ns, At safepoint: 38856279 ns, Total: 38864579 ns
[19.699s][info ][gc,start       ] GC(339) Pause Young (Allocation Failure)
[19.699s][debug][gc,heap        ] GC(339) Heap before GC invocations=276 (full 63):
[19.699s][debug][gc,heap        ] GC(339)  def new generation   total 314560K, used 279616K [0x00000000c0000000, 0x00000000d5550000, 0x00000000d5550000)
[19.699s][debug][gc,heap        ] GC(339)   eden space 279616K, 100% used [0x00000000c0000000, 0x00000000d1110000, 0x00000000d1110000)
[19.699s][debug][gc,heap        ] GC(339)   from space 34944K,   0% used [0x00000000d3330000, 0x00000000d3330000, 0x00000000d5550000)
[19.699s][debug][gc,heap        ] GC(339)   to   space 34944K,   0% used [0x00000000d1110000, 0x00000000d1110000, 0x00000000d3330000)
[19.699s][debug][gc,heap        ] GC(339)  tenured generation   total 699072K, used 235472K [0x00000000d5550000, 0x0000000100000000, 0x0000000100000000)
[19.699s][debug][gc,heap        ] GC(339)    the space 699072K,  33% used [0x00000000d5550000, 0x00000000e3b44088, 0x00000000e3b44200, 0x0000000100000000)
[19.699s][debug][gc,heap        ] GC(339)  Metaspace       used 6360K, committed 6528K, reserved 1114112K
[19.699s][debug][gc,heap        ] GC(339)   class space    used 546K, committed 640K, reserved 1048576K
[19.729s][info ][gc,heap        ] GC(339) DefNew: 279616K(314560K)->34905K(314560K) Eden: 279616K(279616K)->0K(279616K) From: 0K(34944K)->34905K(34944K)
[19.729s][info ][gc,heap        ] GC(339) Tenured: 235472K(699072K)->352590K(699072K)
[19.729s][info ][gc,metaspace   ] GC(339) Metaspace: 6360K(6528K)->6360K(6528K) NonClass: 5814K(5888K)->5814K(5888K) Class: 546K(640K)->546K(640K)
[19.729s][debug][gc,heap        ] GC(339) Heap after GC invocations=277 (full 63):
[19.729s][debug][gc,heap        ] GC(339)  def new generation   total 314560K, used 34905K [0x00000000c0000000, 0x00000000d5550000, 0x00000000d5550000)
[19.729s][debug][gc,heap        ] GC(339)   eden space 279616K,   0% used [0x00000000c0000000, 0x00000000c0000000, 0x00000000d1110000)
[19.729s][debug][gc,heap        ] GC(339)   from space 34944K,  99% used [0x00000000d1110000, 0x00000000d33265d0, 0x00000000d3330000)
[19.729s][debug][gc,heap        ] GC(339)   to   space 34944K,   0% used [0x00000000d3330000, 0x00000000d3330000, 0x00000000d5550000)
[19.729s][debug][gc,heap        ] GC(339)  tenured generation   total 699072K, used 352590K [0x00000000d5550000, 0x0000000100000000, 0x0000000100000000)
[19.729s][debug][gc,heap        ] GC(339)    the space 699072K,  50% used [0x00000000d5550000, 0x00000000eada39b8, 0x00000000eada3a00, 0x0000000100000000)
[19.729s][debug][gc,heap        ] GC(339)  Metaspace       used 6360K, committed 6528K, reserved 1114112K
[19.729s][debug][gc,heap        ] GC(339)   class space    used 546K, committed 640K, reserved 1048576K
[19.729s][info ][gc             ] GC(339) Pause Young (Allocation Failure) 503M->378M(989M) 29.969ms
[19.729s][info ][gc,cpu         ] GC(339) User=0.03s Sys=0.00s Real=0.03s
[19.729s][info ][safepoint      ] Safepoint "GenCollectForAllocation", Time since last: 38269878 ns, Reaching safepoint: 4800 ns, Cleanup: 19800 ns, At safepoint: 29994561 ns, Total: 30019161 ns
[19.761s][info ][gc,start       ] GC(340) Pause Young (Allocation Failure)
[19.761s][debug][gc,heap        ] GC(340) Heap before GC invocations=277 (full 63):
[19.761s][debug][gc,heap        ] GC(340)  def new generation   total 314560K, used 314521K [0x00000000c0000000, 0x00000000d5550000, 0x00000000d5550000)
[19.761s][debug][gc,heap        ] GC(340)   eden space 279616K, 100% used [0x00000000c0000000, 0x00000000d1110000, 0x00000000d1110000)
[19.761s][debug][gc,heap        ] GC(340)   from space 34944K,  99% used [0x00000000d1110000, 0x00000000d33265d0, 0x00000000d3330000)
[19.761s][debug][gc,heap        ] GC(340)   to   space 34944K,   0% used [0x00000000d3330000, 0x00000000d3330000, 0x00000000d5550000)
[19.761s][debug][gc,heap        ] GC(340)  tenured generation   total 699072K, used 352590K [0x00000000d5550000, 0x0000000100000000, 0x0000000100000000)
[19.761s][debug][gc,heap        ] GC(340)    the space 699072K,  50% used [0x00000000d5550000, 0x00000000eada39b8, 0x00000000eada3a00, 0x0000000100000000)
[19.761s][debug][gc,heap        ] GC(340)  Metaspace       used 6360K, committed 6528K, reserved 1114112K
[19.761s][debug][gc,heap        ] GC(340)   class space    used 546K, committed 640K, reserved 1048576K
[19.787s][info ][gc,heap        ] GC(340) DefNew: 314521K(314560K)->34905K(314560K) Eden: 279616K(279616K)->0K(279616K) From: 34905K(34944K)->34905K(34944K)
[19.787s][info ][gc,heap        ] GC(340) Tenured: 352590K(699072K)->478510K(699072K)
[19.787s][info ][gc,metaspace   ] GC(340) Metaspace: 6360K(6528K)->6360K(6528K) NonClass: 5814K(5888K)->5814K(5888K) Class: 546K(640K)->546K(640K)
[19.787s][debug][gc,heap        ] GC(340) Heap after GC invocations=278 (full 63):
[19.787s][debug][gc,heap        ] GC(340)  def new generation   total 314560K, used 34905K [0x00000000c0000000, 0x00000000d5550000, 0x00000000d5550000)
[19.787s][debug][gc,heap        ] GC(340)   eden space 279616K,   0% used [0x00000000c0000000, 0x00000000c0000000, 0x00000000d1110000)
[19.787s][debug][gc,heap        ] GC(340)   from space 34944K,  99% used [0x00000000d3330000, 0x00000000d55465d0, 0x00000000d5550000)
[19.787s][debug][gc,heap        ] GC(340)   to   space 34944K,   0% used [0x00000000d1110000, 0x00000000d1110000, 0x00000000d3330000)
[19.787s][debug][gc,heap        ] GC(340)  tenured generation   total 699072K, used 478510K [0x00000000d5550000, 0x0000000100000000, 0x0000000100000000)
[19.787s][debug][gc,heap        ] GC(340)    the space 699072K,  68% used [0x00000000d5550000, 0x00000000f289b868, 0x00000000f289ba00, 0x0000000100000000)
[19.787s][debug][gc,heap        ] GC(340)  Metaspace       used 6360K, committed 6528K, reserved 1114112K
[19.787s][debug][gc,heap        ] GC(340)   class space    used 546K, committed 640K, reserved 1048576K
[19.787s][info ][gc             ] GC(340) Pause Young (Allocation Failure) 651M->501M(989M) 25.583ms
[19.787s][info ][gc,cpu         ] GC(340) User=0.03s Sys=0.00s Real=0.02s
[19.787s][info ][safepoint      ] Safepoint "GenCollectForAllocation", Time since last: 32289466 ns, Reaching safepoint: 2900 ns, Cleanup: 3600 ns, At safepoint: 25607452 ns, Total: 25613952 ns
[19.819s][info ][gc,start       ] GC(341) Pause Young (Allocation Failure)
[19.819s][debug][gc,heap        ] GC(341) Heap before GC invocations=278 (full 63):
[19.819s][debug][gc,heap        ] GC(341)  def new generation   total 314560K, used 314521K [0x00000000c0000000, 0x00000000d5550000, 0x00000000d5550000)
[19.819s][debug][gc,heap        ] GC(341)   eden space 279616K, 100% used [0x00000000c0000000, 0x00000000d1110000, 0x00000000d1110000)
[19.819s][debug][gc,heap        ] GC(341)   from space 34944K,  99% used [0x00000000d3330000, 0x00000000d55465d0, 0x00000000d5550000)
[19.819s][debug][gc,heap        ] GC(341)   to   space 34944K,   0% used [0x00000000d1110000, 0x00000000d1110000, 0x00000000d3330000)
[19.819s][debug][gc,heap        ] GC(341)  tenured generation   total 699072K, used 478510K [0x00000000d5550000, 0x0000000100000000, 0x0000000100000000)
[19.819s][debug][gc,heap        ] GC(341)    the space 699072K,  68% used [0x00000000d5550000, 0x00000000f289b868, 0x00000000f289ba00, 0x0000000100000000)
[19.819s][debug][gc,heap        ] GC(341)  Metaspace       used 6360K, committed 6528K, reserved 1114112K
[19.819s][debug][gc,heap        ] GC(341)   class space    used 546K, committed 640K, reserved 1048576K
[19.845s][info ][gc,heap        ] GC(341) DefNew: 314521K(314560K)->34905K(314560K) Eden: 279616K(279616K)->0K(279616K) From: 34905K(34944K)->34905K(34944K)
[19.845s][info ][gc,heap        ] GC(341) Tenured: 478510K(699072K)->601629K(699072K)
[19.845s][info ][gc,metaspace   ] GC(341) Metaspace: 6360K(6528K)->6360K(6528K) NonClass: 5814K(5888K)->5814K(5888K) Class: 546K(640K)->546K(640K)
[19.845s][debug][gc,heap        ] GC(341) Heap after GC invocations=279 (full 63):
[19.845s][debug][gc,heap        ] GC(341)  def new generation   total 314560K, used 34905K [0x00000000c0000000, 0x00000000d5550000, 0x00000000d5550000)
[19.845s][debug][gc,heap        ] GC(341)   eden space 279616K,   0% used [0x00000000c0000000, 0x00000000c0000000, 0x00000000d1110000)
[19.845s][debug][gc,heap        ] GC(341)   from space 34944K,  99% used [0x00000000d1110000, 0x00000000d33265d0, 0x00000000d3330000)
[19.845s][debug][gc,heap        ] GC(341)   to   space 34944K,   0% used [0x00000000d3330000, 0x00000000d3330000, 0x00000000d5550000)
[19.845s][debug][gc,heap        ] GC(341)  tenured generation   total 699072K, used 601629K [0x00000000d5550000, 0x0000000100000000, 0x0000000100000000)
[19.845s][debug][gc,heap        ] GC(341)    the space 699072K,  86% used [0x00000000d5550000, 0x00000000fa0d7558, 0x00000000fa0d7600, 0x0000000100000000)
[19.845s][debug][gc,heap        ] GC(341)  Metaspace       used 6360K, committed 6528K, reserved 1114112K
[19.845s][debug][gc,heap        ] GC(341)   class space    used 546K, committed 640K, reserved 1048576K
[19.845s][info ][gc             ] GC(341) Pause Young (Allocation Failure) 774M->621M(989M) 26.141ms
[19.845s][info ][gc,cpu         ] GC(341) User=0.03s Sys=0.00s Real=0.03s
[19.845s][info ][safepoint      ] Safepoint "GenCollectForAllocation", Time since last: 31847264 ns, Reaching safepoint: 2700 ns, Cleanup: 3800 ns, At safepoint: 26173954 ns, Total: 26180454 ns
[19.877s][info ][gc,start       ] GC(342) Pause Young (Allocation Failure)
[19.877s][debug][gc,heap        ] GC(342) Heap before GC invocations=279 (full 63):
[19.877s][debug][gc,heap        ] GC(342)  def new generation   total 314560K, used 314521K [0x00000000c0000000, 0x00000000d5550000, 0x00000000d5550000)
[19.877s][debug][gc,heap        ] GC(342)   eden space 279616K, 100% used [0x00000000c0000000, 0x00000000d1110000, 0x00000000d1110000)
[19.877s][debug][gc,heap        ] GC(342)   from space 34944K,  99% used [0x00000000d1110000, 0x00000000d33265d0, 0x00000000d3330000)
[19.877s][debug][gc,heap        ] GC(342)   to   space 34944K,   0% used [0x00000000d3330000, 0x00000000d3330000, 0x00000000d5550000)
[19.877s][debug][gc,heap        ] GC(342)  tenured generation   total 699072K, used 601629K [0x00000000d5550000, 0x0000000100000000, 0x0000000100000000)
[19.877s][debug][gc,heap        ] GC(342)    the space 699072K,  86% used [0x00000000d5550000, 0x00000000fa0d7558, 0x00000000fa0d7600, 0x0000000100000000)
[19.877s][debug][gc,heap        ] GC(342)  Metaspace       used 6360K, committed 6528K, reserved 1114112K
[19.877s][debug][gc,heap        ] GC(342)   class space    used 546K, committed 640K, reserved 1048576K
[19.877s][debug][gc,heap        ] GC(342) Heap after GC invocations=280 (full 63):
[19.877s][debug][gc,heap        ] GC(342)  def new generation   total 314560K, used 314521K [0x00000000c0000000, 0x00000000d5550000, 0x00000000d5550000)
[19.877s][debug][gc,heap        ] GC(342)   eden space 279616K, 100% used [0x00000000c0000000, 0x00000000d1110000, 0x00000000d1110000)
[19.877s][debug][gc,heap        ] GC(342)   from space 34944K,  99% used [0x00000000d1110000, 0x00000000d33265d0, 0x00000000d3330000)
[19.877s][debug][gc,heap        ] GC(342)   to   space 34944K,   0% used [0x00000000d3330000, 0x00000000d3330000, 0x00000000d5550000)
[19.877s][debug][gc,heap        ] GC(342)  tenured generation   total 699072K, used 601629K [0x00000000d5550000, 0x0000000100000000, 0x0000000100000000)
[19.877s][debug][gc,heap        ] GC(342)    the space 699072K,  86% used [0x00000000d5550000, 0x00000000fa0d7558, 0x00000000fa0d7600, 0x0000000100000000)
[19.877s][debug][gc,heap        ] GC(342)  Metaspace       used 6360K, committed 6528K, reserved 1114112K
[19.877s][debug][gc,heap        ] GC(342)   class space    used 546K, committed 640K, reserved 1048576K
[19.877s][info ][gc             ] GC(342) Pause Young (Allocation Failure) 894M->894M(989M) 0.091ms
[19.877s][info ][gc,cpu         ] GC(342) User=0.00s Sys=0.00s Real=0.00s
[19.877s][info ][gc,start       ] GC(343) Pause Full (Allocation Failure)
[19.877s][debug][gc,heap        ] GC(343) Heap before GC invocations=280 (full 63):
[19.877s][debug][gc,heap        ] GC(343)  def new generation   total 314560K, used 314521K [0x00000000c0000000, 0x00000000d5550000, 0x00000000d5550000)
[19.877s][debug][gc,heap        ] GC(343)   eden space 279616K, 100% used [0x00000000c0000000, 0x00000000d1110000, 0x00000000d1110000)
[19.877s][debug][gc,heap        ] GC(343)   from space 34944K,  99% used [0x00000000d1110000, 0x00000000d33265d0, 0x00000000d3330000)
[19.877s][debug][gc,heap        ] GC(343)   to   space 34944K,   0% used [0x00000000d3330000, 0x00000000d3330000, 0x00000000d5550000)
[19.877s][debug][gc,heap        ] GC(343)  tenured generation   total 699072K, used 601629K [0x00000000d5550000, 0x0000000100000000, 0x0000000100000000)
[19.877s][debug][gc,heap        ] GC(343)    the space 699072K,  86% used [0x00000000d5550000, 0x00000000fa0d7558, 0x00000000fa0d7600, 0x0000000100000000)
[19.877s][debug][gc,heap        ] GC(343)  Metaspace       used 6360K, committed 6528K, reserved 1114112K
[19.877s][debug][gc,heap        ] GC(343)   class space    used 546K, committed 640K, reserved 1048576K
[19.877s][info ][gc,phases,start] GC(343) Phase 1: Mark live objects
[19.878s][info ][gc,phases      ] GC(343) Phase 1: Mark live objects 0.896ms
[19.878s][info ][gc,phases,start] GC(343) Phase 2: Compute new object addresses
[19.879s][info ][gc,phases      ] GC(343) Phase 2: Compute new object addresses 1.208ms
[19.879s][info ][gc,phases,start] GC(343) Phase 3: Adjust pointers
[19.880s][info ][gc,phases      ] GC(343) Phase 3: Adjust pointers 0.606ms
[19.880s][info ][gc,phases,start] GC(343) Phase 4: Move objects
[19.911s][info ][gc,phases      ] GC(343) Phase 4: Move objects 30.860ms
[19.911s][info ][gc,heap        ] GC(343) DefNew: 314521K(314560K)->0K(314560K) Eden: 279616K(279616K)->0K(279616K) From: 34905K(34944K)->0K(34944K)
[19.911s][info ][gc,heap        ] GC(343) Tenured: 601629K(699072K)->200766K(699072K)
[19.911s][info ][gc,metaspace   ] GC(343) Metaspace: 6360K(6528K)->6360K(6528K) NonClass: 5814K(5888K)->5814K(5888K) Class: 546K(640K)->546K(640K)
[19.911s][debug][gc,heap        ] GC(343) Heap after GC invocations=280 (full 64):
[19.911s][debug][gc,heap        ] GC(343)  def new generation   total 314560K, used 0K [0x00000000c0000000, 0x00000000d5550000, 0x00000000d5550000)
[19.911s][debug][gc,heap        ] GC(343)   eden space 279616K,   0% used [0x00000000c0000000, 0x00000000c0000000, 0x00000000d1110000)
[19.911s][debug][gc,heap        ] GC(343)   from space 34944K,   0% used [0x00000000d1110000, 0x00000000d1110000, 0x00000000d3330000)
[19.911s][debug][gc,heap        ] GC(343)   to   space 34944K,   0% used [0x00000000d3330000, 0x00000000d3330000, 0x00000000d5550000)
[19.911s][debug][gc,heap        ] GC(343)  tenured generation   total 699072K, used 200766K [0x00000000d5550000, 0x0000000100000000, 0x0000000100000000)
[19.911s][debug][gc,heap        ] GC(343)    the space 699072K,  28% used [0x00000000d5550000, 0x00000000e195fad8, 0x00000000e195fc00, 0x0000000100000000)
[19.911s][debug][gc,heap        ] GC(343)  Metaspace       used 6360K, committed 6528K, reserved 1114112K
[19.911s][debug][gc,heap        ] GC(343)   class space    used 546K, committed 640K, reserved 1048576K
[19.911s][info ][gc             ] GC(343) Pause Full (Allocation Failure) 894M->196M(989M) 33.813ms
[19.911s][info ][gc,cpu         ] GC(343) User=0.03s Sys=0.00s Real=0.04s
[19.911s][info ][safepoint      ] Safepoint "GenCollectForAllocation", Time since last: 31992665 ns, Reaching safepoint: 3200 ns, Cleanup: 4000 ns, At safepoint: 33935269 ns, Total: 33942469 ns
[19.946s][info ][gc,start       ] GC(344) Pause Young (Allocation Failure)
[19.946s][debug][gc,heap        ] GC(344) Heap before GC invocations=280 (full 64):
[19.946s][debug][gc,heap        ] GC(344)  def new generation   total 314560K, used 279616K [0x00000000c0000000, 0x00000000d5550000, 0x00000000d5550000)
[19.946s][debug][gc,heap        ] GC(344)   eden space 279616K, 100% used [0x00000000c0000000, 0x00000000d1110000, 0x00000000d1110000)
[19.946s][debug][gc,heap        ] GC(344)   from space 34944K,   0% used [0x00000000d1110000, 0x00000000d1110000, 0x00000000d3330000)
[19.946s][debug][gc,heap        ] GC(344)   to   space 34944K,   0% used [0x00000000d3330000, 0x00000000d3330000, 0x00000000d5550000)
[19.946s][debug][gc,heap        ] GC(344)  tenured generation   total 699072K, used 200766K [0x00000000d5550000, 0x0000000100000000, 0x0000000100000000)
[19.946s][debug][gc,heap        ] GC(344)    the space 699072K,  28% used [0x00000000d5550000, 0x00000000e195fad8, 0x00000000e195fc00, 0x0000000100000000)
[19.946s][debug][gc,heap        ] GC(344)  Metaspace       used 6360K, committed 6528K, reserved 1114112K
[19.946s][debug][gc,heap        ] GC(344)   class space    used 546K, committed 640K, reserved 1048576K
[19.970s][info ][gc,heap        ] GC(344) DefNew: 279616K(314560K)->34905K(314560K) Eden: 279616K(279616K)->0K(279616K) From: 0K(34944K)->34905K(34944K)
[19.970s][info ][gc,heap        ] GC(344) Tenured: 200766K(699072K)->318985K(699072K)
[19.970s][info ][gc,metaspace   ] GC(344) Metaspace: 6360K(6528K)->6360K(6528K) NonClass: 5814K(5888K)->5814K(5888K) Class: 546K(640K)->546K(640K)
[19.970s][debug][gc,heap        ] GC(344) Heap after GC invocations=281 (full 64):
[19.970s][debug][gc,heap        ] GC(344)  def new generation   total 314560K, used 34905K [0x00000000c0000000, 0x00000000d5550000, 0x00000000d5550000)
[19.970s][debug][gc,heap        ] GC(344)   eden space 279616K,   0% used [0x00000000c0000000, 0x00000000c0000000, 0x00000000d1110000)
[19.970s][debug][gc,heap        ] GC(344)   from space 34944K,  99% used [0x00000000d3330000, 0x00000000d55465d0, 0x00000000d5550000)
[19.970s][debug][gc,heap        ] GC(344)   to   space 34944K,   0% used [0x00000000d1110000, 0x00000000d1110000, 0x00000000d3330000)
[19.970s][debug][gc,heap        ] GC(344)  tenured generation   total 699072K, used 318985K [0x00000000d5550000, 0x0000000100000000, 0x0000000100000000)
[19.970s][debug][gc,heap        ] GC(344)    the space 699072K,  45% used [0x00000000d5550000, 0x00000000e8cd24b8, 0x00000000e8cd2600, 0x0000000100000000)
[19.970s][debug][gc,heap        ] GC(344)  Metaspace       used 6360K, committed 6528K, reserved 1114112K
[19.970s][debug][gc,heap        ] GC(344)   class space    used 546K, committed 640K, reserved 1048576K
[19.970s][info ][gc             ] GC(344) Pause Young (Allocation Failure) 469M->345M(989M) 24.494ms
[19.970s][info ][gc,cpu         ] GC(344) User=0.02s Sys=0.00s Real=0.02s
[19.970s][info ][safepoint      ] Safepoint "GenCollectForAllocation", Time since last: 34550570 ns, Reaching safepoint: 3100 ns, Cleanup: 4100 ns, At safepoint: 24545050 ns, Total: 24552250 ns
[20.003s][info ][gc,start       ] GC(345) Pause Young (Allocation Failure)
[20.003s][debug][gc,heap        ] GC(345) Heap before GC invocations=281 (full 64):
[20.003s][debug][gc,heap        ] GC(345)  def new generation   total 314560K, used 314521K [0x00000000c0000000, 0x00000000d5550000, 0x00000000d5550000)
[20.003s][debug][gc,heap        ] GC(345)   eden space 279616K, 100% used [0x00000000c0000000, 0x00000000d1110000, 0x00000000d1110000)
[20.003s][debug][gc,heap        ] GC(345)   from space 34944K,  99% used [0x00000000d3330000, 0x00000000d55465d0, 0x00000000d5550000)
[20.003s][debug][gc,heap        ] GC(345)   to   space 34944K,   0% used [0x00000000d1110000, 0x00000000d1110000, 0x00000000d3330000)
[20.003s][debug][gc,heap        ] GC(345)  tenured generation   total 699072K, used 318985K [0x00000000d5550000, 0x0000000100000000, 0x0000000100000000)
[20.003s][debug][gc,heap        ] GC(345)    the space 699072K,  45% used [0x00000000d5550000, 0x00000000e8cd24b8, 0x00000000e8cd2600, 0x0000000100000000)
[20.003s][debug][gc,heap        ] GC(345)  Metaspace       used 6360K, committed 6528K, reserved 1114112K
[20.003s][debug][gc,heap        ] GC(345)   class space    used 546K, committed 640K, reserved 1048576K
[20.030s][info ][gc,heap        ] GC(345) DefNew: 314521K(314560K)->34905K(314560K) Eden: 279616K(279616K)->0K(279616K) From: 34905K(34944K)->34905K(34944K)
[20.030s][info ][gc,heap        ] GC(345) Tenured: 318985K(699072K)->443404K(699072K)
[20.030s][info ][gc,metaspace   ] GC(345) Metaspace: 6360K(6528K)->6360K(6528K) NonClass: 5814K(5888K)->5814K(5888K) Class: 546K(640K)->546K(640K)
[20.030s][debug][gc,heap        ] GC(345) Heap after GC invocations=282 (full 64):
[20.030s][debug][gc,heap        ] GC(345)  def new generation   total 314560K, used 34905K [0x00000000c0000000, 0x00000000d5550000, 0x00000000d5550000)
[20.030s][debug][gc,heap        ] GC(345)   eden space 279616K,   0% used [0x00000000c0000000, 0x00000000c0000000, 0x00000000d1110000)
[20.030s][debug][gc,heap        ] GC(345)   from space 34944K,  99% used [0x00000000d1110000, 0x00000000d33265d0, 0x00000000d3330000)
[20.030s][debug][gc,heap        ] GC(345)   to   space 34944K,   0% used [0x00000000d3330000, 0x00000000d3330000, 0x00000000d5550000)
[20.030s][debug][gc,heap        ] GC(345)  tenured generation   total 699072K, used 443404K [0x00000000d5550000, 0x0000000100000000, 0x0000000100000000)
[20.030s][debug][gc,heap        ] GC(345)    the space 699072K,  63% used [0x00000000d5550000, 0x00000000f0653278, 0x00000000f0653400, 0x0000000100000000)
[20.030s][debug][gc,heap        ] GC(345)  Metaspace       used 6360K, committed 6528K, reserved 1114112K
[20.030s][debug][gc,heap        ] GC(345)   class space    used 546K, committed 640K, reserved 1048576K
[20.030s][info ][gc             ] GC(345) Pause Young (Allocation Failure) 618M->467M(989M) 27.756ms
[20.030s][info ][gc,cpu         ] GC(345) User=0.02s Sys=0.00s Real=0.02s
[20.030s][info ][safepoint      ] Safepoint "GenCollectForAllocation", Time since last: 32451466 ns, Reaching safepoint: 2900 ns, Cleanup: 3100 ns, At safepoint: 27833756 ns, Total: 27839756 ns
[20.063s][info ][gc,start       ] GC(346) Pause Young (Allocation Failure)
[20.063s][debug][gc,heap        ] GC(346) Heap before GC invocations=282 (full 64):
[20.063s][debug][gc,heap        ] GC(346)  def new generation   total 314560K, used 314521K [0x00000000c0000000, 0x00000000d5550000, 0x00000000d5550000)
[20.063s][debug][gc,heap        ] GC(346)   eden space 279616K, 100% used [0x00000000c0000000, 0x00000000d1110000, 0x00000000d1110000)
[20.063s][debug][gc,heap        ] GC(346)   from space 34944K,  99% used [0x00000000d1110000, 0x00000000d33265d0, 0x00000000d3330000)
[20.063s][debug][gc,heap        ] GC(346)   to   space 34944K,   0% used [0x00000000d3330000, 0x00000000d3330000, 0x00000000d5550000)
[20.063s][debug][gc,heap        ] GC(346)  tenured generation   total 699072K, used 443404K [0x00000000d5550000, 0x0000000100000000, 0x0000000100000000)
[20.063s][debug][gc,heap        ] GC(346)    the space 699072K,  63% used [0x00000000d5550000, 0x00000000f0653278, 0x00000000f0653400, 0x0000000100000000)
[20.063s][debug][gc,heap        ] GC(346)  Metaspace       used 6360K, committed 6528K, reserved 1114112K
[20.063s][debug][gc,heap        ] GC(346)   class space    used 546K, committed 640K, reserved 1048576K
[20.089s][info ][gc,heap        ] GC(346) DefNew: 314521K(314560K)->34905K(314560K) Eden: 279616K(279616K)->0K(279616K) From: 34905K(34944K)->34905K(34944K)
[20.089s][info ][gc,heap        ] GC(346) Tenured: 443404K(699072K)->565223K(699072K)
[20.089s][info ][gc,metaspace   ] GC(346) Metaspace: 6360K(6528K)->6360K(6528K) NonClass: 5814K(5888K)->5814K(5888K) Class: 546K(640K)->546K(640K)
[20.089s][debug][gc,heap        ] GC(346) Heap after GC invocations=283 (full 64):
[20.089s][debug][gc,heap        ] GC(346)  def new generation   total 314560K, used 34905K [0x00000000c0000000, 0x00000000d5550000, 0x00000000d5550000)
[20.089s][debug][gc,heap        ] GC(346)   eden space 279616K,   0% used [0x00000000c0000000, 0x00000000c0000000, 0x00000000d1110000)
[20.089s][debug][gc,heap        ] GC(346)   from space 34944K,  99% used [0x00000000d3330000, 0x00000000d55465d0, 0x00000000d5550000)
[20.089s][debug][gc,heap        ] GC(346)   to   space 34944K,   0% used [0x00000000d1110000, 0x00000000d1110000, 0x00000000d3330000)
[20.089s][debug][gc,heap        ] GC(346)  tenured generation   total 699072K, used 565223K [0x00000000d5550000, 0x0000000100000000, 0x0000000100000000)
[20.089s][debug][gc,heap        ] GC(346)    the space 699072K,  80% used [0x00000000d5550000, 0x00000000f7d49e98, 0x00000000f7d4a000, 0x0000000100000000)
[20.089s][debug][gc,heap        ] GC(346)  Metaspace       used 6360K, committed 6528K, reserved 1114112K
[20.089s][debug][gc,heap        ] GC(346)   class space    used 546K, committed 640K, reserved 1048576K
[20.093s][info ][gc             ] GC(346) Pause Young (Allocation Failure) 740M->586M(989M) 29.673ms
[20.093s][info ][gc,cpu         ] GC(346) User=0.02s Sys=0.01s Real=0.03s
[20.093s][info ][safepoint      ] Safepoint "GenCollectForAllocation", Time since last: 32522666 ns, Reaching safepoint: 3100 ns, Cleanup: 3900 ns, At safepoint: 29704061 ns, Total: 29711061 ns
[20.124s][info ][gc,start       ] GC(347) Pause Young (Allocation Failure)
[20.125s][debug][gc,heap        ] GC(347) Heap before GC invocations=283 (full 64):
[20.125s][debug][gc,heap        ] GC(347)  def new generation   total 314560K, used 314521K [0x00000000c0000000, 0x00000000d5550000, 0x00000000d5550000)
[20.125s][debug][gc,heap        ] GC(347)   eden space 279616K, 100% used [0x00000000c0000000, 0x00000000d1110000, 0x00000000d1110000)
[20.125s][debug][gc,heap        ] GC(347)   from space 34944K,  99% used [0x00000000d3330000, 0x00000000d55465d0, 0x00000000d5550000)
[20.125s][debug][gc,heap        ] GC(347)   to   space 34944K,   0% used [0x00000000d1110000, 0x00000000d1110000, 0x00000000d3330000)
[20.125s][debug][gc,heap        ] GC(347)  tenured generation   total 699072K, used 565223K [0x00000000d5550000, 0x0000000100000000, 0x0000000100000000)
[20.125s][debug][gc,heap        ] GC(347)    the space 699072K,  80% used [0x00000000d5550000, 0x00000000f7d49e98, 0x00000000f7d4a000, 0x0000000100000000)
[20.125s][debug][gc,heap        ] GC(347)  Metaspace       used 6360K, committed 6528K, reserved 1114112K
[20.125s][debug][gc,heap        ] GC(347)   class space    used 546K, committed 640K, reserved 1048576K
[20.125s][debug][gc,heap        ] GC(347) Heap after GC invocations=284 (full 64):
[20.125s][debug][gc,heap        ] GC(347)  def new generation   total 314560K, used 314521K [0x00000000c0000000, 0x00000000d5550000, 0x00000000d5550000)
[20.125s][debug][gc,heap        ] GC(347)   eden space 279616K, 100% used [0x00000000c0000000, 0x00000000d1110000, 0x00000000d1110000)
[20.125s][debug][gc,heap        ] GC(347)   from space 34944K,  99% used [0x00000000d3330000, 0x00000000d55465d0, 0x00000000d5550000)
[20.125s][debug][gc,heap        ] GC(347)   to   space 34944K,   0% used [0x00000000d1110000, 0x00000000d1110000, 0x00000000d3330000)
[20.125s][debug][gc,heap        ] GC(347)  tenured generation   total 699072K, used 565223K [0x00000000d5550000, 0x0000000100000000, 0x0000000100000000)
[20.125s][debug][gc,heap        ] GC(347)    the space 699072K,  80% used [0x00000000d5550000, 0x00000000f7d49e98, 0x00000000f7d4a000, 0x0000000100000000)
[20.125s][debug][gc,heap        ] GC(347)  Metaspace       used 6360K, committed 6528K, reserved 1114112K
[20.125s][debug][gc,heap        ] GC(347)   class space    used 546K, committed 640K, reserved 1048576K
[20.125s][info ][gc             ] GC(347) Pause Young (Allocation Failure) 859M->859M(989M) 0.101ms
[20.125s][info ][gc,cpu         ] GC(347) User=0.00s Sys=0.00s Real=0.00s
[20.125s][info ][gc,start       ] GC(348) Pause Full (Allocation Failure)
[20.125s][debug][gc,heap        ] GC(348) Heap before GC invocations=284 (full 64):
[20.125s][debug][gc,heap        ] GC(348)  def new generation   total 314560K, used 314521K [0x00000000c0000000, 0x00000000d5550000, 0x00000000d5550000)
[20.125s][debug][gc,heap        ] GC(348)   eden space 279616K, 100% used [0x00000000c0000000, 0x00000000d1110000, 0x00000000d1110000)
[20.125s][debug][gc,heap        ] GC(348)   from space 34944K,  99% used [0x00000000d3330000, 0x00000000d55465d0, 0x00000000d5550000)
[20.125s][debug][gc,heap        ] GC(348)   to   space 34944K,   0% used [0x00000000d1110000, 0x00000000d1110000, 0x00000000d3330000)
[20.125s][debug][gc,heap        ] GC(348)  tenured generation   total 699072K, used 565223K [0x00000000d5550000, 0x0000000100000000, 0x0000000100000000)
[20.125s][debug][gc,heap        ] GC(348)    the space 699072K,  80% used [0x00000000d5550000, 0x00000000f7d49e98, 0x00000000f7d4a000, 0x0000000100000000)
[20.125s][debug][gc,heap        ] GC(348)  Metaspace       used 6360K, committed 6528K, reserved 1114112K
[20.125s][debug][gc,heap        ] GC(348)   class space    used 546K, committed 640K, reserved 1048576K
[20.125s][info ][gc,phases,start] GC(348) Phase 1: Mark live objects
[20.126s][info ][gc,phases      ] GC(348) Phase 1: Mark live objects 0.891ms
[20.126s][info ][gc,phases,start] GC(348) Phase 2: Compute new object addresses
[20.127s][info ][gc,phases      ] GC(348) Phase 2: Compute new object addresses 1.201ms
[20.127s][info ][gc,phases,start] GC(348) Phase 3: Adjust pointers
[20.127s][info ][gc,phases      ] GC(348) Phase 3: Adjust pointers 0.595ms
[20.127s][info ][gc,phases,start] GC(348) Phase 4: Move objects
[20.158s][info ][gc,phases      ] GC(348) Phase 4: Move objects 31.001ms
[20.158s][info ][gc,heap        ] GC(348) DefNew: 314521K(314560K)->0K(314560K) Eden: 279616K(279616K)->0K(279616K) From: 34905K(34944K)->0K(34944K)
[20.158s][info ][gc,heap        ] GC(348) Tenured: 565223K(699072K)->200766K(699072K)
[20.158s][info ][gc,metaspace   ] GC(348) Metaspace: 6360K(6528K)->6360K(6528K) NonClass: 5814K(5888K)->5814K(5888K) Class: 546K(640K)->546K(640K)
[20.158s][debug][gc,heap        ] GC(348) Heap after GC invocations=284 (full 65):
[20.158s][debug][gc,heap        ] GC(348)  def new generation   total 314560K, used 0K [0x00000000c0000000, 0x00000000d5550000, 0x00000000d5550000)
[20.158s][debug][gc,heap        ] GC(348)   eden space 279616K,   0% used [0x00000000c0000000, 0x00000000c0000000, 0x00000000d1110000)
[20.158s][debug][gc,heap        ] GC(348)   from space 34944K,   0% used [0x00000000d3330000, 0x00000000d3330000, 0x00000000d5550000)
[20.158s][debug][gc,heap        ] GC(348)   to   space 34944K,   0% used [0x00000000d1110000, 0x00000000d1110000, 0x00000000d3330000)
[20.159s][debug][gc,heap        ] GC(348)  tenured generation   total 699072K, used 200766K [0x00000000d5550000, 0x0000000100000000, 0x0000000100000000)
[20.159s][debug][gc,heap        ] GC(348)    the space 699072K,  28% used [0x00000000d5550000, 0x00000000e195fad8, 0x00000000e195fc00, 0x0000000100000000)
[20.159s][debug][gc,heap        ] GC(348)  Metaspace       used 6360K, committed 6528K, reserved 1114112K
[20.159s][debug][gc,heap        ] GC(348)   class space    used 546K, committed 640K, reserved 1048576K
[20.159s][info ][gc             ] GC(348) Pause Full (Allocation Failure) 859M->196M(989M) 33.927ms
[20.159s][info ][gc,cpu         ] GC(348) User=0.03s Sys=0.00s Real=0.03s
[20.159s][info ][safepoint      ] Safepoint "GenCollectForAllocation", Time since last: 31892665 ns, Reaching safepoint: 3200 ns, Cleanup: 3700 ns, At safepoint: 34059869 ns, Total: 34066769 ns
[20.190s][info ][gc,start       ] GC(349) Pause Young (Allocation Failure)
[20.190s][debug][gc,heap        ] GC(349) Heap before GC invocations=284 (full 65):
[20.190s][debug][gc,heap        ] GC(349)  def new generation   total 314560K, used 279616K [0x00000000c0000000, 0x00000000d5550000, 0x00000000d5550000)
[20.190s][debug][gc,heap        ] GC(349)   eden space 279616K, 100% used [0x00000000c0000000, 0x00000000d1110000, 0x00000000d1110000)
[20.190s][debug][gc,heap        ] GC(349)   from space 34944K,   0% used [0x00000000d3330000, 0x00000000d3330000, 0x00000000d5550000)
[20.190s][debug][gc,heap        ] GC(349)   to   space 34944K,   0% used [0x00000000d1110000, 0x00000000d1110000, 0x00000000d3330000)
[20.190s][debug][gc,heap        ] GC(349)  tenured generation   total 699072K, used 200766K [0x00000000d5550000, 0x0000000100000000, 0x0000000100000000)
[20.190s][debug][gc,heap        ] GC(349)    the space 699072K,  28% used [0x00000000d5550000, 0x00000000e195fad8, 0x00000000e195fc00, 0x0000000100000000)
[20.190s][debug][gc,heap        ] GC(349)  Metaspace       used 6360K, committed 6528K, reserved 1114112K
[20.190s][debug][gc,heap        ] GC(349)   class space    used 546K, committed 640K, reserved 1048576K
[20.216s][info ][gc,heap        ] GC(349) DefNew: 279616K(314560K)->34905K(314560K) Eden: 279616K(279616K)->0K(279616K) From: 0K(34944K)->34905K(34944K)
[20.216s][info ][gc,heap        ] GC(349) Tenured: 200766K(699072K)->313884K(699072K)
[20.216s][info ][gc,metaspace   ] GC(349) Metaspace: 6360K(6528K)->6360K(6528K) NonClass: 5814K(5888K)->5814K(5888K) Class: 546K(640K)->546K(640K)
[20.216s][debug][gc,heap        ] GC(349) Heap after GC invocations=285 (full 65):
[20.216s][debug][gc,heap        ] GC(349)  def new generation   total 314560K, used 34905K [0x00000000c0000000, 0x00000000d5550000, 0x00000000d5550000)
[20.216s][debug][gc,heap        ] GC(349)   eden space 279616K,   0% used [0x00000000c0000000, 0x00000000c0000000, 0x00000000d1110000)
[20.216s][debug][gc,heap        ] GC(349)   from space 34944K,  99% used [0x00000000d1110000, 0x00000000d33265d0, 0x00000000d3330000)
[20.216s][debug][gc,heap        ] GC(349)   to   space 34944K,   0% used [0x00000000d3330000, 0x00000000d3330000, 0x00000000d5550000)
[20.216s][debug][gc,heap        ] GC(349)  tenured generation   total 699072K, used 313884K [0x00000000d5550000, 0x0000000100000000, 0x0000000100000000)
[20.216s][debug][gc,heap        ] GC(349)    the space 699072K,  44% used [0x00000000d5550000, 0x00000000e87d7188, 0x00000000e87d7200, 0x0000000100000000)
[20.216s][debug][gc,heap        ] GC(349)  Metaspace       used 6360K, committed 6528K, reserved 1114112K
[20.216s][debug][gc,heap        ] GC(349)   class space    used 546K, committed 640K, reserved 1048576K
[20.216s][info ][gc             ] GC(349) Pause Young (Allocation Failure) 469M->340M(989M) 25.663ms
[20.216s][info ][gc,cpu         ] GC(349) User=0.03s Sys=0.00s Real=0.02s
[20.216s][info ][safepoint      ] Safepoint "GenCollectForAllocation", Time since last: 31761564 ns, Reaching safepoint: 2800 ns, Cleanup: 4000 ns, At safepoint: 25685853 ns, Total: 25692653 ns
[20.250s][info ][gc,start       ] GC(350) Pause Young (Allocation Failure)
[20.250s][debug][gc,heap        ] GC(350) Heap before GC invocations=285 (full 65):
[20.250s][debug][gc,heap        ] GC(350)  def new generation   total 314560K, used 314521K [0x00000000c0000000, 0x00000000d5550000, 0x00000000d5550000)
[20.250s][debug][gc,heap        ] GC(350)   eden space 279616K, 100% used [0x00000000c0000000, 0x00000000d1110000, 0x00000000d1110000)
[20.250s][debug][gc,heap        ] GC(350)   from space 34944K,  99% used [0x00000000d1110000, 0x00000000d33265d0, 0x00000000d3330000)
[20.250s][debug][gc,heap        ] GC(350)   to   space 34944K,   0% used [0x00000000d3330000, 0x00000000d3330000, 0x00000000d5550000)
[20.250s][debug][gc,heap        ] GC(350)  tenured generation   total 699072K, used 313884K [0x00000000d5550000, 0x0000000100000000, 0x0000000100000000)
[20.250s][debug][gc,heap        ] GC(350)    the space 699072K,  44% used [0x00000000d5550000, 0x00000000e87d7188, 0x00000000e87d7200, 0x0000000100000000)
[20.250s][debug][gc,heap        ] GC(350)  Metaspace       used 6360K, committed 6528K, reserved 1114112K
[20.250s][debug][gc,heap        ] GC(350)   class space    used 546K, committed 640K, reserved 1048576K
[20.275s][info ][gc,heap        ] GC(350) DefNew: 314521K(314560K)->34905K(314560K) Eden: 279616K(279616K)->0K(279616K) From: 34905K(34944K)->34905K(34944K)
[20.275s][info ][gc,heap        ] GC(350) Tenured: 313884K(699072K)->437203K(699072K)
[20.275s][info ][gc,metaspace   ] GC(350) Metaspace: 6360K(6528K)->6360K(6528K) NonClass: 5814K(5888K)->5814K(5888K) Class: 546K(640K)->546K(640K)
[20.275s][debug][gc,heap        ] GC(350) Heap after GC invocations=286 (full 65):
[20.275s][debug][gc,heap        ] GC(350)  def new generation   total 314560K, used 34905K [0x00000000c0000000, 0x00000000d5550000, 0x00000000d5550000)
[20.275s][debug][gc,heap        ] GC(350)   eden space 279616K,   0% used [0x00000000c0000000, 0x00000000c0000000, 0x00000000d1110000)
[20.275s][debug][gc,heap        ] GC(350)   from space 34944K,  99% used [0x00000000d3330000, 0x00000000d55465d0, 0x00000000d5550000)
[20.275s][debug][gc,heap        ] GC(350)   to   space 34944K,   0% used [0x00000000d1110000, 0x00000000d1110000, 0x00000000d3330000)
[20.275s][debug][gc,heap        ] GC(350)  tenured generation   total 699072K, used 437203K [0x00000000d5550000, 0x0000000100000000, 0x0000000100000000)
[20.275s][debug][gc,heap        ] GC(350)    the space 699072K,  62% used [0x00000000d5550000, 0x00000000f0044e98, 0x00000000f0045000, 0x0000000100000000)
[20.275s][debug][gc,heap        ] GC(350)  Metaspace       used 6360K, committed 6528K, reserved 1114112K
[20.275s][debug][gc,heap        ] GC(350)   class space    used 546K, committed 640K, reserved 1048576K
[20.275s][info ][gc             ] GC(350) Pause Young (Allocation Failure) 613M->461M(989M) 25.401ms
[20.275s][info ][gc,cpu         ] GC(350) User=0.03s Sys=0.00s Real=0.03s
[20.275s][info ][safepoint      ] Safepoint "GenCollectForAllocation", Time since last: 33971669 ns, Reaching safepoint: 3000 ns, Cleanup: 3400 ns, At safepoint: 25425151 ns, Total: 25431551 ns
[20.307s][info ][gc,start       ] GC(351) Pause Young (Allocation Failure)
[20.307s][debug][gc,heap        ] GC(351) Heap before GC invocations=286 (full 65):
[20.307s][debug][gc,heap        ] GC(351)  def new generation   total 314560K, used 314521K [0x00000000c0000000, 0x00000000d5550000, 0x00000000d5550000)
[20.307s][debug][gc,heap        ] GC(351)   eden space 279616K, 100% used [0x00000000c0000000, 0x00000000d1110000, 0x00000000d1110000)
[20.308s][debug][gc,heap        ] GC(351)   from space 34944K,  99% used [0x00000000d3330000, 0x00000000d55465d0, 0x00000000d5550000)
[20.308s][debug][gc,heap        ] GC(351)   to   space 34944K,   0% used [0x00000000d1110000, 0x00000000d1110000, 0x00000000d3330000)
[20.308s][debug][gc,heap        ] GC(351)  tenured generation   total 699072K, used 437203K [0x00000000d5550000, 0x0000000100000000, 0x0000000100000000)
[20.308s][debug][gc,heap        ] GC(351)    the space 699072K,  62% used [0x00000000d5550000, 0x00000000f0044e98, 0x00000000f0045000, 0x0000000100000000)
[20.308s][debug][gc,heap        ] GC(351)  Metaspace       used 6360K, committed 6528K, reserved 1114112K
[20.308s][debug][gc,heap        ] GC(351)   class space    used 546K, committed 640K, reserved 1048576K
[20.333s][info ][gc,heap        ] GC(351) DefNew: 314521K(314560K)->34905K(314560K) Eden: 279616K(279616K)->0K(279616K) From: 34905K(34944K)->34905K(34944K)
[20.333s][info ][gc,heap        ] GC(351) Tenured: 437203K(699072K)->560922K(699072K)
[20.333s][info ][gc,metaspace   ] GC(351) Metaspace: 6360K(6528K)->6360K(6528K) NonClass: 5814K(5888K)->5814K(5888K) Class: 546K(640K)->546K(640K)
[20.333s][debug][gc,heap        ] GC(351) Heap after GC invocations=287 (full 65):
[20.333s][debug][gc,heap        ] GC(351)  def new generation   total 314560K, used 34905K [0x00000000c0000000, 0x00000000d5550000, 0x00000000d5550000)
[20.333s][debug][gc,heap        ] GC(351)   eden space 279616K,   0% used [0x00000000c0000000, 0x00000000c0000000, 0x00000000d1110000)
[20.333s][debug][gc,heap        ] GC(351)   from space 34944K,  99% used [0x00000000d1110000, 0x00000000d33265d0, 0x00000000d3330000)
[20.333s][debug][gc,heap        ] GC(351)   to   space 34944K,   0% used [0x00000000d3330000, 0x00000000d3330000, 0x00000000d5550000)
[20.333s][debug][gc,heap        ] GC(351)  tenured generation   total 699072K, used 560922K [0x00000000d5550000, 0x0000000100000000, 0x0000000100000000)
[20.333s][debug][gc,heap        ] GC(351)    the space 699072K,  80% used [0x00000000d5550000, 0x00000000f7916be8, 0x00000000f7916c00, 0x0000000100000000)
[20.333s][debug][gc,heap        ] GC(351)  Metaspace       used 6360K, committed 6528K, reserved 1114112K
[20.333s][debug][gc,heap        ] GC(351)   class space    used 546K, committed 640K, reserved 1048576K
[20.333s][info ][gc             ] GC(351) Pause Young (Allocation Failure) 734M->581M(989M) 25.293ms
[20.333s][info ][gc,cpu         ] GC(351) User=0.03s Sys=0.00s Real=0.03s
[20.333s][info ][safepoint      ] Safepoint "GenCollectForAllocation", Time since last: 32052565 ns, Reaching safepoint: 2900 ns, Cleanup: 3700 ns, At safepoint: 25317352 ns, Total: 25323952 ns
[20.365s][info ][gc,start       ] GC(352) Pause Young (Allocation Failure)
[20.365s][debug][gc,heap        ] GC(352) Heap before GC invocations=287 (full 65):
[20.365s][debug][gc,heap        ] GC(352)  def new generation   total 314560K, used 314521K [0x00000000c0000000, 0x00000000d5550000, 0x00000000d5550000)
[20.365s][debug][gc,heap        ] GC(352)   eden space 279616K, 100% used [0x00000000c0000000, 0x00000000d1110000, 0x00000000d1110000)
[20.365s][debug][gc,heap        ] GC(352)   from space 34944K,  99% used [0x00000000d1110000, 0x00000000d33265d0, 0x00000000d3330000)
[20.365s][debug][gc,heap        ] GC(352)   to   space 34944K,   0% used [0x00000000d3330000, 0x00000000d3330000, 0x00000000d5550000)
[20.365s][debug][gc,heap        ] GC(352)  tenured generation   total 699072K, used 560922K [0x00000000d5550000, 0x0000000100000000, 0x0000000100000000)
[20.365s][debug][gc,heap        ] GC(352)    the space 699072K,  80% used [0x00000000d5550000, 0x00000000f7916be8, 0x00000000f7916c00, 0x0000000100000000)
[20.366s][debug][gc,heap        ] GC(352)  Metaspace       used 6360K, committed 6528K, reserved 1114112K
[20.366s][debug][gc,heap        ] GC(352)   class space    used 546K, committed 640K, reserved 1048576K
[20.366s][debug][gc,heap        ] GC(352) Heap after GC invocations=288 (full 65):
[20.366s][debug][gc,heap        ] GC(352)  def new generation   total 314560K, used 314521K [0x00000000c0000000, 0x00000000d5550000, 0x00000000d5550000)
[20.366s][debug][gc,heap        ] GC(352)   eden space 279616K, 100% used [0x00000000c0000000, 0x00000000d1110000, 0x00000000d1110000)
[20.366s][debug][gc,heap        ] GC(352)   from space 34944K,  99% used [0x00000000d1110000, 0x00000000d33265d0, 0x00000000d3330000)
[20.366s][debug][gc,heap        ] GC(352)   to   space 34944K,   0% used [0x00000000d3330000, 0x00000000d3330000, 0x00000000d5550000)
[20.366s][debug][gc,heap        ] GC(352)  tenured generation   total 699072K, used 560922K [0x00000000d5550000, 0x0000000100000000, 0x0000000100000000)
[20.366s][debug][gc,heap        ] GC(352)    the space 699072K,  80% used [0x00000000d5550000, 0x00000000f7916be8, 0x00000000f7916c00, 0x0000000100000000)
[20.366s][debug][gc,heap        ] GC(352)  Metaspace       used 6360K, committed 6528K, reserved 1114112K
[20.366s][debug][gc,heap        ] GC(352)   class space    used 546K, committed 640K, reserved 1048576K
[20.366s][info ][gc             ] GC(352) Pause Young (Allocation Failure) 854M->854M(989M) 0.103ms
[20.366s][info ][gc,cpu         ] GC(352) User=0.00s Sys=0.00s Real=0.00s
[20.366s][info ][gc,start       ] GC(353) Pause Full (Allocation Failure)
[20.366s][debug][gc,heap        ] GC(353) Heap before GC invocations=288 (full 65):
[20.366s][debug][gc,heap        ] GC(353)  def new generation   total 314560K, used 314521K [0x00000000c0000000, 0x00000000d5550000, 0x00000000d5550000)
[20.366s][debug][gc,heap        ] GC(353)   eden space 279616K, 100% used [0x00000000c0000000, 0x00000000d1110000, 0x00000000d1110000)
[20.366s][debug][gc,heap        ] GC(353)   from space 34944K,  99% used [0x00000000d1110000, 0x00000000d33265d0, 0x00000000d3330000)
[20.366s][debug][gc,heap        ] GC(353)   to   space 34944K,   0% used [0x00000000d3330000, 0x00000000d3330000, 0x00000000d5550000)
[20.366s][debug][gc,heap        ] GC(353)  tenured generation   total 699072K, used 560922K [0x00000000d5550000, 0x0000000100000000, 0x0000000100000000)
[20.366s][debug][gc,heap        ] GC(353)    the space 699072K,  80% used [0x00000000d5550000, 0x00000000f7916be8, 0x00000000f7916c00, 0x0000000100000000)
[20.366s][debug][gc,heap        ] GC(353)  Metaspace       used 6360K, committed 6528K, reserved 1114112K
[20.366s][debug][gc,heap        ] GC(353)   class space    used 546K, committed 640K, reserved 1048576K
[20.366s][info ][gc,phases,start] GC(353) Phase 1: Mark live objects
[20.367s][info ][gc,phases      ] GC(353) Phase 1: Mark live objects 0.909ms
[20.367s][info ][gc,phases,start] GC(353) Phase 2: Compute new object addresses
[20.368s][info ][gc,phases      ] GC(353) Phase 2: Compute new object addresses 1.200ms
[20.368s][info ][gc,phases,start] GC(353) Phase 3: Adjust pointers
[20.368s][info ][gc,phases      ] GC(353) Phase 3: Adjust pointers 0.610ms
[20.368s][info ][gc,phases,start] GC(353) Phase 4: Move objects
[20.399s][info ][gc,phases      ] GC(353) Phase 4: Move objects 31.073ms
[20.400s][info ][gc,heap        ] GC(353) DefNew: 314521K(314560K)->0K(314560K) Eden: 279616K(279616K)->0K(279616K) From: 34905K(34944K)->0K(34944K)
[20.400s][info ][gc,heap        ] GC(353) Tenured: 560922K(699072K)->200766K(699072K)
[20.400s][info ][gc,metaspace   ] GC(353) Metaspace: 6360K(6528K)->6360K(6528K) NonClass: 5814K(5888K)->5814K(5888K) Class: 546K(640K)->546K(640K)
[20.400s][debug][gc,heap        ] GC(353) Heap after GC invocations=288 (full 66):
[20.400s][debug][gc,heap        ] GC(353)  def new generation   total 314560K, used 0K [0x00000000c0000000, 0x00000000d5550000, 0x00000000d5550000)
[20.400s][debug][gc,heap        ] GC(353)   eden space 279616K,   0% used [0x00000000c0000000, 0x00000000c0000000, 0x00000000d1110000)
[20.400s][debug][gc,heap        ] GC(353)   from space 34944K,   0% used [0x00000000d1110000, 0x00000000d1110000, 0x00000000d3330000)
[20.400s][debug][gc,heap        ] GC(353)   to   space 34944K,   0% used [0x00000000d3330000, 0x00000000d3330000, 0x00000000d5550000)
[20.400s][debug][gc,heap        ] GC(353)  tenured generation   total 699072K, used 200766K [0x00000000d5550000, 0x0000000100000000, 0x0000000100000000)
[20.400s][debug][gc,heap        ] GC(353)    the space 699072K,  28% used [0x00000000d5550000, 0x00000000e195fad8, 0x00000000e195fc00, 0x0000000100000000)
[20.400s][debug][gc,heap        ] GC(353)  Metaspace       used 6360K, committed 6528K, reserved 1114112K
[20.400s][debug][gc,heap        ] GC(353)   class space    used 546K, committed 640K, reserved 1048576K
[20.400s][info ][gc             ] GC(353) Pause Full (Allocation Failure) 854M->196M(989M) 34.041ms
[20.400s][info ][gc,cpu         ] GC(353) User=0.03s Sys=0.00s Real=0.03s
[20.400s][info ][safepoint      ] Safepoint "GenCollectForAllocation", Time since last: 32668966 ns, Reaching safepoint: 3200 ns, Cleanup: 3800 ns, At safepoint: 34176970 ns, Total: 34183970 ns
[20.432s][info ][gc,start       ] GC(354) Pause Young (Allocation Failure)
[20.432s][debug][gc,heap        ] GC(354) Heap before GC invocations=288 (full 66):
[20.432s][debug][gc,heap        ] GC(354)  def new generation   total 314560K, used 279616K [0x00000000c0000000, 0x00000000d5550000, 0x00000000d5550000)
[20.432s][debug][gc,heap        ] GC(354)   eden space 279616K, 100% used [0x00000000c0000000, 0x00000000d1110000, 0x00000000d1110000)
[20.432s][debug][gc,heap        ] GC(354)   from space 34944K,   0% used [0x00000000d1110000, 0x00000000d1110000, 0x00000000d3330000)
[20.432s][debug][gc,heap        ] GC(354)   to   space 34944K,   0% used [0x00000000d3330000, 0x00000000d3330000, 0x00000000d5550000)
[20.432s][debug][gc,heap        ] GC(354)  tenured generation   total 699072K, used 200766K [0x00000000d5550000, 0x0000000100000000, 0x0000000100000000)
[20.432s][debug][gc,heap        ] GC(354)    the space 699072K,  28% used [0x00000000d5550000, 0x00000000e195fad8, 0x00000000e195fc00, 0x0000000100000000)
[20.432s][debug][gc,heap        ] GC(354)  Metaspace       used 6360K, committed 6528K, reserved 1114112K
[20.432s][debug][gc,heap        ] GC(354)   class space    used 546K, committed 640K, reserved 1048576K
[20.461s][info ][gc,heap        ] GC(354) DefNew: 279616K(314560K)->34905K(314560K) Eden: 279616K(279616K)->0K(279616K) From: 0K(34944K)->34905K(34944K)
[20.461s][info ][gc,heap        ] GC(354) Tenured: 200766K(699072K)->317985K(699072K)
[20.461s][info ][gc,metaspace   ] GC(354) Metaspace: 6360K(6528K)->6360K(6528K) NonClass: 5814K(5888K)->5814K(5888K) Class: 546K(640K)->546K(640K)
[20.461s][debug][gc,heap        ] GC(354) Heap after GC invocations=289 (full 66):
[20.461s][debug][gc,heap        ] GC(354)  def new generation   total 314560K, used 34905K [0x00000000c0000000, 0x00000000d5550000, 0x00000000d5550000)
[20.461s][debug][gc,heap        ] GC(354)   eden space 279616K,   0% used [0x00000000c0000000, 0x00000000c0000000, 0x00000000d1110000)
[20.461s][debug][gc,heap        ] GC(354)   from space 34944K,  99% used [0x00000000d3330000, 0x00000000d55465d0, 0x00000000d5550000)
[20.461s][debug][gc,heap        ] GC(354)   to   space 34944K,   0% used [0x00000000d1110000, 0x00000000d1110000, 0x00000000d3330000)
[20.461s][debug][gc,heap        ] GC(354)  tenured generation   total 699072K, used 317985K [0x00000000d5550000, 0x0000000100000000, 0x0000000100000000)
[20.461s][debug][gc,heap        ] GC(354)    the space 699072K,  45% used [0x00000000d5550000, 0x00000000e8bd8418, 0x00000000e8bd8600, 0x0000000100000000)
[20.461s][debug][gc,heap        ] GC(354)  Metaspace       used 6360K, committed 6528K, reserved 1114112K
[20.461s][debug][gc,heap        ] GC(354)   class space    used 546K, committed 640K, reserved 1048576K
[20.461s][info ][gc             ] GC(354) Pause Young (Allocation Failure) 469M->344M(989M) 28.920ms
[20.461s][info ][gc,cpu         ] GC(354) User=0.03s Sys=0.00s Real=0.03s
[20.461s][info ][safepoint      ] Safepoint "GenCollectForAllocation", Time since last: 32264265 ns, Reaching safepoint: 2800 ns, Cleanup: 3800 ns, At safepoint: 28952359 ns, Total: 28958959 ns
[20.493s][info ][gc,start       ] GC(355) Pause Young (Allocation Failure)
[20.493s][debug][gc,heap        ] GC(355) Heap before GC invocations=289 (full 66):
[20.493s][debug][gc,heap        ] GC(355)  def new generation   total 314560K, used 314521K [0x00000000c0000000, 0x00000000d5550000, 0x00000000d5550000)
[20.493s][debug][gc,heap        ] GC(355)   eden space 279616K, 100% used [0x00000000c0000000, 0x00000000d1110000, 0x00000000d1110000)
[20.493s][debug][gc,heap        ] GC(355)   from space 34944K,  99% used [0x00000000d3330000, 0x00000000d55465d0, 0x00000000d5550000)
[20.493s][debug][gc,heap        ] GC(355)   to   space 34944K,   0% used [0x00000000d1110000, 0x00000000d1110000, 0x00000000d3330000)
[20.493s][debug][gc,heap        ] GC(355)  tenured generation   total 699072K, used 317985K [0x00000000d5550000, 0x0000000100000000, 0x0000000100000000)
[20.493s][debug][gc,heap        ] GC(355)    the space 699072K,  45% used [0x00000000d5550000, 0x00000000e8bd8418, 0x00000000e8bd8600, 0x0000000100000000)
[20.493s][debug][gc,heap        ] GC(355)  Metaspace       used 6360K, committed 6528K, reserved 1114112K
[20.493s][debug][gc,heap        ] GC(355)   class space    used 546K, committed 640K, reserved 1048576K
[20.519s][info ][gc,heap        ] GC(355) DefNew: 314521K(314560K)->34905K(314560K) Eden: 279616K(279616K)->0K(279616K) From: 34905K(34944K)->34905K(34944K)
[20.519s][info ][gc,heap        ] GC(355) Tenured: 317985K(699072K)->443004K(699072K)
[20.519s][info ][gc,metaspace   ] GC(355) Metaspace: 6360K(6528K)->6360K(6528K) NonClass: 5814K(5888K)->5814K(5888K) Class: 546K(640K)->546K(640K)
[20.519s][debug][gc,heap        ] GC(355) Heap after GC invocations=290 (full 66):
[20.519s][debug][gc,heap        ] GC(355)  def new generation   total 314560K, used 34905K [0x00000000c0000000, 0x00000000d5550000, 0x00000000d5550000)
[20.519s][debug][gc,heap        ] GC(355)   eden space 279616K,   0% used [0x00000000c0000000, 0x00000000c0000000, 0x00000000d1110000)
[20.519s][debug][gc,heap        ] GC(355)   from space 34944K,  99% used [0x00000000d1110000, 0x00000000d33265d0, 0x00000000d3330000)
[20.519s][debug][gc,heap        ] GC(355)   to   space 34944K,   0% used [0x00000000d3330000, 0x00000000d3330000, 0x00000000d5550000)
[20.519s][debug][gc,heap        ] GC(355)  tenured generation   total 699072K, used 443004K [0x00000000d5550000, 0x0000000100000000, 0x0000000100000000)
[20.519s][debug][gc,heap        ] GC(355)    the space 699072K,  63% used [0x00000000d5550000, 0x00000000f05ef238, 0x00000000f05ef400, 0x0000000100000000)
[20.519s][debug][gc,heap        ] GC(355)  Metaspace       used 6360K, committed 6528K, reserved 1114112K
[20.519s][debug][gc,heap        ] GC(355)   class space    used 546K, committed 640K, reserved 1048576K
[20.519s][info ][gc             ] GC(355) Pause Young (Allocation Failure) 617M->466M(989M) 26.000ms
[20.519s][info ][gc,cpu         ] GC(355) User=0.02s Sys=0.00s Real=0.02s
[20.519s][info ][safepoint      ] Safepoint "GenCollectForAllocation", Time since last: 32111565 ns, Reaching safepoint: 3300 ns, Cleanup: 3500 ns, At safepoint: 26024953 ns, Total: 26031753 ns
[20.552s][info ][gc,start       ] GC(356) Pause Young (Allocation Failure)
[20.552s][debug][gc,heap        ] GC(356) Heap before GC invocations=290 (full 66):
[20.552s][debug][gc,heap        ] GC(356)  def new generation   total 314560K, used 314521K [0x00000000c0000000, 0x00000000d5550000, 0x00000000d5550000)
[20.552s][debug][gc,heap        ] GC(356)   eden space 279616K, 100% used [0x00000000c0000000, 0x00000000d1110000, 0x00000000d1110000)
[20.552s][debug][gc,heap        ] GC(356)   from space 34944K,  99% used [0x00000000d1110000, 0x00000000d33265d0, 0x00000000d3330000)
[20.552s][debug][gc,heap        ] GC(356)   to   space 34944K,   0% used [0x00000000d3330000, 0x00000000d3330000, 0x00000000d5550000)
[20.552s][debug][gc,heap        ] GC(356)  tenured generation   total 699072K, used 443004K [0x00000000d5550000, 0x0000000100000000, 0x0000000100000000)
[20.552s][debug][gc,heap        ] GC(356)    the space 699072K,  63% used [0x00000000d5550000, 0x00000000f05ef238, 0x00000000f05ef400, 0x0000000100000000)
[20.552s][debug][gc,heap        ] GC(356)  Metaspace       used 6360K, committed 6528K, reserved 1114112K
[20.552s][debug][gc,heap        ] GC(356)   class space    used 546K, committed 640K, reserved 1048576K
[20.578s][info ][gc,heap        ] GC(356) DefNew: 314521K(314560K)->34905K(314560K) Eden: 279616K(279616K)->0K(279616K) From: 34905K(34944K)->34905K(34944K)
[20.578s][info ][gc,heap        ] GC(356) Tenured: 443004K(699072K)->564823K(699072K)
[20.578s][info ][gc,metaspace   ] GC(356) Metaspace: 6360K(6528K)->6360K(6528K) NonClass: 5814K(5888K)->5814K(5888K) Class: 546K(640K)->546K(640K)
[20.578s][debug][gc,heap        ] GC(356) Heap after GC invocations=291 (full 66):
[20.578s][debug][gc,heap        ] GC(356)  def new generation   total 314560K, used 34905K [0x00000000c0000000, 0x00000000d5550000, 0x00000000d5550000)
[20.578s][debug][gc,heap        ] GC(356)   eden space 279616K,   0% used [0x00000000c0000000, 0x00000000c0000000, 0x00000000d1110000)
[20.578s][debug][gc,heap        ] GC(356)   from space 34944K,  99% used [0x00000000d3330000, 0x00000000d55465d0, 0x00000000d5550000)
[20.578s][debug][gc,heap        ] GC(356)   to   space 34944K,   0% used [0x00000000d1110000, 0x00000000d1110000, 0x00000000d3330000)
[20.578s][debug][gc,heap        ] GC(356)  tenured generation   total 699072K, used 564823K [0x00000000d5550000, 0x0000000100000000, 0x0000000100000000)
[20.578s][debug][gc,heap        ] GC(356)    the space 699072K,  80% used [0x00000000d5550000, 0x00000000f7ce5e58, 0x00000000f7ce6000, 0x0000000100000000)
[20.578s][debug][gc,heap        ] GC(356)  Metaspace       used 6360K, committed 6528K, reserved 1114112K
[20.578s][debug][gc,heap        ] GC(356)   class space    used 546K, committed 640K, reserved 1048576K
[20.578s][info ][gc             ] GC(356) Pause Young (Allocation Failure) 739M->585M(989M) 25.525ms
[20.578s][info ][gc,cpu         ] GC(356) User=0.03s Sys=0.00s Real=0.02s
[20.578s][info ][safepoint      ] Safepoint "GenCollectForAllocation", Time since last: 33070468 ns, Reaching safepoint: 3100 ns, Cleanup: 3800 ns, At safepoint: 25550251 ns, Total: 25557151 ns
[20.615s][info ][gc,start       ] GC(357) Pause Young (Allocation Failure)
[20.615s][debug][gc,heap        ] GC(357) Heap before GC invocations=291 (full 66):
[20.615s][debug][gc,heap        ] GC(357)  def new generation   total 314560K, used 314521K [0x00000000c0000000, 0x00000000d5550000, 0x00000000d5550000)
[20.615s][debug][gc,heap        ] GC(357)   eden space 279616K, 100% used [0x00000000c0000000, 0x00000000d1110000, 0x00000000d1110000)
[20.615s][debug][gc,heap        ] GC(357)   from space 34944K,  99% used [0x00000000d3330000, 0x00000000d55465d0, 0x00000000d5550000)
[20.615s][debug][gc,heap        ] GC(357)   to   space 34944K,   0% used [0x00000000d1110000, 0x00000000d1110000, 0x00000000d3330000)
[20.615s][debug][gc,heap        ] GC(357)  tenured generation   total 699072K, used 564823K [0x00000000d5550000, 0x0000000100000000, 0x0000000100000000)
[20.615s][debug][gc,heap        ] GC(357)    the space 699072K,  80% used [0x00000000d5550000, 0x00000000f7ce5e58, 0x00000000f7ce6000, 0x0000000100000000)
[20.615s][debug][gc,heap        ] GC(357)  Metaspace       used 6360K, committed 6528K, reserved 1114112K
[20.615s][debug][gc,heap        ] GC(357)   class space    used 546K, committed 640K, reserved 1048576K
[20.615s][debug][gc,heap        ] GC(357) Heap after GC invocations=292 (full 66):
[20.615s][debug][gc,heap        ] GC(357)  def new generation   total 314560K, used 314521K [0x00000000c0000000, 0x00000000d5550000, 0x00000000d5550000)
[20.615s][debug][gc,heap        ] GC(357)   eden space 279616K, 100% used [0x00000000c0000000, 0x00000000d1110000, 0x00000000d1110000)
[20.615s][debug][gc,heap        ] GC(357)   from space 34944K,  99% used [0x00000000d3330000, 0x00000000d55465d0, 0x00000000d5550000)
[20.615s][debug][gc,heap        ] GC(357)   to   space 34944K,   0% used [0x00000000d1110000, 0x00000000d1110000, 0x00000000d3330000)
[20.615s][debug][gc,heap        ] GC(357)  tenured generation   total 699072K, used 564823K [0x00000000d5550000, 0x0000000100000000, 0x0000000100000000)
[20.615s][debug][gc,heap        ] GC(357)    the space 699072K,  80% used [0x00000000d5550000, 0x00000000f7ce5e58, 0x00000000f7ce6000, 0x0000000100000000)
[20.615s][debug][gc,heap        ] GC(357)  Metaspace       used 6360K, committed 6528K, reserved 1114112K
[20.615s][debug][gc,heap        ] GC(357)   class space    used 546K, committed 640K, reserved 1048576K
[20.615s][info ][gc             ] GC(357) Pause Young (Allocation Failure) 858M->858M(989M) 0.238ms
[20.615s][info ][gc,cpu         ] GC(357) User=0.00s Sys=0.00s Real=0.00s
[20.615s][info ][gc,start       ] GC(358) Pause Full (Allocation Failure)
[20.615s][debug][gc,heap        ] GC(358) Heap before GC invocations=292 (full 66):
[20.615s][debug][gc,heap        ] GC(358)  def new generation   total 314560K, used 314521K [0x00000000c0000000, 0x00000000d5550000, 0x00000000d5550000)
[20.615s][debug][gc,heap        ] GC(358)   eden space 279616K, 100% used [0x00000000c0000000, 0x00000000d1110000, 0x00000000d1110000)
[20.615s][debug][gc,heap        ] GC(358)   from space 34944K,  99% used [0x00000000d3330000, 0x00000000d55465d0, 0x00000000d5550000)
[20.615s][debug][gc,heap        ] GC(358)   to   space 34944K,   0% used [0x00000000d1110000, 0x00000000d1110000, 0x00000000d3330000)
[20.615s][debug][gc,heap        ] GC(358)  tenured generation   total 699072K, used 564823K [0x00000000d5550000, 0x0000000100000000, 0x0000000100000000)
[20.615s][debug][gc,heap        ] GC(358)    the space 699072K,  80% used [0x00000000d5550000, 0x00000000f7ce5e58, 0x00000000f7ce6000, 0x0000000100000000)
[20.615s][debug][gc,heap        ] GC(358)  Metaspace       used 6360K, committed 6528K, reserved 1114112K
[20.615s][debug][gc,heap        ] GC(358)   class space    used 546K, committed 640K, reserved 1048576K
[20.615s][info ][gc,phases,start] GC(358) Phase 1: Mark live objects
[20.616s][info ][gc,phases      ] GC(358) Phase 1: Mark live objects 0.980ms
[20.616s][info ][gc,phases,start] GC(358) Phase 2: Compute new object addresses
[20.617s][info ][gc,phases      ] GC(358) Phase 2: Compute new object addresses 1.463ms
[20.617s][info ][gc,phases,start] GC(358) Phase 3: Adjust pointers
[20.618s][info ][gc,phases      ] GC(358) Phase 3: Adjust pointers 0.737ms
[20.618s][info ][gc,phases,start] GC(358) Phase 4: Move objects
[20.651s][info ][gc,phases      ] GC(358) Phase 4: Move objects 32.698ms
[20.651s][info ][gc,heap        ] GC(358) DefNew: 314521K(314560K)->0K(314560K) Eden: 279616K(279616K)->0K(279616K) From: 34905K(34944K)->0K(34944K)
[20.651s][info ][gc,heap        ] GC(358) Tenured: 564823K(699072K)->200766K(699072K)
[20.651s][info ][gc,metaspace   ] GC(358) Metaspace: 6360K(6528K)->6360K(6528K) NonClass: 5814K(5888K)->5814K(5888K) Class: 546K(640K)->546K(640K)
[20.651s][debug][gc,heap        ] GC(358) Heap after GC invocations=292 (full 67):
[20.651s][debug][gc,heap        ] GC(358)  def new generation   total 314560K, used 0K [0x00000000c0000000, 0x00000000d5550000, 0x00000000d5550000)
[20.651s][debug][gc,heap        ] GC(358)   eden space 279616K,   0% used [0x00000000c0000000, 0x00000000c0000000, 0x00000000d1110000)
[20.651s][debug][gc,heap        ] GC(358)   from space 34944K,   0% used [0x00000000d3330000, 0x00000000d3330000, 0x00000000d5550000)
[20.651s][debug][gc,heap        ] GC(358)   to   space 34944K,   0% used [0x00000000d1110000, 0x00000000d1110000, 0x00000000d3330000)
[20.651s][debug][gc,heap        ] GC(358)  tenured generation   total 699072K, used 200766K [0x00000000d5550000, 0x0000000100000000, 0x0000000100000000)
[20.651s][debug][gc,heap        ] GC(358)    the space 699072K,  28% used [0x00000000d5550000, 0x00000000e195fad8, 0x00000000e195fc00, 0x0000000100000000)
[20.651s][debug][gc,heap        ] GC(358)  Metaspace       used 6360K, committed 6528K, reserved 1114112K
[20.651s][debug][gc,heap        ] GC(358)   class space    used 546K, committed 640K, reserved 1048576K
[20.651s][info ][gc             ] GC(358) Pause Full (Allocation Failure) 858M->196M(989M) 36.137ms
[20.651s][info ][gc,cpu         ] GC(358) User=0.03s Sys=0.00s Real=0.04s
[20.651s][info ][safepoint      ] Safepoint "GenCollectForAllocation", Time since last: 36961476 ns, Reaching safepoint: 5700 ns, Cleanup: 6900 ns, At safepoint: 36416874 ns, Total: 36429474 ns
[20.683s][info ][gc,start       ] GC(359) Pause Young (Allocation Failure)
[20.683s][debug][gc,heap        ] GC(359) Heap before GC invocations=292 (full 67):
[20.683s][debug][gc,heap        ] GC(359)  def new generation   total 314560K, used 279616K [0x00000000c0000000, 0x00000000d5550000, 0x00000000d5550000)
[20.683s][debug][gc,heap        ] GC(359)   eden space 279616K, 100% used [0x00000000c0000000, 0x00000000d1110000, 0x00000000d1110000)
[20.683s][debug][gc,heap        ] GC(359)   from space 34944K,   0% used [0x00000000d3330000, 0x00000000d3330000, 0x00000000d5550000)
[20.683s][debug][gc,heap        ] GC(359)   to   space 34944K,   0% used [0x00000000d1110000, 0x00000000d1110000, 0x00000000d3330000)
[20.683s][debug][gc,heap        ] GC(359)  tenured generation   total 699072K, used 200766K [0x00000000d5550000, 0x0000000100000000, 0x0000000100000000)
[20.683s][debug][gc,heap        ] GC(359)    the space 699072K,  28% used [0x00000000d5550000, 0x00000000e195fad8, 0x00000000e195fc00, 0x0000000100000000)
[20.683s][debug][gc,heap        ] GC(359)  Metaspace       used 6360K, committed 6528K, reserved 1114112K
[20.683s][debug][gc,heap        ] GC(359)   class space    used 546K, committed 640K, reserved 1048576K
[20.707s][info ][gc,heap        ] GC(359) DefNew: 279616K(314560K)->34905K(314560K) Eden: 279616K(279616K)->0K(279616K) From: 0K(34944K)->34905K(34944K)
[20.707s][info ][gc,heap        ] GC(359) Tenured: 200766K(699072K)->316184K(699072K)
[20.707s][info ][gc,metaspace   ] GC(359) Metaspace: 6360K(6528K)->6360K(6528K) NonClass: 5814K(5888K)->5814K(5888K) Class: 546K(640K)->546K(640K)
[20.707s][debug][gc,heap        ] GC(359) Heap after GC invocations=293 (full 67):
[20.707s][debug][gc,heap        ] GC(359)  def new generation   total 314560K, used 34905K [0x00000000c0000000, 0x00000000d5550000, 0x00000000d5550000)
[20.707s][debug][gc,heap        ] GC(359)   eden space 279616K,   0% used [0x00000000c0000000, 0x00000000c0000000, 0x00000000d1110000)
[20.707s][debug][gc,heap        ] GC(359)   from space 34944K,  99% used [0x00000000d1110000, 0x00000000d33265d0, 0x00000000d3330000)
[20.707s][debug][gc,heap        ] GC(359)   to   space 34944K,   0% used [0x00000000d3330000, 0x00000000d3330000, 0x00000000d5550000)
[20.707s][debug][gc,heap        ] GC(359)  tenured generation   total 699072K, used 316184K [0x00000000d5550000, 0x0000000100000000, 0x0000000100000000)
[20.707s][debug][gc,heap        ] GC(359)    the space 699072K,  45% used [0x00000000d5550000, 0x00000000e8a162f8, 0x00000000e8a16400, 0x0000000100000000)
[20.707s][debug][gc,heap        ] GC(359)  Metaspace       used 6360K, committed 6528K, reserved 1114112K
[20.707s][debug][gc,heap        ] GC(359)   class space    used 546K, committed 640K, reserved 1048576K
[20.707s][info ][gc             ] GC(359) Pause Young (Allocation Failure) 469M->342M(989M) 23.589ms
[20.707s][info ][gc,cpu         ] GC(359) User=0.02s Sys=0.00s Real=0.02s
[20.707s][info ][safepoint      ] Safepoint "GenCollectForAllocation", Time since last: 31996365 ns, Reaching safepoint: 3000 ns, Cleanup: 3900 ns, At safepoint: 23614048 ns, Total: 23620948 ns
[20.739s][info ][gc,start       ] GC(360) Pause Young (Allocation Failure)
[20.739s][debug][gc,heap        ] GC(360) Heap before GC invocations=293 (full 67):
[20.739s][debug][gc,heap        ] GC(360)  def new generation   total 314560K, used 314521K [0x00000000c0000000, 0x00000000d5550000, 0x00000000d5550000)
[20.739s][debug][gc,heap        ] GC(360)   eden space 279616K, 100% used [0x00000000c0000000, 0x00000000d1110000, 0x00000000d1110000)
[20.739s][debug][gc,heap        ] GC(360)   from space 34944K,  99% used [0x00000000d1110000, 0x00000000d33265d0, 0x00000000d3330000)
[20.739s][debug][gc,heap        ] GC(360)   to   space 34944K,   0% used [0x00000000d3330000, 0x00000000d3330000, 0x00000000d5550000)
[20.739s][debug][gc,heap        ] GC(360)  tenured generation   total 699072K, used 316184K [0x00000000d5550000, 0x0000000100000000, 0x0000000100000000)
[20.739s][debug][gc,heap        ] GC(360)    the space 699072K,  45% used [0x00000000d5550000, 0x00000000e8a162f8, 0x00000000e8a16400, 0x0000000100000000)
[20.739s][debug][gc,heap        ] GC(360)  Metaspace       used 6360K, committed 6528K, reserved 1114112K
[20.739s][debug][gc,heap        ] GC(360)   class space    used 546K, committed 640K, reserved 1048576K
[20.766s][info ][gc,heap        ] GC(360) DefNew: 314521K(314560K)->34905K(314560K) Eden: 279616K(279616K)->0K(279616K) From: 34905K(34944K)->34905K(34944K)
[20.766s][info ][gc,heap        ] GC(360) Tenured: 316184K(699072K)->439904K(699072K)
[20.766s][info ][gc,metaspace   ] GC(360) Metaspace: 6360K(6528K)->6360K(6528K) NonClass: 5814K(5888K)->5814K(5888K) Class: 546K(640K)->546K(640K)
[20.766s][debug][gc,heap        ] GC(360) Heap after GC invocations=294 (full 67):
[20.766s][debug][gc,heap        ] GC(360)  def new generation   total 314560K, used 34905K [0x00000000c0000000, 0x00000000d5550000, 0x00000000d5550000)
[20.766s][debug][gc,heap        ] GC(360)   eden space 279616K,   0% used [0x00000000c0000000, 0x00000000c0000000, 0x00000000d1110000)
[20.766s][debug][gc,heap        ] GC(360)   from space 34944K,  99% used [0x00000000d3330000, 0x00000000d55465d0, 0x00000000d5550000)
[20.766s][debug][gc,heap        ] GC(360)   to   space 34944K,   0% used [0x00000000d1110000, 0x00000000d1110000, 0x00000000d3330000)
[20.766s][debug][gc,heap        ] GC(360)  tenured generation   total 699072K, used 439904K [0x00000000d5550000, 0x0000000100000000, 0x0000000100000000)
[20.766s][debug][gc,heap        ] GC(360)    the space 699072K,  62% used [0x00000000d5550000, 0x00000000f02e8048, 0x00000000f02e8200, 0x0000000100000000)
[20.766s][debug][gc,heap        ] GC(360)  Metaspace       used 6360K, committed 6528K, reserved 1114112K
[20.766s][debug][gc,heap        ] GC(360)   class space    used 546K, committed 640K, reserved 1048576K
[20.766s][info ][gc             ] GC(360) Pause Young (Allocation Failure) 615M->463M(989M) 26.951ms
[20.766s][info ][gc,cpu         ] GC(360) User=0.03s Sys=0.00s Real=0.03s
[20.766s][info ][safepoint      ] Safepoint "GenCollectForAllocation", Time since last: 32275565 ns, Reaching safepoint: 3300 ns, Cleanup: 3900 ns, At safepoint: 26975855 ns, Total: 26983055 ns
[20.798s][info ][gc,start       ] GC(361) Pause Young (Allocation Failure)
[20.798s][debug][gc,heap        ] GC(361) Heap before GC invocations=294 (full 67):
[20.798s][debug][gc,heap        ] GC(361)  def new generation   total 314560K, used 314521K [0x00000000c0000000, 0x00000000d5550000, 0x00000000d5550000)
[20.798s][debug][gc,heap        ] GC(361)   eden space 279616K, 100% used [0x00000000c0000000, 0x00000000d1110000, 0x00000000d1110000)
[20.798s][debug][gc,heap        ] GC(361)   from space 34944K,  99% used [0x00000000d3330000, 0x00000000d55465d0, 0x00000000d5550000)
[20.798s][debug][gc,heap        ] GC(361)   to   space 34944K,   0% used [0x00000000d1110000, 0x00000000d1110000, 0x00000000d3330000)
[20.798s][debug][gc,heap        ] GC(361)  tenured generation   total 699072K, used 439904K [0x00000000d5550000, 0x0000000100000000, 0x0000000100000000)
[20.798s][debug][gc,heap        ] GC(361)    the space 699072K,  62% used [0x00000000d5550000, 0x00000000f02e8048, 0x00000000f02e8200, 0x0000000100000000)
[20.798s][debug][gc,heap        ] GC(361)  Metaspace       used 6360K, committed 6528K, reserved 1114112K
[20.798s][debug][gc,heap        ] GC(361)   class space    used 546K, committed 640K, reserved 1048576K
[20.823s][info ][gc,heap        ] GC(361) DefNew: 314521K(314560K)->34905K(314560K) Eden: 279616K(279616K)->0K(279616K) From: 34905K(34944K)->34905K(34944K)
[20.823s][info ][gc,heap        ] GC(361) Tenured: 439904K(699072K)->563323K(699072K)
[20.823s][info ][gc,metaspace   ] GC(361) Metaspace: 6360K(6528K)->6360K(6528K) NonClass: 5814K(5888K)->5814K(5888K) Class: 546K(640K)->546K(640K)
[20.823s][debug][gc,heap        ] GC(361) Heap after GC invocations=295 (full 67):
[20.823s][debug][gc,heap        ] GC(361)  def new generation   total 314560K, used 34905K [0x00000000c0000000, 0x00000000d5550000, 0x00000000d5550000)
[20.823s][debug][gc,heap        ] GC(361)   eden space 279616K,   0% used [0x00000000c0000000, 0x00000000c0000000, 0x00000000d1110000)
[20.823s][debug][gc,heap        ] GC(361)   from space 34944K,  99% used [0x00000000d1110000, 0x00000000d33265d0, 0x00000000d3330000)
[20.823s][debug][gc,heap        ] GC(361)   to   space 34944K,   0% used [0x00000000d3330000, 0x00000000d3330000, 0x00000000d5550000)
[20.823s][debug][gc,heap        ] GC(361)  tenured generation   total 699072K, used 563323K [0x00000000d5550000, 0x0000000100000000, 0x0000000100000000)
[20.823s][debug][gc,heap        ] GC(361)    the space 699072K,  80% used [0x00000000d5550000, 0x00000000f7b6ed68, 0x00000000f7b6ee00, 0x0000000100000000)
[20.823s][debug][gc,heap        ] GC(361)  Metaspace       used 6360K, committed 6528K, reserved 1114112K
[20.823s][debug][gc,heap        ] GC(361)   class space    used 546K, committed 640K, reserved 1048576K
[20.823s][info ][gc             ] GC(361) Pause Young (Allocation Failure) 736M->584M(989M) 25.514ms
[20.823s][info ][gc,cpu         ] GC(361) User=0.03s Sys=0.00s Real=0.03s
[20.823s][info ][safepoint      ] Safepoint "GenCollectForAllocation", Time since last: 31882165 ns, Reaching safepoint: 3000 ns, Cleanup: 3700 ns, At safepoint: 25536852 ns, Total: 25543552 ns
[20.856s][info ][gc,start       ] GC(362) Pause Young (Allocation Failure)
[20.856s][debug][gc,heap        ] GC(362) Heap before GC invocations=295 (full 67):
[20.856s][debug][gc,heap        ] GC(362)  def new generation   total 314560K, used 314521K [0x00000000c0000000, 0x00000000d5550000, 0x00000000d5550000)
[20.856s][debug][gc,heap        ] GC(362)   eden space 279616K, 100% used [0x00000000c0000000, 0x00000000d1110000, 0x00000000d1110000)
[20.856s][debug][gc,heap        ] GC(362)   from space 34944K,  99% used [0x00000000d1110000, 0x00000000d33265d0, 0x00000000d3330000)
[20.856s][debug][gc,heap        ] GC(362)   to   space 34944K,   0% used [0x00000000d3330000, 0x00000000d3330000, 0x00000000d5550000)
[20.856s][debug][gc,heap        ] GC(362)  tenured generation   total 699072K, used 563323K [0x00000000d5550000, 0x0000000100000000, 0x0000000100000000)
[20.856s][debug][gc,heap        ] GC(362)    the space 699072K,  80% used [0x00000000d5550000, 0x00000000f7b6ed68, 0x00000000f7b6ee00, 0x0000000100000000)
[20.856s][debug][gc,heap        ] GC(362)  Metaspace       used 6360K, committed 6528K, reserved 1114112K
[20.856s][debug][gc,heap        ] GC(362)   class space    used 546K, committed 640K, reserved 1048576K
[20.856s][debug][gc,heap        ] GC(362) Heap after GC invocations=296 (full 67):
[20.856s][debug][gc,heap        ] GC(362)  def new generation   total 314560K, used 314521K [0x00000000c0000000, 0x00000000d5550000, 0x00000000d5550000)
[20.856s][debug][gc,heap        ] GC(362)   eden space 279616K, 100% used [0x00000000c0000000, 0x00000000d1110000, 0x00000000d1110000)
[20.856s][debug][gc,heap        ] GC(362)   from space 34944K,  99% used [0x00000000d1110000, 0x00000000d33265d0, 0x00000000d3330000)
[20.856s][debug][gc,heap        ] GC(362)   to   space 34944K,   0% used [0x00000000d3330000, 0x00000000d3330000, 0x00000000d5550000)
[20.856s][debug][gc,heap        ] GC(362)  tenured generation   total 699072K, used 563323K [0x00000000d5550000, 0x0000000100000000, 0x0000000100000000)
[20.856s][debug][gc,heap        ] GC(362)    the space 699072K,  80% used [0x00000000d5550000, 0x00000000f7b6ed68, 0x00000000f7b6ee00, 0x0000000100000000)
[20.856s][debug][gc,heap        ] GC(362)  Metaspace       used 6360K, committed 6528K, reserved 1114112K
[20.856s][debug][gc,heap        ] GC(362)   class space    used 546K, committed 640K, reserved 1048576K
[20.857s][info ][gc             ] GC(362) Pause Young (Allocation Failure) 857M->857M(989M) 0.099ms
[20.857s][info ][gc,cpu         ] GC(362) User=0.00s Sys=0.00s Real=0.00s
[20.857s][info ][gc,start       ] GC(363) Pause Full (Allocation Failure)
[20.857s][debug][gc,heap        ] GC(363) Heap before GC invocations=296 (full 67):
[20.857s][debug][gc,heap        ] GC(363)  def new generation   total 314560K, used 314521K [0x00000000c0000000, 0x00000000d5550000, 0x00000000d5550000)
[20.857s][debug][gc,heap        ] GC(363)   eden space 279616K, 100% used [0x00000000c0000000, 0x00000000d1110000, 0x00000000d1110000)
[20.857s][debug][gc,heap        ] GC(363)   from space 34944K,  99% used [0x00000000d1110000, 0x00000000d33265d0, 0x00000000d3330000)
[20.857s][debug][gc,heap        ] GC(363)   to   space 34944K,   0% used [0x00000000d3330000, 0x00000000d3330000, 0x00000000d5550000)
[20.857s][debug][gc,heap        ] GC(363)  tenured generation   total 699072K, used 563323K [0x00000000d5550000, 0x0000000100000000, 0x0000000100000000)
[20.857s][debug][gc,heap        ] GC(363)    the space 699072K,  80% used [0x00000000d5550000, 0x00000000f7b6ed68, 0x00000000f7b6ee00, 0x0000000100000000)
[20.857s][debug][gc,heap        ] GC(363)  Metaspace       used 6360K, committed 6528K, reserved 1114112K
[20.857s][debug][gc,heap        ] GC(363)   class space    used 546K, committed 640K, reserved 1048576K
[20.857s][info ][gc,phases,start] GC(363) Phase 1: Mark live objects
[20.857s][info ][gc,phases      ] GC(363) Phase 1: Mark live objects 0.890ms
[20.857s][info ][gc,phases,start] GC(363) Phase 2: Compute new object addresses
[20.859s][info ][gc,phases      ] GC(363) Phase 2: Compute new object addresses 1.232ms
[20.859s][info ][gc,phases,start] GC(363) Phase 3: Adjust pointers
[20.859s][info ][gc,phases      ] GC(363) Phase 3: Adjust pointers 0.605ms
[20.859s][info ][gc,phases,start] GC(363) Phase 4: Move objects
[20.896s][info ][gc,phases      ] GC(363) Phase 4: Move objects 36.658ms
[20.896s][info ][gc,heap        ] GC(363) DefNew: 314521K(314560K)->0K(314560K) Eden: 279616K(279616K)->0K(279616K) From: 34905K(34944K)->0K(34944K)
[20.896s][info ][gc,heap        ] GC(363) Tenured: 563323K(699072K)->200766K(699072K)
[20.896s][info ][gc,metaspace   ] GC(363) Metaspace: 6360K(6528K)->6360K(6528K) NonClass: 5814K(5888K)->5814K(5888K) Class: 546K(640K)->546K(640K)
[20.896s][debug][gc,heap        ] GC(363) Heap after GC invocations=296 (full 68):
[20.896s][debug][gc,heap        ] GC(363)  def new generation   total 314560K, used 0K [0x00000000c0000000, 0x00000000d5550000, 0x00000000d5550000)
[20.896s][debug][gc,heap        ] GC(363)   eden space 279616K,   0% used [0x00000000c0000000, 0x00000000c0000000, 0x00000000d1110000)
[20.896s][debug][gc,heap        ] GC(363)   from space 34944K,   0% used [0x00000000d1110000, 0x00000000d1110000, 0x00000000d3330000)
[20.896s][debug][gc,heap        ] GC(363)   to   space 34944K,   0% used [0x00000000d3330000, 0x00000000d3330000, 0x00000000d5550000)
[20.896s][debug][gc,heap        ] GC(363)  tenured generation   total 699072K, used 200766K [0x00000000d5550000, 0x0000000100000000, 0x0000000100000000)
[20.896s][debug][gc,heap        ] GC(363)    the space 699072K,  28% used [0x00000000d5550000, 0x00000000e195fad8, 0x00000000e195fc00, 0x0000000100000000)
[20.896s][debug][gc,heap        ] GC(363)  Metaspace       used 6360K, committed 6528K, reserved 1114112K
[20.896s][debug][gc,heap        ] GC(363)   class space    used 546K, committed 640K, reserved 1048576K
[20.896s][info ][gc             ] GC(363) Pause Full (Allocation Failure) 857M->196M(989M) 39.640ms
[20.896s][info ][gc,cpu         ] GC(363) User=0.04s Sys=0.00s Real=0.04s
[20.896s][info ][safepoint      ] Safepoint "GenCollectForAllocation", Time since last: 33094867 ns, Reaching safepoint: 3100 ns, Cleanup: 3400 ns, At safepoint: 39773981 ns, Total: 39780481 ns
[20.930s][info ][gc,start       ] GC(364) Pause Young (Allocation Failure)
[20.930s][debug][gc,heap        ] GC(364) Heap before GC invocations=296 (full 68):
[20.930s][debug][gc,heap        ] GC(364)  def new generation   total 314560K, used 279616K [0x00000000c0000000, 0x00000000d5550000, 0x00000000d5550000)
[20.931s][debug][gc,heap        ] GC(364)   eden space 279616K, 100% used [0x00000000c0000000, 0x00000000d1110000, 0x00000000d1110000)
[20.931s][debug][gc,heap        ] GC(364)   from space 34944K,   0% used [0x00000000d1110000, 0x00000000d1110000, 0x00000000d3330000)
[20.931s][debug][gc,heap        ] GC(364)   to   space 34944K,   0% used [0x00000000d3330000, 0x00000000d3330000, 0x00000000d5550000)
[20.931s][debug][gc,heap        ] GC(364)  tenured generation   total 699072K, used 200766K [0x00000000d5550000, 0x0000000100000000, 0x0000000100000000)
[20.931s][debug][gc,heap        ] GC(364)    the space 699072K,  28% used [0x00000000d5550000, 0x00000000e195fad8, 0x00000000e195fc00, 0x0000000100000000)
[20.931s][debug][gc,heap        ] GC(364)  Metaspace       used 6360K, committed 6528K, reserved 1114112K
[20.931s][debug][gc,heap        ] GC(364)   class space    used 546K, committed 640K, reserved 1048576K
[20.958s][info ][gc,heap        ] GC(364) DefNew: 279616K(314560K)->34905K(314560K) Eden: 279616K(279616K)->0K(279616K) From: 0K(34944K)->34905K(34944K)
[20.958s][info ][gc,heap        ] GC(364) Tenured: 200766K(699072K)->317084K(699072K)
[20.958s][info ][gc,metaspace   ] GC(364) Metaspace: 6360K(6528K)->6360K(6528K) NonClass: 5814K(5888K)->5814K(5888K) Class: 546K(640K)->546K(640K)
[20.958s][debug][gc,heap        ] GC(364) Heap after GC invocations=297 (full 68):
[20.958s][debug][gc,heap        ] GC(364)  def new generation   total 314560K, used 34905K [0x00000000c0000000, 0x00000000d5550000, 0x00000000d5550000)
[20.958s][debug][gc,heap        ] GC(364)   eden space 279616K,   0% used [0x00000000c0000000, 0x00000000c0000000, 0x00000000d1110000)
[20.958s][debug][gc,heap        ] GC(364)   from space 34944K,  99% used [0x00000000d3330000, 0x00000000d55465d0, 0x00000000d5550000)
[20.958s][debug][gc,heap        ] GC(364)   to   space 34944K,   0% used [0x00000000d1110000, 0x00000000d1110000, 0x00000000d3330000)
[20.958s][debug][gc,heap        ] GC(364)  tenured generation   total 699072K, used 317084K [0x00000000d5550000, 0x0000000100000000, 0x0000000100000000)
[20.958s][debug][gc,heap        ] GC(364)    the space 699072K,  45% used [0x00000000d5550000, 0x00000000e8af7388, 0x00000000e8af7400, 0x0000000100000000)
[20.958s][debug][gc,heap        ] GC(364)  Metaspace       used 6360K, committed 6528K, reserved 1114112K
[20.958s][debug][gc,heap        ] GC(364)   class space    used 546K, committed 640K, reserved 1048576K
[20.958s][info ][gc             ] GC(364) Pause Young (Allocation Failure) 469M->343M(989M) 27.885ms
[20.958s][info ][gc,cpu         ] GC(364) User=0.03s Sys=0.00s Real=0.02s
[20.958s][info ][safepoint      ] Safepoint "GenCollectForAllocation", Time since last: 34209269 ns, Reaching safepoint: 4700 ns, Cleanup: 4200 ns, At safepoint: 27935857 ns, Total: 27944757 ns
[20.994s][info ][gc,start       ] GC(365) Pause Young (Allocation Failure)
[20.994s][debug][gc,heap        ] GC(365) Heap before GC invocations=297 (full 68):
[20.994s][debug][gc,heap        ] GC(365)  def new generation   total 314560K, used 314521K [0x00000000c0000000, 0x00000000d5550000, 0x00000000d5550000)
[20.994s][debug][gc,heap        ] GC(365)   eden space 279616K, 100% used [0x00000000c0000000, 0x00000000d1110000, 0x00000000d1110000)
[20.994s][debug][gc,heap        ] GC(365)   from space 34944K,  99% used [0x00000000d3330000, 0x00000000d55465d0, 0x00000000d5550000)
[20.994s][debug][gc,heap        ] GC(365)   to   space 34944K,   0% used [0x00000000d1110000, 0x00000000d1110000, 0x00000000d3330000)
[20.994s][debug][gc,heap        ] GC(365)  tenured generation   total 699072K, used 317084K [0x00000000d5550000, 0x0000000100000000, 0x0000000100000000)
[20.994s][debug][gc,heap        ] GC(365)    the space 699072K,  45% used [0x00000000d5550000, 0x00000000e8af7388, 0x00000000e8af7400, 0x0000000100000000)
[20.994s][debug][gc,heap        ] GC(365)  Metaspace       used 6360K, committed 6528K, reserved 1114112K
[20.994s][debug][gc,heap        ] GC(365)   class space    used 546K, committed 640K, reserved 1048576K
[21.028s][info ][gc,heap        ] GC(365) DefNew: 314521K(314560K)->34905K(314560K) Eden: 279616K(279616K)->0K(279616K) From: 34905K(34944K)->34905K(34944K)
[21.028s][info ][gc,heap        ] GC(365) Tenured: 317084K(699072K)->442504K(699072K)
[21.028s][info ][gc,metaspace   ] GC(365) Metaspace: 6360K(6528K)->6360K(6528K) NonClass: 5814K(5888K)->5814K(5888K) Class: 546K(640K)->546K(640K)
[21.028s][debug][gc,heap        ] GC(365) Heap after GC invocations=298 (full 68):
[21.028s][debug][gc,heap        ] GC(365)  def new generation   total 314560K, used 34905K [0x00000000c0000000, 0x00000000d5550000, 0x00000000d5550000)
[21.028s][debug][gc,heap        ] GC(365)   eden space 279616K,   0% used [0x00000000c0000000, 0x00000000c0000000, 0x00000000d1110000)
[21.028s][debug][gc,heap        ] GC(365)   from space 34944K,  99% used [0x00000000d1110000, 0x00000000d33265d0, 0x00000000d3330000)
[21.028s][debug][gc,heap        ] GC(365)   to   space 34944K,   0% used [0x00000000d3330000, 0x00000000d3330000, 0x00000000d5550000)
[21.028s][debug][gc,heap        ] GC(365)  tenured generation   total 699072K, used 442504K [0x00000000d5550000, 0x0000000100000000, 0x0000000100000000)
[21.028s][debug][gc,heap        ] GC(365)    the space 699072K,  63% used [0x00000000d5550000, 0x00000000f05721e8, 0x00000000f0572200, 0x0000000100000000)
[21.028s][debug][gc,heap        ] GC(365)  Metaspace       used 6360K, committed 6528K, reserved 1114112K
[21.028s][debug][gc,heap        ] GC(365)   class space    used 546K, committed 640K, reserved 1048576K
[21.028s][info ][gc             ] GC(365) Pause Young (Allocation Failure) 616M->466M(989M) 33.681ms
[21.028s][info ][gc,cpu         ] GC(365) User=0.03s Sys=0.00s Real=0.03s
[21.028s][info ][safepoint      ] Safepoint "GenCollectForAllocation", Time since last: 35871773 ns, Reaching safepoint: 3500 ns, Cleanup: 4300 ns, At safepoint: 33711269 ns, Total: 33719069 ns
[21.070s][info ][gc,start       ] GC(366) Pause Young (Allocation Failure)
[21.070s][debug][gc,heap        ] GC(366) Heap before GC invocations=298 (full 68):
[21.070s][debug][gc,heap        ] GC(366)  def new generation   total 314560K, used 314521K [0x00000000c0000000, 0x00000000d5550000, 0x00000000d5550000)
[21.070s][debug][gc,heap        ] GC(366)   eden space 279616K, 100% used [0x00000000c0000000, 0x00000000d1110000, 0x00000000d1110000)
[21.070s][debug][gc,heap        ] GC(366)   from space 34944K,  99% used [0x00000000d1110000, 0x00000000d33265d0, 0x00000000d3330000)
[21.070s][debug][gc,heap        ] GC(366)   to   space 34944K,   0% used [0x00000000d3330000, 0x00000000d3330000, 0x00000000d5550000)
[21.070s][debug][gc,heap        ] GC(366)  tenured generation   total 699072K, used 442504K [0x00000000d5550000, 0x0000000100000000, 0x0000000100000000)
[21.070s][debug][gc,heap        ] GC(366)    the space 699072K,  63% used [0x00000000d5550000, 0x00000000f05721e8, 0x00000000f0572200, 0x0000000100000000)
[21.070s][debug][gc,heap        ] GC(366)  Metaspace       used 6360K, committed 6528K, reserved 1114112K
[21.070s][debug][gc,heap        ] GC(366)   class space    used 546K, committed 640K, reserved 1048576K
[21.108s][info ][gc,heap        ] GC(366) DefNew: 314521K(314560K)->34905K(314560K) Eden: 279616K(279616K)->0K(279616K) From: 34905K(34944K)->34905K(34944K)
[21.108s][info ][gc,heap        ] GC(366) Tenured: 442504K(699072K)->568124K(699072K)
[21.108s][info ][gc,metaspace   ] GC(366) Metaspace: 6360K(6528K)->6360K(6528K) NonClass: 5814K(5888K)->5814K(5888K) Class: 546K(640K)->546K(640K)
[21.108s][debug][gc,heap        ] GC(366) Heap after GC invocations=299 (full 68):
[21.108s][debug][gc,heap        ] GC(366)  def new generation   total 314560K, used 34905K [0x00000000c0000000, 0x00000000d5550000, 0x00000000d5550000)
[21.108s][debug][gc,heap        ] GC(366)   eden space 279616K,   0% used [0x00000000c0000000, 0x00000000c0000000, 0x00000000d1110000)
[21.108s][debug][gc,heap        ] GC(366)   from space 34944K,  99% used [0x00000000d3330000, 0x00000000d55465d0, 0x00000000d5550000)
[21.108s][debug][gc,heap        ] GC(366)   to   space 34944K,   0% used [0x00000000d1110000, 0x00000000d1110000, 0x00000000d3330000)
[21.108s][debug][gc,heap        ] GC(366)  tenured generation   total 699072K, used 568124K [0x00000000d5550000, 0x0000000100000000, 0x0000000100000000)
[21.108s][debug][gc,heap        ] GC(366)    the space 699072K,  81% used [0x00000000d5550000, 0x00000000f801f068, 0x00000000f801f200, 0x0000000100000000)
[21.108s][debug][gc,heap        ] GC(366)  Metaspace       used 6360K, committed 6528K, reserved 1114112K
[21.108s][debug][gc,heap        ] GC(366)   class space    used 546K, committed 640K, reserved 1048576K
[21.108s][info ][gc             ] GC(366) Pause Young (Allocation Failure) 739M->588M(989M) 38.148ms
[21.108s][info ][gc,cpu         ] GC(366) User=0.04s Sys=0.00s Real=0.04s
[21.108s][info ][safepoint      ] Safepoint "GenCollectForAllocation", Time since last: 41952585 ns, Reaching safepoint: 4500 ns, Cleanup: 4000 ns, At safepoint: 38175178 ns, Total: 38183678 ns
[21.161s][info ][gc,start       ] GC(367) Pause Young (Allocation Failure)
[21.161s][debug][gc,heap        ] GC(367) Heap before GC invocations=299 (full 68):
[21.161s][debug][gc,heap        ] GC(367)  def new generation   total 314560K, used 314521K [0x00000000c0000000, 0x00000000d5550000, 0x00000000d5550000)
[21.161s][debug][gc,heap        ] GC(367)   eden space 279616K, 100% used [0x00000000c0000000, 0x00000000d1110000, 0x00000000d1110000)
[21.161s][debug][gc,heap        ] GC(367)   from space 34944K,  99% used [0x00000000d3330000, 0x00000000d55465d0, 0x00000000d5550000)
[21.161s][debug][gc,heap        ] GC(367)   to   space 34944K,   0% used [0x00000000d1110000, 0x00000000d1110000, 0x00000000d3330000)
[21.161s][debug][gc,heap        ] GC(367)  tenured generation   total 699072K, used 568124K [0x00000000d5550000, 0x0000000100000000, 0x0000000100000000)
[21.161s][debug][gc,heap        ] GC(367)    the space 699072K,  81% used [0x00000000d5550000, 0x00000000f801f068, 0x00000000f801f200, 0x0000000100000000)
[21.161s][debug][gc,heap        ] GC(367)  Metaspace       used 6360K, committed 6528K, reserved 1114112K
[21.161s][debug][gc,heap        ] GC(367)   class space    used 546K, committed 640K, reserved 1048576K
[21.161s][debug][gc,heap        ] GC(367) Heap after GC invocations=300 (full 68):
[21.161s][debug][gc,heap        ] GC(367)  def new generation   total 314560K, used 314521K [0x00000000c0000000, 0x00000000d5550000, 0x00000000d5550000)
[21.161s][debug][gc,heap        ] GC(367)   eden space 279616K, 100% used [0x00000000c0000000, 0x00000000d1110000, 0x00000000d1110000)
[21.161s][debug][gc,heap        ] GC(367)   from space 34944K,  99% used [0x00000000d3330000, 0x00000000d55465d0, 0x00000000d5550000)
[21.161s][debug][gc,heap        ] GC(367)   to   space 34944K,   0% used [0x00000000d1110000, 0x00000000d1110000, 0x00000000d3330000)
[21.161s][debug][gc,heap        ] GC(367)  tenured generation   total 699072K, used 568124K [0x00000000d5550000, 0x0000000100000000, 0x0000000100000000)
[21.161s][debug][gc,heap        ] GC(367)    the space 699072K,  81% used [0x00000000d5550000, 0x00000000f801f068, 0x00000000f801f200, 0x0000000100000000)
[21.161s][debug][gc,heap        ] GC(367)  Metaspace       used 6360K, committed 6528K, reserved 1114112K
[21.161s][debug][gc,heap        ] GC(367)   class space    used 546K, committed 640K, reserved 1048576K
[21.161s][info ][gc             ] GC(367) Pause Young (Allocation Failure) 861M->861M(989M) 0.179ms
[21.161s][info ][gc,cpu         ] GC(367) User=0.00s Sys=0.00s Real=0.00s
[21.161s][info ][gc,start       ] GC(368) Pause Full (Allocation Failure)
[21.161s][debug][gc,heap        ] GC(368) Heap before GC invocations=300 (full 68):
[21.161s][debug][gc,heap        ] GC(368)  def new generation   total 314560K, used 314521K [0x00000000c0000000, 0x00000000d5550000, 0x00000000d5550000)
[21.161s][debug][gc,heap        ] GC(368)   eden space 279616K, 100% used [0x00000000c0000000, 0x00000000d1110000, 0x00000000d1110000)
[21.161s][debug][gc,heap        ] GC(368)   from space 34944K,  99% used [0x00000000d3330000, 0x00000000d55465d0, 0x00000000d5550000)
[21.161s][debug][gc,heap        ] GC(368)   to   space 34944K,   0% used [0x00000000d1110000, 0x00000000d1110000, 0x00000000d3330000)
[21.161s][debug][gc,heap        ] GC(368)  tenured generation   total 699072K, used 568124K [0x00000000d5550000, 0x0000000100000000, 0x0000000100000000)
[21.161s][debug][gc,heap        ] GC(368)    the space 699072K,  81% used [0x00000000d5550000, 0x00000000f801f068, 0x00000000f801f200, 0x0000000100000000)
[21.161s][debug][gc,heap        ] GC(368)  Metaspace       used 6360K, committed 6528K, reserved 1114112K
[21.161s][debug][gc,heap        ] GC(368)   class space    used 546K, committed 640K, reserved 1048576K
[21.161s][info ][gc,phases,start] GC(368) Phase 1: Mark live objects
[21.162s][info ][gc,phases      ] GC(368) Phase 1: Mark live objects 1.086ms
[21.162s][info ][gc,phases,start] GC(368) Phase 2: Compute new object addresses
[21.163s][info ][gc,phases      ] GC(368) Phase 2: Compute new object addresses 1.300ms
[21.163s][info ][gc,phases,start] GC(368) Phase 3: Adjust pointers
[21.164s][info ][gc,phases      ] GC(368) Phase 3: Adjust pointers 0.699ms
[21.164s][info ][gc,phases,start] GC(368) Phase 4: Move objects
[21.204s][info ][gc,phases      ] GC(368) Phase 4: Move objects 39.649ms
[21.204s][info ][gc,heap        ] GC(368) DefNew: 314521K(314560K)->0K(314560K) Eden: 279616K(279616K)->0K(279616K) From: 34905K(34944K)->0K(34944K)
[21.204s][info ][gc,heap        ] GC(368) Tenured: 568124K(699072K)->200766K(699072K)
[21.204s][info ][gc,metaspace   ] GC(368) Metaspace: 6360K(6528K)->6360K(6528K) NonClass: 5814K(5888K)->5814K(5888K) Class: 546K(640K)->546K(640K)
[21.204s][debug][gc,heap        ] GC(368) Heap after GC invocations=300 (full 69):
[21.204s][debug][gc,heap        ] GC(368)  def new generation   total 314560K, used 0K [0x00000000c0000000, 0x00000000d5550000, 0x00000000d5550000)
[21.204s][debug][gc,heap        ] GC(368)   eden space 279616K,   0% used [0x00000000c0000000, 0x00000000c0000000, 0x00000000d1110000)
[21.204s][debug][gc,heap        ] GC(368)   from space 34944K,   0% used [0x00000000d3330000, 0x00000000d3330000, 0x00000000d5550000)
[21.204s][debug][gc,heap        ] GC(368)   to   space 34944K,   0% used [0x00000000d1110000, 0x00000000d1110000, 0x00000000d3330000)
[21.204s][debug][gc,heap        ] GC(368)  tenured generation   total 699072K, used 200766K [0x00000000d5550000, 0x0000000100000000, 0x0000000100000000)
[21.204s][debug][gc,heap        ] GC(368)    the space 699072K,  28% used [0x00000000d5550000, 0x00000000e195fad8, 0x00000000e195fc00, 0x0000000100000000)
[21.204s][debug][gc,heap        ] GC(368)  Metaspace       used 6360K, committed 6528K, reserved 1114112K
[21.204s][debug][gc,heap        ] GC(368)   class space    used 546K, committed 640K, reserved 1048576K
[21.204s][info ][gc             ] GC(368) Pause Full (Allocation Failure) 861M->196M(989M) 43.007ms
[21.204s][info ][gc,cpu         ] GC(368) User=0.05s Sys=0.00s Real=0.04s
[21.204s][info ][safepoint      ] Safepoint "GenCollectForAllocation", Time since last: 52672607 ns, Reaching safepoint: 4500 ns, Cleanup: 5500 ns, At safepoint: 43236687 ns, Total: 43246687 ns
[21.241s][info ][gc,start       ] GC(369) Pause Young (Allocation Failure)
[21.241s][debug][gc,heap        ] GC(369) Heap before GC invocations=300 (full 69):
[21.241s][debug][gc,heap        ] GC(369)  def new generation   total 314560K, used 279616K [0x00000000c0000000, 0x00000000d5550000, 0x00000000d5550000)
[21.241s][debug][gc,heap        ] GC(369)   eden space 279616K, 100% used [0x00000000c0000000, 0x00000000d1110000, 0x00000000d1110000)
[21.241s][debug][gc,heap        ] GC(369)   from space 34944K,   0% used [0x00000000d3330000, 0x00000000d3330000, 0x00000000d5550000)
[21.241s][debug][gc,heap        ] GC(369)   to   space 34944K,   0% used [0x00000000d1110000, 0x00000000d1110000, 0x00000000d3330000)
[21.241s][debug][gc,heap        ] GC(369)  tenured generation   total 699072K, used 200766K [0x00000000d5550000, 0x0000000100000000, 0x0000000100000000)
[21.241s][debug][gc,heap        ] GC(369)    the space 699072K,  28% used [0x00000000d5550000, 0x00000000e195fad8, 0x00000000e195fc00, 0x0000000100000000)
[21.241s][debug][gc,heap        ] GC(369)  Metaspace       used 6360K, committed 6528K, reserved 1114112K
[21.241s][debug][gc,heap        ] GC(369)   class space    used 546K, committed 640K, reserved 1048576K
[21.266s][info ][gc,heap        ] GC(369) DefNew: 279616K(314560K)->34905K(314560K) Eden: 279616K(279616K)->0K(279616K) From: 0K(34944K)->34905K(34944K)
[21.266s][info ][gc,heap        ] GC(369) Tenured: 200766K(699072K)->313084K(699072K)
[21.266s][info ][gc,metaspace   ] GC(369) Metaspace: 6360K(6528K)->6360K(6528K) NonClass: 5814K(5888K)->5814K(5888K) Class: 546K(640K)->546K(640K)
[21.267s][debug][gc,heap        ] GC(369) Heap after GC invocations=301 (full 69):
[21.267s][debug][gc,heap        ] GC(369)  def new generation   total 314560K, used 34905K [0x00000000c0000000, 0x00000000d5550000, 0x00000000d5550000)
[21.267s][debug][gc,heap        ] GC(369)   eden space 279616K,   0% used [0x00000000c0000000, 0x00000000c0000000, 0x00000000d1110000)
[21.267s][debug][gc,heap        ] GC(369)   from space 34944K,  99% used [0x00000000d1110000, 0x00000000d33265d0, 0x00000000d3330000)
[21.267s][debug][gc,heap        ] GC(369)   to   space 34944K,   0% used [0x00000000d3330000, 0x00000000d3330000, 0x00000000d5550000)
[21.267s][debug][gc,heap        ] GC(369)  tenured generation   total 699072K, used 313084K [0x00000000d5550000, 0x0000000100000000, 0x0000000100000000)
[21.267s][debug][gc,heap        ] GC(369)    the space 699072K,  44% used [0x00000000d5550000, 0x00000000e870f108, 0x00000000e870f200, 0x0000000100000000)
[21.267s][debug][gc,heap        ] GC(369)  Metaspace       used 6360K, committed 6528K, reserved 1114112K
[21.267s][debug][gc,heap        ] GC(369)   class space    used 546K, committed 640K, reserved 1048576K
[21.267s][info ][gc             ] GC(369) Pause Young (Allocation Failure) 469M->339M(989M) 25.731ms
[21.267s][info ][gc,cpu         ] GC(369) User=0.03s Sys=0.00s Real=0.02s
[21.267s][info ][safepoint      ] Safepoint "GenCollectForAllocation", Time since last: 36794375 ns, Reaching safepoint: 6100 ns, Cleanup: 5600 ns, At safepoint: 25762153 ns, Total: 25773853 ns
[21.301s][info ][gc,start       ] GC(370) Pause Young (Allocation Failure)
[21.301s][debug][gc,heap        ] GC(370) Heap before GC invocations=301 (full 69):
[21.301s][debug][gc,heap        ] GC(370)  def new generation   total 314560K, used 314521K [0x00000000c0000000, 0x00000000d5550000, 0x00000000d5550000)
[21.301s][debug][gc,heap        ] GC(370)   eden space 279616K, 100% used [0x00000000c0000000, 0x00000000d1110000, 0x00000000d1110000)
[21.301s][debug][gc,heap        ] GC(370)   from space 34944K,  99% used [0x00000000d1110000, 0x00000000d33265d0, 0x00000000d3330000)
[21.301s][debug][gc,heap        ] GC(370)   to   space 34944K,   0% used [0x00000000d3330000, 0x00000000d3330000, 0x00000000d5550000)
[21.301s][debug][gc,heap        ] GC(370)  tenured generation   total 699072K, used 313084K [0x00000000d5550000, 0x0000000100000000, 0x0000000100000000)
[21.301s][debug][gc,heap        ] GC(370)    the space 699072K,  44% used [0x00000000d5550000, 0x00000000e870f108, 0x00000000e870f200, 0x0000000100000000)
[21.301s][debug][gc,heap        ] GC(370)  Metaspace       used 6360K, committed 6528K, reserved 1114112K
[21.301s][debug][gc,heap        ] GC(370)   class space    used 546K, committed 640K, reserved 1048576K
[21.327s][info ][gc,heap        ] GC(370) DefNew: 314521K(314560K)->34905K(314560K) Eden: 279616K(279616K)->0K(279616K) From: 34905K(34944K)->34905K(34944K)
[21.327s][info ][gc,heap        ] GC(370) Tenured: 313084K(699072K)->434703K(699072K)
[21.327s][info ][gc,metaspace   ] GC(370) Metaspace: 6360K(6528K)->6360K(6528K) NonClass: 5814K(5888K)->5814K(5888K) Class: 546K(640K)->546K(640K)
[21.327s][debug][gc,heap        ] GC(370) Heap after GC invocations=302 (full 69):
[21.327s][debug][gc,heap        ] GC(370)  def new generation   total 314560K, used 34905K [0x00000000c0000000, 0x00000000d5550000, 0x00000000d5550000)
[21.327s][debug][gc,heap        ] GC(370)   eden space 279616K,   0% used [0x00000000c0000000, 0x00000000c0000000, 0x00000000d1110000)
[21.327s][debug][gc,heap        ] GC(370)   from space 34944K,  99% used [0x00000000d3330000, 0x00000000d55465d0, 0x00000000d5550000)
[21.327s][debug][gc,heap        ] GC(370)   to   space 34944K,   0% used [0x00000000d1110000, 0x00000000d1110000, 0x00000000d3330000)
[21.327s][debug][gc,heap        ] GC(370)  tenured generation   total 699072K, used 434703K [0x00000000d5550000, 0x0000000100000000, 0x0000000100000000)
[21.327s][debug][gc,heap        ] GC(370)    the space 699072K,  62% used [0x00000000d5550000, 0x00000000efdd3d08, 0x00000000efdd3e00, 0x0000000100000000)
[21.327s][debug][gc,heap        ] GC(370)  Metaspace       used 6360K, committed 6528K, reserved 1114112K
[21.327s][debug][gc,heap        ] GC(370)   class space    used 546K, committed 640K, reserved 1048576K
[21.327s][info ][gc             ] GC(370) Pause Young (Allocation Failure) 612M->458M(989M) 25.549ms
[21.327s][info ][gc,cpu         ] GC(370) User=0.03s Sys=0.00s Real=0.02s
[21.327s][info ][safepoint      ] Safepoint "GenCollectForAllocation", Time since last: 34857270 ns, Reaching safepoint: 3400 ns, Cleanup: 3900 ns, At safepoint: 25575252 ns, Total: 25582552 ns
[21.359s][info ][gc,start       ] GC(371) Pause Young (Allocation Failure)
[21.359s][debug][gc,heap        ] GC(371) Heap before GC invocations=302 (full 69):
[21.359s][debug][gc,heap        ] GC(371)  def new generation   total 314560K, used 314521K [0x00000000c0000000, 0x00000000d5550000, 0x00000000d5550000)
[21.359s][debug][gc,heap        ] GC(371)   eden space 279616K, 100% used [0x00000000c0000000, 0x00000000d1110000, 0x00000000d1110000)
[21.359s][debug][gc,heap        ] GC(371)   from space 34944K,  99% used [0x00000000d3330000, 0x00000000d55465d0, 0x00000000d5550000)
[21.359s][debug][gc,heap        ] GC(371)   to   space 34944K,   0% used [0x00000000d1110000, 0x00000000d1110000, 0x00000000d3330000)
[21.359s][debug][gc,heap        ] GC(371)  tenured generation   total 699072K, used 434703K [0x00000000d5550000, 0x0000000100000000, 0x0000000100000000)
[21.359s][debug][gc,heap        ] GC(371)    the space 699072K,  62% used [0x00000000d5550000, 0x00000000efdd3d08, 0x00000000efdd3e00, 0x0000000100000000)
[21.359s][debug][gc,heap        ] GC(371)  Metaspace       used 6360K, committed 6528K, reserved 1114112K
[21.359s][debug][gc,heap        ] GC(371)   class space    used 546K, committed 640K, reserved 1048576K
[21.395s][info ][gc,heap        ] GC(371) DefNew: 314521K(314560K)->34905K(314560K) Eden: 279616K(279616K)->0K(279616K) From: 34905K(34944K)->34905K(34944K)
[21.395s][info ][gc,heap        ] GC(371) Tenured: 434703K(699072K)->558922K(699072K)
[21.395s][info ][gc,metaspace   ] GC(371) Metaspace: 6360K(6528K)->6360K(6528K) NonClass: 5814K(5888K)->5814K(5888K) Class: 546K(640K)->546K(640K)
[21.395s][debug][gc,heap        ] GC(371) Heap after GC invocations=303 (full 69):
[21.395s][debug][gc,heap        ] GC(371)  def new generation   total 314560K, used 34905K [0x00000000c0000000, 0x00000000d5550000, 0x00000000d5550000)
[21.395s][debug][gc,heap        ] GC(371)   eden space 279616K,   0% used [0x00000000c0000000, 0x00000000c0000000, 0x00000000d1110000)
[21.395s][debug][gc,heap        ] GC(371)   from space 34944K,  99% used [0x00000000d1110000, 0x00000000d33265d0, 0x00000000d3330000)
[21.395s][debug][gc,heap        ] GC(371)   to   space 34944K,   0% used [0x00000000d3330000, 0x00000000d3330000, 0x00000000d5550000)
[21.395s][debug][gc,heap        ] GC(371)  tenured generation   total 699072K, used 558922K [0x00000000d5550000, 0x0000000100000000, 0x0000000100000000)
[21.395s][debug][gc,heap        ] GC(371)    the space 699072K,  79% used [0x00000000d5550000, 0x00000000f7722aa8, 0x00000000f7722c00, 0x0000000100000000)
[21.395s][debug][gc,heap        ] GC(371)  Metaspace       used 6360K, committed 6528K, reserved 1114112K
[21.395s][debug][gc,heap        ] GC(371)   class space    used 546K, committed 640K, reserved 1048576K
[21.395s][info ][gc             ] GC(371) Pause Young (Allocation Failure) 731M->579M(989M) 36.588ms
[21.395s][info ][gc,cpu         ] GC(371) User=0.04s Sys=0.00s Real=0.04s
[21.396s][info ][safepoint      ] Safepoint "GenCollectForAllocation", Time since last: 31890365 ns, Reaching safepoint: 2900 ns, Cleanup: 3700 ns, At safepoint: 36613375 ns, Total: 36619975 ns
[21.439s][info ][gc,start       ] GC(372) Pause Young (Allocation Failure)
[21.439s][debug][gc,heap        ] GC(372) Heap before GC invocations=303 (full 69):
[21.439s][debug][gc,heap        ] GC(372)  def new generation   total 314560K, used 314521K [0x00000000c0000000, 0x00000000d5550000, 0x00000000d5550000)
[21.439s][debug][gc,heap        ] GC(372)   eden space 279616K, 100% used [0x00000000c0000000, 0x00000000d1110000, 0x00000000d1110000)
[21.439s][debug][gc,heap        ] GC(372)   from space 34944K,  99% used [0x00000000d1110000, 0x00000000d33265d0, 0x00000000d3330000)
[21.439s][debug][gc,heap        ] GC(372)   to   space 34944K,   0% used [0x00000000d3330000, 0x00000000d3330000, 0x00000000d5550000)
[21.439s][debug][gc,heap        ] GC(372)  tenured generation   total 699072K, used 558922K [0x00000000d5550000, 0x0000000100000000, 0x0000000100000000)
[21.439s][debug][gc,heap        ] GC(372)    the space 699072K,  79% used [0x00000000d5550000, 0x00000000f7722aa8, 0x00000000f7722c00, 0x0000000100000000)
[21.439s][debug][gc,heap        ] GC(372)  Metaspace       used 6360K, committed 6528K, reserved 1114112K
[21.439s][debug][gc,heap        ] GC(372)   class space    used 546K, committed 640K, reserved 1048576K
[21.439s][debug][gc,heap        ] GC(372) Heap after GC invocations=304 (full 69):
[21.439s][debug][gc,heap        ] GC(372)  def new generation   total 314560K, used 314521K [0x00000000c0000000, 0x00000000d5550000, 0x00000000d5550000)
[21.439s][debug][gc,heap        ] GC(372)   eden space 279616K, 100% used [0x00000000c0000000, 0x00000000d1110000, 0x00000000d1110000)
[21.439s][debug][gc,heap        ] GC(372)   from space 34944K,  99% used [0x00000000d1110000, 0x00000000d33265d0, 0x00000000d3330000)
[21.439s][debug][gc,heap        ] GC(372)   to   space 34944K,   0% used [0x00000000d3330000, 0x00000000d3330000, 0x00000000d5550000)
[21.439s][debug][gc,heap        ] GC(372)  tenured generation   total 699072K, used 558922K [0x00000000d5550000, 0x0000000100000000, 0x0000000100000000)
[21.439s][debug][gc,heap        ] GC(372)    the space 699072K,  79% used [0x00000000d5550000, 0x00000000f7722aa8, 0x00000000f7722c00, 0x0000000100000000)
[21.439s][debug][gc,heap        ] GC(372)  Metaspace       used 6360K, committed 6528K, reserved 1114112K
[21.439s][debug][gc,heap        ] GC(372)   class space    used 546K, committed 640K, reserved 1048576K
[21.439s][info ][gc             ] GC(372) Pause Young (Allocation Failure) 852M->852M(989M) 0.101ms
[21.439s][info ][gc,cpu         ] GC(372) User=0.00s Sys=0.00s Real=0.00s
[21.439s][info ][gc,start       ] GC(373) Pause Full (Allocation Failure)
[21.439s][debug][gc,heap        ] GC(373) Heap before GC invocations=304 (full 69):
[21.439s][debug][gc,heap        ] GC(373)  def new generation   total 314560K, used 314521K [0x00000000c0000000, 0x00000000d5550000, 0x00000000d5550000)
[21.439s][debug][gc,heap        ] GC(373)   eden space 279616K, 100% used [0x00000000c0000000, 0x00000000d1110000, 0x00000000d1110000)
[21.439s][debug][gc,heap        ] GC(373)   from space 34944K,  99% used [0x00000000d1110000, 0x00000000d33265d0, 0x00000000d3330000)
[21.439s][debug][gc,heap        ] GC(373)   to   space 34944K,   0% used [0x00000000d3330000, 0x00000000d3330000, 0x00000000d5550000)
[21.439s][debug][gc,heap        ] GC(373)  tenured generation   total 699072K, used 558922K [0x00000000d5550000, 0x0000000100000000, 0x0000000100000000)
[21.439s][debug][gc,heap        ] GC(373)    the space 699072K,  79% used [0x00000000d5550000, 0x00000000f7722aa8, 0x00000000f7722c00, 0x0000000100000000)
[21.439s][debug][gc,heap        ] GC(373)  Metaspace       used 6360K, committed 6528K, reserved 1114112K
[21.439s][debug][gc,heap        ] GC(373)   class space    used 546K, committed 640K, reserved 1048576K
[21.439s][info ][gc,phases,start] GC(373) Phase 1: Mark live objects
[21.440s][info ][gc,phases      ] GC(373) Phase 1: Mark live objects 1.232ms
[21.440s][info ][gc,phases,start] GC(373) Phase 2: Compute new object addresses
[21.442s][info ][gc,phases      ] GC(373) Phase 2: Compute new object addresses 1.601ms
[21.442s][info ][gc,phases,start] GC(373) Phase 3: Adjust pointers
[21.443s][info ][gc,phases      ] GC(373) Phase 3: Adjust pointers 0.643ms
[21.443s][info ][gc,phases,start] GC(373) Phase 4: Move objects
[21.484s][info ][gc,phases      ] GC(373) Phase 4: Move objects 41.460ms
[21.484s][info ][gc,heap        ] GC(373) DefNew: 314521K(314560K)->0K(314560K) Eden: 279616K(279616K)->0K(279616K) From: 34905K(34944K)->0K(34944K)
[21.485s][info ][gc,heap        ] GC(373) Tenured: 558922K(699072K)->200766K(699072K)
[21.485s][info ][gc,metaspace   ] GC(373) Metaspace: 6360K(6528K)->6360K(6528K) NonClass: 5814K(5888K)->5814K(5888K) Class: 546K(640K)->546K(640K)
[21.485s][debug][gc,heap        ] GC(373) Heap after GC invocations=304 (full 70):
[21.485s][debug][gc,heap        ] GC(373)  def new generation   total 314560K, used 0K [0x00000000c0000000, 0x00000000d5550000, 0x00000000d5550000)
[21.485s][debug][gc,heap        ] GC(373)   eden space 279616K,   0% used [0x00000000c0000000, 0x00000000c0000000, 0x00000000d1110000)
[21.485s][debug][gc,heap        ] GC(373)   from space 34944K,   0% used [0x00000000d1110000, 0x00000000d1110000, 0x00000000d3330000)
[21.485s][debug][gc,heap        ] GC(373)   to   space 34944K,   0% used [0x00000000d3330000, 0x00000000d3330000, 0x00000000d5550000)
[21.485s][debug][gc,heap        ] GC(373)  tenured generation   total 699072K, used 200766K [0x00000000d5550000, 0x0000000100000000, 0x0000000100000000)
[21.485s][debug][gc,heap        ] GC(373)    the space 699072K,  28% used [0x00000000d5550000, 0x00000000e195fad8, 0x00000000e195fc00, 0x0000000100000000)
[21.485s][debug][gc,heap        ] GC(373)  Metaspace       used 6360K, committed 6528K, reserved 1114112K
[21.485s][debug][gc,heap        ] GC(373)   class space    used 546K, committed 640K, reserved 1048576K
[21.485s][info ][gc             ] GC(373) Pause Full (Allocation Failure) 852M->196M(989M) 45.397ms
[21.485s][info ][gc,cpu         ] GC(373) User=0.05s Sys=0.00s Real=0.05s
[21.485s][info ][safepoint      ] Safepoint "GenCollectForAllocation", Time since last: 43578888 ns, Reaching safepoint: 3600 ns, Cleanup: 4200 ns, At safepoint: 45542393 ns, Total: 45550193 ns
[21.548s][info ][gc,start       ] GC(374) Pause Young (Allocation Failure)
[21.548s][debug][gc,heap        ] GC(374) Heap before GC invocations=304 (full 70):
[21.548s][debug][gc,heap        ] GC(374)  def new generation   total 314560K, used 279616K [0x00000000c0000000, 0x00000000d5550000, 0x00000000d5550000)
[21.548s][debug][gc,heap        ] GC(374)   eden space 279616K, 100% used [0x00000000c0000000, 0x00000000d1110000, 0x00000000d1110000)
[21.548s][debug][gc,heap        ] GC(374)   from space 34944K,   0% used [0x00000000d1110000, 0x00000000d1110000, 0x00000000d3330000)
[21.548s][debug][gc,heap        ] GC(374)   to   space 34944K,   0% used [0x00000000d3330000, 0x00000000d3330000, 0x00000000d5550000)
[21.548s][debug][gc,heap        ] GC(374)  tenured generation   total 699072K, used 200766K [0x00000000d5550000, 0x0000000100000000, 0x0000000100000000)
[21.548s][debug][gc,heap        ] GC(374)    the space 699072K,  28% used [0x00000000d5550000, 0x00000000e195fad8, 0x00000000e195fc00, 0x0000000100000000)
[21.548s][debug][gc,heap        ] GC(374)  Metaspace       used 6360K, committed 6528K, reserved 1114112K
[21.548s][debug][gc,heap        ] GC(374)   class space    used 546K, committed 640K, reserved 1048576K
[21.591s][info ][gc,heap        ] GC(374) DefNew: 279616K(314560K)->34905K(314560K) Eden: 279616K(279616K)->0K(279616K) From: 0K(34944K)->34905K(34944K)
[21.591s][info ][gc,heap        ] GC(374) Tenured: 200766K(699072K)->315884K(699072K)
[21.591s][info ][gc,metaspace   ] GC(374) Metaspace: 6360K(6528K)->6360K(6528K) NonClass: 5814K(5888K)->5814K(5888K) Class: 546K(640K)->546K(640K)
[21.591s][debug][gc,heap        ] GC(374) Heap after GC invocations=305 (full 70):
[21.591s][debug][gc,heap        ] GC(374)  def new generation   total 314560K, used 34905K [0x00000000c0000000, 0x00000000d5550000, 0x00000000d5550000)
[21.591s][debug][gc,heap        ] GC(374)   eden space 279616K,   0% used [0x00000000c0000000, 0x00000000c0000000, 0x00000000d1110000)
[21.591s][debug][gc,heap        ] GC(374)   from space 34944K,  99% used [0x00000000d3330000, 0x00000000d55465d0, 0x00000000d5550000)
[21.591s][debug][gc,heap        ] GC(374)   to   space 34944K,   0% used [0x00000000d1110000, 0x00000000d1110000, 0x00000000d3330000)
[21.591s][debug][gc,heap        ] GC(374)  tenured generation   total 699072K, used 315884K [0x00000000d5550000, 0x0000000100000000, 0x0000000100000000)
[21.591s][debug][gc,heap        ] GC(374)    the space 699072K,  45% used [0x00000000d5550000, 0x00000000e89cb2c8, 0x00000000e89cb400, 0x0000000100000000)
[21.591s][debug][gc,heap        ] GC(374)  Metaspace       used 6360K, committed 6528K, reserved 1114112K
[21.591s][debug][gc,heap        ] GC(374)   class space    used 546K, committed 640K, reserved 1048576K
[21.591s][info ][gc             ] GC(374) Pause Young (Allocation Failure) 469M->342M(989M) 42.606ms
[21.591s][info ][gc,cpu         ] GC(374) User=0.04s Sys=0.00s Real=0.05s
[21.591s][info ][safepoint      ] Safepoint "GenCollectForAllocation", Time since last: 63688129 ns, Reaching safepoint: 4900 ns, Cleanup: 4500 ns, At safepoint: 42646787 ns, Total: 42656187 ns
[21.657s][info ][gc,start       ] GC(375) Pause Young (Allocation Failure)
[21.657s][debug][gc,heap        ] GC(375) Heap before GC invocations=305 (full 70):
[21.657s][debug][gc,heap        ] GC(375)  def new generation   total 314560K, used 314521K [0x00000000c0000000, 0x00000000d5550000, 0x00000000d5550000)
[21.657s][debug][gc,heap        ] GC(375)   eden space 279616K, 100% used [0x00000000c0000000, 0x00000000d1110000, 0x00000000d1110000)
[21.657s][debug][gc,heap        ] GC(375)   from space 34944K,  99% used [0x00000000d3330000, 0x00000000d55465d0, 0x00000000d5550000)
[21.657s][debug][gc,heap        ] GC(375)   to   space 34944K,   0% used [0x00000000d1110000, 0x00000000d1110000, 0x00000000d3330000)
[21.657s][debug][gc,heap        ] GC(375)  tenured generation   total 699072K, used 315884K [0x00000000d5550000, 0x0000000100000000, 0x0000000100000000)
[21.657s][debug][gc,heap        ] GC(375)    the space 699072K,  45% used [0x00000000d5550000, 0x00000000e89cb2c8, 0x00000000e89cb400, 0x0000000100000000)
[21.657s][debug][gc,heap        ] GC(375)  Metaspace       used 6360K, committed 6528K, reserved 1114112K
[21.657s][debug][gc,heap        ] GC(375)   class space    used 546K, committed 640K, reserved 1048576K
[21.698s][info ][gc,heap        ] GC(375) DefNew: 314521K(314560K)->34905K(314560K) Eden: 279616K(279616K)->0K(279616K) From: 34905K(34944K)->34905K(34944K)
[21.698s][info ][gc,heap        ] GC(375) Tenured: 315884K(699072K)->436503K(699072K)
[21.698s][info ][gc,metaspace   ] GC(375) Metaspace: 6360K(6528K)->6360K(6528K) NonClass: 5814K(5888K)->5814K(5888K) Class: 546K(640K)->546K(640K)
[21.698s][debug][gc,heap        ] GC(375) Heap after GC invocations=306 (full 70):
[21.698s][debug][gc,heap        ] GC(375)  def new generation   total 314560K, used 34905K [0x00000000c0000000, 0x00000000d5550000, 0x00000000d5550000)
[21.698s][debug][gc,heap        ] GC(375)   eden space 279616K,   0% used [0x00000000c0000000, 0x00000000c0000000, 0x00000000d1110000)
[21.698s][debug][gc,heap        ] GC(375)   from space 34944K,  99% used [0x00000000d1110000, 0x00000000d33265d0, 0x00000000d3330000)
[21.698s][debug][gc,heap        ] GC(375)   to   space 34944K,   0% used [0x00000000d3330000, 0x00000000d3330000, 0x00000000d5550000)
[21.698s][debug][gc,heap        ] GC(375)  tenured generation   total 699072K, used 436503K [0x00000000d5550000, 0x0000000100000000, 0x0000000100000000)
[21.698s][debug][gc,heap        ] GC(375)    the space 699072K,  62% used [0x00000000d5550000, 0x00000000eff95e28, 0x00000000eff96000, 0x0000000100000000)
[21.698s][debug][gc,heap        ] GC(375)  Metaspace       used 6360K, committed 6528K, reserved 1114112K
[21.698s][debug][gc,heap        ] GC(375)   class space    used 546K, committed 640K, reserved 1048576K
[21.698s][info ][gc             ] GC(375) Pause Young (Allocation Failure) 615M->460M(989M) 40.948ms
[21.698s][info ][gc,cpu         ] GC(375) User=0.04s Sys=0.00s Real=0.04s
[21.698s][info ][safepoint      ] Safepoint "GenCollectForAllocation", Time since last: 66363935 ns, Reaching safepoint: 4900 ns, Cleanup: 5100 ns, At safepoint: 41006983 ns, Total: 41016983 ns
[21.759s][info ][gc,start       ] GC(376) Pause Young (Allocation Failure)
[21.759s][debug][gc,heap        ] GC(376) Heap before GC invocations=306 (full 70):
[21.759s][debug][gc,heap        ] GC(376)  def new generation   total 314560K, used 314521K [0x00000000c0000000, 0x00000000d5550000, 0x00000000d5550000)
[21.759s][debug][gc,heap        ] GC(376)   eden space 279616K, 100% used [0x00000000c0000000, 0x00000000d1110000, 0x00000000d1110000)
[21.759s][debug][gc,heap        ] GC(376)   from space 34944K,  99% used [0x00000000d1110000, 0x00000000d33265d0, 0x00000000d3330000)
[21.759s][debug][gc,heap        ] GC(376)   to   space 34944K,   0% used [0x00000000d3330000, 0x00000000d3330000, 0x00000000d5550000)
[21.759s][debug][gc,heap        ] GC(376)  tenured generation   total 699072K, used 436503K [0x00000000d5550000, 0x0000000100000000, 0x0000000100000000)
[21.759s][debug][gc,heap        ] GC(376)    the space 699072K,  62% used [0x00000000d5550000, 0x00000000eff95e28, 0x00000000eff96000, 0x0000000100000000)
[21.759s][debug][gc,heap        ] GC(376)  Metaspace       used 6360K, committed 6528K, reserved 1114112K
[21.759s][debug][gc,heap        ] GC(376)   class space    used 546K, committed 640K, reserved 1048576K
[21.799s][info ][gc,heap        ] GC(376) DefNew: 314521K(314560K)->34905K(314560K) Eden: 279616K(279616K)->0K(279616K) From: 34905K(34944K)->34905K(34944K)
[21.799s][info ][gc,heap        ] GC(376) Tenured: 436503K(699072K)->560422K(699072K)
[21.799s][info ][gc,metaspace   ] GC(376) Metaspace: 6360K(6528K)->6360K(6528K) NonClass: 5814K(5888K)->5814K(5888K) Class: 546K(640K)->546K(640K)
[21.799s][debug][gc,heap        ] GC(376) Heap after GC invocations=307 (full 70):
[21.799s][debug][gc,heap        ] GC(376)  def new generation   total 314560K, used 34905K [0x00000000c0000000, 0x00000000d5550000, 0x00000000d5550000)
[21.799s][debug][gc,heap        ] GC(376)   eden space 279616K,   0% used [0x00000000c0000000, 0x00000000c0000000, 0x00000000d1110000)
[21.799s][debug][gc,heap        ] GC(376)   from space 34944K,  99% used [0x00000000d3330000, 0x00000000d55465d0, 0x00000000d5550000)
[21.799s][debug][gc,heap        ] GC(376)   to   space 34944K,   0% used [0x00000000d1110000, 0x00000000d1110000, 0x00000000d3330000)
[21.799s][debug][gc,heap        ] GC(376)  tenured generation   total 699072K, used 560422K [0x00000000d5550000, 0x0000000100000000, 0x0000000100000000)
[21.799s][debug][gc,heap        ] GC(376)    the space 699072K,  80% used [0x00000000d5550000, 0x00000000f7899b98, 0x00000000f7899c00, 0x0000000100000000)
[21.799s][debug][gc,heap        ] GC(376)  Metaspace       used 6360K, committed 6528K, reserved 1114112K
[21.799s][debug][gc,heap        ] GC(376)   class space    used 546K, committed 640K, reserved 1048576K
[21.799s][info ][gc             ] GC(376) Pause Young (Allocation Failure) 733M->581M(989M) 40.542ms
[21.799s][info ][gc,cpu         ] GC(376) User=0.04s Sys=0.00s Real=0.04s
[21.799s][info ][safepoint      ] Safepoint "GenCollectForAllocation", Time since last: 60330923 ns, Reaching safepoint: 12300 ns, Cleanup: 9500 ns, At safepoint: 40582782 ns, Total: 40604582 ns
[21.848s][info ][gc,start       ] GC(377) Pause Young (Allocation Failure)
[21.848s][debug][gc,heap        ] GC(377) Heap before GC invocations=307 (full 70):
[21.848s][debug][gc,heap        ] GC(377)  def new generation   total 314560K, used 314521K [0x00000000c0000000, 0x00000000d5550000, 0x00000000d5550000)
[21.848s][debug][gc,heap        ] GC(377)   eden space 279616K, 100% used [0x00000000c0000000, 0x00000000d1110000, 0x00000000d1110000)
[21.848s][debug][gc,heap        ] GC(377)   from space 34944K,  99% used [0x00000000d3330000, 0x00000000d55465d0, 0x00000000d5550000)
[21.848s][debug][gc,heap        ] GC(377)   to   space 34944K,   0% used [0x00000000d1110000, 0x00000000d1110000, 0x00000000d3330000)
[21.848s][debug][gc,heap        ] GC(377)  tenured generation   total 699072K, used 560422K [0x00000000d5550000, 0x0000000100000000, 0x0000000100000000)
[21.848s][debug][gc,heap        ] GC(377)    the space 699072K,  80% used [0x00000000d5550000, 0x00000000f7899b98, 0x00000000f7899c00, 0x0000000100000000)
[21.848s][debug][gc,heap        ] GC(377)  Metaspace       used 6360K, committed 6528K, reserved 1114112K
[21.848s][debug][gc,heap        ] GC(377)   class space    used 546K, committed 640K, reserved 1048576K
[21.848s][debug][gc,heap        ] GC(377) Heap after GC invocations=308 (full 70):
[21.848s][debug][gc,heap        ] GC(377)  def new generation   total 314560K, used 314521K [0x00000000c0000000, 0x00000000d5550000, 0x00000000d5550000)
[21.848s][debug][gc,heap        ] GC(377)   eden space 279616K, 100% used [0x00000000c0000000, 0x00000000d1110000, 0x00000000d1110000)
[21.848s][debug][gc,heap        ] GC(377)   from space 34944K,  99% used [0x00000000d3330000, 0x00000000d55465d0, 0x00000000d5550000)
[21.848s][debug][gc,heap        ] GC(377)   to   space 34944K,   0% used [0x00000000d1110000, 0x00000000d1110000, 0x00000000d3330000)
[21.848s][debug][gc,heap        ] GC(377)  tenured generation   total 699072K, used 560422K [0x00000000d5550000, 0x0000000100000000, 0x0000000100000000)
[21.848s][debug][gc,heap        ] GC(377)    the space 699072K,  80% used [0x00000000d5550000, 0x00000000f7899b98, 0x00000000f7899c00, 0x0000000100000000)
[21.848s][debug][gc,heap        ] GC(377)  Metaspace       used 6360K, committed 6528K, reserved 1114112K
[21.848s][debug][gc,heap        ] GC(377)   class space    used 546K, committed 640K, reserved 1048576K
[21.848s][info ][gc             ] GC(377) Pause Young (Allocation Failure) 854M->854M(989M) 0.118ms
[21.848s][info ][gc,cpu         ] GC(377) User=0.00s Sys=0.00s Real=0.00s
[21.848s][info ][gc,start       ] GC(378) Pause Full (Allocation Failure)
[21.848s][debug][gc,heap        ] GC(378) Heap before GC invocations=308 (full 70):
[21.848s][debug][gc,heap        ] GC(378)  def new generation   total 314560K, used 314521K [0x00000000c0000000, 0x00000000d5550000, 0x00000000d5550000)
[21.848s][debug][gc,heap        ] GC(378)   eden space 279616K, 100% used [0x00000000c0000000, 0x00000000d1110000, 0x00000000d1110000)
[21.848s][debug][gc,heap        ] GC(378)   from space 34944K,  99% used [0x00000000d3330000, 0x00000000d55465d0, 0x00000000d5550000)
[21.848s][debug][gc,heap        ] GC(378)   to   space 34944K,   0% used [0x00000000d1110000, 0x00000000d1110000, 0x00000000d3330000)
[21.848s][debug][gc,heap        ] GC(378)  tenured generation   total 699072K, used 560422K [0x00000000d5550000, 0x0000000100000000, 0x0000000100000000)
[21.848s][debug][gc,heap        ] GC(378)    the space 699072K,  80% used [0x00000000d5550000, 0x00000000f7899b98, 0x00000000f7899c00, 0x0000000100000000)
[21.848s][debug][gc,heap        ] GC(378)  Metaspace       used 6360K, committed 6528K, reserved 1114112K
[21.848s][debug][gc,heap        ] GC(378)   class space    used 546K, committed 640K, reserved 1048576K
[21.848s][info ][gc,phases,start] GC(378) Phase 1: Mark live objects
[21.849s][info ][gc,phases      ] GC(378) Phase 1: Mark live objects 0.968ms
[21.849s][info ][gc,phases,start] GC(378) Phase 2: Compute new object addresses
[21.851s][info ][gc,phases      ] GC(378) Phase 2: Compute new object addresses 1.484ms
[21.851s][info ][gc,phases,start] GC(378) Phase 3: Adjust pointers
[21.852s][info ][gc,phases      ] GC(378) Phase 3: Adjust pointers 0.740ms
[21.852s][info ][gc,phases,start] GC(378) Phase 4: Move objects
[21.900s][info ][gc,phases      ] GC(378) Phase 4: Move objects 48.533ms
[21.900s][info ][gc,heap        ] GC(378) DefNew: 314521K(314560K)->0K(314560K) Eden: 279616K(279616K)->0K(279616K) From: 34905K(34944K)->0K(34944K)
[21.900s][info ][gc,heap        ] GC(378) Tenured: 560422K(699072K)->222470K(699072K)
[21.900s][info ][gc,metaspace   ] GC(378) Metaspace: 6360K(6528K)->6360K(6528K) NonClass: 5814K(5888K)->5814K(5888K) Class: 546K(640K)->546K(640K)
[21.900s][debug][gc,heap        ] GC(378) Heap after GC invocations=308 (full 71):
[21.900s][debug][gc,heap        ] GC(378)  def new generation   total 314560K, used 0K [0x00000000c0000000, 0x00000000d5550000, 0x00000000d5550000)
[21.900s][debug][gc,heap        ] GC(378)   eden space 279616K,   0% used [0x00000000c0000000, 0x00000000c0000000, 0x00000000d1110000)
[21.900s][debug][gc,heap        ] GC(378)   from space 34944K,   0% used [0x00000000d3330000, 0x00000000d3330000, 0x00000000d5550000)
[21.900s][debug][gc,heap        ] GC(378)   to   space 34944K,   0% used [0x00000000d1110000, 0x00000000d1110000, 0x00000000d3330000)
[21.900s][debug][gc,heap        ] GC(378)  tenured generation   total 699072K, used 222470K [0x00000000d5550000, 0x0000000100000000, 0x0000000100000000)
[21.900s][debug][gc,heap        ] GC(378)    the space 699072K,  31% used [0x00000000d5550000, 0x00000000e2e91868, 0x00000000e2e91a00, 0x0000000100000000)
[21.900s][debug][gc,heap        ] GC(378)  Metaspace       used 6360K, committed 6528K, reserved 1114112K
[21.900s][debug][gc,heap        ] GC(378)   class space    used 546K, committed 640K, reserved 1048576K
[21.900s][info ][gc             ] GC(378) Pause Full (Allocation Failure) 854M->217M(989M) 52.036ms
[21.900s][info ][gc,cpu         ] GC(378) User=0.05s Sys=0.00s Real=0.06s
[21.900s][info ][safepoint      ] Safepoint "GenCollectForAllocation", Time since last: 48869400 ns, Reaching safepoint: 4800 ns, Cleanup: 4900 ns, At safepoint: 52197306 ns, Total: 52207006 ns
[21.949s][info ][gc,start       ] GC(379) Pause Young (Allocation Failure)
[21.949s][debug][gc,heap        ] GC(379) Heap before GC invocations=308 (full 71):
[21.949s][debug][gc,heap        ] GC(379)  def new generation   total 314560K, used 279616K [0x00000000c0000000, 0x00000000d5550000, 0x00000000d5550000)
[21.949s][debug][gc,heap        ] GC(379)   eden space 279616K, 100% used [0x00000000c0000000, 0x00000000d1110000, 0x00000000d1110000)
[21.949s][debug][gc,heap        ] GC(379)   from space 34944K,   0% used [0x00000000d3330000, 0x00000000d3330000, 0x00000000d5550000)
[21.949s][debug][gc,heap        ] GC(379)   to   space 34944K,   0% used [0x00000000d1110000, 0x00000000d1110000, 0x00000000d3330000)
[21.949s][debug][gc,heap        ] GC(379)  tenured generation   total 699072K, used 222470K [0x00000000d5550000, 0x0000000100000000, 0x0000000100000000)
[21.949s][debug][gc,heap        ] GC(379)    the space 699072K,  31% used [0x00000000d5550000, 0x00000000e2e91868, 0x00000000e2e91a00, 0x0000000100000000)
[21.949s][debug][gc,heap        ] GC(379)  Metaspace       used 6360K, committed 6528K, reserved 1114112K
[21.949s][debug][gc,heap        ] GC(379)   class space    used 546K, committed 640K, reserved 1048576K
[21.979s][info ][gc,heap        ] GC(379) DefNew: 279616K(314560K)->34905K(314560K) Eden: 279616K(279616K)->0K(279616K) From: 0K(34944K)->34905K(34944K)
[21.979s][info ][gc,heap        ] GC(379) Tenured: 222470K(699072K)->338888K(699072K)
[21.979s][info ][gc,metaspace   ] GC(379) Metaspace: 6360K(6528K)->6360K(6528K) NonClass: 5814K(5888K)->5814K(5888K) Class: 546K(640K)->546K(640K)
[21.979s][debug][gc,heap        ] GC(379) Heap after GC invocations=309 (full 71):
[21.979s][debug][gc,heap        ] GC(379)  def new generation   total 314560K, used 34905K [0x00000000c0000000, 0x00000000d5550000, 0x00000000d5550000)
[21.979s][debug][gc,heap        ] GC(379)   eden space 279616K,   0% used [0x00000000c0000000, 0x00000000c0000000, 0x00000000d1110000)
[21.979s][debug][gc,heap        ] GC(379)   from space 34944K,  99% used [0x00000000d1110000, 0x00000000d33265d0, 0x00000000d3330000)
[21.979s][debug][gc,heap        ] GC(379)   to   space 34944K,   0% used [0x00000000d3330000, 0x00000000d3330000, 0x00000000d5550000)
[21.979s][debug][gc,heap        ] GC(379)  tenured generation   total 699072K, used 338888K [0x00000000d5550000, 0x0000000100000000, 0x0000000100000000)
[21.979s][debug][gc,heap        ] GC(379)    the space 699072K,  48% used [0x00000000d5550000, 0x00000000ea042128, 0x00000000ea042200, 0x0000000100000000)
[21.979s][debug][gc,heap        ] GC(379)  Metaspace       used 6360K, committed 6528K, reserved 1114112K
[21.979s][debug][gc,heap        ] GC(379)   class space    used 546K, committed 640K, reserved 1048576K
[21.979s][info ][gc             ] GC(379) Pause Young (Allocation Failure) 490M->365M(989M) 30.601ms
[21.979s][info ][gc,cpu         ] GC(379) User=0.03s Sys=0.00s Real=0.03s
[21.979s][info ][safepoint      ] Safepoint "GenCollectForAllocation", Time since last: 48172098 ns, Reaching safepoint: 4100 ns, Cleanup: 4900 ns, At safepoint: 30627962 ns, Total: 30636962 ns
[22.016s][info ][gc,start       ] GC(380) Pause Young (Allocation Failure)
[22.016s][debug][gc,heap        ] GC(380) Heap before GC invocations=309 (full 71):
[22.016s][debug][gc,heap        ] GC(380)  def new generation   total 314560K, used 314521K [0x00000000c0000000, 0x00000000d5550000, 0x00000000d5550000)
[22.016s][debug][gc,heap        ] GC(380)   eden space 279616K, 100% used [0x00000000c0000000, 0x00000000d1110000, 0x00000000d1110000)
[22.016s][debug][gc,heap        ] GC(380)   from space 34944K,  99% used [0x00000000d1110000, 0x00000000d33265d0, 0x00000000d3330000)
[22.016s][debug][gc,heap        ] GC(380)   to   space 34944K,   0% used [0x00000000d3330000, 0x00000000d3330000, 0x00000000d5550000)
[22.016s][debug][gc,heap        ] GC(380)  tenured generation   total 699072K, used 338888K [0x00000000d5550000, 0x0000000100000000, 0x0000000100000000)
[22.016s][debug][gc,heap        ] GC(380)    the space 699072K,  48% used [0x00000000d5550000, 0x00000000ea042128, 0x00000000ea042200, 0x0000000100000000)
[22.016s][debug][gc,heap        ] GC(380)  Metaspace       used 6360K, committed 6528K, reserved 1114112K
[22.016s][debug][gc,heap        ] GC(380)   class space    used 546K, committed 640K, reserved 1048576K
[22.047s][info ][gc,heap        ] GC(380) DefNew: 314521K(314560K)->34905K(314560K) Eden: 279616K(279616K)->0K(279616K) From: 34905K(34944K)->34905K(34944K)
[22.047s][info ][gc,heap        ] GC(380) Tenured: 338888K(699072K)->461607K(699072K)
[22.047s][info ][gc,metaspace   ] GC(380) Metaspace: 6360K(6528K)->6360K(6528K) NonClass: 5814K(5888K)->5814K(5888K) Class: 546K(640K)->546K(640K)
[22.047s][debug][gc,heap        ] GC(380) Heap after GC invocations=310 (full 71):
[22.047s][debug][gc,heap        ] GC(380)  def new generation   total 314560K, used 34905K [0x00000000c0000000, 0x00000000d5550000, 0x00000000d5550000)
[22.047s][debug][gc,heap        ] GC(380)   eden space 279616K,   0% used [0x00000000c0000000, 0x00000000c0000000, 0x00000000d1110000)
[22.047s][debug][gc,heap        ] GC(380)   from space 34944K,  99% used [0x00000000d3330000, 0x00000000d55465d0, 0x00000000d5550000)
[22.047s][debug][gc,heap        ] GC(380)   to   space 34944K,   0% used [0x00000000d1110000, 0x00000000d1110000, 0x00000000d3330000)
[22.047s][debug][gc,heap        ] GC(380)  tenured generation   total 699072K, used 461607K [0x00000000d5550000, 0x0000000100000000, 0x0000000100000000)
[22.047s][debug][gc,heap        ] GC(380)    the space 699072K,  66% used [0x00000000d5550000, 0x00000000f1819dd8, 0x00000000f1819e00, 0x0000000100000000)
[22.047s][debug][gc,heap        ] GC(380)  Metaspace       used 6360K, committed 6528K, reserved 1114112K
[22.047s][debug][gc,heap        ] GC(380)   class space    used 546K, committed 640K, reserved 1048576K
[22.047s][info ][gc             ] GC(380) Pause Young (Allocation Failure) 638M->484M(989M) 31.009ms
[22.047s][info ][gc,cpu         ] GC(380) User=0.03s Sys=0.00s Real=0.03s
[22.047s][info ][safepoint      ] Safepoint "GenCollectForAllocation", Time since last: 37225376 ns, Reaching safepoint: 5100 ns, Cleanup: 4400 ns, At safepoint: 31035063 ns, Total: 31044563 ns
[22.086s][info ][gc,start       ] GC(381) Pause Young (Allocation Failure)
[22.086s][debug][gc,heap        ] GC(381) Heap before GC invocations=310 (full 71):
[22.086s][debug][gc,heap        ] GC(381)  def new generation   total 314560K, used 314521K [0x00000000c0000000, 0x00000000d5550000, 0x00000000d5550000)
[22.086s][debug][gc,heap        ] GC(381)   eden space 279616K, 100% used [0x00000000c0000000, 0x00000000d1110000, 0x00000000d1110000)
[22.086s][debug][gc,heap        ] GC(381)   from space 34944K,  99% used [0x00000000d3330000, 0x00000000d55465d0, 0x00000000d5550000)
[22.086s][debug][gc,heap        ] GC(381)   to   space 34944K,   0% used [0x00000000d1110000, 0x00000000d1110000, 0x00000000d3330000)
[22.086s][debug][gc,heap        ] GC(381)  tenured generation   total 699072K, used 461607K [0x00000000d5550000, 0x0000000100000000, 0x0000000100000000)
[22.086s][debug][gc,heap        ] GC(381)    the space 699072K,  66% used [0x00000000d5550000, 0x00000000f1819dd8, 0x00000000f1819e00, 0x0000000100000000)
[22.086s][debug][gc,heap        ] GC(381)  Metaspace       used 6360K, committed 6528K, reserved 1114112K
[22.086s][debug][gc,heap        ] GC(381)   class space    used 546K, committed 640K, reserved 1048576K
[22.118s][info ][gc,heap        ] GC(381) DefNew: 314521K(314560K)->34905K(314560K) Eden: 279616K(279616K)->0K(279616K) From: 34905K(34944K)->34905K(34944K)
[22.119s][info ][gc,heap        ] GC(381) Tenured: 461607K(699072K)->588127K(699072K)
[22.119s][info ][gc,metaspace   ] GC(381) Metaspace: 6360K(6528K)->6360K(6528K) NonClass: 5814K(5888K)->5814K(5888K) Class: 546K(640K)->546K(640K)
[22.119s][debug][gc,heap        ] GC(381) Heap after GC invocations=311 (full 71):
[22.119s][debug][gc,heap        ] GC(381)  def new generation   total 314560K, used 34905K [0x00000000c0000000, 0x00000000d5550000, 0x00000000d5550000)
[22.119s][debug][gc,heap        ] GC(381)   eden space 279616K,   0% used [0x00000000c0000000, 0x00000000c0000000, 0x00000000d1110000)
[22.119s][debug][gc,heap        ] GC(381)   from space 34944K,  99% used [0x00000000d1110000, 0x00000000d33265d0, 0x00000000d3330000)
[22.119s][debug][gc,heap        ] GC(381)   to   space 34944K,   0% used [0x00000000d3330000, 0x00000000d3330000, 0x00000000d5550000)
[22.119s][debug][gc,heap        ] GC(381)  tenured generation   total 699072K, used 588127K [0x00000000d5550000, 0x0000000100000000, 0x0000000100000000)
[22.119s][debug][gc,heap        ] GC(381)    the space 699072K,  84% used [0x00000000d5550000, 0x00000000f93a7ce8, 0x00000000f93a7e00, 0x0000000100000000)
[22.119s][debug][gc,heap        ] GC(381)  Metaspace       used 6360K, committed 6528K, reserved 1114112K
[22.119s][debug][gc,heap        ] GC(381)   class space    used 546K, committed 640K, reserved 1048576K
[22.119s][info ][gc             ] GC(381) Pause Young (Allocation Failure) 757M->608M(989M) 32.251ms
[22.119s][info ][gc,cpu         ] GC(381) User=0.03s Sys=0.00s Real=0.03s
[22.119s][info ][safepoint      ] Safepoint "GenCollectForAllocation", Time since last: 38853479 ns, Reaching safepoint: 4500 ns, Cleanup: 4300 ns, At safepoint: 32277865 ns, Total: 32286665 ns
[22.158s][info ][gc,start       ] GC(382) Pause Young (Allocation Failure)
[22.158s][debug][gc,heap        ] GC(382) Heap before GC invocations=311 (full 71):
[22.158s][debug][gc,heap        ] GC(382)  def new generation   total 314560K, used 314521K [0x00000000c0000000, 0x00000000d5550000, 0x00000000d5550000)
[22.158s][debug][gc,heap        ] GC(382)   eden space 279616K, 100% used [0x00000000c0000000, 0x00000000d1110000, 0x00000000d1110000)
[22.158s][debug][gc,heap        ] GC(382)   from space 34944K,  99% used [0x00000000d1110000, 0x00000000d33265d0, 0x00000000d3330000)
[22.158s][debug][gc,heap        ] GC(382)   to   space 34944K,   0% used [0x00000000d3330000, 0x00000000d3330000, 0x00000000d5550000)
[22.158s][debug][gc,heap        ] GC(382)  tenured generation   total 699072K, used 588127K [0x00000000d5550000, 0x0000000100000000, 0x0000000100000000)
[22.158s][debug][gc,heap        ] GC(382)    the space 699072K,  84% used [0x00000000d5550000, 0x00000000f93a7ce8, 0x00000000f93a7e00, 0x0000000100000000)
[22.158s][debug][gc,heap        ] GC(382)  Metaspace       used 6360K, committed 6528K, reserved 1114112K
[22.158s][debug][gc,heap        ] GC(382)   class space    used 546K, committed 640K, reserved 1048576K
[22.158s][debug][gc,heap        ] GC(382) Heap after GC invocations=312 (full 71):
[22.158s][debug][gc,heap        ] GC(382)  def new generation   total 314560K, used 314521K [0x00000000c0000000, 0x00000000d5550000, 0x00000000d5550000)
[22.158s][debug][gc,heap        ] GC(382)   eden space 279616K, 100% used [0x00000000c0000000, 0x00000000d1110000, 0x00000000d1110000)
[22.158s][debug][gc,heap        ] GC(382)   from space 34944K,  99% used [0x00000000d1110000, 0x00000000d33265d0, 0x00000000d3330000)
[22.158s][debug][gc,heap        ] GC(382)   to   space 34944K,   0% used [0x00000000d3330000, 0x00000000d3330000, 0x00000000d5550000)
[22.158s][debug][gc,heap        ] GC(382)  tenured generation   total 699072K, used 588127K [0x00000000d5550000, 0x0000000100000000, 0x0000000100000000)
[22.158s][debug][gc,heap        ] GC(382)    the space 699072K,  84% used [0x00000000d5550000, 0x00000000f93a7ce8, 0x00000000f93a7e00, 0x0000000100000000)
[22.158s][debug][gc,heap        ] GC(382)  Metaspace       used 6360K, committed 6528K, reserved 1114112K
[22.158s][debug][gc,heap        ] GC(382)   class space    used 546K, committed 640K, reserved 1048576K
[22.158s][info ][gc             ] GC(382) Pause Young (Allocation Failure) 881M->881M(989M) 0.129ms
[22.158s][info ][gc,cpu         ] GC(382) User=0.00s Sys=0.00s Real=0.00s
[22.158s][info ][gc,start       ] GC(383) Pause Full (Allocation Failure)
[22.158s][debug][gc,heap        ] GC(383) Heap before GC invocations=312 (full 71):
[22.158s][debug][gc,heap        ] GC(383)  def new generation   total 314560K, used 314521K [0x00000000c0000000, 0x00000000d5550000, 0x00000000d5550000)
[22.158s][debug][gc,heap        ] GC(383)   eden space 279616K, 100% used [0x00000000c0000000, 0x00000000d1110000, 0x00000000d1110000)
[22.158s][debug][gc,heap        ] GC(383)   from space 34944K,  99% used [0x00000000d1110000, 0x00000000d33265d0, 0x00000000d3330000)
[22.158s][debug][gc,heap        ] GC(383)   to   space 34944K,   0% used [0x00000000d3330000, 0x00000000d3330000, 0x00000000d5550000)
[22.158s][debug][gc,heap        ] GC(383)  tenured generation   total 699072K, used 588127K [0x00000000d5550000, 0x0000000100000000, 0x0000000100000000)
[22.158s][debug][gc,heap        ] GC(383)    the space 699072K,  84% used [0x00000000d5550000, 0x00000000f93a7ce8, 0x00000000f93a7e00, 0x0000000100000000)
[22.158s][debug][gc,heap        ] GC(383)  Metaspace       used 6360K, committed 6528K, reserved 1114112K
[22.158s][debug][gc,heap        ] GC(383)   class space    used 546K, committed 640K, reserved 1048576K
[22.158s][info ][gc,phases,start] GC(383) Phase 1: Mark live objects
[22.160s][info ][gc,phases      ] GC(383) Phase 1: Mark live objects 1.179ms
[22.160s][info ][gc,phases,start] GC(383) Phase 2: Compute new object addresses
[22.161s][info ][gc,phases      ] GC(383) Phase 2: Compute new object addresses 1.348ms
[22.161s][info ][gc,phases,start] GC(383) Phase 3: Adjust pointers
[22.162s][info ][gc,phases      ] GC(383) Phase 3: Adjust pointers 0.809ms
[22.162s][info ][gc,phases,start] GC(383) Phase 4: Move objects
[22.199s][info ][gc,phases      ] GC(383) Phase 4: Move objects 37.577ms
[22.200s][info ][gc,heap        ] GC(383) DefNew: 314521K(314560K)->0K(314560K) Eden: 279616K(279616K)->0K(279616K) From: 34905K(34944K)->0K(34944K)
[22.200s][info ][gc,heap        ] GC(383) Tenured: 588127K(699072K)->200766K(699072K)
[22.200s][info ][gc,metaspace   ] GC(383) Metaspace: 6360K(6528K)->6360K(6528K) NonClass: 5814K(5888K)->5814K(5888K) Class: 546K(640K)->546K(640K)
[22.200s][debug][gc,heap        ] GC(383) Heap after GC invocations=312 (full 72):
[22.200s][debug][gc,heap        ] GC(383)  def new generation   total 314560K, used 0K [0x00000000c0000000, 0x00000000d5550000, 0x00000000d5550000)
[22.200s][debug][gc,heap        ] GC(383)   eden space 279616K,   0% used [0x00000000c0000000, 0x00000000c0000000, 0x00000000d1110000)
[22.200s][debug][gc,heap        ] GC(383)   from space 34944K,   0% used [0x00000000d1110000, 0x00000000d1110000, 0x00000000d3330000)
[22.200s][debug][gc,heap        ] GC(383)   to   space 34944K,   0% used [0x00000000d3330000, 0x00000000d3330000, 0x00000000d5550000)
[22.200s][debug][gc,heap        ] GC(383)  tenured generation   total 699072K, used 200766K [0x00000000d5550000, 0x0000000100000000, 0x0000000100000000)
[22.200s][debug][gc,heap        ] GC(383)    the space 699072K,  28% used [0x00000000d5550000, 0x00000000e195fad8, 0x00000000e195fc00, 0x0000000100000000)
[22.200s][debug][gc,heap        ] GC(383)  Metaspace       used 6360K, committed 6528K, reserved 1114112K
[22.200s][debug][gc,heap        ] GC(383)   class space    used 546K, committed 640K, reserved 1048576K
[22.200s][info ][gc             ] GC(383) Pause Full (Allocation Failure) 881M->196M(989M) 41.269ms
[22.200s][info ][gc,cpu         ] GC(383) User=0.04s Sys=0.00s Real=0.04s
[22.200s][info ][safepoint      ] Safepoint "GenCollectForAllocation", Time since last: 39680581 ns, Reaching safepoint: 4700 ns, Cleanup: 5000 ns, At safepoint: 41434184 ns, Total: 41443884 ns
[22.237s][info ][gc,start       ] GC(384) Pause Young (Allocation Failure)
[22.237s][debug][gc,heap        ] GC(384) Heap before GC invocations=312 (full 72):
[22.237s][debug][gc,heap        ] GC(384)  def new generation   total 314560K, used 279616K [0x00000000c0000000, 0x00000000d5550000, 0x00000000d5550000)
[22.237s][debug][gc,heap        ] GC(384)   eden space 279616K, 100% used [0x00000000c0000000, 0x00000000d1110000, 0x00000000d1110000)
[22.237s][debug][gc,heap        ] GC(384)   from space 34944K,   0% used [0x00000000d1110000, 0x00000000d1110000, 0x00000000d3330000)
[22.237s][debug][gc,heap        ] GC(384)   to   space 34944K,   0% used [0x00000000d3330000, 0x00000000d3330000, 0x00000000d5550000)
[22.237s][debug][gc,heap        ] GC(384)  tenured generation   total 699072K, used 200766K [0x00000000d5550000, 0x0000000100000000, 0x0000000100000000)
[22.237s][debug][gc,heap        ] GC(384)    the space 699072K,  28% used [0x00000000d5550000, 0x00000000e195fad8, 0x00000000e195fc00, 0x0000000100000000)
[22.237s][debug][gc,heap        ] GC(384)  Metaspace       used 6360K, committed 6528K, reserved 1114112K
[22.237s][debug][gc,heap        ] GC(384)   class space    used 546K, committed 640K, reserved 1048576K
[22.280s][info ][gc,heap        ] GC(384) DefNew: 279616K(314560K)->34905K(314560K) Eden: 279616K(279616K)->0K(279616K) From: 0K(34944K)->34905K(34944K)
[22.280s][info ][gc,heap        ] GC(384) Tenured: 200766K(699072K)->314084K(699072K)
[22.280s][info ][gc,metaspace   ] GC(384) Metaspace: 6360K(6528K)->6360K(6528K) NonClass: 5814K(5888K)->5814K(5888K) Class: 546K(640K)->546K(640K)
[22.280s][debug][gc,heap        ] GC(384) Heap after GC invocations=313 (full 72):
[22.280s][debug][gc,heap        ] GC(384)  def new generation   total 314560K, used 34905K [0x00000000c0000000, 0x00000000d5550000, 0x00000000d5550000)
[22.280s][debug][gc,heap        ] GC(384)   eden space 279616K,   0% used [0x00000000c0000000, 0x00000000c0000000, 0x00000000d1110000)
[22.280s][debug][gc,heap        ] GC(384)   from space 34944K,  99% used [0x00000000d3330000, 0x00000000d55465d0, 0x00000000d5550000)
[22.280s][debug][gc,heap        ] GC(384)   to   space 34944K,   0% used [0x00000000d1110000, 0x00000000d1110000, 0x00000000d3330000)
[22.280s][debug][gc,heap        ] GC(384)  tenured generation   total 699072K, used 314084K [0x00000000d5550000, 0x0000000100000000, 0x0000000100000000)
[22.280s][debug][gc,heap        ] GC(384)    the space 699072K,  44% used [0x00000000d5550000, 0x00000000e88091a8, 0x00000000e8809200, 0x0000000100000000)
[22.280s][debug][gc,heap        ] GC(384)  Metaspace       used 6360K, committed 6528K, reserved 1114112K
[22.280s][debug][gc,heap        ] GC(384)   class space    used 546K, committed 640K, reserved 1048576K
[22.280s][info ][gc             ] GC(384) Pause Young (Allocation Failure) 469M->340M(989M) 42.567ms
[22.280s][info ][gc,cpu         ] GC(384) User=0.04s Sys=0.00s Real=0.04s
[22.280s][info ][safepoint      ] Safepoint "GenCollectForAllocation", Time since last: 37352976 ns, Reaching safepoint: 3800 ns, Cleanup: 3800 ns, At safepoint: 42596287 ns, Total: 42603887 ns
[22.332s][info ][gc,start       ] GC(385) Pause Young (Allocation Failure)
[22.332s][debug][gc,heap        ] GC(385) Heap before GC invocations=313 (full 72):
[22.332s][debug][gc,heap        ] GC(385)  def new generation   total 314560K, used 314521K [0x00000000c0000000, 0x00000000d5550000, 0x00000000d5550000)
[22.332s][debug][gc,heap        ] GC(385)   eden space 279616K, 100% used [0x00000000c0000000, 0x00000000d1110000, 0x00000000d1110000)
[22.332s][debug][gc,heap        ] GC(385)   from space 34944K,  99% used [0x00000000d3330000, 0x00000000d55465d0, 0x00000000d5550000)
[22.332s][debug][gc,heap        ] GC(385)   to   space 34944K,   0% used [0x00000000d1110000, 0x00000000d1110000, 0x00000000d3330000)
[22.332s][debug][gc,heap        ] GC(385)  tenured generation   total 699072K, used 314084K [0x00000000d5550000, 0x0000000100000000, 0x0000000100000000)
[22.332s][debug][gc,heap        ] GC(385)    the space 699072K,  44% used [0x00000000d5550000, 0x00000000e88091a8, 0x00000000e8809200, 0x0000000100000000)
[22.332s][debug][gc,heap        ] GC(385)  Metaspace       used 6360K, committed 6528K, reserved 1114112K
[22.332s][debug][gc,heap        ] GC(385)   class space    used 546K, committed 640K, reserved 1048576K
[22.382s][info ][gc,heap        ] GC(385) DefNew: 314521K(314560K)->34905K(314560K) Eden: 279616K(279616K)->0K(279616K) From: 34905K(34944K)->34905K(34944K)
[22.382s][info ][gc,heap        ] GC(385) Tenured: 314084K(699072K)->438803K(699072K)
[22.382s][info ][gc,metaspace   ] GC(385) Metaspace: 6360K(6528K)->6360K(6528K) NonClass: 5814K(5888K)->5814K(5888K) Class: 546K(640K)->546K(640K)
[22.382s][debug][gc,heap        ] GC(385) Heap after GC invocations=314 (full 72):
[22.382s][debug][gc,heap        ] GC(385)  def new generation   total 314560K, used 34905K [0x00000000c0000000, 0x00000000d5550000, 0x00000000d5550000)
[22.382s][debug][gc,heap        ] GC(385)   eden space 279616K,   0% used [0x00000000c0000000, 0x00000000c0000000, 0x00000000d1110000)
[22.382s][debug][gc,heap        ] GC(385)   from space 34944K,  99% used [0x00000000d1110000, 0x00000000d33265d0, 0x00000000d3330000)
[22.382s][debug][gc,heap        ] GC(385)   to   space 34944K,   0% used [0x00000000d3330000, 0x00000000d3330000, 0x00000000d5550000)
[22.382s][debug][gc,heap        ] GC(385)  tenured generation   total 699072K, used 438803K [0x00000000d5550000, 0x0000000100000000, 0x0000000100000000)
[22.382s][debug][gc,heap        ] GC(385)    the space 699072K,  62% used [0x00000000d5550000, 0x00000000f01d4f98, 0x00000000f01d5000, 0x0000000100000000)
[22.382s][debug][gc,heap        ] GC(385)  Metaspace       used 6360K, committed 6528K, reserved 1114112K
[22.382s][debug][gc,heap        ] GC(385)   class space    used 546K, committed 640K, reserved 1048576K
[22.382s][info ][gc             ] GC(385) Pause Young (Allocation Failure) 613M->462M(989M) 50.783ms
[22.382s][info ][gc,cpu         ] GC(385) User=0.05s Sys=0.00s Real=0.05s
[22.382s][info ][safepoint      ] Safepoint "GenCollectForAllocation", Time since last: 51829305 ns, Reaching safepoint: 5900 ns, Cleanup: 7100 ns, At safepoint: 50954603 ns, Total: 50967603 ns
[22.458s][info ][gc,start       ] GC(386) Pause Young (Allocation Failure)
[22.458s][debug][gc,heap        ] GC(386) Heap before GC invocations=314 (full 72):
[22.458s][debug][gc,heap        ] GC(386)  def new generation   total 314560K, used 314521K [0x00000000c0000000, 0x00000000d5550000, 0x00000000d5550000)
[22.458s][debug][gc,heap        ] GC(386)   eden space 279616K, 100% used [0x00000000c0000000, 0x00000000d1110000, 0x00000000d1110000)
[22.458s][debug][gc,heap        ] GC(386)   from space 34944K,  99% used [0x00000000d1110000, 0x00000000d33265d0, 0x00000000d3330000)
[22.458s][debug][gc,heap        ] GC(386)   to   space 34944K,   0% used [0x00000000d3330000, 0x00000000d3330000, 0x00000000d5550000)
[22.458s][debug][gc,heap        ] GC(386)  tenured generation   total 699072K, used 438803K [0x00000000d5550000, 0x0000000100000000, 0x0000000100000000)
[22.458s][debug][gc,heap        ] GC(386)    the space 699072K,  62% used [0x00000000d5550000, 0x00000000f01d4f98, 0x00000000f01d5000, 0x0000000100000000)
[22.458s][debug][gc,heap        ] GC(386)  Metaspace       used 6360K, committed 6528K, reserved 1114112K
[22.458s][debug][gc,heap        ] GC(386)   class space    used 546K, committed 640K, reserved 1048576K
[22.509s][info ][gc,heap        ] GC(386) DefNew: 314521K(314560K)->34905K(314560K) Eden: 279616K(279616K)->0K(279616K) From: 34905K(34944K)->34905K(34944K)
[22.509s][info ][gc,heap        ] GC(386) Tenured: 438803K(699072K)->561523K(699072K)
[22.509s][info ][gc,metaspace   ] GC(386) Metaspace: 6360K(6528K)->6360K(6528K) NonClass: 5814K(5888K)->5814K(5888K) Class: 546K(640K)->546K(640K)
[22.509s][debug][gc,heap        ] GC(386) Heap after GC invocations=315 (full 72):
[22.509s][debug][gc,heap        ] GC(386)  def new generation   total 314560K, used 34905K [0x00000000c0000000, 0x00000000d5550000, 0x00000000d5550000)
[22.509s][debug][gc,heap        ] GC(386)   eden space 279616K,   0% used [0x00000000c0000000, 0x00000000c0000000, 0x00000000d1110000)
[22.509s][debug][gc,heap        ] GC(386)   from space 34944K,  99% used [0x00000000d3330000, 0x00000000d55465d0, 0x00000000d5550000)
[22.509s][debug][gc,heap        ] GC(386)   to   space 34944K,   0% used [0x00000000d1110000, 0x00000000d1110000, 0x00000000d3330000)
[22.509s][debug][gc,heap        ] GC(386)  tenured generation   total 699072K, used 561523K [0x00000000d5550000, 0x0000000100000000, 0x0000000100000000)
[22.509s][debug][gc,heap        ] GC(386)    the space 699072K,  80% used [0x00000000d5550000, 0x00000000f79acc48, 0x00000000f79ace00, 0x0000000100000000)
[22.509s][debug][gc,heap        ] GC(386)  Metaspace       used 6360K, committed 6528K, reserved 1114112K
[22.509s][debug][gc,heap        ] GC(386)   class space    used 546K, committed 640K, reserved 1048576K
[22.509s][info ][gc             ] GC(386) Pause Young (Allocation Failure) 735M->582M(989M) 50.677ms
[22.509s][info ][gc,cpu         ] GC(386) User=0.05s Sys=0.00s Real=0.05s
[22.509s][info ][safepoint      ] Safepoint "GenCollectForAllocation", Time since last: 75407654 ns, Reaching safepoint: 15000 ns, Cleanup: 12000 ns, At safepoint: 50718803 ns, Total: 50745803 ns
[22.584s][info ][gc,start       ] GC(387) Pause Young (Allocation Failure)
[22.584s][debug][gc,heap        ] GC(387) Heap before GC invocations=315 (full 72):
[22.584s][debug][gc,heap        ] GC(387)  def new generation   total 314560K, used 314521K [0x00000000c0000000, 0x00000000d5550000, 0x00000000d5550000)
[22.584s][debug][gc,heap        ] GC(387)   eden space 279616K, 100% used [0x00000000c0000000, 0x00000000d1110000, 0x00000000d1110000)
[22.584s][debug][gc,heap        ] GC(387)   from space 34944K,  99% used [0x00000000d3330000, 0x00000000d55465d0, 0x00000000d5550000)
[22.584s][debug][gc,heap        ] GC(387)   to   space 34944K,   0% used [0x00000000d1110000, 0x00000000d1110000, 0x00000000d3330000)
[22.584s][debug][gc,heap        ] GC(387)  tenured generation   total 699072K, used 561523K [0x00000000d5550000, 0x0000000100000000, 0x0000000100000000)
[22.584s][debug][gc,heap        ] GC(387)    the space 699072K,  80% used [0x00000000d5550000, 0x00000000f79acc48, 0x00000000f79ace00, 0x0000000100000000)
[22.584s][debug][gc,heap        ] GC(387)  Metaspace       used 6360K, committed 6528K, reserved 1114112K
[22.584s][debug][gc,heap        ] GC(387)   class space    used 546K, committed 640K, reserved 1048576K
[22.584s][debug][gc,heap        ] GC(387) Heap after GC invocations=316 (full 72):
[22.584s][debug][gc,heap        ] GC(387)  def new generation   total 314560K, used 314521K [0x00000000c0000000, 0x00000000d5550000, 0x00000000d5550000)
[22.584s][debug][gc,heap        ] GC(387)   eden space 279616K, 100% used [0x00000000c0000000, 0x00000000d1110000, 0x00000000d1110000)
[22.584s][debug][gc,heap        ] GC(387)   from space 34944K,  99% used [0x00000000d3330000, 0x00000000d55465d0, 0x00000000d5550000)
[22.584s][debug][gc,heap        ] GC(387)   to   space 34944K,   0% used [0x00000000d1110000, 0x00000000d1110000, 0x00000000d3330000)
[22.584s][debug][gc,heap        ] GC(387)  tenured generation   total 699072K, used 561523K [0x00000000d5550000, 0x0000000100000000, 0x0000000100000000)
[22.584s][debug][gc,heap        ] GC(387)    the space 699072K,  80% used [0x00000000d5550000, 0x00000000f79acc48, 0x00000000f79ace00, 0x0000000100000000)
[22.584s][debug][gc,heap        ] GC(387)  Metaspace       used 6360K, committed 6528K, reserved 1114112K
[22.584s][debug][gc,heap        ] GC(387)   class space    used 546K, committed 640K, reserved 1048576K
[22.584s][info ][gc             ] GC(387) Pause Young (Allocation Failure) 855M->855M(989M) 0.294ms
[22.584s][info ][gc,cpu         ] GC(387) User=0.00s Sys=0.00s Real=0.00s
[22.584s][info ][gc,start       ] GC(388) Pause Full (Allocation Failure)
[22.584s][debug][gc,heap        ] GC(388) Heap before GC invocations=316 (full 72):
[22.584s][debug][gc,heap        ] GC(388)  def new generation   total 314560K, used 314521K [0x00000000c0000000, 0x00000000d5550000, 0x00000000d5550000)
[22.584s][debug][gc,heap        ] GC(388)   eden space 279616K, 100% used [0x00000000c0000000, 0x00000000d1110000, 0x00000000d1110000)
[22.584s][debug][gc,heap        ] GC(388)   from space 34944K,  99% used [0x00000000d3330000, 0x00000000d55465d0, 0x00000000d5550000)
[22.584s][debug][gc,heap        ] GC(388)   to   space 34944K,   0% used [0x00000000d1110000, 0x00000000d1110000, 0x00000000d3330000)
[22.584s][debug][gc,heap        ] GC(388)  tenured generation   total 699072K, used 561523K [0x00000000d5550000, 0x0000000100000000, 0x0000000100000000)
[22.584s][debug][gc,heap        ] GC(388)    the space 699072K,  80% used [0x00000000d5550000, 0x00000000f79acc48, 0x00000000f79ace00, 0x0000000100000000)
[22.584s][debug][gc,heap        ] GC(388)  Metaspace       used 6360K, committed 6528K, reserved 1114112K
[22.584s][debug][gc,heap        ] GC(388)   class space    used 546K, committed 640K, reserved 1048576K
[22.584s][info ][gc,phases,start] GC(388) Phase 1: Mark live objects
[22.586s][info ][gc,phases      ] GC(388) Phase 1: Mark live objects 1.540ms
[22.586s][info ][gc,phases,start] GC(388) Phase 2: Compute new object addresses
[22.589s][info ][gc,phases      ] GC(388) Phase 2: Compute new object addresses 2.979ms
[22.589s][info ][gc,phases,start] GC(388) Phase 3: Adjust pointers
[22.590s][info ][gc,phases      ] GC(388) Phase 3: Adjust pointers 0.987ms
[22.590s][info ][gc,phases,start] GC(388) Phase 4: Move objects
[22.657s][info ][gc,phases      ] GC(388) Phase 4: Move objects 66.547ms
[22.657s][info ][gc,heap        ] GC(388) DefNew: 314521K(314560K)->0K(314560K) Eden: 279616K(279616K)->0K(279616K) From: 34905K(34944K)->0K(34944K)
[22.657s][info ][gc,heap        ] GC(388) Tenured: 561523K(699072K)->231371K(699072K)
[22.657s][info ][gc,metaspace   ] GC(388) Metaspace: 6360K(6528K)->6360K(6528K) NonClass: 5814K(5888K)->5814K(5888K) Class: 546K(640K)->546K(640K)
[22.657s][debug][gc,heap        ] GC(388) Heap after GC invocations=316 (full 73):
[22.657s][debug][gc,heap        ] GC(388)  def new generation   total 314560K, used 0K [0x00000000c0000000, 0x00000000d5550000, 0x00000000d5550000)
[22.657s][debug][gc,heap        ] GC(388)   eden space 279616K,   0% used [0x00000000c0000000, 0x00000000c0000000, 0x00000000d1110000)
[22.657s][debug][gc,heap        ] GC(388)   from space 34944K,   0% used [0x00000000d3330000, 0x00000000d3330000, 0x00000000d5550000)
[22.657s][debug][gc,heap        ] GC(388)   to   space 34944K,   0% used [0x00000000d1110000, 0x00000000d1110000, 0x00000000d3330000)
[22.657s][debug][gc,heap        ] GC(388)  tenured generation   total 699072K, used 231371K [0x00000000d5550000, 0x0000000100000000, 0x0000000100000000)
[22.657s][debug][gc,heap        ] GC(388)    the space 699072K,  33% used [0x00000000d5550000, 0x00000000e3742df8, 0x00000000e3742e00, 0x0000000100000000)
[22.657s][debug][gc,heap        ] GC(388)  Metaspace       used 6360K, committed 6528K, reserved 1114112K
[22.657s][debug][gc,heap        ] GC(388)   class space    used 546K, committed 640K, reserved 1048576K
[22.657s][info ][gc             ] GC(388) Pause Full (Allocation Failure) 855M->225M(989M) 72.853ms
[22.657s][info ][gc,cpu         ] GC(388) User=0.07s Sys=0.00s Real=0.07s
[22.657s][info ][safepoint      ] Safepoint "GenCollectForAllocation", Time since last: 75316953 ns, Reaching safepoint: 10400 ns, Cleanup: 14400 ns, At safepoint: 73239549 ns, Total: 73264349 ns
[22.720s][info ][gc,start       ] GC(389) Pause Young (Allocation Failure)
[22.720s][debug][gc,heap        ] GC(389) Heap before GC invocations=316 (full 73):
[22.720s][debug][gc,heap        ] GC(389)  def new generation   total 314560K, used 279616K [0x00000000c0000000, 0x00000000d5550000, 0x00000000d5550000)
[22.720s][debug][gc,heap        ] GC(389)   eden space 279616K, 100% used [0x00000000c0000000, 0x00000000d1110000, 0x00000000d1110000)
[22.720s][debug][gc,heap        ] GC(389)   from space 34944K,   0% used [0x00000000d3330000, 0x00000000d3330000, 0x00000000d5550000)
[22.720s][debug][gc,heap        ] GC(389)   to   space 34944K,   0% used [0x00000000d1110000, 0x00000000d1110000, 0x00000000d3330000)
[22.720s][debug][gc,heap        ] GC(389)  tenured generation   total 699072K, used 231371K [0x00000000d5550000, 0x0000000100000000, 0x0000000100000000)
[22.720s][debug][gc,heap        ] GC(389)    the space 699072K,  33% used [0x00000000d5550000, 0x00000000e3742df8, 0x00000000e3742e00, 0x0000000100000000)
[22.720s][debug][gc,heap        ] GC(389)  Metaspace       used 6360K, committed 6528K, reserved 1114112K
[22.720s][debug][gc,heap        ] GC(389)   class space    used 546K, committed 640K, reserved 1048576K
[22.760s][info ][gc,heap        ] GC(389) DefNew: 279616K(314560K)->34905K(314560K) Eden: 279616K(279616K)->0K(279616K) From: 0K(34944K)->34905K(34944K)
[22.760s][info ][gc,heap        ] GC(389) Tenured: 231371K(699072K)->344289K(699072K)
[22.760s][info ][gc,metaspace   ] GC(389) Metaspace: 6360K(6528K)->6360K(6528K) NonClass: 5814K(5888K)->5814K(5888K) Class: 546K(640K)->546K(640K)
[22.760s][debug][gc,heap        ] GC(389) Heap after GC invocations=317 (full 73):
[22.760s][debug][gc,heap        ] GC(389)  def new generation   total 314560K, used 34905K [0x00000000c0000000, 0x00000000d5550000, 0x00000000d5550000)
[22.760s][debug][gc,heap        ] GC(389)   eden space 279616K,   0% used [0x00000000c0000000, 0x00000000c0000000, 0x00000000d1110000)
[22.760s][debug][gc,heap        ] GC(389)   from space 34944K,  99% used [0x00000000d1110000, 0x00000000d33265d0, 0x00000000d3330000)
[22.760s][debug][gc,heap        ] GC(389)   to   space 34944K,   0% used [0x00000000d3330000, 0x00000000d3330000, 0x00000000d5550000)
[22.760s][debug][gc,heap        ] GC(389)  tenured generation   total 699072K, used 344289K [0x00000000d5550000, 0x0000000100000000, 0x0000000100000000)
[22.760s][debug][gc,heap        ] GC(389)    the space 699072K,  49% used [0x00000000d5550000, 0x00000000ea588488, 0x00000000ea588600, 0x0000000100000000)
[22.760s][debug][gc,heap        ] GC(389)  Metaspace       used 6360K, committed 6528K, reserved 1114112K
[22.760s][debug][gc,heap        ] GC(389)   class space    used 546K, committed 640K, reserved 1048576K
[22.760s][info ][gc             ] GC(389) Pause Young (Allocation Failure) 499M->370M(989M) 40.215ms
[22.760s][info ][gc,cpu         ] GC(389) User=0.04s Sys=0.00s Real=0.05s
[22.760s][info ][safepoint      ] Safepoint "GenCollectForAllocation", Time since last: 62987128 ns, Reaching safepoint: 4800 ns, Cleanup: 5600 ns, At safepoint: 40244982 ns, Total: 40255382 ns
[22.804s][info ][gc,start       ] GC(390) Pause Young (Allocation Failure)
[22.804s][debug][gc,heap        ] GC(390) Heap before GC invocations=317 (full 73):
[22.804s][debug][gc,heap        ] GC(390)  def new generation   total 314560K, used 314521K [0x00000000c0000000, 0x00000000d5550000, 0x00000000d5550000)
[22.804s][debug][gc,heap        ] GC(390)   eden space 279616K, 100% used [0x00000000c0000000, 0x00000000d1110000, 0x00000000d1110000)
[22.804s][debug][gc,heap        ] GC(390)   from space 34944K,  99% used [0x00000000d1110000, 0x00000000d33265d0, 0x00000000d3330000)
[22.804s][debug][gc,heap        ] GC(390)   to   space 34944K,   0% used [0x00000000d3330000, 0x00000000d3330000, 0x00000000d5550000)
[22.804s][debug][gc,heap        ] GC(390)  tenured generation   total 699072K, used 344289K [0x00000000d5550000, 0x0000000100000000, 0x0000000100000000)
[22.804s][debug][gc,heap        ] GC(390)    the space 699072K,  49% used [0x00000000d5550000, 0x00000000ea588488, 0x00000000ea588600, 0x0000000100000000)
[22.804s][debug][gc,heap        ] GC(390)  Metaspace       used 6360K, committed 6528K, reserved 1114112K
[22.804s][debug][gc,heap        ] GC(390)   class space    used 546K, committed 640K, reserved 1048576K
[22.838s][info ][gc,heap        ] GC(390) DefNew: 314521K(314560K)->34905K(314560K) Eden: 279616K(279616K)->0K(279616K) From: 34905K(34944K)->34905K(34944K)
[22.838s][info ][gc,heap        ] GC(390) Tenured: 344289K(699072K)->470408K(699072K)
[22.838s][info ][gc,metaspace   ] GC(390) Metaspace: 6360K(6528K)->6360K(6528K) NonClass: 5814K(5888K)->5814K(5888K) Class: 546K(640K)->546K(640K)
[22.838s][debug][gc,heap        ] GC(390) Heap after GC invocations=318 (full 73):
[22.838s][debug][gc,heap        ] GC(390)  def new generation   total 314560K, used 34905K [0x00000000c0000000, 0x00000000d5550000, 0x00000000d5550000)
[22.838s][debug][gc,heap        ] GC(390)   eden space 279616K,   0% used [0x00000000c0000000, 0x00000000c0000000, 0x00000000d1110000)
[22.838s][debug][gc,heap        ] GC(390)   from space 34944K,  99% used [0x00000000d3330000, 0x00000000d55465d0, 0x00000000d5550000)
[22.838s][debug][gc,heap        ] GC(390)   to   space 34944K,   0% used [0x00000000d1110000, 0x00000000d1110000, 0x00000000d3330000)
[22.838s][debug][gc,heap        ] GC(390)  tenured generation   total 699072K, used 470408K [0x00000000d5550000, 0x0000000100000000, 0x0000000100000000)
[22.838s][debug][gc,heap        ] GC(390)    the space 699072K,  67% used [0x00000000d5550000, 0x00000000f20b2358, 0x00000000f20b2400, 0x0000000100000000)
[22.838s][debug][gc,heap        ] GC(390)  Metaspace       used 6360K, committed 6528K, reserved 1114112K
[22.838s][debug][gc,heap        ] GC(390)   class space    used 546K, committed 640K, reserved 1048576K
[22.838s][info ][gc             ] GC(390) Pause Young (Allocation Failure) 643M->493M(989M) 34.361ms
[22.838s][info ][gc,cpu         ] GC(390) User=0.03s Sys=0.00s Real=0.03s
[22.838s][info ][safepoint      ] Safepoint "GenCollectForAllocation", Time since last: 43533888 ns, Reaching safepoint: 3800 ns, Cleanup: 4200 ns, At safepoint: 34388970 ns, Total: 34396970 ns
[22.878s][info ][gc,start       ] GC(391) Pause Young (Allocation Failure)
[22.878s][debug][gc,heap        ] GC(391) Heap before GC invocations=318 (full 73):
[22.878s][debug][gc,heap        ] GC(391)  def new generation   total 314560K, used 314521K [0x00000000c0000000, 0x00000000d5550000, 0x00000000d5550000)
[22.878s][debug][gc,heap        ] GC(391)   eden space 279616K, 100% used [0x00000000c0000000, 0x00000000d1110000, 0x00000000d1110000)
[22.878s][debug][gc,heap        ] GC(391)   from space 34944K,  99% used [0x00000000d3330000, 0x00000000d55465d0, 0x00000000d5550000)
[22.878s][debug][gc,heap        ] GC(391)   to   space 34944K,   0% used [0x00000000d1110000, 0x00000000d1110000, 0x00000000d3330000)
[22.878s][debug][gc,heap        ] GC(391)  tenured generation   total 699072K, used 470408K [0x00000000d5550000, 0x0000000100000000, 0x0000000100000000)
[22.878s][debug][gc,heap        ] GC(391)    the space 699072K,  67% used [0x00000000d5550000, 0x00000000f20b2358, 0x00000000f20b2400, 0x0000000100000000)
[22.878s][debug][gc,heap        ] GC(391)  Metaspace       used 6360K, committed 6528K, reserved 1114112K
[22.878s][debug][gc,heap        ] GC(391)   class space    used 546K, committed 640K, reserved 1048576K
[22.912s][info ][gc,heap        ] GC(391) DefNew: 314521K(314560K)->34905K(314560K) Eden: 279616K(279616K)->0K(279616K) From: 34905K(34944K)->34905K(34944K)
[22.912s][info ][gc,heap        ] GC(391) Tenured: 470408K(699072K)->592627K(699072K)
[22.912s][info ][gc,metaspace   ] GC(391) Metaspace: 6360K(6528K)->6360K(6528K) NonClass: 5814K(5888K)->5814K(5888K) Class: 546K(640K)->546K(640K)
[22.912s][debug][gc,heap        ] GC(391) Heap after GC invocations=319 (full 73):
[22.912s][debug][gc,heap        ] GC(391)  def new generation   total 314560K, used 34905K [0x00000000c0000000, 0x00000000d5550000, 0x00000000d5550000)
[22.912s][debug][gc,heap        ] GC(391)   eden space 279616K,   0% used [0x00000000c0000000, 0x00000000c0000000, 0x00000000d1110000)
[22.912s][debug][gc,heap        ] GC(391)   from space 34944K,  99% used [0x00000000d1110000, 0x00000000d33265d0, 0x00000000d3330000)
[22.912s][debug][gc,heap        ] GC(391)   to   space 34944K,   0% used [0x00000000d3330000, 0x00000000d3330000, 0x00000000d5550000)
[22.912s][debug][gc,heap        ] GC(391)  tenured generation   total 699072K, used 592627K [0x00000000d5550000, 0x0000000100000000, 0x0000000100000000)
[22.912s][debug][gc,heap        ] GC(391)    the space 699072K,  84% used [0x00000000d5550000, 0x00000000f980cfb8, 0x00000000f980d000, 0x0000000100000000)
[22.912s][debug][gc,heap        ] GC(391)  Metaspace       used 6360K, committed 6528K, reserved 1114112K
[22.912s][debug][gc,heap        ] GC(391)   class space    used 546K, committed 640K, reserved 1048576K
[22.912s][info ][gc             ] GC(391) Pause Young (Allocation Failure) 766M->612M(989M) 33.424ms
[22.912s][info ][gc,cpu         ] GC(391) User=0.04s Sys=0.00s Real=0.04s
[22.912s][info ][safepoint      ] Safepoint "GenCollectForAllocation", Time since last: 40046281 ns, Reaching safepoint: 3800 ns, Cleanup: 4200 ns, At safepoint: 33448768 ns, Total: 33456768 ns
[22.962s][info ][gc,start       ] GC(392) Pause Young (Allocation Failure)
[22.962s][debug][gc,heap        ] GC(392) Heap before GC invocations=319 (full 73):
[22.962s][debug][gc,heap        ] GC(392)  def new generation   total 314560K, used 314521K [0x00000000c0000000, 0x00000000d5550000, 0x00000000d5550000)
[22.962s][debug][gc,heap        ] GC(392)   eden space 279616K, 100% used [0x00000000c0000000, 0x00000000d1110000, 0x00000000d1110000)
[22.962s][debug][gc,heap        ] GC(392)   from space 34944K,  99% used [0x00000000d1110000, 0x00000000d33265d0, 0x00000000d3330000)
[22.962s][debug][gc,heap        ] GC(392)   to   space 34944K,   0% used [0x00000000d3330000, 0x00000000d3330000, 0x00000000d5550000)
[22.962s][debug][gc,heap        ] GC(392)  tenured generation   total 699072K, used 592627K [0x00000000d5550000, 0x0000000100000000, 0x0000000100000000)
[22.962s][debug][gc,heap        ] GC(392)    the space 699072K,  84% used [0x00000000d5550000, 0x00000000f980cfb8, 0x00000000f980d000, 0x0000000100000000)
[22.962s][debug][gc,heap        ] GC(392)  Metaspace       used 6360K, committed 6528K, reserved 1114112K
[22.962s][debug][gc,heap        ] GC(392)   class space    used 546K, committed 640K, reserved 1048576K
[22.962s][debug][gc,heap        ] GC(392) Heap after GC invocations=320 (full 73):
[22.962s][debug][gc,heap        ] GC(392)  def new generation   total 314560K, used 314521K [0x00000000c0000000, 0x00000000d5550000, 0x00000000d5550000)
[22.962s][debug][gc,heap        ] GC(392)   eden space 279616K, 100% used [0x00000000c0000000, 0x00000000d1110000, 0x00000000d1110000)
[22.962s][debug][gc,heap        ] GC(392)   from space 34944K,  99% used [0x00000000d1110000, 0x00000000d33265d0, 0x00000000d3330000)
[22.962s][debug][gc,heap        ] GC(392)   to   space 34944K,   0% used [0x00000000d3330000, 0x00000000d3330000, 0x00000000d5550000)
[22.962s][debug][gc,heap        ] GC(392)  tenured generation   total 699072K, used 592627K [0x00000000d5550000, 0x0000000100000000, 0x0000000100000000)
[22.962s][debug][gc,heap        ] GC(392)    the space 699072K,  84% used [0x00000000d5550000, 0x00000000f980cfb8, 0x00000000f980d000, 0x0000000100000000)
[22.962s][debug][gc,heap        ] GC(392)  Metaspace       used 6360K, committed 6528K, reserved 1114112K
[22.962s][debug][gc,heap        ] GC(392)   class space    used 546K, committed 640K, reserved 1048576K
[22.962s][info ][gc             ] GC(392) Pause Young (Allocation Failure) 885M->885M(989M) 0.128ms
[22.962s][info ][gc,cpu         ] GC(392) User=0.00s Sys=0.00s Real=0.00s
[22.962s][info ][gc,start       ] GC(393) Pause Full (Allocation Failure)
[22.962s][debug][gc,heap        ] GC(393) Heap before GC invocations=320 (full 73):
[22.962s][debug][gc,heap        ] GC(393)  def new generation   total 314560K, used 314521K [0x00000000c0000000, 0x00000000d5550000, 0x00000000d5550000)
[22.962s][debug][gc,heap        ] GC(393)   eden space 279616K, 100% used [0x00000000c0000000, 0x00000000d1110000, 0x00000000d1110000)
[22.962s][debug][gc,heap        ] GC(393)   from space 34944K,  99% used [0x00000000d1110000, 0x00000000d33265d0, 0x00000000d3330000)
[22.962s][debug][gc,heap        ] GC(393)   to   space 34944K,   0% used [0x00000000d3330000, 0x00000000d3330000, 0x00000000d5550000)
[22.962s][debug][gc,heap        ] GC(393)  tenured generation   total 699072K, used 592627K [0x00000000d5550000, 0x0000000100000000, 0x0000000100000000)
[22.962s][debug][gc,heap        ] GC(393)    the space 699072K,  84% used [0x00000000d5550000, 0x00000000f980cfb8, 0x00000000f980d000, 0x0000000100000000)
[22.962s][debug][gc,heap        ] GC(393)  Metaspace       used 6360K, committed 6528K, reserved 1114112K
[22.962s][debug][gc,heap        ] GC(393)   class space    used 546K, committed 640K, reserved 1048576K
[22.962s][info ][gc,phases,start] GC(393) Phase 1: Mark live objects
[22.963s][info ][gc,phases      ] GC(393) Phase 1: Mark live objects 0.947ms
[22.963s][info ][gc,phases,start] GC(393) Phase 2: Compute new object addresses
[22.964s][info ][gc,phases      ] GC(393) Phase 2: Compute new object addresses 1.346ms
[22.964s][info ][gc,phases,start] GC(393) Phase 3: Adjust pointers
[22.965s][info ][gc,phases      ] GC(393) Phase 3: Adjust pointers 0.721ms
[22.965s][info ][gc,phases,start] GC(393) Phase 4: Move objects
[23.009s][info ][gc,phases      ] GC(393) Phase 4: Move objects 44.334ms
[23.010s][info ][gc,heap        ] GC(393) DefNew: 314521K(314560K)->0K(314560K) Eden: 279616K(279616K)->0K(279616K) From: 34905K(34944K)->0K(34944K)
[23.010s][info ][gc,heap        ] GC(393) Tenured: 592627K(699072K)->200766K(699072K)
[23.010s][info ][gc,metaspace   ] GC(393) Metaspace: 6360K(6528K)->6360K(6528K) NonClass: 5814K(5888K)->5814K(5888K) Class: 546K(640K)->546K(640K)
[23.010s][debug][gc,heap        ] GC(393) Heap after GC invocations=320 (full 74):
[23.010s][debug][gc,heap        ] GC(393)  def new generation   total 314560K, used 0K [0x00000000c0000000, 0x00000000d5550000, 0x00000000d5550000)
[23.010s][debug][gc,heap        ] GC(393)   eden space 279616K,   0% used [0x00000000c0000000, 0x00000000c0000000, 0x00000000d1110000)
[23.010s][debug][gc,heap        ] GC(393)   from space 34944K,   0% used [0x00000000d1110000, 0x00000000d1110000, 0x00000000d3330000)
[23.010s][debug][gc,heap        ] GC(393)   to   space 34944K,   0% used [0x00000000d3330000, 0x00000000d3330000, 0x00000000d5550000)
[23.010s][debug][gc,heap        ] GC(393)  tenured generation   total 699072K, used 200766K [0x00000000d5550000, 0x0000000100000000, 0x0000000100000000)
[23.010s][debug][gc,heap        ] GC(393)    the space 699072K,  28% used [0x00000000d5550000, 0x00000000e195fad8, 0x00000000e195fc00, 0x0000000100000000)
[23.010s][debug][gc,heap        ] GC(393)  Metaspace       used 6360K, committed 6528K, reserved 1114112K
[23.010s][debug][gc,heap        ] GC(393)   class space    used 546K, committed 640K, reserved 1048576K
[23.010s][info ][gc             ] GC(393) Pause Full (Allocation Failure) 885M->196M(989M) 47.853ms
[23.010s][info ][gc,cpu         ] GC(393) User=0.04s Sys=0.00s Real=0.04s
[23.010s][info ][safepoint      ] Safepoint "GenCollectForAllocation", Time since last: 49910602 ns, Reaching safepoint: 4900 ns, Cleanup: 5600 ns, At safepoint: 48029697 ns, Total: 48040197 ns
[23.056s][info ][gc,start       ] GC(394) Pause Young (Allocation Failure)
[23.056s][debug][gc,heap        ] GC(394) Heap before GC invocations=320 (full 74):
[23.056s][debug][gc,heap        ] GC(394)  def new generation   total 314560K, used 279616K [0x00000000c0000000, 0x00000000d5550000, 0x00000000d5550000)
[23.056s][debug][gc,heap        ] GC(394)   eden space 279616K, 100% used [0x00000000c0000000, 0x00000000d1110000, 0x00000000d1110000)
[23.056s][debug][gc,heap        ] GC(394)   from space 34944K,   0% used [0x00000000d1110000, 0x00000000d1110000, 0x00000000d3330000)
[23.056s][debug][gc,heap        ] GC(394)   to   space 34944K,   0% used [0x00000000d3330000, 0x00000000d3330000, 0x00000000d5550000)
[23.056s][debug][gc,heap        ] GC(394)  tenured generation   total 699072K, used 200766K [0x00000000d5550000, 0x0000000100000000, 0x0000000100000000)
[23.056s][debug][gc,heap        ] GC(394)    the space 699072K,  28% used [0x00000000d5550000, 0x00000000e195fad8, 0x00000000e195fc00, 0x0000000100000000)
[23.056s][debug][gc,heap        ] GC(394)  Metaspace       used 6360K, committed 6528K, reserved 1114112K
[23.056s][debug][gc,heap        ] GC(394)   class space    used 546K, committed 640K, reserved 1048576K
[23.086s][info ][gc,heap        ] GC(394) DefNew: 279616K(314560K)->34905K(314560K) Eden: 279616K(279616K)->0K(279616K) From: 0K(34944K)->34905K(34944K)
[23.086s][info ][gc,heap        ] GC(394) Tenured: 200766K(699072K)->316984K(699072K)
[23.086s][info ][gc,metaspace   ] GC(394) Metaspace: 6360K(6528K)->6360K(6528K) NonClass: 5814K(5888K)->5814K(5888K) Class: 546K(640K)->546K(640K)
[23.086s][debug][gc,heap        ] GC(394) Heap after GC invocations=321 (full 74):
[23.086s][debug][gc,heap        ] GC(394)  def new generation   total 314560K, used 34905K [0x00000000c0000000, 0x00000000d5550000, 0x00000000d5550000)
[23.086s][debug][gc,heap        ] GC(394)   eden space 279616K,   0% used [0x00000000c0000000, 0x00000000c0000000, 0x00000000d1110000)
[23.086s][debug][gc,heap        ] GC(394)   from space 34944K,  99% used [0x00000000d3330000, 0x00000000d55465d0, 0x00000000d5550000)
[23.086s][debug][gc,heap        ] GC(394)   to   space 34944K,   0% used [0x00000000d1110000, 0x00000000d1110000, 0x00000000d3330000)
[23.086s][debug][gc,heap        ] GC(394)  tenured generation   total 699072K, used 316984K [0x00000000d5550000, 0x0000000100000000, 0x0000000100000000)
[23.086s][debug][gc,heap        ] GC(394)    the space 699072K,  45% used [0x00000000d5550000, 0x00000000e8ade378, 0x00000000e8ade400, 0x0000000100000000)
[23.086s][debug][gc,heap        ] GC(394)  Metaspace       used 6360K, committed 6528K, reserved 1114112K
[23.086s][debug][gc,heap        ] GC(394)   class space    used 546K, committed 640K, reserved 1048576K
[23.086s][info ][gc             ] GC(394) Pause Young (Allocation Failure) 469M->343M(989M) 29.633ms
[23.086s][info ][gc,cpu         ] GC(394) User=0.03s Sys=0.00s Real=0.03s
[23.086s][info ][safepoint      ] Safepoint "GenCollectForAllocation", Time since last: 46562795 ns, Reaching safepoint: 4700 ns, Cleanup: 4600 ns, At safepoint: 29660160 ns, Total: 29669460 ns
[23.122s][info ][gc,start       ] GC(395) Pause Young (Allocation Failure)
[23.122s][debug][gc,heap        ] GC(395) Heap before GC invocations=321 (full 74):
[23.122s][debug][gc,heap        ] GC(395)  def new generation   total 314560K, used 314521K [0x00000000c0000000, 0x00000000d5550000, 0x00000000d5550000)
[23.122s][debug][gc,heap        ] GC(395)   eden space 279616K, 100% used [0x00000000c0000000, 0x00000000d1110000, 0x00000000d1110000)
[23.122s][debug][gc,heap        ] GC(395)   from space 34944K,  99% used [0x00000000d3330000, 0x00000000d55465d0, 0x00000000d5550000)
[23.122s][debug][gc,heap        ] GC(395)   to   space 34944K,   0% used [0x00000000d1110000, 0x00000000d1110000, 0x00000000d3330000)
[23.122s][debug][gc,heap        ] GC(395)  tenured generation   total 699072K, used 316984K [0x00000000d5550000, 0x0000000100000000, 0x0000000100000000)
[23.122s][debug][gc,heap        ] GC(395)    the space 699072K,  45% used [0x00000000d5550000, 0x00000000e8ade378, 0x00000000e8ade400, 0x0000000100000000)
[23.122s][debug][gc,heap        ] GC(395)  Metaspace       used 6360K, committed 6528K, reserved 1114112K
[23.122s][debug][gc,heap        ] GC(395)   class space    used 546K, committed 640K, reserved 1048576K
[23.153s][info ][gc,heap        ] GC(395) DefNew: 314521K(314560K)->34905K(314560K) Eden: 279616K(279616K)->0K(279616K) From: 34905K(34944K)->34905K(34944K)
[23.153s][info ][gc,heap        ] GC(395) Tenured: 316984K(699072K)->441204K(699072K)
[23.153s][info ][gc,metaspace   ] GC(395) Metaspace: 6360K(6528K)->6360K(6528K) NonClass: 5814K(5888K)->5814K(5888K) Class: 546K(640K)->546K(640K)
[23.153s][debug][gc,heap        ] GC(395) Heap after GC invocations=322 (full 74):
[23.153s][debug][gc,heap        ] GC(395)  def new generation   total 314560K, used 34905K [0x00000000c0000000, 0x00000000d5550000, 0x00000000d5550000)
[23.153s][debug][gc,heap        ] GC(395)   eden space 279616K,   0% used [0x00000000c0000000, 0x00000000c0000000, 0x00000000d1110000)
[23.153s][debug][gc,heap        ] GC(395)   from space 34944K,  99% used [0x00000000d1110000, 0x00000000d33265d0, 0x00000000d3330000)
[23.153s][debug][gc,heap        ] GC(395)   to   space 34944K,   0% used [0x00000000d3330000, 0x00000000d3330000, 0x00000000d5550000)
[23.153s][debug][gc,heap        ] GC(395)  tenured generation   total 699072K, used 441204K [0x00000000d5550000, 0x0000000100000000, 0x0000000100000000)
[23.153s][debug][gc,heap        ] GC(395)    the space 699072K,  63% used [0x00000000d5550000, 0x00000000f042d118, 0x00000000f042d200, 0x0000000100000000)
[23.153s][debug][gc,heap        ] GC(395)  Metaspace       used 6360K, committed 6528K, reserved 1114112K
[23.153s][debug][gc,heap        ] GC(395)   class space    used 546K, committed 640K, reserved 1048576K
[23.153s][info ][gc             ] GC(395) Pause Young (Allocation Failure) 616M->464M(989M) 31.075ms
[23.153s][info ][gc,cpu         ] GC(395) User=0.03s Sys=0.00s Real=0.03s
[23.153s][info ][safepoint      ] Safepoint "GenCollectForAllocation", Time since last: 35804373 ns, Reaching safepoint: 4100 ns, Cleanup: 4400 ns, At safepoint: 31102463 ns, Total: 31110963 ns
[23.190s][info ][gc,start       ] GC(396) Pause Young (Allocation Failure)
[23.190s][debug][gc,heap        ] GC(396) Heap before GC invocations=322 (full 74):
[23.190s][debug][gc,heap        ] GC(396)  def new generation   total 314560K, used 314521K [0x00000000c0000000, 0x00000000d5550000, 0x00000000d5550000)
[23.190s][debug][gc,heap        ] GC(396)   eden space 279616K, 100% used [0x00000000c0000000, 0x00000000d1110000, 0x00000000d1110000)
[23.190s][debug][gc,heap        ] GC(396)   from space 34944K,  99% used [0x00000000d1110000, 0x00000000d33265d0, 0x00000000d3330000)
[23.190s][debug][gc,heap        ] GC(396)   to   space 34944K,   0% used [0x00000000d3330000, 0x00000000d3330000, 0x00000000d5550000)
[23.190s][debug][gc,heap        ] GC(396)  tenured generation   total 699072K, used 441204K [0x00000000d5550000, 0x0000000100000000, 0x0000000100000000)
[23.190s][debug][gc,heap        ] GC(396)    the space 699072K,  63% used [0x00000000d5550000, 0x00000000f042d118, 0x00000000f042d200, 0x0000000100000000)
[23.190s][debug][gc,heap        ] GC(396)  Metaspace       used 6360K, committed 6528K, reserved 1114112K
[23.190s][debug][gc,heap        ] GC(396)   class space    used 546K, committed 640K, reserved 1048576K
[23.218s][info ][gc,heap        ] GC(396) DefNew: 314521K(314560K)->34905K(314560K) Eden: 279616K(279616K)->0K(279616K) From: 34905K(34944K)->34905K(34944K)
[23.218s][info ][gc,heap        ] GC(396) Tenured: 441204K(699072K)->563723K(699072K)
[23.218s][info ][gc,metaspace   ] GC(396) Metaspace: 6360K(6528K)->6360K(6528K) NonClass: 5814K(5888K)->5814K(5888K) Class: 546K(640K)->546K(640K)
[23.218s][debug][gc,heap        ] GC(396) Heap after GC invocations=323 (full 74):
[23.218s][debug][gc,heap        ] GC(396)  def new generation   total 314560K, used 34905K [0x00000000c0000000, 0x00000000d5550000, 0x00000000d5550000)
[23.218s][debug][gc,heap        ] GC(396)   eden space 279616K,   0% used [0x00000000c0000000, 0x00000000c0000000, 0x00000000d1110000)
[23.218s][debug][gc,heap        ] GC(396)   from space 34944K,  99% used [0x00000000d3330000, 0x00000000d55465d0, 0x00000000d5550000)
[23.218s][debug][gc,heap        ] GC(396)   to   space 34944K,   0% used [0x00000000d1110000, 0x00000000d1110000, 0x00000000d3330000)
[23.218s][debug][gc,heap        ] GC(396)  tenured generation   total 699072K, used 563723K [0x00000000d5550000, 0x0000000100000000, 0x0000000100000000)
[23.218s][debug][gc,heap        ] GC(396)    the space 699072K,  80% used [0x00000000d5550000, 0x00000000f7bd2da8, 0x00000000f7bd2e00, 0x0000000100000000)
[23.218s][debug][gc,heap        ] GC(396)  Metaspace       used 6360K, committed 6528K, reserved 1114112K
[23.218s][debug][gc,heap        ] GC(396)   class space    used 546K, committed 640K, reserved 1048576K
[23.218s][info ][gc             ] GC(396) Pause Young (Allocation Failure) 738M->584M(989M) 28.125ms
[23.218s][info ][gc,cpu         ] GC(396) User=0.03s Sys=0.00s Real=0.03s
[23.218s][info ][safepoint      ] Safepoint "GenCollectForAllocation", Time since last: 36521075 ns, Reaching safepoint: 4300 ns, Cleanup: 4200 ns, At safepoint: 28151057 ns, Total: 28159557 ns
[23.252s][info ][gc,start       ] GC(397) Pause Young (Allocation Failure)
[23.252s][debug][gc,heap        ] GC(397) Heap before GC invocations=323 (full 74):
[23.252s][debug][gc,heap        ] GC(397)  def new generation   total 314560K, used 314521K [0x00000000c0000000, 0x00000000d5550000, 0x00000000d5550000)
[23.252s][debug][gc,heap        ] GC(397)   eden space 279616K, 100% used [0x00000000c0000000, 0x00000000d1110000, 0x00000000d1110000)
[23.252s][debug][gc,heap        ] GC(397)   from space 34944K,  99% used [0x00000000d3330000, 0x00000000d55465d0, 0x00000000d5550000)
[23.252s][debug][gc,heap        ] GC(397)   to   space 34944K,   0% used [0x00000000d1110000, 0x00000000d1110000, 0x00000000d3330000)
[23.252s][debug][gc,heap        ] GC(397)  tenured generation   total 699072K, used 563723K [0x00000000d5550000, 0x0000000100000000, 0x0000000100000000)
[23.252s][debug][gc,heap        ] GC(397)    the space 699072K,  80% used [0x00000000d5550000, 0x00000000f7bd2da8, 0x00000000f7bd2e00, 0x0000000100000000)
[23.252s][debug][gc,heap        ] GC(397)  Metaspace       used 6360K, committed 6528K, reserved 1114112K
[23.252s][debug][gc,heap        ] GC(397)   class space    used 546K, committed 640K, reserved 1048576K
[23.252s][debug][gc,heap        ] GC(397) Heap after GC invocations=324 (full 74):
[23.252s][debug][gc,heap        ] GC(397)  def new generation   total 314560K, used 314521K [0x00000000c0000000, 0x00000000d5550000, 0x00000000d5550000)
[23.252s][debug][gc,heap        ] GC(397)   eden space 279616K, 100% used [0x00000000c0000000, 0x00000000d1110000, 0x00000000d1110000)
[23.252s][debug][gc,heap        ] GC(397)   from space 34944K,  99% used [0x00000000d3330000, 0x00000000d55465d0, 0x00000000d5550000)
[23.252s][debug][gc,heap        ] GC(397)   to   space 34944K,   0% used [0x00000000d1110000, 0x00000000d1110000, 0x00000000d3330000)
[23.252s][debug][gc,heap        ] GC(397)  tenured generation   total 699072K, used 563723K [0x00000000d5550000, 0x0000000100000000, 0x0000000100000000)
[23.252s][debug][gc,heap        ] GC(397)    the space 699072K,  80% used [0x00000000d5550000, 0x00000000f7bd2da8, 0x00000000f7bd2e00, 0x0000000100000000)
[23.252s][debug][gc,heap        ] GC(397)  Metaspace       used 6360K, committed 6528K, reserved 1114112K
[23.252s][debug][gc,heap        ] GC(397)   class space    used 546K, committed 640K, reserved 1048576K
[23.252s][info ][gc             ] GC(397) Pause Young (Allocation Failure) 857M->857M(989M) 0.110ms
[23.252s][info ][gc,cpu         ] GC(397) User=0.00s Sys=0.00s Real=0.00s
[23.252s][info ][gc,start       ] GC(398) Pause Full (Allocation Failure)
[23.252s][debug][gc,heap        ] GC(398) Heap before GC invocations=324 (full 74):
[23.252s][debug][gc,heap        ] GC(398)  def new generation   total 314560K, used 314521K [0x00000000c0000000, 0x00000000d5550000, 0x00000000d5550000)
[23.252s][debug][gc,heap        ] GC(398)   eden space 279616K, 100% used [0x00000000c0000000, 0x00000000d1110000, 0x00000000d1110000)
[23.252s][debug][gc,heap        ] GC(398)   from space 34944K,  99% used [0x00000000d3330000, 0x00000000d55465d0, 0x00000000d5550000)
[23.252s][debug][gc,heap        ] GC(398)   to   space 34944K,   0% used [0x00000000d1110000, 0x00000000d1110000, 0x00000000d3330000)
[23.252s][debug][gc,heap        ] GC(398)  tenured generation   total 699072K, used 563723K [0x00000000d5550000, 0x0000000100000000, 0x0000000100000000)
[23.252s][debug][gc,heap        ] GC(398)    the space 699072K,  80% used [0x00000000d5550000, 0x00000000f7bd2da8, 0x00000000f7bd2e00, 0x0000000100000000)
[23.252s][debug][gc,heap        ] GC(398)  Metaspace       used 6360K, committed 6528K, reserved 1114112K
[23.252s][debug][gc,heap        ] GC(398)   class space    used 546K, committed 640K, reserved 1048576K
[23.252s][info ][gc,phases,start] GC(398) Phase 1: Mark live objects
[23.253s][info ][gc,phases      ] GC(398) Phase 1: Mark live objects 0.943ms
[23.253s][info ][gc,phases,start] GC(398) Phase 2: Compute new object addresses
[23.254s][info ][gc,phases      ] GC(398) Phase 2: Compute new object addresses 1.289ms
[23.254s][info ][gc,phases,start] GC(398) Phase 3: Adjust pointers
[23.255s][info ][gc,phases      ] GC(398) Phase 3: Adjust pointers 0.676ms
[23.255s][info ][gc,phases,start] GC(398) Phase 4: Move objects
[23.289s][info ][gc,phases      ] GC(398) Phase 4: Move objects 34.058ms
[23.289s][info ][gc,heap        ] GC(398) DefNew: 314521K(314560K)->0K(314560K) Eden: 279616K(279616K)->0K(279616K) From: 34905K(34944K)->0K(34944K)
[23.289s][info ][gc,heap        ] GC(398) Tenured: 563723K(699072K)->223570K(699072K)
[23.289s][info ][gc,metaspace   ] GC(398) Metaspace: 6360K(6528K)->6360K(6528K) NonClass: 5814K(5888K)->5814K(5888K) Class: 546K(640K)->546K(640K)
[23.289s][debug][gc,heap        ] GC(398) Heap after GC invocations=324 (full 75):
[23.289s][debug][gc,heap        ] GC(398)  def new generation   total 314560K, used 0K [0x00000000c0000000, 0x00000000d5550000, 0x00000000d5550000)
[23.289s][debug][gc,heap        ] GC(398)   eden space 279616K,   0% used [0x00000000c0000000, 0x00000000c0000000, 0x00000000d1110000)
[23.289s][debug][gc,heap        ] GC(398)   from space 34944K,   0% used [0x00000000d3330000, 0x00000000d3330000, 0x00000000d5550000)
[23.289s][debug][gc,heap        ] GC(398)   to   space 34944K,   0% used [0x00000000d1110000, 0x00000000d1110000, 0x00000000d3330000)
[23.289s][debug][gc,heap        ] GC(398)  tenured generation   total 699072K, used 223570K [0x00000000d5550000, 0x0000000100000000, 0x0000000100000000)
[23.289s][debug][gc,heap        ] GC(398)    the space 699072K,  31% used [0x00000000d5550000, 0x00000000e2fa4918, 0x00000000e2fa4a00, 0x0000000100000000)
[23.289s][debug][gc,heap        ] GC(398)  Metaspace       used 6360K, committed 6528K, reserved 1114112K
[23.289s][debug][gc,heap        ] GC(398)   class space    used 546K, committed 640K, reserved 1048576K
[23.289s][info ][gc             ] GC(398) Pause Full (Allocation Failure) 857M->218M(989M) 37.277ms
[23.289s][info ][gc,cpu         ] GC(398) User=0.03s Sys=0.00s Real=0.03s
[23.289s][info ][safepoint      ] Safepoint "GenCollectForAllocation", Time since last: 33954569 ns, Reaching safepoint: 4400 ns, Cleanup: 4400 ns, At safepoint: 37424776 ns, Total: 37433576 ns
[23.323s][info ][gc,start       ] GC(399) Pause Young (Allocation Failure)
[23.323s][debug][gc,heap        ] GC(399) Heap before GC invocations=324 (full 75):
[23.323s][debug][gc,heap        ] GC(399)  def new generation   total 314560K, used 279616K [0x00000000c0000000, 0x00000000d5550000, 0x00000000d5550000)
[23.323s][debug][gc,heap        ] GC(399)   eden space 279616K, 100% used [0x00000000c0000000, 0x00000000d1110000, 0x00000000d1110000)
[23.323s][debug][gc,heap        ] GC(399)   from space 34944K,   0% used [0x00000000d3330000, 0x00000000d3330000, 0x00000000d5550000)
[23.323s][debug][gc,heap        ] GC(399)   to   space 34944K,   0% used [0x00000000d1110000, 0x00000000d1110000, 0x00000000d3330000)
[23.323s][debug][gc,heap        ] GC(399)  tenured generation   total 699072K, used 223570K [0x00000000d5550000, 0x0000000100000000, 0x0000000100000000)
[23.323s][debug][gc,heap        ] GC(399)    the space 699072K,  31% used [0x00000000d5550000, 0x00000000e2fa4918, 0x00000000e2fa4a00, 0x0000000100000000)
[23.323s][debug][gc,heap        ] GC(399)  Metaspace       used 6360K, committed 6528K, reserved 1114112K
[23.323s][debug][gc,heap        ] GC(399)   class space    used 546K, committed 640K, reserved 1048576K
[23.349s][info ][gc,heap        ] GC(399) DefNew: 279616K(314560K)->34905K(314560K) Eden: 279616K(279616K)->0K(279616K) From: 0K(34944K)->34905K(34944K)
[23.349s][info ][gc,heap        ] GC(399) Tenured: 223570K(699072K)->337388K(699072K)
[23.349s][info ][gc,metaspace   ] GC(399) Metaspace: 6360K(6528K)->6360K(6528K) NonClass: 5814K(5888K)->5814K(5888K) Class: 546K(640K)->546K(640K)
[23.349s][debug][gc,heap        ] GC(399) Heap after GC invocations=325 (full 75):
[23.349s][debug][gc,heap        ] GC(399)  def new generation   total 314560K, used 34905K [0x00000000c0000000, 0x00000000d5550000, 0x00000000d5550000)
[23.349s][debug][gc,heap        ] GC(399)   eden space 279616K,   0% used [0x00000000c0000000, 0x00000000c0000000, 0x00000000d1110000)
[23.349s][debug][gc,heap        ] GC(399)   from space 34944K,  99% used [0x00000000d1110000, 0x00000000d33265d0, 0x00000000d3330000)
[23.349s][debug][gc,heap        ] GC(399)   to   space 34944K,   0% used [0x00000000d3330000, 0x00000000d3330000, 0x00000000d5550000)
[23.349s][debug][gc,heap        ] GC(399)  tenured generation   total 699072K, used 337388K [0x00000000d5550000, 0x0000000100000000, 0x0000000100000000)
[23.349s][debug][gc,heap        ] GC(399)    the space 699072K,  48% used [0x00000000d5550000, 0x00000000e9ecb038, 0x00000000e9ecb200, 0x0000000100000000)
[23.349s][debug][gc,heap        ] GC(399)  Metaspace       used 6360K, committed 6528K, reserved 1114112K
[23.349s][debug][gc,heap        ] GC(399)   class space    used 546K, committed 640K, reserved 1048576K
[23.349s][info ][gc             ] GC(399) Pause Young (Allocation Failure) 491M->363M(989M) 26.229ms
[23.349s][info ][gc,cpu         ] GC(399) User=0.02s Sys=0.00s Real=0.02s
[23.349s][info ][safepoint      ] Safepoint "GenCollectForAllocation", Time since last: 34135269 ns, Reaching safepoint: 3900 ns, Cleanup: 4100 ns, At safepoint: 26255154 ns, Total: 26263154 ns
[23.384s][info ][gc,start       ] GC(400) Pause Young (Allocation Failure)
[23.384s][debug][gc,heap        ] GC(400) Heap before GC invocations=325 (full 75):
[23.384s][debug][gc,heap        ] GC(400)  def new generation   total 314560K, used 314521K [0x00000000c0000000, 0x00000000d5550000, 0x00000000d5550000)
[23.384s][debug][gc,heap        ] GC(400)   eden space 279616K, 100% used [0x00000000c0000000, 0x00000000d1110000, 0x00000000d1110000)
[23.384s][debug][gc,heap        ] GC(400)   from space 34944K,  99% used [0x00000000d1110000, 0x00000000d33265d0, 0x00000000d3330000)
[23.384s][debug][gc,heap        ] GC(400)   to   space 34944K,   0% used [0x00000000d3330000, 0x00000000d3330000, 0x00000000d5550000)
[23.384s][debug][gc,heap        ] GC(400)  tenured generation   total 699072K, used 337388K [0x00000000d5550000, 0x0000000100000000, 0x0000000100000000)
[23.384s][debug][gc,heap        ] GC(400)    the space 699072K,  48% used [0x00000000d5550000, 0x00000000e9ecb038, 0x00000000e9ecb200, 0x0000000100000000)
[23.384s][debug][gc,heap        ] GC(400)  Metaspace       used 6360K, committed 6528K, reserved 1114112K
[23.384s][debug][gc,heap        ] GC(400)   class space    used 546K, committed 640K, reserved 1048576K
[23.411s][info ][gc,heap        ] GC(400) DefNew: 314521K(314560K)->34905K(314560K) Eden: 279616K(279616K)->0K(279616K) From: 34905K(34944K)->34905K(34944K)
[23.411s][info ][gc,heap        ] GC(400) Tenured: 337388K(699072K)->460107K(699072K)
[23.411s][info ][gc,metaspace   ] GC(400) Metaspace: 6360K(6528K)->6360K(6528K) NonClass: 5814K(5888K)->5814K(5888K) Class: 546K(640K)->546K(640K)
[23.411s][debug][gc,heap        ] GC(400) Heap after GC invocations=326 (full 75):
[23.411s][debug][gc,heap        ] GC(400)  def new generation   total 314560K, used 34905K [0x00000000c0000000, 0x00000000d5550000, 0x00000000d5550000)
[23.411s][debug][gc,heap        ] GC(400)   eden space 279616K,   0% used [0x00000000c0000000, 0x00000000c0000000, 0x00000000d1110000)
[23.411s][debug][gc,heap        ] GC(400)   from space 34944K,  99% used [0x00000000d3330000, 0x00000000d55465d0, 0x00000000d5550000)
[23.411s][debug][gc,heap        ] GC(400)   to   space 34944K,   0% used [0x00000000d1110000, 0x00000000d1110000, 0x00000000d3330000)
[23.411s][debug][gc,heap        ] GC(400)  tenured generation   total 699072K, used 460107K [0x00000000d5550000, 0x0000000100000000, 0x0000000100000000)
[23.411s][debug][gc,heap        ] GC(400)    the space 699072K,  65% used [0x00000000d5550000, 0x00000000f16a2ce8, 0x00000000f16a2e00, 0x0000000100000000)
[23.411s][debug][gc,heap        ] GC(400)  Metaspace       used 6360K, committed 6528K, reserved 1114112K
[23.411s][debug][gc,heap        ] GC(400)   class space    used 546K, committed 640K, reserved 1048576K
[23.411s][info ][gc             ] GC(400) Pause Young (Allocation Failure) 636M->483M(989M) 27.776ms
[23.411s][info ][gc,cpu         ] GC(400) User=0.03s Sys=0.00s Real=0.03s
[23.411s][info ][safepoint      ] Safepoint "GenCollectForAllocation", Time since last: 34048269 ns, Reaching safepoint: 4500 ns, Cleanup: 4700 ns, At safepoint: 27802556 ns, Total: 27811756 ns
[23.446s][info ][gc,start       ] GC(401) Pause Young (Allocation Failure)
[23.446s][debug][gc,heap        ] GC(401) Heap before GC invocations=326 (full 75):
[23.446s][debug][gc,heap        ] GC(401)  def new generation   total 314560K, used 314521K [0x00000000c0000000, 0x00000000d5550000, 0x00000000d5550000)
[23.446s][debug][gc,heap        ] GC(401)   eden space 279616K, 100% used [0x00000000c0000000, 0x00000000d1110000, 0x00000000d1110000)
[23.446s][debug][gc,heap        ] GC(401)   from space 34944K,  99% used [0x00000000d3330000, 0x00000000d55465d0, 0x00000000d5550000)
[23.446s][debug][gc,heap        ] GC(401)   to   space 34944K,   0% used [0x00000000d1110000, 0x00000000d1110000, 0x00000000d3330000)
[23.446s][debug][gc,heap        ] GC(401)  tenured generation   total 699072K, used 460107K [0x00000000d5550000, 0x0000000100000000, 0x0000000100000000)
[23.446s][debug][gc,heap        ] GC(401)    the space 699072K,  65% used [0x00000000d5550000, 0x00000000f16a2ce8, 0x00000000f16a2e00, 0x0000000100000000)
[23.446s][debug][gc,heap        ] GC(401)  Metaspace       used 6360K, committed 6528K, reserved 1114112K
[23.446s][debug][gc,heap        ] GC(401)   class space    used 546K, committed 640K, reserved 1048576K
[23.474s][info ][gc,heap        ] GC(401) DefNew: 314521K(314560K)->34905K(314560K) Eden: 279616K(279616K)->0K(279616K) From: 34905K(34944K)->34905K(34944K)
[23.474s][info ][gc,heap        ] GC(401) Tenured: 460107K(699072K)->582426K(699072K)
[23.474s][info ][gc,metaspace   ] GC(401) Metaspace: 6360K(6528K)->6360K(6528K) NonClass: 5814K(5888K)->5814K(5888K) Class: 546K(640K)->546K(640K)
[23.474s][debug][gc,heap        ] GC(401) Heap after GC invocations=327 (full 75):
[23.474s][debug][gc,heap        ] GC(401)  def new generation   total 314560K, used 34905K [0x00000000c0000000, 0x00000000d5550000, 0x00000000d5550000)
[23.474s][debug][gc,heap        ] GC(401)   eden space 279616K,   0% used [0x00000000c0000000, 0x00000000c0000000, 0x00000000d1110000)
[23.474s][debug][gc,heap        ] GC(401)   from space 34944K,  99% used [0x00000000d1110000, 0x00000000d33265d0, 0x00000000d3330000)
[23.474s][debug][gc,heap        ] GC(401)   to   space 34944K,   0% used [0x00000000d3330000, 0x00000000d3330000, 0x00000000d5550000)
[23.474s][debug][gc,heap        ] GC(401)  tenured generation   total 699072K, used 582426K [0x00000000d5550000, 0x0000000100000000, 0x0000000100000000)
[23.474s][debug][gc,heap        ] GC(401)    the space 699072K,  83% used [0x00000000d5550000, 0x00000000f8e16958, 0x00000000f8e16a00, 0x0000000100000000)
[23.474s][debug][gc,heap        ] GC(401)  Metaspace       used 6360K, committed 6528K, reserved 1114112K
[23.474s][debug][gc,heap        ] GC(401)   class space    used 546K, committed 640K, reserved 1048576K
[23.474s][info ][gc             ] GC(401) Pause Young (Allocation Failure) 756M->602M(989M) 27.911ms
[23.474s][info ][gc,cpu         ] GC(401) User=0.03s Sys=0.00s Real=0.03s
[23.474s][info ][safepoint      ] Safepoint "GenCollectForAllocation", Time since last: 34931671 ns, Reaching safepoint: 3900 ns, Cleanup: 4000 ns, At safepoint: 27939057 ns, Total: 27946957 ns
[23.509s][info ][gc,start       ] GC(402) Pause Young (Allocation Failure)
[23.509s][debug][gc,heap        ] GC(402) Heap before GC invocations=327 (full 75):
[23.509s][debug][gc,heap        ] GC(402)  def new generation   total 314560K, used 314521K [0x00000000c0000000, 0x00000000d5550000, 0x00000000d5550000)
[23.509s][debug][gc,heap        ] GC(402)   eden space 279616K, 100% used [0x00000000c0000000, 0x00000000d1110000, 0x00000000d1110000)
[23.509s][debug][gc,heap        ] GC(402)   from space 34944K,  99% used [0x00000000d1110000, 0x00000000d33265d0, 0x00000000d3330000)
[23.509s][debug][gc,heap        ] GC(402)   to   space 34944K,   0% used [0x00000000d3330000, 0x00000000d3330000, 0x00000000d5550000)
[23.509s][debug][gc,heap        ] GC(402)  tenured generation   total 699072K, used 582426K [0x00000000d5550000, 0x0000000100000000, 0x0000000100000000)
[23.509s][debug][gc,heap        ] GC(402)    the space 699072K,  83% used [0x00000000d5550000, 0x00000000f8e16958, 0x00000000f8e16a00, 0x0000000100000000)
[23.509s][debug][gc,heap        ] GC(402)  Metaspace       used 6360K, committed 6528K, reserved 1114112K
[23.509s][debug][gc,heap        ] GC(402)   class space    used 546K, committed 640K, reserved 1048576K
[23.509s][debug][gc,heap        ] GC(402) Heap after GC invocations=328 (full 75):
[23.509s][debug][gc,heap        ] GC(402)  def new generation   total 314560K, used 314521K [0x00000000c0000000, 0x00000000d5550000, 0x00000000d5550000)
[23.509s][debug][gc,heap        ] GC(402)   eden space 279616K, 100% used [0x00000000c0000000, 0x00000000d1110000, 0x00000000d1110000)
[23.509s][debug][gc,heap        ] GC(402)   from space 34944K,  99% used [0x00000000d1110000, 0x00000000d33265d0, 0x00000000d3330000)
[23.509s][debug][gc,heap        ] GC(402)   to   space 34944K,   0% used [0x00000000d3330000, 0x00000000d3330000, 0x00000000d5550000)
[23.509s][debug][gc,heap        ] GC(402)  tenured generation   total 699072K, used 582426K [0x00000000d5550000, 0x0000000100000000, 0x0000000100000000)
[23.509s][debug][gc,heap        ] GC(402)    the space 699072K,  83% used [0x00000000d5550000, 0x00000000f8e16958, 0x00000000f8e16a00, 0x0000000100000000)
[23.509s][debug][gc,heap        ] GC(402)  Metaspace       used 6360K, committed 6528K, reserved 1114112K
[23.509s][debug][gc,heap        ] GC(402)   class space    used 546K, committed 640K, reserved 1048576K
[23.509s][info ][gc             ] GC(402) Pause Young (Allocation Failure) 875M->875M(989M) 0.111ms
[23.509s][info ][gc,cpu         ] GC(402) User=0.00s Sys=0.00s Real=0.00s
[23.509s][info ][gc,start       ] GC(403) Pause Full (Allocation Failure)
[23.509s][debug][gc,heap        ] GC(403) Heap before GC invocations=328 (full 75):
[23.509s][debug][gc,heap        ] GC(403)  def new generation   total 314560K, used 314521K [0x00000000c0000000, 0x00000000d5550000, 0x00000000d5550000)
[23.509s][debug][gc,heap        ] GC(403)   eden space 279616K, 100% used [0x00000000c0000000, 0x00000000d1110000, 0x00000000d1110000)
[23.509s][debug][gc,heap        ] GC(403)   from space 34944K,  99% used [0x00000000d1110000, 0x00000000d33265d0, 0x00000000d3330000)
[23.509s][debug][gc,heap        ] GC(403)   to   space 34944K,   0% used [0x00000000d3330000, 0x00000000d3330000, 0x00000000d5550000)
[23.509s][debug][gc,heap        ] GC(403)  tenured generation   total 699072K, used 582426K [0x00000000d5550000, 0x0000000100000000, 0x0000000100000000)
[23.509s][debug][gc,heap        ] GC(403)    the space 699072K,  83% used [0x00000000d5550000, 0x00000000f8e16958, 0x00000000f8e16a00, 0x0000000100000000)
[23.509s][debug][gc,heap        ] GC(403)  Metaspace       used 6360K, committed 6528K, reserved 1114112K
[23.509s][debug][gc,heap        ] GC(403)   class space    used 546K, committed 640K, reserved 1048576K
[23.509s][info ][gc,phases,start] GC(403) Phase 1: Mark live objects
[23.510s][info ][gc,phases      ] GC(403) Phase 1: Mark live objects 0.914ms
[23.510s][info ][gc,phases,start] GC(403) Phase 2: Compute new object addresses
[23.511s][info ][gc,phases      ] GC(403) Phase 2: Compute new object addresses 1.374ms
[23.511s][info ][gc,phases,start] GC(403) Phase 3: Adjust pointers
[23.512s][info ][gc,phases      ] GC(403) Phase 3: Adjust pointers 0.648ms
[23.512s][info ][gc,phases,start] GC(403) Phase 4: Move objects
[23.545s][info ][gc,phases      ] GC(403) Phase 4: Move objects 33.427ms
[23.546s][info ][gc,heap        ] GC(403) DefNew: 314521K(314560K)->0K(314560K) Eden: 279616K(279616K)->0K(279616K) From: 34905K(34944K)->0K(34944K)
[23.546s][info ][gc,heap        ] GC(403) Tenured: 582426K(699072K)->200766K(699072K)
[23.546s][info ][gc,metaspace   ] GC(403) Metaspace: 6360K(6528K)->6360K(6528K) NonClass: 5814K(5888K)->5814K(5888K) Class: 546K(640K)->546K(640K)
[23.546s][debug][gc,heap        ] GC(403) Heap after GC invocations=328 (full 76):
[23.546s][debug][gc,heap        ] GC(403)  def new generation   total 314560K, used 0K [0x00000000c0000000, 0x00000000d5550000, 0x00000000d5550000)
[23.546s][debug][gc,heap        ] GC(403)   eden space 279616K,   0% used [0x00000000c0000000, 0x00000000c0000000, 0x00000000d1110000)
[23.546s][debug][gc,heap        ] GC(403)   from space 34944K,   0% used [0x00000000d1110000, 0x00000000d1110000, 0x00000000d3330000)
[23.546s][debug][gc,heap        ] GC(403)   to   space 34944K,   0% used [0x00000000d3330000, 0x00000000d3330000, 0x00000000d5550000)
[23.546s][debug][gc,heap        ] GC(403)  tenured generation   total 699072K, used 200766K [0x00000000d5550000, 0x0000000100000000, 0x0000000100000000)
[23.546s][debug][gc,heap        ] GC(403)    the space 699072K,  28% used [0x00000000d5550000, 0x00000000e195fad8, 0x00000000e195fc00, 0x0000000100000000)
[23.546s][debug][gc,heap        ] GC(403)  Metaspace       used 6360K, committed 6528K, reserved 1114112K
[23.546s][debug][gc,heap        ] GC(403)   class space    used 546K, committed 640K, reserved 1048576K
[23.546s][info ][gc             ] GC(403) Pause Full (Allocation Failure) 875M->196M(989M) 36.629ms
[23.546s][info ][gc,cpu         ] GC(403) User=0.04s Sys=0.00s Real=0.04s
[23.546s][info ][safepoint      ] Safepoint "GenCollectForAllocation", Time since last: 34668271 ns, Reaching safepoint: 4100 ns, Cleanup: 4800 ns, At safepoint: 36777874 ns, Total: 36786774 ns
[23.579s][info ][gc,start       ] GC(404) Pause Young (Allocation Failure)
[23.579s][debug][gc,heap        ] GC(404) Heap before GC invocations=328 (full 76):
[23.579s][debug][gc,heap        ] GC(404)  def new generation   total 314560K, used 279616K [0x00000000c0000000, 0x00000000d5550000, 0x00000000d5550000)
[23.579s][debug][gc,heap        ] GC(404)   eden space 279616K, 100% used [0x00000000c0000000, 0x00000000d1110000, 0x00000000d1110000)
[23.579s][debug][gc,heap        ] GC(404)   from space 34944K,   0% used [0x00000000d1110000, 0x00000000d1110000, 0x00000000d3330000)
[23.579s][debug][gc,heap        ] GC(404)   to   space 34944K,   0% used [0x00000000d3330000, 0x00000000d3330000, 0x00000000d5550000)
[23.579s][debug][gc,heap        ] GC(404)  tenured generation   total 699072K, used 200766K [0x00000000d5550000, 0x0000000100000000, 0x0000000100000000)
[23.579s][debug][gc,heap        ] GC(404)    the space 699072K,  28% used [0x00000000d5550000, 0x00000000e195fad8, 0x00000000e195fc00, 0x0000000100000000)
[23.579s][debug][gc,heap        ] GC(404)  Metaspace       used 6360K, committed 6528K, reserved 1114112K
[23.579s][debug][gc,heap        ] GC(404)   class space    used 546K, committed 640K, reserved 1048576K
[23.604s][info ][gc,heap        ] GC(404) DefNew: 279616K(314560K)->34905K(314560K) Eden: 279616K(279616K)->0K(279616K) From: 0K(34944K)->34905K(34944K)
[23.604s][info ][gc,heap        ] GC(404) Tenured: 200766K(699072K)->316484K(699072K)
[23.604s][info ][gc,metaspace   ] GC(404) Metaspace: 6360K(6528K)->6360K(6528K) NonClass: 5814K(5888K)->5814K(5888K) Class: 546K(640K)->546K(640K)
[23.604s][debug][gc,heap        ] GC(404) Heap after GC invocations=329 (full 76):
[23.604s][debug][gc,heap        ] GC(404)  def new generation   total 314560K, used 34905K [0x00000000c0000000, 0x00000000d5550000, 0x00000000d5550000)
[23.604s][debug][gc,heap        ] GC(404)   eden space 279616K,   0% used [0x00000000c0000000, 0x00000000c0000000, 0x00000000d1110000)
[23.604s][debug][gc,heap        ] GC(404)   from space 34944K,  99% used [0x00000000d3330000, 0x00000000d55465d0, 0x00000000d5550000)
[23.604s][debug][gc,heap        ] GC(404)   to   space 34944K,   0% used [0x00000000d1110000, 0x00000000d1110000, 0x00000000d3330000)
[23.604s][debug][gc,heap        ] GC(404)  tenured generation   total 699072K, used 316484K [0x00000000d5550000, 0x0000000100000000, 0x0000000100000000)
[23.604s][debug][gc,heap        ] GC(404)    the space 699072K,  45% used [0x00000000d5550000, 0x00000000e8a61328, 0x00000000e8a61400, 0x0000000100000000)
[23.604s][debug][gc,heap        ] GC(404)  Metaspace       used 6360K, committed 6528K, reserved 1114112K
[23.604s][debug][gc,heap        ] GC(404)   class space    used 546K, committed 640K, reserved 1048576K
[23.604s][info ][gc             ] GC(404) Pause Young (Allocation Failure) 469M->343M(989M) 24.996ms
[23.604s][info ][gc,cpu         ] GC(404) User=0.03s Sys=0.00s Real=0.03s
[23.604s][info ][safepoint      ] Safepoint "GenCollectForAllocation", Time since last: 33661169 ns, Reaching safepoint: 5300 ns, Cleanup: 27500 ns, At safepoint: 25025751 ns, Total: 25058551 ns
[23.640s][info ][gc,start       ] GC(405) Pause Young (Allocation Failure)
[23.640s][debug][gc,heap        ] GC(405) Heap before GC invocations=329 (full 76):
[23.640s][debug][gc,heap        ] GC(405)  def new generation   total 314560K, used 314521K [0x00000000c0000000, 0x00000000d5550000, 0x00000000d5550000)
[23.640s][debug][gc,heap        ] GC(405)   eden space 279616K, 100% used [0x00000000c0000000, 0x00000000d1110000, 0x00000000d1110000)
[23.640s][debug][gc,heap        ] GC(405)   from space 34944K,  99% used [0x00000000d3330000, 0x00000000d55465d0, 0x00000000d5550000)
[23.640s][debug][gc,heap        ] GC(405)   to   space 34944K,   0% used [0x00000000d1110000, 0x00000000d1110000, 0x00000000d3330000)
[23.640s][debug][gc,heap        ] GC(405)  tenured generation   total 699072K, used 316484K [0x00000000d5550000, 0x0000000100000000, 0x0000000100000000)
[23.640s][debug][gc,heap        ] GC(405)    the space 699072K,  45% used [0x00000000d5550000, 0x00000000e8a61328, 0x00000000e8a61400, 0x0000000100000000)
[23.640s][debug][gc,heap        ] GC(405)  Metaspace       used 6360K, committed 6528K, reserved 1114112K
[23.640s][debug][gc,heap        ] GC(405)   class space    used 546K, committed 640K, reserved 1048576K
[23.668s][info ][gc,heap        ] GC(405) DefNew: 314521K(314560K)->34905K(314560K) Eden: 279616K(279616K)->0K(279616K) From: 34905K(34944K)->34905K(34944K)
[23.669s][info ][gc,heap        ] GC(405) Tenured: 316484K(699072K)->441704K(699072K)
[23.669s][info ][gc,metaspace   ] GC(405) Metaspace: 6360K(6528K)->6360K(6528K) NonClass: 5814K(5888K)->5814K(5888K) Class: 546K(640K)->546K(640K)
[23.669s][debug][gc,heap        ] GC(405) Heap after GC invocations=330 (full 76):
[23.669s][debug][gc,heap        ] GC(405)  def new generation   total 314560K, used 34905K [0x00000000c0000000, 0x00000000d5550000, 0x00000000d5550000)
[23.669s][debug][gc,heap        ] GC(405)   eden space 279616K,   0% used [0x00000000c0000000, 0x00000000c0000000, 0x00000000d1110000)
[23.669s][debug][gc,heap        ] GC(405)   from space 34944K,  99% used [0x00000000d1110000, 0x00000000d33265d0, 0x00000000d3330000)
[23.669s][debug][gc,heap        ] GC(405)   to   space 34944K,   0% used [0x00000000d3330000, 0x00000000d3330000, 0x00000000d5550000)
[23.669s][debug][gc,heap        ] GC(405)  tenured generation   total 699072K, used 441704K [0x00000000d5550000, 0x0000000100000000, 0x0000000100000000)
[23.669s][debug][gc,heap        ] GC(405)    the space 699072K,  63% used [0x00000000d5550000, 0x00000000f04aa168, 0x00000000f04aa200, 0x0000000100000000)
[23.669s][debug][gc,heap        ] GC(405)  Metaspace       used 6360K, committed 6528K, reserved 1114112K
[23.669s][debug][gc,heap        ] GC(405)   class space    used 546K, committed 640K, reserved 1048576K
[23.669s][info ][gc             ] GC(405) Pause Young (Allocation Failure) 616M->465M(989M) 28.447ms
[23.669s][info ][gc,cpu         ] GC(405) User=0.03s Sys=0.00s Real=0.03s
[23.669s][info ][safepoint      ] Safepoint "GenCollectForAllocation", Time since last: 35749372 ns, Reaching safepoint: 3900 ns, Cleanup: 4400 ns, At safepoint: 28473858 ns, Total: 28482158 ns
[23.704s][info ][gc,start       ] GC(406) Pause Young (Allocation Failure)
[23.704s][debug][gc,heap        ] GC(406) Heap before GC invocations=330 (full 76):
[23.704s][debug][gc,heap        ] GC(406)  def new generation   total 314560K, used 314521K [0x00000000c0000000, 0x00000000d5550000, 0x00000000d5550000)
[23.704s][debug][gc,heap        ] GC(406)   eden space 279616K, 100% used [0x00000000c0000000, 0x00000000d1110000, 0x00000000d1110000)
[23.704s][debug][gc,heap        ] GC(406)   from space 34944K,  99% used [0x00000000d1110000, 0x00000000d33265d0, 0x00000000d3330000)
[23.704s][debug][gc,heap        ] GC(406)   to   space 34944K,   0% used [0x00000000d3330000, 0x00000000d3330000, 0x00000000d5550000)
[23.704s][debug][gc,heap        ] GC(406)  tenured generation   total 699072K, used 441704K [0x00000000d5550000, 0x0000000100000000, 0x0000000100000000)
[23.704s][debug][gc,heap        ] GC(406)    the space 699072K,  63% used [0x00000000d5550000, 0x00000000f04aa168, 0x00000000f04aa200, 0x0000000100000000)
[23.704s][debug][gc,heap        ] GC(406)  Metaspace       used 6360K, committed 6528K, reserved 1114112K
[23.704s][debug][gc,heap        ] GC(406)   class space    used 546K, committed 640K, reserved 1048576K
[23.734s][info ][gc,heap        ] GC(406) DefNew: 314521K(314560K)->34905K(314560K) Eden: 279616K(279616K)->0K(279616K) From: 34905K(34944K)->34905K(34944K)
[23.734s][info ][gc,heap        ] GC(406) Tenured: 441704K(699072K)->566223K(699072K)
[23.734s][info ][gc,metaspace   ] GC(406) Metaspace: 6360K(6528K)->6360K(6528K) NonClass: 5814K(5888K)->5814K(5888K) Class: 546K(640K)->546K(640K)
[23.734s][debug][gc,heap        ] GC(406) Heap after GC invocations=331 (full 76):
[23.734s][debug][gc,heap        ] GC(406)  def new generation   total 314560K, used 34905K [0x00000000c0000000, 0x00000000d5550000, 0x00000000d5550000)
[23.734s][debug][gc,heap        ] GC(406)   eden space 279616K,   0% used [0x00000000c0000000, 0x00000000c0000000, 0x00000000d1110000)
[23.734s][debug][gc,heap        ] GC(406)   from space 34944K,  99% used [0x00000000d3330000, 0x00000000d55465d0, 0x00000000d5550000)
[23.734s][debug][gc,heap        ] GC(406)   to   space 34944K,   0% used [0x00000000d1110000, 0x00000000d1110000, 0x00000000d3330000)
[23.734s][debug][gc,heap        ] GC(406)  tenured generation   total 699072K, used 566223K [0x00000000d5550000, 0x0000000100000000, 0x0000000100000000)
[23.734s][debug][gc,heap        ] GC(406)    the space 699072K,  80% used [0x00000000d5550000, 0x00000000f7e43f38, 0x00000000f7e44000, 0x0000000100000000)
[23.734s][debug][gc,heap        ] GC(406)  Metaspace       used 6360K, committed 6528K, reserved 1114112K
[23.734s][debug][gc,heap        ] GC(406)   class space    used 546K, committed 640K, reserved 1048576K
[23.734s][info ][gc             ] GC(406) Pause Young (Allocation Failure) 738M->587M(989M) 29.240ms
[23.734s][info ][gc,cpu         ] GC(406) User=0.03s Sys=0.00s Real=0.03s
[23.734s][info ][safepoint      ] Safepoint "GenCollectForAllocation", Time since last: 35733973 ns, Reaching safepoint: 4600 ns, Cleanup: 5900 ns, At safepoint: 29267034 ns, Total: 29277534 ns
[23.770s][info ][gc,start       ] GC(407) Pause Young (Allocation Failure)
[23.770s][debug][gc,heap        ] GC(407) Heap before GC invocations=331 (full 76):
[23.770s][debug][gc,heap        ] GC(407)  def new generation   total 314560K, used 314521K [0x00000000c0000000, 0x00000000d5550000, 0x00000000d5550000)
[23.770s][debug][gc,heap        ] GC(407)   eden space 279616K, 100% used [0x00000000c0000000, 0x00000000d1110000, 0x00000000d1110000)
[23.770s][debug][gc,heap        ] GC(407)   from space 34944K,  99% used [0x00000000d3330000, 0x00000000d55465d0, 0x00000000d5550000)
[23.770s][debug][gc,heap        ] GC(407)   to   space 34944K,   0% used [0x00000000d1110000, 0x00000000d1110000, 0x00000000d3330000)
[23.770s][debug][gc,heap        ] GC(407)  tenured generation   total 699072K, used 566223K [0x00000000d5550000, 0x0000000100000000, 0x0000000100000000)
[23.770s][debug][gc,heap        ] GC(407)    the space 699072K,  80% used [0x00000000d5550000, 0x00000000f7e43f38, 0x00000000f7e44000, 0x0000000100000000)
[23.770s][debug][gc,heap        ] GC(407)  Metaspace       used 6360K, committed 6528K, reserved 1114112K
[23.770s][debug][gc,heap        ] GC(407)   class space    used 546K, committed 640K, reserved 1048576K
[23.770s][debug][gc,heap        ] GC(407) Heap after GC invocations=332 (full 76):
[23.770s][debug][gc,heap        ] GC(407)  def new generation   total 314560K, used 314521K [0x00000000c0000000, 0x00000000d5550000, 0x00000000d5550000)
[23.770s][debug][gc,heap        ] GC(407)   eden space 279616K, 100% used [0x00000000c0000000, 0x00000000d1110000, 0x00000000d1110000)
[23.770s][debug][gc,heap        ] GC(407)   from space 34944K,  99% used [0x00000000d3330000, 0x00000000d55465d0, 0x00000000d5550000)
[23.770s][debug][gc,heap        ] GC(407)   to   space 34944K,   0% used [0x00000000d1110000, 0x00000000d1110000, 0x00000000d3330000)
[23.770s][debug][gc,heap        ] GC(407)  tenured generation   total 699072K, used 566223K [0x00000000d5550000, 0x0000000100000000, 0x0000000100000000)
[23.770s][debug][gc,heap        ] GC(407)    the space 699072K,  80% used [0x00000000d5550000, 0x00000000f7e43f38, 0x00000000f7e44000, 0x0000000100000000)
[23.770s][debug][gc,heap        ] GC(407)  Metaspace       used 6360K, committed 6528K, reserved 1114112K
[23.770s][debug][gc,heap        ] GC(407)   class space    used 546K, committed 640K, reserved 1048576K
[23.770s][info ][gc             ] GC(407) Pause Young (Allocation Failure) 860M->860M(989M) 0.100ms
[23.770s][info ][gc,cpu         ] GC(407) User=0.00s Sys=0.00s Real=0.00s
[23.770s][info ][gc,start       ] GC(408) Pause Full (Allocation Failure)
[23.770s][debug][gc,heap        ] GC(408) Heap before GC invocations=332 (full 76):
[23.770s][debug][gc,heap        ] GC(408)  def new generation   total 314560K, used 314521K [0x00000000c0000000, 0x00000000d5550000, 0x00000000d5550000)
[23.770s][debug][gc,heap        ] GC(408)   eden space 279616K, 100% used [0x00000000c0000000, 0x00000000d1110000, 0x00000000d1110000)
[23.770s][debug][gc,heap        ] GC(408)   from space 34944K,  99% used [0x00000000d3330000, 0x00000000d55465d0, 0x00000000d5550000)
[23.770s][debug][gc,heap        ] GC(408)   to   space 34944K,   0% used [0x00000000d1110000, 0x00000000d1110000, 0x00000000d3330000)
[23.770s][debug][gc,heap        ] GC(408)  tenured generation   total 699072K, used 566223K [0x00000000d5550000, 0x0000000100000000, 0x0000000100000000)
[23.770s][debug][gc,heap        ] GC(408)    the space 699072K,  80% used [0x00000000d5550000, 0x00000000f7e43f38, 0x00000000f7e44000, 0x0000000100000000)
[23.770s][debug][gc,heap        ] GC(408)  Metaspace       used 6360K, committed 6528K, reserved 1114112K
[23.770s][debug][gc,heap        ] GC(408)   class space    used 546K, committed 640K, reserved 1048576K
[23.770s][info ][gc,phases,start] GC(408) Phase 1: Mark live objects
[23.771s][info ][gc,phases      ] GC(408) Phase 1: Mark live objects 0.968ms
[23.771s][info ][gc,phases,start] GC(408) Phase 2: Compute new object addresses
[23.772s][info ][gc,phases      ] GC(408) Phase 2: Compute new object addresses 1.210ms
[23.772s][info ][gc,phases,start] GC(408) Phase 3: Adjust pointers
[23.773s][info ][gc,phases      ] GC(408) Phase 3: Adjust pointers 0.606ms
[23.773s][info ][gc,phases,start] GC(408) Phase 4: Move objects
[23.813s][info ][gc,phases      ] GC(408) Phase 4: Move objects 40.167ms
[23.813s][info ][gc,heap        ] GC(408) DefNew: 314521K(314560K)->0K(314560K) Eden: 279616K(279616K)->0K(279616K) From: 34905K(34944K)->0K(34944K)
[23.813s][info ][gc,heap        ] GC(408) Tenured: 566223K(699072K)->205467K(699072K)
[23.813s][info ][gc,metaspace   ] GC(408) Metaspace: 6360K(6528K)->6360K(6528K) NonClass: 5814K(5888K)->5814K(5888K) Class: 546K(640K)->546K(640K)
[23.813s][debug][gc,heap        ] GC(408) Heap after GC invocations=332 (full 77):
[23.813s][debug][gc,heap        ] GC(408)  def new generation   total 314560K, used 0K [0x00000000c0000000, 0x00000000d5550000, 0x00000000d5550000)
[23.813s][debug][gc,heap        ] GC(408)   eden space 279616K,   0% used [0x00000000c0000000, 0x00000000c0000000, 0x00000000d1110000)
[23.813s][debug][gc,heap        ] GC(408)   from space 34944K,   0% used [0x00000000d3330000, 0x00000000d3330000, 0x00000000d5550000)
[23.813s][debug][gc,heap        ] GC(408)   to   space 34944K,   0% used [0x00000000d1110000, 0x00000000d1110000, 0x00000000d3330000)
[23.813s][debug][gc,heap        ] GC(408)  tenured generation   total 699072K, used 205467K [0x00000000d5550000, 0x0000000100000000, 0x0000000100000000)
[23.813s][debug][gc,heap        ] GC(408)    the space 699072K,  29% used [0x00000000d5550000, 0x00000000e1df6dc8, 0x00000000e1df6e00, 0x0000000100000000)
[23.813s][debug][gc,heap        ] GC(408)  Metaspace       used 6360K, committed 6528K, reserved 1114112K
[23.813s][debug][gc,heap        ] GC(408)   class space    used 546K, committed 640K, reserved 1048576K
[23.813s][info ][gc             ] GC(408) Pause Full (Allocation Failure) 860M->200M(989M) 43.205ms
[23.813s][info ][gc,cpu         ] GC(408) User=0.05s Sys=0.00s Real=0.05s
[23.813s][info ][safepoint      ] Safepoint "GenCollectForAllocation", Time since last: 36383416 ns, Reaching safepoint: 3200 ns, Cleanup: 3700 ns, At safepoint: 43339820 ns, Total: 43346720 ns
[23.850s][info ][gc,start       ] GC(409) Pause Young (Allocation Failure)
[23.850s][debug][gc,heap        ] GC(409) Heap before GC invocations=332 (full 77):
[23.850s][debug][gc,heap        ] GC(409)  def new generation   total 314560K, used 279616K [0x00000000c0000000, 0x00000000d5550000, 0x00000000d5550000)
[23.850s][debug][gc,heap        ] GC(409)   eden space 279616K, 100% used [0x00000000c0000000, 0x00000000d1110000, 0x00000000d1110000)
[23.850s][debug][gc,heap        ] GC(409)   from space 34944K,   0% used [0x00000000d3330000, 0x00000000d3330000, 0x00000000d5550000)
[23.850s][debug][gc,heap        ] GC(409)   to   space 34944K,   0% used [0x00000000d1110000, 0x00000000d1110000, 0x00000000d3330000)
[23.850s][debug][gc,heap        ] GC(409)  tenured generation   total 699072K, used 205467K [0x00000000d5550000, 0x0000000100000000, 0x0000000100000000)
[23.850s][debug][gc,heap        ] GC(409)    the space 699072K,  29% used [0x00000000d5550000, 0x00000000e1df6dc8, 0x00000000e1df6e00, 0x0000000100000000)
[23.850s][debug][gc,heap        ] GC(409)  Metaspace       used 6360K, committed 6528K, reserved 1114112K
[23.850s][debug][gc,heap        ] GC(409)   class space    used 546K, committed 640K, reserved 1048576K
[23.877s][info ][gc,heap        ] GC(409) DefNew: 279616K(314560K)->34905K(314560K) Eden: 279616K(279616K)->0K(279616K) From: 0K(34944K)->34905K(34944K)
[23.877s][info ][gc,heap        ] GC(409) Tenured: 205467K(699072K)->321285K(699072K)
[23.877s][info ][gc,metaspace   ] GC(409) Metaspace: 6360K(6528K)->6360K(6528K) NonClass: 5814K(5888K)->5814K(5888K) Class: 546K(640K)->546K(640K)
[23.877s][debug][gc,heap        ] GC(409) Heap after GC invocations=333 (full 77):
[23.877s][debug][gc,heap        ] GC(409)  def new generation   total 314560K, used 34905K [0x00000000c0000000, 0x00000000d5550000, 0x00000000d5550000)
[23.877s][debug][gc,heap        ] GC(409)   eden space 279616K,   0% used [0x00000000c0000000, 0x00000000c0000000, 0x00000000d1110000)
[23.877s][debug][gc,heap        ] GC(409)   from space 34944K,  99% used [0x00000000d1110000, 0x00000000d33265d0, 0x00000000d3330000)
[23.877s][debug][gc,heap        ] GC(409)   to   space 34944K,   0% used [0x00000000d3330000, 0x00000000d3330000, 0x00000000d5550000)
[23.877s][debug][gc,heap        ] GC(409)  tenured generation   total 699072K, used 321285K [0x00000000d5550000, 0x0000000100000000, 0x0000000100000000)
[23.877s][debug][gc,heap        ] GC(409)    the space 699072K,  45% used [0x00000000d5550000, 0x00000000e8f11628, 0x00000000e8f11800, 0x0000000100000000)
[23.877s][debug][gc,heap        ] GC(409)  Metaspace       used 6360K, committed 6528K, reserved 1114112K
[23.877s][debug][gc,heap        ] GC(409)   class space    used 546K, committed 640K, reserved 1048576K
[23.877s][info ][gc             ] GC(409) Pause Young (Allocation Failure) 473M->347M(989M) 27.541ms
[23.877s][info ][gc,cpu         ] GC(409) User=0.03s Sys=0.00s Real=0.03s
[23.877s][info ][safepoint      ] Safepoint "GenCollectForAllocation", Time since last: 36353816 ns, Reaching safepoint: 4000 ns, Cleanup: 4300 ns, At safepoint: 27581912 ns, Total: 27590212 ns
[23.914s][info ][gc,start       ] GC(410) Pause Young (Allocation Failure)
[23.914s][debug][gc,heap        ] GC(410) Heap before GC invocations=333 (full 77):
[23.914s][debug][gc,heap        ] GC(410)  def new generation   total 314560K, used 314521K [0x00000000c0000000, 0x00000000d5550000, 0x00000000d5550000)
[23.914s][debug][gc,heap        ] GC(410)   eden space 279616K, 100% used [0x00000000c0000000, 0x00000000d1110000, 0x00000000d1110000)
[23.914s][debug][gc,heap        ] GC(410)   from space 34944K,  99% used [0x00000000d1110000, 0x00000000d33265d0, 0x00000000d3330000)
[23.914s][debug][gc,heap        ] GC(410)   to   space 34944K,   0% used [0x00000000d3330000, 0x00000000d3330000, 0x00000000d5550000)
[23.914s][debug][gc,heap        ] GC(410)  tenured generation   total 699072K, used 321285K [0x00000000d5550000, 0x0000000100000000, 0x0000000100000000)
[23.914s][debug][gc,heap        ] GC(410)    the space 699072K,  45% used [0x00000000d5550000, 0x00000000e8f11628, 0x00000000e8f11800, 0x0000000100000000)
[23.914s][debug][gc,heap        ] GC(410)  Metaspace       used 6360K, committed 6528K, reserved 1114112K
[23.914s][debug][gc,heap        ] GC(410)   class space    used 546K, committed 640K, reserved 1048576K
[23.946s][info ][gc,heap        ] GC(410) DefNew: 314521K(314560K)->34905K(314560K) Eden: 279616K(279616K)->0K(279616K) From: 34905K(34944K)->34905K(34944K)
[23.946s][info ][gc,heap        ] GC(410) Tenured: 321285K(699072K)->445404K(699072K)
[23.946s][info ][gc,metaspace   ] GC(410) Metaspace: 6360K(6528K)->6360K(6528K) NonClass: 5814K(5888K)->5814K(5888K) Class: 546K(640K)->546K(640K)
[23.946s][debug][gc,heap        ] GC(410) Heap after GC invocations=334 (full 77):
[23.946s][debug][gc,heap        ] GC(410)  def new generation   total 314560K, used 34905K [0x00000000c0000000, 0x00000000d5550000, 0x00000000d5550000)
[23.946s][debug][gc,heap        ] GC(410)   eden space 279616K,   0% used [0x00000000c0000000, 0x00000000c0000000, 0x00000000d1110000)
[23.946s][debug][gc,heap        ] GC(410)   from space 34944K,  99% used [0x00000000d3330000, 0x00000000d55465d0, 0x00000000d5550000)
[23.946s][debug][gc,heap        ] GC(410)   to   space 34944K,   0% used [0x00000000d1110000, 0x00000000d1110000, 0x00000000d3330000)
[23.946s][debug][gc,heap        ] GC(410)  tenured generation   total 699072K, used 445404K [0x00000000d5550000, 0x0000000100000000, 0x0000000100000000)
[23.946s][debug][gc,heap        ] GC(410)    the space 699072K,  63% used [0x00000000d5550000, 0x00000000f08473b8, 0x00000000f0847400, 0x0000000100000000)
[23.946s][debug][gc,heap        ] GC(410)  Metaspace       used 6360K, committed 6528K, reserved 1114112K
[23.946s][debug][gc,heap        ] GC(410)   class space    used 546K, committed 640K, reserved 1048576K
[23.946s][info ][gc             ] GC(410) Pause Young (Allocation Failure) 620M->469M(989M) 32.847ms
[23.946s][info ][gc,cpu         ] GC(410) User=0.03s Sys=0.00s Real=0.03s
[23.946s][info ][safepoint      ] Safepoint "GenCollectForAllocation", Time since last: 36280617 ns, Reaching safepoint: 3300 ns, Cleanup: 20100 ns, At safepoint: 32903014 ns, Total: 32926414 ns
[23.984s][info ][gc,start       ] GC(411) Pause Young (Allocation Failure)
[23.984s][debug][gc,heap        ] GC(411) Heap before GC invocations=334 (full 77):
[23.984s][debug][gc,heap        ] GC(411)  def new generation   total 314560K, used 314521K [0x00000000c0000000, 0x00000000d5550000, 0x00000000d5550000)
[23.984s][debug][gc,heap        ] GC(411)   eden space 279616K, 100% used [0x00000000c0000000, 0x00000000d1110000, 0x00000000d1110000)
[23.984s][debug][gc,heap        ] GC(411)   from space 34944K,  99% used [0x00000000d3330000, 0x00000000d55465d0, 0x00000000d5550000)
[23.984s][debug][gc,heap        ] GC(411)   to   space 34944K,   0% used [0x00000000d1110000, 0x00000000d1110000, 0x00000000d3330000)
[23.984s][debug][gc,heap        ] GC(411)  tenured generation   total 699072K, used 445404K [0x00000000d5550000, 0x0000000100000000, 0x0000000100000000)
[23.984s][debug][gc,heap        ] GC(411)    the space 699072K,  63% used [0x00000000d5550000, 0x00000000f08473b8, 0x00000000f0847400, 0x0000000100000000)
[23.984s][debug][gc,heap        ] GC(411)  Metaspace       used 6360K, committed 6528K, reserved 1114112K
[23.984s][debug][gc,heap        ] GC(411)   class space    used 546K, committed 640K, reserved 1048576K
[24.014s][info ][gc,heap        ] GC(411) DefNew: 314521K(314560K)->34905K(314560K) Eden: 279616K(279616K)->0K(279616K) From: 34905K(34944K)->34905K(34944K)
[24.014s][info ][gc,heap        ] GC(411) Tenured: 445404K(699072K)->569724K(699072K)
[24.014s][info ][gc,metaspace   ] GC(411) Metaspace: 6360K(6528K)->6360K(6528K) NonClass: 5814K(5888K)->5814K(5888K) Class: 546K(640K)->546K(640K)
[24.014s][debug][gc,heap        ] GC(411) Heap after GC invocations=335 (full 77):
[24.014s][debug][gc,heap        ] GC(411)  def new generation   total 314560K, used 34905K [0x00000000c0000000, 0x00000000d5550000, 0x00000000d5550000)
[24.014s][debug][gc,heap        ] GC(411)   eden space 279616K,   0% used [0x00000000c0000000, 0x00000000c0000000, 0x00000000d1110000)
[24.014s][debug][gc,heap        ] GC(411)   from space 34944K,  99% used [0x00000000d1110000, 0x00000000d33265d0, 0x00000000d3330000)
[24.014s][debug][gc,heap        ] GC(411)   to   space 34944K,   0% used [0x00000000d3330000, 0x00000000d3330000, 0x00000000d5550000)
[24.014s][debug][gc,heap        ] GC(411)  tenured generation   total 699072K, used 569724K [0x00000000d5550000, 0x0000000100000000, 0x0000000100000000)
[24.014s][debug][gc,heap        ] GC(411)    the space 699072K,  81% used [0x00000000d5550000, 0x00000000f81af168, 0x00000000f81af200, 0x0000000100000000)
[24.014s][debug][gc,heap        ] GC(411)  Metaspace       used 6360K, committed 6528K, reserved 1114112K
[24.014s][debug][gc,heap        ] GC(411)   class space    used 546K, committed 640K, reserved 1048576K
[24.014s][info ][gc             ] GC(411) Pause Young (Allocation Failure) 742M->590M(989M) 29.362ms
[24.014s][info ][gc,cpu         ] GC(411) User=0.03s Sys=0.00s Real=0.03s
[24.014s][info ][safepoint      ] Safepoint "GenCollectForAllocation", Time since last: 37728317 ns, Reaching safepoint: 4000 ns, Cleanup: 4300 ns, At safepoint: 29388414 ns, Total: 29396714 ns
[24.049s][info ][gc,start       ] GC(412) Pause Young (Allocation Failure)
[24.049s][debug][gc,heap        ] GC(412) Heap before GC invocations=335 (full 77):
[24.049s][debug][gc,heap        ] GC(412)  def new generation   total 314560K, used 314521K [0x00000000c0000000, 0x00000000d5550000, 0x00000000d5550000)
[24.049s][debug][gc,heap        ] GC(412)   eden space 279616K, 100% used [0x00000000c0000000, 0x00000000d1110000, 0x00000000d1110000)
[24.049s][debug][gc,heap        ] GC(412)   from space 34944K,  99% used [0x00000000d1110000, 0x00000000d33265d0, 0x00000000d3330000)
[24.049s][debug][gc,heap        ] GC(412)   to   space 34944K,   0% used [0x00000000d3330000, 0x00000000d3330000, 0x00000000d5550000)
[24.049s][debug][gc,heap        ] GC(412)  tenured generation   total 699072K, used 569724K [0x00000000d5550000, 0x0000000100000000, 0x0000000100000000)
[24.049s][debug][gc,heap        ] GC(412)    the space 699072K,  81% used [0x00000000d5550000, 0x00000000f81af168, 0x00000000f81af200, 0x0000000100000000)
[24.049s][debug][gc,heap        ] GC(412)  Metaspace       used 6360K, committed 6528K, reserved 1114112K
[24.049s][debug][gc,heap        ] GC(412)   class space    used 546K, committed 640K, reserved 1048576K
[24.049s][debug][gc,heap        ] GC(412) Heap after GC invocations=336 (full 77):
[24.049s][debug][gc,heap        ] GC(412)  def new generation   total 314560K, used 314521K [0x00000000c0000000, 0x00000000d5550000, 0x00000000d5550000)
[24.049s][debug][gc,heap        ] GC(412)   eden space 279616K, 100% used [0x00000000c0000000, 0x00000000d1110000, 0x00000000d1110000)
[24.049s][debug][gc,heap        ] GC(412)   from space 34944K,  99% used [0x00000000d1110000, 0x00000000d33265d0, 0x00000000d3330000)
[24.049s][debug][gc,heap        ] GC(412)   to   space 34944K,   0% used [0x00000000d3330000, 0x00000000d3330000, 0x00000000d5550000)
[24.049s][debug][gc,heap        ] GC(412)  tenured generation   total 699072K, used 569724K [0x00000000d5550000, 0x0000000100000000, 0x0000000100000000)
[24.049s][debug][gc,heap        ] GC(412)    the space 699072K,  81% used [0x00000000d5550000, 0x00000000f81af168, 0x00000000f81af200, 0x0000000100000000)
[24.049s][debug][gc,heap        ] GC(412)  Metaspace       used 6360K, committed 6528K, reserved 1114112K
[24.049s][debug][gc,heap        ] GC(412)   class space    used 546K, committed 640K, reserved 1048576K
[24.049s][info ][gc             ] GC(412) Pause Young (Allocation Failure) 863M->863M(989M) 0.113ms
[24.049s][info ][gc,cpu         ] GC(412) User=0.00s Sys=0.00s Real=0.00s
[24.049s][info ][gc,start       ] GC(413) Pause Full (Allocation Failure)
[24.049s][debug][gc,heap        ] GC(413) Heap before GC invocations=336 (full 77):
[24.049s][debug][gc,heap        ] GC(413)  def new generation   total 314560K, used 314521K [0x00000000c0000000, 0x00000000d5550000, 0x00000000d5550000)
[24.049s][debug][gc,heap        ] GC(413)   eden space 279616K, 100% used [0x00000000c0000000, 0x00000000d1110000, 0x00000000d1110000)
[24.049s][debug][gc,heap        ] GC(413)   from space 34944K,  99% used [0x00000000d1110000, 0x00000000d33265d0, 0x00000000d3330000)
[24.049s][debug][gc,heap        ] GC(413)   to   space 34944K,   0% used [0x00000000d3330000, 0x00000000d3330000, 0x00000000d5550000)
[24.049s][debug][gc,heap        ] GC(413)  tenured generation   total 699072K, used 569724K [0x00000000d5550000, 0x0000000100000000, 0x0000000100000000)
[24.049s][debug][gc,heap        ] GC(413)    the space 699072K,  81% used [0x00000000d5550000, 0x00000000f81af168, 0x00000000f81af200, 0x0000000100000000)
[24.049s][debug][gc,heap        ] GC(413)  Metaspace       used 6360K, committed 6528K, reserved 1114112K
[24.049s][debug][gc,heap        ] GC(413)   class space    used 546K, committed 640K, reserved 1048576K
[24.049s][info ][gc,phases,start] GC(413) Phase 1: Mark live objects
[24.050s][info ][gc,phases      ] GC(413) Phase 1: Mark live objects 0.927ms
[24.050s][info ][gc,phases,start] GC(413) Phase 2: Compute new object addresses
[24.051s][info ][gc,phases      ] GC(413) Phase 2: Compute new object addresses 1.289ms
[24.051s][info ][gc,phases,start] GC(413) Phase 3: Adjust pointers
[24.052s][info ][gc,phases      ] GC(413) Phase 3: Adjust pointers 0.628ms
[24.052s][info ][gc,phases,start] GC(413) Phase 4: Move objects
[24.086s][info ][gc,phases      ] GC(413) Phase 4: Move objects 34.121ms
[24.086s][info ][gc,heap        ] GC(413) DefNew: 314521K(314560K)->0K(314560K) Eden: 279616K(279616K)->0K(279616K) From: 34905K(34944K)->0K(34944K)
[24.086s][info ][gc,heap        ] GC(413) Tenured: 569724K(699072K)->214468K(699072K)
[24.086s][info ][gc,metaspace   ] GC(413) Metaspace: 6360K(6528K)->6360K(6528K) NonClass: 5814K(5888K)->5814K(5888K) Class: 546K(640K)->546K(640K)
[24.086s][debug][gc,heap        ] GC(413) Heap after GC invocations=336 (full 78):
[24.086s][debug][gc,heap        ] GC(413)  def new generation   total 314560K, used 0K [0x00000000c0000000, 0x00000000d5550000, 0x00000000d5550000)
[24.086s][debug][gc,heap        ] GC(413)   eden space 279616K,   0% used [0x00000000c0000000, 0x00000000c0000000, 0x00000000d1110000)
[24.086s][debug][gc,heap        ] GC(413)   from space 34944K,   0% used [0x00000000d1110000, 0x00000000d1110000, 0x00000000d3330000)
[24.086s][debug][gc,heap        ] GC(413)   to   space 34944K,   0% used [0x00000000d3330000, 0x00000000d3330000, 0x00000000d5550000)
[24.086s][debug][gc,heap        ] GC(413)  tenured generation   total 699072K, used 214468K [0x00000000d5550000, 0x0000000100000000, 0x0000000100000000)
[24.086s][debug][gc,heap        ] GC(413)    the space 699072K,  30% used [0x00000000d5550000, 0x00000000e26c1368, 0x00000000e26c1400, 0x0000000100000000)
[24.086s][debug][gc,heap        ] GC(413)  Metaspace       used 6360K, committed 6528K, reserved 1114112K
[24.086s][debug][gc,heap        ] GC(413)   class space    used 546K, committed 640K, reserved 1048576K
[24.086s][info ][gc             ] GC(413) Pause Full (Allocation Failure) 863M->209M(989M) 37.233ms
[24.086s][info ][gc,cpu         ] GC(413) User=0.04s Sys=0.00s Real=0.04s
[24.086s][info ][safepoint      ] Safepoint "GenCollectForAllocation", Time since last: 35387315 ns, Reaching safepoint: 3300 ns, Cleanup: 3800 ns, At safepoint: 37382717 ns, Total: 37389817 ns
[24.119s][info ][gc,start       ] GC(414) Pause Young (Allocation Failure)
[24.119s][debug][gc,heap        ] GC(414) Heap before GC invocations=336 (full 78):
[24.119s][debug][gc,heap        ] GC(414)  def new generation   total 314560K, used 279616K [0x00000000c0000000, 0x00000000d5550000, 0x00000000d5550000)
[24.119s][debug][gc,heap        ] GC(414)   eden space 279616K, 100% used [0x00000000c0000000, 0x00000000d1110000, 0x00000000d1110000)
[24.119s][debug][gc,heap        ] GC(414)   from space 34944K,   0% used [0x00000000d1110000, 0x00000000d1110000, 0x00000000d3330000)
[24.119s][debug][gc,heap        ] GC(414)   to   space 34944K,   0% used [0x00000000d3330000, 0x00000000d3330000, 0x00000000d5550000)
[24.119s][debug][gc,heap        ] GC(414)  tenured generation   total 699072K, used 214468K [0x00000000d5550000, 0x0000000100000000, 0x0000000100000000)
[24.119s][debug][gc,heap        ] GC(414)    the space 699072K,  30% used [0x00000000d5550000, 0x00000000e26c1368, 0x00000000e26c1400, 0x0000000100000000)
[24.119s][debug][gc,heap        ] GC(414)  Metaspace       used 6360K, committed 6528K, reserved 1114112K
[24.119s][debug][gc,heap        ] GC(414)   class space    used 546K, committed 640K, reserved 1048576K
[24.144s][info ][gc,heap        ] GC(414) DefNew: 279616K(314560K)->34905K(314560K) Eden: 279616K(279616K)->0K(279616K) From: 0K(34944K)->34905K(34944K)
[24.144s][info ][gc,heap        ] GC(414) Tenured: 214468K(699072K)->329686K(699072K)
[24.144s][info ][gc,metaspace   ] GC(414) Metaspace: 6360K(6528K)->6360K(6528K) NonClass: 5814K(5888K)->5814K(5888K) Class: 546K(640K)->546K(640K)
[24.144s][debug][gc,heap        ] GC(414) Heap after GC invocations=337 (full 78):
[24.144s][debug][gc,heap        ] GC(414)  def new generation   total 314560K, used 34905K [0x00000000c0000000, 0x00000000d5550000, 0x00000000d5550000)
[24.144s][debug][gc,heap        ] GC(414)   eden space 279616K,   0% used [0x00000000c0000000, 0x00000000c0000000, 0x00000000d1110000)
[24.144s][debug][gc,heap        ] GC(414)   from space 34944K,  99% used [0x00000000d3330000, 0x00000000d55465d0, 0x00000000d5550000)
[24.144s][debug][gc,heap        ] GC(414)   to   space 34944K,   0% used [0x00000000d1110000, 0x00000000d1110000, 0x00000000d3330000)
[24.144s][debug][gc,heap        ] GC(414)  tenured generation   total 699072K, used 329686K [0x00000000d5550000, 0x0000000100000000, 0x0000000100000000)
[24.144s][debug][gc,heap        ] GC(414)    the space 699072K,  47% used [0x00000000d5550000, 0x00000000e9745b68, 0x00000000e9745c00, 0x0000000100000000)
[24.144s][debug][gc,heap        ] GC(414)  Metaspace       used 6360K, committed 6528K, reserved 1114112K
[24.144s][debug][gc,heap        ] GC(414)   class space    used 546K, committed 640K, reserved 1048576K
[24.144s][info ][gc             ] GC(414) Pause Young (Allocation Failure) 482M->356M(989M) 25.627ms
[24.144s][info ][gc,cpu         ] GC(414) User=0.03s Sys=0.00s Real=0.03s
[24.144s][info ][safepoint      ] Safepoint "GenCollectForAllocation", Time since last: 32422115 ns, Reaching safepoint: 3000 ns, Cleanup: 4300 ns, At safepoint: 25652211 ns, Total: 25659511 ns
[24.178s][info ][gc,start       ] GC(415) Pause Young (Allocation Failure)
[24.178s][debug][gc,heap        ] GC(415) Heap before GC invocations=337 (full 78):
[24.178s][debug][gc,heap        ] GC(415)  def new generation   total 314560K, used 314521K [0x00000000c0000000, 0x00000000d5550000, 0x00000000d5550000)
[24.178s][debug][gc,heap        ] GC(415)   eden space 279616K, 100% used [0x00000000c0000000, 0x00000000d1110000, 0x00000000d1110000)
[24.178s][debug][gc,heap        ] GC(415)   from space 34944K,  99% used [0x00000000d3330000, 0x00000000d55465d0, 0x00000000d5550000)
[24.178s][debug][gc,heap        ] GC(415)   to   space 34944K,   0% used [0x00000000d1110000, 0x00000000d1110000, 0x00000000d3330000)
[24.178s][debug][gc,heap        ] GC(415)  tenured generation   total 699072K, used 329686K [0x00000000d5550000, 0x0000000100000000, 0x0000000100000000)
[24.178s][debug][gc,heap        ] GC(415)    the space 699072K,  47% used [0x00000000d5550000, 0x00000000e9745b68, 0x00000000e9745c00, 0x0000000100000000)
[24.178s][debug][gc,heap        ] GC(415)  Metaspace       used 6360K, committed 6528K, reserved 1114112K
[24.178s][debug][gc,heap        ] GC(415)   class space    used 546K, committed 640K, reserved 1048576K
[24.207s][info ][gc,heap        ] GC(415) DefNew: 314521K(314560K)->34905K(314560K) Eden: 279616K(279616K)->0K(279616K) From: 34905K(34944K)->34905K(34944K)
[24.207s][info ][gc,heap        ] GC(415) Tenured: 329686K(699072K)->455606K(699072K)
[24.207s][info ][gc,metaspace   ] GC(415) Metaspace: 6360K(6528K)->6360K(6528K) NonClass: 5814K(5888K)->5814K(5888K) Class: 546K(640K)->546K(640K)
[24.207s][debug][gc,heap        ] GC(415) Heap after GC invocations=338 (full 78):
[24.207s][debug][gc,heap        ] GC(415)  def new generation   total 314560K, used 34905K [0x00000000c0000000, 0x00000000d5550000, 0x00000000d5550000)
[24.207s][debug][gc,heap        ] GC(415)   eden space 279616K,   0% used [0x00000000c0000000, 0x00000000c0000000, 0x00000000d1110000)
[24.207s][debug][gc,heap        ] GC(415)   from space 34944K,  99% used [0x00000000d1110000, 0x00000000d33265d0, 0x00000000d3330000)
[24.207s][debug][gc,heap        ] GC(415)   to   space 34944K,   0% used [0x00000000d3330000, 0x00000000d3330000, 0x00000000d5550000)
[24.207s][debug][gc,heap        ] GC(415)  tenured generation   total 699072K, used 455606K [0x00000000d5550000, 0x0000000100000000, 0x0000000100000000)
[24.207s][debug][gc,heap        ] GC(415)    the space 699072K,  65% used [0x00000000d5550000, 0x00000000f123da18, 0x00000000f123dc00, 0x0000000100000000)
[24.207s][debug][gc,heap        ] GC(415)  Metaspace       used 6360K, committed 6528K, reserved 1114112K
[24.207s][debug][gc,heap        ] GC(415)   class space    used 546K, committed 640K, reserved 1048576K
[24.207s][info ][gc             ] GC(415) Pause Young (Allocation Failure) 629M->479M(989M) 28.693ms
[24.207s][info ][gc,cpu         ] GC(415) User=0.03s Sys=0.00s Real=0.03s
[24.207s][info ][safepoint      ] Safepoint "GenCollectForAllocation", Time since last: 33568115 ns, Reaching safepoint: 3400 ns, Cleanup: 3800 ns, At safepoint: 28719113 ns, Total: 28726313 ns
[24.245s][info ][gc,start       ] GC(416) Pause Young (Allocation Failure)
[24.245s][debug][gc,heap        ] GC(416) Heap before GC invocations=338 (full 78):
[24.245s][debug][gc,heap        ] GC(416)  def new generation   total 314560K, used 314521K [0x00000000c0000000, 0x00000000d5550000, 0x00000000d5550000)
[24.245s][debug][gc,heap        ] GC(416)   eden space 279616K, 100% used [0x00000000c0000000, 0x00000000d1110000, 0x00000000d1110000)
[24.245s][debug][gc,heap        ] GC(416)   from space 34944K,  99% used [0x00000000d1110000, 0x00000000d33265d0, 0x00000000d3330000)
[24.245s][debug][gc,heap        ] GC(416)   to   space 34944K,   0% used [0x00000000d3330000, 0x00000000d3330000, 0x00000000d5550000)
[24.245s][debug][gc,heap        ] GC(416)  tenured generation   total 699072K, used 455606K [0x00000000d5550000, 0x0000000100000000, 0x0000000100000000)
[24.245s][debug][gc,heap        ] GC(416)    the space 699072K,  65% used [0x00000000d5550000, 0x00000000f123da18, 0x00000000f123dc00, 0x0000000100000000)
[24.245s][debug][gc,heap        ] GC(416)  Metaspace       used 6360K, committed 6528K, reserved 1114112K
[24.245s][debug][gc,heap        ] GC(416)   class space    used 546K, committed 640K, reserved 1048576K
[24.272s][info ][gc,heap        ] GC(416) DefNew: 314521K(314560K)->34905K(314560K) Eden: 279616K(279616K)->0K(279616K) From: 34905K(34944K)->34905K(34944K)
[24.272s][info ][gc,heap        ] GC(416) Tenured: 455606K(699072K)->581026K(699072K)
[24.272s][info ][gc,metaspace   ] GC(416) Metaspace: 6360K(6528K)->6360K(6528K) NonClass: 5814K(5888K)->5814K(5888K) Class: 546K(640K)->546K(640K)
[24.272s][debug][gc,heap        ] GC(416) Heap after GC invocations=339 (full 78):
[24.272s][debug][gc,heap        ] GC(416)  def new generation   total 314560K, used 34905K [0x00000000c0000000, 0x00000000d5550000, 0x00000000d5550000)
[24.272s][debug][gc,heap        ] GC(416)   eden space 279616K,   0% used [0x00000000c0000000, 0x00000000c0000000, 0x00000000d1110000)
[24.272s][debug][gc,heap        ] GC(416)   from space 34944K,  99% used [0x00000000d3330000, 0x00000000d55465d0, 0x00000000d5550000)
[24.272s][debug][gc,heap        ] GC(416)   to   space 34944K,   0% used [0x00000000d1110000, 0x00000000d1110000, 0x00000000d3330000)
[24.272s][debug][gc,heap        ] GC(416)  tenured generation   total 699072K, used 581026K [0x00000000d5550000, 0x0000000100000000, 0x0000000100000000)
[24.272s][debug][gc,heap        ] GC(416)    the space 699072K,  83% used [0x00000000d5550000, 0x00000000f8cb8878, 0x00000000f8cb8a00, 0x0000000100000000)
[24.272s][debug][gc,heap        ] GC(416)  Metaspace       used 6360K, committed 6528K, reserved 1114112K
[24.272s][debug][gc,heap        ] GC(416)   class space    used 546K, committed 640K, reserved 1048576K
[24.272s][info ][gc             ] GC(416) Pause Young (Allocation Failure) 752M->601M(989M) 27.441ms
[24.272s][info ][gc,cpu         ] GC(416) User=0.03s Sys=0.00s Real=0.03s
[24.272s][info ][safepoint      ] Safepoint "GenCollectForAllocation", Time since last: 37881017 ns, Reaching safepoint: 3400 ns, Cleanup: 4200 ns, At safepoint: 27466012 ns, Total: 27473612 ns
[24.311s][info ][gc,start       ] GC(417) Pause Young (Allocation Failure)
[24.311s][debug][gc,heap        ] GC(417) Heap before GC invocations=339 (full 78):
[24.311s][debug][gc,heap        ] GC(417)  def new generation   total 314560K, used 314521K [0x00000000c0000000, 0x00000000d5550000, 0x00000000d5550000)
[24.311s][debug][gc,heap        ] GC(417)   eden space 279616K, 100% used [0x00000000c0000000, 0x00000000d1110000, 0x00000000d1110000)
[24.311s][debug][gc,heap        ] GC(417)   from space 34944K,  99% used [0x00000000d3330000, 0x00000000d55465d0, 0x00000000d5550000)
[24.311s][debug][gc,heap        ] GC(417)   to   space 34944K,   0% used [0x00000000d1110000, 0x00000000d1110000, 0x00000000d3330000)
[24.311s][debug][gc,heap        ] GC(417)  tenured generation   total 699072K, used 581026K [0x00000000d5550000, 0x0000000100000000, 0x0000000100000000)
[24.311s][debug][gc,heap        ] GC(417)    the space 699072K,  83% used [0x00000000d5550000, 0x00000000f8cb8878, 0x00000000f8cb8a00, 0x0000000100000000)
[24.311s][debug][gc,heap        ] GC(417)  Metaspace       used 6360K, committed 6528K, reserved 1114112K
[24.311s][debug][gc,heap        ] GC(417)   class space    used 546K, committed 640K, reserved 1048576K
[24.311s][debug][gc,heap        ] GC(417) Heap after GC invocations=340 (full 78):
[24.311s][debug][gc,heap        ] GC(417)  def new generation   total 314560K, used 314521K [0x00000000c0000000, 0x00000000d5550000, 0x00000000d5550000)
[24.311s][debug][gc,heap        ] GC(417)   eden space 279616K, 100% used [0x00000000c0000000, 0x00000000d1110000, 0x00000000d1110000)
[24.311s][debug][gc,heap        ] GC(417)   from space 34944K,  99% used [0x00000000d3330000, 0x00000000d55465d0, 0x00000000d5550000)
[24.311s][debug][gc,heap        ] GC(417)   to   space 34944K,   0% used [0x00000000d1110000, 0x00000000d1110000, 0x00000000d3330000)
[24.311s][debug][gc,heap        ] GC(417)  tenured generation   total 699072K, used 581026K [0x00000000d5550000, 0x0000000100000000, 0x0000000100000000)
[24.311s][debug][gc,heap        ] GC(417)    the space 699072K,  83% used [0x00000000d5550000, 0x00000000f8cb8878, 0x00000000f8cb8a00, 0x0000000100000000)
[24.311s][debug][gc,heap        ] GC(417)  Metaspace       used 6360K, committed 6528K, reserved 1114112K
[24.311s][debug][gc,heap        ] GC(417)   class space    used 546K, committed 640K, reserved 1048576K
[24.311s][info ][gc             ] GC(417) Pause Young (Allocation Failure) 874M->874M(989M) 0.116ms
[24.311s][info ][gc,cpu         ] GC(417) User=0.00s Sys=0.00s Real=0.00s
[24.311s][info ][gc,start       ] GC(418) Pause Full (Allocation Failure)
[24.311s][debug][gc,heap        ] GC(418) Heap before GC invocations=340 (full 78):
[24.311s][debug][gc,heap        ] GC(418)  def new generation   total 314560K, used 314521K [0x00000000c0000000, 0x00000000d5550000, 0x00000000d5550000)
[24.311s][debug][gc,heap        ] GC(418)   eden space 279616K, 100% used [0x00000000c0000000, 0x00000000d1110000, 0x00000000d1110000)
[24.311s][debug][gc,heap        ] GC(418)   from space 34944K,  99% used [0x00000000d3330000, 0x00000000d55465d0, 0x00000000d5550000)
[24.311s][debug][gc,heap        ] GC(418)   to   space 34944K,   0% used [0x00000000d1110000, 0x00000000d1110000, 0x00000000d3330000)
[24.311s][debug][gc,heap        ] GC(418)  tenured generation   total 699072K, used 581026K [0x00000000d5550000, 0x0000000100000000, 0x0000000100000000)
[24.311s][debug][gc,heap        ] GC(418)    the space 699072K,  83% used [0x00000000d5550000, 0x00000000f8cb8878, 0x00000000f8cb8a00, 0x0000000100000000)
[24.311s][debug][gc,heap        ] GC(418)  Metaspace       used 6360K, committed 6528K, reserved 1114112K
[24.311s][debug][gc,heap        ] GC(418)   class space    used 546K, committed 640K, reserved 1048576K
[24.311s][info ][gc,phases,start] GC(418) Phase 1: Mark live objects
[24.312s][info ][gc,phases      ] GC(418) Phase 1: Mark live objects 0.905ms
[24.312s][info ][gc,phases,start] GC(418) Phase 2: Compute new object addresses
[24.313s][info ][gc,phases      ] GC(418) Phase 2: Compute new object addresses 1.264ms
[24.313s][info ][gc,phases,start] GC(418) Phase 3: Adjust pointers
[24.314s][info ][gc,phases      ] GC(418) Phase 3: Adjust pointers 0.669ms
[24.314s][info ][gc,phases,start] GC(418) Phase 4: Move objects
[24.350s][info ][gc,phases      ] GC(418) Phase 4: Move objects 36.159ms
[24.350s][info ][gc,heap        ] GC(418) DefNew: 314521K(314560K)->0K(314560K) Eden: 279616K(279616K)->0K(279616K) From: 34905K(34944K)->0K(34944K)
[24.350s][info ][gc,heap        ] GC(418) Tenured: 581026K(699072K)->200766K(699072K)
[24.350s][info ][gc,metaspace   ] GC(418) Metaspace: 6360K(6528K)->6360K(6528K) NonClass: 5814K(5888K)->5814K(5888K) Class: 546K(640K)->546K(640K)
[24.350s][debug][gc,heap        ] GC(418) Heap after GC invocations=340 (full 79):
[24.350s][debug][gc,heap        ] GC(418)  def new generation   total 314560K, used 0K [0x00000000c0000000, 0x00000000d5550000, 0x00000000d5550000)
[24.350s][debug][gc,heap        ] GC(418)   eden space 279616K,   0% used [0x00000000c0000000, 0x00000000c0000000, 0x00000000d1110000)
[24.350s][debug][gc,heap        ] GC(418)   from space 34944K,   0% used [0x00000000d3330000, 0x00000000d3330000, 0x00000000d5550000)
[24.350s][debug][gc,heap        ] GC(418)   to   space 34944K,   0% used [0x00000000d1110000, 0x00000000d1110000, 0x00000000d3330000)
[24.350s][debug][gc,heap        ] GC(418)  tenured generation   total 699072K, used 200766K [0x00000000d5550000, 0x0000000100000000, 0x0000000100000000)
[24.350s][debug][gc,heap        ] GC(418)    the space 699072K,  28% used [0x00000000d5550000, 0x00000000e195fad8, 0x00000000e195fc00, 0x0000000100000000)
[24.350s][debug][gc,heap        ] GC(418)  Metaspace       used 6360K, committed 6528K, reserved 1114112K
[24.350s][debug][gc,heap        ] GC(418)   class space    used 546K, committed 640K, reserved 1048576K
[24.350s][info ][gc             ] GC(418) Pause Full (Allocation Failure) 874M->196M(989M) 39.276ms
[24.350s][info ][gc,cpu         ] GC(418) User=0.04s Sys=0.00s Real=0.03s
[24.350s][info ][safepoint      ] Safepoint "GenCollectForAllocation", Time since last: 38453218 ns, Reaching safepoint: 3800 ns, Cleanup: 4100 ns, At safepoint: 39443817 ns, Total: 39451717 ns
[24.390s][info ][gc,start       ] GC(419) Pause Young (Allocation Failure)
[24.390s][debug][gc,heap        ] GC(419) Heap before GC invocations=340 (full 79):
[24.390s][debug][gc,heap        ] GC(419)  def new generation   total 314560K, used 279616K [0x00000000c0000000, 0x00000000d5550000, 0x00000000d5550000)
[24.390s][debug][gc,heap        ] GC(419)   eden space 279616K, 100% used [0x00000000c0000000, 0x00000000d1110000, 0x00000000d1110000)
[24.390s][debug][gc,heap        ] GC(419)   from space 34944K,   0% used [0x00000000d3330000, 0x00000000d3330000, 0x00000000d5550000)
[24.390s][debug][gc,heap        ] GC(419)   to   space 34944K,   0% used [0x00000000d1110000, 0x00000000d1110000, 0x00000000d3330000)
[24.390s][debug][gc,heap        ] GC(419)  tenured generation   total 699072K, used 200766K [0x00000000d5550000, 0x0000000100000000, 0x0000000100000000)
[24.390s][debug][gc,heap        ] GC(419)    the space 699072K,  28% used [0x00000000d5550000, 0x00000000e195fad8, 0x00000000e195fc00, 0x0000000100000000)
[24.390s][debug][gc,heap        ] GC(419)  Metaspace       used 6360K, committed 6528K, reserved 1114112K
[24.390s][debug][gc,heap        ] GC(419)   class space    used 546K, committed 640K, reserved 1048576K
[24.417s][info ][gc,heap        ] GC(419) DefNew: 279616K(314560K)->34905K(314560K) Eden: 279616K(279616K)->0K(279616K) From: 0K(34944K)->34905K(34944K)
[24.417s][info ][gc,heap        ] GC(419) Tenured: 200766K(699072K)->315584K(699072K)
[24.417s][info ][gc,metaspace   ] GC(419) Metaspace: 6360K(6528K)->6360K(6528K) NonClass: 5814K(5888K)->5814K(5888K) Class: 546K(640K)->546K(640K)
[24.417s][debug][gc,heap        ] GC(419) Heap after GC invocations=341 (full 79):
[24.417s][debug][gc,heap        ] GC(419)  def new generation   total 314560K, used 34905K [0x00000000c0000000, 0x00000000d5550000, 0x00000000d5550000)
[24.417s][debug][gc,heap        ] GC(419)   eden space 279616K,   0% used [0x00000000c0000000, 0x00000000c0000000, 0x00000000d1110000)
[24.417s][debug][gc,heap        ] GC(419)   from space 34944K,  99% used [0x00000000d1110000, 0x00000000d33265d0, 0x00000000d3330000)
[24.417s][debug][gc,heap        ] GC(419)   to   space 34944K,   0% used [0x00000000d3330000, 0x00000000d3330000, 0x00000000d5550000)
[24.417s][debug][gc,heap        ] GC(419)  tenured generation   total 699072K, used 315584K [0x00000000d5550000, 0x0000000100000000, 0x0000000100000000)
[24.417s][debug][gc,heap        ] GC(419)    the space 699072K,  45% used [0x00000000d5550000, 0x00000000e8980298, 0x00000000e8980400, 0x0000000100000000)
[24.417s][debug][gc,heap        ] GC(419)  Metaspace       used 6360K, committed 6528K, reserved 1114112K
[24.417s][debug][gc,heap        ] GC(419)   class space    used 546K, committed 640K, reserved 1048576K
[24.417s][info ][gc             ] GC(419) Pause Young (Allocation Failure) 469M->342M(989M) 27.311ms
[24.417s][info ][gc,cpu         ] GC(419) User=0.03s Sys=0.00s Real=0.03s
[24.417s][info ][safepoint      ] Safepoint "GenCollectForAllocation", Time since last: 39964318 ns, Reaching safepoint: 3400 ns, Cleanup: 4700 ns, At safepoint: 27336312 ns, Total: 27344412 ns
[24.456s][info ][gc,start       ] GC(420) Pause Young (Allocation Failure)
[24.456s][debug][gc,heap        ] GC(420) Heap before GC invocations=341 (full 79):
[24.456s][debug][gc,heap        ] GC(420)  def new generation   total 314560K, used 314521K [0x00000000c0000000, 0x00000000d5550000, 0x00000000d5550000)
[24.456s][debug][gc,heap        ] GC(420)   eden space 279616K, 100% used [0x00000000c0000000, 0x00000000d1110000, 0x00000000d1110000)
[24.456s][debug][gc,heap        ] GC(420)   from space 34944K,  99% used [0x00000000d1110000, 0x00000000d33265d0, 0x00000000d3330000)
[24.456s][debug][gc,heap        ] GC(420)   to   space 34944K,   0% used [0x00000000d3330000, 0x00000000d3330000, 0x00000000d5550000)
[24.456s][debug][gc,heap        ] GC(420)  tenured generation   total 699072K, used 315584K [0x00000000d5550000, 0x0000000100000000, 0x0000000100000000)
[24.456s][debug][gc,heap        ] GC(420)    the space 699072K,  45% used [0x00000000d5550000, 0x00000000e8980298, 0x00000000e8980400, 0x0000000100000000)
[24.456s][debug][gc,heap        ] GC(420)  Metaspace       used 6360K, committed 6528K, reserved 1114112K
[24.456s][debug][gc,heap        ] GC(420)   class space    used 546K, committed 640K, reserved 1048576K
[24.487s][info ][gc,heap        ] GC(420) DefNew: 314521K(314560K)->34905K(314560K) Eden: 279616K(279616K)->0K(279616K) From: 34905K(34944K)->34905K(34944K)
[24.487s][info ][gc,heap        ] GC(420) Tenured: 315584K(699072K)->438503K(699072K)
[24.487s][info ][gc,metaspace   ] GC(420) Metaspace: 6360K(6528K)->6360K(6528K) NonClass: 5814K(5888K)->5814K(5888K) Class: 546K(640K)->546K(640K)
[24.487s][debug][gc,heap        ] GC(420) Heap after GC invocations=342 (full 79):
[24.487s][debug][gc,heap        ] GC(420)  def new generation   total 314560K, used 34905K [0x00000000c0000000, 0x00000000d5550000, 0x00000000d5550000)
[24.487s][debug][gc,heap        ] GC(420)   eden space 279616K,   0% used [0x00000000c0000000, 0x00000000c0000000, 0x00000000d1110000)
[24.487s][debug][gc,heap        ] GC(420)   from space 34944K,  99% used [0x00000000d3330000, 0x00000000d55465d0, 0x00000000d5550000)
[24.487s][debug][gc,heap        ] GC(420)   to   space 34944K,   0% used [0x00000000d1110000, 0x00000000d1110000, 0x00000000d3330000)
[24.487s][debug][gc,heap        ] GC(420)  tenured generation   total 699072K, used 438503K [0x00000000d5550000, 0x0000000100000000, 0x0000000100000000)
[24.487s][debug][gc,heap        ] GC(420)    the space 699072K,  62% used [0x00000000d5550000, 0x00000000f0189f68, 0x00000000f018a000, 0x0000000100000000)
[24.487s][debug][gc,heap        ] GC(420)  Metaspace       used 6360K, committed 6528K, reserved 1114112K
[24.487s][debug][gc,heap        ] GC(420)   class space    used 546K, committed 640K, reserved 1048576K
[24.487s][info ][gc             ] GC(420) Pause Young (Allocation Failure) 615M->462M(989M) 31.421ms
[24.487s][info ][gc,cpu         ] GC(420) User=0.03s Sys=0.00s Real=0.03s
[24.487s][info ][safepoint      ] Safepoint "GenCollectForAllocation", Time since last: 38477418 ns, Reaching safepoint: 4500 ns, Cleanup: 4200 ns, At safepoint: 31448614 ns, Total: 31457314 ns
[24.522s][info ][gc,start       ] GC(421) Pause Young (Allocation Failure)
[24.522s][debug][gc,heap        ] GC(421) Heap before GC invocations=342 (full 79):
[24.522s][debug][gc,heap        ] GC(421)  def new generation   total 314560K, used 314521K [0x00000000c0000000, 0x00000000d5550000, 0x00000000d5550000)
[24.522s][debug][gc,heap        ] GC(421)   eden space 279616K, 100% used [0x00000000c0000000, 0x00000000d1110000, 0x00000000d1110000)
[24.522s][debug][gc,heap        ] GC(421)   from space 34944K,  99% used [0x00000000d3330000, 0x00000000d55465d0, 0x00000000d5550000)
[24.522s][debug][gc,heap        ] GC(421)   to   space 34944K,   0% used [0x00000000d1110000, 0x00000000d1110000, 0x00000000d3330000)
[24.522s][debug][gc,heap        ] GC(421)  tenured generation   total 699072K, used 438503K [0x00000000d5550000, 0x0000000100000000, 0x0000000100000000)
[24.522s][debug][gc,heap        ] GC(421)    the space 699072K,  62% used [0x00000000d5550000, 0x00000000f0189f68, 0x00000000f018a000, 0x0000000100000000)
[24.522s][debug][gc,heap        ] GC(421)  Metaspace       used 6360K, committed 6528K, reserved 1114112K
[24.522s][debug][gc,heap        ] GC(421)   class space    used 546K, committed 640K, reserved 1048576K
[24.550s][info ][gc,heap        ] GC(421) DefNew: 314521K(314560K)->34905K(314560K) Eden: 279616K(279616K)->0K(279616K) From: 34905K(34944K)->34905K(34944K)
[24.550s][info ][gc,heap        ] GC(421) Tenured: 438503K(699072K)->559422K(699072K)
[24.550s][info ][gc,metaspace   ] GC(421) Metaspace: 6360K(6528K)->6360K(6528K) NonClass: 5814K(5888K)->5814K(5888K) Class: 546K(640K)->546K(640K)
[24.550s][debug][gc,heap        ] GC(421) Heap after GC invocations=343 (full 79):
[24.550s][debug][gc,heap        ] GC(421)  def new generation   total 314560K, used 34905K [0x00000000c0000000, 0x00000000d5550000, 0x00000000d5550000)
[24.550s][debug][gc,heap        ] GC(421)   eden space 279616K,   0% used [0x00000000c0000000, 0x00000000c0000000, 0x00000000d1110000)
[24.550s][debug][gc,heap        ] GC(421)   from space 34944K,  99% used [0x00000000d1110000, 0x00000000d33265d0, 0x00000000d3330000)
[24.550s][debug][gc,heap        ] GC(421)   to   space 34944K,   0% used [0x00000000d3330000, 0x00000000d3330000, 0x00000000d5550000)
[24.550s][debug][gc,heap        ] GC(421)  tenured generation   total 699072K, used 559422K [0x00000000d5550000, 0x0000000100000000, 0x0000000100000000)
[24.550s][debug][gc,heap        ] GC(421)    the space 699072K,  80% used [0x00000000d5550000, 0x00000000f779faf8, 0x00000000f779fc00, 0x0000000100000000)
[24.550s][debug][gc,heap        ] GC(421)  Metaspace       used 6360K, committed 6528K, reserved 1114112K
[24.550s][debug][gc,heap        ] GC(421)   class space    used 546K, committed 640K, reserved 1048576K
[24.550s][info ][gc             ] GC(421) Pause Young (Allocation Failure) 735M->580M(989M) 27.562ms
[24.550s][info ][gc,cpu         ] GC(421) User=0.02s Sys=0.00s Real=0.02s
[24.550s][info ][safepoint      ] Safepoint "GenCollectForAllocation", Time since last: 34892215 ns, Reaching safepoint: 3600 ns, Cleanup: 4100 ns, At safepoint: 27588513 ns, Total: 27596213 ns
[24.585s][info ][gc,start       ] GC(422) Pause Young (Allocation Failure)
[24.585s][debug][gc,heap        ] GC(422) Heap before GC invocations=343 (full 79):
[24.585s][debug][gc,heap        ] GC(422)  def new generation   total 314560K, used 314521K [0x00000000c0000000, 0x00000000d5550000, 0x00000000d5550000)
[24.585s][debug][gc,heap        ] GC(422)   eden space 279616K, 100% used [0x00000000c0000000, 0x00000000d1110000, 0x00000000d1110000)
[24.585s][debug][gc,heap        ] GC(422)   from space 34944K,  99% used [0x00000000d1110000, 0x00000000d33265d0, 0x00000000d3330000)
[24.585s][debug][gc,heap        ] GC(422)   to   space 34944K,   0% used [0x00000000d3330000, 0x00000000d3330000, 0x00000000d5550000)
[24.585s][debug][gc,heap        ] GC(422)  tenured generation   total 699072K, used 559422K [0x00000000d5550000, 0x0000000100000000, 0x0000000100000000)
[24.585s][debug][gc,heap        ] GC(422)    the space 699072K,  80% used [0x00000000d5550000, 0x00000000f779faf8, 0x00000000f779fc00, 0x0000000100000000)
[24.585s][debug][gc,heap        ] GC(422)  Metaspace       used 6360K, committed 6528K, reserved 1114112K
[24.585s][debug][gc,heap        ] GC(422)   class space    used 546K, committed 640K, reserved 1048576K
[24.585s][debug][gc,heap        ] GC(422) Heap after GC invocations=344 (full 79):
[24.585s][debug][gc,heap        ] GC(422)  def new generation   total 314560K, used 314521K [0x00000000c0000000, 0x00000000d5550000, 0x00000000d5550000)
[24.585s][debug][gc,heap        ] GC(422)   eden space 279616K, 100% used [0x00000000c0000000, 0x00000000d1110000, 0x00000000d1110000)
[24.585s][debug][gc,heap        ] GC(422)   from space 34944K,  99% used [0x00000000d1110000, 0x00000000d33265d0, 0x00000000d3330000)
[24.585s][debug][gc,heap        ] GC(422)   to   space 34944K,   0% used [0x00000000d3330000, 0x00000000d3330000, 0x00000000d5550000)
[24.585s][debug][gc,heap        ] GC(422)  tenured generation   total 699072K, used 559422K [0x00000000d5550000, 0x0000000100000000, 0x0000000100000000)
[24.585s][debug][gc,heap        ] GC(422)    the space 699072K,  80% used [0x00000000d5550000, 0x00000000f779faf8, 0x00000000f779fc00, 0x0000000100000000)
[24.585s][debug][gc,heap        ] GC(422)  Metaspace       used 6360K, committed 6528K, reserved 1114112K
[24.585s][debug][gc,heap        ] GC(422)   class space    used 546K, committed 640K, reserved 1048576K
[24.585s][info ][gc             ] GC(422) Pause Young (Allocation Failure) 853M->853M(989M) 0.114ms
[24.585s][info ][gc,cpu         ] GC(422) User=0.00s Sys=0.00s Real=0.00s
[24.585s][info ][gc,start       ] GC(423) Pause Full (Allocation Failure)
[24.585s][debug][gc,heap        ] GC(423) Heap before GC invocations=344 (full 79):
[24.585s][debug][gc,heap        ] GC(423)  def new generation   total 314560K, used 314521K [0x00000000c0000000, 0x00000000d5550000, 0x00000000d5550000)
[24.585s][debug][gc,heap        ] GC(423)   eden space 279616K, 100% used [0x00000000c0000000, 0x00000000d1110000, 0x00000000d1110000)
[24.585s][debug][gc,heap        ] GC(423)   from space 34944K,  99% used [0x00000000d1110000, 0x00000000d33265d0, 0x00000000d3330000)
[24.585s][debug][gc,heap        ] GC(423)   to   space 34944K,   0% used [0x00000000d3330000, 0x00000000d3330000, 0x00000000d5550000)
[24.585s][debug][gc,heap        ] GC(423)  tenured generation   total 699072K, used 559422K [0x00000000d5550000, 0x0000000100000000, 0x0000000100000000)
[24.585s][debug][gc,heap        ] GC(423)    the space 699072K,  80% used [0x00000000d5550000, 0x00000000f779faf8, 0x00000000f779fc00, 0x0000000100000000)
[24.585s][debug][gc,heap        ] GC(423)  Metaspace       used 6360K, committed 6528K, reserved 1114112K
[24.585s][debug][gc,heap        ] GC(423)   class space    used 546K, committed 640K, reserved 1048576K
[24.585s][info ][gc,phases,start] GC(423) Phase 1: Mark live objects
[24.586s][info ][gc,phases      ] GC(423) Phase 1: Mark live objects 0.930ms
[24.586s][info ][gc,phases,start] GC(423) Phase 2: Compute new object addresses
[24.588s][info ][gc,phases      ] GC(423) Phase 2: Compute new object addresses 1.220ms
[24.588s][info ][gc,phases,start] GC(423) Phase 3: Adjust pointers
[24.588s][info ][gc,phases      ] GC(423) Phase 3: Adjust pointers 0.619ms
[24.588s][info ][gc,phases,start] GC(423) Phase 4: Move objects
[24.624s][info ][gc,phases      ] GC(423) Phase 4: Move objects 35.732ms
[24.624s][info ][gc,heap        ] GC(423) DefNew: 314521K(314560K)->0K(314560K) Eden: 279616K(279616K)->0K(279616K) From: 34905K(34944K)->0K(34944K)
[24.624s][info ][gc,heap        ] GC(423) Tenured: 559422K(699072K)->200766K(699072K)
[24.624s][info ][gc,metaspace   ] GC(423) Metaspace: 6360K(6528K)->6360K(6528K) NonClass: 5814K(5888K)->5814K(5888K) Class: 546K(640K)->546K(640K)
[24.624s][debug][gc,heap        ] GC(423) Heap after GC invocations=344 (full 80):
[24.624s][debug][gc,heap        ] GC(423)  def new generation   total 314560K, used 0K [0x00000000c0000000, 0x00000000d5550000, 0x00000000d5550000)
[24.624s][debug][gc,heap        ] GC(423)   eden space 279616K,   0% used [0x00000000c0000000, 0x00000000c0000000, 0x00000000d1110000)
[24.624s][debug][gc,heap        ] GC(423)   from space 34944K,   0% used [0x00000000d1110000, 0x00000000d1110000, 0x00000000d3330000)
[24.624s][debug][gc,heap        ] GC(423)   to   space 34944K,   0% used [0x00000000d3330000, 0x00000000d3330000, 0x00000000d5550000)
[24.624s][debug][gc,heap        ] GC(423)  tenured generation   total 699072K, used 200766K [0x00000000d5550000, 0x0000000100000000, 0x0000000100000000)
[24.624s][debug][gc,heap        ] GC(423)    the space 699072K,  28% used [0x00000000d5550000, 0x00000000e195fad8, 0x00000000e195fc00, 0x0000000100000000)
[24.624s][debug][gc,heap        ] GC(423)  Metaspace       used 6360K, committed 6528K, reserved 1114112K
[24.624s][debug][gc,heap        ] GC(423)   class space    used 546K, committed 640K, reserved 1048576K
[24.624s][info ][gc             ] GC(423) Pause Full (Allocation Failure) 853M->196M(989M) 38.895ms
[24.624s][info ][gc,cpu         ] GC(423) User=0.04s Sys=0.00s Real=0.04s
[24.624s][info ][safepoint      ] Safepoint "GenCollectForAllocation", Time since last: 35437516 ns, Reaching safepoint: 3500 ns, Cleanup: 4400 ns, At safepoint: 39084717 ns, Total: 39092617 ns
[24.657s][info ][gc,start       ] GC(424) Pause Young (Allocation Failure)
[24.657s][debug][gc,heap        ] GC(424) Heap before GC invocations=344 (full 80):
[24.657s][debug][gc,heap        ] GC(424)  def new generation   total 314560K, used 279616K [0x00000000c0000000, 0x00000000d5550000, 0x00000000d5550000)
[24.657s][debug][gc,heap        ] GC(424)   eden space 279616K, 100% used [0x00000000c0000000, 0x00000000d1110000, 0x00000000d1110000)
[24.657s][debug][gc,heap        ] GC(424)   from space 34944K,   0% used [0x00000000d1110000, 0x00000000d1110000, 0x00000000d3330000)
[24.657s][debug][gc,heap        ] GC(424)   to   space 34944K,   0% used [0x00000000d3330000, 0x00000000d3330000, 0x00000000d5550000)
[24.657s][debug][gc,heap        ] GC(424)  tenured generation   total 699072K, used 200766K [0x00000000d5550000, 0x0000000100000000, 0x0000000100000000)
[24.657s][debug][gc,heap        ] GC(424)    the space 699072K,  28% used [0x00000000d5550000, 0x00000000e195fad8, 0x00000000e195fc00, 0x0000000100000000)
[24.657s][debug][gc,heap        ] GC(424)  Metaspace       used 6360K, committed 6528K, reserved 1114112K
[24.657s][debug][gc,heap        ] GC(424)   class space    used 546K, committed 640K, reserved 1048576K
[24.681s][info ][gc,heap        ] GC(424) DefNew: 279616K(314560K)->34905K(314560K) Eden: 279616K(279616K)->0K(279616K) From: 0K(34944K)->34905K(34944K)
[24.681s][info ][gc,heap        ] GC(424) Tenured: 200766K(699072K)->315484K(699072K)
[24.681s][info ][gc,metaspace   ] GC(424) Metaspace: 6360K(6528K)->6360K(6528K) NonClass: 5814K(5888K)->5814K(5888K) Class: 546K(640K)->546K(640K)
[24.681s][debug][gc,heap        ] GC(424) Heap after GC invocations=345 (full 80):
[24.681s][debug][gc,heap        ] GC(424)  def new generation   total 314560K, used 34905K [0x00000000c0000000, 0x00000000d5550000, 0x00000000d5550000)
[24.681s][debug][gc,heap        ] GC(424)   eden space 279616K,   0% used [0x00000000c0000000, 0x00000000c0000000, 0x00000000d1110000)
[24.681s][debug][gc,heap        ] GC(424)   from space 34944K,  99% used [0x00000000d3330000, 0x00000000d55465d0, 0x00000000d5550000)
[24.681s][debug][gc,heap        ] GC(424)   to   space 34944K,   0% used [0x00000000d1110000, 0x00000000d1110000, 0x00000000d3330000)
[24.681s][debug][gc,heap        ] GC(424)  tenured generation   total 699072K, used 315484K [0x00000000d5550000, 0x0000000100000000, 0x0000000100000000)
[24.681s][debug][gc,heap        ] GC(424)    the space 699072K,  45% used [0x00000000d5550000, 0x00000000e8967288, 0x00000000e8967400, 0x0000000100000000)
[24.681s][debug][gc,heap        ] GC(424)  Metaspace       used 6360K, committed 6528K, reserved 1114112K
[24.681s][debug][gc,heap        ] GC(424)   class space    used 546K, committed 640K, reserved 1048576K
[24.681s][info ][gc             ] GC(424) Pause Young (Allocation Failure) 469M->342M(989M) 23.634ms
[24.681s][info ][gc,cpu         ] GC(424) User=0.03s Sys=0.00s Real=0.03s
[24.681s][info ][safepoint      ] Safepoint "GenCollectForAllocation", Time since last: 32971415 ns, Reaching safepoint: 3500 ns, Cleanup: 3800 ns, At safepoint: 23659111 ns, Total: 23666411 ns
[24.714s][info ][gc,start       ] GC(425) Pause Young (Allocation Failure)
[24.714s][debug][gc,heap        ] GC(425) Heap before GC invocations=345 (full 80):
[24.714s][debug][gc,heap        ] GC(425)  def new generation   total 314560K, used 314521K [0x00000000c0000000, 0x00000000d5550000, 0x00000000d5550000)
[24.714s][debug][gc,heap        ] GC(425)   eden space 279616K, 100% used [0x00000000c0000000, 0x00000000d1110000, 0x00000000d1110000)
[24.714s][debug][gc,heap        ] GC(425)   from space 34944K,  99% used [0x00000000d3330000, 0x00000000d55465d0, 0x00000000d5550000)
[24.714s][debug][gc,heap        ] GC(425)   to   space 34944K,   0% used [0x00000000d1110000, 0x00000000d1110000, 0x00000000d3330000)
[24.714s][debug][gc,heap        ] GC(425)  tenured generation   total 699072K, used 315484K [0x00000000d5550000, 0x0000000100000000, 0x0000000100000000)
[24.714s][debug][gc,heap        ] GC(425)    the space 699072K,  45% used [0x00000000d5550000, 0x00000000e8967288, 0x00000000e8967400, 0x0000000100000000)
[24.714s][debug][gc,heap        ] GC(425)  Metaspace       used 6360K, committed 6528K, reserved 1114112K
[24.714s][debug][gc,heap        ] GC(425)   class space    used 546K, committed 640K, reserved 1048576K
[24.739s][info ][gc,heap        ] GC(425) DefNew: 314521K(314560K)->34905K(314560K) Eden: 279616K(279616K)->0K(279616K) From: 34905K(34944K)->34905K(34944K)
[24.739s][info ][gc,heap        ] GC(425) Tenured: 315484K(699072K)->439303K(699072K)
[24.739s][info ][gc,metaspace   ] GC(425) Metaspace: 6360K(6528K)->6360K(6528K) NonClass: 5814K(5888K)->5814K(5888K) Class: 546K(640K)->546K(640K)
[24.739s][debug][gc,heap        ] GC(425) Heap after GC invocations=346 (full 80):
[24.739s][debug][gc,heap        ] GC(425)  def new generation   total 314560K, used 34905K [0x00000000c0000000, 0x00000000d5550000, 0x00000000d5550000)
[24.739s][debug][gc,heap        ] GC(425)   eden space 279616K,   0% used [0x00000000c0000000, 0x00000000c0000000, 0x00000000d1110000)
[24.739s][debug][gc,heap        ] GC(425)   from space 34944K,  99% used [0x00000000d1110000, 0x00000000d33265d0, 0x00000000d3330000)
[24.739s][debug][gc,heap        ] GC(425)   to   space 34944K,   0% used [0x00000000d3330000, 0x00000000d3330000, 0x00000000d5550000)
[24.739s][debug][gc,heap        ] GC(425)  tenured generation   total 699072K, used 439303K [0x00000000d5550000, 0x0000000100000000, 0x0000000100000000)
[24.739s][debug][gc,heap        ] GC(425)    the space 699072K,  62% used [0x00000000d5550000, 0x00000000f0251fe8, 0x00000000f0252000, 0x0000000100000000)
[24.739s][debug][gc,heap        ] GC(425)  Metaspace       used 6360K, committed 6528K, reserved 1114112K
[24.739s][debug][gc,heap        ] GC(425)   class space    used 546K, committed 640K, reserved 1048576K
[24.739s][info ][gc             ] GC(425) Pause Young (Allocation Failure) 615M->463M(989M) 25.586ms
[24.739s][info ][gc,cpu         ] GC(425) User=0.02s Sys=0.00s Real=0.02s
[24.739s][info ][safepoint      ] Safepoint "GenCollectForAllocation", Time since last: 32898814 ns, Reaching safepoint: 3400 ns, Cleanup: 3700 ns, At safepoint: 25613812 ns, Total: 25620912 ns
[24.772s][info ][gc,start       ] GC(426) Pause Young (Allocation Failure)
[24.772s][debug][gc,heap        ] GC(426) Heap before GC invocations=346 (full 80):
[24.772s][debug][gc,heap        ] GC(426)  def new generation   total 314560K, used 314521K [0x00000000c0000000, 0x00000000d5550000, 0x00000000d5550000)
[24.772s][debug][gc,heap        ] GC(426)   eden space 279616K, 100% used [0x00000000c0000000, 0x00000000d1110000, 0x00000000d1110000)
[24.772s][debug][gc,heap        ] GC(426)   from space 34944K,  99% used [0x00000000d1110000, 0x00000000d33265d0, 0x00000000d3330000)
[24.772s][debug][gc,heap        ] GC(426)   to   space 34944K,   0% used [0x00000000d3330000, 0x00000000d3330000, 0x00000000d5550000)
[24.772s][debug][gc,heap        ] GC(426)  tenured generation   total 699072K, used 439303K [0x00000000d5550000, 0x0000000100000000, 0x0000000100000000)
[24.772s][debug][gc,heap        ] GC(426)    the space 699072K,  62% used [0x00000000d5550000, 0x00000000f0251fe8, 0x00000000f0252000, 0x0000000100000000)
[24.772s][debug][gc,heap        ] GC(426)  Metaspace       used 6360K, committed 6528K, reserved 1114112K
[24.772s][debug][gc,heap        ] GC(426)   class space    used 546K, committed 640K, reserved 1048576K
[24.797s][info ][gc,heap        ] GC(426) DefNew: 314521K(314560K)->34905K(314560K) Eden: 279616K(279616K)->0K(279616K) From: 34905K(34944K)->34905K(34944K)
[24.797s][info ][gc,heap        ] GC(426) Tenured: 439303K(699072K)->561423K(699072K)
[24.797s][info ][gc,metaspace   ] GC(426) Metaspace: 6360K(6528K)->6360K(6528K) NonClass: 5814K(5888K)->5814K(5888K) Class: 546K(640K)->546K(640K)
[24.797s][debug][gc,heap        ] GC(426) Heap after GC invocations=347 (full 80):
[24.797s][debug][gc,heap        ] GC(426)  def new generation   total 314560K, used 34905K [0x00000000c0000000, 0x00000000d5550000, 0x00000000d5550000)
[24.797s][debug][gc,heap        ] GC(426)   eden space 279616K,   0% used [0x00000000c0000000, 0x00000000c0000000, 0x00000000d1110000)
[24.797s][debug][gc,heap        ] GC(426)   from space 34944K,  99% used [0x00000000d3330000, 0x00000000d55465d0, 0x00000000d5550000)
[24.797s][debug][gc,heap        ] GC(426)   to   space 34944K,   0% used [0x00000000d1110000, 0x00000000d1110000, 0x00000000d3330000)
[24.797s][debug][gc,heap        ] GC(426)  tenured generation   total 699072K, used 561423K [0x00000000d5550000, 0x0000000100000000, 0x0000000100000000)
[24.797s][debug][gc,heap        ] GC(426)    the space 699072K,  80% used [0x00000000d5550000, 0x00000000f7993c38, 0x00000000f7993e00, 0x0000000100000000)
[24.797s][debug][gc,heap        ] GC(426)  Metaspace       used 6360K, committed 6528K, reserved 1114112K
[24.797s][debug][gc,heap        ] GC(426)   class space    used 546K, committed 640K, reserved 1048576K
[24.797s][info ][gc             ] GC(426) Pause Young (Allocation Failure) 736M->582M(989M) 25.205ms
[24.797s][info ][gc,cpu         ] GC(426) User=0.02s Sys=0.00s Real=0.02s
[24.797s][info ][safepoint      ] Safepoint "GenCollectForAllocation", Time since last: 32556514 ns, Reaching safepoint: 2800 ns, Cleanup: 3700 ns, At safepoint: 25229012 ns, Total: 25235512 ns
[24.830s][info ][gc,start       ] GC(427) Pause Young (Allocation Failure)
[24.830s][debug][gc,heap        ] GC(427) Heap before GC invocations=347 (full 80):
[24.830s][debug][gc,heap        ] GC(427)  def new generation   total 314560K, used 314521K [0x00000000c0000000, 0x00000000d5550000, 0x00000000d5550000)
[24.830s][debug][gc,heap        ] GC(427)   eden space 279616K, 100% used [0x00000000c0000000, 0x00000000d1110000, 0x00000000d1110000)
[24.830s][debug][gc,heap        ] GC(427)   from space 34944K,  99% used [0x00000000d3330000, 0x00000000d55465d0, 0x00000000d5550000)
[24.830s][debug][gc,heap        ] GC(427)   to   space 34944K,   0% used [0x00000000d1110000, 0x00000000d1110000, 0x00000000d3330000)
[24.830s][debug][gc,heap        ] GC(427)  tenured generation   total 699072K, used 561423K [0x00000000d5550000, 0x0000000100000000, 0x0000000100000000)
[24.830s][debug][gc,heap        ] GC(427)    the space 699072K,  80% used [0x00000000d5550000, 0x00000000f7993c38, 0x00000000f7993e00, 0x0000000100000000)
[24.830s][debug][gc,heap        ] GC(427)  Metaspace       used 6360K, committed 6528K, reserved 1114112K
[24.830s][debug][gc,heap        ] GC(427)   class space    used 546K, committed 640K, reserved 1048576K
[24.830s][debug][gc,heap        ] GC(427) Heap after GC invocations=348 (full 80):
[24.830s][debug][gc,heap        ] GC(427)  def new generation   total 314560K, used 314521K [0x00000000c0000000, 0x00000000d5550000, 0x00000000d5550000)
[24.830s][debug][gc,heap        ] GC(427)   eden space 279616K, 100% used [0x00000000c0000000, 0x00000000d1110000, 0x00000000d1110000)
[24.830s][debug][gc,heap        ] GC(427)   from space 34944K,  99% used [0x00000000d3330000, 0x00000000d55465d0, 0x00000000d5550000)
[24.830s][debug][gc,heap        ] GC(427)   to   space 34944K,   0% used [0x00000000d1110000, 0x00000000d1110000, 0x00000000d3330000)
[24.830s][debug][gc,heap        ] GC(427)  tenured generation   total 699072K, used 561423K [0x00000000d5550000, 0x0000000100000000, 0x0000000100000000)
[24.830s][debug][gc,heap        ] GC(427)    the space 699072K,  80% used [0x00000000d5550000, 0x00000000f7993c38, 0x00000000f7993e00, 0x0000000100000000)
[24.830s][debug][gc,heap        ] GC(427)  Metaspace       used 6360K, committed 6528K, reserved 1114112K
[24.830s][debug][gc,heap        ] GC(427)   class space    used 546K, committed 640K, reserved 1048576K
[24.830s][info ][gc             ] GC(427) Pause Young (Allocation Failure) 855M->855M(989M) 0.127ms
[24.830s][info ][gc,cpu         ] GC(427) User=0.00s Sys=0.00s Real=0.00s
[24.830s][info ][gc,start       ] GC(428) Pause Full (Allocation Failure)
[24.830s][debug][gc,heap        ] GC(428) Heap before GC invocations=348 (full 80):
[24.830s][debug][gc,heap        ] GC(428)  def new generation   total 314560K, used 314521K [0x00000000c0000000, 0x00000000d5550000, 0x00000000d5550000)
[24.830s][debug][gc,heap        ] GC(428)   eden space 279616K, 100% used [0x00000000c0000000, 0x00000000d1110000, 0x00000000d1110000)
[24.830s][debug][gc,heap        ] GC(428)   from space 34944K,  99% used [0x00000000d3330000, 0x00000000d55465d0, 0x00000000d5550000)
[24.830s][debug][gc,heap        ] GC(428)   to   space 34944K,   0% used [0x00000000d1110000, 0x00000000d1110000, 0x00000000d3330000)
[24.830s][debug][gc,heap        ] GC(428)  tenured generation   total 699072K, used 561423K [0x00000000d5550000, 0x0000000100000000, 0x0000000100000000)
[24.830s][debug][gc,heap        ] GC(428)    the space 699072K,  80% used [0x00000000d5550000, 0x00000000f7993c38, 0x00000000f7993e00, 0x0000000100000000)
[24.830s][debug][gc,heap        ] GC(428)  Metaspace       used 6360K, committed 6528K, reserved 1114112K
[24.830s][debug][gc,heap        ] GC(428)   class space    used 546K, committed 640K, reserved 1048576K
[24.830s][info ][gc,phases,start] GC(428) Phase 1: Mark live objects
[24.831s][info ][gc,phases      ] GC(428) Phase 1: Mark live objects 0.920ms
[24.831s][info ][gc,phases,start] GC(428) Phase 2: Compute new object addresses
[24.832s][info ][gc,phases      ] GC(428) Phase 2: Compute new object addresses 1.231ms
[24.832s][info ][gc,phases,start] GC(428) Phase 3: Adjust pointers
[24.833s][info ][gc,phases      ] GC(428) Phase 3: Adjust pointers 0.610ms
[24.833s][info ][gc,phases,start] GC(428) Phase 4: Move objects
[24.864s][info ][gc,phases      ] GC(428) Phase 4: Move objects 30.698ms
[24.864s][info ][gc,heap        ] GC(428) DefNew: 314521K(314560K)->0K(314560K) Eden: 279616K(279616K)->0K(279616K) From: 34905K(34944K)->0K(34944K)
[24.864s][info ][gc,heap        ] GC(428) Tenured: 561423K(699072K)->232071K(699072K)
[24.864s][info ][gc,metaspace   ] GC(428) Metaspace: 6360K(6528K)->6360K(6528K) NonClass: 5814K(5888K)->5814K(5888K) Class: 546K(640K)->546K(640K)
[24.864s][debug][gc,heap        ] GC(428) Heap after GC invocations=348 (full 81):
[24.864s][debug][gc,heap        ] GC(428)  def new generation   total 314560K, used 0K [0x00000000c0000000, 0x00000000d5550000, 0x00000000d5550000)
[24.864s][debug][gc,heap        ] GC(428)   eden space 279616K,   0% used [0x00000000c0000000, 0x00000000c0000000, 0x00000000d1110000)
[24.864s][debug][gc,heap        ] GC(428)   from space 34944K,   0% used [0x00000000d3330000, 0x00000000d3330000, 0x00000000d5550000)
[24.864s][debug][gc,heap        ] GC(428)   to   space 34944K,   0% used [0x00000000d1110000, 0x00000000d1110000, 0x00000000d3330000)
[24.864s][debug][gc,heap        ] GC(428)  tenured generation   total 699072K, used 232071K [0x00000000d5550000, 0x0000000100000000, 0x0000000100000000)
[24.864s][debug][gc,heap        ] GC(428)    the space 699072K,  33% used [0x00000000d5550000, 0x00000000e37f1e68, 0x00000000e37f2000, 0x0000000100000000)
[24.864s][debug][gc,heap        ] GC(428)  Metaspace       used 6360K, committed 6528K, reserved 1114112K
[24.864s][debug][gc,heap        ] GC(428)   class space    used 546K, committed 640K, reserved 1048576K
[24.864s][info ][gc             ] GC(428) Pause Full (Allocation Failure) 855M->226M(989M) 33.705ms
[24.864s][info ][gc,cpu         ] GC(428) User=0.04s Sys=0.00s Real=0.04s
[24.864s][info ][safepoint      ] Safepoint "GenCollectForAllocation", Time since last: 32789914 ns, Reaching safepoint: 2700 ns, Cleanup: 3900 ns, At safepoint: 33864016 ns, Total: 33870616 ns
[24.896s][info ][gc,start       ] GC(429) Pause Young (Allocation Failure)
[24.896s][debug][gc,heap        ] GC(429) Heap before GC invocations=348 (full 81):
[24.896s][debug][gc,heap        ] GC(429)  def new generation   total 314560K, used 279616K [0x00000000c0000000, 0x00000000d5550000, 0x00000000d5550000)
[24.896s][debug][gc,heap        ] GC(429)   eden space 279616K, 100% used [0x00000000c0000000, 0x00000000d1110000, 0x00000000d1110000)
[24.896s][debug][gc,heap        ] GC(429)   from space 34944K,   0% used [0x00000000d3330000, 0x00000000d3330000, 0x00000000d5550000)
[24.896s][debug][gc,heap        ] GC(429)   to   space 34944K,   0% used [0x00000000d1110000, 0x00000000d1110000, 0x00000000d3330000)
[24.896s][debug][gc,heap        ] GC(429)  tenured generation   total 699072K, used 232071K [0x00000000d5550000, 0x0000000100000000, 0x0000000100000000)
[24.896s][debug][gc,heap        ] GC(429)    the space 699072K,  33% used [0x00000000d5550000, 0x00000000e37f1e68, 0x00000000e37f2000, 0x0000000100000000)
[24.896s][debug][gc,heap        ] GC(429)  Metaspace       used 6360K, committed 6528K, reserved 1114112K
[24.896s][debug][gc,heap        ] GC(429)   class space    used 546K, committed 640K, reserved 1048576K
[24.920s][info ][gc,heap        ] GC(429) DefNew: 279616K(314560K)->34905K(314560K) Eden: 279616K(279616K)->0K(279616K) From: 0K(34944K)->34905K(34944K)
[24.920s][info ][gc,heap        ] GC(429) Tenured: 232071K(699072K)->345989K(699072K)
[24.920s][info ][gc,metaspace   ] GC(429) Metaspace: 6360K(6528K)->6360K(6528K) NonClass: 5814K(5888K)->5814K(5888K) Class: 546K(640K)->546K(640K)
[24.920s][debug][gc,heap        ] GC(429) Heap after GC invocations=349 (full 81):
[24.920s][debug][gc,heap        ] GC(429)  def new generation   total 314560K, used 34905K [0x00000000c0000000, 0x00000000d5550000, 0x00000000d5550000)
[24.920s][debug][gc,heap        ] GC(429)   eden space 279616K,   0% used [0x00000000c0000000, 0x00000000c0000000, 0x00000000d1110000)
[24.920s][debug][gc,heap        ] GC(429)   from space 34944K,  99% used [0x00000000d1110000, 0x00000000d33265d0, 0x00000000d3330000)
[24.920s][debug][gc,heap        ] GC(429)   to   space 34944K,   0% used [0x00000000d3330000, 0x00000000d3330000, 0x00000000d5550000)
[24.920s][debug][gc,heap        ] GC(429)  tenured generation   total 699072K, used 345989K [0x00000000d5550000, 0x0000000100000000, 0x0000000100000000)
[24.920s][debug][gc,heap        ] GC(429)    the space 699072K,  49% used [0x00000000d5550000, 0x00000000ea731598, 0x00000000ea731600, 0x0000000100000000)
[24.920s][debug][gc,heap        ] GC(429)  Metaspace       used 6360K, committed 6528K, reserved 1114112K
[24.920s][debug][gc,heap        ] GC(429)   class space    used 546K, committed 640K, reserved 1048576K
[24.920s][info ][gc             ] GC(429) Pause Young (Allocation Failure) 499M->371M(989M) 23.692ms
[24.920s][info ][gc,cpu         ] GC(429) User=0.02s Sys=0.00s Real=0.02s
[24.920s][info ][safepoint      ] Safepoint "GenCollectForAllocation", Time since last: 32035014 ns, Reaching safepoint: 2900 ns, Cleanup: 3900 ns, At safepoint: 23716511 ns, Total: 23723311 ns
[24.952s][info ][gc,start       ] GC(430) Pause Young (Allocation Failure)
[24.952s][debug][gc,heap        ] GC(430) Heap before GC invocations=349 (full 81):
[24.952s][debug][gc,heap        ] GC(430)  def new generation   total 314560K, used 314521K [0x00000000c0000000, 0x00000000d5550000, 0x00000000d5550000)
[24.952s][debug][gc,heap        ] GC(430)   eden space 279616K, 100% used [0x00000000c0000000, 0x00000000d1110000, 0x00000000d1110000)
[24.952s][debug][gc,heap        ] GC(430)   from space 34944K,  99% used [0x00000000d1110000, 0x00000000d33265d0, 0x00000000d3330000)
[24.952s][debug][gc,heap        ] GC(430)   to   space 34944K,   0% used [0x00000000d3330000, 0x00000000d3330000, 0x00000000d5550000)
[24.952s][debug][gc,heap        ] GC(430)  tenured generation   total 699072K, used 345989K [0x00000000d5550000, 0x0000000100000000, 0x0000000100000000)
[24.952s][debug][gc,heap        ] GC(430)    the space 699072K,  49% used [0x00000000d5550000, 0x00000000ea731598, 0x00000000ea731600, 0x0000000100000000)
[24.952s][debug][gc,heap        ] GC(430)  Metaspace       used 6360K, committed 6528K, reserved 1114112K
[24.952s][debug][gc,heap        ] GC(430)   class space    used 546K, committed 640K, reserved 1048576K
[24.978s][info ][gc,heap        ] GC(430) DefNew: 314521K(314560K)->34905K(314560K) Eden: 279616K(279616K)->0K(279616K) From: 34905K(34944K)->34905K(34944K)
[24.978s][info ][gc,heap        ] GC(430) Tenured: 345989K(699072K)->468008K(699072K)
[24.978s][info ][gc,metaspace   ] GC(430) Metaspace: 6360K(6528K)->6360K(6528K) NonClass: 5814K(5888K)->5814K(5888K) Class: 546K(640K)->546K(640K)
[24.978s][debug][gc,heap        ] GC(430) Heap after GC invocations=350 (full 81):
[24.978s][debug][gc,heap        ] GC(430)  def new generation   total 314560K, used 34905K [0x00000000c0000000, 0x00000000d5550000, 0x00000000d5550000)
[24.978s][debug][gc,heap        ] GC(430)   eden space 279616K,   0% used [0x00000000c0000000, 0x00000000c0000000, 0x00000000d1110000)
[24.978s][debug][gc,heap        ] GC(430)   from space 34944K,  99% used [0x00000000d3330000, 0x00000000d55465d0, 0x00000000d5550000)
[24.978s][debug][gc,heap        ] GC(430)   to   space 34944K,   0% used [0x00000000d1110000, 0x00000000d1110000, 0x00000000d3330000)
[24.978s][debug][gc,heap        ] GC(430)  tenured generation   total 699072K, used 468008K [0x00000000d5550000, 0x0000000100000000, 0x0000000100000000)
[24.978s][debug][gc,heap        ] GC(430)    the space 699072K,  66% used [0x00000000d5550000, 0x00000000f1e5a1d8, 0x00000000f1e5a200, 0x0000000100000000)
[24.978s][debug][gc,heap        ] GC(430)  Metaspace       used 6360K, committed 6528K, reserved 1114112K
[24.978s][debug][gc,heap        ] GC(430)   class space    used 546K, committed 640K, reserved 1048576K
[24.978s][info ][gc             ] GC(430) Pause Young (Allocation Failure) 645M->491M(989M) 26.038ms
[24.978s][info ][gc,cpu         ] GC(430) User=0.01s Sys=0.01s Real=0.02s
[24.978s][info ][safepoint      ] Safepoint "GenCollectForAllocation", Time since last: 32454114 ns, Reaching safepoint: 3500 ns, Cleanup: 3900 ns, At safepoint: 26083712 ns, Total: 26091112 ns
[25.011s][info ][gc,start       ] GC(431) Pause Young (Allocation Failure)
[25.011s][debug][gc,heap        ] GC(431) Heap before GC invocations=350 (full 81):
[25.011s][debug][gc,heap        ] GC(431)  def new generation   total 314560K, used 314521K [0x00000000c0000000, 0x00000000d5550000, 0x00000000d5550000)
[25.011s][debug][gc,heap        ] GC(431)   eden space 279616K, 100% used [0x00000000c0000000, 0x00000000d1110000, 0x00000000d1110000)
[25.011s][debug][gc,heap        ] GC(431)   from space 34944K,  99% used [0x00000000d3330000, 0x00000000d55465d0, 0x00000000d5550000)
[25.011s][debug][gc,heap        ] GC(431)   to   space 34944K,   0% used [0x00000000d1110000, 0x00000000d1110000, 0x00000000d3330000)
[25.011s][debug][gc,heap        ] GC(431)  tenured generation   total 699072K, used 468008K [0x00000000d5550000, 0x0000000100000000, 0x0000000100000000)
[25.011s][debug][gc,heap        ] GC(431)    the space 699072K,  66% used [0x00000000d5550000, 0x00000000f1e5a1d8, 0x00000000f1e5a200, 0x0000000100000000)
[25.011s][debug][gc,heap        ] GC(431)  Metaspace       used 6360K, committed 6528K, reserved 1114112K
[25.011s][debug][gc,heap        ] GC(431)   class space    used 546K, committed 640K, reserved 1048576K
[25.037s][info ][gc,heap        ] GC(431) DefNew: 314521K(314560K)->34905K(314560K) Eden: 279616K(279616K)->0K(279616K) From: 34905K(34944K)->34905K(34944K)
[25.037s][info ][gc,heap        ] GC(431) Tenured: 468008K(699072K)->594528K(699072K)
[25.037s][info ][gc,metaspace   ] GC(431) Metaspace: 6360K(6528K)->6360K(6528K) NonClass: 5814K(5888K)->5814K(5888K) Class: 546K(640K)->546K(640K)
[25.037s][debug][gc,heap        ] GC(431) Heap after GC invocations=351 (full 81):
[25.037s][debug][gc,heap        ] GC(431)  def new generation   total 314560K, used 34905K [0x00000000c0000000, 0x00000000d5550000, 0x00000000d5550000)
[25.037s][debug][gc,heap        ] GC(431)   eden space 279616K,   0% used [0x00000000c0000000, 0x00000000c0000000, 0x00000000d1110000)
[25.037s][debug][gc,heap        ] GC(431)   from space 34944K,  99% used [0x00000000d1110000, 0x00000000d33265d0, 0x00000000d3330000)
[25.037s][debug][gc,heap        ] GC(431)   to   space 34944K,   0% used [0x00000000d3330000, 0x00000000d3330000, 0x00000000d5550000)
[25.037s][debug][gc,heap        ] GC(431)  tenured generation   total 699072K, used 594528K [0x00000000d5550000, 0x0000000100000000, 0x0000000100000000)
[25.037s][debug][gc,heap        ] GC(431)    the space 699072K,  85% used [0x00000000d5550000, 0x00000000f99e80e8, 0x00000000f99e8200, 0x0000000100000000)
[25.037s][debug][gc,heap        ] GC(431)  Metaspace       used 6360K, committed 6528K, reserved 1114112K
[25.037s][debug][gc,heap        ] GC(431)   class space    used 546K, committed 640K, reserved 1048576K
[25.037s][info ][gc             ] GC(431) Pause Young (Allocation Failure) 764M->614M(989M) 25.699ms
[25.037s][info ][gc,cpu         ] GC(431) User=0.02s Sys=0.00s Real=0.02s
[25.037s][info ][safepoint      ] Safepoint "GenCollectForAllocation", Time since last: 33174415 ns, Reaching safepoint: 2800 ns, Cleanup: 3600 ns, At safepoint: 25751311 ns, Total: 25757711 ns
[25.070s][info ][gc,start       ] GC(432) Pause Young (Allocation Failure)
[25.070s][debug][gc,heap        ] GC(432) Heap before GC invocations=351 (full 81):
[25.070s][debug][gc,heap        ] GC(432)  def new generation   total 314560K, used 314521K [0x00000000c0000000, 0x00000000d5550000, 0x00000000d5550000)
[25.070s][debug][gc,heap        ] GC(432)   eden space 279616K, 100% used [0x00000000c0000000, 0x00000000d1110000, 0x00000000d1110000)
[25.070s][debug][gc,heap        ] GC(432)   from space 34944K,  99% used [0x00000000d1110000, 0x00000000d33265d0, 0x00000000d3330000)
[25.070s][debug][gc,heap        ] GC(432)   to   space 34944K,   0% used [0x00000000d3330000, 0x00000000d3330000, 0x00000000d5550000)
[25.070s][debug][gc,heap        ] GC(432)  tenured generation   total 699072K, used 594528K [0x00000000d5550000, 0x0000000100000000, 0x0000000100000000)
[25.070s][debug][gc,heap        ] GC(432)    the space 699072K,  85% used [0x00000000d5550000, 0x00000000f99e80e8, 0x00000000f99e8200, 0x0000000100000000)
[25.070s][debug][gc,heap        ] GC(432)  Metaspace       used 6360K, committed 6528K, reserved 1114112K
[25.070s][debug][gc,heap        ] GC(432)   class space    used 546K, committed 640K, reserved 1048576K
[25.070s][debug][gc,heap        ] GC(432) Heap after GC invocations=352 (full 81):
[25.070s][debug][gc,heap        ] GC(432)  def new generation   total 314560K, used 314521K [0x00000000c0000000, 0x00000000d5550000, 0x00000000d5550000)
[25.070s][debug][gc,heap        ] GC(432)   eden space 279616K, 100% used [0x00000000c0000000, 0x00000000d1110000, 0x00000000d1110000)
[25.070s][debug][gc,heap        ] GC(432)   from space 34944K,  99% used [0x00000000d1110000, 0x00000000d33265d0, 0x00000000d3330000)
[25.070s][debug][gc,heap        ] GC(432)   to   space 34944K,   0% used [0x00000000d3330000, 0x00000000d3330000, 0x00000000d5550000)
[25.070s][debug][gc,heap        ] GC(432)  tenured generation   total 699072K, used 594528K [0x00000000d5550000, 0x0000000100000000, 0x0000000100000000)
[25.070s][debug][gc,heap        ] GC(432)    the space 699072K,  85% used [0x00000000d5550000, 0x00000000f99e80e8, 0x00000000f99e8200, 0x0000000100000000)
[25.070s][debug][gc,heap        ] GC(432)  Metaspace       used 6360K, committed 6528K, reserved 1114112K
[25.070s][debug][gc,heap        ] GC(432)   class space    used 546K, committed 640K, reserved 1048576K
[25.070s][info ][gc             ] GC(432) Pause Young (Allocation Failure) 887M->887M(989M) 0.092ms
[25.070s][info ][gc,cpu         ] GC(432) User=0.00s Sys=0.00s Real=0.00s
[25.070s][info ][gc,start       ] GC(433) Pause Full (Allocation Failure)
[25.070s][debug][gc,heap        ] GC(433) Heap before GC invocations=352 (full 81):
[25.070s][debug][gc,heap        ] GC(433)  def new generation   total 314560K, used 314521K [0x00000000c0000000, 0x00000000d5550000, 0x00000000d5550000)
[25.070s][debug][gc,heap        ] GC(433)   eden space 279616K, 100% used [0x00000000c0000000, 0x00000000d1110000, 0x00000000d1110000)
[25.070s][debug][gc,heap        ] GC(433)   from space 34944K,  99% used [0x00000000d1110000, 0x00000000d33265d0, 0x00000000d3330000)
[25.070s][debug][gc,heap        ] GC(433)   to   space 34944K,   0% used [0x00000000d3330000, 0x00000000d3330000, 0x00000000d5550000)
[25.070s][debug][gc,heap        ] GC(433)  tenured generation   total 699072K, used 594528K [0x00000000d5550000, 0x0000000100000000, 0x0000000100000000)
[25.070s][debug][gc,heap        ] GC(433)    the space 699072K,  85% used [0x00000000d5550000, 0x00000000f99e80e8, 0x00000000f99e8200, 0x0000000100000000)
[25.070s][debug][gc,heap        ] GC(433)  Metaspace       used 6360K, committed 6528K, reserved 1114112K
[25.070s][debug][gc,heap        ] GC(433)   class space    used 546K, committed 640K, reserved 1048576K
[25.070s][info ][gc,phases,start] GC(433) Phase 1: Mark live objects
[25.071s][info ][gc,phases      ] GC(433) Phase 1: Mark live objects 0.955ms
[25.071s][info ][gc,phases,start] GC(433) Phase 2: Compute new object addresses
[25.072s][info ][gc,phases      ] GC(433) Phase 2: Compute new object addresses 1.222ms
[25.072s][info ][gc,phases,start] GC(433) Phase 3: Adjust pointers
[25.073s][info ][gc,phases      ] GC(433) Phase 3: Adjust pointers 0.788ms
[25.073s][info ][gc,phases,start] GC(433) Phase 4: Move objects
[25.106s][info ][gc,phases      ] GC(433) Phase 4: Move objects 33.306ms
[25.106s][info ][gc,heap        ] GC(433) DefNew: 314521K(314560K)->0K(314560K) Eden: 279616K(279616K)->0K(279616K) From: 34905K(34944K)->0K(34944K)
[25.107s][info ][gc,heap        ] GC(433) Tenured: 594528K(699072K)->200766K(699072K)
[25.107s][info ][gc,metaspace   ] GC(433) Metaspace: 6360K(6528K)->6360K(6528K) NonClass: 5814K(5888K)->5814K(5888K) Class: 546K(640K)->546K(640K)
[25.107s][debug][gc,heap        ] GC(433) Heap after GC invocations=352 (full 82):
[25.107s][debug][gc,heap        ] GC(433)  def new generation   total 314560K, used 0K [0x00000000c0000000, 0x00000000d5550000, 0x00000000d5550000)
[25.107s][debug][gc,heap        ] GC(433)   eden space 279616K,   0% used [0x00000000c0000000, 0x00000000c0000000, 0x00000000d1110000)
[25.107s][debug][gc,heap        ] GC(433)   from space 34944K,   0% used [0x00000000d1110000, 0x00000000d1110000, 0x00000000d3330000)
[25.107s][debug][gc,heap        ] GC(433)   to   space 34944K,   0% used [0x00000000d3330000, 0x00000000d3330000, 0x00000000d5550000)
[25.107s][debug][gc,heap        ] GC(433)  tenured generation   total 699072K, used 200766K [0x00000000d5550000, 0x0000000100000000, 0x0000000100000000)
[25.107s][debug][gc,heap        ] GC(433)    the space 699072K,  28% used [0x00000000d5550000, 0x00000000e195fad8, 0x00000000e195fc00, 0x0000000100000000)
[25.107s][debug][gc,heap        ] GC(433)  Metaspace       used 6360K, committed 6528K, reserved 1114112K
[25.107s][debug][gc,heap        ] GC(433)   class space    used 546K, committed 640K, reserved 1048576K
[25.107s][info ][gc             ] GC(433) Pause Full (Allocation Failure) 887M->196M(989M) 37.559ms
[25.107s][info ][gc,cpu         ] GC(433) User=0.04s Sys=0.00s Real=0.04s
[25.107s][info ][safepoint      ] Safepoint "GenCollectForAllocation", Time since last: 32655815 ns, Reaching safepoint: 2900 ns, Cleanup: 3600 ns, At safepoint: 37684217 ns, Total: 37690717 ns
[25.140s][info ][gc,start       ] GC(434) Pause Young (Allocation Failure)
[25.140s][debug][gc,heap        ] GC(434) Heap before GC invocations=352 (full 82):
[25.140s][debug][gc,heap        ] GC(434)  def new generation   total 314560K, used 279616K [0x00000000c0000000, 0x00000000d5550000, 0x00000000d5550000)
[25.140s][debug][gc,heap        ] GC(434)   eden space 279616K, 100% used [0x00000000c0000000, 0x00000000d1110000, 0x00000000d1110000)
[25.140s][debug][gc,heap        ] GC(434)   from space 34944K,   0% used [0x00000000d1110000, 0x00000000d1110000, 0x00000000d3330000)
[25.140s][debug][gc,heap        ] GC(434)   to   space 34944K,   0% used [0x00000000d3330000, 0x00000000d3330000, 0x00000000d5550000)
[25.140s][debug][gc,heap        ] GC(434)  tenured generation   total 699072K, used 200766K [0x00000000d5550000, 0x0000000100000000, 0x0000000100000000)
[25.140s][debug][gc,heap        ] GC(434)    the space 699072K,  28% used [0x00000000d5550000, 0x00000000e195fad8, 0x00000000e195fc00, 0x0000000100000000)
[25.140s][debug][gc,heap        ] GC(434)  Metaspace       used 6360K, committed 6528K, reserved 1114112K
[25.140s][debug][gc,heap        ] GC(434)   class space    used 546K, committed 640K, reserved 1048576K
[25.164s][info ][gc,heap        ] GC(434) DefNew: 279616K(314560K)->34905K(314560K) Eden: 279616K(279616K)->0K(279616K) From: 0K(34944K)->34905K(34944K)
[25.164s][info ][gc,heap        ] GC(434) Tenured: 200766K(699072K)->316784K(699072K)
[25.164s][info ][gc,metaspace   ] GC(434) Metaspace: 6360K(6528K)->6360K(6528K) NonClass: 5814K(5888K)->5814K(5888K) Class: 546K(640K)->546K(640K)
[25.164s][debug][gc,heap        ] GC(434) Heap after GC invocations=353 (full 82):
[25.164s][debug][gc,heap        ] GC(434)  def new generation   total 314560K, used 34905K [0x00000000c0000000, 0x00000000d5550000, 0x00000000d5550000)
[25.164s][debug][gc,heap        ] GC(434)   eden space 279616K,   0% used [0x00000000c0000000, 0x00000000c0000000, 0x00000000d1110000)
[25.164s][debug][gc,heap        ] GC(434)   from space 34944K,  99% used [0x00000000d3330000, 0x00000000d55465d0, 0x00000000d5550000)
[25.164s][debug][gc,heap        ] GC(434)   to   space 34944K,   0% used [0x00000000d1110000, 0x00000000d1110000, 0x00000000d3330000)
[25.164s][debug][gc,heap        ] GC(434)  tenured generation   total 699072K, used 316784K [0x00000000d5550000, 0x0000000100000000, 0x0000000100000000)
[25.164s][debug][gc,heap        ] GC(434)    the space 699072K,  45% used [0x00000000d5550000, 0x00000000e8aac358, 0x00000000e8aac400, 0x0000000100000000)
[25.164s][debug][gc,heap        ] GC(434)  Metaspace       used 6360K, committed 6528K, reserved 1114112K
[25.164s][debug][gc,heap        ] GC(434)   class space    used 546K, committed 640K, reserved 1048576K
[25.164s][info ][gc             ] GC(434) Pause Young (Allocation Failure) 469M->343M(989M) 23.743ms
[25.164s][info ][gc,cpu         ] GC(434) User=0.03s Sys=0.00s Real=0.03s
[25.164s][info ][safepoint      ] Safepoint "GenCollectForAllocation", Time since last: 32655014 ns, Reaching safepoint: 3000 ns, Cleanup: 3600 ns, At safepoint: 23767511 ns, Total: 23774111 ns
[25.196s][info ][gc,start       ] GC(435) Pause Young (Allocation Failure)
[25.196s][debug][gc,heap        ] GC(435) Heap before GC invocations=353 (full 82):
[25.196s][debug][gc,heap        ] GC(435)  def new generation   total 314560K, used 314521K [0x00000000c0000000, 0x00000000d5550000, 0x00000000d5550000)
[25.196s][debug][gc,heap        ] GC(435)   eden space 279616K, 100% used [0x00000000c0000000, 0x00000000d1110000, 0x00000000d1110000)
[25.196s][debug][gc,heap        ] GC(435)   from space 34944K,  99% used [0x00000000d3330000, 0x00000000d55465d0, 0x00000000d5550000)
[25.196s][debug][gc,heap        ] GC(435)   to   space 34944K,   0% used [0x00000000d1110000, 0x00000000d1110000, 0x00000000d3330000)
[25.196s][debug][gc,heap        ] GC(435)  tenured generation   total 699072K, used 316784K [0x00000000d5550000, 0x0000000100000000, 0x0000000100000000)
[25.196s][debug][gc,heap        ] GC(435)    the space 699072K,  45% used [0x00000000d5550000, 0x00000000e8aac358, 0x00000000e8aac400, 0x0000000100000000)
[25.196s][debug][gc,heap        ] GC(435)  Metaspace       used 6360K, committed 6528K, reserved 1114112K
[25.196s][debug][gc,heap        ] GC(435)   class space    used 546K, committed 640K, reserved 1048576K
[25.222s][info ][gc,heap        ] GC(435) DefNew: 314521K(314560K)->34905K(314560K) Eden: 279616K(279616K)->0K(279616K) From: 34905K(34944K)->34905K(34944K)
[25.222s][info ][gc,heap        ] GC(435) Tenured: 316784K(699072K)->440604K(699072K)
[25.222s][info ][gc,metaspace   ] GC(435) Metaspace: 6360K(6528K)->6360K(6528K) NonClass: 5814K(5888K)->5814K(5888K) Class: 546K(640K)->546K(640K)
[25.222s][debug][gc,heap        ] GC(435) Heap after GC invocations=354 (full 82):
[25.222s][debug][gc,heap        ] GC(435)  def new generation   total 314560K, used 34905K [0x00000000c0000000, 0x00000000d5550000, 0x00000000d5550000)
[25.222s][debug][gc,heap        ] GC(435)   eden space 279616K,   0% used [0x00000000c0000000, 0x00000000c0000000, 0x00000000d1110000)
[25.222s][debug][gc,heap        ] GC(435)   from space 34944K,  99% used [0x00000000d1110000, 0x00000000d33265d0, 0x00000000d3330000)
[25.222s][debug][gc,heap        ] GC(435)   to   space 34944K,   0% used [0x00000000d3330000, 0x00000000d3330000, 0x00000000d5550000)
[25.222s][debug][gc,heap        ] GC(435)  tenured generation   total 699072K, used 440604K [0x00000000d5550000, 0x0000000100000000, 0x0000000100000000)
[25.222s][debug][gc,heap        ] GC(435)    the space 699072K,  63% used [0x00000000d5550000, 0x00000000f03970b8, 0x00000000f0397200, 0x0000000100000000)
[25.222s][debug][gc,heap        ] GC(435)  Metaspace       used 6360K, committed 6528K, reserved 1114112K
[25.222s][debug][gc,heap        ] GC(435)   class space    used 546K, committed 640K, reserved 1048576K
[25.222s][info ][gc             ] GC(435) Pause Young (Allocation Failure) 616M->464M(989M) 26.203ms
[25.222s][info ][gc,cpu         ] GC(435) User=0.03s Sys=0.00s Real=0.03s
[25.222s][info ][safepoint      ] Safepoint "GenCollectForAllocation", Time since last: 32069014 ns, Reaching safepoint: 4600 ns, Cleanup: 5100 ns, At safepoint: 26229212 ns, Total: 26238912 ns
[25.254s][info ][gc,start       ] GC(436) Pause Young (Allocation Failure)
[25.254s][debug][gc,heap        ] GC(436) Heap before GC invocations=354 (full 82):
[25.254s][debug][gc,heap        ] GC(436)  def new generation   total 314560K, used 314521K [0x00000000c0000000, 0x00000000d5550000, 0x00000000d5550000)
[25.254s][debug][gc,heap        ] GC(436)   eden space 279616K, 100% used [0x00000000c0000000, 0x00000000d1110000, 0x00000000d1110000)
[25.254s][debug][gc,heap        ] GC(436)   from space 34944K,  99% used [0x00000000d1110000, 0x00000000d33265d0, 0x00000000d3330000)
[25.254s][debug][gc,heap        ] GC(436)   to   space 34944K,   0% used [0x00000000d3330000, 0x00000000d3330000, 0x00000000d5550000)
[25.254s][debug][gc,heap        ] GC(436)  tenured generation   total 699072K, used 440604K [0x00000000d5550000, 0x0000000100000000, 0x0000000100000000)
[25.254s][debug][gc,heap        ] GC(436)    the space 699072K,  63% used [0x00000000d5550000, 0x00000000f03970b8, 0x00000000f0397200, 0x0000000100000000)
[25.254s][debug][gc,heap        ] GC(436)  Metaspace       used 6360K, committed 6528K, reserved 1114112K
[25.254s][debug][gc,heap        ] GC(436)   class space    used 546K, committed 640K, reserved 1048576K
[25.281s][info ][gc,heap        ] GC(436) DefNew: 314521K(314560K)->34905K(314560K) Eden: 279616K(279616K)->0K(279616K) From: 34905K(34944K)->34905K(34944K)
[25.281s][info ][gc,heap        ] GC(436) Tenured: 440604K(699072K)->567023K(699072K)
[25.281s][info ][gc,metaspace   ] GC(436) Metaspace: 6360K(6528K)->6360K(6528K) NonClass: 5814K(5888K)->5814K(5888K) Class: 546K(640K)->546K(640K)
[25.281s][debug][gc,heap        ] GC(436) Heap after GC invocations=355 (full 82):
[25.281s][debug][gc,heap        ] GC(436)  def new generation   total 314560K, used 34905K [0x00000000c0000000, 0x00000000d5550000, 0x00000000d5550000)
[25.281s][debug][gc,heap        ] GC(436)   eden space 279616K,   0% used [0x00000000c0000000, 0x00000000c0000000, 0x00000000d1110000)
[25.281s][debug][gc,heap        ] GC(436)   from space 34944K,  99% used [0x00000000d3330000, 0x00000000d55465d0, 0x00000000d5550000)
[25.281s][debug][gc,heap        ] GC(436)   to   space 34944K,   0% used [0x00000000d1110000, 0x00000000d1110000, 0x00000000d3330000)
[25.281s][debug][gc,heap        ] GC(436)  tenured generation   total 699072K, used 567023K [0x00000000d5550000, 0x0000000100000000, 0x0000000100000000)
[25.281s][debug][gc,heap        ] GC(436)    the space 699072K,  81% used [0x00000000d5550000, 0x00000000f7f0bfb8, 0x00000000f7f0c000, 0x0000000100000000)
[25.281s][debug][gc,heap        ] GC(436)  Metaspace       used 6360K, committed 6528K, reserved 1114112K
[25.281s][debug][gc,heap        ] GC(436)   class space    used 546K, committed 640K, reserved 1048576K
[25.281s][info ][gc             ] GC(436) Pause Young (Allocation Failure) 737M->587M(989M) 26.436ms
[25.281s][info ][gc,cpu         ] GC(436) User=0.02s Sys=0.00s Real=0.03s
[25.281s][info ][safepoint      ] Safepoint "GenCollectForAllocation", Time since last: 32212515 ns, Reaching safepoint: 3300 ns, Cleanup: 3900 ns, At safepoint: 26467212 ns, Total: 26474412 ns
[25.314s][info ][gc,start       ] GC(437) Pause Young (Allocation Failure)
[25.314s][debug][gc,heap        ] GC(437) Heap before GC invocations=355 (full 82):
[25.314s][debug][gc,heap        ] GC(437)  def new generation   total 314560K, used 314521K [0x00000000c0000000, 0x00000000d5550000, 0x00000000d5550000)
[25.314s][debug][gc,heap        ] GC(437)   eden space 279616K, 100% used [0x00000000c0000000, 0x00000000d1110000, 0x00000000d1110000)
[25.314s][debug][gc,heap        ] GC(437)   from space 34944K,  99% used [0x00000000d3330000, 0x00000000d55465d0, 0x00000000d5550000)
[25.314s][debug][gc,heap        ] GC(437)   to   space 34944K,   0% used [0x00000000d1110000, 0x00000000d1110000, 0x00000000d3330000)
[25.314s][debug][gc,heap        ] GC(437)  tenured generation   total 699072K, used 567023K [0x00000000d5550000, 0x0000000100000000, 0x0000000100000000)
[25.314s][debug][gc,heap        ] GC(437)    the space 699072K,  81% used [0x00000000d5550000, 0x00000000f7f0bfb8, 0x00000000f7f0c000, 0x0000000100000000)
[25.314s][debug][gc,heap        ] GC(437)  Metaspace       used 6360K, committed 6528K, reserved 1114112K
[25.314s][debug][gc,heap        ] GC(437)   class space    used 546K, committed 640K, reserved 1048576K
[25.314s][debug][gc,heap        ] GC(437) Heap after GC invocations=356 (full 82):
[25.314s][debug][gc,heap        ] GC(437)  def new generation   total 314560K, used 314521K [0x00000000c0000000, 0x00000000d5550000, 0x00000000d5550000)
[25.314s][debug][gc,heap        ] GC(437)   eden space 279616K, 100% used [0x00000000c0000000, 0x00000000d1110000, 0x00000000d1110000)
[25.314s][debug][gc,heap        ] GC(437)   from space 34944K,  99% used [0x00000000d3330000, 0x00000000d55465d0, 0x00000000d5550000)
[25.314s][debug][gc,heap        ] GC(437)   to   space 34944K,   0% used [0x00000000d1110000, 0x00000000d1110000, 0x00000000d3330000)
[25.314s][debug][gc,heap        ] GC(437)  tenured generation   total 699072K, used 567023K [0x00000000d5550000, 0x0000000100000000, 0x0000000100000000)
[25.314s][debug][gc,heap        ] GC(437)    the space 699072K,  81% used [0x00000000d5550000, 0x00000000f7f0bfb8, 0x00000000f7f0c000, 0x0000000100000000)
[25.314s][debug][gc,heap        ] GC(437)  Metaspace       used 6360K, committed 6528K, reserved 1114112K
[25.314s][debug][gc,heap        ] GC(437)   class space    used 546K, committed 640K, reserved 1048576K
[25.314s][info ][gc             ] GC(437) Pause Young (Allocation Failure) 860M->860M(989M) 0.094ms
[25.314s][info ][gc,cpu         ] GC(437) User=0.00s Sys=0.00s Real=0.00s
[25.314s][info ][gc,start       ] GC(438) Pause Full (Allocation Failure)
[25.314s][debug][gc,heap        ] GC(438) Heap before GC invocations=356 (full 82):
[25.314s][debug][gc,heap        ] GC(438)  def new generation   total 314560K, used 314521K [0x00000000c0000000, 0x00000000d5550000, 0x00000000d5550000)
[25.314s][debug][gc,heap        ] GC(438)   eden space 279616K, 100% used [0x00000000c0000000, 0x00000000d1110000, 0x00000000d1110000)
[25.314s][debug][gc,heap        ] GC(438)   from space 34944K,  99% used [0x00000000d3330000, 0x00000000d55465d0, 0x00000000d5550000)
[25.314s][debug][gc,heap        ] GC(438)   to   space 34944K,   0% used [0x00000000d1110000, 0x00000000d1110000, 0x00000000d3330000)
[25.314s][debug][gc,heap        ] GC(438)  tenured generation   total 699072K, used 567023K [0x00000000d5550000, 0x0000000100000000, 0x0000000100000000)
[25.314s][debug][gc,heap        ] GC(438)    the space 699072K,  81% used [0x00000000d5550000, 0x00000000f7f0bfb8, 0x00000000f7f0c000, 0x0000000100000000)
[25.314s][debug][gc,heap        ] GC(438)  Metaspace       used 6360K, committed 6528K, reserved 1114112K
[25.314s][debug][gc,heap        ] GC(438)   class space    used 546K, committed 640K, reserved 1048576K
[25.314s][info ][gc,phases,start] GC(438) Phase 1: Mark live objects
[25.315s][info ][gc,phases      ] GC(438) Phase 1: Mark live objects 0.901ms
[25.315s][info ][gc,phases,start] GC(438) Phase 2: Compute new object addresses
[25.316s][info ][gc,phases      ] GC(438) Phase 2: Compute new object addresses 1.230ms
[25.316s][info ][gc,phases,start] GC(438) Phase 3: Adjust pointers
[25.316s][info ][gc,phases      ] GC(438) Phase 3: Adjust pointers 0.609ms
[25.316s][info ][gc,phases,start] GC(438) Phase 4: Move objects
[25.347s][info ][gc,phases      ] GC(438) Phase 4: Move objects 30.762ms
[25.347s][info ][gc,heap        ] GC(438) DefNew: 314521K(314560K)->0K(314560K) Eden: 279616K(279616K)->0K(279616K) From: 34905K(34944K)->0K(34944K)
[25.347s][info ][gc,heap        ] GC(438) Tenured: 567023K(699072K)->207667K(699072K)
[25.347s][info ][gc,metaspace   ] GC(438) Metaspace: 6360K(6528K)->6360K(6528K) NonClass: 5814K(5888K)->5814K(5888K) Class: 546K(640K)->546K(640K)
[25.347s][debug][gc,heap        ] GC(438) Heap after GC invocations=356 (full 83):
[25.347s][debug][gc,heap        ] GC(438)  def new generation   total 314560K, used 0K [0x00000000c0000000, 0x00000000d5550000, 0x00000000d5550000)
[25.347s][debug][gc,heap        ] GC(438)   eden space 279616K,   0% used [0x00000000c0000000, 0x00000000c0000000, 0x00000000d1110000)
[25.347s][debug][gc,heap        ] GC(438)   from space 34944K,   0% used [0x00000000d3330000, 0x00000000d3330000, 0x00000000d5550000)
[25.347s][debug][gc,heap        ] GC(438)   to   space 34944K,   0% used [0x00000000d1110000, 0x00000000d1110000, 0x00000000d3330000)
[25.347s][debug][gc,heap        ] GC(438)  tenured generation   total 699072K, used 207667K [0x00000000d5550000, 0x0000000100000000, 0x0000000100000000)
[25.347s][debug][gc,heap        ] GC(438)    the space 699072K,  29% used [0x00000000d5550000, 0x00000000e201cf28, 0x00000000e201d000, 0x0000000100000000)
[25.347s][debug][gc,heap        ] GC(438)  Metaspace       used 6360K, committed 6528K, reserved 1114112K
[25.347s][debug][gc,heap        ] GC(438)   class space    used 546K, committed 640K, reserved 1048576K
[25.347s][info ][gc             ] GC(438) Pause Full (Allocation Failure) 860M->202M(989M) 33.736ms
[25.347s][info ][gc,cpu         ] GC(438) User=0.03s Sys=0.00s Real=0.03s
[25.347s][info ][safepoint      ] Safepoint "GenCollectForAllocation", Time since last: 32637114 ns, Reaching safepoint: 3100 ns, Cleanup: 3700 ns, At safepoint: 33862115 ns, Total: 33868915 ns
[25.378s][info ][gc,start       ] GC(439) Pause Young (Allocation Failure)
[25.378s][debug][gc,heap        ] GC(439) Heap before GC invocations=356 (full 83):
[25.378s][debug][gc,heap        ] GC(439)  def new generation   total 314560K, used 279616K [0x00000000c0000000, 0x00000000d5550000, 0x00000000d5550000)
[25.378s][debug][gc,heap        ] GC(439)   eden space 279616K, 100% used [0x00000000c0000000, 0x00000000d1110000, 0x00000000d1110000)
[25.378s][debug][gc,heap        ] GC(439)   from space 34944K,   0% used [0x00000000d3330000, 0x00000000d3330000, 0x00000000d5550000)
[25.378s][debug][gc,heap        ] GC(439)   to   space 34944K,   0% used [0x00000000d1110000, 0x00000000d1110000, 0x00000000d3330000)
[25.378s][debug][gc,heap        ] GC(439)  tenured generation   total 699072K, used 207667K [0x00000000d5550000, 0x0000000100000000, 0x0000000100000000)
[25.378s][debug][gc,heap        ] GC(439)    the space 699072K,  29% used [0x00000000d5550000, 0x00000000e201cf28, 0x00000000e201d000, 0x0000000100000000)
[25.378s][debug][gc,heap        ] GC(439)  Metaspace       used 6360K, committed 6528K, reserved 1114112K
[25.378s][debug][gc,heap        ] GC(439)   class space    used 546K, committed 640K, reserved 1048576K
[25.402s][info ][gc,heap        ] GC(439) DefNew: 279616K(314560K)->34905K(314560K) Eden: 279616K(279616K)->0K(279616K) From: 0K(34944K)->34905K(34944K)
[25.402s][info ][gc,heap        ] GC(439) Tenured: 207667K(699072K)->322785K(699072K)
[25.402s][info ][gc,metaspace   ] GC(439) Metaspace: 6360K(6528K)->6360K(6528K) NonClass: 5814K(5888K)->5814K(5888K) Class: 546K(640K)->546K(640K)
[25.402s][debug][gc,heap        ] GC(439) Heap after GC invocations=357 (full 83):
[25.402s][debug][gc,heap        ] GC(439)  def new generation   total 314560K, used 34905K [0x00000000c0000000, 0x00000000d5550000, 0x00000000d5550000)
[25.402s][debug][gc,heap        ] GC(439)   eden space 279616K,   0% used [0x00000000c0000000, 0x00000000c0000000, 0x00000000d1110000)
[25.402s][debug][gc,heap        ] GC(439)   from space 34944K,  99% used [0x00000000d1110000, 0x00000000d33265d0, 0x00000000d3330000)
[25.402s][debug][gc,heap        ] GC(439)   to   space 34944K,   0% used [0x00000000d3330000, 0x00000000d3330000, 0x00000000d5550000)
[25.402s][debug][gc,heap        ] GC(439)  tenured generation   total 699072K, used 322785K [0x00000000d5550000, 0x0000000100000000, 0x0000000100000000)
[25.402s][debug][gc,heap        ] GC(439)    the space 699072K,  46% used [0x00000000d5550000, 0x00000000e9088718, 0x00000000e9088800, 0x0000000100000000)
[25.402s][debug][gc,heap        ] GC(439)  Metaspace       used 6360K, committed 6528K, reserved 1114112K
[25.402s][debug][gc,heap        ] GC(439)   class space    used 546K, committed 640K, reserved 1048576K
[25.402s][info ][gc             ] GC(439) Pause Young (Allocation Failure) 475M->349M(989M) 23.920ms
[25.402s][info ][gc,cpu         ] GC(439) User=0.03s Sys=0.00s Real=0.03s
[25.402s][info ][safepoint      ] Safepoint "GenCollectForAllocation", Time since last: 30982714 ns, Reaching safepoint: 3200 ns, Cleanup: 3600 ns, At safepoint: 23943811 ns, Total: 23950611 ns
[25.434s][info ][gc,start       ] GC(440) Pause Young (Allocation Failure)
[25.434s][debug][gc,heap        ] GC(440) Heap before GC invocations=357 (full 83):
[25.434s][debug][gc,heap        ] GC(440)  def new generation   total 314560K, used 314521K [0x00000000c0000000, 0x00000000d5550000, 0x00000000d5550000)
[25.434s][debug][gc,heap        ] GC(440)   eden space 279616K, 100% used [0x00000000c0000000, 0x00000000d1110000, 0x00000000d1110000)
[25.434s][debug][gc,heap        ] GC(440)   from space 34944K,  99% used [0x00000000d1110000, 0x00000000d33265d0, 0x00000000d3330000)
[25.434s][debug][gc,heap        ] GC(440)   to   space 34944K,   0% used [0x00000000d3330000, 0x00000000d3330000, 0x00000000d5550000)
[25.434s][debug][gc,heap        ] GC(440)  tenured generation   total 699072K, used 322785K [0x00000000d5550000, 0x0000000100000000, 0x0000000100000000)
[25.434s][debug][gc,heap        ] GC(440)    the space 699072K,  46% used [0x00000000d5550000, 0x00000000e9088718, 0x00000000e9088800, 0x0000000100000000)
[25.434s][debug][gc,heap        ] GC(440)  Metaspace       used 6360K, committed 6528K, reserved 1114112K
[25.434s][debug][gc,heap        ] GC(440)   class space    used 546K, committed 640K, reserved 1048576K
[25.460s][info ][gc,heap        ] GC(440) DefNew: 314521K(314560K)->34905K(314560K) Eden: 279616K(279616K)->0K(279616K) From: 34905K(34944K)->34905K(34944K)
[25.460s][info ][gc,heap        ] GC(440) Tenured: 322785K(699072K)->446405K(699072K)
[25.460s][info ][gc,metaspace   ] GC(440) Metaspace: 6360K(6528K)->6360K(6528K) NonClass: 5814K(5888K)->5814K(5888K) Class: 546K(640K)->546K(640K)
[25.460s][debug][gc,heap        ] GC(440) Heap after GC invocations=358 (full 83):
[25.460s][debug][gc,heap        ] GC(440)  def new generation   total 314560K, used 34905K [0x00000000c0000000, 0x00000000d5550000, 0x00000000d5550000)
[25.460s][debug][gc,heap        ] GC(440)   eden space 279616K,   0% used [0x00000000c0000000, 0x00000000c0000000, 0x00000000d1110000)
[25.460s][debug][gc,heap        ] GC(440)   from space 34944K,  99% used [0x00000000d3330000, 0x00000000d55465d0, 0x00000000d5550000)
[25.460s][debug][gc,heap        ] GC(440)   to   space 34944K,   0% used [0x00000000d1110000, 0x00000000d1110000, 0x00000000d3330000)
[25.460s][debug][gc,heap        ] GC(440)  tenured generation   total 699072K, used 446405K [0x00000000d5550000, 0x0000000100000000, 0x0000000100000000)
[25.460s][debug][gc,heap        ] GC(440)    the space 699072K,  63% used [0x00000000d5550000, 0x00000000f0941458, 0x00000000f0941600, 0x0000000100000000)
[25.460s][debug][gc,heap        ] GC(440)  Metaspace       used 6360K, committed 6528K, reserved 1114112K
[25.460s][debug][gc,heap        ] GC(440)   class space    used 546K, committed 640K, reserved 1048576K
[25.460s][info ][gc             ] GC(440) Pause Young (Allocation Failure) 622M->470M(989M) 26.274ms
[25.460s][info ][gc,cpu         ] GC(440) User=0.02s Sys=0.00s Real=0.02s
[25.460s][info ][safepoint      ] Safepoint "GenCollectForAllocation", Time since last: 31537814 ns, Reaching safepoint: 3500 ns, Cleanup: 3700 ns, At safepoint: 26296904 ns, Total: 26304104 ns
[25.494s][info ][gc,start       ] GC(441) Pause Young (Allocation Failure)
[25.494s][debug][gc,heap        ] GC(441) Heap before GC invocations=358 (full 83):
[25.494s][debug][gc,heap        ] GC(441)  def new generation   total 314560K, used 314521K [0x00000000c0000000, 0x00000000d5550000, 0x00000000d5550000)
[25.494s][debug][gc,heap        ] GC(441)   eden space 279616K, 100% used [0x00000000c0000000, 0x00000000d1110000, 0x00000000d1110000)
[25.494s][debug][gc,heap        ] GC(441)   from space 34944K,  99% used [0x00000000d3330000, 0x00000000d55465d0, 0x00000000d5550000)
[25.494s][debug][gc,heap        ] GC(441)   to   space 34944K,   0% used [0x00000000d1110000, 0x00000000d1110000, 0x00000000d3330000)
[25.494s][debug][gc,heap        ] GC(441)  tenured generation   total 699072K, used 446405K [0x00000000d5550000, 0x0000000100000000, 0x0000000100000000)
[25.494s][debug][gc,heap        ] GC(441)    the space 699072K,  63% used [0x00000000d5550000, 0x00000000f0941458, 0x00000000f0941600, 0x0000000100000000)
[25.494s][debug][gc,heap        ] GC(441)  Metaspace       used 6360K, committed 6528K, reserved 1114112K
[25.494s][debug][gc,heap        ] GC(441)   class space    used 546K, committed 640K, reserved 1048576K
[25.521s][info ][gc,heap        ] GC(441) DefNew: 314521K(314560K)->34905K(314560K) Eden: 279616K(279616K)->0K(279616K) From: 34905K(34944K)->34905K(34944K)
[25.521s][info ][gc,heap        ] GC(441) Tenured: 446405K(699072K)->570924K(699072K)
[25.521s][info ][gc,metaspace   ] GC(441) Metaspace: 6360K(6528K)->6360K(6528K) NonClass: 5814K(5888K)->5814K(5888K) Class: 546K(640K)->546K(640K)
[25.521s][debug][gc,heap        ] GC(441) Heap after GC invocations=359 (full 83):
[25.521s][debug][gc,heap        ] GC(441)  def new generation   total 314560K, used 34905K [0x00000000c0000000, 0x00000000d5550000, 0x00000000d5550000)
[25.521s][debug][gc,heap        ] GC(441)   eden space 279616K,   0% used [0x00000000c0000000, 0x00000000c0000000, 0x00000000d1110000)
[25.521s][debug][gc,heap        ] GC(441)   from space 34944K,  99% used [0x00000000d1110000, 0x00000000d33265d0, 0x00000000d3330000)
[25.521s][debug][gc,heap        ] GC(441)   to   space 34944K,   0% used [0x00000000d3330000, 0x00000000d3330000, 0x00000000d5550000)
[25.521s][debug][gc,heap        ] GC(441)  tenured generation   total 699072K, used 570924K [0x00000000d5550000, 0x0000000100000000, 0x0000000100000000)
[25.521s][debug][gc,heap        ] GC(441)    the space 699072K,  81% used [0x00000000d5550000, 0x00000000f82db228, 0x00000000f82db400, 0x0000000100000000)
[25.521s][debug][gc,heap        ] GC(441)  Metaspace       used 6360K, committed 6528K, reserved 1114112K
[25.521s][debug][gc,heap        ] GC(441)   class space    used 546K, committed 640K, reserved 1048576K
[25.521s][info ][gc             ] GC(441) Pause Young (Allocation Failure) 743M->591M(989M) 26.502ms
[25.521s][info ][gc,cpu         ] GC(441) User=0.02s Sys=0.00s Real=0.03s
[25.521s][info ][safepoint      ] Safepoint "GenCollectForAllocation", Time since last: 33987203 ns, Reaching safepoint: 3100 ns, Cleanup: 3800 ns, At safepoint: 26527002 ns, Total: 26533902 ns
[25.553s][info ][gc,start       ] GC(442) Pause Young (Allocation Failure)
[25.553s][debug][gc,heap        ] GC(442) Heap before GC invocations=359 (full 83):
[25.553s][debug][gc,heap        ] GC(442)  def new generation   total 314560K, used 314521K [0x00000000c0000000, 0x00000000d5550000, 0x00000000d5550000)
[25.553s][debug][gc,heap        ] GC(442)   eden space 279616K, 100% used [0x00000000c0000000, 0x00000000d1110000, 0x00000000d1110000)
[25.553s][debug][gc,heap        ] GC(442)   from space 34944K,  99% used [0x00000000d1110000, 0x00000000d33265d0, 0x00000000d3330000)
[25.553s][debug][gc,heap        ] GC(442)   to   space 34944K,   0% used [0x00000000d3330000, 0x00000000d3330000, 0x00000000d5550000)
[25.553s][debug][gc,heap        ] GC(442)  tenured generation   total 699072K, used 570924K [0x00000000d5550000, 0x0000000100000000, 0x0000000100000000)
[25.553s][debug][gc,heap        ] GC(442)    the space 699072K,  81% used [0x00000000d5550000, 0x00000000f82db228, 0x00000000f82db400, 0x0000000100000000)
[25.553s][debug][gc,heap        ] GC(442)  Metaspace       used 6360K, committed 6528K, reserved 1114112K
[25.553s][debug][gc,heap        ] GC(442)   class space    used 546K, committed 640K, reserved 1048576K
[25.553s][debug][gc,heap        ] GC(442) Heap after GC invocations=360 (full 83):
[25.553s][debug][gc,heap        ] GC(442)  def new generation   total 314560K, used 314521K [0x00000000c0000000, 0x00000000d5550000, 0x00000000d5550000)
[25.553s][debug][gc,heap        ] GC(442)   eden space 279616K, 100% used [0x00000000c0000000, 0x00000000d1110000, 0x00000000d1110000)
[25.553s][debug][gc,heap        ] GC(442)   from space 34944K,  99% used [0x00000000d1110000, 0x00000000d33265d0, 0x00000000d3330000)
[25.553s][debug][gc,heap        ] GC(442)   to   space 34944K,   0% used [0x00000000d3330000, 0x00000000d3330000, 0x00000000d5550000)
[25.553s][debug][gc,heap        ] GC(442)  tenured generation   total 699072K, used 570924K [0x00000000d5550000, 0x0000000100000000, 0x0000000100000000)
[25.553s][debug][gc,heap        ] GC(442)    the space 699072K,  81% used [0x00000000d5550000, 0x00000000f82db228, 0x00000000f82db400, 0x0000000100000000)
[25.553s][debug][gc,heap        ] GC(442)  Metaspace       used 6360K, committed 6528K, reserved 1114112K
[25.553s][debug][gc,heap        ] GC(442)   class space    used 546K, committed 640K, reserved 1048576K
[25.553s][info ][gc             ] GC(442) Pause Young (Allocation Failure) 864M->864M(989M) 0.100ms
[25.553s][info ][gc,cpu         ] GC(442) User=0.00s Sys=0.00s Real=0.00s
[25.553s][info ][gc,start       ] GC(443) Pause Full (Allocation Failure)
[25.553s][debug][gc,heap        ] GC(443) Heap before GC invocations=360 (full 83):
[25.553s][debug][gc,heap        ] GC(443)  def new generation   total 314560K, used 314521K [0x00000000c0000000, 0x00000000d5550000, 0x00000000d5550000)
[25.553s][debug][gc,heap        ] GC(443)   eden space 279616K, 100% used [0x00000000c0000000, 0x00000000d1110000, 0x00000000d1110000)
[25.553s][debug][gc,heap        ] GC(443)   from space 34944K,  99% used [0x00000000d1110000, 0x00000000d33265d0, 0x00000000d3330000)
[25.553s][debug][gc,heap        ] GC(443)   to   space 34944K,   0% used [0x00000000d3330000, 0x00000000d3330000, 0x00000000d5550000)
[25.553s][debug][gc,heap        ] GC(443)  tenured generation   total 699072K, used 570924K [0x00000000d5550000, 0x0000000100000000, 0x0000000100000000)
[25.553s][debug][gc,heap        ] GC(443)    the space 699072K,  81% used [0x00000000d5550000, 0x00000000f82db228, 0x00000000f82db400, 0x0000000100000000)
[25.553s][debug][gc,heap        ] GC(443)  Metaspace       used 6360K, committed 6528K, reserved 1114112K
[25.553s][debug][gc,heap        ] GC(443)   class space    used 546K, committed 640K, reserved 1048576K
[25.553s][info ][gc,phases,start] GC(443) Phase 1: Mark live objects
[25.554s][info ][gc,phases      ] GC(443) Phase 1: Mark live objects 0.899ms
[25.554s][info ][gc,phases,start] GC(443) Phase 2: Compute new object addresses
[25.556s][info ][gc,phases      ] GC(443) Phase 2: Compute new object addresses 1.555ms
[25.556s][info ][gc,phases,start] GC(443) Phase 3: Adjust pointers
[25.557s][info ][gc,phases      ] GC(443) Phase 3: Adjust pointers 0.917ms
[25.557s][info ][gc,phases,start] GC(443) Phase 4: Move objects
[25.589s][info ][gc,phases      ] GC(443) Phase 4: Move objects 32.485ms
[25.589s][info ][gc,heap        ] GC(443) DefNew: 314521K(314560K)->0K(314560K) Eden: 279616K(279616K)->0K(279616K) From: 34905K(34944K)->0K(34944K)
[25.589s][info ][gc,heap        ] GC(443) Tenured: 570924K(699072K)->200766K(699072K)
[25.589s][info ][gc,metaspace   ] GC(443) Metaspace: 6360K(6528K)->6360K(6528K) NonClass: 5814K(5888K)->5814K(5888K) Class: 546K(640K)->546K(640K)
[25.589s][debug][gc,heap        ] GC(443) Heap after GC invocations=360 (full 84):
[25.589s][debug][gc,heap        ] GC(443)  def new generation   total 314560K, used 0K [0x00000000c0000000, 0x00000000d5550000, 0x00000000d5550000)
[25.589s][debug][gc,heap        ] GC(443)   eden space 279616K,   0% used [0x00000000c0000000, 0x00000000c0000000, 0x00000000d1110000)
[25.589s][debug][gc,heap        ] GC(443)   from space 34944K,   0% used [0x00000000d1110000, 0x00000000d1110000, 0x00000000d3330000)
[25.589s][debug][gc,heap        ] GC(443)   to   space 34944K,   0% used [0x00000000d3330000, 0x00000000d3330000, 0x00000000d5550000)
[25.589s][debug][gc,heap        ] GC(443)  tenured generation   total 699072K, used 200766K [0x00000000d5550000, 0x0000000100000000, 0x0000000100000000)
[25.589s][debug][gc,heap        ] GC(443)    the space 699072K,  28% used [0x00000000d5550000, 0x00000000e195fad8, 0x00000000e195fc00, 0x0000000100000000)
[25.589s][debug][gc,heap        ] GC(443)  Metaspace       used 6360K, committed 6528K, reserved 1114112K
[25.589s][debug][gc,heap        ] GC(443)   class space    used 546K, committed 640K, reserved 1048576K
[25.589s][info ][gc             ] GC(443) Pause Full (Allocation Failure) 864M->196M(989M) 36.109ms
[25.589s][info ][gc,cpu         ] GC(443) User=0.03s Sys=0.00s Real=0.03s
[25.589s][info ][safepoint      ] Safepoint "GenCollectForAllocation", Time since last: 32537403 ns, Reaching safepoint: 3000 ns, Cleanup: 3400 ns, At safepoint: 36241603 ns, Total: 36248003 ns
[25.622s][info ][gc,start       ] GC(444) Pause Young (Allocation Failure)
[25.622s][debug][gc,heap        ] GC(444) Heap before GC invocations=360 (full 84):
[25.622s][debug][gc,heap        ] GC(444)  def new generation   total 314560K, used 279616K [0x00000000c0000000, 0x00000000d5550000, 0x00000000d5550000)
[25.622s][debug][gc,heap        ] GC(444)   eden space 279616K, 100% used [0x00000000c0000000, 0x00000000d1110000, 0x00000000d1110000)
[25.622s][debug][gc,heap        ] GC(444)   from space 34944K,   0% used [0x00000000d1110000, 0x00000000d1110000, 0x00000000d3330000)
[25.622s][debug][gc,heap        ] GC(444)   to   space 34944K,   0% used [0x00000000d3330000, 0x00000000d3330000, 0x00000000d5550000)
[25.622s][debug][gc,heap        ] GC(444)  tenured generation   total 699072K, used 200766K [0x00000000d5550000, 0x0000000100000000, 0x0000000100000000)
[25.622s][debug][gc,heap        ] GC(444)    the space 699072K,  28% used [0x00000000d5550000, 0x00000000e195fad8, 0x00000000e195fc00, 0x0000000100000000)
[25.622s][debug][gc,heap        ] GC(444)  Metaspace       used 6360K, committed 6528K, reserved 1114112K
[25.622s][debug][gc,heap        ] GC(444)   class space    used 546K, committed 640K, reserved 1048576K
[25.646s][info ][gc,heap        ] GC(444) DefNew: 279616K(314560K)->34905K(314560K) Eden: 279616K(279616K)->0K(279616K) From: 0K(34944K)->34905K(34944K)
[25.646s][info ][gc,heap        ] GC(444) Tenured: 200766K(699072K)->318385K(699072K)
[25.646s][info ][gc,metaspace   ] GC(444) Metaspace: 6360K(6528K)->6360K(6528K) NonClass: 5814K(5888K)->5814K(5888K) Class: 546K(640K)->546K(640K)
[25.646s][debug][gc,heap        ] GC(444) Heap after GC invocations=361 (full 84):
[25.646s][debug][gc,heap        ] GC(444)  def new generation   total 314560K, used 34905K [0x00000000c0000000, 0x00000000d5550000, 0x00000000d5550000)
[25.646s][debug][gc,heap        ] GC(444)   eden space 279616K,   0% used [0x00000000c0000000, 0x00000000c0000000, 0x00000000d1110000)
[25.646s][debug][gc,heap        ] GC(444)   from space 34944K,  99% used [0x00000000d3330000, 0x00000000d55465d0, 0x00000000d5550000)
[25.646s][debug][gc,heap        ] GC(444)   to   space 34944K,   0% used [0x00000000d1110000, 0x00000000d1110000, 0x00000000d3330000)
[25.646s][debug][gc,heap        ] GC(444)  tenured generation   total 699072K, used 318385K [0x00000000d5550000, 0x0000000100000000, 0x0000000100000000)
[25.646s][debug][gc,heap        ] GC(444)    the space 699072K,  45% used [0x00000000d5550000, 0x00000000e8c3c458, 0x00000000e8c3c600, 0x0000000100000000)
[25.646s][debug][gc,heap        ] GC(444)  Metaspace       used 6360K, committed 6528K, reserved 1114112K
[25.646s][debug][gc,heap        ] GC(444)   class space    used 546K, committed 640K, reserved 1048576K
[25.646s][info ][gc             ] GC(444) Pause Young (Allocation Failure) 469M->345M(989M) 23.869ms
[25.646s][info ][gc,cpu         ] GC(444) User=0.02s Sys=0.00s Real=0.02s
[25.646s][info ][safepoint      ] Safepoint "GenCollectForAllocation", Time since last: 32217303 ns, Reaching safepoint: 3000 ns, Cleanup: 3900 ns, At safepoint: 23893902 ns, Total: 23900802 ns
[25.678s][info ][gc,start       ] GC(445) Pause Young (Allocation Failure)
[25.678s][debug][gc,heap        ] GC(445) Heap before GC invocations=361 (full 84):
[25.678s][debug][gc,heap        ] GC(445)  def new generation   total 314560K, used 314521K [0x00000000c0000000, 0x00000000d5550000, 0x00000000d5550000)
[25.678s][debug][gc,heap        ] GC(445)   eden space 279616K, 100% used [0x00000000c0000000, 0x00000000d1110000, 0x00000000d1110000)
[25.678s][debug][gc,heap        ] GC(445)   from space 34944K,  99% used [0x00000000d3330000, 0x00000000d55465d0, 0x00000000d5550000)
[25.678s][debug][gc,heap        ] GC(445)   to   space 34944K,   0% used [0x00000000d1110000, 0x00000000d1110000, 0x00000000d3330000)
[25.678s][debug][gc,heap        ] GC(445)  tenured generation   total 699072K, used 318385K [0x00000000d5550000, 0x0000000100000000, 0x0000000100000000)
[25.678s][debug][gc,heap        ] GC(445)    the space 699072K,  45% used [0x00000000d5550000, 0x00000000e8c3c458, 0x00000000e8c3c600, 0x0000000100000000)
[25.678s][debug][gc,heap        ] GC(445)  Metaspace       used 6360K, committed 6528K, reserved 1114112K
[25.678s][debug][gc,heap        ] GC(445)   class space    used 546K, committed 640K, reserved 1048576K
[25.703s][info ][gc,heap        ] GC(445) DefNew: 314521K(314560K)->34905K(314560K) Eden: 279616K(279616K)->0K(279616K) From: 34905K(34944K)->34905K(34944K)
[25.703s][info ][gc,heap        ] GC(445) Tenured: 318385K(699072K)->441604K(699072K)
[25.703s][info ][gc,metaspace   ] GC(445) Metaspace: 6360K(6528K)->6360K(6528K) NonClass: 5814K(5888K)->5814K(5888K) Class: 546K(640K)->546K(640K)
[25.703s][debug][gc,heap        ] GC(445) Heap after GC invocations=362 (full 84):
[25.703s][debug][gc,heap        ] GC(445)  def new generation   total 314560K, used 34905K [0x00000000c0000000, 0x00000000d5550000, 0x00000000d5550000)
[25.703s][debug][gc,heap        ] GC(445)   eden space 279616K,   0% used [0x00000000c0000000, 0x00000000c0000000, 0x00000000d1110000)
[25.703s][debug][gc,heap        ] GC(445)   from space 34944K,  99% used [0x00000000d1110000, 0x00000000d33265d0, 0x00000000d3330000)
[25.703s][debug][gc,heap        ] GC(445)   to   space 34944K,   0% used [0x00000000d3330000, 0x00000000d3330000, 0x00000000d5550000)
[25.703s][debug][gc,heap        ] GC(445)  tenured generation   total 699072K, used 441604K [0x00000000d5550000, 0x0000000100000000, 0x0000000100000000)
[25.703s][debug][gc,heap        ] GC(445)    the space 699072K,  63% used [0x00000000d5550000, 0x00000000f0491158, 0x00000000f0491200, 0x0000000100000000)
[25.704s][debug][gc,heap        ] GC(445)  Metaspace       used 6360K, committed 6528K, reserved 1114112K
[25.704s][debug][gc,heap        ] GC(445)   class space    used 546K, committed 640K, reserved 1048576K
[25.704s][info ][gc             ] GC(445) Pause Young (Allocation Failure) 618M->465M(989M) 25.310ms
[25.704s][info ][gc,cpu         ] GC(445) User=0.03s Sys=0.00s Real=0.03s
[25.704s][info ][safepoint      ] Safepoint "GenCollectForAllocation", Time since last: 32585703 ns, Reaching safepoint: 2800 ns, Cleanup: 3900 ns, At safepoint: 25335202 ns, Total: 25341902 ns
[25.736s][info ][gc,start       ] GC(446) Pause Young (Allocation Failure)
[25.736s][debug][gc,heap        ] GC(446) Heap before GC invocations=362 (full 84):
[25.736s][debug][gc,heap        ] GC(446)  def new generation   total 314560K, used 314521K [0x00000000c0000000, 0x00000000d5550000, 0x00000000d5550000)
[25.736s][debug][gc,heap        ] GC(446)   eden space 279616K, 100% used [0x00000000c0000000, 0x00000000d1110000, 0x00000000d1110000)
[25.736s][debug][gc,heap        ] GC(446)   from space 34944K,  99% used [0x00000000d1110000, 0x00000000d33265d0, 0x00000000d3330000)
[25.736s][debug][gc,heap        ] GC(446)   to   space 34944K,   0% used [0x00000000d3330000, 0x00000000d3330000, 0x00000000d5550000)
[25.736s][debug][gc,heap        ] GC(446)  tenured generation   total 699072K, used 441604K [0x00000000d5550000, 0x0000000100000000, 0x0000000100000000)
[25.736s][debug][gc,heap        ] GC(446)    the space 699072K,  63% used [0x00000000d5550000, 0x00000000f0491158, 0x00000000f0491200, 0x0000000100000000)
[25.736s][debug][gc,heap        ] GC(446)  Metaspace       used 6360K, committed 6528K, reserved 1114112K
[25.736s][debug][gc,heap        ] GC(446)   class space    used 546K, committed 640K, reserved 1048576K
[25.762s][info ][gc,heap        ] GC(446) DefNew: 314521K(314560K)->34905K(314560K) Eden: 279616K(279616K)->0K(279616K) From: 34905K(34944K)->34905K(34944K)
[25.762s][info ][gc,heap        ] GC(446) Tenured: 441604K(699072K)->566323K(699072K)
[25.762s][info ][gc,metaspace   ] GC(446) Metaspace: 6360K(6528K)->6360K(6528K) NonClass: 5814K(5888K)->5814K(5888K) Class: 546K(640K)->546K(640K)
[25.762s][debug][gc,heap        ] GC(446) Heap after GC invocations=363 (full 84):
[25.762s][debug][gc,heap        ] GC(446)  def new generation   total 314560K, used 34905K [0x00000000c0000000, 0x00000000d5550000, 0x00000000d5550000)
[25.762s][debug][gc,heap        ] GC(446)   eden space 279616K,   0% used [0x00000000c0000000, 0x00000000c0000000, 0x00000000d1110000)
[25.762s][debug][gc,heap        ] GC(446)   from space 34944K,  99% used [0x00000000d3330000, 0x00000000d55465d0, 0x00000000d5550000)
[25.762s][debug][gc,heap        ] GC(446)   to   space 34944K,   0% used [0x00000000d1110000, 0x00000000d1110000, 0x00000000d3330000)
[25.762s][debug][gc,heap        ] GC(446)  tenured generation   total 699072K, used 566323K [0x00000000d5550000, 0x0000000100000000, 0x0000000100000000)
[25.762s][debug][gc,heap        ] GC(446)    the space 699072K,  81% used [0x00000000d5550000, 0x00000000f7e5cf48, 0x00000000f7e5d000, 0x0000000100000000)
[25.762s][debug][gc,heap        ] GC(446)  Metaspace       used 6360K, committed 6528K, reserved 1114112K
[25.762s][debug][gc,heap        ] GC(446)   class space    used 546K, committed 640K, reserved 1048576K
[25.762s][info ][gc             ] GC(446) Pause Young (Allocation Failure) 738M->587M(989M) 26.168ms
[25.762s][info ][gc,cpu         ] GC(446) User=0.03s Sys=0.00s Real=0.03s
[25.762s][info ][safepoint      ] Safepoint "GenCollectForAllocation", Time since last: 32008803 ns, Reaching safepoint: 3100 ns, Cleanup: 3900 ns, At safepoint: 26191102 ns, Total: 26198102 ns
[25.793s][info ][gc,start       ] GC(447) Pause Young (Allocation Failure)
[25.793s][debug][gc,heap        ] GC(447) Heap before GC invocations=363 (full 84):
[25.793s][debug][gc,heap        ] GC(447)  def new generation   total 314560K, used 314521K [0x00000000c0000000, 0x00000000d5550000, 0x00000000d5550000)
[25.793s][debug][gc,heap        ] GC(447)   eden space 279616K, 100% used [0x00000000c0000000, 0x00000000d1110000, 0x00000000d1110000)
[25.793s][debug][gc,heap        ] GC(447)   from space 34944K,  99% used [0x00000000d3330000, 0x00000000d55465d0, 0x00000000d5550000)
[25.793s][debug][gc,heap        ] GC(447)   to   space 34944K,   0% used [0x00000000d1110000, 0x00000000d1110000, 0x00000000d3330000)
[25.793s][debug][gc,heap        ] GC(447)  tenured generation   total 699072K, used 566323K [0x00000000d5550000, 0x0000000100000000, 0x0000000100000000)
[25.793s][debug][gc,heap        ] GC(447)    the space 699072K,  81% used [0x00000000d5550000, 0x00000000f7e5cf48, 0x00000000f7e5d000, 0x0000000100000000)
[25.793s][debug][gc,heap        ] GC(447)  Metaspace       used 6360K, committed 6528K, reserved 1114112K
[25.794s][debug][gc,heap        ] GC(447)   class space    used 546K, committed 640K, reserved 1048576K
[25.794s][debug][gc,heap        ] GC(447) Heap after GC invocations=364 (full 84):
[25.794s][debug][gc,heap        ] GC(447)  def new generation   total 314560K, used 314521K [0x00000000c0000000, 0x00000000d5550000, 0x00000000d5550000)
[25.794s][debug][gc,heap        ] GC(447)   eden space 279616K, 100% used [0x00000000c0000000, 0x00000000d1110000, 0x00000000d1110000)
[25.794s][debug][gc,heap        ] GC(447)   from space 34944K,  99% used [0x00000000d3330000, 0x00000000d55465d0, 0x00000000d5550000)
[25.794s][debug][gc,heap        ] GC(447)   to   space 34944K,   0% used [0x00000000d1110000, 0x00000000d1110000, 0x00000000d3330000)
[25.794s][debug][gc,heap        ] GC(447)  tenured generation   total 699072K, used 566323K [0x00000000d5550000, 0x0000000100000000, 0x0000000100000000)
[25.794s][debug][gc,heap        ] GC(447)    the space 699072K,  81% used [0x00000000d5550000, 0x00000000f7e5cf48, 0x00000000f7e5d000, 0x0000000100000000)
[25.794s][debug][gc,heap        ] GC(447)  Metaspace       used 6360K, committed 6528K, reserved 1114112K
[25.794s][debug][gc,heap        ] GC(447)   class space    used 546K, committed 640K, reserved 1048576K
[25.794s][info ][gc             ] GC(447) Pause Young (Allocation Failure) 860M->860M(989M) 0.100ms
[25.794s][info ][gc,cpu         ] GC(447) User=0.00s Sys=0.00s Real=0.00s
[25.794s][info ][gc,start       ] GC(448) Pause Full (Allocation Failure)
[25.794s][debug][gc,heap        ] GC(448) Heap before GC invocations=364 (full 84):
[25.794s][debug][gc,heap        ] GC(448)  def new generation   total 314560K, used 314521K [0x00000000c0000000, 0x00000000d5550000, 0x00000000d5550000)
[25.794s][debug][gc,heap        ] GC(448)   eden space 279616K, 100% used [0x00000000c0000000, 0x00000000d1110000, 0x00000000d1110000)
[25.794s][debug][gc,heap        ] GC(448)   from space 34944K,  99% used [0x00000000d3330000, 0x00000000d55465d0, 0x00000000d5550000)
[25.794s][debug][gc,heap        ] GC(448)   to   space 34944K,   0% used [0x00000000d1110000, 0x00000000d1110000, 0x00000000d3330000)
[25.794s][debug][gc,heap        ] GC(448)  tenured generation   total 699072K, used 566323K [0x00000000d5550000, 0x0000000100000000, 0x0000000100000000)
[25.794s][debug][gc,heap        ] GC(448)    the space 699072K,  81% used [0x00000000d5550000, 0x00000000f7e5cf48, 0x00000000f7e5d000, 0x0000000100000000)
[25.794s][debug][gc,heap        ] GC(448)  Metaspace       used 6360K, committed 6528K, reserved 1114112K
[25.794s][debug][gc,heap        ] GC(448)   class space    used 546K, committed 640K, reserved 1048576K
[25.794s][info ][gc,phases,start] GC(448) Phase 1: Mark live objects
[25.794s][info ][gc,phases      ] GC(448) Phase 1: Mark live objects 0.899ms
[25.794s][info ][gc,phases,start] GC(448) Phase 2: Compute new object addresses
[25.796s][info ][gc,phases      ] GC(448) Phase 2: Compute new object addresses 1.222ms
[25.796s][info ][gc,phases,start] GC(448) Phase 3: Adjust pointers
[25.796s][info ][gc,phases      ] GC(448) Phase 3: Adjust pointers 0.607ms
[25.796s][info ][gc,phases,start] GC(448) Phase 4: Move objects
[25.827s][info ][gc,phases      ] GC(448) Phase 4: Move objects 30.984ms
[25.827s][info ][gc,heap        ] GC(448) DefNew: 314521K(314560K)->0K(314560K) Eden: 279616K(279616K)->0K(279616K) From: 34905K(34944K)->0K(34944K)
[25.827s][info ][gc,heap        ] GC(448) Tenured: 566323K(699072K)->205467K(699072K)
[25.827s][info ][gc,metaspace   ] GC(448) Metaspace: 6360K(6528K)->6360K(6528K) NonClass: 5814K(5888K)->5814K(5888K) Class: 546K(640K)->546K(640K)
[25.827s][debug][gc,heap        ] GC(448) Heap after GC invocations=364 (full 85):
[25.827s][debug][gc,heap        ] GC(448)  def new generation   total 314560K, used 0K [0x00000000c0000000, 0x00000000d5550000, 0x00000000d5550000)
[25.827s][debug][gc,heap        ] GC(448)   eden space 279616K,   0% used [0x00000000c0000000, 0x00000000c0000000, 0x00000000d1110000)
[25.827s][debug][gc,heap        ] GC(448)   from space 34944K,   0% used [0x00000000d3330000, 0x00000000d3330000, 0x00000000d5550000)
[25.827s][debug][gc,heap        ] GC(448)   to   space 34944K,   0% used [0x00000000d1110000, 0x00000000d1110000, 0x00000000d3330000)
[25.827s][debug][gc,heap        ] GC(448)  tenured generation   total 699072K, used 205467K [0x00000000d5550000, 0x0000000100000000, 0x0000000100000000)
[25.827s][debug][gc,heap        ] GC(448)    the space 699072K,  29% used [0x00000000d5550000, 0x00000000e1df6dc8, 0x00000000e1df6e00, 0x0000000100000000)
[25.828s][debug][gc,heap        ] GC(448)  Metaspace       used 6360K, committed 6528K, reserved 1114112K
[25.828s][debug][gc,heap        ] GC(448)   class space    used 546K, committed 640K, reserved 1048576K
[25.828s][info ][gc             ] GC(448) Pause Full (Allocation Failure) 860M->200M(989M) 33.956ms
[25.828s][info ][gc,cpu         ] GC(448) User=0.03s Sys=0.00s Real=0.03s
[25.828s][info ][safepoint      ] Safepoint "GenCollectForAllocation", Time since last: 31697202 ns, Reaching safepoint: 3100 ns, Cleanup: 3400 ns, At safepoint: 34088303 ns, Total: 34094803 ns
[25.860s][info ][gc,start       ] GC(449) Pause Young (Allocation Failure)
[25.860s][debug][gc,heap        ] GC(449) Heap before GC invocations=364 (full 85):
[25.860s][debug][gc,heap        ] GC(449)  def new generation   total 314560K, used 279616K [0x00000000c0000000, 0x00000000d5550000, 0x00000000d5550000)
[25.860s][debug][gc,heap        ] GC(449)   eden space 279616K, 100% used [0x00000000c0000000, 0x00000000d1110000, 0x00000000d1110000)
[25.860s][debug][gc,heap        ] GC(449)   from space 34944K,   0% used [0x00000000d3330000, 0x00000000d3330000, 0x00000000d5550000)
[25.860s][debug][gc,heap        ] GC(449)   to   space 34944K,   0% used [0x00000000d1110000, 0x00000000d1110000, 0x00000000d3330000)
[25.860s][debug][gc,heap        ] GC(449)  tenured generation   total 699072K, used 205467K [0x00000000d5550000, 0x0000000100000000, 0x0000000100000000)
[25.860s][debug][gc,heap        ] GC(449)    the space 699072K,  29% used [0x00000000d5550000, 0x00000000e1df6dc8, 0x00000000e1df6e00, 0x0000000100000000)
[25.860s][debug][gc,heap        ] GC(449)  Metaspace       used 6360K, committed 6528K, reserved 1114112K
[25.860s][debug][gc,heap        ] GC(449)   class space    used 546K, committed 640K, reserved 1048576K
[25.883s][info ][gc,heap        ] GC(449) DefNew: 279616K(314560K)->34905K(314560K) Eden: 279616K(279616K)->0K(279616K) From: 0K(34944K)->34905K(34944K)
[25.883s][info ][gc,heap        ] GC(449) Tenured: 205467K(699072K)->320085K(699072K)
[25.883s][info ][gc,metaspace   ] GC(449) Metaspace: 6360K(6528K)->6360K(6528K) NonClass: 5814K(5888K)->5814K(5888K) Class: 546K(640K)->546K(640K)
[25.883s][debug][gc,heap        ] GC(449) Heap after GC invocations=365 (full 85):
[25.883s][debug][gc,heap        ] GC(449)  def new generation   total 314560K, used 34905K [0x00000000c0000000, 0x00000000d5550000, 0x00000000d5550000)
[25.883s][debug][gc,heap        ] GC(449)   eden space 279616K,   0% used [0x00000000c0000000, 0x00000000c0000000, 0x00000000d1110000)
[25.883s][debug][gc,heap        ] GC(449)   from space 34944K,  99% used [0x00000000d1110000, 0x00000000d33265d0, 0x00000000d3330000)
[25.883s][debug][gc,heap        ] GC(449)   to   space 34944K,   0% used [0x00000000d3330000, 0x00000000d3330000, 0x00000000d5550000)
[25.883s][debug][gc,heap        ] GC(449)  tenured generation   total 699072K, used 320085K [0x00000000d5550000, 0x0000000100000000, 0x0000000100000000)
[25.883s][debug][gc,heap        ] GC(449)    the space 699072K,  45% used [0x00000000d5550000, 0x00000000e8de5568, 0x00000000e8de5600, 0x0000000100000000)
[25.883s][debug][gc,heap        ] GC(449)  Metaspace       used 6360K, committed 6528K, reserved 1114112K
[25.883s][debug][gc,heap        ] GC(449)   class space    used 546K, committed 640K, reserved 1048576K
[25.883s][info ][gc             ] GC(449) Pause Young (Allocation Failure) 473M->346M(989M) 23.637ms
[25.883s][info ][gc,cpu         ] GC(449) User=0.03s Sys=0.00s Real=0.03s
[25.883s][info ][safepoint      ] Safepoint "GenCollectForAllocation", Time since last: 32234903 ns, Reaching safepoint: 2900 ns, Cleanup: 3700 ns, At safepoint: 23661302 ns, Total: 23667902 ns
[25.916s][info ][gc,start       ] GC(450) Pause Young (Allocation Failure)
[25.916s][debug][gc,heap        ] GC(450) Heap before GC invocations=365 (full 85):
[25.916s][debug][gc,heap        ] GC(450)  def new generation   total 314560K, used 314521K [0x00000000c0000000, 0x00000000d5550000, 0x00000000d5550000)
[25.916s][debug][gc,heap        ] GC(450)   eden space 279616K, 100% used [0x00000000c0000000, 0x00000000d1110000, 0x00000000d1110000)
[25.916s][debug][gc,heap        ] GC(450)   from space 34944K,  99% used [0x00000000d1110000, 0x00000000d33265d0, 0x00000000d3330000)
[25.916s][debug][gc,heap        ] GC(450)   to   space 34944K,   0% used [0x00000000d3330000, 0x00000000d3330000, 0x00000000d5550000)
[25.916s][debug][gc,heap        ] GC(450)  tenured generation   total 699072K, used 320085K [0x00000000d5550000, 0x0000000100000000, 0x0000000100000000)
[25.916s][debug][gc,heap        ] GC(450)    the space 699072K,  45% used [0x00000000d5550000, 0x00000000e8de5568, 0x00000000e8de5600, 0x0000000100000000)
[25.916s][debug][gc,heap        ] GC(450)  Metaspace       used 6360K, committed 6528K, reserved 1114112K
[25.916s][debug][gc,heap        ] GC(450)   class space    used 546K, committed 640K, reserved 1048576K
[25.945s][info ][gc,heap        ] GC(450) DefNew: 314521K(314560K)->34905K(314560K) Eden: 279616K(279616K)->0K(279616K) From: 34905K(34944K)->34905K(34944K)
[25.945s][info ][gc,heap        ] GC(450) Tenured: 320085K(699072K)->443504K(699072K)
[25.945s][info ][gc,metaspace   ] GC(450) Metaspace: 6360K(6528K)->6360K(6528K) NonClass: 5814K(5888K)->5814K(5888K) Class: 546K(640K)->546K(640K)
[25.945s][debug][gc,heap        ] GC(450) Heap after GC invocations=366 (full 85):
[25.945s][debug][gc,heap        ] GC(450)  def new generation   total 314560K, used 34905K [0x00000000c0000000, 0x00000000d5550000, 0x00000000d5550000)
[25.945s][debug][gc,heap        ] GC(450)   eden space 279616K,   0% used [0x00000000c0000000, 0x00000000c0000000, 0x00000000d1110000)
[25.945s][debug][gc,heap        ] GC(450)   from space 34944K,  99% used [0x00000000d3330000, 0x00000000d55465d0, 0x00000000d5550000)
[25.945s][debug][gc,heap        ] GC(450)   to   space 34944K,   0% used [0x00000000d1110000, 0x00000000d1110000, 0x00000000d3330000)
[25.945s][debug][gc,heap        ] GC(450)  tenured generation   total 699072K, used 443504K [0x00000000d5550000, 0x0000000100000000, 0x0000000100000000)
[25.945s][debug][gc,heap        ] GC(450)    the space 699072K,  63% used [0x00000000d5550000, 0x00000000f066c288, 0x00000000f066c400, 0x0000000100000000)
[25.945s][debug][gc,heap        ] GC(450)  Metaspace       used 6360K, committed 6528K, reserved 1114112K
[25.945s][debug][gc,heap        ] GC(450)   class space    used 546K, committed 640K, reserved 1048576K
[25.946s][info ][gc             ] GC(450) Pause Young (Allocation Failure) 619M->467M(989M) 29.894ms
[25.946s][info ][gc,cpu         ] GC(450) User=0.03s Sys=0.00s Real=0.03s
[25.946s][info ][safepoint      ] Safepoint "GenCollectForAllocation", Time since last: 32164003 ns, Reaching safepoint: 2600 ns, Cleanup: 3800 ns, At safepoint: 29918702 ns, Total: 29925102 ns
[25.981s][info ][gc,start       ] GC(451) Pause Young (Allocation Failure)
[25.981s][debug][gc,heap        ] GC(451) Heap before GC invocations=366 (full 85):
[25.981s][debug][gc,heap        ] GC(451)  def new generation   total 314560K, used 314521K [0x00000000c0000000, 0x00000000d5550000, 0x00000000d5550000)
[25.981s][debug][gc,heap        ] GC(451)   eden space 279616K, 100% used [0x00000000c0000000, 0x00000000d1110000, 0x00000000d1110000)
[25.981s][debug][gc,heap        ] GC(451)   from space 34944K,  99% used [0x00000000d3330000, 0x00000000d55465d0, 0x00000000d5550000)
[25.982s][debug][gc,heap        ] GC(451)   to   space 34944K,   0% used [0x00000000d1110000, 0x00000000d1110000, 0x00000000d3330000)
[25.982s][debug][gc,heap        ] GC(451)  tenured generation   total 699072K, used 443504K [0x00000000d5550000, 0x0000000100000000, 0x0000000100000000)
[25.982s][debug][gc,heap        ] GC(451)    the space 699072K,  63% used [0x00000000d5550000, 0x00000000f066c288, 0x00000000f066c400, 0x0000000100000000)
[25.982s][debug][gc,heap        ] GC(451)  Metaspace       used 6360K, committed 6528K, reserved 1114112K
[25.982s][debug][gc,heap        ] GC(451)   class space    used 546K, committed 640K, reserved 1048576K
[26.010s][info ][gc,heap        ] GC(451) DefNew: 314521K(314560K)->34905K(314560K) Eden: 279616K(279616K)->0K(279616K) From: 34905K(34944K)->34905K(34944K)
[26.010s][info ][gc,heap        ] GC(451) Tenured: 443504K(699072K)->567023K(699072K)
[26.010s][info ][gc,metaspace   ] GC(451) Metaspace: 6360K(6528K)->6360K(6528K) NonClass: 5814K(5888K)->5814K(5888K) Class: 546K(640K)->546K(640K)
[26.010s][debug][gc,heap        ] GC(451) Heap after GC invocations=367 (full 85):
[26.010s][debug][gc,heap        ] GC(451)  def new generation   total 314560K, used 34905K [0x00000000c0000000, 0x00000000d5550000, 0x00000000d5550000)
[26.010s][debug][gc,heap        ] GC(451)   eden space 279616K,   0% used [0x00000000c0000000, 0x00000000c0000000, 0x00000000d1110000)
[26.010s][debug][gc,heap        ] GC(451)   from space 34944K,  99% used [0x00000000d1110000, 0x00000000d33265d0, 0x00000000d3330000)
[26.010s][debug][gc,heap        ] GC(451)   to   space 34944K,   0% used [0x00000000d3330000, 0x00000000d3330000, 0x00000000d5550000)
[26.010s][debug][gc,heap        ] GC(451)  tenured generation   total 699072K, used 567023K [0x00000000d5550000, 0x0000000100000000, 0x0000000100000000)
[26.010s][debug][gc,heap        ] GC(451)    the space 699072K,  81% used [0x00000000d5550000, 0x00000000f7f0bfb8, 0x00000000f7f0c000, 0x0000000100000000)
[26.010s][debug][gc,heap        ] GC(451)  Metaspace       used 6360K, committed 6528K, reserved 1114112K
[26.010s][debug][gc,heap        ] GC(451)   class space    used 546K, committed 640K, reserved 1048576K
[26.010s][info ][gc             ] GC(451) Pause Young (Allocation Failure) 740M->587M(989M) 28.505ms
[26.010s][info ][gc,cpu         ] GC(451) User=0.03s Sys=0.00s Real=0.02s
[26.010s][info ][safepoint      ] Safepoint "GenCollectForAllocation", Time since last: 35919903 ns, Reaching safepoint: 3500 ns, Cleanup: 3900 ns, At safepoint: 28533003 ns, Total: 28540403 ns
[26.047s][info ][gc,start       ] GC(452) Pause Young (Allocation Failure)
[26.047s][debug][gc,heap        ] GC(452) Heap before GC invocations=367 (full 85):
[26.047s][debug][gc,heap        ] GC(452)  def new generation   total 314560K, used 314521K [0x00000000c0000000, 0x00000000d5550000, 0x00000000d5550000)
[26.047s][debug][gc,heap        ] GC(452)   eden space 279616K, 100% used [0x00000000c0000000, 0x00000000d1110000, 0x00000000d1110000)
[26.047s][debug][gc,heap        ] GC(452)   from space 34944K,  99% used [0x00000000d1110000, 0x00000000d33265d0, 0x00000000d3330000)
[26.047s][debug][gc,heap        ] GC(452)   to   space 34944K,   0% used [0x00000000d3330000, 0x00000000d3330000, 0x00000000d5550000)
[26.047s][debug][gc,heap        ] GC(452)  tenured generation   total 699072K, used 567023K [0x00000000d5550000, 0x0000000100000000, 0x0000000100000000)
[26.047s][debug][gc,heap        ] GC(452)    the space 699072K,  81% used [0x00000000d5550000, 0x00000000f7f0bfb8, 0x00000000f7f0c000, 0x0000000100000000)
[26.047s][debug][gc,heap        ] GC(452)  Metaspace       used 6360K, committed 6528K, reserved 1114112K
[26.047s][debug][gc,heap        ] GC(452)   class space    used 546K, committed 640K, reserved 1048576K
[26.047s][debug][gc,heap        ] GC(452) Heap after GC invocations=368 (full 85):
[26.047s][debug][gc,heap        ] GC(452)  def new generation   total 314560K, used 314521K [0x00000000c0000000, 0x00000000d5550000, 0x00000000d5550000)
[26.047s][debug][gc,heap        ] GC(452)   eden space 279616K, 100% used [0x00000000c0000000, 0x00000000d1110000, 0x00000000d1110000)
[26.047s][debug][gc,heap        ] GC(452)   from space 34944K,  99% used [0x00000000d1110000, 0x00000000d33265d0, 0x00000000d3330000)
[26.047s][debug][gc,heap        ] GC(452)   to   space 34944K,   0% used [0x00000000d3330000, 0x00000000d3330000, 0x00000000d5550000)
[26.047s][debug][gc,heap        ] GC(452)  tenured generation   total 699072K, used 567023K [0x00000000d5550000, 0x0000000100000000, 0x0000000100000000)
[26.047s][debug][gc,heap        ] GC(452)    the space 699072K,  81% used [0x00000000d5550000, 0x00000000f7f0bfb8, 0x00000000f7f0c000, 0x0000000100000000)
[26.047s][debug][gc,heap        ] GC(452)  Metaspace       used 6360K, committed 6528K, reserved 1114112K
[26.047s][debug][gc,heap        ] GC(452)   class space    used 546K, committed 640K, reserved 1048576K
[26.047s][info ][gc             ] GC(452) Pause Young (Allocation Failure) 860M->860M(989M) 0.126ms
[26.047s][info ][gc,cpu         ] GC(452) User=0.00s Sys=0.00s Real=0.00s
[26.047s][info ][gc,start       ] GC(453) Pause Full (Allocation Failure)
[26.047s][debug][gc,heap        ] GC(453) Heap before GC invocations=368 (full 85):
[26.047s][debug][gc,heap        ] GC(453)  def new generation   total 314560K, used 314521K [0x00000000c0000000, 0x00000000d5550000, 0x00000000d5550000)
[26.047s][debug][gc,heap        ] GC(453)   eden space 279616K, 100% used [0x00000000c0000000, 0x00000000d1110000, 0x00000000d1110000)
[26.047s][debug][gc,heap        ] GC(453)   from space 34944K,  99% used [0x00000000d1110000, 0x00000000d33265d0, 0x00000000d3330000)
[26.047s][debug][gc,heap        ] GC(453)   to   space 34944K,   0% used [0x00000000d3330000, 0x00000000d3330000, 0x00000000d5550000)
[26.047s][debug][gc,heap        ] GC(453)  tenured generation   total 699072K, used 567023K [0x00000000d5550000, 0x0000000100000000, 0x0000000100000000)
[26.047s][debug][gc,heap        ] GC(453)    the space 699072K,  81% used [0x00000000d5550000, 0x00000000f7f0bfb8, 0x00000000f7f0c000, 0x0000000100000000)
[26.047s][debug][gc,heap        ] GC(453)  Metaspace       used 6360K, committed 6528K, reserved 1114112K
[26.047s][debug][gc,heap        ] GC(453)   class space    used 546K, committed 640K, reserved 1048576K
[26.047s][info ][gc,phases,start] GC(453) Phase 1: Mark live objects
[26.048s][info ][gc,phases      ] GC(453) Phase 1: Mark live objects 0.962ms
[26.048s][info ][gc,phases,start] GC(453) Phase 2: Compute new object addresses
[26.050s][info ][gc,phases      ] GC(453) Phase 2: Compute new object addresses 1.371ms
[26.050s][info ][gc,phases,start] GC(453) Phase 3: Adjust pointers
[26.050s][info ][gc,phases      ] GC(453) Phase 3: Adjust pointers 0.779ms
[26.050s][info ][gc,phases,start] GC(453) Phase 4: Move objects
[26.088s][info ][gc,phases      ] GC(453) Phase 4: Move objects 38.019ms
[26.089s][info ][gc,heap        ] GC(453) DefNew: 314521K(314560K)->0K(314560K) Eden: 279616K(279616K)->0K(279616K) From: 34905K(34944K)->0K(34944K)
[26.089s][info ][gc,heap        ] GC(453) Tenured: 567023K(699072K)->234672K(699072K)
[26.089s][info ][gc,metaspace   ] GC(453) Metaspace: 6360K(6528K)->6360K(6528K) NonClass: 5814K(5888K)->5814K(5888K) Class: 546K(640K)->546K(640K)
[26.089s][debug][gc,heap        ] GC(453) Heap after GC invocations=368 (full 86):
[26.089s][debug][gc,heap        ] GC(453)  def new generation   total 314560K, used 0K [0x00000000c0000000, 0x00000000d5550000, 0x00000000d5550000)
[26.089s][debug][gc,heap        ] GC(453)   eden space 279616K,   0% used [0x00000000c0000000, 0x00000000c0000000, 0x00000000d1110000)
[26.089s][debug][gc,heap        ] GC(453)   from space 34944K,   0% used [0x00000000d1110000, 0x00000000d1110000, 0x00000000d3330000)
[26.089s][debug][gc,heap        ] GC(453)   to   space 34944K,   0% used [0x00000000d3330000, 0x00000000d3330000, 0x00000000d5550000)
[26.089s][debug][gc,heap        ] GC(453)  tenured generation   total 699072K, used 234672K [0x00000000d5550000, 0x0000000100000000, 0x0000000100000000)
[26.089s][debug][gc,heap        ] GC(453)    the space 699072K,  33% used [0x00000000d5550000, 0x00000000e3a7c008, 0x00000000e3a7c200, 0x0000000100000000)
[26.089s][debug][gc,heap        ] GC(453)  Metaspace       used 6360K, committed 6528K, reserved 1114112K
[26.089s][debug][gc,heap        ] GC(453)   class space    used 546K, committed 640K, reserved 1048576K
[26.089s][info ][gc             ] GC(453) Pause Full (Allocation Failure) 860M->229M(989M) 41.423ms
[26.089s][info ][gc,cpu         ] GC(453) User=0.04s Sys=0.00s Real=0.04s
[26.089s][info ][safepoint      ] Safepoint "GenCollectForAllocation", Time since last: 37124403 ns, Reaching safepoint: 4400 ns, Cleanup: 4100 ns, At safepoint: 41584603 ns, Total: 41593103 ns
[26.130s][info ][gc,start       ] GC(454) Pause Young (Allocation Failure)
[26.130s][debug][gc,heap        ] GC(454) Heap before GC invocations=368 (full 86):
[26.130s][debug][gc,heap        ] GC(454)  def new generation   total 314560K, used 279616K [0x00000000c0000000, 0x00000000d5550000, 0x00000000d5550000)
[26.130s][debug][gc,heap        ] GC(454)   eden space 279616K, 100% used [0x00000000c0000000, 0x00000000d1110000, 0x00000000d1110000)
[26.130s][debug][gc,heap        ] GC(454)   from space 34944K,   0% used [0x00000000d1110000, 0x00000000d1110000, 0x00000000d3330000)
[26.130s][debug][gc,heap        ] GC(454)   to   space 34944K,   0% used [0x00000000d3330000, 0x00000000d3330000, 0x00000000d5550000)
[26.130s][debug][gc,heap        ] GC(454)  tenured generation   total 699072K, used 234672K [0x00000000d5550000, 0x0000000100000000, 0x0000000100000000)
[26.130s][debug][gc,heap        ] GC(454)    the space 699072K,  33% used [0x00000000d5550000, 0x00000000e3a7c008, 0x00000000e3a7c200, 0x0000000100000000)
[26.130s][debug][gc,heap        ] GC(454)  Metaspace       used 6360K, committed 6528K, reserved 1114112K
[26.130s][debug][gc,heap        ] GC(454)   class space    used 546K, committed 640K, reserved 1048576K
[26.156s][info ][gc,heap        ] GC(454) DefNew: 279616K(314560K)->34905K(314560K) Eden: 279616K(279616K)->0K(279616K) From: 0K(34944K)->34905K(34944K)
[26.156s][info ][gc,heap        ] GC(454) Tenured: 234672K(699072K)->349789K(699072K)
[26.156s][info ][gc,metaspace   ] GC(454) Metaspace: 6360K(6528K)->6360K(6528K) NonClass: 5814K(5888K)->5814K(5888K) Class: 546K(640K)->546K(640K)
[26.156s][debug][gc,heap        ] GC(454) Heap after GC invocations=369 (full 86):
[26.156s][debug][gc,heap        ] GC(454)  def new generation   total 314560K, used 34905K [0x00000000c0000000, 0x00000000d5550000, 0x00000000d5550000)
[26.156s][debug][gc,heap        ] GC(454)   eden space 279616K,   0% used [0x00000000c0000000, 0x00000000c0000000, 0x00000000d1110000)
[26.156s][debug][gc,heap        ] GC(454)   from space 34944K,  99% used [0x00000000d3330000, 0x00000000d55465d0, 0x00000000d5550000)
[26.156s][debug][gc,heap        ] GC(454)   to   space 34944K,   0% used [0x00000000d1110000, 0x00000000d1110000, 0x00000000d3330000)
[26.156s][debug][gc,heap        ] GC(454)  tenured generation   total 699072K, used 349789K [0x00000000d5550000, 0x0000000100000000, 0x0000000100000000)
[26.156s][debug][gc,heap        ] GC(454)    the space 699072K,  50% used [0x00000000d5550000, 0x00000000eaae77f8, 0x00000000eaae7800, 0x0000000100000000)
[26.156s][debug][gc,heap        ] GC(454)  Metaspace       used 6360K, committed 6528K, reserved 1114112K
[26.156s][debug][gc,heap        ] GC(454)   class space    used 546K, committed 640K, reserved 1048576K
[26.156s][info ][gc             ] GC(454) Pause Young (Allocation Failure) 502M->375M(989M) 26.083ms
[26.156s][info ][gc,cpu         ] GC(454) User=0.03s Sys=0.00s Real=0.03s
[26.156s][info ][safepoint      ] Safepoint "GenCollectForAllocation", Time since last: 41104304 ns, Reaching safepoint: 5600 ns, Cleanup: 5000 ns, At safepoint: 26109102 ns, Total: 26119702 ns
[26.194s][info ][gc,start       ] GC(455) Pause Young (Allocation Failure)
[26.194s][debug][gc,heap        ] GC(455) Heap before GC invocations=369 (full 86):
[26.194s][debug][gc,heap        ] GC(455)  def new generation   total 314560K, used 314521K [0x00000000c0000000, 0x00000000d5550000, 0x00000000d5550000)
[26.194s][debug][gc,heap        ] GC(455)   eden space 279616K, 100% used [0x00000000c0000000, 0x00000000d1110000, 0x00000000d1110000)
[26.194s][debug][gc,heap        ] GC(455)   from space 34944K,  99% used [0x00000000d3330000, 0x00000000d55465d0, 0x00000000d5550000)
[26.194s][debug][gc,heap        ] GC(455)   to   space 34944K,   0% used [0x00000000d1110000, 0x00000000d1110000, 0x00000000d3330000)
[26.194s][debug][gc,heap        ] GC(455)  tenured generation   total 699072K, used 349789K [0x00000000d5550000, 0x0000000100000000, 0x0000000100000000)
[26.194s][debug][gc,heap        ] GC(455)    the space 699072K,  50% used [0x00000000d5550000, 0x00000000eaae77f8, 0x00000000eaae7800, 0x0000000100000000)
[26.194s][debug][gc,heap        ] GC(455)  Metaspace       used 6360K, committed 6528K, reserved 1114112K
[26.194s][debug][gc,heap        ] GC(455)   class space    used 546K, committed 640K, reserved 1048576K
[26.229s][info ][gc,heap        ] GC(455) DefNew: 314521K(314560K)->34905K(314560K) Eden: 279616K(279616K)->0K(279616K) From: 34905K(34944K)->34905K(34944K)
[26.229s][info ][gc,heap        ] GC(455) Tenured: 349789K(699072K)->474009K(699072K)
[26.229s][info ][gc,metaspace   ] GC(455) Metaspace: 6360K(6528K)->6360K(6528K) NonClass: 5814K(5888K)->5814K(5888K) Class: 546K(640K)->546K(640K)
[26.229s][debug][gc,heap        ] GC(455) Heap after GC invocations=370 (full 86):
[26.229s][debug][gc,heap        ] GC(455)  def new generation   total 314560K, used 34905K [0x00000000c0000000, 0x00000000d5550000, 0x00000000d5550000)
[26.229s][debug][gc,heap        ] GC(455)   eden space 279616K,   0% used [0x00000000c0000000, 0x00000000c0000000, 0x00000000d1110000)
[26.229s][debug][gc,heap        ] GC(455)   from space 34944K,  99% used [0x00000000d1110000, 0x00000000d33265d0, 0x00000000d3330000)
[26.229s][debug][gc,heap        ] GC(455)   to   space 34944K,   0% used [0x00000000d3330000, 0x00000000d3330000, 0x00000000d5550000)
[26.229s][debug][gc,heap        ] GC(455)  tenured generation   total 699072K, used 474009K [0x00000000d5550000, 0x0000000100000000, 0x0000000100000000)
[26.229s][debug][gc,heap        ] GC(455)    the space 699072K,  67% used [0x00000000d5550000, 0x00000000f2436598, 0x00000000f2436600, 0x0000000100000000)
[26.229s][debug][gc,heap        ] GC(455)  Metaspace       used 6360K, committed 6528K, reserved 1114112K
[26.229s][debug][gc,heap        ] GC(455)   class space    used 546K, committed 640K, reserved 1048576K
[26.229s][info ][gc             ] GC(455) Pause Young (Allocation Failure) 648M->496M(989M) 35.303ms
[26.229s][info ][gc,cpu         ] GC(455) User=0.03s Sys=0.00s Real=0.03s
[26.229s][info ][safepoint      ] Safepoint "GenCollectForAllocation", Time since last: 37807003 ns, Reaching safepoint: 3600 ns, Cleanup: 4200 ns, At safepoint: 35328603 ns, Total: 35336403 ns
[26.263s][info ][gc,start       ] GC(456) Pause Young (Allocation Failure)
[26.263s][debug][gc,heap        ] GC(456) Heap before GC invocations=370 (full 86):
[26.263s][debug][gc,heap        ] GC(456)  def new generation   total 314560K, used 314521K [0x00000000c0000000, 0x00000000d5550000, 0x00000000d5550000)
[26.263s][debug][gc,heap        ] GC(456)   eden space 279616K, 100% used [0x00000000c0000000, 0x00000000d1110000, 0x00000000d1110000)
[26.263s][debug][gc,heap        ] GC(456)   from space 34944K,  99% used [0x00000000d1110000, 0x00000000d33265d0, 0x00000000d3330000)
[26.263s][debug][gc,heap        ] GC(456)   to   space 34944K,   0% used [0x00000000d3330000, 0x00000000d3330000, 0x00000000d5550000)
[26.263s][debug][gc,heap        ] GC(456)  tenured generation   total 699072K, used 474009K [0x00000000d5550000, 0x0000000100000000, 0x0000000100000000)
[26.263s][debug][gc,heap        ] GC(456)    the space 699072K,  67% used [0x00000000d5550000, 0x00000000f2436598, 0x00000000f2436600, 0x0000000100000000)
[26.263s][debug][gc,heap        ] GC(456)  Metaspace       used 6360K, committed 6528K, reserved 1114112K
[26.263s][debug][gc,heap        ] GC(456)   class space    used 546K, committed 640K, reserved 1048576K
[26.291s][info ][gc,heap        ] GC(456) DefNew: 314521K(314560K)->34905K(314560K) Eden: 279616K(279616K)->0K(279616K) From: 34905K(34944K)->34905K(34944K)
[26.291s][info ][gc,heap        ] GC(456) Tenured: 474009K(699072K)->601629K(699072K)
[26.291s][info ][gc,metaspace   ] GC(456) Metaspace: 6360K(6528K)->6360K(6528K) NonClass: 5814K(5888K)->5814K(5888K) Class: 546K(640K)->546K(640K)
[26.292s][debug][gc,heap        ] GC(456) Heap after GC invocations=371 (full 86):
[26.292s][debug][gc,heap        ] GC(456)  def new generation   total 314560K, used 34905K [0x00000000c0000000, 0x00000000d5550000, 0x00000000d5550000)
[26.292s][debug][gc,heap        ] GC(456)   eden space 279616K,   0% used [0x00000000c0000000, 0x00000000c0000000, 0x00000000d1110000)
[26.292s][debug][gc,heap        ] GC(456)   from space 34944K,  99% used [0x00000000d3330000, 0x00000000d55465d0, 0x00000000d5550000)
[26.292s][debug][gc,heap        ] GC(456)   to   space 34944K,   0% used [0x00000000d1110000, 0x00000000d1110000, 0x00000000d3330000)
[26.292s][debug][gc,heap        ] GC(456)  tenured generation   total 699072K, used 601629K [0x00000000d5550000, 0x0000000100000000, 0x0000000100000000)
[26.292s][debug][gc,heap        ] GC(456)    the space 699072K,  86% used [0x00000000d5550000, 0x00000000fa0d7558, 0x00000000fa0d7600, 0x0000000100000000)
[26.292s][debug][gc,heap        ] GC(456)  Metaspace       used 6360K, committed 6528K, reserved 1114112K
[26.292s][debug][gc,heap        ] GC(456)   class space    used 546K, committed 640K, reserved 1048576K
[26.292s][info ][gc             ] GC(456) Pause Young (Allocation Failure) 770M->621M(989M) 28.598ms
[26.292s][info ][gc,cpu         ] GC(456) User=0.02s Sys=0.00s Real=0.03s
[26.292s][info ][safepoint      ] Safepoint "GenCollectForAllocation", Time since last: 33859003 ns, Reaching safepoint: 3400 ns, Cleanup: 3800 ns, At safepoint: 28624102 ns, Total: 28631302 ns
[26.328s][info ][gc,start       ] GC(457) Pause Young (Allocation Failure)
[26.328s][debug][gc,heap        ] GC(457) Heap before GC invocations=371 (full 86):
[26.328s][debug][gc,heap        ] GC(457)  def new generation   total 314560K, used 314521K [0x00000000c0000000, 0x00000000d5550000, 0x00000000d5550000)
[26.328s][debug][gc,heap        ] GC(457)   eden space 279616K, 100% used [0x00000000c0000000, 0x00000000d1110000, 0x00000000d1110000)
[26.328s][debug][gc,heap        ] GC(457)   from space 34944K,  99% used [0x00000000d3330000, 0x00000000d55465d0, 0x00000000d5550000)
[26.328s][debug][gc,heap        ] GC(457)   to   space 34944K,   0% used [0x00000000d1110000, 0x00000000d1110000, 0x00000000d3330000)
[26.328s][debug][gc,heap        ] GC(457)  tenured generation   total 699072K, used 601629K [0x00000000d5550000, 0x0000000100000000, 0x0000000100000000)
[26.328s][debug][gc,heap        ] GC(457)    the space 699072K,  86% used [0x00000000d5550000, 0x00000000fa0d7558, 0x00000000fa0d7600, 0x0000000100000000)
[26.328s][debug][gc,heap        ] GC(457)  Metaspace       used 6360K, committed 6528K, reserved 1114112K
[26.328s][debug][gc,heap        ] GC(457)   class space    used 546K, committed 640K, reserved 1048576K
[26.329s][debug][gc,heap        ] GC(457) Heap after GC invocations=372 (full 86):
[26.329s][debug][gc,heap        ] GC(457)  def new generation   total 314560K, used 314521K [0x00000000c0000000, 0x00000000d5550000, 0x00000000d5550000)
[26.329s][debug][gc,heap        ] GC(457)   eden space 279616K, 100% used [0x00000000c0000000, 0x00000000d1110000, 0x00000000d1110000)
[26.329s][debug][gc,heap        ] GC(457)   from space 34944K,  99% used [0x00000000d3330000, 0x00000000d55465d0, 0x00000000d5550000)
[26.329s][debug][gc,heap        ] GC(457)   to   space 34944K,   0% used [0x00000000d1110000, 0x00000000d1110000, 0x00000000d3330000)
[26.329s][debug][gc,heap        ] GC(457)  tenured generation   total 699072K, used 601629K [0x00000000d5550000, 0x0000000100000000, 0x0000000100000000)
[26.329s][debug][gc,heap        ] GC(457)    the space 699072K,  86% used [0x00000000d5550000, 0x00000000fa0d7558, 0x00000000fa0d7600, 0x0000000100000000)
[26.329s][debug][gc,heap        ] GC(457)  Metaspace       used 6360K, committed 6528K, reserved 1114112K
[26.329s][debug][gc,heap        ] GC(457)   class space    used 546K, committed 640K, reserved 1048576K
[26.329s][info ][gc             ] GC(457) Pause Young (Allocation Failure) 894M->894M(989M) 0.115ms
[26.329s][info ][gc,cpu         ] GC(457) User=0.00s Sys=0.00s Real=0.00s
[26.329s][info ][gc,start       ] GC(458) Pause Full (Allocation Failure)
[26.329s][debug][gc,heap        ] GC(458) Heap before GC invocations=372 (full 86):
[26.329s][debug][gc,heap        ] GC(458)  def new generation   total 314560K, used 314521K [0x00000000c0000000, 0x00000000d5550000, 0x00000000d5550000)
[26.329s][debug][gc,heap        ] GC(458)   eden space 279616K, 100% used [0x00000000c0000000, 0x00000000d1110000, 0x00000000d1110000)
[26.329s][debug][gc,heap        ] GC(458)   from space 34944K,  99% used [0x00000000d3330000, 0x00000000d55465d0, 0x00000000d5550000)
[26.329s][debug][gc,heap        ] GC(458)   to   space 34944K,   0% used [0x00000000d1110000, 0x00000000d1110000, 0x00000000d3330000)
[26.329s][debug][gc,heap        ] GC(458)  tenured generation   total 699072K, used 601629K [0x00000000d5550000, 0x0000000100000000, 0x0000000100000000)
[26.329s][debug][gc,heap        ] GC(458)    the space 699072K,  86% used [0x00000000d5550000, 0x00000000fa0d7558, 0x00000000fa0d7600, 0x0000000100000000)
[26.329s][debug][gc,heap        ] GC(458)  Metaspace       used 6360K, committed 6528K, reserved 1114112K
[26.329s][debug][gc,heap        ] GC(458)   class space    used 546K, committed 640K, reserved 1048576K
[26.329s][info ][gc,phases,start] GC(458) Phase 1: Mark live objects
[26.330s][info ][gc,phases      ] GC(458) Phase 1: Mark live objects 0.911ms
[26.330s][info ][gc,phases,start] GC(458) Phase 2: Compute new object addresses
[26.331s][info ][gc,phases      ] GC(458) Phase 2: Compute new object addresses 1.286ms
[26.331s][info ][gc,phases,start] GC(458) Phase 3: Adjust pointers
[26.332s][info ][gc,phases      ] GC(458) Phase 3: Adjust pointers 0.633ms
[26.332s][info ][gc,phases,start] GC(458) Phase 4: Move objects
[26.363s][info ][gc,phases      ] GC(458) Phase 4: Move objects 31.379ms
[26.363s][info ][gc,heap        ] GC(458) DefNew: 314521K(314560K)->0K(314560K) Eden: 279616K(279616K)->0K(279616K) From: 34905K(34944K)->0K(34944K)
[26.363s][info ][gc,heap        ] GC(458) Tenured: 601629K(699072K)->200766K(699072K)
[26.363s][info ][gc,metaspace   ] GC(458) Metaspace: 6360K(6528K)->6360K(6528K) NonClass: 5814K(5888K)->5814K(5888K) Class: 546K(640K)->546K(640K)
[26.363s][debug][gc,heap        ] GC(458) Heap after GC invocations=372 (full 87):
[26.363s][debug][gc,heap        ] GC(458)  def new generation   total 314560K, used 0K [0x00000000c0000000, 0x00000000d5550000, 0x00000000d5550000)
[26.363s][debug][gc,heap        ] GC(458)   eden space 279616K,   0% used [0x00000000c0000000, 0x00000000c0000000, 0x00000000d1110000)
[26.363s][debug][gc,heap        ] GC(458)   from space 34944K,   0% used [0x00000000d3330000, 0x00000000d3330000, 0x00000000d5550000)
[26.363s][debug][gc,heap        ] GC(458)   to   space 34944K,   0% used [0x00000000d1110000, 0x00000000d1110000, 0x00000000d3330000)
[26.363s][debug][gc,heap        ] GC(458)  tenured generation   total 699072K, used 200766K [0x00000000d5550000, 0x0000000100000000, 0x0000000100000000)
[26.363s][debug][gc,heap        ] GC(458)    the space 699072K,  28% used [0x00000000d5550000, 0x00000000e195fad8, 0x00000000e195fc00, 0x0000000100000000)
[26.363s][debug][gc,heap        ] GC(458)  Metaspace       used 6360K, committed 6528K, reserved 1114112K
[26.363s][debug][gc,heap        ] GC(458)   class space    used 546K, committed 640K, reserved 1048576K
[26.363s][info ][gc             ] GC(458) Pause Full (Allocation Failure) 894M->196M(989M) 34.464ms
[26.363s][info ][gc,cpu         ] GC(458) User=0.04s Sys=0.00s Real=0.04s
[26.363s][info ][safepoint      ] Safepoint "GenCollectForAllocation", Time since last: 36849303 ns, Reaching safepoint: 3800 ns, Cleanup: 6000 ns, At safepoint: 34701203 ns, Total: 34711003 ns
[26.395s][info ][gc,start       ] GC(459) Pause Young (Allocation Failure)
[26.395s][debug][gc,heap        ] GC(459) Heap before GC invocations=372 (full 87):
[26.395s][debug][gc,heap        ] GC(459)  def new generation   total 314560K, used 279616K [0x00000000c0000000, 0x00000000d5550000, 0x00000000d5550000)
[26.395s][debug][gc,heap        ] GC(459)   eden space 279616K, 100% used [0x00000000c0000000, 0x00000000d1110000, 0x00000000d1110000)
[26.395s][debug][gc,heap        ] GC(459)   from space 34944K,   0% used [0x00000000d3330000, 0x00000000d3330000, 0x00000000d5550000)
[26.395s][debug][gc,heap        ] GC(459)   to   space 34944K,   0% used [0x00000000d1110000, 0x00000000d1110000, 0x00000000d3330000)
[26.395s][debug][gc,heap        ] GC(459)  tenured generation   total 699072K, used 200766K [0x00000000d5550000, 0x0000000100000000, 0x0000000100000000)
[26.395s][debug][gc,heap        ] GC(459)    the space 699072K,  28% used [0x00000000d5550000, 0x00000000e195fad8, 0x00000000e195fc00, 0x0000000100000000)
[26.395s][debug][gc,heap        ] GC(459)  Metaspace       used 6360K, committed 6528K, reserved 1114112K
[26.395s][debug][gc,heap        ] GC(459)   class space    used 546K, committed 640K, reserved 1048576K
[26.419s][info ][gc,heap        ] GC(459) DefNew: 279616K(314560K)->34905K(314560K) Eden: 279616K(279616K)->0K(279616K) From: 0K(34944K)->34905K(34944K)
[26.419s][info ][gc,heap        ] GC(459) Tenured: 200766K(699072K)->317184K(699072K)
[26.419s][info ][gc,metaspace   ] GC(459) Metaspace: 6360K(6528K)->6360K(6528K) NonClass: 5814K(5888K)->5814K(5888K) Class: 546K(640K)->546K(640K)
[26.419s][debug][gc,heap        ] GC(459) Heap after GC invocations=373 (full 87):
[26.419s][debug][gc,heap        ] GC(459)  def new generation   total 314560K, used 34905K [0x00000000c0000000, 0x00000000d5550000, 0x00000000d5550000)
[26.419s][debug][gc,heap        ] GC(459)   eden space 279616K,   0% used [0x00000000c0000000, 0x00000000c0000000, 0x00000000d1110000)
[26.419s][debug][gc,heap        ] GC(459)   from space 34944K,  99% used [0x00000000d1110000, 0x00000000d33265d0, 0x00000000d3330000)
[26.419s][debug][gc,heap        ] GC(459)   to   space 34944K,   0% used [0x00000000d3330000, 0x00000000d3330000, 0x00000000d5550000)
[26.419s][debug][gc,heap        ] GC(459)  tenured generation   total 699072K, used 317184K [0x00000000d5550000, 0x0000000100000000, 0x0000000100000000)
[26.419s][debug][gc,heap        ] GC(459)    the space 699072K,  45% used [0x00000000d5550000, 0x00000000e8b10398, 0x00000000e8b10400, 0x0000000100000000)
[26.419s][debug][gc,heap        ] GC(459)  Metaspace       used 6360K, committed 6528K, reserved 1114112K
[26.419s][debug][gc,heap        ] GC(459)   class space    used 546K, committed 640K, reserved 1048576K
[26.419s][info ][gc             ] GC(459) Pause Young (Allocation Failure) 469M->343M(989M) 23.981ms
[26.419s][info ][gc,cpu         ] GC(459) User=0.02s Sys=0.00s Real=0.02s
[26.419s][info ][safepoint      ] Safepoint "GenCollectForAllocation", Time since last: 31638103 ns, Reaching safepoint: 3200 ns, Cleanup: 3600 ns, At safepoint: 24005902 ns, Total: 24012702 ns
[26.451s][info ][gc,start       ] GC(460) Pause Young (Allocation Failure)
[26.451s][debug][gc,heap        ] GC(460) Heap before GC invocations=373 (full 87):
[26.451s][debug][gc,heap        ] GC(460)  def new generation   total 314560K, used 314521K [0x00000000c0000000, 0x00000000d5550000, 0x00000000d5550000)
[26.451s][debug][gc,heap        ] GC(460)   eden space 279616K, 100% used [0x00000000c0000000, 0x00000000d1110000, 0x00000000d1110000)
[26.451s][debug][gc,heap        ] GC(460)   from space 34944K,  99% used [0x00000000d1110000, 0x00000000d33265d0, 0x00000000d3330000)
[26.451s][debug][gc,heap        ] GC(460)   to   space 34944K,   0% used [0x00000000d3330000, 0x00000000d3330000, 0x00000000d5550000)
[26.451s][debug][gc,heap        ] GC(460)  tenured generation   total 699072K, used 317184K [0x00000000d5550000, 0x0000000100000000, 0x0000000100000000)
[26.451s][debug][gc,heap        ] GC(460)    the space 699072K,  45% used [0x00000000d5550000, 0x00000000e8b10398, 0x00000000e8b10400, 0x0000000100000000)
[26.451s][debug][gc,heap        ] GC(460)  Metaspace       used 6360K, committed 6528K, reserved 1114112K
[26.451s][debug][gc,heap        ] GC(460)   class space    used 546K, committed 640K, reserved 1048576K
[26.478s][info ][gc,heap        ] GC(460) DefNew: 314521K(314560K)->34905K(314560K) Eden: 279616K(279616K)->0K(279616K) From: 34905K(34944K)->34905K(34944K)
[26.478s][info ][gc,heap        ] GC(460) Tenured: 317184K(699072K)->442704K(699072K)
[26.478s][info ][gc,metaspace   ] GC(460) Metaspace: 6360K(6528K)->6360K(6528K) NonClass: 5814K(5888K)->5814K(5888K) Class: 546K(640K)->546K(640K)
[26.478s][debug][gc,heap        ] GC(460) Heap after GC invocations=374 (full 87):
[26.478s][debug][gc,heap        ] GC(460)  def new generation   total 314560K, used 34905K [0x00000000c0000000, 0x00000000d5550000, 0x00000000d5550000)
[26.478s][debug][gc,heap        ] GC(460)   eden space 279616K,   0% used [0x00000000c0000000, 0x00000000c0000000, 0x00000000d1110000)
[26.478s][debug][gc,heap        ] GC(460)   from space 34944K,  99% used [0x00000000d3330000, 0x00000000d55465d0, 0x00000000d5550000)
[26.478s][debug][gc,heap        ] GC(460)   to   space 34944K,   0% used [0x00000000d1110000, 0x00000000d1110000, 0x00000000d3330000)
[26.478s][debug][gc,heap        ] GC(460)  tenured generation   total 699072K, used 442704K [0x00000000d5550000, 0x0000000100000000, 0x0000000100000000)
[26.478s][debug][gc,heap        ] GC(460)    the space 699072K,  63% used [0x00000000d5550000, 0x00000000f05a4208, 0x00000000f05a4400, 0x0000000100000000)
[26.478s][debug][gc,heap        ] GC(460)  Metaspace       used 6360K, committed 6528K, reserved 1114112K
[26.478s][debug][gc,heap        ] GC(460)   class space    used 546K, committed 640K, reserved 1048576K
[26.478s][info ][gc             ] GC(460) Pause Young (Allocation Failure) 616M->466M(989M) 27.168ms
[26.478s][info ][gc,cpu         ] GC(460) User=0.03s Sys=0.00s Real=0.02s
[26.478s][info ][safepoint      ] Safepoint "GenCollectForAllocation", Time since last: 31851703 ns, Reaching safepoint: 3400 ns, Cleanup: 3800 ns, At safepoint: 27192102 ns, Total: 27199302 ns
[26.516s][info ][gc,start       ] GC(461) Pause Young (Allocation Failure)
[26.516s][debug][gc,heap        ] GC(461) Heap before GC invocations=374 (full 87):
[26.516s][debug][gc,heap        ] GC(461)  def new generation   total 314560K, used 314521K [0x00000000c0000000, 0x00000000d5550000, 0x00000000d5550000)
[26.516s][debug][gc,heap        ] GC(461)   eden space 279616K, 100% used [0x00000000c0000000, 0x00000000d1110000, 0x00000000d1110000)
[26.516s][debug][gc,heap        ] GC(461)   from space 34944K,  99% used [0x00000000d3330000, 0x00000000d55465d0, 0x00000000d5550000)
[26.516s][debug][gc,heap        ] GC(461)   to   space 34944K,   0% used [0x00000000d1110000, 0x00000000d1110000, 0x00000000d3330000)
[26.516s][debug][gc,heap        ] GC(461)  tenured generation   total 699072K, used 442704K [0x00000000d5550000, 0x0000000100000000, 0x0000000100000000)
[26.516s][debug][gc,heap        ] GC(461)    the space 699072K,  63% used [0x00000000d5550000, 0x00000000f05a4208, 0x00000000f05a4400, 0x0000000100000000)
[26.516s][debug][gc,heap        ] GC(461)  Metaspace       used 6360K, committed 6528K, reserved 1114112K
[26.516s][debug][gc,heap        ] GC(461)   class space    used 546K, committed 640K, reserved 1048576K
[26.542s][info ][gc,heap        ] GC(461) DefNew: 314521K(314560K)->34905K(314560K) Eden: 279616K(279616K)->0K(279616K) From: 34905K(34944K)->34905K(34944K)
[26.542s][info ][gc,heap        ] GC(461) Tenured: 442704K(699072K)->566723K(699072K)
[26.542s][info ][gc,metaspace   ] GC(461) Metaspace: 6360K(6528K)->6360K(6528K) NonClass: 5814K(5888K)->5814K(5888K) Class: 546K(640K)->546K(640K)
[26.542s][debug][gc,heap        ] GC(461) Heap after GC invocations=375 (full 87):
[26.542s][debug][gc,heap        ] GC(461)  def new generation   total 314560K, used 34905K [0x00000000c0000000, 0x00000000d5550000, 0x00000000d5550000)
[26.542s][debug][gc,heap        ] GC(461)   eden space 279616K,   0% used [0x00000000c0000000, 0x00000000c0000000, 0x00000000d1110000)
[26.542s][debug][gc,heap        ] GC(461)   from space 34944K,  99% used [0x00000000d1110000, 0x00000000d33265d0, 0x00000000d3330000)
[26.542s][debug][gc,heap        ] GC(461)   to   space 34944K,   0% used [0x00000000d3330000, 0x00000000d3330000, 0x00000000d5550000)
[26.542s][debug][gc,heap        ] GC(461)  tenured generation   total 699072K, used 566723K [0x00000000d5550000, 0x0000000100000000, 0x0000000100000000)
[26.542s][debug][gc,heap        ] GC(461)    the space 699072K,  81% used [0x00000000d5550000, 0x00000000f7ec0f88, 0x00000000f7ec1000, 0x0000000100000000)
[26.542s][debug][gc,heap        ] GC(461)  Metaspace       used 6360K, committed 6528K, reserved 1114112K
[26.542s][debug][gc,heap        ] GC(461)   class space    used 546K, committed 640K, reserved 1048576K
[26.542s][info ][gc             ] GC(461) Pause Young (Allocation Failure) 739M->587M(989M) 26.174ms
[26.542s][info ][gc,cpu         ] GC(461) User=0.03s Sys=0.00s Real=0.03s
[26.542s][info ][safepoint      ] Safepoint "GenCollectForAllocation", Time since last: 38023503 ns, Reaching safepoint: 3400 ns, Cleanup: 4000 ns, At safepoint: 26200302 ns, Total: 26207702 ns
[26.574s][info ][gc,start       ] GC(462) Pause Young (Allocation Failure)
[26.574s][debug][gc,heap        ] GC(462) Heap before GC invocations=375 (full 87):
[26.574s][debug][gc,heap        ] GC(462)  def new generation   total 314560K, used 314521K [0x00000000c0000000, 0x00000000d5550000, 0x00000000d5550000)
[26.574s][debug][gc,heap        ] GC(462)   eden space 279616K, 100% used [0x00000000c0000000, 0x00000000d1110000, 0x00000000d1110000)
[26.574s][debug][gc,heap        ] GC(462)   from space 34944K,  99% used [0x00000000d1110000, 0x00000000d33265d0, 0x00000000d3330000)
[26.574s][debug][gc,heap        ] GC(462)   to   space 34944K,   0% used [0x00000000d3330000, 0x00000000d3330000, 0x00000000d5550000)
[26.574s][debug][gc,heap        ] GC(462)  tenured generation   total 699072K, used 566723K [0x00000000d5550000, 0x0000000100000000, 0x0000000100000000)
[26.574s][debug][gc,heap        ] GC(462)    the space 699072K,  81% used [0x00000000d5550000, 0x00000000f7ec0f88, 0x00000000f7ec1000, 0x0000000100000000)
[26.574s][debug][gc,heap        ] GC(462)  Metaspace       used 6360K, committed 6528K, reserved 1114112K
[26.574s][debug][gc,heap        ] GC(462)   class space    used 546K, committed 640K, reserved 1048576K
[26.574s][debug][gc,heap        ] GC(462) Heap after GC invocations=376 (full 87):
[26.574s][debug][gc,heap        ] GC(462)  def new generation   total 314560K, used 314521K [0x00000000c0000000, 0x00000000d5550000, 0x00000000d5550000)
[26.574s][debug][gc,heap        ] GC(462)   eden space 279616K, 100% used [0x00000000c0000000, 0x00000000d1110000, 0x00000000d1110000)
[26.574s][debug][gc,heap        ] GC(462)   from space 34944K,  99% used [0x00000000d1110000, 0x00000000d33265d0, 0x00000000d3330000)
[26.574s][debug][gc,heap        ] GC(462)   to   space 34944K,   0% used [0x00000000d3330000, 0x00000000d3330000, 0x00000000d5550000)
[26.574s][debug][gc,heap        ] GC(462)  tenured generation   total 699072K, used 566723K [0x00000000d5550000, 0x0000000100000000, 0x0000000100000000)
[26.574s][debug][gc,heap        ] GC(462)    the space 699072K,  81% used [0x00000000d5550000, 0x00000000f7ec0f88, 0x00000000f7ec1000, 0x0000000100000000)
[26.574s][debug][gc,heap        ] GC(462)  Metaspace       used 6360K, committed 6528K, reserved 1114112K
[26.574s][debug][gc,heap        ] GC(462)   class space    used 546K, committed 640K, reserved 1048576K
[26.574s][info ][gc             ] GC(462) Pause Young (Allocation Failure) 860M->860M(989M) 0.094ms
[26.574s][info ][gc,cpu         ] GC(462) User=0.00s Sys=0.00s Real=0.00s
[26.575s][info ][gc,start       ] GC(463) Pause Full (Allocation Failure)
[26.575s][debug][gc,heap        ] GC(463) Heap before GC invocations=376 (full 87):
[26.575s][debug][gc,heap        ] GC(463)  def new generation   total 314560K, used 314521K [0x00000000c0000000, 0x00000000d5550000, 0x00000000d5550000)
[26.575s][debug][gc,heap        ] GC(463)   eden space 279616K, 100% used [0x00000000c0000000, 0x00000000d1110000, 0x00000000d1110000)
[26.575s][debug][gc,heap        ] GC(463)   from space 34944K,  99% used [0x00000000d1110000, 0x00000000d33265d0, 0x00000000d3330000)
[26.575s][debug][gc,heap        ] GC(463)   to   space 34944K,   0% used [0x00000000d3330000, 0x00000000d3330000, 0x00000000d5550000)
[26.575s][debug][gc,heap        ] GC(463)  tenured generation   total 699072K, used 566723K [0x00000000d5550000, 0x0000000100000000, 0x0000000100000000)
[26.575s][debug][gc,heap        ] GC(463)    the space 699072K,  81% used [0x00000000d5550000, 0x00000000f7ec0f88, 0x00000000f7ec1000, 0x0000000100000000)
[26.575s][debug][gc,heap        ] GC(463)  Metaspace       used 6360K, committed 6528K, reserved 1114112K
[26.575s][debug][gc,heap        ] GC(463)   class space    used 546K, committed 640K, reserved 1048576K
[26.575s][info ][gc,phases,start] GC(463) Phase 1: Mark live objects
[26.576s][info ][gc,phases      ] GC(463) Phase 1: Mark live objects 0.943ms
[26.576s][info ][gc,phases,start] GC(463) Phase 2: Compute new object addresses
[26.577s][info ][gc,phases      ] GC(463) Phase 2: Compute new object addresses 1.382ms
[26.577s][info ][gc,phases,start] GC(463) Phase 3: Adjust pointers
[26.578s][info ][gc,phases      ] GC(463) Phase 3: Adjust pointers 0.634ms
[26.578s][info ][gc,phases,start] GC(463) Phase 4: Move objects
[26.615s][info ][gc,phases      ] GC(463) Phase 4: Move objects 37.397ms
[26.615s][info ][gc,heap        ] GC(463) DefNew: 314521K(314560K)->0K(314560K) Eden: 279616K(279616K)->0K(279616K) From: 34905K(34944K)->0K(34944K)
[26.615s][info ][gc,heap        ] GC(463) Tenured: 566723K(699072K)->200766K(699072K)
[26.615s][info ][gc,metaspace   ] GC(463) Metaspace: 6360K(6528K)->6360K(6528K) NonClass: 5814K(5888K)->5814K(5888K) Class: 546K(640K)->546K(640K)
[26.615s][debug][gc,heap        ] GC(463) Heap after GC invocations=376 (full 88):
[26.615s][debug][gc,heap        ] GC(463)  def new generation   total 314560K, used 0K [0x00000000c0000000, 0x00000000d5550000, 0x00000000d5550000)
[26.615s][debug][gc,heap        ] GC(463)   eden space 279616K,   0% used [0x00000000c0000000, 0x00000000c0000000, 0x00000000d1110000)
[26.615s][debug][gc,heap        ] GC(463)   from space 34944K,   0% used [0x00000000d1110000, 0x00000000d1110000, 0x00000000d3330000)
[26.615s][debug][gc,heap        ] GC(463)   to   space 34944K,   0% used [0x00000000d3330000, 0x00000000d3330000, 0x00000000d5550000)
[26.615s][debug][gc,heap        ] GC(463)  tenured generation   total 699072K, used 200766K [0x00000000d5550000, 0x0000000100000000, 0x0000000100000000)
[26.615s][debug][gc,heap        ] GC(463)    the space 699072K,  28% used [0x00000000d5550000, 0x00000000e195fad8, 0x00000000e195fc00, 0x0000000100000000)
[26.615s][debug][gc,heap        ] GC(463)  Metaspace       used 6360K, committed 6528K, reserved 1114112K
[26.615s][debug][gc,heap        ] GC(463)   class space    used 546K, committed 640K, reserved 1048576K
[26.615s][info ][gc             ] GC(463) Pause Full (Allocation Failure) 860M->196M(989M) 40.872ms
[26.615s][info ][gc,cpu         ] GC(463) User=0.04s Sys=0.00s Real=0.04s
[26.615s][info ][safepoint      ] Safepoint "GenCollectForAllocation", Time since last: 32336103 ns, Reaching safepoint: 3500 ns, Cleanup: 4000 ns, At safepoint: 41016804 ns, Total: 41024304 ns
[26.659s][info ][gc,start       ] GC(464) Pause Young (Allocation Failure)
[26.659s][debug][gc,heap        ] GC(464) Heap before GC invocations=376 (full 88):
[26.659s][debug][gc,heap        ] GC(464)  def new generation   total 314560K, used 279616K [0x00000000c0000000, 0x00000000d5550000, 0x00000000d5550000)
[26.659s][debug][gc,heap        ] GC(464)   eden space 279616K, 100% used [0x00000000c0000000, 0x00000000d1110000, 0x00000000d1110000)
[26.659s][debug][gc,heap        ] GC(464)   from space 34944K,   0% used [0x00000000d1110000, 0x00000000d1110000, 0x00000000d3330000)
[26.659s][debug][gc,heap        ] GC(464)   to   space 34944K,   0% used [0x00000000d3330000, 0x00000000d3330000, 0x00000000d5550000)
[26.659s][debug][gc,heap        ] GC(464)  tenured generation   total 699072K, used 200766K [0x00000000d5550000, 0x0000000100000000, 0x0000000100000000)
[26.659s][debug][gc,heap        ] GC(464)    the space 699072K,  28% used [0x00000000d5550000, 0x00000000e195fad8, 0x00000000e195fc00, 0x0000000100000000)
[26.660s][debug][gc,heap        ] GC(464)  Metaspace       used 6360K, committed 6528K, reserved 1114112K
[26.660s][debug][gc,heap        ] GC(464)   class space    used 546K, committed 640K, reserved 1048576K
[26.685s][info ][gc,heap        ] GC(464) DefNew: 279616K(314560K)->34905K(314560K) Eden: 279616K(279616K)->0K(279616K) From: 0K(34944K)->34905K(34944K)
[26.685s][info ][gc,heap        ] GC(464) Tenured: 200766K(699072K)->316684K(699072K)
[26.685s][info ][gc,metaspace   ] GC(464) Metaspace: 6360K(6528K)->6360K(6528K) NonClass: 5814K(5888K)->5814K(5888K) Class: 546K(640K)->546K(640K)
[26.685s][debug][gc,heap        ] GC(464) Heap after GC invocations=377 (full 88):
[26.685s][debug][gc,heap        ] GC(464)  def new generation   total 314560K, used 34905K [0x00000000c0000000, 0x00000000d5550000, 0x00000000d5550000)
[26.685s][debug][gc,heap        ] GC(464)   eden space 279616K,   0% used [0x00000000c0000000, 0x00000000c0000000, 0x00000000d1110000)
[26.685s][debug][gc,heap        ] GC(464)   from space 34944K,  99% used [0x00000000d3330000, 0x00000000d55465d0, 0x00000000d5550000)
[26.685s][debug][gc,heap        ] GC(464)   to   space 34944K,   0% used [0x00000000d1110000, 0x00000000d1110000, 0x00000000d3330000)
[26.685s][debug][gc,heap        ] GC(464)  tenured generation   total 699072K, used 316684K [0x00000000d5550000, 0x0000000100000000, 0x0000000100000000)
[26.685s][debug][gc,heap        ] GC(464)    the space 699072K,  45% used [0x00000000d5550000, 0x00000000e8a93348, 0x00000000e8a93400, 0x0000000100000000)
[26.685s][debug][gc,heap        ] GC(464)  Metaspace       used 6360K, committed 6528K, reserved 1114112K
[26.685s][debug][gc,heap        ] GC(464)   class space    used 546K, committed 640K, reserved 1048576K
[26.685s][info ][gc             ] GC(464) Pause Young (Allocation Failure) 469M->343M(989M) 26.033ms
[26.685s][info ][gc,cpu         ] GC(464) User=0.03s Sys=0.00s Real=0.03s
[26.685s][info ][safepoint      ] Safepoint "GenCollectForAllocation", Time since last: 43952203 ns, Reaching safepoint: 3800 ns, Cleanup: 3700 ns, At safepoint: 26058302 ns, Total: 26065802 ns
[26.718s][info ][gc,start       ] GC(465) Pause Young (Allocation Failure)
[26.718s][debug][gc,heap        ] GC(465) Heap before GC invocations=377 (full 88):
[26.718s][debug][gc,heap        ] GC(465)  def new generation   total 314560K, used 314521K [0x00000000c0000000, 0x00000000d5550000, 0x00000000d5550000)
[26.718s][debug][gc,heap        ] GC(465)   eden space 279616K, 100% used [0x00000000c0000000, 0x00000000d1110000, 0x00000000d1110000)
[26.718s][debug][gc,heap        ] GC(465)   from space 34944K,  99% used [0x00000000d3330000, 0x00000000d55465d0, 0x00000000d5550000)
[26.718s][debug][gc,heap        ] GC(465)   to   space 34944K,   0% used [0x00000000d1110000, 0x00000000d1110000, 0x00000000d3330000)
[26.718s][debug][gc,heap        ] GC(465)  tenured generation   total 699072K, used 316684K [0x00000000d5550000, 0x0000000100000000, 0x0000000100000000)
[26.718s][debug][gc,heap        ] GC(465)    the space 699072K,  45% used [0x00000000d5550000, 0x00000000e8a93348, 0x00000000e8a93400, 0x0000000100000000)
[26.718s][debug][gc,heap        ] GC(465)  Metaspace       used 6360K, committed 6528K, reserved 1114112K
[26.718s][debug][gc,heap        ] GC(465)   class space    used 546K, committed 640K, reserved 1048576K
[26.745s][info ][gc,heap        ] GC(465) DefNew: 314521K(314560K)->34905K(314560K) Eden: 279616K(279616K)->0K(279616K) From: 34905K(34944K)->34905K(34944K)
[26.745s][info ][gc,heap        ] GC(465) Tenured: 316684K(699072K)->441404K(699072K)
[26.745s][info ][gc,metaspace   ] GC(465) Metaspace: 6360K(6528K)->6360K(6528K) NonClass: 5814K(5888K)->5814K(5888K) Class: 546K(640K)->546K(640K)
[26.745s][debug][gc,heap        ] GC(465) Heap after GC invocations=378 (full 88):
[26.745s][debug][gc,heap        ] GC(465)  def new generation   total 314560K, used 34905K [0x00000000c0000000, 0x00000000d5550000, 0x00000000d5550000)
[26.745s][debug][gc,heap        ] GC(465)   eden space 279616K,   0% used [0x00000000c0000000, 0x00000000c0000000, 0x00000000d1110000)
[26.745s][debug][gc,heap        ] GC(465)   from space 34944K,  99% used [0x00000000d1110000, 0x00000000d33265d0, 0x00000000d3330000)
[26.745s][debug][gc,heap        ] GC(465)   to   space 34944K,   0% used [0x00000000d3330000, 0x00000000d3330000, 0x00000000d5550000)
[26.745s][debug][gc,heap        ] GC(465)  tenured generation   total 699072K, used 441404K [0x00000000d5550000, 0x0000000100000000, 0x0000000100000000)
[26.745s][debug][gc,heap        ] GC(465)    the space 699072K,  63% used [0x00000000d5550000, 0x00000000f045f138, 0x00000000f045f200, 0x0000000100000000)
[26.745s][debug][gc,heap        ] GC(465)  Metaspace       used 6360K, committed 6528K, reserved 1114112K
[26.745s][debug][gc,heap        ] GC(465)   class space    used 546K, committed 640K, reserved 1048576K
[26.745s][info ][gc             ] GC(465) Pause Young (Allocation Failure) 616M->465M(989M) 27.246ms
[26.745s][info ][gc,cpu         ] GC(465) User=0.03s Sys=0.00s Real=0.03s
[26.745s][info ][safepoint      ] Safepoint "GenCollectForAllocation", Time since last: 32482003 ns, Reaching safepoint: 3900 ns, Cleanup: 4000 ns, At safepoint: 27271602 ns, Total: 27279502 ns
[26.777s][info ][gc,start       ] GC(466) Pause Young (Allocation Failure)
[26.777s][debug][gc,heap        ] GC(466) Heap before GC invocations=378 (full 88):
[26.777s][debug][gc,heap        ] GC(466)  def new generation   total 314560K, used 314521K [0x00000000c0000000, 0x00000000d5550000, 0x00000000d5550000)
[26.777s][debug][gc,heap        ] GC(466)   eden space 279616K, 100% used [0x00000000c0000000, 0x00000000d1110000, 0x00000000d1110000)
[26.777s][debug][gc,heap        ] GC(466)   from space 34944K,  99% used [0x00000000d1110000, 0x00000000d33265d0, 0x00000000d3330000)
[26.777s][debug][gc,heap        ] GC(466)   to   space 34944K,   0% used [0x00000000d3330000, 0x00000000d3330000, 0x00000000d5550000)
[26.777s][debug][gc,heap        ] GC(466)  tenured generation   total 699072K, used 441404K [0x00000000d5550000, 0x0000000100000000, 0x0000000100000000)
[26.777s][debug][gc,heap        ] GC(466)    the space 699072K,  63% used [0x00000000d5550000, 0x00000000f045f138, 0x00000000f045f200, 0x0000000100000000)
[26.777s][debug][gc,heap        ] GC(466)  Metaspace       used 6360K, committed 6528K, reserved 1114112K
[26.777s][debug][gc,heap        ] GC(466)   class space    used 546K, committed 640K, reserved 1048576K
[26.803s][info ][gc,heap        ] GC(466) DefNew: 314521K(314560K)->34905K(314560K) Eden: 279616K(279616K)->0K(279616K) From: 34905K(34944K)->34905K(34944K)
[26.803s][info ][gc,heap        ] GC(466) Tenured: 441404K(699072K)->564623K(699072K)
[26.803s][info ][gc,metaspace   ] GC(466) Metaspace: 6360K(6528K)->6360K(6528K) NonClass: 5814K(5888K)->5814K(5888K) Class: 546K(640K)->546K(640K)
[26.803s][debug][gc,heap        ] GC(466) Heap after GC invocations=379 (full 88):
[26.803s][debug][gc,heap        ] GC(466)  def new generation   total 314560K, used 34905K [0x00000000c0000000, 0x00000000d5550000, 0x00000000d5550000)
[26.803s][debug][gc,heap        ] GC(466)   eden space 279616K,   0% used [0x00000000c0000000, 0x00000000c0000000, 0x00000000d1110000)
[26.803s][debug][gc,heap        ] GC(466)   from space 34944K,  99% used [0x00000000d3330000, 0x00000000d55465d0, 0x00000000d5550000)
[26.803s][debug][gc,heap        ] GC(466)   to   space 34944K,   0% used [0x00000000d1110000, 0x00000000d1110000, 0x00000000d3330000)
[26.803s][debug][gc,heap        ] GC(466)  tenured generation   total 699072K, used 564623K [0x00000000d5550000, 0x0000000100000000, 0x0000000100000000)
[26.803s][debug][gc,heap        ] GC(466)    the space 699072K,  80% used [0x00000000d5550000, 0x00000000f7cb3e38, 0x00000000f7cb4000, 0x0000000100000000)
[26.803s][debug][gc,heap        ] GC(466)  Metaspace       used 6360K, committed 6528K, reserved 1114112K
[26.803s][debug][gc,heap        ] GC(466)   class space    used 546K, committed 640K, reserved 1048576K
[26.803s][info ][gc             ] GC(466) Pause Young (Allocation Failure) 738M->585M(989M) 26.420ms
[26.803s][info ][gc,cpu         ] GC(466) User=0.03s Sys=0.00s Real=0.03s
[26.803s][info ][safepoint      ] Safepoint "GenCollectForAllocation", Time since last: 31487603 ns, Reaching safepoint: 2900 ns, Cleanup: 3600 ns, At safepoint: 26448602 ns, Total: 26455102 ns
[26.837s][info ][gc,start       ] GC(467) Pause Young (Allocation Failure)
[26.837s][debug][gc,heap        ] GC(467) Heap before GC invocations=379 (full 88):
[26.837s][debug][gc,heap        ] GC(467)  def new generation   total 314560K, used 314521K [0x00000000c0000000, 0x00000000d5550000, 0x00000000d5550000)
[26.837s][debug][gc,heap        ] GC(467)   eden space 279616K, 100% used [0x00000000c0000000, 0x00000000d1110000, 0x00000000d1110000)
[26.837s][debug][gc,heap        ] GC(467)   from space 34944K,  99% used [0x00000000d3330000, 0x00000000d55465d0, 0x00000000d5550000)
[26.837s][debug][gc,heap        ] GC(467)   to   space 34944K,   0% used [0x00000000d1110000, 0x00000000d1110000, 0x00000000d3330000)
[26.837s][debug][gc,heap        ] GC(467)  tenured generation   total 699072K, used 564623K [0x00000000d5550000, 0x0000000100000000, 0x0000000100000000)
[26.837s][debug][gc,heap        ] GC(467)    the space 699072K,  80% used [0x00000000d5550000, 0x00000000f7cb3e38, 0x00000000f7cb4000, 0x0000000100000000)
[26.837s][debug][gc,heap        ] GC(467)  Metaspace       used 6360K, committed 6528K, reserved 1114112K
[26.837s][debug][gc,heap        ] GC(467)   class space    used 546K, committed 640K, reserved 1048576K
[26.837s][debug][gc,heap        ] GC(467) Heap after GC invocations=380 (full 88):
[26.837s][debug][gc,heap        ] GC(467)  def new generation   total 314560K, used 314521K [0x00000000c0000000, 0x00000000d5550000, 0x00000000d5550000)
[26.837s][debug][gc,heap        ] GC(467)   eden space 279616K, 100% used [0x00000000c0000000, 0x00000000d1110000, 0x00000000d1110000)
[26.837s][debug][gc,heap        ] GC(467)   from space 34944K,  99% used [0x00000000d3330000, 0x00000000d55465d0, 0x00000000d5550000)
[26.837s][debug][gc,heap        ] GC(467)   to   space 34944K,   0% used [0x00000000d1110000, 0x00000000d1110000, 0x00000000d3330000)
[26.837s][debug][gc,heap        ] GC(467)  tenured generation   total 699072K, used 564623K [0x00000000d5550000, 0x0000000100000000, 0x0000000100000000)
[26.838s][debug][gc,heap        ] GC(467)    the space 699072K,  80% used [0x00000000d5550000, 0x00000000f7cb3e38, 0x00000000f7cb4000, 0x0000000100000000)
[26.838s][debug][gc,heap        ] GC(467)  Metaspace       used 6360K, committed 6528K, reserved 1114112K
[26.838s][debug][gc,heap        ] GC(467)   class space    used 546K, committed 640K, reserved 1048576K
[26.838s][info ][gc             ] GC(467) Pause Young (Allocation Failure) 858M->858M(989M) 0.119ms
[26.838s][info ][gc,cpu         ] GC(467) User=0.00s Sys=0.00s Real=0.00s
[26.838s][info ][gc,start       ] GC(468) Pause Full (Allocation Failure)
[26.838s][debug][gc,heap        ] GC(468) Heap before GC invocations=380 (full 88):
[26.838s][debug][gc,heap        ] GC(468)  def new generation   total 314560K, used 314521K [0x00000000c0000000, 0x00000000d5550000, 0x00000000d5550000)
[26.838s][debug][gc,heap        ] GC(468)   eden space 279616K, 100% used [0x00000000c0000000, 0x00000000d1110000, 0x00000000d1110000)
[26.838s][debug][gc,heap        ] GC(468)   from space 34944K,  99% used [0x00000000d3330000, 0x00000000d55465d0, 0x00000000d5550000)
[26.838s][debug][gc,heap        ] GC(468)   to   space 34944K,   0% used [0x00000000d1110000, 0x00000000d1110000, 0x00000000d3330000)
[26.838s][debug][gc,heap        ] GC(468)  tenured generation   total 699072K, used 564623K [0x00000000d5550000, 0x0000000100000000, 0x0000000100000000)
[26.838s][debug][gc,heap        ] GC(468)    the space 699072K,  80% used [0x00000000d5550000, 0x00000000f7cb3e38, 0x00000000f7cb4000, 0x0000000100000000)
[26.838s][debug][gc,heap        ] GC(468)  Metaspace       used 6360K, committed 6528K, reserved 1114112K
[26.838s][debug][gc,heap        ] GC(468)   class space    used 546K, committed 640K, reserved 1048576K
[26.838s][info ][gc,phases,start] GC(468) Phase 1: Mark live objects
[26.839s][info ][gc,phases      ] GC(468) Phase 1: Mark live objects 1.047ms
[26.839s][info ][gc,phases,start] GC(468) Phase 2: Compute new object addresses
[26.840s][info ][gc,phases      ] GC(468) Phase 2: Compute new object addresses 1.520ms
[26.840s][info ][gc,phases,start] GC(468) Phase 3: Adjust pointers
[26.841s][info ][gc,phases      ] GC(468) Phase 3: Adjust pointers 0.731ms
[26.841s][info ][gc,phases,start] GC(468) Phase 4: Move objects
[26.879s][info ][gc,phases      ] GC(468) Phase 4: Move objects 38.469ms
[26.880s][info ][gc,heap        ] GC(468) DefNew: 314521K(314560K)->0K(314560K) Eden: 279616K(279616K)->0K(279616K) From: 34905K(34944K)->0K(34944K)
[26.880s][info ][gc,heap        ] GC(468) Tenured: 564623K(699072K)->200766K(699072K)
[26.880s][info ][gc,metaspace   ] GC(468) Metaspace: 6360K(6528K)->6360K(6528K) NonClass: 5814K(5888K)->5814K(5888K) Class: 546K(640K)->546K(640K)
[26.880s][debug][gc,heap        ] GC(468) Heap after GC invocations=380 (full 89):
[26.880s][debug][gc,heap        ] GC(468)  def new generation   total 314560K, used 0K [0x00000000c0000000, 0x00000000d5550000, 0x00000000d5550000)
[26.880s][debug][gc,heap        ] GC(468)   eden space 279616K,   0% used [0x00000000c0000000, 0x00000000c0000000, 0x00000000d1110000)
[26.880s][debug][gc,heap        ] GC(468)   from space 34944K,   0% used [0x00000000d3330000, 0x00000000d3330000, 0x00000000d5550000)
[26.880s][debug][gc,heap        ] GC(468)   to   space 34944K,   0% used [0x00000000d1110000, 0x00000000d1110000, 0x00000000d3330000)
[26.880s][debug][gc,heap        ] GC(468)  tenured generation   total 699072K, used 200766K [0x00000000d5550000, 0x0000000100000000, 0x0000000100000000)
[26.880s][debug][gc,heap        ] GC(468)    the space 699072K,  28% used [0x00000000d5550000, 0x00000000e195fad8, 0x00000000e195fc00, 0x0000000100000000)
[26.880s][debug][gc,heap        ] GC(468)  Metaspace       used 6360K, committed 6528K, reserved 1114112K
[26.880s][debug][gc,heap        ] GC(468)   class space    used 546K, committed 640K, reserved 1048576K
[26.880s][info ][gc             ] GC(468) Pause Full (Allocation Failure) 858M->196M(989M) 42.143ms
[26.880s][info ][gc,cpu         ] GC(468) User=0.04s Sys=0.00s Real=0.04s
[26.880s][info ][safepoint      ] Safepoint "GenCollectForAllocation", Time since last: 34245303 ns, Reaching safepoint: 3800 ns, Cleanup: 4000 ns, At safepoint: 42299804 ns, Total: 42307604 ns
[26.919s][info ][gc,start       ] GC(469) Pause Young (Allocation Failure)
[26.919s][debug][gc,heap        ] GC(469) Heap before GC invocations=380 (full 89):
[26.919s][debug][gc,heap        ] GC(469)  def new generation   total 314560K, used 279616K [0x00000000c0000000, 0x00000000d5550000, 0x00000000d5550000)
[26.919s][debug][gc,heap        ] GC(469)   eden space 279616K, 100% used [0x00000000c0000000, 0x00000000d1110000, 0x00000000d1110000)
[26.919s][debug][gc,heap        ] GC(469)   from space 34944K,   0% used [0x00000000d3330000, 0x00000000d3330000, 0x00000000d5550000)
[26.919s][debug][gc,heap        ] GC(469)   to   space 34944K,   0% used [0x00000000d1110000, 0x00000000d1110000, 0x00000000d3330000)
[26.919s][debug][gc,heap        ] GC(469)  tenured generation   total 699072K, used 200766K [0x00000000d5550000, 0x0000000100000000, 0x0000000100000000)
[26.919s][debug][gc,heap        ] GC(469)    the space 699072K,  28% used [0x00000000d5550000, 0x00000000e195fad8, 0x00000000e195fc00, 0x0000000100000000)
[26.919s][debug][gc,heap        ] GC(469)  Metaspace       used 6360K, committed 6528K, reserved 1114112K
[26.919s][debug][gc,heap        ] GC(469)   class space    used 546K, committed 640K, reserved 1048576K
[26.948s][info ][gc,heap        ] GC(469) DefNew: 279616K(314560K)->34905K(314560K) Eden: 279616K(279616K)->0K(279616K) From: 0K(34944K)->34905K(34944K)
[26.948s][info ][gc,heap        ] GC(469) Tenured: 200766K(699072K)->317784K(699072K)
[26.948s][info ][gc,metaspace   ] GC(469) Metaspace: 6360K(6528K)->6360K(6528K) NonClass: 5814K(5888K)->5814K(5888K) Class: 546K(640K)->546K(640K)
[26.948s][debug][gc,heap        ] GC(469) Heap after GC invocations=381 (full 89):
[26.948s][debug][gc,heap        ] GC(469)  def new generation   total 314560K, used 34905K [0x00000000c0000000, 0x00000000d5550000, 0x00000000d5550000)
[26.948s][debug][gc,heap        ] GC(469)   eden space 279616K,   0% used [0x00000000c0000000, 0x00000000c0000000, 0x00000000d1110000)
[26.948s][debug][gc,heap        ] GC(469)   from space 34944K,  99% used [0x00000000d1110000, 0x00000000d33265d0, 0x00000000d3330000)
[26.948s][debug][gc,heap        ] GC(469)   to   space 34944K,   0% used [0x00000000d3330000, 0x00000000d3330000, 0x00000000d5550000)
[26.948s][debug][gc,heap        ] GC(469)  tenured generation   total 699072K, used 317784K [0x00000000d5550000, 0x0000000100000000, 0x0000000100000000)
[26.948s][debug][gc,heap        ] GC(469)    the space 699072K,  45% used [0x00000000d5550000, 0x00000000e8ba63f8, 0x00000000e8ba6400, 0x0000000100000000)
[26.948s][debug][gc,heap        ] GC(469)  Metaspace       used 6360K, committed 6528K, reserved 1114112K
[26.948s][debug][gc,heap        ] GC(469)   class space    used 546K, committed 640K, reserved 1048576K
[26.948s][info ][gc             ] GC(469) Pause Young (Allocation Failure) 469M->344M(989M) 29.243ms
[26.948s][info ][gc,cpu         ] GC(469) User=0.03s Sys=0.00s Real=0.03s
[26.948s][info ][safepoint      ] Safepoint "GenCollectForAllocation", Time since last: 38873403 ns, Reaching safepoint: 3900 ns, Cleanup: 4800 ns, At safepoint: 29270303 ns, Total: 29279003 ns
[26.987s][info ][gc,start       ] GC(470) Pause Young (Allocation Failure)
[26.987s][debug][gc,heap        ] GC(470) Heap before GC invocations=381 (full 89):
[26.987s][debug][gc,heap        ] GC(470)  def new generation   total 314560K, used 314521K [0x00000000c0000000, 0x00000000d5550000, 0x00000000d5550000)
[26.987s][debug][gc,heap        ] GC(470)   eden space 279616K, 100% used [0x00000000c0000000, 0x00000000d1110000, 0x00000000d1110000)
[26.987s][debug][gc,heap        ] GC(470)   from space 34944K,  99% used [0x00000000d1110000, 0x00000000d33265d0, 0x00000000d3330000)
[26.987s][debug][gc,heap        ] GC(470)   to   space 34944K,   0% used [0x00000000d3330000, 0x00000000d3330000, 0x00000000d5550000)
[26.987s][debug][gc,heap        ] GC(470)  tenured generation   total 699072K, used 317784K [0x00000000d5550000, 0x0000000100000000, 0x0000000100000000)
[26.987s][debug][gc,heap        ] GC(470)    the space 699072K,  45% used [0x00000000d5550000, 0x00000000e8ba63f8, 0x00000000e8ba6400, 0x0000000100000000)
[26.987s][debug][gc,heap        ] GC(470)  Metaspace       used 6360K, committed 6528K, reserved 1114112K
[26.987s][debug][gc,heap        ] GC(470)   class space    used 546K, committed 640K, reserved 1048576K
[27.022s][info ][gc,heap        ] GC(470) DefNew: 314521K(314560K)->34905K(314560K) Eden: 279616K(279616K)->0K(279616K) From: 34905K(34944K)->34905K(34944K)
[27.023s][info ][gc,heap        ] GC(470) Tenured: 317784K(699072K)->440704K(699072K)
[27.023s][info ][gc,metaspace   ] GC(470) Metaspace: 6360K(6528K)->6360K(6528K) NonClass: 5814K(5888K)->5814K(5888K) Class: 546K(640K)->546K(640K)
[27.023s][debug][gc,heap        ] GC(470) Heap after GC invocations=382 (full 89):
[27.023s][debug][gc,heap        ] GC(470)  def new generation   total 314560K, used 34905K [0x00000000c0000000, 0x00000000d5550000, 0x00000000d5550000)
[27.023s][debug][gc,heap        ] GC(470)   eden space 279616K,   0% used [0x00000000c0000000, 0x00000000c0000000, 0x00000000d1110000)
[27.023s][debug][gc,heap        ] GC(470)   from space 34944K,  99% used [0x00000000d3330000, 0x00000000d55465d0, 0x00000000d5550000)
[27.023s][debug][gc,heap        ] GC(470)   to   space 34944K,   0% used [0x00000000d1110000, 0x00000000d1110000, 0x00000000d3330000)
[27.023s][debug][gc,heap        ] GC(470)  tenured generation   total 699072K, used 440704K [0x00000000d5550000, 0x0000000100000000, 0x0000000100000000)
[27.023s][debug][gc,heap        ] GC(470)    the space 699072K,  63% used [0x00000000d5550000, 0x00000000f03b00c8, 0x00000000f03b0200, 0x0000000100000000)
[27.023s][debug][gc,heap        ] GC(470)  Metaspace       used 6360K, committed 6528K, reserved 1114112K
[27.023s][debug][gc,heap        ] GC(470)   class space    used 546K, committed 640K, reserved 1048576K
[27.023s][info ][gc             ] GC(470) Pause Young (Allocation Failure) 617M->464M(989M) 35.899ms
[27.023s][info ][gc,cpu         ] GC(470) User=0.04s Sys=0.00s Real=0.04s
[27.023s][info ][safepoint      ] Safepoint "GenCollectForAllocation", Time since last: 38991303 ns, Reaching safepoint: 5200 ns, Cleanup: 4800 ns, At safepoint: 35930803 ns, Total: 35940803 ns
[27.058s][info ][gc,start       ] GC(471) Pause Young (Allocation Failure)
[27.058s][debug][gc,heap        ] GC(471) Heap before GC invocations=382 (full 89):
[27.058s][debug][gc,heap        ] GC(471)  def new generation   total 314560K, used 314521K [0x00000000c0000000, 0x00000000d5550000, 0x00000000d5550000)
[27.058s][debug][gc,heap        ] GC(471)   eden space 279616K, 100% used [0x00000000c0000000, 0x00000000d1110000, 0x00000000d1110000)
[27.058s][debug][gc,heap        ] GC(471)   from space 34944K,  99% used [0x00000000d3330000, 0x00000000d55465d0, 0x00000000d5550000)
[27.058s][debug][gc,heap        ] GC(471)   to   space 34944K,   0% used [0x00000000d1110000, 0x00000000d1110000, 0x00000000d3330000)
[27.058s][debug][gc,heap        ] GC(471)  tenured generation   total 699072K, used 440704K [0x00000000d5550000, 0x0000000100000000, 0x0000000100000000)
[27.058s][debug][gc,heap        ] GC(471)    the space 699072K,  63% used [0x00000000d5550000, 0x00000000f03b00c8, 0x00000000f03b0200, 0x0000000100000000)
[27.058s][debug][gc,heap        ] GC(471)  Metaspace       used 6360K, committed 6528K, reserved 1114112K
[27.058s][debug][gc,heap        ] GC(471)   class space    used 546K, committed 640K, reserved 1048576K
[27.086s][info ][gc,heap        ] GC(471) DefNew: 314521K(314560K)->34905K(314560K) Eden: 279616K(279616K)->0K(279616K) From: 34905K(34944K)->34905K(34944K)
[27.086s][info ][gc,heap        ] GC(471) Tenured: 440704K(699072K)->563723K(699072K)
[27.086s][info ][gc,metaspace   ] GC(471) Metaspace: 6360K(6528K)->6360K(6528K) NonClass: 5814K(5888K)->5814K(5888K) Class: 546K(640K)->546K(640K)
[27.086s][debug][gc,heap        ] GC(471) Heap after GC invocations=383 (full 89):
[27.086s][debug][gc,heap        ] GC(471)  def new generation   total 314560K, used 34905K [0x00000000c0000000, 0x00000000d5550000, 0x00000000d5550000)
[27.086s][debug][gc,heap        ] GC(471)   eden space 279616K,   0% used [0x00000000c0000000, 0x00000000c0000000, 0x00000000d1110000)
[27.086s][debug][gc,heap        ] GC(471)   from space 34944K,  99% used [0x00000000d1110000, 0x00000000d33265d0, 0x00000000d3330000)
[27.086s][debug][gc,heap        ] GC(471)   to   space 34944K,   0% used [0x00000000d3330000, 0x00000000d3330000, 0x00000000d5550000)
[27.086s][debug][gc,heap        ] GC(471)  tenured generation   total 699072K, used 563723K [0x00000000d5550000, 0x0000000100000000, 0x0000000100000000)
[27.086s][debug][gc,heap        ] GC(471)    the space 699072K,  80% used [0x00000000d5550000, 0x00000000f7bd2da8, 0x00000000f7bd2e00, 0x0000000100000000)
[27.086s][debug][gc,heap        ] GC(471)  Metaspace       used 6360K, committed 6528K, reserved 1114112K
[27.086s][debug][gc,heap        ] GC(471)   class space    used 546K, committed 640K, reserved 1048576K
[27.086s][info ][gc             ] GC(471) Pause Young (Allocation Failure) 737M->584M(989M) 28.016ms
[27.086s][info ][gc,cpu         ] GC(471) User=0.03s Sys=0.00s Real=0.03s
[27.086s][info ][safepoint      ] Safepoint "GenCollectForAllocation", Time since last: 35646303 ns, Reaching safepoint: 4100 ns, Cleanup: 4100 ns, At safepoint: 28045402 ns, Total: 28053602 ns
[27.122s][info ][gc,start       ] GC(472) Pause Young (Allocation Failure)
[27.122s][debug][gc,heap        ] GC(472) Heap before GC invocations=383 (full 89):
[27.122s][debug][gc,heap        ] GC(472)  def new generation   total 314560K, used 314521K [0x00000000c0000000, 0x00000000d5550000, 0x00000000d5550000)
[27.122s][debug][gc,heap        ] GC(472)   eden space 279616K, 100% used [0x00000000c0000000, 0x00000000d1110000, 0x00000000d1110000)
[27.122s][debug][gc,heap        ] GC(472)   from space 34944K,  99% used [0x00000000d1110000, 0x00000000d33265d0, 0x00000000d3330000)
[27.122s][debug][gc,heap        ] GC(472)   to   space 34944K,   0% used [0x00000000d3330000, 0x00000000d3330000, 0x00000000d5550000)
[27.122s][debug][gc,heap        ] GC(472)  tenured generation   total 699072K, used 563723K [0x00000000d5550000, 0x0000000100000000, 0x0000000100000000)
[27.122s][debug][gc,heap        ] GC(472)    the space 699072K,  80% used [0x00000000d5550000, 0x00000000f7bd2da8, 0x00000000f7bd2e00, 0x0000000100000000)
[27.122s][debug][gc,heap        ] GC(472)  Metaspace       used 6360K, committed 6528K, reserved 1114112K
[27.122s][debug][gc,heap        ] GC(472)   class space    used 546K, committed 640K, reserved 1048576K
[27.122s][debug][gc,heap        ] GC(472) Heap after GC invocations=384 (full 89):
[27.122s][debug][gc,heap        ] GC(472)  def new generation   total 314560K, used 314521K [0x00000000c0000000, 0x00000000d5550000, 0x00000000d5550000)
[27.122s][debug][gc,heap        ] GC(472)   eden space 279616K, 100% used [0x00000000c0000000, 0x00000000d1110000, 0x00000000d1110000)
[27.122s][debug][gc,heap        ] GC(472)   from space 34944K,  99% used [0x00000000d1110000, 0x00000000d33265d0, 0x00000000d3330000)
[27.122s][debug][gc,heap        ] GC(472)   to   space 34944K,   0% used [0x00000000d3330000, 0x00000000d3330000, 0x00000000d5550000)
[27.122s][debug][gc,heap        ] GC(472)  tenured generation   total 699072K, used 563723K [0x00000000d5550000, 0x0000000100000000, 0x0000000100000000)
[27.122s][debug][gc,heap        ] GC(472)    the space 699072K,  80% used [0x00000000d5550000, 0x00000000f7bd2da8, 0x00000000f7bd2e00, 0x0000000100000000)
[27.122s][debug][gc,heap        ] GC(472)  Metaspace       used 6360K, committed 6528K, reserved 1114112K
[27.122s][debug][gc,heap        ] GC(472)   class space    used 546K, committed 640K, reserved 1048576K
[27.122s][info ][gc             ] GC(472) Pause Young (Allocation Failure) 857M->857M(989M) 0.176ms
[27.122s][info ][gc,cpu         ] GC(472) User=0.00s Sys=0.00s Real=0.00s
[27.122s][info ][gc,start       ] GC(473) Pause Full (Allocation Failure)
[27.122s][debug][gc,heap        ] GC(473) Heap before GC invocations=384 (full 89):
[27.122s][debug][gc,heap        ] GC(473)  def new generation   total 314560K, used 314521K [0x00000000c0000000, 0x00000000d5550000, 0x00000000d5550000)
[27.122s][debug][gc,heap        ] GC(473)   eden space 279616K, 100% used [0x00000000c0000000, 0x00000000d1110000, 0x00000000d1110000)
[27.122s][debug][gc,heap        ] GC(473)   from space 34944K,  99% used [0x00000000d1110000, 0x00000000d33265d0, 0x00000000d3330000)
[27.122s][debug][gc,heap        ] GC(473)   to   space 34944K,   0% used [0x00000000d3330000, 0x00000000d3330000, 0x00000000d5550000)
[27.122s][debug][gc,heap        ] GC(473)  tenured generation   total 699072K, used 563723K [0x00000000d5550000, 0x0000000100000000, 0x0000000100000000)
[27.122s][debug][gc,heap        ] GC(473)    the space 699072K,  80% used [0x00000000d5550000, 0x00000000f7bd2da8, 0x00000000f7bd2e00, 0x0000000100000000)
[27.122s][debug][gc,heap        ] GC(473)  Metaspace       used 6360K, committed 6528K, reserved 1114112K
[27.122s][debug][gc,heap        ] GC(473)   class space    used 546K, committed 640K, reserved 1048576K
[27.122s][info ][gc,phases,start] GC(473) Phase 1: Mark live objects
[27.123s][info ][gc,phases      ] GC(473) Phase 1: Mark live objects 0.947ms
[27.123s][info ][gc,phases,start] GC(473) Phase 2: Compute new object addresses
[27.124s][info ][gc,phases      ] GC(473) Phase 2: Compute new object addresses 1.249ms
[27.124s][info ][gc,phases,start] GC(473) Phase 3: Adjust pointers
[27.125s][info ][gc,phases      ] GC(473) Phase 3: Adjust pointers 0.623ms
[27.125s][info ][gc,phases,start] GC(473) Phase 4: Move objects
[27.157s][info ][gc,phases      ] GC(473) Phase 4: Move objects 32.126ms
[27.157s][info ][gc,heap        ] GC(473) DefNew: 314521K(314560K)->0K(314560K) Eden: 279616K(279616K)->0K(279616K) From: 34905K(34944K)->0K(34944K)
[27.157s][info ][gc,heap        ] GC(473) Tenured: 563723K(699072K)->200766K(699072K)
[27.157s][info ][gc,metaspace   ] GC(473) Metaspace: 6360K(6528K)->6360K(6528K) NonClass: 5814K(5888K)->5814K(5888K) Class: 546K(640K)->546K(640K)
[27.157s][debug][gc,heap        ] GC(473) Heap after GC invocations=384 (full 90):
[27.157s][debug][gc,heap        ] GC(473)  def new generation   total 314560K, used 0K [0x00000000c0000000, 0x00000000d5550000, 0x00000000d5550000)
[27.157s][debug][gc,heap        ] GC(473)   eden space 279616K,   0% used [0x00000000c0000000, 0x00000000c0000000, 0x00000000d1110000)
[27.157s][debug][gc,heap        ] GC(473)   from space 34944K,   0% used [0x00000000d1110000, 0x00000000d1110000, 0x00000000d3330000)
[27.157s][debug][gc,heap        ] GC(473)   to   space 34944K,   0% used [0x00000000d3330000, 0x00000000d3330000, 0x00000000d5550000)
[27.157s][debug][gc,heap        ] GC(473)  tenured generation   total 699072K, used 200766K [0x00000000d5550000, 0x0000000100000000, 0x0000000100000000)
[27.157s][debug][gc,heap        ] GC(473)    the space 699072K,  28% used [0x00000000d5550000, 0x00000000e195fad8, 0x00000000e195fc00, 0x0000000100000000)
[27.157s][debug][gc,heap        ] GC(473)  Metaspace       used 6360K, committed 6528K, reserved 1114112K
[27.157s][debug][gc,heap        ] GC(473)   class space    used 546K, committed 640K, reserved 1048576K
[27.157s][info ][gc             ] GC(473) Pause Full (Allocation Failure) 857M->196M(989M) 35.285ms
[27.157s][info ][gc,cpu         ] GC(473) User=0.03s Sys=0.00s Real=0.03s
[27.157s][info ][safepoint      ] Safepoint "GenCollectForAllocation", Time since last: 35068803 ns, Reaching safepoint: 3300 ns, Cleanup: 3700 ns, At safepoint: 35495603 ns, Total: 35502603 ns
[27.190s][info ][gc,start       ] GC(474) Pause Young (Allocation Failure)
[27.190s][debug][gc,heap        ] GC(474) Heap before GC invocations=384 (full 90):
[27.190s][debug][gc,heap        ] GC(474)  def new generation   total 314560K, used 279616K [0x00000000c0000000, 0x00000000d5550000, 0x00000000d5550000)
[27.190s][debug][gc,heap        ] GC(474)   eden space 279616K, 100% used [0x00000000c0000000, 0x00000000d1110000, 0x00000000d1110000)
[27.190s][debug][gc,heap        ] GC(474)   from space 34944K,   0% used [0x00000000d1110000, 0x00000000d1110000, 0x00000000d3330000)
[27.190s][debug][gc,heap        ] GC(474)   to   space 34944K,   0% used [0x00000000d3330000, 0x00000000d3330000, 0x00000000d5550000)
[27.190s][debug][gc,heap        ] GC(474)  tenured generation   total 699072K, used 200766K [0x00000000d5550000, 0x0000000100000000, 0x0000000100000000)
[27.190s][debug][gc,heap        ] GC(474)    the space 699072K,  28% used [0x00000000d5550000, 0x00000000e195fad8, 0x00000000e195fc00, 0x0000000100000000)
[27.190s][debug][gc,heap        ] GC(474)  Metaspace       used 6360K, committed 6528K, reserved 1114112K
[27.190s][debug][gc,heap        ] GC(474)   class space    used 546K, committed 640K, reserved 1048576K
[27.215s][info ][gc,heap        ] GC(474) DefNew: 279616K(314560K)->34905K(314560K) Eden: 279616K(279616K)->0K(279616K) From: 0K(34944K)->34905K(34944K)
[27.215s][info ][gc,heap        ] GC(474) Tenured: 200766K(699072K)->316884K(699072K)
[27.215s][info ][gc,metaspace   ] GC(474) Metaspace: 6360K(6528K)->6360K(6528K) NonClass: 5814K(5888K)->5814K(5888K) Class: 546K(640K)->546K(640K)
[27.215s][debug][gc,heap        ] GC(474) Heap after GC invocations=385 (full 90):
[27.215s][debug][gc,heap        ] GC(474)  def new generation   total 314560K, used 34905K [0x00000000c0000000, 0x00000000d5550000, 0x00000000d5550000)
[27.215s][debug][gc,heap        ] GC(474)   eden space 279616K,   0% used [0x00000000c0000000, 0x00000000c0000000, 0x00000000d1110000)
[27.215s][debug][gc,heap        ] GC(474)   from space 34944K,  99% used [0x00000000d3330000, 0x00000000d55465d0, 0x00000000d5550000)
[27.215s][debug][gc,heap        ] GC(474)   to   space 34944K,   0% used [0x00000000d1110000, 0x00000000d1110000, 0x00000000d3330000)
[27.215s][debug][gc,heap        ] GC(474)  tenured generation   total 699072K, used 316884K [0x00000000d5550000, 0x0000000100000000, 0x0000000100000000)
[27.215s][debug][gc,heap        ] GC(474)    the space 699072K,  45% used [0x00000000d5550000, 0x00000000e8ac5368, 0x00000000e8ac5400, 0x0000000100000000)
[27.215s][debug][gc,heap        ] GC(474)  Metaspace       used 6360K, committed 6528K, reserved 1114112K
[27.215s][debug][gc,heap        ] GC(474)   class space    used 546K, committed 640K, reserved 1048576K
[27.215s][info ][gc             ] GC(474) Pause Young (Allocation Failure) 469M->343M(989M) 25.528ms
[27.215s][info ][gc,cpu         ] GC(474) User=0.03s Sys=0.00s Real=0.03s
[27.215s][info ][safepoint      ] Safepoint "GenCollectForAllocation", Time since last: 32540003 ns, Reaching safepoint: 3100 ns, Cleanup: 3800 ns, At safepoint: 25556202 ns, Total: 25563102 ns
[27.250s][info ][gc,start       ] GC(475) Pause Young (Allocation Failure)
[27.250s][debug][gc,heap        ] GC(475) Heap before GC invocations=385 (full 90):
[27.250s][debug][gc,heap        ] GC(475)  def new generation   total 314560K, used 314521K [0x00000000c0000000, 0x00000000d5550000, 0x00000000d5550000)
[27.250s][debug][gc,heap        ] GC(475)   eden space 279616K, 100% used [0x00000000c0000000, 0x00000000d1110000, 0x00000000d1110000)
[27.250s][debug][gc,heap        ] GC(475)   from space 34944K,  99% used [0x00000000d3330000, 0x00000000d55465d0, 0x00000000d5550000)
[27.250s][debug][gc,heap        ] GC(475)   to   space 34944K,   0% used [0x00000000d1110000, 0x00000000d1110000, 0x00000000d3330000)
[27.250s][debug][gc,heap        ] GC(475)  tenured generation   total 699072K, used 316884K [0x00000000d5550000, 0x0000000100000000, 0x0000000100000000)
[27.250s][debug][gc,heap        ] GC(475)    the space 699072K,  45% used [0x00000000d5550000, 0x00000000e8ac5368, 0x00000000e8ac5400, 0x0000000100000000)
[27.250s][debug][gc,heap        ] GC(475)  Metaspace       used 6360K, committed 6528K, reserved 1114112K
[27.250s][debug][gc,heap        ] GC(475)   class space    used 546K, committed 640K, reserved 1048576K
[27.277s][info ][gc,heap        ] GC(475) DefNew: 314521K(314560K)->34905K(314560K) Eden: 279616K(279616K)->0K(279616K) From: 34905K(34944K)->34905K(34944K)
[27.277s][info ][gc,heap        ] GC(475) Tenured: 316884K(699072K)->440204K(699072K)
[27.278s][info ][gc,metaspace   ] GC(475) Metaspace: 6360K(6528K)->6360K(6528K) NonClass: 5814K(5888K)->5814K(5888K) Class: 546K(640K)->546K(640K)
[27.278s][debug][gc,heap        ] GC(475) Heap after GC invocations=386 (full 90):
[27.278s][debug][gc,heap        ] GC(475)  def new generation   total 314560K, used 34905K [0x00000000c0000000, 0x00000000d5550000, 0x00000000d5550000)
[27.278s][debug][gc,heap        ] GC(475)   eden space 279616K,   0% used [0x00000000c0000000, 0x00000000c0000000, 0x00000000d1110000)
[27.278s][debug][gc,heap        ] GC(475)   from space 34944K,  99% used [0x00000000d1110000, 0x00000000d33265d0, 0x00000000d3330000)
[27.278s][debug][gc,heap        ] GC(475)   to   space 34944K,   0% used [0x00000000d3330000, 0x00000000d3330000, 0x00000000d5550000)
[27.278s][debug][gc,heap        ] GC(475)  tenured generation   total 699072K, used 440204K [0x00000000d5550000, 0x0000000100000000, 0x0000000100000000)
[27.278s][debug][gc,heap        ] GC(475)    the space 699072K,  62% used [0x00000000d5550000, 0x00000000f0333078, 0x00000000f0333200, 0x0000000100000000)
[27.278s][debug][gc,heap        ] GC(475)  Metaspace       used 6360K, committed 6528K, reserved 1114112K
[27.278s][debug][gc,heap        ] GC(475)   class space    used 546K, committed 640K, reserved 1048576K
[27.278s][info ][gc             ] GC(475) Pause Young (Allocation Failure) 616M->463M(989M) 27.789ms
[27.278s][info ][gc,cpu         ] GC(475) User=0.03s Sys=0.00s Real=0.03s
[27.278s][info ][safepoint      ] Safepoint "GenCollectForAllocation", Time since last: 34597603 ns, Reaching safepoint: 3300 ns, Cleanup: 3600 ns, At safepoint: 27814202 ns, Total: 27821102 ns
[27.311s][info ][gc,start       ] GC(476) Pause Young (Allocation Failure)
[27.311s][debug][gc,heap        ] GC(476) Heap before GC invocations=386 (full 90):
[27.311s][debug][gc,heap        ] GC(476)  def new generation   total 314560K, used 314521K [0x00000000c0000000, 0x00000000d5550000, 0x00000000d5550000)
[27.311s][debug][gc,heap        ] GC(476)   eden space 279616K, 100% used [0x00000000c0000000, 0x00000000d1110000, 0x00000000d1110000)
[27.311s][debug][gc,heap        ] GC(476)   from space 34944K,  99% used [0x00000000d1110000, 0x00000000d33265d0, 0x00000000d3330000)
[27.311s][debug][gc,heap        ] GC(476)   to   space 34944K,   0% used [0x00000000d3330000, 0x00000000d3330000, 0x00000000d5550000)
[27.311s][debug][gc,heap        ] GC(476)  tenured generation   total 699072K, used 440204K [0x00000000d5550000, 0x0000000100000000, 0x0000000100000000)
[27.311s][debug][gc,heap        ] GC(476)    the space 699072K,  62% used [0x00000000d5550000, 0x00000000f0333078, 0x00000000f0333200, 0x0000000100000000)
[27.311s][debug][gc,heap        ] GC(476)  Metaspace       used 6360K, committed 6528K, reserved 1114112K
[27.311s][debug][gc,heap        ] GC(476)   class space    used 546K, committed 640K, reserved 1048576K
[27.338s][info ][gc,heap        ] GC(476) DefNew: 314521K(314560K)->34905K(314560K) Eden: 279616K(279616K)->0K(279616K) From: 34905K(34944K)->34905K(34944K)
[27.338s][info ][gc,heap        ] GC(476) Tenured: 440204K(699072K)->562623K(699072K)
[27.338s][info ][gc,metaspace   ] GC(476) Metaspace: 6360K(6528K)->6360K(6528K) NonClass: 5814K(5888K)->5814K(5888K) Class: 546K(640K)->546K(640K)
[27.338s][debug][gc,heap        ] GC(476) Heap after GC invocations=387 (full 90):
[27.338s][debug][gc,heap        ] GC(476)  def new generation   total 314560K, used 34905K [0x00000000c0000000, 0x00000000d5550000, 0x00000000d5550000)
[27.338s][debug][gc,heap        ] GC(476)   eden space 279616K,   0% used [0x00000000c0000000, 0x00000000c0000000, 0x00000000d1110000)
[27.338s][debug][gc,heap        ] GC(476)   from space 34944K,  99% used [0x00000000d3330000, 0x00000000d55465d0, 0x00000000d5550000)
[27.338s][debug][gc,heap        ] GC(476)   to   space 34944K,   0% used [0x00000000d1110000, 0x00000000d1110000, 0x00000000d3330000)
[27.338s][debug][gc,heap        ] GC(476)  tenured generation   total 699072K, used 562623K [0x00000000d5550000, 0x0000000100000000, 0x0000000100000000)
[27.338s][debug][gc,heap        ] GC(476)    the space 699072K,  80% used [0x00000000d5550000, 0x00000000f7abfcf8, 0x00000000f7abfe00, 0x0000000100000000)
[27.338s][debug][gc,heap        ] GC(476)  Metaspace       used 6360K, committed 6528K, reserved 1114112K
[27.338s][debug][gc,heap        ] GC(476)   class space    used 546K, committed 640K, reserved 1048576K
[27.338s][info ][gc             ] GC(476) Pause Young (Allocation Failure) 737M->583M(989M) 26.962ms
[27.338s][info ][gc,cpu         ] GC(476) User=0.03s Sys=0.00s Real=0.02s
[27.338s][info ][safepoint      ] Safepoint "GenCollectForAllocation", Time since last: 33610203 ns, Reaching safepoint: 3800 ns, Cleanup: 4000 ns, At safepoint: 26988002 ns, Total: 26995802 ns
[27.373s][info ][gc,start       ] GC(477) Pause Young (Allocation Failure)
[27.373s][debug][gc,heap        ] GC(477) Heap before GC invocations=387 (full 90):
[27.373s][debug][gc,heap        ] GC(477)  def new generation   total 314560K, used 314521K [0x00000000c0000000, 0x00000000d5550000, 0x00000000d5550000)
[27.373s][debug][gc,heap        ] GC(477)   eden space 279616K, 100% used [0x00000000c0000000, 0x00000000d1110000, 0x00000000d1110000)
[27.373s][debug][gc,heap        ] GC(477)   from space 34944K,  99% used [0x00000000d3330000, 0x00000000d55465d0, 0x00000000d5550000)
[27.373s][debug][gc,heap        ] GC(477)   to   space 34944K,   0% used [0x00000000d1110000, 0x00000000d1110000, 0x00000000d3330000)
[27.373s][debug][gc,heap        ] GC(477)  tenured generation   total 699072K, used 562623K [0x00000000d5550000, 0x0000000100000000, 0x0000000100000000)
[27.373s][debug][gc,heap        ] GC(477)    the space 699072K,  80% used [0x00000000d5550000, 0x00000000f7abfcf8, 0x00000000f7abfe00, 0x0000000100000000)
[27.373s][debug][gc,heap        ] GC(477)  Metaspace       used 6360K, committed 6528K, reserved 1114112K
[27.373s][debug][gc,heap        ] GC(477)   class space    used 546K, committed 640K, reserved 1048576K
[27.373s][debug][gc,heap        ] GC(477) Heap after GC invocations=388 (full 90):
[27.373s][debug][gc,heap        ] GC(477)  def new generation   total 314560K, used 314521K [0x00000000c0000000, 0x00000000d5550000, 0x00000000d5550000)
[27.373s][debug][gc,heap        ] GC(477)   eden space 279616K, 100% used [0x00000000c0000000, 0x00000000d1110000, 0x00000000d1110000)
[27.373s][debug][gc,heap        ] GC(477)   from space 34944K,  99% used [0x00000000d3330000, 0x00000000d55465d0, 0x00000000d5550000)
[27.373s][debug][gc,heap        ] GC(477)   to   space 34944K,   0% used [0x00000000d1110000, 0x00000000d1110000, 0x00000000d3330000)
[27.373s][debug][gc,heap        ] GC(477)  tenured generation   total 699072K, used 562623K [0x00000000d5550000, 0x0000000100000000, 0x0000000100000000)
[27.373s][debug][gc,heap        ] GC(477)    the space 699072K,  80% used [0x00000000d5550000, 0x00000000f7abfcf8, 0x00000000f7abfe00, 0x0000000100000000)
[27.373s][debug][gc,heap        ] GC(477)  Metaspace       used 6360K, committed 6528K, reserved 1114112K
[27.373s][debug][gc,heap        ] GC(477)   class space    used 546K, committed 640K, reserved 1048576K
[27.373s][info ][gc             ] GC(477) Pause Young (Allocation Failure) 856M->856M(989M) 0.231ms
[27.373s][info ][gc,cpu         ] GC(477) User=0.00s Sys=0.00s Real=0.00s
[27.373s][info ][gc,start       ] GC(478) Pause Full (Allocation Failure)
[27.373s][debug][gc,heap        ] GC(478) Heap before GC invocations=388 (full 90):
[27.373s][debug][gc,heap        ] GC(478)  def new generation   total 314560K, used 314521K [0x00000000c0000000, 0x00000000d5550000, 0x00000000d5550000)
[27.373s][debug][gc,heap        ] GC(478)   eden space 279616K, 100% used [0x00000000c0000000, 0x00000000d1110000, 0x00000000d1110000)
[27.373s][debug][gc,heap        ] GC(478)   from space 34944K,  99% used [0x00000000d3330000, 0x00000000d55465d0, 0x00000000d5550000)
[27.373s][debug][gc,heap        ] GC(478)   to   space 34944K,   0% used [0x00000000d1110000, 0x00000000d1110000, 0x00000000d3330000)
[27.373s][debug][gc,heap        ] GC(478)  tenured generation   total 699072K, used 562623K [0x00000000d5550000, 0x0000000100000000, 0x0000000100000000)
[27.373s][debug][gc,heap        ] GC(478)    the space 699072K,  80% used [0x00000000d5550000, 0x00000000f7abfcf8, 0x00000000f7abfe00, 0x0000000100000000)
[27.373s][debug][gc,heap        ] GC(478)  Metaspace       used 6360K, committed 6528K, reserved 1114112K
[27.373s][debug][gc,heap        ] GC(478)   class space    used 546K, committed 640K, reserved 1048576K
[27.373s][info ][gc,phases,start] GC(478) Phase 1: Mark live objects
[27.374s][info ][gc,phases      ] GC(478) Phase 1: Mark live objects 0.936ms
[27.374s][info ][gc,phases,start] GC(478) Phase 2: Compute new object addresses
[27.375s][info ][gc,phases      ] GC(478) Phase 2: Compute new object addresses 1.341ms
[27.375s][info ][gc,phases,start] GC(478) Phase 3: Adjust pointers
[27.376s][info ][gc,phases      ] GC(478) Phase 3: Adjust pointers 0.714ms
[27.376s][info ][gc,phases,start] GC(478) Phase 4: Move objects
[27.410s][info ][gc,phases      ] GC(478) Phase 4: Move objects 34.424ms
[27.411s][info ][gc,heap        ] GC(478) DefNew: 314521K(314560K)->0K(314560K) Eden: 279616K(279616K)->0K(279616K) From: 34905K(34944K)->0K(34944K)
[27.411s][info ][gc,heap        ] GC(478) Tenured: 562623K(699072K)->224770K(699072K)
[27.411s][info ][gc,metaspace   ] GC(478) Metaspace: 6360K(6528K)->6360K(6528K) NonClass: 5814K(5888K)->5814K(5888K) Class: 546K(640K)->546K(640K)
[27.411s][debug][gc,heap        ] GC(478) Heap after GC invocations=388 (full 91):
[27.411s][debug][gc,heap        ] GC(478)  def new generation   total 314560K, used 0K [0x00000000c0000000, 0x00000000d5550000, 0x00000000d5550000)
[27.411s][debug][gc,heap        ] GC(478)   eden space 279616K,   0% used [0x00000000c0000000, 0x00000000c0000000, 0x00000000d1110000)
[27.411s][debug][gc,heap        ] GC(478)   from space 34944K,   0% used [0x00000000d3330000, 0x00000000d3330000, 0x00000000d5550000)
[27.411s][debug][gc,heap        ] GC(478)   to   space 34944K,   0% used [0x00000000d1110000, 0x00000000d1110000, 0x00000000d3330000)
[27.411s][debug][gc,heap        ] GC(478)  tenured generation   total 699072K, used 224770K [0x00000000d5550000, 0x0000000100000000, 0x0000000100000000)
[27.411s][debug][gc,heap        ] GC(478)    the space 699072K,  32% used [0x00000000d5550000, 0x00000000e30d09d8, 0x00000000e30d0a00, 0x0000000100000000)
[27.411s][debug][gc,heap        ] GC(478)  Metaspace       used 6360K, committed 6528K, reserved 1114112K
[27.411s][debug][gc,heap        ] GC(478)   class space    used 546K, committed 640K, reserved 1048576K
[27.411s][info ][gc             ] GC(478) Pause Full (Allocation Failure) 856M->219M(989M) 37.763ms
[27.411s][info ][gc,cpu         ] GC(478) User=0.03s Sys=0.00s Real=0.04s
[27.411s][info ][safepoint      ] Safepoint "GenCollectForAllocation", Time since last: 34445603 ns, Reaching safepoint: 3400 ns, Cleanup: 3800 ns, At safepoint: 38029803 ns, Total: 38037003 ns
[27.445s][info ][gc,start       ] GC(479) Pause Young (Allocation Failure)
[27.445s][debug][gc,heap        ] GC(479) Heap before GC invocations=388 (full 91):
[27.445s][debug][gc,heap        ] GC(479)  def new generation   total 314560K, used 279616K [0x00000000c0000000, 0x00000000d5550000, 0x00000000d5550000)
[27.445s][debug][gc,heap        ] GC(479)   eden space 279616K, 100% used [0x00000000c0000000, 0x00000000d1110000, 0x00000000d1110000)
[27.445s][debug][gc,heap        ] GC(479)   from space 34944K,   0% used [0x00000000d3330000, 0x00000000d3330000, 0x00000000d5550000)
[27.445s][debug][gc,heap        ] GC(479)   to   space 34944K,   0% used [0x00000000d1110000, 0x00000000d1110000, 0x00000000d3330000)
[27.445s][debug][gc,heap        ] GC(479)  tenured generation   total 699072K, used 224770K [0x00000000d5550000, 0x0000000100000000, 0x0000000100000000)
[27.445s][debug][gc,heap        ] GC(479)    the space 699072K,  32% used [0x00000000d5550000, 0x00000000e30d09d8, 0x00000000e30d0a00, 0x0000000100000000)
[27.445s][debug][gc,heap        ] GC(479)  Metaspace       used 6360K, committed 6528K, reserved 1114112K
[27.445s][debug][gc,heap        ] GC(479)   class space    used 546K, committed 640K, reserved 1048576K
[27.471s][info ][gc,heap        ] GC(479) DefNew: 279616K(314560K)->34905K(314560K) Eden: 279616K(279616K)->0K(279616K) From: 0K(34944K)->34905K(34944K)
[27.471s][info ][gc,heap        ] GC(479) Tenured: 224770K(699072K)->339288K(699072K)
[27.471s][info ][gc,metaspace   ] GC(479) Metaspace: 6360K(6528K)->6360K(6528K) NonClass: 5814K(5888K)->5814K(5888K) Class: 546K(640K)->546K(640K)
[27.471s][debug][gc,heap        ] GC(479) Heap after GC invocations=389 (full 91):
[27.471s][debug][gc,heap        ] GC(479)  def new generation   total 314560K, used 34905K [0x00000000c0000000, 0x00000000d5550000, 0x00000000d5550000)
[27.471s][debug][gc,heap        ] GC(479)   eden space 279616K,   0% used [0x00000000c0000000, 0x00000000c0000000, 0x00000000d1110000)
[27.471s][debug][gc,heap        ] GC(479)   from space 34944K,  99% used [0x00000000d1110000, 0x00000000d33265d0, 0x00000000d3330000)
[27.471s][debug][gc,heap        ] GC(479)   to   space 34944K,   0% used [0x00000000d3330000, 0x00000000d3330000, 0x00000000d5550000)
[27.471s][debug][gc,heap        ] GC(479)  tenured generation   total 699072K, used 339288K [0x00000000d5550000, 0x0000000100000000, 0x0000000100000000)
[27.471s][debug][gc,heap        ] GC(479)    the space 699072K,  48% used [0x00000000d5550000, 0x00000000ea0a6168, 0x00000000ea0a6200, 0x0000000100000000)
[27.471s][debug][gc,heap        ] GC(479)  Metaspace       used 6360K, committed 6528K, reserved 1114112K
[27.471s][debug][gc,heap        ] GC(479)   class space    used 546K, committed 640K, reserved 1048576K
[27.471s][info ][gc             ] GC(479) Pause Young (Allocation Failure) 492M->365M(989M) 26.117ms
[27.471s][info ][gc,cpu         ] GC(479) User=0.02s Sys=0.00s Real=0.03s
[27.471s][info ][safepoint      ] Safepoint "GenCollectForAllocation", Time since last: 34311503 ns, Reaching safepoint: 4100 ns, Cleanup: 3800 ns, At safepoint: 26210603 ns, Total: 26218503 ns
[27.508s][info ][gc,start       ] GC(480) Pause Young (Allocation Failure)
[27.508s][debug][gc,heap        ] GC(480) Heap before GC invocations=389 (full 91):
[27.508s][debug][gc,heap        ] GC(480)  def new generation   total 314560K, used 314521K [0x00000000c0000000, 0x00000000d5550000, 0x00000000d5550000)
[27.508s][debug][gc,heap        ] GC(480)   eden space 279616K, 100% used [0x00000000c0000000, 0x00000000d1110000, 0x00000000d1110000)
[27.508s][debug][gc,heap        ] GC(480)   from space 34944K,  99% used [0x00000000d1110000, 0x00000000d33265d0, 0x00000000d3330000)
[27.508s][debug][gc,heap        ] GC(480)   to   space 34944K,   0% used [0x00000000d3330000, 0x00000000d3330000, 0x00000000d5550000)
[27.508s][debug][gc,heap        ] GC(480)  tenured generation   total 699072K, used 339288K [0x00000000d5550000, 0x0000000100000000, 0x0000000100000000)
[27.508s][debug][gc,heap        ] GC(480)    the space 699072K,  48% used [0x00000000d5550000, 0x00000000ea0a6168, 0x00000000ea0a6200, 0x0000000100000000)
[27.508s][debug][gc,heap        ] GC(480)  Metaspace       used 6360K, committed 6528K, reserved 1114112K
[27.509s][debug][gc,heap        ] GC(480)   class space    used 546K, committed 640K, reserved 1048576K
[27.537s][info ][gc,heap        ] GC(480) DefNew: 314521K(314560K)->34905K(314560K) Eden: 279616K(279616K)->0K(279616K) From: 34905K(34944K)->34905K(34944K)
[27.537s][info ][gc,heap        ] GC(480) Tenured: 339288K(699072K)->463607K(699072K)
[27.537s][info ][gc,metaspace   ] GC(480) Metaspace: 6360K(6528K)->6360K(6528K) NonClass: 5814K(5888K)->5814K(5888K) Class: 546K(640K)->546K(640K)
[27.537s][debug][gc,heap        ] GC(480) Heap after GC invocations=390 (full 91):
[27.538s][debug][gc,heap        ] GC(480)  def new generation   total 314560K, used 34905K [0x00000000c0000000, 0x00000000d5550000, 0x00000000d5550000)
[27.538s][debug][gc,heap        ] GC(480)   eden space 279616K,   0% used [0x00000000c0000000, 0x00000000c0000000, 0x00000000d1110000)
[27.538s][debug][gc,heap        ] GC(480)   from space 34944K,  99% used [0x00000000d3330000, 0x00000000d55465d0, 0x00000000d5550000)
[27.538s][debug][gc,heap        ] GC(480)   to   space 34944K,   0% used [0x00000000d1110000, 0x00000000d1110000, 0x00000000d3330000)
[27.538s][debug][gc,heap        ] GC(480)  tenured generation   total 699072K, used 463607K [0x00000000d5550000, 0x0000000100000000, 0x0000000100000000)
[27.538s][debug][gc,heap        ] GC(480)    the space 699072K,  66% used [0x00000000d5550000, 0x00000000f1a0df18, 0x00000000f1a0e000, 0x0000000100000000)
[27.538s][debug][gc,heap        ] GC(480)  Metaspace       used 6360K, committed 6528K, reserved 1114112K
[27.538s][debug][gc,heap        ] GC(480)   class space    used 546K, committed 640K, reserved 1048576K
[27.538s][info ][gc             ] GC(480) Pause Young (Allocation Failure) 638M->486M(989M) 29.132ms
[27.538s][info ][gc,cpu         ] GC(480) User=0.03s Sys=0.00s Real=0.03s
[27.538s][info ][safepoint      ] Safepoint "GenCollectForAllocation", Time since last: 37187603 ns, Reaching safepoint: 5100 ns, Cleanup: 6200 ns, At safepoint: 29169602 ns, Total: 29180902 ns
[27.571s][info ][gc,start       ] GC(481) Pause Young (Allocation Failure)
[27.571s][debug][gc,heap        ] GC(481) Heap before GC invocations=390 (full 91):
[27.571s][debug][gc,heap        ] GC(481)  def new generation   total 314560K, used 314521K [0x00000000c0000000, 0x00000000d5550000, 0x00000000d5550000)
[27.571s][debug][gc,heap        ] GC(481)   eden space 279616K, 100% used [0x00000000c0000000, 0x00000000d1110000, 0x00000000d1110000)
[27.571s][debug][gc,heap        ] GC(481)   from space 34944K,  99% used [0x00000000d3330000, 0x00000000d55465d0, 0x00000000d5550000)
[27.571s][debug][gc,heap        ] GC(481)   to   space 34944K,   0% used [0x00000000d1110000, 0x00000000d1110000, 0x00000000d3330000)
[27.571s][debug][gc,heap        ] GC(481)  tenured generation   total 699072K, used 463607K [0x00000000d5550000, 0x0000000100000000, 0x0000000100000000)
[27.571s][debug][gc,heap        ] GC(481)    the space 699072K,  66% used [0x00000000d5550000, 0x00000000f1a0df18, 0x00000000f1a0e000, 0x0000000100000000)
[27.571s][debug][gc,heap        ] GC(481)  Metaspace       used 6360K, committed 6528K, reserved 1114112K
[27.571s][debug][gc,heap        ] GC(481)   class space    used 546K, committed 640K, reserved 1048576K
[27.600s][info ][gc,heap        ] GC(481) DefNew: 314521K(314560K)->34905K(314560K) Eden: 279616K(279616K)->0K(279616K) From: 34905K(34944K)->34905K(34944K)
[27.600s][info ][gc,heap        ] GC(481) Tenured: 463607K(699072K)->587227K(699072K)
[27.600s][info ][gc,metaspace   ] GC(481) Metaspace: 6360K(6528K)->6360K(6528K) NonClass: 5814K(5888K)->5814K(5888K) Class: 546K(640K)->546K(640K)
[27.600s][debug][gc,heap        ] GC(481) Heap after GC invocations=391 (full 91):
[27.600s][debug][gc,heap        ] GC(481)  def new generation   total 314560K, used 34905K [0x00000000c0000000, 0x00000000d5550000, 0x00000000d5550000)
[27.600s][debug][gc,heap        ] GC(481)   eden space 279616K,   0% used [0x00000000c0000000, 0x00000000c0000000, 0x00000000d1110000)
[27.600s][debug][gc,heap        ] GC(481)   from space 34944K,  99% used [0x00000000d1110000, 0x00000000d33265d0, 0x00000000d3330000)
[27.600s][debug][gc,heap        ] GC(481)   to   space 34944K,   0% used [0x00000000d3330000, 0x00000000d3330000, 0x00000000d5550000)
[27.600s][debug][gc,heap        ] GC(481)  tenured generation   total 699072K, used 587227K [0x00000000d5550000, 0x0000000100000000, 0x0000000100000000)
[27.600s][debug][gc,heap        ] GC(481)    the space 699072K,  84% used [0x00000000d5550000, 0x00000000f92c6c58, 0x00000000f92c6e00, 0x0000000100000000)
[27.600s][debug][gc,heap        ] GC(481)  Metaspace       used 6360K, committed 6528K, reserved 1114112K
[27.600s][debug][gc,heap        ] GC(481)   class space    used 546K, committed 640K, reserved 1048576K
[27.600s][info ][gc             ] GC(481) Pause Young (Allocation Failure) 759M->607M(989M) 28.824ms
[27.600s][info ][gc,cpu         ] GC(481) User=0.03s Sys=0.00s Real=0.02s
[27.600s][info ][safepoint      ] Safepoint "GenCollectForAllocation", Time since last: 33410103 ns, Reaching safepoint: 3900 ns, Cleanup: 3800 ns, At safepoint: 28850402 ns, Total: 28858102 ns
[27.635s][info ][gc,start       ] GC(482) Pause Young (Allocation Failure)
[27.635s][debug][gc,heap        ] GC(482) Heap before GC invocations=391 (full 91):
[27.635s][debug][gc,heap        ] GC(482)  def new generation   total 314560K, used 314521K [0x00000000c0000000, 0x00000000d5550000, 0x00000000d5550000)
[27.635s][debug][gc,heap        ] GC(482)   eden space 279616K, 100% used [0x00000000c0000000, 0x00000000d1110000, 0x00000000d1110000)
[27.635s][debug][gc,heap        ] GC(482)   from space 34944K,  99% used [0x00000000d1110000, 0x00000000d33265d0, 0x00000000d3330000)
[27.635s][debug][gc,heap        ] GC(482)   to   space 34944K,   0% used [0x00000000d3330000, 0x00000000d3330000, 0x00000000d5550000)
[27.635s][debug][gc,heap        ] GC(482)  tenured generation   total 699072K, used 587227K [0x00000000d5550000, 0x0000000100000000, 0x0000000100000000)
[27.635s][debug][gc,heap        ] GC(482)    the space 699072K,  84% used [0x00000000d5550000, 0x00000000f92c6c58, 0x00000000f92c6e00, 0x0000000100000000)
[27.635s][debug][gc,heap        ] GC(482)  Metaspace       used 6360K, committed 6528K, reserved 1114112K
[27.635s][debug][gc,heap        ] GC(482)   class space    used 546K, committed 640K, reserved 1048576K
[27.635s][debug][gc,heap        ] GC(482) Heap after GC invocations=392 (full 91):
[27.635s][debug][gc,heap        ] GC(482)  def new generation   total 314560K, used 314521K [0x00000000c0000000, 0x00000000d5550000, 0x00000000d5550000)
[27.635s][debug][gc,heap        ] GC(482)   eden space 279616K, 100% used [0x00000000c0000000, 0x00000000d1110000, 0x00000000d1110000)
[27.635s][debug][gc,heap        ] GC(482)   from space 34944K,  99% used [0x00000000d1110000, 0x00000000d33265d0, 0x00000000d3330000)
[27.635s][debug][gc,heap        ] GC(482)   to   space 34944K,   0% used [0x00000000d3330000, 0x00000000d3330000, 0x00000000d5550000)
[27.635s][debug][gc,heap        ] GC(482)  tenured generation   total 699072K, used 587227K [0x00000000d5550000, 0x0000000100000000, 0x0000000100000000)
[27.635s][debug][gc,heap        ] GC(482)    the space 699072K,  84% used [0x00000000d5550000, 0x00000000f92c6c58, 0x00000000f92c6e00, 0x0000000100000000)
[27.635s][debug][gc,heap        ] GC(482)  Metaspace       used 6360K, committed 6528K, reserved 1114112K
[27.635s][debug][gc,heap        ] GC(482)   class space    used 546K, committed 640K, reserved 1048576K
[27.635s][info ][gc             ] GC(482) Pause Young (Allocation Failure) 880M->880M(989M) 0.247ms
[27.635s][info ][gc,cpu         ] GC(482) User=0.00s Sys=0.00s Real=0.00s
[27.635s][info ][gc,start       ] GC(483) Pause Full (Allocation Failure)
[27.635s][debug][gc,heap        ] GC(483) Heap before GC invocations=392 (full 91):
[27.635s][debug][gc,heap        ] GC(483)  def new generation   total 314560K, used 314521K [0x00000000c0000000, 0x00000000d5550000, 0x00000000d5550000)
[27.635s][debug][gc,heap        ] GC(483)   eden space 279616K, 100% used [0x00000000c0000000, 0x00000000d1110000, 0x00000000d1110000)
[27.635s][debug][gc,heap        ] GC(483)   from space 34944K,  99% used [0x00000000d1110000, 0x00000000d33265d0, 0x00000000d3330000)
[27.635s][debug][gc,heap        ] GC(483)   to   space 34944K,   0% used [0x00000000d3330000, 0x00000000d3330000, 0x00000000d5550000)
[27.635s][debug][gc,heap        ] GC(483)  tenured generation   total 699072K, used 587227K [0x00000000d5550000, 0x0000000100000000, 0x0000000100000000)
[27.635s][debug][gc,heap        ] GC(483)    the space 699072K,  84% used [0x00000000d5550000, 0x00000000f92c6c58, 0x00000000f92c6e00, 0x0000000100000000)
[27.635s][debug][gc,heap        ] GC(483)  Metaspace       used 6360K, committed 6528K, reserved 1114112K
[27.635s][debug][gc,heap        ] GC(483)   class space    used 546K, committed 640K, reserved 1048576K
[27.635s][info ][gc,phases,start] GC(483) Phase 1: Mark live objects
[27.636s][info ][gc,phases      ] GC(483) Phase 1: Mark live objects 0.956ms
[27.636s][info ][gc,phases,start] GC(483) Phase 2: Compute new object addresses
[27.638s][info ][gc,phases      ] GC(483) Phase 2: Compute new object addresses 1.275ms
[27.638s][info ][gc,phases,start] GC(483) Phase 3: Adjust pointers
[27.638s][info ][gc,phases      ] GC(483) Phase 3: Adjust pointers 0.644ms
[27.638s][info ][gc,phases,start] GC(483) Phase 4: Move objects
[27.672s][info ][gc,phases      ] GC(483) Phase 4: Move objects 34.192ms
[27.673s][info ][gc,heap        ] GC(483) DefNew: 314521K(314560K)->0K(314560K) Eden: 279616K(279616K)->0K(279616K) From: 34905K(34944K)->0K(34944K)
[27.673s][info ][gc,heap        ] GC(483) Tenured: 587227K(699072K)->200766K(699072K)
[27.673s][info ][gc,metaspace   ] GC(483) Metaspace: 6360K(6528K)->6360K(6528K) NonClass: 5814K(5888K)->5814K(5888K) Class: 546K(640K)->546K(640K)
[27.673s][debug][gc,heap        ] GC(483) Heap after GC invocations=392 (full 92):
[27.673s][debug][gc,heap        ] GC(483)  def new generation   total 314560K, used 0K [0x00000000c0000000, 0x00000000d5550000, 0x00000000d5550000)
[27.673s][debug][gc,heap        ] GC(483)   eden space 279616K,   0% used [0x00000000c0000000, 0x00000000c0000000, 0x00000000d1110000)
[27.673s][debug][gc,heap        ] GC(483)   from space 34944K,   0% used [0x00000000d1110000, 0x00000000d1110000, 0x00000000d3330000)
[27.673s][debug][gc,heap        ] GC(483)   to   space 34944K,   0% used [0x00000000d3330000, 0x00000000d3330000, 0x00000000d5550000)
[27.673s][debug][gc,heap        ] GC(483)  tenured generation   total 699072K, used 200766K [0x00000000d5550000, 0x0000000100000000, 0x0000000100000000)
[27.673s][debug][gc,heap        ] GC(483)    the space 699072K,  28% used [0x00000000d5550000, 0x00000000e195fad8, 0x00000000e195fc00, 0x0000000100000000)
[27.673s][debug][gc,heap        ] GC(483)  Metaspace       used 6360K, committed 6528K, reserved 1114112K
[27.673s][debug][gc,heap        ] GC(483)   class space    used 546K, committed 640K, reserved 1048576K
[27.673s][info ][gc             ] GC(483) Pause Full (Allocation Failure) 880M->196M(989M) 37.461ms
[27.673s][info ][gc,cpu         ] GC(483) User=0.04s Sys=0.00s Real=0.04s
[27.673s][info ][safepoint      ] Safepoint "GenCollectForAllocation", Time since last: 35202703 ns, Reaching safepoint: 4700 ns, Cleanup: 4100 ns, At safepoint: 37747404 ns, Total: 37756204 ns
[27.708s][info ][gc,start       ] GC(484) Pause Young (Allocation Failure)
[27.708s][debug][gc,heap        ] GC(484) Heap before GC invocations=392 (full 92):
[27.708s][debug][gc,heap        ] GC(484)  def new generation   total 314560K, used 279616K [0x00000000c0000000, 0x00000000d5550000, 0x00000000d5550000)
[27.708s][debug][gc,heap        ] GC(484)   eden space 279616K, 100% used [0x00000000c0000000, 0x00000000d1110000, 0x00000000d1110000)
[27.708s][debug][gc,heap        ] GC(484)   from space 34944K,   0% used [0x00000000d1110000, 0x00000000d1110000, 0x00000000d3330000)
[27.708s][debug][gc,heap        ] GC(484)   to   space 34944K,   0% used [0x00000000d3330000, 0x00000000d3330000, 0x00000000d5550000)
[27.708s][debug][gc,heap        ] GC(484)  tenured generation   total 699072K, used 200766K [0x00000000d5550000, 0x0000000100000000, 0x0000000100000000)
[27.708s][debug][gc,heap        ] GC(484)    the space 699072K,  28% used [0x00000000d5550000, 0x00000000e195fad8, 0x00000000e195fc00, 0x0000000100000000)
[27.708s][debug][gc,heap        ] GC(484)  Metaspace       used 6360K, committed 6528K, reserved 1114112K
[27.708s][debug][gc,heap        ] GC(484)   class space    used 546K, committed 640K, reserved 1048576K
[27.732s][info ][gc,heap        ] GC(484) DefNew: 279616K(314560K)->34905K(314560K) Eden: 279616K(279616K)->0K(279616K) From: 0K(34944K)->34905K(34944K)
[27.732s][info ][gc,heap        ] GC(484) Tenured: 200766K(699072K)->316684K(699072K)
[27.732s][info ][gc,metaspace   ] GC(484) Metaspace: 6360K(6528K)->6360K(6528K) NonClass: 5814K(5888K)->5814K(5888K) Class: 546K(640K)->546K(640K)
[27.732s][debug][gc,heap        ] GC(484) Heap after GC invocations=393 (full 92):
[27.732s][debug][gc,heap        ] GC(484)  def new generation   total 314560K, used 34905K [0x00000000c0000000, 0x00000000d5550000, 0x00000000d5550000)
[27.732s][debug][gc,heap        ] GC(484)   eden space 279616K,   0% used [0x00000000c0000000, 0x00000000c0000000, 0x00000000d1110000)
[27.732s][debug][gc,heap        ] GC(484)   from space 34944K,  99% used [0x00000000d3330000, 0x00000000d55465d0, 0x00000000d5550000)
[27.732s][debug][gc,heap        ] GC(484)   to   space 34944K,   0% used [0x00000000d1110000, 0x00000000d1110000, 0x00000000d3330000)
[27.732s][debug][gc,heap        ] GC(484)  tenured generation   total 699072K, used 316684K [0x00000000d5550000, 0x0000000100000000, 0x0000000100000000)
[27.732s][debug][gc,heap        ] GC(484)    the space 699072K,  45% used [0x00000000d5550000, 0x00000000e8a93348, 0x00000000e8a93400, 0x0000000100000000)
[27.732s][debug][gc,heap        ] GC(484)  Metaspace       used 6360K, committed 6528K, reserved 1114112K
[27.732s][debug][gc,heap        ] GC(484)   class space    used 546K, committed 640K, reserved 1048576K
[27.732s][info ][gc             ] GC(484) Pause Young (Allocation Failure) 469M->343M(989M) 23.899ms
[27.732s][info ][gc,cpu         ] GC(484) User=0.03s Sys=0.00s Real=0.03s
[27.732s][info ][safepoint      ] Safepoint "GenCollectForAllocation", Time since last: 34973702 ns, Reaching safepoint: 3300 ns, Cleanup: 3800 ns, At safepoint: 23925102 ns, Total: 23932202 ns
[27.764s][info ][gc,start       ] GC(485) Pause Young (Allocation Failure)
[27.764s][debug][gc,heap        ] GC(485) Heap before GC invocations=393 (full 92):
[27.764s][debug][gc,heap        ] GC(485)  def new generation   total 314560K, used 314521K [0x00000000c0000000, 0x00000000d5550000, 0x00000000d5550000)
[27.764s][debug][gc,heap        ] GC(485)   eden space 279616K, 100% used [0x00000000c0000000, 0x00000000d1110000, 0x00000000d1110000)
[27.765s][debug][gc,heap        ] GC(485)   from space 34944K,  99% used [0x00000000d3330000, 0x00000000d55465d0, 0x00000000d5550000)
[27.765s][debug][gc,heap        ] GC(485)   to   space 34944K,   0% used [0x00000000d1110000, 0x00000000d1110000, 0x00000000d3330000)
[27.765s][debug][gc,heap        ] GC(485)  tenured generation   total 699072K, used 316684K [0x00000000d5550000, 0x0000000100000000, 0x0000000100000000)
[27.765s][debug][gc,heap        ] GC(485)    the space 699072K,  45% used [0x00000000d5550000, 0x00000000e8a93348, 0x00000000e8a93400, 0x0000000100000000)
[27.765s][debug][gc,heap        ] GC(485)  Metaspace       used 6360K, committed 6528K, reserved 1114112K
[27.765s][debug][gc,heap        ] GC(485)   class space    used 546K, committed 640K, reserved 1048576K
[27.792s][info ][gc,heap        ] GC(485) DefNew: 314521K(314560K)->34905K(314560K) Eden: 279616K(279616K)->0K(279616K) From: 34905K(34944K)->34905K(34944K)
[27.792s][info ][gc,heap        ] GC(485) Tenured: 316684K(699072K)->438103K(699072K)
[27.792s][info ][gc,metaspace   ] GC(485) Metaspace: 6360K(6528K)->6360K(6528K) NonClass: 5814K(5888K)->5814K(5888K) Class: 546K(640K)->546K(640K)
[27.792s][debug][gc,heap        ] GC(485) Heap after GC invocations=394 (full 92):
[27.792s][debug][gc,heap        ] GC(485)  def new generation   total 314560K, used 34905K [0x00000000c0000000, 0x00000000d5550000, 0x00000000d5550000)
[27.792s][debug][gc,heap        ] GC(485)   eden space 279616K,   0% used [0x00000000c0000000, 0x00000000c0000000, 0x00000000d1110000)
[27.792s][debug][gc,heap        ] GC(485)   from space 34944K,  99% used [0x00000000d1110000, 0x00000000d33265d0, 0x00000000d3330000)
[27.792s][debug][gc,heap        ] GC(485)   to   space 34944K,   0% used [0x00000000d3330000, 0x00000000d3330000, 0x00000000d5550000)
[27.792s][debug][gc,heap        ] GC(485)  tenured generation   total 699072K, used 438103K [0x00000000d5550000, 0x0000000100000000, 0x0000000100000000)
[27.792s][debug][gc,heap        ] GC(485)    the space 699072K,  62% used [0x00000000d5550000, 0x00000000f0125f28, 0x00000000f0126000, 0x0000000100000000)
[27.792s][debug][gc,heap        ] GC(485)  Metaspace       used 6360K, committed 6528K, reserved 1114112K
[27.792s][debug][gc,heap        ] GC(485)   class space    used 546K, committed 640K, reserved 1048576K
[27.792s][info ][gc             ] GC(485) Pause Young (Allocation Failure) 616M->461M(989M) 27.378ms
[27.792s][info ][gc,cpu         ] GC(485) User=0.03s Sys=0.00s Real=0.03s
[27.792s][info ][safepoint      ] Safepoint "GenCollectForAllocation", Time since last: 32715503 ns, Reaching safepoint: 3200 ns, Cleanup: 3600 ns, At safepoint: 27401503 ns, Total: 27408303 ns
[27.831s][info ][gc,start       ] GC(486) Pause Young (Allocation Failure)
[27.831s][debug][gc,heap        ] GC(486) Heap before GC invocations=394 (full 92):
[27.831s][debug][gc,heap        ] GC(486)  def new generation   total 314560K, used 314521K [0x00000000c0000000, 0x00000000d5550000, 0x00000000d5550000)
[27.831s][debug][gc,heap        ] GC(486)   eden space 279616K, 100% used [0x00000000c0000000, 0x00000000d1110000, 0x00000000d1110000)
[27.831s][debug][gc,heap        ] GC(486)   from space 34944K,  99% used [0x00000000d1110000, 0x00000000d33265d0, 0x00000000d3330000)
[27.831s][debug][gc,heap        ] GC(486)   to   space 34944K,   0% used [0x00000000d3330000, 0x00000000d3330000, 0x00000000d5550000)
[27.831s][debug][gc,heap        ] GC(486)  tenured generation   total 699072K, used 438103K [0x00000000d5550000, 0x0000000100000000, 0x0000000100000000)
[27.831s][debug][gc,heap        ] GC(486)    the space 699072K,  62% used [0x00000000d5550000, 0x00000000f0125f28, 0x00000000f0126000, 0x0000000100000000)
[27.831s][debug][gc,heap        ] GC(486)  Metaspace       used 6360K, committed 6528K, reserved 1114112K
[27.831s][debug][gc,heap        ] GC(486)   class space    used 546K, committed 640K, reserved 1048576K
[27.861s][info ][gc,heap        ] GC(486) DefNew: 314521K(314560K)->34905K(314560K) Eden: 279616K(279616K)->0K(279616K) From: 34905K(34944K)->34905K(34944K)
[27.861s][info ][gc,heap        ] GC(486) Tenured: 438103K(699072K)->560122K(699072K)
[27.861s][info ][gc,metaspace   ] GC(486) Metaspace: 6360K(6528K)->6360K(6528K) NonClass: 5814K(5888K)->5814K(5888K) Class: 546K(640K)->546K(640K)
[27.861s][debug][gc,heap        ] GC(486) Heap after GC invocations=395 (full 92):
[27.861s][debug][gc,heap        ] GC(486)  def new generation   total 314560K, used 34905K [0x00000000c0000000, 0x00000000d5550000, 0x00000000d5550000)
[27.861s][debug][gc,heap        ] GC(486)   eden space 279616K,   0% used [0x00000000c0000000, 0x00000000c0000000, 0x00000000d1110000)
[27.861s][debug][gc,heap        ] GC(486)   from space 34944K,  99% used [0x00000000d3330000, 0x00000000d55465d0, 0x00000000d5550000)
[27.861s][debug][gc,heap        ] GC(486)   to   space 34944K,   0% used [0x00000000d1110000, 0x00000000d1110000, 0x00000000d3330000)
[27.861s][debug][gc,heap        ] GC(486)  tenured generation   total 699072K, used 560122K [0x00000000d5550000, 0x0000000100000000, 0x0000000100000000)
[27.861s][debug][gc,heap        ] GC(486)    the space 699072K,  80% used [0x00000000d5550000, 0x00000000f784eb68, 0x00000000f784ec00, 0x0000000100000000)
[27.861s][debug][gc,heap        ] GC(486)  Metaspace       used 6360K, committed 6528K, reserved 1114112K
[27.861s][debug][gc,heap        ] GC(486)   class space    used 546K, committed 640K, reserved 1048576K
[27.861s][info ][gc             ] GC(486) Pause Young (Allocation Failure) 734M->581M(989M) 30.251ms
[27.861s][info ][gc,cpu         ] GC(486) User=0.03s Sys=0.00s Real=0.03s
[27.861s][info ][safepoint      ] Safepoint "GenCollectForAllocation", Time since last: 38958303 ns, Reaching safepoint: 4000 ns, Cleanup: 3900 ns, At safepoint: 30278702 ns, Total: 30286602 ns
[27.899s][info ][gc,start       ] GC(487) Pause Young (Allocation Failure)
[27.899s][debug][gc,heap        ] GC(487) Heap before GC invocations=395 (full 92):
[27.899s][debug][gc,heap        ] GC(487)  def new generation   total 314560K, used 314521K [0x00000000c0000000, 0x00000000d5550000, 0x00000000d5550000)
[27.899s][debug][gc,heap        ] GC(487)   eden space 279616K, 100% used [0x00000000c0000000, 0x00000000d1110000, 0x00000000d1110000)
[27.899s][debug][gc,heap        ] GC(487)   from space 34944K,  99% used [0x00000000d3330000, 0x00000000d55465d0, 0x00000000d5550000)
[27.899s][debug][gc,heap        ] GC(487)   to   space 34944K,   0% used [0x00000000d1110000, 0x00000000d1110000, 0x00000000d3330000)
[27.899s][debug][gc,heap        ] GC(487)  tenured generation   total 699072K, used 560122K [0x00000000d5550000, 0x0000000100000000, 0x0000000100000000)
[27.899s][debug][gc,heap        ] GC(487)    the space 699072K,  80% used [0x00000000d5550000, 0x00000000f784eb68, 0x00000000f784ec00, 0x0000000100000000)
[27.899s][debug][gc,heap        ] GC(487)  Metaspace       used 6360K, committed 6528K, reserved 1114112K
[27.899s][debug][gc,heap        ] GC(487)   class space    used 546K, committed 640K, reserved 1048576K
[27.899s][debug][gc,heap        ] GC(487) Heap after GC invocations=396 (full 92):
[27.899s][debug][gc,heap        ] GC(487)  def new generation   total 314560K, used 314521K [0x00000000c0000000, 0x00000000d5550000, 0x00000000d5550000)
[27.899s][debug][gc,heap        ] GC(487)   eden space 279616K, 100% used [0x00000000c0000000, 0x00000000d1110000, 0x00000000d1110000)
[27.899s][debug][gc,heap        ] GC(487)   from space 34944K,  99% used [0x00000000d3330000, 0x00000000d55465d0, 0x00000000d5550000)
[27.899s][debug][gc,heap        ] GC(487)   to   space 34944K,   0% used [0x00000000d1110000, 0x00000000d1110000, 0x00000000d3330000)
[27.899s][debug][gc,heap        ] GC(487)  tenured generation   total 699072K, used 560122K [0x00000000d5550000, 0x0000000100000000, 0x0000000100000000)
[27.899s][debug][gc,heap        ] GC(487)    the space 699072K,  80% used [0x00000000d5550000, 0x00000000f784eb68, 0x00000000f784ec00, 0x0000000100000000)
[27.899s][debug][gc,heap        ] GC(487)  Metaspace       used 6360K, committed 6528K, reserved 1114112K
[27.900s][debug][gc,heap        ] GC(487)   class space    used 546K, committed 640K, reserved 1048576K
[27.900s][info ][gc             ] GC(487) Pause Young (Allocation Failure) 854M->854M(989M) 0.251ms
[27.900s][info ][gc,cpu         ] GC(487) User=0.00s Sys=0.00s Real=0.00s
[27.900s][info ][gc,start       ] GC(488) Pause Full (Allocation Failure)
[27.900s][debug][gc,heap        ] GC(488) Heap before GC invocations=396 (full 92):
[27.900s][debug][gc,heap        ] GC(488)  def new generation   total 314560K, used 314521K [0x00000000c0000000, 0x00000000d5550000, 0x00000000d5550000)
[27.900s][debug][gc,heap        ] GC(488)   eden space 279616K, 100% used [0x00000000c0000000, 0x00000000d1110000, 0x00000000d1110000)
[27.900s][debug][gc,heap        ] GC(488)   from space 34944K,  99% used [0x00000000d3330000, 0x00000000d55465d0, 0x00000000d5550000)
[27.900s][debug][gc,heap        ] GC(488)   to   space 34944K,   0% used [0x00000000d1110000, 0x00000000d1110000, 0x00000000d3330000)
[27.900s][debug][gc,heap        ] GC(488)  tenured generation   total 699072K, used 560122K [0x00000000d5550000, 0x0000000100000000, 0x0000000100000000)
[27.900s][debug][gc,heap        ] GC(488)    the space 699072K,  80% used [0x00000000d5550000, 0x00000000f784eb68, 0x00000000f784ec00, 0x0000000100000000)
[27.900s][debug][gc,heap        ] GC(488)  Metaspace       used 6360K, committed 6528K, reserved 1114112K
[27.900s][debug][gc,heap        ] GC(488)   class space    used 546K, committed 640K, reserved 1048576K
[27.900s][info ][gc,phases,start] GC(488) Phase 1: Mark live objects
[27.901s][info ][gc,phases      ] GC(488) Phase 1: Mark live objects 1.073ms
[27.901s][info ][gc,phases,start] GC(488) Phase 2: Compute new object addresses
[27.902s][info ][gc,phases      ] GC(488) Phase 2: Compute new object addresses 1.326ms
[27.902s][info ][gc,phases,start] GC(488) Phase 3: Adjust pointers
[27.903s][info ][gc,phases      ] GC(488) Phase 3: Adjust pointers 0.876ms
[27.903s][info ][gc,phases,start] GC(488) Phase 4: Move objects
[27.938s][info ][gc,phases      ] GC(488) Phase 4: Move objects 34.874ms
[27.938s][info ][gc,heap        ] GC(488) DefNew: 314521K(314560K)->0K(314560K) Eden: 279616K(279616K)->0K(279616K) From: 34905K(34944K)->0K(34944K)
[27.938s][info ][gc,heap        ] GC(488) Tenured: 560122K(699072K)->200766K(699072K)
[27.938s][info ][gc,metaspace   ] GC(488) Metaspace: 6360K(6528K)->6360K(6528K) NonClass: 5814K(5888K)->5814K(5888K) Class: 546K(640K)->546K(640K)
[27.938s][debug][gc,heap        ] GC(488) Heap after GC invocations=396 (full 93):
[27.938s][debug][gc,heap        ] GC(488)  def new generation   total 314560K, used 0K [0x00000000c0000000, 0x00000000d5550000, 0x00000000d5550000)
[27.938s][debug][gc,heap        ] GC(488)   eden space 279616K,   0% used [0x00000000c0000000, 0x00000000c0000000, 0x00000000d1110000)
[27.938s][debug][gc,heap        ] GC(488)   from space 34944K,   0% used [0x00000000d3330000, 0x00000000d3330000, 0x00000000d5550000)
[27.938s][debug][gc,heap        ] GC(488)   to   space 34944K,   0% used [0x00000000d1110000, 0x00000000d1110000, 0x00000000d3330000)
[27.938s][debug][gc,heap        ] GC(488)  tenured generation   total 699072K, used 200766K [0x00000000d5550000, 0x0000000100000000, 0x0000000100000000)
[27.938s][debug][gc,heap        ] GC(488)    the space 699072K,  28% used [0x00000000d5550000, 0x00000000e195fad8, 0x00000000e195fc00, 0x0000000100000000)
[27.938s][debug][gc,heap        ] GC(488)  Metaspace       used 6360K, committed 6528K, reserved 1114112K
[27.938s][debug][gc,heap        ] GC(488)   class space    used 546K, committed 640K, reserved 1048576K
[27.938s][info ][gc             ] GC(488) Pause Full (Allocation Failure) 854M->196M(989M) 38.406ms
[27.938s][info ][gc,cpu         ] GC(488) User=0.04s Sys=0.00s Real=0.04s
[27.938s][info ][safepoint      ] Safepoint "GenCollectForAllocation", Time since last: 38300304 ns, Reaching safepoint: 4200 ns, Cleanup: 3900 ns, At safepoint: 38709903 ns, Total: 38718003 ns
[27.973s][info ][gc,start       ] GC(489) Pause Young (Allocation Failure)
[27.973s][debug][gc,heap        ] GC(489) Heap before GC invocations=396 (full 93):
[27.973s][debug][gc,heap        ] GC(489)  def new generation   total 314560K, used 279616K [0x00000000c0000000, 0x00000000d5550000, 0x00000000d5550000)
[27.973s][debug][gc,heap        ] GC(489)   eden space 279616K, 100% used [0x00000000c0000000, 0x00000000d1110000, 0x00000000d1110000)
[27.973s][debug][gc,heap        ] GC(489)   from space 34944K,   0% used [0x00000000d3330000, 0x00000000d3330000, 0x00000000d5550000)
[27.973s][debug][gc,heap        ] GC(489)   to   space 34944K,   0% used [0x00000000d1110000, 0x00000000d1110000, 0x00000000d3330000)
[27.973s][debug][gc,heap        ] GC(489)  tenured generation   total 699072K, used 200766K [0x00000000d5550000, 0x0000000100000000, 0x0000000100000000)
[27.973s][debug][gc,heap        ] GC(489)    the space 699072K,  28% used [0x00000000d5550000, 0x00000000e195fad8, 0x00000000e195fc00, 0x0000000100000000)
[27.973s][debug][gc,heap        ] GC(489)  Metaspace       used 6360K, committed 6528K, reserved 1114112K
[27.973s][debug][gc,heap        ] GC(489)   class space    used 546K, committed 640K, reserved 1048576K
[27.997s][info ][gc,heap        ] GC(489) DefNew: 279616K(314560K)->34905K(314560K) Eden: 279616K(279616K)->0K(279616K) From: 0K(34944K)->34905K(34944K)
[27.997s][info ][gc,heap        ] GC(489) Tenured: 200766K(699072K)->316684K(699072K)
[27.997s][info ][gc,metaspace   ] GC(489) Metaspace: 6360K(6528K)->6360K(6528K) NonClass: 5814K(5888K)->5814K(5888K) Class: 546K(640K)->546K(640K)
[27.997s][debug][gc,heap        ] GC(489) Heap after GC invocations=397 (full 93):
[27.997s][debug][gc,heap        ] GC(489)  def new generation   total 314560K, used 34905K [0x00000000c0000000, 0x00000000d5550000, 0x00000000d5550000)
[27.997s][debug][gc,heap        ] GC(489)   eden space 279616K,   0% used [0x00000000c0000000, 0x00000000c0000000, 0x00000000d1110000)
[27.997s][debug][gc,heap        ] GC(489)   from space 34944K,  99% used [0x00000000d1110000, 0x00000000d33265d0, 0x00000000d3330000)
[27.997s][debug][gc,heap        ] GC(489)   to   space 34944K,   0% used [0x00000000d3330000, 0x00000000d3330000, 0x00000000d5550000)
[27.997s][debug][gc,heap        ] GC(489)  tenured generation   total 699072K, used 316684K [0x00000000d5550000, 0x0000000100000000, 0x0000000100000000)
[27.997s][debug][gc,heap        ] GC(489)    the space 699072K,  45% used [0x00000000d5550000, 0x00000000e8a93348, 0x00000000e8a93400, 0x0000000100000000)
[27.997s][debug][gc,heap        ] GC(489)  Metaspace       used 6360K, committed 6528K, reserved 1114112K
[27.997s][debug][gc,heap        ] GC(489)   class space    used 546K, committed 640K, reserved 1048576K
[27.997s][info ][gc             ] GC(489) Pause Young (Allocation Failure) 469M->343M(989M) 24.212ms
[27.997s][info ][gc,cpu         ] GC(489) User=0.02s Sys=0.00s Real=0.02s
[27.997s][info ][safepoint      ] Safepoint "GenCollectForAllocation", Time since last: 34620403 ns, Reaching safepoint: 3800 ns, Cleanup: 3900 ns, At safepoint: 24237402 ns, Total: 24245102 ns
[28.030s][info ][gc,start       ] GC(490) Pause Young (Allocation Failure)
[28.030s][debug][gc,heap        ] GC(490) Heap before GC invocations=397 (full 93):
[28.030s][debug][gc,heap        ] GC(490)  def new generation   total 314560K, used 314521K [0x00000000c0000000, 0x00000000d5550000, 0x00000000d5550000)
[28.030s][debug][gc,heap        ] GC(490)   eden space 279616K, 100% used [0x00000000c0000000, 0x00000000d1110000, 0x00000000d1110000)
[28.030s][debug][gc,heap        ] GC(490)   from space 34944K,  99% used [0x00000000d1110000, 0x00000000d33265d0, 0x00000000d3330000)
[28.030s][debug][gc,heap        ] GC(490)   to   space 34944K,   0% used [0x00000000d3330000, 0x00000000d3330000, 0x00000000d5550000)
[28.030s][debug][gc,heap        ] GC(490)  tenured generation   total 699072K, used 316684K [0x00000000d5550000, 0x0000000100000000, 0x0000000100000000)
[28.030s][debug][gc,heap        ] GC(490)    the space 699072K,  45% used [0x00000000d5550000, 0x00000000e8a93348, 0x00000000e8a93400, 0x0000000100000000)
[28.030s][debug][gc,heap        ] GC(490)  Metaspace       used 6360K, committed 6528K, reserved 1114112K
[28.030s][debug][gc,heap        ] GC(490)   class space    used 546K, committed 640K, reserved 1048576K
[28.058s][info ][gc,heap        ] GC(490) DefNew: 314521K(314560K)->34905K(314560K) Eden: 279616K(279616K)->0K(279616K) From: 34905K(34944K)->34905K(34944K)
[28.058s][info ][gc,heap        ] GC(490) Tenured: 316684K(699072K)->438903K(699072K)
[28.058s][info ][gc,metaspace   ] GC(490) Metaspace: 6360K(6528K)->6360K(6528K) NonClass: 5814K(5888K)->5814K(5888K) Class: 546K(640K)->546K(640K)
[28.058s][debug][gc,heap        ] GC(490) Heap after GC invocations=398 (full 93):
[28.058s][debug][gc,heap        ] GC(490)  def new generation   total 314560K, used 34905K [0x00000000c0000000, 0x00000000d5550000, 0x00000000d5550000)
[28.058s][debug][gc,heap        ] GC(490)   eden space 279616K,   0% used [0x00000000c0000000, 0x00000000c0000000, 0x00000000d1110000)
[28.058s][debug][gc,heap        ] GC(490)   from space 34944K,  99% used [0x00000000d3330000, 0x00000000d55465d0, 0x00000000d5550000)
[28.058s][debug][gc,heap        ] GC(490)   to   space 34944K,   0% used [0x00000000d1110000, 0x00000000d1110000, 0x00000000d3330000)
[28.058s][debug][gc,heap        ] GC(490)  tenured generation   total 699072K, used 438903K [0x00000000d5550000, 0x0000000100000000, 0x0000000100000000)
[28.058s][debug][gc,heap        ] GC(490)    the space 699072K,  62% used [0x00000000d5550000, 0x00000000f01edfa8, 0x00000000f01ee000, 0x0000000100000000)
[28.058s][debug][gc,heap        ] GC(490)  Metaspace       used 6360K, committed 6528K, reserved 1114112K
[28.058s][debug][gc,heap        ] GC(490)   class space    used 546K, committed 640K, reserved 1048576K
[28.058s][info ][gc             ] GC(490) Pause Young (Allocation Failure) 616M->462M(989M) 28.049ms
[28.058s][info ][gc,cpu         ] GC(490) User=0.03s Sys=0.00s Real=0.03s
[28.058s][info ][safepoint      ] Safepoint "GenCollectForAllocation", Time since last: 32877903 ns, Reaching safepoint: 3200 ns, Cleanup: 3600 ns, At safepoint: 28075202 ns, Total: 28082002 ns
[28.092s][info ][gc,start       ] GC(491) Pause Young (Allocation Failure)
[28.092s][debug][gc,heap        ] GC(491) Heap before GC invocations=398 (full 93):
[28.092s][debug][gc,heap        ] GC(491)  def new generation   total 314560K, used 314521K [0x00000000c0000000, 0x00000000d5550000, 0x00000000d5550000)
[28.092s][debug][gc,heap        ] GC(491)   eden space 279616K, 100% used [0x00000000c0000000, 0x00000000d1110000, 0x00000000d1110000)
[28.092s][debug][gc,heap        ] GC(491)   from space 34944K,  99% used [0x00000000d3330000, 0x00000000d55465d0, 0x00000000d5550000)
[28.092s][debug][gc,heap        ] GC(491)   to   space 34944K,   0% used [0x00000000d1110000, 0x00000000d1110000, 0x00000000d3330000)
[28.092s][debug][gc,heap        ] GC(491)  tenured generation   total 699072K, used 438903K [0x00000000d5550000, 0x0000000100000000, 0x0000000100000000)
[28.092s][debug][gc,heap        ] GC(491)    the space 699072K,  62% used [0x00000000d5550000, 0x00000000f01edfa8, 0x00000000f01ee000, 0x0000000100000000)
[28.092s][debug][gc,heap        ] GC(491)  Metaspace       used 6360K, committed 6528K, reserved 1114112K
[28.092s][debug][gc,heap        ] GC(491)   class space    used 546K, committed 640K, reserved 1048576K
[28.120s][info ][gc,heap        ] GC(491) DefNew: 314521K(314560K)->34905K(314560K) Eden: 279616K(279616K)->0K(279616K) From: 34905K(34944K)->34905K(34944K)
[28.120s][info ][gc,heap        ] GC(491) Tenured: 438903K(699072K)->559822K(699072K)
[28.120s][info ][gc,metaspace   ] GC(491) Metaspace: 6360K(6528K)->6360K(6528K) NonClass: 5814K(5888K)->5814K(5888K) Class: 546K(640K)->546K(640K)
[28.120s][debug][gc,heap        ] GC(491) Heap after GC invocations=399 (full 93):
[28.120s][debug][gc,heap        ] GC(491)  def new generation   total 314560K, used 34905K [0x00000000c0000000, 0x00000000d5550000, 0x00000000d5550000)
[28.120s][debug][gc,heap        ] GC(491)   eden space 279616K,   0% used [0x00000000c0000000, 0x00000000c0000000, 0x00000000d1110000)
[28.120s][debug][gc,heap        ] GC(491)   from space 34944K,  99% used [0x00000000d1110000, 0x00000000d33265d0, 0x00000000d3330000)
[28.120s][debug][gc,heap        ] GC(491)   to   space 34944K,   0% used [0x00000000d3330000, 0x00000000d3330000, 0x00000000d5550000)
[28.120s][debug][gc,heap        ] GC(491)  tenured generation   total 699072K, used 559822K [0x00000000d5550000, 0x0000000100000000, 0x0000000100000000)
[28.120s][debug][gc,heap        ] GC(491)    the space 699072K,  80% used [0x00000000d5550000, 0x00000000f7803b38, 0x00000000f7803c00, 0x0000000100000000)
[28.120s][debug][gc,heap        ] GC(491)  Metaspace       used 6360K, committed 6528K, reserved 1114112K
[28.120s][debug][gc,heap        ] GC(491)   class space    used 546K, committed 640K, reserved 1048576K
[28.120s][info ][gc             ] GC(491) Pause Young (Allocation Failure) 735M->580M(989M) 28.282ms
[28.120s][info ][gc,cpu         ] GC(491) User=0.02s Sys=0.00s Real=0.02s
[28.120s][info ][safepoint      ] Safepoint "GenCollectForAllocation", Time since last: 33758003 ns, Reaching safepoint: 3800 ns, Cleanup: 4000 ns, At safepoint: 28316702 ns, Total: 28324502 ns
[28.155s][info ][gc,start       ] GC(492) Pause Young (Allocation Failure)
[28.155s][debug][gc,heap        ] GC(492) Heap before GC invocations=399 (full 93):
[28.155s][debug][gc,heap        ] GC(492)  def new generation   total 314560K, used 314521K [0x00000000c0000000, 0x00000000d5550000, 0x00000000d5550000)
[28.155s][debug][gc,heap        ] GC(492)   eden space 279616K, 100% used [0x00000000c0000000, 0x00000000d1110000, 0x00000000d1110000)
[28.155s][debug][gc,heap        ] GC(492)   from space 34944K,  99% used [0x00000000d1110000, 0x00000000d33265d0, 0x00000000d3330000)
[28.155s][debug][gc,heap        ] GC(492)   to   space 34944K,   0% used [0x00000000d3330000, 0x00000000d3330000, 0x00000000d5550000)
[28.155s][debug][gc,heap        ] GC(492)  tenured generation   total 699072K, used 559822K [0x00000000d5550000, 0x0000000100000000, 0x0000000100000000)
[28.155s][debug][gc,heap        ] GC(492)    the space 699072K,  80% used [0x00000000d5550000, 0x00000000f7803b38, 0x00000000f7803c00, 0x0000000100000000)
[28.155s][debug][gc,heap        ] GC(492)  Metaspace       used 6360K, committed 6528K, reserved 1114112K
[28.155s][debug][gc,heap        ] GC(492)   class space    used 546K, committed 640K, reserved 1048576K
[28.155s][debug][gc,heap        ] GC(492) Heap after GC invocations=400 (full 93):
[28.155s][debug][gc,heap        ] GC(492)  def new generation   total 314560K, used 314521K [0x00000000c0000000, 0x00000000d5550000, 0x00000000d5550000)
[28.155s][debug][gc,heap        ] GC(492)   eden space 279616K, 100% used [0x00000000c0000000, 0x00000000d1110000, 0x00000000d1110000)
[28.155s][debug][gc,heap        ] GC(492)   from space 34944K,  99% used [0x00000000d1110000, 0x00000000d33265d0, 0x00000000d3330000)
[28.155s][debug][gc,heap        ] GC(492)   to   space 34944K,   0% used [0x00000000d3330000, 0x00000000d3330000, 0x00000000d5550000)
[28.156s][debug][gc,heap        ] GC(492)  tenured generation   total 699072K, used 559822K [0x00000000d5550000, 0x0000000100000000, 0x0000000100000000)
[28.156s][debug][gc,heap        ] GC(492)    the space 699072K,  80% used [0x00000000d5550000, 0x00000000f7803b38, 0x00000000f7803c00, 0x0000000100000000)
[28.156s][debug][gc,heap        ] GC(492)  Metaspace       used 6360K, committed 6528K, reserved 1114112K
[28.156s][debug][gc,heap        ] GC(492)   class space    used 546K, committed 640K, reserved 1048576K
[28.156s][info ][gc             ] GC(492) Pause Young (Allocation Failure) 853M->853M(989M) 0.104ms
[28.156s][info ][gc,cpu         ] GC(492) User=0.00s Sys=0.00s Real=0.00s
[28.156s][info ][gc,start       ] GC(493) Pause Full (Allocation Failure)
[28.156s][debug][gc,heap        ] GC(493) Heap before GC invocations=400 (full 93):
[28.156s][debug][gc,heap        ] GC(493)  def new generation   total 314560K, used 314521K [0x00000000c0000000, 0x00000000d5550000, 0x00000000d5550000)
[28.156s][debug][gc,heap        ] GC(493)   eden space 279616K, 100% used [0x00000000c0000000, 0x00000000d1110000, 0x00000000d1110000)
[28.156s][debug][gc,heap        ] GC(493)   from space 34944K,  99% used [0x00000000d1110000, 0x00000000d33265d0, 0x00000000d3330000)
[28.156s][debug][gc,heap        ] GC(493)   to   space 34944K,   0% used [0x00000000d3330000, 0x00000000d3330000, 0x00000000d5550000)
[28.156s][debug][gc,heap        ] GC(493)  tenured generation   total 699072K, used 559822K [0x00000000d5550000, 0x0000000100000000, 0x0000000100000000)
[28.156s][debug][gc,heap        ] GC(493)    the space 699072K,  80% used [0x00000000d5550000, 0x00000000f7803b38, 0x00000000f7803c00, 0x0000000100000000)
[28.156s][debug][gc,heap        ] GC(493)  Metaspace       used 6360K, committed 6528K, reserved 1114112K
[28.156s][debug][gc,heap        ] GC(493)   class space    used 546K, committed 640K, reserved 1048576K
[28.156s][info ][gc,phases,start] GC(493) Phase 1: Mark live objects
[28.157s][info ][gc,phases      ] GC(493) Phase 1: Mark live objects 0.915ms
[28.157s][info ][gc,phases,start] GC(493) Phase 2: Compute new object addresses
[28.158s][info ][gc,phases      ] GC(493) Phase 2: Compute new object addresses 1.231ms
[28.158s][info ][gc,phases,start] GC(493) Phase 3: Adjust pointers
[28.158s][info ][gc,phases      ] GC(493) Phase 3: Adjust pointers 0.628ms
[28.158s][info ][gc,phases,start] GC(493) Phase 4: Move objects
[28.199s][info ][gc,phases      ] GC(493) Phase 4: Move objects 40.573ms
[28.199s][info ][gc,heap        ] GC(493) DefNew: 314521K(314560K)->0K(314560K) Eden: 279616K(279616K)->0K(279616K) From: 34905K(34944K)->0K(34944K)
[28.199s][info ][gc,heap        ] GC(493) Tenured: 559822K(699072K)->200766K(699072K)
[28.199s][info ][gc,metaspace   ] GC(493) Metaspace: 6360K(6528K)->6360K(6528K) NonClass: 5814K(5888K)->5814K(5888K) Class: 546K(640K)->546K(640K)
[28.199s][debug][gc,heap        ] GC(493) Heap after GC invocations=400 (full 94):
[28.199s][debug][gc,heap        ] GC(493)  def new generation   total 314560K, used 0K [0x00000000c0000000, 0x00000000d5550000, 0x00000000d5550000)
[28.199s][debug][gc,heap        ] GC(493)   eden space 279616K,   0% used [0x00000000c0000000, 0x00000000c0000000, 0x00000000d1110000)
[28.199s][debug][gc,heap        ] GC(493)   from space 34944K,   0% used [0x00000000d1110000, 0x00000000d1110000, 0x00000000d3330000)
[28.199s][debug][gc,heap        ] GC(493)   to   space 34944K,   0% used [0x00000000d3330000, 0x00000000d3330000, 0x00000000d5550000)
[28.199s][debug][gc,heap        ] GC(493)  tenured generation   total 699072K, used 200766K [0x00000000d5550000, 0x0000000100000000, 0x0000000100000000)
[28.199s][debug][gc,heap        ] GC(493)    the space 699072K,  28% used [0x00000000d5550000, 0x00000000e195fad8, 0x00000000e195fc00, 0x0000000100000000)
[28.199s][debug][gc,heap        ] GC(493)  Metaspace       used 6360K, committed 6528K, reserved 1114112K
[28.199s][debug][gc,heap        ] GC(493)   class space    used 546K, committed 640K, reserved 1048576K
[28.199s][info ][gc             ] GC(493) Pause Full (Allocation Failure) 853M->196M(989M) 43.719ms
[28.199s][info ][gc,cpu         ] GC(493) User=0.04s Sys=0.00s Real=0.04s
[28.199s][info ][safepoint      ] Safepoint "GenCollectForAllocation", Time since last: 35417303 ns, Reaching safepoint: 3400 ns, Cleanup: 3900 ns, At safepoint: 43892804 ns, Total: 43900104 ns
[28.237s][info ][gc,start       ] GC(494) Pause Young (Allocation Failure)
[28.237s][debug][gc,heap        ] GC(494) Heap before GC invocations=400 (full 94):
[28.237s][debug][gc,heap        ] GC(494)  def new generation   total 314560K, used 279616K [0x00000000c0000000, 0x00000000d5550000, 0x00000000d5550000)
[28.237s][debug][gc,heap        ] GC(494)   eden space 279616K, 100% used [0x00000000c0000000, 0x00000000d1110000, 0x00000000d1110000)
[28.237s][debug][gc,heap        ] GC(494)   from space 34944K,   0% used [0x00000000d1110000, 0x00000000d1110000, 0x00000000d3330000)
[28.237s][debug][gc,heap        ] GC(494)   to   space 34944K,   0% used [0x00000000d3330000, 0x00000000d3330000, 0x00000000d5550000)
[28.237s][debug][gc,heap        ] GC(494)  tenured generation   total 699072K, used 200766K [0x00000000d5550000, 0x0000000100000000, 0x0000000100000000)
[28.237s][debug][gc,heap        ] GC(494)    the space 699072K,  28% used [0x00000000d5550000, 0x00000000e195fad8, 0x00000000e195fc00, 0x0000000100000000)
[28.237s][debug][gc,heap        ] GC(494)  Metaspace       used 6360K, committed 6528K, reserved 1114112K
[28.237s][debug][gc,heap        ] GC(494)   class space    used 546K, committed 640K, reserved 1048576K
[28.268s][info ][gc,heap        ] GC(494) DefNew: 279616K(314560K)->34905K(314560K) Eden: 279616K(279616K)->0K(279616K) From: 0K(34944K)->34905K(34944K)
[28.268s][info ][gc,heap        ] GC(494) Tenured: 200766K(699072K)->315084K(699072K)
[28.268s][info ][gc,metaspace   ] GC(494) Metaspace: 6360K(6528K)->6360K(6528K) NonClass: 5814K(5888K)->5814K(5888K) Class: 546K(640K)->546K(640K)
[28.268s][debug][gc,heap        ] GC(494) Heap after GC invocations=401 (full 94):
[28.268s][debug][gc,heap        ] GC(494)  def new generation   total 314560K, used 34905K [0x00000000c0000000, 0x00000000d5550000, 0x00000000d5550000)
[28.268s][debug][gc,heap        ] GC(494)   eden space 279616K,   0% used [0x00000000c0000000, 0x00000000c0000000, 0x00000000d1110000)
[28.268s][debug][gc,heap        ] GC(494)   from space 34944K,  99% used [0x00000000d3330000, 0x00000000d55465d0, 0x00000000d5550000)
[28.268s][debug][gc,heap        ] GC(494)   to   space 34944K,   0% used [0x00000000d1110000, 0x00000000d1110000, 0x00000000d3330000)
[28.268s][debug][gc,heap        ] GC(494)  tenured generation   total 699072K, used 315084K [0x00000000d5550000, 0x0000000100000000, 0x0000000100000000)
[28.268s][debug][gc,heap        ] GC(494)    the space 699072K,  45% used [0x00000000d5550000, 0x00000000e8903248, 0x00000000e8903400, 0x0000000100000000)
[28.268s][debug][gc,heap        ] GC(494)  Metaspace       used 6360K, committed 6528K, reserved 1114112K
[28.268s][debug][gc,heap        ] GC(494)   class space    used 546K, committed 640K, reserved 1048576K
[28.268s][info ][gc             ] GC(494) Pause Young (Allocation Failure) 469M->341M(989M) 31.028ms
[28.268s][info ][gc,cpu         ] GC(494) User=0.03s Sys=0.00s Real=0.03s
[28.268s][info ][safepoint      ] Safepoint "GenCollectForAllocation", Time since last: 37344503 ns, Reaching safepoint: 3300 ns, Cleanup: 3800 ns, At safepoint: 31066003 ns, Total: 31073103 ns
[28.305s][info ][gc,start       ] GC(495) Pause Young (Allocation Failure)
[28.305s][debug][gc,heap        ] GC(495) Heap before GC invocations=401 (full 94):
[28.305s][debug][gc,heap        ] GC(495)  def new generation   total 314560K, used 314521K [0x00000000c0000000, 0x00000000d5550000, 0x00000000d5550000)
[28.305s][debug][gc,heap        ] GC(495)   eden space 279616K, 100% used [0x00000000c0000000, 0x00000000d1110000, 0x00000000d1110000)
[28.305s][debug][gc,heap        ] GC(495)   from space 34944K,  99% used [0x00000000d3330000, 0x00000000d55465d0, 0x00000000d5550000)
[28.305s][debug][gc,heap        ] GC(495)   to   space 34944K,   0% used [0x00000000d1110000, 0x00000000d1110000, 0x00000000d3330000)
[28.305s][debug][gc,heap        ] GC(495)  tenured generation   total 699072K, used 315084K [0x00000000d5550000, 0x0000000100000000, 0x0000000100000000)
[28.305s][debug][gc,heap        ] GC(495)    the space 699072K,  45% used [0x00000000d5550000, 0x00000000e8903248, 0x00000000e8903400, 0x0000000100000000)
[28.305s][debug][gc,heap        ] GC(495)  Metaspace       used 6360K, committed 6528K, reserved 1114112K
[28.305s][debug][gc,heap        ] GC(495)   class space    used 546K, committed 640K, reserved 1048576K
[28.337s][info ][gc,heap        ] GC(495) DefNew: 314521K(314560K)->34905K(314560K) Eden: 279616K(279616K)->0K(279616K) From: 34905K(34944K)->34905K(34944K)
[28.337s][info ][gc,heap        ] GC(495) Tenured: 315084K(699072K)->439504K(699072K)
[28.337s][info ][gc,metaspace   ] GC(495) Metaspace: 6360K(6528K)->6360K(6528K) NonClass: 5814K(5888K)->5814K(5888K) Class: 546K(640K)->546K(640K)
[28.337s][debug][gc,heap        ] GC(495) Heap after GC invocations=402 (full 94):
[28.338s][debug][gc,heap        ] GC(495)  def new generation   total 314560K, used 34905K [0x00000000c0000000, 0x00000000d5550000, 0x00000000d5550000)
[28.338s][debug][gc,heap        ] GC(495)   eden space 279616K,   0% used [0x00000000c0000000, 0x00000000c0000000, 0x00000000d1110000)
[28.338s][debug][gc,heap        ] GC(495)   from space 34944K,  99% used [0x00000000d1110000, 0x00000000d33265d0, 0x00000000d3330000)
[28.338s][debug][gc,heap        ] GC(495)   to   space 34944K,   0% used [0x00000000d3330000, 0x00000000d3330000, 0x00000000d5550000)
[28.338s][debug][gc,heap        ] GC(495)  tenured generation   total 699072K, used 439504K [0x00000000d5550000, 0x0000000100000000, 0x0000000100000000)
[28.338s][debug][gc,heap        ] GC(495)    the space 699072K,  62% used [0x00000000d5550000, 0x00000000f0284008, 0x00000000f0284200, 0x0000000100000000)
[28.338s][debug][gc,heap        ] GC(495)  Metaspace       used 6360K, committed 6528K, reserved 1114112K
[28.338s][debug][gc,heap        ] GC(495)   class space    used 546K, committed 640K, reserved 1048576K
[28.338s][info ][gc             ] GC(495) Pause Young (Allocation Failure) 614M->463M(989M) 32.641ms
[28.338s][info ][gc,cpu         ] GC(495) User=0.03s Sys=0.00s Real=0.03s
[28.338s][info ][safepoint      ] Safepoint "GenCollectForAllocation", Time since last: 37217103 ns, Reaching safepoint: 3900 ns, Cleanup: 4200 ns, At safepoint: 32668302 ns, Total: 32676402 ns
[28.372s][info ][gc,start       ] GC(496) Pause Young (Allocation Failure)
[28.372s][debug][gc,heap        ] GC(496) Heap before GC invocations=402 (full 94):
[28.372s][debug][gc,heap        ] GC(496)  def new generation   total 314560K, used 314521K [0x00000000c0000000, 0x00000000d5550000, 0x00000000d5550000)
[28.372s][debug][gc,heap        ] GC(496)   eden space 279616K, 100% used [0x00000000c0000000, 0x00000000d1110000, 0x00000000d1110000)
[28.372s][debug][gc,heap        ] GC(496)   from space 34944K,  99% used [0x00000000d1110000, 0x00000000d33265d0, 0x00000000d3330000)
[28.372s][debug][gc,heap        ] GC(496)   to   space 34944K,   0% used [0x00000000d3330000, 0x00000000d3330000, 0x00000000d5550000)
[28.372s][debug][gc,heap        ] GC(496)  tenured generation   total 699072K, used 439504K [0x00000000d5550000, 0x0000000100000000, 0x0000000100000000)
[28.372s][debug][gc,heap        ] GC(496)    the space 699072K,  62% used [0x00000000d5550000, 0x00000000f0284008, 0x00000000f0284200, 0x0000000100000000)
[28.372s][debug][gc,heap        ] GC(496)  Metaspace       used 6360K, committed 6528K, reserved 1114112K
[28.372s][debug][gc,heap        ] GC(496)   class space    used 546K, committed 640K, reserved 1048576K
[28.399s][info ][gc,heap        ] GC(496) DefNew: 314521K(314560K)->34905K(314560K) Eden: 279616K(279616K)->0K(279616K) From: 34905K(34944K)->34905K(34944K)
[28.399s][info ][gc,heap        ] GC(496) Tenured: 439504K(699072K)->562723K(699072K)
[28.399s][info ][gc,metaspace   ] GC(496) Metaspace: 6360K(6528K)->6360K(6528K) NonClass: 5814K(5888K)->5814K(5888K) Class: 546K(640K)->546K(640K)
[28.399s][debug][gc,heap        ] GC(496) Heap after GC invocations=403 (full 94):
[28.399s][debug][gc,heap        ] GC(496)  def new generation   total 314560K, used 34905K [0x00000000c0000000, 0x00000000d5550000, 0x00000000d5550000)
[28.399s][debug][gc,heap        ] GC(496)   eden space 279616K,   0% used [0x00000000c0000000, 0x00000000c0000000, 0x00000000d1110000)
[28.399s][debug][gc,heap        ] GC(496)   from space 34944K,  99% used [0x00000000d3330000, 0x00000000d55465d0, 0x00000000d5550000)
[28.399s][debug][gc,heap        ] GC(496)   to   space 34944K,   0% used [0x00000000d1110000, 0x00000000d1110000, 0x00000000d3330000)
[28.399s][debug][gc,heap        ] GC(496)  tenured generation   total 699072K, used 562723K [0x00000000d5550000, 0x0000000100000000, 0x0000000100000000)
[28.399s][debug][gc,heap        ] GC(496)    the space 699072K,  80% used [0x00000000d5550000, 0x00000000f7ad8d08, 0x00000000f7ad8e00, 0x0000000100000000)
[28.399s][debug][gc,heap        ] GC(496)  Metaspace       used 6360K, committed 6528K, reserved 1114112K
[28.399s][debug][gc,heap        ] GC(496)   class space    used 546K, committed 640K, reserved 1048576K
[28.399s][info ][gc             ] GC(496) Pause Young (Allocation Failure) 736M->583M(989M) 27.192ms
[28.399s][info ][gc,cpu         ] GC(496) User=0.02s Sys=0.00s Real=0.02s
[28.399s][info ][safepoint      ] Safepoint "GenCollectForAllocation", Time since last: 34517303 ns, Reaching safepoint: 3500 ns, Cleanup: 4100 ns, At safepoint: 27219603 ns, Total: 27227203 ns
[28.434s][info ][gc,start       ] GC(497) Pause Young (Allocation Failure)
[28.434s][debug][gc,heap        ] GC(497) Heap before GC invocations=403 (full 94):
[28.434s][debug][gc,heap        ] GC(497)  def new generation   total 314560K, used 314521K [0x00000000c0000000, 0x00000000d5550000, 0x00000000d5550000)
[28.434s][debug][gc,heap        ] GC(497)   eden space 279616K, 100% used [0x00000000c0000000, 0x00000000d1110000, 0x00000000d1110000)
[28.434s][debug][gc,heap        ] GC(497)   from space 34944K,  99% used [0x00000000d3330000, 0x00000000d55465d0, 0x00000000d5550000)
[28.434s][debug][gc,heap        ] GC(497)   to   space 34944K,   0% used [0x00000000d1110000, 0x00000000d1110000, 0x00000000d3330000)
[28.434s][debug][gc,heap        ] GC(497)  tenured generation   total 699072K, used 562723K [0x00000000d5550000, 0x0000000100000000, 0x0000000100000000)
[28.434s][debug][gc,heap        ] GC(497)    the space 699072K,  80% used [0x00000000d5550000, 0x00000000f7ad8d08, 0x00000000f7ad8e00, 0x0000000100000000)
[28.434s][debug][gc,heap        ] GC(497)  Metaspace       used 6360K, committed 6528K, reserved 1114112K
[28.434s][debug][gc,heap        ] GC(497)   class space    used 546K, committed 640K, reserved 1048576K
[28.434s][debug][gc,heap        ] GC(497) Heap after GC invocations=404 (full 94):
[28.434s][debug][gc,heap        ] GC(497)  def new generation   total 314560K, used 314521K [0x00000000c0000000, 0x00000000d5550000, 0x00000000d5550000)
[28.434s][debug][gc,heap        ] GC(497)   eden space 279616K, 100% used [0x00000000c0000000, 0x00000000d1110000, 0x00000000d1110000)
[28.434s][debug][gc,heap        ] GC(497)   from space 34944K,  99% used [0x00000000d3330000, 0x00000000d55465d0, 0x00000000d5550000)
[28.434s][debug][gc,heap        ] GC(497)   to   space 34944K,   0% used [0x00000000d1110000, 0x00000000d1110000, 0x00000000d3330000)
[28.434s][debug][gc,heap        ] GC(497)  tenured generation   total 699072K, used 562723K [0x00000000d5550000, 0x0000000100000000, 0x0000000100000000)
[28.434s][debug][gc,heap        ] GC(497)    the space 699072K,  80% used [0x00000000d5550000, 0x00000000f7ad8d08, 0x00000000f7ad8e00, 0x0000000100000000)
[28.434s][debug][gc,heap        ] GC(497)  Metaspace       used 6360K, committed 6528K, reserved 1114112K
[28.434s][debug][gc,heap        ] GC(497)   class space    used 546K, committed 640K, reserved 1048576K
[28.434s][info ][gc             ] GC(497) Pause Young (Allocation Failure) 856M->856M(989M) 0.105ms
[28.434s][info ][gc,cpu         ] GC(497) User=0.00s Sys=0.00s Real=0.00s
[28.434s][info ][gc,start       ] GC(498) Pause Full (Allocation Failure)
[28.434s][debug][gc,heap        ] GC(498) Heap before GC invocations=404 (full 94):
[28.434s][debug][gc,heap        ] GC(498)  def new generation   total 314560K, used 314521K [0x00000000c0000000, 0x00000000d5550000, 0x00000000d5550000)
[28.434s][debug][gc,heap        ] GC(498)   eden space 279616K, 100% used [0x00000000c0000000, 0x00000000d1110000, 0x00000000d1110000)
[28.434s][debug][gc,heap        ] GC(498)   from space 34944K,  99% used [0x00000000d3330000, 0x00000000d55465d0, 0x00000000d5550000)
[28.434s][debug][gc,heap        ] GC(498)   to   space 34944K,   0% used [0x00000000d1110000, 0x00000000d1110000, 0x00000000d3330000)
[28.434s][debug][gc,heap        ] GC(498)  tenured generation   total 699072K, used 562723K [0x00000000d5550000, 0x0000000100000000, 0x0000000100000000)
[28.434s][debug][gc,heap        ] GC(498)    the space 699072K,  80% used [0x00000000d5550000, 0x00000000f7ad8d08, 0x00000000f7ad8e00, 0x0000000100000000)
[28.434s][debug][gc,heap        ] GC(498)  Metaspace       used 6360K, committed 6528K, reserved 1114112K
[28.434s][debug][gc,heap        ] GC(498)   class space    used 546K, committed 640K, reserved 1048576K
[28.434s][info ][gc,phases,start] GC(498) Phase 1: Mark live objects
[28.435s][info ][gc,phases      ] GC(498) Phase 1: Mark live objects 0.935ms
[28.435s][info ][gc,phases,start] GC(498) Phase 2: Compute new object addresses
[28.436s][info ][gc,phases      ] GC(498) Phase 2: Compute new object addresses 1.299ms
[28.436s][info ][gc,phases,start] GC(498) Phase 3: Adjust pointers
[28.437s][info ][gc,phases      ] GC(498) Phase 3: Adjust pointers 0.649ms
[28.437s][info ][gc,phases,start] GC(498) Phase 4: Move objects
[28.469s][info ][gc,phases      ] GC(498) Phase 4: Move objects 31.741ms
[28.469s][info ][gc,heap        ] GC(498) DefNew: 314521K(314560K)->0K(314560K) Eden: 279616K(279616K)->0K(279616K) From: 34905K(34944K)->0K(34944K)
[28.469s][info ][gc,heap        ] GC(498) Tenured: 562723K(699072K)->230671K(699072K)
[28.469s][info ][gc,metaspace   ] GC(498) Metaspace: 6360K(6528K)->6360K(6528K) NonClass: 5814K(5888K)->5814K(5888K) Class: 546K(640K)->546K(640K)
[28.469s][debug][gc,heap        ] GC(498) Heap after GC invocations=404 (full 95):
[28.469s][debug][gc,heap        ] GC(498)  def new generation   total 314560K, used 0K [0x00000000c0000000, 0x00000000d5550000, 0x00000000d5550000)
[28.469s][debug][gc,heap        ] GC(498)   eden space 279616K,   0% used [0x00000000c0000000, 0x00000000c0000000, 0x00000000d1110000)
[28.469s][debug][gc,heap        ] GC(498)   from space 34944K,   0% used [0x00000000d3330000, 0x00000000d3330000, 0x00000000d5550000)
[28.469s][debug][gc,heap        ] GC(498)   to   space 34944K,   0% used [0x00000000d1110000, 0x00000000d1110000, 0x00000000d3330000)
[28.469s][debug][gc,heap        ] GC(498)  tenured generation   total 699072K, used 230671K [0x00000000d5550000, 0x0000000100000000, 0x0000000100000000)
[28.469s][debug][gc,heap        ] GC(498)    the space 699072K,  32% used [0x00000000d5550000, 0x00000000e3693d88, 0x00000000e3693e00, 0x0000000100000000)
[28.469s][debug][gc,heap        ] GC(498)  Metaspace       used 6360K, committed 6528K, reserved 1114112K
[28.469s][debug][gc,heap        ] GC(498)   class space    used 546K, committed 640K, reserved 1048576K
[28.469s][info ][gc             ] GC(498) Pause Full (Allocation Failure) 856M->225M(989M) 34.929ms
[28.469s][info ][gc,cpu         ] GC(498) User=0.03s Sys=0.00s Real=0.03s
[28.469s][info ][safepoint      ] Safepoint "GenCollectForAllocation", Time since last: 34549903 ns, Reaching safepoint: 3000 ns, Cleanup: 4200 ns, At safepoint: 35070003 ns, Total: 35077203 ns
[28.505s][info ][gc,start       ] GC(499) Pause Young (Allocation Failure)
[28.505s][debug][gc,heap        ] GC(499) Heap before GC invocations=404 (full 95):
[28.505s][debug][gc,heap        ] GC(499)  def new generation   total 314560K, used 279616K [0x00000000c0000000, 0x00000000d5550000, 0x00000000d5550000)
[28.505s][debug][gc,heap        ] GC(499)   eden space 279616K, 100% used [0x00000000c0000000, 0x00000000d1110000, 0x00000000d1110000)
[28.505s][debug][gc,heap        ] GC(499)   from space 34944K,   0% used [0x00000000d3330000, 0x00000000d3330000, 0x00000000d5550000)
[28.505s][debug][gc,heap        ] GC(499)   to   space 34944K,   0% used [0x00000000d1110000, 0x00000000d1110000, 0x00000000d3330000)
[28.505s][debug][gc,heap        ] GC(499)  tenured generation   total 699072K, used 230671K [0x00000000d5550000, 0x0000000100000000, 0x0000000100000000)
[28.505s][debug][gc,heap        ] GC(499)    the space 699072K,  32% used [0x00000000d5550000, 0x00000000e3693d88, 0x00000000e3693e00, 0x0000000100000000)
[28.505s][debug][gc,heap        ] GC(499)  Metaspace       used 6360K, committed 6528K, reserved 1114112K
[28.505s][debug][gc,heap        ] GC(499)   class space    used 546K, committed 640K, reserved 1048576K
[28.532s][info ][gc,heap        ] GC(499) DefNew: 279616K(314560K)->34905K(314560K) Eden: 279616K(279616K)->0K(279616K) From: 0K(34944K)->34905K(34944K)
[28.532s][info ][gc,heap        ] GC(499) Tenured: 230671K(699072K)->345489K(699072K)
[28.532s][info ][gc,metaspace   ] GC(499) Metaspace: 6360K(6528K)->6360K(6528K) NonClass: 5814K(5888K)->5814K(5888K) Class: 546K(640K)->546K(640K)
[28.532s][debug][gc,heap        ] GC(499) Heap after GC invocations=405 (full 95):
[28.532s][debug][gc,heap        ] GC(499)  def new generation   total 314560K, used 34905K [0x00000000c0000000, 0x00000000d5550000, 0x00000000d5550000)
[28.532s][debug][gc,heap        ] GC(499)   eden space 279616K,   0% used [0x00000000c0000000, 0x00000000c0000000, 0x00000000d1110000)
[28.532s][debug][gc,heap        ] GC(499)   from space 34944K,  99% used [0x00000000d1110000, 0x00000000d33265d0, 0x00000000d3330000)
[28.532s][debug][gc,heap        ] GC(499)   to   space 34944K,   0% used [0x00000000d3330000, 0x00000000d3330000, 0x00000000d5550000)
[28.532s][debug][gc,heap        ] GC(499)  tenured generation   total 699072K, used 345489K [0x00000000d5550000, 0x0000000100000000, 0x0000000100000000)
[28.532s][debug][gc,heap        ] GC(499)    the space 699072K,  49% used [0x00000000d5550000, 0x00000000ea6b4548, 0x00000000ea6b4600, 0x0000000100000000)
[28.532s][debug][gc,heap        ] GC(499)  Metaspace       used 6360K, committed 6528K, reserved 1114112K
[28.532s][debug][gc,heap        ] GC(499)   class space    used 546K, committed 640K, reserved 1048576K
[28.532s][info ][gc             ] GC(499) Pause Young (Allocation Failure) 498M->371M(989M) 27.107ms
[28.532s][info ][gc,cpu         ] GC(499) User=0.03s Sys=0.00s Real=0.03s
[28.532s][info ][safepoint      ] Safepoint "GenCollectForAllocation", Time since last: 35968503 ns, Reaching safepoint: 3800 ns, Cleanup: 3500 ns, At safepoint: 27131902 ns, Total: 27139202 ns
[28.568s][info ][gc,start       ] GC(500) Pause Young (Allocation Failure)
[28.568s][debug][gc,heap        ] GC(500) Heap before GC invocations=405 (full 95):
[28.568s][debug][gc,heap        ] GC(500)  def new generation   total 314560K, used 314521K [0x00000000c0000000, 0x00000000d5550000, 0x00000000d5550000)
[28.568s][debug][gc,heap        ] GC(500)   eden space 279616K, 100% used [0x00000000c0000000, 0x00000000d1110000, 0x00000000d1110000)
[28.568s][debug][gc,heap        ] GC(500)   from space 34944K,  99% used [0x00000000d1110000, 0x00000000d33265d0, 0x00000000d3330000)
[28.568s][debug][gc,heap        ] GC(500)   to   space 34944K,   0% used [0x00000000d3330000, 0x00000000d3330000, 0x00000000d5550000)
[28.568s][debug][gc,heap        ] GC(500)  tenured generation   total 699072K, used 345489K [0x00000000d5550000, 0x0000000100000000, 0x0000000100000000)
[28.568s][debug][gc,heap        ] GC(500)    the space 699072K,  49% used [0x00000000d5550000, 0x00000000ea6b4548, 0x00000000ea6b4600, 0x0000000100000000)
[28.568s][debug][gc,heap        ] GC(500)  Metaspace       used 6360K, committed 6528K, reserved 1114112K
[28.568s][debug][gc,heap        ] GC(500)   class space    used 546K, committed 640K, reserved 1048576K
[28.598s][info ][gc,heap        ] GC(500) DefNew: 314521K(314560K)->34905K(314560K) Eden: 279616K(279616K)->0K(279616K) From: 34905K(34944K)->34905K(34944K)
[28.599s][info ][gc,heap        ] GC(500) Tenured: 345489K(699072K)->471108K(699072K)
[28.599s][info ][gc,metaspace   ] GC(500) Metaspace: 6360K(6528K)->6360K(6528K) NonClass: 5814K(5888K)->5814K(5888K) Class: 546K(640K)->546K(640K)
[28.599s][debug][gc,heap        ] GC(500) Heap after GC invocations=406 (full 95):
[28.599s][debug][gc,heap        ] GC(500)  def new generation   total 314560K, used 34905K [0x00000000c0000000, 0x00000000d5550000, 0x00000000d5550000)
[28.599s][debug][gc,heap        ] GC(500)   eden space 279616K,   0% used [0x00000000c0000000, 0x00000000c0000000, 0x00000000d1110000)
[28.599s][debug][gc,heap        ] GC(500)   from space 34944K,  99% used [0x00000000d3330000, 0x00000000d55465d0, 0x00000000d5550000)
[28.599s][debug][gc,heap        ] GC(500)   to   space 34944K,   0% used [0x00000000d1110000, 0x00000000d1110000, 0x00000000d3330000)
[28.599s][debug][gc,heap        ] GC(500)  tenured generation   total 699072K, used 471108K [0x00000000d5550000, 0x0000000100000000, 0x0000000100000000)
[28.599s][debug][gc,heap        ] GC(500)    the space 699072K,  67% used [0x00000000d5550000, 0x00000000f21613c8, 0x00000000f2161400, 0x0000000100000000)
[28.599s][debug][gc,heap        ] GC(500)  Metaspace       used 6360K, committed 6528K, reserved 1114112K
[28.599s][debug][gc,heap        ] GC(500)   class space    used 546K, committed 640K, reserved 1048576K
[28.599s][info ][gc             ] GC(500) Pause Young (Allocation Failure) 644M->494M(989M) 30.522ms
[28.599s][info ][gc,cpu         ] GC(500) User=0.03s Sys=0.00s Real=0.03s
[28.599s][info ][safepoint      ] Safepoint "GenCollectForAllocation", Time since last: 36076503 ns, Reaching safepoint: 3300 ns, Cleanup: 4300 ns, At safepoint: 30551902 ns, Total: 30559502 ns
[28.645s][info ][gc,start       ] GC(501) Pause Young (Allocation Failure)
[28.645s][debug][gc,heap        ] GC(501) Heap before GC invocations=406 (full 95):
[28.645s][debug][gc,heap        ] GC(501)  def new generation   total 314560K, used 314521K [0x00000000c0000000, 0x00000000d5550000, 0x00000000d5550000)
[28.645s][debug][gc,heap        ] GC(501)   eden space 279616K, 100% used [0x00000000c0000000, 0x00000000d1110000, 0x00000000d1110000)
[28.645s][debug][gc,heap        ] GC(501)   from space 34944K,  99% used [0x00000000d3330000, 0x00000000d55465d0, 0x00000000d5550000)
[28.645s][debug][gc,heap        ] GC(501)   to   space 34944K,   0% used [0x00000000d1110000, 0x00000000d1110000, 0x00000000d3330000)
[28.645s][debug][gc,heap        ] GC(501)  tenured generation   total 699072K, used 471108K [0x00000000d5550000, 0x0000000100000000, 0x0000000100000000)
[28.645s][debug][gc,heap        ] GC(501)    the space 699072K,  67% used [0x00000000d5550000, 0x00000000f21613c8, 0x00000000f2161400, 0x0000000100000000)
[28.645s][debug][gc,heap        ] GC(501)  Metaspace       used 6360K, committed 6528K, reserved 1114112K
[28.645s][debug][gc,heap        ] GC(501)   class space    used 546K, committed 640K, reserved 1048576K
[28.675s][info ][gc,heap        ] GC(501) DefNew: 314521K(314560K)->34905K(314560K) Eden: 279616K(279616K)->0K(279616K) From: 34905K(34944K)->34905K(34944K)
[28.675s][info ][gc,heap        ] GC(501) Tenured: 471108K(699072K)->594228K(699072K)
[28.675s][info ][gc,metaspace   ] GC(501) Metaspace: 6360K(6528K)->6360K(6528K) NonClass: 5814K(5888K)->5814K(5888K) Class: 546K(640K)->546K(640K)
[28.675s][debug][gc,heap        ] GC(501) Heap after GC invocations=407 (full 95):
[28.675s][debug][gc,heap        ] GC(501)  def new generation   total 314560K, used 34905K [0x00000000c0000000, 0x00000000d5550000, 0x00000000d5550000)
[28.675s][debug][gc,heap        ] GC(501)   eden space 279616K,   0% used [0x00000000c0000000, 0x00000000c0000000, 0x00000000d1110000)
[28.675s][debug][gc,heap        ] GC(501)   from space 34944K,  99% used [0x00000000d1110000, 0x00000000d33265d0, 0x00000000d3330000)
[28.675s][debug][gc,heap        ] GC(501)   to   space 34944K,   0% used [0x00000000d3330000, 0x00000000d3330000, 0x00000000d5550000)
[28.675s][debug][gc,heap        ] GC(501)  tenured generation   total 699072K, used 594228K [0x00000000d5550000, 0x0000000100000000, 0x0000000100000000)
[28.675s][debug][gc,heap        ] GC(501)    the space 699072K,  85% used [0x00000000d5550000, 0x00000000f999d0b8, 0x00000000f999d200, 0x0000000100000000)
[28.675s][debug][gc,heap        ] GC(501)  Metaspace       used 6360K, committed 6528K, reserved 1114112K
[28.675s][debug][gc,heap        ] GC(501)   class space    used 546K, committed 640K, reserved 1048576K
[28.675s][info ][gc             ] GC(501) Pause Young (Allocation Failure) 767M->614M(989M) 30.142ms
[28.675s][info ][gc,cpu         ] GC(501) User=0.03s Sys=0.00s Real=0.03s
[28.675s][info ][safepoint      ] Safepoint "GenCollectForAllocation", Time since last: 46216404 ns, Reaching safepoint: 4800 ns, Cleanup: 5300 ns, At safepoint: 30169603 ns, Total: 30179703 ns
[28.715s][info ][gc,start       ] GC(502) Pause Young (Allocation Failure)
[28.715s][debug][gc,heap        ] GC(502) Heap before GC invocations=407 (full 95):
[28.715s][debug][gc,heap        ] GC(502)  def new generation   total 314560K, used 314521K [0x00000000c0000000, 0x00000000d5550000, 0x00000000d5550000)
[28.715s][debug][gc,heap        ] GC(502)   eden space 279616K, 100% used [0x00000000c0000000, 0x00000000d1110000, 0x00000000d1110000)
[28.715s][debug][gc,heap        ] GC(502)   from space 34944K,  99% used [0x00000000d1110000, 0x00000000d33265d0, 0x00000000d3330000)
[28.715s][debug][gc,heap        ] GC(502)   to   space 34944K,   0% used [0x00000000d3330000, 0x00000000d3330000, 0x00000000d5550000)
[28.715s][debug][gc,heap        ] GC(502)  tenured generation   total 699072K, used 594228K [0x00000000d5550000, 0x0000000100000000, 0x0000000100000000)
[28.715s][debug][gc,heap        ] GC(502)    the space 699072K,  85% used [0x00000000d5550000, 0x00000000f999d0b8, 0x00000000f999d200, 0x0000000100000000)
[28.715s][debug][gc,heap        ] GC(502)  Metaspace       used 6360K, committed 6528K, reserved 1114112K
[28.715s][debug][gc,heap        ] GC(502)   class space    used 546K, committed 640K, reserved 1048576K
[28.715s][debug][gc,heap        ] GC(502) Heap after GC invocations=408 (full 95):
[28.715s][debug][gc,heap        ] GC(502)  def new generation   total 314560K, used 314521K [0x00000000c0000000, 0x00000000d5550000, 0x00000000d5550000)
[28.715s][debug][gc,heap        ] GC(502)   eden space 279616K, 100% used [0x00000000c0000000, 0x00000000d1110000, 0x00000000d1110000)
[28.715s][debug][gc,heap        ] GC(502)   from space 34944K,  99% used [0x00000000d1110000, 0x00000000d33265d0, 0x00000000d3330000)
[28.715s][debug][gc,heap        ] GC(502)   to   space 34944K,   0% used [0x00000000d3330000, 0x00000000d3330000, 0x00000000d5550000)
[28.715s][debug][gc,heap        ] GC(502)  tenured generation   total 699072K, used 594228K [0x00000000d5550000, 0x0000000100000000, 0x0000000100000000)
[28.715s][debug][gc,heap        ] GC(502)    the space 699072K,  85% used [0x00000000d5550000, 0x00000000f999d0b8, 0x00000000f999d200, 0x0000000100000000)
[28.715s][debug][gc,heap        ] GC(502)  Metaspace       used 6360K, committed 6528K, reserved 1114112K
[28.715s][debug][gc,heap        ] GC(502)   class space    used 546K, committed 640K, reserved 1048576K
[28.715s][info ][gc             ] GC(502) Pause Young (Allocation Failure) 887M->887M(989M) 0.160ms
[28.715s][info ][gc,cpu         ] GC(502) User=0.00s Sys=0.00s Real=0.00s
[28.715s][info ][gc,start       ] GC(503) Pause Full (Allocation Failure)
[28.715s][debug][gc,heap        ] GC(503) Heap before GC invocations=408 (full 95):
[28.715s][debug][gc,heap        ] GC(503)  def new generation   total 314560K, used 314521K [0x00000000c0000000, 0x00000000d5550000, 0x00000000d5550000)
[28.715s][debug][gc,heap        ] GC(503)   eden space 279616K, 100% used [0x00000000c0000000, 0x00000000d1110000, 0x00000000d1110000)
[28.715s][debug][gc,heap        ] GC(503)   from space 34944K,  99% used [0x00000000d1110000, 0x00000000d33265d0, 0x00000000d3330000)
[28.715s][debug][gc,heap        ] GC(503)   to   space 34944K,   0% used [0x00000000d3330000, 0x00000000d3330000, 0x00000000d5550000)
[28.715s][debug][gc,heap        ] GC(503)  tenured generation   total 699072K, used 594228K [0x00000000d5550000, 0x0000000100000000, 0x0000000100000000)
[28.715s][debug][gc,heap        ] GC(503)    the space 699072K,  85% used [0x00000000d5550000, 0x00000000f999d0b8, 0x00000000f999d200, 0x0000000100000000)
[28.715s][debug][gc,heap        ] GC(503)  Metaspace       used 6360K, committed 6528K, reserved 1114112K
[28.715s][debug][gc,heap        ] GC(503)   class space    used 546K, committed 640K, reserved 1048576K
[28.715s][info ][gc,phases,start] GC(503) Phase 1: Mark live objects
[28.716s][info ][gc,phases      ] GC(503) Phase 1: Mark live objects 0.917ms
[28.716s][info ][gc,phases,start] GC(503) Phase 2: Compute new object addresses
[28.718s][info ][gc,phases      ] GC(503) Phase 2: Compute new object addresses 1.262ms
[28.718s][info ][gc,phases,start] GC(503) Phase 3: Adjust pointers
[28.718s][info ][gc,phases      ] GC(503) Phase 3: Adjust pointers 0.630ms
[28.718s][info ][gc,phases,start] GC(503) Phase 4: Move objects
[28.755s][info ][gc,phases      ] GC(503) Phase 4: Move objects 36.431ms
[28.755s][info ][gc,heap        ] GC(503) DefNew: 314521K(314560K)->0K(314560K) Eden: 279616K(279616K)->0K(279616K) From: 34905K(34944K)->0K(34944K)
[28.755s][info ][gc,heap        ] GC(503) Tenured: 594228K(699072K)->200766K(699072K)
[28.755s][info ][gc,metaspace   ] GC(503) Metaspace: 6360K(6528K)->6360K(6528K) NonClass: 5814K(5888K)->5814K(5888K) Class: 546K(640K)->546K(640K)
[28.755s][debug][gc,heap        ] GC(503) Heap after GC invocations=408 (full 96):
[28.755s][debug][gc,heap        ] GC(503)  def new generation   total 314560K, used 0K [0x00000000c0000000, 0x00000000d5550000, 0x00000000d5550000)
[28.755s][debug][gc,heap        ] GC(503)   eden space 279616K,   0% used [0x00000000c0000000, 0x00000000c0000000, 0x00000000d1110000)
[28.755s][debug][gc,heap        ] GC(503)   from space 34944K,   0% used [0x00000000d1110000, 0x00000000d1110000, 0x00000000d3330000)
[28.755s][debug][gc,heap        ] GC(503)   to   space 34944K,   0% used [0x00000000d3330000, 0x00000000d3330000, 0x00000000d5550000)
[28.755s][debug][gc,heap        ] GC(503)  tenured generation   total 699072K, used 200766K [0x00000000d5550000, 0x0000000100000000, 0x0000000100000000)
[28.755s][debug][gc,heap        ] GC(503)    the space 699072K,  28% used [0x00000000d5550000, 0x00000000e195fad8, 0x00000000e195fc00, 0x0000000100000000)
[28.755s][debug][gc,heap        ] GC(503)  Metaspace       used 6360K, committed 6528K, reserved 1114112K
[28.755s][debug][gc,heap        ] GC(503)   class space    used 546K, committed 640K, reserved 1048576K
[28.755s][info ][gc             ] GC(503) Pause Full (Allocation Failure) 887M->196M(989M) 39.549ms
[28.755s][info ][gc,cpu         ] GC(503) User=0.04s Sys=0.00s Real=0.04s
[28.755s][info ][safepoint      ] Safepoint "GenCollectForAllocation", Time since last: 40140703 ns, Reaching safepoint: 3700 ns, Cleanup: 4300 ns, At safepoint: 39744804 ns, Total: 39752804 ns
[28.802s][info ][gc,start       ] GC(504) Pause Young (Allocation Failure)
[28.802s][debug][gc,heap        ] GC(504) Heap before GC invocations=408 (full 96):
[28.802s][debug][gc,heap        ] GC(504)  def new generation   total 314560K, used 279616K [0x00000000c0000000, 0x00000000d5550000, 0x00000000d5550000)
[28.802s][debug][gc,heap        ] GC(504)   eden space 279616K, 100% used [0x00000000c0000000, 0x00000000d1110000, 0x00000000d1110000)
[28.802s][debug][gc,heap        ] GC(504)   from space 34944K,   0% used [0x00000000d1110000, 0x00000000d1110000, 0x00000000d3330000)
[28.802s][debug][gc,heap        ] GC(504)   to   space 34944K,   0% used [0x00000000d3330000, 0x00000000d3330000, 0x00000000d5550000)
[28.802s][debug][gc,heap        ] GC(504)  tenured generation   total 699072K, used 200766K [0x00000000d5550000, 0x0000000100000000, 0x0000000100000000)
[28.802s][debug][gc,heap        ] GC(504)    the space 699072K,  28% used [0x00000000d5550000, 0x00000000e195fad8, 0x00000000e195fc00, 0x0000000100000000)
[28.802s][debug][gc,heap        ] GC(504)  Metaspace       used 6360K, committed 6528K, reserved 1114112K
[28.802s][debug][gc,heap        ] GC(504)   class space    used 546K, committed 640K, reserved 1048576K
[28.833s][info ][gc,heap        ] GC(504) DefNew: 279616K(314560K)->34905K(314560K) Eden: 279616K(279616K)->0K(279616K) From: 0K(34944K)->34905K(34944K)
[28.833s][info ][gc,heap        ] GC(504) Tenured: 200766K(699072K)->314384K(699072K)
[28.833s][info ][gc,metaspace   ] GC(504) Metaspace: 6360K(6528K)->6360K(6528K) NonClass: 5814K(5888K)->5814K(5888K) Class: 546K(640K)->546K(640K)
[28.833s][debug][gc,heap        ] GC(504) Heap after GC invocations=409 (full 96):
[28.833s][debug][gc,heap        ] GC(504)  def new generation   total 314560K, used 34905K [0x00000000c0000000, 0x00000000d5550000, 0x00000000d5550000)
[28.833s][debug][gc,heap        ] GC(504)   eden space 279616K,   0% used [0x00000000c0000000, 0x00000000c0000000, 0x00000000d1110000)
[28.833s][debug][gc,heap        ] GC(504)   from space 34944K,  99% used [0x00000000d3330000, 0x00000000d55465d0, 0x00000000d5550000)
[28.833s][debug][gc,heap        ] GC(504)   to   space 34944K,   0% used [0x00000000d1110000, 0x00000000d1110000, 0x00000000d3330000)
[28.833s][debug][gc,heap        ] GC(504)  tenured generation   total 699072K, used 314384K [0x00000000d5550000, 0x0000000100000000, 0x0000000100000000)
[28.833s][debug][gc,heap        ] GC(504)    the space 699072K,  44% used [0x00000000d5550000, 0x00000000e88541d8, 0x00000000e8854200, 0x0000000100000000)
[28.833s][debug][gc,heap        ] GC(504)  Metaspace       used 6360K, committed 6528K, reserved 1114112K
[28.833s][debug][gc,heap        ] GC(504)   class space    used 546K, committed 640K, reserved 1048576K
[28.833s][info ][gc             ] GC(504) Pause Young (Allocation Failure) 469M->341M(989M) 31.396ms
[28.833s][info ][gc,cpu         ] GC(504) User=0.03s Sys=0.00s Real=0.03s
[28.833s][info ][safepoint      ] Safepoint "GenCollectForAllocation", Time since last: 46850404 ns, Reaching safepoint: 4100 ns, Cleanup: 4800 ns, At safepoint: 31423402 ns, Total: 31432302 ns
[28.874s][info ][gc,start       ] GC(505) Pause Young (Allocation Failure)
[28.874s][debug][gc,heap        ] GC(505) Heap before GC invocations=409 (full 96):
[28.874s][debug][gc,heap        ] GC(505)  def new generation   total 314560K, used 314521K [0x00000000c0000000, 0x00000000d5550000, 0x00000000d5550000)
[28.874s][debug][gc,heap        ] GC(505)   eden space 279616K, 100% used [0x00000000c0000000, 0x00000000d1110000, 0x00000000d1110000)
[28.874s][debug][gc,heap        ] GC(505)   from space 34944K,  99% used [0x00000000d3330000, 0x00000000d55465d0, 0x00000000d5550000)
[28.874s][debug][gc,heap        ] GC(505)   to   space 34944K,   0% used [0x00000000d1110000, 0x00000000d1110000, 0x00000000d3330000)
[28.874s][debug][gc,heap        ] GC(505)  tenured generation   total 699072K, used 314384K [0x00000000d5550000, 0x0000000100000000, 0x0000000100000000)
[28.874s][debug][gc,heap        ] GC(505)    the space 699072K,  44% used [0x00000000d5550000, 0x00000000e88541d8, 0x00000000e8854200, 0x0000000100000000)
[28.874s][debug][gc,heap        ] GC(505)  Metaspace       used 6360K, committed 6528K, reserved 1114112K
[28.874s][debug][gc,heap        ] GC(505)   class space    used 546K, committed 640K, reserved 1048576K
[28.903s][info ][gc,heap        ] GC(505) DefNew: 314521K(314560K)->34905K(314560K) Eden: 279616K(279616K)->0K(279616K) From: 34905K(34944K)->34905K(34944K)
[28.903s][info ][gc,heap        ] GC(505) Tenured: 314384K(699072K)->436703K(699072K)
[28.903s][info ][gc,metaspace   ] GC(505) Metaspace: 6360K(6528K)->6360K(6528K) NonClass: 5814K(5888K)->5814K(5888K) Class: 546K(640K)->546K(640K)
[28.903s][debug][gc,heap        ] GC(505) Heap after GC invocations=410 (full 96):
[28.903s][debug][gc,heap        ] GC(505)  def new generation   total 314560K, used 34905K [0x00000000c0000000, 0x00000000d5550000, 0x00000000d5550000)
[28.903s][debug][gc,heap        ] GC(505)   eden space 279616K,   0% used [0x00000000c0000000, 0x00000000c0000000, 0x00000000d1110000)
[28.903s][debug][gc,heap        ] GC(505)   from space 34944K,  99% used [0x00000000d1110000, 0x00000000d33265d0, 0x00000000d3330000)
[28.903s][debug][gc,heap        ] GC(505)   to   space 34944K,   0% used [0x00000000d3330000, 0x00000000d3330000, 0x00000000d5550000)
[28.903s][debug][gc,heap        ] GC(505)  tenured generation   total 699072K, used 436703K [0x00000000d5550000, 0x0000000100000000, 0x0000000100000000)
[28.903s][debug][gc,heap        ] GC(505)    the space 699072K,  62% used [0x00000000d5550000, 0x00000000effc7e48, 0x00000000effc8000, 0x0000000100000000)
[28.903s][debug][gc,heap        ] GC(505)  Metaspace       used 6360K, committed 6528K, reserved 1114112K
[28.903s][debug][gc,heap        ] GC(505)   class space    used 546K, committed 640K, reserved 1048576K
[28.903s][info ][gc             ] GC(505) Pause Young (Allocation Failure) 614M->460M(989M) 29.092ms
[28.903s][info ][gc,cpu         ] GC(505) User=0.03s Sys=0.00s Real=0.03s
[28.903s][info ][safepoint      ] Safepoint "GenCollectForAllocation", Time since last: 40541404 ns, Reaching safepoint: 4200 ns, Cleanup: 4300 ns, At safepoint: 29118302 ns, Total: 29126802 ns
[28.948s][info ][gc,start       ] GC(506) Pause Young (Allocation Failure)
[28.949s][debug][gc,heap        ] GC(506) Heap before GC invocations=410 (full 96):
[28.949s][debug][gc,heap        ] GC(506)  def new generation   total 314560K, used 314521K [0x00000000c0000000, 0x00000000d5550000, 0x00000000d5550000)
[28.949s][debug][gc,heap        ] GC(506)   eden space 279616K, 100% used [0x00000000c0000000, 0x00000000d1110000, 0x00000000d1110000)
[28.949s][debug][gc,heap        ] GC(506)   from space 34944K,  99% used [0x00000000d1110000, 0x00000000d33265d0, 0x00000000d3330000)
[28.949s][debug][gc,heap        ] GC(506)   to   space 34944K,   0% used [0x00000000d3330000, 0x00000000d3330000, 0x00000000d5550000)
[28.949s][debug][gc,heap        ] GC(506)  tenured generation   total 699072K, used 436703K [0x00000000d5550000, 0x0000000100000000, 0x0000000100000000)
[28.949s][debug][gc,heap        ] GC(506)    the space 699072K,  62% used [0x00000000d5550000, 0x00000000effc7e48, 0x00000000effc8000, 0x0000000100000000)
[28.949s][debug][gc,heap        ] GC(506)  Metaspace       used 6360K, committed 6528K, reserved 1114112K
[28.949s][debug][gc,heap        ] GC(506)   class space    used 546K, committed 640K, reserved 1048576K
[28.984s][info ][gc,heap        ] GC(506) DefNew: 314521K(314560K)->34905K(314560K) Eden: 279616K(279616K)->0K(279616K) From: 34905K(34944K)->34905K(34944K)
[28.984s][info ][gc,heap        ] GC(506) Tenured: 436703K(699072K)->560422K(699072K)
[28.984s][info ][gc,metaspace   ] GC(506) Metaspace: 6360K(6528K)->6360K(6528K) NonClass: 5814K(5888K)->5814K(5888K) Class: 546K(640K)->546K(640K)
[28.984s][debug][gc,heap        ] GC(506) Heap after GC invocations=411 (full 96):
[28.984s][debug][gc,heap        ] GC(506)  def new generation   total 314560K, used 34905K [0x00000000c0000000, 0x00000000d5550000, 0x00000000d5550000)
[28.984s][debug][gc,heap        ] GC(506)   eden space 279616K,   0% used [0x00000000c0000000, 0x00000000c0000000, 0x00000000d1110000)
[28.984s][debug][gc,heap        ] GC(506)   from space 34944K,  99% used [0x00000000d3330000, 0x00000000d55465d0, 0x00000000d5550000)
[28.984s][debug][gc,heap        ] GC(506)   to   space 34944K,   0% used [0x00000000d1110000, 0x00000000d1110000, 0x00000000d3330000)
[28.984s][debug][gc,heap        ] GC(506)  tenured generation   total 699072K, used 560422K [0x00000000d5550000, 0x0000000100000000, 0x0000000100000000)
[28.984s][debug][gc,heap        ] GC(506)    the space 699072K,  80% used [0x00000000d5550000, 0x00000000f7899b98, 0x00000000f7899c00, 0x0000000100000000)
[28.984s][debug][gc,heap        ] GC(506)  Metaspace       used 6360K, committed 6528K, reserved 1114112K
[28.984s][debug][gc,heap        ] GC(506)   class space    used 546K, committed 640K, reserved 1048576K
[28.984s][info ][gc             ] GC(506) Pause Young (Allocation Failure) 733M->581M(989M) 35.661ms
[28.984s][info ][gc,cpu         ] GC(506) User=0.04s Sys=0.00s Real=0.04s
[28.984s][info ][safepoint      ] Safepoint "GenCollectForAllocation", Time since last: 45492804 ns, Reaching safepoint: 4900 ns, Cleanup: 5600 ns, At safepoint: 35690403 ns, Total: 35700903 ns
[29.024s][info ][gc,start       ] GC(507) Pause Young (Allocation Failure)
[29.024s][debug][gc,heap        ] GC(507) Heap before GC invocations=411 (full 96):
[29.024s][debug][gc,heap        ] GC(507)  def new generation   total 314560K, used 314521K [0x00000000c0000000, 0x00000000d5550000, 0x00000000d5550000)
[29.024s][debug][gc,heap        ] GC(507)   eden space 279616K, 100% used [0x00000000c0000000, 0x00000000d1110000, 0x00000000d1110000)
[29.024s][debug][gc,heap        ] GC(507)   from space 34944K,  99% used [0x00000000d3330000, 0x00000000d55465d0, 0x00000000d5550000)
[29.024s][debug][gc,heap        ] GC(507)   to   space 34944K,   0% used [0x00000000d1110000, 0x00000000d1110000, 0x00000000d3330000)
[29.024s][debug][gc,heap        ] GC(507)  tenured generation   total 699072K, used 560422K [0x00000000d5550000, 0x0000000100000000, 0x0000000100000000)
[29.024s][debug][gc,heap        ] GC(507)    the space 699072K,  80% used [0x00000000d5550000, 0x00000000f7899b98, 0x00000000f7899c00, 0x0000000100000000)
[29.024s][debug][gc,heap        ] GC(507)  Metaspace       used 6360K, committed 6528K, reserved 1114112K
[29.024s][debug][gc,heap        ] GC(507)   class space    used 546K, committed 640K, reserved 1048576K
[29.024s][debug][gc,heap        ] GC(507) Heap after GC invocations=412 (full 96):
[29.024s][debug][gc,heap        ] GC(507)  def new generation   total 314560K, used 314521K [0x00000000c0000000, 0x00000000d5550000, 0x00000000d5550000)
[29.024s][debug][gc,heap        ] GC(507)   eden space 279616K, 100% used [0x00000000c0000000, 0x00000000d1110000, 0x00000000d1110000)
[29.024s][debug][gc,heap        ] GC(507)   from space 34944K,  99% used [0x00000000d3330000, 0x00000000d55465d0, 0x00000000d5550000)
[29.024s][debug][gc,heap        ] GC(507)   to   space 34944K,   0% used [0x00000000d1110000, 0x00000000d1110000, 0x00000000d3330000)
[29.024s][debug][gc,heap        ] GC(507)  tenured generation   total 699072K, used 560422K [0x00000000d5550000, 0x0000000100000000, 0x0000000100000000)
[29.024s][debug][gc,heap        ] GC(507)    the space 699072K,  80% used [0x00000000d5550000, 0x00000000f7899b98, 0x00000000f7899c00, 0x0000000100000000)
[29.024s][debug][gc,heap        ] GC(507)  Metaspace       used 6360K, committed 6528K, reserved 1114112K
[29.024s][debug][gc,heap        ] GC(507)   class space    used 546K, committed 640K, reserved 1048576K
[29.024s][info ][gc             ] GC(507) Pause Young (Allocation Failure) 854M->854M(989M) 0.285ms
[29.024s][info ][gc,cpu         ] GC(507) User=0.00s Sys=0.00s Real=0.00s
[29.024s][info ][gc,start       ] GC(508) Pause Full (Allocation Failure)
[29.024s][debug][gc,heap        ] GC(508) Heap before GC invocations=412 (full 96):
[29.024s][debug][gc,heap        ] GC(508)  def new generation   total 314560K, used 314521K [0x00000000c0000000, 0x00000000d5550000, 0x00000000d5550000)
[29.024s][debug][gc,heap        ] GC(508)   eden space 279616K, 100% used [0x00000000c0000000, 0x00000000d1110000, 0x00000000d1110000)
[29.024s][debug][gc,heap        ] GC(508)   from space 34944K,  99% used [0x00000000d3330000, 0x00000000d55465d0, 0x00000000d5550000)
[29.024s][debug][gc,heap        ] GC(508)   to   space 34944K,   0% used [0x00000000d1110000, 0x00000000d1110000, 0x00000000d3330000)
[29.024s][debug][gc,heap        ] GC(508)  tenured generation   total 699072K, used 560422K [0x00000000d5550000, 0x0000000100000000, 0x0000000100000000)
[29.024s][debug][gc,heap        ] GC(508)    the space 699072K,  80% used [0x00000000d5550000, 0x00000000f7899b98, 0x00000000f7899c00, 0x0000000100000000)
[29.024s][debug][gc,heap        ] GC(508)  Metaspace       used 6360K, committed 6528K, reserved 1114112K
[29.024s][debug][gc,heap        ] GC(508)   class space    used 546K, committed 640K, reserved 1048576K
[29.024s][info ][gc,phases,start] GC(508) Phase 1: Mark live objects
[29.025s][info ][gc,phases      ] GC(508) Phase 1: Mark live objects 1.037ms
[29.025s][info ][gc,phases,start] GC(508) Phase 2: Compute new object addresses
[29.028s][info ][gc,phases      ] GC(508) Phase 2: Compute new object addresses 2.332ms
[29.028s][info ][gc,phases,start] GC(508) Phase 3: Adjust pointers
[29.029s][info ][gc,phases      ] GC(508) Phase 3: Adjust pointers 1.297ms
[29.029s][info ][gc,phases,start] GC(508) Phase 4: Move objects
[29.067s][info ][gc,phases      ] GC(508) Phase 4: Move objects 38.456ms
[29.068s][info ][gc,heap        ] GC(508) DefNew: 314521K(314560K)->0K(314560K) Eden: 279616K(279616K)->0K(279616K) From: 34905K(34944K)->0K(34944K)
[29.068s][info ][gc,heap        ] GC(508) Tenured: 560422K(699072K)->213668K(699072K)
[29.068s][info ][gc,metaspace   ] GC(508) Metaspace: 6360K(6528K)->6360K(6528K) NonClass: 5814K(5888K)->5814K(5888K) Class: 546K(640K)->546K(640K)
[29.068s][debug][gc,heap        ] GC(508) Heap after GC invocations=412 (full 97):
[29.068s][debug][gc,heap        ] GC(508)  def new generation   total 314560K, used 0K [0x00000000c0000000, 0x00000000d5550000, 0x00000000d5550000)
[29.068s][debug][gc,heap        ] GC(508)   eden space 279616K,   0% used [0x00000000c0000000, 0x00000000c0000000, 0x00000000d1110000)
[29.068s][debug][gc,heap        ] GC(508)   from space 34944K,   0% used [0x00000000d3330000, 0x00000000d3330000, 0x00000000d5550000)
[29.068s][debug][gc,heap        ] GC(508)   to   space 34944K,   0% used [0x00000000d1110000, 0x00000000d1110000, 0x00000000d3330000)
[29.068s][debug][gc,heap        ] GC(508)  tenured generation   total 699072K, used 213668K [0x00000000d5550000, 0x0000000100000000, 0x0000000100000000)
[29.068s][debug][gc,heap        ] GC(508)    the space 699072K,  30% used [0x00000000d5550000, 0x00000000e25f92e8, 0x00000000e25f9400, 0x0000000100000000)
[29.068s][debug][gc,heap        ] GC(508)  Metaspace       used 6360K, committed 6528K, reserved 1114112K
[29.068s][debug][gc,heap        ] GC(508)   class space    used 546K, committed 640K, reserved 1048576K
[29.068s][info ][gc             ] GC(508) Pause Full (Allocation Failure) 854M->208M(989M) 43.557ms
[29.068s][info ][gc,cpu         ] GC(508) User=0.04s Sys=0.00s Real=0.04s
[29.068s][info ][safepoint      ] Safepoint "GenCollectForAllocation", Time since last: 39714903 ns, Reaching safepoint: 4300 ns, Cleanup: 4700 ns, At safepoint: 43880004 ns, Total: 43889004 ns
[29.107s][info ][gc,start       ] GC(509) Pause Young (Allocation Failure)
[29.107s][debug][gc,heap        ] GC(509) Heap before GC invocations=412 (full 97):
[29.107s][debug][gc,heap        ] GC(509)  def new generation   total 314560K, used 279616K [0x00000000c0000000, 0x00000000d5550000, 0x00000000d5550000)
[29.107s][debug][gc,heap        ] GC(509)   eden space 279616K, 100% used [0x00000000c0000000, 0x00000000d1110000, 0x00000000d1110000)
[29.107s][debug][gc,heap        ] GC(509)   from space 34944K,   0% used [0x00000000d3330000, 0x00000000d3330000, 0x00000000d5550000)
[29.107s][debug][gc,heap        ] GC(509)   to   space 34944K,   0% used [0x00000000d1110000, 0x00000000d1110000, 0x00000000d3330000)
[29.107s][debug][gc,heap        ] GC(509)  tenured generation   total 699072K, used 213668K [0x00000000d5550000, 0x0000000100000000, 0x0000000100000000)
[29.107s][debug][gc,heap        ] GC(509)    the space 699072K,  30% used [0x00000000d5550000, 0x00000000e25f92e8, 0x00000000e25f9400, 0x0000000100000000)
[29.107s][debug][gc,heap        ] GC(509)  Metaspace       used 6360K, committed 6528K, reserved 1114112K
[29.107s][debug][gc,heap        ] GC(509)   class space    used 546K, committed 640K, reserved 1048576K
[29.140s][info ][gc,heap        ] GC(509) DefNew: 279616K(314560K)->34905K(314560K) Eden: 279616K(279616K)->0K(279616K) From: 0K(34944K)->34905K(34944K)
[29.140s][info ][gc,heap        ] GC(509) Tenured: 213668K(699072K)->326886K(699072K)
[29.140s][info ][gc,metaspace   ] GC(509) Metaspace: 6360K(6528K)->6360K(6528K) NonClass: 5814K(5888K)->5814K(5888K) Class: 546K(640K)->546K(640K)
[29.140s][debug][gc,heap        ] GC(509) Heap after GC invocations=413 (full 97):
[29.140s][debug][gc,heap        ] GC(509)  def new generation   total 314560K, used 34905K [0x00000000c0000000, 0x00000000d5550000, 0x00000000d5550000)
[29.140s][debug][gc,heap        ] GC(509)   eden space 279616K,   0% used [0x00000000c0000000, 0x00000000c0000000, 0x00000000d1110000)
[29.140s][debug][gc,heap        ] GC(509)   from space 34944K,  99% used [0x00000000d1110000, 0x00000000d33265d0, 0x00000000d3330000)
[29.140s][debug][gc,heap        ] GC(509)   to   space 34944K,   0% used [0x00000000d3330000, 0x00000000d3330000, 0x00000000d5550000)
[29.140s][debug][gc,heap        ] GC(509)  tenured generation   total 699072K, used 326886K [0x00000000d5550000, 0x0000000100000000, 0x0000000100000000)
[29.140s][debug][gc,heap        ] GC(509)    the space 699072K,  46% used [0x00000000d5550000, 0x00000000e94899a8, 0x00000000e9489a00, 0x0000000100000000)
[29.140s][debug][gc,heap        ] GC(509)  Metaspace       used 6360K, committed 6528K, reserved 1114112K
[29.141s][debug][gc,heap        ] GC(509)   class space    used 546K, committed 640K, reserved 1048576K
[29.141s][info ][gc             ] GC(509) Pause Young (Allocation Failure) 481M->353M(989M) 33.567ms
[29.141s][info ][gc,cpu         ] GC(509) User=0.03s Sys=0.01s Real=0.04s
[29.141s][info ][safepoint      ] Safepoint "GenCollectForAllocation", Time since last: 39205803 ns, Reaching safepoint: 5700 ns, Cleanup: 5600 ns, At safepoint: 33608803 ns, Total: 33620103 ns
[29.182s][info ][gc,start       ] GC(510) Pause Young (Allocation Failure)
[29.182s][debug][gc,heap        ] GC(510) Heap before GC invocations=413 (full 97):
[29.182s][debug][gc,heap        ] GC(510)  def new generation   total 314560K, used 314521K [0x00000000c0000000, 0x00000000d5550000, 0x00000000d5550000)
[29.182s][debug][gc,heap        ] GC(510)   eden space 279616K, 100% used [0x00000000c0000000, 0x00000000d1110000, 0x00000000d1110000)
[29.182s][debug][gc,heap        ] GC(510)   from space 34944K,  99% used [0x00000000d1110000, 0x00000000d33265d0, 0x00000000d3330000)
[29.182s][debug][gc,heap        ] GC(510)   to   space 34944K,   0% used [0x00000000d3330000, 0x00000000d3330000, 0x00000000d5550000)
[29.182s][debug][gc,heap        ] GC(510)  tenured generation   total 699072K, used 326886K [0x00000000d5550000, 0x0000000100000000, 0x0000000100000000)
[29.182s][debug][gc,heap        ] GC(510)    the space 699072K,  46% used [0x00000000d5550000, 0x00000000e94899a8, 0x00000000e9489a00, 0x0000000100000000)
[29.182s][debug][gc,heap        ] GC(510)  Metaspace       used 6360K, committed 6528K, reserved 1114112K
[29.182s][debug][gc,heap        ] GC(510)   class space    used 546K, committed 640K, reserved 1048576K
[29.217s][info ][gc,heap        ] GC(510) DefNew: 314521K(314560K)->34905K(314560K) Eden: 279616K(279616K)->0K(279616K) From: 34905K(34944K)->34905K(34944K)
[29.217s][info ][gc,heap        ] GC(510) Tenured: 326886K(699072K)->450405K(699072K)
[29.217s][info ][gc,metaspace   ] GC(510) Metaspace: 6360K(6528K)->6360K(6528K) NonClass: 5814K(5888K)->5814K(5888K) Class: 546K(640K)->546K(640K)
[29.217s][debug][gc,heap        ] GC(510) Heap after GC invocations=414 (full 97):
[29.217s][debug][gc,heap        ] GC(510)  def new generation   total 314560K, used 34905K [0x00000000c0000000, 0x00000000d5550000, 0x00000000d5550000)
[29.217s][debug][gc,heap        ] GC(510)   eden space 279616K,   0% used [0x00000000c0000000, 0x00000000c0000000, 0x00000000d1110000)
[29.217s][debug][gc,heap        ] GC(510)   from space 34944K,  99% used [0x00000000d3330000, 0x00000000d55465d0, 0x00000000d5550000)
[29.217s][debug][gc,heap        ] GC(510)   to   space 34944K,   0% used [0x00000000d1110000, 0x00000000d1110000, 0x00000000d3330000)
[29.217s][debug][gc,heap        ] GC(510)  tenured generation   total 699072K, used 450405K [0x00000000d5550000, 0x0000000100000000, 0x0000000100000000)
[29.217s][debug][gc,heap        ] GC(510)    the space 699072K,  64% used [0x00000000d5550000, 0x00000000f0d296d8, 0x00000000f0d29800, 0x0000000100000000)
[29.217s][debug][gc,heap        ] GC(510)  Metaspace       used 6360K, committed 6528K, reserved 1114112K
[29.217s][debug][gc,heap        ] GC(510)   class space    used 546K, committed 640K, reserved 1048576K
[29.217s][info ][gc             ] GC(510) Pause Young (Allocation Failure) 626M->473M(989M) 34.942ms
[29.217s][info ][gc,cpu         ] GC(510) User=0.03s Sys=0.00s Real=0.03s
[29.217s][info ][safepoint      ] Safepoint "GenCollectForAllocation", Time since last: 41211304 ns, Reaching safepoint: 4300 ns, Cleanup: 5200 ns, At safepoint: 35008702 ns, Total: 35018202 ns
[29.260s][info ][gc,start       ] GC(511) Pause Young (Allocation Failure)
[29.260s][debug][gc,heap        ] GC(511) Heap before GC invocations=414 (full 97):
[29.260s][debug][gc,heap        ] GC(511)  def new generation   total 314560K, used 314521K [0x00000000c0000000, 0x00000000d5550000, 0x00000000d5550000)
[29.260s][debug][gc,heap        ] GC(511)   eden space 279616K, 100% used [0x00000000c0000000, 0x00000000d1110000, 0x00000000d1110000)
[29.260s][debug][gc,heap        ] GC(511)   from space 34944K,  99% used [0x00000000d3330000, 0x00000000d55465d0, 0x00000000d5550000)
[29.260s][debug][gc,heap        ] GC(511)   to   space 34944K,   0% used [0x00000000d1110000, 0x00000000d1110000, 0x00000000d3330000)
[29.260s][debug][gc,heap        ] GC(511)  tenured generation   total 699072K, used 450405K [0x00000000d5550000, 0x0000000100000000, 0x0000000100000000)
[29.260s][debug][gc,heap        ] GC(511)    the space 699072K,  64% used [0x00000000d5550000, 0x00000000f0d296d8, 0x00000000f0d29800, 0x0000000100000000)
[29.260s][debug][gc,heap        ] GC(511)  Metaspace       used 6360K, committed 6528K, reserved 1114112K
[29.260s][debug][gc,heap        ] GC(511)   class space    used 546K, committed 640K, reserved 1048576K
[29.294s][info ][gc,heap        ] GC(511) DefNew: 314521K(314560K)->34905K(314560K) Eden: 279616K(279616K)->0K(279616K) From: 34905K(34944K)->34905K(34944K)
[29.294s][info ][gc,heap        ] GC(511) Tenured: 450405K(699072K)->574325K(699072K)
[29.294s][info ][gc,metaspace   ] GC(511) Metaspace: 6360K(6528K)->6360K(6528K) NonClass: 5814K(5888K)->5814K(5888K) Class: 546K(640K)->546K(640K)
[29.294s][debug][gc,heap        ] GC(511) Heap after GC invocations=415 (full 97):
[29.294s][debug][gc,heap        ] GC(511)  def new generation   total 314560K, used 34905K [0x00000000c0000000, 0x00000000d5550000, 0x00000000d5550000)
[29.294s][debug][gc,heap        ] GC(511)   eden space 279616K,   0% used [0x00000000c0000000, 0x00000000c0000000, 0x00000000d1110000)
[29.294s][debug][gc,heap        ] GC(511)   from space 34944K,  99% used [0x00000000d1110000, 0x00000000d33265d0, 0x00000000d3330000)
[29.294s][debug][gc,heap        ] GC(511)   to   space 34944K,   0% used [0x00000000d3330000, 0x00000000d3330000, 0x00000000d5550000)
[29.294s][debug][gc,heap        ] GC(511)  tenured generation   total 699072K, used 574325K [0x00000000d5550000, 0x0000000100000000, 0x0000000100000000)
[29.294s][debug][gc,heap        ] GC(511)    the space 699072K,  82% used [0x00000000d5550000, 0x00000000f862d448, 0x00000000f862d600, 0x0000000100000000)
[29.294s][debug][gc,heap        ] GC(511)  Metaspace       used 6360K, committed 6528K, reserved 1114112K
[29.294s][debug][gc,heap        ] GC(511)   class space    used 546K, committed 640K, reserved 1048576K
[29.294s][info ][gc             ] GC(511) Pause Young (Allocation Failure) 746M->594M(989M) 33.863ms
[29.294s][info ][gc,cpu         ] GC(511) User=0.03s Sys=0.01s Real=0.04s
[29.294s][info ][safepoint      ] Safepoint "GenCollectForAllocation", Time since last: 43314804 ns, Reaching safepoint: 6000 ns, Cleanup: 5400 ns, At safepoint: 33942603 ns, Total: 33954003 ns
[29.331s][info ][gc,start       ] GC(512) Pause Young (Allocation Failure)
[29.331s][debug][gc,heap        ] GC(512) Heap before GC invocations=415 (full 97):
[29.331s][debug][gc,heap        ] GC(512)  def new generation   total 314560K, used 314521K [0x00000000c0000000, 0x00000000d5550000, 0x00000000d5550000)
[29.331s][debug][gc,heap        ] GC(512)   eden space 279616K, 100% used [0x00000000c0000000, 0x00000000d1110000, 0x00000000d1110000)
[29.331s][debug][gc,heap        ] GC(512)   from space 34944K,  99% used [0x00000000d1110000, 0x00000000d33265d0, 0x00000000d3330000)
[29.331s][debug][gc,heap        ] GC(512)   to   space 34944K,   0% used [0x00000000d3330000, 0x00000000d3330000, 0x00000000d5550000)
[29.331s][debug][gc,heap        ] GC(512)  tenured generation   total 699072K, used 574325K [0x00000000d5550000, 0x0000000100000000, 0x0000000100000000)
[29.331s][debug][gc,heap        ] GC(512)    the space 699072K,  82% used [0x00000000d5550000, 0x00000000f862d448, 0x00000000f862d600, 0x0000000100000000)
[29.331s][debug][gc,heap        ] GC(512)  Metaspace       used 6360K, committed 6528K, reserved 1114112K
[29.331s][debug][gc,heap        ] GC(512)   class space    used 546K, committed 640K, reserved 1048576K
[29.331s][debug][gc,heap        ] GC(512) Heap after GC invocations=416 (full 97):
[29.331s][debug][gc,heap        ] GC(512)  def new generation   total 314560K, used 314521K [0x00000000c0000000, 0x00000000d5550000, 0x00000000d5550000)
[29.331s][debug][gc,heap        ] GC(512)   eden space 279616K, 100% used [0x00000000c0000000, 0x00000000d1110000, 0x00000000d1110000)
[29.331s][debug][gc,heap        ] GC(512)   from space 34944K,  99% used [0x00000000d1110000, 0x00000000d33265d0, 0x00000000d3330000)
[29.331s][debug][gc,heap        ] GC(512)   to   space 34944K,   0% used [0x00000000d3330000, 0x00000000d3330000, 0x00000000d5550000)
[29.331s][debug][gc,heap        ] GC(512)  tenured generation   total 699072K, used 574325K [0x00000000d5550000, 0x0000000100000000, 0x0000000100000000)
[29.331s][debug][gc,heap        ] GC(512)    the space 699072K,  82% used [0x00000000d5550000, 0x00000000f862d448, 0x00000000f862d600, 0x0000000100000000)
[29.331s][debug][gc,heap        ] GC(512)  Metaspace       used 6360K, committed 6528K, reserved 1114112K
[29.331s][debug][gc,heap        ] GC(512)   class space    used 546K, committed 640K, reserved 1048576K
[29.331s][info ][gc             ] GC(512) Pause Young (Allocation Failure) 868M->868M(989M) 0.181ms
[29.331s][info ][gc,cpu         ] GC(512) User=0.00s Sys=0.00s Real=0.00s
[29.331s][info ][gc,start       ] GC(513) Pause Full (Allocation Failure)
[29.331s][debug][gc,heap        ] GC(513) Heap before GC invocations=416 (full 97):
[29.331s][debug][gc,heap        ] GC(513)  def new generation   total 314560K, used 314521K [0x00000000c0000000, 0x00000000d5550000, 0x00000000d5550000)
[29.331s][debug][gc,heap        ] GC(513)   eden space 279616K, 100% used [0x00000000c0000000, 0x00000000d1110000, 0x00000000d1110000)
[29.331s][debug][gc,heap        ] GC(513)   from space 34944K,  99% used [0x00000000d1110000, 0x00000000d33265d0, 0x00000000d3330000)
[29.331s][debug][gc,heap        ] GC(513)   to   space 34944K,   0% used [0x00000000d3330000, 0x00000000d3330000, 0x00000000d5550000)
[29.331s][debug][gc,heap        ] GC(513)  tenured generation   total 699072K, used 574325K [0x00000000d5550000, 0x0000000100000000, 0x0000000100000000)
[29.331s][debug][gc,heap        ] GC(513)    the space 699072K,  82% used [0x00000000d5550000, 0x00000000f862d448, 0x00000000f862d600, 0x0000000100000000)
[29.331s][debug][gc,heap        ] GC(513)  Metaspace       used 6360K, committed 6528K, reserved 1114112K
[29.331s][debug][gc,heap        ] GC(513)   class space    used 546K, committed 640K, reserved 1048576K
[29.331s][info ][gc,phases,start] GC(513) Phase 1: Mark live objects
[29.332s][info ][gc,phases      ] GC(513) Phase 1: Mark live objects 0.964ms
[29.332s][info ][gc,phases,start] GC(513) Phase 2: Compute new object addresses
[29.334s][info ][gc,phases      ] GC(513) Phase 2: Compute new object addresses 1.307ms
[29.334s][info ][gc,phases,start] GC(513) Phase 3: Adjust pointers
[29.334s][info ][gc,phases      ] GC(513) Phase 3: Adjust pointers 0.680ms
[29.334s][info ][gc,phases,start] GC(513) Phase 4: Move objects
[29.368s][info ][gc,phases      ] GC(513) Phase 4: Move objects 33.543ms
[29.368s][info ][gc,heap        ] GC(513) DefNew: 314521K(314560K)->0K(314560K) Eden: 279616K(279616K)->0K(279616K) From: 34905K(34944K)->0K(34944K)
[29.368s][info ][gc,heap        ] GC(513) Tenured: 574325K(699072K)->235272K(699072K)
[29.368s][info ][gc,metaspace   ] GC(513) Metaspace: 6360K(6528K)->6360K(6528K) NonClass: 5814K(5888K)->5814K(5888K) Class: 546K(640K)->546K(640K)
[29.368s][debug][gc,heap        ] GC(513) Heap after GC invocations=416 (full 98):
[29.368s][debug][gc,heap        ] GC(513)  def new generation   total 314560K, used 0K [0x00000000c0000000, 0x00000000d5550000, 0x00000000d5550000)
[29.368s][debug][gc,heap        ] GC(513)   eden space 279616K,   0% used [0x00000000c0000000, 0x00000000c0000000, 0x00000000d1110000)
[29.368s][debug][gc,heap        ] GC(513)   from space 34944K,   0% used [0x00000000d1110000, 0x00000000d1110000, 0x00000000d3330000)
[29.368s][debug][gc,heap        ] GC(513)   to   space 34944K,   0% used [0x00000000d3330000, 0x00000000d3330000, 0x00000000d5550000)
[29.368s][debug][gc,heap        ] GC(513)  tenured generation   total 699072K, used 235272K [0x00000000d5550000, 0x0000000100000000, 0x0000000100000000)
[29.368s][debug][gc,heap        ] GC(513)    the space 699072K,  33% used [0x00000000d5550000, 0x00000000e3b12068, 0x00000000e3b12200, 0x0000000100000000)
[29.368s][debug][gc,heap        ] GC(513)  Metaspace       used 6360K, committed 6528K, reserved 1114112K
[29.368s][debug][gc,heap        ] GC(513)   class space    used 546K, committed 640K, reserved 1048576K
[29.368s][info ][gc             ] GC(513) Pause Full (Allocation Failure) 868M->229M(989M) 36.845ms
[29.368s][info ][gc,cpu         ] GC(513) User=0.03s Sys=0.00s Real=0.03s
[29.368s][info ][safepoint      ] Safepoint "GenCollectForAllocation", Time since last: 37022103 ns, Reaching safepoint: 3600 ns, Cleanup: 4300 ns, At safepoint: 37062003 ns, Total: 37069903 ns
[29.401s][info ][gc,start       ] GC(514) Pause Young (Allocation Failure)
[29.401s][debug][gc,heap        ] GC(514) Heap before GC invocations=416 (full 98):
[29.401s][debug][gc,heap        ] GC(514)  def new generation   total 314560K, used 279616K [0x00000000c0000000, 0x00000000d5550000, 0x00000000d5550000)
[29.401s][debug][gc,heap        ] GC(514)   eden space 279616K, 100% used [0x00000000c0000000, 0x00000000d1110000, 0x00000000d1110000)
[29.401s][debug][gc,heap        ] GC(514)   from space 34944K,   0% used [0x00000000d1110000, 0x00000000d1110000, 0x00000000d3330000)
[29.401s][debug][gc,heap        ] GC(514)   to   space 34944K,   0% used [0x00000000d3330000, 0x00000000d3330000, 0x00000000d5550000)
[29.401s][debug][gc,heap        ] GC(514)  tenured generation   total 699072K, used 235272K [0x00000000d5550000, 0x0000000100000000, 0x0000000100000000)
[29.401s][debug][gc,heap        ] GC(514)    the space 699072K,  33% used [0x00000000d5550000, 0x00000000e3b12068, 0x00000000e3b12200, 0x0000000100000000)
[29.401s][debug][gc,heap        ] GC(514)  Metaspace       used 6360K, committed 6528K, reserved 1114112K
[29.401s][debug][gc,heap        ] GC(514)   class space    used 546K, committed 640K, reserved 1048576K
[29.427s][info ][gc,heap        ] GC(514) DefNew: 279616K(314560K)->34905K(314560K) Eden: 279616K(279616K)->0K(279616K) From: 0K(34944K)->34905K(34944K)
[29.427s][info ][gc,heap        ] GC(514) Tenured: 235272K(699072K)->350490K(699072K)
[29.427s][info ][gc,metaspace   ] GC(514) Metaspace: 6360K(6528K)->6360K(6528K) NonClass: 5814K(5888K)->5814K(5888K) Class: 546K(640K)->546K(640K)
[29.427s][debug][gc,heap        ] GC(514) Heap after GC invocations=417 (full 98):
[29.427s][debug][gc,heap        ] GC(514)  def new generation   total 314560K, used 34905K [0x00000000c0000000, 0x00000000d5550000, 0x00000000d5550000)
[29.427s][debug][gc,heap        ] GC(514)   eden space 279616K,   0% used [0x00000000c0000000, 0x00000000c0000000, 0x00000000d1110000)
[29.427s][debug][gc,heap        ] GC(514)   from space 34944K,  99% used [0x00000000d3330000, 0x00000000d55465d0, 0x00000000d5550000)
[29.427s][debug][gc,heap        ] GC(514)   to   space 34944K,   0% used [0x00000000d1110000, 0x00000000d1110000, 0x00000000d3330000)
[29.427s][debug][gc,heap        ] GC(514)  tenured generation   total 699072K, used 350490K [0x00000000d5550000, 0x0000000100000000, 0x0000000100000000)
[29.427s][debug][gc,heap        ] GC(514)    the space 699072K,  50% used [0x00000000d5550000, 0x00000000eab96868, 0x00000000eab96a00, 0x0000000100000000)
[29.427s][debug][gc,heap        ] GC(514)  Metaspace       used 6360K, committed 6528K, reserved 1114112K
[29.427s][debug][gc,heap        ] GC(514)   class space    used 546K, committed 640K, reserved 1048576K
[29.427s][info ][gc             ] GC(514) Pause Young (Allocation Failure) 502M->376M(989M) 25.423ms
[29.427s][info ][gc,cpu         ] GC(514) User=0.02s Sys=0.00s Real=0.02s
[29.427s][info ][safepoint      ] Safepoint "GenCollectForAllocation", Time since last: 33234503 ns, Reaching safepoint: 3400 ns, Cleanup: 3800 ns, At safepoint: 25452602 ns, Total: 25459802 ns
[29.460s][info ][gc,start       ] GC(515) Pause Young (Allocation Failure)
[29.460s][debug][gc,heap        ] GC(515) Heap before GC invocations=417 (full 98):
[29.460s][debug][gc,heap        ] GC(515)  def new generation   total 314560K, used 314521K [0x00000000c0000000, 0x00000000d5550000, 0x00000000d5550000)
[29.460s][debug][gc,heap        ] GC(515)   eden space 279616K, 100% used [0x00000000c0000000, 0x00000000d1110000, 0x00000000d1110000)
[29.460s][debug][gc,heap        ] GC(515)   from space 34944K,  99% used [0x00000000d3330000, 0x00000000d55465d0, 0x00000000d5550000)
[29.460s][debug][gc,heap        ] GC(515)   to   space 34944K,   0% used [0x00000000d1110000, 0x00000000d1110000, 0x00000000d3330000)
[29.460s][debug][gc,heap        ] GC(515)  tenured generation   total 699072K, used 350490K [0x00000000d5550000, 0x0000000100000000, 0x0000000100000000)
[29.460s][debug][gc,heap        ] GC(515)    the space 699072K,  50% used [0x00000000d5550000, 0x00000000eab96868, 0x00000000eab96a00, 0x0000000100000000)
[29.460s][debug][gc,heap        ] GC(515)  Metaspace       used 6360K, committed 6528K, reserved 1114112K
[29.460s][debug][gc,heap        ] GC(515)   class space    used 546K, committed 640K, reserved 1048576K
[29.488s][info ][gc,heap        ] GC(515) DefNew: 314521K(314560K)->34905K(314560K) Eden: 279616K(279616K)->0K(279616K) From: 34905K(34944K)->34905K(34944K)
[29.488s][info ][gc,heap        ] GC(515) Tenured: 350490K(699072K)->472509K(699072K)
[29.488s][info ][gc,metaspace   ] GC(515) Metaspace: 6360K(6528K)->6360K(6528K) NonClass: 5814K(5888K)->5814K(5888K) Class: 546K(640K)->546K(640K)
[29.488s][debug][gc,heap        ] GC(515) Heap after GC invocations=418 (full 98):
[29.488s][debug][gc,heap        ] GC(515)  def new generation   total 314560K, used 34905K [0x00000000c0000000, 0x00000000d5550000, 0x00000000d5550000)
[29.488s][debug][gc,heap        ] GC(515)   eden space 279616K,   0% used [0x00000000c0000000, 0x00000000c0000000, 0x00000000d1110000)
[29.488s][debug][gc,heap        ] GC(515)   from space 34944K,  99% used [0x00000000d1110000, 0x00000000d33265d0, 0x00000000d3330000)
[29.488s][debug][gc,heap        ] GC(515)   to   space 34944K,   0% used [0x00000000d3330000, 0x00000000d3330000, 0x00000000d5550000)
[29.488s][debug][gc,heap        ] GC(515)  tenured generation   total 699072K, used 472509K [0x00000000d5550000, 0x0000000100000000, 0x0000000100000000)
[29.488s][debug][gc,heap        ] GC(515)    the space 699072K,  67% used [0x00000000d5550000, 0x00000000f22bf4a8, 0x00000000f22bf600, 0x0000000100000000)
[29.488s][debug][gc,heap        ] GC(515)  Metaspace       used 6360K, committed 6528K, reserved 1114112K
[29.488s][debug][gc,heap        ] GC(515)   class space    used 546K, committed 640K, reserved 1048576K
[29.488s][info ][gc             ] GC(515) Pause Young (Allocation Failure) 649M->495M(989M) 27.865ms
[29.488s][info ][gc,cpu         ] GC(515) User=0.02s Sys=0.01s Real=0.03s
[29.488s][info ][safepoint      ] Safepoint "GenCollectForAllocation", Time since last: 33289603 ns, Reaching safepoint: 3300 ns, Cleanup: 18000 ns, At safepoint: 27889802 ns, Total: 27911102 ns
[29.526s][info ][gc,start       ] GC(516) Pause Young (Allocation Failure)
[29.526s][debug][gc,heap        ] GC(516) Heap before GC invocations=418 (full 98):
[29.526s][debug][gc,heap        ] GC(516)  def new generation   total 314560K, used 314521K [0x00000000c0000000, 0x00000000d5550000, 0x00000000d5550000)
[29.526s][debug][gc,heap        ] GC(516)   eden space 279616K, 100% used [0x00000000c0000000, 0x00000000d1110000, 0x00000000d1110000)
[29.526s][debug][gc,heap        ] GC(516)   from space 34944K,  99% used [0x00000000d1110000, 0x00000000d33265d0, 0x00000000d3330000)
[29.526s][debug][gc,heap        ] GC(516)   to   space 34944K,   0% used [0x00000000d3330000, 0x00000000d3330000, 0x00000000d5550000)
[29.526s][debug][gc,heap        ] GC(516)  tenured generation   total 699072K, used 472509K [0x00000000d5550000, 0x0000000100000000, 0x0000000100000000)
[29.526s][debug][gc,heap        ] GC(516)    the space 699072K,  67% used [0x00000000d5550000, 0x00000000f22bf4a8, 0x00000000f22bf600, 0x0000000100000000)
[29.526s][debug][gc,heap        ] GC(516)  Metaspace       used 6360K, committed 6528K, reserved 1114112K
[29.526s][debug][gc,heap        ] GC(516)   class space    used 546K, committed 640K, reserved 1048576K
[29.555s][info ][gc,heap        ] GC(516) DefNew: 314521K(314560K)->34905K(314560K) Eden: 279616K(279616K)->0K(279616K) From: 34905K(34944K)->34905K(34944K)
[29.556s][info ][gc,heap        ] GC(516) Tenured: 472509K(699072K)->596828K(699072K)
[29.556s][info ][gc,metaspace   ] GC(516) Metaspace: 6360K(6528K)->6360K(6528K) NonClass: 5814K(5888K)->5814K(5888K) Class: 546K(640K)->546K(640K)
[29.556s][debug][gc,heap        ] GC(516) Heap after GC invocations=419 (full 98):
[29.556s][debug][gc,heap        ] GC(516)  def new generation   total 314560K, used 34905K [0x00000000c0000000, 0x00000000d5550000, 0x00000000d5550000)
[29.556s][debug][gc,heap        ] GC(516)   eden space 279616K,   0% used [0x00000000c0000000, 0x00000000c0000000, 0x00000000d1110000)
[29.556s][debug][gc,heap        ] GC(516)   from space 34944K,  99% used [0x00000000d3330000, 0x00000000d55465d0, 0x00000000d5550000)
[29.556s][debug][gc,heap        ] GC(516)   to   space 34944K,   0% used [0x00000000d1110000, 0x00000000d1110000, 0x00000000d3330000)
[29.556s][debug][gc,heap        ] GC(516)  tenured generation   total 699072K, used 596828K [0x00000000d5550000, 0x0000000100000000, 0x0000000100000000)
[29.556s][debug][gc,heap        ] GC(516)    the space 699072K,  85% used [0x00000000d5550000, 0x00000000f9c27258, 0x00000000f9c27400, 0x0000000100000000)
[29.556s][debug][gc,heap        ] GC(516)  Metaspace       used 6360K, committed 6528K, reserved 1114112K
[29.556s][debug][gc,heap        ] GC(516)   class space    used 546K, committed 640K, reserved 1048576K
[29.556s][info ][gc             ] GC(516) Pause Young (Allocation Failure) 768M->616M(989M) 29.734ms
[29.556s][info ][gc,cpu         ] GC(516) User=0.03s Sys=0.00s Real=0.03s
[29.556s][info ][safepoint      ] Safepoint "GenCollectForAllocation", Time since last: 37731303 ns, Reaching safepoint: 3700 ns, Cleanup: 4100 ns, At safepoint: 29763903 ns, Total: 29771703 ns
[29.591s][info ][gc,start       ] GC(517) Pause Young (Allocation Failure)
[29.591s][debug][gc,heap        ] GC(517) Heap before GC invocations=419 (full 98):
[29.591s][debug][gc,heap        ] GC(517)  def new generation   total 314560K, used 314521K [0x00000000c0000000, 0x00000000d5550000, 0x00000000d5550000)
[29.591s][debug][gc,heap        ] GC(517)   eden space 279616K, 100% used [0x00000000c0000000, 0x00000000d1110000, 0x00000000d1110000)
[29.591s][debug][gc,heap        ] GC(517)   from space 34944K,  99% used [0x00000000d3330000, 0x00000000d55465d0, 0x00000000d5550000)
[29.591s][debug][gc,heap        ] GC(517)   to   space 34944K,   0% used [0x00000000d1110000, 0x00000000d1110000, 0x00000000d3330000)
[29.591s][debug][gc,heap        ] GC(517)  tenured generation   total 699072K, used 596828K [0x00000000d5550000, 0x0000000100000000, 0x0000000100000000)
[29.591s][debug][gc,heap        ] GC(517)    the space 699072K,  85% used [0x00000000d5550000, 0x00000000f9c27258, 0x00000000f9c27400, 0x0000000100000000)
[29.591s][debug][gc,heap        ] GC(517)  Metaspace       used 6360K, committed 6528K, reserved 1114112K
[29.591s][debug][gc,heap        ] GC(517)   class space    used 546K, committed 640K, reserved 1048576K
[29.591s][debug][gc,heap        ] GC(517) Heap after GC invocations=420 (full 98):
[29.591s][debug][gc,heap        ] GC(517)  def new generation   total 314560K, used 314521K [0x00000000c0000000, 0x00000000d5550000, 0x00000000d5550000)
[29.591s][debug][gc,heap        ] GC(517)   eden space 279616K, 100% used [0x00000000c0000000, 0x00000000d1110000, 0x00000000d1110000)
[29.591s][debug][gc,heap        ] GC(517)   from space 34944K,  99% used [0x00000000d3330000, 0x00000000d55465d0, 0x00000000d5550000)
[29.591s][debug][gc,heap        ] GC(517)   to   space 34944K,   0% used [0x00000000d1110000, 0x00000000d1110000, 0x00000000d3330000)
[29.591s][debug][gc,heap        ] GC(517)  tenured generation   total 699072K, used 596828K [0x00000000d5550000, 0x0000000100000000, 0x0000000100000000)
[29.591s][debug][gc,heap        ] GC(517)    the space 699072K,  85% used [0x00000000d5550000, 0x00000000f9c27258, 0x00000000f9c27400, 0x0000000100000000)
[29.591s][debug][gc,heap        ] GC(517)  Metaspace       used 6360K, committed 6528K, reserved 1114112K
[29.591s][debug][gc,heap        ] GC(517)   class space    used 546K, committed 640K, reserved 1048576K
[29.591s][info ][gc             ] GC(517) Pause Young (Allocation Failure) 889M->889M(989M) 0.187ms
[29.591s][info ][gc,cpu         ] GC(517) User=0.00s Sys=0.00s Real=0.00s
[29.591s][info ][gc,start       ] GC(518) Pause Full (Allocation Failure)
[29.591s][debug][gc,heap        ] GC(518) Heap before GC invocations=420 (full 98):
[29.591s][debug][gc,heap        ] GC(518)  def new generation   total 314560K, used 314521K [0x00000000c0000000, 0x00000000d5550000, 0x00000000d5550000)
[29.591s][debug][gc,heap        ] GC(518)   eden space 279616K, 100% used [0x00000000c0000000, 0x00000000d1110000, 0x00000000d1110000)
[29.591s][debug][gc,heap        ] GC(518)   from space 34944K,  99% used [0x00000000d3330000, 0x00000000d55465d0, 0x00000000d5550000)
[29.591s][debug][gc,heap        ] GC(518)   to   space 34944K,   0% used [0x00000000d1110000, 0x00000000d1110000, 0x00000000d3330000)
[29.591s][debug][gc,heap        ] GC(518)  tenured generation   total 699072K, used 596828K [0x00000000d5550000, 0x0000000100000000, 0x0000000100000000)
[29.591s][debug][gc,heap        ] GC(518)    the space 699072K,  85% used [0x00000000d5550000, 0x00000000f9c27258, 0x00000000f9c27400, 0x0000000100000000)
[29.591s][debug][gc,heap        ] GC(518)  Metaspace       used 6360K, committed 6528K, reserved 1114112K
[29.591s][debug][gc,heap        ] GC(518)   class space    used 546K, committed 640K, reserved 1048576K
[29.591s][info ][gc,phases,start] GC(518) Phase 1: Mark live objects
[29.592s][info ][gc,phases      ] GC(518) Phase 1: Mark live objects 0.977ms
[29.592s][info ][gc,phases,start] GC(518) Phase 2: Compute new object addresses
[29.594s][info ][gc,phases      ] GC(518) Phase 2: Compute new object addresses 1.708ms
[29.594s][info ][gc,phases,start] GC(518) Phase 3: Adjust pointers
[29.595s][info ][gc,phases      ] GC(518) Phase 3: Adjust pointers 0.767ms
[29.595s][info ][gc,phases,start] GC(518) Phase 4: Move objects
[29.632s][info ][gc,phases      ] GC(518) Phase 4: Move objects 37.405ms
[29.632s][info ][gc,heap        ] GC(518) DefNew: 314521K(314560K)->0K(314560K) Eden: 279616K(279616K)->0K(279616K) From: 34905K(34944K)->0K(34944K)
[29.632s][info ][gc,heap        ] GC(518) Tenured: 596828K(699072K)->200766K(699072K)
[29.632s][info ][gc,metaspace   ] GC(518) Metaspace: 6360K(6528K)->6360K(6528K) NonClass: 5814K(5888K)->5814K(5888K) Class: 546K(640K)->546K(640K)
[29.632s][debug][gc,heap        ] GC(518) Heap after GC invocations=420 (full 99):
[29.632s][debug][gc,heap        ] GC(518)  def new generation   total 314560K, used 0K [0x00000000c0000000, 0x00000000d5550000, 0x00000000d5550000)
[29.632s][debug][gc,heap        ] GC(518)   eden space 279616K,   0% used [0x00000000c0000000, 0x00000000c0000000, 0x00000000d1110000)
[29.632s][debug][gc,heap        ] GC(518)   from space 34944K,   0% used [0x00000000d3330000, 0x00000000d3330000, 0x00000000d5550000)
[29.632s][debug][gc,heap        ] GC(518)   to   space 34944K,   0% used [0x00000000d1110000, 0x00000000d1110000, 0x00000000d3330000)
[29.632s][debug][gc,heap        ] GC(518)  tenured generation   total 699072K, used 200766K [0x00000000d5550000, 0x0000000100000000, 0x0000000100000000)
[29.632s][debug][gc,heap        ] GC(518)    the space 699072K,  28% used [0x00000000d5550000, 0x00000000e195fad8, 0x00000000e195fc00, 0x0000000100000000)
[29.632s][debug][gc,heap        ] GC(518)  Metaspace       used 6360K, committed 6528K, reserved 1114112K
[29.632s][debug][gc,heap        ] GC(518)   class space    used 546K, committed 640K, reserved 1048576K
[29.632s][info ][gc             ] GC(518) Pause Full (Allocation Failure) 889M->196M(989M) 41.130ms
[29.632s][info ][gc,cpu         ] GC(518) User=0.04s Sys=0.00s Real=0.04s
[29.632s][info ][safepoint      ] Safepoint "GenCollectForAllocation", Time since last: 35240503 ns, Reaching safepoint: 3900 ns, Cleanup: 4600 ns, At safepoint: 41352803 ns, Total: 41361303 ns
[29.668s][info ][gc,start       ] GC(519) Pause Young (Allocation Failure)
[29.668s][debug][gc,heap        ] GC(519) Heap before GC invocations=420 (full 99):
[29.668s][debug][gc,heap        ] GC(519)  def new generation   total 314560K, used 279616K [0x00000000c0000000, 0x00000000d5550000, 0x00000000d5550000)
[29.668s][debug][gc,heap        ] GC(519)   eden space 279616K, 100% used [0x00000000c0000000, 0x00000000d1110000, 0x00000000d1110000)
[29.668s][debug][gc,heap        ] GC(519)   from space 34944K,   0% used [0x00000000d3330000, 0x00000000d3330000, 0x00000000d5550000)
[29.668s][debug][gc,heap        ] GC(519)   to   space 34944K,   0% used [0x00000000d1110000, 0x00000000d1110000, 0x00000000d3330000)
[29.668s][debug][gc,heap        ] GC(519)  tenured generation   total 699072K, used 200766K [0x00000000d5550000, 0x0000000100000000, 0x0000000100000000)
[29.668s][debug][gc,heap        ] GC(519)    the space 699072K,  28% used [0x00000000d5550000, 0x00000000e195fad8, 0x00000000e195fc00, 0x0000000100000000)
[29.668s][debug][gc,heap        ] GC(519)  Metaspace       used 6360K, committed 6528K, reserved 1114112K
[29.668s][debug][gc,heap        ] GC(519)   class space    used 546K, committed 640K, reserved 1048576K
[29.698s][info ][gc,heap        ] GC(519) DefNew: 279616K(314560K)->34905K(314560K) Eden: 279616K(279616K)->0K(279616K) From: 0K(34944K)->34905K(34944K)
[29.698s][info ][gc,heap        ] GC(519) Tenured: 200766K(699072K)->318085K(699072K)
[29.698s][info ][gc,metaspace   ] GC(519) Metaspace: 6360K(6528K)->6360K(6528K) NonClass: 5814K(5888K)->5814K(5888K) Class: 546K(640K)->546K(640K)
[29.698s][debug][gc,heap        ] GC(519) Heap after GC invocations=421 (full 99):
[29.698s][debug][gc,heap        ] GC(519)  def new generation   total 314560K, used 34905K [0x00000000c0000000, 0x00000000d5550000, 0x00000000d5550000)
[29.698s][debug][gc,heap        ] GC(519)   eden space 279616K,   0% used [0x00000000c0000000, 0x00000000c0000000, 0x00000000d1110000)
[29.698s][debug][gc,heap        ] GC(519)   from space 34944K,  99% used [0x00000000d1110000, 0x00000000d33265d0, 0x00000000d3330000)
[29.698s][debug][gc,heap        ] GC(519)   to   space 34944K,   0% used [0x00000000d3330000, 0x00000000d3330000, 0x00000000d5550000)
[29.698s][debug][gc,heap        ] GC(519)  tenured generation   total 699072K, used 318085K [0x00000000d5550000, 0x0000000100000000, 0x0000000100000000)
[29.698s][debug][gc,heap        ] GC(519)    the space 699072K,  45% used [0x00000000d5550000, 0x00000000e8bf1428, 0x00000000e8bf1600, 0x0000000100000000)
[29.698s][debug][gc,heap        ] GC(519)  Metaspace       used 6360K, committed 6528K, reserved 1114112K
[29.698s][debug][gc,heap        ] GC(519)   class space    used 546K, committed 640K, reserved 1048576K
[29.698s][info ][gc             ] GC(519) Pause Young (Allocation Failure) 469M->344M(989M) 29.317ms
[29.698s][info ][gc,cpu         ] GC(519) User=0.03s Sys=0.00s Real=0.03s
[29.698s][info ][safepoint      ] Safepoint "GenCollectForAllocation", Time since last: 36203903 ns, Reaching safepoint: 3800 ns, Cleanup: 4200 ns, At safepoint: 29343403 ns, Total: 29351403 ns
[29.732s][info ][gc,start       ] GC(520) Pause Young (Allocation Failure)
[29.732s][debug][gc,heap        ] GC(520) Heap before GC invocations=421 (full 99):
[29.732s][debug][gc,heap        ] GC(520)  def new generation   total 314560K, used 314521K [0x00000000c0000000, 0x00000000d5550000, 0x00000000d5550000)
[29.732s][debug][gc,heap        ] GC(520)   eden space 279616K, 100% used [0x00000000c0000000, 0x00000000d1110000, 0x00000000d1110000)
[29.732s][debug][gc,heap        ] GC(520)   from space 34944K,  99% used [0x00000000d1110000, 0x00000000d33265d0, 0x00000000d3330000)
[29.732s][debug][gc,heap        ] GC(520)   to   space 34944K,   0% used [0x00000000d3330000, 0x00000000d3330000, 0x00000000d5550000)
[29.732s][debug][gc,heap        ] GC(520)  tenured generation   total 699072K, used 318085K [0x00000000d5550000, 0x0000000100000000, 0x0000000100000000)
[29.732s][debug][gc,heap        ] GC(520)    the space 699072K,  45% used [0x00000000d5550000, 0x00000000e8bf1428, 0x00000000e8bf1600, 0x0000000100000000)
[29.732s][debug][gc,heap        ] GC(520)  Metaspace       used 6360K, committed 6528K, reserved 1114112K
[29.732s][debug][gc,heap        ] GC(520)   class space    used 546K, committed 640K, reserved 1048576K
[29.757s][info ][gc,heap        ] GC(520) DefNew: 314521K(314560K)->34905K(314560K) Eden: 279616K(279616K)->0K(279616K) From: 34905K(34944K)->34905K(34944K)
[29.757s][info ][gc,heap        ] GC(520) Tenured: 318085K(699072K)->441904K(699072K)
[29.757s][info ][gc,metaspace   ] GC(520) Metaspace: 6360K(6528K)->6360K(6528K) NonClass: 5814K(5888K)->5814K(5888K) Class: 546K(640K)->546K(640K)
[29.757s][debug][gc,heap        ] GC(520) Heap after GC invocations=422 (full 99):
[29.757s][debug][gc,heap        ] GC(520)  def new generation   total 314560K, used 34905K [0x00000000c0000000, 0x00000000d5550000, 0x00000000d5550000)
[29.757s][debug][gc,heap        ] GC(520)   eden space 279616K,   0% used [0x00000000c0000000, 0x00000000c0000000, 0x00000000d1110000)
[29.757s][debug][gc,heap        ] GC(520)   from space 34944K,  99% used [0x00000000d3330000, 0x00000000d55465d0, 0x00000000d5550000)
[29.757s][debug][gc,heap        ] GC(520)   to   space 34944K,   0% used [0x00000000d1110000, 0x00000000d1110000, 0x00000000d3330000)
[29.757s][debug][gc,heap        ] GC(520)  tenured generation   total 699072K, used 441904K [0x00000000d5550000, 0x0000000100000000, 0x0000000100000000)
[29.757s][debug][gc,heap        ] GC(520)    the space 699072K,  63% used [0x00000000d5550000, 0x00000000f04dc188, 0x00000000f04dc200, 0x0000000100000000)
[29.757s][debug][gc,heap        ] GC(520)  Metaspace       used 6360K, committed 6528K, reserved 1114112K
[29.757s][debug][gc,heap        ] GC(520)   class space    used 546K, committed 640K, reserved 1048576K
[29.757s][info ][gc             ] GC(520) Pause Young (Allocation Failure) 617M->465M(989M) 25.294ms
[29.757s][info ][gc,cpu         ] GC(520) User=0.02s Sys=0.00s Real=0.02s
[29.757s][info ][safepoint      ] Safepoint "GenCollectForAllocation", Time since last: 33908903 ns, Reaching safepoint: 3400 ns, Cleanup: 4500 ns, At safepoint: 25321502 ns, Total: 25329402 ns
[29.789s][info ][gc,start       ] GC(521) Pause Young (Allocation Failure)
[29.789s][debug][gc,heap        ] GC(521) Heap before GC invocations=422 (full 99):
[29.789s][debug][gc,heap        ] GC(521)  def new generation   total 314560K, used 314521K [0x00000000c0000000, 0x00000000d5550000, 0x00000000d5550000)
[29.789s][debug][gc,heap        ] GC(521)   eden space 279616K, 100% used [0x00000000c0000000, 0x00000000d1110000, 0x00000000d1110000)
[29.789s][debug][gc,heap        ] GC(521)   from space 34944K,  99% used [0x00000000d3330000, 0x00000000d55465d0, 0x00000000d5550000)
[29.789s][debug][gc,heap        ] GC(521)   to   space 34944K,   0% used [0x00000000d1110000, 0x00000000d1110000, 0x00000000d3330000)
[29.789s][debug][gc,heap        ] GC(521)  tenured generation   total 699072K, used 441904K [0x00000000d5550000, 0x0000000100000000, 0x0000000100000000)
[29.789s][debug][gc,heap        ] GC(521)    the space 699072K,  63% used [0x00000000d5550000, 0x00000000f04dc188, 0x00000000f04dc200, 0x0000000100000000)
[29.789s][debug][gc,heap        ] GC(521)  Metaspace       used 6360K, committed 6528K, reserved 1114112K
[29.789s][debug][gc,heap        ] GC(521)   class space    used 546K, committed 640K, reserved 1048576K
[29.815s][info ][gc,heap        ] GC(521) DefNew: 314521K(314560K)->34905K(314560K) Eden: 279616K(279616K)->0K(279616K) From: 34905K(34944K)->34905K(34944K)
[29.815s][info ][gc,heap        ] GC(521) Tenured: 441904K(699072K)->566923K(699072K)
[29.815s][info ][gc,metaspace   ] GC(521) Metaspace: 6360K(6528K)->6360K(6528K) NonClass: 5814K(5888K)->5814K(5888K) Class: 546K(640K)->546K(640K)
[29.815s][debug][gc,heap        ] GC(521) Heap after GC invocations=423 (full 99):
[29.815s][debug][gc,heap        ] GC(521)  def new generation   total 314560K, used 34905K [0x00000000c0000000, 0x00000000d5550000, 0x00000000d5550000)
[29.815s][debug][gc,heap        ] GC(521)   eden space 279616K,   0% used [0x00000000c0000000, 0x00000000c0000000, 0x00000000d1110000)
[29.815s][debug][gc,heap        ] GC(521)   from space 34944K,  99% used [0x00000000d1110000, 0x00000000d33265d0, 0x00000000d3330000)
[29.815s][debug][gc,heap        ] GC(521)   to   space 34944K,   0% used [0x00000000d3330000, 0x00000000d3330000, 0x00000000d5550000)
[29.815s][debug][gc,heap        ] GC(521)  tenured generation   total 699072K, used 566923K [0x00000000d5550000, 0x0000000100000000, 0x0000000100000000)
[29.815s][debug][gc,heap        ] GC(521)    the space 699072K,  81% used [0x00000000d5550000, 0x00000000f7ef2fa8, 0x00000000f7ef3000, 0x0000000100000000)
[29.815s][debug][gc,heap        ] GC(521)  Metaspace       used 6360K, committed 6528K, reserved 1114112K
[29.815s][debug][gc,heap        ] GC(521)   class space    used 546K, committed 640K, reserved 1048576K
[29.815s][info ][gc             ] GC(521) Pause Young (Allocation Failure) 738M->587M(989M) 26.525ms
[29.815s][info ][gc,cpu         ] GC(521) User=0.03s Sys=0.00s Real=0.03s
[29.815s][info ][safepoint      ] Safepoint "GenCollectForAllocation", Time since last: 31971703 ns, Reaching safepoint: 3300 ns, Cleanup: 3600 ns, At safepoint: 26550102 ns, Total: 26557002 ns
[29.847s][info ][gc,start       ] GC(522) Pause Young (Allocation Failure)
[29.847s][debug][gc,heap        ] GC(522) Heap before GC invocations=423 (full 99):
[29.847s][debug][gc,heap        ] GC(522)  def new generation   total 314560K, used 314521K [0x00000000c0000000, 0x00000000d5550000, 0x00000000d5550000)
[29.847s][debug][gc,heap        ] GC(522)   eden space 279616K, 100% used [0x00000000c0000000, 0x00000000d1110000, 0x00000000d1110000)
[29.847s][debug][gc,heap        ] GC(522)   from space 34944K,  99% used [0x00000000d1110000, 0x00000000d33265d0, 0x00000000d3330000)
[29.847s][debug][gc,heap        ] GC(522)   to   space 34944K,   0% used [0x00000000d3330000, 0x00000000d3330000, 0x00000000d5550000)
[29.847s][debug][gc,heap        ] GC(522)  tenured generation   total 699072K, used 566923K [0x00000000d5550000, 0x0000000100000000, 0x0000000100000000)
[29.847s][debug][gc,heap        ] GC(522)    the space 699072K,  81% used [0x00000000d5550000, 0x00000000f7ef2fa8, 0x00000000f7ef3000, 0x0000000100000000)
[29.847s][debug][gc,heap        ] GC(522)  Metaspace       used 6360K, committed 6528K, reserved 1114112K
[29.847s][debug][gc,heap        ] GC(522)   class space    used 546K, committed 640K, reserved 1048576K
[29.847s][debug][gc,heap        ] GC(522) Heap after GC invocations=424 (full 99):
[29.847s][debug][gc,heap        ] GC(522)  def new generation   total 314560K, used 314521K [0x00000000c0000000, 0x00000000d5550000, 0x00000000d5550000)
[29.847s][debug][gc,heap        ] GC(522)   eden space 279616K, 100% used [0x00000000c0000000, 0x00000000d1110000, 0x00000000d1110000)
[29.847s][debug][gc,heap        ] GC(522)   from space 34944K,  99% used [0x00000000d1110000, 0x00000000d33265d0, 0x00000000d3330000)
[29.847s][debug][gc,heap        ] GC(522)   to   space 34944K,   0% used [0x00000000d3330000, 0x00000000d3330000, 0x00000000d5550000)
[29.847s][debug][gc,heap        ] GC(522)  tenured generation   total 699072K, used 566923K [0x00000000d5550000, 0x0000000100000000, 0x0000000100000000)
[29.847s][debug][gc,heap        ] GC(522)    the space 699072K,  81% used [0x00000000d5550000, 0x00000000f7ef2fa8, 0x00000000f7ef3000, 0x0000000100000000)
[29.847s][debug][gc,heap        ] GC(522)  Metaspace       used 6360K, committed 6528K, reserved 1114112K
[29.847s][debug][gc,heap        ] GC(522)   class space    used 546K, committed 640K, reserved 1048576K
[29.847s][info ][gc             ] GC(522) Pause Young (Allocation Failure) 860M->860M(989M) 0.097ms
[29.847s][info ][gc,cpu         ] GC(522) User=0.00s Sys=0.00s Real=0.00s
[29.847s][info ][gc,start       ] GC(523) Pause Full (Allocation Failure)
[29.847s][debug][gc,heap        ] GC(523) Heap before GC invocations=424 (full 99):
[29.848s][debug][gc,heap        ] GC(523)  def new generation   total 314560K, used 314521K [0x00000000c0000000, 0x00000000d5550000, 0x00000000d5550000)
[29.848s][debug][gc,heap        ] GC(523)   eden space 279616K, 100% used [0x00000000c0000000, 0x00000000d1110000, 0x00000000d1110000)
[29.848s][debug][gc,heap        ] GC(523)   from space 34944K,  99% used [0x00000000d1110000, 0x00000000d33265d0, 0x00000000d3330000)
[29.848s][debug][gc,heap        ] GC(523)   to   space 34944K,   0% used [0x00000000d3330000, 0x00000000d3330000, 0x00000000d5550000)
[29.848s][debug][gc,heap        ] GC(523)  tenured generation   total 699072K, used 566923K [0x00000000d5550000, 0x0000000100000000, 0x0000000100000000)
[29.848s][debug][gc,heap        ] GC(523)    the space 699072K,  81% used [0x00000000d5550000, 0x00000000f7ef2fa8, 0x00000000f7ef3000, 0x0000000100000000)
[29.848s][debug][gc,heap        ] GC(523)  Metaspace       used 6360K, committed 6528K, reserved 1114112K
[29.848s][debug][gc,heap        ] GC(523)   class space    used 546K, committed 640K, reserved 1048576K
[29.848s][info ][gc,phases,start] GC(523) Phase 1: Mark live objects
[29.849s][info ][gc,phases      ] GC(523) Phase 1: Mark live objects 0.944ms
[29.849s][info ][gc,phases,start] GC(523) Phase 2: Compute new object addresses
[29.850s][info ][gc,phases      ] GC(523) Phase 2: Compute new object addresses 1.244ms
[29.850s][info ][gc,phases,start] GC(523) Phase 3: Adjust pointers
[29.850s][info ][gc,phases      ] GC(523) Phase 3: Adjust pointers 0.667ms
[29.850s][info ][gc,phases,start] GC(523) Phase 4: Move objects
[29.890s][info ][gc,phases      ] GC(523) Phase 4: Move objects 39.234ms
[29.890s][info ][gc,heap        ] GC(523) DefNew: 314521K(314560K)->0K(314560K) Eden: 279616K(279616K)->0K(279616K) From: 34905K(34944K)->0K(34944K)
[29.890s][info ][gc,heap        ] GC(523) Tenured: 566923K(699072K)->200766K(699072K)
[29.890s][info ][gc,metaspace   ] GC(523) Metaspace: 6360K(6528K)->6360K(6528K) NonClass: 5814K(5888K)->5814K(5888K) Class: 546K(640K)->546K(640K)
[29.890s][debug][gc,heap        ] GC(523) Heap after GC invocations=424 (full 100):
[29.890s][debug][gc,heap        ] GC(523)  def new generation   total 314560K, used 0K [0x00000000c0000000, 0x00000000d5550000, 0x00000000d5550000)
[29.890s][debug][gc,heap        ] GC(523)   eden space 279616K,   0% used [0x00000000c0000000, 0x00000000c0000000, 0x00000000d1110000)
[29.890s][debug][gc,heap        ] GC(523)   from space 34944K,   0% used [0x00000000d1110000, 0x00000000d1110000, 0x00000000d3330000)
[29.890s][debug][gc,heap        ] GC(523)   to   space 34944K,   0% used [0x00000000d3330000, 0x00000000d3330000, 0x00000000d5550000)
[29.890s][debug][gc,heap        ] GC(523)  tenured generation   total 699072K, used 200766K [0x00000000d5550000, 0x0000000100000000, 0x0000000100000000)
[29.890s][debug][gc,heap        ] GC(523)    the space 699072K,  28% used [0x00000000d5550000, 0x00000000e195fad8, 0x00000000e195fc00, 0x0000000100000000)
[29.890s][debug][gc,heap        ] GC(523)  Metaspace       used 6360K, committed 6528K, reserved 1114112K
[29.890s][debug][gc,heap        ] GC(523)   class space    used 546K, committed 640K, reserved 1048576K
[29.890s][info ][gc             ] GC(523) Pause Full (Allocation Failure) 860M->196M(989M) 42.446ms
[29.890s][info ][gc,cpu         ] GC(523) User=0.04s Sys=0.00s Real=0.04s
[29.890s][info ][safepoint      ] Safepoint "GenCollectForAllocation", Time since last: 31879303 ns, Reaching safepoint: 3400 ns, Cleanup: 3600 ns, At safepoint: 42580203 ns, Total: 42587203 ns
[29.932s][info ][gc,start       ] GC(524) Pause Young (Allocation Failure)
[29.932s][debug][gc,heap        ] GC(524) Heap before GC invocations=424 (full 100):
[29.932s][debug][gc,heap        ] GC(524)  def new generation   total 314560K, used 279616K [0x00000000c0000000, 0x00000000d5550000, 0x00000000d5550000)
[29.932s][debug][gc,heap        ] GC(524)   eden space 279616K, 100% used [0x00000000c0000000, 0x00000000d1110000, 0x00000000d1110000)
[29.932s][debug][gc,heap        ] GC(524)   from space 34944K,   0% used [0x00000000d1110000, 0x00000000d1110000, 0x00000000d3330000)
[29.932s][debug][gc,heap        ] GC(524)   to   space 34944K,   0% used [0x00000000d3330000, 0x00000000d3330000, 0x00000000d5550000)
[29.932s][debug][gc,heap        ] GC(524)  tenured generation   total 699072K, used 200766K [0x00000000d5550000, 0x0000000100000000, 0x0000000100000000)
[29.932s][debug][gc,heap        ] GC(524)    the space 699072K,  28% used [0x00000000d5550000, 0x00000000e195fad8, 0x00000000e195fc00, 0x0000000100000000)
[29.932s][debug][gc,heap        ] GC(524)  Metaspace       used 6360K, committed 6528K, reserved 1114112K
[29.932s][debug][gc,heap        ] GC(524)   class space    used 546K, committed 640K, reserved 1048576K
[29.958s][info ][gc,heap        ] GC(524) DefNew: 279616K(314560K)->34905K(314560K) Eden: 279616K(279616K)->0K(279616K) From: 0K(34944K)->34905K(34944K)
[29.958s][info ][gc,heap        ] GC(524) Tenured: 200766K(699072K)->313584K(699072K)
[29.958s][info ][gc,metaspace   ] GC(524) Metaspace: 6360K(6528K)->6360K(6528K) NonClass: 5814K(5888K)->5814K(5888K) Class: 546K(640K)->546K(640K)
[29.958s][debug][gc,heap        ] GC(524) Heap after GC invocations=425 (full 100):
[29.958s][debug][gc,heap        ] GC(524)  def new generation   total 314560K, used 34905K [0x00000000c0000000, 0x00000000d5550000, 0x00000000d5550000)
[29.958s][debug][gc,heap        ] GC(524)   eden space 279616K,   0% used [0x00000000c0000000, 0x00000000c0000000, 0x00000000d1110000)
[29.958s][debug][gc,heap        ] GC(524)   from space 34944K,  99% used [0x00000000d3330000, 0x00000000d55465d0, 0x00000000d5550000)
[29.958s][debug][gc,heap        ] GC(524)   to   space 34944K,   0% used [0x00000000d1110000, 0x00000000d1110000, 0x00000000d3330000)
[29.958s][debug][gc,heap        ] GC(524)  tenured generation   total 699072K, used 313584K [0x00000000d5550000, 0x0000000100000000, 0x0000000100000000)
[29.958s][debug][gc,heap        ] GC(524)    the space 699072K,  44% used [0x00000000d5550000, 0x00000000e878c158, 0x00000000e878c200, 0x0000000100000000)
[29.958s][debug][gc,heap        ] GC(524)  Metaspace       used 6360K, committed 6528K, reserved 1114112K
[29.958s][debug][gc,heap        ] GC(524)   class space    used 546K, committed 640K, reserved 1048576K
[29.958s][info ][gc             ] GC(524) Pause Young (Allocation Failure) 469M->340M(989M) 25.921ms
[29.958s][info ][gc,cpu         ] GC(524) User=0.02s Sys=0.00s Real=0.02s
[29.958s][info ][safepoint      ] Safepoint "GenCollectForAllocation", Time since last: 41759304 ns, Reaching safepoint: 17600 ns, Cleanup: 4500 ns, At safepoint: 25960902 ns, Total: 25983002 ns
[29.993s][info ][gc,start       ] GC(525) Pause Young (Allocation Failure)
[29.993s][debug][gc,heap        ] GC(525) Heap before GC invocations=425 (full 100):
[29.993s][debug][gc,heap        ] GC(525)  def new generation   total 314560K, used 314521K [0x00000000c0000000, 0x00000000d5550000, 0x00000000d5550000)
[29.993s][debug][gc,heap        ] GC(525)   eden space 279616K, 100% used [0x00000000c0000000, 0x00000000d1110000, 0x00000000d1110000)
[29.993s][debug][gc,heap        ] GC(525)   from space 34944K,  99% used [0x00000000d3330000, 0x00000000d55465d0, 0x00000000d5550000)
[29.993s][debug][gc,heap        ] GC(525)   to   space 34944K,   0% used [0x00000000d1110000, 0x00000000d1110000, 0x00000000d3330000)
[29.993s][debug][gc,heap        ] GC(525)  tenured generation   total 699072K, used 313584K [0x00000000d5550000, 0x0000000100000000, 0x0000000100000000)
[29.993s][debug][gc,heap        ] GC(525)    the space 699072K,  44% used [0x00000000d5550000, 0x00000000e878c158, 0x00000000e878c200, 0x0000000100000000)
[29.993s][debug][gc,heap        ] GC(525)  Metaspace       used 6360K, committed 6528K, reserved 1114112K
[29.993s][debug][gc,heap        ] GC(525)   class space    used 546K, committed 640K, reserved 1048576K
[30.021s][info ][gc,heap        ] GC(525) DefNew: 314521K(314560K)->34905K(314560K) Eden: 279616K(279616K)->0K(279616K) From: 34905K(34944K)->34905K(34944K)
[30.021s][info ][gc,heap        ] GC(525) Tenured: 313584K(699072K)->438203K(699072K)
[30.021s][info ][gc,metaspace   ] GC(525) Metaspace: 6360K(6528K)->6360K(6528K) NonClass: 5814K(5888K)->5814K(5888K) Class: 546K(640K)->546K(640K)
[30.021s][debug][gc,heap        ] GC(525) Heap after GC invocations=426 (full 100):
[30.021s][debug][gc,heap        ] GC(525)  def new generation   total 314560K, used 34905K [0x00000000c0000000, 0x00000000d5550000, 0x00000000d5550000)
[30.021s][debug][gc,heap        ] GC(525)   eden space 279616K,   0% used [0x00000000c0000000, 0x00000000c0000000, 0x00000000d1110000)
[30.021s][debug][gc,heap        ] GC(525)   from space 34944K,  99% used [0x00000000d1110000, 0x00000000d33265d0, 0x00000000d3330000)
[30.021s][debug][gc,heap        ] GC(525)   to   space 34944K,   0% used [0x00000000d3330000, 0x00000000d3330000, 0x00000000d5550000)
[30.021s][debug][gc,heap        ] GC(525)  tenured generation   total 699072K, used 438203K [0x00000000d5550000, 0x0000000100000000, 0x0000000100000000)
[30.021s][debug][gc,heap        ] GC(525)    the space 699072K,  62% used [0x00000000d5550000, 0x00000000f013ef38, 0x00000000f013f000, 0x0000000100000000)
[30.021s][debug][gc,heap        ] GC(525)  Metaspace       used 6360K, committed 6528K, reserved 1114112K
[30.021s][debug][gc,heap        ] GC(525)   class space    used 546K, committed 640K, reserved 1048576K
[30.021s][info ][gc             ] GC(525) Pause Young (Allocation Failure) 613M->462M(989M) 27.614ms
[30.021s][info ][gc,cpu         ] GC(525) User=0.03s Sys=0.00s Real=0.03s
[30.021s][info ][safepoint      ] Safepoint "GenCollectForAllocation", Time since last: 35429503 ns, Reaching safepoint: 3200 ns, Cleanup: 4000 ns, At safepoint: 27639402 ns, Total: 27646602 ns
[30.056s][info ][gc,start       ] GC(526) Pause Young (Allocation Failure)
[30.056s][debug][gc,heap        ] GC(526) Heap before GC invocations=426 (full 100):
[30.056s][debug][gc,heap        ] GC(526)  def new generation   total 314560K, used 314521K [0x00000000c0000000, 0x00000000d5550000, 0x00000000d5550000)
[30.056s][debug][gc,heap        ] GC(526)   eden space 279616K, 100% used [0x00000000c0000000, 0x00000000d1110000, 0x00000000d1110000)
[30.056s][debug][gc,heap        ] GC(526)   from space 34944K,  99% used [0x00000000d1110000, 0x00000000d33265d0, 0x00000000d3330000)
[30.056s][debug][gc,heap        ] GC(526)   to   space 34944K,   0% used [0x00000000d3330000, 0x00000000d3330000, 0x00000000d5550000)
[30.056s][debug][gc,heap        ] GC(526)  tenured generation   total 699072K, used 438203K [0x00000000d5550000, 0x0000000100000000, 0x0000000100000000)
[30.056s][debug][gc,heap        ] GC(526)    the space 699072K,  62% used [0x00000000d5550000, 0x00000000f013ef38, 0x00000000f013f000, 0x0000000100000000)
[30.056s][debug][gc,heap        ] GC(526)  Metaspace       used 6360K, committed 6528K, reserved 1114112K
[30.056s][debug][gc,heap        ] GC(526)   class space    used 546K, committed 640K, reserved 1048576K
[30.085s][info ][gc,heap        ] GC(526) DefNew: 314521K(314560K)->34905K(314560K) Eden: 279616K(279616K)->0K(279616K) From: 34905K(34944K)->34905K(34944K)
[30.085s][info ][gc,heap        ] GC(526) Tenured: 438203K(699072K)->562923K(699072K)
[30.085s][info ][gc,metaspace   ] GC(526) Metaspace: 6360K(6528K)->6360K(6528K) NonClass: 5814K(5888K)->5814K(5888K) Class: 546K(640K)->546K(640K)
[30.085s][debug][gc,heap        ] GC(526) Heap after GC invocations=427 (full 100):
[30.085s][debug][gc,heap        ] GC(526)  def new generation   total 314560K, used 34905K [0x00000000c0000000, 0x00000000d5550000, 0x00000000d5550000)
[30.085s][debug][gc,heap        ] GC(526)   eden space 279616K,   0% used [0x00000000c0000000, 0x00000000c0000000, 0x00000000d1110000)
[30.085s][debug][gc,heap        ] GC(526)   from space 34944K,  99% used [0x00000000d3330000, 0x00000000d55465d0, 0x00000000d5550000)
[30.085s][debug][gc,heap        ] GC(526)   to   space 34944K,   0% used [0x00000000d1110000, 0x00000000d1110000, 0x00000000d3330000)
[30.085s][debug][gc,heap        ] GC(526)  tenured generation   total 699072K, used 562923K [0x00000000d5550000, 0x0000000100000000, 0x0000000100000000)
[30.085s][debug][gc,heap        ] GC(526)    the space 699072K,  80% used [0x00000000d5550000, 0x00000000f7b0ad28, 0x00000000f7b0ae00, 0x0000000100000000)
[30.085s][debug][gc,heap        ] GC(526)  Metaspace       used 6360K, committed 6528K, reserved 1114112K
[30.085s][debug][gc,heap        ] GC(526)   class space    used 546K, committed 640K, reserved 1048576K
[30.085s][info ][gc             ] GC(526) Pause Young (Allocation Failure) 735M->583M(989M) 29.113ms
[30.085s][info ][gc,cpu         ] GC(526) User=0.03s Sys=0.00s Real=0.03s
[30.085s][info ][safepoint      ] Safepoint "GenCollectForAllocation", Time since last: 34851703 ns, Reaching safepoint: 3300 ns, Cleanup: 3900 ns, At safepoint: 29138903 ns, Total: 29146103 ns
[30.125s][info ][gc,start       ] GC(527) Pause Young (Allocation Failure)
[30.125s][debug][gc,heap        ] GC(527) Heap before GC invocations=427 (full 100):
[30.125s][debug][gc,heap        ] GC(527)  def new generation   total 314560K, used 314521K [0x00000000c0000000, 0x00000000d5550000, 0x00000000d5550000)
[30.125s][debug][gc,heap        ] GC(527)   eden space 279616K, 100% used [0x00000000c0000000, 0x00000000d1110000, 0x00000000d1110000)
[30.125s][debug][gc,heap        ] GC(527)   from space 34944K,  99% used [0x00000000d3330000, 0x00000000d55465d0, 0x00000000d5550000)
[30.125s][debug][gc,heap        ] GC(527)   to   space 34944K,   0% used [0x00000000d1110000, 0x00000000d1110000, 0x00000000d3330000)
[30.125s][debug][gc,heap        ] GC(527)  tenured generation   total 699072K, used 562923K [0x00000000d5550000, 0x0000000100000000, 0x0000000100000000)
[30.125s][debug][gc,heap        ] GC(527)    the space 699072K,  80% used [0x00000000d5550000, 0x00000000f7b0ad28, 0x00000000f7b0ae00, 0x0000000100000000)
[30.125s][debug][gc,heap        ] GC(527)  Metaspace       used 6360K, committed 6528K, reserved 1114112K
[30.125s][debug][gc,heap        ] GC(527)   class space    used 546K, committed 640K, reserved 1048576K
[30.125s][debug][gc,heap        ] GC(527) Heap after GC invocations=428 (full 100):
[30.125s][debug][gc,heap        ] GC(527)  def new generation   total 314560K, used 314521K [0x00000000c0000000, 0x00000000d5550000, 0x00000000d5550000)
[30.125s][debug][gc,heap        ] GC(527)   eden space 279616K, 100% used [0x00000000c0000000, 0x00000000d1110000, 0x00000000d1110000)
[30.125s][debug][gc,heap        ] GC(527)   from space 34944K,  99% used [0x00000000d3330000, 0x00000000d55465d0, 0x00000000d5550000)
[30.125s][debug][gc,heap        ] GC(527)   to   space 34944K,   0% used [0x00000000d1110000, 0x00000000d1110000, 0x00000000d3330000)
[30.125s][debug][gc,heap        ] GC(527)  tenured generation   total 699072K, used 562923K [0x00000000d5550000, 0x0000000100000000, 0x0000000100000000)
[30.125s][debug][gc,heap        ] GC(527)    the space 699072K,  80% used [0x00000000d5550000, 0x00000000f7b0ad28, 0x00000000f7b0ae00, 0x0000000100000000)
[30.125s][debug][gc,heap        ] GC(527)  Metaspace       used 6360K, committed 6528K, reserved 1114112K
[30.125s][debug][gc,heap        ] GC(527)   class space    used 546K, committed 640K, reserved 1048576K
[30.125s][info ][gc             ] GC(527) Pause Young (Allocation Failure) 856M->856M(989M) 0.156ms
[30.125s][info ][gc,cpu         ] GC(527) User=0.00s Sys=0.00s Real=0.00s
[30.125s][info ][gc,start       ] GC(528) Pause Full (Allocation Failure)
[30.125s][debug][gc,heap        ] GC(528) Heap before GC invocations=428 (full 100):
[30.125s][debug][gc,heap        ] GC(528)  def new generation   total 314560K, used 314521K [0x00000000c0000000, 0x00000000d5550000, 0x00000000d5550000)
[30.125s][debug][gc,heap        ] GC(528)   eden space 279616K, 100% used [0x00000000c0000000, 0x00000000d1110000, 0x00000000d1110000)
[30.125s][debug][gc,heap        ] GC(528)   from space 34944K,  99% used [0x00000000d3330000, 0x00000000d55465d0, 0x00000000d5550000)
[30.125s][debug][gc,heap        ] GC(528)   to   space 34944K,   0% used [0x00000000d1110000, 0x00000000d1110000, 0x00000000d3330000)
[30.125s][debug][gc,heap        ] GC(528)  tenured generation   total 699072K, used 562923K [0x00000000d5550000, 0x0000000100000000, 0x0000000100000000)
[30.125s][debug][gc,heap        ] GC(528)    the space 699072K,  80% used [0x00000000d5550000, 0x00000000f7b0ad28, 0x00000000f7b0ae00, 0x0000000100000000)
[30.125s][debug][gc,heap        ] GC(528)  Metaspace       used 6360K, committed 6528K, reserved 1114112K
[30.125s][debug][gc,heap        ] GC(528)   class space    used 546K, committed 640K, reserved 1048576K
[30.125s][info ][gc,phases,start] GC(528) Phase 1: Mark live objects
[30.127s][info ][gc,phases      ] GC(528) Phase 1: Mark live objects 1.885ms
[30.127s][info ][gc,phases,start] GC(528) Phase 2: Compute new object addresses
[30.130s][info ][gc,phases      ] GC(528) Phase 2: Compute new object addresses 3.088ms
[30.130s][info ][gc,phases,start] GC(528) Phase 3: Adjust pointers
[30.131s][info ][gc,phases      ] GC(528) Phase 3: Adjust pointers 0.919ms
[30.131s][info ][gc,phases,start] GC(528) Phase 4: Move objects
[30.177s][info ][gc,phases      ] GC(528) Phase 4: Move objects 46.196ms
[30.178s][info ][gc,heap        ] GC(528) DefNew: 314521K(314560K)->0K(314560K) Eden: 279616K(279616K)->0K(279616K) From: 34905K(34944K)->0K(34944K)
[30.178s][info ][gc,heap        ] GC(528) Tenured: 562923K(699072K)->217669K(699072K)
[30.178s][info ][gc,metaspace   ] GC(528) Metaspace: 6360K(6528K)->6360K(6528K) NonClass: 5814K(5888K)->5814K(5888K) Class: 546K(640K)->546K(640K)
[30.178s][debug][gc,heap        ] GC(528) Heap after GC invocations=428 (full 101):
[30.178s][debug][gc,heap        ] GC(528)  def new generation   total 314560K, used 0K [0x00000000c0000000, 0x00000000d5550000, 0x00000000d5550000)
[30.178s][debug][gc,heap        ] GC(528)   eden space 279616K,   0% used [0x00000000c0000000, 0x00000000c0000000, 0x00000000d1110000)
[30.178s][debug][gc,heap        ] GC(528)   from space 34944K,   0% used [0x00000000d3330000, 0x00000000d3330000, 0x00000000d5550000)
[30.178s][debug][gc,heap        ] GC(528)   to   space 34944K,   0% used [0x00000000d1110000, 0x00000000d1110000, 0x00000000d3330000)
[30.178s][debug][gc,heap        ] GC(528)  tenured generation   total 699072K, used 217669K [0x00000000d5550000, 0x0000000100000000, 0x0000000100000000)
[30.178s][debug][gc,heap        ] GC(528)    the space 699072K,  31% used [0x00000000d5550000, 0x00000000e29e1568, 0x00000000e29e1600, 0x0000000100000000)
[30.178s][debug][gc,heap        ] GC(528)  Metaspace       used 6360K, committed 6528K, reserved 1114112K
[30.178s][debug][gc,heap        ] GC(528)   class space    used 546K, committed 640K, reserved 1048576K
[30.178s][info ][gc             ] GC(528) Pause Full (Allocation Failure) 856M->212M(989M) 52.595ms
[30.178s][info ][gc,cpu         ] GC(528) User=0.05s Sys=0.00s Real=0.05s
[30.178s][info ][safepoint      ] Safepoint "GenCollectForAllocation", Time since last: 40035503 ns, Reaching safepoint: 3700 ns, Cleanup: 4300 ns, At safepoint: 52789204 ns, Total: 52797204 ns
[30.219s][info ][gc,start       ] GC(529) Pause Young (Allocation Failure)
[30.219s][debug][gc,heap        ] GC(529) Heap before GC invocations=428 (full 101):
[30.219s][debug][gc,heap        ] GC(529)  def new generation   total 314560K, used 279616K [0x00000000c0000000, 0x00000000d5550000, 0x00000000d5550000)
[30.219s][debug][gc,heap        ] GC(529)   eden space 279616K, 100% used [0x00000000c0000000, 0x00000000d1110000, 0x00000000d1110000)
[30.219s][debug][gc,heap        ] GC(529)   from space 34944K,   0% used [0x00000000d3330000, 0x00000000d3330000, 0x00000000d5550000)
[30.219s][debug][gc,heap        ] GC(529)   to   space 34944K,   0% used [0x00000000d1110000, 0x00000000d1110000, 0x00000000d3330000)
[30.219s][debug][gc,heap        ] GC(529)  tenured generation   total 699072K, used 217669K [0x00000000d5550000, 0x0000000100000000, 0x0000000100000000)
[30.219s][debug][gc,heap        ] GC(529)    the space 699072K,  31% used [0x00000000d5550000, 0x00000000e29e1568, 0x00000000e29e1600, 0x0000000100000000)
[30.219s][debug][gc,heap        ] GC(529)  Metaspace       used 6360K, committed 6528K, reserved 1114112K
[30.219s][debug][gc,heap        ] GC(529)   class space    used 546K, committed 640K, reserved 1048576K
[30.253s][info ][gc,heap        ] GC(529) DefNew: 279616K(314560K)->34905K(314560K) Eden: 279616K(279616K)->0K(279616K) From: 0K(34944K)->34905K(34944K)
[30.253s][info ][gc,heap        ] GC(529) Tenured: 217669K(699072K)->331687K(699072K)
[30.253s][info ][gc,metaspace   ] GC(529) Metaspace: 6360K(6528K)->6360K(6528K) NonClass: 5814K(5888K)->5814K(5888K) Class: 546K(640K)->546K(640K)
[30.253s][debug][gc,heap        ] GC(529) Heap after GC invocations=429 (full 101):
[30.253s][debug][gc,heap        ] GC(529)  def new generation   total 314560K, used 34905K [0x00000000c0000000, 0x00000000d5550000, 0x00000000d5550000)
[30.253s][debug][gc,heap        ] GC(529)   eden space 279616K,   0% used [0x00000000c0000000, 0x00000000c0000000, 0x00000000d1110000)
[30.253s][debug][gc,heap        ] GC(529)   from space 34944K,  99% used [0x00000000d1110000, 0x00000000d33265d0, 0x00000000d3330000)
[30.253s][debug][gc,heap        ] GC(529)   to   space 34944K,   0% used [0x00000000d3330000, 0x00000000d3330000, 0x00000000d5550000)
[30.253s][debug][gc,heap        ] GC(529)  tenured generation   total 699072K, used 331687K [0x00000000d5550000, 0x0000000100000000, 0x0000000100000000)
[30.253s][debug][gc,heap        ] GC(529)    the space 699072K,  47% used [0x00000000d5550000, 0x00000000e9939ca8, 0x00000000e9939e00, 0x0000000100000000)
[30.253s][debug][gc,heap        ] GC(529)  Metaspace       used 6360K, committed 6528K, reserved 1114112K
[30.253s][debug][gc,heap        ] GC(529)   class space    used 546K, committed 640K, reserved 1048576K
[30.253s][info ][gc             ] GC(529) Pause Young (Allocation Failure) 485M->358M(989M) 33.849ms
[30.253s][info ][gc,cpu         ] GC(529) User=0.04s Sys=0.00s Real=0.04s
[30.253s][info ][safepoint      ] Safepoint "GenCollectForAllocation", Time since last: 41583304 ns, Reaching safepoint: 3900 ns, Cleanup: 4700 ns, At safepoint: 33886303 ns, Total: 33894903 ns
[30.302s][info ][gc,start       ] GC(530) Pause Young (Allocation Failure)
[30.302s][debug][gc,heap        ] GC(530) Heap before GC invocations=429 (full 101):
[30.302s][debug][gc,heap        ] GC(530)  def new generation   total 314560K, used 314521K [0x00000000c0000000, 0x00000000d5550000, 0x00000000d5550000)
[30.302s][debug][gc,heap        ] GC(530)   eden space 279616K, 100% used [0x00000000c0000000, 0x00000000d1110000, 0x00000000d1110000)
[30.302s][debug][gc,heap        ] GC(530)   from space 34944K,  99% used [0x00000000d1110000, 0x00000000d33265d0, 0x00000000d3330000)
[30.302s][debug][gc,heap        ] GC(530)   to   space 34944K,   0% used [0x00000000d3330000, 0x00000000d3330000, 0x00000000d5550000)
[30.302s][debug][gc,heap        ] GC(530)  tenured generation   total 699072K, used 331687K [0x00000000d5550000, 0x0000000100000000, 0x0000000100000000)
[30.302s][debug][gc,heap        ] GC(530)    the space 699072K,  47% used [0x00000000d5550000, 0x00000000e9939ca8, 0x00000000e9939e00, 0x0000000100000000)
[30.302s][debug][gc,heap        ] GC(530)  Metaspace       used 6360K, committed 6528K, reserved 1114112K
[30.302s][debug][gc,heap        ] GC(530)   class space    used 546K, committed 640K, reserved 1048576K
[30.337s][info ][gc,heap        ] GC(530) DefNew: 314521K(314560K)->34905K(314560K) Eden: 279616K(279616K)->0K(279616K) From: 34905K(34944K)->34905K(34944K)
[30.337s][info ][gc,heap        ] GC(530) Tenured: 331687K(699072K)->456506K(699072K)
[30.337s][info ][gc,metaspace   ] GC(530) Metaspace: 6360K(6528K)->6360K(6528K) NonClass: 5814K(5888K)->5814K(5888K) Class: 546K(640K)->546K(640K)
[30.337s][debug][gc,heap        ] GC(530) Heap after GC invocations=430 (full 101):
[30.337s][debug][gc,heap        ] GC(530)  def new generation   total 314560K, used 34905K [0x00000000c0000000, 0x00000000d5550000, 0x00000000d5550000)
[30.337s][debug][gc,heap        ] GC(530)   eden space 279616K,   0% used [0x00000000c0000000, 0x00000000c0000000, 0x00000000d1110000)
[30.337s][debug][gc,heap        ] GC(530)   from space 34944K,  99% used [0x00000000d3330000, 0x00000000d55465d0, 0x00000000d5550000)
[30.337s][debug][gc,heap        ] GC(530)   to   space 34944K,   0% used [0x00000000d1110000, 0x00000000d1110000, 0x00000000d3330000)
[30.337s][debug][gc,heap        ] GC(530)  tenured generation   total 699072K, used 456506K [0x00000000d5550000, 0x0000000100000000, 0x0000000100000000)
[30.337s][debug][gc,heap        ] GC(530)    the space 699072K,  65% used [0x00000000d5550000, 0x00000000f131eaa8, 0x00000000f131ec00, 0x0000000100000000)
[30.337s][debug][gc,heap        ] GC(530)  Metaspace       used 6360K, committed 6528K, reserved 1114112K
[30.337s][debug][gc,heap        ] GC(530)   class space    used 546K, committed 640K, reserved 1048576K
[30.337s][info ][gc             ] GC(530) Pause Young (Allocation Failure) 631M->479M(989M) 35.279ms
[30.337s][info ][gc,cpu         ] GC(530) User=0.03s Sys=0.00s Real=0.03s
[30.337s][info ][safepoint      ] Safepoint "GenCollectForAllocation", Time since last: 49079804 ns, Reaching safepoint: 6200 ns, Cleanup: 6600 ns, At safepoint: 35316003 ns, Total: 35328803 ns
[30.378s][info ][gc,start       ] GC(531) Pause Young (Allocation Failure)
[30.378s][debug][gc,heap        ] GC(531) Heap before GC invocations=430 (full 101):
[30.378s][debug][gc,heap        ] GC(531)  def new generation   total 314560K, used 314521K [0x00000000c0000000, 0x00000000d5550000, 0x00000000d5550000)
[30.378s][debug][gc,heap        ] GC(531)   eden space 279616K, 100% used [0x00000000c0000000, 0x00000000d1110000, 0x00000000d1110000)
[30.378s][debug][gc,heap        ] GC(531)   from space 34944K,  99% used [0x00000000d3330000, 0x00000000d55465d0, 0x00000000d5550000)
[30.378s][debug][gc,heap        ] GC(531)   to   space 34944K,   0% used [0x00000000d1110000, 0x00000000d1110000, 0x00000000d3330000)
[30.378s][debug][gc,heap        ] GC(531)  tenured generation   total 699072K, used 456506K [0x00000000d5550000, 0x0000000100000000, 0x0000000100000000)
[30.378s][debug][gc,heap        ] GC(531)    the space 699072K,  65% used [0x00000000d5550000, 0x00000000f131eaa8, 0x00000000f131ec00, 0x0000000100000000)
[30.378s][debug][gc,heap        ] GC(531)  Metaspace       used 6360K, committed 6528K, reserved 1114112K
[30.378s][debug][gc,heap        ] GC(531)   class space    used 546K, committed 640K, reserved 1048576K
[30.411s][info ][gc,heap        ] GC(531) DefNew: 314521K(314560K)->34905K(314560K) Eden: 279616K(279616K)->0K(279616K) From: 34905K(34944K)->34905K(34944K)
[30.411s][info ][gc,heap        ] GC(531) Tenured: 456506K(699072K)->581126K(699072K)
[30.411s][info ][gc,metaspace   ] GC(531) Metaspace: 6360K(6528K)->6360K(6528K) NonClass: 5814K(5888K)->5814K(5888K) Class: 546K(640K)->546K(640K)
[30.411s][debug][gc,heap        ] GC(531) Heap after GC invocations=431 (full 101):
[30.411s][debug][gc,heap        ] GC(531)  def new generation   total 314560K, used 34905K [0x00000000c0000000, 0x00000000d5550000, 0x00000000d5550000)
[30.411s][debug][gc,heap        ] GC(531)   eden space 279616K,   0% used [0x00000000c0000000, 0x00000000c0000000, 0x00000000d1110000)
[30.411s][debug][gc,heap        ] GC(531)   from space 34944K,  99% used [0x00000000d1110000, 0x00000000d33265d0, 0x00000000d3330000)
[30.411s][debug][gc,heap        ] GC(531)   to   space 34944K,   0% used [0x00000000d3330000, 0x00000000d3330000, 0x00000000d5550000)
[30.411s][debug][gc,heap        ] GC(531)  tenured generation   total 699072K, used 581126K [0x00000000d5550000, 0x0000000100000000, 0x0000000100000000)
[30.411s][debug][gc,heap        ] GC(531)    the space 699072K,  83% used [0x00000000d5550000, 0x00000000f8cd1888, 0x00000000f8cd1a00, 0x0000000100000000)
[30.411s][debug][gc,heap        ] GC(531)  Metaspace       used 6360K, committed 6528K, reserved 1114112K
[30.411s][debug][gc,heap        ] GC(531)   class space    used 546K, committed 640K, reserved 1048576K
[30.411s][info ][gc             ] GC(531) Pause Young (Allocation Failure) 752M->601M(989M) 33.225ms
[30.411s][info ][gc,cpu         ] GC(531) User=0.04s Sys=0.00s Real=0.04s
[30.411s][info ][safepoint      ] Safepoint "GenCollectForAllocation", Time since last: 39970603 ns, Reaching safepoint: 6000 ns, Cleanup: 7700 ns, At safepoint: 33265903 ns, Total: 33279603 ns
[30.450s][info ][gc,start       ] GC(532) Pause Young (Allocation Failure)
[30.450s][debug][gc,heap        ] GC(532) Heap before GC invocations=431 (full 101):
[30.450s][debug][gc,heap        ] GC(532)  def new generation   total 314560K, used 314521K [0x00000000c0000000, 0x00000000d5550000, 0x00000000d5550000)
[30.450s][debug][gc,heap        ] GC(532)   eden space 279616K, 100% used [0x00000000c0000000, 0x00000000d1110000, 0x00000000d1110000)
[30.450s][debug][gc,heap        ] GC(532)   from space 34944K,  99% used [0x00000000d1110000, 0x00000000d33265d0, 0x00000000d3330000)
[30.450s][debug][gc,heap        ] GC(532)   to   space 34944K,   0% used [0x00000000d3330000, 0x00000000d3330000, 0x00000000d5550000)
[30.450s][debug][gc,heap        ] GC(532)  tenured generation   total 699072K, used 581126K [0x00000000d5550000, 0x0000000100000000, 0x0000000100000000)
[30.450s][debug][gc,heap        ] GC(532)    the space 699072K,  83% used [0x00000000d5550000, 0x00000000f8cd1888, 0x00000000f8cd1a00, 0x0000000100000000)
[30.450s][debug][gc,heap        ] GC(532)  Metaspace       used 6360K, committed 6528K, reserved 1114112K
[30.450s][debug][gc,heap        ] GC(532)   class space    used 546K, committed 640K, reserved 1048576K
[30.450s][debug][gc,heap        ] GC(532) Heap after GC invocations=432 (full 101):
[30.450s][debug][gc,heap        ] GC(532)  def new generation   total 314560K, used 314521K [0x00000000c0000000, 0x00000000d5550000, 0x00000000d5550000)
[30.450s][debug][gc,heap        ] GC(532)   eden space 279616K, 100% used [0x00000000c0000000, 0x00000000d1110000, 0x00000000d1110000)
[30.450s][debug][gc,heap        ] GC(532)   from space 34944K,  99% used [0x00000000d1110000, 0x00000000d33265d0, 0x00000000d3330000)
[30.450s][debug][gc,heap        ] GC(532)   to   space 34944K,   0% used [0x00000000d3330000, 0x00000000d3330000, 0x00000000d5550000)
[30.450s][debug][gc,heap        ] GC(532)  tenured generation   total 699072K, used 581126K [0x00000000d5550000, 0x0000000100000000, 0x0000000100000000)
[30.450s][debug][gc,heap        ] GC(532)    the space 699072K,  83% used [0x00000000d5550000, 0x00000000f8cd1888, 0x00000000f8cd1a00, 0x0000000100000000)
[30.450s][debug][gc,heap        ] GC(532)  Metaspace       used 6360K, committed 6528K, reserved 1114112K
[30.450s][debug][gc,heap        ] GC(532)   class space    used 546K, committed 640K, reserved 1048576K
[30.450s][info ][gc             ] GC(532) Pause Young (Allocation Failure) 874M->874M(989M) 0.111ms
[30.450s][info ][gc,cpu         ] GC(532) User=0.01s Sys=0.00s Real=0.00s
[30.450s][info ][gc,start       ] GC(533) Pause Full (Allocation Failure)
[30.450s][debug][gc,heap        ] GC(533) Heap before GC invocations=432 (full 101):
[30.450s][debug][gc,heap        ] GC(533)  def new generation   total 314560K, used 314521K [0x00000000c0000000, 0x00000000d5550000, 0x00000000d5550000)
[30.450s][debug][gc,heap        ] GC(533)   eden space 279616K, 100% used [0x00000000c0000000, 0x00000000d1110000, 0x00000000d1110000)
[30.450s][debug][gc,heap        ] GC(533)   from space 34944K,  99% used [0x00000000d1110000, 0x00000000d33265d0, 0x00000000d3330000)
[30.450s][debug][gc,heap        ] GC(533)   to   space 34944K,   0% used [0x00000000d3330000, 0x00000000d3330000, 0x00000000d5550000)
[30.450s][debug][gc,heap        ] GC(533)  tenured generation   total 699072K, used 581126K [0x00000000d5550000, 0x0000000100000000, 0x0000000100000000)
[30.450s][debug][gc,heap        ] GC(533)    the space 699072K,  83% used [0x00000000d5550000, 0x00000000f8cd1888, 0x00000000f8cd1a00, 0x0000000100000000)
[30.450s][debug][gc,heap        ] GC(533)  Metaspace       used 6360K, committed 6528K, reserved 1114112K
[30.450s][debug][gc,heap        ] GC(533)   class space    used 546K, committed 640K, reserved 1048576K
[30.450s][info ][gc,phases,start] GC(533) Phase 1: Mark live objects
[30.451s][info ][gc,phases      ] GC(533) Phase 1: Mark live objects 0.981ms
[30.451s][info ][gc,phases,start] GC(533) Phase 2: Compute new object addresses
[30.453s][info ][gc,phases      ] GC(533) Phase 2: Compute new object addresses 1.660ms
[30.453s][info ][gc,phases,start] GC(533) Phase 3: Adjust pointers
[30.454s][info ][gc,phases      ] GC(533) Phase 3: Adjust pointers 0.716ms
[30.454s][info ][gc,phases,start] GC(533) Phase 4: Move objects
[30.496s][info ][gc,phases      ] GC(533) Phase 4: Move objects 41.934ms
[30.496s][info ][gc,heap        ] GC(533) DefNew: 314521K(314560K)->0K(314560K) Eden: 279616K(279616K)->0K(279616K) From: 34905K(34944K)->0K(34944K)
[30.496s][info ][gc,heap        ] GC(533) Tenured: 581126K(699072K)->226470K(699072K)
[30.496s][info ][gc,metaspace   ] GC(533) Metaspace: 6360K(6528K)->6360K(6528K) NonClass: 5814K(5888K)->5814K(5888K) Class: 546K(640K)->546K(640K)
[30.496s][debug][gc,heap        ] GC(533) Heap after GC invocations=432 (full 102):
[30.496s][debug][gc,heap        ] GC(533)  def new generation   total 314560K, used 0K [0x00000000c0000000, 0x00000000d5550000, 0x00000000d5550000)
[30.496s][debug][gc,heap        ] GC(533)   eden space 279616K,   0% used [0x00000000c0000000, 0x00000000c0000000, 0x00000000d1110000)
[30.496s][debug][gc,heap        ] GC(533)   from space 34944K,   0% used [0x00000000d1110000, 0x00000000d1110000, 0x00000000d3330000)
[30.496s][debug][gc,heap        ] GC(533)   to   space 34944K,   0% used [0x00000000d3330000, 0x00000000d3330000, 0x00000000d5550000)
[30.496s][debug][gc,heap        ] GC(533)  tenured generation   total 699072K, used 226470K [0x00000000d5550000, 0x0000000100000000, 0x0000000100000000)
[30.496s][debug][gc,heap        ] GC(533)    the space 699072K,  32% used [0x00000000d5550000, 0x00000000e3279ae8, 0x00000000e3279c00, 0x0000000100000000)
[30.496s][debug][gc,heap        ] GC(533)  Metaspace       used 6360K, committed 6528K, reserved 1114112K
[30.496s][debug][gc,heap        ] GC(533)   class space    used 546K, committed 640K, reserved 1048576K
[30.496s][info ][gc             ] GC(533) Pause Full (Allocation Failure) 874M->221M(989M) 45.604ms
[30.496s][info ][gc,cpu         ] GC(533) User=0.04s Sys=0.00s Real=0.05s
[30.496s][info ][safepoint      ] Safepoint "GenCollectForAllocation", Time since last: 39287203 ns, Reaching safepoint: 3800 ns, Cleanup: 4600 ns, At safepoint: 45765604 ns, Total: 45774004 ns
[30.539s][info ][gc,start       ] GC(534) Pause Young (Allocation Failure)
[30.539s][debug][gc,heap        ] GC(534) Heap before GC invocations=432 (full 102):
[30.539s][debug][gc,heap        ] GC(534)  def new generation   total 314560K, used 279616K [0x00000000c0000000, 0x00000000d5550000, 0x00000000d5550000)
[30.539s][debug][gc,heap        ] GC(534)   eden space 279616K, 100% used [0x00000000c0000000, 0x00000000d1110000, 0x00000000d1110000)
[30.539s][debug][gc,heap        ] GC(534)   from space 34944K,   0% used [0x00000000d1110000, 0x00000000d1110000, 0x00000000d3330000)
[30.539s][debug][gc,heap        ] GC(534)   to   space 34944K,   0% used [0x00000000d3330000, 0x00000000d3330000, 0x00000000d5550000)
[30.539s][debug][gc,heap        ] GC(534)  tenured generation   total 699072K, used 226470K [0x00000000d5550000, 0x0000000100000000, 0x0000000100000000)
[30.539s][debug][gc,heap        ] GC(534)    the space 699072K,  32% used [0x00000000d5550000, 0x00000000e3279ae8, 0x00000000e3279c00, 0x0000000100000000)
[30.539s][debug][gc,heap        ] GC(534)  Metaspace       used 6360K, committed 6528K, reserved 1114112K
[30.539s][debug][gc,heap        ] GC(534)   class space    used 546K, committed 640K, reserved 1048576K
[30.570s][info ][gc,heap        ] GC(534) DefNew: 279616K(314560K)->34905K(314560K) Eden: 279616K(279616K)->0K(279616K) From: 0K(34944K)->34905K(34944K)
[30.570s][info ][gc,heap        ] GC(534) Tenured: 226470K(699072K)->341288K(699072K)
[30.570s][info ][gc,metaspace   ] GC(534) Metaspace: 6360K(6528K)->6360K(6528K) NonClass: 5814K(5888K)->5814K(5888K) Class: 546K(640K)->546K(640K)
[30.570s][debug][gc,heap        ] GC(534) Heap after GC invocations=433 (full 102):
[30.570s][debug][gc,heap        ] GC(534)  def new generation   total 314560K, used 34905K [0x00000000c0000000, 0x00000000d5550000, 0x00000000d5550000)
[30.570s][debug][gc,heap        ] GC(534)   eden space 279616K,   0% used [0x00000000c0000000, 0x00000000c0000000, 0x00000000d1110000)
[30.570s][debug][gc,heap        ] GC(534)   from space 34944K,  99% used [0x00000000d3330000, 0x00000000d55465d0, 0x00000000d5550000)
[30.570s][debug][gc,heap        ] GC(534)   to   space 34944K,   0% used [0x00000000d1110000, 0x00000000d1110000, 0x00000000d3330000)
[30.570s][debug][gc,heap        ] GC(534)  tenured generation   total 699072K, used 341288K [0x00000000d5550000, 0x0000000100000000, 0x0000000100000000)
[30.570s][debug][gc,heap        ] GC(534)    the space 699072K,  48% used [0x00000000d5550000, 0x00000000ea29a2a8, 0x00000000ea29a400, 0x0000000100000000)
[30.570s][debug][gc,heap        ] GC(534)  Metaspace       used 6360K, committed 6528K, reserved 1114112K
[30.570s][debug][gc,heap        ] GC(534)   class space    used 546K, committed 640K, reserved 1048576K
[30.570s][info ][gc             ] GC(534) Pause Young (Allocation Failure) 494M->367M(989M) 31.515ms
[30.570s][info ][gc,cpu         ] GC(534) User=0.04s Sys=0.00s Real=0.03s
[30.570s][info ][safepoint      ] Safepoint "GenCollectForAllocation", Time since last: 42693004 ns, Reaching safepoint: 4100 ns, Cleanup: 3900 ns, At safepoint: 31540202 ns, Total: 31548202 ns
[30.632s][info ][gc,heap,exit   ] Heap
[30.632s][info ][gc,heap,exit   ]  def new generation   total 314560K, used 48941K [0x00000000c0000000, 0x00000000d5550000, 0x00000000d5550000)
[30.632s][info ][gc,heap,exit   ]   eden space 279616K,   5% used [0x00000000c0000000, 0x00000000c0db4f00, 0x00000000d1110000)
[30.632s][info ][gc,heap,exit   ]   from space 34944K,  99% used [0x00000000d3330000, 0x00000000d55465d0, 0x00000000d5550000)
[30.632s][info ][gc,heap,exit   ]   to   space 34944K,   0% used [0x00000000d1110000, 0x00000000d1110000, 0x00000000d3330000)
[30.632s][info ][gc,heap,exit   ]  tenured generation   total 699072K, used 341288K [0x00000000d5550000, 0x0000000100000000, 0x0000000100000000)
[30.632s][info ][gc,heap,exit   ]    the space 699072K,  48% used [0x00000000d5550000, 0x00000000ea29a2a8, 0x00000000ea29a400, 0x0000000100000000)
[30.632s][info ][gc,heap,exit   ]  Metaspace       used 6524K, committed 6656K, reserved 1114112K
[30.632s][info ][gc,heap,exit   ]   class space    used 570K, committed 640K, reserved 1048576K
