[0.014s][info][gc] Min heap equals to max heap, disabling ShenandoahUncommit
[0.039s][info][gc] Heuristics ergonomically sets -XX:+ExplicitGCInvokesConcurrent
[0.039s][info][gc] Heuristics ergonomically sets -XX:+ShenandoahImplicitGCInvokesConcurrent
[0.040s][info][gc] Using Shenandoah
[0.041s][info][gc,ergo] Pacer for Idle. Initial: 20971K, Alloc Tax Rate: 1.0x
[0.041s][info][gc,init] Version: 17.0.11-internal+0-adhoc.damowang.TencentKona-17 (release)
[0.042s][info][gc,init] CPUs: 12 total, 12 available
[0.042s][info][gc,init] Memory: 3829M
[0.042s][info][gc,init] Large Page Support: Disabled
[0.042s][info][gc,init] NUMA Support: Disabled
[0.042s][info][gc,init] Compressed Oops: Enabled (32-bit)
[0.042s][info][gc,init] Heap Min Capacity: 1G
[0.042s][info][gc,init] Heap Initial Capacity: 1G
[0.042s][info][gc,init] Heap Max Capacity: 1G
[0.042s][info][gc,init] Pre-touch: Disabled
[0.042s][info][gc,init] Mode: Snapshot-At-The-Beginning (SATB)
[0.042s][info][gc,init] Heuristics: Adaptive
[0.042s][info][gc,init] Heap Region Count: 2048
[0.042s][info][gc,init] Heap Region Size: 512K
[0.042s][info][gc,init] TLAB Size Max: 512K
[0.042s][info][gc,init] Humongous Object Threshold: 512K
[0.042s][info][gc,init] Parallel Workers: 6
[0.042s][info][gc,init] Concurrent Workers: 3
[0.043s][info][gc,metaspace] CDS archive(s) not mapped
[0.043s][info][gc,metaspace] Compressed class space mapped at: 0x0000000100000000-0x0000000140000000, reserved size: 1073741824
[0.043s][info][gc,metaspace] Narrow klass base: 0x0000000000000000, Narrow klass shift: 3, Narrow klass range: 0x140000000
[0.575s][info][gc          ] Trigger: Learning 1 of 5. Free (716M) is below initial threshold (716M)
[0.575s][info][gc,ergo     ] Free: 716M, Max: 512K regular, 716M humongous, Frag: 0% external, 0% internal; Reserve: 52736K, Max: 512K
[0.575s][info][gc,start    ] GC(0) Concurrent reset
[0.578s][info][gc,task     ] GC(0) Using 3 of 6 workers for concurrent reset
[0.578s][info][gc,ergo     ] GC(0) Pacer for Reset. Non-Taxable: 1024M
[0.579s][info][gc          ] GC(0) Concurrent reset 3.351ms
[0.579s][info][gc,start    ] GC(0) Pause Init Mark (unload classes)
[0.580s][info][gc,task     ] GC(0) Using 6 of 6 workers for init marking
[0.580s][info][gc,ergo     ] GC(0) Pacer for Mark. Expected Live: 102M, Free: 706M, Non-Taxable: 72335K, Alloc Tax Rate: 0.2x
[0.580s][info][gc          ] GC(0) Pause Init Mark (unload classes) 0.784ms
[0.580s][info][gc,start    ] GC(0) Concurrent marking roots
[0.580s][info][gc,task     ] GC(0) Using 3 of 6 workers for concurrent marking roots
[0.580s][info][gc          ] GC(0) Concurrent marking roots 0.270ms
[0.580s][info][gc,start    ] GC(0) Concurrent marking (unload classes)
[0.580s][info][gc,task     ] GC(0) Using 3 of 6 workers for concurrent marking
[0.588s][info][gc          ] GC(0) Concurrent marking (unload classes) 7.852ms
[0.589s][info][gc,start    ] GC(0) Pause Final Mark (unload classes)
[0.589s][info][gc,task     ] GC(0) Using 6 of 6 workers for final marking
[0.589s][info][gc,ergo     ] GC(0) Adaptive CSet Selection. Target Free: 145M, Actual Free: 766M, Max CSet: 43690K, Min Garbage: 0B
[0.589s][info][gc,ergo     ] GC(0) Collectable Garbage: 136M (81%), Immediate: 31504K (18%), CSet: 105M (63%)
[0.589s][info][gc,ergo     ] GC(0) Pacer for Evacuation. Used CSet: 148M, Free: 718M, Non-Taxable: 73552K, Alloc Tax Rate: 1.1x
[0.589s][info][gc          ] GC(0) Pause Final Mark (unload classes) 0.453ms
[0.589s][info][gc,start    ] GC(0) Concurrent thread roots
[0.589s][info][gc,task     ] GC(0) Using 3 of 6 workers for Concurrent thread roots
[0.589s][info][gc          ] GC(0) Concurrent thread roots 0.213ms
[0.589s][info][gc,start    ] GC(0) Concurrent weak references
[0.589s][info][gc,task     ] GC(0) Using 3 of 6 workers for concurrent weak references
[0.590s][info][gc,ref      ] GC(0) Encountered references: Soft: 47, Weak: 180, Final: 0, Phantom: 28
[0.590s][info][gc,ref      ] GC(0) Discovered  references: Soft: 0, Weak: 154, Final: 0, Phantom: 27
[0.590s][info][gc,ref      ] GC(0) Enqueued    references: Soft: 0, Weak: 34, Final: 0, Phantom: 25
[0.590s][info][gc          ] GC(0) Concurrent weak references 0.965ms
[0.590s][info][gc,start    ] GC(0) Concurrent weak roots
[0.590s][info][gc,task     ] GC(0) Using 3 of 6 workers for concurrent weak root
[0.591s][info][gc          ] GC(0) Concurrent weak roots 0.510ms
[0.591s][info][gc,start    ] GC(0) Concurrent cleanup
[0.591s][info][gc          ] GC(0) Concurrent cleanup 287M->256M(1024M) 0.064ms
[0.591s][info][gc,ergo     ] GC(0) Free: 709M, Max: 512K regular, 678M humongous, Frag: 5% external, 0% internal; Reserve: 52709K, Max: 512K
[0.591s][info][gc,start    ] GC(0) Concurrent class unloading
[0.591s][info][gc,task     ] GC(0) Using 3 of 6 workers for concurrent class unloading
[0.592s][info][gc          ] GC(0) Concurrent class unloading 0.752ms
[0.592s][info][gc,start    ] GC(0) Concurrent strong roots
[0.592s][info][gc,task     ] GC(0) Using 3 of 6 workers for concurrent strong root
[0.592s][info][gc          ] GC(0) Concurrent strong roots 0.183ms
[0.592s][info][gc,start    ] GC(0) Concurrent evacuation
[0.592s][info][gc,task     ] GC(0) Using 3 of 6 workers for concurrent evacuation
[0.622s][info][gc          ] GC(0) Concurrent evacuation 30.155ms
[0.623s][info][gc,start    ] GC(0) Pause Init Update Refs
[0.623s][info][gc,ergo     ] GC(0) Pacer for Update Refs. Used: 351M, Free: 658M, Non-Taxable: 67420K, Alloc Tax Rate: 1.1x
[0.623s][info][gc          ] GC(0) Pause Init Update Refs 0.033ms
[0.623s][info][gc,start    ] GC(0) Concurrent update references
[0.623s][info][gc,task     ] GC(0) Using 3 of 6 workers for concurrent reference update
[0.624s][info][gc          ] GC(0) Concurrent update references 1.169ms
[0.624s][info][gc,start    ] GC(0) Concurrent update thread roots
[0.624s][info][gc          ] GC(0) Concurrent update thread roots 0.524ms
[0.625s][info][gc,start    ] GC(0) Pause Final Update Refs
[0.625s][info][gc,task     ] GC(0) Using 6 of 6 workers for final reference update
[0.625s][info][gc          ] GC(0) Pause Final Update Refs 0.145ms
[0.625s][info][gc,start    ] GC(0) Concurrent cleanup
[0.625s][info][gc          ] GC(0) Concurrent cleanup 357M->210M(1024M) 0.116ms
[0.625s][info][gc,ergo     ] Free: 762M, Max: 512K regular, 607M humongous, Frag: 20% external, 17% internal; Reserve: 52736K, Max: 512K
[0.625s][info][gc,stats    ] 
[0.625s][info][gc,stats    ] All times are wall-clock times, except per-root-class counters, that are sum over
[0.625s][info][gc,stats    ] all workers. Dividing the <total> over the root stage time estimates parallelism.
[0.625s][info][gc,stats    ] 
[0.625s][info][gc,stats    ] Concurrent Reset                   3369 us
[0.625s][info][gc,stats    ] Pause Init Mark (G)                1127 us
[0.625s][info][gc,stats    ] Pause Init Mark (N)                 788 us
[0.625s][info][gc,stats    ]   Update Region States              152 us
[0.625s][info][gc,stats    ] Concurrent Mark Roots               282 us, parallelism: 0.99x
[0.625s][info][gc,stats    ]   CMR: <total>                      279 us
[0.625s][info][gc,stats    ]   CMR: Thread Roots                 131 us, workers (us):  47,   0,  84, ---, ---, ---, 
[0.625s][info][gc,stats    ]   CMR: VM Strong Roots               68 us, workers (us):  55,  13,   0, ---, ---, ---, 
[0.625s][info][gc,stats    ]   CMR: CLDG Roots                    79 us, workers (us): ---,  79, ---, ---, ---, ---, 
[0.625s][info][gc,stats    ] Concurrent Marking                 7893 us
[0.625s][info][gc,stats    ] Pause Final Mark (G)               1057 us
[0.625s][info][gc,stats    ] Pause Final Mark (N)                457 us
[0.625s][info][gc,stats    ]   Finish Mark                       254 us
[0.625s][info][gc,stats    ]   Update Region States               85 us
[0.625s][info][gc,stats    ]   Choose Collection Set              64 us
[0.625s][info][gc,stats    ]   Rebuild Free Set                   11 us
[0.625s][info][gc,stats    ] Concurrent Thread Roots             225 us, parallelism: 0.65x
[0.625s][info][gc,stats    ]   CTR: <total>                      146 us
[0.625s][info][gc,stats    ]   CTR: Thread Roots                 146 us, workers (us): 100,  39,   8, ---, ---, ---, 
[0.625s][info][gc,stats    ] Concurrent Weak References          974 us, parallelism: 1.05x
[0.625s][info][gc,stats    ]   CWRF: <total>                    1019 us
[0.625s][info][gc,stats    ]   CWRF: Weak References            1019 us, workers (us): 266, 752,   1, ---, ---, ---, 
[0.625s][info][gc,stats    ] Concurrent Weak Roots               522 us
[0.625s][info][gc,stats    ]   Roots                             260 us, parallelism: 0.97x
[0.625s][info][gc,stats    ]     CWR: <total>                    253 us
[0.625s][info][gc,stats    ]     CWR: Code Cache Roots           180 us, workers (us): 101,  78,   0, ---, ---, ---, 
[0.625s][info][gc,stats    ]     CWR: VM Weak Roots               63 us, workers (us):  28,  30,   5, ---, ---, ---, 
[0.625s][info][gc,stats    ]     CWR: CLDG Roots                  11 us, workers (us): ---, ---,  11, ---, ---, ---, 
[0.625s][info][gc,stats    ]   Rendezvous                        240 us
[0.625s][info][gc,stats    ] Concurrent Cleanup                   69 us
[0.625s][info][gc,stats    ] Concurrent Class Unloading          776 us
[0.625s][info][gc,stats    ]   Unlink Stale                      336 us
[0.625s][info][gc,stats    ]     System Dictionary                 8 us
[0.625s][info][gc,stats    ]     Weak Class Links                  0 us
[0.625s][info][gc,stats    ]     Code Roots                      327 us
[0.625s][info][gc,stats    ]   Rendezvous                        230 us
[0.625s][info][gc,stats    ]   Purge Unlinked                    177 us
[0.625s][info][gc,stats    ]     Code Roots                      154 us
[0.626s][info][gc,stats    ]     CLDG                             22 us
[0.626s][info][gc,stats    ]     Exception Caches                  0 us
[0.626s][info][gc,stats    ] Concurrent Strong Roots             194 us, parallelism: 0.29x
[0.626s][info][gc,stats    ]   CSR: <total>                       56 us
[0.626s][info][gc,stats    ]   CSR: VM Strong Roots                6 us, workers (us):   6,   0,   0, ---, ---, ---, 
[0.626s][info][gc,stats    ]   CSR: CLDG Roots                    50 us, workers (us):  50, ---, ---, ---, ---, ---, 
[0.626s][info][gc,stats    ] Concurrent Evacuation             30217 us
[0.626s][info][gc,stats    ] Pause Init Update Refs (G)          522 us
[0.626s][info][gc,stats    ] Pause Init Update Refs (N)           37 us
[0.626s][info][gc,stats    ]   Manage GCLABs                       4 us
[0.626s][info][gc,stats    ] Concurrent Update Refs             1184 us
[0.626s][info][gc,stats    ] Concurrent Update Thread Roots      538 us
[0.626s][info][gc,stats    ] Pause Final Update Refs (G)         761 us
[0.626s][info][gc,stats    ] Pause Final Update Refs (N)         155 us
[0.626s][info][gc,stats    ]   Update Region States              101 us
[0.626s][info][gc,stats    ]   Trash Collection Set                6 us
[0.626s][info][gc,stats    ]   Rebuild Free Set                   15 us
[0.626s][info][gc,stats    ] Concurrent Cleanup                  133 us
[0.626s][info][gc,stats    ] 
[0.626s][info][gc,stats    ] Allocation pacing accrued:
[0.626s][info][gc,stats    ]       0 of   585 ms (  0.0%): <total>
[0.626s][info][gc,stats    ]       0 of   585 ms (  0.0%): <average total>
[0.626s][info][gc,stats    ] 
[0.626s][info][gc,metaspace] Metaspace: 6357K(6528K)->6358K(6528K) NonClass: 5811K(5888K)->5811K(5888K) Class: 546K(640K)->546K(640K)
[0.626s][info][gc,ergo     ] Pacer for Idle. Initial: 20971K, Alloc Tax Rate: 1.0x
[0.630s][info][gc          ] Trigger: Learning 2 of 5. Free (700M) is below initial threshold (716M)
[0.630s][info][gc,ergo     ] Free: 699M, Max: 512K regular, 607M humongous, Frag: 13% external, 15% internal; Reserve: 52736K, Max: 512K
[0.630s][info][gc,start    ] GC(1) Concurrent reset
[0.630s][info][gc,task     ] GC(1) Using 3 of 6 workers for concurrent reset
[0.630s][info][gc,ergo     ] GC(1) Pacer for Reset. Non-Taxable: 1024M
[0.635s][info][gc          ] GC(1) Concurrent reset 4.712ms
[0.635s][info][gc,start    ] GC(1) Pause Init Mark (unload classes)
[0.635s][info][gc,task     ] GC(1) Using 6 of 6 workers for init marking
[0.636s][info][gc,ergo     ] GC(1) Pacer for Mark. Expected Live: 95051K, Free: 656M, Non-Taxable: 67239K, Alloc Tax Rate: 0.2x
[0.636s][info][gc          ] GC(1) Pause Init Mark (unload classes) 0.143ms
[0.636s][info][gc,start    ] GC(1) Concurrent marking roots
[0.636s][info][gc,task     ] GC(1) Using 3 of 6 workers for concurrent marking roots
[0.636s][info][gc          ] GC(1) Concurrent marking roots 0.251ms
[0.636s][info][gc,start    ] GC(1) Concurrent marking (unload classes)
[0.636s][info][gc,task     ] GC(1) Using 3 of 6 workers for concurrent marking
[0.641s][info][gc          ] GC(1) Concurrent marking (unload classes) 5.469ms
[0.642s][info][gc,start    ] GC(1) Pause Final Mark (unload classes)
[0.642s][info][gc,task     ] GC(1) Using 6 of 6 workers for final marking
[0.642s][info][gc,ergo     ] GC(1) Adaptive CSet Selection. Target Free: 145M, Actual Free: 674M, Max CSet: 43690K, Min Garbage: 0B
[0.642s][info][gc,ergo     ] GC(1) Collectable Garbage: 121M (67%), Immediate: 23015K (12%), CSet: 100967K (55%)
[0.642s][info][gc,ergo     ] GC(1) Pacer for Evacuation. Used CSet: 141M, Free: 628M, Non-Taxable: 64358K, Alloc Tax Rate: 1.1x
[0.642s][info][gc          ] GC(1) Pause Final Mark (unload classes) 0.432ms
[0.642s][info][gc,start    ] GC(1) Concurrent thread roots
[0.642s][info][gc,task     ] GC(1) Using 3 of 6 workers for Concurrent thread roots
[0.643s][info][gc          ] GC(1) Concurrent thread roots 0.218ms
[0.643s][info][gc,start    ] GC(1) Concurrent weak references
[0.643s][info][gc,task     ] GC(1) Using 3 of 6 workers for concurrent weak references
[0.643s][info][gc,ref      ] GC(1) Encountered references: Soft: 47, Weak: 146, Final: 0, Phantom: 3
[0.643s][info][gc,ref      ] GC(1) Discovered  references: Soft: 0, Weak: 54, Final: 0, Phantom: 2
[0.643s][info][gc,ref      ] GC(1) Enqueued    references: Soft: 0, Weak: 0, Final: 0, Phantom: 0
[0.643s][info][gc          ] GC(1) Concurrent weak references 0.145ms
[0.643s][info][gc,start    ] GC(1) Concurrent weak roots
[0.643s][info][gc,task     ] GC(1) Using 3 of 6 workers for concurrent weak root
[0.643s][info][gc          ] GC(1) Concurrent weak roots 0.386ms
[0.643s][info][gc,start    ] GC(1) Concurrent cleanup
[0.643s][info][gc          ] GC(1) Concurrent cleanup 367M->345M(1024M) 0.043ms
[0.643s][info][gc,ergo     ] GC(1) Free: 620M, Max: 512K regular, 597M humongous, Frag: 4% external, 0% internal; Reserve: 52718K, Max: 512K
[0.643s][info][gc,start    ] GC(1) Concurrent class unloading
[0.643s][info][gc,task     ] GC(1) Using 3 of 6 workers for concurrent class unloading
[0.644s][info][gc          ] GC(1) Concurrent class unloading 0.697ms
[0.644s][info][gc,start    ] GC(1) Concurrent strong roots
[0.644s][info][gc,task     ] GC(1) Using 3 of 6 workers for concurrent strong root
[0.644s][info][gc          ] GC(1) Concurrent strong roots 0.155ms
[0.644s][info][gc,start    ] GC(1) Concurrent evacuation
[0.644s][info][gc,task     ] GC(1) Using 3 of 6 workers for concurrent evacuation
[0.664s][info][gc          ] GC(1) Concurrent evacuation 19.716ms
[0.664s][info][gc,start    ] GC(1) Pause Init Update Refs
[0.664s][info][gc,ergo     ] GC(1) Pacer for Update Refs. Used: 431M, Free: 577M, Non-Taxable: 59182K, Alloc Tax Rate: 1.1x
[0.664s][info][gc          ] GC(1) Pause Init Update Refs 0.028ms
[0.664s][info][gc,start    ] GC(1) Concurrent update references
[0.664s][info][gc,task     ] GC(1) Using 3 of 6 workers for concurrent reference update
[0.666s][info][gc          ] GC(1) Concurrent update references 1.309ms
[0.666s][info][gc,start    ] GC(1) Concurrent update thread roots
[0.666s][info][gc          ] GC(1) Concurrent update thread roots 0.450ms
[0.667s][info][gc,start    ] GC(1) Pause Final Update Refs
[0.667s][info][gc,task     ] GC(1) Using 6 of 6 workers for final reference update
[0.667s][info][gc          ] GC(1) Pause Final Update Refs 0.182ms
[0.667s][info][gc,start    ] GC(1) Concurrent cleanup
[0.667s][info][gc          ] GC(1) Concurrent cleanup 437M->297M(1024M) 0.074ms
[0.667s][info][gc,ergo     ] Free: 674M, Max: 512K regular, 543M humongous, Frag: 19% external, 24% internal; Reserve: 52736K, Max: 512K
[0.667s][info][gc,stats    ] 
[0.667s][info][gc,stats    ] All times are wall-clock times, except per-root-class counters, that are sum over
[0.667s][info][gc,stats    ] all workers. Dividing the <total> over the root stage time estimates parallelism.
[0.667s][info][gc,stats    ] 
[0.667s][info][gc,stats    ] Concurrent Reset                   4838 us
[0.667s][info][gc,stats    ] Pause Init Mark (G)                 469 us
[0.667s][info][gc,stats    ] Pause Init Mark (N)                 149 us
[0.667s][info][gc,stats    ]   Update Region States               88 us
[0.667s][info][gc,stats    ] Concurrent Mark Roots               264 us, parallelism: 0.77x
[0.667s][info][gc,stats    ]   CMR: <total>                      203 us
[0.667s][info][gc,stats    ]   CMR: Thread Roots                 118 us, workers (us):  73,   0,  45, ---, ---, ---, 
[0.667s][info][gc,stats    ]   CMR: VM Strong Roots               23 us, workers (us):  21,   2,   0, ---, ---, ---, 
[0.667s][info][gc,stats    ]   CMR: CLDG Roots                    61 us, workers (us): ---,  61, ---, ---, ---, ---, 
[0.667s][info][gc,stats    ] Concurrent Marking                 5504 us
[0.667s][info][gc,stats    ] Pause Final Mark (G)               1002 us
[0.667s][info][gc,stats    ] Pause Final Mark (N)                435 us
[0.667s][info][gc,stats    ]   Finish Mark                       233 us
[0.667s][info][gc,stats    ]   Update Region States              100 us
[0.667s][info][gc,stats    ]   Choose Collection Set              56 us
[0.667s][info][gc,stats    ]   Rebuild Free Set                   10 us
[0.667s][info][gc,stats    ] Concurrent Thread Roots             229 us, parallelism: 0.45x
[0.667s][info][gc,stats    ]   CTR: <total>                      103 us
[0.667s][info][gc,stats    ]   CTR: Thread Roots                 103 us, workers (us):  52,   9,  42, ---, ---, ---, 
[0.667s][info][gc,stats    ] Concurrent Weak References          148 us, parallelism: 0.05x
[0.667s][info][gc,stats    ]   CWRF: <total>                       7 us
[0.667s][info][gc,stats    ]   CWRF: Weak References               7 us, workers (us):   7,   0,   0, ---, ---, ---, 
[0.667s][info][gc,stats    ] Concurrent Weak Roots               396 us
[0.667s][info][gc,stats    ]   Roots                             265 us, parallelism: 0.83x
[0.667s][info][gc,stats    ]     CWR: <total>                    219 us
[0.667s][info][gc,stats    ]     CWR: Code Cache Roots           184 us, workers (us):   0,  74, 110, ---, ---, ---, 
[0.667s][info][gc,stats    ]     CWR: VM Weak Roots               28 us, workers (us):  24,   4,   1, ---, ---, ---, 
[0.667s][info][gc,stats    ]     CWR: CLDG Roots                   7 us, workers (us):   7, ---, ---, ---, ---, ---, 
[0.667s][info][gc,stats    ]   Rendezvous                        112 us
[0.667s][info][gc,stats    ] Concurrent Cleanup                   47 us
[0.667s][info][gc,stats    ] Concurrent Class Unloading          714 us
[0.667s][info][gc,stats    ]   Unlink Stale                      301 us
[0.667s][info][gc,stats    ]     System Dictionary                 4 us
[0.667s][info][gc,stats    ]     Weak Class Links                  0 us
[0.667s][info][gc,stats    ]     Code Roots                      296 us
[0.667s][info][gc,stats    ]   Rendezvous                        225 us
[0.667s][info][gc,stats    ]   Purge Unlinked                    163 us
[0.667s][info][gc,stats    ]     Code Roots                      143 us
[0.667s][info][gc,stats    ]     CLDG                             19 us
[0.667s][info][gc,stats    ]     Exception Caches                  0 us
[0.667s][info][gc,stats    ] Concurrent Strong Roots             167 us, parallelism: 0.23x
[0.667s][info][gc,stats    ]   CSR: <total>                       38 us
[0.667s][info][gc,stats    ]   CSR: VM Strong Roots                5 us, workers (us):   5,   0,   0, ---, ---, ---, 
[0.667s][info][gc,stats    ]   CSR: CLDG Roots                    33 us, workers (us):  33, ---, ---, ---, ---, ---, 
[0.667s][info][gc,stats    ] Concurrent Evacuation             19769 us
[0.667s][info][gc,stats    ] Pause Init Update Refs (G)          457 us
[0.667s][info][gc,stats    ] Pause Init Update Refs (N)           31 us
[0.667s][info][gc,stats    ]   Manage GCLABs                       3 us
[0.667s][info][gc,stats    ] Concurrent Update Refs             1328 us
[0.667s][info][gc,stats    ] Concurrent Update Thread Roots      465 us
[0.667s][info][gc,stats    ] Pause Final Update Refs (G)         801 us
[0.667s][info][gc,stats    ] Pause Final Update Refs (N)         192 us
[0.667s][info][gc,stats    ]   Update Region States              140 us
[0.667s][info][gc,stats    ]   Trash Collection Set                6 us
[0.667s][info][gc,stats    ]   Rebuild Free Set                   15 us
[0.667s][info][gc,stats    ] Concurrent Cleanup                   93 us
[0.667s][info][gc,stats    ] 
[0.667s][info][gc,stats    ] Allocation pacing accrued:
[0.667s][info][gc,stats    ]       0 of    42 ms (  0.0%): <total>
[0.667s][info][gc,stats    ]       0 of    42 ms (  0.0%): <average total>
[0.667s][info][gc,stats    ] 
[0.667s][info][gc,metaspace] Metaspace: 6358K(6528K)->6358K(6528K) NonClass: 5811K(5888K)->5811K(5888K) Class: 546K(640K)->546K(640K)
[0.667s][info][gc,ergo     ] Pacer for Idle. Initial: 20971K, Alloc Tax Rate: 1.0x
[0.669s][info][gc          ] Trigger: Learning 3 of 5. Free (650M) is below initial threshold (716M)
[0.669s][info][gc,ergo     ] Free: 650M, Max: 512K regular, 543M humongous, Frag: 16% external, 23% internal; Reserve: 52736K, Max: 512K
[0.669s][info][gc,start    ] GC(2) Concurrent reset
[0.669s][info][gc,task     ] GC(2) Using 3 of 6 workers for concurrent reset
[0.669s][info][gc,ergo     ] GC(2) Pacer for Reset. Non-Taxable: 1024M
[0.671s][info][gc          ] GC(2) Concurrent reset 2.282ms
[0.671s][info][gc,start    ] GC(2) Pause Init Mark (unload classes)
[0.671s][info][gc,task     ] GC(2) Using 6 of 6 workers for init marking
[0.671s][info][gc,ergo     ] GC(2) Pacer for Mark. Expected Live: 112M, Free: 650M, Non-Taxable: 66622K, Alloc Tax Rate: 0.2x
[0.671s][info][gc          ] GC(2) Pause Init Mark (unload classes) 0.109ms
[0.671s][info][gc,start    ] GC(2) Concurrent marking roots
[0.671s][info][gc,task     ] GC(2) Using 3 of 6 workers for concurrent marking roots
[0.671s][info][gc          ] GC(2) Concurrent marking roots 0.234ms
[0.671s][info][gc,start    ] GC(2) Concurrent marking (unload classes)
[0.671s][info][gc,task     ] GC(2) Using 3 of 6 workers for concurrent marking
[0.674s][info][gc          ] GC(2) Concurrent marking (unload classes) 2.453ms
[0.674s][info][gc,start    ] GC(2) Pause Final Mark (unload classes)
[0.674s][info][gc,task     ] GC(2) Using 6 of 6 workers for final marking
[0.674s][info][gc,ergo     ] GC(2) Adaptive CSet Selection. Target Free: 145M, Actual Free: 707M, Max CSet: 43690K, Min Garbage: 0B
[0.674s][info][gc,ergo     ] GC(2) Collectable Garbage: 104M (61%), Immediate: 11125K (6%), CSet: 95879K (55%)
[0.675s][info][gc,ergo     ] GC(2) Pacer for Evacuation. Used CSet: 136M, Free: 659M, Non-Taxable: 67564K, Alloc Tax Rate: 1.1x
[0.675s][info][gc          ] GC(2) Pause Final Mark (unload classes) 0.485ms
[0.675s][info][gc,start    ] GC(2) Concurrent thread roots
[0.675s][info][gc,task     ] GC(2) Using 3 of 6 workers for Concurrent thread roots
[0.675s][info][gc          ] GC(2) Concurrent thread roots 0.164ms
[0.675s][info][gc,start    ] GC(2) Concurrent weak references
[0.675s][info][gc,task     ] GC(2) Using 3 of 6 workers for concurrent weak references
[0.675s][info][gc,ref      ] GC(2) Encountered references: Soft: 47, Weak: 146, Final: 0, Phantom: 3
[0.675s][info][gc,ref      ] GC(2) Discovered  references: Soft: 0, Weak: 88, Final: 0, Phantom: 2
[0.675s][info][gc,ref      ] GC(2) Enqueued    references: Soft: 0, Weak: 0, Final: 0, Phantom: 0
[0.675s][info][gc          ] GC(2) Concurrent weak references 0.163ms
[0.675s][info][gc,start    ] GC(2) Concurrent weak roots
[0.675s][info][gc,task     ] GC(2) Using 3 of 6 workers for concurrent weak root
[0.675s][info][gc          ] GC(2) Concurrent weak roots 0.318ms
[0.675s][info][gc,start    ] GC(2) Concurrent cleanup
[0.675s][info][gc          ] GC(2) Concurrent cleanup 320M->309M(1024M) 0.023ms
[0.675s][info][gc,ergo     ] GC(2) Free: 659M, Max: 512K regular, 545M humongous, Frag: 17% external, 15% internal; Reserve: 52736K, Max: 512K
[0.675s][info][gc,start    ] GC(2) Concurrent class unloading
[0.675s][info][gc,task     ] GC(2) Using 3 of 6 workers for concurrent class unloading
[0.676s][info][gc          ] GC(2) Concurrent class unloading 0.461ms
[0.676s][info][gc,start    ] GC(2) Concurrent strong roots
[0.676s][info][gc,task     ] GC(2) Using 3 of 6 workers for concurrent strong root
[0.676s][info][gc          ] GC(2) Concurrent strong roots 0.109ms
[0.676s][info][gc,start    ] GC(2) Concurrent evacuation
[0.676s][info][gc,task     ] GC(2) Using 3 of 6 workers for concurrent evacuation
[0.696s][info][gc          ] GC(2) Concurrent evacuation 19.890ms
[0.696s][info][gc,start    ] GC(2) Pause Init Update Refs
[0.696s][info][gc,ergo     ] GC(2) Pacer for Update Refs. Used: 415M, Free: 595M, Non-Taxable: 60981K, Alloc Tax Rate: 1.1x
[0.696s][info][gc          ] GC(2) Pause Init Update Refs 0.034ms
[0.696s][info][gc,start    ] GC(2) Concurrent update references
[0.696s][info][gc,task     ] GC(2) Using 3 of 6 workers for concurrent reference update
[0.698s][info][gc          ] GC(2) Concurrent update references 1.877ms
[0.698s][info][gc,start    ] GC(2) Concurrent update thread roots
[0.698s][info][gc          ] GC(2) Concurrent update thread roots 0.350ms
[0.699s][info][gc,start    ] GC(2) Pause Final Update Refs
[0.699s][info][gc,task     ] GC(2) Using 6 of 6 workers for final reference update
[0.699s][info][gc          ] GC(2) Pause Final Update Refs 0.173ms
[0.699s][info][gc,start    ] GC(2) Concurrent cleanup
[0.699s][info][gc          ] GC(2) Concurrent cleanup 433M->297M(1024M) 0.052ms
[0.699s][info][gc,ergo     ] Free: 675M, Max: 512K regular, 518M humongous, Frag: 23% external, 22% internal; Reserve: 52736K, Max: 512K
[0.699s][info][gc,stats    ] 
[0.699s][info][gc,stats    ] All times are wall-clock times, except per-root-class counters, that are sum over
[0.699s][info][gc,stats    ] all workers. Dividing the <total> over the root stage time estimates parallelism.
[0.699s][info][gc,stats    ] 
[0.699s][info][gc,stats    ] Concurrent Reset                   2301 us
[0.699s][info][gc,stats    ] Pause Init Mark (G)                 267 us
[0.699s][info][gc,stats    ] Pause Init Mark (N)                 113 us
[0.699s][info][gc,stats    ]   Update Region States               78 us
[0.699s][info][gc,stats    ] Concurrent Mark Roots               245 us, parallelism: 0.71x
[0.699s][info][gc,stats    ]   CMR: <total>                      174 us
[0.699s][info][gc,stats    ]   CMR: Thread Roots                 131 us, workers (us):  31,  68,  32, ---, ---, ---, 
[0.699s][info][gc,stats    ]   CMR: VM Strong Roots               10 us, workers (us):   9,   0,   0, ---, ---, ---, 
[0.699s][info][gc,stats    ]   CMR: CLDG Roots                    33 us, workers (us):  33, ---, ---, ---, ---, ---, 
[0.699s][info][gc,stats    ] Concurrent Marking                 2464 us
[0.699s][info][gc,stats    ] Pause Final Mark (G)                616 us
[0.699s][info][gc,stats    ] Pause Final Mark (N)                489 us
[0.699s][info][gc,stats    ]   Finish Mark                       312 us
[0.699s][info][gc,stats    ]   Update Region States               78 us
[0.699s][info][gc,stats    ]   Choose Collection Set              58 us
[0.699s][info][gc,stats    ]   Rebuild Free Set                   13 us
[0.699s][info][gc,stats    ] Concurrent Thread Roots             175 us, parallelism: 0.52x
[0.699s][info][gc,stats    ]   CTR: <total>                       91 us
[0.699s][info][gc,stats    ]   CTR: Thread Roots                  91 us, workers (us):  60,  29,   3, ---, ---, ---, 
[0.699s][info][gc,stats    ] Concurrent Weak References          166 us, parallelism: 0.02x
[0.699s][info][gc,stats    ]   CWRF: <total>                       4 us
[0.699s][info][gc,stats    ]   CWRF: Weak References               4 us, workers (us):   4,   0,   0, ---, ---, ---, 
[0.699s][info][gc,stats    ] Concurrent Weak Roots               330 us
[0.699s][info][gc,stats    ]   Roots                             152 us, parallelism: 0.92x
[0.699s][info][gc,stats    ]     CWR: <total>                    140 us
[0.699s][info][gc,stats    ]     CWR: Code Cache Roots           125 us, workers (us):  53,  72,   0, ---, ---, ---, 
[0.699s][info][gc,stats    ]     CWR: VM Weak Roots               14 us, workers (us):  13,   0,   0, ---, ---, ---, 
[0.699s][info][gc,stats    ]     CWR: CLDG Roots                   2 us, workers (us):   2, ---, ---, ---, ---, ---, 
[0.699s][info][gc,stats    ]   Rendezvous                        151 us
[0.699s][info][gc,stats    ] Concurrent Cleanup                   27 us
[0.699s][info][gc,stats    ] Concurrent Class Unloading          474 us
[0.699s][info][gc,stats    ]   Unlink Stale                      230 us
[0.699s][info][gc,stats    ]     System Dictionary                 3 us
[0.699s][info][gc,stats    ]     Weak Class Links                  0 us
[0.699s][info][gc,stats    ]     Code Roots                      226 us
[0.699s][info][gc,stats    ]   Rendezvous                        157 us
[0.699s][info][gc,stats    ]   Purge Unlinked                     66 us
[0.699s][info][gc,stats    ]     Code Roots                       51 us
[0.699s][info][gc,stats    ]     CLDG                             15 us
[0.699s][info][gc,stats    ]     Exception Caches                  0 us
[0.699s][info][gc,stats    ] Concurrent Strong Roots             120 us, parallelism: 0.12x
[0.699s][info][gc,stats    ]   CSR: <total>                       15 us
[0.699s][info][gc,stats    ]   CSR: VM Strong Roots                2 us, workers (us):   2,   0,   0, ---, ---, ---, 
[0.699s][info][gc,stats    ]   CSR: CLDG Roots                    13 us, workers (us):  13, ---, ---, ---, ---, ---, 
[0.699s][info][gc,stats    ] Concurrent Evacuation             19999 us
[0.699s][info][gc,stats    ] Pause Init Update Refs (G)          278 us
[0.699s][info][gc,stats    ] Pause Init Update Refs (N)           37 us
[0.699s][info][gc,stats    ]   Manage GCLABs                       4 us
[0.699s][info][gc,stats    ] Concurrent Update Refs             1934 us
[0.699s][info][gc,stats    ] Concurrent Update Thread Roots      368 us
[0.699s][info][gc,stats    ] Pause Final Update Refs (G)         364 us
[0.699s][info][gc,stats    ] Pause Final Update Refs (N)         184 us
[0.699s][info][gc,stats    ]   Update Region States              128 us
[0.699s][info][gc,stats    ]   Trash Collection Set                7 us
[0.699s][info][gc,stats    ]   Rebuild Free Set                   16 us
[0.699s][info][gc,stats    ] Concurrent Cleanup                   58 us
[0.699s][info][gc,stats    ] Pacing                             9813 us
[0.699s][info][gc,stats    ] 
[0.699s][info][gc,stats    ] Allocation pacing accrued:
[0.699s][info][gc,stats    ]      10 of    32 ms ( 30.9%): main
[0.699s][info][gc,stats    ]      10 of    32 ms ( 30.9%): <total>
[0.699s][info][gc,stats    ]       1 of    32 ms (  2.4%): <average total>
[0.699s][info][gc,stats    ]      10 of    32 ms ( 30.9%): <average non-zero>
[0.699s][info][gc,stats    ] 
[0.699s][info][gc,metaspace] Metaspace: 6358K(6528K)->6358K(6528K) NonClass: 5811K(5888K)->5811K(5888K) Class: 546K(640K)->546K(640K)
[0.699s][info][gc,ergo     ] Pacer for Idle. Initial: 20971K, Alloc Tax Rate: 1.0x
[0.700s][info][gc          ] Trigger: Learning 4 of 5. Free (655M) is below initial threshold (716M)
[0.700s][info][gc,ergo     ] Free: 655M, Max: 512K regular, 518M humongous, Frag: 21% external, 21% internal; Reserve: 52736K, Max: 512K
[0.700s][info][gc,start    ] GC(3) Concurrent reset
[0.700s][info][gc,task     ] GC(3) Using 3 of 6 workers for concurrent reset
[0.700s][info][gc,ergo     ] GC(3) Pacer for Reset. Non-Taxable: 1024M
[0.703s][info][gc          ] GC(3) Concurrent reset 2.489ms
[0.703s][info][gc,start    ] GC(3) Pause Init Mark (unload classes)
[0.703s][info][gc,task     ] GC(3) Using 6 of 6 workers for init marking
[0.703s][info][gc,ergo     ] GC(3) Pacer for Mark. Expected Live: 125M, Free: 640M, Non-Taxable: 65580K, Alloc Tax Rate: 0.2x
[0.703s][info][gc          ] GC(3) Pause Init Mark (unload classes) 0.142ms
[0.703s][info][gc,start    ] GC(3) Concurrent marking roots
[0.704s][info][gc,task     ] GC(3) Using 3 of 6 workers for concurrent marking roots
[0.704s][info][gc          ] GC(3) Concurrent marking roots 0.230ms
[0.704s][info][gc,start    ] GC(3) Concurrent marking (unload classes)
[0.704s][info][gc,task     ] GC(3) Using 3 of 6 workers for concurrent marking
[0.707s][info][gc          ] GC(3) Concurrent marking (unload classes) 2.790ms
[0.707s][info][gc,start    ] GC(3) Pause Final Mark (unload classes)
[0.707s][info][gc,task     ] GC(3) Using 6 of 6 workers for final marking
[0.707s][info][gc,ergo     ] GC(3) Adaptive CSet Selection. Target Free: 145M, Actual Free: 675M, Max CSet: 43690K, Min Garbage: 0B
[0.707s][info][gc,ergo     ] GC(3) Collectable Garbage: 101611K (59%), Immediate: 9501K (5%), CSet: 92110K (54%)
[0.707s][info][gc,ergo     ] GC(3) Pacer for Evacuation. Used CSet: 132M, Free: 627M, Non-Taxable: 64304K, Alloc Tax Rate: 1.1x
[0.707s][info][gc          ] GC(3) Pause Final Mark (unload classes) 0.426ms
[0.707s][info][gc,start    ] GC(3) Concurrent thread roots
[0.707s][info][gc,task     ] GC(3) Using 3 of 6 workers for Concurrent thread roots
[0.707s][info][gc          ] GC(3) Concurrent thread roots 0.145ms
[0.707s][info][gc,start    ] GC(3) Concurrent weak references
[0.707s][info][gc,task     ] GC(3) Using 3 of 6 workers for concurrent weak references
[0.707s][info][gc,ref      ] GC(3) Encountered references: Soft: 47, Weak: 146, Final: 0, Phantom: 3
[0.707s][info][gc,ref      ] GC(3) Discovered  references: Soft: 0, Weak: 53, Final: 0, Phantom: 2
[0.707s][info][gc,ref      ] GC(3) Enqueued    references: Soft: 0, Weak: 0, Final: 0, Phantom: 0
[0.707s][info][gc          ] GC(3) Concurrent weak references 0.077ms
[0.707s][info][gc,start    ] GC(3) Concurrent weak roots
[0.707s][info][gc,task     ] GC(3) Using 3 of 6 workers for concurrent weak root
[0.708s][info][gc          ] GC(3) Concurrent weak roots 0.284ms
[0.708s][info][gc,start    ] GC(3) Concurrent cleanup
[0.708s][info][gc          ] GC(3) Concurrent cleanup 357M->348M(1024M) 0.092ms
[0.708s][info][gc,ergo     ] GC(3) Free: 618M, Max: 512K regular, 518M humongous, Frag: 16% external, 5% internal; Reserve: 52736K, Max: 512K
[0.708s][info][gc,start    ] GC(3) Concurrent class unloading
[0.708s][info][gc,task     ] GC(3) Using 3 of 6 workers for concurrent class unloading
[0.709s][info][gc          ] GC(3) Concurrent class unloading 0.639ms
[0.709s][info][gc,start    ] GC(3) Concurrent strong roots
[0.709s][info][gc,task     ] GC(3) Using 3 of 6 workers for concurrent strong root
[0.709s][info][gc          ] GC(3) Concurrent strong roots 0.099ms
[0.709s][info][gc,start    ] GC(3) Concurrent evacuation
[0.709s][info][gc,task     ] GC(3) Using 3 of 6 workers for concurrent evacuation
[0.729s][info][gc          ] GC(3) Concurrent evacuation 20.653ms
[0.730s][info][gc,start    ] GC(3) Pause Init Update Refs
[0.730s][info][gc,ergo     ] GC(3) Pacer for Update Refs. Used: 485M, Free: 523M, Non-Taxable: 53571K, Alloc Tax Rate: 1.1x
[0.730s][info][gc          ] GC(3) Pause Init Update Refs 0.030ms
[0.730s][info][gc,start    ] GC(3) Concurrent update references
[0.730s][info][gc,task     ] GC(3) Using 3 of 6 workers for concurrent reference update
[0.731s][info][gc          ] GC(3) Concurrent update references 1.728ms
[0.731s][info][gc,start    ] GC(3) Concurrent update thread roots
[0.732s][info][gc          ] GC(3) Concurrent update thread roots 0.383ms
[0.732s][info][gc,start    ] GC(3) Pause Final Update Refs
[0.732s][info][gc,task     ] GC(3) Using 6 of 6 workers for final reference update
[0.732s][info][gc          ] GC(3) Pause Final Update Refs 0.134ms
[0.733s][info][gc,start    ] GC(3) Concurrent cleanup
[0.733s][info][gc          ] GC(3) Concurrent cleanup 495M->364M(1024M) 0.052ms
[0.733s][info][gc,ergo     ] Free: 607M, Max: 512K regular, 491M humongous, Frag: 19% external, 28% internal; Reserve: 52736K, Max: 512K
[0.733s][info][gc,stats    ] 
[0.733s][info][gc,stats    ] All times are wall-clock times, except per-root-class counters, that are sum over
[0.733s][info][gc,stats    ] all workers. Dividing the <total> over the root stage time estimates parallelism.
[0.733s][info][gc,stats    ] 
[0.733s][info][gc,stats    ] Concurrent Reset                   2590 us
[0.733s][info][gc,stats    ] Pause Init Mark (G)                 435 us
[0.733s][info][gc,stats    ] Pause Init Mark (N)                 147 us
[0.733s][info][gc,stats    ]   Update Region States               92 us
[0.733s][info][gc,stats    ] Concurrent Mark Roots               242 us, parallelism: 0.83x
[0.733s][info][gc,stats    ]   CMR: <total>                      200 us
[0.733s][info][gc,stats    ]   CMR: Thread Roots                 123 us, workers (us):  77,   0,  46, ---, ---, ---, 
[0.733s][info][gc,stats    ]   CMR: VM Strong Roots                9 us, workers (us):   8,   0,   1, ---, ---, ---, 
[0.733s][info][gc,stats    ]   CMR: CLDG Roots                    68 us, workers (us): ---,  68, ---, ---, ---, ---, 
[0.733s][info][gc,stats    ] Concurrent Marking                 2861 us
[0.733s][info][gc,stats    ] Pause Final Mark (G)                634 us
[0.733s][info][gc,stats    ] Pause Final Mark (N)                430 us
[0.733s][info][gc,stats    ]   Finish Mark                       228 us
[0.733s][info][gc,stats    ]   Update Region States               86 us
[0.733s][info][gc,stats    ]   Choose Collection Set              66 us
[0.733s][info][gc,stats    ]   Rebuild Free Set                   15 us
[0.733s][info][gc,stats    ] Concurrent Thread Roots             156 us, parallelism: 0.75x
[0.733s][info][gc,stats    ]   CTR: <total>                      117 us
[0.733s][info][gc,stats    ]   CTR: Thread Roots                 117 us, workers (us):  37,  34,  46, ---, ---, ---, 
[0.733s][info][gc,stats    ] Concurrent Weak References           81 us, parallelism: 0.18x
[0.733s][info][gc,stats    ]   CWRF: <total>                      15 us
[0.733s][info][gc,stats    ]   CWRF: Weak References              15 us, workers (us):  15,   0,   0, ---, ---, ---, 
[0.733s][info][gc,stats    ] Concurrent Weak Roots               293 us
[0.733s][info][gc,stats    ]   Roots                             215 us, parallelism: 1.23x
[0.733s][info][gc,stats    ]     CWR: <total>                    264 us
[0.733s][info][gc,stats    ]     CWR: Code Cache Roots           218 us, workers (us):   0, 129,  89, ---, ---, ---, 
[0.733s][info][gc,stats    ]     CWR: VM Weak Roots               35 us, workers (us):  25,  10,   0, ---, ---, ---, 
[0.733s][info][gc,stats    ]     CWR: CLDG Roots                  11 us, workers (us):  11, ---, ---, ---, ---, ---, 
[0.733s][info][gc,stats    ]   Rendezvous                         62 us
[0.733s][info][gc,stats    ] Concurrent Cleanup                   96 us
[0.733s][info][gc,stats    ] Concurrent Class Unloading          655 us
[0.733s][info][gc,stats    ]   Unlink Stale                      464 us
[0.733s][info][gc,stats    ]     System Dictionary                 8 us
[0.733s][info][gc,stats    ]     Weak Class Links                  0 us
[0.733s][info][gc,stats    ]     Code Roots                      454 us
[0.733s][info][gc,stats    ]   Rendezvous                         61 us
[0.733s][info][gc,stats    ]   Purge Unlinked                    106 us
[0.733s][info][gc,stats    ]     Code Roots                       89 us
[0.733s][info][gc,stats    ]     CLDG                             16 us
[0.733s][info][gc,stats    ]     Exception Caches                  0 us
[0.733s][info][gc,stats    ] Concurrent Strong Roots             109 us, parallelism: 0.33x
[0.733s][info][gc,stats    ]   CSR: <total>                       36 us
[0.733s][info][gc,stats    ]   CSR: VM Strong Roots                2 us, workers (us):   2,   0,   0, ---, ---, ---, 
[0.733s][info][gc,stats    ]   CSR: CLDG Roots                    34 us, workers (us):  34, ---, ---, ---, ---, ---, 
[0.733s][info][gc,stats    ] Concurrent Evacuation             20745 us
[0.733s][info][gc,stats    ] Pause Init Update Refs (G)          237 us
[0.733s][info][gc,stats    ] Pause Init Update Refs (N)           33 us
[0.733s][info][gc,stats    ]   Manage GCLABs                       3 us
[0.733s][info][gc,stats    ] Concurrent Update Refs             1742 us
[0.733s][info][gc,stats    ] Concurrent Update Thread Roots      399 us
[0.733s][info][gc,stats    ] Pause Final Update Refs (G)         744 us
[0.733s][info][gc,stats    ] Pause Final Update Refs (N)         144 us
[0.733s][info][gc,stats    ]   Update Region States               93 us
[0.733s][info][gc,stats    ]   Trash Collection Set                7 us
[0.733s][info][gc,stats    ]   Rebuild Free Set                   13 us
[0.733s][info][gc,stats    ] Concurrent Cleanup                   70 us
[0.733s][info][gc,stats    ] 
[0.733s][info][gc,stats    ] Allocation pacing accrued:
[0.733s][info][gc,stats    ]       0 of    34 ms (  0.0%): <total>
[0.733s][info][gc,stats    ]       0 of    34 ms (  0.0%): <average total>
[0.733s][info][gc,stats    ] 
[0.733s][info][gc,metaspace] Metaspace: 6358K(6528K)->6358K(6528K) NonClass: 5811K(5888K)->5811K(5888K) Class: 546K(640K)->546K(640K)
[0.733s][info][gc,ergo     ] Pacer for Idle. Initial: 20971K, Alloc Tax Rate: 1.0x
[0.734s][info][gc          ] Trigger: Learning 5 of 5. Free (582M) is below initial threshold (716M)
[0.734s][info][gc,ergo     ] Free: 582M, Max: 512K regular, 491M humongous, Frag: 15% external, 27% internal; Reserve: 52736K, Max: 512K
[0.734s][info][gc,start    ] GC(4) Concurrent reset
[0.734s][info][gc,task     ] GC(4) Using 3 of 6 workers for concurrent reset
[0.734s][info][gc,ergo     ] GC(4) Pacer for Reset. Non-Taxable: 1024M
[0.736s][info][gc          ] GC(4) Concurrent reset 1.483ms
[0.736s][info][gc,start    ] GC(4) Pause Init Mark (unload classes)
[0.736s][info][gc,task     ] GC(4) Using 6 of 6 workers for init marking
[0.736s][info][gc,ergo     ] GC(4) Pacer for Mark. Expected Live: 135M, Free: 582M, Non-Taxable: 59660K, Alloc Tax Rate: 0.3x
[0.736s][info][gc          ] GC(4) Pause Init Mark (unload classes) 0.113ms
[0.736s][info][gc,start    ] GC(4) Concurrent marking roots
[0.736s][info][gc,task     ] GC(4) Using 3 of 6 workers for concurrent marking roots
[0.736s][info][gc          ] GC(4) Concurrent marking roots 0.201ms
[0.736s][info][gc,start    ] GC(4) Concurrent marking (unload classes)
[0.736s][info][gc,task     ] GC(4) Using 3 of 6 workers for concurrent marking
[0.737s][info][gc          ] GC(4) Concurrent marking (unload classes) 1.141ms
[0.737s][info][gc,start    ] GC(4) Pause Final Mark (unload classes)
[0.737s][info][gc,task     ] GC(4) Using 6 of 6 workers for final marking
[0.738s][info][gc,ergo     ] GC(4) Adaptive CSet Selection. Target Free: 145M, Actual Free: 641M, Max CSet: 43690K, Min Garbage: 0B
[0.738s][info][gc,ergo     ] GC(4) Collectable Garbage: 124M (58%), Immediate: 13673K (6%), CSet: 111M (51%)
[0.738s][info][gc,ergo     ] GC(4) Pacer for Evacuation. Used CSet: 154M, Free: 594M, Non-Taxable: 60842K, Alloc Tax Rate: 1.1x
[0.738s][info][gc          ] GC(4) Pause Final Mark (unload classes) 0.460ms
[0.738s][info][gc,start    ] GC(4) Concurrent thread roots
[0.738s][info][gc,task     ] GC(4) Using 3 of 6 workers for Concurrent thread roots
[0.738s][info][gc          ] GC(4) Concurrent thread roots 0.164ms
[0.738s][info][gc,start    ] GC(4) Concurrent weak references
[0.738s][info][gc,task     ] GC(4) Using 3 of 6 workers for concurrent weak references
[0.738s][info][gc,ref      ] GC(4) Encountered references: Soft: 47, Weak: 146, Final: 0, Phantom: 3
[0.738s][info][gc,ref      ] GC(4) Discovered  references: Soft: 0, Weak: 83, Final: 0, Phantom: 2
[0.738s][info][gc,ref      ] GC(4) Enqueued    references: Soft: 0, Weak: 0, Final: 0, Phantom: 0
[0.738s][info][gc          ] GC(4) Concurrent weak references 0.101ms
[0.738s][info][gc,start    ] GC(4) Concurrent weak roots
[0.738s][info][gc,task     ] GC(4) Using 3 of 6 workers for concurrent weak root
[0.738s][info][gc          ] GC(4) Concurrent weak roots 0.212ms
[0.738s][info][gc,start    ] GC(4) Concurrent cleanup
[0.738s][info][gc          ] GC(4) Concurrent cleanup 388M->375M(1024M) 0.031ms
[0.738s][info][gc,ergo     ] GC(4) Free: 594M, Max: 512K regular, 495M humongous, Frag: 17% external, 19% internal; Reserve: 52718K, Max: 512K
[0.738s][info][gc,start    ] GC(4) Concurrent class unloading
[0.738s][info][gc,task     ] GC(4) Using 3 of 6 workers for concurrent class unloading
[0.739s][info][gc          ] GC(4) Concurrent class unloading 0.326ms
[0.739s][info][gc,start    ] GC(4) Concurrent strong roots
[0.739s][info][gc,task     ] GC(4) Using 3 of 6 workers for concurrent strong root
[0.739s][info][gc          ] GC(4) Concurrent strong roots 0.078ms
[0.739s][info][gc,start    ] GC(4) Concurrent evacuation
[0.739s][info][gc,task     ] GC(4) Using 3 of 6 workers for concurrent evacuation
[0.755s][info][gc          ] GC(4) Concurrent evacuation 16.071ms
[0.755s][info][gc,start    ] GC(4) Pause Init Update Refs
[0.755s][info][gc,ergo     ] GC(4) Pacer for Update Refs. Used: 484M, Free: 525M, Non-Taxable: 53836K, Alloc Tax Rate: 1.1x
[0.755s][info][gc          ] GC(4) Pause Init Update Refs 0.028ms
[0.755s][info][gc,start    ] GC(4) Concurrent update references
[0.755s][info][gc,task     ] GC(4) Using 3 of 6 workers for concurrent reference update
[0.757s][info][gc          ] GC(4) Concurrent update references 2.146ms
[0.757s][info][gc,start    ] GC(4) Concurrent update thread roots
[0.758s][info][gc          ] GC(4) Concurrent update thread roots 0.307ms
[0.758s][info][gc,start    ] GC(4) Pause Final Update Refs
[0.758s][info][gc,task     ] GC(4) Using 6 of 6 workers for final reference update
[0.758s][info][gc          ] GC(4) Pause Final Update Refs 0.181ms
[0.758s][info][gc,start    ] GC(4) Concurrent cleanup
[0.758s][info][gc          ] GC(4) Concurrent cleanup 507M->354M(1024M) 0.060ms
[0.758s][info][gc,ergo     ] Free: 617M, Max: 512K regular, 492M humongous, Frag: 20% external, 26% internal; Reserve: 52736K, Max: 512K
[0.758s][info][gc,stats    ] 
[0.758s][info][gc,stats    ] All times are wall-clock times, except per-root-class counters, that are sum over
[0.758s][info][gc,stats    ] all workers. Dividing the <total> over the root stage time estimates parallelism.
[0.758s][info][gc,stats    ] 
[0.758s][info][gc,stats    ] Concurrent Reset                   1504 us
[0.758s][info][gc,stats    ] Pause Init Mark (G)                 228 us
[0.758s][info][gc,stats    ] Pause Init Mark (N)                 118 us
[0.758s][info][gc,stats    ]   Update Region States               81 us
[0.758s][info][gc,stats    ] Concurrent Mark Roots               213 us, parallelism: 0.81x
[0.758s][info][gc,stats    ]   CMR: <total>                      172 us
[0.758s][info][gc,stats    ]   CMR: Thread Roots                 146 us, workers (us):  38,  70,  38, ---, ---, ---, 
[0.758s][info][gc,stats    ]   CMR: VM Strong Roots                4 us, workers (us):   3,   0,   0, ---, ---, ---, 
[0.758s][info][gc,stats    ]   CMR: CLDG Roots                    22 us, workers (us):  22, ---, ---, ---, ---, ---, 
[0.758s][info][gc,stats    ] Concurrent Marking                 1153 us
[0.758s][info][gc,stats    ] Pause Final Mark (G)                564 us
[0.758s][info][gc,stats    ] Pause Final Mark (N)                463 us
[0.758s][info][gc,stats    ]   Finish Mark                       277 us
[0.758s][info][gc,stats    ]   Update Region States               82 us
[0.758s][info][gc,stats    ]   Choose Collection Set              64 us
[0.758s][info][gc,stats    ]   Rebuild Free Set                   14 us
[0.758s][info][gc,stats    ] Concurrent Thread Roots             176 us, parallelism: 0.51x
[0.758s][info][gc,stats    ]   CTR: <total>                       90 us
[0.758s][info][gc,stats    ]   CTR: Thread Roots                  90 us, workers (us):  43,  47,   0, ---, ---, ---, 
[0.758s][info][gc,stats    ] Concurrent Weak References          105 us, parallelism: 0.04x
[0.758s][info][gc,stats    ]   CWRF: <total>                       4 us
[0.758s][info][gc,stats    ]   CWRF: Weak References               4 us, workers (us):   3,   0,   0, ---, ---, ---, 
[0.758s][info][gc,stats    ] Concurrent Weak Roots               221 us
[0.758s][info][gc,stats    ]   Roots                             142 us, parallelism: 1.00x
[0.758s][info][gc,stats    ]     CWR: <total>                    142 us
[0.758s][info][gc,stats    ]     CWR: Code Cache Roots           123 us, workers (us):  71,  51,   0, ---, ---, ---, 
[0.758s][info][gc,stats    ]     CWR: VM Weak Roots               17 us, workers (us):  16,   1,   1, ---, ---, ---, 
[0.758s][info][gc,stats    ]     CWR: CLDG Roots                   2 us, workers (us):   2, ---, ---, ---, ---, ---, 
[0.758s][info][gc,stats    ]   Rendezvous                         57 us
[0.758s][info][gc,stats    ] Concurrent Cleanup                   35 us
[0.758s][info][gc,stats    ] Concurrent Class Unloading          335 us
[0.758s][info][gc,stats    ]   Unlink Stale                      210 us
[0.758s][info][gc,stats    ]     System Dictionary                 3 us
[0.758s][info][gc,stats    ]     Weak Class Links                  0 us
[0.758s][info][gc,stats    ]     Code Roots                      207 us
[0.758s][info][gc,stats    ]   Rendezvous                         55 us
[0.758s][info][gc,stats    ]   Purge Unlinked                     53 us
[0.758s][info][gc,stats    ]     Code Roots                       39 us
[0.758s][info][gc,stats    ]     CLDG                             13 us
[0.758s][info][gc,stats    ]     Exception Caches                  0 us
[0.758s][info][gc,stats    ] Concurrent Strong Roots              86 us, parallelism: 0.22x
[0.758s][info][gc,stats    ]   CSR: <total>                       19 us
[0.758s][info][gc,stats    ]   CSR: VM Strong Roots                3 us, workers (us):   2,   0,   0, ---, ---, ---, 
[0.758s][info][gc,stats    ]   CSR: CLDG Roots                    17 us, workers (us):  17, ---, ---, ---, ---, ---, 
[0.758s][info][gc,stats    ] Concurrent Evacuation             16140 us
[0.758s][info][gc,stats    ] Pause Init Update Refs (G)          328 us
[0.758s][info][gc,stats    ] Pause Init Update Refs (N)           32 us
[0.758s][info][gc,stats    ]   Manage GCLABs                       4 us
[0.758s][info][gc,stats    ] Concurrent Update Refs             2203 us
[0.758s][info][gc,stats    ] Concurrent Update Thread Roots      327 us
[0.758s][info][gc,stats    ] Pause Final Update Refs (G)         416 us
[0.758s][info][gc,stats    ] Pause Final Update Refs (N)         192 us
[0.758s][info][gc,stats    ]   Update Region States              136 us
[0.758s][info][gc,stats    ]   Trash Collection Set                7 us
[0.758s][info][gc,stats    ]   Rebuild Free Set                   16 us
[0.758s][info][gc,stats    ] Concurrent Cleanup                   66 us
[0.759s][info][gc,stats    ] Pacing                             5595 us
[0.759s][info][gc,stats    ] 
[0.759s][info][gc,stats    ] Allocation pacing accrued:
[0.759s][info][gc,stats    ]       6 of    26 ms ( 21.8%): main
[0.759s][info][gc,stats    ]       6 of    26 ms ( 21.8%): <total>
[0.759s][info][gc,stats    ]       0 of    26 ms (  1.7%): <average total>
[0.759s][info][gc,stats    ]       6 of    26 ms ( 21.8%): <average non-zero>
[0.759s][info][gc,stats    ] 
[0.759s][info][gc,metaspace] Metaspace: 6358K(6528K)->6358K(6528K) NonClass: 5811K(5888K)->5811K(5888K) Class: 546K(640K)->546K(640K)
[0.759s][info][gc,ergo     ] Pacer for Idle. Initial: 20971K, Alloc Tax Rate: 1.0x
[1.107s][info][gc          ] Trigger: Average GC time (41.42 ms) is above the time for average allocation rate (1584 MB/s) to deplete free headroom (67134K) (margin of error = 1.80)
[1.108s][info][gc,ergo     ] Free headroom: 116M (free) - 52428K (spike) - 0B (penalties) = 67134K
[1.108s][info][gc,ergo     ] Free: 116M, Max: 512K regular, 116M humongous, Frag: 0% external, 4% internal; Reserve: 52736K, Max: 512K
[1.108s][info][gc,start    ] GC(5) Concurrent reset
[1.108s][info][gc,task     ] GC(5) Using 3 of 6 workers for concurrent reset
[1.108s][info][gc,ergo     ] GC(5) Pacer for Reset. Non-Taxable: 1024M
[1.112s][info][gc          ] GC(5) Concurrent reset 4.088ms
[1.112s][info][gc,start    ] GC(5) Pause Init Mark (unload classes)
[1.112s][info][gc,task     ] GC(5) Using 6 of 6 workers for init marking
[1.113s][info][gc,ergo     ] GC(5) Pacer for Mark. Expected Live: 142M, Free: 116M, Non-Taxable: 11956K, Alloc Tax Rate: 1.5x
[1.113s][info][gc          ] GC(5) Pause Init Mark (unload classes) 0.262ms
[1.113s][info][gc,start    ] GC(5) Concurrent marking roots
[1.113s][info][gc,task     ] GC(5) Using 3 of 6 workers for concurrent marking roots
[1.114s][info][gc          ] GC(5) Concurrent marking roots 1.524ms
[1.114s][info][gc,start    ] GC(5) Concurrent marking (unload classes)
[1.114s][info][gc,task     ] GC(5) Using 3 of 6 workers for concurrent marking
[1.145s][info][gc          ] GC(5) Concurrent marking (unload classes) 30.923ms
[1.145s][info][gc,start    ] GC(5) Pause Final Mark (unload classes)
[1.145s][info][gc,task     ] GC(5) Using 6 of 6 workers for final marking
[1.146s][info][gc,ergo     ] GC(5) Adaptive CSet Selection. Target Free: 145M, Actual Free: 426M, Max CSet: 43690K, Min Garbage: 0B
[1.146s][info][gc,ergo     ] GC(5) Collectable Garbage: 443M (68%), Immediate: 271M (41%), CSet: 172M (26%)
[1.146s][info][gc,ergo     ] GC(5) Pacer for Evacuation. Used CSet: 214M, Free: 390M, Non-Taxable: 40004K, Alloc Tax Rate: 1.3x
[1.146s][info][gc          ] GC(5) Pause Final Mark (unload classes) 0.892ms
[1.146s][info][gc,start    ] GC(5) Concurrent thread roots
[1.146s][info][gc,task     ] GC(5) Using 3 of 6 workers for Concurrent thread roots
[1.147s][info][gc          ] GC(5) Concurrent thread roots 0.306ms
[1.147s][info][gc,start    ] GC(5) Concurrent weak references
[1.147s][info][gc,task     ] GC(5) Using 3 of 6 workers for concurrent weak references
[1.147s][info][gc,ref      ] GC(5) Encountered references: Soft: 47, Weak: 146, Final: 0, Phantom: 3
[1.147s][info][gc,ref      ] GC(5) Discovered  references: Soft: 0, Weak: 83, Final: 0, Phantom: 2
[1.147s][info][gc,ref      ] GC(5) Enqueued    references: Soft: 0, Weak: 0, Final: 0, Phantom: 0
[1.147s][info][gc          ] GC(5) Concurrent weak references 0.152ms
[1.147s][info][gc,start    ] GC(5) Concurrent weak roots
[1.147s][info][gc,task     ] GC(5) Using 3 of 6 workers for concurrent weak root
[1.153s][info][gc          ] GC(5) Concurrent weak roots 6.181ms
[1.153s][info][gc,start    ] GC(5) Concurrent cleanup
[1.153s][info][gc          ] GC(5) Concurrent cleanup 849M->578M(1024M) 0.054ms
[1.153s][info][gc,ergo     ] GC(5) Free: 390M, Max: 512K regular, 113M humongous, Frag: 71% external, 46% internal; Reserve: 52736K, Max: 512K
[1.153s][info][gc,start    ] GC(5) Concurrent class unloading
[1.153s][info][gc,task     ] GC(5) Using 3 of 6 workers for concurrent class unloading
[1.154s][info][gc          ] GC(5) Concurrent class unloading 0.798ms
[1.154s][info][gc,start    ] GC(5) Concurrent strong roots
[1.154s][info][gc,task     ] GC(5) Using 3 of 6 workers for concurrent strong root
[1.154s][info][gc          ] GC(5) Concurrent strong roots 0.125ms
[1.154s][info][gc,start    ] GC(5) Concurrent evacuation
[1.154s][info][gc,task     ] GC(5) Using 3 of 6 workers for concurrent evacuation
[1.162s][info][gc          ] GC(5) Concurrent evacuation 8.407ms
[1.165s][info][gc,start    ] GC(5) Pause Init Update Refs
[1.165s][info][gc,ergo     ] GC(5) Pacer for Update Refs. Used: 624M, Free: 388M, Non-Taxable: 39765K, Alloc Tax Rate: 2.0x
[1.165s][info][gc          ] GC(5) Pause Init Update Refs 0.044ms
[1.165s][info][gc,start    ] GC(5) Concurrent update references
[1.165s][info][gc,task     ] GC(5) Using 3 of 6 workers for concurrent reference update
[1.166s][info][gc          ] GC(5) Concurrent update references 1.461ms
[1.166s][info][gc,start    ] GC(5) Concurrent update thread roots
[1.166s][info][gc          ] GC(5) Concurrent update thread roots 0.233ms
[1.167s][info][gc,start    ] GC(5) Pause Final Update Refs
[1.167s][info][gc,task     ] GC(5) Using 6 of 6 workers for final reference update
[1.167s][info][gc          ] GC(5) Pause Final Update Refs 0.347ms
[1.167s][info][gc,start    ] GC(5) Concurrent cleanup
[1.167s][info][gc          ] GC(5) Concurrent cleanup 625M->410M(1024M) 0.053ms
[1.168s][info][gc,ergo     ] Free: 561M, Max: 512K regular, 113M humongous, Frag: 80% external, 37% internal; Reserve: 52736K, Max: 512K
[1.168s][info][gc,stats    ] 
[1.168s][info][gc,stats    ] All times are wall-clock times, except per-root-class counters, that are sum over
[1.168s][info][gc,stats    ] all workers. Dividing the <total> over the root stage time estimates parallelism.
[1.168s][info][gc,stats    ] 
[1.168s][info][gc,stats    ] Concurrent Reset                   4145 us
[1.168s][info][gc,stats    ] Pause Init Mark (G)                 809 us
[1.168s][info][gc,stats    ] Pause Init Mark (N)                 293 us
[1.168s][info][gc,stats    ]   Update Region States              163 us
[1.168s][info][gc,stats    ] Concurrent Mark Roots              1536 us, parallelism: 0.86x
[1.168s][info][gc,stats    ]   CMR: <total>                     1317 us
[1.168s][info][gc,stats    ]   CMR: Thread Roots                 903 us, workers (us):   0, 215, 688, ---, ---, ---, 
[1.168s][info][gc,stats    ]   CMR: VM Strong Roots               26 us, workers (us):  26,   0,   0, ---, ---, ---, 
[1.168s][info][gc,stats    ]   CMR: CLDG Roots                   387 us, workers (us): 387, ---, ---, ---, ---, ---, 
[1.168s][info][gc,stats    ] Concurrent Marking                30954 us
[1.168s][info][gc,stats    ] Pause Final Mark (G)               1038 us
[1.168s][info][gc,stats    ] Pause Final Mark (N)                897 us
[1.168s][info][gc,stats    ]   Finish Mark                       433 us
[1.168s][info][gc,stats    ]   Update Region States              188 us
[1.168s][info][gc,stats    ]   Choose Collection Set             171 us
[1.168s][info][gc,stats    ]   Rebuild Free Set                   18 us
[1.168s][info][gc,stats    ] Concurrent Thread Roots             317 us, parallelism: 1.31x
[1.168s][info][gc,stats    ]   CTR: <total>                      414 us
[1.168s][info][gc,stats    ]   CTR: Thread Roots                 414 us, workers (us): 176, 129, 109, ---, ---, ---, 
[1.168s][info][gc,stats    ] Concurrent Weak References          155 us, parallelism: 0.04x
[1.168s][info][gc,stats    ]   CWRF: <total>                       6 us
[1.168s][info][gc,stats    ]   CWRF: Weak References               6 us, workers (us):   6,   0,   0, ---, ---, ---, 
[1.168s][info][gc,stats    ] Concurrent Weak Roots              6191 us
[1.168s][info][gc,stats    ]   Roots                            6044 us, parallelism: 1.59x
[1.168s][info][gc,stats    ]     CWR: <total>                   9584 us
[1.168s][info][gc,stats    ]     CWR: Code Cache Roots          9478 us, workers (us):   0, 3632, 5846, ---, ---, ---, 
[1.168s][info][gc,stats    ]     CWR: VM Weak Roots              103 us, workers (us):  75,  27,   1, ---, ---, ---, 
[1.168s][info][gc,stats    ]     CWR: CLDG Roots                   4 us, workers (us): ---, ---,   4, ---, ---, ---, 
[1.168s][info][gc,stats    ]   Rendezvous                        129 us
[1.168s][info][gc,stats    ] Concurrent Cleanup                   58 us
[1.168s][info][gc,stats    ] Concurrent Class Unloading          809 us
[1.168s][info][gc,stats    ]   Unlink Stale                      592 us
[1.168s][info][gc,stats    ]     System Dictionary                 3 us
[1.168s][info][gc,stats    ]     Weak Class Links                 19 us
[1.168s][info][gc,stats    ]     Code Roots                      570 us
[1.168s][info][gc,stats    ]   Rendezvous                        116 us
[1.168s][info][gc,stats    ]   Purge Unlinked                     82 us
[1.168s][info][gc,stats    ]     Code Roots                       39 us
[1.168s][info][gc,stats    ]     CLDG                             43 us
[1.168s][info][gc,stats    ]     Exception Caches                  0 us
[1.168s][info][gc,stats    ] Concurrent Strong Roots             134 us, parallelism: 0.30x
[1.168s][info][gc,stats    ]   CSR: <total>                       40 us
[1.168s][info][gc,stats    ]   CSR: VM Strong Roots                2 us, workers (us):   2,   0,   0, ---, ---, ---, 
[1.168s][info][gc,stats    ]   CSR: CLDG Roots                    38 us, workers (us):  38, ---, ---, ---, ---, ---, 
[1.168s][info][gc,stats    ] Concurrent Evacuation              8442 us
[1.168s][info][gc,stats    ] Pause Init Update Refs (G)         2375 us
[1.168s][info][gc,stats    ] Pause Init Update Refs (N)           50 us
[1.168s][info][gc,stats    ]   Manage GCLABs                       6 us
[1.168s][info][gc,stats    ] Concurrent Update Refs             1472 us
[1.168s][info][gc,stats    ] Concurrent Update Thread Roots      244 us
[1.168s][info][gc,stats    ] Pause Final Update Refs (G)         969 us
[1.168s][info][gc,stats    ] Pause Final Update Refs (N)         359 us
[1.168s][info][gc,stats    ]   Update Region States              232 us
[1.168s][info][gc,stats    ]   Trash Collection Set                8 us
[1.168s][info][gc,stats    ]   Rebuild Free Set                   16 us
[1.168s][info][gc,stats    ] Concurrent Cleanup                   58 us
[1.168s][info][gc,stats    ] Pacing                            10423 us
[1.168s][info][gc,stats    ] 
[1.168s][info][gc,stats    ] Allocation pacing accrued:
[1.168s][info][gc,stats    ]      10 of   409 ms (  2.5%): main
[1.168s][info][gc,stats    ]      10 of   409 ms (  2.5%): <total>
[1.168s][info][gc,stats    ]       1 of   409 ms (  0.2%): <average total>
[1.168s][info][gc,stats    ]      10 of   409 ms (  2.5%): <average non-zero>
[1.168s][info][gc,stats    ] 
[1.168s][info][gc,metaspace] Metaspace: 6358K(6528K)->6358K(6528K) NonClass: 5811K(5888K)->5811K(5888K) Class: 546K(640K)->546K(640K)
[1.168s][info][gc,ergo     ] Pacer for Idle. Initial: 20971K, Alloc Tax Rate: 1.0x
[1.925s][info][gc          ] Trigger: Average GC time (73.46 ms) is above the time for average allocation rate (1049 MB/s) to deplete free headroom (77307K) (margin of error = 1.81)
[1.926s][info][gc,ergo     ] Free headroom: 126M (free) - 52428K (spike) - 0B (penalties) = 77307K
[1.926s][info][gc,ergo     ] Free: 126M, Max: 512K regular, 87552K humongous, Frag: 33% external, 3% internal; Reserve: 52736K, Max: 512K
[1.926s][info][gc,start    ] GC(6) Concurrent reset
[1.926s][info][gc,task     ] GC(6) Using 3 of 6 workers for concurrent reset
[1.926s][info][gc,ergo     ] GC(6) Pacer for Reset. Non-Taxable: 1024M
[1.940s][info][gc          ] GC(6) Concurrent reset 14.407ms
[1.941s][info][gc,start    ] GC(6) Pause Init Mark (unload classes)
[1.941s][info][gc,task     ] GC(6) Using 6 of 6 workers for init marking
[1.941s][info][gc,ergo     ] GC(6) Pacer for Mark. Expected Live: 162M, Free: 99015K, Non-Taxable: 9901K, Alloc Tax Rate: 2.1x
[1.941s][info][gc          ] GC(6) Pause Init Mark (unload classes) 0.193ms
[1.941s][info][gc,start    ] GC(6) Concurrent marking roots
[1.941s][info][gc,task     ] GC(6) Using 3 of 6 workers for concurrent marking roots
[1.941s][info][gc          ] GC(6) Concurrent marking roots 0.321ms
[1.941s][info][gc,start    ] GC(6) Concurrent marking (unload classes)
[1.941s][info][gc,task     ] GC(6) Using 3 of 6 workers for concurrent marking
[1.950s][info][gc          ] GC(6) Concurrent marking (unload classes) 9.065ms
[1.951s][info][gc,start    ] GC(6) Pause Final Mark (unload classes)
[1.951s][info][gc,task     ] GC(6) Using 6 of 6 workers for final marking
[1.951s][info][gc,ergo     ] GC(6) Adaptive CSet Selection. Target Free: 145M, Actual Free: 412M, Max CSet: 43690K, Min Garbage: 0B
[1.951s][info][gc,ergo     ] GC(6) Collectable Garbage: 447M (67%), Immediate: 275M (41%), CSet: 171M (25%)
[1.951s][info][gc,ergo     ] GC(6) Pacer for Evacuation. Used CSet: 214M, Free: 377M, Non-Taxable: 38609K, Alloc Tax Rate: 1.4x
[1.951s][info][gc          ] GC(6) Pause Final Mark (unload classes) 0.787ms
[1.951s][info][gc,start    ] GC(6) Concurrent thread roots
[1.951s][info][gc,task     ] GC(6) Using 3 of 6 workers for Concurrent thread roots
[1.952s][info][gc          ] GC(6) Concurrent thread roots 0.454ms
[1.952s][info][gc,start    ] GC(6) Concurrent weak references
[1.952s][info][gc,task     ] GC(6) Using 3 of 6 workers for concurrent weak references
[1.952s][info][gc,ref      ] GC(6) Encountered references: Soft: 47, Weak: 146, Final: 0, Phantom: 3
[1.952s][info][gc,ref      ] GC(6) Discovered  references: Soft: 0, Weak: 61, Final: 0, Phantom: 2
[1.952s][info][gc,ref      ] GC(6) Enqueued    references: Soft: 0, Weak: 0, Final: 0, Phantom: 0
[1.952s][info][gc          ] GC(6) Concurrent weak references 0.178ms
[1.952s][info][gc,start    ] GC(6) Concurrent weak roots
[1.952s][info][gc,task     ] GC(6) Using 3 of 6 workers for concurrent weak root
[1.952s][info][gc          ] GC(6) Concurrent weak roots 0.301ms
[1.952s][info][gc,start    ] GC(6) Concurrent cleanup
[1.952s][info][gc          ] GC(6) Concurrent cleanup 866M->591M(1024M) 0.071ms
[1.952s][info][gc,ergo     ] GC(6) Free: 377M, Max: 512K regular, 49664K humongous, Frag: 87% external, 47% internal; Reserve: 52722K, Max: 512K
[1.953s][info][gc,start    ] GC(6) Concurrent class unloading
[1.953s][info][gc,task     ] GC(6) Using 3 of 6 workers for concurrent class unloading
[1.953s][info][gc          ] GC(6) Concurrent class unloading 0.614ms
[1.953s][info][gc,start    ] GC(6) Concurrent strong roots
[1.953s][info][gc,task     ] GC(6) Using 3 of 6 workers for concurrent strong root
[1.953s][info][gc          ] GC(6) Concurrent strong roots 0.132ms
[1.953s][info][gc,start    ] GC(6) Concurrent evacuation
[1.953s][info][gc,task     ] GC(6) Using 3 of 6 workers for concurrent evacuation
[2.051s][info][gc          ] GC(6) Concurrent evacuation 97.495ms
[2.051s][info][gc,start    ] GC(6) Pause Init Update Refs
[2.051s][info][gc,ergo     ] GC(6) Pacer for Update Refs. Used: 660M, Free: 351M, Non-Taxable: 35947K, Alloc Tax Rate: 2.3x
[2.051s][info][gc          ] GC(6) Pause Init Update Refs 0.133ms
[2.051s][info][gc,start    ] GC(6) Concurrent update references
[2.051s][info][gc,task     ] GC(6) Using 3 of 6 workers for concurrent reference update
[2.058s][info][gc          ] GC(6) Concurrent update references 6.740ms
[2.058s][info][gc,start    ] GC(6) Concurrent update thread roots
[2.058s][info][gc          ] GC(6) Concurrent update thread roots 0.350ms
[2.059s][info][gc,start    ] GC(6) Pause Final Update Refs
[2.059s][info][gc,task     ] GC(6) Using 6 of 6 workers for final reference update
[2.059s][info][gc          ] GC(6) Pause Final Update Refs 0.169ms
[2.059s][info][gc,start    ] GC(6) Concurrent cleanup
[2.059s][info][gc          ] GC(6) Concurrent cleanup 664M->449M(1024M) 0.093ms
[2.059s][info][gc,ergo     ] Free: 521M, Max: 512K regular, 50176K humongous, Frag: 91% external, 39% internal; Reserve: 52736K, Max: 512K
[2.059s][info][gc,stats    ] 
[2.059s][info][gc,stats    ] All times are wall-clock times, except per-root-class counters, that are sum over
[2.059s][info][gc,stats    ] all workers. Dividing the <total> over the root stage time estimates parallelism.
[2.059s][info][gc,stats    ] 
[2.059s][info][gc,stats    ] Concurrent Reset                  14555 us
[2.059s][info][gc,stats    ] Pause Init Mark (G)                 534 us
[2.059s][info][gc,stats    ] Pause Init Mark (N)                 227 us
[2.059s][info][gc,stats    ]   Update Region States               97 us
[2.059s][info][gc,stats    ] Concurrent Mark Roots               344 us, parallelism: 0.85x
[2.059s][info][gc,stats    ]   CMR: <total>                      292 us
[2.059s][info][gc,stats    ]   CMR: Thread Roots                 233 us, workers (us):  51,  86,  96, ---, ---, ---, 
[2.059s][info][gc,stats    ]   CMR: VM Strong Roots                5 us, workers (us):   4,   0,   0, ---, ---, ---, 
[2.059s][info][gc,stats    ]   CMR: CLDG Roots                    54 us, workers (us):  54, ---, ---, ---, ---, ---, 
[2.059s][info][gc,stats    ] Concurrent Marking                 9119 us
[2.059s][info][gc,stats    ] Pause Final Mark (G)                900 us
[2.059s][info][gc,stats    ] Pause Final Mark (N)                794 us
[2.059s][info][gc,stats    ]   Finish Mark                       330 us
[2.059s][info][gc,stats    ]   Update Region States              270 us
[2.059s][info][gc,stats    ]   Choose Collection Set             108 us
[2.059s][info][gc,stats    ]   Rebuild Free Set                   23 us
[2.059s][info][gc,stats    ] Concurrent Thread Roots             479 us, parallelism: 0.66x
[2.059s][info][gc,stats    ]   CTR: <total>                      318 us
[2.059s][info][gc,stats    ]   CTR: Thread Roots                 318 us, workers (us):  71,  34, 213, ---, ---, ---, 
[2.059s][info][gc,stats    ] Concurrent Weak References          181 us, parallelism: 0.05x
[2.059s][info][gc,stats    ]   CWRF: <total>                       9 us
[2.059s][info][gc,stats    ]   CWRF: Weak References               9 us, workers (us):   8,   0,   0, ---, ---, ---, 
[2.059s][info][gc,stats    ] Concurrent Weak Roots               317 us
[2.059s][info][gc,stats    ]   Roots                             199 us, parallelism: 1.08x
[2.059s][info][gc,stats    ]     CWR: <total>                    214 us
[2.059s][info][gc,stats    ]     CWR: Code Cache Roots           138 us, workers (us):   0,  45,  93, ---, ---, ---, 
[2.059s][info][gc,stats    ]     CWR: VM Weak Roots               72 us, workers (us):  43,  24,   4, ---, ---, ---, 
[2.059s][info][gc,stats    ]     CWR: CLDG Roots                   5 us, workers (us): ---, ---,   5, ---, ---, ---, 
[2.059s][info][gc,stats    ]   Rendezvous                         92 us
[2.059s][info][gc,stats    ] Concurrent Cleanup                   87 us
[2.059s][info][gc,stats    ] Concurrent Class Unloading          656 us
[2.059s][info][gc,stats    ]   Unlink Stale                      432 us
[2.059s][info][gc,stats    ]     System Dictionary               110 us
[2.059s][info][gc,stats    ]     Weak Class Links                  0 us
[2.059s][info][gc,stats    ]     Code Roots                      320 us
[2.059s][info][gc,stats    ]   Rendezvous                         99 us
[2.059s][info][gc,stats    ]   Purge Unlinked                     64 us
[2.060s][info][gc,stats    ]     Code Roots                       47 us
[2.060s][info][gc,stats    ]     CLDG                             16 us
[2.060s][info][gc,stats    ]     Exception Caches                  0 us
[2.060s][info][gc,stats    ] Concurrent Strong Roots             146 us, parallelism: 0.28x
[2.060s][info][gc,stats    ]   CSR: <total>                       41 us
[2.060s][info][gc,stats    ]   CSR: VM Strong Roots               25 us, workers (us):  24,   1,   0, ---, ---, ---, 
[2.060s][info][gc,stats    ]   CSR: CLDG Roots                    16 us, workers (us): ---,  16, ---, ---, ---, ---, 
[2.060s][info][gc,stats    ] Concurrent Evacuation             97621 us
[2.060s][info][gc,stats    ] Pause Init Update Refs (G)          442 us
[2.060s][info][gc,stats    ] Pause Init Update Refs (N)          150 us
[2.060s][info][gc,stats    ]   Manage GCLABs                       4 us
[2.060s][info][gc,stats    ] Concurrent Update Refs             6765 us
[2.060s][info][gc,stats    ] Concurrent Update Thread Roots      368 us
[2.060s][info][gc,stats    ] Pause Final Update Refs (G)         559 us
[2.060s][info][gc,stats    ] Pause Final Update Refs (N)         182 us
[2.060s][info][gc,stats    ]   Update Region States              107 us
[2.060s][info][gc,stats    ]   Trash Collection Set                9 us
[2.060s][info][gc,stats    ]   Rebuild Free Set                   22 us
[2.060s][info][gc,stats    ] Concurrent Cleanup                  109 us
[2.060s][info][gc,stats    ] Pacing                             8901 us
[2.060s][info][gc,stats    ] 
[2.060s][info][gc,stats    ] Allocation pacing accrued:
[2.060s][info][gc,stats    ]       9 of   892 ms (  1.0%): main
[2.060s][info][gc,stats    ]       9 of   892 ms (  1.0%): <total>
[2.060s][info][gc,stats    ]       1 of   892 ms (  0.1%): <average total>
[2.060s][info][gc,stats    ]       9 of   892 ms (  1.0%): <average non-zero>
[2.060s][info][gc,stats    ] 
[2.060s][info][gc,metaspace] Metaspace: 6358K(6528K)->6358K(6528K) NonClass: 5811K(5888K)->5811K(5888K) Class: 546K(640K)->546K(640K)
[2.060s][info][gc,ergo     ] Pacer for Idle. Initial: 20971K, Alloc Tax Rate: 1.0x
[2.646s][info][gc          ] Trigger: Average GC time (172.63 ms) is above the time for average allocation rate (500 MB/s) to deplete free headroom (88413K) (margin of error = 1.83)
[2.646s][info][gc,ergo     ] Free headroom: 137M (free) - 52428K (spike) - 0B (penalties) = 88413K
[2.646s][info][gc,ergo     ] Free: 137M, Max: 512K regular, 50176K humongous, Frag: 64% external, 32% internal; Reserve: 52736K, Max: 512K
[2.646s][info][gc,start    ] GC(7) Concurrent reset
[2.646s][info][gc,task     ] GC(7) Using 3 of 6 workers for concurrent reset
[2.646s][info][gc,ergo     ] GC(7) Pacer for Reset. Non-Taxable: 1024M
[2.652s][info][gc          ] GC(7) Concurrent reset 5.957ms
[2.653s][info][gc,start    ] GC(7) Pause Init Mark (unload classes)
[2.653s][info][gc,task     ] GC(7) Using 6 of 6 workers for init marking
[2.653s][info][gc,ergo     ] GC(7) Pacer for Mark. Expected Live: 174M, Free: 135M, Non-Taxable: 13905K, Alloc Tax Rate: 1.6x
[2.653s][info][gc          ] GC(7) Pause Init Mark (unload classes) 0.237ms
[2.653s][info][gc,start    ] GC(7) Concurrent marking roots
[2.653s][info][gc,task     ] GC(7) Using 3 of 6 workers for concurrent marking roots
[2.654s][info][gc          ] GC(7) Concurrent marking roots 0.704ms
[2.654s][info][gc,start    ] GC(7) Concurrent marking (unload classes)
[2.654s][info][gc,task     ] GC(7) Using 3 of 6 workers for concurrent marking
[2.660s][info][gc          ] GC(7) Concurrent marking (unload classes) 6.189ms
[2.660s][info][gc,start    ] GC(7) Pause Final Mark (unload classes)
[2.660s][info][gc,task     ] GC(7) Using 6 of 6 workers for final marking
[2.661s][info][gc,ergo     ] GC(7) Adaptive CSet Selection. Target Free: 145M, Actual Free: 417M, Max CSet: 43690K, Min Garbage: 0B
[2.661s][info][gc,ergo     ] GC(7) Collectable Garbage: 406M (65%), Immediate: 235M (37%), CSet: 171M (27%)
[2.661s][info][gc,ergo     ] GC(7) Pacer for Evacuation. Used CSet: 214M, Free: 380M, Non-Taxable: 38939K, Alloc Tax Rate: 1.4x
[2.661s][info][gc          ] GC(7) Pause Final Mark (unload classes) 0.518ms
[2.661s][info][gc,start    ] GC(7) Concurrent thread roots
[2.661s][info][gc,task     ] GC(7) Using 3 of 6 workers for Concurrent thread roots
[2.661s][info][gc          ] GC(7) Concurrent thread roots 0.205ms
[2.661s][info][gc,start    ] GC(7) Concurrent weak references
[2.661s][info][gc,task     ] GC(7) Using 3 of 6 workers for concurrent weak references
[2.661s][info][gc,ref      ] GC(7) Encountered references: Soft: 47, Weak: 146, Final: 0, Phantom: 3
[2.661s][info][gc,ref      ] GC(7) Discovered  references: Soft: 0, Weak: 54, Final: 0, Phantom: 1
[2.661s][info][gc,ref      ] GC(7) Enqueued    references: Soft: 0, Weak: 0, Final: 0, Phantom: 0
[2.661s][info][gc          ] GC(7) Concurrent weak references 0.070ms
[2.661s][info][gc,start    ] GC(7) Concurrent weak roots
[2.661s][info][gc,task     ] GC(7) Using 3 of 6 workers for concurrent weak root
[2.662s][info][gc          ] GC(7) Concurrent weak roots 1.031ms
[2.662s][info][gc,start    ] GC(7) Concurrent cleanup
[2.662s][info][gc          ] GC(7) Concurrent cleanup 823M->589M(1024M) 0.060ms
[2.662s][info][gc,ergo     ] GC(7) Free: 370M, Max: 512K regular, 53248K humongous, Frag: 86% external, 4% internal; Reserve: 52736K, Max: 512K
[2.662s][info][gc,start    ] GC(7) Concurrent class unloading
[2.662s][info][gc,task     ] GC(7) Using 3 of 6 workers for concurrent class unloading
[2.663s][info][gc          ] GC(7) Concurrent class unloading 0.616ms
[2.663s][info][gc,start    ] GC(7) Concurrent strong roots
[2.663s][info][gc,task     ] GC(7) Using 3 of 6 workers for concurrent strong root
[2.663s][info][gc          ] GC(7) Concurrent strong roots 0.062ms
[2.663s][info][gc,start    ] GC(7) Concurrent evacuation
[2.663s][info][gc,task     ] GC(7) Using 3 of 6 workers for concurrent evacuation
[2.716s][info][gc          ] GC(7) Concurrent evacuation 52.613ms
[2.716s][info][gc,start    ] GC(7) Pause Init Update Refs
[2.716s][info][gc,ergo     ] GC(7) Pacer for Update Refs. Used: 653M, Free: 351M, Non-Taxable: 35973K, Alloc Tax Rate: 2.3x
[2.716s][info][gc          ] GC(7) Pause Init Update Refs 0.095ms
[2.716s][info][gc,start    ] GC(7) Concurrent update references
[2.716s][info][gc,task     ] GC(7) Using 3 of 6 workers for concurrent reference update
[2.719s][info][gc          ] GC(7) Concurrent update references 2.748ms
[2.719s][info][gc,start    ] GC(7) Concurrent update thread roots
[2.719s][info][gc          ] GC(7) Concurrent update thread roots 0.242ms
[2.720s][info][gc,start    ] GC(7) Pause Final Update Refs
[2.720s][info][gc,task     ] GC(7) Using 6 of 6 workers for final reference update
[2.720s][info][gc          ] GC(7) Pause Final Update Refs 0.189ms
[2.720s][info][gc,start    ] GC(7) Concurrent cleanup
[2.720s][info][gc          ] GC(7) Concurrent cleanup 654M->441M(1024M) 0.066ms
[2.720s][info][gc,ergo     ] Free: 531M, Max: 512K regular, 79360K humongous, Frag: 86% external, 38% internal; Reserve: 52736K, Max: 512K
[2.720s][info][gc,stats    ] 
[2.720s][info][gc,stats    ] All times are wall-clock times, except per-root-class counters, that are sum over
[2.720s][info][gc,stats    ] all workers. Dividing the <total> over the root stage time estimates parallelism.
[2.720s][info][gc,stats    ] 
[2.720s][info][gc,stats    ] Concurrent Reset                   6061 us
[2.720s][info][gc,stats    ] Pause Init Mark (G)                 677 us
[2.720s][info][gc,stats    ] Pause Init Mark (N)                 254 us
[2.720s][info][gc,stats    ]   Update Region States              146 us
[2.720s][info][gc,stats    ] Concurrent Mark Roots               719 us, parallelism: 0.69x
[2.720s][info][gc,stats    ]   CMR: <total>                      495 us
[2.720s][info][gc,stats    ]   CMR: Thread Roots                 225 us, workers (us):   0,  93, 132, ---, ---, ---, 
[2.720s][info][gc,stats    ]   CMR: VM Strong Roots               66 us, workers (us):  35,  30,   0, ---, ---, ---, 
[2.720s][info][gc,stats    ]   CMR: CLDG Roots                   204 us, workers (us): 204, ---, ---, ---, ---, ---, 
[2.720s][info][gc,stats    ] Concurrent Marking                 6215 us
[2.720s][info][gc,stats    ] Pause Final Mark (G)               1085 us
[2.720s][info][gc,stats    ] Pause Final Mark (N)                523 us
[2.720s][info][gc,stats    ]   Finish Mark                       272 us
[2.720s][info][gc,stats    ]   Update Region States               86 us
[2.720s][info][gc,stats    ]   Choose Collection Set             110 us
[2.720s][info][gc,stats    ]   Rebuild Free Set                   20 us
[2.720s][info][gc,stats    ] Concurrent Thread Roots             216 us, parallelism: 0.92x
[2.720s][info][gc,stats    ]   CTR: <total>                      199 us
[2.720s][info][gc,stats    ]   CTR: Thread Roots                 199 us, workers (us):  63,  43,  93, ---, ---, ---, 
[2.720s][info][gc,stats    ] Concurrent Weak References           73 us, parallelism: 0.10x
[2.720s][info][gc,stats    ]   CWRF: <total>                       7 us
[2.720s][info][gc,stats    ]   CWRF: Weak References               7 us, workers (us):   7,   0,   0, ---, ---, ---, 
[2.720s][info][gc,stats    ] Concurrent Weak Roots              1042 us
[2.720s][info][gc,stats    ]   Roots                             825 us, parallelism: 1.64x
[2.720s][info][gc,stats    ]     CWR: <total>                   1349 us
[2.720s][info][gc,stats    ]     CWR: Code Cache Roots          1299 us, workers (us): 738,   0, 561, ---, ---, ---, 
[2.720s][info][gc,stats    ]     CWR: VM Weak Roots               45 us, workers (us):  19,  25,   1, ---, ---, ---, 
[2.720s][info][gc,stats    ]     CWR: CLDG Roots                   5 us, workers (us):   5, ---, ---, ---, ---, ---, 
[2.720s][info][gc,stats    ]   Rendezvous                        198 us
[2.720s][info][gc,stats    ] Concurrent Cleanup                   65 us
[2.720s][info][gc,stats    ] Concurrent Class Unloading          628 us
[2.720s][info][gc,stats    ]   Unlink Stale                      326 us
[2.720s][info][gc,stats    ]     System Dictionary                 4 us
[2.720s][info][gc,stats    ]     Weak Class Links                  0 us
[2.720s][info][gc,stats    ]     Code Roots                      321 us
[2.720s][info][gc,stats    ]   Rendezvous                        229 us
[2.720s][info][gc,stats    ]   Purge Unlinked                     52 us
[2.720s][info][gc,stats    ]     Code Roots                       49 us
[2.720s][info][gc,stats    ]     CLDG                              3 us
[2.720s][info][gc,stats    ]     Exception Caches                  0 us
[2.720s][info][gc,stats    ] Concurrent Strong Roots              72 us, parallelism: 0.18x
[2.720s][info][gc,stats    ]   CSR: <total>                       13 us
[2.720s][info][gc,stats    ]   CSR: VM Strong Roots                1 us, workers (us):   1,   0,   0, ---, ---, ---, 
[2.720s][info][gc,stats    ]   CSR: CLDG Roots                    11 us, workers (us):  11, ---, ---, ---, ---, ---, 
[2.720s][info][gc,stats    ] Concurrent Evacuation             52657 us
[2.720s][info][gc,stats    ] Pause Init Update Refs (G)          559 us
[2.720s][info][gc,stats    ] Pause Init Update Refs (N)          100 us
[2.720s][info][gc,stats    ]   Manage GCLABs                       4 us
[2.720s][info][gc,stats    ] Concurrent Update Refs             2764 us
[2.720s][info][gc,stats    ] Concurrent Update Thread Roots      259 us
[2.720s][info][gc,stats    ] Pause Final Update Refs (G)         416 us
[2.720s][info][gc,stats    ] Pause Final Update Refs (N)         200 us
[2.720s][info][gc,stats    ]   Update Region States               97 us
[2.720s][info][gc,stats    ]   Trash Collection Set               10 us
[2.720s][info][gc,stats    ]   Rebuild Free Set                   21 us
[2.720s][info][gc,stats    ] Concurrent Cleanup                   73 us
[2.720s][info][gc,stats    ] 
[2.720s][info][gc,stats    ] Allocation pacing accrued:
[2.720s][info][gc,stats    ]       0 of   661 ms (  0.0%): <total>
[2.720s][info][gc,stats    ]       0 of   661 ms (  0.0%): <average total>
[2.720s][info][gc,stats    ] 
[2.720s][info][gc,metaspace] Metaspace: 6358K(6528K)->6358K(6528K) NonClass: 5811K(5888K)->5811K(5888K) Class: 546K(640K)->546K(640K)
[2.720s][info][gc,ergo     ] Pacer for Idle. Initial: 20971K, Alloc Tax Rate: 1.0x
[3.022s][info][gc          ] Trigger: Average GC time (142.47 ms) is above the time for average allocation rate (899 MB/s) to deplete free headroom (127M) (margin of error = 1.84)
[3.022s][info][gc,ergo     ] Free headroom: 178M (free) - 52428K (spike) - 0B (penalties) = 127M
[3.022s][info][gc,ergo     ] Free: 178M, Max: 512K regular, 79360K humongous, Frag: 57% external, 11% internal; Reserve: 52736K, Max: 512K
[3.022s][info][gc,start    ] GC(8) Concurrent reset
[3.022s][info][gc,task     ] GC(8) Using 3 of 6 workers for concurrent reset
[3.022s][info][gc,ergo     ] GC(8) Pacer for Reset. Non-Taxable: 1024M
[3.024s][info][gc          ] GC(8) Concurrent reset 2.754ms
[3.025s][info][gc,start    ] GC(8) Pause Init Mark (unload classes)
[3.025s][info][gc,task     ] GC(8) Using 6 of 6 workers for init marking
[3.025s][info][gc,ergo     ] GC(8) Pacer for Mark. Expected Live: 183M, Free: 178M, Non-Taxable: 18233K, Alloc Tax Rate: 1.3x
[3.025s][info][gc          ] GC(8) Pause Init Mark (unload classes) 0.150ms
[3.025s][info][gc,start    ] GC(8) Concurrent marking roots
[3.025s][info][gc,task     ] GC(8) Using 3 of 6 workers for concurrent marking roots
[3.025s][info][gc          ] GC(8) Concurrent marking roots 0.254ms
[3.025s][info][gc,start    ] GC(8) Concurrent marking (unload classes)
[3.025s][info][gc,task     ] GC(8) Using 3 of 6 workers for concurrent marking
[3.028s][info][gc          ] GC(8) Concurrent marking (unload classes) 2.442ms
[3.028s][info][gc,start    ] GC(8) Pause Final Mark (unload classes)
[3.028s][info][gc,task     ] GC(8) Using 6 of 6 workers for final marking
[3.028s][info][gc,ergo     ] GC(8) Adaptive CSet Selection. Target Free: 145M, Actual Free: 435M, Max CSet: 43690K, Min Garbage: 0B
[3.028s][info][gc,ergo     ] GC(8) Collectable Garbage: 379M (65%), Immediate: 208M (35%), CSet: 171M (29%)
[3.028s][info][gc,ergo     ] GC(8) Pacer for Evacuation. Used CSet: 214M, Free: 396M, Non-Taxable: 40589K, Alloc Tax Rate: 1.3x
[3.028s][info][gc          ] GC(8) Pause Final Mark (unload classes) 0.419ms
[3.028s][info][gc,start    ] GC(8) Concurrent thread roots
[3.028s][info][gc,task     ] GC(8) Using 3 of 6 workers for Concurrent thread roots
[3.028s][info][gc          ] GC(8) Concurrent thread roots 0.134ms
[3.028s][info][gc,start    ] GC(8) Concurrent weak references
[3.028s][info][gc,task     ] GC(8) Using 3 of 6 workers for concurrent weak references
[3.028s][info][gc,ref      ] GC(8) Encountered references: Soft: 47, Weak: 146, Final: 0, Phantom: 3
[3.028s][info][gc,ref      ] GC(8) Discovered  references: Soft: 0, Weak: 53, Final: 0, Phantom: 2
[3.028s][info][gc,ref      ] GC(8) Enqueued    references: Soft: 0, Weak: 0, Final: 0, Phantom: 0
[3.028s][info][gc          ] GC(8) Concurrent weak references 0.063ms
[3.028s][info][gc,start    ] GC(8) Concurrent weak roots
[3.028s][info][gc,task     ] GC(8) Using 3 of 6 workers for concurrent weak root
[3.029s][info][gc          ] GC(8) Concurrent weak roots 0.378ms
[3.029s][info][gc,start    ] GC(8) Concurrent cleanup
[3.029s][info][gc          ] GC(8) Concurrent cleanup 780M->572M(1024M) 0.074ms
[3.029s][info][gc,ergo     ] GC(8) Free: 388M, Max: 512K regular, 79360K humongous, Frag: 80% external, 2% internal; Reserve: 52736K, Max: 512K
[3.029s][info][gc,start    ] GC(8) Concurrent class unloading
[3.029s][info][gc,task     ] GC(8) Using 3 of 6 workers for concurrent class unloading
[3.029s][info][gc          ] GC(8) Concurrent class unloading 0.460ms
[3.029s][info][gc,start    ] GC(8) Concurrent strong roots
[3.029s][info][gc,task     ] GC(8) Using 3 of 6 workers for concurrent strong root
[3.029s][info][gc          ] GC(8) Concurrent strong roots 0.052ms
[3.029s][info][gc,start    ] GC(8) Concurrent evacuation
[3.029s][info][gc,task     ] GC(8) Using 3 of 6 workers for concurrent evacuation
[3.054s][info][gc          ] GC(8) Concurrent evacuation 24.155ms
[3.054s][info][gc,start    ] GC(8) Pause Init Update Refs
[3.054s][info][gc,ergo     ] GC(8) Pacer for Update Refs. Used: 639M, Free: 364M, Non-Taxable: 37371K, Alloc Tax Rate: 2.1x
[3.054s][info][gc          ] GC(8) Pause Init Update Refs 0.032ms
[3.054s][info][gc,start    ] GC(8) Concurrent update references
[3.054s][info][gc,task     ] GC(8) Using 3 of 6 workers for concurrent reference update
[3.056s][info][gc          ] GC(8) Concurrent update references 1.859ms
[3.056s][info][gc,start    ] GC(8) Concurrent update thread roots
[3.056s][info][gc          ] GC(8) Concurrent update thread roots 0.197ms
[3.056s][info][gc,start    ] GC(8) Pause Final Update Refs
[3.056s][info][gc,task     ] GC(8) Using 6 of 6 workers for final reference update
[3.057s][info][gc          ] GC(8) Pause Final Update Refs 0.163ms
[3.057s][info][gc,start    ] GC(8) Concurrent cleanup
[3.057s][info][gc          ] GC(8) Concurrent cleanup 641M->428M(1024M) 0.063ms
[3.057s][info][gc,ergo     ] Free: 542M, Max: 512K regular, 83968K humongous, Frag: 85% external, 35% internal; Reserve: 52736K, Max: 512K
[3.057s][info][gc,stats    ] 
[3.057s][info][gc,stats    ] All times are wall-clock times, except per-root-class counters, that are sum over
[3.057s][info][gc,stats    ] all workers. Dividing the <total> over the root stage time estimates parallelism.
[3.057s][info][gc,stats    ] 
[3.057s][info][gc,stats    ] Concurrent Reset                   2816 us
[3.057s][info][gc,stats    ] Pause Init Mark (G)                 420 us
[3.057s][info][gc,stats    ] Pause Init Mark (N)                 155 us
[3.057s][info][gc,stats    ]   Update Region States               82 us
[3.057s][info][gc,stats    ] Concurrent Mark Roots               264 us, parallelism: 0.89x
[3.057s][info][gc,stats    ]   CMR: <total>                      235 us
[3.057s][info][gc,stats    ]   CMR: Thread Roots                 190 us, workers (us):  38,  56,  96, ---, ---, ---, 
[3.057s][info][gc,stats    ]   CMR: VM Strong Roots               14 us, workers (us):  13,   0,   0, ---, ---, ---, 
[3.057s][info][gc,stats    ]   CMR: CLDG Roots                    32 us, workers (us):  32, ---, ---, ---, ---, ---, 
[3.057s][info][gc,stats    ] Concurrent Marking                 2453 us
[3.057s][info][gc,stats    ] Pause Final Mark (G)                567 us
[3.057s][info][gc,stats    ] Pause Final Mark (N)                422 us
[3.057s][info][gc,stats    ]   Finish Mark                       226 us
[3.057s][info][gc,stats    ]   Update Region States               71 us
[3.057s][info][gc,stats    ]   Choose Collection Set              81 us
[3.057s][info][gc,stats    ]   Rebuild Free Set                   17 us
[3.057s][info][gc,stats    ] Concurrent Thread Roots             143 us, parallelism: 0.92x
[3.057s][info][gc,stats    ]   CTR: <total>                      131 us
[3.057s][info][gc,stats    ]   CTR: Thread Roots                 131 us, workers (us):  66,  30,  35, ---, ---, ---, 
[3.057s][info][gc,stats    ] Concurrent Weak References           67 us, parallelism: 0.06x
[3.057s][info][gc,stats    ]   CWRF: <total>                       4 us
[3.057s][info][gc,stats    ]   CWRF: Weak References               4 us, workers (us):   4,   0,   0, ---, ---, ---, 
[3.057s][info][gc,stats    ] Concurrent Weak Roots               387 us
[3.057s][info][gc,stats    ]   Roots                             166 us, parallelism: 1.04x
[3.057s][info][gc,stats    ]     CWR: <total>                    171 us
[3.057s][info][gc,stats    ]     CWR: Code Cache Roots           152 us, workers (us):  49, 102,   0, ---, ---, ---, 
[3.057s][info][gc,stats    ]     CWR: VM Weak Roots               16 us, workers (us):  14,   1,   0, ---, ---, ---, 
[3.057s][info][gc,stats    ]     CWR: CLDG Roots                   4 us, workers (us):   4, ---, ---, ---, ---, ---, 
[3.057s][info][gc,stats    ]   Rendezvous                        206 us
[3.057s][info][gc,stats    ] Concurrent Cleanup                   84 us
[3.057s][info][gc,stats    ] Concurrent Class Unloading          470 us
[3.057s][info][gc,stats    ]   Unlink Stale                      313 us
[3.057s][info][gc,stats    ]     System Dictionary                 3 us
[3.057s][info][gc,stats    ]     Weak Class Links                  0 us
[3.057s][info][gc,stats    ]     Code Roots                      309 us
[3.057s][info][gc,stats    ]   Rendezvous                         80 us
[3.057s][info][gc,stats    ]   Purge Unlinked                     59 us
[3.057s][info][gc,stats    ]     Code Roots                       43 us
[3.057s][info][gc,stats    ]     CLDG                             16 us
[3.057s][info][gc,stats    ]     Exception Caches                  0 us
[3.057s][info][gc,stats    ] Concurrent Strong Roots              61 us, parallelism: 0.20x
[3.057s][info][gc,stats    ]   CSR: <total>                       12 us
[3.057s][info][gc,stats    ]   CSR: VM Strong Roots                2 us, workers (us):   1,   0,   0, ---, ---, ---, 
[3.057s][info][gc,stats    ]   CSR: CLDG Roots                    11 us, workers (us):  11, ---, ---, ---, ---, ---, 
[3.057s][info][gc,stats    ] Concurrent Evacuation             24204 us
[3.057s][info][gc,stats    ] Pause Init Update Refs (G)          479 us
[3.057s][info][gc,stats    ] Pause Init Update Refs (N)           36 us
[3.057s][info][gc,stats    ]   Manage GCLABs                       4 us
[3.057s][info][gc,stats    ] Concurrent Update Refs             1874 us
[3.057s][info][gc,stats    ] Concurrent Update Thread Roots      206 us
[3.057s][info][gc,stats    ] Pause Final Update Refs (G)         341 us
[3.057s][info][gc,stats    ] Pause Final Update Refs (N)         174 us
[3.057s][info][gc,stats    ]   Update Region States               88 us
[3.057s][info][gc,stats    ]   Trash Collection Set               10 us
[3.057s][info][gc,stats    ]   Rebuild Free Set                   19 us
[3.057s][info][gc,stats    ] Concurrent Cleanup                   68 us
[3.057s][info][gc,stats    ] 
[3.057s][info][gc,stats    ] Allocation pacing accrued:
[3.057s][info][gc,stats    ]       0 of   337 ms (  0.0%): <total>
[3.057s][info][gc,stats    ]       0 of   337 ms (  0.0%): <average total>
[3.057s][info][gc,stats    ] 
[3.057s][info][gc,metaspace] Metaspace: 6358K(6528K)->6358K(6528K) NonClass: 5811K(5888K)->5811K(5888K) Class: 546K(640K)->546K(640K)
[3.057s][info][gc,ergo     ] Pacer for Idle. Initial: 20971K, Alloc Tax Rate: 1.0x
[3.153s][info][gc          ] Trigger: Average GC time (119.13 ms) is above the time for average allocation rate (1670 MB/s) to deplete free headroom (196M) (margin of error = 1.85)
[3.153s][info][gc,ergo     ] Free headroom: 247M (free) - 52428K (spike) - 0B (penalties) = 196M
[3.153s][info][gc,ergo     ] Free: 246M, Max: 512K regular, 83968K humongous, Frag: 67% external, 22% internal; Reserve: 52736K, Max: 512K
[3.153s][info][gc,start    ] GC(9) Concurrent reset
[3.153s][info][gc,task     ] GC(9) Using 3 of 6 workers for concurrent reset
[3.153s][info][gc,ergo     ] GC(9) Pacer for Reset. Non-Taxable: 1024M
[3.156s][info][gc          ] GC(9) Concurrent reset 2.719ms
[3.156s][info][gc,start    ] GC(9) Pause Init Mark (unload classes)
[3.156s][info][gc,task     ] GC(9) Using 6 of 6 workers for init marking
[3.156s][info][gc,ergo     ] GC(9) Pacer for Mark. Expected Live: 190M, Free: 232M, Non-Taxable: 23786K, Alloc Tax Rate: 1.0x
[3.156s][info][gc          ] GC(9) Pause Init Mark (unload classes) 0.160ms
[3.156s][info][gc,start    ] GC(9) Concurrent marking roots
[3.157s][info][gc,task     ] GC(9) Using 3 of 6 workers for concurrent marking roots
[3.157s][info][gc          ] GC(9) Concurrent marking roots 0.240ms
[3.157s][info][gc,start    ] GC(9) Concurrent marking (unload classes)
[3.157s][info][gc,task     ] GC(9) Using 3 of 6 workers for concurrent marking
[3.160s][info][gc          ] GC(9) Concurrent marking (unload classes) 3.030ms
[3.160s][info][gc,start    ] GC(9) Pause Final Mark (unload classes)
[3.160s][info][gc,task     ] GC(9) Using 6 of 6 workers for final marking
[3.160s][info][gc,ergo     ] GC(9) Adaptive CSet Selection. Target Free: 145M, Actual Free: 414M, Max CSet: 43690K, Min Garbage: 0B
[3.161s][info][gc,ergo     ] GC(9) Collectable Garbage: 337M (63%), Immediate: 165M (31%), CSet: 172M (32%)
[3.161s][info][gc,ergo     ] GC(9) Pacer for Evacuation. Used CSet: 214M, Free: 375M, Non-Taxable: 38400K, Alloc Tax Rate: 1.4x
[3.161s][info][gc          ] GC(9) Pause Final Mark (unload classes) 0.595ms
[3.161s][info][gc,start    ] GC(9) Concurrent thread roots
[3.161s][info][gc,task     ] GC(9) Using 3 of 6 workers for Concurrent thread roots
[3.161s][info][gc          ] GC(9) Concurrent thread roots 0.214ms
[3.161s][info][gc,start    ] GC(9) Concurrent weak references
[3.161s][info][gc,task     ] GC(9) Using 3 of 6 workers for concurrent weak references
[3.161s][info][gc,ref      ] GC(9) Encountered references: Soft: 47, Weak: 146, Final: 0, Phantom: 3
[3.161s][info][gc,ref      ] GC(9) Discovered  references: Soft: 0, Weak: 51, Final: 0, Phantom: 2
[3.161s][info][gc,ref      ] GC(9) Enqueued    references: Soft: 0, Weak: 0, Final: 0, Phantom: 0
[3.161s][info][gc          ] GC(9) Concurrent weak references 0.185ms
[3.161s][info][gc,start    ] GC(9) Concurrent weak roots
[3.161s][info][gc,task     ] GC(9) Using 3 of 6 workers for concurrent weak root
[3.162s][info][gc          ] GC(9) Concurrent weak roots 0.417ms
[3.162s][info][gc,start    ] GC(9) Concurrent cleanup
[3.162s][info][gc          ] GC(9) Concurrent cleanup 768M->604M(1024M) 0.107ms
[3.162s][info][gc,ergo     ] GC(9) Free: 355M, Max: 512K regular, 100352K humongous, Frag: 73% external, 2% internal; Reserve: 52733K, Max: 512K
[3.162s][info][gc,start    ] GC(9) Concurrent class unloading
[3.162s][info][gc,task     ] GC(9) Using 3 of 6 workers for concurrent class unloading
[3.162s][info][gc          ] GC(9) Concurrent class unloading 0.674ms
[3.162s][info][gc,start    ] GC(9) Concurrent strong roots
[3.162s][info][gc,task     ] GC(9) Using 3 of 6 workers for concurrent strong root
[3.163s][info][gc          ] GC(9) Concurrent strong roots 0.179ms
[3.163s][info][gc,start    ] GC(9) Concurrent evacuation
[3.163s][info][gc,task     ] GC(9) Using 3 of 6 workers for concurrent evacuation
[3.184s][info][gc          ] GC(9) Concurrent evacuation 21.504ms
[3.185s][info][gc,start    ] GC(9) Pause Init Update Refs
[3.185s][info][gc,ergo     ] GC(9) Pacer for Update Refs. Used: 722M, Free: 280M, Non-Taxable: 28754K, Alloc Tax Rate: 3.1x
[3.185s][info][gc          ] GC(9) Pause Init Update Refs 0.025ms
[3.185s][info][gc,start    ] GC(9) Concurrent update references
[3.185s][info][gc,task     ] GC(9) Using 3 of 6 workers for concurrent reference update
[3.187s][info][gc          ] GC(9) Concurrent update references 1.956ms
[3.187s][info][gc,start    ] GC(9) Concurrent update thread roots
[3.187s][info][gc          ] GC(9) Concurrent update thread roots 0.255ms
[3.187s][info][gc,start    ] GC(9) Pause Final Update Refs
[3.187s][info][gc,task     ] GC(9) Using 6 of 6 workers for final reference update
[3.187s][info][gc          ] GC(9) Pause Final Update Refs 0.206ms
[3.187s][info][gc,start    ] GC(9) Concurrent cleanup
[3.187s][info][gc          ] GC(9) Concurrent cleanup 730M->519M(1024M) 0.070ms
[3.187s][info][gc,ergo     ] Free: 450M, Max: 512K regular, 104M humongous, Frag: 77% external, 42% internal; Reserve: 52736K, Max: 512K
[3.187s][info][gc,stats    ] 
[3.187s][info][gc,stats    ] All times are wall-clock times, except per-root-class counters, that are sum over
[3.187s][info][gc,stats    ] all workers. Dividing the <total> over the root stage time estimates parallelism.
[3.187s][info][gc,stats    ] 
[3.187s][info][gc,stats    ] Concurrent Reset                   2788 us
[3.187s][info][gc,stats    ] Pause Init Mark (G)                 442 us
[3.187s][info][gc,stats    ] Pause Init Mark (N)                 164 us
[3.188s][info][gc,stats    ]   Update Region States              120 us
[3.188s][info][gc,stats    ] Concurrent Mark Roots               252 us, parallelism: 0.73x
[3.188s][info][gc,stats    ]   CMR: <total>                      183 us
[3.188s][info][gc,stats    ]   CMR: Thread Roots                 125 us, workers (us):  40,  46,  39, ---, ---, ---, 
[3.188s][info][gc,stats    ]   CMR: VM Strong Roots                6 us, workers (us):   6,   0,   0, ---, ---, ---, 
[3.188s][info][gc,stats    ]   CMR: CLDG Roots                    52 us, workers (us):  52, ---, ---, ---, ---, ---, 
[3.188s][info][gc,stats    ] Concurrent Marking                 3091 us
[3.188s][info][gc,stats    ] Pause Final Mark (G)                835 us
[3.188s][info][gc,stats    ] Pause Final Mark (N)                599 us
[3.188s][info][gc,stats    ]   Finish Mark                       350 us
[3.188s][info][gc,stats    ]   Update Region States              105 us
[3.188s][info][gc,stats    ]   Choose Collection Set              92 us
[3.188s][info][gc,stats    ]   Rebuild Free Set                   17 us
[3.188s][info][gc,stats    ] Concurrent Thread Roots             225 us, parallelism: 0.46x
[3.188s][info][gc,stats    ]   CTR: <total>                      104 us
[3.188s][info][gc,stats    ]   CTR: Thread Roots                 104 us, workers (us):  53,  12,  40, ---, ---, ---, 
[3.188s][info][gc,stats    ] Concurrent Weak References          189 us, parallelism: 0.03x
[3.188s][info][gc,stats    ]   CWRF: <total>                       6 us
[3.188s][info][gc,stats    ]   CWRF: Weak References               6 us, workers (us):   6,   0,   0, ---, ---, ---, 
[3.188s][info][gc,stats    ] Concurrent Weak Roots               428 us
[3.188s][info][gc,stats    ]   Roots                             272 us, parallelism: 0.86x
[3.188s][info][gc,stats    ]     CWR: <total>                    233 us
[3.188s][info][gc,stats    ]     CWR: Code Cache Roots           193 us, workers (us): 109,  83,   0, ---, ---, ---, 
[3.188s][info][gc,stats    ]     CWR: VM Weak Roots               31 us, workers (us):  27,   4,   1, ---, ---, ---, 
[3.188s][info][gc,stats    ]     CWR: CLDG Roots                   9 us, workers (us): ---, ---,   9, ---, ---, ---, 
[3.188s][info][gc,stats    ]   Rendezvous                        137 us
[3.188s][info][gc,stats    ] Concurrent Cleanup                  111 us
[3.188s][info][gc,stats    ] Concurrent Class Unloading          685 us
[3.188s][info][gc,stats    ]   Unlink Stale                      335 us
[3.188s][info][gc,stats    ]     System Dictionary                 3 us
[3.188s][info][gc,stats    ]     Weak Class Links                  0 us
[3.188s][info][gc,stats    ]     Code Roots                      331 us
[3.188s][info][gc,stats    ]   Rendezvous                        156 us
[3.188s][info][gc,stats    ]   Purge Unlinked                    175 us
[3.188s][info][gc,stats    ]     Code Roots                      158 us
[3.188s][info][gc,stats    ]     CLDG                             17 us
[3.188s][info][gc,stats    ]     Exception Caches                  0 us
[3.188s][info][gc,stats    ] Concurrent Strong Roots             190 us, parallelism: 0.08x
[3.188s][info][gc,stats    ]   CSR: <total>                       15 us
[3.188s][info][gc,stats    ]   CSR: VM Strong Roots                2 us, workers (us):   1,   0,   0, ---, ---, ---, 
[3.188s][info][gc,stats    ]   CSR: CLDG Roots                    13 us, workers (us):  13, ---, ---, ---, ---, ---, 
[3.188s][info][gc,stats    ] Concurrent Evacuation             21542 us
[3.188s][info][gc,stats    ] Pause Init Update Refs (G)          573 us
[3.188s][info][gc,stats    ] Pause Init Update Refs (N)           28 us
[3.188s][info][gc,stats    ]   Manage GCLABs                       3 us
[3.188s][info][gc,stats    ] Concurrent Update Refs             1974 us
[3.188s][info][gc,stats    ] Concurrent Update Thread Roots      267 us
[3.188s][info][gc,stats    ] Pause Final Update Refs (G)         479 us
[3.188s][info][gc,stats    ] Pause Final Update Refs (N)         219 us
[3.188s][info][gc,stats    ]   Update Region States              147 us
[3.188s][info][gc,stats    ]   Trash Collection Set               22 us
[3.188s][info][gc,stats    ]   Rebuild Free Set                   15 us
[3.188s][info][gc,stats    ] Concurrent Cleanup                   76 us
[3.188s][info][gc,stats    ] 
[3.188s][info][gc,stats    ] Allocation pacing accrued:
[3.188s][info][gc,stats    ]       0 of   131 ms (  0.0%): <total>
[3.188s][info][gc,stats    ]       0 of   131 ms (  0.0%): <average total>
[3.188s][info][gc,stats    ] 
[3.188s][info][gc,metaspace] Metaspace: 6358K(6528K)->6358K(6528K) NonClass: 5811K(5888K)->5811K(5888K) Class: 546K(640K)->546K(640K)
[3.188s][info][gc,ergo     ] Pacer for Idle. Initial: 20971K, Alloc Tax Rate: 1.0x
[3.222s][info][gc          ] Trigger: Average GC time (95.07 ms) is above the time for average allocation rate (1670 MB/s) to deplete free headroom (152M) (margin of error = 1.87)
[3.222s][info][gc,ergo     ] Free headroom: 204M (free) - 52428K (spike) - 0B (penalties) = 152M
[3.222s][info][gc,ergo     ] Free: 203M, Max: 512K regular, 104M humongous, Frag: 49% external, 8% internal; Reserve: 52736K, Max: 512K
[3.222s][info][gc,start    ] GC(10) Concurrent reset
[3.222s][info][gc,task     ] GC(10) Using 3 of 6 workers for concurrent reset
[3.222s][info][gc,ergo     ] GC(10) Pacer for Reset. Non-Taxable: 1024M
[3.224s][info][gc          ] GC(10) Concurrent reset 2.431ms
[3.224s][info][gc,start    ] GC(10) Pause Init Mark (unload classes)
[3.224s][info][gc,task     ] GC(10) Using 6 of 6 workers for init marking
[3.224s][info][gc,ergo     ] GC(10) Pacer for Mark. Expected Live: 194M, Free: 188M, Non-Taxable: 19299K, Alloc Tax Rate: 1.3x
[3.224s][info][gc          ] GC(10) Pause Init Mark (unload classes) 0.119ms
[3.225s][info][gc,start    ] GC(10) Concurrent marking roots
[3.225s][info][gc,task     ] GC(10) Using 3 of 6 workers for concurrent marking roots
[3.225s][info][gc          ] GC(10) Concurrent marking roots 0.255ms
[3.225s][info][gc,start    ] GC(10) Concurrent marking (unload classes)
[3.225s][info][gc,task     ] GC(10) Using 3 of 6 workers for concurrent marking
[3.227s][info][gc          ] GC(10) Concurrent marking (unload classes) 2.498ms
[3.228s][info][gc,start    ] GC(10) Pause Final Mark (unload classes)
[3.228s][info][gc,task     ] GC(10) Using 6 of 6 workers for final marking
[3.228s][info][gc,ergo     ] GC(10) Adaptive CSet Selection. Target Free: 145M, Actual Free: 434M, Max CSet: 43690K, Min Garbage: 0B
[3.228s][info][gc,ergo     ] GC(10) Collectable Garbage: 374M (65%), Immediate: 203M (35%), CSet: 171M (29%)
[3.228s][info][gc,ergo     ] GC(10) Pacer for Evacuation. Used CSet: 213M, Free: 395M, Non-Taxable: 40478K, Alloc Tax Rate: 1.3x
[3.228s][info][gc          ] GC(10) Pause Final Mark (unload classes) 0.485ms
[3.228s][info][gc,start    ] GC(10) Concurrent thread roots
[3.228s][info][gc,task     ] GC(10) Using 3 of 6 workers for Concurrent thread roots
[3.228s][info][gc          ] GC(10) Concurrent thread roots 0.172ms
[3.228s][info][gc,start    ] GC(10) Concurrent weak references
[3.228s][info][gc,task     ] GC(10) Using 3 of 6 workers for concurrent weak references
[3.228s][info][gc,ref      ] GC(10) Encountered references: Soft: 47, Weak: 146, Final: 0, Phantom: 3
[3.228s][info][gc,ref      ] GC(10) Discovered  references: Soft: 0, Weak: 80, Final: 0, Phantom: 2
[3.228s][info][gc,ref      ] GC(10) Enqueued    references: Soft: 0, Weak: 0, Final: 0, Phantom: 0
[3.228s][info][gc          ] GC(10) Concurrent weak references 0.110ms
[3.228s][info][gc,start    ] GC(10) Concurrent weak roots
[3.228s][info][gc,task     ] GC(10) Using 3 of 6 workers for concurrent weak root
[3.229s][info][gc          ] GC(10) Concurrent weak roots 0.250ms
[3.229s][info][gc,start    ] GC(10) Concurrent cleanup
[3.229s][info][gc          ] GC(10) Concurrent cleanup 776M->573M(1024M) 0.050ms
[3.229s][info][gc,ergo     ] GC(10) Free: 387M, Max: 512K regular, 100352K humongous, Frag: 75% external, 1% internal; Reserve: 52736K, Max: 512K
[3.229s][info][gc,start    ] GC(10) Concurrent class unloading
[3.229s][info][gc,task     ] GC(10) Using 3 of 6 workers for concurrent class unloading
[3.229s][info][gc          ] GC(10) Concurrent class unloading 0.389ms
[3.229s][info][gc,start    ] GC(10) Concurrent strong roots
[3.229s][info][gc,task     ] GC(10) Using 3 of 6 workers for concurrent strong root
[3.229s][info][gc          ] GC(10) Concurrent strong roots 0.091ms
[3.229s][info][gc,start    ] GC(10) Concurrent evacuation
[3.229s][info][gc,task     ] GC(10) Using 3 of 6 workers for concurrent evacuation
[3.246s][info][gc          ] GC(10) Concurrent evacuation 16.437ms
[3.246s][info][gc,start    ] GC(10) Pause Init Update Refs
[3.246s][info][gc,ergo     ] GC(10) Pacer for Update Refs. Used: 705M, Free: 298M, Non-Taxable: 30521K, Alloc Tax Rate: 2.9x
[3.246s][info][gc          ] GC(10) Pause Init Update Refs 0.034ms
[3.246s][info][gc,start    ] GC(10) Concurrent update references
[3.246s][info][gc,task     ] GC(10) Using 3 of 6 workers for concurrent reference update
[3.249s][info][gc          ] GC(10) Concurrent update references 3.336ms
[3.250s][info][gc,start    ] GC(10) Concurrent update thread roots
[3.250s][info][gc          ] GC(10) Concurrent update thread roots 0.367ms
[3.250s][info][gc,start    ] GC(10) Pause Final Update Refs
[3.250s][info][gc,task     ] GC(10) Using 6 of 6 workers for final reference update
[3.250s][info][gc          ] GC(10) Pause Final Update Refs 0.144ms
[3.250s][info][gc,start    ] GC(10) Concurrent cleanup
[3.250s][info][gc          ] GC(10) Concurrent cleanup 732M->520M(1024M) 0.063ms
[3.250s][info][gc,ergo     ] Free: 451M, Max: 512K regular, 178M humongous, Frag: 60% external, 46% internal; Reserve: 52736K, Max: 512K
[3.250s][info][gc,stats    ] 
[3.250s][info][gc,stats    ] All times are wall-clock times, except per-root-class counters, that are sum over
[3.250s][info][gc,stats    ] all workers. Dividing the <total> over the root stage time estimates parallelism.
[3.250s][info][gc,stats    ] 
[3.250s][info][gc,stats    ] Concurrent Reset                   2501 us
[3.250s][info][gc,stats    ] Pause Init Mark (G)                 394 us
[3.250s][info][gc,stats    ] Pause Init Mark (N)                 124 us
[3.250s][info][gc,stats    ]   Update Region States               79 us
[3.250s][info][gc,stats    ] Concurrent Mark Roots               268 us, parallelism: 0.63x
[3.251s][info][gc,stats    ]   CMR: <total>                      169 us
[3.251s][info][gc,stats    ]   CMR: Thread Roots                 125 us, workers (us):  38,  40,  47, ---, ---, ---, 
[3.251s][info][gc,stats    ]   CMR: VM Strong Roots                6 us, workers (us):   6,   0,   0, ---, ---, ---, 
[3.251s][info][gc,stats    ]   CMR: CLDG Roots                    38 us, workers (us):  38, ---, ---, ---, ---, ---, 
[3.251s][info][gc,stats    ] Concurrent Marking                 2512 us
[3.251s][info][gc,stats    ] Pause Final Mark (G)                719 us
[3.251s][info][gc,stats    ] Pause Final Mark (N)                489 us
[3.251s][info][gc,stats    ]   Finish Mark                       295 us
[3.251s][info][gc,stats    ]   Update Region States               63 us
[3.251s][info][gc,stats    ]   Choose Collection Set              77 us
[3.251s][info][gc,stats    ]   Rebuild Free Set                   17 us
[3.251s][info][gc,stats    ] Concurrent Thread Roots             181 us, parallelism: 0.50x
[3.251s][info][gc,stats    ]   CTR: <total>                       90 us
[3.251s][info][gc,stats    ]   CTR: Thread Roots                  90 us, workers (us):  47,  36,   7, ---, ---, ---, 
[3.251s][info][gc,stats    ] Concurrent Weak References          113 us, parallelism: 0.03x
[3.251s][info][gc,stats    ]   CWRF: <total>                       4 us
[3.251s][info][gc,stats    ]   CWRF: Weak References               4 us, workers (us):   4,   0,   0, ---, ---, ---, 
[3.251s][info][gc,stats    ] Concurrent Weak Roots               259 us
[3.251s][info][gc,stats    ]   Roots                             152 us, parallelism: 0.87x
[3.251s][info][gc,stats    ]     CWR: <total>                    132 us
[3.251s][info][gc,stats    ]     CWR: Code Cache Roots           114 us, workers (us):  67,  47,   0, ---, ---, ---, 
[3.251s][info][gc,stats    ]     CWR: VM Weak Roots               16 us, workers (us):  15,   1,   1, ---, ---, ---, 
[3.251s][info][gc,stats    ]     CWR: CLDG Roots                   2 us, workers (us):   2, ---, ---, ---, ---, ---, 
[3.251s][info][gc,stats    ]   Rendezvous                         91 us
[3.251s][info][gc,stats    ] Concurrent Cleanup                   54 us
[3.251s][info][gc,stats    ] Concurrent Class Unloading          398 us
[3.251s][info][gc,stats    ]   Unlink Stale                      232 us
[3.251s][info][gc,stats    ]     System Dictionary                 3 us
[3.251s][info][gc,stats    ]     Weak Class Links                  0 us
[3.251s][info][gc,stats    ]     Code Roots                      228 us
[3.251s][info][gc,stats    ]   Rendezvous                         52 us
[3.251s][info][gc,stats    ]   Purge Unlinked                     98 us
[3.251s][info][gc,stats    ]     Code Roots                       84 us
[3.251s][info][gc,stats    ]     CLDG                             14 us
[3.251s][info][gc,stats    ]     Exception Caches                  0 us
[3.251s][info][gc,stats    ] Concurrent Strong Roots              99 us, parallelism: 0.12x
[3.251s][info][gc,stats    ]   CSR: <total>                       12 us
[3.251s][info][gc,stats    ]   CSR: VM Strong Roots                1 us, workers (us):   1,   0,   0, ---, ---, ---, 
[3.251s][info][gc,stats    ]   CSR: CLDG Roots                    10 us, workers (us):  10, ---, ---, ---, ---, ---, 
[3.251s][info][gc,stats    ] Concurrent Evacuation             16507 us
[3.251s][info][gc,stats    ] Pause Init Update Refs (G)          383 us
[3.251s][info][gc,stats    ] Pause Init Update Refs (N)           40 us
[3.251s][info][gc,stats    ]   Manage GCLABs                       7 us
[3.251s][info][gc,stats    ] Concurrent Update Refs             3406 us
[3.251s][info][gc,stats    ] Concurrent Update Thread Roots      383 us
[3.251s][info][gc,stats    ] Pause Final Update Refs (G)         438 us
[3.251s][info][gc,stats    ] Pause Final Update Refs (N)         153 us
[3.251s][info][gc,stats    ]   Update Region States               95 us
[3.251s][info][gc,stats    ]   Trash Collection Set                9 us
[3.251s][info][gc,stats    ]   Rebuild Free Set                   19 us
[3.251s][info][gc,stats    ] Concurrent Cleanup                   68 us
[3.251s][info][gc,stats    ] 
[3.251s][info][gc,stats    ] Allocation pacing accrued:
[3.251s][info][gc,stats    ]       0 of    63 ms (  0.0%): <total>
[3.251s][info][gc,stats    ]       0 of    63 ms (  0.0%): <average total>
[3.251s][info][gc,stats    ] 
[3.251s][info][gc,metaspace] Metaspace: 6358K(6528K)->6358K(6528K) NonClass: 5811K(5888K)->5811K(5888K) Class: 546K(640K)->546K(640K)
[3.251s][info][gc,ergo     ] Pacer for Idle. Initial: 20971K, Alloc Tax Rate: 1.0x
[3.274s][info][gc          ] Trigger: Average GC time (75.95 ms) is above the time for average allocation rate (1671 MB/s) to deplete free headroom (126M) (margin of error = 1.88)
[3.274s][info][gc,ergo     ] Free headroom: 177M (free) - 52428K (spike) - 0B (penalties) = 126M
[3.274s][info][gc,ergo     ] Free: 177M, Max: 512K regular, 177M humongous, Frag: 0% external, 3% internal; Reserve: 52736K, Max: 512K
[3.274s][info][gc,start    ] GC(11) Concurrent reset
[3.274s][info][gc,task     ] GC(11) Using 3 of 6 workers for concurrent reset
[3.274s][info][gc,ergo     ] GC(11) Pacer for Reset. Non-Taxable: 1024M
[3.276s][info][gc          ] GC(11) Concurrent reset 1.743ms
[3.276s][info][gc,start    ] GC(11) Pause Init Mark (unload classes)
[3.276s][info][gc,task     ] GC(11) Using 6 of 6 workers for init marking
[3.276s][info][gc,ergo     ] GC(11) Pacer for Mark. Expected Live: 195M, Free: 177M, Non-Taxable: 18154K, Alloc Tax Rate: 1.3x
[3.276s][info][gc          ] GC(11) Pause Init Mark (unload classes) 0.180ms
[3.276s][info][gc,start    ] GC(11) Concurrent marking roots
[3.276s][info][gc,task     ] GC(11) Using 3 of 6 workers for concurrent marking roots
[3.277s][info][gc          ] GC(11) Concurrent marking roots 0.235ms
[3.277s][info][gc,start    ] GC(11) Concurrent marking (unload classes)
[3.277s][info][gc,task     ] GC(11) Using 3 of 6 workers for concurrent marking
[3.279s][info][gc          ] GC(11) Concurrent marking (unload classes) 2.216ms
[3.279s][info][gc,start    ] GC(11) Pause Final Mark (unload classes)
[3.279s][info][gc,task     ] GC(11) Using 6 of 6 workers for final marking
[3.279s][info][gc,ergo     ] GC(11) Adaptive CSet Selection. Target Free: 145M, Actual Free: 432M, Max CSet: 43690K, Min Garbage: 0B
[3.279s][info][gc,ergo     ] GC(11) Collectable Garbage: 377M (64%), Immediate: 205M (35%), CSet: 172M (29%)
[3.279s][info][gc,ergo     ] GC(11) Pacer for Evacuation. Used CSet: 215M, Free: 392M, Non-Taxable: 40201K, Alloc Tax Rate: 1.3x
[3.279s][info][gc          ] GC(11) Pause Final Mark (unload classes) 0.571ms
[3.280s][info][gc,start    ] GC(11) Concurrent thread roots
[3.280s][info][gc,task     ] GC(11) Using 3 of 6 workers for Concurrent thread roots
[3.280s][info][gc          ] GC(11) Concurrent thread roots 0.210ms
[3.280s][info][gc,start    ] GC(11) Concurrent weak references
[3.280s][info][gc,task     ] GC(11) Using 3 of 6 workers for concurrent weak references
[3.280s][info][gc,ref      ] GC(11) Encountered references: Soft: 47, Weak: 146, Final: 0, Phantom: 3
[3.280s][info][gc,ref      ] GC(11) Discovered  references: Soft: 0, Weak: 53, Final: 0, Phantom: 2
[3.280s][info][gc,ref      ] GC(11) Enqueued    references: Soft: 0, Weak: 0, Final: 0, Phantom: 0
[3.280s][info][gc          ] GC(11) Concurrent weak references 0.113ms
[3.280s][info][gc,start    ] GC(11) Concurrent weak roots
[3.280s][info][gc,task     ] GC(11) Using 3 of 6 workers for concurrent weak root
[3.280s][info][gc          ] GC(11) Concurrent weak roots 0.298ms
[3.280s][info][gc,start    ] GC(11) Concurrent cleanup
[3.280s][info][gc          ] GC(11) Concurrent cleanup 782M->578M(1024M) 0.076ms
[3.280s][info][gc,ergo     ] GC(11) Free: 382M, Max: 512K regular, 192M humongous, Frag: 50% external, 0% internal; Reserve: 52733K, Max: 512K
[3.280s][info][gc,start    ] GC(11) Concurrent class unloading
[3.280s][info][gc,task     ] GC(11) Using 3 of 6 workers for concurrent class unloading
[3.281s][info][gc          ] GC(11) Concurrent class unloading 0.662ms
[3.281s][info][gc,start    ] GC(11) Concurrent strong roots
[3.281s][info][gc,task     ] GC(11) Using 3 of 6 workers for concurrent strong root
[3.281s][info][gc          ] GC(11) Concurrent strong roots 0.084ms
[3.281s][info][gc,start    ] GC(11) Concurrent evacuation
[3.281s][info][gc,task     ] GC(11) Using 3 of 6 workers for concurrent evacuation
[3.294s][info][gc          ] GC(11) Concurrent evacuation 12.601ms
[3.294s][info][gc,start    ] GC(11) Pause Init Update Refs
[3.294s][info][gc,ergo     ] GC(11) Pacer for Update Refs. Used: 680M, Free: 323M, Non-Taxable: 33161K, Alloc Tax Rate: 2.6x
[3.294s][info][gc          ] GC(11) Pause Init Update Refs 0.027ms
[3.294s][info][gc,start    ] GC(11) Concurrent update references
[3.294s][info][gc,task     ] GC(11) Using 3 of 6 workers for concurrent reference update
[3.297s][info][gc          ] GC(11) Concurrent update references 3.078ms
[3.297s][info][gc,start    ] GC(11) Concurrent update thread roots
[3.298s][info][gc          ] GC(11) Concurrent update thread roots 0.343ms
[3.298s][info][gc,start    ] GC(11) Pause Final Update Refs
[3.298s][info][gc,task     ] GC(11) Using 6 of 6 workers for final reference update
[3.298s][info][gc          ] GC(11) Pause Final Update Refs 0.267ms
[3.298s][info][gc,start    ] GC(11) Concurrent cleanup
[3.298s][info][gc          ] GC(11) Concurrent cleanup 711M->499M(1024M) 0.120ms
[3.298s][info][gc,ergo     ] Free: 472M, Max: 512K regular, 175M humongous, Frag: 63% external, 45% internal; Reserve: 52736K, Max: 512K
[3.298s][info][gc,stats    ] 
[3.298s][info][gc,stats    ] All times are wall-clock times, except per-root-class counters, that are sum over
[3.298s][info][gc,stats    ] all workers. Dividing the <total> over the root stage time estimates parallelism.
[3.298s][info][gc,stats    ] 
[3.298s][info][gc,stats    ] Concurrent Reset                   1777 us
[3.298s][info][gc,stats    ] Pause Init Mark (G)                 596 us
[3.298s][info][gc,stats    ] Pause Init Mark (N)                 185 us
[3.298s][info][gc,stats    ]   Update Region States              107 us
[3.298s][info][gc,stats    ] Concurrent Mark Roots               247 us, parallelism: 0.54x
[3.298s][info][gc,stats    ]   CMR: <total>                      134 us
[3.298s][info][gc,stats    ]   CMR: Thread Roots                  97 us, workers (us):  38,  27,  32, ---, ---, ---, 
[3.298s][info][gc,stats    ]   CMR: VM Strong Roots                4 us, workers (us):   3,   0,   0, ---, ---, ---, 
[3.298s][info][gc,stats    ]   CMR: CLDG Roots                    34 us, workers (us):  34, ---, ---, ---, ---, ---, 
[3.298s][info][gc,stats    ] Concurrent Marking                 2228 us
[3.298s][info][gc,stats    ] Pause Final Mark (G)                833 us
[3.298s][info][gc,stats    ] Pause Final Mark (N)                575 us
[3.298s][info][gc,stats    ]   Finish Mark                       284 us
[3.298s][info][gc,stats    ]   Update Region States              162 us
[3.298s][info][gc,stats    ]   Choose Collection Set              81 us
[3.298s][info][gc,stats    ]   Rebuild Free Set                   18 us
[3.298s][info][gc,stats    ] Concurrent Thread Roots             222 us, parallelism: 0.38x
[3.298s][info][gc,stats    ]   CTR: <total>                       84 us
[3.298s][info][gc,stats    ]   CTR: Thread Roots                  84 us, workers (us):  42,  35,   6, ---, ---, ---, 
[3.298s][info][gc,stats    ] Concurrent Weak References          116 us, parallelism: 0.03x
[3.299s][info][gc,stats    ]   CWRF: <total>                       3 us
[3.299s][info][gc,stats    ]   CWRF: Weak References               3 us, workers (us):   3,   0,   0, ---, ---, ---, 
[3.299s][info][gc,stats    ] Concurrent Weak Roots               307 us
[3.299s][info][gc,stats    ]   Roots                             194 us, parallelism: 0.80x
[3.299s][info][gc,stats    ]     CWR: <total>                    155 us
[3.299s][info][gc,stats    ]     CWR: Code Cache Roots           134 us, workers (us):  77,  57,   0, ---, ---, ---, 
[3.299s][info][gc,stats    ]     CWR: VM Weak Roots               20 us, workers (us):  18,   1,   1, ---, ---, ---, 
[3.299s][info][gc,stats    ]     CWR: CLDG Roots                   2 us, workers (us):   2, ---, ---, ---, ---, ---, 
[3.299s][info][gc,stats    ]   Rendezvous                         97 us
[3.299s][info][gc,stats    ] Concurrent Cleanup                   86 us
[3.299s][info][gc,stats    ] Concurrent Class Unloading          693 us
[3.299s][info][gc,stats    ]   Unlink Stale                      467 us
[3.299s][info][gc,stats    ]     System Dictionary                 4 us
[3.299s][info][gc,stats    ]     Weak Class Links                  0 us
[3.299s][info][gc,stats    ]     Code Roots                      462 us
[3.299s][info][gc,stats    ]   Rendezvous                         88 us
[3.299s][info][gc,stats    ]   Purge Unlinked                    100 us
[3.299s][info][gc,stats    ]     Code Roots                       84 us
[3.299s][info][gc,stats    ]     CLDG                             15 us
[3.299s][info][gc,stats    ]     Exception Caches                  0 us
[3.299s][info][gc,stats    ] Concurrent Strong Roots              93 us, parallelism: 0.23x
[3.299s][info][gc,stats    ]   CSR: <total>                       21 us
[3.299s][info][gc,stats    ]   CSR: VM Strong Roots                2 us, workers (us):   2,   0,   0, ---, ---, ---, 
[3.299s][info][gc,stats    ]   CSR: CLDG Roots                    19 us, workers (us):  19, ---, ---, ---, ---, ---, 
[3.299s][info][gc,stats    ] Concurrent Evacuation             12701 us
[3.299s][info][gc,stats    ] Pause Init Update Refs (G)          360 us
[3.299s][info][gc,stats    ] Pause Init Update Refs (N)           31 us
[3.299s][info][gc,stats    ]   Manage GCLABs                       4 us
[3.299s][info][gc,stats    ] Concurrent Update Refs             3149 us
[3.299s][info][gc,stats    ] Concurrent Update Thread Roots      360 us
[3.299s][info][gc,stats    ] Pause Final Update Refs (G)         530 us
[3.299s][info][gc,stats    ] Pause Final Update Refs (N)         278 us
[3.299s][info][gc,stats    ]   Update Region States              222 us
[3.299s][info][gc,stats    ]   Trash Collection Set                7 us
[3.299s][info][gc,stats    ]   Rebuild Free Set                   17 us
[3.299s][info][gc,stats    ] Concurrent Cleanup                  130 us
[3.299s][info][gc,stats    ] 
[3.299s][info][gc,stats    ] Allocation pacing accrued:
[3.299s][info][gc,stats    ]       0 of    48 ms (  0.0%): <total>
[3.299s][info][gc,stats    ]       0 of    48 ms (  0.0%): <average total>
[3.299s][info][gc,stats    ] 
[3.299s][info][gc,metaspace] Metaspace: 6358K(6528K)->6358K(6528K) NonClass: 5811K(5888K)->5811K(5888K) Class: 546K(640K)->546K(640K)
[3.299s][info][gc,ergo     ] Pacer for Idle. Initial: 20971K, Alloc Tax Rate: 1.0x
[3.375s][info][gc          ] Trigger: Average GC time (60.95 ms) is above the time for average allocation rate (3081 MB/s) to deplete free headroom (101M) (margin of error = 1.89)
[3.375s][info][gc,ergo     ] Free headroom: 153M (free) - 52428K (spike) - 0B (penalties) = 101M
[3.375s][info][gc,ergo     ] Free: 153M, Max: 512K regular, 152M humongous, Frag: 0% external, 3% internal; Reserve: 52736K, Max: 512K
[3.375s][info][gc,start    ] GC(12) Concurrent reset
[3.375s][info][gc,task     ] GC(12) Using 3 of 6 workers for concurrent reset
[3.375s][info][gc,ergo     ] GC(12) Pacer for Reset. Non-Taxable: 1024M
[3.377s][info][gc          ] GC(12) Concurrent reset 1.591ms
[3.377s][info][gc,start    ] GC(12) Pause Init Mark (unload classes)
[3.377s][info][gc,task     ] GC(12) Using 6 of 6 workers for init marking
[3.377s][info][gc,ergo     ] GC(12) Pacer for Mark. Expected Live: 195M, Free: 152M, Non-Taxable: 15621K, Alloc Tax Rate: 1.6x
[3.377s][info][gc          ] GC(12) Pause Init Mark (unload classes) 0.143ms
[3.377s][info][gc,start    ] GC(12) Concurrent marking roots
[3.377s][info][gc,task     ] GC(12) Using 3 of 6 workers for concurrent marking roots
[3.377s][info][gc          ] GC(12) Concurrent marking roots 0.213ms
[3.377s][info][gc,start    ] GC(12) Concurrent marking (unload classes)
[3.377s][info][gc,task     ] GC(12) Using 3 of 6 workers for concurrent marking
[3.380s][info][gc          ] GC(12) Concurrent marking (unload classes) 2.119ms
[3.380s][info][gc,start    ] GC(12) Pause Final Mark (unload classes)
[3.380s][info][gc,task     ] GC(12) Using 6 of 6 workers for final marking
[3.380s][info][gc,ergo     ] GC(12) Adaptive CSet Selection. Target Free: 145M, Actual Free: 416M, Max CSet: 43690K, Min Garbage: 0B
[3.380s][info][gc,ergo     ] GC(12) Collectable Garbage: 385M (63%), Immediate: 214M (35%), CSet: 171M (28%)
[3.380s][info][gc,ergo     ] GC(12) Pacer for Evacuation. Used CSet: 213M, Free: 378M, Non-Taxable: 38707K, Alloc Tax Rate: 1.4x
[3.380s][info][gc          ] GC(12) Pause Final Mark (unload classes) 0.559ms
[3.380s][info][gc,start    ] GC(12) Concurrent thread roots
[3.380s][info][gc,task     ] GC(12) Using 3 of 6 workers for Concurrent thread roots
[3.381s][info][gc          ] GC(12) Concurrent thread roots 0.204ms
[3.381s][info][gc,start    ] GC(12) Concurrent weak references
[3.381s][info][gc,task     ] GC(12) Using 3 of 6 workers for concurrent weak references
[3.381s][info][gc,ref      ] GC(12) Encountered references: Soft: 47, Weak: 146, Final: 0, Phantom: 3
[3.381s][info][gc,ref      ] GC(12) Discovered  references: Soft: 0, Weak: 48, Final: 0, Phantom: 2
[3.381s][info][gc,ref      ] GC(12) Enqueued    references: Soft: 0, Weak: 0, Final: 0, Phantom: 0
[3.381s][info][gc          ] GC(12) Concurrent weak references 0.111ms
[3.381s][info][gc,start    ] GC(12) Concurrent weak roots
[3.381s][info][gc,task     ] GC(12) Using 3 of 6 workers for concurrent weak root
[3.381s][info][gc          ] GC(12) Concurrent weak roots 0.544ms
[3.381s][info][gc,start    ] GC(12) Concurrent cleanup
[3.381s][info][gc          ] GC(12) Concurrent cleanup 804M->590M(1024M) 0.049ms
[3.381s][info][gc,ergo     ] GC(12) Free: 369M, Max: 512K regular, 171M humongous, Frag: 54% external, 1% internal; Reserve: 52736K, Max: 512K
[3.381s][info][gc,start    ] GC(12) Concurrent class unloading
[3.381s][info][gc,task     ] GC(12) Using 3 of 6 workers for concurrent class unloading
[3.382s][info][gc          ] GC(12) Concurrent class unloading 0.517ms
[3.382s][info][gc,start    ] GC(12) Concurrent strong roots
[3.382s][info][gc,task     ] GC(12) Using 3 of 6 workers for concurrent strong root
[3.382s][info][gc          ] GC(12) Concurrent strong roots 0.130ms
[3.382s][info][gc,start    ] GC(12) Concurrent evacuation
[3.382s][info][gc,task     ] GC(12) Using 3 of 6 workers for concurrent evacuation
[3.394s][info][gc          ] GC(12) Concurrent evacuation 12.433ms
[3.395s][info][gc,start    ] GC(12) Pause Init Update Refs
[3.395s][info][gc,ergo     ] GC(12) Pacer for Update Refs. Used: 691M, Free: 312M, Non-Taxable: 31973K, Alloc Tax Rate: 2.7x
[3.395s][info][gc          ] GC(12) Pause Init Update Refs 0.025ms
[3.395s][info][gc,start    ] GC(12) Concurrent update references
[3.395s][info][gc,task     ] GC(12) Using 3 of 6 workers for concurrent reference update
[3.398s][info][gc          ] GC(12) Concurrent update references 3.187ms
[3.398s][info][gc,start    ] GC(12) Concurrent update thread roots
[3.398s][info][gc          ] GC(12) Concurrent update thread roots 0.339ms
[3.399s][info][gc,start    ] GC(12) Pause Final Update Refs
[3.399s][info][gc,task     ] GC(12) Using 6 of 6 workers for final reference update
[3.399s][info][gc          ] GC(12) Pause Final Update Refs 0.261ms
[3.399s][info][gc,start    ] GC(12) Concurrent cleanup
[3.399s][info][gc          ] GC(12) Concurrent cleanup 721M->510M(1024M) 0.064ms
[3.399s][info][gc,ergo     ] Free: 460M, Max: 512K regular, 155M humongous, Frag: 66% external, 43% internal; Reserve: 52736K, Max: 512K
[3.399s][info][gc,stats    ] 
[3.399s][info][gc,stats    ] All times are wall-clock times, except per-root-class counters, that are sum over
[3.399s][info][gc,stats    ] all workers. Dividing the <total> over the root stage time estimates parallelism.
[3.399s][info][gc,stats    ] 
[3.399s][info][gc,stats    ] Concurrent Reset                   1626 us
[3.399s][info][gc,stats    ] Pause Init Mark (G)                 556 us
[3.399s][info][gc,stats    ] Pause Init Mark (N)                 148 us
[3.399s][info][gc,stats    ]   Update Region States              107 us
[3.399s][info][gc,stats    ] Concurrent Mark Roots               224 us, parallelism: 0.57x
[3.399s][info][gc,stats    ]   CMR: <total>                      128 us
[3.399s][info][gc,stats    ]   CMR: Thread Roots                  95 us, workers (us):  37,  26,  31, ---, ---, ---, 
[3.399s][info][gc,stats    ]   CMR: VM Strong Roots                3 us, workers (us):   3,   0,   0, ---, ---, ---, 
[3.399s][info][gc,stats    ]   CMR: CLDG Roots                    30 us, workers (us):  30, ---, ---, ---, ---, ---, 
[3.399s][info][gc,stats    ] Concurrent Marking                 2130 us
[3.399s][info][gc,stats    ] Pause Final Mark (G)                788 us
[3.399s][info][gc,stats    ] Pause Final Mark (N)                562 us
[3.399s][info][gc,stats    ]   Finish Mark                       295 us
[3.399s][info][gc,stats    ]   Update Region States              144 us
[3.399s][info][gc,stats    ]   Choose Collection Set              78 us
[3.399s][info][gc,stats    ]   Rebuild Free Set                   18 us
[3.399s][info][gc,stats    ] Concurrent Thread Roots             216 us, parallelism: 0.37x
[3.399s][info][gc,stats    ]   CTR: <total>                       79 us
[3.399s][info][gc,stats    ]   CTR: Thread Roots                  79 us, workers (us):  40,  33,   5, ---, ---, ---, 
[3.399s][info][gc,stats    ] Concurrent Weak References          114 us, parallelism: 0.02x
[3.399s][info][gc,stats    ]   CWRF: <total>                       3 us
[3.399s][info][gc,stats    ]   CWRF: Weak References               3 us, workers (us):   2,   0,   0, ---, ---, ---, 
[3.399s][info][gc,stats    ] Concurrent Weak Roots               552 us
[3.399s][info][gc,stats    ]   Roots                             180 us, parallelism: 0.79x
[3.399s][info][gc,stats    ]     CWR: <total>                    143 us
[3.399s][info][gc,stats    ]     CWR: Code Cache Roots           125 us, workers (us):  72,  53,   0, ---, ---, ---, 
[3.399s][info][gc,stats    ]     CWR: VM Weak Roots               16 us, workers (us):  15,   1,   0, ---, ---, ---, 
[3.399s][info][gc,stats    ]     CWR: CLDG Roots                   2 us, workers (us):   2, ---, ---, ---, ---, ---, 
[3.399s][info][gc,stats    ]   Rendezvous                        357 us
[3.399s][info][gc,stats    ] Concurrent Cleanup                   53 us
[3.399s][info][gc,stats    ] Concurrent Class Unloading          528 us
[3.399s][info][gc,stats    ]   Unlink Stale                      301 us
[3.399s][info][gc,stats    ]     System Dictionary                 3 us
[3.399s][info][gc,stats    ]     Weak Class Links                  0 us
[3.399s][info][gc,stats    ]     Code Roots                      298 us
[3.399s][info][gc,stats    ]   Rendezvous                         87 us
[3.399s][info][gc,stats    ]   Purge Unlinked                    122 us
[3.399s][info][gc,stats    ]     Code Roots                      107 us
[3.399s][info][gc,stats    ]     CLDG                             14 us
[3.399s][info][gc,stats    ]     Exception Caches                  0 us
[3.399s][info][gc,stats    ] Concurrent Strong Roots             140 us, parallelism: 0.17x
[3.399s][info][gc,stats    ]   CSR: <total>                       23 us
[3.399s][info][gc,stats    ]   CSR: VM Strong Roots                2 us, workers (us):   2,   0,   0, ---, ---, ---, 
[3.399s][info][gc,stats    ]   CSR: CLDG Roots                    22 us, workers (us):  22, ---, ---, ---, ---, ---, 
[3.399s][info][gc,stats    ] Concurrent Evacuation             12504 us
[3.399s][info][gc,stats    ] Pause Init Update Refs (G)          359 us
[3.399s][info][gc,stats    ] Pause Init Update Refs (N)           29 us
[3.399s][info][gc,stats    ]   Manage GCLABs                       4 us
[3.399s][info][gc,stats    ] Concurrent Update Refs             3255 us
[3.399s][info][gc,stats    ] Concurrent Update Thread Roots      355 us
[3.399s][info][gc,stats    ] Pause Final Update Refs (G)         558 us
[3.399s][info][gc,stats    ] Pause Final Update Refs (N)         272 us
[3.399s][info][gc,stats    ]   Update Region States              215 us
[3.399s][info][gc,stats    ]   Trash Collection Set                8 us
[3.399s][info][gc,stats    ]   Rebuild Free Set                   17 us
[3.399s][info][gc,stats    ] Concurrent Cleanup                   69 us
[3.399s][info][gc,stats    ] Pacing                             9836 us
[3.399s][info][gc,stats    ] 
[3.399s][info][gc,stats    ] Allocation pacing accrued:
[3.399s][info][gc,stats    ]      10 of   101 ms (  9.8%): main
[3.399s][info][gc,stats    ]      10 of   101 ms (  9.8%): <total>
[3.399s][info][gc,stats    ]       1 of   101 ms (  0.8%): <average total>
[3.399s][info][gc,stats    ]      10 of   101 ms (  9.8%): <average non-zero>
[3.399s][info][gc,stats    ] 
[3.399s][info][gc,metaspace] Metaspace: 6358K(6528K)->6358K(6528K) NonClass: 5811K(5888K)->5811K(5888K) Class: 546K(640K)->546K(640K)
[3.399s][info][gc,ergo     ] Pacer for Idle. Initial: 20971K, Alloc Tax Rate: 1.0x
[3.420s][info][gc          ] Trigger: Average GC time (49.81 ms) is above the time for average allocation rate (3082 MB/s) to deplete free headroom (144M) (margin of error = 1.90)
[3.420s][info][gc,ergo     ] Free headroom: 196M (free) - 52428K (spike) - 0B (penalties) = 144M
[3.420s][info][gc,ergo     ] Free: 195M, Max: 512K regular, 155M humongous, Frag: 20% external, 25% internal; Reserve: 52736K, Max: 512K
[3.420s][info][gc,start    ] GC(13) Concurrent reset
[3.420s][info][gc,task     ] GC(13) Using 3 of 6 workers for concurrent reset
[3.420s][info][gc,ergo     ] GC(13) Pacer for Reset. Non-Taxable: 1024M
[3.423s][info][gc          ] GC(13) Concurrent reset 3.275ms
[3.424s][info][gc,start    ] GC(13) Pause Init Mark (unload classes)
[3.424s][info][gc,task     ] GC(13) Using 6 of 6 workers for init marking
[3.424s][info][gc,ergo     ] GC(13) Pacer for Mark. Expected Live: 196M, Free: 183M, Non-Taxable: 18794K, Alloc Tax Rate: 1.3x
[3.424s][info][gc          ] GC(13) Pause Init Mark (unload classes) 0.287ms
[3.424s][info][gc,start    ] GC(13) Concurrent marking roots
[3.424s][info][gc,task     ] GC(13) Using 3 of 6 workers for concurrent marking roots
[3.425s][info][gc          ] GC(13) Concurrent marking roots 0.378ms
[3.425s][info][gc,start    ] GC(13) Concurrent marking (unload classes)
[3.425s][info][gc,task     ] GC(13) Using 3 of 6 workers for concurrent marking
[3.428s][info][gc          ] GC(13) Concurrent marking (unload classes) 2.975ms
[3.428s][info][gc,start    ] GC(13) Pause Final Mark (unload classes)
[3.428s][info][gc,task     ] GC(13) Using 6 of 6 workers for final marking
[3.428s][info][gc,ergo     ] GC(13) Adaptive CSet Selection. Target Free: 145M, Actual Free: 407M, Max CSet: 43690K, Min Garbage: 0B
[3.429s][info][gc,ergo     ] GC(13) Collectable Garbage: 372M (64%), Immediate: 200M (34%), CSet: 172M (29%)
[3.429s][info][gc,ergo     ] GC(13) Pacer for Evacuation. Used CSet: 214M, Free: 369M, Non-Taxable: 37847K, Alloc Tax Rate: 1.4x
[3.429s][info][gc          ] GC(13) Pause Final Mark (unload classes) 0.730ms
[3.429s][info][gc,start    ] GC(13) Concurrent thread roots
[3.429s][info][gc,task     ] GC(13) Using 3 of 6 workers for Concurrent thread roots
[3.429s][info][gc          ] GC(13) Concurrent thread roots 0.267ms
[3.429s][info][gc,start    ] GC(13) Concurrent weak references
[3.429s][info][gc,task     ] GC(13) Using 3 of 6 workers for concurrent weak references
[3.429s][info][gc,ref      ] GC(13) Encountered references: Soft: 47, Weak: 146, Final: 0, Phantom: 3
[3.429s][info][gc,ref      ] GC(13) Discovered  references: Soft: 0, Weak: 50, Final: 0, Phantom: 2
[3.429s][info][gc,ref      ] GC(13) Enqueued    references: Soft: 0, Weak: 0, Final: 0, Phantom: 0
[3.429s][info][gc          ] GC(13) Concurrent weak references 0.209ms
[3.429s][info][gc,start    ] GC(13) Concurrent weak roots
[3.429s][info][gc,task     ] GC(13) Using 3 of 6 workers for concurrent weak root
[3.430s][info][gc          ] GC(13) Concurrent weak roots 0.430ms
[3.430s][info][gc,start    ] GC(13) Concurrent cleanup
[3.430s][info][gc          ] GC(13) Concurrent cleanup 800M->599M(1024M) 0.046ms
[3.430s][info][gc,ergo     ] GC(13) Free: 360M, Max: 512K regular, 169M humongous, Frag: 53% external, 0% internal; Reserve: 52733K, Max: 512K
[3.430s][info][gc,start    ] GC(13) Concurrent class unloading
[3.430s][info][gc,task     ] GC(13) Using 3 of 6 workers for concurrent class unloading
[3.431s][info][gc          ] GC(13) Concurrent class unloading 0.884ms
[3.431s][info][gc,start    ] GC(13) Concurrent strong roots
[3.431s][info][gc,task     ] GC(13) Using 3 of 6 workers for concurrent strong root
[3.431s][info][gc          ] GC(13) Concurrent strong roots 0.106ms
[3.431s][info][gc,start    ] GC(13) Concurrent evacuation
[3.431s][info][gc,task     ] GC(13) Using 3 of 6 workers for concurrent evacuation
[3.443s][info][gc          ] GC(13) Concurrent evacuation 12.505ms
[3.444s][info][gc,start    ] GC(13) Pause Init Update Refs
[3.444s][info][gc,ergo     ] GC(13) Pacer for Update Refs. Used: 707M, Free: 296M, Non-Taxable: 30342K, Alloc Tax Rate: 2.9x
[3.444s][info][gc          ] GC(13) Pause Init Update Refs 0.027ms
[3.444s][info][gc,start    ] GC(13) Concurrent update references
[3.444s][info][gc,task     ] GC(13) Using 3 of 6 workers for concurrent reference update
[3.447s][info][gc          ] GC(13) Concurrent update references 3.249ms
[3.447s][info][gc,start    ] GC(13) Concurrent update thread roots
[3.447s][info][gc          ] GC(13) Concurrent update thread roots 0.350ms
[3.447s][info][gc,start    ] GC(13) Pause Final Update Refs
[3.447s][info][gc,task     ] GC(13) Using 6 of 6 workers for final reference update
[3.448s][info][gc          ] GC(13) Pause Final Update Refs 0.307ms
[3.448s][info][gc,start    ] GC(13) Concurrent cleanup
[3.448s][info][gc          ] GC(13) Concurrent cleanup 738M->526M(1024M) 0.063ms
[3.448s][info][gc,ergo     ] Free: 445M, Max: 512K regular, 153M humongous, Frag: 65% external, 48% internal; Reserve: 52736K, Max: 512K
[3.448s][info][gc,stats    ] 
[3.448s][info][gc,stats    ] All times are wall-clock times, except per-root-class counters, that are sum over
[3.448s][info][gc,stats    ] all workers. Dividing the <total> over the root stage time estimates parallelism.
[3.448s][info][gc,stats    ] 
[3.448s][info][gc,stats    ] Concurrent Reset                   3372 us
[3.448s][info][gc,stats    ] Pause Init Mark (G)                 686 us
[3.448s][info][gc,stats    ] Pause Init Mark (N)                 314 us
[3.448s][info][gc,stats    ]   Update Region States              223 us
[3.448s][info][gc,stats    ] Concurrent Mark Roots               391 us, parallelism: 0.93x
[3.448s][info][gc,stats    ]   CMR: <total>                      364 us
[3.448s][info][gc,stats    ]   CMR: Thread Roots                 222 us, workers (us):  97, 125,   0, ---, ---, ---, 
[3.448s][info][gc,stats    ]   CMR: VM Strong Roots               12 us, workers (us):   7,   4,   1, ---, ---, ---, 
[3.448s][info][gc,stats    ]   CMR: CLDG Roots                   131 us, workers (us): ---, ---, 131, ---, ---, ---, 
[3.448s][info][gc,stats    ] Concurrent Marking                 3042 us
[3.448s][info][gc,stats    ] Pause Final Mark (G)                970 us
[3.448s][info][gc,stats    ] Pause Final Mark (N)                734 us
[3.448s][info][gc,stats    ]   Finish Mark                       389 us
[3.448s][info][gc,stats    ]   Update Region States              146 us
[3.448s][info][gc,stats    ]   Choose Collection Set             145 us
[3.448s][info][gc,stats    ]   Rebuild Free Set                   16 us
[3.448s][info][gc,stats    ] Concurrent Thread Roots             277 us, parallelism: 0.67x
[3.448s][info][gc,stats    ]   CTR: <total>                      186 us
[3.448s][info][gc,stats    ]   CTR: Thread Roots                 186 us, workers (us):  45,  47,  94, ---, ---, ---, 
[3.448s][info][gc,stats    ] Concurrent Weak References          212 us, parallelism: 0.03x
[3.448s][info][gc,stats    ]   CWRF: <total>                       6 us
[3.448s][info][gc,stats    ]   CWRF: Weak References               6 us, workers (us):   6,   0,   0, ---, ---, ---, 
[3.448s][info][gc,stats    ] Concurrent Weak Roots               448 us
[3.448s][info][gc,stats    ]   Roots                             271 us, parallelism: 0.80x
[3.448s][info][gc,stats    ]     CWR: <total>                    217 us
[3.448s][info][gc,stats    ]     CWR: Code Cache Roots           189 us, workers (us): 102,  87,   0, ---, ---, ---, 
[3.448s][info][gc,stats    ]     CWR: VM Weak Roots               22 us, workers (us):  13,   5,   4, ---, ---, ---, 
[3.448s][info][gc,stats    ]     CWR: CLDG Roots                   6 us, workers (us): ---, ---,   6, ---, ---, ---, 
[3.448s][info][gc,stats    ]   Rendezvous                        152 us
[3.448s][info][gc,stats    ] Concurrent Cleanup                   51 us
[3.448s][info][gc,stats    ] Concurrent Class Unloading          919 us
[3.448s][info][gc,stats    ]   Unlink Stale                      550 us
[3.448s][info][gc,stats    ]     System Dictionary                 2 us
[3.448s][info][gc,stats    ]     Weak Class Links                  0 us
[3.448s][info][gc,stats    ]     Code Roots                      547 us
[3.448s][info][gc,stats    ]   Rendezvous                        140 us
[3.448s][info][gc,stats    ]   Purge Unlinked                    185 us
[3.448s][info][gc,stats    ]     Code Roots                      154 us
[3.448s][info][gc,stats    ]     CLDG                             31 us
[3.448s][info][gc,stats    ]     Exception Caches                  0 us
[3.448s][info][gc,stats    ] Concurrent Strong Roots             116 us, parallelism: 0.27x
[3.448s][info][gc,stats    ]   CSR: <total>                       31 us
[3.448s][info][gc,stats    ]   CSR: VM Strong Roots                3 us, workers (us):   3,   0,   0, ---, ---, ---, 
[3.448s][info][gc,stats    ]   CSR: CLDG Roots                    28 us, workers (us):  28, ---, ---, ---, ---, ---, 
[3.448s][info][gc,stats    ] Concurrent Evacuation             12574 us
[3.448s][info][gc,stats    ] Pause Init Update Refs (G)          387 us
[3.448s][info][gc,stats    ] Pause Init Update Refs (N)           30 us
[3.448s][info][gc,stats    ]   Manage GCLABs                       3 us
[3.448s][info][gc,stats    ] Concurrent Update Refs             3317 us
[3.448s][info][gc,stats    ] Concurrent Update Thread Roots      367 us
[3.448s][info][gc,stats    ] Pause Final Update Refs (G)         483 us
[3.448s][info][gc,stats    ] Pause Final Update Refs (N)         319 us
[3.448s][info][gc,stats    ]   Update Region States              260 us
[3.448s][info][gc,stats    ]   Trash Collection Set                8 us
[3.448s][info][gc,stats    ]   Rebuild Free Set                   17 us
[3.448s][info][gc,stats    ] Concurrent Cleanup                   69 us
[3.448s][info][gc,stats    ] Pacing                              691 us
[3.448s][info][gc,stats    ] 
[3.448s][info][gc,stats    ] Allocation pacing accrued:
[3.448s][info][gc,stats    ]       1 of    49 ms (  1.4%): main
[3.448s][info][gc,stats    ]       1 of    49 ms (  1.4%): <total>
[3.448s][info][gc,stats    ]       0 of    49 ms (  0.1%): <average total>
[3.448s][info][gc,stats    ]       1 of    49 ms (  1.4%): <average non-zero>
[3.448s][info][gc,stats    ] 
[3.448s][info][gc,metaspace] Metaspace: 6358K(6528K)->6358K(6528K) NonClass: 5811K(5888K)->5811K(5888K) Class: 546K(640K)->546K(640K)
[3.448s][info][gc,ergo     ] Pacer for Idle. Initial: 20971K, Alloc Tax Rate: 1.0x
[3.467s][info][gc          ] Trigger: Average GC time (43.48 ms) is above the time for average allocation rate (3083 MB/s) to deplete free headroom (118M) (margin of error = 1.91)
[3.467s][info][gc,ergo     ] Free headroom: 169M (free) - 52428K (spike) - 0B (penalties) = 118M
[3.468s][info][gc,ergo     ] Free: 169M, Max: 512K regular, 153M humongous, Frag: 10% external, 6% internal; Reserve: 52736K, Max: 512K
[3.468s][info][gc,start    ] GC(14) Concurrent reset
[3.468s][info][gc,task     ] GC(14) Using 3 of 6 workers for concurrent reset
[3.468s][info][gc,ergo     ] GC(14) Pacer for Reset. Non-Taxable: 1024M
[3.471s][info][gc          ] GC(14) Concurrent reset 3.695ms
[3.472s][info][gc,start    ] GC(14) Pause Init Mark (unload classes)
[3.472s][info][gc,task     ] GC(14) Using 6 of 6 workers for init marking
[3.472s][info][gc,ergo     ] GC(14) Pacer for Mark. Expected Live: 196M, Free: 156M, Non-Taxable: 16074K, Alloc Tax Rate: 1.5x
[3.472s][info][gc          ] GC(14) Pause Init Mark (unload classes) 0.275ms
[3.472s][info][gc,start    ] GC(14) Concurrent marking roots
[3.472s][info][gc,task     ] GC(14) Using 3 of 6 workers for concurrent marking roots
[3.472s][info][gc          ] GC(14) Concurrent marking roots 0.352ms
[3.472s][info][gc,start    ] GC(14) Concurrent marking (unload classes)
[3.472s][info][gc,task     ] GC(14) Using 3 of 6 workers for concurrent marking
[3.474s][info][gc          ] GC(14) Concurrent marking (unload classes) 1.996ms
[3.474s][info][gc,start    ] GC(14) Pause Final Mark (unload classes)
[3.474s][info][gc,task     ] GC(14) Using 6 of 6 workers for final marking
[3.475s][info][gc,ergo     ] GC(14) Adaptive CSet Selection. Target Free: 145M, Actual Free: 417M, Max CSet: 43690K, Min Garbage: 0B
[3.475s][info][gc,ergo     ] GC(14) Collectable Garbage: 385M (63%), Immediate: 213M (35%), CSet: 172M (28%)
[3.475s][info][gc,ergo     ] GC(14) Pacer for Evacuation. Used CSet: 214M, Free: 378M, Non-Taxable: 38762K, Alloc Tax Rate: 1.4x
[3.475s][info][gc          ] GC(14) Pause Final Mark (unload classes) 0.502ms
[3.475s][info][gc,start    ] GC(14) Concurrent thread roots
[3.475s][info][gc,task     ] GC(14) Using 3 of 6 workers for Concurrent thread roots
[3.475s][info][gc          ] GC(14) Concurrent thread roots 0.193ms
[3.475s][info][gc,start    ] GC(14) Concurrent weak references
[3.475s][info][gc,task     ] GC(14) Using 3 of 6 workers for concurrent weak references
[3.475s][info][gc,ref      ] GC(14) Encountered references: Soft: 47, Weak: 146, Final: 0, Phantom: 3
[3.475s][info][gc,ref      ] GC(14) Discovered  references: Soft: 0, Weak: 48, Final: 0, Phantom: 2
[3.475s][info][gc,ref      ] GC(14) Enqueued    references: Soft: 0, Weak: 0, Final: 0, Phantom: 0
[3.475s][info][gc          ] GC(14) Concurrent weak references 0.207ms
[3.475s][info][gc,start    ] GC(14) Concurrent weak roots
[3.475s][info][gc,task     ] GC(14) Using 3 of 6 workers for concurrent weak root
[3.476s][info][gc          ] GC(14) Concurrent weak roots 0.495ms
[3.476s][info][gc,start    ] GC(14) Concurrent cleanup
[3.476s][info][gc          ] GC(14) Concurrent cleanup 804M->591M(1024M) 0.077ms
[3.476s][info][gc,ergo     ] GC(14) Free: 368M, Max: 512K regular, 169M humongous, Frag: 55% external, 0% internal; Reserve: 52722K, Max: 512K
[3.476s][info][gc,start    ] GC(14) Concurrent class unloading
[3.476s][info][gc,task     ] GC(14) Using 3 of 6 workers for concurrent class unloading
[3.478s][info][gc          ] GC(14) Concurrent class unloading 1.548ms
[3.478s][info][gc,start    ] GC(14) Concurrent strong roots
[3.478s][info][gc,task     ] GC(14) Using 3 of 6 workers for concurrent strong root
[3.478s][info][gc          ] GC(14) Concurrent strong roots 0.352ms
[3.478s][info][gc,start    ] GC(14) Concurrent evacuation
[3.478s][info][gc,task     ] GC(14) Using 3 of 6 workers for concurrent evacuation
[3.495s][info][gc          ] GC(14) Concurrent evacuation 16.876ms
[3.495s][info][gc,start    ] GC(14) Pause Init Update Refs
[3.495s][info][gc,ergo     ] GC(14) Pacer for Update Refs. Used: 708M, Free: 295M, Non-Taxable: 30257K, Alloc Tax Rate: 2.9x
[3.495s][info][gc          ] GC(14) Pause Init Update Refs 0.024ms
[3.495s][info][gc,start    ] GC(14) Concurrent update references
[3.495s][info][gc,task     ] GC(14) Using 3 of 6 workers for concurrent reference update
[3.499s][info][gc          ] GC(14) Concurrent update references 3.743ms
[3.499s][info][gc,start    ] GC(14) Concurrent update thread roots
[3.500s][info][gc          ] GC(14) Concurrent update thread roots 0.379ms
[3.500s][info][gc,start    ] GC(14) Pause Final Update Refs
[3.500s][info][gc,task     ] GC(14) Using 6 of 6 workers for final reference update
[3.500s][info][gc          ] GC(14) Pause Final Update Refs 0.181ms
[3.500s][info][gc,start    ] GC(14) Concurrent cleanup
[3.500s][info][gc          ] GC(14) Concurrent cleanup 739M->526M(1024M) 0.067ms
[3.500s][info][gc,ergo     ] Free: 446M, Max: 512K regular, 151M humongous, Frag: 66% external, 48% internal; Reserve: 52736K, Max: 512K
[3.500s][info][gc,stats    ] 
[3.500s][info][gc,stats    ] All times are wall-clock times, except per-root-class counters, that are sum over
[3.500s][info][gc,stats    ] all workers. Dividing the <total> over the root stage time estimates parallelism.
[3.500s][info][gc,stats    ] 
[3.500s][info][gc,stats    ] Concurrent Reset                   3779 us
[3.500s][info][gc,stats    ] Pause Init Mark (G)                 618 us
[3.500s][info][gc,stats    ] Pause Init Mark (N)                 281 us
[3.500s][info][gc,stats    ]   Update Region States              228 us
[3.500s][info][gc,stats    ] Concurrent Mark Roots               367 us, parallelism: 0.81x
[3.500s][info][gc,stats    ]   CMR: <total>                      297 us
[3.500s][info][gc,stats    ]   CMR: Thread Roots                 175 us, workers (us):   0, 103,  71, ---, ---, ---, 
[3.500s][info][gc,stats    ]   CMR: VM Strong Roots               19 us, workers (us):   6,   9,   4, ---, ---, ---, 
[3.500s][info][gc,stats    ]   CMR: CLDG Roots                   103 us, workers (us): 103, ---, ---, ---, ---, ---, 
[3.500s][info][gc,stats    ] Concurrent Marking                 2017 us
[3.500s][info][gc,stats    ] Pause Final Mark (G)                722 us
[3.500s][info][gc,stats    ] Pause Final Mark (N)                507 us
[3.500s][info][gc,stats    ]   Finish Mark                       270 us
[3.500s][info][gc,stats    ]   Update Region States               84 us
[3.500s][info][gc,stats    ]   Choose Collection Set              99 us
[3.500s][info][gc,stats    ]   Rebuild Free Set                   18 us
[3.500s][info][gc,stats    ] Concurrent Thread Roots             221 us, parallelism: 0.65x
[3.500s][info][gc,stats    ]   CTR: <total>                      143 us
[3.500s][info][gc,stats    ]   CTR: Thread Roots                 143 us, workers (us):  98,  45,   0, ---, ---, ---, 
[3.500s][info][gc,stats    ] Concurrent Weak References          211 us, parallelism: 0.04x
[3.500s][info][gc,stats    ]   CWRF: <total>                       9 us
[3.500s][info][gc,stats    ]   CWRF: Weak References               9 us, workers (us):   7,   2,   0, ---, ---, ---, 
[3.500s][info][gc,stats    ] Concurrent Weak Roots               508 us
[3.500s][info][gc,stats    ]   Roots                             289 us, parallelism: 0.91x
[3.500s][info][gc,stats    ]     CWR: <total>                    263 us
[3.500s][info][gc,stats    ]     CWR: Code Cache Roots           220 us, workers (us):   0, 115, 105, ---, ---, ---, 
[3.500s][info][gc,stats    ]     CWR: VM Weak Roots               34 us, workers (us):  17,  17,   1, ---, ---, ---, 
[3.500s][info][gc,stats    ]     CWR: CLDG Roots                   9 us, workers (us):   9, ---, ---, ---, ---, ---, 
[3.500s][info][gc,stats    ]   Rendezvous                        198 us
[3.500s][info][gc,stats    ] Concurrent Cleanup                   82 us
[3.500s][info][gc,stats    ] Concurrent Class Unloading         1654 us
[3.500s][info][gc,stats    ]   Unlink Stale                      988 us
[3.500s][info][gc,stats    ]     System Dictionary                 5 us
[3.500s][info][gc,stats    ]     Weak Class Links                  0 us
[3.500s][info][gc,stats    ]     Code Roots                      981 us
[3.500s][info][gc,stats    ]   Rendezvous                        242 us
[3.500s][info][gc,stats    ]   Purge Unlinked                    305 us
[3.500s][info][gc,stats    ]     Code Roots                      250 us
[3.500s][info][gc,stats    ]     CLDG                             54 us
[3.500s][info][gc,stats    ]     Exception Caches                  1 us
[3.500s][info][gc,stats    ] Concurrent Strong Roots             378 us, parallelism: 0.21x
[3.500s][info][gc,stats    ]   CSR: <total>                       81 us
[3.500s][info][gc,stats    ]   CSR: VM Strong Roots                8 us, workers (us):   7,   0,   0, ---, ---, ---, 
[3.500s][info][gc,stats    ]   CSR: CLDG Roots                    73 us, workers (us):  73, ---, ---, ---, ---, ---, 
[3.500s][info][gc,stats    ] Concurrent Evacuation             16954 us
[3.500s][info][gc,stats    ] Pause Init Update Refs (G)          345 us
[3.500s][info][gc,stats    ] Pause Init Update Refs (N)           27 us
[3.500s][info][gc,stats    ]   Manage GCLABs                       3 us
[3.500s][info][gc,stats    ] Concurrent Update Refs             3824 us
[3.500s][info][gc,stats    ] Concurrent Update Thread Roots      394 us
[3.500s][info][gc,stats    ] Pause Final Update Refs (G)         439 us
[3.500s][info][gc,stats    ] Pause Final Update Refs (N)         190 us
[3.500s][info][gc,stats    ]   Update Region States              109 us
[3.500s][info][gc,stats    ]   Trash Collection Set               15 us
[3.500s][info][gc,stats    ]   Rebuild Free Set                   25 us
[3.500s][info][gc,stats    ] Concurrent Cleanup                   72 us
[3.500s][info][gc,stats    ] Pacing                             3070 us
[3.500s][info][gc,stats    ] 
[3.500s][info][gc,stats    ] Allocation pacing accrued:
[3.500s][info][gc,stats    ]       3 of    52 ms (  5.9%): main
[3.500s][info][gc,stats    ]       3 of    52 ms (  5.9%): <total>
[3.500s][info][gc,stats    ]       0 of    52 ms (  0.5%): <average total>
[3.500s][info][gc,stats    ]       3 of    52 ms (  5.9%): <average non-zero>
[3.500s][info][gc,stats    ] 
[3.500s][info][gc,metaspace] Metaspace: 6358K(6528K)->6358K(6528K) NonClass: 5811K(5888K)->5811K(5888K) Class: 546K(640K)->546K(640K)
[3.500s][info][gc,ergo     ] Pacer for Idle. Initial: 20971K, Alloc Tax Rate: 1.0x
[3.521s][info][gc          ] Trigger: Average GC time (42.39 ms) is above the time for average allocation rate (3084 MB/s) to deplete free headroom (123M) (margin of error = 1.92)
[3.521s][info][gc,ergo     ] Free headroom: 175M (free) - 52428K (spike) - 0B (penalties) = 123M
[3.521s][info][gc,ergo     ] Free: 174M, Max: 512K regular, 151M humongous, Frag: 13% external, 20% internal; Reserve: 52736K, Max: 512K
[3.521s][info][gc,start    ] GC(15) Concurrent reset
[3.521s][info][gc,task     ] GC(15) Using 3 of 6 workers for concurrent reset
[3.521s][info][gc,ergo     ] GC(15) Pacer for Reset. Non-Taxable: 1024M
[3.524s][info][gc          ] GC(15) Concurrent reset 2.436ms
[3.524s][info][gc,start    ] GC(15) Pause Init Mark (unload classes)
[3.524s][info][gc,task     ] GC(15) Using 6 of 6 workers for init marking
[3.524s][info][gc,ergo     ] GC(15) Pacer for Mark. Expected Live: 196M, Free: 159M, Non-Taxable: 16304K, Alloc Tax Rate: 1.5x
[3.524s][info][gc          ] GC(15) Pause Init Mark (unload classes) 0.161ms
[3.524s][info][gc,start    ] GC(15) Concurrent marking roots
[3.524s][info][gc,task     ] GC(15) Using 3 of 6 workers for concurrent marking roots
[3.524s][info][gc          ] GC(15) Concurrent marking roots 0.269ms
[3.524s][info][gc,start    ] GC(15) Concurrent marking (unload classes)
[3.524s][info][gc,task     ] GC(15) Using 3 of 6 workers for concurrent marking
[3.526s][info][gc          ] GC(15) Concurrent marking (unload classes) 1.845ms
[3.527s][info][gc,start    ] GC(15) Pause Final Mark (unload classes)
[3.527s][info][gc,task     ] GC(15) Using 6 of 6 workers for final marking
[3.527s][info][gc,ergo     ] GC(15) Adaptive CSet Selection. Target Free: 145M, Actual Free: 423M, Max CSet: 43690K, Min Garbage: 0B
[3.527s][info][gc,ergo     ] GC(15) Collectable Garbage: 393M (65%), Immediate: 222M (36%), CSet: 171M (28%)
[3.527s][info][gc,ergo     ] GC(15) Pacer for Evacuation. Used CSet: 213M, Free: 385M, Non-Taxable: 39461K, Alloc Tax Rate: 1.4x
[3.527s][info][gc          ] GC(15) Pause Final Mark (unload classes) 0.583ms
[3.527s][info][gc,start    ] GC(15) Concurrent thread roots
[3.527s][info][gc,task     ] GC(15) Using 3 of 6 workers for Concurrent thread roots
[3.527s][info][gc          ] GC(15) Concurrent thread roots 0.206ms
[3.527s][info][gc,start    ] GC(15) Concurrent weak references
[3.527s][info][gc,task     ] GC(15) Using 3 of 6 workers for concurrent weak references
[3.528s][info][gc,ref      ] GC(15) Encountered references: Soft: 47, Weak: 146, Final: 0, Phantom: 3
[3.528s][info][gc,ref      ] GC(15) Discovered  references: Soft: 0, Weak: 43, Final: 0, Phantom: 2
[3.528s][info][gc,ref      ] GC(15) Enqueued    references: Soft: 0, Weak: 0, Final: 0, Phantom: 0
[3.528s][info][gc          ] GC(15) Concurrent weak references 0.166ms
[3.528s][info][gc,start    ] GC(15) Concurrent weak roots
[3.528s][info][gc,task     ] GC(15) Using 3 of 6 workers for concurrent weak root
[3.528s][info][gc          ] GC(15) Concurrent weak roots 0.430ms
[3.528s][info][gc,start    ] GC(15) Concurrent cleanup
[3.528s][info][gc          ] GC(15) Concurrent cleanup 805M->583M(1024M) 0.050ms
[3.528s][info][gc,ergo     ] GC(15) Free: 377M, Max: 512K regular, 166M humongous, Frag: 56% external, 0% internal; Reserve: 52736K, Max: 512K
[3.528s][info][gc,start    ] GC(15) Concurrent class unloading
[3.528s][info][gc,task     ] GC(15) Using 3 of 6 workers for concurrent class unloading
[3.529s][info][gc          ] GC(15) Concurrent class unloading 0.552ms
[3.529s][info][gc,start    ] GC(15) Concurrent strong roots
[3.529s][info][gc,task     ] GC(15) Using 3 of 6 workers for concurrent strong root
[3.529s][info][gc          ] GC(15) Concurrent strong roots 0.134ms
[3.529s][info][gc,start    ] GC(15) Concurrent evacuation
[3.529s][info][gc,task     ] GC(15) Using 3 of 6 workers for concurrent evacuation
[3.541s][info][gc          ] GC(15) Concurrent evacuation 12.485ms
[3.542s][info][gc,start    ] GC(15) Pause Init Update Refs
[3.542s][info][gc,ergo     ] GC(15) Pacer for Update Refs. Used: 683M, Free: 320M, Non-Taxable: 32816K, Alloc Tax Rate: 2.6x
[3.542s][info][gc          ] GC(15) Pause Init Update Refs 0.041ms
[3.542s][info][gc,start    ] GC(15) Concurrent update references
[3.542s][info][gc,task     ] GC(15) Using 3 of 6 workers for concurrent reference update
[3.545s][info][gc          ] GC(15) Concurrent update references 3.426ms
[3.545s][info][gc,start    ] GC(15) Concurrent update thread roots
[3.546s][info][gc          ] GC(15) Concurrent update thread roots 0.330ms
[3.546s][info][gc,start    ] GC(15) Pause Final Update Refs
[3.546s][info][gc,task     ] GC(15) Using 6 of 6 workers for final reference update
[3.546s][info][gc          ] GC(15) Pause Final Update Refs 0.151ms
[3.546s][info][gc,start    ] GC(15) Concurrent cleanup
[3.546s][info][gc          ] GC(15) Concurrent cleanup 714M->502M(1024M) 0.080ms
[3.546s][info][gc,ergo     ] Free: 468M, Max: 512K regular, 154M humongous, Frag: 67% external, 41% internal; Reserve: 52736K, Max: 512K
[3.546s][info][gc,stats    ] 
[3.546s][info][gc,stats    ] All times are wall-clock times, except per-root-class counters, that are sum over
[3.546s][info][gc,stats    ] all workers. Dividing the <total> over the root stage time estimates parallelism.
[3.546s][info][gc,stats    ] 
[3.546s][info][gc,stats    ] Concurrent Reset                   2503 us
[3.546s][info][gc,stats    ] Pause Init Mark (G)                 498 us
[3.546s][info][gc,stats    ] Pause Init Mark (N)                 165 us
[3.546s][info][gc,stats    ]   Update Region States              122 us
[3.546s][info][gc,stats    ] Concurrent Mark Roots               281 us, parallelism: 0.73x
[3.546s][info][gc,stats    ]   CMR: <total>                      204 us
[3.546s][info][gc,stats    ]   CMR: Thread Roots                 126 us, workers (us):   3,  77,  47, ---, ---, ---, 
[3.546s][info][gc,stats    ]   CMR: VM Strong Roots                7 us, workers (us):   6,   0,   0, ---, ---, ---, 
[3.546s][info][gc,stats    ]   CMR: CLDG Roots                    71 us, workers (us):  71, ---, ---, ---, ---, ---, 
[3.546s][info][gc,stats    ] Concurrent Marking                 1859 us
[3.546s][info][gc,stats    ] Pause Final Mark (G)                897 us
[3.546s][info][gc,stats    ] Pause Final Mark (N)                586 us
[3.546s][info][gc,stats    ]   Finish Mark                       308 us
[3.546s][info][gc,stats    ]   Update Region States              154 us
[3.546s][info][gc,stats    ]   Choose Collection Set              78 us
[3.546s][info][gc,stats    ]   Rebuild Free Set                   18 us
[3.546s][info][gc,stats    ] Concurrent Thread Roots             218 us, parallelism: 0.37x
[3.546s][info][gc,stats    ]   CTR: <total>                       81 us
[3.546s][info][gc,stats    ]   CTR: Thread Roots                  81 us, workers (us):  42,  33,   6, ---, ---, ---, 
[3.546s][info][gc,stats    ] Concurrent Weak References          170 us, parallelism: 0.02x
[3.546s][info][gc,stats    ]   CWRF: <total>                       3 us
[3.546s][info][gc,stats    ]   CWRF: Weak References               3 us, workers (us):   3,   0,   0, ---, ---, ---, 
[3.546s][info][gc,stats    ] Concurrent Weak Roots               438 us
[3.546s][info][gc,stats    ]   Roots                             178 us, parallelism: 0.77x
[3.546s][info][gc,stats    ]     CWR: <total>                    137 us
[3.546s][info][gc,stats    ]     CWR: Code Cache Roots           119 us, workers (us):  69,  49,   0, ---, ---, ---, 
[3.546s][info][gc,stats    ]     CWR: VM Weak Roots               16 us, workers (us):  15,   0,   1, ---, ---, ---, 
[3.546s][info][gc,stats    ]     CWR: CLDG Roots                   2 us, workers (us):   2, ---, ---, ---, ---, ---, 
[3.546s][info][gc,stats    ]   Rendezvous                        245 us
[3.546s][info][gc,stats    ] Concurrent Cleanup                   54 us
[3.546s][info][gc,stats    ] Concurrent Class Unloading          568 us
[3.546s][info][gc,stats    ]   Unlink Stale                      360 us
[3.546s][info][gc,stats    ]     System Dictionary                 3 us
[3.546s][info][gc,stats    ]     Weak Class Links                  0 us
[3.546s][info][gc,stats    ]     Code Roots                      356 us
[3.546s][info][gc,stats    ]   Rendezvous                         59 us
[3.546s][info][gc,stats    ]   Purge Unlinked                    126 us
[3.546s][info][gc,stats    ]     Code Roots                      112 us
[3.546s][info][gc,stats    ]     CLDG                             14 us
[3.546s][info][gc,stats    ]     Exception Caches                  0 us
[3.546s][info][gc,stats    ] Concurrent Strong Roots             143 us, parallelism: 0.19x
[3.546s][info][gc,stats    ]   CSR: <total>                       28 us
[3.546s][info][gc,stats    ]   CSR: VM Strong Roots                2 us, workers (us):   2,   0,   0, ---, ---, ---, 
[3.546s][info][gc,stats    ]   CSR: CLDG Roots                    26 us, workers (us):  26, ---, ---, ---, ---, ---, 
[3.546s][info][gc,stats    ] Concurrent Evacuation             12646 us
[3.546s][info][gc,stats    ] Pause Init Update Refs (G)          413 us
[3.546s][info][gc,stats    ] Pause Init Update Refs (N)           45 us
[3.546s][info][gc,stats    ]   Manage GCLABs                       4 us
[3.546s][info][gc,stats    ] Concurrent Update Refs             3523 us
[3.546s][info][gc,stats    ] Concurrent Update Thread Roots      350 us
[3.546s][info][gc,stats    ] Pause Final Update Refs (G)         398 us
[3.546s][info][gc,stats    ] Pause Final Update Refs (N)         160 us
[3.546s][info][gc,stats    ]   Update Region States              100 us
[3.546s][info][gc,stats    ]   Trash Collection Set               10 us
[3.546s][info][gc,stats    ]   Rebuild Free Set                   19 us
[3.546s][info][gc,stats    ] Concurrent Cleanup                   86 us
[3.546s][info][gc,stats    ] 
[3.546s][info][gc,stats    ] Allocation pacing accrued:
[3.546s][info][gc,stats    ]       0 of    46 ms (  0.0%): <total>
[3.546s][info][gc,stats    ]       0 of    46 ms (  0.0%): <average total>
[3.546s][info][gc,stats    ] 
[3.547s][info][gc,metaspace] Metaspace: 6358K(6528K)->6358K(6528K) NonClass: 5811K(5888K)->5811K(5888K) Class: 546K(640K)->546K(640K)
[3.547s][info][gc,ergo     ] Pacer for Idle. Initial: 20971K, Alloc Tax Rate: 1.0x
[3.567s][info][gc          ] Trigger: Average GC time (37.54 ms) is above the time for average allocation rate (3084 MB/s) to deplete free headroom (107M) (margin of error = 1.92)
[3.567s][info][gc,ergo     ] Free headroom: 158M (free) - 52428K (spike) - 0B (penalties) = 107M
[3.567s][info][gc,ergo     ] Free: 157M, Max: 512K regular, 154M humongous, Frag: 2% external, 3% internal; Reserve: 52736K, Max: 512K
[3.567s][info][gc,start    ] GC(16) Concurrent reset
[3.567s][info][gc,task     ] GC(16) Using 3 of 6 workers for concurrent reset
[3.567s][info][gc,ergo     ] GC(16) Pacer for Reset. Non-Taxable: 1024M
[3.569s][info][gc          ] GC(16) Concurrent reset 1.985ms
[3.569s][info][gc,start    ] GC(16) Pause Init Mark (unload classes)
[3.569s][info][gc,task     ] GC(16) Using 6 of 6 workers for init marking
[3.569s][info][gc,ergo     ] GC(16) Pacer for Mark. Expected Live: 196M, Free: 154M, Non-Taxable: 15840K, Alloc Tax Rate: 1.5x
[3.569s][info][gc          ] GC(16) Pause Init Mark (unload classes) 0.196ms
[3.570s][info][gc,start    ] GC(16) Concurrent marking roots
[3.570s][info][gc,task     ] GC(16) Using 3 of 6 workers for concurrent marking roots
[3.570s][info][gc          ] GC(16) Concurrent marking roots 0.217ms
[3.570s][info][gc,start    ] GC(16) Concurrent marking (unload classes)
[3.570s][info][gc,task     ] GC(16) Using 3 of 6 workers for concurrent marking
[3.572s][info][gc          ] GC(16) Concurrent marking (unload classes) 1.974ms
[3.572s][info][gc,start    ] GC(16) Pause Final Mark (unload classes)
[3.572s][info][gc,task     ] GC(16) Using 6 of 6 workers for final marking
[3.573s][info][gc,ergo     ] GC(16) Adaptive CSet Selection. Target Free: 145M, Actual Free: 417M, Max CSet: 43690K, Min Garbage: 0B
[3.573s][info][gc,ergo     ] GC(16) Collectable Garbage: 394M (65%), Immediate: 221M (36%), CSet: 172M (28%)
[3.573s][info][gc,ergo     ] GC(16) Pacer for Evacuation. Used CSet: 215M, Free: 379M, Non-Taxable: 38851K, Alloc Tax Rate: 1.4x
[3.573s][info][gc          ] GC(16) Pause Final Mark (unload classes) 0.862ms
[3.573s][info][gc,start    ] GC(16) Concurrent thread roots
[3.573s][info][gc,task     ] GC(16) Using 3 of 6 workers for Concurrent thread roots
[3.573s][info][gc          ] GC(16) Concurrent thread roots 0.168ms
[3.573s][info][gc,start    ] GC(16) Concurrent weak references
[3.573s][info][gc,task     ] GC(16) Using 3 of 6 workers for concurrent weak references
[3.573s][info][gc,ref      ] GC(16) Encountered references: Soft: 47, Weak: 146, Final: 0, Phantom: 3
[3.573s][info][gc,ref      ] GC(16) Discovered  references: Soft: 0, Weak: 48, Final: 0, Phantom: 2
[3.573s][info][gc,ref      ] GC(16) Enqueued    references: Soft: 0, Weak: 0, Final: 0, Phantom: 0
[3.573s][info][gc          ] GC(16) Concurrent weak references 0.110ms
[3.573s][info][gc,start    ] GC(16) Concurrent weak roots
[3.573s][info][gc,task     ] GC(16) Using 3 of 6 workers for concurrent weak root
[3.574s][info][gc          ] GC(16) Concurrent weak roots 0.316ms
[3.574s][info][gc,start    ] GC(16) Concurrent cleanup
[3.574s][info][gc          ] GC(16) Concurrent cleanup 810M->589M(1024M) 0.049ms
[3.574s][info][gc,ergo     ] GC(16) Free: 371M, Max: 512K regular, 162M humongous, Frag: 57% external, 0% internal; Reserve: 52736K, Max: 512K
[3.574s][info][gc,start    ] GC(16) Concurrent class unloading
[3.574s][info][gc,task     ] GC(16) Using 3 of 6 workers for concurrent class unloading
[3.574s][info][gc          ] GC(16) Concurrent class unloading 0.452ms
[3.574s][info][gc,start    ] GC(16) Concurrent strong roots
[3.574s][info][gc,task     ] GC(16) Using 3 of 6 workers for concurrent strong root
[3.574s][info][gc          ] GC(16) Concurrent strong roots 0.133ms
[3.574s][info][gc,start    ] GC(16) Concurrent evacuation
[3.574s][info][gc,task     ] GC(16) Using 3 of 6 workers for concurrent evacuation
[3.587s][info][gc          ] GC(16) Concurrent evacuation 13.103ms
[3.588s][info][gc,start    ] GC(16) Pause Init Update Refs
[3.588s][info][gc,ergo     ] GC(16) Pacer for Update Refs. Used: 688M, Free: 315M, Non-Taxable: 32346K, Alloc Tax Rate: 2.7x
[3.588s][info][gc          ] GC(16) Pause Init Update Refs 0.028ms
[3.588s][info][gc,start    ] GC(16) Concurrent update references
[3.588s][info][gc,task     ] GC(16) Using 3 of 6 workers for concurrent reference update
[3.591s][info][gc          ] GC(16) Concurrent update references 3.337ms
[3.591s][info][gc,start    ] GC(16) Concurrent update thread roots
[3.592s][info][gc          ] GC(16) Concurrent update thread roots 0.391ms
[3.592s][info][gc,start    ] GC(16) Pause Final Update Refs
[3.592s][info][gc,task     ] GC(16) Using 6 of 6 workers for final reference update
[3.592s][info][gc          ] GC(16) Pause Final Update Refs 0.264ms
[3.592s][info][gc,start    ] GC(16) Concurrent cleanup
[3.592s][info][gc          ] GC(16) Concurrent cleanup 718M->505M(1024M) 0.063ms
[3.592s][info][gc,ergo     ] Free: 464M, Max: 512K regular, 144M humongous, Frag: 69% external, 40% internal; Reserve: 52736K, Max: 512K
[3.592s][info][gc,stats    ] 
[3.592s][info][gc,stats    ] All times are wall-clock times, except per-root-class counters, that are sum over
[3.592s][info][gc,stats    ] all workers. Dividing the <total> over the root stage time estimates parallelism.
[3.592s][info][gc,stats    ] 
[3.592s][info][gc,stats    ] Concurrent Reset                   2018 us
[3.592s][info][gc,stats    ] Pause Init Mark (G)                 568 us
[3.592s][info][gc,stats    ] Pause Init Mark (N)                 201 us
[3.592s][info][gc,stats    ]   Update Region States              158 us
[3.592s][info][gc,stats    ] Concurrent Mark Roots               228 us, parallelism: 0.55x
[3.592s][info][gc,stats    ]   CMR: <total>                      126 us
[3.592s][info][gc,stats    ]   CMR: Thread Roots                  96 us, workers (us):  26,  32,  38, ---, ---, ---, 
[3.592s][info][gc,stats    ]   CMR: VM Strong Roots                4 us, workers (us):   3,   0,   0, ---, ---, ---, 
[3.592s][info][gc,stats    ]   CMR: CLDG Roots                    26 us, workers (us):  26, ---, ---, ---, ---, ---, 
[3.592s][info][gc,stats    ] Concurrent Marking                 1989 us
[3.592s][info][gc,stats    ] Pause Final Mark (G)               1170 us
[3.592s][info][gc,stats    ] Pause Final Mark (N)                866 us
[3.592s][info][gc,stats    ]   Finish Mark                       667 us
[3.592s][info][gc,stats    ]   Update Region States               75 us
[3.592s][info][gc,stats    ]   Choose Collection Set              78 us
[3.592s][info][gc,stats    ]   Rebuild Free Set                   18 us
[3.592s][info][gc,stats    ] Concurrent Thread Roots             177 us, parallelism: 0.49x
[3.592s][info][gc,stats    ]   CTR: <total>                       87 us
[3.592s][info][gc,stats    ]   CTR: Thread Roots                  87 us, workers (us):  44,   8,  35, ---, ---, ---, 
[3.592s][info][gc,stats    ] Concurrent Weak References          113 us, parallelism: 0.04x
[3.592s][info][gc,stats    ]   CWRF: <total>                       5 us
[3.592s][info][gc,stats    ]   CWRF: Weak References               5 us, workers (us):   5,   0,   0, ---, ---, ---, 
[3.592s][info][gc,stats    ] Concurrent Weak Roots               325 us
[3.592s][info][gc,stats    ]   Roots                             185 us, parallelism: 0.82x
[3.592s][info][gc,stats    ]     CWR: <total>                    151 us
[3.592s][info][gc,stats    ]     CWR: Code Cache Roots           131 us, workers (us):  76,  55,   0, ---, ---, ---, 
[3.592s][info][gc,stats    ]     CWR: VM Weak Roots               18 us, workers (us):  17,   1,   1, ---, ---, ---, 
[3.592s][info][gc,stats    ]     CWR: CLDG Roots                   2 us, workers (us):   2, ---, ---, ---, ---, ---, 
[3.592s][info][gc,stats    ]   Rendezvous                        125 us
[3.592s][info][gc,stats    ] Concurrent Cleanup                   54 us
[3.592s][info][gc,stats    ] Concurrent Class Unloading          462 us
[3.592s][info][gc,stats    ]   Unlink Stale                      272 us
[3.592s][info][gc,stats    ]     System Dictionary                 3 us
[3.592s][info][gc,stats    ]     Weak Class Links                  0 us
[3.592s][info][gc,stats    ]     Code Roots                      269 us
[3.592s][info][gc,stats    ]   Rendezvous                         87 us
[3.592s][info][gc,stats    ]   Purge Unlinked                     85 us
[3.592s][info][gc,stats    ]     Code Roots                       69 us
[3.592s][info][gc,stats    ]     CLDG                             16 us
[3.592s][info][gc,stats    ]     Exception Caches                  0 us
[3.592s][info][gc,stats    ] Concurrent Strong Roots             141 us, parallelism: 0.26x
[3.592s][info][gc,stats    ]   CSR: <total>                       37 us
[3.592s][info][gc,stats    ]   CSR: VM Strong Roots                4 us, workers (us):   3,   0,   0, ---, ---, ---, 
[3.592s][info][gc,stats    ]   CSR: CLDG Roots                    33 us, workers (us):  33, ---, ---, ---, ---, ---, 
[3.592s][info][gc,stats    ] Concurrent Evacuation             13157 us
[3.592s][info][gc,stats    ] Pause Init Update Refs (G)          359 us
[3.592s][info][gc,stats    ] Pause Init Update Refs (N)           32 us
[3.592s][info][gc,stats    ]   Manage GCLABs                       3 us
[3.592s][info][gc,stats    ] Concurrent Update Refs             3400 us
[3.592s][info][gc,stats    ] Concurrent Update Thread Roots      408 us
[3.592s][info][gc,stats    ] Pause Final Update Refs (G)         521 us
[3.592s][info][gc,stats    ] Pause Final Update Refs (N)         275 us
[3.592s][info][gc,stats    ]   Update Region States              215 us
[3.592s][info][gc,stats    ]   Trash Collection Set                8 us
[3.592s][info][gc,stats    ]   Rebuild Free Set                   18 us
[3.592s][info][gc,stats    ] Concurrent Cleanup                   69 us
[3.592s][info][gc,stats    ] 
[3.592s][info][gc,stats    ] Allocation pacing accrued:
[3.592s][info][gc,stats    ]       0 of    46 ms (  0.0%): <total>
[3.592s][info][gc,stats    ]       0 of    46 ms (  0.0%): <average total>
[3.592s][info][gc,stats    ] 
[3.592s][info][gc,metaspace] Metaspace: 6358K(6528K)->6358K(6528K) NonClass: 5811K(5888K)->5811K(5888K) Class: 546K(640K)->546K(640K)
[3.592s][info][gc,ergo     ] Pacer for Idle. Initial: 20971K, Alloc Tax Rate: 1.0x
[3.621s][info][gc          ] Trigger: Average GC time (33.80 ms) is above the time for average allocation rate (3084 MB/s) to deplete free headroom (104M) (margin of error = 1.92)
[3.621s][info][gc,ergo     ] Free headroom: 155M (free) - 52428K (spike) - 0B (penalties) = 104M
[3.621s][info][gc,ergo     ] Free: 154M, Max: 512K regular, 144M humongous, Frag: 7% external, 14% internal; Reserve: 52736K, Max: 512K
[3.621s][info][gc,start    ] GC(17) Concurrent reset
[3.621s][info][gc,task     ] GC(17) Using 3 of 6 workers for concurrent reset
[3.621s][info][gc,ergo     ] GC(17) Pacer for Reset. Non-Taxable: 1024M
[3.625s][info][gc          ] GC(17) Concurrent reset 4.126ms
[3.625s][info][gc,start    ] GC(17) Pause Init Mark (unload classes)
[3.625s][info][gc,task     ] GC(17) Using 6 of 6 workers for init marking
[3.625s][info][gc,ergo     ] GC(17) Pacer for Mark. Expected Live: 196M, Free: 144M, Non-Taxable: 14776K, Alloc Tax Rate: 1.7x
[3.625s][info][gc          ] GC(17) Pause Init Mark (unload classes) 0.131ms
[3.626s][info][gc,start    ] GC(17) Concurrent marking roots
[3.626s][info][gc,task     ] GC(17) Using 3 of 6 workers for concurrent marking roots
[3.626s][info][gc          ] GC(17) Concurrent marking roots 0.231ms
[3.626s][info][gc,start    ] GC(17) Concurrent marking (unload classes)
[3.626s][info][gc,task     ] GC(17) Using 3 of 6 workers for concurrent marking
[3.628s][info][gc          ] GC(17) Concurrent marking (unload classes) 2.365ms
[3.628s][info][gc,start    ] GC(17) Pause Final Mark (unload classes)
[3.628s][info][gc,task     ] GC(17) Using 6 of 6 workers for final marking
[3.629s][info][gc,ergo     ] GC(17) Adaptive CSet Selection. Target Free: 145M, Actual Free: 421M, Max CSet: 43690K, Min Garbage: 0B
[3.629s][info][gc,ergo     ] GC(17) Collectable Garbage: 399M (64%), Immediate: 227M (37%), CSet: 171M (27%)
[3.629s][info][gc,ergo     ] GC(17) Pacer for Evacuation. Used CSet: 214M, Free: 383M, Non-Taxable: 39282K, Alloc Tax Rate: 1.4x
[3.629s][info][gc          ] GC(17) Pause Final Mark (unload classes) 0.449ms
[3.629s][info][gc,start    ] GC(17) Concurrent thread roots
[3.629s][info][gc,task     ] GC(17) Using 3 of 6 workers for Concurrent thread roots
[3.629s][info][gc          ] GC(17) Concurrent thread roots 0.199ms
[3.629s][info][gc,start    ] GC(17) Concurrent weak references
[3.629s][info][gc,task     ] GC(17) Using 3 of 6 workers for concurrent weak references
[3.629s][info][gc,ref      ] GC(17) Encountered references: Soft: 47, Weak: 146, Final: 0, Phantom: 3
[3.629s][info][gc,ref      ] GC(17) Discovered  references: Soft: 0, Weak: 51, Final: 0, Phantom: 2
[3.629s][info][gc,ref      ] GC(17) Enqueued    references: Soft: 0, Weak: 0, Final: 0, Phantom: 0
[3.629s][info][gc          ] GC(17) Concurrent weak references 0.147ms
[3.629s][info][gc,start    ] GC(17) Concurrent weak roots
[3.629s][info][gc,task     ] GC(17) Using 3 of 6 workers for concurrent weak root
[3.630s][info][gc          ] GC(17) Concurrent weak roots 0.357ms
[3.630s][info][gc,start    ] GC(17) Concurrent cleanup
[3.630s][info][gc          ] GC(17) Concurrent cleanup 812M->585M(1024M) 0.054ms
[3.630s][info][gc,ergo     ] GC(17) Free: 375M, Max: 512K regular, 159M humongous, Frag: 58% external, 1% internal; Reserve: 52736K, Max: 512K
[3.630s][info][gc,start    ] GC(17) Concurrent class unloading
[3.630s][info][gc,task     ] GC(17) Using 3 of 6 workers for concurrent class unloading
[3.630s][info][gc          ] GC(17) Concurrent class unloading 0.399ms
[3.630s][info][gc,start    ] GC(17) Concurrent strong roots
[3.630s][info][gc,task     ] GC(17) Using 3 of 6 workers for concurrent strong root
[3.630s][info][gc          ] GC(17) Concurrent strong roots 0.080ms
[3.630s][info][gc,start    ] GC(17) Concurrent evacuation
[3.630s][info][gc,task     ] GC(17) Using 3 of 6 workers for concurrent evacuation
[3.644s][info][gc          ] GC(17) Concurrent evacuation 13.791ms
[3.644s][info][gc,start    ] GC(17) Pause Init Update Refs
[3.644s][info][gc,ergo     ] GC(17) Pacer for Update Refs. Used: 680M, Free: 322M, Non-Taxable: 33062K, Alloc Tax Rate: 2.6x
[3.644s][info][gc          ] GC(17) Pause Init Update Refs 0.028ms
[3.645s][info][gc,start    ] GC(17) Concurrent update references
[3.645s][info][gc,task     ] GC(17) Using 3 of 6 workers for concurrent reference update
[3.649s][info][gc          ] GC(17) Concurrent update references 4.568ms
[3.649s][info][gc,start    ] GC(17) Concurrent update thread roots
[3.650s][info][gc          ] GC(17) Concurrent update thread roots 0.339ms
[3.650s][info][gc,start    ] GC(17) Pause Final Update Refs
[3.650s][info][gc,task     ] GC(17) Using 6 of 6 workers for final reference update
[3.650s][info][gc          ] GC(17) Pause Final Update Refs 0.169ms
[3.650s][info][gc,start    ] GC(17) Concurrent cleanup
[3.650s][info][gc          ] GC(17) Concurrent cleanup 710M->498M(1024M) 0.071ms
[3.650s][info][gc,ergo     ] Free: 473M, Max: 512K regular, 141M humongous, Frag: 70% external, 44% internal; Reserve: 52736K, Max: 512K
[3.650s][info][gc,stats    ] 
[3.650s][info][gc,stats    ] All times are wall-clock times, except per-root-class counters, that are sum over
[3.650s][info][gc,stats    ] all workers. Dividing the <total> over the root stage time estimates parallelism.
[3.650s][info][gc,stats    ] 
[3.650s][info][gc,stats    ] Concurrent Reset                   4168 us
[3.650s][info][gc,stats    ] Pause Init Mark (G)                 508 us
[3.650s][info][gc,stats    ] Pause Init Mark (N)                 139 us
[3.650s][info][gc,stats    ]   Update Region States               86 us
[3.650s][info][gc,stats    ] Concurrent Mark Roots               243 us, parallelism: 0.61x
[3.650s][info][gc,stats    ]   CMR: <total>                      148 us
[3.650s][info][gc,stats    ]   CMR: Thread Roots                 112 us, workers (us):  39,  33,  40, ---, ---, ---, 
[3.650s][info][gc,stats    ]   CMR: VM Strong Roots                4 us, workers (us):   3,   0,   0, ---, ---, ---, 
[3.650s][info][gc,stats    ]   CMR: CLDG Roots                    33 us, workers (us):  33, ---, ---, ---, ---, ---, 
[3.650s][info][gc,stats    ] Concurrent Marking                 2378 us
[3.650s][info][gc,stats    ] Pause Final Mark (G)                798 us
[3.650s][info][gc,stats    ] Pause Final Mark (N)                460 us
[3.650s][info][gc,stats    ]   Finish Mark                       219 us
[3.650s][info][gc,stats    ]   Update Region States              109 us
[3.650s][info][gc,stats    ]   Choose Collection Set              78 us
[3.650s][info][gc,stats    ]   Rebuild Free Set                   18 us
[3.650s][info][gc,stats    ] Concurrent Thread Roots             210 us, parallelism: 0.55x
[3.650s][info][gc,stats    ]   CTR: <total>                      115 us
[3.650s][info][gc,stats    ]   CTR: Thread Roots                 115 us, workers (us):  47,  30,  37, ---, ---, ---, 
[3.650s][info][gc,stats    ] Concurrent Weak References          151 us, parallelism: 0.02x
[3.650s][info][gc,stats    ]   CWRF: <total>                       3 us
[3.650s][info][gc,stats    ]   CWRF: Weak References               3 us, workers (us):   3,   0,   0, ---, ---, ---, 
[3.650s][info][gc,stats    ] Concurrent Weak Roots               369 us
[3.650s][info][gc,stats    ]   Roots                             218 us, parallelism: 0.80x
[3.650s][info][gc,stats    ]     CWR: <total>                    174 us
[3.650s][info][gc,stats    ]     CWR: Code Cache Roots           158 us, workers (us):  90,  68,   0, ---, ---, ---, 
[3.650s][info][gc,stats    ]     CWR: VM Weak Roots               14 us, workers (us):  13,   1,   1, ---, ---, ---, 
[3.650s][info][gc,stats    ]     CWR: CLDG Roots                   2 us, workers (us):   2, ---, ---, ---, ---, ---, 
[3.650s][info][gc,stats    ]   Rendezvous                        131 us
[3.650s][info][gc,stats    ] Concurrent Cleanup                   59 us
[3.650s][info][gc,stats    ] Concurrent Class Unloading          410 us
[3.650s][info][gc,stats    ]   Unlink Stale                      252 us
[3.650s][info][gc,stats    ]     System Dictionary                 3 us
[3.650s][info][gc,stats    ]     Weak Class Links                  0 us
[3.650s][info][gc,stats    ]     Code Roots                      248 us
[3.650s][info][gc,stats    ]   Rendezvous                         53 us
[3.650s][info][gc,stats    ]   Purge Unlinked                     86 us
[3.650s][info][gc,stats    ]     Code Roots                       70 us
[3.650s][info][gc,stats    ]     CLDG                             16 us
[3.650s][info][gc,stats    ]     Exception Caches                  0 us
[3.650s][info][gc,stats    ] Concurrent Strong Roots              89 us, parallelism: 0.21x
[3.650s][info][gc,stats    ]   CSR: <total>                       19 us
[3.650s][info][gc,stats    ]   CSR: VM Strong Roots                2 us, workers (us):   2,   0,   0, ---, ---, ---, 
[3.650s][info][gc,stats    ]   CSR: CLDG Roots                    16 us, workers (us):  16, ---, ---, ---, ---, ---, 
[3.650s][info][gc,stats    ] Concurrent Evacuation             13911 us
[3.650s][info][gc,stats    ] Pause Init Update Refs (G)          361 us
[3.650s][info][gc,stats    ] Pause Init Update Refs (N)           32 us
[3.650s][info][gc,stats    ]   Manage GCLABs                       3 us
[3.650s][info][gc,stats    ] Concurrent Update Refs             4649 us
[3.650s][info][gc,stats    ] Concurrent Update Thread Roots      363 us
[3.650s][info][gc,stats    ] Pause Final Update Refs (G)         441 us
[3.650s][info][gc,stats    ] Pause Final Update Refs (N)         179 us
[3.650s][info][gc,stats    ]   Update Region States              113 us
[3.650s][info][gc,stats    ]   Trash Collection Set               11 us
[3.650s][info][gc,stats    ]   Rebuild Free Set                   21 us
[3.650s][info][gc,stats    ] Concurrent Cleanup                   77 us
[3.650s][info][gc,stats    ] 
[3.650s][info][gc,stats    ] Allocation pacing accrued:
[3.650s][info][gc,stats    ]       0 of    58 ms (  0.0%): <total>
[3.650s][info][gc,stats    ]       0 of    58 ms (  0.0%): <average total>
[3.650s][info][gc,stats    ] 
[3.650s][info][gc,metaspace] Metaspace: 6358K(6528K)->6358K(6528K) NonClass: 5812K(5888K)->5812K(5888K) Class: 546K(640K)->546K(640K)
[3.650s][info][gc,ergo     ] Pacer for Idle. Initial: 20971K, Alloc Tax Rate: 1.0x
[3.679s][info][gc          ] Trigger: Average GC time (33.72 ms) is above the time for average allocation rate (3084 MB/s) to deplete free headroom (90626K) (margin of error = 1.92)
[3.679s][info][gc,ergo     ] Free headroom: 139M (free) - 52428K (spike) - 0B (penalties) = 90626K
[3.679s][info][gc,ergo     ] Free: 138M, Max: 512K regular, 138M humongous, Frag: 0% external, 4% internal; Reserve: 52736K, Max: 512K
[3.679s][info][gc,start    ] GC(18) Concurrent reset
[3.679s][info][gc,task     ] GC(18) Using 3 of 6 workers for concurrent reset
[3.679s][info][gc,ergo     ] GC(18) Pacer for Reset. Non-Taxable: 1024M
[3.682s][info][gc          ] GC(18) Concurrent reset 2.616ms
[3.682s][info][gc,start    ] GC(18) Pause Init Mark (unload classes)
[3.682s][info][gc,task     ] GC(18) Using 6 of 6 workers for init marking
[3.682s][info][gc,ergo     ] GC(18) Pacer for Mark. Expected Live: 196M, Free: 132M, Non-Taxable: 13547K, Alloc Tax Rate: 1.8x
[3.682s][info][gc          ] GC(18) Pause Init Mark (unload classes) 0.129ms
[3.682s][info][gc,start    ] GC(18) Concurrent marking roots
[3.682s][info][gc,task     ] GC(18) Using 3 of 6 workers for concurrent marking roots
[3.682s][info][gc          ] GC(18) Concurrent marking roots 0.260ms
[3.682s][info][gc,start    ] GC(18) Concurrent marking (unload classes)
[3.682s][info][gc,task     ] GC(18) Using 3 of 6 workers for concurrent marking
[3.684s][info][gc          ] GC(18) Concurrent marking (unload classes) 2.141ms
[3.685s][info][gc,start    ] GC(18) Pause Final Mark (unload classes)
[3.685s][info][gc,task     ] GC(18) Using 6 of 6 workers for final marking
[3.685s][info][gc,ergo     ] GC(18) Adaptive CSet Selection. Target Free: 145M, Actual Free: 391M, Max CSet: 43690K, Min Garbage: 0B
[3.685s][info][gc,ergo     ] GC(18) Collectable Garbage: 400M (63%), Immediate: 227M (36%), CSet: 173M (27%)
[3.685s][info][gc,ergo     ] GC(18) Pacer for Evacuation. Used CSet: 215M, Free: 354M, Non-Taxable: 36304K, Alloc Tax Rate: 1.5x
[3.685s][info][gc          ] GC(18) Pause Final Mark (unload classes) 0.556ms
[3.685s][info][gc,start    ] GC(18) Concurrent thread roots
[3.685s][info][gc,task     ] GC(18) Using 3 of 6 workers for Concurrent thread roots
[3.685s][info][gc          ] GC(18) Concurrent thread roots 0.185ms
[3.685s][info][gc,start    ] GC(18) Concurrent weak references
[3.685s][info][gc,task     ] GC(18) Using 3 of 6 workers for concurrent weak references
[3.686s][info][gc,ref      ] GC(18) Encountered references: Soft: 47, Weak: 146, Final: 0, Phantom: 3
[3.686s][info][gc,ref      ] GC(18) Discovered  references: Soft: 0, Weak: 36, Final: 0, Phantom: 2
[3.686s][info][gc,ref      ] GC(18) Enqueued    references: Soft: 0, Weak: 0, Final: 0, Phantom: 0
[3.686s][info][gc          ] GC(18) Concurrent weak references 0.120ms
[3.686s][info][gc,start    ] GC(18) Concurrent weak roots
[3.686s][info][gc,task     ] GC(18) Using 3 of 6 workers for concurrent weak root
[3.686s][info][gc          ] GC(18) Concurrent weak roots 0.331ms
[3.686s][info][gc,start    ] GC(18) Concurrent cleanup
[3.686s][info][gc          ] GC(18) Concurrent cleanup 846M->620M(1024M) 0.071ms
[3.686s][info][gc,ergo     ] GC(18) Free: 339M, Max: 512K regular, 126M humongous, Frag: 63% external, 0% internal; Reserve: 52720K, Max: 512K
[3.686s][info][gc,start    ] GC(18) Concurrent class unloading
[3.686s][info][gc,task     ] GC(18) Using 3 of 6 workers for concurrent class unloading
[3.687s][info][gc          ] GC(18) Concurrent class unloading 0.676ms
[3.687s][info][gc,start    ] GC(18) Concurrent strong roots
[3.687s][info][gc,task     ] GC(18) Using 3 of 6 workers for concurrent strong root
[3.687s][info][gc          ] GC(18) Concurrent strong roots 0.100ms
[3.687s][info][gc,start    ] GC(18) Concurrent evacuation
[3.687s][info][gc,task     ] GC(18) Using 3 of 6 workers for concurrent evacuation
[3.699s][info][gc          ] GC(18) Concurrent evacuation 12.437ms
[3.700s][info][gc,start    ] GC(18) Pause Init Update Refs
[3.700s][info][gc,ergo     ] GC(18) Pacer for Update Refs. Used: 721M, Free: 282M, Non-Taxable: 28905K, Alloc Tax Rate: 3.1x
[3.700s][info][gc          ] GC(18) Pause Init Update Refs 0.027ms
[3.700s][info][gc,start    ] GC(18) Concurrent update references
[3.700s][info][gc,task     ] GC(18) Using 3 of 6 workers for concurrent reference update
[3.703s][info][gc          ] GC(18) Concurrent update references 3.355ms
[3.703s][info][gc,start    ] GC(18) Concurrent update thread roots
[3.703s][info][gc          ] GC(18) Concurrent update thread roots 0.365ms
[3.704s][info][gc,start    ] GC(18) Pause Final Update Refs
[3.704s][info][gc,task     ] GC(18) Using 6 of 6 workers for final reference update
[3.704s][info][gc          ] GC(18) Pause Final Update Refs 0.226ms
[3.704s][info][gc,start    ] GC(18) Concurrent cleanup
[3.704s][info][gc          ] GC(18) Concurrent cleanup 755M->540M(1024M) 0.061ms
[3.704s][info][gc,ergo     ] Free: 430M, Max: 512K regular, 110M humongous, Frag: 74% external, 48% internal; Reserve: 52736K, Max: 512K
[3.704s][info][gc,stats    ] 
[3.704s][info][gc,stats    ] All times are wall-clock times, except per-root-class counters, that are sum over
[3.704s][info][gc,stats    ] all workers. Dividing the <total> over the root stage time estimates parallelism.
[3.704s][info][gc,stats    ] 
[3.704s][info][gc,stats    ] Concurrent Reset                   2656 us
[3.704s][info][gc,stats    ] Pause Init Mark (G)                 433 us
[3.704s][info][gc,stats    ] Pause Init Mark (N)                 134 us
[3.704s][info][gc,stats    ]   Update Region States               88 us
[3.704s][info][gc,stats    ] Concurrent Mark Roots               273 us, parallelism: 0.96x
[3.704s][info][gc,stats    ]   CMR: <total>                      262 us
[3.704s][info][gc,stats    ]   CMR: Thread Roots                 190 us, workers (us):  58,  70,  62, ---, ---, ---, 
[3.704s][info][gc,stats    ]   CMR: VM Strong Roots                5 us, workers (us):   4,   0,   0, ---, ---, ---, 
[3.704s][info][gc,stats    ]   CMR: CLDG Roots                    67 us, workers (us):  67, ---, ---, ---, ---, ---, 
[3.704s][info][gc,stats    ] Concurrent Marking                 2172 us
[3.704s][info][gc,stats    ] Pause Final Mark (G)                816 us
[3.704s][info][gc,stats    ] Pause Final Mark (N)                560 us
[3.704s][info][gc,stats    ]   Finish Mark                       307 us
[3.704s][info][gc,stats    ]   Update Region States               84 us
[3.704s][info][gc,stats    ]   Choose Collection Set             114 us
[3.704s][info][gc,stats    ]   Rebuild Free Set                   19 us
[3.704s][info][gc,stats    ] Concurrent Thread Roots             195 us, parallelism: 0.61x
[3.704s][info][gc,stats    ]   CTR: <total>                      118 us
[3.704s][info][gc,stats    ]   CTR: Thread Roots                 118 us, workers (us):  41,  36,  41, ---, ---, ---, 
[3.704s][info][gc,stats    ] Concurrent Weak References          123 us, parallelism: 0.04x
[3.704s][info][gc,stats    ]   CWRF: <total>                       4 us
[3.704s][info][gc,stats    ]   CWRF: Weak References               4 us, workers (us):   4,   0,   0, ---, ---, ---, 
[3.704s][info][gc,stats    ] Concurrent Weak Roots               340 us
[3.704s][info][gc,stats    ]   Roots                             237 us, parallelism: 0.99x
[3.704s][info][gc,stats    ]     CWR: <total>                    234 us
[3.704s][info][gc,stats    ]     CWR: Code Cache Roots           186 us, workers (us):   0,  79, 106, ---, ---, ---, 
[3.704s][info][gc,stats    ]     CWR: VM Weak Roots               40 us, workers (us):  28,   8,   4, ---, ---, ---, 
[3.704s][info][gc,stats    ]     CWR: CLDG Roots                   9 us, workers (us):   9, ---, ---, ---, ---, ---, 
[3.704s][info][gc,stats    ]   Rendezvous                         87 us
[3.704s][info][gc,stats    ] Concurrent Cleanup                   75 us
[3.704s][info][gc,stats    ] Concurrent Class Unloading          692 us
[3.704s][info][gc,stats    ]   Unlink Stale                      443 us
[3.704s][info][gc,stats    ]     System Dictionary                 4 us
[3.704s][info][gc,stats    ]     Weak Class Links                  0 us
[3.704s][info][gc,stats    ]     Code Roots                      439 us
[3.704s][info][gc,stats    ]   Rendezvous                         74 us
[3.704s][info][gc,stats    ]   Purge Unlinked                    152 us
[3.704s][info][gc,stats    ]     Code Roots                      135 us
[3.704s][info][gc,stats    ]     CLDG                             16 us
[3.704s][info][gc,stats    ]     Exception Caches                  0 us
[3.704s][info][gc,stats    ] Concurrent Strong Roots             109 us, parallelism: 0.28x
[3.704s][info][gc,stats    ]   CSR: <total>                       30 us
[3.704s][info][gc,stats    ]   CSR: VM Strong Roots                3 us, workers (us):   2,   0,   0, ---, ---, ---, 
[3.704s][info][gc,stats    ]   CSR: CLDG Roots                    28 us, workers (us):  28, ---, ---, ---, ---, ---, 
[3.704s][info][gc,stats    ] Concurrent Evacuation             12523 us
[3.704s][info][gc,stats    ] Pause Init Update Refs (G)          322 us
[3.704s][info][gc,stats    ] Pause Init Update Refs (N)           30 us
[3.704s][info][gc,stats    ]   Manage GCLABs                       3 us
[3.704s][info][gc,stats    ] Concurrent Update Refs             3423 us
[3.704s][info][gc,stats    ] Concurrent Update Thread Roots      380 us
[3.704s][info][gc,stats    ] Pause Final Update Refs (G)         446 us
[3.704s][info][gc,stats    ] Pause Final Update Refs (N)         238 us
[3.704s][info][gc,stats    ]   Update Region States              178 us
[3.704s][info][gc,stats    ]   Trash Collection Set                8 us
[3.704s][info][gc,stats    ]   Rebuild Free Set                   18 us
[3.704s][info][gc,stats    ] Concurrent Cleanup                   69 us
[3.704s][info][gc,stats    ] 
[3.704s][info][gc,stats    ] Allocation pacing accrued:
[3.704s][info][gc,stats    ]       0 of    54 ms (  0.0%): <total>
[3.704s][info][gc,stats    ]       0 of    54 ms (  0.0%): <average total>
[3.704s][info][gc,stats    ] 
[3.704s][info][gc,metaspace] Metaspace: 6358K(6528K)->6358K(6528K) NonClass: 5812K(5888K)->5812K(5888K) Class: 546K(640K)->546K(640K)
[3.704s][info][gc,ergo     ] Pacer for Idle. Initial: 20971K, Alloc Tax Rate: 1.0x
[3.721s][info][gc          ] Trigger: Average GC time (31.43 ms) is above the time for average allocation rate (3086 MB/s) to deplete free headroom (99293K) (margin of error = 1.94)
[3.721s][info][gc,ergo     ] Free headroom: 148M (free) - 52428K (spike) - 0B (penalties) = 99293K
[3.722s][info][gc,ergo     ] Free: 145M, Max: 512K regular, 110M humongous, Frag: 23% external, 27% internal; Reserve: 52736K, Max: 512K
[3.722s][info][gc,start    ] GC(19) Concurrent reset
[3.722s][info][gc,task     ] GC(19) Using 3 of 6 workers for concurrent reset
[3.722s][info][gc,ergo     ] GC(19) Pacer for Reset. Non-Taxable: 1024M
[3.724s][info][gc          ] GC(19) Concurrent reset 2.556ms
[3.724s][info][gc,start    ] GC(19) Pause Init Mark (unload classes)
[3.724s][info][gc,task     ] GC(19) Using 6 of 6 workers for init marking
[3.724s][info][gc,ergo     ] GC(19) Pacer for Mark. Expected Live: 196M, Free: 129M, Non-Taxable: 13296K, Alloc Tax Rate: 1.8x
[3.725s][info][gc          ] GC(19) Pause Init Mark (unload classes) 0.145ms
[3.725s][info][gc,start    ] GC(19) Concurrent marking roots
[3.725s][info][gc,task     ] GC(19) Using 3 of 6 workers for concurrent marking roots
[3.725s][info][gc          ] GC(19) Concurrent marking roots 0.285ms
[3.725s][info][gc,start    ] GC(19) Concurrent marking (unload classes)
[3.725s][info][gc,task     ] GC(19) Using 3 of 6 workers for concurrent marking
[3.727s][info][gc          ] GC(19) Concurrent marking (unload classes) 1.628ms
[3.727s][info][gc,start    ] GC(19) Pause Final Mark (unload classes)
[3.727s][info][gc,task     ] GC(19) Using 6 of 6 workers for final marking
[3.727s][info][gc,ergo     ] GC(19) Adaptive CSet Selection. Target Free: 145M, Actual Free: 413M, Max CSet: 43690K, Min Garbage: 0B
[3.727s][info][gc,ergo     ] GC(19) Collectable Garbage: 419M (66%), Immediate: 247M (39%), CSet: 171M (27%)
[3.727s][info][gc,ergo     ] GC(19) Pacer for Evacuation. Used CSet: 214M, Free: 376M, Non-Taxable: 38551K, Alloc Tax Rate: 1.4x
[3.727s][info][gc          ] GC(19) Pause Final Mark (unload classes) 0.594ms
[3.727s][info][gc,start    ] GC(19) Concurrent thread roots
[3.727s][info][gc,task     ] GC(19) Using 3 of 6 workers for Concurrent thread roots
[3.727s][info][gc          ] GC(19) Concurrent thread roots 0.150ms
[3.727s][info][gc,start    ] GC(19) Concurrent weak references
[3.727s][info][gc,task     ] GC(19) Using 3 of 6 workers for concurrent weak references
[3.727s][info][gc,ref      ] GC(19) Encountered references: Soft: 47, Weak: 146, Final: 0, Phantom: 3
[3.727s][info][gc,ref      ] GC(19) Discovered  references: Soft: 0, Weak: 48, Final: 0, Phantom: 2
[3.727s][info][gc,ref      ] GC(19) Enqueued    references: Soft: 0, Weak: 0, Final: 0, Phantom: 0
[3.727s][info][gc          ] GC(19) Concurrent weak references 0.059ms
[3.727s][info][gc,start    ] GC(19) Concurrent weak roots
[3.727s][info][gc,task     ] GC(19) Using 3 of 6 workers for concurrent weak root
[3.728s][info][gc          ] GC(19) Concurrent weak roots 0.284ms
[3.728s][info][gc,start    ] GC(19) Concurrent cleanup
[3.728s][info][gc          ] GC(19) Concurrent cleanup 840M->594M(1024M) 0.051ms
[3.728s][info][gc,ergo     ] GC(19) Free: 366M, Max: 512K regular, 124M humongous, Frag: 66% external, 2% internal; Reserve: 52736K, Max: 512K
[3.728s][info][gc,start    ] GC(19) Concurrent class unloading
[3.728s][info][gc,task     ] GC(19) Using 3 of 6 workers for concurrent class unloading
[3.729s][info][gc          ] GC(19) Concurrent class unloading 0.865ms
[3.729s][info][gc,start    ] GC(19) Concurrent strong roots
[3.729s][info][gc,task     ] GC(19) Using 3 of 6 workers for concurrent strong root
[3.729s][info][gc          ] GC(19) Concurrent strong roots 0.138ms
[3.729s][info][gc,start    ] GC(19) Concurrent evacuation
[3.729s][info][gc,task     ] GC(19) Using 3 of 6 workers for concurrent evacuation
[3.741s][info][gc          ] GC(19) Concurrent evacuation 12.441ms
[3.742s][info][gc,start    ] GC(19) Pause Init Update Refs
[3.742s][info][gc,ergo     ] GC(19) Pacer for Update Refs. Used: 700M, Free: 303M, Non-Taxable: 31114K, Alloc Tax Rate: 2.8x
[3.742s][info][gc          ] GC(19) Pause Init Update Refs 0.024ms
[3.742s][info][gc,start    ] GC(19) Concurrent update references
[3.742s][info][gc,task     ] GC(19) Using 3 of 6 workers for concurrent reference update
[3.745s][info][gc          ] GC(19) Concurrent update references 3.287ms
[3.745s][info][gc,start    ] GC(19) Concurrent update thread roots
[3.745s][info][gc          ] GC(19) Concurrent update thread roots 0.324ms
[3.746s][info][gc,start    ] GC(19) Pause Final Update Refs
[3.746s][info][gc,task     ] GC(19) Using 6 of 6 workers for final reference update
[3.746s][info][gc          ] GC(19) Pause Final Update Refs 0.268ms
[3.746s][info][gc,start    ] GC(19) Concurrent cleanup
[3.746s][info][gc          ] GC(19) Concurrent cleanup 732M->519M(1024M) 0.058ms
[3.746s][info][gc,ergo     ] Free: 451M, Max: 512K regular, 112M humongous, Frag: 75% external, 46% internal; Reserve: 52736K, Max: 512K
[3.746s][info][gc,stats    ] 
[3.746s][info][gc,stats    ] All times are wall-clock times, except per-root-class counters, that are sum over
[3.746s][info][gc,stats    ] all workers. Dividing the <total> over the root stage time estimates parallelism.
[3.746s][info][gc,stats    ] 
[3.746s][info][gc,stats    ] Concurrent Reset                   2623 us
[3.746s][info][gc,stats    ] Pause Init Mark (G)                 443 us
[3.746s][info][gc,stats    ] Pause Init Mark (N)                 150 us
[3.746s][info][gc,stats    ]   Update Region States               78 us
[3.746s][info][gc,stats    ] Concurrent Mark Roots               297 us, parallelism: 0.83x
[3.746s][info][gc,stats    ]   CMR: <total>                      247 us
[3.746s][info][gc,stats    ]   CMR: Thread Roots                 168 us, workers (us):  44,  61,  64, ---, ---, ---, 
[3.746s][info][gc,stats    ]   CMR: VM Strong Roots                7 us, workers (us):   6,   0,   0, ---, ---, ---, 
[3.746s][info][gc,stats    ]   CMR: CLDG Roots                    72 us, workers (us):  72, ---, ---, ---, ---, ---, 
[3.746s][info][gc,stats    ] Concurrent Marking                 1645 us
[3.746s][info][gc,stats    ] Pause Final Mark (G)                682 us
[3.746s][info][gc,stats    ] Pause Final Mark (N)                597 us
[3.746s][info][gc,stats    ]   Finish Mark                       348 us
[3.746s][info][gc,stats    ]   Update Region States              102 us
[3.746s][info][gc,stats    ]   Choose Collection Set             101 us
[3.746s][info][gc,stats    ]   Rebuild Free Set                   18 us
[3.746s][info][gc,stats    ] Concurrent Thread Roots             159 us, parallelism: 0.61x
[3.746s][info][gc,stats    ]   CTR: <total>                       97 us
[3.746s][info][gc,stats    ]   CTR: Thread Roots                  97 us, workers (us):  62,  29,   7, ---, ---, ---, 
[3.746s][info][gc,stats    ] Concurrent Weak References           63 us, parallelism: 0.05x
[3.746s][info][gc,stats    ]   CWRF: <total>                       3 us
[3.746s][info][gc,stats    ]   CWRF: Weak References               3 us, workers (us):   3,   0,   0, ---, ---, ---, 
[3.746s][info][gc,stats    ] Concurrent Weak Roots               295 us
[3.746s][info][gc,stats    ]   Roots                             182 us, parallelism: 1.19x
[3.746s][info][gc,stats    ]     CWR: <total>                    217 us
[3.746s][info][gc,stats    ]     CWR: Code Cache Roots           198 us, workers (us): 123,  75,   0, ---, ---, ---, 
[3.746s][info][gc,stats    ]     CWR: VM Weak Roots               17 us, workers (us):  16,   1,   1, ---, ---, ---, 
[3.746s][info][gc,stats    ]     CWR: CLDG Roots                   2 us, workers (us):   2, ---, ---, ---, ---, ---, 
[3.746s][info][gc,stats    ]   Rendezvous                         94 us
[3.746s][info][gc,stats    ] Concurrent Cleanup                   56 us
[3.746s][info][gc,stats    ] Concurrent Class Unloading          898 us
[3.746s][info][gc,stats    ]   Unlink Stale                      539 us
[3.746s][info][gc,stats    ]     System Dictionary                 5 us
[3.746s][info][gc,stats    ]     Weak Class Links                  0 us
[3.746s][info][gc,stats    ]     Code Roots                      533 us
[3.746s][info][gc,stats    ]   Rendezvous                        141 us
[3.746s][info][gc,stats    ]   Purge Unlinked                    175 us
[3.746s][info][gc,stats    ]     Code Roots                      158 us
[3.746s][info][gc,stats    ]     CLDG                             17 us
[3.746s][info][gc,stats    ]     Exception Caches                  0 us
[3.746s][info][gc,stats    ] Concurrent Strong Roots             145 us, parallelism: 0.18x
[3.746s][info][gc,stats    ]   CSR: <total>                       27 us
[3.746s][info][gc,stats    ]   CSR: VM Strong Roots                2 us, workers (us):   2,   0,   0, ---, ---, ---, 
[3.746s][info][gc,stats    ]   CSR: CLDG Roots                    24 us, workers (us):  24, ---, ---, ---, ---, ---, 
[3.746s][info][gc,stats    ] Concurrent Evacuation             12513 us
[3.746s][info][gc,stats    ] Pause Init Update Refs (G)          336 us
[3.746s][info][gc,stats    ] Pause Init Update Refs (N)           28 us
[3.746s][info][gc,stats    ]   Manage GCLABs                       3 us
[3.746s][info][gc,stats    ] Concurrent Update Refs             3357 us
[3.746s][info][gc,stats    ] Concurrent Update Thread Roots      345 us
[3.746s][info][gc,stats    ] Pause Final Update Refs (G)         522 us
[3.746s][info][gc,stats    ] Pause Final Update Refs (N)         279 us
[3.746s][info][gc,stats    ]   Update Region States              221 us
[3.746s][info][gc,stats    ]   Trash Collection Set                7 us
[3.746s][info][gc,stats    ]   Rebuild Free Set                   17 us
[3.746s][info][gc,stats    ] Concurrent Cleanup                   63 us
[3.746s][info][gc,stats    ] Pacing                             1872 us
[3.746s][info][gc,stats    ] 
[3.746s][info][gc,stats    ] Allocation pacing accrued:
[3.746s][info][gc,stats    ]       2 of    42 ms (  4.5%): main
[3.746s][info][gc,stats    ]       2 of    42 ms (  4.5%): <total>
[3.746s][info][gc,stats    ]       0 of    42 ms (  0.4%): <average total>
[3.746s][info][gc,stats    ]       2 of    42 ms (  4.5%): <average non-zero>
[3.746s][info][gc,stats    ] 
[3.746s][info][gc,metaspace] Metaspace: 6358K(6528K)->6358K(6528K) NonClass: 5812K(5888K)->5812K(5888K) Class: 546K(640K)->546K(640K)
[3.746s][info][gc,ergo     ] Pacer for Idle. Initial: 20971K, Alloc Tax Rate: 1.0x
[3.767s][info][gc          ] Trigger: Average GC time (29.47 ms) is above the time for average allocation rate (3086 MB/s) to deplete free headroom (84767K) (margin of error = 1.94)
[3.767s][info][gc,ergo     ] Free headroom: 133M (free) - 52428K (spike) - 0B (penalties) = 84767K
[3.767s][info][gc,ergo     ] Free: 133M, Max: 512K regular, 112M humongous, Frag: 16% external, 8% internal; Reserve: 52736K, Max: 512K
[3.767s][info][gc,start    ] GC(20) Concurrent reset
[3.767s][info][gc,task     ] GC(20) Using 3 of 6 workers for concurrent reset
[3.767s][info][gc,ergo     ] GC(20) Pacer for Reset. Non-Taxable: 1024M
[3.769s][info][gc          ] GC(20) Concurrent reset 2.485ms
[3.770s][info][gc,start    ] GC(20) Pause Init Mark (unload classes)
[3.770s][info][gc,task     ] GC(20) Using 6 of 6 workers for init marking
[3.770s][info][gc,ergo     ] GC(20) Pacer for Mark. Expected Live: 196M, Free: 121M, Non-Taxable: 12482K, Alloc Tax Rate: 2.0x
[3.770s][info][gc          ] GC(20) Pause Init Mark (unload classes) 0.201ms
[3.770s][info][gc,start    ] GC(20) Concurrent marking roots
[3.770s][info][gc,task     ] GC(20) Using 3 of 6 workers for concurrent marking roots
[3.770s][info][gc          ] GC(20) Concurrent marking roots 0.281ms
[3.770s][info][gc,start    ] GC(20) Concurrent marking (unload classes)
[3.770s][info][gc,task     ] GC(20) Using 3 of 6 workers for concurrent marking
[3.772s][info][gc          ] GC(20) Concurrent marking (unload classes) 1.483ms
[3.772s][info][gc,start    ] GC(20) Pause Final Mark (unload classes)
[3.772s][info][gc,task     ] GC(20) Using 6 of 6 workers for final marking
[3.772s][info][gc,ergo     ] GC(20) Adaptive CSet Selection. Target Free: 145M, Actual Free: 408M, Max CSet: 43690K, Min Garbage: 0B
[3.772s][info][gc,ergo     ] GC(20) Collectable Garbage: 419M (65%), Immediate: 248M (38%), CSet: 171M (26%)
[3.772s][info][gc,ergo     ] GC(20) Pacer for Evacuation. Used CSet: 214M, Free: 371M, Non-Taxable: 38004K, Alloc Tax Rate: 1.4x
[3.772s][info][gc          ] GC(20) Pause Final Mark (unload classes) 0.549ms
[3.773s][info][gc,start    ] GC(20) Concurrent thread roots
[3.773s][info][gc,task     ] GC(20) Using 3 of 6 workers for Concurrent thread roots
[3.773s][info][gc          ] GC(20) Concurrent thread roots 0.163ms
[3.773s][info][gc,start    ] GC(20) Concurrent weak references
[3.773s][info][gc,task     ] GC(20) Using 3 of 6 workers for concurrent weak references
[3.773s][info][gc,ref      ] GC(20) Encountered references: Soft: 47, Weak: 146, Final: 0, Phantom: 3
[3.773s][info][gc,ref      ] GC(20) Discovered  references: Soft: 0, Weak: 48, Final: 0, Phantom: 2
[3.773s][info][gc,ref      ] GC(20) Enqueued    references: Soft: 0, Weak: 0, Final: 0, Phantom: 0
[3.773s][info][gc          ] GC(20) Concurrent weak references 0.061ms
[3.773s][info][gc,start    ] GC(20) Concurrent weak roots
[3.773s][info][gc,task     ] GC(20) Using 3 of 6 workers for concurrent weak root
[3.773s][info][gc          ] GC(20) Concurrent weak roots 0.302ms
[3.773s][info][gc,start    ] GC(20) Concurrent cleanup
[3.773s][info][gc          ] GC(20) Concurrent cleanup 845M->597M(1024M) 0.051ms
[3.773s][info][gc,ergo     ] GC(20) Free: 371M, Max: 512K regular, 128M humongous, Frag: 65% external, 47% internal; Reserve: 52736K, Max: 512K
[3.773s][info][gc,start    ] GC(20) Concurrent class unloading
[3.773s][info][gc,task     ] GC(20) Using 3 of 6 workers for concurrent class unloading
[3.774s][info][gc          ] GC(20) Concurrent class unloading 0.374ms
[3.774s][info][gc,start    ] GC(20) Concurrent strong roots
[3.774s][info][gc,task     ] GC(20) Using 3 of 6 workers for concurrent strong root
[3.774s][info][gc          ] GC(20) Concurrent strong roots 0.110ms
[3.774s][info][gc,start    ] GC(20) Concurrent evacuation
[3.774s][info][gc,task     ] GC(20) Using 3 of 6 workers for concurrent evacuation
[3.782s][info][gc          ] GC(20) Concurrent evacuation 8.352ms
[3.782s][info][gc,start    ] GC(20) Pause Init Update Refs
[3.782s][info][gc,ergo     ] GC(20) Pacer for Update Refs. Used: 657M, Free: 354M, Non-Taxable: 36342K, Alloc Tax Rate: 2.3x
[3.782s][info][gc          ] GC(20) Pause Init Update Refs 0.028ms
[3.782s][info][gc,start    ] GC(20) Concurrent update references
[3.782s][info][gc,task     ] GC(20) Using 3 of 6 workers for concurrent reference update
[3.786s][info][gc          ] GC(20) Concurrent update references 3.189ms
[3.786s][info][gc,start    ] GC(20) Concurrent update thread roots
[3.786s][info][gc          ] GC(20) Concurrent update thread roots 0.269ms
[3.786s][info][gc,start    ] GC(20) Pause Final Update Refs
[3.786s][info][gc,task     ] GC(20) Using 6 of 6 workers for final reference update
[3.786s][info][gc          ] GC(20) Pause Final Update Refs 0.257ms
[3.786s][info][gc,start    ] GC(20) Concurrent cleanup
[3.787s][info][gc          ] GC(20) Concurrent cleanup 688M->476M(1024M) 0.062ms
[3.787s][info][gc,ergo     ] Free: 495M, Max: 512K regular, 112M humongous, Frag: 77% external, 42% internal; Reserve: 52736K, Max: 512K
[3.787s][info][gc,stats    ] 
[3.787s][info][gc,stats    ] All times are wall-clock times, except per-root-class counters, that are sum over
[3.787s][info][gc,stats    ] all workers. Dividing the <total> over the root stage time estimates parallelism.
[3.787s][info][gc,stats    ] 
[3.787s][info][gc,stats    ] Concurrent Reset                   2550 us
[3.787s][info][gc,stats    ] Pause Init Mark (G)                 524 us
[3.787s][info][gc,stats    ] Pause Init Mark (N)                 206 us
[3.787s][info][gc,stats    ]   Update Region States              160 us
[3.787s][info][gc,stats    ] Concurrent Mark Roots               293 us, parallelism: 0.81x
[3.787s][info][gc,stats    ]   CMR: <total>                      236 us
[3.787s][info][gc,stats    ]   CMR: Thread Roots                 171 us, workers (us):  49,  59,  63, ---, ---, ---, 
[3.787s][info][gc,stats    ]   CMR: VM Strong Roots                6 us, workers (us):   6,   0,   0, ---, ---, ---, 
[3.787s][info][gc,stats    ]   CMR: CLDG Roots                    59 us, workers (us):  59, ---, ---, ---, ---, ---, 
[3.787s][info][gc,stats    ] Concurrent Marking                 1496 us
[3.787s][info][gc,stats    ] Pause Final Mark (G)                682 us
[3.787s][info][gc,stats    ] Pause Final Mark (N)                553 us
[3.787s][info][gc,stats    ]   Finish Mark                       273 us
[3.787s][info][gc,stats    ]   Update Region States              154 us
[3.787s][info][gc,stats    ]   Choose Collection Set              80 us
[3.787s][info][gc,stats    ]   Rebuild Free Set                   18 us
[3.787s][info][gc,stats    ] Concurrent Thread Roots             174 us, parallelism: 0.52x
[3.787s][info][gc,stats    ]   CTR: <total>                       90 us
[3.787s][info][gc,stats    ]   CTR: Thread Roots                  90 us, workers (us):  61,  30,   0, ---, ---, ---, 
[3.787s][info][gc,stats    ] Concurrent Weak References           65 us, parallelism: 0.04x
[3.787s][info][gc,stats    ]   CWRF: <total>                       3 us
[3.787s][info][gc,stats    ]   CWRF: Weak References               3 us, workers (us):   3,   0,   0, ---, ---, ---, 
[3.787s][info][gc,stats    ] Concurrent Weak Roots               313 us
[3.787s][info][gc,stats    ]   Roots                             170 us, parallelism: 0.82x
[3.787s][info][gc,stats    ]     CWR: <total>                    140 us
[3.787s][info][gc,stats    ]     CWR: Code Cache Roots           122 us, workers (us):  51,  71,   0, ---, ---, ---, 
[3.787s][info][gc,stats    ]     CWR: VM Weak Roots               15 us, workers (us):  11,   4,   0, ---, ---, ---, 
[3.787s][info][gc,stats    ]     CWR: CLDG Roots                   3 us, workers (us):   3, ---, ---, ---, ---, ---, 
[3.787s][info][gc,stats    ]   Rendezvous                        124 us
[3.787s][info][gc,stats    ] Concurrent Cleanup                   55 us
[3.787s][info][gc,stats    ] Concurrent Class Unloading          382 us
[3.787s][info][gc,stats    ]   Unlink Stale                      207 us
[3.787s][info][gc,stats    ]     System Dictionary                 3 us
[3.787s][info][gc,stats    ]     Weak Class Links                  0 us
[3.787s][info][gc,stats    ]     Code Roots                      204 us
[3.787s][info][gc,stats    ]   Rendezvous                         84 us
[3.787s][info][gc,stats    ]   Purge Unlinked                     69 us
[3.787s][info][gc,stats    ]     Code Roots                       56 us
[3.787s][info][gc,stats    ]     CLDG                             13 us
[3.787s][info][gc,stats    ]     Exception Caches                  0 us
[3.787s][info][gc,stats    ] Concurrent Strong Roots             118 us, parallelism: 0.10x
[3.787s][info][gc,stats    ]   CSR: <total>                       12 us
[3.787s][info][gc,stats    ]   CSR: VM Strong Roots                1 us, workers (us):   1,   0,   0, ---, ---, ---, 
[3.787s][info][gc,stats    ]   CSR: CLDG Roots                    10 us, workers (us):  10, ---, ---, ---, ---, ---, 
[3.787s][info][gc,stats    ] Concurrent Evacuation              8419 us
[3.787s][info][gc,stats    ] Pause Init Update Refs (G)          372 us
[3.787s][info][gc,stats    ] Pause Init Update Refs (N)           32 us
[3.787s][info][gc,stats    ]   Manage GCLABs                       3 us
[3.787s][info][gc,stats    ] Concurrent Update Refs             3258 us
[3.787s][info][gc,stats    ] Concurrent Update Thread Roots      287 us
[3.787s][info][gc,stats    ] Pause Final Update Refs (G)         524 us
[3.787s][info][gc,stats    ] Pause Final Update Refs (N)         269 us
[3.787s][info][gc,stats    ]   Update Region States              211 us
[3.787s][info][gc,stats    ]   Trash Collection Set                7 us
[3.787s][info][gc,stats    ]   Rebuild Free Set                   18 us
[3.787s][info][gc,stats    ] Concurrent Cleanup                   67 us
[3.787s][info][gc,stats    ] Pacing                             7915 us
[3.787s][info][gc,stats    ] 
[3.787s][info][gc,stats    ] Allocation pacing accrued:
[3.787s][info][gc,stats    ]       8 of    40 ms ( 19.5%): main
[3.787s][info][gc,stats    ]       8 of    40 ms ( 19.5%): <total>
[3.787s][info][gc,stats    ]       1 of    40 ms (  1.8%): <average total>
[3.787s][info][gc,stats    ]       8 of    40 ms ( 19.5%): <average non-zero>
[3.787s][info][gc,stats    ] 
[3.787s][info][gc,metaspace] Metaspace: 6358K(6528K)->6358K(6528K) NonClass: 5812K(5888K)->5812K(5888K) Class: 546K(640K)->546K(640K)
[3.787s][info][gc,ergo     ] Pacer for Idle. Initial: 20971K, Alloc Tax Rate: 1.0x
[3.810s][info][gc          ] Trigger: Average GC time (28.82 ms) is above the time for average allocation rate (3084 MB/s) to deplete free headroom (81922K) (margin of error = 1.92)
[3.810s][info][gc,ergo     ] Free headroom: 131M (free) - 52428K (spike) - 0B (penalties) = 81922K
[3.810s][info][gc,ergo     ] Free: 130M, Max: 512K regular, 112M humongous, Frag: 13% external, 21% internal; Reserve: 52736K, Max: 512K
[3.810s][info][gc,start    ] GC(21) Concurrent reset
[3.810s][info][gc,task     ] GC(21) Using 3 of 6 workers for concurrent reset
[3.810s][info][gc,ergo     ] GC(21) Pacer for Reset. Non-Taxable: 1024M
[3.813s][info][gc          ] GC(21) Concurrent reset 2.717ms
[3.813s][info][gc,start    ] GC(21) Pause Init Mark (unload classes)
[3.813s][info][gc,task     ] GC(21) Using 6 of 6 workers for init marking
[3.813s][info][gc,ergo     ] GC(21) Pacer for Mark. Expected Live: 196M, Free: 116M, Non-Taxable: 11910K, Alloc Tax Rate: 2.1x
[3.813s][info][gc          ] GC(21) Pause Init Mark (unload classes) 0.197ms
[3.813s][info][gc,start    ] GC(21) Concurrent marking roots
[3.813s][info][gc,task     ] GC(21) Using 3 of 6 workers for concurrent marking roots
[3.814s][info][gc          ] GC(21) Concurrent marking roots 0.276ms
[3.814s][info][gc,start    ] GC(21) Concurrent marking (unload classes)
[3.814s][info][gc,task     ] GC(21) Using 3 of 6 workers for concurrent marking
[3.815s][info][gc          ] GC(21) Concurrent marking (unload classes) 1.456ms
[3.815s][info][gc,start    ] GC(21) Pause Final Mark (unload classes)
[3.815s][info][gc,task     ] GC(21) Using 6 of 6 workers for final marking
[3.816s][info][gc,ergo     ] GC(21) Adaptive CSet Selection. Target Free: 145M, Actual Free: 405M, Max CSet: 43690K, Min Garbage: 0B
[3.816s][info][gc,ergo     ] GC(21) Collectable Garbage: 423M (65%), Immediate: 250M (38%), CSet: 173M (26%)
[3.816s][info][gc,ergo     ] GC(21) Pacer for Evacuation. Used CSet: 215M, Free: 368M, Non-Taxable: 37730K, Alloc Tax Rate: 1.4x
[3.816s][info][gc          ] GC(21) Pause Final Mark (unload classes) 0.624ms
[3.816s][info][gc,start    ] GC(21) Concurrent thread roots
[3.816s][info][gc,task     ] GC(21) Using 3 of 6 workers for Concurrent thread roots
[3.816s][info][gc          ] GC(21) Concurrent thread roots 0.173ms
[3.816s][info][gc,start    ] GC(21) Concurrent weak references
[3.816s][info][gc,task     ] GC(21) Using 3 of 6 workers for concurrent weak references
[3.816s][info][gc,ref      ] GC(21) Encountered references: Soft: 47, Weak: 146, Final: 0, Phantom: 3
[3.816s][info][gc,ref      ] GC(21) Discovered  references: Soft: 0, Weak: 48, Final: 0, Phantom: 2
[3.816s][info][gc,ref      ] GC(21) Enqueued    references: Soft: 0, Weak: 0, Final: 0, Phantom: 0
[3.816s][info][gc          ] GC(21) Concurrent weak references 0.154ms
[3.816s][info][gc,start    ] GC(21) Concurrent weak roots
[3.816s][info][gc,task     ] GC(21) Using 3 of 6 workers for concurrent weak root
[3.816s][info][gc          ] GC(21) Concurrent weak roots 0.251ms
[3.816s][info][gc,start    ] GC(21) Concurrent cleanup
[3.816s][info][gc          ] GC(21) Concurrent cleanup 850M->599M(1024M) 0.045ms
[3.816s][info][gc,ergo     ] GC(21) Free: 368M, Max: 512K regular, 122M humongous, Frag: 66% external, 48% internal; Reserve: 52716K, Max: 512K
[3.816s][info][gc,start    ] GC(21) Concurrent class unloading
[3.816s][info][gc,task     ] GC(21) Using 3 of 6 workers for concurrent class unloading
[3.817s][info][gc          ] GC(21) Concurrent class unloading 0.305ms
[3.817s][info][gc,start    ] GC(21) Concurrent strong roots
[3.817s][info][gc,task     ] GC(21) Using 3 of 6 workers for concurrent strong root
[3.817s][info][gc          ] GC(21) Concurrent strong roots 0.068ms
[3.817s][info][gc,start    ] GC(21) Concurrent evacuation
[3.817s][info][gc,task     ] GC(21) Using 3 of 6 workers for concurrent evacuation
[3.827s][info][gc          ] GC(21) Concurrent evacuation 10.035ms
[3.827s][info][gc,start    ] GC(21) Pause Init Update Refs
[3.827s][info][gc,ergo     ] GC(21) Pacer for Update Refs. Used: 671M, Free: 340M, Non-Taxable: 34874K, Alloc Tax Rate: 2.4x
[3.827s][info][gc          ] GC(21) Pause Init Update Refs 0.028ms
[3.827s][info][gc,start    ] GC(21) Concurrent update references
[3.827s][info][gc,task     ] GC(21) Using 3 of 6 workers for concurrent reference update
[3.831s][info][gc          ] GC(21) Concurrent update references 3.208ms
[3.831s][info][gc,start    ] GC(21) Concurrent update thread roots
[3.831s][info][gc          ] GC(21) Concurrent update thread roots 0.288ms
[3.831s][info][gc,start    ] GC(21) Pause Final Update Refs
[3.831s][info][gc,task     ] GC(21) Using 6 of 6 workers for final reference update
[3.831s][info][gc          ] GC(21) Pause Final Update Refs 0.269ms
[3.831s][info][gc,start    ] GC(21) Concurrent cleanup
[3.831s][info][gc          ] GC(21) Concurrent cleanup 704M->490M(1024M) 0.060ms
[3.832s][info][gc,ergo     ] Free: 480M, Max: 512K regular, 110M humongous, Frag: 77% external, 44% internal; Reserve: 52736K, Max: 512K
[3.832s][info][gc,stats    ] 
[3.832s][info][gc,stats    ] All times are wall-clock times, except per-root-class counters, that are sum over
[3.832s][info][gc,stats    ] all workers. Dividing the <total> over the root stage time estimates parallelism.
[3.832s][info][gc,stats    ] 
[3.832s][info][gc,stats    ] Concurrent Reset                   2786 us
[3.832s][info][gc,stats    ] Pause Init Mark (G)                 537 us
[3.832s][info][gc,stats    ] Pause Init Mark (N)                 210 us
[3.832s][info][gc,stats    ]   Update Region States              146 us
[3.832s][info][gc,stats    ] Concurrent Mark Roots               287 us, parallelism: 0.84x
[3.832s][info][gc,stats    ]   CMR: <total>                      241 us
[3.832s][info][gc,stats    ]   CMR: Thread Roots                 165 us, workers (us):  12,  89,  64, ---, ---, ---, 
[3.832s][info][gc,stats    ]   CMR: VM Strong Roots                6 us, workers (us):   5,   0,   0, ---, ---, ---, 
[3.832s][info][gc,stats    ]   CMR: CLDG Roots                    70 us, workers (us):  70, ---, ---, ---, ---, ---, 
[3.832s][info][gc,stats    ] Concurrent Marking                 1469 us
[3.832s][info][gc,stats    ] Pause Final Mark (G)                756 us
[3.832s][info][gc,stats    ] Pause Final Mark (N)                628 us
[3.832s][info][gc,stats    ]   Finish Mark                       391 us
[3.832s][info][gc,stats    ]   Update Region States               70 us
[3.832s][info][gc,stats    ]   Choose Collection Set             121 us
[3.832s][info][gc,stats    ]   Rebuild Free Set                   17 us
[3.832s][info][gc,stats    ] Concurrent Thread Roots             183 us, parallelism: 0.47x
[3.832s][info][gc,stats    ]   CTR: <total>                       87 us
[3.832s][info][gc,stats    ]   CTR: Thread Roots                  87 us, workers (us):  59,  27,   0, ---, ---, ---, 
[3.832s][info][gc,stats    ] Concurrent Weak References          157 us, parallelism: 0.02x
[3.832s][info][gc,stats    ]   CWRF: <total>                       3 us
[3.832s][info][gc,stats    ]   CWRF: Weak References               3 us, workers (us):   3,   0,   0, ---, ---, ---, 
[3.832s][info][gc,stats    ] Concurrent Weak Roots               259 us
[3.832s][info][gc,stats    ]   Roots                             166 us, parallelism: 0.88x
[3.832s][info][gc,stats    ]     CWR: <total>                    146 us
[3.832s][info][gc,stats    ]     CWR: Code Cache Roots           126 us, workers (us):  53,  72,   0, ---, ---, ---, 
[3.832s][info][gc,stats    ]     CWR: VM Weak Roots               17 us, workers (us):  15,   2,   1, ---, ---, ---, 
[3.832s][info][gc,stats    ]     CWR: CLDG Roots                   3 us, workers (us):   3, ---, ---, ---, ---, ---, 
[3.832s][info][gc,stats    ]   Rendezvous                         78 us
[3.832s][info][gc,stats    ] Concurrent Cleanup                   49 us
[3.832s][info][gc,stats    ] Concurrent Class Unloading          313 us
[3.832s][info][gc,stats    ]   Unlink Stale                      207 us
[3.832s][info][gc,stats    ]     System Dictionary                 3 us
[3.832s][info][gc,stats    ]     Weak Class Links                  0 us
[3.832s][info][gc,stats    ]     Code Roots                      203 us
[3.832s][info][gc,stats    ]   Rendezvous                         44 us
[3.832s][info][gc,stats    ]   Purge Unlinked                     47 us
[3.832s][info][gc,stats    ]     Code Roots                       35 us
[3.832s][info][gc,stats    ]     CLDG                             12 us
[3.832s][info][gc,stats    ]     Exception Caches                  0 us
[3.832s][info][gc,stats    ] Concurrent Strong Roots              75 us, parallelism: 0.52x
[3.832s][info][gc,stats    ]   CSR: <total>                       39 us
[3.832s][info][gc,stats    ]   CSR: VM Strong Roots                2 us, workers (us):   2,   0,   0, ---, ---, ---, 
[3.832s][info][gc,stats    ]   CSR: CLDG Roots                    37 us, workers (us):  37, ---, ---, ---, ---, ---, 
[3.832s][info][gc,stats    ] Concurrent Evacuation             10129 us
[3.832s][info][gc,stats    ] Pause Init Update Refs (G)          365 us
[3.832s][info][gc,stats    ] Pause Init Update Refs (N)           32 us
[3.832s][info][gc,stats    ]   Manage GCLABs                       3 us
[3.832s][info][gc,stats    ] Concurrent Update Refs             3275 us
[3.832s][info][gc,stats    ] Concurrent Update Thread Roots      307 us
[3.832s][info][gc,stats    ] Pause Final Update Refs (G)         522 us
[3.832s][info][gc,stats    ] Pause Final Update Refs (N)         280 us
[3.832s][info][gc,stats    ]   Update Region States              221 us
[3.832s][info][gc,stats    ]   Trash Collection Set                8 us
[3.832s][info][gc,stats    ]   Rebuild Free Set                   19 us
[3.832s][info][gc,stats    ] Concurrent Cleanup                   65 us
[3.832s][info][gc,stats    ] Pacing                             6550 us
[3.832s][info][gc,stats    ] 
[3.832s][info][gc,stats    ] Allocation pacing accrued:
[3.832s][info][gc,stats    ]       7 of    45 ms ( 14.6%): main
[3.832s][info][gc,stats    ]       7 of    45 ms ( 14.6%): <total>
[3.832s][info][gc,stats    ]       1 of    45 ms (  1.3%): <average total>
[3.832s][info][gc,stats    ]       7 of    45 ms ( 14.6%): <average non-zero>
[3.832s][info][gc,stats    ] 
[3.832s][info][gc,metaspace] Metaspace: 6358K(6528K)->6358K(6528K) NonClass: 5812K(5888K)->5812K(5888K) Class: 546K(640K)->546K(640K)
[3.832s][info][gc,ergo     ] Pacer for Idle. Initial: 20971K, Alloc Tax Rate: 1.0x
[3.867s][info][gc          ] Trigger: Average GC time (26.57 ms) is above the time for average allocation rate (3083 MB/s) to deplete free headroom (64310K) (margin of error = 1.91)
[3.867s][info][gc,ergo     ] Free headroom: 114M (free) - 52428K (spike) - 0B (penalties) = 64310K
[3.867s][info][gc,ergo     ] Free: 113M, Max: 512K regular, 110M humongous, Frag: 2% external, 11% internal; Reserve: 52736K, Max: 512K
[3.867s][info][gc,start    ] GC(22) Concurrent reset
[3.868s][info][gc,task     ] GC(22) Using 3 of 6 workers for concurrent reset
[3.868s][info][gc,ergo     ] GC(22) Pacer for Reset. Non-Taxable: 1024M
[3.870s][info][gc          ] GC(22) Concurrent reset 2.372ms
[3.870s][info][gc,start    ] GC(22) Pause Init Mark (unload classes)
[3.870s][info][gc,task     ] GC(22) Using 6 of 6 workers for init marking
[3.870s][info][gc,ergo     ] GC(22) Pacer for Mark. Expected Live: 196M, Free: 101M, Non-Taxable: 10442K, Alloc Tax Rate: 2.4x
[3.870s][info][gc          ] GC(22) Pause Init Mark (unload classes) 0.137ms
[3.870s][info][gc,start    ] GC(22) Concurrent marking roots
[3.870s][info][gc,task     ] GC(22) Using 3 of 6 workers for concurrent marking roots
[3.871s][info][gc          ] GC(22) Concurrent marking roots 0.273ms
[3.871s][info][gc,start    ] GC(22) Concurrent marking (unload classes)
[3.871s][info][gc,task     ] GC(22) Using 3 of 6 workers for concurrent marking
[3.873s][info][gc          ] GC(22) Concurrent marking (unload classes) 1.962ms
[3.873s][info][gc,start    ] GC(22) Pause Final Mark (unload classes)
[3.873s][info][gc,task     ] GC(22) Using 6 of 6 workers for final marking
[3.873s][info][gc,ergo     ] GC(22) Adaptive CSet Selection. Target Free: 145M, Actual Free: 405M, Max CSet: 43690K, Min Garbage: 0B
[3.873s][info][gc,ergo     ] GC(22) Collectable Garbage: 433M (66%), Immediate: 261M (39%), CSet: 171M (26%)
[3.873s][info][gc,ergo     ] GC(22) Pacer for Evacuation. Used CSet: 214M, Free: 368M, Non-Taxable: 37744K, Alloc Tax Rate: 1.4x
[3.873s][info][gc          ] GC(22) Pause Final Mark (unload classes) 0.511ms
[3.873s][info][gc,start    ] GC(22) Concurrent thread roots
[3.873s][info][gc,task     ] GC(22) Using 3 of 6 workers for Concurrent thread roots
[3.874s][info][gc          ] GC(22) Concurrent thread roots 0.178ms
[3.874s][info][gc,start    ] GC(22) Concurrent weak references
[3.874s][info][gc,task     ] GC(22) Using 3 of 6 workers for concurrent weak references
[3.874s][info][gc,ref      ] GC(22) Encountered references: Soft: 47, Weak: 146, Final: 0, Phantom: 3
[3.874s][info][gc,ref      ] GC(22) Discovered  references: Soft: 0, Weak: 53, Final: 0, Phantom: 2
[3.874s][info][gc,ref      ] GC(22) Enqueued    references: Soft: 0, Weak: 0, Final: 0, Phantom: 0
[3.874s][info][gc          ] GC(22) Concurrent weak references 0.117ms
[3.874s][info][gc,start    ] GC(22) Concurrent weak roots
[3.874s][info][gc,task     ] GC(22) Using 3 of 6 workers for concurrent weak root
[3.874s][info][gc          ] GC(22) Concurrent weak roots 0.651ms
[3.874s][info][gc,start    ] GC(22) Concurrent cleanup
[3.874s][info][gc          ] GC(22) Concurrent cleanup 862M->601M(1024M) 0.053ms
[3.874s][info][gc,ergo     ] GC(22) Free: 357M, Max: 512K regular, 108M humongous, Frag: 70% external, 1% internal; Reserve: 52733K, Max: 512K
[3.874s][info][gc,start    ] GC(22) Concurrent class unloading
[3.874s][info][gc,task     ] GC(22) Using 3 of 6 workers for concurrent class unloading
[3.875s][info][gc          ] GC(22) Concurrent class unloading 0.731ms
[3.875s][info][gc,start    ] GC(22) Concurrent strong roots
[3.875s][info][gc,task     ] GC(22) Using 3 of 6 workers for concurrent strong root
[3.875s][info][gc          ] GC(22) Concurrent strong roots 0.141ms
[3.875s][info][gc,start    ] GC(22) Concurrent evacuation
[3.875s][info][gc,task     ] GC(22) Using 3 of 6 workers for concurrent evacuation
[3.888s][info][gc          ] GC(22) Concurrent evacuation 12.475ms
[3.888s][info][gc,start    ] GC(22) Pause Init Update Refs
[3.888s][info][gc,ergo     ] GC(22) Pacer for Update Refs. Used: 705M, Free: 298M, Non-Taxable: 30524K, Alloc Tax Rate: 2.9x
[3.888s][info][gc          ] GC(22) Pause Init Update Refs 0.025ms
[3.888s][info][gc,start    ] GC(22) Concurrent update references
[3.888s][info][gc,task     ] GC(22) Using 3 of 6 workers for concurrent reference update
[3.892s][info][gc          ] GC(22) Concurrent update references 3.482ms
[3.892s][info][gc,start    ] GC(22) Concurrent update thread roots
[3.892s][info][gc          ] GC(22) Concurrent update thread roots 0.358ms
[3.892s][info][gc,start    ] GC(22) Pause Final Update Refs
[3.892s][info][gc,task     ] GC(22) Using 6 of 6 workers for final reference update
[3.892s][info][gc          ] GC(22) Pause Final Update Refs 0.192ms
[3.893s][info][gc,start    ] GC(22) Concurrent cleanup
[3.893s][info][gc          ] GC(22) Concurrent cleanup 738M->526M(1024M) 0.066ms
[3.893s][info][gc,ergo     ] Free: 442M, Max: 512K regular, 84992K humongous, Frag: 81% external, 41% internal; Reserve: 52736K, Max: 512K
[3.893s][info][gc,stats    ] 
[3.893s][info][gc,stats    ] All times are wall-clock times, except per-root-class counters, that are sum over
[3.893s][info][gc,stats    ] all workers. Dividing the <total> over the root stage time estimates parallelism.
[3.893s][info][gc,stats    ] 
[3.893s][info][gc,stats    ] Concurrent Reset                   2424 us
[3.893s][info][gc,stats    ] Pause Init Mark (G)                 433 us
[3.893s][info][gc,stats    ] Pause Init Mark (N)                 143 us
[3.893s][info][gc,stats    ]   Update Region States               93 us
[3.893s][info][gc,stats    ] Concurrent Mark Roots               287 us, parallelism: 0.71x
[3.893s][info][gc,stats    ]   CMR: <total>                      203 us
[3.893s][info][gc,stats    ]   CMR: Thread Roots                 148 us, workers (us):  52,  52,  45, ---, ---, ---, 
[3.893s][info][gc,stats    ]   CMR: VM Strong Roots                5 us, workers (us):   4,   0,   0, ---, ---, ---, 
[3.893s][info][gc,stats    ]   CMR: CLDG Roots                    50 us, workers (us):  50, ---, ---, ---, ---, ---, 
[3.893s][info][gc,stats    ] Concurrent Marking                 1974 us
[3.893s][info][gc,stats    ] Pause Final Mark (G)                714 us
[3.893s][info][gc,stats    ] Pause Final Mark (N)                515 us
[3.893s][info][gc,stats    ]   Finish Mark                       296 us
[3.893s][info][gc,stats    ]   Update Region States               82 us
[3.893s][info][gc,stats    ]   Choose Collection Set              85 us
[3.893s][info][gc,stats    ]   Rebuild Free Set                   20 us
[3.893s][info][gc,stats    ] Concurrent Thread Roots             186 us, parallelism: 0.48x
[3.893s][info][gc,stats    ]   CTR: <total>                       89 us
[3.893s][info][gc,stats    ]   CTR: Thread Roots                  89 us, workers (us):  23,  30,  36, ---, ---, ---, 
[3.893s][info][gc,stats    ] Concurrent Weak References          120 us, parallelism: 0.02x
[3.893s][info][gc,stats    ]   CWRF: <total>                       3 us
[3.893s][info][gc,stats    ]   CWRF: Weak References               3 us, workers (us):   3,   0,   0, ---, ---, ---, 
[3.893s][info][gc,stats    ] Concurrent Weak Roots               661 us
[3.893s][info][gc,stats    ]   Roots                             225 us, parallelism: 0.70x
[3.893s][info][gc,stats    ]     CWR: <total>                    157 us
[3.893s][info][gc,stats    ]     CWR: Code Cache Roots           139 us, workers (us):  80,  59,   0, ---, ---, ---, 
[3.893s][info][gc,stats    ]     CWR: VM Weak Roots               16 us, workers (us):  15,   1,   1, ---, ---, ---, 
[3.893s][info][gc,stats    ]     CWR: CLDG Roots                   2 us, workers (us):   2, ---, ---, ---, ---, ---, 
[3.893s][info][gc,stats    ]   Rendezvous                        419 us
[3.893s][info][gc,stats    ] Concurrent Cleanup                   57 us
[3.893s][info][gc,stats    ] Concurrent Class Unloading          822 us
[3.893s][info][gc,stats    ]   Unlink Stale                      510 us
[3.893s][info][gc,stats    ]     System Dictionary                 4 us
[3.893s][info][gc,stats    ]     Weak Class Links                  0 us
[3.893s][info][gc,stats    ]     Code Roots                      505 us
[3.893s][info][gc,stats    ]   Rendezvous                         98 us
[3.893s][info][gc,stats    ]   Purge Unlinked                    115 us
[3.893s][info][gc,stats    ]     Code Roots                      100 us
[3.893s][info][gc,stats    ]     CLDG                             15 us
[3.893s][info][gc,stats    ]     Exception Caches                  0 us
[3.893s][info][gc,stats    ] Concurrent Strong Roots             151 us, parallelism: 0.24x
[3.893s][info][gc,stats    ]   CSR: <total>                       36 us
[3.893s][info][gc,stats    ]   CSR: VM Strong Roots                2 us, workers (us):   2,   0,   0, ---, ---, ---, 
[3.893s][info][gc,stats    ]   CSR: CLDG Roots                    34 us, workers (us):  34, ---, ---, ---, ---, ---, 
[3.893s][info][gc,stats    ] Concurrent Evacuation             12542 us
[3.893s][info][gc,stats    ] Pause Init Update Refs (G)          296 us
[3.893s][info][gc,stats    ] Pause Init Update Refs (N)           29 us
[3.893s][info][gc,stats    ]   Manage GCLABs                       3 us
[3.893s][info][gc,stats    ] Concurrent Update Refs             3548 us
[3.893s][info][gc,stats    ] Concurrent Update Thread Roots      375 us
[3.893s][info][gc,stats    ] Pause Final Update Refs (G)         444 us
[3.893s][info][gc,stats    ] Pause Final Update Refs (N)         201 us
[3.893s][info][gc,stats    ]   Update Region States              126 us
[3.893s][info][gc,stats    ]   Trash Collection Set               10 us
[3.893s][info][gc,stats    ]   Rebuild Free Set                   34 us
[3.893s][info][gc,stats    ] Concurrent Cleanup                   71 us
[3.893s][info][gc,stats    ] Pacing                             7621 us
[3.893s][info][gc,stats    ] 
[3.893s][info][gc,stats    ] Allocation pacing accrued:
[3.893s][info][gc,stats    ]       8 of    61 ms ( 12.5%): main
[3.893s][info][gc,stats    ]       8 of    61 ms ( 12.5%): <total>
[3.893s][info][gc,stats    ]       1 of    61 ms (  1.1%): <average total>
[3.893s][info][gc,stats    ]       8 of    61 ms ( 12.5%): <average non-zero>
[3.893s][info][gc,stats    ] 
[3.893s][info][gc,metaspace] Metaspace: 6358K(6528K)->6358K(6528K) NonClass: 5812K(5888K)->5812K(5888K) Class: 546K(640K)->546K(640K)
[3.893s][info][gc,ergo     ] Pacer for Idle. Initial: 20971K, Alloc Tax Rate: 1.0x
[3.926s][info][gc          ] Trigger: Average GC time (27.96 ms) is above the time for average allocation rate (3084 MB/s) to deplete free headroom (79472K) (margin of error = 1.92)
[3.926s][info][gc,ergo     ] Free headroom: 128M (free) - 52428K (spike) - 0B (penalties) = 79472K
[3.926s][info][gc,ergo     ] Free: 127M, Max: 512K regular, 84992K humongous, Frag: 35% external, 28% internal; Reserve: 52736K, Max: 512K
[3.926s][info][gc,start    ] GC(23) Concurrent reset
[3.926s][info][gc,task     ] GC(23) Using 3 of 6 workers for concurrent reset
[3.926s][info][gc,ergo     ] GC(23) Pacer for Reset. Non-Taxable: 1024M
[3.929s][info][gc          ] GC(23) Concurrent reset 2.780ms
[3.929s][info][gc,start    ] GC(23) Pause Init Mark (unload classes)
[3.929s][info][gc,task     ] GC(23) Using 6 of 6 workers for init marking
[3.929s][info][gc,ergo     ] GC(23) Pacer for Mark. Expected Live: 196M, Free: 112M, Non-Taxable: 11562K, Alloc Tax Rate: 2.1x
[3.929s][info][gc          ] GC(23) Pause Init Mark (unload classes) 0.142ms
[3.930s][info][gc,start    ] GC(23) Concurrent marking roots
[3.930s][info][gc,task     ] GC(23) Using 3 of 6 workers for concurrent marking roots
[3.930s][info][gc          ] GC(23) Concurrent marking roots 0.295ms
[3.930s][info][gc,start    ] GC(23) Concurrent marking (unload classes)
[3.930s][info][gc,task     ] GC(23) Using 3 of 6 workers for concurrent marking
[3.931s][info][gc          ] GC(23) Concurrent marking (unload classes) 1.545ms
[3.931s][info][gc,start    ] GC(23) Pause Final Mark (unload classes)
[3.931s][info][gc,task     ] GC(23) Using 6 of 6 workers for final marking
[3.932s][info][gc,ergo     ] GC(23) Adaptive CSet Selection. Target Free: 145M, Actual Free: 402M, Max CSet: 43690K, Min Garbage: 0B
[3.932s][info][gc,ergo     ] GC(23) Collectable Garbage: 422M (65%), Immediate: 250M (38%), CSet: 171M (26%)
[3.932s][info][gc,ergo     ] GC(23) Pacer for Evacuation. Used CSet: 214M, Free: 365M, Non-Taxable: 37398K, Alloc Tax Rate: 1.4x
[3.932s][info][gc          ] GC(23) Pause Final Mark (unload classes) 0.600ms
[3.932s][info][gc,start    ] GC(23) Concurrent thread roots
[3.932s][info][gc,task     ] GC(23) Using 3 of 6 workers for Concurrent thread roots
[3.932s][info][gc          ] GC(23) Concurrent thread roots 0.176ms
[3.932s][info][gc,start    ] GC(23) Concurrent weak references
[3.932s][info][gc,task     ] GC(23) Using 3 of 6 workers for concurrent weak references
[3.932s][info][gc,ref      ] GC(23) Encountered references: Soft: 47, Weak: 146, Final: 0, Phantom: 3
[3.932s][info][gc,ref      ] GC(23) Discovered  references: Soft: 0, Weak: 54, Final: 0, Phantom: 2
[3.932s][info][gc,ref      ] GC(23) Enqueued    references: Soft: 0, Weak: 0, Final: 0, Phantom: 0
[3.932s][info][gc          ] GC(23) Concurrent weak references 0.069ms
[3.932s][info][gc,start    ] GC(23) Concurrent weak roots
[3.932s][info][gc,task     ] GC(23) Using 3 of 6 workers for concurrent weak root
[3.933s][info][gc          ] GC(23) Concurrent weak roots 0.319ms
[3.933s][info][gc,start    ] GC(23) Concurrent cleanup
[3.933s][info][gc          ] GC(23) Concurrent cleanup 859M->609M(1024M) 0.070ms
[3.933s][info][gc,ergo     ] GC(23) Free: 350M, Max: 512K regular, 102M humongous, Frag: 71% external, 2% internal; Reserve: 52736K, Max: 512K
[3.933s][info][gc,start    ] GC(23) Concurrent class unloading
[3.933s][info][gc,task     ] GC(23) Using 3 of 6 workers for concurrent class unloading
[3.933s][info][gc          ] GC(23) Concurrent class unloading 0.626ms
[3.933s][info][gc,start    ] GC(23) Concurrent strong roots
[3.933s][info][gc,task     ] GC(23) Using 3 of 6 workers for concurrent strong root
[3.934s][info][gc          ] GC(23) Concurrent strong roots 0.142ms
[3.934s][info][gc,start    ] GC(23) Concurrent evacuation
[3.934s][info][gc,task     ] GC(23) Using 3 of 6 workers for concurrent evacuation
[3.946s][info][gc          ] GC(23) Concurrent evacuation 12.708ms
[3.947s][info][gc,start    ] GC(23) Pause Init Update Refs
[3.947s][info][gc,ergo     ] GC(23) Pacer for Update Refs. Used: 709M, Free: 294M, Non-Taxable: 30178K, Alloc Tax Rate: 2.9x
[3.947s][info][gc          ] GC(23) Pause Init Update Refs 0.025ms
[3.947s][info][gc,start    ] GC(23) Concurrent update references
[3.947s][info][gc,task     ] GC(23) Using 3 of 6 workers for concurrent reference update
[3.950s][info][gc          ] GC(23) Concurrent update references 3.448ms
[3.950s][info][gc,start    ] GC(23) Concurrent update thread roots
[3.951s][info][gc          ] GC(23) Concurrent update thread roots 0.317ms
[3.951s][info][gc,start    ] GC(23) Pause Final Update Refs
[3.951s][info][gc,task     ] GC(23) Using 6 of 6 workers for final reference update
[3.951s][info][gc          ] GC(23) Pause Final Update Refs 0.200ms
[3.951s][info][gc,start    ] GC(23) Concurrent cleanup
[3.951s][info][gc          ] GC(23) Concurrent cleanup 741M->529M(1024M) 0.065ms
[3.951s][info][gc,ergo     ] Free: 441M, Max: 512K regular, 87040K humongous, Frag: 81% external, 47% internal; Reserve: 52736K, Max: 512K
[3.951s][info][gc,stats    ] 
[3.951s][info][gc,stats    ] All times are wall-clock times, except per-root-class counters, that are sum over
[3.951s][info][gc,stats    ] all workers. Dividing the <total> over the root stage time estimates parallelism.
[3.951s][info][gc,stats    ] 
[3.951s][info][gc,stats    ] Concurrent Reset                   2843 us
[3.951s][info][gc,stats    ] Pause Init Mark (G)                 433 us
[3.951s][info][gc,stats    ] Pause Init Mark (N)                 147 us
[3.951s][info][gc,stats    ]   Update Region States               97 us
[3.951s][info][gc,stats    ] Concurrent Mark Roots               310 us, parallelism: 0.77x
[3.951s][info][gc,stats    ]   CMR: <total>                      238 us
[3.951s][info][gc,stats    ]   CMR: Thread Roots                 167 us, workers (us):  47,  66,  53, ---, ---, ---, 
[3.951s][info][gc,stats    ]   CMR: VM Strong Roots                7 us, workers (us):   6,   0,   0, ---, ---, ---, 
[3.951s][info][gc,stats    ]   CMR: CLDG Roots                    65 us, workers (us):  65, ---, ---, ---, ---, ---, 
[3.951s][info][gc,stats    ] Concurrent Marking                 1560 us
[3.951s][info][gc,stats    ] Pause Final Mark (G)                742 us
[3.951s][info][gc,stats    ] Pause Final Mark (N)                605 us
[3.951s][info][gc,stats    ]   Finish Mark                       361 us
[3.951s][info][gc,stats    ]   Update Region States               93 us
[3.951s][info][gc,stats    ]   Choose Collection Set              96 us
[3.951s][info][gc,stats    ]   Rebuild Free Set                   22 us
[3.951s][info][gc,stats    ] Concurrent Thread Roots             186 us, parallelism: 0.55x
[3.951s][info][gc,stats    ]   CTR: <total>                      102 us
[3.951s][info][gc,stats    ]   CTR: Thread Roots                 102 us, workers (us):  60,  42,   0, ---, ---, ---, 
[3.951s][info][gc,stats    ] Concurrent Weak References           73 us, parallelism: 0.05x
[3.951s][info][gc,stats    ]   CWRF: <total>                       4 us
[3.951s][info][gc,stats    ]   CWRF: Weak References               4 us, workers (us):   4,   0,   0, ---, ---, ---, 
[3.951s][info][gc,stats    ] Concurrent Weak Roots               327 us
[3.951s][info][gc,stats    ]   Roots                             220 us, parallelism: 1.47x
[3.951s][info][gc,stats    ]     CWR: <total>                    323 us
[3.951s][info][gc,stats    ]     CWR: Code Cache Roots           292 us, workers (us): 128, 164,   0, ---, ---, ---, 
[3.951s][info][gc,stats    ]     CWR: VM Weak Roots               26 us, workers (us):  24,   2,   1, ---, ---, ---, 
[3.951s][info][gc,stats    ]     CWR: CLDG Roots                   5 us, workers (us):   5, ---, ---, ---, ---, ---, 
[3.951s][info][gc,stats    ]   Rendezvous                         91 us
[3.951s][info][gc,stats    ] Concurrent Cleanup                   74 us
[3.951s][info][gc,stats    ] Concurrent Class Unloading          637 us
[3.951s][info][gc,stats    ]   Unlink Stale                      412 us
[3.951s][info][gc,stats    ]     System Dictionary                 4 us
[3.951s][info][gc,stats    ]     Weak Class Links                  0 us
[3.951s][info][gc,stats    ]     Code Roots                      407 us
[3.951s][info][gc,stats    ]   Rendezvous                         94 us
[3.951s][info][gc,stats    ]   Purge Unlinked                    113 us
[3.951s][info][gc,stats    ]     Code Roots                       98 us
[3.951s][info][gc,stats    ]     CLDG                             15 us
[3.951s][info][gc,stats    ]     Exception Caches                  0 us
[3.951s][info][gc,stats    ] Concurrent Strong Roots             150 us, parallelism: 0.35x
[3.951s][info][gc,stats    ]   CSR: <total>                       53 us
[3.951s][info][gc,stats    ]   CSR: VM Strong Roots                2 us, workers (us):   2,   0,   0, ---, ---, ---, 
[3.951s][info][gc,stats    ]   CSR: CLDG Roots                    50 us, workers (us):  50, ---, ---, ---, ---, ---, 
[3.951s][info][gc,stats    ] Concurrent Evacuation             12779 us
[3.951s][info][gc,stats    ] Pause Init Update Refs (G)          299 us
[3.951s][info][gc,stats    ] Pause Init Update Refs (N)           29 us
[3.951s][info][gc,stats    ]   Manage GCLABs                       3 us
[3.951s][info][gc,stats    ] Concurrent Update Refs             3536 us
[3.951s][info][gc,stats    ] Concurrent Update Thread Roots      335 us
[3.951s][info][gc,stats    ] Pause Final Update Refs (G)         451 us
[3.951s][info][gc,stats    ] Pause Final Update Refs (N)         209 us
[3.951s][info][gc,stats    ]   Update Region States              127 us
[3.951s][info][gc,stats    ]   Trash Collection Set               12 us
[3.951s][info][gc,stats    ]   Rebuild Free Set                   40 us
[3.951s][info][gc,stats    ] Concurrent Cleanup                   70 us
[3.951s][info][gc,stats    ] Pacing                             9316 us
[3.951s][info][gc,stats    ] 
[3.951s][info][gc,stats    ] Allocation pacing accrued:
[3.951s][info][gc,stats    ]       9 of    58 ms ( 15.9%): main
[3.951s][info][gc,stats    ]       9 of    58 ms ( 15.9%): <total>
[3.951s][info][gc,stats    ]       1 of    58 ms (  1.4%): <average total>
[3.951s][info][gc,stats    ]       9 of    58 ms ( 15.9%): <average non-zero>
[3.951s][info][gc,stats    ] 
[3.951s][info][gc,metaspace] Metaspace: 6358K(6528K)->6358K(6528K) NonClass: 5812K(5888K)->5812K(5888K) Class: 546K(640K)->546K(640K)
[3.951s][info][gc,ergo     ] Pacer for Idle. Initial: 20971K, Alloc Tax Rate: 1.0x
[3.973s][info][gc          ] Trigger: Average GC time (27.55 ms) is above the time for average allocation rate (3084 MB/s) to deplete free headroom (82718K) (margin of error = 1.93)
[3.973s][info][gc,ergo     ] Free headroom: 131M (free) - 52428K (spike) - 0B (penalties) = 82718K
[3.973s][info][gc,ergo     ] Free: 131M, Max: 512K regular, 87040K humongous, Frag: 35% external, 33% internal; Reserve: 52736K, Max: 512K
[3.973s][info][gc,start    ] GC(24) Concurrent reset
[3.973s][info][gc,task     ] GC(24) Using 3 of 6 workers for concurrent reset
[3.973s][info][gc,ergo     ] GC(24) Pacer for Reset. Non-Taxable: 1024M
[3.977s][info][gc          ] GC(24) Concurrent reset 4.068ms
[3.978s][info][gc,start    ] GC(24) Pause Init Mark (unload classes)
[3.978s][info][gc,task     ] GC(24) Using 6 of 6 workers for init marking
[3.978s][info][gc,ergo     ] GC(24) Pacer for Mark. Expected Live: 196M, Free: 121M, Non-Taxable: 12421K, Alloc Tax Rate: 2.0x
[3.978s][info][gc          ] GC(24) Pause Init Mark (unload classes) 0.223ms
[3.978s][info][gc,start    ] GC(24) Concurrent marking roots
[3.978s][info][gc,task     ] GC(24) Using 3 of 6 workers for concurrent marking roots
[3.978s][info][gc          ] GC(24) Concurrent marking roots 0.476ms
[3.978s][info][gc,start    ] GC(24) Concurrent marking (unload classes)
[3.979s][info][gc,task     ] GC(24) Using 3 of 6 workers for concurrent marking
[3.982s][info][gc          ] GC(24) Concurrent marking (unload classes) 3.243ms
[3.982s][info][gc,start    ] GC(24) Pause Final Mark (unload classes)
[3.982s][info][gc,task     ] GC(24) Using 6 of 6 workers for final marking
[3.983s][info][gc,ergo     ] GC(24) Adaptive CSet Selection. Target Free: 145M, Actual Free: 409M, Max CSet: 43690K, Min Garbage: 0B
[3.983s][info][gc,ergo     ] GC(24) Collectable Garbage: 421M (66%), Immediate: 250M (39%), CSet: 171M (26%)
[3.983s][info][gc,ergo     ] GC(24) Pacer for Evacuation. Used CSet: 214M, Free: 372M, Non-Taxable: 38101K, Alloc Tax Rate: 1.4x
[3.983s][info][gc          ] GC(24) Pause Final Mark (unload classes) 0.755ms
[3.983s][info][gc,start    ] GC(24) Concurrent thread roots
[3.983s][info][gc,task     ] GC(24) Using 3 of 6 workers for Concurrent thread roots
[3.983s][info][gc          ] GC(24) Concurrent thread roots 0.192ms
[3.983s][info][gc,start    ] GC(24) Concurrent weak references
[3.983s][info][gc,task     ] GC(24) Using 3 of 6 workers for concurrent weak references
[3.983s][info][gc,ref      ] GC(24) Encountered references: Soft: 47, Weak: 146, Final: 0, Phantom: 3
[3.983s][info][gc,ref      ] GC(24) Discovered  references: Soft: 0, Weak: 57, Final: 0, Phantom: 2
[3.983s][info][gc,ref      ] GC(24) Enqueued    references: Soft: 0, Weak: 0, Final: 0, Phantom: 0
[3.983s][info][gc          ] GC(24) Concurrent weak references 0.086ms
[3.983s][info][gc,start    ] GC(24) Concurrent weak roots
[3.983s][info][gc,task     ] GC(24) Using 3 of 6 workers for concurrent weak root
[3.983s][info][gc          ] GC(24) Concurrent weak roots 0.359ms
[3.983s][info][gc,start    ] GC(24) Concurrent cleanup
[3.983s][info][gc          ] GC(24) Concurrent cleanup 848M->599M(1024M) 0.066ms
[3.983s][info][gc,ergo     ] GC(24) Free: 360M, Max: 512K regular, 105M humongous, Frag: 71% external, 1% internal; Reserve: 52718K, Max: 512K
[3.983s][info][gc,start    ] GC(24) Concurrent class unloading
[3.983s][info][gc,task     ] GC(24) Using 3 of 6 workers for concurrent class unloading
[3.985s][info][gc          ] GC(24) Concurrent class unloading 1.164ms
[3.985s][info][gc,start    ] GC(24) Concurrent strong roots
[3.985s][info][gc,task     ] GC(24) Using 3 of 6 workers for concurrent strong root
[3.985s][info][gc          ] GC(24) Concurrent strong roots 0.310ms
[3.985s][info][gc,start    ] GC(24) Concurrent evacuation
[3.985s][info][gc,task     ] GC(24) Using 3 of 6 workers for concurrent evacuation
[4.002s][info][gc          ] GC(24) Concurrent evacuation 16.861ms
[4.002s][info][gc,start    ] GC(24) Pause Init Update Refs
[4.002s][info][gc,ergo     ] GC(24) Pacer for Update Refs. Used: 714M, Free: 289M, Non-Taxable: 29604K, Alloc Tax Rate: 3.0x
[4.002s][info][gc          ] GC(24) Pause Init Update Refs 0.039ms
[4.002s][info][gc,start    ] GC(24) Concurrent update references
[4.002s][info][gc,task     ] GC(24) Using 3 of 6 workers for concurrent reference update
[4.006s][info][gc          ] GC(24) Concurrent update references 3.779ms
[4.006s][info][gc,start    ] GC(24) Concurrent update thread roots
[4.007s][info][gc          ] GC(24) Concurrent update thread roots 0.369ms
[4.007s][info][gc,start    ] GC(24) Pause Final Update Refs
[4.007s][info][gc,task     ] GC(24) Using 6 of 6 workers for final reference update
[4.007s][info][gc          ] GC(24) Pause Final Update Refs 0.238ms
[4.007s][info][gc,start    ] GC(24) Concurrent cleanup
[4.007s][info][gc          ] GC(24) Concurrent cleanup 742M->530M(1024M) 0.075ms
[4.007s][info][gc,ergo     ] Free: 439M, Max: 512K regular, 95232K humongous, Frag: 79% external, 44% internal; Reserve: 52736K, Max: 512K
[4.007s][info][gc,stats    ] 
[4.007s][info][gc,stats    ] All times are wall-clock times, except per-root-class counters, that are sum over
[4.007s][info][gc,stats    ] all workers. Dividing the <total> over the root stage time estimates parallelism.
[4.007s][info][gc,stats    ] 
[4.007s][info][gc,stats    ] Concurrent Reset                   4195 us
[4.007s][info][gc,stats    ] Pause Init Mark (G)                 587 us
[4.007s][info][gc,stats    ] Pause Init Mark (N)                 230 us
[4.007s][info][gc,stats    ]   Update Region States              156 us
[4.007s][info][gc,stats    ] Concurrent Mark Roots               495 us, parallelism: 0.99x
[4.007s][info][gc,stats    ]   CMR: <total>                      488 us
[4.007s][info][gc,stats    ]   CMR: Thread Roots                 312 us, workers (us): 209,   0, 103, ---, ---, ---, 
[4.007s][info][gc,stats    ]   CMR: VM Strong Roots               15 us, workers (us):  11,   3,   0, ---, ---, ---, 
[4.007s][info][gc,stats    ]   CMR: CLDG Roots                   161 us, workers (us): ---, 161, ---, ---, ---, ---, 
[4.007s][info][gc,stats    ] Concurrent Marking                 3334 us
[4.007s][info][gc,stats    ] Pause Final Mark (G)                898 us
[4.007s][info][gc,stats    ] Pause Final Mark (N)                759 us
[4.007s][info][gc,stats    ]   Finish Mark                       428 us
[4.007s][info][gc,stats    ]   Update Region States              189 us
[4.007s][info][gc,stats    ]   Choose Collection Set              82 us
[4.007s][info][gc,stats    ]   Rebuild Free Set                   18 us
[4.007s][info][gc,stats    ] Concurrent Thread Roots             216 us, parallelism: 0.67x
[4.007s][info][gc,stats    ]   CTR: <total>                      145 us
[4.008s][info][gc,stats    ]   CTR: Thread Roots                 145 us, workers (us):  66,  36,  42, ---, ---, ---, 
[4.008s][info][gc,stats    ] Concurrent Weak References           89 us, parallelism: 0.07x
[4.008s][info][gc,stats    ]   CWRF: <total>                       6 us
[4.008s][info][gc,stats    ]   CWRF: Weak References               6 us, workers (us):   6,   0,   0, ---, ---, ---, 
[4.008s][info][gc,stats    ] Concurrent Weak Roots               371 us
[4.008s][info][gc,stats    ]   Roots                             220 us, parallelism: 0.79x
[4.008s][info][gc,stats    ]     CWR: <total>                    174 us
[4.008s][info][gc,stats    ]     CWR: Code Cache Roots           152 us, workers (us):  89,  63,   0, ---, ---, ---, 
[4.008s][info][gc,stats    ]     CWR: VM Weak Roots               19 us, workers (us):  18,   1,   1, ---, ---, ---, 
[4.008s][info][gc,stats    ]     CWR: CLDG Roots                   3 us, workers (us):   3, ---, ---, ---, ---, ---, 
[4.008s][info][gc,stats    ]   Rendezvous                        132 us
[4.008s][info][gc,stats    ] Concurrent Cleanup                   71 us
[4.008s][info][gc,stats    ] Concurrent Class Unloading         1275 us
[4.008s][info][gc,stats    ]   Unlink Stale                      691 us
[4.008s][info][gc,stats    ]     System Dictionary                 7 us
[4.008s][info][gc,stats    ]     Weak Class Links                  0 us
[4.008s][info][gc,stats    ]     Code Roots                      681 us
[4.008s][info][gc,stats    ]   Rendezvous                        202 us
[4.008s][info][gc,stats    ]   Purge Unlinked                    261 us
[4.008s][info][gc,stats    ]     Code Roots                      236 us
[4.008s][info][gc,stats    ]     CLDG                             24 us
[4.008s][info][gc,stats    ]     Exception Caches                  1 us
[4.008s][info][gc,stats    ] Concurrent Strong Roots             343 us, parallelism: 0.35x
[4.008s][info][gc,stats    ]   CSR: <total>                      119 us
[4.008s][info][gc,stats    ]   CSR: VM Strong Roots               11 us, workers (us):   9,   1,   2, ---, ---, ---, 
[4.008s][info][gc,stats    ]   CSR: CLDG Roots                   108 us, workers (us): 108, ---, ---, ---, ---, ---, 
[4.008s][info][gc,stats    ] Concurrent Evacuation             16958 us
[4.008s][info][gc,stats    ] Pause Init Update Refs (G)          406 us
[4.008s][info][gc,stats    ] Pause Init Update Refs (N)           43 us
[4.008s][info][gc,stats    ]   Manage GCLABs                       6 us
[4.008s][info][gc,stats    ] Concurrent Update Refs             3858 us
[4.008s][info][gc,stats    ] Concurrent Update Thread Roots      400 us
[4.008s][info][gc,stats    ] Pause Final Update Refs (G)         561 us
[4.008s][info][gc,stats    ] Pause Final Update Refs (N)         250 us
[4.008s][info][gc,stats    ]   Update Region States              186 us
[4.008s][info][gc,stats    ]   Trash Collection Set                9 us
[4.008s][info][gc,stats    ]   Rebuild Free Set                   20 us
[4.008s][info][gc,stats    ] Concurrent Cleanup                   81 us
[4.008s][info][gc,stats    ] Pacing                             3079 us
[4.008s][info][gc,stats    ] 
[4.008s][info][gc,stats    ] Allocation pacing accrued:
[4.008s][info][gc,stats    ]       3 of    56 ms (  5.5%): main
[4.008s][info][gc,stats    ]       3 of    56 ms (  5.5%): <total>
[4.008s][info][gc,stats    ]       0 of    56 ms (  0.5%): <average total>
[4.008s][info][gc,stats    ]       3 of    56 ms (  5.5%): <average non-zero>
[4.008s][info][gc,stats    ] 
[4.008s][info][gc,metaspace] Metaspace: 6358K(6528K)->6358K(6528K) NonClass: 5812K(5888K)->5812K(5888K) Class: 546K(640K)->546K(640K)
[4.008s][info][gc,ergo     ] Pacer for Idle. Initial: 20971K, Alloc Tax Rate: 1.0x
[4.028s][info][gc          ] Trigger: Average GC time (39.17 ms) is above the time for average allocation rate (3085 MB/s) to deplete free headroom (101M) (margin of error = 1.94)
[4.028s][info][gc,ergo     ] Free headroom: 152M (free) - 52428K (spike) - 0B (penalties) = 101M
[4.028s][info][gc,ergo     ] Free: 151M, Max: 512K regular, 95232K humongous, Frag: 39% external, 16% internal; Reserve: 52736K, Max: 512K
[4.028s][info][gc,start    ] GC(25) Concurrent reset
[4.028s][info][gc,task     ] GC(25) Using 3 of 6 workers for concurrent reset
[4.028s][info][gc,ergo     ] GC(25) Pacer for Reset. Non-Taxable: 1024M
[4.031s][info][gc          ] GC(25) Concurrent reset 2.606ms
[4.031s][info][gc,start    ] GC(25) Pause Init Mark (unload classes)
[4.031s][info][gc,task     ] GC(25) Using 6 of 6 workers for init marking
[4.031s][info][gc,ergo     ] GC(25) Pacer for Mark. Expected Live: 196M, Free: 137M, Non-Taxable: 14112K, Alloc Tax Rate: 1.7x
[4.031s][info][gc          ] GC(25) Pause Init Mark (unload classes) 0.182ms
[4.031s][info][gc,start    ] GC(25) Concurrent marking roots
[4.031s][info][gc,task     ] GC(25) Using 3 of 6 workers for concurrent marking roots
[4.032s][info][gc          ] GC(25) Concurrent marking roots 0.281ms
[4.032s][info][gc,start    ] GC(25) Concurrent marking (unload classes)
[4.032s][info][gc,task     ] GC(25) Using 3 of 6 workers for concurrent marking
[4.034s][info][gc          ] GC(25) Concurrent marking (unload classes) 2.074ms
[4.034s][info][gc,start    ] GC(25) Pause Final Mark (unload classes)
[4.034s][info][gc,task     ] GC(25) Using 6 of 6 workers for final marking
[4.034s][info][gc,ergo     ] GC(25) Adaptive CSet Selection. Target Free: 145M, Actual Free: 414M, Max CSet: 43690K, Min Garbage: 0B
[4.034s][info][gc,ergo     ] GC(25) Collectable Garbage: 412M (66%), Immediate: 240M (38%), CSet: 171M (27%)
[4.034s][info][gc,ergo     ] GC(25) Pacer for Evacuation. Used CSet: 214M, Free: 376M, Non-Taxable: 38585K, Alloc Tax Rate: 1.4x
[4.034s][info][gc          ] GC(25) Pause Final Mark (unload classes) 0.544ms
[4.035s][info][gc,start    ] GC(25) Concurrent thread roots
[4.035s][info][gc,task     ] GC(25) Using 3 of 6 workers for Concurrent thread roots
[4.035s][info][gc          ] GC(25) Concurrent thread roots 0.221ms
[4.035s][info][gc,start    ] GC(25) Concurrent weak references
[4.035s][info][gc,task     ] GC(25) Using 3 of 6 workers for concurrent weak references
[4.035s][info][gc,ref      ] GC(25) Encountered references: Soft: 47, Weak: 146, Final: 0, Phantom: 3
[4.035s][info][gc,ref      ] GC(25) Discovered  references: Soft: 0, Weak: 48, Final: 0, Phantom: 2
[4.035s][info][gc,ref      ] GC(25) Enqueued    references: Soft: 0, Weak: 0, Final: 0, Phantom: 0
[4.035s][info][gc          ] GC(25) Concurrent weak references 0.159ms
[4.035s][info][gc,start    ] GC(25) Concurrent weak roots
[4.035s][info][gc,task     ] GC(25) Using 3 of 6 workers for concurrent weak root
[4.035s][info][gc          ] GC(25) Concurrent weak roots 0.399ms
[4.035s][info][gc,start    ] GC(25) Concurrent cleanup
[4.035s][info][gc          ] GC(25) Concurrent cleanup 840M->602M(1024M) 0.089ms
[4.035s][info][gc,ergo     ] GC(25) Free: 358M, Max: 512K regular, 111M humongous, Frag: 69% external, 1% internal; Reserve: 52736K, Max: 512K
[4.035s][info][gc,start    ] GC(25) Concurrent class unloading
[4.035s][info][gc,task     ] GC(25) Using 3 of 6 workers for concurrent class unloading
[4.036s][info][gc          ] GC(25) Concurrent class unloading 0.881ms
[4.036s][info][gc,start    ] GC(25) Concurrent strong roots
[4.036s][info][gc,task     ] GC(25) Using 3 of 6 workers for concurrent strong root
[4.037s][info][gc          ] GC(25) Concurrent strong roots 0.167ms
[4.037s][info][gc,start    ] GC(25) Concurrent evacuation
[4.037s][info][gc,task     ] GC(25) Using 3 of 6 workers for concurrent evacuation
[4.050s][info][gc          ] GC(25) Concurrent evacuation 12.990ms
[4.050s][info][gc,start    ] GC(25) Pause Init Update Refs
[4.050s][info][gc,ergo     ] GC(25) Pacer for Update Refs. Used: 708M, Free: 294M, Non-Taxable: 30182K, Alloc Tax Rate: 2.9x
[4.050s][info][gc          ] GC(25) Pause Init Update Refs 0.022ms
[4.050s][info][gc,start    ] GC(25) Concurrent update references
[4.050s][info][gc,task     ] GC(25) Using 3 of 6 workers for concurrent reference update
[4.053s][info][gc          ] GC(25) Concurrent update references 3.149ms
[4.053s][info][gc,start    ] GC(25) Concurrent update thread roots
[4.054s][info][gc          ] GC(25) Concurrent update thread roots 0.433ms
[4.054s][info][gc,start    ] GC(25) Pause Final Update Refs
[4.054s][info][gc,task     ] GC(25) Using 6 of 6 workers for final reference update
[4.054s][info][gc          ] GC(25) Pause Final Update Refs 0.256ms
[4.054s][info][gc,start    ] GC(25) Concurrent cleanup
[4.054s][info][gc          ] GC(25) Concurrent cleanup 742M->530M(1024M) 0.064ms
[4.054s][info][gc,ergo     ] Free: 439M, Max: 512K regular, 97792K humongous, Frag: 78% external, 43% internal; Reserve: 52736K, Max: 512K
[4.054s][info][gc,stats    ] 
[4.054s][info][gc,stats    ] All times are wall-clock times, except per-root-class counters, that are sum over
[4.054s][info][gc,stats    ] all workers. Dividing the <total> over the root stage time estimates parallelism.
[4.054s][info][gc,stats    ] 
[4.054s][info][gc,stats    ] Concurrent Reset                   2675 us
[4.054s][info][gc,stats    ] Pause Init Mark (G)                 519 us
[4.054s][info][gc,stats    ] Pause Init Mark (N)                 201 us
[4.054s][info][gc,stats    ]   Update Region States              140 us
[4.054s][info][gc,stats    ] Concurrent Mark Roots               293 us, parallelism: 0.80x
[4.054s][info][gc,stats    ]   CMR: <total>                      236 us
[4.054s][info][gc,stats    ]   CMR: Thread Roots                 158 us, workers (us):  43,  56,  58, ---, ---, ---, 
[4.054s][info][gc,stats    ]   CMR: VM Strong Roots                6 us, workers (us):   6,   0,   0, ---, ---, ---, 
[4.054s][info][gc,stats    ]   CMR: CLDG Roots                    72 us, workers (us):  72, ---, ---, ---, ---, ---, 
[4.054s][info][gc,stats    ] Concurrent Marking                 2092 us
[4.054s][info][gc,stats    ] Pause Final Mark (G)                685 us
[4.054s][info][gc,stats    ] Pause Final Mark (N)                547 us
[4.054s][info][gc,stats    ]   Finish Mark                       312 us
[4.054s][info][gc,stats    ]   Update Region States              103 us
[4.054s][info][gc,stats    ]   Choose Collection Set              89 us
[4.054s][info][gc,stats    ]   Rebuild Free Set                   17 us
[4.054s][info][gc,stats    ] Concurrent Thread Roots             231 us, parallelism: 0.43x
[4.054s][info][gc,stats    ]   CTR: <total>                      100 us
[4.054s][info][gc,stats    ]   CTR: Thread Roots                 100 us, workers (us):  55,  37,   8, ---, ---, ---, 
[4.054s][info][gc,stats    ] Concurrent Weak References          163 us, parallelism: 0.03x
[4.054s][info][gc,stats    ]   CWRF: <total>                       5 us
[4.054s][info][gc,stats    ]   CWRF: Weak References               5 us, workers (us):   5,   0,   0, ---, ---, ---, 
[4.054s][info][gc,stats    ] Concurrent Weak Roots               411 us
[4.054s][info][gc,stats    ]   Roots                             298 us, parallelism: 1.01x
[4.054s][info][gc,stats    ]     CWR: <total>                    301 us
[4.054s][info][gc,stats    ]     CWR: Code Cache Roots           273 us, workers (us): 183,  90,   0, ---, ---, ---, 
[4.054s][info][gc,stats    ]     CWR: VM Weak Roots               24 us, workers (us):  23,   1,   1, ---, ---, ---, 
[4.054s][info][gc,stats    ]     CWR: CLDG Roots                   4 us, workers (us):   4, ---, ---, ---, ---, ---, 
[4.054s][info][gc,stats    ]   Rendezvous                         93 us
[4.054s][info][gc,stats    ] Concurrent Cleanup                   94 us
[4.054s][info][gc,stats    ] Concurrent Class Unloading          910 us
[4.054s][info][gc,stats    ]   Unlink Stale                      508 us
[4.054s][info][gc,stats    ]     System Dictionary                 6 us
[4.054s][info][gc,stats    ]     Weak Class Links                  0 us
[4.054s][info][gc,stats    ]     Code Roots                      500 us
[4.054s][info][gc,stats    ]   Rendezvous                        143 us
[4.054s][info][gc,stats    ]   Purge Unlinked                    222 us
[4.054s][info][gc,stats    ]     Code Roots                      200 us
[4.054s][info][gc,stats    ]     CLDG                             22 us
[4.054s][info][gc,stats    ]     Exception Caches                  0 us
[4.054s][info][gc,stats    ] Concurrent Strong Roots             180 us, parallelism: 0.18x
[4.054s][info][gc,stats    ]   CSR: <total>                       31 us
[4.054s][info][gc,stats    ]   CSR: VM Strong Roots                3 us, workers (us):   3,   0,   0, ---, ---, ---, 
[4.054s][info][gc,stats    ]   CSR: CLDG Roots                    28 us, workers (us):  28, ---, ---, ---, ---, ---, 
[4.054s][info][gc,stats    ] Concurrent Evacuation             13060 us
[4.054s][info][gc,stats    ] Pause Init Update Refs (G)          359 us
[4.054s][info][gc,stats    ] Pause Init Update Refs (N)           26 us
[4.054s][info][gc,stats    ]   Manage GCLABs                       3 us
[4.054s][info][gc,stats    ] Concurrent Update Refs             3219 us
[4.054s][info][gc,stats    ] Concurrent Update Thread Roots      451 us
[4.054s][info][gc,stats    ] Pause Final Update Refs (G)         509 us
[4.054s][info][gc,stats    ] Pause Final Update Refs (N)         267 us
[4.054s][info][gc,stats    ]   Update Region States              210 us
[4.054s][info][gc,stats    ]   Trash Collection Set                8 us
[4.054s][info][gc,stats    ]   Rebuild Free Set                   18 us
[4.054s][info][gc,stats    ] Concurrent Cleanup                   70 us
[4.054s][info][gc,stats    ] Pacing                             1589 us
[4.054s][info][gc,stats    ] 
[4.054s][info][gc,stats    ] Allocation pacing accrued:
[4.054s][info][gc,stats    ]       2 of    47 ms (  3.4%): main
[4.054s][info][gc,stats    ]       2 of    47 ms (  3.4%): <total>
[4.054s][info][gc,stats    ]       0 of    47 ms (  0.3%): <average total>
[4.054s][info][gc,stats    ]       2 of    47 ms (  3.4%): <average non-zero>
[4.054s][info][gc,stats    ] 
[4.055s][info][gc,metaspace] Metaspace: 6358K(6528K)->6358K(6528K) NonClass: 5812K(5888K)->5812K(5888K) Class: 546K(640K)->546K(640K)
[4.055s][info][gc,ergo     ] Pacer for Idle. Initial: 20971K, Alloc Tax Rate: 1.0x
[4.071s][info][gc          ] Trigger: Average GC time (35.34 ms) is above the time for average allocation rate (3086 MB/s) to deplete free headroom (108M) (margin of error = 1.95)
[4.072s][info][gc,ergo     ] Free headroom: 159M (free) - 52428K (spike) - 0B (penalties) = 108M
[4.072s][info][gc,ergo     ] Free: 158M, Max: 512K regular, 97792K humongous, Frag: 39% external, 24% internal; Reserve: 52736K, Max: 512K
[4.072s][info][gc,start    ] GC(26) Concurrent reset
[4.072s][info][gc,task     ] GC(26) Using 3 of 6 workers for concurrent reset
[4.072s][info][gc,ergo     ] GC(26) Pacer for Reset. Non-Taxable: 1024M
[4.074s][info][gc          ] GC(26) Concurrent reset 2.452ms
[4.074s][info][gc,start    ] GC(26) Pause Init Mark (unload classes)
[4.074s][info][gc,task     ] GC(26) Using 6 of 6 workers for init marking
[4.075s][info][gc,ergo     ] GC(26) Pacer for Mark. Expected Live: 196M, Free: 143M, Non-Taxable: 14678K, Alloc Tax Rate: 1.7x
[4.075s][info][gc          ] GC(26) Pause Init Mark (unload classes) 0.150ms
[4.075s][info][gc,start    ] GC(26) Concurrent marking roots
[4.075s][info][gc,task     ] GC(26) Using 3 of 6 workers for concurrent marking roots
[4.075s][info][gc          ] GC(26) Concurrent marking roots 0.292ms
[4.075s][info][gc,start    ] GC(26) Concurrent marking (unload classes)
[4.075s][info][gc,task     ] GC(26) Using 3 of 6 workers for concurrent marking
[4.077s][info][gc          ] GC(26) Concurrent marking (unload classes) 1.616ms
[4.077s][info][gc,start    ] GC(26) Pause Final Mark (unload classes)
[4.077s][info][gc,task     ] GC(26) Using 6 of 6 workers for final marking
[4.077s][info][gc,ergo     ] GC(26) Adaptive CSet Selection. Target Free: 145M, Actual Free: 399M, Max CSet: 43690K, Min Garbage: 0B
[4.077s][info][gc,ergo     ] GC(26) Collectable Garbage: 392M (63%), Immediate: 220M (35%), CSet: 172M (27%)
[4.077s][info][gc,ergo     ] GC(26) Pacer for Evacuation. Used CSet: 215M, Free: 361M, Non-Taxable: 37000K, Alloc Tax Rate: 1.5x
[4.077s][info][gc          ] GC(26) Pause Final Mark (unload classes) 0.636ms
[4.077s][info][gc,start    ] GC(26) Concurrent thread roots
[4.077s][info][gc,task     ] GC(26) Using 3 of 6 workers for Concurrent thread roots
[4.077s][info][gc          ] GC(26) Concurrent thread roots 0.153ms
[4.077s][info][gc,start    ] GC(26) Concurrent weak references
[4.077s][info][gc,task     ] GC(26) Using 3 of 6 workers for concurrent weak references
[4.078s][info][gc,ref      ] GC(26) Encountered references: Soft: 47, Weak: 146, Final: 0, Phantom: 3
[4.078s][info][gc,ref      ] GC(26) Discovered  references: Soft: 0, Weak: 51, Final: 0, Phantom: 2
[4.078s][info][gc,ref      ] GC(26) Enqueued    references: Soft: 0, Weak: 0, Final: 0, Phantom: 0
[4.078s][info][gc          ] GC(26) Concurrent weak references 0.107ms
[4.078s][info][gc,start    ] GC(26) Concurrent weak roots
[4.078s][info][gc,task     ] GC(26) Using 3 of 6 workers for concurrent weak root
[4.078s][info][gc          ] GC(26) Concurrent weak roots 0.233ms
[4.078s][info][gc,start    ] GC(26) Concurrent cleanup
[4.078s][info][gc          ] GC(26) Concurrent cleanup 827M->606M(1024M) 0.043ms
[4.078s][info][gc,ergo     ] GC(26) Free: 361M, Max: 512K regular, 111M humongous, Frag: 69% external, 49% internal; Reserve: 52718K, Max: 512K
[4.078s][info][gc,start    ] GC(26) Concurrent class unloading
[4.078s][info][gc,task     ] GC(26) Using 3 of 6 workers for concurrent class unloading
[4.078s][info][gc          ] GC(26) Concurrent class unloading 0.571ms
[4.078s][info][gc,start    ] GC(26) Concurrent strong roots
[4.078s][info][gc,task     ] GC(26) Using 3 of 6 workers for concurrent strong root
[4.079s][info][gc          ] GC(26) Concurrent strong roots 0.168ms
[4.079s][info][gc,start    ] GC(26) Concurrent evacuation
[4.079s][info][gc,task     ] GC(26) Using 3 of 6 workers for concurrent evacuation
[4.086s][info][gc          ] GC(26) Concurrent evacuation 7.343ms
[4.086s][info][gc,start    ] GC(26) Pause Init Update Refs
[4.086s][info][gc,ergo     ] GC(26) Pacer for Update Refs. Used: 657M, Free: 355M, Non-Taxable: 36404K, Alloc Tax Rate: 2.3x
[4.086s][info][gc          ] GC(26) Pause Init Update Refs 0.023ms
[4.086s][info][gc,start    ] GC(26) Concurrent update references
[4.086s][info][gc,task     ] GC(26) Using 3 of 6 workers for concurrent reference update
[4.090s][info][gc          ] GC(26) Concurrent update references 3.326ms
[4.090s][info][gc,start    ] GC(26) Concurrent update thread roots
[4.090s][info][gc          ] GC(26) Concurrent update thread roots 0.320ms
[4.090s][info][gc,start    ] GC(26) Pause Final Update Refs
[4.090s][info][gc,task     ] GC(26) Using 6 of 6 workers for final reference update
[4.090s][info][gc          ] GC(26) Pause Final Update Refs 0.197ms
[4.091s][info][gc,start    ] GC(26) Concurrent cleanup
[4.091s][info][gc          ] GC(26) Concurrent cleanup 690M->477M(1024M) 0.066ms
[4.091s][info][gc,ergo     ] Free: 494M, Max: 512K regular, 93696K humongous, Frag: 82% external, 42% internal; Reserve: 52736K, Max: 512K
[4.091s][info][gc,stats    ] 
[4.091s][info][gc,stats    ] All times are wall-clock times, except per-root-class counters, that are sum over
[4.091s][info][gc,stats    ] all workers. Dividing the <total> over the root stage time estimates parallelism.
[4.091s][info][gc,stats    ] 
[4.091s][info][gc,stats    ] Concurrent Reset                   2522 us
[4.091s][info][gc,stats    ] Pause Init Mark (G)                 505 us
[4.091s][info][gc,stats    ] Pause Init Mark (N)                 156 us
[4.091s][info][gc,stats    ]   Update Region States              109 us
[4.091s][info][gc,stats    ] Concurrent Mark Roots               324 us, parallelism: 0.82x
[4.091s][info][gc,stats    ]   CMR: <total>                      266 us
[4.091s][info][gc,stats    ]   CMR: Thread Roots                 183 us, workers (us):  44,  72,  66, ---, ---, ---, 
[4.091s][info][gc,stats    ]   CMR: VM Strong Roots                6 us, workers (us):   5,   0,   0, ---, ---, ---, 
[4.091s][info][gc,stats    ]   CMR: CLDG Roots                    78 us, workers (us):  78, ---, ---, ---, ---, ---, 
[4.091s][info][gc,stats    ] Concurrent Marking                 1633 us
[4.091s][info][gc,stats    ] Pause Final Mark (G)                736 us
[4.091s][info][gc,stats    ] Pause Final Mark (N)                640 us
[4.091s][info][gc,stats    ]   Finish Mark                       328 us
[4.091s][info][gc,stats    ]   Update Region States              188 us
[4.091s][info][gc,stats    ]   Choose Collection Set              79 us
[4.091s][info][gc,stats    ]   Rebuild Free Set                   17 us
[4.091s][info][gc,stats    ] Concurrent Thread Roots             161 us, parallelism: 0.60x
[4.091s][info][gc,stats    ]   CTR: <total>                       96 us
[4.091s][info][gc,stats    ]   CTR: Thread Roots                  96 us, workers (us):  60,  36,   0, ---, ---, ---, 
[4.091s][info][gc,stats    ] Concurrent Weak References          110 us, parallelism: 0.03x
[4.091s][info][gc,stats    ]   CWRF: <total>                       3 us
[4.091s][info][gc,stats    ]   CWRF: Weak References               3 us, workers (us):   3,   0,   0, ---, ---, ---, 
[4.091s][info][gc,stats    ] Concurrent Weak Roots               241 us
[4.091s][info][gc,stats    ]   Roots                             148 us, parallelism: 0.89x
[4.091s][info][gc,stats    ]     CWR: <total>                    131 us
[4.091s][info][gc,stats    ]     CWR: Code Cache Roots           113 us, workers (us):  64,  49,   0, ---, ---, ---, 
[4.091s][info][gc,stats    ]     CWR: VM Weak Roots               16 us, workers (us):  15,   1,   1, ---, ---, ---, 
[4.091s][info][gc,stats    ]     CWR: CLDG Roots                   2 us, workers (us):   2, ---, ---, ---, ---, ---, 
[4.091s][info][gc,stats    ]   Rendezvous                         79 us
[4.091s][info][gc,stats    ] Concurrent Cleanup                   47 us
[4.091s][info][gc,stats    ] Concurrent Class Unloading          583 us
[4.091s][info][gc,stats    ]   Unlink Stale                      236 us
[4.091s][info][gc,stats    ]     System Dictionary                 3 us
[4.091s][info][gc,stats    ]     Weak Class Links                  0 us
[4.091s][info][gc,stats    ]     Code Roots                      232 us
[4.091s][info][gc,stats    ]   Rendezvous                        152 us
[4.091s][info][gc,stats    ]   Purge Unlinked                    175 us
[4.091s][info][gc,stats    ]     Code Roots                      158 us
[4.091s][info][gc,stats    ]     CLDG                             17 us
[4.091s][info][gc,stats    ]     Exception Caches                  0 us
[4.091s][info][gc,stats    ] Concurrent Strong Roots             178 us, parallelism: 0.24x
[4.091s][info][gc,stats    ]   CSR: <total>                       43 us
[4.091s][info][gc,stats    ]   CSR: VM Strong Roots                3 us, workers (us):   3,   0,   0, ---, ---, ---, 
[4.091s][info][gc,stats    ]   CSR: CLDG Roots                    40 us, workers (us):  40, ---, ---, ---, ---, ---, 
[4.091s][info][gc,stats    ] Concurrent Evacuation              7406 us
[4.091s][info][gc,stats    ] Pause Init Update Refs (G)          298 us
[4.091s][info][gc,stats    ] Pause Init Update Refs (N)           27 us
[4.091s][info][gc,stats    ]   Manage GCLABs                       3 us
[4.091s][info][gc,stats    ] Concurrent Update Refs             3394 us
[4.091s][info][gc,stats    ] Concurrent Update Thread Roots      338 us
[4.091s][info][gc,stats    ] Pause Final Update Refs (G)         447 us
[4.091s][info][gc,stats    ] Pause Final Update Refs (N)         206 us
[4.091s][info][gc,stats    ]   Update Region States              128 us
[4.091s][info][gc,stats    ]   Trash Collection Set               12 us
[4.091s][info][gc,stats    ]   Rebuild Free Set                   37 us
[4.091s][info][gc,stats    ] Concurrent Cleanup                   72 us
[4.091s][info][gc,stats    ] Pacing                             9445 us
[4.091s][info][gc,stats    ] 
[4.091s][info][gc,stats    ] Allocation pacing accrued:
[4.091s][info][gc,stats    ]       9 of    36 ms ( 25.9%): main
[4.091s][info][gc,stats    ]       9 of    36 ms ( 25.9%): <total>
[4.091s][info][gc,stats    ]       1 of    36 ms (  2.4%): <average total>
[4.091s][info][gc,stats    ]       9 of    36 ms ( 25.9%): <average non-zero>
[4.091s][info][gc,stats    ] 
[4.091s][info][gc,metaspace] Metaspace: 6358K(6528K)->6358K(6528K) NonClass: 5812K(5888K)->5812K(5888K) Class: 546K(640K)->546K(640K)
[4.091s][info][gc,ergo     ] Pacer for Idle. Initial: 20971K, Alloc Tax Rate: 1.0x
[4.122s][info][gc          ] Trigger: Average GC time (33.21 ms) is above the time for average allocation rate (3085 MB/s) to deplete free headroom (102283K) (margin of error = 1.93)
[4.122s][info][gc,ergo     ] Free headroom: 151M (free) - 52428K (spike) - 0B (penalties) = 102283K
[4.122s][info][gc,ergo     ] Free: 150M, Max: 512K regular, 93696K humongous, Frag: 39% external, 16% internal; Reserve: 52736K, Max: 512K
[4.122s][info][gc,start    ] GC(27) Concurrent reset
[4.122s][info][gc,task     ] GC(27) Using 3 of 6 workers for concurrent reset
[4.122s][info][gc,ergo     ] GC(27) Pacer for Reset. Non-Taxable: 1024M
[4.125s][info][gc          ] GC(27) Concurrent reset 3.536ms
[4.126s][info][gc,start    ] GC(27) Pause Init Mark (unload classes)
[4.126s][info][gc,task     ] GC(27) Using 6 of 6 workers for init marking
[4.126s][info][gc,ergo     ] GC(27) Pacer for Mark. Expected Live: 196M, Free: 137M, Non-Taxable: 14034K, Alloc Tax Rate: 1.7x
[4.126s][info][gc          ] GC(27) Pause Init Mark (unload classes) 0.124ms
[4.126s][info][gc,start    ] GC(27) Concurrent marking roots
[4.126s][info][gc,task     ] GC(27) Using 3 of 6 workers for concurrent marking roots
[4.126s][info][gc          ] GC(27) Concurrent marking roots 0.282ms
[4.126s][info][gc,start    ] GC(27) Concurrent marking (unload classes)
[4.126s][info][gc,task     ] GC(27) Using 3 of 6 workers for concurrent marking
[4.128s][info][gc          ] GC(27) Concurrent marking (unload classes) 1.577ms
[4.128s][info][gc,start    ] GC(27) Pause Final Mark (unload classes)
[4.128s][info][gc,task     ] GC(27) Using 6 of 6 workers for final marking
[4.128s][info][gc,ergo     ] GC(27) Adaptive CSet Selection. Target Free: 145M, Actual Free: 408M, Max CSet: 43690K, Min Garbage: 0B
[4.128s][info][gc,ergo     ] GC(27) Collectable Garbage: 406M (65%), Immediate: 234M (37%), CSet: 172M (27%)
[4.128s][info][gc,ergo     ] GC(27) Pacer for Evacuation. Used CSet: 214M, Free: 370M, Non-Taxable: 37984K, Alloc Tax Rate: 1.4x
[4.128s][info][gc          ] GC(27) Pause Final Mark (unload classes) 0.622ms
[4.128s][info][gc,start    ] GC(27) Concurrent thread roots
[4.128s][info][gc,task     ] GC(27) Using 3 of 6 workers for Concurrent thread roots
[4.129s][info][gc          ] GC(27) Concurrent thread roots 0.211ms
[4.129s][info][gc,start    ] GC(27) Concurrent weak references
[4.129s][info][gc,task     ] GC(27) Using 3 of 6 workers for concurrent weak references
[4.129s][info][gc,ref      ] GC(27) Encountered references: Soft: 47, Weak: 146, Final: 0, Phantom: 3
[4.129s][info][gc,ref      ] GC(27) Discovered  references: Soft: 0, Weak: 49, Final: 0, Phantom: 2
[4.129s][info][gc,ref      ] GC(27) Enqueued    references: Soft: 0, Weak: 0, Final: 0, Phantom: 0
[4.129s][info][gc          ] GC(27) Concurrent weak references 0.174ms
[4.129s][info][gc,start    ] GC(27) Concurrent weak roots
[4.129s][info][gc,task     ] GC(27) Using 3 of 6 workers for concurrent weak root
[4.129s][info][gc          ] GC(27) Concurrent weak roots 0.257ms
[4.129s][info][gc,start    ] GC(27) Concurrent cleanup
[4.129s][info][gc          ] GC(27) Concurrent cleanup 831M->597M(1024M) 0.044ms
[4.129s][info][gc,ergo     ] GC(27) Free: 370M, Max: 512K regular, 138M humongous, Frag: 62% external, 47% internal; Reserve: 52718K, Max: 512K
[4.129s][info][gc,start    ] GC(27) Concurrent class unloading
[4.129s][info][gc,task     ] GC(27) Using 3 of 6 workers for concurrent class unloading
[4.130s][info][gc          ] GC(27) Concurrent class unloading 0.427ms
[4.130s][info][gc,start    ] GC(27) Concurrent strong roots
[4.130s][info][gc,task     ] GC(27) Using 3 of 6 workers for concurrent strong root
[4.130s][info][gc          ] GC(27) Concurrent strong roots 0.090ms
[4.130s][info][gc,start    ] GC(27) Concurrent evacuation
[4.130s][info][gc,task     ] GC(27) Using 3 of 6 workers for concurrent evacuation
[4.137s][info][gc          ] GC(27) Concurrent evacuation 7.719ms
[4.138s][info][gc,start    ] GC(27) Pause Init Update Refs
[4.138s][info][gc,ergo     ] GC(27) Pacer for Update Refs. Used: 649M, Free: 362M, Non-Taxable: 37083K, Alloc Tax Rate: 2.2x
[4.138s][info][gc          ] GC(27) Pause Init Update Refs 0.027ms
[4.138s][info][gc,start    ] GC(27) Concurrent update references
[4.138s][info][gc,task     ] GC(27) Using 3 of 6 workers for concurrent reference update
[4.141s][info][gc          ] GC(27) Concurrent update references 3.386ms
[4.141s][info][gc,start    ] GC(27) Concurrent update thread roots
[4.142s][info][gc          ] GC(27) Concurrent update thread roots 0.313ms
[4.142s][info][gc,start    ] GC(27) Pause Final Update Refs
[4.142s][info][gc,task     ] GC(27) Using 6 of 6 workers for final reference update
[4.142s][info][gc          ] GC(27) Pause Final Update Refs 0.223ms
[4.142s][info][gc,start    ] GC(27) Concurrent cleanup
[4.142s][info][gc          ] GC(27) Concurrent cleanup 682M->469M(1024M) 0.066ms
[4.142s][info][gc,ergo     ] Free: 501M, Max: 512K regular, 128M humongous, Frag: 74% external, 41% internal; Reserve: 52736K, Max: 512K
[4.142s][info][gc,stats    ] 
[4.142s][info][gc,stats    ] All times are wall-clock times, except per-root-class counters, that are sum over
[4.142s][info][gc,stats    ] all workers. Dividing the <total> over the root stage time estimates parallelism.
[4.142s][info][gc,stats    ] 
[4.142s][info][gc,stats    ] Concurrent Reset                   3616 us
[4.142s][info][gc,stats    ] Pause Init Mark (G)                 455 us
[4.142s][info][gc,stats    ] Pause Init Mark (N)                 129 us
[4.142s][info][gc,stats    ]   Update Region States               86 us
[4.142s][info][gc,stats    ] Concurrent Mark Roots               294 us, parallelism: 0.81x
[4.142s][info][gc,stats    ]   CMR: <total>                      238 us
[4.142s][info][gc,stats    ]   CMR: Thread Roots                 163 us, workers (us):  12,  65,  86, ---, ---, ---, 
[4.142s][info][gc,stats    ]   CMR: VM Strong Roots                6 us, workers (us):   6,   0,   0, ---, ---, ---, 
[4.142s][info][gc,stats    ]   CMR: CLDG Roots                    69 us, workers (us):  69, ---, ---, ---, ---, ---, 
[4.142s][info][gc,stats    ] Concurrent Marking                 1591 us
[4.142s][info][gc,stats    ] Pause Final Mark (G)                777 us
[4.142s][info][gc,stats    ] Pause Final Mark (N)                626 us
[4.142s][info][gc,stats    ]   Finish Mark                       302 us
[4.142s][info][gc,stats    ]   Update Region States              186 us
[4.142s][info][gc,stats    ]   Choose Collection Set              92 us
[4.142s][info][gc,stats    ]   Rebuild Free Set                   17 us
[4.142s][info][gc,stats    ] Concurrent Thread Roots             222 us, parallelism: 0.47x
[4.142s][info][gc,stats    ]   CTR: <total>                      105 us
[4.142s][info][gc,stats    ]   CTR: Thread Roots                 105 us, workers (us):  43,  26,  36, ---, ---, ---, 
[4.142s][info][gc,stats    ] Concurrent Weak References          178 us, parallelism: 0.02x
[4.142s][info][gc,stats    ]   CWRF: <total>                       4 us
[4.142s][info][gc,stats    ]   CWRF: Weak References               4 us, workers (us):   4,   0,   0, ---, ---, ---, 
[4.142s][info][gc,stats    ] Concurrent Weak Roots               266 us
[4.142s][info][gc,stats    ]   Roots                             154 us, parallelism: 0.97x
[4.142s][info][gc,stats    ]     CWR: <total>                    149 us
[4.142s][info][gc,stats    ]     CWR: Code Cache Roots           130 us, workers (us):  72,  58,   0, ---, ---, ---, 
[4.142s][info][gc,stats    ]     CWR: VM Weak Roots               16 us, workers (us):  15,   1,   0, ---, ---, ---, 
[4.142s][info][gc,stats    ]     CWR: CLDG Roots                   3 us, workers (us):   3, ---, ---, ---, ---, ---, 
[4.142s][info][gc,stats    ]   Rendezvous                         86 us
[4.142s][info][gc,stats    ] Concurrent Cleanup                   48 us
[4.142s][info][gc,stats    ] Concurrent Class Unloading          435 us
[4.142s][info][gc,stats    ]   Unlink Stale                      253 us
[4.142s][info][gc,stats    ]     System Dictionary                 3 us
[4.142s][info][gc,stats    ]     Weak Class Links                  0 us
[4.142s][info][gc,stats    ]     Code Roots                      249 us
[4.142s][info][gc,stats    ]   Rendezvous                         82 us
[4.142s][info][gc,stats    ]   Purge Unlinked                     85 us
[4.142s][info][gc,stats    ]     Code Roots                       72 us
[4.142s][info][gc,stats    ]     CLDG                             13 us
[4.142s][info][gc,stats    ]     Exception Caches                  0 us
[4.142s][info][gc,stats    ] Concurrent Strong Roots              98 us, parallelism: 0.15x
[4.142s][info][gc,stats    ]   CSR: <total>                       14 us
[4.142s][info][gc,stats    ]   CSR: VM Strong Roots                2 us, workers (us):   2,   0,   0, ---, ---, ---, 
[4.142s][info][gc,stats    ]   CSR: CLDG Roots                    12 us, workers (us):  12, ---, ---, ---, ---, ---, 
[4.142s][info][gc,stats    ] Concurrent Evacuation              7788 us
[4.142s][info][gc,stats    ] Pause Init Update Refs (G)          347 us
[4.142s][info][gc,stats    ] Pause Init Update Refs (N)           31 us
[4.142s][info][gc,stats    ]   Manage GCLABs                       3 us
[4.142s][info][gc,stats    ] Concurrent Update Refs             3456 us
[4.142s][info][gc,stats    ] Concurrent Update Thread Roots      328 us
[4.142s][info][gc,stats    ] Pause Final Update Refs (G)         477 us
[4.142s][info][gc,stats    ] Pause Final Update Refs (N)         235 us
[4.142s][info][gc,stats    ]   Update Region States              174 us
[4.142s][info][gc,stats    ]   Trash Collection Set                8 us
[4.142s][info][gc,stats    ]   Rebuild Free Set                   19 us
[4.142s][info][gc,stats    ] Concurrent Cleanup                   71 us
[4.142s][info][gc,stats    ] Pacing                            12820 us
[4.142s][info][gc,stats    ] 
[4.142s][info][gc,stats    ] Allocation pacing accrued:
[4.142s][info][gc,stats    ]      13 of    52 ms ( 24.9%): main
[4.142s][info][gc,stats    ]      13 of    52 ms ( 24.9%): <total>
[4.142s][info][gc,stats    ]       1 of    52 ms (  2.3%): <average total>
[4.142s][info][gc,stats    ]      13 of    52 ms ( 24.9%): <average non-zero>
[4.142s][info][gc,stats    ] 
[4.142s][info][gc,metaspace] Metaspace: 6358K(6528K)->6358K(6528K) NonClass: 5812K(5888K)->5812K(5888K) Class: 546K(640K)->546K(640K)
[4.142s][info][gc,ergo     ] Pacer for Idle. Initial: 20971K, Alloc Tax Rate: 1.0x
[4.168s][info][gc          ] Trigger: Average GC time (29.36 ms) is above the time for average allocation rate (3083 MB/s) to deplete free headroom (77817K) (margin of error = 1.92)
[4.168s][info][gc,ergo     ] Free headroom: 127M (free) - 52428K (spike) - 0B (penalties) = 77817K
[4.168s][info][gc,ergo     ] Free: 126M, Max: 512K regular, 125M humongous, Frag: 0% external, 3% internal; Reserve: 52736K, Max: 512K
[4.168s][info][gc,start    ] GC(28) Concurrent reset
[4.168s][info][gc,task     ] GC(28) Using 3 of 6 workers for concurrent reset
[4.168s][info][gc,ergo     ] GC(28) Pacer for Reset. Non-Taxable: 1024M
[4.171s][info][gc          ] GC(28) Concurrent reset 2.570ms
[4.171s][info][gc,start    ] GC(28) Pause Init Mark (unload classes)
[4.171s][info][gc,task     ] GC(28) Using 6 of 6 workers for init marking
[4.171s][info][gc,ergo     ] GC(28) Pacer for Mark. Expected Live: 196M, Free: 110M, Non-Taxable: 11354K, Alloc Tax Rate: 2.2x
[4.171s][info][gc          ] GC(28) Pause Init Mark (unload classes) 0.208ms
[4.171s][info][gc,start    ] GC(28) Concurrent marking roots
[4.171s][info][gc,task     ] GC(28) Using 3 of 6 workers for concurrent marking roots
[4.171s][info][gc          ] GC(28) Concurrent marking roots 0.284ms
[4.171s][info][gc,start    ] GC(28) Concurrent marking (unload classes)
[4.171s][info][gc,task     ] GC(28) Using 3 of 6 workers for concurrent marking
[4.173s][info][gc          ] GC(28) Concurrent marking (unload classes) 1.380ms
[4.173s][info][gc,start    ] GC(28) Pause Final Mark (unload classes)
[4.173s][info][gc,task     ] GC(28) Using 6 of 6 workers for final marking
[4.173s][info][gc,ergo     ] GC(28) Adaptive CSet Selection. Target Free: 145M, Actual Free: 411M, Max CSet: 43690K, Min Garbage: 0B
[4.173s][info][gc,ergo     ] GC(28) Collectable Garbage: 432M (66%), Immediate: 261M (40%), CSet: 171M (26%)
[4.173s][info][gc,ergo     ] GC(28) Pacer for Evacuation. Used CSet: 213M, Free: 374M, Non-Taxable: 38365K, Alloc Tax Rate: 1.4x
[4.173s][info][gc          ] GC(28) Pause Final Mark (unload classes) 0.542ms
[4.173s][info][gc,start    ] GC(28) Concurrent thread roots
[4.173s][info][gc,task     ] GC(28) Using 3 of 6 workers for Concurrent thread roots
[4.174s][info][gc          ] GC(28) Concurrent thread roots 0.162ms
[4.174s][info][gc,start    ] GC(28) Concurrent weak references
[4.174s][info][gc,task     ] GC(28) Using 3 of 6 workers for concurrent weak references
[4.174s][info][gc,ref      ] GC(28) Encountered references: Soft: 47, Weak: 146, Final: 0, Phantom: 3
[4.174s][info][gc,ref      ] GC(28) Discovered  references: Soft: 0, Weak: 48, Final: 0, Phantom: 2
[4.174s][info][gc,ref      ] GC(28) Enqueued    references: Soft: 0, Weak: 0, Final: 0, Phantom: 0
[4.174s][info][gc          ] GC(28) Concurrent weak references 0.109ms
[4.174s][info][gc,start    ] GC(28) Concurrent weak roots
[4.174s][info][gc,task     ] GC(28) Using 3 of 6 workers for concurrent weak root
[4.174s][info][gc          ] GC(28) Concurrent weak roots 0.280ms
[4.174s][info][gc,start    ] GC(28) Concurrent cleanup
[4.174s][info][gc          ] GC(28) Concurrent cleanup 854M->593M(1024M) 0.046ms
[4.174s][info][gc,ergo     ] GC(28) Free: 374M, Max: 512K regular, 117M humongous, Frag: 68% external, 47% internal; Reserve: 52733K, Max: 512K
[4.174s][info][gc,start    ] GC(28) Concurrent class unloading
[4.174s][info][gc,task     ] GC(28) Using 3 of 6 workers for concurrent class unloading
[4.175s][info][gc          ] GC(28) Concurrent class unloading 0.398ms
[4.175s][info][gc,start    ] GC(28) Concurrent strong roots
[4.175s][info][gc,task     ] GC(28) Using 3 of 6 workers for concurrent strong root
[4.175s][info][gc          ] GC(28) Concurrent strong roots 0.076ms
[4.175s][info][gc,start    ] GC(28) Concurrent evacuation
[4.175s][info][gc,task     ] GC(28) Using 3 of 6 workers for concurrent evacuation
[4.186s][info][gc          ] GC(28) Concurrent evacuation 11.268ms
[4.186s][info][gc,start    ] GC(28) Pause Init Update Refs
[4.186s][info][gc,ergo     ] GC(28) Pacer for Update Refs. Used: 671M, Free: 339M, Non-Taxable: 34731K, Alloc Tax Rate: 2.4x
[4.186s][info][gc          ] GC(28) Pause Init Update Refs 0.029ms
[4.186s][info][gc,start    ] GC(28) Concurrent update references
[4.186s][info][gc,task     ] GC(28) Using 3 of 6 workers for concurrent reference update
[4.190s][info][gc          ] GC(28) Concurrent update references 3.369ms
[4.190s][info][gc,start    ] GC(28) Concurrent update thread roots
[4.190s][info][gc          ] GC(28) Concurrent update thread roots 0.315ms
[4.190s][info][gc,start    ] GC(28) Pause Final Update Refs
[4.190s][info][gc,task     ] GC(28) Using 6 of 6 workers for final reference update
[4.191s][info][gc          ] GC(28) Pause Final Update Refs 0.277ms
[4.191s][info][gc,start    ] GC(28) Concurrent cleanup
[4.191s][info][gc          ] GC(28) Concurrent cleanup 704M->492M(1024M) 0.064ms
[4.191s][info][gc,ergo     ] Free: 478M, Max: 512K regular, 98304K humongous, Frag: 80% external, 42% internal; Reserve: 52736K, Max: 512K
[4.191s][info][gc,stats    ] 
[4.191s][info][gc,stats    ] All times are wall-clock times, except per-root-class counters, that are sum over
[4.191s][info][gc,stats    ] all workers. Dividing the <total> over the root stage time estimates parallelism.
[4.191s][info][gc,stats    ] 
[4.191s][info][gc,stats    ] Concurrent Reset                   2640 us
[4.191s][info][gc,stats    ] Pause Init Mark (G)                 542 us
[4.191s][info][gc,stats    ] Pause Init Mark (N)                 213 us
[4.191s][info][gc,stats    ]   Update Region States              167 us
[4.191s][info][gc,stats    ] Concurrent Mark Roots               296 us, parallelism: 0.88x
[4.191s][info][gc,stats    ]   CMR: <total>                      260 us
[4.191s][info][gc,stats    ]   CMR: Thread Roots                 182 us, workers (us):  45,  71,  65, ---, ---, ---, 
[4.191s][info][gc,stats    ]   CMR: VM Strong Roots                6 us, workers (us):   6,   0,   0, ---, ---, ---, 
[4.191s][info][gc,stats    ]   CMR: CLDG Roots                    72 us, workers (us):  72, ---, ---, ---, ---, ---, 
[4.191s][info][gc,stats    ] Concurrent Marking                 1393 us
[4.191s][info][gc,stats    ] Pause Final Mark (G)                641 us
[4.191s][info][gc,stats    ] Pause Final Mark (N)                546 us
[4.191s][info][gc,stats    ]   Finish Mark                       285 us
[4.191s][info][gc,stats    ]   Update Region States              120 us
[4.191s][info][gc,stats    ]   Choose Collection Set              95 us
[4.191s][info][gc,stats    ]   Rebuild Free Set                   17 us
[4.191s][info][gc,stats    ] Concurrent Thread Roots             172 us, parallelism: 0.54x
[4.191s][info][gc,stats    ]   CTR: <total>                       92 us
[4.191s][info][gc,stats    ]   CTR: Thread Roots                  92 us, workers (us):  31,  26,  35, ---, ---, ---, 
[4.191s][info][gc,stats    ] Concurrent Weak References          113 us, parallelism: 0.02x
[4.191s][info][gc,stats    ]   CWRF: <total>                       3 us
[4.191s][info][gc,stats    ]   CWRF: Weak References               3 us, workers (us):   3,   0,   0, ---, ---, ---, 
[4.191s][info][gc,stats    ] Concurrent Weak Roots               290 us
[4.191s][info][gc,stats    ]   Roots                             181 us, parallelism: 0.79x
[4.191s][info][gc,stats    ]     CWR: <total>                    143 us
[4.191s][info][gc,stats    ]     CWR: Code Cache Roots           124 us, workers (us):  70,  54,   0, ---, ---, ---, 
[4.191s][info][gc,stats    ]     CWR: VM Weak Roots               17 us, workers (us):  16,   1,   0, ---, ---, ---, 
[4.191s][info][gc,stats    ]     CWR: CLDG Roots                   2 us, workers (us):   2, ---, ---, ---, ---, ---, 
[4.191s][info][gc,stats    ]   Rendezvous                         92 us
[4.191s][info][gc,stats    ] Concurrent Cleanup                   50 us
[4.191s][info][gc,stats    ] Concurrent Class Unloading          408 us
[4.191s][info][gc,stats    ]   Unlink Stale                      234 us
[4.191s][info][gc,stats    ]     System Dictionary                 2 us
[4.191s][info][gc,stats    ]     Weak Class Links                  0 us
[4.191s][info][gc,stats    ]     Code Roots                      231 us
[4.191s][info][gc,stats    ]   Rendezvous                         81 us
[4.191s][info][gc,stats    ]   Purge Unlinked                     76 us
[4.191s][info][gc,stats    ]     Code Roots                       62 us
[4.191s][info][gc,stats    ]     CLDG                             14 us
[4.191s][info][gc,stats    ]     Exception Caches                  0 us
[4.191s][info][gc,stats    ] Concurrent Strong Roots              85 us, parallelism: 0.12x
[4.191s][info][gc,stats    ]   CSR: <total>                       10 us
[4.191s][info][gc,stats    ]   CSR: VM Strong Roots                1 us, workers (us):   1,   0,   0, ---, ---, ---, 
[4.191s][info][gc,stats    ]   CSR: CLDG Roots                     9 us, workers (us):   9, ---, ---, ---, ---, ---, 
[4.191s][info][gc,stats    ] Concurrent Evacuation             11335 us
[4.191s][info][gc,stats    ] Pause Init Update Refs (G)          307 us
[4.191s][info][gc,stats    ] Pause Init Update Refs (N)           33 us
[4.191s][info][gc,stats    ]   Manage GCLABs                       3 us
[4.191s][info][gc,stats    ] Concurrent Update Refs             3436 us
[4.191s][info][gc,stats    ] Concurrent Update Thread Roots      332 us
[4.191s][info][gc,stats    ] Pause Final Update Refs (G)         551 us
[4.191s][info][gc,stats    ] Pause Final Update Refs (N)         288 us
[4.191s][info][gc,stats    ]   Update Region States              218 us
[4.191s][info][gc,stats    ]   Trash Collection Set                8 us
[4.191s][info][gc,stats    ]   Rebuild Free Set                   19 us
[4.191s][info][gc,stats    ] Concurrent Cleanup                   69 us
[4.191s][info][gc,stats    ] Pacing                             7280 us
[4.191s][info][gc,stats    ] 
[4.191s][info][gc,stats    ] Allocation pacing accrued:
[4.191s][info][gc,stats    ]       7 of    48 ms ( 15.0%): main
[4.191s][info][gc,stats    ]       7 of    48 ms ( 15.0%): <total>
[4.191s][info][gc,stats    ]       1 of    48 ms (  1.4%): <average total>
[4.191s][info][gc,stats    ]       7 of    48 ms ( 15.0%): <average non-zero>
[4.191s][info][gc,stats    ] 
[4.191s][info][gc,metaspace] Metaspace: 6358K(6528K)->6358K(6528K) NonClass: 5812K(5888K)->5812K(5888K) Class: 546K(640K)->546K(640K)
[4.191s][info][gc,ergo     ] Pacer for Idle. Initial: 20971K, Alloc Tax Rate: 1.0x
[4.212s][info][gc          ] Trigger: Average GC time (27.63 ms) is above the time for average allocation rate (3083 MB/s) to deplete free headroom (84729K) (margin of error = 1.92)
[4.213s][info][gc,ergo     ] Free headroom: 133M (free) - 52428K (spike) - 0B (penalties) = 84729K
[4.213s][info][gc,ergo     ] Free: 133M, Max: 512K regular, 98304K humongous, Frag: 27% external, 28% internal; Reserve: 52736K, Max: 512K
[4.213s][info][gc,start    ] GC(29) Concurrent reset
[4.213s][info][gc,task     ] GC(29) Using 3 of 6 workers for concurrent reset
[4.213s][info][gc,ergo     ] GC(29) Pacer for Reset. Non-Taxable: 1024M
[4.216s][info][gc          ] GC(29) Concurrent reset 3.207ms
[4.216s][info][gc,start    ] GC(29) Pause Init Mark (unload classes)
[4.216s][info][gc,task     ] GC(29) Using 6 of 6 workers for init marking
[4.216s][info][gc,ergo     ] GC(29) Pacer for Mark. Expected Live: 196M, Free: 117M, Non-Taxable: 12050K, Alloc Tax Rate: 2.0x
[4.216s][info][gc          ] GC(29) Pause Init Mark (unload classes) 0.156ms
[4.216s][info][gc,start    ] GC(29) Concurrent marking roots
[4.216s][info][gc,task     ] GC(29) Using 3 of 6 workers for concurrent marking roots
[4.217s][info][gc          ] GC(29) Concurrent marking roots 0.305ms
[4.217s][info][gc,start    ] GC(29) Concurrent marking (unload classes)
[4.217s][info][gc,task     ] GC(29) Using 3 of 6 workers for concurrent marking
[4.218s][info][gc          ] GC(29) Concurrent marking (unload classes) 1.792ms
[4.219s][info][gc,start    ] GC(29) Pause Final Mark (unload classes)
[4.219s][info][gc,task     ] GC(29) Using 6 of 6 workers for final marking
[4.219s][info][gc,ergo     ] GC(29) Adaptive CSet Selection. Target Free: 145M, Actual Free: 518M, Max CSet: 43690K, Min Garbage: 0B
[4.220s][info][gc,ergo     ] GC(29) Collectable Garbage: 537M (83%), Immediate: 363M (56%), CSet: 174M (27%)
[4.220s][info][gc,ergo     ] GC(29) Pacer for Evacuation. Used CSet: 217M, Free: 481M, Non-Taxable: 49271K, Alloc Tax Rate: 1.1x
[4.220s][info][gc          ] GC(29) Pause Final Mark (unload classes) 1.038ms
[4.220s][info][gc,start    ] GC(29) Concurrent thread roots
[4.220s][info][gc,task     ] GC(29) Using 3 of 6 workers for Concurrent thread roots
[4.220s][info][gc          ] GC(29) Concurrent thread roots 0.204ms
[4.220s][info][gc,start    ] GC(29) Concurrent weak references
[4.220s][info][gc,task     ] GC(29) Using 3 of 6 workers for concurrent weak references
[4.220s][info][gc,ref      ] GC(29) Encountered references: Soft: 47, Weak: 146, Final: 0, Phantom: 3
[4.220s][info][gc,ref      ] GC(29) Discovered  references: Soft: 0, Weak: 54, Final: 0, Phantom: 2
[4.220s][info][gc,ref      ] GC(29) Enqueued    references: Soft: 0, Weak: 0, Final: 0, Phantom: 0
[4.220s][info][gc          ] GC(29) Concurrent weak references 0.121ms
[4.220s][info][gc,start    ] GC(29) Concurrent weak roots
[4.220s][info][gc,task     ] GC(29) Using 3 of 6 workers for concurrent weak root
[4.220s][info][gc          ] GC(29) Concurrent weak roots 0.342ms
[4.220s][info][gc,start    ] GC(29) Concurrent cleanup
[4.220s][info][gc          ] GC(29) Concurrent cleanup 849M->486M(1024M) 0.058ms
[4.220s][info][gc,ergo     ] GC(29) Free: 481M, Max: 512K regular, 120M humongous, Frag: 75% external, 33% internal; Reserve: 52718K, Max: 512K
[4.220s][info][gc,start    ] GC(29) Concurrent class unloading
[4.220s][info][gc,task     ] GC(29) Using 3 of 6 workers for concurrent class unloading
[4.221s][info][gc          ] GC(29) Concurrent class unloading 0.499ms
[4.221s][info][gc,start    ] GC(29) Concurrent strong roots
[4.221s][info][gc,task     ] GC(29) Using 3 of 6 workers for concurrent strong root
[4.221s][info][gc          ] GC(29) Concurrent strong roots 0.166ms
[4.221s][info][gc,start    ] GC(29) Concurrent evacuation
[4.221s][info][gc,task     ] GC(29) Using 3 of 6 workers for concurrent evacuation
[4.230s][info][gc          ] GC(29) Concurrent evacuation 8.932ms
[4.230s][info][gc,start    ] GC(29) Pause Init Update Refs
[4.230s][info][gc,ergo     ] GC(29) Pacer for Update Refs. Used: 541M, Free: 470M, Non-Taxable: 48207K, Alloc Tax Rate: 1.4x
[4.230s][info][gc          ] GC(29) Pause Init Update Refs 0.033ms
[4.230s][info][gc,start    ] GC(29) Concurrent update references
[4.230s][info][gc,task     ] GC(29) Using 3 of 6 workers for concurrent reference update
[4.233s][info][gc          ] GC(29) Concurrent update references 2.808ms
[4.233s][info][gc,start    ] GC(29) Concurrent update thread roots
[4.234s][info][gc          ] GC(29) Concurrent update thread roots 0.348ms
[4.234s][info][gc,start    ] GC(29) Pause Final Update Refs
[4.234s][info][gc,task     ] GC(29) Using 6 of 6 workers for final reference update
[4.234s][info][gc          ] GC(29) Pause Final Update Refs 0.176ms
[4.234s][info][gc,start    ] GC(29) Concurrent cleanup
[4.234s][info][gc          ] GC(29) Concurrent cleanup 566M->351M(1024M) 0.063ms
[4.234s][info][gc,ergo     ] Free: 620M, Max: 512K regular, 117M humongous, Frag: 81% external, 30% internal; Reserve: 52736K, Max: 512K
[4.234s][info][gc,stats    ] 
[4.234s][info][gc,stats    ] All times are wall-clock times, except per-root-class counters, that are sum over
[4.234s][info][gc,stats    ] all workers. Dividing the <total> over the root stage time estimates parallelism.
[4.234s][info][gc,stats    ] 
[4.234s][info][gc,stats    ] Concurrent Reset                   3276 us
[4.234s][info][gc,stats    ] Pause Init Mark (G)                 480 us
[4.234s][info][gc,stats    ] Pause Init Mark (N)                 163 us
[4.234s][info][gc,stats    ]   Update Region States              116 us
[4.234s][info][gc,stats    ] Concurrent Mark Roots               316 us, parallelism: 0.91x
[4.234s][info][gc,stats    ]   CMR: <total>                      289 us
[4.234s][info][gc,stats    ]   CMR: Thread Roots                 190 us, workers (us):  82,   0, 108, ---, ---, ---, 
[4.234s][info][gc,stats    ]   CMR: VM Strong Roots                7 us, workers (us):   6,   1,   0, ---, ---, ---, 
[4.234s][info][gc,stats    ]   CMR: CLDG Roots                    91 us, workers (us): ---,  91, ---, ---, ---, ---, 
[4.234s][info][gc,stats    ] Concurrent Marking                 1808 us
[4.234s][info][gc,stats    ] Pause Final Mark (G)               1178 us
[4.234s][info][gc,stats    ] Pause Final Mark (N)               1041 us
[4.234s][info][gc,stats    ]   Finish Mark                       346 us
[4.234s][info][gc,stats    ]   Update Region States              548 us
[4.234s][info][gc,stats    ]   Choose Collection Set             102 us
[4.234s][info][gc,stats    ]   Rebuild Free Set                   16 us
[4.234s][info][gc,stats    ] Concurrent Thread Roots             214 us, parallelism: 0.48x
[4.234s][info][gc,stats    ]   CTR: <total>                      104 us
[4.234s][info][gc,stats    ]   CTR: Thread Roots                 104 us, workers (us):  42,  26,  35, ---, ---, ---, 
[4.234s][info][gc,stats    ] Concurrent Weak References          125 us, parallelism: 0.02x
[4.234s][info][gc,stats    ]   CWRF: <total>                       3 us
[4.234s][info][gc,stats    ]   CWRF: Weak References               3 us, workers (us):   3,   0,   0, ---, ---, ---, 
[4.234s][info][gc,stats    ] Concurrent Weak Roots               354 us
[4.234s][info][gc,stats    ]   Roots                             215 us, parallelism: 0.95x
[4.234s][info][gc,stats    ]     CWR: <total>                    204 us
[4.234s][info][gc,stats    ]     CWR: Code Cache Roots           183 us, workers (us):  95,  88,   0, ---, ---, ---, 
[4.234s][info][gc,stats    ]     CWR: VM Weak Roots               17 us, workers (us):  15,   1,   1, ---, ---, ---, 
[4.234s][info][gc,stats    ]     CWR: CLDG Roots                   4 us, workers (us):   4, ---, ---, ---, ---, ---, 
[4.234s][info][gc,stats    ]   Rendezvous                        119 us
[4.234s][info][gc,stats    ] Concurrent Cleanup                   63 us
[4.234s][info][gc,stats    ] Concurrent Class Unloading          509 us
[4.234s][info][gc,stats    ]   Unlink Stale                      237 us
[4.234s][info][gc,stats    ]     System Dictionary                 3 us
[4.234s][info][gc,stats    ]     Weak Class Links                  0 us
[4.234s][info][gc,stats    ]     Code Roots                      234 us
[4.234s][info][gc,stats    ]   Rendezvous                        121 us
[4.234s][info][gc,stats    ]   Purge Unlinked                    132 us
[4.234s][info][gc,stats    ]     Code Roots                      116 us
[4.234s][info][gc,stats    ]     CLDG                             15 us
[4.234s][info][gc,stats    ]     Exception Caches                  0 us
[4.234s][info][gc,stats    ] Concurrent Strong Roots             176 us, parallelism: 0.09x
[4.234s][info][gc,stats    ]   CSR: <total>                       15 us
[4.234s][info][gc,stats    ]   CSR: VM Strong Roots                2 us, workers (us):   2,   0,   0, ---, ---, ---, 
[4.234s][info][gc,stats    ]   CSR: CLDG Roots                    13 us, workers (us):  13, ---, ---, ---, ---, ---, 
[4.234s][info][gc,stats    ] Concurrent Evacuation              8992 us
[4.234s][info][gc,stats    ] Pause Init Update Refs (G)          343 us
[4.234s][info][gc,stats    ] Pause Init Update Refs (N)           37 us
[4.234s][info][gc,stats    ]   Manage GCLABs                       3 us
[4.234s][info][gc,stats    ] Concurrent Update Refs             2894 us
[4.234s][info][gc,stats    ] Concurrent Update Thread Roots      364 us
[4.234s][info][gc,stats    ] Pause Final Update Refs (G)         441 us
[4.234s][info][gc,stats    ] Pause Final Update Refs (N)         199 us
[4.234s][info][gc,stats    ]   Update Region States              126 us
[4.234s][info][gc,stats    ]   Trash Collection Set               10 us
[4.234s][info][gc,stats    ]   Rebuild Free Set                   19 us
[4.234s][info][gc,stats    ] Concurrent Cleanup                   68 us
[4.234s][info][gc,stats    ] Pacing                            10238 us
[4.234s][info][gc,stats    ] 
[4.234s][info][gc,stats    ] Allocation pacing accrued:
[4.234s][info][gc,stats    ]      10 of    44 ms ( 23.5%): main
[4.235s][info][gc,stats    ]      10 of    44 ms ( 23.5%): <total>
[4.235s][info][gc,stats    ]       1 of    44 ms (  2.1%): <average total>
[4.235s][info][gc,stats    ]      10 of    44 ms ( 23.5%): <average non-zero>
[4.235s][info][gc,stats    ] 
[4.235s][info][gc,metaspace] Metaspace: 6358K(6528K)->6358K(6528K) NonClass: 5812K(5888K)->5812K(5888K) Class: 546K(640K)->546K(640K)
[4.235s][info][gc,ergo     ] Pacer for Idle. Initial: 20971K, Alloc Tax Rate: 1.0x
[4.276s][info][gc          ] Trigger: Average GC time (25.74 ms) is above the time for average allocation rate (3081 MB/s) to deplete free headroom (78357K) (margin of error = 1.89)
[4.276s][info][gc,ergo     ] Free headroom: 127M (free) - 52428K (spike) - 0B (penalties) = 78357K
[4.276s][info][gc,ergo     ] Free: 126M, Max: 512K regular, 117M humongous, Frag: 8% external, 2% internal; Reserve: 52736K, Max: 512K
[4.276s][info][gc,start    ] GC(30) Concurrent reset
[4.276s][info][gc,task     ] GC(30) Using 3 of 6 workers for concurrent reset
[4.276s][info][gc,ergo     ] GC(30) Pacer for Reset. Non-Taxable: 1024M
[4.278s][info][gc          ] GC(30) Concurrent reset 2.351ms
[4.279s][info][gc,start    ] GC(30) Pause Init Mark (unload classes)
[4.279s][info][gc,task     ] GC(30) Using 6 of 6 workers for init marking
[4.279s][info][gc,ergo     ] GC(30) Pacer for Mark. Expected Live: 196M, Free: 113M, Non-Taxable: 11655K, Alloc Tax Rate: 2.1x
[4.279s][info][gc          ] GC(30) Pause Init Mark (unload classes) 0.128ms
[4.279s][info][gc,start    ] GC(30) Concurrent marking roots
[4.279s][info][gc,task     ] GC(30) Using 3 of 6 workers for concurrent marking roots
[4.279s][info][gc          ] GC(30) Concurrent marking roots 0.302ms
[4.279s][info][gc,start    ] GC(30) Concurrent marking (unload classes)
[4.279s][info][gc,task     ] GC(30) Using 3 of 6 workers for concurrent marking
[4.281s][info][gc          ] GC(30) Concurrent marking (unload classes) 2.081ms
[4.282s][info][gc,start    ] GC(30) Pause Final Mark (unload classes)
[4.282s][info][gc,task     ] GC(30) Using 6 of 6 workers for final marking
[4.282s][info][gc,ergo     ] GC(30) Adaptive CSet Selection. Target Free: 145M, Actual Free: 542M, Max CSet: 43690K, Min Garbage: 0B
[4.282s][info][gc,ergo     ] GC(30) Collectable Garbage: 556M (86%), Immediate: 390M (60%), CSet: 166M (25%)
[4.282s][info][gc,ergo     ] GC(30) Pacer for Evacuation. Used CSet: 208M, Free: 505M, Non-Taxable: 51712K, Alloc Tax Rate: 1.1x
[4.282s][info][gc          ] GC(30) Pause Final Mark (unload classes) 0.467ms
[4.282s][info][gc,start    ] GC(30) Concurrent thread roots
[4.282s][info][gc,task     ] GC(30) Using 3 of 6 workers for Concurrent thread roots
[4.282s][info][gc          ] GC(30) Concurrent thread roots 0.255ms
[4.282s][info][gc,start    ] GC(30) Concurrent weak references
[4.282s][info][gc,task     ] GC(30) Using 3 of 6 workers for concurrent weak references
[4.282s][info][gc,ref      ] GC(30) Encountered references: Soft: 47, Weak: 146, Final: 0, Phantom: 3
[4.282s][info][gc,ref      ] GC(30) Discovered  references: Soft: 0, Weak: 48, Final: 0, Phantom: 2
[4.282s][info][gc,ref      ] GC(30) Enqueued    references: Soft: 0, Weak: 0, Final: 0, Phantom: 0
[4.282s][info][gc          ] GC(30) Concurrent weak references 0.107ms
[4.282s][info][gc,start    ] GC(30) Concurrent weak roots
[4.282s][info][gc,task     ] GC(30) Using 3 of 6 workers for concurrent weak root
[4.283s][info][gc          ] GC(30) Concurrent weak roots 0.342ms
[4.283s][info][gc,start    ] GC(30) Concurrent cleanup
[4.283s][info][gc          ] GC(30) Concurrent cleanup 854M->464M(1024M) 0.067ms
[4.283s][info][gc,ergo     ] GC(30) Free: 497M, Max: 512K regular, 110M humongous, Frag: 78% external, 0% internal; Reserve: 52720K, Max: 512K
[4.283s][info][gc,start    ] GC(30) Concurrent class unloading
[4.283s][info][gc,task     ] GC(30) Using 3 of 6 workers for concurrent class unloading
[4.283s][info][gc          ] GC(30) Concurrent class unloading 0.587ms
[4.283s][info][gc,start    ] GC(30) Concurrent strong roots
[4.283s][info][gc,task     ] GC(30) Using 3 of 6 workers for concurrent strong root
[4.284s][info][gc          ] GC(30) Concurrent strong roots 0.121ms
[4.284s][info][gc,start    ] GC(30) Concurrent evacuation
[4.284s][info][gc,task     ] GC(30) Using 3 of 6 workers for concurrent evacuation
[4.296s][info][gc          ] GC(30) Concurrent evacuation 12.732ms
[4.297s][info][gc,start    ] GC(30) Pause Init Update Refs
[4.297s][info][gc,ergo     ] GC(30) Pacer for Update Refs. Used: 563M, Free: 442M, Non-Taxable: 45288K, Alloc Tax Rate: 1.6x
[4.297s][info][gc          ] GC(30) Pause Init Update Refs 0.025ms
[4.297s][info][gc,start    ] GC(30) Concurrent update references
[4.297s][info][gc,task     ] GC(30) Using 3 of 6 workers for concurrent reference update
[4.299s][info][gc          ] GC(30) Concurrent update references 2.505ms
[4.299s][info][gc,start    ] GC(30) Concurrent update thread roots
[4.300s][info][gc          ] GC(30) Concurrent update thread roots 0.297ms
[4.300s][info][gc,start    ] GC(30) Pause Final Update Refs
[4.300s][info][gc,task     ] GC(30) Using 6 of 6 workers for final reference update
[4.300s][info][gc          ] GC(30) Pause Final Update Refs 0.227ms
[4.300s][info][gc,start    ] GC(30) Concurrent cleanup
[4.300s][info][gc          ] GC(30) Concurrent cleanup 589M->383M(1024M) 0.064ms
[4.300s][info][gc,ergo     ] Free: 588M, Max: 512K regular, 113M humongous, Frag: 81% external, 35% internal; Reserve: 52736K, Max: 512K
[4.300s][info][gc,stats    ] 
[4.300s][info][gc,stats    ] All times are wall-clock times, except per-root-class counters, that are sum over
[4.300s][info][gc,stats    ] all workers. Dividing the <total> over the root stage time estimates parallelism.
[4.300s][info][gc,stats    ] 
[4.300s][info][gc,stats    ] Concurrent Reset                   2421 us
[4.300s][info][gc,stats    ] Pause Init Mark (G)                 453 us
[4.300s][info][gc,stats    ] Pause Init Mark (N)                 133 us
[4.300s][info][gc,stats    ]   Update Region States               85 us
[4.300s][info][gc,stats    ] Concurrent Mark Roots               315 us, parallelism: 0.94x
[4.300s][info][gc,stats    ]   CMR: <total>                      297 us
[4.300s][info][gc,stats    ]   CMR: Thread Roots                 206 us, workers (us):  45,  70,  91, ---, ---, ---, 
[4.300s][info][gc,stats    ]   CMR: VM Strong Roots                7 us, workers (us):   6,   0,   1, ---, ---, ---, 
[4.300s][info][gc,stats    ]   CMR: CLDG Roots                    84 us, workers (us):  84, ---, ---, ---, ---, ---, 
[4.300s][info][gc,stats    ] Concurrent Marking                 2098 us
[4.300s][info][gc,stats    ] Pause Final Mark (G)                669 us
[4.300s][info][gc,stats    ] Pause Final Mark (N)                471 us
[4.300s][info][gc,stats    ]   Finish Mark                       270 us
[4.300s][info][gc,stats    ]   Update Region States               77 us
[4.300s][info][gc,stats    ]   Choose Collection Set              75 us
[4.300s][info][gc,stats    ]   Rebuild Free Set                   17 us
[4.300s][info][gc,stats    ] Concurrent Thread Roots             264 us, parallelism: 0.84x
[4.300s][info][gc,stats    ]   CTR: <total>                      221 us
[4.300s][info][gc,stats    ]   CTR: Thread Roots                 221 us, workers (us):  98, 118,   4, ---, ---, ---, 
[4.300s][info][gc,stats    ] Concurrent Weak References          111 us, parallelism: 0.03x
[4.300s][info][gc,stats    ]   CWRF: <total>                       4 us
[4.300s][info][gc,stats    ]   CWRF: Weak References               4 us, workers (us):   4,   0,   0, ---, ---, ---, 
[4.300s][info][gc,stats    ] Concurrent Weak Roots               351 us
[4.300s][info][gc,stats    ]   Roots                             193 us, parallelism: 0.85x
[4.300s][info][gc,stats    ]     CWR: <total>                    164 us
[4.300s][info][gc,stats    ]     CWR: Code Cache Roots           139 us, workers (us):  78,  61,   0, ---, ---, ---, 
[4.300s][info][gc,stats    ]     CWR: VM Weak Roots               21 us, workers (us):  20,   1,   1, ---, ---, ---, 
[4.300s][info][gc,stats    ]     CWR: CLDG Roots                   3 us, workers (us):   3, ---, ---, ---, ---, ---, 
[4.300s][info][gc,stats    ]   Rendezvous                        142 us
[4.300s][info][gc,stats    ] Concurrent Cleanup                   71 us
[4.300s][info][gc,stats    ] Concurrent Class Unloading          606 us
[4.300s][info][gc,stats    ]   Unlink Stale                      437 us
[4.300s][info][gc,stats    ]     System Dictionary                 5 us
[4.300s][info][gc,stats    ]     Weak Class Links                  0 us
[4.300s][info][gc,stats    ]     Code Roots                      431 us
[4.300s][info][gc,stats    ]   Rendezvous                         61 us
[4.300s][info][gc,stats    ]   Purge Unlinked                     82 us
[4.300s][info][gc,stats    ]     Code Roots                       66 us
[4.300s][info][gc,stats    ]     CLDG                             16 us
[4.300s][info][gc,stats    ]     Exception Caches                  0 us
[4.300s][info][gc,stats    ] Concurrent Strong Roots             130 us, parallelism: 0.26x
[4.300s][info][gc,stats    ]   CSR: <total>                       33 us
[4.300s][info][gc,stats    ]   CSR: VM Strong Roots                4 us, workers (us):   4,   0,   0, ---, ---, ---, 
[4.300s][info][gc,stats    ]   CSR: CLDG Roots                    29 us, workers (us):  29, ---, ---, ---, ---, ---, 
[4.300s][info][gc,stats    ] Concurrent Evacuation             12796 us
[4.300s][info][gc,stats    ] Pause Init Update Refs (G)          339 us
[4.300s][info][gc,stats    ] Pause Init Update Refs (N)           28 us
[4.300s][info][gc,stats    ]   Manage GCLABs                       3 us
[4.300s][info][gc,stats    ] Concurrent Update Refs             2583 us
[4.300s][info][gc,stats    ] Concurrent Update Thread Roots      312 us
[4.300s][info][gc,stats    ] Pause Final Update Refs (G)         482 us
[4.300s][info][gc,stats    ] Pause Final Update Refs (N)         239 us
[4.300s][info][gc,stats    ]   Update Region States              178 us
[4.300s][info][gc,stats    ]   Trash Collection Set                8 us
[4.300s][info][gc,stats    ]   Rebuild Free Set                   20 us
[4.300s][info][gc,stats    ] Concurrent Cleanup                   70 us
[4.300s][info][gc,stats    ] 
[4.300s][info][gc,stats    ] Allocation pacing accrued:
[4.300s][info][gc,stats    ]       0 of    66 ms (  0.0%): <total>
[4.300s][info][gc,stats    ]       0 of    66 ms (  0.0%): <average total>
[4.300s][info][gc,stats    ] 
[4.300s][info][gc,metaspace] Metaspace: 6358K(6528K)->6358K(6528K) NonClass: 5812K(5888K)->5812K(5888K) Class: 546K(640K)->546K(640K)
[4.300s][info][gc,ergo     ] Pacer for Idle. Initial: 20971K, Alloc Tax Rate: 1.0x
[4.330s][info][gc          ] Trigger: Average GC time (26.36 ms) is above the time for average allocation rate (3079 MB/s) to deplete free headroom (75953K) (margin of error = 1.87)
[4.331s][info][gc,ergo     ] Free headroom: 125M (free) - 52428K (spike) - 0B (penalties) = 75953K
[4.331s][info][gc,ergo     ] Free: 124M, Max: 512K regular, 113M humongous, Frag: 8% external, 29% internal; Reserve: 52736K, Max: 512K
[4.331s][info][gc,start    ] GC(31) Concurrent reset
[4.331s][info][gc,task     ] GC(31) Using 3 of 6 workers for concurrent reset
[4.331s][info][gc,ergo     ] GC(31) Pacer for Reset. Non-Taxable: 1024M
[4.333s][info][gc          ] GC(31) Concurrent reset 1.977ms
[4.333s][info][gc,start    ] GC(31) Pause Init Mark (unload classes)
[4.333s][info][gc,task     ] GC(31) Using 6 of 6 workers for init marking
[4.333s][info][gc,ergo     ] GC(31) Pacer for Mark. Expected Live: 196M, Free: 113M, Non-Taxable: 11582K, Alloc Tax Rate: 2.1x
[4.333s][info][gc          ] GC(31) Pause Init Mark (unload classes) 0.145ms
[4.333s][info][gc,start    ] GC(31) Concurrent marking roots
[4.333s][info][gc,task     ] GC(31) Using 3 of 6 workers for concurrent marking roots
[4.333s][info][gc          ] GC(31) Concurrent marking roots 0.236ms
[4.333s][info][gc,start    ] GC(31) Concurrent marking (unload classes)
[4.333s][info][gc,task     ] GC(31) Using 3 of 6 workers for concurrent marking
[4.335s][info][gc          ] GC(31) Concurrent marking (unload classes) 1.878ms
[4.335s][info][gc,start    ] GC(31) Pause Final Mark (unload classes)
[4.335s][info][gc,task     ] GC(31) Using 6 of 6 workers for final marking
[4.336s][info][gc,ergo     ] GC(31) Adaptive CSet Selection. Target Free: 145M, Actual Free: 555M, Max CSet: 43690K, Min Garbage: 0B
[4.336s][info][gc,ergo     ] GC(31) Collectable Garbage: 553M (85%), Immediate: 393M (61%), CSet: 159M (24%)
[4.336s][info][gc,ergo     ] GC(31) Pacer for Evacuation. Used CSet: 202M, Free: 518M, Non-Taxable: 53055K, Alloc Tax Rate: 1.1x
[4.336s][info][gc          ] GC(31) Pause Final Mark (unload classes) 0.547ms
[4.336s][info][gc,start    ] GC(31) Concurrent thread roots
[4.336s][info][gc,task     ] GC(31) Using 3 of 6 workers for Concurrent thread roots
[4.336s][info][gc          ] GC(31) Concurrent thread roots 0.176ms
[4.336s][info][gc,start    ] GC(31) Concurrent weak references
[4.336s][info][gc,task     ] GC(31) Using 3 of 6 workers for concurrent weak references
[4.336s][info][gc,ref      ] GC(31) Encountered references: Soft: 47, Weak: 146, Final: 0, Phantom: 3
[4.336s][info][gc,ref      ] GC(31) Discovered  references: Soft: 0, Weak: 50, Final: 0, Phantom: 2
[4.336s][info][gc,ref      ] GC(31) Enqueued    references: Soft: 0, Weak: 0, Final: 0, Phantom: 0
[4.336s][info][gc          ] GC(31) Concurrent weak references 0.071ms
[4.336s][info][gc,start    ] GC(31) Concurrent weak roots
[4.336s][info][gc,task     ] GC(31) Using 3 of 6 workers for concurrent weak root
[4.337s][info][gc          ] GC(31) Concurrent weak roots 0.380ms
[4.337s][info][gc,start    ] GC(31) Concurrent cleanup
[4.337s][info][gc          ] GC(31) Concurrent cleanup 844M->450M(1024M) 0.070ms
[4.337s][info][gc,ergo     ] GC(31) Free: 511M, Max: 512K regular, 142M humongous, Frag: 73% external, 0% internal; Reserve: 52720K, Max: 512K
[4.337s][info][gc,start    ] GC(31) Concurrent class unloading
[4.337s][info][gc,task     ] GC(31) Using 3 of 6 workers for concurrent class unloading
[4.337s][info][gc          ] GC(31) Concurrent class unloading 0.630ms
[4.337s][info][gc,start    ] GC(31) Concurrent strong roots
[4.337s][info][gc,task     ] GC(31) Using 3 of 6 workers for concurrent strong root
[4.338s][info][gc          ] GC(31) Concurrent strong roots 0.119ms
[4.338s][info][gc,start    ] GC(31) Concurrent evacuation
[4.338s][info][gc,task     ] GC(31) Using 3 of 6 workers for concurrent evacuation
[4.350s][info][gc          ] GC(31) Concurrent evacuation 11.966ms
[4.350s][info][gc,start    ] GC(31) Pause Init Update Refs
[4.350s][info][gc,ergo     ] GC(31) Pacer for Update Refs. Used: 550M, Free: 454M, Non-Taxable: 46578K, Alloc Tax Rate: 1.5x
[4.350s][info][gc          ] GC(31) Pause Init Update Refs 0.025ms
[4.350s][info][gc,start    ] GC(31) Concurrent update references
[4.350s][info][gc,task     ] GC(31) Using 3 of 6 workers for concurrent reference update
[4.352s][info][gc          ] GC(31) Concurrent update references 2.568ms
[4.353s][info][gc,start    ] GC(31) Concurrent update thread roots
[4.353s][info][gc          ] GC(31) Concurrent update thread roots 0.289ms
[4.353s][info][gc,start    ] GC(31) Pause Final Update Refs
[4.353s][info][gc,task     ] GC(31) Using 6 of 6 workers for final reference update
[4.353s][info][gc          ] GC(31) Pause Final Update Refs 0.226ms
[4.353s][info][gc,start    ] GC(31) Concurrent cleanup
[4.353s][info][gc          ] GC(31) Concurrent cleanup 576M->376M(1024M) 0.062ms
[4.353s][info][gc,ergo     ] Free: 595M, Max: 512K regular, 110M humongous, Frag: 82% external, 34% internal; Reserve: 52736K, Max: 512K
[4.353s][info][gc,stats    ] 
[4.353s][info][gc,stats    ] All times are wall-clock times, except per-root-class counters, that are sum over
[4.353s][info][gc,stats    ] all workers. Dividing the <total> over the root stage time estimates parallelism.
[4.353s][info][gc,stats    ] 
[4.353s][info][gc,stats    ] Concurrent Reset                   2015 us
[4.353s][info][gc,stats    ] Pause Init Mark (G)                 461 us
[4.353s][info][gc,stats    ] Pause Init Mark (N)                 151 us
[4.353s][info][gc,stats    ]   Update Region States              108 us
[4.353s][info][gc,stats    ] Concurrent Mark Roots               247 us, parallelism: 0.82x
[4.353s][info][gc,stats    ]   CMR: <total>                      203 us
[4.354s][info][gc,stats    ]   CMR: Thread Roots                 166 us, workers (us):  55,  60,  51, ---, ---, ---, 
[4.354s][info][gc,stats    ]   CMR: VM Strong Roots                4 us, workers (us):   3,   0,   0, ---, ---, ---, 
[4.354s][info][gc,stats    ]   CMR: CLDG Roots                    34 us, workers (us):  34, ---, ---, ---, ---, ---, 
[4.354s][info][gc,stats    ] Concurrent Marking                 1889 us
[4.354s][info][gc,stats    ] Pause Final Mark (G)                793 us
[4.354s][info][gc,stats    ] Pause Final Mark (N)                551 us
[4.354s][info][gc,stats    ]   Finish Mark                       290 us
[4.354s][info][gc,stats    ]   Update Region States               77 us
[4.354s][info][gc,stats    ]   Choose Collection Set              81 us
[4.354s][info][gc,stats    ]   Rebuild Free Set                   67 us
[4.354s][info][gc,stats    ] Concurrent Thread Roots             188 us, parallelism: 0.43x
[4.354s][info][gc,stats    ]   CTR: <total>                       80 us
[4.354s][info][gc,stats    ]   CTR: Thread Roots                  80 us, workers (us):  43,  37,   0, ---, ---, ---, 
[4.354s][info][gc,stats    ] Concurrent Weak References           74 us, parallelism: 0.04x
[4.354s][info][gc,stats    ]   CWRF: <total>                       3 us
[4.354s][info][gc,stats    ]   CWRF: Weak References               3 us, workers (us):   3,   0,   0, ---, ---, ---, 
[4.354s][info][gc,stats    ] Concurrent Weak Roots               392 us
[4.354s][info][gc,stats    ]   Roots                             189 us, parallelism: 0.81x
[4.354s][info][gc,stats    ]     CWR: <total>                    153 us
[4.354s][info][gc,stats    ]     CWR: Code Cache Roots           133 us, workers (us):  75,  58,   0, ---, ---, ---, 
[4.354s][info][gc,stats    ]     CWR: VM Weak Roots               18 us, workers (us):  17,   1,   1, ---, ---, ---, 
[4.354s][info][gc,stats    ]     CWR: CLDG Roots                   2 us, workers (us):   2, ---, ---, ---, ---, ---, 
[4.354s][info][gc,stats    ]   Rendezvous                        183 us
[4.354s][info][gc,stats    ] Concurrent Cleanup                   75 us
[4.354s][info][gc,stats    ] Concurrent Class Unloading          651 us
[4.354s][info][gc,stats    ]   Unlink Stale                      411 us
[4.354s][info][gc,stats    ]     System Dictionary                 3 us
[4.354s][info][gc,stats    ]     Weak Class Links                  0 us
[4.354s][info][gc,stats    ]     Code Roots                      407 us
[4.354s][info][gc,stats    ]   Rendezvous                         97 us
[4.354s][info][gc,stats    ]   Purge Unlinked                    114 us
[4.354s][info][gc,stats    ]     Code Roots                       98 us
[4.354s][info][gc,stats    ]     CLDG                             15 us
[4.354s][info][gc,stats    ]     Exception Caches                  0 us
[4.354s][info][gc,stats    ] Concurrent Strong Roots             128 us, parallelism: 0.25x
[4.354s][info][gc,stats    ]   CSR: <total>                       32 us
[4.354s][info][gc,stats    ]   CSR: VM Strong Roots                4 us, workers (us):   3,   0,   0, ---, ---, ---, 
[4.354s][info][gc,stats    ]   CSR: CLDG Roots                    28 us, workers (us):  28, ---, ---, ---, ---, ---, 
[4.354s][info][gc,stats    ] Concurrent Evacuation             12033 us
[4.354s][info][gc,stats    ] Pause Init Update Refs (G)          325 us
[4.354s][info][gc,stats    ] Pause Init Update Refs (N)           28 us
[4.354s][info][gc,stats    ]   Manage GCLABs                       3 us
[4.354s][info][gc,stats    ] Concurrent Update Refs             2630 us
[4.354s][info][gc,stats    ] Concurrent Update Thread Roots      305 us
[4.354s][info][gc,stats    ] Pause Final Update Refs (G)         483 us
[4.354s][info][gc,stats    ] Pause Final Update Refs (N)         238 us
[4.354s][info][gc,stats    ]   Update Region States              178 us
[4.354s][info][gc,stats    ]   Trash Collection Set                8 us
[4.354s][info][gc,stats    ]   Rebuild Free Set                   19 us
[4.354s][info][gc,stats    ] Concurrent Cleanup                   68 us
[4.354s][info][gc,stats    ] 
[4.354s][info][gc,stats    ] Allocation pacing accrued:
[4.354s][info][gc,stats    ]       0 of    53 ms (  0.0%): <total>
[4.354s][info][gc,stats    ]       0 of    53 ms (  0.0%): <average total>
[4.354s][info][gc,stats    ] 
[4.354s][info][gc,metaspace] Metaspace: 6358K(6528K)->6358K(6528K) NonClass: 5812K(5888K)->5812K(5888K) Class: 546K(640K)->546K(640K)
[4.354s][info][gc,ergo     ] Pacer for Idle. Initial: 20971K, Alloc Tax Rate: 1.0x
[4.389s][info][gc          ] Trigger: Average GC time (25.26 ms) is above the time for average allocation rate (3078 MB/s) to deplete free headroom (72615K) (margin of error = 1.86)
[4.389s][info][gc,ergo     ] Free headroom: 122M (free) - 52428K (spike) - 0B (penalties) = 72615K
[4.389s][info][gc,ergo     ] Free: 121M, Max: 512K regular, 110M humongous, Frag: 9% external, 4% internal; Reserve: 52736K, Max: 512K
[4.389s][info][gc,start    ] GC(32) Concurrent reset
[4.389s][info][gc,task     ] GC(32) Using 3 of 6 workers for concurrent reset
[4.389s][info][gc,ergo     ] GC(32) Pacer for Reset. Non-Taxable: 1024M
[4.391s][info][gc          ] GC(32) Concurrent reset 2.149ms
[4.391s][info][gc,start    ] GC(32) Pause Init Mark (unload classes)
[4.391s][info][gc,task     ] GC(32) Using 6 of 6 workers for init marking
[4.392s][info][gc,ergo     ] GC(32) Pacer for Mark. Expected Live: 196M, Free: 110M, Non-Taxable: 11299K, Alloc Tax Rate: 2.2x
[4.392s][info][gc          ] GC(32) Pause Init Mark (unload classes) 0.192ms
[4.392s][info][gc,start    ] GC(32) Concurrent marking roots
[4.392s][info][gc,task     ] GC(32) Using 3 of 6 workers for concurrent marking roots
[4.392s][info][gc          ] GC(32) Concurrent marking roots 0.246ms
[4.392s][info][gc,start    ] GC(32) Concurrent marking (unload classes)
[4.392s][info][gc,task     ] GC(32) Using 3 of 6 workers for concurrent marking
[4.394s][info][gc          ] GC(32) Concurrent marking (unload classes) 2.446ms
[4.395s][info][gc,start    ] GC(32) Pause Final Mark (unload classes)
[4.395s][info][gc,task     ] GC(32) Using 6 of 6 workers for final marking
[4.395s][info][gc,ergo     ] GC(32) Adaptive CSet Selection. Target Free: 145M, Actual Free: 562M, Max CSet: 43690K, Min Garbage: 0B
[4.395s][info][gc,ergo     ] GC(32) Collectable Garbage: 564M (87%), Immediate: 409M (63%), CSet: 154M (23%)
[4.395s][info][gc,ergo     ] GC(32) Pacer for Evacuation. Used CSet: 197M, Free: 525M, Non-Taxable: 53820K, Alloc Tax Rate: 1.1x
[4.395s][info][gc          ] GC(32) Pause Final Mark (unload classes) 0.522ms
[4.395s][info][gc,start    ] GC(32) Concurrent thread roots
[4.396s][info][gc,task     ] GC(32) Using 3 of 6 workers for Concurrent thread roots
[4.396s][info][gc          ] GC(32) Concurrent thread roots 0.174ms
[4.396s][info][gc,start    ] GC(32) Concurrent weak references
[4.396s][info][gc,task     ] GC(32) Using 3 of 6 workers for concurrent weak references
[4.396s][info][gc,ref      ] GC(32) Encountered references: Soft: 47, Weak: 146, Final: 0, Phantom: 3
[4.396s][info][gc,ref      ] GC(32) Discovered  references: Soft: 0, Weak: 49, Final: 0, Phantom: 2
[4.396s][info][gc,ref      ] GC(32) Enqueued    references: Soft: 0, Weak: 0, Final: 0, Phantom: 0
[4.396s][info][gc          ] GC(32) Concurrent weak references 0.089ms
[4.396s][info][gc,start    ] GC(32) Concurrent weak roots
[4.396s][info][gc,task     ] GC(32) Using 3 of 6 workers for concurrent weak root
[4.396s][info][gc          ] GC(32) Concurrent weak roots 0.628ms
[4.396s][info][gc,start    ] GC(32) Concurrent cleanup
[4.396s][info][gc          ] GC(32) Concurrent cleanup 855M->447M(1024M) 0.079ms
[4.397s][info][gc,ergo     ] GC(32) Free: 515M, Max: 512K regular, 128M humongous, Frag: 76% external, 0% internal; Reserve: 52722K, Max: 512K
[4.397s][info][gc,start    ] GC(32) Concurrent class unloading
[4.397s][info][gc,task     ] GC(32) Using 3 of 6 workers for concurrent class unloading
[4.397s][info][gc          ] GC(32) Concurrent class unloading 0.642ms
[4.397s][info][gc,start    ] GC(32) Concurrent strong roots
[4.397s][info][gc,task     ] GC(32) Using 3 of 6 workers for concurrent strong root
[4.397s][info][gc          ] GC(32) Concurrent strong roots 0.186ms
[4.397s][info][gc,start    ] GC(32) Concurrent evacuation
[4.397s][info][gc,task     ] GC(32) Using 3 of 6 workers for concurrent evacuation
[4.410s][info][gc          ] GC(32) Concurrent evacuation 12.208ms
[4.410s][info][gc,start    ] GC(32) Pause Init Update Refs
[4.410s][info][gc,ergo     ] GC(32) Pacer for Update Refs. Used: 545M, Free: 459M, Non-Taxable: 47079K, Alloc Tax Rate: 1.5x
[4.410s][info][gc          ] GC(32) Pause Init Update Refs 0.024ms
[4.410s][info][gc,start    ] GC(32) Concurrent update references
[4.410s][info][gc,task     ] GC(32) Using 3 of 6 workers for concurrent reference update
[4.412s][info][gc          ] GC(32) Concurrent update references 2.482ms
[4.413s][info][gc,start    ] GC(32) Concurrent update thread roots
[4.413s][info][gc          ] GC(32) Concurrent update thread roots 0.309ms
[4.413s][info][gc,start    ] GC(32) Pause Final Update Refs
[4.413s][info][gc,task     ] GC(32) Using 6 of 6 workers for final reference update
[4.413s][info][gc          ] GC(32) Pause Final Update Refs 0.152ms
[4.413s][info][gc,start    ] GC(32) Concurrent cleanup
[4.413s][info][gc          ] GC(32) Concurrent cleanup 572M->377M(1024M) 0.059ms
[4.413s][info][gc,ergo     ] Free: 595M, Max: 512K regular, 99840K humongous, Frag: 84% external, 34% internal; Reserve: 52736K, Max: 512K
[4.413s][info][gc,stats    ] 
[4.413s][info][gc,stats    ] All times are wall-clock times, except per-root-class counters, that are sum over
[4.413s][info][gc,stats    ] all workers. Dividing the <total> over the root stage time estimates parallelism.
[4.413s][info][gc,stats    ] 
[4.413s][info][gc,stats    ] Concurrent Reset                   2188 us
[4.413s][info][gc,stats    ] Pause Init Mark (G)                 487 us
[4.413s][info][gc,stats    ] Pause Init Mark (N)                 196 us
[4.413s][info][gc,stats    ]   Update Region States              155 us
[4.413s][info][gc,stats    ] Concurrent Mark Roots               257 us, parallelism: 0.73x
[4.413s][info][gc,stats    ]   CMR: <total>                      188 us
[4.413s][info][gc,stats    ]   CMR: Thread Roots                 140 us, workers (us):  46,  44,  50, ---, ---, ---, 
[4.413s][info][gc,stats    ]   CMR: VM Strong Roots                6 us, workers (us):   5,   0,   0, ---, ---, ---, 
[4.413s][info][gc,stats    ]   CMR: CLDG Roots                    42 us, workers (us):  42, ---, ---, ---, ---, ---, 
[4.413s][info][gc,stats    ] Concurrent Marking                 2467 us
[4.413s][info][gc,stats    ] Pause Final Mark (G)               1042 us
[4.413s][info][gc,stats    ] Pause Final Mark (N)                526 us
[4.413s][info][gc,stats    ]   Finish Mark                       322 us
[4.413s][info][gc,stats    ]   Update Region States               78 us
[4.413s][info][gc,stats    ]   Choose Collection Set              75 us
[4.413s][info][gc,stats    ]   Rebuild Free Set                   17 us
[4.413s][info][gc,stats    ] Concurrent Thread Roots             183 us, parallelism: 0.55x
[4.413s][info][gc,stats    ]   CTR: <total>                      102 us
[4.413s][info][gc,stats    ]   CTR: Thread Roots                 102 us, workers (us):  33,  32,  37, ---, ---, ---, 
[4.413s][info][gc,stats    ] Concurrent Weak References           93 us, parallelism: 0.05x
[4.413s][info][gc,stats    ]   CWRF: <total>                       5 us
[4.413s][info][gc,stats    ]   CWRF: Weak References               5 us, workers (us):   5,   0,   0, ---, ---, ---, 
[4.413s][info][gc,stats    ] Concurrent Weak Roots               636 us
[4.413s][info][gc,stats    ]   Roots                             164 us, parallelism: 1.15x
[4.413s][info][gc,stats    ]     CWR: <total>                    189 us
[4.413s][info][gc,stats    ]     CWR: Code Cache Roots           162 us, workers (us):  71,  91,   0, ---, ---, ---, 
[4.413s][info][gc,stats    ]     CWR: VM Weak Roots               22 us, workers (us):  14,   7,   1, ---, ---, ---, 
[4.413s][info][gc,stats    ]     CWR: CLDG Roots                   5 us, workers (us):   5, ---, ---, ---, ---, ---, 
[4.413s][info][gc,stats    ]   Rendezvous                        457 us
[4.413s][info][gc,stats    ] Concurrent Cleanup                   84 us
[4.413s][info][gc,stats    ] Concurrent Class Unloading          658 us
[4.413s][info][gc,stats    ]   Unlink Stale                      452 us
[4.413s][info][gc,stats    ]     System Dictionary                 6 us
[4.413s][info][gc,stats    ]     Weak Class Links                  0 us
[4.413s][info][gc,stats    ]     Code Roots                      444 us
[4.413s][info][gc,stats    ]   Rendezvous                         63 us
[4.413s][info][gc,stats    ]   Purge Unlinked                    119 us
[4.413s][info][gc,stats    ]     Code Roots                      104 us
[4.413s][info][gc,stats    ]     CLDG                             15 us
[4.413s][info][gc,stats    ]     Exception Caches                  0 us
[4.413s][info][gc,stats    ] Concurrent Strong Roots             195 us, parallelism: 0.25x
[4.414s][info][gc,stats    ]   CSR: <total>                       48 us
[4.414s][info][gc,stats    ]   CSR: VM Strong Roots                5 us, workers (us):   5,   0,   0, ---, ---, ---, 
[4.414s][info][gc,stats    ]   CSR: CLDG Roots                    43 us, workers (us):  43, ---, ---, ---, ---, ---, 
[4.414s][info][gc,stats    ] Concurrent Evacuation             12278 us
[4.414s][info][gc,stats    ] Pause Init Update Refs (G)          318 us
[4.414s][info][gc,stats    ] Pause Init Update Refs (N)           27 us
[4.414s][info][gc,stats    ]   Manage GCLABs                       3 us
[4.414s][info][gc,stats    ] Concurrent Update Refs             2544 us
[4.414s][info][gc,stats    ] Concurrent Update Thread Roots      325 us
[4.414s][info][gc,stats    ] Pause Final Update Refs (G)         404 us
[4.414s][info][gc,stats    ] Pause Final Update Refs (N)         161 us
[4.414s][info][gc,stats    ]   Update Region States              100 us
[4.414s][info][gc,stats    ]   Trash Collection Set                9 us
[4.414s][info][gc,stats    ]   Rebuild Free Set                   20 us
[4.414s][info][gc,stats    ] Concurrent Cleanup                   65 us
[4.414s][info][gc,stats    ] Pacing                             5599 us
[4.414s][info][gc,stats    ] 
[4.414s][info][gc,stats    ] Allocation pacing accrued:
[4.414s][info][gc,stats    ]       6 of    60 ms (  9.3%): main
[4.414s][info][gc,stats    ]       6 of    60 ms (  9.3%): <total>
[4.414s][info][gc,stats    ]       1 of    60 ms (  0.8%): <average total>
[4.414s][info][gc,stats    ]       6 of    60 ms (  9.3%): <average non-zero>
[4.414s][info][gc,stats    ] 
[4.414s][info][gc,metaspace] Metaspace: 6358K(6528K)->6358K(6528K) NonClass: 5812K(5888K)->5812K(5888K) Class: 546K(640K)->546K(640K)
[4.414s][info][gc,ergo     ] Pacer for Idle. Initial: 20971K, Alloc Tax Rate: 1.0x
[4.451s][info][gc          ] Trigger: Average GC time (25.65 ms) is above the time for average allocation rate (3077 MB/s) to deplete free headroom (71945K) (margin of error = 1.85)
[4.451s][info][gc,ergo     ] Free headroom: 121M (free) - 52428K (spike) - 0B (penalties) = 71945K
[4.451s][info][gc,ergo     ] Free: 120M, Max: 512K regular, 99840K humongous, Frag: 18% external, 34% internal; Reserve: 52736K, Max: 512K
[4.451s][info][gc,start    ] GC(33) Concurrent reset
[4.451s][info][gc,task     ] GC(33) Using 3 of 6 workers for concurrent reset
[4.451s][info][gc,ergo     ] GC(33) Pacer for Reset. Non-Taxable: 1024M
[4.453s][info][gc          ] GC(33) Concurrent reset 2.059ms
[4.453s][info][gc,start    ] GC(33) Pause Init Mark (unload classes)
[4.453s][info][gc,task     ] GC(33) Using 6 of 6 workers for init marking
[4.453s][info][gc,ergo     ] GC(33) Pacer for Mark. Expected Live: 196M, Free: 108M, Non-Taxable: 11060K, Alloc Tax Rate: 2.2x
[4.453s][info][gc          ] GC(33) Pause Init Mark (unload classes) 0.236ms
[4.454s][info][gc,start    ] GC(33) Concurrent marking roots
[4.454s][info][gc,task     ] GC(33) Using 3 of 6 workers for concurrent marking roots
[4.454s][info][gc          ] GC(33) Concurrent marking roots 0.289ms
[4.454s][info][gc,start    ] GC(33) Concurrent marking (unload classes)
[4.454s][info][gc,task     ] GC(33) Using 3 of 6 workers for concurrent marking
[4.455s][info][gc          ] GC(33) Concurrent marking (unload classes) 1.433ms
[4.455s][info][gc,start    ] GC(33) Pause Final Mark (unload classes)
[4.455s][info][gc,task     ] GC(33) Using 6 of 6 workers for final marking
[4.456s][info][gc,ergo     ] GC(33) Adaptive CSet Selection. Target Free: 145M, Actual Free: 538M, Max CSet: 43690K, Min Garbage: 0B
[4.456s][info][gc,ergo     ] GC(33) Collectable Garbage: 559M (85%), Immediate: 390M (59%), CSet: 168M (25%)
[4.456s][info][gc,ergo     ] GC(33) Pacer for Evacuation. Used CSet: 211M, Free: 501M, Non-Taxable: 51346K, Alloc Tax Rate: 1.1x
[4.456s][info][gc          ] GC(33) Pause Final Mark (unload classes) 0.561ms
[4.456s][info][gc,start    ] GC(33) Concurrent thread roots
[4.456s][info][gc,task     ] GC(33) Using 3 of 6 workers for Concurrent thread roots
[4.456s][info][gc          ] GC(33) Concurrent thread roots 0.164ms
[4.456s][info][gc,start    ] GC(33) Concurrent weak references
[4.456s][info][gc,task     ] GC(33) Using 3 of 6 workers for concurrent weak references
[4.456s][info][gc,ref      ] GC(33) Encountered references: Soft: 47, Weak: 146, Final: 0, Phantom: 3
[4.456s][info][gc,ref      ] GC(33) Discovered  references: Soft: 0, Weak: 48, Final: 0, Phantom: 2
[4.456s][info][gc,ref      ] GC(33) Enqueued    references: Soft: 0, Weak: 0, Final: 0, Phantom: 0
[4.456s][info][gc          ] GC(33) Concurrent weak references 0.093ms
[4.456s][info][gc,start    ] GC(33) Concurrent weak roots
[4.456s][info][gc,task     ] GC(33) Using 3 of 6 workers for concurrent weak root
[4.456s][info][gc          ] GC(33) Concurrent weak roots 0.273ms
[4.456s][info][gc,start    ] GC(33) Concurrent cleanup
[4.457s][info][gc          ] GC(33) Concurrent cleanup 856M->466M(1024M) 0.059ms
[4.457s][info][gc,ergo     ] GC(33) Free: 501M, Max: 512K regular, 129M humongous, Frag: 74% external, 32% internal; Reserve: 52718K, Max: 512K
[4.457s][info][gc,start    ] GC(33) Concurrent class unloading
[4.457s][info][gc,task     ] GC(33) Using 3 of 6 workers for concurrent class unloading
[4.457s][info][gc          ] GC(33) Concurrent class unloading 0.403ms
[4.457s][info][gc,start    ] GC(33) Concurrent strong roots
[4.457s][info][gc,task     ] GC(33) Using 3 of 6 workers for concurrent strong root
[4.457s][info][gc          ] GC(33) Concurrent strong roots 0.084ms
[4.457s][info][gc,start    ] GC(33) Concurrent evacuation
[4.457s][info][gc,task     ] GC(33) Using 3 of 6 workers for concurrent evacuation
[4.466s][info][gc          ] GC(33) Concurrent evacuation 8.447ms
[4.466s][info][gc,start    ] GC(33) Pause Init Update Refs
[4.466s][info][gc,ergo     ] GC(33) Pacer for Update Refs. Used: 522M, Free: 489M, Non-Taxable: 50087K, Alloc Tax Rate: 1.3x
[4.466s][info][gc          ] GC(33) Pause Init Update Refs 0.025ms
[4.466s][info][gc,start    ] GC(33) Concurrent update references
[4.466s][info][gc,task     ] GC(33) Using 3 of 6 workers for concurrent reference update
[4.468s][info][gc          ] GC(33) Concurrent update references 2.499ms
[4.469s][info][gc,start    ] GC(33) Concurrent update thread roots
[4.469s][info][gc          ] GC(33) Concurrent update thread roots 0.285ms
[4.469s][info][gc,start    ] GC(33) Pause Final Update Refs
[4.469s][info][gc,task     ] GC(33) Using 6 of 6 workers for final reference update
[4.469s][info][gc          ] GC(33) Pause Final Update Refs 0.304ms
[4.469s][info][gc,start    ] GC(33) Concurrent cleanup
[4.469s][info][gc          ] GC(33) Concurrent cleanup 548M->339M(1024M) 0.058ms
[4.469s][info][gc,ergo     ] Free: 632M, Max: 512K regular, 99328K humongous, Frag: 85% external, 30% internal; Reserve: 52736K, Max: 512K
[4.469s][info][gc,stats    ] 
[4.469s][info][gc,stats    ] All times are wall-clock times, except per-root-class counters, that are sum over
[4.469s][info][gc,stats    ] all workers. Dividing the <total> over the root stage time estimates parallelism.
[4.470s][info][gc,stats    ] 
[4.470s][info][gc,stats    ] Concurrent Reset                   2123 us
[4.470s][info][gc,stats    ] Pause Init Mark (G)                 536 us
[4.470s][info][gc,stats    ] Pause Init Mark (N)                 241 us
[4.470s][info][gc,stats    ]   Update Region States              198 us
[4.470s][info][gc,stats    ] Concurrent Mark Roots               301 us, parallelism: 0.78x
[4.470s][info][gc,stats    ]   CMR: <total>                      235 us
[4.470s][info][gc,stats    ]   CMR: Thread Roots                 163 us, workers (us):  12,  88,  64, ---, ---, ---, 
[4.470s][info][gc,stats    ]   CMR: VM Strong Roots                6 us, workers (us):   5,   0,   0, ---, ---, ---, 
[4.470s][info][gc,stats    ]   CMR: CLDG Roots                    66 us, workers (us):  66, ---, ---, ---, ---, ---, 
[4.470s][info][gc,stats    ] Concurrent Marking                 1444 us
[4.470s][info][gc,stats    ] Pause Final Mark (G)                661 us
[4.470s][info][gc,stats    ] Pause Final Mark (N)                564 us
[4.470s][info][gc,stats    ]   Finish Mark                       339 us
[4.470s][info][gc,stats    ]   Update Region States               97 us
[4.470s][info][gc,stats    ]   Choose Collection Set              86 us
[4.470s][info][gc,stats    ]   Rebuild Free Set                   16 us
[4.470s][info][gc,stats    ] Concurrent Thread Roots             172 us, parallelism: 0.54x
[4.470s][info][gc,stats    ]   CTR: <total>                       93 us
[4.470s][info][gc,stats    ]   CTR: Thread Roots                  93 us, workers (us):  33,  26,  34, ---, ---, ---, 
[4.470s][info][gc,stats    ] Concurrent Weak References           96 us, parallelism: 0.03x
[4.470s][info][gc,stats    ]   CWRF: <total>                       3 us
[4.470s][info][gc,stats    ]   CWRF: Weak References               3 us, workers (us):   3,   0,   0, ---, ---, ---, 
[4.470s][info][gc,stats    ] Concurrent Weak Roots               281 us
[4.470s][info][gc,stats    ]   Roots                             179 us, parallelism: 0.82x
[4.470s][info][gc,stats    ]     CWR: <total>                    147 us
[4.470s][info][gc,stats    ]     CWR: Code Cache Roots           126 us, workers (us):  70,  56,   0, ---, ---, ---, 
[4.470s][info][gc,stats    ]     CWR: VM Weak Roots               19 us, workers (us):  19,   0,   0, ---, ---, ---, 
[4.470s][info][gc,stats    ]     CWR: CLDG Roots                   2 us, workers (us):   2, ---, ---, ---, ---, ---, 
[4.470s][info][gc,stats    ]   Rendezvous                         88 us
[4.470s][info][gc,stats    ] Concurrent Cleanup                   63 us
[4.470s][info][gc,stats    ] Concurrent Class Unloading          411 us
[4.470s][info][gc,stats    ]   Unlink Stale                      207 us
[4.470s][info][gc,stats    ]     System Dictionary                 2 us
[4.470s][info][gc,stats    ]     Weak Class Links                  0 us
[4.470s][info][gc,stats    ]     Code Roots                      204 us
[4.470s][info][gc,stats    ]   Rendezvous                         87 us
[4.470s][info][gc,stats    ]   Purge Unlinked                    103 us
[4.470s][info][gc,stats    ]     Code Roots                       89 us
[4.470s][info][gc,stats    ]     CLDG                             13 us
[4.470s][info][gc,stats    ]     Exception Caches                  0 us
[4.470s][info][gc,stats    ] Concurrent Strong Roots              92 us, parallelism: 0.17x
[4.470s][info][gc,stats    ]   CSR: <total>                       16 us
[4.470s][info][gc,stats    ]   CSR: VM Strong Roots                2 us, workers (us):   2,   0,   0, ---, ---, ---, 
[4.470s][info][gc,stats    ]   CSR: CLDG Roots                    14 us, workers (us):  14, ---, ---, ---, ---, ---, 
[4.470s][info][gc,stats    ] Concurrent Evacuation              8515 us
[4.470s][info][gc,stats    ] Pause Init Update Refs (G)          344 us
[4.470s][info][gc,stats    ] Pause Init Update Refs (N)           29 us
[4.470s][info][gc,stats    ]   Manage GCLABs                       3 us
[4.470s][info][gc,stats    ] Concurrent Update Refs             2562 us
[4.470s][info][gc,stats    ] Concurrent Update Thread Roots      297 us
[4.470s][info][gc,stats    ] Pause Final Update Refs (G)         550 us
[4.470s][info][gc,stats    ] Pause Final Update Refs (N)         316 us
[4.470s][info][gc,stats    ]   Update Region States              259 us
[4.470s][info][gc,stats    ]   Trash Collection Set                8 us
[4.470s][info][gc,stats    ]   Rebuild Free Set                   17 us
[4.470s][info][gc,stats    ] Concurrent Cleanup                   64 us
[4.470s][info][gc,stats    ] Pacing                            15301 us
[4.470s][info][gc,stats    ] 
[4.470s][info][gc,stats    ] Allocation pacing accrued:
[4.470s][info][gc,stats    ]      15 of    56 ms ( 27.3%): main
[4.470s][info][gc,stats    ]      15 of    56 ms ( 27.3%): <total>
[4.470s][info][gc,stats    ]       1 of    56 ms (  2.5%): <average total>
[4.470s][info][gc,stats    ]      15 of    56 ms ( 27.3%): <average non-zero>
[4.470s][info][gc,stats    ] 
[4.470s][info][gc,metaspace] Metaspace: 6358K(6528K)->6358K(6528K) NonClass: 5812K(5888K)->5812K(5888K) Class: 546K(640K)->546K(640K)
[4.470s][info][gc,ergo     ] Pacer for Idle. Initial: 20971K, Alloc Tax Rate: 1.0x
[4.516s][info][gc          ] Trigger: Average GC time (25.92 ms) is above the time for average allocation rate (3076 MB/s) to deplete free headroom (75087K) (margin of error = 1.84)
[4.516s][info][gc,ergo     ] Free headroom: 124M (free) - 52428K (spike) - 0B (penalties) = 75087K
[4.516s][info][gc,ergo     ] Free: 123M, Max: 512K regular, 99328K humongous, Frag: 22% external, 6% internal; Reserve: 52736K, Max: 512K
[4.517s][info][gc,start    ] GC(34) Concurrent reset
[4.517s][info][gc,task     ] GC(34) Using 3 of 6 workers for concurrent reset
[4.517s][info][gc,ergo     ] GC(34) Pacer for Reset. Non-Taxable: 1024M
[4.519s][info][gc          ] GC(34) Concurrent reset 2.346ms
[4.519s][info][gc,start    ] GC(34) Pause Init Mark (unload classes)
[4.519s][info][gc,task     ] GC(34) Using 6 of 6 workers for init marking
[4.519s][info][gc,ergo     ] GC(34) Pacer for Mark. Expected Live: 196M, Free: 109M, Non-Taxable: 11254K, Alloc Tax Rate: 2.2x
[4.519s][info][gc          ] GC(34) Pause Init Mark (unload classes) 0.200ms
[4.519s][info][gc,start    ] GC(34) Concurrent marking roots
[4.519s][info][gc,task     ] GC(34) Using 3 of 6 workers for concurrent marking roots
[4.520s][info][gc          ] GC(34) Concurrent marking roots 0.264ms
[4.520s][info][gc,start    ] GC(34) Concurrent marking (unload classes)
[4.520s][info][gc,task     ] GC(34) Using 3 of 6 workers for concurrent marking
[4.522s][info][gc          ] GC(34) Concurrent marking (unload classes) 1.784ms
[4.522s][info][gc,start    ] GC(34) Pause Final Mark (unload classes)
[4.522s][info][gc,task     ] GC(34) Using 6 of 6 workers for final marking
[4.522s][info][gc,ergo     ] GC(34) Adaptive CSet Selection. Target Free: 145M, Actual Free: 550M, Max CSet: 43690K, Min Garbage: 0B
[4.522s][info][gc,ergo     ] GC(34) Collectable Garbage: 560M (86%), Immediate: 400M (61%), CSet: 159M (24%)
[4.522s][info][gc,ergo     ] GC(34) Pacer for Evacuation. Used CSet: 202M, Free: 513M, Non-Taxable: 52608K, Alloc Tax Rate: 1.1x
[4.522s][info][gc          ] GC(34) Pause Final Mark (unload classes) 0.512ms
[4.522s][info][gc,start    ] GC(34) Concurrent thread roots
[4.522s][info][gc,task     ] GC(34) Using 3 of 6 workers for Concurrent thread roots
[4.522s][info][gc          ] GC(34) Concurrent thread roots 0.152ms
[4.522s][info][gc,start    ] GC(34) Concurrent weak references
[4.522s][info][gc,task     ] GC(34) Using 3 of 6 workers for concurrent weak references
[4.522s][info][gc,ref      ] GC(34) Encountered references: Soft: 47, Weak: 146, Final: 0, Phantom: 3
[4.522s][info][gc,ref      ] GC(34) Discovered  references: Soft: 0, Weak: 37, Final: 0, Phantom: 2
[4.522s][info][gc,ref      ] GC(34) Enqueued    references: Soft: 0, Weak: 0, Final: 0, Phantom: 0
[4.522s][info][gc          ] GC(34) Concurrent weak references 0.109ms
[4.522s][info][gc,start    ] GC(34) Concurrent weak roots
[4.522s][info][gc,task     ] GC(34) Using 3 of 6 workers for concurrent weak root
[4.523s][info][gc          ] GC(34) Concurrent weak roots 0.278ms
[4.523s][info][gc,start    ] GC(34) Concurrent cleanup
[4.523s][info][gc          ] GC(34) Concurrent cleanup 855M->454M(1024M) 0.061ms
[4.523s][info][gc,ergo     ] GC(34) Free: 513M, Max: 512K regular, 131M humongous, Frag: 75% external, 32% internal; Reserve: 52718K, Max: 512K
[4.523s][info][gc,start    ] GC(34) Concurrent class unloading
[4.523s][info][gc,task     ] GC(34) Using 3 of 6 workers for concurrent class unloading
[4.523s][info][gc          ] GC(34) Concurrent class unloading 0.441ms
[4.523s][info][gc,start    ] GC(34) Concurrent strong roots
[4.523s][info][gc,task     ] GC(34) Using 3 of 6 workers for concurrent strong root
[4.523s][info][gc          ] GC(34) Concurrent strong roots 0.146ms
[4.523s][info][gc,start    ] GC(34) Concurrent evacuation
[4.523s][info][gc,task     ] GC(34) Using 3 of 6 workers for concurrent evacuation
[4.535s][info][gc          ] GC(34) Concurrent evacuation 12.021ms
[4.536s][info][gc,start    ] GC(34) Pause Init Update Refs
[4.536s][info][gc,ergo     ] GC(34) Pacer for Update Refs. Used: 545M, Free: 466M, Non-Taxable: 47763K, Alloc Tax Rate: 1.4x
[4.536s][info][gc          ] GC(34) Pause Init Update Refs 0.026ms
[4.536s][info][gc,start    ] GC(34) Concurrent update references
[4.536s][info][gc,task     ] GC(34) Using 3 of 6 workers for concurrent reference update
[4.539s][info][gc          ] GC(34) Concurrent update references 2.705ms
[4.539s][info][gc,start    ] GC(34) Concurrent update thread roots
[4.539s][info][gc          ] GC(34) Concurrent update thread roots 0.298ms
[4.539s][info][gc,start    ] GC(34) Pause Final Update Refs
[4.539s][info][gc,task     ] GC(34) Using 6 of 6 workers for final reference update
[4.539s][info][gc          ] GC(34) Pause Final Update Refs 0.237ms
[4.539s][info][gc,start    ] GC(34) Concurrent cleanup
[4.539s][info][gc          ] GC(34) Concurrent cleanup 569M->369M(1024M) 0.067ms
[4.539s][info][gc,ergo     ] Free: 602M, Max: 512K regular, 101888K humongous, Frag: 84% external, 33% internal; Reserve: 52736K, Max: 512K
[4.539s][info][gc,stats    ] 
[4.539s][info][gc,stats    ] All times are wall-clock times, except per-root-class counters, that are sum over
[4.539s][info][gc,stats    ] all workers. Dividing the <total> over the root stage time estimates parallelism.
[4.539s][info][gc,stats    ] 
[4.539s][info][gc,stats    ] Concurrent Reset                   2416 us
[4.539s][info][gc,stats    ] Pause Init Mark (G)                 551 us
[4.539s][info][gc,stats    ] Pause Init Mark (N)                 204 us
[4.539s][info][gc,stats    ]   Update Region States              155 us
[4.540s][info][gc,stats    ] Concurrent Mark Roots               278 us, parallelism: 0.98x
[4.540s][info][gc,stats    ]   CMR: <total>                      273 us
[4.540s][info][gc,stats    ]   CMR: Thread Roots                 169 us, workers (us):   0,  71,  98, ---, ---, ---, 
[4.540s][info][gc,stats    ]   CMR: VM Strong Roots                6 us, workers (us):   5,   0,   0, ---, ---, ---, 
[4.540s][info][gc,stats    ]   CMR: CLDG Roots                    98 us, workers (us):  98, ---, ---, ---, ---, ---, 
[4.540s][info][gc,stats    ] Concurrent Marking                 1799 us
[4.540s][info][gc,stats    ] Pause Final Mark (G)                627 us
[4.540s][info][gc,stats    ] Pause Final Mark (N)                516 us
[4.540s][info][gc,stats    ]   Finish Mark                       318 us
[4.540s][info][gc,stats    ]   Update Region States               80 us
[4.540s][info][gc,stats    ]   Choose Collection Set              74 us
[4.540s][info][gc,stats    ]   Rebuild Free Set                   16 us
[4.540s][info][gc,stats    ] Concurrent Thread Roots             161 us, parallelism: 0.61x
[4.540s][info][gc,stats    ]   CTR: <total>                       98 us
[4.540s][info][gc,stats    ]   CTR: Thread Roots                  98 us, workers (us):  39,  24,  35, ---, ---, ---, 
[4.540s][info][gc,stats    ] Concurrent Weak References          113 us, parallelism: 0.02x
[4.540s][info][gc,stats    ]   CWRF: <total>                       3 us
[4.540s][info][gc,stats    ]   CWRF: Weak References               3 us, workers (us):   3,   0,   0, ---, ---, ---, 
[4.540s][info][gc,stats    ] Concurrent Weak Roots               287 us
[4.540s][info][gc,stats    ]   Roots                             153 us, parallelism: 0.95x
[4.540s][info][gc,stats    ]     CWR: <total>                    146 us
[4.540s][info][gc,stats    ]     CWR: Code Cache Roots           128 us, workers (us):  70,  57,   0, ---, ---, ---, 
[4.540s][info][gc,stats    ]     CWR: VM Weak Roots               17 us, workers (us):  16,   0,   0, ---, ---, ---, 
[4.540s][info][gc,stats    ]     CWR: CLDG Roots                   2 us, workers (us):   2, ---, ---, ---, ---, ---, 
[4.540s][info][gc,stats    ]   Rendezvous                        111 us
[4.540s][info][gc,stats    ] Concurrent Cleanup                   65 us
[4.540s][info][gc,stats    ] Concurrent Class Unloading          449 us
[4.540s][info][gc,stats    ]   Unlink Stale                      243 us
[4.540s][info][gc,stats    ]     System Dictionary                 3 us
[4.540s][info][gc,stats    ]     Weak Class Links                  0 us
[4.540s][info][gc,stats    ]     Code Roots                      240 us
[4.540s][info][gc,stats    ]   Rendezvous                         87 us
[4.540s][info][gc,stats    ]   Purge Unlinked                    103 us
[4.540s][info][gc,stats    ]     Code Roots                       88 us
[4.540s][info][gc,stats    ]     CLDG                             15 us
[4.540s][info][gc,stats    ]     Exception Caches                  0 us
[4.540s][info][gc,stats    ] Concurrent Strong Roots             154 us, parallelism: 0.11x
[4.540s][info][gc,stats    ]   CSR: <total>                       18 us
[4.540s][info][gc,stats    ]   CSR: VM Strong Roots                3 us, workers (us):   2,   0,   0, ---, ---, ---, 
[4.540s][info][gc,stats    ]   CSR: CLDG Roots                    15 us, workers (us):  15, ---, ---, ---, ---, ---, 
[4.540s][info][gc,stats    ] Concurrent Evacuation             12085 us
[4.540s][info][gc,stats    ] Pause Init Update Refs (G)          323 us
[4.540s][info][gc,stats    ] Pause Init Update Refs (N)           30 us
[4.540s][info][gc,stats    ]   Manage GCLABs                       4 us
[4.540s][info][gc,stats    ] Concurrent Update Refs             2769 us
[4.540s][info][gc,stats    ] Concurrent Update Thread Roots      315 us
[4.540s][info][gc,stats    ] Pause Final Update Refs (G)         409 us
[4.540s][info][gc,stats    ] Pause Final Update Refs (N)         249 us
[4.540s][info][gc,stats    ]   Update Region States              185 us
[4.540s][info][gc,stats    ]   Trash Collection Set                8 us
[4.540s][info][gc,stats    ]   Rebuild Free Set                   21 us
[4.540s][info][gc,stats    ] Concurrent Cleanup                   73 us
[4.540s][info][gc,stats    ] Pacing                             4787 us
[4.540s][info][gc,stats    ] 
[4.540s][info][gc,stats    ] Allocation pacing accrued:
[4.540s][info][gc,stats    ]       5 of    70 ms (  6.8%): main
[4.540s][info][gc,stats    ]       5 of    70 ms (  6.8%): <total>
[4.540s][info][gc,stats    ]       0 of    70 ms (  0.6%): <average total>
[4.540s][info][gc,stats    ]       5 of    70 ms (  6.8%): <average non-zero>
[4.540s][info][gc,stats    ] 
[4.540s][info][gc,metaspace] Metaspace: 6358K(6528K)->6358K(6528K) NonClass: 5812K(5888K)->5812K(5888K) Class: 546K(640K)->546K(640K)
[4.540s][info][gc,ergo     ] Pacer for Idle. Initial: 20971K, Alloc Tax Rate: 1.0x
[4.573s][info][gc          ] Trigger: Average GC time (25.80 ms) is above the time for average allocation rate (3075 MB/s) to deplete free headroom (62003K) (margin of error = 1.83)
[4.573s][info][gc,ergo     ] Free headroom: 111M (free) - 52428K (spike) - 0B (penalties) = 62003K
[4.573s][info][gc,ergo     ] Free: 110M, Max: 512K regular, 101888K humongous, Frag: 9% external, 33% internal; Reserve: 52736K, Max: 512K
[4.573s][info][gc,start    ] GC(35) Concurrent reset
[4.573s][info][gc,task     ] GC(35) Using 3 of 6 workers for concurrent reset
[4.573s][info][gc,ergo     ] GC(35) Pacer for Reset. Non-Taxable: 1024M
[4.576s][info][gc          ] GC(35) Concurrent reset 2.132ms
[4.577s][info][gc,start    ] GC(35) Pause Init Mark (unload classes)
[4.577s][info][gc,task     ] GC(35) Using 6 of 6 workers for init marking
[4.577s][info][gc,ergo     ] GC(35) Pacer for Mark. Expected Live: 196M, Free: 100009K, Non-Taxable: 10000K, Alloc Tax Rate: 2.5x
[4.577s][info][gc          ] GC(35) Pause Init Mark (unload classes) 0.144ms
[4.577s][info][gc,start    ] GC(35) Concurrent marking roots
[4.577s][info][gc,task     ] GC(35) Using 3 of 6 workers for concurrent marking roots
[4.577s][info][gc          ] GC(35) Concurrent marking roots 0.254ms
[4.577s][info][gc,start    ] GC(35) Concurrent marking (unload classes)
[4.577s][info][gc,task     ] GC(35) Using 3 of 6 workers for concurrent marking
[4.580s][info][gc          ] GC(35) Concurrent marking (unload classes) 2.182ms
[4.580s][info][gc,start    ] GC(35) Pause Final Mark (unload classes)
[4.580s][info][gc,task     ] GC(35) Using 6 of 6 workers for final marking
[4.580s][info][gc,ergo     ] GC(35) Adaptive CSet Selection. Target Free: 145M, Actual Free: 545M, Max CSet: 43690K, Min Garbage: 0B
[4.581s][info][gc,ergo     ] GC(35) Collectable Garbage: 565M (85%), Immediate: 404M (61%), CSet: 161M (24%)
[4.581s][info][gc,ergo     ] GC(35) Pacer for Evacuation. Used CSet: 203M, Free: 508M, Non-Taxable: 52103K, Alloc Tax Rate: 1.1x
[4.581s][info][gc          ] GC(35) Pause Final Mark (unload classes) 0.477ms
[4.581s][info][gc,start    ] GC(35) Concurrent thread roots
[4.581s][info][gc,task     ] GC(35) Using 3 of 6 workers for Concurrent thread roots
[4.581s][info][gc          ] GC(35) Concurrent thread roots 0.192ms
[4.581s][info][gc,start    ] GC(35) Concurrent weak references
[4.581s][info][gc,task     ] GC(35) Using 3 of 6 workers for concurrent weak references
[4.581s][info][gc,ref      ] GC(35) Encountered references: Soft: 47, Weak: 146, Final: 0, Phantom: 3
[4.581s][info][gc,ref      ] GC(35) Discovered  references: Soft: 0, Weak: 61, Final: 0, Phantom: 2
[4.581s][info][gc,ref      ] GC(35) Enqueued    references: Soft: 0, Weak: 0, Final: 0, Phantom: 0
[4.581s][info][gc          ] GC(35) Concurrent weak references 0.072ms
[4.581s][info][gc,start    ] GC(35) Concurrent weak roots
[4.581s][info][gc,task     ] GC(35) Using 3 of 6 workers for concurrent weak root
[4.582s][info][gc          ] GC(35) Concurrent weak roots 0.643ms
[4.582s][info][gc,start    ] GC(35) Concurrent cleanup
[4.582s][info][gc          ] GC(35) Concurrent cleanup 867M->464M(1024M) 0.090ms
[4.582s][info][gc,ergo     ] GC(35) Free: 498M, Max: 512K regular, 117M humongous, Frag: 77% external, 0% internal; Reserve: 52720K, Max: 512K
[4.582s][info][gc,start    ] GC(35) Concurrent class unloading
[4.582s][info][gc,task     ] GC(35) Using 3 of 6 workers for concurrent class unloading
[4.582s][info][gc          ] GC(35) Concurrent class unloading 0.802ms
[4.583s][info][gc,start    ] GC(35) Concurrent strong roots
[4.583s][info][gc,task     ] GC(35) Using 3 of 6 workers for concurrent strong root
[4.583s][info][gc          ] GC(35) Concurrent strong roots 0.216ms
[4.583s][info][gc,start    ] GC(35) Concurrent evacuation
[4.583s][info][gc,task     ] GC(35) Using 3 of 6 workers for concurrent evacuation
[4.595s][info][gc          ] GC(35) Concurrent evacuation 12.465ms
[4.596s][info][gc,start    ] GC(35) Pause Init Update Refs
[4.596s][info][gc,ergo     ] GC(35) Pacer for Update Refs. Used: 566M, Free: 438M, Non-Taxable: 44899K, Alloc Tax Rate: 1.6x
[4.596s][info][gc          ] GC(35) Pause Init Update Refs 0.023ms
[4.596s][info][gc,start    ] GC(35) Concurrent update references
[4.596s][info][gc,task     ] GC(35) Using 3 of 6 workers for concurrent reference update
[4.598s][info][gc          ] GC(35) Concurrent update references 2.507ms
[4.598s][info][gc,start    ] GC(35) Concurrent update thread roots
[4.599s][info][gc          ] GC(35) Concurrent update thread roots 0.363ms
[4.599s][info][gc,start    ] GC(35) Pause Final Update Refs
[4.599s][info][gc,task     ] GC(35) Using 6 of 6 workers for final reference update
[4.599s][info][gc          ] GC(35) Pause Final Update Refs 0.227ms
[4.599s][info][gc,start    ] GC(35) Concurrent cleanup
[4.599s][info][gc          ] GC(35) Concurrent cleanup 594M->393M(1024M) 0.063ms
[4.599s][info][gc,ergo     ] Free: 579M, Max: 512K regular, 87552K humongous, Frag: 85% external, 36% internal; Reserve: 52736K, Max: 512K
[4.599s][info][gc,stats    ] 
[4.599s][info][gc,stats    ] All times are wall-clock times, except per-root-class counters, that are sum over
[4.599s][info][gc,stats    ] all workers. Dividing the <total> over the root stage time estimates parallelism.
[4.599s][info][gc,stats    ] 
[4.599s][info][gc,stats    ] Concurrent Reset                   2216 us
[4.599s][info][gc,stats    ] Pause Init Mark (G)                1478 us
[4.599s][info][gc,stats    ] Pause Init Mark (N)                 148 us
[4.599s][info][gc,stats    ]   Update Region States               97 us
[4.599s][info][gc,stats    ] Concurrent Mark Roots               267 us, parallelism: 0.75x
[4.599s][info][gc,stats    ]   CMR: <total>                      199 us
[4.599s][info][gc,stats    ]   CMR: Thread Roots                 154 us, workers (us):  45,  59,  50, ---, ---, ---, 
[4.599s][info][gc,stats    ]   CMR: VM Strong Roots                6 us, workers (us):   6,   0,   0, ---, ---, ---, 
[4.599s][info][gc,stats    ]   CMR: CLDG Roots                    39 us, workers (us):  39, ---, ---, ---, ---, ---, 
[4.599s][info][gc,stats    ] Concurrent Marking                 2204 us
[4.599s][info][gc,stats    ] Pause Final Mark (G)               1041 us
[4.599s][info][gc,stats    ] Pause Final Mark (N)                481 us
[4.599s][info][gc,stats    ]   Finish Mark                       275 us
[4.599s][info][gc,stats    ]   Update Region States               78 us
[4.599s][info][gc,stats    ]   Choose Collection Set              77 us
[4.599s][info][gc,stats    ]   Rebuild Free Set                   17 us
[4.599s][info][gc,stats    ] Concurrent Thread Roots             203 us, parallelism: 0.47x
[4.599s][info][gc,stats    ]   CTR: <total>                       95 us
[4.599s][info][gc,stats    ]   CTR: Thread Roots                  95 us, workers (us):  57,  31,   6, ---, ---, ---, 
[4.599s][info][gc,stats    ] Concurrent Weak References           76 us, parallelism: 0.09x
[4.599s][info][gc,stats    ]   CWRF: <total>                       7 us
[4.599s][info][gc,stats    ]   CWRF: Weak References               7 us, workers (us):   7,   0,   0, ---, ---, ---, 
[4.599s][info][gc,stats    ] Concurrent Weak Roots               655 us
[4.599s][info][gc,stats    ]   Roots                             241 us, parallelism: 0.96x
[4.599s][info][gc,stats    ]     CWR: <total>                    231 us
[4.599s][info][gc,stats    ]     CWR: Code Cache Roots           199 us, workers (us): 112,   0,  87, ---, ---, ---, 
[4.599s][info][gc,stats    ]     CWR: VM Weak Roots               23 us, workers (us):  22,   1,   0, ---, ---, ---, 
[4.599s][info][gc,stats    ]     CWR: CLDG Roots                   9 us, workers (us): ---,   9, ---, ---, ---, ---, 
[4.599s][info][gc,stats    ]   Rendezvous                        394 us
[4.599s][info][gc,stats    ] Concurrent Cleanup                   95 us
[4.599s][info][gc,stats    ] Concurrent Class Unloading          841 us
[4.599s][info][gc,stats    ]   Unlink Stale                      486 us
[4.599s][info][gc,stats    ]     System Dictionary                 5 us
[4.599s][info][gc,stats    ]     Weak Class Links                  0 us
[4.599s][info][gc,stats    ]     Code Roots                      480 us
[4.599s][info][gc,stats    ]   Rendezvous                        116 us
[4.599s][info][gc,stats    ]   Purge Unlinked                    190 us
[4.599s][info][gc,stats    ]     Code Roots                      166 us
[4.599s][info][gc,stats    ]     CLDG                             23 us
[4.599s][info][gc,stats    ]     Exception Caches                  0 us
[4.599s][info][gc,stats    ] Concurrent Strong Roots             234 us, parallelism: 0.21x
[4.599s][info][gc,stats    ]   CSR: <total>                       49 us
[4.599s][info][gc,stats    ]   CSR: VM Strong Roots                5 us, workers (us):   5,   0,   0, ---, ---, ---, 
[4.599s][info][gc,stats    ]   CSR: CLDG Roots                    43 us, workers (us):  43, ---, ---, ---, ---, ---, 
[4.599s][info][gc,stats    ] Concurrent Evacuation             12543 us
[4.599s][info][gc,stats    ] Pause Init Update Refs (G)          322 us
[4.599s][info][gc,stats    ] Pause Init Update Refs (N)           26 us
[4.599s][info][gc,stats    ]   Manage GCLABs                       4 us
[4.599s][info][gc,stats    ] Concurrent Update Refs             2585 us
[4.599s][info][gc,stats    ] Concurrent Update Thread Roots      397 us
[4.599s][info][gc,stats    ] Pause Final Update Refs (G)         499 us
[4.599s][info][gc,stats    ] Pause Final Update Refs (N)         239 us
[4.599s][info][gc,stats    ]   Update Region States              176 us
[4.599s][info][gc,stats    ]   Trash Collection Set                9 us
[4.599s][info][gc,stats    ]   Rebuild Free Set                   21 us
[4.599s][info][gc,stats    ] Concurrent Cleanup                   69 us
[4.599s][info][gc,stats    ] 
[4.599s][info][gc,stats    ] Allocation pacing accrued:
[4.599s][info][gc,stats    ]       0 of    60 ms (  0.0%): <total>
[4.599s][info][gc,stats    ]       0 of    60 ms (  0.0%): <average total>
[4.599s][info][gc,stats    ] 
[4.599s][info][gc,metaspace] Metaspace: 6358K(6528K)->6358K(6528K) NonClass: 5812K(5888K)->5812K(5888K) Class: 546K(640K)->546K(640K)
[4.599s][info][gc,ergo     ] Pacer for Idle. Initial: 20971K, Alloc Tax Rate: 1.0x
[4.643s][info][gc          ] Trigger: Average GC time (28.26 ms) is above the time for average allocation rate (3075 MB/s) to deplete free headroom (75321K) (margin of error = 1.83)
[4.643s][info][gc,ergo     ] Free headroom: 124M (free) - 52428K (spike) - 0B (penalties) = 75321K
[4.643s][info][gc,ergo     ] Free: 123M, Max: 512K regular, 87552K humongous, Frag: 31% external, 15% internal; Reserve: 52736K, Max: 512K
[4.643s][info][gc,start    ] GC(36) Concurrent reset
[4.643s][info][gc,task     ] GC(36) Using 3 of 6 workers for concurrent reset
[4.643s][info][gc,ergo     ] GC(36) Pacer for Reset. Non-Taxable: 1024M
[4.647s][info][gc          ] GC(36) Concurrent reset 3.184ms
[4.647s][info][gc,start    ] GC(36) Pause Init Mark (unload classes)
[4.647s][info][gc,task     ] GC(36) Using 6 of 6 workers for init marking
[4.647s][info][gc,ergo     ] GC(36) Pacer for Mark. Expected Live: 196M, Free: 111M, Non-Taxable: 11452K, Alloc Tax Rate: 2.1x
[4.647s][info][gc          ] GC(36) Pause Init Mark (unload classes) 0.150ms
[4.647s][info][gc,start    ] GC(36) Concurrent marking roots
[4.647s][info][gc,task     ] GC(36) Using 3 of 6 workers for concurrent marking roots
[4.647s][info][gc          ] GC(36) Concurrent marking roots 0.300ms
[4.647s][info][gc,start    ] GC(36) Concurrent marking (unload classes)
[4.647s][info][gc,task     ] GC(36) Using 3 of 6 workers for concurrent marking
[4.649s][info][gc          ] GC(36) Concurrent marking (unload classes) 1.899ms
[4.649s][info][gc,start    ] GC(36) Pause Final Mark (unload classes)
[4.649s][info][gc,task     ] GC(36) Using 6 of 6 workers for final marking
[4.650s][info][gc,ergo     ] GC(36) Adaptive CSet Selection. Target Free: 145M, Actual Free: 548M, Max CSet: 43690K, Min Garbage: 0B
[4.650s][info][gc,ergo     ] GC(36) Collectable Garbage: 561M (86%), Immediate: 397M (61%), CSet: 163M (25%)
[4.650s][info][gc,ergo     ] GC(36) Pacer for Evacuation. Used CSet: 206M, Free: 511M, Non-Taxable: 52426K, Alloc Tax Rate: 1.1x
[4.650s][info][gc          ] GC(36) Pause Final Mark (unload classes) 0.714ms
[4.650s][info][gc,start    ] GC(36) Concurrent thread roots
[4.650s][info][gc,task     ] GC(36) Using 3 of 6 workers for Concurrent thread roots
[4.650s][info][gc          ] GC(36) Concurrent thread roots 0.193ms
[4.650s][info][gc,start    ] GC(36) Concurrent weak references
[4.650s][info][gc,task     ] GC(36) Using 3 of 6 workers for concurrent weak references
[4.651s][info][gc,ref      ] GC(36) Encountered references: Soft: 47, Weak: 146, Final: 0, Phantom: 3
[4.651s][info][gc,ref      ] GC(36) Discovered  references: Soft: 0, Weak: 51, Final: 0, Phantom: 2
[4.651s][info][gc,ref      ] GC(36) Enqueued    references: Soft: 0, Weak: 0, Final: 0, Phantom: 0
[4.651s][info][gc          ] GC(36) Concurrent weak references 0.197ms
[4.651s][info][gc,start    ] GC(36) Concurrent weak roots
[4.651s][info][gc,task     ] GC(36) Using 3 of 6 workers for concurrent weak root
[4.651s][info][gc          ] GC(36) Concurrent weak roots 0.254ms
[4.651s][info][gc,start    ] GC(36) Concurrent cleanup
[4.651s][info][gc          ] GC(36) Concurrent cleanup 853M->455M(1024M) 0.058ms
[4.651s][info][gc,ergo     ] GC(36) Free: 511M, Max: 512K regular, 121M humongous, Frag: 77% external, 31% internal; Reserve: 52722K, Max: 512K
[4.651s][info][gc,start    ] GC(36) Concurrent class unloading
[4.651s][info][gc,task     ] GC(36) Using 3 of 6 workers for concurrent class unloading
[4.651s][info][gc          ] GC(36) Concurrent class unloading 0.401ms
[4.651s][info][gc,start    ] GC(36) Concurrent strong roots
[4.651s][info][gc,task     ] GC(36) Using 3 of 6 workers for concurrent strong root
[4.651s][info][gc          ] GC(36) Concurrent strong roots 0.098ms
[4.651s][info][gc,start    ] GC(36) Concurrent evacuation
[4.651s][info][gc,task     ] GC(36) Using 3 of 6 workers for concurrent evacuation
[4.661s][info][gc          ] GC(36) Concurrent evacuation 9.727ms
[4.661s][info][gc,start    ] GC(36) Pause Init Update Refs
[4.661s][info][gc,ergo     ] GC(36) Pacer for Update Refs. Used: 518M, Free: 493M, Non-Taxable: 50501K, Alloc Tax Rate: 1.3x
[4.661s][info][gc          ] GC(36) Pause Init Update Refs 0.026ms
[4.662s][info][gc,start    ] GC(36) Concurrent update references
[4.662s][info][gc,task     ] GC(36) Using 3 of 6 workers for concurrent reference update
[4.664s][info][gc          ] GC(36) Concurrent update references 2.547ms
[4.664s][info][gc,start    ] GC(36) Concurrent update thread roots
[4.664s][info][gc          ] GC(36) Concurrent update thread roots 0.302ms
[4.665s][info][gc,start    ] GC(36) Pause Final Update Refs
[4.665s][info][gc,task     ] GC(36) Using 6 of 6 workers for final reference update
[4.665s][info][gc          ] GC(36) Pause Final Update Refs 0.267ms
[4.665s][info][gc,start    ] GC(36) Concurrent cleanup
[4.665s][info][gc          ] GC(36) Concurrent cleanup 543M->338M(1024M) 0.065ms
[4.665s][info][gc,ergo     ] Free: 634M, Max: 512K regular, 91136K humongous, Frag: 86% external, 30% internal; Reserve: 52736K, Max: 512K
[4.665s][info][gc,stats    ] 
[4.665s][info][gc,stats    ] All times are wall-clock times, except per-root-class counters, that are sum over
[4.665s][info][gc,stats    ] all workers. Dividing the <total> over the root stage time estimates parallelism.
[4.665s][info][gc,stats    ] 
[4.665s][info][gc,stats    ] Concurrent Reset                   3262 us
[4.665s][info][gc,stats    ] Pause Init Mark (G)                 440 us
[4.665s][info][gc,stats    ] Pause Init Mark (N)                 157 us
[4.665s][info][gc,stats    ]   Update Region States              113 us
[4.665s][info][gc,stats    ] Concurrent Mark Roots               312 us, parallelism: 0.89x
[4.665s][info][gc,stats    ]   CMR: <total>                      279 us
[4.665s][info][gc,stats    ]   CMR: Thread Roots                 185 us, workers (us):  80,   0, 105, ---, ---, ---, 
[4.665s][info][gc,stats    ]   CMR: VM Strong Roots                8 us, workers (us):   7,   1,   0, ---, ---, ---, 
[4.665s][info][gc,stats    ]   CMR: CLDG Roots                    87 us, workers (us): ---,  87, ---, ---, ---, ---, 
[4.665s][info][gc,stats    ] Concurrent Marking                 1918 us
[4.665s][info][gc,stats    ] Pause Final Mark (G)                849 us
[4.665s][info][gc,stats    ] Pause Final Mark (N)                717 us
[4.665s][info][gc,stats    ]   Finish Mark                       381 us
[4.665s][info][gc,stats    ]   Update Region States              219 us
[4.665s][info][gc,stats    ]   Choose Collection Set              70 us
[4.665s][info][gc,stats    ]   Rebuild Free Set                   16 us
[4.665s][info][gc,stats    ] Concurrent Thread Roots             203 us, parallelism: 0.53x
[4.665s][info][gc,stats    ]   CTR: <total>                      107 us
[4.665s][info][gc,stats    ]   CTR: Thread Roots                 107 us, workers (us):  44,  29,  34, ---, ---, ---, 
[4.665s][info][gc,stats    ] Concurrent Weak References          201 us, parallelism: 0.02x
[4.665s][info][gc,stats    ]   CWRF: <total>                       3 us
[4.665s][info][gc,stats    ]   CWRF: Weak References               3 us, workers (us):   3,   0,   0, ---, ---, ---, 
[4.665s][info][gc,stats    ] Concurrent Weak Roots               262 us
[4.665s][info][gc,stats    ]   Roots                             165 us, parallelism: 0.89x
[4.665s][info][gc,stats    ]     CWR: <total>                    147 us
[4.665s][info][gc,stats    ]     CWR: Code Cache Roots           127 us, workers (us):  55,  72,   0, ---, ---, ---, 
[4.665s][info][gc,stats    ]     CWR: VM Weak Roots               17 us, workers (us):  12,   5,   1, ---, ---, ---, 
[4.665s][info][gc,stats    ]     CWR: CLDG Roots                   3 us, workers (us):   3, ---, ---, ---, ---, ---, 
[4.665s][info][gc,stats    ]   Rendezvous                         82 us
[4.665s][info][gc,stats    ] Concurrent Cleanup                   62 us
[4.665s][info][gc,stats    ] Concurrent Class Unloading          409 us
[4.665s][info][gc,stats    ]   Unlink Stale                      232 us
[4.665s][info][gc,stats    ]     System Dictionary                 3 us
[4.665s][info][gc,stats    ]     Weak Class Links                  0 us
[4.665s][info][gc,stats    ]     Code Roots                      229 us
[4.665s][info][gc,stats    ]   Rendezvous                         87 us
[4.665s][info][gc,stats    ]   Purge Unlinked                     75 us
[4.665s][info][gc,stats    ]     Code Roots                       60 us
[4.665s][info][gc,stats    ]     CLDG                             15 us
[4.665s][info][gc,stats    ]     Exception Caches                  0 us
[4.665s][info][gc,stats    ] Concurrent Strong Roots             106 us, parallelism: 0.16x
[4.665s][info][gc,stats    ]   CSR: <total>                       17 us
[4.665s][info][gc,stats    ]   CSR: VM Strong Roots                2 us, workers (us):   2,   0,   0, ---, ---, ---, 
[4.665s][info][gc,stats    ]   CSR: CLDG Roots                    14 us, workers (us):  14, ---, ---, ---, ---, ---, 
[4.665s][info][gc,stats    ] Concurrent Evacuation              9800 us
[4.665s][info][gc,stats    ] Pause Init Update Refs (G)          296 us
[4.665s][info][gc,stats    ] Pause Init Update Refs (N)           29 us
[4.665s][info][gc,stats    ]   Manage GCLABs                       3 us
[4.665s][info][gc,stats    ] Concurrent Update Refs             2611 us
[4.665s][info][gc,stats    ] Concurrent Update Thread Roots      321 us
[4.665s][info][gc,stats    ] Pause Final Update Refs (G)         518 us
[4.665s][info][gc,stats    ] Pause Final Update Refs (N)         278 us
[4.665s][info][gc,stats    ]   Update Region States              220 us
[4.665s][info][gc,stats    ]   Trash Collection Set                8 us
[4.665s][info][gc,stats    ]   Rebuild Free Set                   18 us
[4.665s][info][gc,stats    ] Concurrent Cleanup                   70 us
[4.665s][info][gc,stats    ] Pacing                            12925 us
[4.665s][info][gc,stats    ] 
[4.665s][info][gc,stats    ] Allocation pacing accrued:
[4.665s][info][gc,stats    ]      13 of    66 ms ( 19.6%): main
[4.665s][info][gc,stats    ]      13 of    66 ms ( 19.6%): <total>
[4.665s][info][gc,stats    ]       1 of    66 ms (  1.8%): <average total>
[4.665s][info][gc,stats    ]      13 of    66 ms ( 19.6%): <average non-zero>
[4.665s][info][gc,stats    ] 
[4.665s][info][gc,metaspace] Metaspace: 6358K(6528K)->6358K(6528K) NonClass: 5812K(5888K)->5812K(5888K) Class: 546K(640K)->546K(640K)
[4.665s][info][gc,ergo     ] Pacer for Idle. Initial: 20971K, Alloc Tax Rate: 1.0x
[4.707s][info][gc          ] Trigger: Average GC time (26.45 ms) is above the time for average allocation rate (3074 MB/s) to deplete free headroom (82727K) (margin of error = 1.82)
[4.707s][info][gc,ergo     ] Free headroom: 131M (free) - 52428K (spike) - 0B (penalties) = 82727K
[4.707s][info][gc,ergo     ] Free: 131M, Max: 512K regular, 91136K humongous, Frag: 32% external, 24% internal; Reserve: 52736K, Max: 512K
[4.707s][info][gc,start    ] GC(37) Concurrent reset
[4.707s][info][gc,task     ] GC(37) Using 3 of 6 workers for concurrent reset
[4.707s][info][gc,ergo     ] GC(37) Pacer for Reset. Non-Taxable: 1024M
[4.709s][info][gc          ] GC(37) Concurrent reset 2.016ms
[4.709s][info][gc,start    ] GC(37) Pause Init Mark (unload classes)
[4.709s][info][gc,task     ] GC(37) Using 6 of 6 workers for init marking
[4.709s][info][gc,ergo     ] GC(37) Pacer for Mark. Expected Live: 196M, Free: 117M, Non-Taxable: 12020K, Alloc Tax Rate: 2.0x
[4.709s][info][gc          ] GC(37) Pause Init Mark (unload classes) 0.236ms
[4.709s][info][gc,start    ] GC(37) Concurrent marking roots
[4.709s][info][gc,task     ] GC(37) Using 3 of 6 workers for concurrent marking roots
[4.710s][info][gc          ] GC(37) Concurrent marking roots 0.282ms
[4.710s][info][gc,start    ] GC(37) Concurrent marking (unload classes)
[4.710s][info][gc,task     ] GC(37) Using 3 of 6 workers for concurrent marking
[4.711s][info][gc          ] GC(37) Concurrent marking (unload classes) 1.450ms
[4.711s][info][gc,start    ] GC(37) Pause Final Mark (unload classes)
[4.711s][info][gc,task     ] GC(37) Using 6 of 6 workers for final marking
[4.712s][info][gc,ergo     ] GC(37) Adaptive CSet Selection. Target Free: 145M, Actual Free: 538M, Max CSet: 43690K, Min Garbage: 0B
[4.712s][info][gc,ergo     ] GC(37) Collectable Garbage: 545M (85%), Immediate: 381M (59%), CSet: 164M (25%)
[4.712s][info][gc,ergo     ] GC(37) Pacer for Evacuation. Used CSet: 206M, Free: 501M, Non-Taxable: 51306K, Alloc Tax Rate: 1.1x
[4.712s][info][gc          ] GC(37) Pause Final Mark (unload classes) 0.544ms
[4.712s][info][gc,start    ] GC(37) Concurrent thread roots
[4.712s][info][gc,task     ] GC(37) Using 3 of 6 workers for Concurrent thread roots
[4.712s][info][gc          ] GC(37) Concurrent thread roots 0.159ms
[4.712s][info][gc,start    ] GC(37) Concurrent weak references
[4.712s][info][gc,task     ] GC(37) Using 3 of 6 workers for concurrent weak references
[4.712s][info][gc,ref      ] GC(37) Encountered references: Soft: 47, Weak: 146, Final: 0, Phantom: 3
[4.712s][info][gc,ref      ] GC(37) Discovered  references: Soft: 0, Weak: 48, Final: 0, Phantom: 2
[4.712s][info][gc,ref      ] GC(37) Enqueued    references: Soft: 0, Weak: 0, Final: 0, Phantom: 0
[4.712s][info][gc          ] GC(37) Concurrent weak references 0.091ms
[4.712s][info][gc,start    ] GC(37) Concurrent weak roots
[4.712s][info][gc,task     ] GC(37) Using 3 of 6 workers for concurrent weak root
[4.712s][info][gc          ] GC(37) Concurrent weak roots 0.240ms
[4.712s][info][gc,start    ] GC(37) Concurrent cleanup
[4.712s][info][gc          ] GC(37) Concurrent cleanup 848M->467M(1024M) 0.057ms
[4.712s][info][gc,ergo     ] GC(37) Free: 501M, Max: 512K regular, 139M humongous, Frag: 72% external, 33% internal; Reserve: 52718K, Max: 512K
[4.712s][info][gc,start    ] GC(37) Concurrent class unloading
[4.712s][info][gc,task     ] GC(37) Using 3 of 6 workers for concurrent class unloading
[4.713s][info][gc          ] GC(37) Concurrent class unloading 0.375ms
[4.713s][info][gc,start    ] GC(37) Concurrent strong roots
[4.713s][info][gc,task     ] GC(37) Using 3 of 6 workers for concurrent strong root
[4.713s][info][gc          ] GC(37) Concurrent strong roots 0.089ms
[4.713s][info][gc,start    ] GC(37) Concurrent evacuation
[4.713s][info][gc,task     ] GC(37) Using 3 of 6 workers for concurrent evacuation
[4.721s][info][gc          ] GC(37) Concurrent evacuation 8.298ms
[4.721s][info][gc,start    ] GC(37) Pause Init Update Refs
[4.721s][info][gc,ergo     ] GC(37) Pacer for Update Refs. Used: 527M, Free: 485M, Non-Taxable: 49699K, Alloc Tax Rate: 1.3x
[4.721s][info][gc          ] GC(37) Pause Init Update Refs 0.032ms
[4.722s][info][gc,start    ] GC(37) Concurrent update references
[4.722s][info][gc,task     ] GC(37) Using 3 of 6 workers for concurrent reference update
[4.724s][info][gc          ] GC(37) Concurrent update references 2.367ms
[4.724s][info][gc,start    ] GC(37) Concurrent update thread roots
[4.724s][info][gc          ] GC(37) Concurrent update thread roots 0.309ms
[4.724s][info][gc,start    ] GC(37) Pause Final Update Refs
[4.724s][info][gc,task     ] GC(37) Using 6 of 6 workers for final reference update
[4.725s][info][gc          ] GC(37) Pause Final Update Refs 0.259ms
[4.725s][info][gc,start    ] GC(37) Concurrent cleanup
[4.725s][info][gc          ] GC(37) Concurrent cleanup 552M->347M(1024M) 0.059ms
[4.725s][info][gc,ergo     ] Free: 624M, Max: 512K regular, 104M humongous, Frag: 84% external, 30% internal; Reserve: 52736K, Max: 512K
[4.725s][info][gc,stats    ] 
[4.725s][info][gc,stats    ] All times are wall-clock times, except per-root-class counters, that are sum over
[4.725s][info][gc,stats    ] all workers. Dividing the <total> over the root stage time estimates parallelism.
[4.725s][info][gc,stats    ] 
[4.725s][info][gc,stats    ] Concurrent Reset                   2081 us
[4.725s][info][gc,stats    ] Pause Init Mark (G)                 523 us
[4.725s][info][gc,stats    ] Pause Init Mark (N)                 241 us
[4.725s][info][gc,stats    ]   Update Region States              195 us
[4.725s][info][gc,stats    ] Concurrent Mark Roots               295 us, parallelism: 0.74x
[4.725s][info][gc,stats    ]   CMR: <total>                      219 us
[4.725s][info][gc,stats    ]   CMR: Thread Roots                 149 us, workers (us):  47,  55,  47, ---, ---, ---, 
[4.725s][info][gc,stats    ]   CMR: VM Strong Roots                7 us, workers (us):   6,   0,   0, ---, ---, ---, 
[4.725s][info][gc,stats    ]   CMR: CLDG Roots                    63 us, workers (us):  63, ---, ---, ---, ---, ---, 
[4.725s][info][gc,stats    ] Concurrent Marking                 1461 us
[4.725s][info][gc,stats    ] Pause Final Mark (G)                658 us
[4.725s][info][gc,stats    ] Pause Final Mark (N)                548 us
[4.725s][info][gc,stats    ]   Finish Mark                       283 us
[4.725s][info][gc,stats    ]   Update Region States              101 us
[4.725s][info][gc,stats    ]   Choose Collection Set             119 us
[4.725s][info][gc,stats    ]   Rebuild Free Set                   18 us
[4.725s][info][gc,stats    ] Concurrent Thread Roots             166 us, parallelism: 0.64x
[4.725s][info][gc,stats    ]   CTR: <total>                      107 us
[4.725s][info][gc,stats    ]   CTR: Thread Roots                 107 us, workers (us):  42,  27,  38, ---, ---, ---, 
[4.725s][info][gc,stats    ] Concurrent Weak References           94 us, parallelism: 0.03x
[4.725s][info][gc,stats    ]   CWRF: <total>                       3 us
[4.725s][info][gc,stats    ]   CWRF: Weak References               3 us, workers (us):   3,   0,   0, ---, ---, ---, 
[4.725s][info][gc,stats    ] Concurrent Weak Roots               248 us
[4.725s][info][gc,stats    ]   Roots                             150 us, parallelism: 0.95x
[4.725s][info][gc,stats    ]     CWR: <total>                    142 us
[4.725s][info][gc,stats    ]     CWR: Code Cache Roots           123 us, workers (us):  67,  56,   0, ---, ---, ---, 
[4.725s][info][gc,stats    ]     CWR: VM Weak Roots               16 us, workers (us):  15,   0,   1, ---, ---, ---, 
[4.725s][info][gc,stats    ]     CWR: CLDG Roots                   2 us, workers (us):   2, ---, ---, ---, ---, ---, 
[4.725s][info][gc,stats    ]   Rendezvous                         83 us
[4.725s][info][gc,stats    ] Concurrent Cleanup                   61 us
[4.725s][info][gc,stats    ] Concurrent Class Unloading          383 us
[4.725s][info][gc,stats    ]   Unlink Stale                      207 us
[4.725s][info][gc,stats    ]     System Dictionary                 3 us
[4.725s][info][gc,stats    ]     Weak Class Links                  0 us
[4.725s][info][gc,stats    ]     Code Roots                      204 us
[4.725s][info][gc,stats    ]   Rendezvous                         84 us
[4.725s][info][gc,stats    ]   Purge Unlinked                     77 us
[4.725s][info][gc,stats    ]     Code Roots                       62 us
[4.725s][info][gc,stats    ]     CLDG                             14 us
[4.725s][info][gc,stats    ]     Exception Caches                  0 us
[4.725s][info][gc,stats    ] Concurrent Strong Roots              97 us, parallelism: 0.15x
[4.725s][info][gc,stats    ]   CSR: <total>                       15 us
[4.725s][info][gc,stats    ]   CSR: VM Strong Roots                2 us, workers (us):   2,   0,   0, ---, ---, ---, 
[4.725s][info][gc,stats    ]   CSR: CLDG Roots                    12 us, workers (us):  12, ---, ---, ---, ---, ---, 
[4.725s][info][gc,stats    ] Concurrent Evacuation              8370 us
[4.725s][info][gc,stats    ] Pause Init Update Refs (G)          327 us
[4.725s][info][gc,stats    ] Pause Init Update Refs (N)           36 us
[4.725s][info][gc,stats    ]   Manage GCLABs                       3 us
[4.725s][info][gc,stats    ] Concurrent Update Refs             2428 us
[4.725s][info][gc,stats    ] Concurrent Update Thread Roots      325 us
[4.725s][info][gc,stats    ] Pause Final Update Refs (G)         516 us
[4.725s][info][gc,stats    ] Pause Final Update Refs (N)         271 us
[4.725s][info][gc,stats    ]   Update Region States              212 us
[4.725s][info][gc,stats    ]   Trash Collection Set                8 us
[4.725s][info][gc,stats    ]   Rebuild Free Set                   18 us
[4.725s][info][gc,stats    ] Concurrent Cleanup                   65 us
[4.725s][info][gc,stats    ] Pacing                             7503 us
[4.725s][info][gc,stats    ] 
[4.725s][info][gc,stats    ] Allocation pacing accrued:
[4.725s][info][gc,stats    ]       8 of    60 ms ( 12.5%): main
[4.725s][info][gc,stats    ]       8 of    60 ms ( 12.5%): <total>
[4.725s][info][gc,stats    ]       1 of    60 ms (  1.1%): <average total>
[4.725s][info][gc,stats    ]       8 of    60 ms ( 12.5%): <average non-zero>
[4.725s][info][gc,stats    ] 
[4.725s][info][gc,metaspace] Metaspace: 6358K(6528K)->6358K(6528K) NonClass: 5812K(5888K)->5812K(5888K) Class: 546K(640K)->546K(640K)
[4.725s][info][gc,ergo     ] Pacer for Idle. Initial: 20971K, Alloc Tax Rate: 1.0x
[4.765s][info][gc          ] Trigger: Average GC time (25.41 ms) is above the time for average allocation rate (3074 MB/s) to deplete free headroom (60792K) (margin of error = 1.81)
[4.765s][info][gc,ergo     ] Free headroom: 110M (free) - 52428K (spike) - 0B (penalties) = 60792K
[4.765s][info][gc,ergo     ] Free: 109M, Max: 512K regular, 104M humongous, Frag: 5% external, 11% internal; Reserve: 52736K, Max: 512K
[4.765s][info][gc,start    ] GC(38) Concurrent reset
[4.765s][info][gc,task     ] GC(38) Using 3 of 6 workers for concurrent reset
[4.765s][info][gc,ergo     ] GC(38) Pacer for Reset. Non-Taxable: 1024M
[4.767s][info][gc          ] GC(38) Concurrent reset 2.060ms
[4.768s][info][gc,start    ] GC(38) Pause Init Mark (unload classes)
[4.768s][info][gc,task     ] GC(38) Using 6 of 6 workers for init marking
[4.768s][info][gc,ergo     ] GC(38) Pacer for Mark. Expected Live: 196M, Free: 98275K, Non-Taxable: 9827K, Alloc Tax Rate: 2.5x
[4.768s][info][gc          ] GC(38) Pause Init Mark (unload classes) 0.153ms
[4.768s][info][gc,start    ] GC(38) Concurrent marking roots
[4.768s][info][gc,task     ] GC(38) Using 3 of 6 workers for concurrent marking roots
[4.768s][info][gc          ] GC(38) Concurrent marking roots 0.287ms
[4.768s][info][gc,start    ] GC(38) Concurrent marking (unload classes)
[4.768s][info][gc,task     ] GC(38) Using 3 of 6 workers for concurrent marking
[4.770s][info][gc          ] GC(38) Concurrent marking (unload classes) 1.460ms
[4.770s][info][gc,start    ] GC(38) Pause Final Mark (unload classes)
[4.770s][info][gc,task     ] GC(38) Using 6 of 6 workers for final marking
[4.770s][info][gc,ergo     ] GC(38) Adaptive CSet Selection. Target Free: 145M, Actual Free: 548M, Max CSet: 43690K, Min Garbage: 0B
[4.770s][info][gc,ergo     ] GC(38) Collectable Garbage: 574M (86%), Immediate: 411M (62%), CSet: 162M (24%)
[4.770s][info][gc,ergo     ] GC(38) Pacer for Evacuation. Used CSet: 205M, Free: 512M, Non-Taxable: 52430K, Alloc Tax Rate: 1.1x
[4.770s][info][gc          ] GC(38) Pause Final Mark (unload classes) 0.533ms
[4.770s][info][gc,start    ] GC(38) Concurrent thread roots
[4.770s][info][gc,task     ] GC(38) Using 3 of 6 workers for Concurrent thread roots
[4.771s][info][gc          ] GC(38) Concurrent thread roots 0.255ms
[4.771s][info][gc,start    ] GC(38) Concurrent weak references
[4.771s][info][gc,task     ] GC(38) Using 3 of 6 workers for concurrent weak references
[4.771s][info][gc,ref      ] GC(38) Encountered references: Soft: 47, Weak: 146, Final: 0, Phantom: 3
[4.771s][info][gc,ref      ] GC(38) Discovered  references: Soft: 0, Weak: 48, Final: 0, Phantom: 2
[4.771s][info][gc,ref      ] GC(38) Enqueued    references: Soft: 0, Weak: 0, Final: 0, Phantom: 0
[4.771s][info][gc          ] GC(38) Concurrent weak references 0.061ms
[4.771s][info][gc,start    ] GC(38) Concurrent weak roots
[4.771s][info][gc,task     ] GC(38) Using 3 of 6 workers for concurrent weak root
[4.771s][info][gc          ] GC(38) Concurrent weak roots 0.257ms
[4.771s][info][gc,start    ] GC(38) Concurrent cleanup
[4.771s][info][gc          ] GC(38) Concurrent cleanup 867M->456M(1024M) 0.060ms
[4.771s][info][gc,ergo     ] GC(38) Free: 512M, Max: 512K regular, 119M humongous, Frag: 77% external, 32% internal; Reserve: 52720K, Max: 512K
[4.771s][info][gc,start    ] GC(38) Concurrent class unloading
[4.771s][info][gc,task     ] GC(38) Using 3 of 6 workers for concurrent class unloading
[4.772s][info][gc          ] GC(38) Concurrent class unloading 0.397ms
[4.772s][info][gc,start    ] GC(38) Concurrent strong roots
[4.772s][info][gc,task     ] GC(38) Using 3 of 6 workers for concurrent strong root
[4.772s][info][gc          ] GC(38) Concurrent strong roots 0.090ms
[4.772s][info][gc,start    ] GC(38) Concurrent evacuation
[4.772s][info][gc,task     ] GC(38) Using 3 of 6 workers for concurrent evacuation
[4.779s][info][gc          ] GC(38) Concurrent evacuation 7.740ms
[4.780s][info][gc,start    ] GC(38) Pause Init Update Refs
[4.780s][info][gc,ergo     ] GC(38) Pacer for Update Refs. Used: 506M, Free: 506M, Non-Taxable: 51878K, Alloc Tax Rate: 1.2x
[4.780s][info][gc          ] GC(38) Pause Init Update Refs 0.023ms
[4.780s][info][gc,start    ] GC(38) Concurrent update references
[4.780s][info][gc,task     ] GC(38) Using 3 of 6 workers for concurrent reference update
[4.782s][info][gc          ] GC(38) Concurrent update references 2.513ms
[4.782s][info][gc,start    ] GC(38) Concurrent update thread roots
[4.783s][info][gc          ] GC(38) Concurrent update thread roots 0.508ms
[4.783s][info][gc,start    ] GC(38) Pause Final Update Refs
[4.783s][info][gc,task     ] GC(38) Using 6 of 6 workers for final reference update
[4.783s][info][gc          ] GC(38) Pause Final Update Refs 0.228ms
[4.783s][info][gc,start    ] GC(38) Concurrent cleanup
[4.784s][info][gc          ] GC(38) Concurrent cleanup 528M->324M(1024M) 0.151ms
[4.784s][info][gc,ergo     ] Free: 647M, Max: 512K regular, 89088K humongous, Frag: 87% external, 29% internal; Reserve: 52736K, Max: 512K
[4.784s][info][gc,stats    ] 
[4.784s][info][gc,stats    ] All times are wall-clock times, except per-root-class counters, that are sum over
[4.784s][info][gc,stats    ] all workers. Dividing the <total> over the root stage time estimates parallelism.
[4.784s][info][gc,stats    ] 
[4.784s][info][gc,stats    ] Concurrent Reset                   2128 us
[4.784s][info][gc,stats    ] Pause Init Mark (G)                 495 us
[4.784s][info][gc,stats    ] Pause Init Mark (N)                 160 us
[4.784s][info][gc,stats    ]   Update Region States              112 us
[4.784s][info][gc,stats    ] Concurrent Mark Roots               299 us, parallelism: 0.83x
[4.784s][info][gc,stats    ]   CMR: <total>                      248 us
[4.784s][info][gc,stats    ]   CMR: Thread Roots                 166 us, workers (us):  40,  62,  64, ---, ---, ---, 
[4.784s][info][gc,stats    ]   CMR: VM Strong Roots                6 us, workers (us):   6,   0,   0, ---, ---, ---, 
[4.784s][info][gc,stats    ]   CMR: CLDG Roots                    76 us, workers (us):  76, ---, ---, ---, ---, ---, 
[4.784s][info][gc,stats    ] Concurrent Marking                 1473 us
[4.784s][info][gc,stats    ] Pause Final Mark (G)                679 us
[4.784s][info][gc,stats    ] Pause Final Mark (N)                537 us
[4.784s][info][gc,stats    ]   Finish Mark                       292 us
[4.784s][info][gc,stats    ]   Update Region States              106 us
[4.784s][info][gc,stats    ]   Choose Collection Set              89 us
[4.784s][info][gc,stats    ]   Rebuild Free Set                   15 us
[4.784s][info][gc,stats    ] Concurrent Thread Roots             265 us, parallelism: 0.83x
[4.784s][info][gc,stats    ]   CTR: <total>                      221 us
[4.784s][info][gc,stats    ]   CTR: Thread Roots                 221 us, workers (us): 114, 104,   2, ---, ---, ---, 
[4.784s][info][gc,stats    ] Concurrent Weak References           64 us, parallelism: 0.04x
[4.784s][info][gc,stats    ]   CWRF: <total>                       2 us
[4.784s][info][gc,stats    ]   CWRF: Weak References               2 us, workers (us):   2,   0,   0, ---, ---, ---, 
[4.784s][info][gc,stats    ] Concurrent Weak Roots               268 us
[4.784s][info][gc,stats    ]   Roots                             173 us, parallelism: 1.34x
[4.784s][info][gc,stats    ]     CWR: <total>                    232 us
[4.784s][info][gc,stats    ]     CWR: Code Cache Roots           212 us, workers (us): 114,  98,   0, ---, ---, ---, 
[4.784s][info][gc,stats    ]     CWR: VM Weak Roots               18 us, workers (us):  17,   0,   1, ---, ---, ---, 
[4.784s][info][gc,stats    ]     CWR: CLDG Roots                   2 us, workers (us):   2, ---, ---, ---, ---, ---, 
[4.784s][info][gc,stats    ]   Rendezvous                         76 us
[4.784s][info][gc,stats    ] Concurrent Cleanup                   64 us
[4.784s][info][gc,stats    ] Concurrent Class Unloading          406 us
[4.784s][info][gc,stats    ]   Unlink Stale                      201 us
[4.784s][info][gc,stats    ]     System Dictionary                 2 us
[4.784s][info][gc,stats    ]     Weak Class Links                  0 us
[4.784s][info][gc,stats    ]     Code Roots                      198 us
[4.784s][info][gc,stats    ]   Rendezvous                         87 us
[4.784s][info][gc,stats    ]   Purge Unlinked                    102 us
[4.784s][info][gc,stats    ]     Code Roots                       87 us
[4.784s][info][gc,stats    ]     CLDG                             15 us
[4.784s][info][gc,stats    ]     Exception Caches                  0 us
[4.784s][info][gc,stats    ] Concurrent Strong Roots              98 us, parallelism: 0.14x
[4.784s][info][gc,stats    ]   CSR: <total>                       14 us
[4.784s][info][gc,stats    ]   CSR: VM Strong Roots                2 us, workers (us):   2,   0,   0, ---, ---, ---, 
[4.784s][info][gc,stats    ]   CSR: CLDG Roots                    12 us, workers (us):  12, ---, ---, ---, ---, ---, 
[4.784s][info][gc,stats    ] Concurrent Evacuation              7805 us
[4.784s][info][gc,stats    ] Pause Init Update Refs (G)          344 us
[4.784s][info][gc,stats    ] Pause Init Update Refs (N)           26 us
[4.784s][info][gc,stats    ]   Manage GCLABs                       3 us
[4.784s][info][gc,stats    ] Concurrent Update Refs             2596 us
[4.784s][info][gc,stats    ] Concurrent Update Thread Roots      541 us
[4.784s][info][gc,stats    ] Pause Final Update Refs (G)         518 us
[4.784s][info][gc,stats    ] Pause Final Update Refs (N)         241 us
[4.784s][info][gc,stats    ]   Update Region States              178 us
[4.784s][info][gc,stats    ]   Trash Collection Set                8 us
[4.784s][info][gc,stats    ]   Rebuild Free Set                   20 us
[4.784s][info][gc,stats    ] Concurrent Cleanup                  162 us
[4.784s][info][gc,stats    ] Pacing                            11926 us
[4.784s][info][gc,stats    ] 
[4.784s][info][gc,stats    ] Allocation pacing accrued:
[4.784s][info][gc,stats    ]      12 of    59 ms ( 20.2%): main
[4.784s][info][gc,stats    ]      12 of    59 ms ( 20.2%): <total>
[4.784s][info][gc,stats    ]       1 of    59 ms (  1.8%): <average total>
[4.784s][info][gc,stats    ]      12 of    59 ms ( 20.2%): <average non-zero>
[4.784s][info][gc,stats    ] 
[4.784s][info][gc,metaspace] Metaspace: 6358K(6528K)->6358K(6528K) NonClass: 5812K(5888K)->5812K(5888K) Class: 546K(640K)->546K(640K)
[4.784s][info][gc,ergo     ] Pacer for Idle. Initial: 20971K, Alloc Tax Rate: 1.0x
[4.828s][info][gc          ] Trigger: Average GC time (23.35 ms) is above the time for average allocation rate (3072 MB/s) to deplete free headroom (58708K) (margin of error = 1.80)
[4.828s][info][gc,ergo     ] Free headroom: 108M (free) - 52428K (spike) - 0B (penalties) = 58708K
[4.828s][info][gc,ergo     ] Free: 107M, Max: 512K regular, 89088K humongous, Frag: 18% external, 32% internal; Reserve: 52736K, Max: 512K
[4.828s][info][gc,start    ] GC(39) Concurrent reset
[4.828s][info][gc,task     ] GC(39) Using 3 of 6 workers for concurrent reset
[4.828s][info][gc,ergo     ] GC(39) Pacer for Reset. Non-Taxable: 1024M
[4.830s][info][gc          ] GC(39) Concurrent reset 2.139ms
[4.830s][info][gc,start    ] GC(39) Pause Init Mark (unload classes)
[4.830s][info][gc,task     ] GC(39) Using 6 of 6 workers for init marking
[4.830s][info][gc,ergo     ] GC(39) Pacer for Mark. Expected Live: 196M, Free: 97155K, Non-Taxable: 9715K, Alloc Tax Rate: 2.5x
[4.830s][info][gc          ] GC(39) Pause Init Mark (unload classes) 0.147ms
[4.830s][info][gc,start    ] GC(39) Concurrent marking roots
[4.830s][info][gc,task     ] GC(39) Using 3 of 6 workers for concurrent marking roots
[4.831s][info][gc          ] GC(39) Concurrent marking roots 0.275ms
[4.831s][info][gc,start    ] GC(39) Concurrent marking (unload classes)
[4.831s][info][gc,task     ] GC(39) Using 3 of 6 workers for concurrent marking
[4.832s][info][gc          ] GC(39) Concurrent marking (unload classes) 1.425ms
[4.832s][info][gc,start    ] GC(39) Pause Final Mark (unload classes)
[4.832s][info][gc,task     ] GC(39) Using 6 of 6 workers for final marking
[4.833s][info][gc,ergo     ] GC(39) Adaptive CSet Selection. Target Free: 145M, Actual Free: 562M, Max CSet: 43690K, Min Garbage: 0B
[4.833s][info][gc,ergo     ] GC(39) Collectable Garbage: 579M (87%), Immediate: 425M (64%), CSet: 153M (23%)
[4.833s][info][gc,ergo     ] GC(39) Pacer for Evacuation. Used CSet: 195M, Free: 525M, Non-Taxable: 53856K, Alloc Tax Rate: 1.1x
[4.833s][info][gc          ] GC(39) Pause Final Mark (unload classes) 0.734ms
[4.833s][info][gc,start    ] GC(39) Concurrent thread roots
[4.833s][info][gc,task     ] GC(39) Using 3 of 6 workers for Concurrent thread roots
[4.833s][info][gc          ] GC(39) Concurrent thread roots 0.171ms
[4.833s][info][gc,start    ] GC(39) Concurrent weak references
[4.833s][info][gc,task     ] GC(39) Using 3 of 6 workers for concurrent weak references
[4.833s][info][gc,ref      ] GC(39) Encountered references: Soft: 47, Weak: 146, Final: 0, Phantom: 3
[4.833s][info][gc,ref      ] GC(39) Discovered  references: Soft: 0, Weak: 50, Final: 0, Phantom: 2
[4.833s][info][gc,ref      ] GC(39) Enqueued    references: Soft: 0, Weak: 0, Final: 0, Phantom: 0
[4.833s][info][gc          ] GC(39) Concurrent weak references 0.066ms
[4.833s][info][gc,start    ] GC(39) Concurrent weak roots
[4.833s][info][gc,task     ] GC(39) Using 3 of 6 workers for concurrent weak root
[4.833s][info][gc          ] GC(39) Concurrent weak roots 0.228ms
[4.834s][info][gc,start    ] GC(39) Concurrent cleanup
[4.834s][info][gc          ] GC(39) Concurrent cleanup 868M->442M(1024M) 0.061ms
[4.834s][info][gc,ergo     ] GC(39) Free: 525M, Max: 512K regular, 116M humongous, Frag: 78% external, 31% internal; Reserve: 52724K, Max: 512K
[4.834s][info][gc,start    ] GC(39) Concurrent class unloading
[4.834s][info][gc,task     ] GC(39) Using 3 of 6 workers for concurrent class unloading
[4.834s][info][gc          ] GC(39) Concurrent class unloading 0.395ms
[4.834s][info][gc,start    ] GC(39) Concurrent strong roots
[4.834s][info][gc,task     ] GC(39) Using 3 of 6 workers for concurrent strong root
[4.834s][info][gc          ] GC(39) Concurrent strong roots 0.080ms
[4.834s][info][gc,start    ] GC(39) Concurrent evacuation
[4.834s][info][gc,task     ] GC(39) Using 3 of 6 workers for concurrent evacuation
[4.842s][info][gc          ] GC(39) Concurrent evacuation 7.803ms
[4.842s][info][gc,start    ] GC(39) Pause Init Update Refs
[4.842s][info][gc,ergo     ] GC(39) Pacer for Update Refs. Used: 496M, Free: 515M, Non-Taxable: 52792K, Alloc Tax Rate: 1.2x
[4.842s][info][gc          ] GC(39) Pause Init Update Refs 0.023ms
[4.842s][info][gc,start    ] GC(39) Concurrent update references
[4.842s][info][gc,task     ] GC(39) Using 3 of 6 workers for concurrent reference update
[4.845s][info][gc          ] GC(39) Concurrent update references 2.442ms
[4.845s][info][gc,start    ] GC(39) Concurrent update thread roots
[4.845s][info][gc          ] GC(39) Concurrent update thread roots 0.301ms
[4.845s][info][gc,start    ] GC(39) Pause Final Update Refs
[4.845s][info][gc,task     ] GC(39) Using 6 of 6 workers for final reference update
[4.846s][info][gc          ] GC(39) Pause Final Update Refs 0.277ms
[4.846s][info][gc,start    ] GC(39) Concurrent cleanup
[4.846s][info][gc          ] GC(39) Concurrent cleanup 523M->329M(1024M) 0.056ms
[4.846s][info][gc,ergo     ] Free: 642M, Max: 512K regular, 87552K humongous, Frag: 87% external, 29% internal; Reserve: 52736K, Max: 512K
[4.846s][info][gc,stats    ] 
[4.846s][info][gc,stats    ] All times are wall-clock times, except per-root-class counters, that are sum over
[4.846s][info][gc,stats    ] all workers. Dividing the <total> over the root stage time estimates parallelism.
[4.846s][info][gc,stats    ] 
[4.846s][info][gc,stats    ] Concurrent Reset                   2206 us
[4.846s][info][gc,stats    ] Pause Init Mark (G)                 484 us
[4.846s][info][gc,stats    ] Pause Init Mark (N)                 152 us
[4.846s][info][gc,stats    ]   Update Region States               81 us
[4.846s][info][gc,stats    ] Concurrent Mark Roots               287 us, parallelism: 0.82x
[4.846s][info][gc,stats    ]   CMR: <total>                      235 us
[4.846s][info][gc,stats    ]   CMR: Thread Roots                 165 us, workers (us):  45,  58,  63, ---, ---, ---, 
[4.846s][info][gc,stats    ]   CMR: VM Strong Roots                6 us, workers (us):   5,   0,   0, ---, ---, ---, 
[4.846s][info][gc,stats    ]   CMR: CLDG Roots                    64 us, workers (us):  64, ---, ---, ---, ---, ---, 
[4.846s][info][gc,stats    ] Concurrent Marking                 1437 us
[4.846s][info][gc,stats    ] Pause Final Mark (G)                864 us
[4.846s][info][gc,stats    ] Pause Final Mark (N)                738 us
[4.846s][info][gc,stats    ]   Finish Mark                       433 us
[4.846s][info][gc,stats    ]   Update Region States              192 us
[4.846s][info][gc,stats    ]   Choose Collection Set              70 us
[4.846s][info][gc,stats    ]   Rebuild Free Set                   16 us
[4.846s][info][gc,stats    ] Concurrent Thread Roots             182 us, parallelism: 0.50x
[4.846s][info][gc,stats    ]   CTR: <total>                       91 us
[4.846s][info][gc,stats    ]   CTR: Thread Roots                  91 us, workers (us):  32,  25,  33, ---, ---, ---, 
[4.846s][info][gc,stats    ] Concurrent Weak References           69 us, parallelism: 0.03x
[4.846s][info][gc,stats    ]   CWRF: <total>                       2 us
[4.846s][info][gc,stats    ]   CWRF: Weak References               2 us, workers (us):   2,   0,   0, ---, ---, ---, 
[4.846s][info][gc,stats    ] Concurrent Weak Roots               239 us
[4.846s][info][gc,stats    ]   Roots                             131 us, parallelism: 1.12x
[4.846s][info][gc,stats    ]     CWR: <total>                    148 us
[4.846s][info][gc,stats    ]     CWR: Code Cache Roots           127 us, workers (us):  55,  72,   0, ---, ---, ---, 
[4.846s][info][gc,stats    ]     CWR: VM Weak Roots               17 us, workers (us):   9,   7,   0, ---, ---, ---, 
[4.846s][info][gc,stats    ]     CWR: CLDG Roots                   3 us, workers (us):   3, ---, ---, ---, ---, ---, 
[4.846s][info][gc,stats    ]   Rendezvous                         89 us
[4.846s][info][gc,stats    ] Concurrent Cleanup                   65 us
[4.846s][info][gc,stats    ] Concurrent Class Unloading          403 us
[4.846s][info][gc,stats    ]   Unlink Stale                      198 us
[4.846s][info][gc,stats    ]     System Dictionary                 3 us
[4.846s][info][gc,stats    ]     Weak Class Links                  0 us
[4.846s][info][gc,stats    ]     Code Roots                      195 us
[4.846s][info][gc,stats    ]   Rendezvous                         85 us
[4.846s][info][gc,stats    ]   Purge Unlinked                    104 us
[4.846s][info][gc,stats    ]     Code Roots                       87 us
[4.846s][info][gc,stats    ]     CLDG                             17 us
[4.846s][info][gc,stats    ]     Exception Caches                  0 us
[4.846s][info][gc,stats    ] Concurrent Strong Roots              88 us, parallelism: 0.16x
[4.846s][info][gc,stats    ]   CSR: <total>                       14 us
[4.846s][info][gc,stats    ]   CSR: VM Strong Roots                2 us, workers (us):   2,   0,   0, ---, ---, ---, 
[4.846s][info][gc,stats    ]   CSR: CLDG Roots                    12 us, workers (us):  12, ---, ---, ---, ---, ---, 
[4.846s][info][gc,stats    ] Concurrent Evacuation              7869 us
[4.846s][info][gc,stats    ] Pause Init Update Refs (G)          311 us
[4.846s][info][gc,stats    ] Pause Init Update Refs (N)           26 us
[4.846s][info][gc,stats    ]   Manage GCLABs                       3 us
[4.846s][info][gc,stats    ] Concurrent Update Refs             2512 us
[4.846s][info][gc,stats    ] Concurrent Update Thread Roots      320 us
[4.846s][info][gc,stats    ] Pause Final Update Refs (G)         580 us
[4.846s][info][gc,stats    ] Pause Final Update Refs (N)         288 us
[4.846s][info][gc,stats    ]   Update Region States              231 us
[4.846s][info][gc,stats    ]   Trash Collection Set                7 us
[4.846s][info][gc,stats    ]   Rebuild Free Set                   17 us
[4.846s][info][gc,stats    ] Concurrent Cleanup                   61 us
[4.846s][info][gc,stats    ] Pacing                            13188 us
[4.846s][info][gc,stats    ] 
[4.846s][info][gc,stats    ] Allocation pacing accrued:
[4.846s][info][gc,stats    ]      13 of    62 ms ( 21.3%): main
[4.846s][info][gc,stats    ]      13 of    62 ms ( 21.3%): <total>
[4.846s][info][gc,stats    ]       1 of    62 ms (  1.9%): <average total>
[4.846s][info][gc,stats    ]      13 of    62 ms ( 21.3%): <average non-zero>
[4.846s][info][gc,stats    ] 
[4.846s][info][gc,metaspace] Metaspace: 6358K(6528K)->6358K(6528K) NonClass: 5812K(5888K)->5812K(5888K) Class: 546K(640K)->546K(640K)
[4.846s][info][gc,ergo     ] Pacer for Idle. Initial: 20971K, Alloc Tax Rate: 1.0x
[4.885s][info][gc          ] Trigger: Free (100M) is below minimum threshold (102M)
[4.885s][info][gc,ergo     ] Free: 100M, Max: 512K regular, 87552K humongous, Frag: 15% external, 4% internal; Reserve: 52736K, Max: 512K
[4.885s][info][gc,start    ] GC(40) Concurrent reset
[4.885s][info][gc,task     ] GC(40) Using 3 of 6 workers for concurrent reset
[4.885s][info][gc,ergo     ] GC(40) Pacer for Reset. Non-Taxable: 1024M
[4.887s][info][gc          ] GC(40) Concurrent reset 2.276ms
[4.887s][info][gc,start    ] GC(40) Pause Init Mark (unload classes)
[4.887s][info][gc,task     ] GC(40) Using 6 of 6 workers for init marking
[4.888s][info][gc,ergo     ] GC(40) Pacer for Mark. Expected Live: 196M, Free: 88087K, Non-Taxable: 8808K, Alloc Tax Rate: 2.8x
[4.888s][info][gc          ] GC(40) Pause Init Mark (unload classes) 0.221ms
[4.888s][info][gc,start    ] GC(40) Concurrent marking roots
[4.888s][info][gc,task     ] GC(40) Using 3 of 6 workers for concurrent marking roots
[4.888s][info][gc          ] GC(40) Concurrent marking roots 0.228ms
[4.888s][info][gc,start    ] GC(40) Concurrent marking (unload classes)
[4.888s][info][gc,task     ] GC(40) Using 3 of 6 workers for concurrent marking
[4.891s][info][gc          ] GC(40) Concurrent marking (unload classes) 2.869ms
[4.891s][info][gc,start    ] GC(40) Pause Final Mark (unload classes)
[4.891s][info][gc,task     ] GC(40) Using 6 of 6 workers for final marking
[4.892s][info][gc,ergo     ] GC(40) Adaptive CSet Selection. Target Free: 145M, Actual Free: 553M, Max CSet: 43690K, Min Garbage: 0B
[4.892s][info][gc,ergo     ] GC(40) Collectable Garbage: 583M (86%), Immediate: 425M (63%), CSet: 157M (23%)
[4.892s][info][gc,ergo     ] GC(40) Pacer for Evacuation. Used CSet: 200M, Free: 517M, Non-Taxable: 53014K, Alloc Tax Rate: 1.1x
[4.892s][info][gc          ] GC(40) Pause Final Mark (unload classes) 0.657ms
[4.892s][info][gc,start    ] GC(40) Concurrent thread roots
[4.892s][info][gc,task     ] GC(40) Using 3 of 6 workers for Concurrent thread roots
[4.892s][info][gc          ] GC(40) Concurrent thread roots 0.212ms
[4.892s][info][gc,start    ] GC(40) Concurrent weak references
[4.892s][info][gc,task     ] GC(40) Using 3 of 6 workers for concurrent weak references
[4.892s][info][gc,ref      ] GC(40) Encountered references: Soft: 47, Weak: 146, Final: 0, Phantom: 3
[4.892s][info][gc,ref      ] GC(40) Discovered  references: Soft: 0, Weak: 49, Final: 0, Phantom: 2
[4.892s][info][gc,ref      ] GC(40) Enqueued    references: Soft: 0, Weak: 0, Final: 0, Phantom: 0
[4.892s][info][gc          ] GC(40) Concurrent weak references 0.156ms
[4.892s][info][gc,start    ] GC(40) Concurrent weak roots
[4.892s][info][gc,task     ] GC(40) Using 3 of 6 workers for concurrent weak root
[4.893s][info][gc          ] GC(40) Concurrent weak roots 0.415ms
[4.893s][info][gc,start    ] GC(40) Concurrent cleanup
[4.893s][info][gc          ] GC(40) Concurrent cleanup 878M->455M(1024M) 0.092ms
[4.893s][info][gc,ergo     ] GC(40) Free: 506M, Max: 512K regular, 105M humongous, Frag: 80% external, 0% internal; Reserve: 52722K, Max: 512K
[4.893s][info][gc,start    ] GC(40) Concurrent class unloading
[4.893s][info][gc,task     ] GC(40) Using 3 of 6 workers for concurrent class unloading
[4.894s][info][gc          ] GC(40) Concurrent class unloading 0.919ms
[4.894s][info][gc,start    ] GC(40) Concurrent strong roots
[4.894s][info][gc,task     ] GC(40) Using 3 of 6 workers for concurrent strong root
[4.894s][info][gc          ] GC(40) Concurrent strong roots 0.237ms
[4.894s][info][gc,start    ] GC(40) Concurrent evacuation
[4.894s][info][gc,task     ] GC(40) Using 3 of 6 workers for concurrent evacuation
[4.907s][info][gc          ] GC(40) Concurrent evacuation 13.270ms
[4.908s][info][gc,start    ] GC(40) Pause Init Update Refs
[4.908s][info][gc,ergo     ] GC(40) Pacer for Update Refs. Used: 559M, Free: 446M, Non-Taxable: 45759K, Alloc Tax Rate: 1.5x
[4.908s][info][gc          ] GC(40) Pause Init Update Refs 0.026ms
[4.908s][info][gc,start    ] GC(40) Concurrent update references
[4.908s][info][gc,task     ] GC(40) Using 3 of 6 workers for concurrent reference update
[4.910s][info][gc          ] GC(40) Concurrent update references 2.443ms
[4.910s][info][gc,start    ] GC(40) Concurrent update thread roots
[4.911s][info][gc          ] GC(40) Concurrent update thread roots 0.360ms
[4.911s][info][gc,start    ] GC(40) Pause Final Update Refs
[4.911s][info][gc,task     ] GC(40) Using 6 of 6 workers for final reference update
[4.911s][info][gc          ] GC(40) Pause Final Update Refs 0.197ms
[4.911s][info][gc,start    ] GC(40) Concurrent cleanup
[4.911s][info][gc          ] GC(40) Concurrent cleanup 586M->388M(1024M) 0.058ms
[4.911s][info][gc,ergo     ] Free: 583M, Max: 512K regular, 75264K humongous, Frag: 88% external, 35% internal; Reserve: 52736K, Max: 512K
[4.911s][info][gc,stats    ] 
[4.911s][info][gc,stats    ] All times are wall-clock times, except per-root-class counters, that are sum over
[4.911s][info][gc,stats    ] all workers. Dividing the <total> over the root stage time estimates parallelism.
[4.911s][info][gc,stats    ] 
[4.911s][info][gc,stats    ] Concurrent Reset                   2379 us
[4.911s][info][gc,stats    ] Pause Init Mark (G)                 548 us
[4.911s][info][gc,stats    ] Pause Init Mark (N)                 226 us
[4.911s][info][gc,stats    ]   Update Region States              176 us
[4.911s][info][gc,stats    ] Concurrent Mark Roots               239 us, parallelism: 0.63x
[4.911s][info][gc,stats    ]   CMR: <total>                      150 us
[4.911s][info][gc,stats    ]   CMR: Thread Roots                 113 us, workers (us):  32,  41,  40, ---, ---, ---, 
[4.911s][info][gc,stats    ]   CMR: VM Strong Roots                5 us, workers (us):   4,   0,   0, ---, ---, ---, 
[4.911s][info][gc,stats    ]   CMR: CLDG Roots                    32 us, workers (us):  32, ---, ---, ---, ---, ---, 
[4.911s][info][gc,stats    ] Concurrent Marking                 2890 us
[4.911s][info][gc,stats    ] Pause Final Mark (G)               1278 us
[4.911s][info][gc,stats    ] Pause Final Mark (N)                661 us
[4.911s][info][gc,stats    ]   Finish Mark                       343 us
[4.912s][info][gc,stats    ]   Update Region States              202 us
[4.912s][info][gc,stats    ]   Choose Collection Set              69 us
[4.912s][info][gc,stats    ]   Rebuild Free Set                   16 us
[4.912s][info][gc,stats    ] Concurrent Thread Roots             223 us, parallelism: 0.62x
[4.912s][info][gc,stats    ]   CTR: <total>                      138 us
[4.912s][info][gc,stats    ]   CTR: Thread Roots                 138 us, workers (us):  42,  44,  52, ---, ---, ---, 
[4.912s][info][gc,stats    ] Concurrent Weak References          159 us, parallelism: 0.04x
[4.912s][info][gc,stats    ]   CWRF: <total>                       6 us
[4.912s][info][gc,stats    ]   CWRF: Weak References               6 us, workers (us):   6,   0,   0, ---, ---, ---, 
[4.912s][info][gc,stats    ] Concurrent Weak Roots               425 us
[4.912s][info][gc,stats    ]   Roots                             264 us, parallelism: 0.76x
[4.912s][info][gc,stats    ]     CWR: <total>                    201 us
[4.912s][info][gc,stats    ]     CWR: Code Cache Roots           172 us, workers (us):  96,   0,  76, ---, ---, ---, 
[4.912s][info][gc,stats    ]     CWR: VM Weak Roots               23 us, workers (us):  14,   4,   5, ---, ---, ---, 
[4.912s][info][gc,stats    ]     CWR: CLDG Roots                   5 us, workers (us): ---,   5, ---, ---, ---, ---, 
[4.912s][info][gc,stats    ]   Rendezvous                        144 us
[4.912s][info][gc,stats    ] Concurrent Cleanup                   97 us
[4.912s][info][gc,stats    ] Concurrent Class Unloading          947 us
[4.912s][info][gc,stats    ]   Unlink Stale                      585 us
[4.912s][info][gc,stats    ]     System Dictionary                 5 us
[4.912s][info][gc,stats    ]     Weak Class Links                  0 us
[4.912s][info][gc,stats    ]     Code Roots                      579 us
[4.912s][info][gc,stats    ]   Rendezvous                        105 us
[4.912s][info][gc,stats    ]   Purge Unlinked                    218 us
[4.912s][info][gc,stats    ]     Code Roots                      180 us
[4.912s][info][gc,stats    ]     CLDG                             38 us
[4.912s][info][gc,stats    ]     Exception Caches                  0 us
[4.912s][info][gc,stats    ] Concurrent Strong Roots             250 us, parallelism: 0.29x
[4.912s][info][gc,stats    ]   CSR: <total>                       71 us
[4.912s][info][gc,stats    ]   CSR: VM Strong Roots                5 us, workers (us):   5,   0,   0, ---, ---, ---, 
[4.912s][info][gc,stats    ]   CSR: CLDG Roots                    66 us, workers (us):  66, ---, ---, ---, ---, ---, 
[4.912s][info][gc,stats    ] Concurrent Evacuation             13350 us
[4.912s][info][gc,stats    ] Pause Init Update Refs (G)          365 us
[4.912s][info][gc,stats    ] Pause Init Update Refs (N)           30 us
[4.912s][info][gc,stats    ]   Manage GCLABs                       3 us
[4.912s][info][gc,stats    ] Concurrent Update Refs             2508 us
[4.912s][info][gc,stats    ] Concurrent Update Thread Roots      375 us
[4.912s][info][gc,stats    ] Pause Final Update Refs (G)         476 us
[4.912s][info][gc,stats    ] Pause Final Update Refs (N)         220 us
[4.912s][info][gc,stats    ]   Update Region States              146 us
[4.912s][info][gc,stats    ]   Trash Collection Set                9 us
[4.912s][info][gc,stats    ]   Rebuild Free Set                   21 us
[4.912s][info][gc,stats    ] Concurrent Cleanup                   64 us
[4.912s][info][gc,stats    ] Pacing                             3293 us
[4.912s][info][gc,stats    ] 
[4.912s][info][gc,stats    ] Allocation pacing accrued:
[4.912s][info][gc,stats    ]       3 of    66 ms (  5.0%): main
[4.912s][info][gc,stats    ]       3 of    66 ms (  5.0%): <total>
[4.912s][info][gc,stats    ]       0 of    66 ms (  0.5%): <average total>
[4.912s][info][gc,stats    ]       3 of    66 ms (  5.0%): <average non-zero>
[4.912s][info][gc,stats    ] 
[4.912s][info][gc,metaspace] Metaspace: 6358K(6528K)->6358K(6528K) NonClass: 5812K(5888K)->5812K(5888K) Class: 546K(640K)->546K(640K)
[4.912s][info][gc,ergo     ] Pacer for Idle. Initial: 20971K, Alloc Tax Rate: 1.0x
[4.943s][info][gc          ] Trigger: Average GC time (30.04 ms) is above the time for average allocation rate (3071 MB/s) to deplete free headroom (90586K) (margin of error = 1.78)
[4.943s][info][gc,ergo     ] Free headroom: 139M (free) - 52428K (spike) - 0B (penalties) = 90586K
[4.943s][info][gc,ergo     ] Free: 138M, Max: 512K regular, 75264K humongous, Frag: 46% external, 40% internal; Reserve: 52736K, Max: 512K
[4.943s][info][gc,start    ] GC(41) Concurrent reset
[4.943s][info][gc,task     ] GC(41) Using 3 of 6 workers for concurrent reset
[4.943s][info][gc,ergo     ] GC(41) Pacer for Reset. Non-Taxable: 1024M
[4.945s][info][gc          ] GC(41) Concurrent reset 2.088ms
[4.945s][info][gc,start    ] GC(41) Pause Init Mark (unload classes)
[4.945s][info][gc,task     ] GC(41) Using 6 of 6 workers for init marking
[4.945s][info][gc,ergo     ] GC(41) Pacer for Mark. Expected Live: 196M, Free: 125M, Non-Taxable: 12854K, Alloc Tax Rate: 1.9x
[4.945s][info][gc          ] GC(41) Pause Init Mark (unload classes) 0.163ms
[4.945s][info][gc,start    ] GC(41) Concurrent marking roots
[4.945s][info][gc,task     ] GC(41) Using 3 of 6 workers for concurrent marking roots
[4.945s][info][gc          ] GC(41) Concurrent marking roots 0.250ms
[4.946s][info][gc,start    ] GC(41) Concurrent marking (unload classes)
[4.946s][info][gc,task     ] GC(41) Using 3 of 6 workers for concurrent marking
[4.948s][info][gc          ] GC(41) Concurrent marking (unload classes) 2.055ms
[4.948s][info][gc,start    ] GC(41) Pause Final Mark (unload classes)
[4.948s][info][gc,task     ] GC(41) Using 6 of 6 workers for final marking
[4.948s][info][gc,ergo     ] GC(41) Adaptive CSet Selection. Target Free: 145M, Actual Free: 540M, Max CSet: 43690K, Min Garbage: 0B
[4.948s][info][gc,ergo     ] GC(41) Collectable Garbage: 539M (85%), Immediate: 378M (59%), CSet: 161M (25%)
[4.948s][info][gc,ergo     ] GC(41) Pacer for Evacuation. Used CSet: 204M, Free: 503M, Non-Taxable: 51511K, Alloc Tax Rate: 1.1x
[4.948s][info][gc          ] GC(41) Pause Final Mark (unload classes) 0.495ms
[4.948s][info][gc,start    ] GC(41) Concurrent thread roots
[4.948s][info][gc,task     ] GC(41) Using 3 of 6 workers for Concurrent thread roots
[4.948s][info][gc          ] GC(41) Concurrent thread roots 0.168ms
[4.948s][info][gc,start    ] GC(41) Concurrent weak references
[4.948s][info][gc,task     ] GC(41) Using 3 of 6 workers for concurrent weak references
[4.948s][info][gc,ref      ] GC(41) Encountered references: Soft: 47, Weak: 146, Final: 0, Phantom: 3
[4.948s][info][gc,ref      ] GC(41) Discovered  references: Soft: 0, Weak: 51, Final: 0, Phantom: 2
[4.948s][info][gc,ref      ] GC(41) Enqueued    references: Soft: 0, Weak: 0, Final: 0, Phantom: 0
[4.948s][info][gc          ] GC(41) Concurrent weak references 0.065ms
[4.948s][info][gc,start    ] GC(41) Concurrent weak roots
[4.948s][info][gc,task     ] GC(41) Using 3 of 6 workers for concurrent weak root
[4.949s][info][gc          ] GC(41) Concurrent weak roots 0.254ms
[4.949s][info][gc,start    ] GC(41) Concurrent cleanup
[4.949s][info][gc          ] GC(41) Concurrent cleanup 843M->465M(1024M) 0.058ms
[4.949s][info][gc,ergo     ] GC(41) Free: 503M, Max: 512K regular, 111M humongous, Frag: 78% external, 33% internal; Reserve: 52720K, Max: 512K
[4.949s][info][gc,start    ] GC(41) Concurrent class unloading
[4.949s][info][gc,task     ] GC(41) Using 3 of 6 workers for concurrent class unloading
[4.949s][info][gc          ] GC(41) Concurrent class unloading 0.338ms
[4.949s][info][gc,start    ] GC(41) Concurrent strong roots
[4.949s][info][gc,task     ] GC(41) Using 3 of 6 workers for concurrent strong root
[4.949s][info][gc          ] GC(41) Concurrent strong roots 0.061ms
[4.949s][info][gc,start    ] GC(41) Concurrent evacuation
[4.949s][info][gc,task     ] GC(41) Using 3 of 6 workers for concurrent evacuation
[4.959s][info][gc          ] GC(41) Concurrent evacuation 10.021ms
[4.960s][info][gc,start    ] GC(41) Pause Init Update Refs
[4.960s][info][gc,ergo     ] GC(41) Pacer for Update Refs. Used: 534M, Free: 477M, Non-Taxable: 48905K, Alloc Tax Rate: 1.4x
[4.960s][info][gc          ] GC(41) Pause Init Update Refs 0.028ms
[4.960s][info][gc,start    ] GC(41) Concurrent update references
[4.960s][info][gc,task     ] GC(41) Using 3 of 6 workers for concurrent reference update
[4.962s][info][gc          ] GC(41) Concurrent update references 2.615ms
[4.962s][info][gc,start    ] GC(41) Concurrent update thread roots
[4.963s][info][gc          ] GC(41) Concurrent update thread roots 0.313ms
[4.963s][info][gc,start    ] GC(41) Pause Final Update Refs
[4.963s][info][gc,task     ] GC(41) Using 6 of 6 workers for final reference update
[4.963s][info][gc          ] GC(41) Pause Final Update Refs 0.280ms
[4.963s][info][gc,start    ] GC(41) Concurrent cleanup
[4.963s][info][gc          ] GC(41) Concurrent cleanup 560M->358M(1024M) 0.061ms
[4.963s][info][gc,ergo     ] Free: 613M, Max: 512K regular, 79872K humongous, Frag: 88% external, 32% internal; Reserve: 52736K, Max: 512K
[4.963s][info][gc,stats    ] 
[4.963s][info][gc,stats    ] All times are wall-clock times, except per-root-class counters, that are sum over
[4.963s][info][gc,stats    ] all workers. Dividing the <total> over the root stage time estimates parallelism.
[4.963s][info][gc,stats    ] 
[4.963s][info][gc,stats    ] Concurrent Reset                   2157 us
[4.963s][info][gc,stats    ] Pause Init Mark (G)                 463 us
[4.963s][info][gc,stats    ] Pause Init Mark (N)                 167 us
[4.963s][info][gc,stats    ]   Update Region States              121 us
[4.963s][info][gc,stats    ] Concurrent Mark Roots               261 us, parallelism: 0.85x
[4.963s][info][gc,stats    ]   CMR: <total>                      221 us
[4.963s][info][gc,stats    ]   CMR: Thread Roots                 176 us, workers (us):  62,  58,  57, ---, ---, ---, 
[4.963s][info][gc,stats    ]   CMR: VM Strong Roots                6 us, workers (us):   6,   0,   0, ---, ---, ---, 
[4.963s][info][gc,stats    ]   CMR: CLDG Roots                    39 us, workers (us):  39, ---, ---, ---, ---, ---, 
[4.963s][info][gc,stats    ] Concurrent Marking                 2073 us
[4.963s][info][gc,stats    ] Pause Final Mark (G)                609 us
[4.963s][info][gc,stats    ] Pause Final Mark (N)                513 us
[4.963s][info][gc,stats    ]   Finish Mark                       306 us
[4.963s][info][gc,stats    ]   Update Region States               74 us
[4.963s][info][gc,stats    ]   Choose Collection Set              73 us
[4.963s][info][gc,stats    ]   Rebuild Free Set                   17 us
[4.963s][info][gc,stats    ] Concurrent Thread Roots             178 us, parallelism: 0.57x
[4.963s][info][gc,stats    ]   CTR: <total>                      101 us
[4.963s][info][gc,stats    ]   CTR: Thread Roots                 101 us, workers (us):  36,  28,  36, ---, ---, ---, 
[4.963s][info][gc,stats    ] Concurrent Weak References           68 us, parallelism: 0.05x
[4.963s][info][gc,stats    ]   CWRF: <total>                       3 us
[4.963s][info][gc,stats    ]   CWRF: Weak References               3 us, workers (us):   3,   0,   0, ---, ---, ---, 
[4.963s][info][gc,stats    ] Concurrent Weak Roots               264 us
[4.963s][info][gc,stats    ]   Roots                             169 us, parallelism: 1.33x
[4.963s][info][gc,stats    ]     CWR: <total>                    225 us
[4.963s][info][gc,stats    ]     CWR: Code Cache Roots           202 us, workers (us): 117,  85,   0, ---, ---, ---, 
[4.963s][info][gc,stats    ]     CWR: VM Weak Roots               19 us, workers (us):  18,   0,   0, ---, ---, ---, 
[4.963s][info][gc,stats    ]     CWR: CLDG Roots                   3 us, workers (us): ---,   3, ---, ---, ---, ---, 
[4.963s][info][gc,stats    ]   Rendezvous                         78 us
[4.963s][info][gc,stats    ] Concurrent Cleanup                   62 us
[4.963s][info][gc,stats    ] Concurrent Class Unloading          346 us
[4.963s][info][gc,stats    ]   Unlink Stale                      198 us
[4.963s][info][gc,stats    ]     System Dictionary                 2 us
[4.963s][info][gc,stats    ]     Weak Class Links                  0 us
[4.963s][info][gc,stats    ]     Code Roots                      195 us
[4.963s][info][gc,stats    ]   Rendezvous                         84 us
[4.963s][info][gc,stats    ]   Purge Unlinked                     49 us
[4.963s][info][gc,stats    ]     Code Roots                       35 us
[4.963s][info][gc,stats    ]     CLDG                             14 us
[4.963s][info][gc,stats    ]     Exception Caches                  0 us
[4.963s][info][gc,stats    ] Concurrent Strong Roots              69 us, parallelism: 0.45x
[4.963s][info][gc,stats    ]   CSR: <total>                       31 us
[4.963s][info][gc,stats    ]   CSR: VM Strong Roots                2 us, workers (us):   2,   0,   0, ---, ---, ---, 
[4.963s][info][gc,stats    ]   CSR: CLDG Roots                    29 us, workers (us):  29, ---, ---, ---, ---, ---, 
[4.963s][info][gc,stats    ] Concurrent Evacuation             10094 us
[4.963s][info][gc,stats    ] Pause Init Update Refs (G)          333 us
[4.963s][info][gc,stats    ] Pause Init Update Refs (N)           31 us
[4.963s][info][gc,stats    ]   Manage GCLABs                       4 us
[4.963s][info][gc,stats    ] Concurrent Update Refs             2682 us
[4.963s][info][gc,stats    ] Concurrent Update Thread Roots      329 us
[4.963s][info][gc,stats    ] Pause Final Update Refs (G)         546 us
[4.963s][info][gc,stats    ] Pause Final Update Refs (N)         292 us
[4.963s][info][gc,stats    ]   Update Region States              234 us
[4.963s][info][gc,stats    ]   Trash Collection Set                8 us
[4.963s][info][gc,stats    ]   Rebuild Free Set                   18 us
[4.963s][info][gc,stats    ] Concurrent Cleanup                   66 us
[4.963s][info][gc,stats    ] Pacing                             6229 us
[4.963s][info][gc,stats    ] 
[4.963s][info][gc,stats    ] Allocation pacing accrued:
[4.963s][info][gc,stats    ]       6 of    52 ms ( 12.0%): main
[4.963s][info][gc,stats    ]       6 of    52 ms ( 12.0%): <total>
[4.963s][info][gc,stats    ]       1 of    52 ms (  1.1%): <average total>
[4.964s][info][gc,stats    ]       6 of    52 ms ( 12.0%): <average non-zero>
[4.964s][info][gc,stats    ] 
[4.964s][info][gc,metaspace] Metaspace: 6358K(6528K)->6358K(6528K) NonClass: 5812K(5888K)->5812K(5888K) Class: 546K(640K)->546K(640K)
[4.964s][info][gc,ergo     ] Pacer for Idle. Initial: 20971K, Alloc Tax Rate: 1.0x
[5.035s][info][gc          ] Trigger: Average GC time (27.17 ms) is above the time for average allocation rate (3071 MB/s) to deplete free headroom (82541K) (margin of error = 1.78)
[5.035s][info][gc,ergo     ] Free headroom: 131M (free) - 52428K (spike) - 0B (penalties) = 82541K
[5.035s][info][gc,ergo     ] Free: 130M, Max: 512K regular, 79872K humongous, Frag: 40% external, 2% internal; Reserve: 52736K, Max: 512K
[5.035s][info][gc,start    ] GC(42) Concurrent reset
[5.035s][info][gc,task     ] GC(42) Using 3 of 6 workers for concurrent reset
[5.035s][info][gc,ergo     ] GC(42) Pacer for Reset. Non-Taxable: 1024M
[5.037s][info][gc          ] GC(42) Concurrent reset 2.351ms
[5.038s][info][gc,start    ] GC(42) Pause Init Mark (unload classes)
[5.038s][info][gc,task     ] GC(42) Using 6 of 6 workers for init marking
[5.038s][info][gc,ergo     ] GC(42) Pacer for Mark. Expected Live: 196M, Free: 126M, Non-Taxable: 12943K, Alloc Tax Rate: 1.9x
[5.038s][info][gc          ] GC(42) Pause Init Mark (unload classes) 0.166ms
[5.038s][info][gc,start    ] GC(42) Concurrent marking roots
[5.038s][info][gc,task     ] GC(42) Using 3 of 6 workers for concurrent marking roots
[5.038s][info][gc          ] GC(42) Concurrent marking roots 0.251ms
[5.038s][info][gc,start    ] GC(42) Concurrent marking (unload classes)
[5.038s][info][gc,task     ] GC(42) Using 3 of 6 workers for concurrent marking
[5.041s][info][gc          ] GC(42) Concurrent marking (unload classes) 3.128ms
[5.042s][info][gc,start    ] GC(42) Pause Final Mark (unload classes)
[5.042s][info][gc,task     ] GC(42) Using 6 of 6 workers for final marking
[5.042s][info][gc,ergo     ] GC(42) Adaptive CSet Selection. Target Free: 145M, Actual Free: 527M, Max CSet: 43690K, Min Garbage: 0B
[5.042s][info][gc,ergo     ] GC(42) Collectable Garbage: 532M (84%), Immediate: 363M (57%), CSet: 169M (26%)
[5.042s][info][gc,ergo     ] GC(42) Pacer for Evacuation. Used CSet: 211M, Free: 490M, Non-Taxable: 50209K, Alloc Tax Rate: 1.1x
[5.042s][info][gc          ] GC(42) Pause Final Mark (unload classes) 0.709ms
[5.042s][info][gc,start    ] GC(42) Concurrent thread roots
[5.042s][info][gc,task     ] GC(42) Using 3 of 6 workers for Concurrent thread roots
[5.043s][info][gc          ] GC(42) Concurrent thread roots 0.257ms
[5.043s][info][gc,start    ] GC(42) Concurrent weak references
[5.043s][info][gc,task     ] GC(42) Using 3 of 6 workers for concurrent weak references
[5.043s][info][gc,ref      ] GC(42) Encountered references: Soft: 47, Weak: 146, Final: 0, Phantom: 3
[5.043s][info][gc,ref      ] GC(42) Discovered  references: Soft: 0, Weak: 48, Final: 0, Phantom: 2
[5.043s][info][gc,ref      ] GC(42) Enqueued    references: Soft: 0, Weak: 0, Final: 0, Phantom: 0
[5.043s][info][gc          ] GC(42) Concurrent weak references 0.080ms
[5.043s][info][gc,start    ] GC(42) Concurrent weak roots
[5.043s][info][gc,task     ] GC(42) Using 3 of 6 workers for concurrent weak root
[5.043s][info][gc          ] GC(42) Concurrent weak roots 0.297ms
[5.043s][info][gc,start    ] GC(42) Concurrent cleanup
[5.043s][info][gc          ] GC(42) Concurrent cleanup 841M->477M(1024M) 0.079ms
[5.043s][info][gc,ergo     ] GC(42) Free: 490M, Max: 512K regular, 146M humongous, Frag: 70% external, 34% internal; Reserve: 52724K, Max: 512K
[5.043s][info][gc,start    ] GC(42) Concurrent class unloading
[5.043s][info][gc,task     ] GC(42) Using 3 of 6 workers for concurrent class unloading
[5.044s][info][gc          ] GC(42) Concurrent class unloading 0.473ms
[5.044s][info][gc,start    ] GC(42) Concurrent strong roots
[5.044s][info][gc,task     ] GC(42) Using 3 of 6 workers for concurrent strong root
[5.044s][info][gc          ] GC(42) Concurrent strong roots 0.085ms
[5.044s][info][gc,start    ] GC(42) Concurrent evacuation
[5.044s][info][gc,task     ] GC(42) Using 3 of 6 workers for concurrent evacuation
[5.058s][info][gc          ] GC(42) Concurrent evacuation 14.434ms
[5.059s][info][gc,start    ] GC(42) Pause Init Update Refs
[5.059s][info][gc,ergo     ] GC(42) Pacer for Update Refs. Used: 565M, Free: 445M, Non-Taxable: 45642K, Alloc Tax Rate: 1.6x
[5.059s][info][gc          ] GC(42) Pause Init Update Refs 0.032ms
[5.059s][info][gc,start    ] GC(42) Concurrent update references
[5.059s][info][gc,task     ] GC(42) Using 3 of 6 workers for concurrent reference update
[5.062s][info][gc          ] GC(42) Concurrent update references 3.548ms
[5.062s][info][gc,start    ] GC(42) Concurrent update thread roots
[5.063s][info][gc          ] GC(42) Concurrent update thread roots 0.527ms
[5.063s][info][gc,start    ] GC(42) Pause Final Update Refs
[5.063s][info][gc,task     ] GC(42) Using 6 of 6 workers for final reference update
[5.064s][info][gc          ] GC(42) Pause Final Update Refs 0.259ms
[5.064s][info][gc,start    ] GC(42) Concurrent cleanup
[5.064s][info][gc          ] GC(42) Concurrent cleanup 588M->377M(1024M) 0.072ms
[5.064s][info][gc,ergo     ] Free: 594M, Max: 512K regular, 114M humongous, Frag: 81% external, 34% internal; Reserve: 52736K, Max: 512K
[5.064s][info][gc,stats    ] 
[5.064s][info][gc,stats    ] All times are wall-clock times, except per-root-class counters, that are sum over
[5.064s][info][gc,stats    ] all workers. Dividing the <total> over the root stage time estimates parallelism.
[5.064s][info][gc,stats    ] 
[5.064s][info][gc,stats    ] Concurrent Reset                   2492 us
[5.064s][info][gc,stats    ] Pause Init Mark (G)                 523 us
[5.064s][info][gc,stats    ] Pause Init Mark (N)                 171 us
[5.064s][info][gc,stats    ]   Update Region States              109 us
[5.064s][info][gc,stats    ] Concurrent Mark Roots               264 us, parallelism: 0.97x
[5.064s][info][gc,stats    ]   CMR: <total>                      255 us
[5.064s][info][gc,stats    ]   CMR: Thread Roots                 188 us, workers (us):  60,  69,  59, ---, ---, ---, 
[5.064s][info][gc,stats    ]   CMR: VM Strong Roots                8 us, workers (us):   8,   0,   0, ---, ---, ---, 
[5.064s][info][gc,stats    ]   CMR: CLDG Roots                    60 us, workers (us):  60, ---, ---, ---, ---, ---, 
[5.064s][info][gc,stats    ] Concurrent Marking                 3171 us
[5.064s][info][gc,stats    ] Pause Final Mark (G)                877 us
[5.064s][info][gc,stats    ] Pause Final Mark (N)                716 us
[5.064s][info][gc,stats    ]   Finish Mark                       369 us
[5.064s][info][gc,stats    ]   Update Region States              122 us
[5.064s][info][gc,stats    ]   Choose Collection Set             153 us
[5.064s][info][gc,stats    ]   Rebuild Free Set                   21 us
[5.064s][info][gc,stats    ] Concurrent Thread Roots             271 us, parallelism: 0.63x
[5.064s][info][gc,stats    ]   CTR: <total>                      170 us
[5.064s][info][gc,stats    ]   CTR: Thread Roots                 170 us, workers (us):  81,  41,  48, ---, ---, ---, 
[5.064s][info][gc,stats    ] Concurrent Weak References           83 us, parallelism: 0.08x
[5.064s][info][gc,stats    ]   CWRF: <total>                       7 us
[5.064s][info][gc,stats    ]   CWRF: Weak References               7 us, workers (us):   7,   0,   0, ---, ---, ---, 
[5.064s][info][gc,stats    ] Concurrent Weak Roots               308 us
[5.064s][info][gc,stats    ]   Roots                             200 us, parallelism: 0.90x
[5.064s][info][gc,stats    ]     CWR: <total>                    181 us
[5.064s][info][gc,stats    ]     CWR: Code Cache Roots           153 us, workers (us):  63,  90,   0, ---, ---, ---, 
[5.064s][info][gc,stats    ]     CWR: VM Weak Roots               24 us, workers (us):  19,   4,   0, ---, ---, ---, 
[5.064s][info][gc,stats    ]     CWR: CLDG Roots                   4 us, workers (us):   4, ---, ---, ---, ---, ---, 
[5.064s][info][gc,stats    ]   Rendezvous                         89 us
[5.064s][info][gc,stats    ] Concurrent Cleanup                   99 us
[5.064s][info][gc,stats    ] Concurrent Class Unloading          487 us
[5.064s][info][gc,stats    ]   Unlink Stale                      284 us
[5.064s][info][gc,stats    ]     System Dictionary                 5 us
[5.064s][info][gc,stats    ]     Weak Class Links                  0 us
[5.064s][info][gc,stats    ]     Code Roots                      279 us
[5.064s][info][gc,stats    ]   Rendezvous                         70 us
[5.064s][info][gc,stats    ]   Purge Unlinked                     89 us
[5.064s][info][gc,stats    ]     Code Roots                       75 us
[5.064s][info][gc,stats    ]     CLDG                             14 us
[5.064s][info][gc,stats    ]     Exception Caches                  0 us
[5.064s][info][gc,stats    ] Concurrent Strong Roots              96 us, parallelism: 0.22x
[5.064s][info][gc,stats    ]   CSR: <total>                       21 us
[5.064s][info][gc,stats    ]   CSR: VM Strong Roots                3 us, workers (us):   3,   0,   0, ---, ---, ---, 
[5.064s][info][gc,stats    ]   CSR: CLDG Roots                    17 us, workers (us):  17, ---, ---, ---, ---, ---, 
[5.064s][info][gc,stats    ] Concurrent Evacuation             14576 us
[5.064s][info][gc,stats    ] Pause Init Update Refs (G)          411 us
[5.064s][info][gc,stats    ] Pause Init Update Refs (N)           36 us
[5.064s][info][gc,stats    ]   Manage GCLABs                       5 us
[5.064s][info][gc,stats    ] Concurrent Update Refs             3696 us
[5.064s][info][gc,stats    ] Concurrent Update Thread Roots      549 us
[5.064s][info][gc,stats    ] Pause Final Update Refs (G)         620 us
[5.064s][info][gc,stats    ] Pause Final Update Refs (N)         269 us
[5.064s][info][gc,stats    ]   Update Region States              192 us
[5.064s][info][gc,stats    ]   Trash Collection Set               12 us
[5.064s][info][gc,stats    ]   Rebuild Free Set                   24 us
[5.064s][info][gc,stats    ] Concurrent Cleanup                   93 us
[5.064s][info][gc,stats    ] Pacing                            11996 us
[5.064s][info][gc,stats    ] 
[5.064s][info][gc,stats    ] Allocation pacing accrued:
[5.064s][info][gc,stats    ]      12 of   101 ms ( 11.9%): main
[5.064s][info][gc,stats    ]      12 of   101 ms ( 11.9%): <total>
[5.064s][info][gc,stats    ]       1 of   101 ms (  1.1%): <average total>
[5.064s][info][gc,stats    ]      12 of   101 ms ( 11.9%): <average non-zero>
[5.064s][info][gc,stats    ] 
[5.064s][info][gc,metaspace] Metaspace: 6358K(6528K)->6358K(6528K) NonClass: 5812K(5888K)->5812K(5888K) Class: 546K(640K)->546K(640K)
[5.064s][info][gc,ergo     ] Pacer for Idle. Initial: 20971K, Alloc Tax Rate: 1.0x
[5.108s][info][gc          ] Trigger: Average GC time (32.60 ms) is above the time for average allocation rate (3072 MB/s) to deplete free headroom (100M) (margin of error = 1.79)
[5.108s][info][gc,ergo     ] Free headroom: 151M (free) - 52428K (spike) - 0B (penalties) = 100M
[5.108s][info][gc,ergo     ] Free: 150M, Max: 512K regular, 114M humongous, Frag: 23% external, 38% internal; Reserve: 52736K, Max: 512K
[5.108s][info][gc,start    ] GC(43) Concurrent reset
[5.108s][info][gc,task     ] GC(43) Using 3 of 6 workers for concurrent reset
[5.108s][info][gc,ergo     ] GC(43) Pacer for Reset. Non-Taxable: 1024M
[5.110s][info][gc          ] GC(43) Concurrent reset 2.517ms
[5.111s][info][gc,start    ] GC(43) Pause Init Mark (unload classes)
[5.111s][info][gc,task     ] GC(43) Using 6 of 6 workers for init marking
[5.111s][info][gc,ergo     ] GC(43) Pacer for Mark. Expected Live: 196M, Free: 139M, Non-Taxable: 14240K, Alloc Tax Rate: 1.7x
[5.111s][info][gc          ] GC(43) Pause Init Mark (unload classes) 0.129ms
[5.111s][info][gc,start    ] GC(43) Concurrent marking roots
[5.111s][info][gc,task     ] GC(43) Using 3 of 6 workers for concurrent marking roots
[5.111s][info][gc          ] GC(43) Concurrent marking roots 0.238ms
[5.111s][info][gc,start    ] GC(43) Concurrent marking (unload classes)
[5.111s][info][gc,task     ] GC(43) Using 3 of 6 workers for concurrent marking
[5.113s][info][gc          ] GC(43) Concurrent marking (unload classes) 1.881ms
[5.113s][info][gc,start    ] GC(43) Pause Final Mark (unload classes)
[5.113s][info][gc,task     ] GC(43) Using 6 of 6 workers for final marking
[5.114s][info][gc,ergo     ] GC(43) Adaptive CSet Selection. Target Free: 145M, Actual Free: 536M, Max CSet: 43690K, Min Garbage: 0B
[5.114s][info][gc,ergo     ] GC(43) Collectable Garbage: 529M (85%), Immediate: 367M (59%), CSet: 162M (26%)
[5.114s][info][gc,ergo     ] GC(43) Pacer for Evacuation. Used CSet: 205M, Free: 499M, Non-Taxable: 51102K, Alloc Tax Rate: 1.1x
[5.114s][info][gc          ] GC(43) Pause Final Mark (unload classes) 0.426ms
[5.114s][info][gc,start    ] GC(43) Concurrent thread roots
[5.114s][info][gc,task     ] GC(43) Using 3 of 6 workers for Concurrent thread roots
[5.114s][info][gc          ] GC(43) Concurrent thread roots 0.149ms
[5.114s][info][gc,start    ] GC(43) Concurrent weak references
[5.114s][info][gc,task     ] GC(43) Using 3 of 6 workers for concurrent weak references
[5.114s][info][gc,ref      ] GC(43) Encountered references: Soft: 47, Weak: 146, Final: 0, Phantom: 3
[5.114s][info][gc,ref      ] GC(43) Discovered  references: Soft: 0, Weak: 50, Final: 0, Phantom: 2
[5.114s][info][gc,ref      ] GC(43) Enqueued    references: Soft: 0, Weak: 0, Final: 0, Phantom: 0
[5.114s][info][gc          ] GC(43) Concurrent weak references 0.067ms
[5.114s][info][gc,start    ] GC(43) Concurrent weak roots
[5.114s][info][gc,task     ] GC(43) Using 3 of 6 workers for concurrent weak root
[5.114s][info][gc          ] GC(43) Concurrent weak roots 0.329ms
[5.114s][info][gc,start    ] GC(43) Concurrent cleanup
[5.114s][info][gc          ] GC(43) Concurrent cleanup 840M->473M(1024M) 0.081ms
[5.114s][info][gc,ergo     ] GC(43) Free: 487M, Max: 512K regular, 144M humongous, Frag: 71% external, 0% internal; Reserve: 52720K, Max: 512K
[5.114s][info][gc,start    ] GC(43) Concurrent class unloading
[5.114s][info][gc,task     ] GC(43) Using 3 of 6 workers for concurrent class unloading
[5.115s][info][gc          ] GC(43) Concurrent class unloading 0.649ms
[5.115s][info][gc,start    ] GC(43) Concurrent strong roots
[5.115s][info][gc,task     ] GC(43) Using 3 of 6 workers for concurrent strong root
[5.115s][info][gc          ] GC(43) Concurrent strong roots 0.141ms
[5.115s][info][gc,start    ] GC(43) Concurrent evacuation
[5.115s][info][gc,task     ] GC(43) Using 3 of 6 workers for concurrent evacuation
[5.131s][info][gc          ] GC(43) Concurrent evacuation 15.276ms
[5.131s][info][gc,start    ] GC(43) Pause Init Update Refs
[5.131s][info][gc,ergo     ] GC(43) Pacer for Update Refs. Used: 582M, Free: 422M, Non-Taxable: 43280K, Alloc Tax Rate: 1.7x
[5.131s][info][gc          ] GC(43) Pause Init Update Refs 0.059ms
[5.131s][info][gc,start    ] GC(43) Concurrent update references
[5.131s][info][gc,task     ] GC(43) Using 3 of 6 workers for concurrent reference update
[5.135s][info][gc          ] GC(43) Concurrent update references 4.285ms
[5.136s][info][gc,start    ] GC(43) Concurrent update thread roots
[5.136s][info][gc          ] GC(43) Concurrent update thread roots 0.639ms
[5.136s][info][gc,start    ] GC(43) Pause Final Update Refs
[5.136s][info][gc,task     ] GC(43) Using 6 of 6 workers for final reference update
[5.137s][info][gc          ] GC(43) Pause Final Update Refs 0.335ms
[5.137s][info][gc,start    ] GC(43) Concurrent cleanup
[5.137s][info][gc          ] GC(43) Concurrent cleanup 608M->404M(1024M) 0.073ms
[5.137s][info][gc,ergo     ] Free: 567M, Max: 512K regular, 114M humongous, Frag: 80% external, 37% internal; Reserve: 52736K, Max: 512K
[5.137s][info][gc,stats    ] 
[5.137s][info][gc,stats    ] All times are wall-clock times, except per-root-class counters, that are sum over
[5.137s][info][gc,stats    ] all workers. Dividing the <total> over the root stage time estimates parallelism.
[5.137s][info][gc,stats    ] 
[5.137s][info][gc,stats    ] Concurrent Reset                   2806 us
[5.137s][info][gc,stats    ] Pause Init Mark (G)                 357 us
[5.137s][info][gc,stats    ] Pause Init Mark (N)                 134 us
[5.137s][info][gc,stats    ]   Update Region States               93 us
[5.137s][info][gc,stats    ] Concurrent Mark Roots               250 us, parallelism: 1.02x
[5.137s][info][gc,stats    ]   CMR: <total>                      256 us
[5.137s][info][gc,stats    ]   CMR: Thread Roots                 183 us, workers (us):  56,  66,  61, ---, ---, ---, 
[5.137s][info][gc,stats    ]   CMR: VM Strong Roots                6 us, workers (us):   5,   0,   0, ---, ---, ---, 
[5.137s][info][gc,stats    ]   CMR: CLDG Roots                    67 us, workers (us):  67, ---, ---, ---, ---, ---, 
[5.137s][info][gc,stats    ] Concurrent Marking                 1973 us
[5.137s][info][gc,stats    ] Pause Final Mark (G)                604 us
[5.137s][info][gc,stats    ] Pause Final Mark (N)                437 us
[5.137s][info][gc,stats    ]   Finish Mark                       226 us
[5.137s][info][gc,stats    ]   Update Region States               79 us
[5.137s][info][gc,stats    ]   Choose Collection Set              74 us
[5.137s][info][gc,stats    ]   Rebuild Free Set                   16 us
[5.137s][info][gc,stats    ] Concurrent Thread Roots             160 us, parallelism: 0.72x
[5.137s][info][gc,stats    ]   CTR: <total>                      114 us
[5.137s][info][gc,stats    ]   CTR: Thread Roots                 114 us, workers (us):  77,  36,   2, ---, ---, ---, 
[5.137s][info][gc,stats    ] Concurrent Weak References           71 us, parallelism: 0.12x
[5.137s][info][gc,stats    ]   CWRF: <total>                       9 us
[5.137s][info][gc,stats    ]   CWRF: Weak References               9 us, workers (us):   8,   0,   0, ---, ---, ---, 
[5.137s][info][gc,stats    ] Concurrent Weak Roots               339 us
[5.137s][info][gc,stats    ]   Roots                             260 us, parallelism: 1.26x
[5.137s][info][gc,stats    ]     CWR: <total>                    329 us
[5.137s][info][gc,stats    ]     CWR: Code Cache Roots           259 us, workers (us):   0, 106, 152, ---, ---, ---, 
[5.137s][info][gc,stats    ]     CWR: VM Weak Roots               60 us, workers (us):  32,  20,   8, ---, ---, ---, 
[5.137s][info][gc,stats    ]     CWR: CLDG Roots                  10 us, workers (us):  10, ---, ---, ---, ---, ---, 
[5.137s][info][gc,stats    ]   Rendezvous                         61 us
[5.137s][info][gc,stats    ] Concurrent Cleanup                   86 us
[5.137s][info][gc,stats    ] Concurrent Class Unloading          671 us
[5.137s][info][gc,stats    ]   Unlink Stale                      449 us
[5.137s][info][gc,stats    ]     System Dictionary                 7 us
[5.137s][info][gc,stats    ]     Weak Class Links                  1 us
[5.137s][info][gc,stats    ]     Code Roots                      441 us
[5.137s][info][gc,stats    ]   Rendezvous                         63 us
[5.137s][info][gc,stats    ]   Purge Unlinked                    129 us
[5.137s][info][gc,stats    ]     Code Roots                      124 us
[5.137s][info][gc,stats    ]     CLDG                              4 us
[5.137s][info][gc,stats    ]     Exception Caches                  0 us
[5.137s][info][gc,stats    ] Concurrent Strong Roots             152 us, parallelism: 0.27x
[5.137s][info][gc,stats    ]   CSR: <total>                       41 us
[5.137s][info][gc,stats    ]   CSR: VM Strong Roots                4 us, workers (us):   4,   0,   0, ---, ---, ---, 
[5.137s][info][gc,stats    ]   CSR: CLDG Roots                    37 us, workers (us):  37, ---, ---, ---, ---, ---, 
[5.137s][info][gc,stats    ] Concurrent Evacuation             15395 us
[5.137s][info][gc,stats    ] Pause Init Update Refs (G)          438 us
[5.137s][info][gc,stats    ] Pause Init Update Refs (N)           65 us
[5.137s][info][gc,stats    ]   Manage GCLABs                       9 us
[5.137s][info][gc,stats    ] Concurrent Update Refs             4419 us
[5.137s][info][gc,stats    ] Concurrent Update Thread Roots      695 us
[5.137s][info][gc,stats    ] Pause Final Update Refs (G)         582 us
[5.137s][info][gc,stats    ] Pause Final Update Refs (N)         353 us
[5.137s][info][gc,stats    ]   Update Region States              229 us
[5.137s][info][gc,stats    ]   Trash Collection Set               16 us
[5.137s][info][gc,stats    ]   Rebuild Free Set                   45 us
[5.137s][info][gc,stats    ] Concurrent Cleanup                   81 us
[5.137s][info][gc,stats    ] 
[5.137s][info][gc,stats    ] Allocation pacing accrued:
[5.137s][info][gc,stats    ]       0 of    73 ms (  0.0%): <total>
[5.137s][info][gc,stats    ]       0 of    73 ms (  0.0%): <average total>
[5.137s][info][gc,stats    ] 
[5.137s][info][gc,metaspace] Metaspace: 6358K(6528K)->6358K(6528K) NonClass: 5812K(5888K)->5812K(5888K) Class: 546K(640K)->546K(640K)
[5.137s][info][gc,ergo     ] Pacer for Idle. Initial: 20971K, Alloc Tax Rate: 1.0x
[5.201s][info][gc          ] Trigger: Average GC time (33.55 ms) is above the time for average allocation rate (3073 MB/s) to deplete free headroom (102M) (margin of error = 1.81)
[5.201s][info][gc,ergo     ] Free headroom: 153M (free) - 52428K (spike) - 0B (penalties) = 102M
[5.201s][info][gc,ergo     ] Free: 152M, Max: 512K regular, 114M humongous, Frag: 25% external, 2% internal; Reserve: 52736K, Max: 512K
[5.201s][info][gc,start    ] GC(44) Concurrent reset
[5.201s][info][gc,task     ] GC(44) Using 3 of 6 workers for concurrent reset
[5.201s][info][gc,ergo     ] GC(44) Pacer for Reset. Non-Taxable: 1024M
[5.204s][info][gc          ] GC(44) Concurrent reset 3.120ms
[5.205s][info][gc,start    ] GC(44) Pause Init Mark (unload classes)
[5.205s][info][gc,task     ] GC(44) Using 6 of 6 workers for init marking
[5.205s][info][gc,ergo     ] GC(44) Pacer for Mark. Expected Live: 196M, Free: 142M, Non-Taxable: 14612K, Alloc Tax Rate: 1.7x
[5.205s][info][gc          ] GC(44) Pause Init Mark (unload classes) 0.162ms
[5.205s][info][gc,start    ] GC(44) Concurrent marking roots
[5.205s][info][gc,task     ] GC(44) Using 3 of 6 workers for concurrent marking roots
[5.206s][info][gc          ] GC(44) Concurrent marking roots 0.454ms
[5.206s][info][gc,start    ] GC(44) Concurrent marking (unload classes)
[5.206s][info][gc,task     ] GC(44) Using 3 of 6 workers for concurrent marking
[5.208s][info][gc          ] GC(44) Concurrent marking (unload classes) 2.466ms
[5.208s][info][gc,start    ] GC(44) Pause Final Mark (unload classes)
[5.208s][info][gc,task     ] GC(44) Using 6 of 6 workers for final marking
[5.209s][info][gc,ergo     ] GC(44) Adaptive CSet Selection. Target Free: 145M, Actual Free: 537M, Max CSet: 43690K, Min Garbage: 0B
[5.209s][info][gc,ergo     ] GC(44) Collectable Garbage: 524M (85%), Immediate: 358M (58%), CSet: 165M (26%)
[5.209s][info][gc,ergo     ] GC(44) Pacer for Evacuation. Used CSet: 208M, Free: 500M, Non-Taxable: 51210K, Alloc Tax Rate: 1.1x
[5.209s][info][gc          ] GC(44) Pause Final Mark (unload classes) 0.513ms
[5.209s][info][gc,start    ] GC(44) Concurrent thread roots
[5.209s][info][gc,task     ] GC(44) Using 3 of 6 workers for Concurrent thread roots
[5.209s][info][gc          ] GC(44) Concurrent thread roots 0.238ms
[5.209s][info][gc,start    ] GC(44) Concurrent weak references
[5.209s][info][gc,task     ] GC(44) Using 3 of 6 workers for concurrent weak references
[5.209s][info][gc,ref      ] GC(44) Encountered references: Soft: 47, Weak: 146, Final: 0, Phantom: 3
[5.209s][info][gc,ref      ] GC(44) Discovered  references: Soft: 0, Weak: 63, Final: 0, Phantom: 2
[5.209s][info][gc,ref      ] GC(44) Enqueued    references: Soft: 0, Weak: 0, Final: 0, Phantom: 0
[5.209s][info][gc          ] GC(44) Concurrent weak references 0.072ms
[5.209s][info][gc,start    ] GC(44) Concurrent weak roots
[5.209s][info][gc,task     ] GC(44) Using 3 of 6 workers for concurrent weak root
[5.209s][info][gc          ] GC(44) Concurrent weak roots 0.337ms
[5.209s][info][gc,start    ] GC(44) Concurrent cleanup
[5.209s][info][gc          ] GC(44) Concurrent cleanup 826M->468M(1024M) 0.071ms
[5.209s][info][gc,ergo     ] GC(44) Free: 500M, Max: 512K regular, 159M humongous, Frag: 68% external, 33% internal; Reserve: 52722K, Max: 512K
[5.209s][info][gc,start    ] GC(44) Concurrent class unloading
[5.209s][info][gc,task     ] GC(44) Using 3 of 6 workers for concurrent class unloading
[5.210s][info][gc          ] GC(44) Concurrent class unloading 0.423ms
[5.210s][info][gc,start    ] GC(44) Concurrent strong roots
[5.210s][info][gc,task     ] GC(44) Using 3 of 6 workers for concurrent strong root
[5.210s][info][gc          ] GC(44) Concurrent strong roots 0.103ms
[5.210s][info][gc,start    ] GC(44) Concurrent evacuation
[5.210s][info][gc,task     ] GC(44) Using 3 of 6 workers for concurrent evacuation
[5.223s][info][gc          ] GC(44) Concurrent evacuation 12.575ms
[5.223s][info][gc,start    ] GC(44) Pause Init Update Refs
[5.223s][info][gc,ergo     ] GC(44) Pacer for Update Refs. Used: 531M, Free: 480M, Non-Taxable: 49247K, Alloc Tax Rate: 1.4x
[5.223s][info][gc          ] GC(44) Pause Init Update Refs 0.047ms
[5.223s][info][gc,start    ] GC(44) Concurrent update references
[5.223s][info][gc,task     ] GC(44) Using 3 of 6 workers for concurrent reference update
[5.226s][info][gc          ] GC(44) Concurrent update references 3.151ms
[5.226s][info][gc,start    ] GC(44) Concurrent update thread roots
[5.227s][info][gc          ] GC(44) Concurrent update thread roots 0.370ms
[5.227s][info][gc,start    ] GC(44) Pause Final Update Refs
[5.227s][info][gc,task     ] GC(44) Using 6 of 6 workers for final reference update
[5.227s][info][gc          ] GC(44) Pause Final Update Refs 0.375ms
[5.227s][info][gc,start    ] GC(44) Concurrent cleanup
[5.228s][info][gc          ] GC(44) Concurrent cleanup 553M->346M(1024M) 0.112ms
[5.228s][info][gc,ergo     ] Free: 625M, Max: 512K regular, 127M humongous, Frag: 80% external, 31% internal; Reserve: 52736K, Max: 512K
[5.228s][info][gc,stats    ] 
[5.228s][info][gc,stats    ] All times are wall-clock times, except per-root-class counters, that are sum over
[5.228s][info][gc,stats    ] all workers. Dividing the <total> over the root stage time estimates parallelism.
[5.228s][info][gc,stats    ] 
[5.228s][info][gc,stats    ] Concurrent Reset                   3229 us
[5.228s][info][gc,stats    ] Pause Init Mark (G)                 466 us
[5.228s][info][gc,stats    ] Pause Init Mark (N)                 167 us
[5.228s][info][gc,stats    ]   Update Region States              107 us
[5.228s][info][gc,stats    ] Concurrent Mark Roots               469 us, parallelism: 0.85x
[5.228s][info][gc,stats    ]   CMR: <total>                      398 us
[5.228s][info][gc,stats    ]   CMR: Thread Roots                 229 us, workers (us):   0,  99, 130, ---, ---, ---, 
[5.228s][info][gc,stats    ]   CMR: VM Strong Roots               23 us, workers (us):   8,  11,   5, ---, ---, ---, 
[5.228s][info][gc,stats    ]   CMR: CLDG Roots                   146 us, workers (us): 146, ---, ---, ---, ---, ---, 
[5.228s][info][gc,stats    ] Concurrent Marking                 2511 us
[5.228s][info][gc,stats    ] Pause Final Mark (G)                627 us
[5.228s][info][gc,stats    ] Pause Final Mark (N)                518 us
[5.228s][info][gc,stats    ]   Finish Mark                       285 us
[5.228s][info][gc,stats    ]   Update Region States               89 us
[5.228s][info][gc,stats    ]   Choose Collection Set              85 us
[5.228s][info][gc,stats    ]   Rebuild Free Set                   19 us
[5.228s][info][gc,stats    ] Concurrent Thread Roots             251 us, parallelism: 0.66x
[5.228s][info][gc,stats    ]   CTR: <total>                      166 us
[5.228s][info][gc,stats    ]   CTR: Thread Roots                 166 us, workers (us):  87,  43,  36, ---, ---, ---, 
[5.228s][info][gc,stats    ] Concurrent Weak References           76 us, parallelism: 0.07x
[5.228s][info][gc,stats    ]   CWRF: <total>                       5 us
[5.228s][info][gc,stats    ]   CWRF: Weak References               5 us, workers (us):   5,   0,   0, ---, ---, ---, 
[5.228s][info][gc,stats    ] Concurrent Weak Roots               349 us
[5.228s][info][gc,stats    ]   Roots                             218 us, parallelism: 0.93x
[5.228s][info][gc,stats    ]     CWR: <total>                    202 us
[5.228s][info][gc,stats    ]     CWR: Code Cache Roots           171 us, workers (us):  75,  96,   0, ---, ---, ---, 
[5.228s][info][gc,stats    ]     CWR: VM Weak Roots               25 us, workers (us):  14,  11,   1, ---, ---, ---, 
[5.228s][info][gc,stats    ]     CWR: CLDG Roots                   6 us, workers (us):   6, ---, ---, ---, ---, ---, 
[5.228s][info][gc,stats    ]   Rendezvous                        110 us
[5.228s][info][gc,stats    ] Concurrent Cleanup                   76 us
[5.228s][info][gc,stats    ] Concurrent Class Unloading          435 us
[5.228s][info][gc,stats    ]   Unlink Stale                      283 us
[5.228s][info][gc,stats    ]     System Dictionary                 4 us
[5.228s][info][gc,stats    ]     Weak Class Links                  0 us
[5.228s][info][gc,stats    ]     Code Roots                      278 us
[5.228s][info][gc,stats    ]   Rendezvous                         65 us
[5.228s][info][gc,stats    ]   Purge Unlinked                     65 us
[5.228s][info][gc,stats    ]     Code Roots                       47 us
[5.228s][info][gc,stats    ]     CLDG                             18 us
[5.228s][info][gc,stats    ]     Exception Caches                  0 us
[5.228s][info][gc,stats    ] Concurrent Strong Roots             114 us, parallelism: 0.25x
[5.228s][info][gc,stats    ]   CSR: <total>                       29 us
[5.228s][info][gc,stats    ]   CSR: VM Strong Roots                3 us, workers (us):   3,   0,   0, ---, ---, ---, 
[5.228s][info][gc,stats    ]   CSR: CLDG Roots                    26 us, workers (us):  26, ---, ---, ---, ---, ---, 
[5.228s][info][gc,stats    ] Concurrent Evacuation             12723 us
[5.228s][info][gc,stats    ] Pause Init Update Refs (G)          416 us
[5.228s][info][gc,stats    ] Pause Init Update Refs (N)           52 us
[5.228s][info][gc,stats    ]   Manage GCLABs                       8 us
[5.228s][info][gc,stats    ] Concurrent Update Refs             3267 us
[5.228s][info][gc,stats    ] Concurrent Update Thread Roots      393 us
[5.228s][info][gc,stats    ] Pause Final Update Refs (G)         691 us
[5.228s][info][gc,stats    ] Pause Final Update Refs (N)         391 us
[5.228s][info][gc,stats    ]   Update Region States              255 us
[5.228s][info][gc,stats    ]   Trash Collection Set               26 us
[5.228s][info][gc,stats    ]   Rebuild Free Set                   63 us
[5.228s][info][gc,stats    ] Concurrent Cleanup                  119 us
[5.228s][info][gc,stats    ] Pacing                            10098 us
[5.228s][info][gc,stats    ] 
[5.228s][info][gc,stats    ] Allocation pacing accrued:
[5.228s][info][gc,stats    ]      10 of    91 ms ( 11.1%): main
[5.228s][info][gc,stats    ]      10 of    91 ms ( 11.1%): <total>
[5.228s][info][gc,stats    ]       1 of    91 ms (  1.0%): <average total>
[5.228s][info][gc,stats    ]      10 of    91 ms ( 11.1%): <average non-zero>
[5.228s][info][gc,stats    ] 
[5.228s][info][gc,metaspace] Metaspace: 6358K(6528K)->6358K(6528K) NonClass: 5812K(5888K)->5812K(5888K) Class: 546K(640K)->546K(640K)
[5.228s][info][gc,ergo     ] Pacer for Idle. Initial: 20971K, Alloc Tax Rate: 1.0x
[5.292s][info][gc          ] Trigger: Average GC time (31.29 ms) is above the time for average allocation rate (3073 MB/s) to deplete free headroom (90668K) (margin of error = 1.80)
[5.293s][info][gc,ergo     ] Free headroom: 139M (free) - 52428K (spike) - 0B (penalties) = 90668K
[5.293s][info][gc,ergo     ] Free: 138M, Max: 512K regular, 127M humongous, Frag: 7% external, 30% internal; Reserve: 52736K, Max: 512K
[5.293s][info][gc,start    ] GC(45) Concurrent reset
[5.293s][info][gc,task     ] GC(45) Using 3 of 6 workers for concurrent reset
[5.293s][info][gc,ergo     ] GC(45) Pacer for Reset. Non-Taxable: 1024M
[5.296s][info][gc          ] GC(45) Concurrent reset 3.249ms
[5.296s][info][gc,start    ] GC(45) Pause Init Mark (unload classes)
[5.296s][info][gc,task     ] GC(45) Using 6 of 6 workers for init marking
[5.296s][info][gc,ergo     ] GC(45) Pacer for Mark. Expected Live: 196M, Free: 126M, Non-Taxable: 12906K, Alloc Tax Rate: 1.9x
[5.296s][info][gc          ] GC(45) Pause Init Mark (unload classes) 0.170ms
[5.296s][info][gc,start    ] GC(45) Concurrent marking roots
[5.296s][info][gc,task     ] GC(45) Using 3 of 6 workers for concurrent marking roots
[5.297s][info][gc          ] GC(45) Concurrent marking roots 0.245ms
[5.297s][info][gc,start    ] GC(45) Concurrent marking (unload classes)
[5.297s][info][gc,task     ] GC(45) Using 3 of 6 workers for concurrent marking
[5.299s][info][gc          ] GC(45) Concurrent marking (unload classes) 2.305ms
[5.299s][info][gc,start    ] GC(45) Pause Final Mark (unload classes)
[5.299s][info][gc,task     ] GC(45) Using 6 of 6 workers for final marking
[5.300s][info][gc,ergo     ] GC(45) Adaptive CSet Selection. Target Free: 145M, Actual Free: 542M, Max CSet: 43690K, Min Garbage: 0B
[5.300s][info][gc,ergo     ] GC(45) Collectable Garbage: 543M (85%), Immediate: 383M (60%), CSet: 160M (25%)
[5.300s][info][gc,ergo     ] GC(45) Pacer for Evacuation. Used CSet: 203M, Free: 505M, Non-Taxable: 51796K, Alloc Tax Rate: 1.1x
[5.300s][info][gc          ] GC(45) Pause Final Mark (unload classes) 0.590ms
[5.300s][info][gc,start    ] GC(45) Concurrent thread roots
[5.300s][info][gc,task     ] GC(45) Using 3 of 6 workers for Concurrent thread roots
[5.300s][info][gc          ] GC(45) Concurrent thread roots 0.200ms
[5.300s][info][gc,start    ] GC(45) Concurrent weak references
[5.300s][info][gc,task     ] GC(45) Using 3 of 6 workers for concurrent weak references
[5.300s][info][gc,ref      ] GC(45) Encountered references: Soft: 47, Weak: 146, Final: 0, Phantom: 3
[5.300s][info][gc,ref      ] GC(45) Discovered  references: Soft: 0, Weak: 80, Final: 0, Phantom: 2
[5.300s][info][gc,ref      ] GC(45) Enqueued    references: Soft: 0, Weak: 0, Final: 0, Phantom: 0
[5.300s][info][gc          ] GC(45) Concurrent weak references 0.134ms
[5.300s][info][gc,start    ] GC(45) Concurrent weak roots
[5.300s][info][gc,task     ] GC(45) Using 3 of 6 workers for concurrent weak root
[5.301s][info][gc          ] GC(45) Concurrent weak roots 0.375ms
[5.301s][info][gc,start    ] GC(45) Concurrent cleanup
[5.301s][info][gc          ] GC(45) Concurrent cleanup 850M->467M(1024M) 0.100ms
[5.301s][info][gc,ergo     ] GC(45) Free: 494M, Max: 512K regular, 138M humongous, Frag: 73% external, 0% internal; Reserve: 52722K, Max: 512K
[5.301s][info][gc,start    ] GC(45) Concurrent class unloading
[5.301s][info][gc,task     ] GC(45) Using 3 of 6 workers for concurrent class unloading
[5.302s][info][gc          ] GC(45) Concurrent class unloading 1.247ms
[5.302s][info][gc,start    ] GC(45) Concurrent strong roots
[5.302s][info][gc,task     ] GC(45) Using 3 of 6 workers for concurrent strong root
[5.302s][info][gc          ] GC(45) Concurrent strong roots 0.139ms
[5.302s][info][gc,start    ] GC(45) Concurrent evacuation
[5.302s][info][gc,task     ] GC(45) Using 3 of 6 workers for concurrent evacuation
[5.317s][info][gc          ] GC(45) Concurrent evacuation 14.997ms
[5.318s][info][gc,start    ] GC(45) Pause Init Update Refs
[5.318s][info][gc,ergo     ] GC(45) Pacer for Update Refs. Used: 569M, Free: 435M, Non-Taxable: 44643K, Alloc Tax Rate: 1.6x
[5.318s][info][gc          ] GC(45) Pause Init Update Refs 0.056ms
[5.318s][info][gc,start    ] GC(45) Concurrent update references
[5.318s][info][gc,task     ] GC(45) Using 3 of 6 workers for concurrent reference update
[5.321s][info][gc          ] GC(45) Concurrent update references 3.408ms
[5.321s][info][gc,start    ] GC(45) Concurrent update thread roots
[5.322s][info][gc          ] GC(45) Concurrent update thread roots 0.674ms
[5.322s][info][gc,start    ] GC(45) Pause Final Update Refs
[5.322s][info][gc,task     ] GC(45) Using 6 of 6 workers for final reference update
[5.323s][info][gc          ] GC(45) Pause Final Update Refs 0.350ms
[5.323s][info][gc,start    ] GC(45) Concurrent cleanup
[5.323s][info][gc          ] GC(45) Concurrent cleanup 594M->392M(1024M) 0.079ms
[5.323s][info][gc,ergo     ] Free: 579M, Max: 512K regular, 104M humongous, Frag: 82% external, 36% internal; Reserve: 52736K, Max: 512K
[5.323s][info][gc,stats    ] 
[5.323s][info][gc,stats    ] All times are wall-clock times, except per-root-class counters, that are sum over
[5.323s][info][gc,stats    ] all workers. Dividing the <total> over the root stage time estimates parallelism.
[5.323s][info][gc,stats    ] 
[5.323s][info][gc,stats    ] Concurrent Reset                   3339 us
[5.323s][info][gc,stats    ] Pause Init Mark (G)                 418 us
[5.323s][info][gc,stats    ] Pause Init Mark (N)                 175 us
[5.323s][info][gc,stats    ]   Update Region States              108 us
[5.323s][info][gc,stats    ] Concurrent Mark Roots               257 us, parallelism: 1.13x
[5.323s][info][gc,stats    ]   CMR: <total>                      290 us
[5.323s][info][gc,stats    ]   CMR: Thread Roots                 206 us, workers (us):  15, 115,  76, ---, ---, ---, 
[5.323s][info][gc,stats    ]   CMR: VM Strong Roots                8 us, workers (us):   7,   0,   0, ---, ---, ---, 
[5.323s][info][gc,stats    ]   CMR: CLDG Roots                    76 us, workers (us):  76, ---, ---, ---, ---, ---, 
[5.323s][info][gc,stats    ] Concurrent Marking                 2381 us
[5.323s][info][gc,stats    ] Pause Final Mark (G)                819 us
[5.323s][info][gc,stats    ] Pause Final Mark (N)                595 us
[5.323s][info][gc,stats    ]   Finish Mark                       300 us
[5.323s][info][gc,stats    ]   Update Region States               94 us
[5.323s][info][gc,stats    ]   Choose Collection Set              95 us
[5.323s][info][gc,stats    ]   Rebuild Free Set                   26 us
[5.323s][info][gc,stats    ] Concurrent Thread Roots             211 us, parallelism: 0.96x
[5.323s][info][gc,stats    ]   CTR: <total>                      202 us
[5.323s][info][gc,stats    ]   CTR: Thread Roots                 202 us, workers (us):  61,  75,  65, ---, ---, ---, 
[5.323s][info][gc,stats    ] Concurrent Weak References          137 us, parallelism: 0.14x
[5.323s][info][gc,stats    ]   CWRF: <total>                      20 us
[5.323s][info][gc,stats    ]   CWRF: Weak References              20 us, workers (us):  17,   3,   0, ---, ---, ---, 
[5.323s][info][gc,stats    ] Concurrent Weak Roots               385 us
[5.323s][info][gc,stats    ]   Roots                             264 us, parallelism: 1.20x
[5.323s][info][gc,stats    ]     CWR: <total>                    316 us
[5.323s][info][gc,stats    ]     CWR: Code Cache Roots           260 us, workers (us): 120,   0, 140, ---, ---, ---, 
[5.323s][info][gc,stats    ]     CWR: VM Weak Roots               43 us, workers (us):  28,  15,   1, ---, ---, ---, 
[5.323s][info][gc,stats    ]     CWR: CLDG Roots                  12 us, workers (us): ---,  12, ---, ---, ---, ---, 
[5.323s][info][gc,stats    ]   Rendezvous                        103 us
[5.323s][info][gc,stats    ] Concurrent Cleanup                  104 us
[5.323s][info][gc,stats    ] Concurrent Class Unloading         1291 us
[5.323s][info][gc,stats    ]   Unlink Stale                      961 us
[5.323s][info][gc,stats    ]     System Dictionary                 8 us
[5.323s][info][gc,stats    ]     Weak Class Links                  1 us
[5.323s][info][gc,stats    ]     Code Roots                      951 us
[5.323s][info][gc,stats    ]   Rendezvous                        102 us
[5.323s][info][gc,stats    ]   Purge Unlinked                    174 us
[5.323s][info][gc,stats    ]     Code Roots                      150 us
[5.323s][info][gc,stats    ]     CLDG                             23 us
[5.323s][info][gc,stats    ]     Exception Caches                  1 us
[5.323s][info][gc,stats    ] Concurrent Strong Roots             156 us, parallelism: 0.33x
[5.323s][info][gc,stats    ]   CSR: <total>                       52 us
[5.323s][info][gc,stats    ]   CSR: VM Strong Roots                7 us, workers (us):   6,   0,   0, ---, ---, ---, 
[5.323s][info][gc,stats    ]   CSR: CLDG Roots                    45 us, workers (us):  45, ---, ---, ---, ---, ---, 
[5.323s][info][gc,stats    ] Concurrent Evacuation             15129 us
[5.323s][info][gc,stats    ] Pause Init Update Refs (G)          466 us
[5.323s][info][gc,stats    ] Pause Init Update Refs (N)           62 us
[5.323s][info][gc,stats    ]   Manage GCLABs                       8 us
[5.323s][info][gc,stats    ] Concurrent Update Refs             3545 us
[5.323s][info][gc,stats    ] Concurrent Update Thread Roots      699 us
[5.323s][info][gc,stats    ] Pause Final Update Refs (G)         604 us
[5.323s][info][gc,stats    ] Pause Final Update Refs (N)         367 us
[5.323s][info][gc,stats    ]   Update Region States              224 us
[5.323s][info][gc,stats    ]   Trash Collection Set               25 us
[5.323s][info][gc,stats    ]   Rebuild Free Set                   67 us
[5.323s][info][gc,stats    ] Concurrent Cleanup                   87 us
[5.323s][info][gc,stats    ] Pacing                              336 us
[5.323s][info][gc,stats    ] 
[5.323s][info][gc,stats    ] Allocation pacing accrued:
[5.323s][info][gc,stats    ]       0 of    95 ms (  0.4%): main
[5.323s][info][gc,stats    ]       0 of    95 ms (  0.4%): <total>
[5.323s][info][gc,stats    ]       0 of    95 ms (  0.0%): <average total>
[5.323s][info][gc,stats    ]       0 of    95 ms (  0.4%): <average non-zero>
[5.323s][info][gc,stats    ] 
[5.323s][info][gc,metaspace] Metaspace: 6358K(6528K)->6358K(6528K) NonClass: 5812K(5888K)->5812K(5888K) Class: 546K(640K)->546K(640K)
[5.323s][info][gc,ergo     ] Pacer for Idle. Initial: 20971K, Alloc Tax Rate: 1.0x
[5.366s][info][gc          ] Trigger: Average GC time (32.88 ms) is above the time for average allocation rate (3074 MB/s) to deplete free headroom (88205K) (margin of error = 1.81)
[5.366s][info][gc,ergo     ] Free headroom: 137M (free) - 52428K (spike) - 0B (penalties) = 88205K
[5.366s][info][gc,ergo     ] Free: 136M, Max: 512K regular, 104M humongous, Frag: 24% external, 16% internal; Reserve: 52736K, Max: 512K
[5.366s][info][gc,start    ] GC(46) Concurrent reset
[5.366s][info][gc,task     ] GC(46) Using 3 of 6 workers for concurrent reset
[5.366s][info][gc,ergo     ] GC(46) Pacer for Reset. Non-Taxable: 1024M
[5.368s][info][gc          ] GC(46) Concurrent reset 2.043ms
[5.368s][info][gc,start    ] GC(46) Pause Init Mark (unload classes)
[5.368s][info][gc,task     ] GC(46) Using 6 of 6 workers for init marking
[5.369s][info][gc,ergo     ] GC(46) Pacer for Mark. Expected Live: 196M, Free: 125M, Non-Taxable: 12812K, Alloc Tax Rate: 1.9x
[5.369s][info][gc          ] GC(46) Pause Init Mark (unload classes) 0.127ms
[5.369s][info][gc,start    ] GC(46) Concurrent marking roots
[5.369s][info][gc,task     ] GC(46) Using 3 of 6 workers for concurrent marking roots
[5.369s][info][gc          ] GC(46) Concurrent marking roots 0.209ms
[5.369s][info][gc,start    ] GC(46) Concurrent marking (unload classes)
[5.369s][info][gc,task     ] GC(46) Using 3 of 6 workers for concurrent marking
[5.370s][info][gc          ] GC(46) Concurrent marking (unload classes) 1.593ms
[5.371s][info][gc,start    ] GC(46) Pause Final Mark (unload classes)
[5.371s][info][gc,task     ] GC(46) Using 6 of 6 workers for final marking
[5.371s][info][gc,ergo     ] GC(46) Adaptive CSet Selection. Target Free: 145M, Actual Free: 550M, Max CSet: 43690K, Min Garbage: 0B
[5.371s][info][gc,ergo     ] GC(46) Collectable Garbage: 544M (85%), Immediate: 388M (61%), CSet: 156M (24%)
[5.371s][info][gc,ergo     ] GC(46) Pacer for Evacuation. Used CSet: 198M, Free: 514M, Non-Taxable: 52654K, Alloc Tax Rate: 1.1x
[5.371s][info][gc          ] GC(46) Pause Final Mark (unload classes) 0.440ms
[5.371s][info][gc,start    ] GC(46) Concurrent thread roots
[5.371s][info][gc,task     ] GC(46) Using 3 of 6 workers for Concurrent thread roots
[5.371s][info][gc          ] GC(46) Concurrent thread roots 0.148ms
[5.371s][info][gc,start    ] GC(46) Concurrent weak references
[5.371s][info][gc,task     ] GC(46) Using 3 of 6 workers for concurrent weak references
[5.371s][info][gc,ref      ] GC(46) Encountered references: Soft: 47, Weak: 146, Final: 0, Phantom: 3
[5.371s][info][gc,ref      ] GC(46) Discovered  references: Soft: 0, Weak: 50, Final: 0, Phantom: 2
[5.371s][info][gc,ref      ] GC(46) Enqueued    references: Soft: 0, Weak: 0, Final: 0, Phantom: 0
[5.371s][info][gc          ] GC(46) Concurrent weak references 0.117ms
[5.371s][info][gc,start    ] GC(46) Concurrent weak roots
[5.371s][info][gc,task     ] GC(46) Using 3 of 6 workers for concurrent weak root
[5.372s][info][gc          ] GC(46) Concurrent weak roots 0.233ms
[5.372s][info][gc,start    ] GC(46) Concurrent cleanup
[5.372s][info][gc          ] GC(46) Concurrent cleanup 842M->454M(1024M) 0.063ms
[5.372s][info][gc,ergo     ] GC(46) Free: 514M, Max: 512K regular, 140M humongous, Frag: 73% external, 32% internal; Reserve: 52724K, Max: 512K
[5.372s][info][gc,start    ] GC(46) Concurrent class unloading
[5.372s][info][gc,task     ] GC(46) Using 3 of 6 workers for concurrent class unloading
[5.372s][info][gc          ] GC(46) Concurrent class unloading 0.377ms
[5.372s][info][gc,start    ] GC(46) Concurrent strong roots
[5.372s][info][gc,task     ] GC(46) Using 3 of 6 workers for concurrent strong root
[5.372s][info][gc          ] GC(46) Concurrent strong roots 0.110ms
[5.372s][info][gc,start    ] GC(46) Concurrent evacuation
[5.372s][info][gc,task     ] GC(46) Using 3 of 6 workers for concurrent evacuation
[5.379s][info][gc          ] GC(46) Concurrent evacuation 7.219ms
[5.379s][info][gc,start    ] GC(46) Pause Init Update Refs
[5.379s][info][gc,ergo     ] GC(46) Pacer for Update Refs. Used: 498M, Free: 514M, Non-Taxable: 52654K, Alloc Tax Rate: 1.2x
[5.379s][info][gc          ] GC(46) Pause Init Update Refs 0.026ms
[5.380s][info][gc,start    ] GC(46) Concurrent update references
[5.380s][info][gc,task     ] GC(46) Using 3 of 6 workers for concurrent reference update
[5.381s][info][gc          ] GC(46) Concurrent update references 1.880ms
[5.381s][info][gc,start    ] GC(46) Concurrent update thread roots
[5.382s][info][gc          ] GC(46) Concurrent update thread roots 0.275ms
[5.382s][info][gc,start    ] GC(46) Pause Final Update Refs
[5.382s][info][gc,task     ] GC(46) Using 6 of 6 workers for final reference update
[5.382s][info][gc          ] GC(46) Pause Final Update Refs 0.149ms
[5.382s][info][gc,start    ] GC(46) Concurrent cleanup
[5.382s][info][gc          ] GC(46) Concurrent cleanup 515M->317M(1024M) 0.053ms
[5.382s][info][gc,ergo     ] Free: 655M, Max: 512K regular, 118M humongous, Frag: 82% external, 28% internal; Reserve: 52736K, Max: 512K
[5.382s][info][gc,stats    ] 
[5.382s][info][gc,stats    ] All times are wall-clock times, except per-root-class counters, that are sum over
[5.382s][info][gc,stats    ] all workers. Dividing the <total> over the root stage time estimates parallelism.
[5.382s][info][gc,stats    ] 
[5.382s][info][gc,stats    ] Concurrent Reset                   2113 us
[5.382s][info][gc,stats    ] Pause Init Mark (G)                 425 us
[5.382s][info][gc,stats    ] Pause Init Mark (N)                 131 us
[5.382s][info][gc,stats    ]   Update Region States               84 us
[5.382s][info][gc,stats    ] Concurrent Mark Roots               220 us, parallelism: 0.95x
[5.382s][info][gc,stats    ]   CMR: <total>                      210 us
[5.382s][info][gc,stats    ]   CMR: Thread Roots                 151 us, workers (us):  46,  50,  55, ---, ---, ---, 
[5.382s][info][gc,stats    ]   CMR: VM Strong Roots                6 us, workers (us):   5,   0,   0, ---, ---, ---, 
[5.382s][info][gc,stats    ]   CMR: CLDG Roots                    53 us, workers (us):  53, ---, ---, ---, ---, ---, 
[5.382s][info][gc,stats    ] Concurrent Marking                 1610 us
[5.382s][info][gc,stats    ] Pause Final Mark (G)                514 us
[5.382s][info][gc,stats    ] Pause Final Mark (N)                443 us
[5.382s][info][gc,stats    ]   Finish Mark                       232 us
[5.382s][info][gc,stats    ]   Update Region States               74 us
[5.382s][info][gc,stats    ]   Choose Collection Set              70 us
[5.382s][info][gc,stats    ]   Rebuild Free Set                   16 us
[5.382s][info][gc,stats    ] Concurrent Thread Roots             158 us, parallelism: 0.61x
[5.382s][info][gc,stats    ]   CTR: <total>                       97 us
[5.382s][info][gc,stats    ]   CTR: Thread Roots                  97 us, workers (us):  65,  30,   2, ---, ---, ---, 
[5.382s][info][gc,stats    ] Concurrent Weak References          120 us, parallelism: 0.03x
[5.382s][info][gc,stats    ]   CWRF: <total>                       3 us
[5.382s][info][gc,stats    ]   CWRF: Weak References               3 us, workers (us):   3,   0,   0, ---, ---, ---, 
[5.382s][info][gc,stats    ] Concurrent Weak Roots               243 us
[5.382s][info][gc,stats    ]   Roots                             173 us, parallelism: 0.88x
[5.382s][info][gc,stats    ]     CWR: <total>                    153 us
[5.382s][info][gc,stats    ]     CWR: Code Cache Roots           133 us, workers (us):  56,  76,   0, ---, ---, ---, 
[5.382s][info][gc,stats    ]     CWR: VM Weak Roots               17 us, workers (us):  14,   3,   1, ---, ---, ---, 
[5.382s][info][gc,stats    ]     CWR: CLDG Roots                   3 us, workers (us):   3, ---, ---, ---, ---, ---, 
[5.382s][info][gc,stats    ]   Rendezvous                         53 us
[5.382s][info][gc,stats    ] Concurrent Cleanup                   67 us
[5.382s][info][gc,stats    ] Concurrent Class Unloading          385 us
[5.382s][info][gc,stats    ]   Unlink Stale                      240 us
[5.382s][info][gc,stats    ]     System Dictionary                 3 us
[5.382s][info][gc,stats    ]     Weak Class Links                  0 us
[5.382s][info][gc,stats    ]     Code Roots                      237 us
[5.382s][info][gc,stats    ]   Rendezvous                         50 us
[5.382s][info][gc,stats    ]   Purge Unlinked                     79 us
[5.382s][info][gc,stats    ]     Code Roots                       65 us
[5.382s][info][gc,stats    ]     CLDG                             14 us
[5.382s][info][gc,stats    ]     Exception Caches                  0 us
[5.382s][info][gc,stats    ] Concurrent Strong Roots             118 us, parallelism: 0.15x
[5.382s][info][gc,stats    ]   CSR: <total>                       18 us
[5.382s][info][gc,stats    ]   CSR: VM Strong Roots                3 us, workers (us):   3,   0,   0, ---, ---, ---, 
[5.382s][info][gc,stats    ]   CSR: CLDG Roots                    15 us, workers (us):  15, ---, ---, ---, ---, ---, 
[5.382s][info][gc,stats    ] Concurrent Evacuation              7254 us
[5.382s][info][gc,stats    ] Pause Init Update Refs (G)          149 us
[5.382s][info][gc,stats    ] Pause Init Update Refs (N)           30 us
[5.382s][info][gc,stats    ]   Manage GCLABs                       3 us
[5.382s][info][gc,stats    ] Concurrent Update Refs             1921 us
[5.382s][info][gc,stats    ] Concurrent Update Thread Roots      292 us
[5.382s][info][gc,stats    ] Pause Final Update Refs (G)         342 us
[5.382s][info][gc,stats    ] Pause Final Update Refs (N)         158 us
[5.382s][info][gc,stats    ]   Update Region States               97 us
[5.382s][info][gc,stats    ]   Trash Collection Set               11 us
[5.382s][info][gc,stats    ]   Rebuild Free Set                   20 us
[5.382s][info][gc,stats    ] Concurrent Cleanup                   58 us
[5.382s][info][gc,stats    ] Pacing                             9946 us
[5.382s][info][gc,stats    ] 
[5.382s][info][gc,stats    ] Allocation pacing accrued:
[5.382s][info][gc,stats    ]      10 of    59 ms ( 16.7%): main
[5.382s][info][gc,stats    ]      10 of    59 ms ( 16.7%): <total>
[5.382s][info][gc,stats    ]       1 of    59 ms (  1.5%): <average total>
[5.382s][info][gc,stats    ]      10 of    59 ms ( 16.7%): <average non-zero>
[5.382s][info][gc,stats    ] 
[5.382s][info][gc,metaspace] Metaspace: 6358K(6528K)->6358K(6528K) NonClass: 5812K(5888K)->5812K(5888K) Class: 546K(640K)->546K(640K)
[5.382s][info][gc,ergo     ] Pacer for Idle. Initial: 20971K, Alloc Tax Rate: 1.0x
[5.417s][info][gc          ] Trigger: Average GC time (33.78 ms) is above the time for average allocation rate (3073 MB/s) to deplete free headroom (102029K) (margin of error = 1.80)
[5.417s][info][gc,ergo     ] Free headroom: 150M (free) - 52428K (spike) - 0B (penalties) = 102029K
[5.417s][info][gc,ergo     ] Free: 150M, Max: 512K regular, 118M humongous, Frag: 20% external, 26% internal; Reserve: 52736K, Max: 512K
[5.417s][info][gc,start    ] GC(47) Concurrent reset
[5.417s][info][gc,task     ] GC(47) Using 3 of 6 workers for concurrent reset
[5.417s][info][gc,ergo     ] GC(47) Pacer for Reset. Non-Taxable: 1024M
[5.420s][info][gc          ] GC(47) Concurrent reset 2.539ms
[5.420s][info][gc,start    ] GC(47) Pause Init Mark (unload classes)
[5.420s][info][gc,task     ] GC(47) Using 6 of 6 workers for init marking
[5.420s][info][gc,ergo     ] GC(47) Pacer for Mark. Expected Live: 196M, Free: 138M, Non-Taxable: 14153K, Alloc Tax Rate: 1.7x
[5.420s][info][gc          ] GC(47) Pause Init Mark (unload classes) 0.288ms
[5.420s][info][gc,start    ] GC(47) Concurrent marking roots
[5.420s][info][gc,task     ] GC(47) Using 3 of 6 workers for concurrent marking roots
[5.421s][info][gc          ] GC(47) Concurrent marking roots 0.384ms
[5.421s][info][gc,start    ] GC(47) Concurrent marking (unload classes)
[5.421s][info][gc,task     ] GC(47) Using 3 of 6 workers for concurrent marking
[5.423s][info][gc          ] GC(47) Concurrent marking (unload classes) 2.355ms
[5.423s][info][gc,start    ] GC(47) Pause Final Mark (unload classes)
[5.423s][info][gc,task     ] GC(47) Using 6 of 6 workers for final marking
[5.424s][info][gc,ergo     ] GC(47) Adaptive CSet Selection. Target Free: 145M, Actual Free: 542M, Max CSet: 43690K, Min Garbage: 0B
[5.424s][info][gc,ergo     ] GC(47) Collectable Garbage: 528M (85%), Immediate: 367M (59%), CSet: 160M (25%)
[5.424s][info][gc,ergo     ] GC(47) Pacer for Evacuation. Used CSet: 203M, Free: 505M, Non-Taxable: 51749K, Alloc Tax Rate: 1.1x
[5.424s][info][gc          ] GC(47) Pause Final Mark (unload classes) 0.544ms
[5.424s][info][gc,start    ] GC(47) Concurrent thread roots
[5.424s][info][gc,task     ] GC(47) Using 3 of 6 workers for Concurrent thread roots
[5.424s][info][gc          ] GC(47) Concurrent thread roots 0.153ms
[5.424s][info][gc,start    ] GC(47) Concurrent weak references
[5.424s][info][gc,task     ] GC(47) Using 3 of 6 workers for concurrent weak references
[5.424s][info][gc,ref      ] GC(47) Encountered references: Soft: 47, Weak: 146, Final: 0, Phantom: 3
[5.424s][info][gc,ref      ] GC(47) Discovered  references: Soft: 0, Weak: 48, Final: 0, Phantom: 2
[5.424s][info][gc,ref      ] GC(47) Enqueued    references: Soft: 0, Weak: 0, Final: 0, Phantom: 0
[5.424s][info][gc          ] GC(47) Concurrent weak references 0.056ms
[5.424s][info][gc,start    ] GC(47) Concurrent weak roots
[5.424s][info][gc,task     ] GC(47) Using 3 of 6 workers for concurrent weak root
[5.424s][info][gc          ] GC(47) Concurrent weak roots 0.284ms
[5.424s][info][gc,start    ] GC(47) Concurrent cleanup
[5.424s][info][gc          ] GC(47) Concurrent cleanup 830M->462M(1024M) 0.058ms
[5.424s][info][gc,ergo     ] GC(47) Free: 505M, Max: 512K regular, 155M humongous, Frag: 69% external, 33% internal; Reserve: 52724K, Max: 512K
[5.424s][info][gc,start    ] GC(47) Concurrent class unloading
[5.424s][info][gc,task     ] GC(47) Using 3 of 6 workers for concurrent class unloading
[5.425s][info][gc          ] GC(47) Concurrent class unloading 0.358ms
[5.425s][info][gc,start    ] GC(47) Concurrent strong roots
[5.425s][info][gc,task     ] GC(47) Using 3 of 6 workers for concurrent strong root
[5.425s][info][gc          ] GC(47) Concurrent strong roots 0.111ms
[5.425s][info][gc,start    ] GC(47) Concurrent evacuation
[5.425s][info][gc,task     ] GC(47) Using 3 of 6 workers for concurrent evacuation
[5.433s][info][gc          ] GC(47) Concurrent evacuation 8.252ms
[5.433s][info][gc,start    ] GC(47) Pause Init Update Refs
[5.433s][info][gc,ergo     ] GC(47) Pacer for Update Refs. Used: 517M, Free: 494M, Non-Taxable: 50674K, Alloc Tax Rate: 1.3x
[5.433s][info][gc          ] GC(47) Pause Init Update Refs 0.032ms
[5.434s][info][gc,start    ] GC(47) Concurrent update references
[5.434s][info][gc,task     ] GC(47) Using 3 of 6 workers for concurrent reference update
[5.436s][info][gc          ] GC(47) Concurrent update references 2.535ms
[5.436s][info][gc,start    ] GC(47) Concurrent update thread roots
[5.437s][info][gc          ] GC(47) Concurrent update thread roots 0.279ms
[5.437s][info][gc,start    ] GC(47) Pause Final Update Refs
[5.437s][info][gc,task     ] GC(47) Using 6 of 6 workers for final reference update
[5.437s][info][gc          ] GC(47) Pause Final Update Refs 0.272ms
[5.437s][info][gc,start    ] GC(47) Concurrent cleanup
[5.437s][info][gc          ] GC(47) Concurrent cleanup 538M->335M(1024M) 0.048ms
[5.437s][info][gc,ergo     ] Free: 636M, Max: 512K regular, 124M humongous, Frag: 81% external, 30% internal; Reserve: 52736K, Max: 512K
[5.437s][info][gc,stats    ] 
[5.437s][info][gc,stats    ] All times are wall-clock times, except per-root-class counters, that are sum over
[5.437s][info][gc,stats    ] all workers. Dividing the <total> over the root stage time estimates parallelism.
[5.437s][info][gc,stats    ] 
[5.437s][info][gc,stats    ] Concurrent Reset                   2604 us
[5.437s][info][gc,stats    ] Pause Init Mark (G)                 629 us
[5.437s][info][gc,stats    ] Pause Init Mark (N)                 293 us
[5.437s][info][gc,stats    ]   Update Region States              240 us
[5.437s][info][gc,stats    ] Concurrent Mark Roots               410 us, parallelism: 1.40x
[5.437s][info][gc,stats    ]   CMR: <total>                      576 us
[5.437s][info][gc,stats    ]   CMR: Thread Roots                 420 us, workers (us):   4, 194, 222, ---, ---, ---, 
[5.437s][info][gc,stats    ]   CMR: VM Strong Roots                8 us, workers (us):   7,   0,   0, ---, ---, ---, 
[5.437s][info][gc,stats    ]   CMR: CLDG Roots                   148 us, workers (us): 148, ---, ---, ---, ---, ---, 
[5.437s][info][gc,stats    ] Concurrent Marking                 2384 us
[5.437s][info][gc,stats    ] Pause Final Mark (G)                639 us
[5.437s][info][gc,stats    ] Pause Final Mark (N)                548 us
[5.437s][info][gc,stats    ]   Finish Mark                       316 us
[5.437s][info][gc,stats    ]   Update Region States              105 us
[5.437s][info][gc,stats    ]   Choose Collection Set              83 us
[5.437s][info][gc,stats    ]   Rebuild Free Set                   15 us
[5.437s][info][gc,stats    ] Concurrent Thread Roots             161 us, parallelism: 0.65x
[5.437s][info][gc,stats    ]   CTR: <total>                      105 us
[5.437s][info][gc,stats    ]   CTR: Thread Roots                 105 us, workers (us):  39,  30,  36, ---, ---, ---, 
[5.437s][info][gc,stats    ] Concurrent Weak References           59 us, parallelism: 0.06x
[5.437s][info][gc,stats    ]   CWRF: <total>                       4 us
[5.437s][info][gc,stats    ]   CWRF: Weak References               4 us, workers (us):   4,   0,   0, ---, ---, ---, 
[5.437s][info][gc,stats    ] Concurrent Weak Roots               295 us
[5.437s][info][gc,stats    ]   Roots                             177 us, parallelism: 1.39x
[5.437s][info][gc,stats    ]     CWR: <total>                    247 us
[5.437s][info][gc,stats    ]     CWR: Code Cache Roots           203 us, workers (us):  98, 105,   0, ---, ---, ---, 
[5.437s][info][gc,stats    ]     CWR: VM Weak Roots               19 us, workers (us):  16,   3,   0, ---, ---, ---, 
[5.437s][info][gc,stats    ]     CWR: CLDG Roots                  24 us, workers (us):  24, ---, ---, ---, ---, ---, 
[5.437s][info][gc,stats    ]   Rendezvous                         99 us
[5.437s][info][gc,stats    ] Concurrent Cleanup                   62 us
[5.437s][info][gc,stats    ] Concurrent Class Unloading          366 us
[5.437s][info][gc,stats    ]   Unlink Stale                      251 us
[5.437s][info][gc,stats    ]     System Dictionary                 3 us
[5.437s][info][gc,stats    ]     Weak Class Links                  0 us
[5.437s][info][gc,stats    ]     Code Roots                      248 us
[5.437s][info][gc,stats    ]   Rendezvous                         50 us
[5.437s][info][gc,stats    ]   Purge Unlinked                     49 us
[5.437s][info][gc,stats    ]     Code Roots                       35 us
[5.437s][info][gc,stats    ]     CLDG                             14 us
[5.437s][info][gc,stats    ]     Exception Caches                  0 us
[5.437s][info][gc,stats    ] Concurrent Strong Roots             134 us, parallelism: 0.14x
[5.437s][info][gc,stats    ]   CSR: <total>                       18 us
[5.437s][info][gc,stats    ]   CSR: VM Strong Roots                2 us, workers (us):   2,   0,   0, ---, ---, ---, 
[5.437s][info][gc,stats    ]   CSR: CLDG Roots                    16 us, workers (us):  16, ---, ---, ---, ---, ---, 
[5.437s][info][gc,stats    ] Concurrent Evacuation              8351 us
[5.437s][info][gc,stats    ] Pause Init Update Refs (G)          384 us
[5.437s][info][gc,stats    ] Pause Init Update Refs (N)           36 us
[5.438s][info][gc,stats    ]   Manage GCLABs                       4 us
[5.438s][info][gc,stats    ] Concurrent Update Refs             2668 us
[5.438s][info][gc,stats    ] Concurrent Update Thread Roots      294 us
[5.438s][info][gc,stats    ] Pause Final Update Refs (G)         491 us
[5.438s][info][gc,stats    ] Pause Final Update Refs (N)         283 us
[5.438s][info][gc,stats    ]   Update Region States              222 us
[5.438s][info][gc,stats    ]   Trash Collection Set                9 us
[5.438s][info][gc,stats    ]   Rebuild Free Set                   18 us
[5.438s][info][gc,stats    ] Concurrent Cleanup                   70 us
[5.438s][info][gc,stats    ] Pacing                             8805 us
[5.438s][info][gc,stats    ] 
[5.438s][info][gc,stats    ] Allocation pacing accrued:
[5.438s][info][gc,stats    ]       9 of    55 ms ( 16.0%): main
[5.438s][info][gc,stats    ]       9 of    55 ms ( 16.0%): <total>
[5.438s][info][gc,stats    ]       1 of    55 ms (  1.5%): <average total>
[5.438s][info][gc,stats    ]       9 of    55 ms ( 16.0%): <average non-zero>
[5.438s][info][gc,stats    ] 
[5.438s][info][gc,metaspace] Metaspace: 6358K(6528K)->6358K(6528K) NonClass: 5812K(5888K)->5812K(5888K) Class: 546K(640K)->546K(640K)
[5.438s][info][gc,ergo     ] Pacer for Idle. Initial: 20971K, Alloc Tax Rate: 1.0x
[5.480s][info][gc          ] Trigger: Average GC time (29.51 ms) is above the time for average allocation rate (3072 MB/s) to deplete free headroom (81468K) (margin of error = 1.79)
[5.480s][info][gc,ergo     ] Free headroom: 130M (free) - 52428K (spike) - 0B (penalties) = 81468K
[5.480s][info][gc,ergo     ] Free: 129M, Max: 512K regular, 124M humongous, Frag: 4% external, 9% internal; Reserve: 52736K, Max: 512K
[5.480s][info][gc,start    ] GC(48) Concurrent reset
[5.480s][info][gc,task     ] GC(48) Using 3 of 6 workers for concurrent reset
[5.480s][info][gc,ergo     ] GC(48) Pacer for Reset. Non-Taxable: 1024M
[5.482s][info][gc          ] GC(48) Concurrent reset 2.266ms
[5.482s][info][gc,start    ] GC(48) Pause Init Mark (unload classes)
[5.482s][info][gc,task     ] GC(48) Using 6 of 6 workers for init marking
[5.482s][info][gc,ergo     ] GC(48) Pacer for Mark. Expected Live: 196M, Free: 120M, Non-Taxable: 12307K, Alloc Tax Rate: 2.0x
[5.482s][info][gc          ] GC(48) Pause Init Mark (unload classes) 0.131ms
[5.482s][info][gc,start    ] GC(48) Concurrent marking roots
[5.483s][info][gc,task     ] GC(48) Using 3 of 6 workers for concurrent marking roots
[5.483s][info][gc          ] GC(48) Concurrent marking roots 0.223ms
[5.483s][info][gc,start    ] GC(48) Concurrent marking (unload classes)
[5.483s][info][gc,task     ] GC(48) Using 3 of 6 workers for concurrent marking
[5.485s][info][gc          ] GC(48) Concurrent marking (unload classes) 1.801ms
[5.485s][info][gc,start    ] GC(48) Pause Final Mark (unload classes)
[5.485s][info][gc,task     ] GC(48) Using 6 of 6 workers for final marking
[5.485s][info][gc,ergo     ] GC(48) Adaptive CSet Selection. Target Free: 145M, Actual Free: 548M, Max CSet: 43690K, Min Garbage: 0B
[5.485s][info][gc,ergo     ] GC(48) Collectable Garbage: 547M (85%), Immediate: 389M (60%), CSet: 158M (24%)
[5.485s][info][gc,ergo     ] GC(48) Pacer for Evacuation. Used CSet: 201M, Free: 511M, Non-Taxable: 52332K, Alloc Tax Rate: 1.1x
[5.485s][info][gc          ] GC(48) Pause Final Mark (unload classes) 0.442ms
[5.485s][info][gc,start    ] GC(48) Concurrent thread roots
[5.485s][info][gc,task     ] GC(48) Using 3 of 6 workers for Concurrent thread roots
[5.485s][info][gc          ] GC(48) Concurrent thread roots 0.203ms
[5.485s][info][gc,start    ] GC(48) Concurrent weak references
[5.485s][info][gc,task     ] GC(48) Using 3 of 6 workers for concurrent weak references
[5.485s][info][gc,ref      ] GC(48) Encountered references: Soft: 47, Weak: 146, Final: 0, Phantom: 3
[5.485s][info][gc,ref      ] GC(48) Discovered  references: Soft: 0, Weak: 48, Final: 0, Phantom: 2
[5.485s][info][gc,ref      ] GC(48) Enqueued    references: Soft: 0, Weak: 0, Final: 0, Phantom: 0
[5.485s][info][gc          ] GC(48) Concurrent weak references 0.075ms
[5.485s][info][gc,start    ] GC(48) Concurrent weak roots
[5.485s][info][gc,task     ] GC(48) Using 3 of 6 workers for concurrent weak root
[5.486s][info][gc          ] GC(48) Concurrent weak roots 0.252ms
[5.486s][info][gc,start    ] GC(48) Concurrent cleanup
[5.486s][info][gc          ] GC(48) Concurrent cleanup 846M->457M(1024M) 0.086ms
[5.486s][info][gc,ergo     ] GC(48) Free: 511M, Max: 512K regular, 141M humongous, Frag: 72% external, 32% internal; Reserve: 52722K, Max: 512K
[5.486s][info][gc,start    ] GC(48) Concurrent class unloading
[5.486s][info][gc,task     ] GC(48) Using 3 of 6 workers for concurrent class unloading
[5.486s][info][gc          ] GC(48) Concurrent class unloading 0.625ms
[5.486s][info][gc,start    ] GC(48) Concurrent strong roots
[5.486s][info][gc,task     ] GC(48) Using 3 of 6 workers for concurrent strong root
[5.487s][info][gc          ] GC(48) Concurrent strong roots 0.140ms
[5.487s][info][gc,start    ] GC(48) Concurrent evacuation
[5.487s][info][gc,task     ] GC(48) Using 3 of 6 workers for concurrent evacuation
[5.500s][info][gc          ] GC(48) Concurrent evacuation 13.737ms
[5.501s][info][gc,start    ] GC(48) Pause Init Update Refs
[5.501s][info][gc,ergo     ] GC(48) Pacer for Update Refs. Used: 527M, Free: 485M, Non-Taxable: 49678K, Alloc Tax Rate: 1.3x
[5.501s][info][gc          ] GC(48) Pause Init Update Refs 0.074ms
[5.501s][info][gc,start    ] GC(48) Concurrent update references
[5.501s][info][gc,task     ] GC(48) Using 3 of 6 workers for concurrent reference update
[5.505s][info][gc          ] GC(48) Concurrent update references 3.597ms
[5.505s][info][gc,start    ] GC(48) Concurrent update thread roots
[5.505s][info][gc          ] GC(48) Concurrent update thread roots 0.679ms
[5.506s][info][gc,start    ] GC(48) Pause Final Update Refs
[5.506s][info][gc,task     ] GC(48) Using 6 of 6 workers for final reference update
[5.506s][info][gc          ] GC(48) Pause Final Update Refs 0.251ms
[5.506s][info][gc,start    ] GC(48) Concurrent cleanup
[5.506s][info][gc          ] GC(48) Concurrent cleanup 551M->351M(1024M) 0.110ms
[5.506s][info][gc,ergo     ] Free: 620M, Max: 512K regular, 107M humongous, Frag: 83% external, 32% internal; Reserve: 52736K, Max: 512K
[5.506s][info][gc,stats    ] 
[5.506s][info][gc,stats    ] All times are wall-clock times, except per-root-class counters, that are sum over
[5.506s][info][gc,stats    ] all workers. Dividing the <total> over the root stage time estimates parallelism.
[5.506s][info][gc,stats    ] 
[5.506s][info][gc,stats    ] Concurrent Reset                   2341 us
[5.506s][info][gc,stats    ] Pause Init Mark (G)                 393 us
[5.506s][info][gc,stats    ] Pause Init Mark (N)                 136 us
[5.506s][info][gc,stats    ]   Update Region States               90 us
[5.506s][info][gc,stats    ] Concurrent Mark Roots               233 us, parallelism: 1.00x
[5.506s][info][gc,stats    ]   CMR: <total>                      232 us
[5.506s][info][gc,stats    ]   CMR: Thread Roots                 161 us, workers (us):  53,  59,  49, ---, ---, ---, 
[5.506s][info][gc,stats    ]   CMR: VM Strong Roots                6 us, workers (us):   6,   0,   0, ---, ---, ---, 
[5.506s][info][gc,stats    ]   CMR: CLDG Roots                    65 us, workers (us):  65, ---, ---, ---, ---, ---, 
[5.506s][info][gc,stats    ] Concurrent Marking                 1852 us
[5.506s][info][gc,stats    ] Pause Final Mark (G)                524 us
[5.506s][info][gc,stats    ] Pause Final Mark (N)                447 us
[5.506s][info][gc,stats    ]   Finish Mark                       234 us
[5.506s][info][gc,stats    ]   Update Region States               81 us
[5.506s][info][gc,stats    ]   Choose Collection Set              79 us
[5.506s][info][gc,stats    ]   Rebuild Free Set                   17 us
[5.506s][info][gc,stats    ] Concurrent Thread Roots             213 us, parallelism: 0.90x
[5.506s][info][gc,stats    ]   CTR: <total>                      193 us
[5.506s][info][gc,stats    ]   CTR: Thread Roots                 193 us, workers (us):  97,  52,  43, ---, ---, ---, 
[5.506s][info][gc,stats    ] Concurrent Weak References           78 us, parallelism: 0.08x
[5.506s][info][gc,stats    ]   CWRF: <total>                       7 us
[5.506s][info][gc,stats    ]   CWRF: Weak References               7 us, workers (us):   6,   0,   0, ---, ---, ---, 
[5.506s][info][gc,stats    ] Concurrent Weak Roots               265 us
[5.506s][info][gc,stats    ]   Roots                             181 us, parallelism: 1.16x
[5.506s][info][gc,stats    ]     CWR: <total>                    210 us
[5.506s][info][gc,stats    ]     CWR: Code Cache Roots           178 us, workers (us): 100,  79,   0, ---, ---, ---, 
[5.506s][info][gc,stats    ]     CWR: VM Weak Roots               25 us, workers (us):  18,   6,   1, ---, ---, ---, 
[5.506s][info][gc,stats    ]     CWR: CLDG Roots                   6 us, workers (us): ---,   6, ---, ---, ---, ---, 
[5.506s][info][gc,stats    ]   Rendezvous                         62 us
[5.506s][info][gc,stats    ] Concurrent Cleanup                   91 us
[5.506s][info][gc,stats    ] Concurrent Class Unloading          647 us
[5.506s][info][gc,stats    ]   Unlink Stale                      411 us
[5.506s][info][gc,stats    ]     System Dictionary                 8 us
[5.506s][info][gc,stats    ]     Weak Class Links                  0 us
[5.506s][info][gc,stats    ]     Code Roots                      402 us
[5.506s][info][gc,stats    ]   Rendezvous                         79 us
[5.506s][info][gc,stats    ]   Purge Unlinked                    126 us
[5.506s][info][gc,stats    ]     Code Roots                      103 us
[5.506s][info][gc,stats    ]     CLDG                             21 us
[5.506s][info][gc,stats    ]     Exception Caches                  1 us
[5.506s][info][gc,stats    ] Concurrent Strong Roots             153 us, parallelism: 0.28x
[5.506s][info][gc,stats    ]   CSR: <total>                       43 us
[5.506s][info][gc,stats    ]   CSR: VM Strong Roots                5 us, workers (us):   4,   0,   0, ---, ---, ---, 
[5.506s][info][gc,stats    ]   CSR: CLDG Roots                    38 us, workers (us):  38, ---, ---, ---, ---, ---, 
[5.506s][info][gc,stats    ] Concurrent Evacuation             13878 us
[5.506s][info][gc,stats    ] Pause Init Update Refs (G)          481 us
[5.506s][info][gc,stats    ] Pause Init Update Refs (N)           83 us
[5.506s][info][gc,stats    ]   Manage GCLABs                      11 us
[5.506s][info][gc,stats    ] Concurrent Update Refs             3724 us
[5.506s][info][gc,stats    ] Concurrent Update Thread Roots      723 us
[5.506s][info][gc,stats    ] Pause Final Update Refs (G)         513 us
[5.506s][info][gc,stats    ] Pause Final Update Refs (N)         262 us
[5.506s][info][gc,stats    ]   Update Region States              143 us
[5.506s][info][gc,stats    ]   Trash Collection Set               25 us
[5.506s][info][gc,stats    ]   Rebuild Free Set                   48 us
[5.506s][info][gc,stats    ] Concurrent Cleanup                  120 us
[5.506s][info][gc,stats    ] Pacing                             8326 us
[5.506s][info][gc,stats    ] 
[5.506s][info][gc,stats    ] Allocation pacing accrued:
[5.506s][info][gc,stats    ]       8 of    69 ms ( 12.1%): main
[5.506s][info][gc,stats    ]       8 of    69 ms ( 12.1%): <total>
[5.506s][info][gc,stats    ]       1 of    69 ms (  1.1%): <average total>
[5.506s][info][gc,stats    ]       8 of    69 ms ( 12.1%): <average non-zero>
[5.506s][info][gc,stats    ] 
[5.507s][info][gc,metaspace] Metaspace: 6358K(6528K)->6358K(6528K) NonClass: 5812K(5888K)->5812K(5888K) Class: 546K(640K)->546K(640K)
[5.507s][info][gc,ergo     ] Pacer for Idle. Initial: 20971K, Alloc Tax Rate: 1.0x
[5.553s][info][gc          ] Trigger: Average GC time (31.23 ms) is above the time for average allocation rate (3072 MB/s) to deplete free headroom (89367K) (margin of error = 1.79)
[5.553s][info][gc,ergo     ] Free headroom: 138M (free) - 52428K (spike) - 0B (penalties) = 89367K
[5.553s][info][gc,ergo     ] Free: 137M, Max: 512K regular, 107M humongous, Frag: 22% external, 32% internal; Reserve: 52736K, Max: 512K
[5.554s][info][gc,start    ] GC(49) Concurrent reset
[5.554s][info][gc,task     ] GC(49) Using 3 of 6 workers for concurrent reset
[5.554s][info][gc,ergo     ] GC(49) Pacer for Reset. Non-Taxable: 1024M
[5.556s][info][gc          ] GC(49) Concurrent reset 2.487ms
[5.556s][info][gc,start    ] GC(49) Pause Init Mark (unload classes)
[5.556s][info][gc,task     ] GC(49) Using 6 of 6 workers for init marking
[5.557s][info][gc,ergo     ] GC(49) Pacer for Mark. Expected Live: 196M, Free: 125M, Non-Taxable: 12881K, Alloc Tax Rate: 1.9x
[5.557s][info][gc          ] GC(49) Pause Init Mark (unload classes) 0.213ms
[5.557s][info][gc,start    ] GC(49) Concurrent marking roots
[5.557s][info][gc,task     ] GC(49) Using 3 of 6 workers for concurrent marking roots
[5.557s][info][gc          ] GC(49) Concurrent marking roots 0.208ms
[5.557s][info][gc,start    ] GC(49) Concurrent marking (unload classes)
[5.557s][info][gc,task     ] GC(49) Using 3 of 6 workers for concurrent marking
[5.559s][info][gc          ] GC(49) Concurrent marking (unload classes) 1.690ms
[5.559s][info][gc,start    ] GC(49) Pause Final Mark (unload classes)
[5.559s][info][gc,task     ] GC(49) Using 6 of 6 workers for final marking
[5.559s][info][gc,ergo     ] GC(49) Adaptive CSet Selection. Target Free: 145M, Actual Free: 541M, Max CSet: 43690K, Min Garbage: 0B
[5.559s][info][gc,ergo     ] GC(49) Collectable Garbage: 540M (85%), Immediate: 377M (59%), CSet: 162M (25%)
[5.559s][info][gc,ergo     ] GC(49) Pacer for Evacuation. Used CSet: 205M, Free: 504M, Non-Taxable: 51617K, Alloc Tax Rate: 1.1x
[5.559s][info][gc          ] GC(49) Pause Final Mark (unload classes) 0.415ms
[5.559s][info][gc,start    ] GC(49) Concurrent thread roots
[5.559s][info][gc,task     ] GC(49) Using 3 of 6 workers for Concurrent thread roots
[5.559s][info][gc          ] GC(49) Concurrent thread roots 0.171ms
[5.559s][info][gc,start    ] GC(49) Concurrent weak references
[5.559s][info][gc,task     ] GC(49) Using 3 of 6 workers for concurrent weak references
[5.559s][info][gc,ref      ] GC(49) Encountered references: Soft: 47, Weak: 146, Final: 0, Phantom: 3
[5.559s][info][gc,ref      ] GC(49) Discovered  references: Soft: 0, Weak: 51, Final: 0, Phantom: 2
[5.559s][info][gc,ref      ] GC(49) Enqueued    references: Soft: 0, Weak: 0, Final: 0, Phantom: 0
[5.559s][info][gc          ] GC(49) Concurrent weak references 0.111ms
[5.559s][info][gc,start    ] GC(49) Concurrent weak roots
[5.559s][info][gc,task     ] GC(49) Using 3 of 6 workers for concurrent weak root
[5.560s][info][gc          ] GC(49) Concurrent weak roots 0.253ms
[5.560s][info][gc,start    ] GC(49) Concurrent cleanup
[5.560s][info][gc          ] GC(49) Concurrent cleanup 841M->464M(1024M) 0.062ms
[5.560s][info][gc,ergo     ] GC(49) Free: 504M, Max: 512K regular, 139M humongous, Frag: 72% external, 33% internal; Reserve: 52718K, Max: 512K
[5.560s][info][gc,start    ] GC(49) Concurrent class unloading
[5.560s][info][gc,task     ] GC(49) Using 3 of 6 workers for concurrent class unloading
[5.560s][info][gc          ] GC(49) Concurrent class unloading 0.313ms
[5.560s][info][gc,start    ] GC(49) Concurrent strong roots
[5.560s][info][gc,task     ] GC(49) Using 3 of 6 workers for concurrent strong root
[5.560s][info][gc          ] GC(49) Concurrent strong roots 0.053ms
[5.560s][info][gc,start    ] GC(49) Concurrent evacuation
[5.560s][info][gc,task     ] GC(49) Using 3 of 6 workers for concurrent evacuation
[5.570s][info][gc          ] GC(49) Concurrent evacuation 9.959ms
[5.570s][info][gc,start    ] GC(49) Pause Init Update Refs
[5.570s][info][gc,ergo     ] GC(49) Pacer for Update Refs. Used: 533M, Free: 478M, Non-Taxable: 48951K, Alloc Tax Rate: 1.4x
[5.570s][info][gc          ] GC(49) Pause Init Update Refs 0.031ms
[5.570s][info][gc,start    ] GC(49) Concurrent update references
[5.570s][info][gc,task     ] GC(49) Using 3 of 6 workers for concurrent reference update
[5.573s][info][gc          ] GC(49) Concurrent update references 2.564ms
[5.573s][info][gc,start    ] GC(49) Concurrent update thread roots
[5.573s][info][gc          ] GC(49) Concurrent update thread roots 0.297ms
[5.574s][info][gc,start    ] GC(49) Pause Final Update Refs
[5.574s][info][gc,task     ] GC(49) Using 6 of 6 workers for final reference update
[5.574s][info][gc          ] GC(49) Pause Final Update Refs 0.241ms
[5.574s][info][gc,start    ] GC(49) Concurrent cleanup
[5.574s][info][gc          ] GC(49) Concurrent cleanup 560M->357M(1024M) 0.062ms
[5.574s][info][gc,ergo     ] Free: 614M, Max: 512K regular, 111M humongous, Frag: 82% external, 32% internal; Reserve: 52736K, Max: 512K
[5.574s][info][gc,stats    ] 
[5.574s][info][gc,stats    ] All times are wall-clock times, except per-root-class counters, that are sum over
[5.574s][info][gc,stats    ] all workers. Dividing the <total> over the root stage time estimates parallelism.
[5.574s][info][gc,stats    ] 
[5.574s][info][gc,stats    ] Concurrent Reset                   2549 us
[5.574s][info][gc,stats    ] Pause Init Mark (G)                 524 us
[5.574s][info][gc,stats    ] Pause Init Mark (N)                 218 us
[5.574s][info][gc,stats    ]   Update Region States              167 us
[5.574s][info][gc,stats    ] Concurrent Mark Roots               217 us, parallelism: 0.98x
[5.574s][info][gc,stats    ]   CMR: <total>                      212 us
[5.574s][info][gc,stats    ]   CMR: Thread Roots                 146 us, workers (us):  48,  55,  43, ---, ---, ---, 
[5.574s][info][gc,stats    ]   CMR: VM Strong Roots                8 us, workers (us):   7,   1,   0, ---, ---, ---, 
[5.574s][info][gc,stats    ]   CMR: CLDG Roots                    58 us, workers (us):  58, ---, ---, ---, ---, ---, 
[5.574s][info][gc,stats    ] Concurrent Marking                 1712 us
[5.574s][info][gc,stats    ] Pause Final Mark (G)                525 us
[5.574s][info][gc,stats    ] Pause Final Mark (N)                419 us
[5.574s][info][gc,stats    ]   Finish Mark                       220 us
[5.574s][info][gc,stats    ]   Update Region States               77 us
[5.574s][info][gc,stats    ]   Choose Collection Set              75 us
[5.574s][info][gc,stats    ]   Rebuild Free Set                   16 us
[5.574s][info][gc,stats    ] Concurrent Thread Roots             181 us, parallelism: 0.53x
[5.574s][info][gc,stats    ]   CTR: <total>                       96 us
[5.574s][info][gc,stats    ]   CTR: Thread Roots                  96 us, workers (us):  60,  36,   0, ---, ---, ---, 
[5.574s][info][gc,stats    ] Concurrent Weak References          114 us, parallelism: 0.03x
[5.574s][info][gc,stats    ]   CWRF: <total>                       4 us
[5.574s][info][gc,stats    ]   CWRF: Weak References               4 us, workers (us):   4,   0,   0, ---, ---, ---, 
[5.574s][info][gc,stats    ] Concurrent Weak Roots               263 us
[5.574s][info][gc,stats    ]   Roots                             152 us, parallelism: 0.84x
[5.574s][info][gc,stats    ]     CWR: <total>                    128 us
[5.574s][info][gc,stats    ]     CWR: Code Cache Roots           109 us, workers (us):  61,  48,   0, ---, ---, ---, 
[5.574s][info][gc,stats    ]     CWR: VM Weak Roots               16 us, workers (us):  15,   1,   1, ---, ---, ---, 
[5.574s][info][gc,stats    ]     CWR: CLDG Roots                   2 us, workers (us):   2, ---, ---, ---, ---, ---, 
[5.574s][info][gc,stats    ]   Rendezvous                         93 us
[5.574s][info][gc,stats    ] Concurrent Cleanup                   66 us
[5.574s][info][gc,stats    ] Concurrent Class Unloading          322 us
[5.574s][info][gc,stats    ]   Unlink Stale                      208 us
[5.574s][info][gc,stats    ]     System Dictionary                 2 us
[5.574s][info][gc,stats    ]     Weak Class Links                  0 us
[5.574s][info][gc,stats    ]     Code Roots                      204 us
[5.574s][info][gc,stats    ]   Rendezvous                         48 us
[5.574s][info][gc,stats    ]   Purge Unlinked                     50 us
[5.574s][info][gc,stats    ]     Code Roots                       37 us
[5.574s][info][gc,stats    ]     CLDG                             13 us
[5.574s][info][gc,stats    ]     Exception Caches                  0 us
[5.574s][info][gc,stats    ] Concurrent Strong Roots              61 us, parallelism: 0.30x
[5.574s][info][gc,stats    ]   CSR: <total>                       18 us
[5.574s][info][gc,stats    ]   CSR: VM Strong Roots                3 us, workers (us):   2,   0,   0, ---, ---, ---, 
[5.574s][info][gc,stats    ]   CSR: CLDG Roots                    16 us, workers (us):  16, ---, ---, ---, ---, ---, 
[5.574s][info][gc,stats    ] Concurrent Evacuation             10028 us
[5.574s][info][gc,stats    ] Pause Init Update Refs (G)          301 us
[5.574s][info][gc,stats    ] Pause Init Update Refs (N)           44 us
[5.574s][info][gc,stats    ]   Manage GCLABs                       3 us
[5.574s][info][gc,stats    ] Concurrent Update Refs             2630 us
[5.574s][info][gc,stats    ] Concurrent Update Thread Roots      314 us
[5.574s][info][gc,stats    ] Pause Final Update Refs (G)         501 us
[5.574s][info][gc,stats    ] Pause Final Update Refs (N)         254 us
[5.574s][info][gc,stats    ]   Update Region States              191 us
[5.574s][info][gc,stats    ]   Trash Collection Set                9 us
[5.574s][info][gc,stats    ]   Rebuild Free Set                   19 us
[5.574s][info][gc,stats    ] Concurrent Cleanup                   68 us
[5.574s][info][gc,stats    ] Pacing                             5593 us
[5.574s][info][gc,stats    ] 
[5.574s][info][gc,stats    ] Allocation pacing accrued:
[5.574s][info][gc,stats    ]       6 of    68 ms (  8.2%): main
[5.574s][info][gc,stats    ]       6 of    68 ms (  8.2%): <total>
[5.574s][info][gc,stats    ]       1 of    68 ms (  0.7%): <average total>
[5.574s][info][gc,stats    ]       6 of    68 ms (  8.2%): <average non-zero>
[5.574s][info][gc,stats    ] 
[5.574s][info][gc,metaspace] Metaspace: 6358K(6528K)->6358K(6528K) NonClass: 5812K(5888K)->5812K(5888K) Class: 546K(640K)->546K(640K)
[5.574s][info][gc,ergo     ] Pacer for Idle. Initial: 20971K, Alloc Tax Rate: 1.0x
[5.607s][info][gc          ] Trigger: Average GC time (28.15 ms) is above the time for average allocation rate (3072 MB/s) to deplete free headroom (84221K) (margin of error = 1.79)
[5.607s][info][gc,ergo     ] Free headroom: 133M (free) - 52428K (spike) - 0B (penalties) = 84221K
[5.607s][info][gc,ergo     ] Free: 132M, Max: 512K regular, 111M humongous, Frag: 16% external, 7% internal; Reserve: 52736K, Max: 512K
[5.607s][info][gc,start    ] GC(50) Concurrent reset
[5.607s][info][gc,task     ] GC(50) Using 3 of 6 workers for concurrent reset
[5.607s][info][gc,ergo     ] GC(50) Pacer for Reset. Non-Taxable: 1024M
[5.609s][info][gc          ] GC(50) Concurrent reset 2.072ms
[5.609s][info][gc,start    ] GC(50) Pause Init Mark (unload classes)
[5.609s][info][gc,task     ] GC(50) Using 6 of 6 workers for init marking
[5.609s][info][gc,ergo     ] GC(50) Pacer for Mark. Expected Live: 196M, Free: 119M, Non-Taxable: 12205K, Alloc Tax Rate: 2.0x
[5.609s][info][gc          ] GC(50) Pause Init Mark (unload classes) 0.131ms
[5.609s][info][gc,start    ] GC(50) Concurrent marking roots
[5.609s][info][gc,task     ] GC(50) Using 3 of 6 workers for concurrent marking roots
[5.610s][info][gc          ] GC(50) Concurrent marking roots 0.300ms
[5.610s][info][gc,start    ] GC(50) Concurrent marking (unload classes)
[5.610s][info][gc,task     ] GC(50) Using 3 of 6 workers for concurrent marking
[5.611s][info][gc          ] GC(50) Concurrent marking (unload classes) 1.475ms
[5.611s][info][gc,start    ] GC(50) Pause Final Mark (unload classes)
[5.611s][info][gc,task     ] GC(50) Using 6 of 6 workers for final marking
[5.612s][info][gc,ergo     ] GC(50) Adaptive CSet Selection. Target Free: 145M, Actual Free: 549M, Max CSet: 43690K, Min Garbage: 0B
[5.612s][info][gc,ergo     ] GC(50) Collectable Garbage: 550M (86%), Immediate: 390M (61%), CSet: 160M (25%)
[5.612s][info][gc,ergo     ] GC(50) Pacer for Evacuation. Used CSet: 202M, Free: 511M, Non-Taxable: 52416K, Alloc Tax Rate: 1.1x
[5.612s][info][gc          ] GC(50) Pause Final Mark (unload classes) 0.454ms
[5.612s][info][gc,start    ] GC(50) Concurrent thread roots
[5.612s][info][gc,task     ] GC(50) Using 3 of 6 workers for Concurrent thread roots
[5.612s][info][gc          ] GC(50) Concurrent thread roots 0.165ms
[5.612s][info][gc,start    ] GC(50) Concurrent weak references
[5.612s][info][gc,task     ] GC(50) Using 3 of 6 workers for concurrent weak references
[5.612s][info][gc,ref      ] GC(50) Encountered references: Soft: 47, Weak: 146, Final: 0, Phantom: 3
[5.612s][info][gc,ref      ] GC(50) Discovered  references: Soft: 0, Weak: 48, Final: 0, Phantom: 2
[5.612s][info][gc,ref      ] GC(50) Enqueued    references: Soft: 0, Weak: 0, Final: 0, Phantom: 0
[5.612s][info][gc          ] GC(50) Concurrent weak references 0.064ms
[5.612s][info][gc,start    ] GC(50) Concurrent weak roots
[5.612s][info][gc,task     ] GC(50) Using 3 of 6 workers for concurrent weak root
[5.612s][info][gc          ] GC(50) Concurrent weak roots 0.325ms
[5.612s][info][gc,start    ] GC(50) Concurrent cleanup
[5.612s][info][gc          ] GC(50) Concurrent cleanup 846M->456M(1024M) 0.070ms
[5.612s][info][gc,ergo     ] GC(50) Free: 511M, Max: 512K regular, 137M humongous, Frag: 73% external, 32% internal; Reserve: 52720K, Max: 512K
[5.612s][info][gc,start    ] GC(50) Concurrent class unloading
[5.612s][info][gc,task     ] GC(50) Using 3 of 6 workers for concurrent class unloading
[5.613s][info][gc          ] GC(50) Concurrent class unloading 0.503ms
[5.613s][info][gc,start    ] GC(50) Concurrent strong roots
[5.613s][info][gc,task     ] GC(50) Using 3 of 6 workers for concurrent strong root
[5.613s][info][gc          ] GC(50) Concurrent strong roots 0.108ms
[5.613s][info][gc,start    ] GC(50) Concurrent evacuation
[5.613s][info][gc,task     ] GC(50) Using 3 of 6 workers for concurrent evacuation
[5.621s][info][gc          ] GC(50) Concurrent evacuation 8.279ms
[5.622s][info][gc,start    ] GC(50) Pause Init Update Refs
[5.622s][info][gc,ergo     ] GC(50) Pacer for Update Refs. Used: 517M, Free: 494M, Non-Taxable: 50685K, Alloc Tax Rate: 1.3x
[5.622s][info][gc          ] GC(50) Pause Init Update Refs 0.024ms
[5.622s][info][gc,start    ] GC(50) Concurrent update references
[5.622s][info][gc,task     ] GC(50) Using 3 of 6 workers for concurrent reference update
[5.624s][info][gc          ] GC(50) Concurrent update references 2.461ms
[5.624s][info][gc,start    ] GC(50) Concurrent update thread roots
[5.625s][info][gc          ] GC(50) Concurrent update thread roots 0.302ms
[5.625s][info][gc,start    ] GC(50) Pause Final Update Refs
[5.625s][info][gc,task     ] GC(50) Using 6 of 6 workers for final reference update
[5.625s][info][gc          ] GC(50) Pause Final Update Refs 0.153ms
[5.625s][info][gc,start    ] GC(50) Concurrent cleanup
[5.625s][info][gc          ] GC(50) Concurrent cleanup 543M->342M(1024M) 0.058ms
[5.625s][info][gc,ergo     ] Free: 630M, Max: 512K regular, 106M humongous, Frag: 83% external, 31% internal; Reserve: 52736K, Max: 512K
[5.625s][info][gc,stats    ] 
[5.625s][info][gc,stats    ] All times are wall-clock times, except per-root-class counters, that are sum over
[5.625s][info][gc,stats    ] all workers. Dividing the <total> over the root stage time estimates parallelism.
[5.625s][info][gc,stats    ] 
[5.625s][info][gc,stats    ] Concurrent Reset                   2139 us
[5.625s][info][gc,stats    ] Pause Init Mark (G)                 449 us
[5.625s][info][gc,stats    ] Pause Init Mark (N)                 136 us
[5.625s][info][gc,stats    ]   Update Region States               91 us
[5.625s][info][gc,stats    ] Concurrent Mark Roots               316 us, parallelism: 0.83x
[5.625s][info][gc,stats    ]   CMR: <total>                      262 us
[5.625s][info][gc,stats    ]   CMR: Thread Roots                 183 us, workers (us):  48,  71,  64, ---, ---, ---, 
[5.625s][info][gc,stats    ]   CMR: VM Strong Roots                6 us, workers (us):   6,   0,   0, ---, ---, ---, 
[5.625s][info][gc,stats    ]   CMR: CLDG Roots                    72 us, workers (us):  72, ---, ---, ---, ---, ---, 
[5.625s][info][gc,stats    ] Concurrent Marking                 1488 us
[5.625s][info][gc,stats    ] Pause Final Mark (G)                588 us
[5.625s][info][gc,stats    ] Pause Final Mark (N)                458 us
[5.625s][info][gc,stats    ]   Finish Mark                       253 us
[5.625s][info][gc,stats    ]   Update Region States               78 us
[5.625s][info][gc,stats    ]   Choose Collection Set              80 us
[5.625s][info][gc,stats    ]   Rebuild Free Set                   17 us
[5.625s][info][gc,stats    ] Concurrent Thread Roots             176 us, parallelism: 0.52x
[5.625s][info][gc,stats    ]   CTR: <total>                       92 us
[5.625s][info][gc,stats    ]   CTR: Thread Roots                  92 us, workers (us):  62,  29,   0, ---, ---, ---, 
[5.625s][info][gc,stats    ] Concurrent Weak References           67 us, parallelism: 0.05x
[5.625s][info][gc,stats    ]   CWRF: <total>                       3 us
[5.625s][info][gc,stats    ]   CWRF: Weak References               3 us, workers (us):   3,   0,   0, ---, ---, ---, 
[5.625s][info][gc,stats    ] Concurrent Weak Roots               338 us
[5.625s][info][gc,stats    ]   Roots                             165 us, parallelism: 1.20x
[5.625s][info][gc,stats    ]     CWR: <total>                    199 us
[5.625s][info][gc,stats    ]     CWR: Code Cache Roots           176 us, workers (us):  70, 105,   0, ---, ---, ---, 
[5.625s][info][gc,stats    ]     CWR: VM Weak Roots               21 us, workers (us):  19,   1,   1, ---, ---, ---, 
[5.625s][info][gc,stats    ]     CWR: CLDG Roots                   2 us, workers (us):   2, ---, ---, ---, ---, ---, 
[5.625s][info][gc,stats    ]   Rendezvous                        152 us
[5.625s][info][gc,stats    ] Concurrent Cleanup                   75 us
[5.625s][info][gc,stats    ] Concurrent Class Unloading          514 us
[5.625s][info][gc,stats    ]   Unlink Stale                      299 us
[5.625s][info][gc,stats    ]     System Dictionary                 4 us
[5.625s][info][gc,stats    ]     Weak Class Links                  0 us
[5.625s][info][gc,stats    ]     Code Roots                      294 us
[5.625s][info][gc,stats    ]   Rendezvous                         93 us
[5.625s][info][gc,stats    ]   Purge Unlinked                    102 us
[5.625s][info][gc,stats    ]     Code Roots                       87 us
[5.625s][info][gc,stats    ]     CLDG                             15 us
[5.625s][info][gc,stats    ]     Exception Caches                  0 us
[5.625s][info][gc,stats    ] Concurrent Strong Roots             119 us, parallelism: 0.13x
[5.625s][info][gc,stats    ]   CSR: <total>                       15 us
[5.625s][info][gc,stats    ]   CSR: VM Strong Roots                2 us, workers (us):   2,   0,   0, ---, ---, ---, 
[5.625s][info][gc,stats    ]   CSR: CLDG Roots                    13 us, workers (us):  13, ---, ---, ---, ---, ---, 
[5.625s][info][gc,stats    ] Concurrent Evacuation              8347 us
[5.625s][info][gc,stats    ] Pause Init Update Refs (G)          310 us
[5.625s][info][gc,stats    ] Pause Init Update Refs (N)           28 us
[5.625s][info][gc,stats    ]   Manage GCLABs                       3 us
[5.625s][info][gc,stats    ] Concurrent Update Refs             2534 us
[5.625s][info][gc,stats    ] Concurrent Update Thread Roots      321 us
[5.625s][info][gc,stats    ] Pause Final Update Refs (G)         403 us
[5.625s][info][gc,stats    ] Pause Final Update Refs (N)         162 us
[5.625s][info][gc,stats    ]   Update Region States              101 us
[5.625s][info][gc,stats    ]   Trash Collection Set                9 us
[5.625s][info][gc,stats    ]   Rebuild Free Set                   21 us
[5.625s][info][gc,stats    ] Concurrent Cleanup                   63 us
[5.625s][info][gc,stats    ] Pacing                             7237 us
[5.625s][info][gc,stats    ] 
[5.625s][info][gc,stats    ] Allocation pacing accrued:
[5.625s][info][gc,stats    ]       7 of    51 ms ( 14.2%): main
[5.625s][info][gc,stats    ]       7 of    51 ms ( 14.2%): <total>
[5.625s][info][gc,stats    ]       1 of    51 ms (  1.3%): <average total>
[5.625s][info][gc,stats    ]       7 of    51 ms ( 14.2%): <average non-zero>
[5.625s][info][gc,stats    ] 
[5.625s][info][gc,metaspace] Metaspace: 6358K(6528K)->6358K(6528K) NonClass: 5812K(5888K)->5812K(5888K) Class: 546K(640K)->546K(640K)
[5.625s][info][gc,ergo     ] Pacer for Idle. Initial: 20971K, Alloc Tax Rate: 1.0x
[5.662s][info][gc          ] Trigger: Average GC time (25.63 ms) is above the time for average allocation rate (3071 MB/s) to deplete free headroom (76659K) (margin of error = 1.79)
[5.662s][info][gc,ergo     ] Free headroom: 126M (free) - 52428K (spike) - 0B (penalties) = 76659K
[5.662s][info][gc,ergo     ] Free: 125M, Max: 512K regular, 106M humongous, Frag: 14% external, 33% internal; Reserve: 52736K, Max: 512K
[5.662s][info][gc,start    ] GC(51) Concurrent reset
[5.662s][info][gc,task     ] GC(51) Using 3 of 6 workers for concurrent reset
[5.662s][info][gc,ergo     ] GC(51) Pacer for Reset. Non-Taxable: 1024M
[5.664s][info][gc          ] GC(51) Concurrent reset 2.069ms
[5.664s][info][gc,start    ] GC(51) Pause Init Mark (unload classes)
[5.664s][info][gc,task     ] GC(51) Using 6 of 6 workers for init marking
[5.665s][info][gc,ergo     ] GC(51) Pacer for Mark. Expected Live: 196M, Free: 111M, Non-Taxable: 11468K, Alloc Tax Rate: 2.1x
[5.665s][info][gc          ] GC(51) Pause Init Mark (unload classes) 0.194ms
[5.665s][info][gc,start    ] GC(51) Concurrent marking roots
[5.665s][info][gc,task     ] GC(51) Using 3 of 6 workers for concurrent marking roots
[5.665s][info][gc          ] GC(51) Concurrent marking roots 0.280ms
[5.665s][info][gc,start    ] GC(51) Concurrent marking (unload classes)
[5.665s][info][gc,task     ] GC(51) Using 3 of 6 workers for concurrent marking
[5.666s][info][gc          ] GC(51) Concurrent marking (unload classes) 1.524ms
[5.667s][info][gc,start    ] GC(51) Pause Final Mark (unload classes)
[5.667s][info][gc,task     ] GC(51) Using 6 of 6 workers for final marking
[5.667s][info][gc,ergo     ] GC(51) Adaptive CSet Selection. Target Free: 145M, Actual Free: 553M, Max CSet: 43690K, Min Garbage: 0B
[5.667s][info][gc,ergo     ] GC(51) Collectable Garbage: 561M (86%), Immediate: 401M (62%), CSet: 160M (24%)
[5.667s][info][gc,ergo     ] GC(51) Pacer for Evacuation. Used CSet: 203M, Free: 516M, Non-Taxable: 52869K, Alloc Tax Rate: 1.1x
[5.667s][info][gc          ] GC(51) Pause Final Mark (unload classes) 0.455ms
[5.667s][info][gc,start    ] GC(51) Concurrent thread roots
[5.667s][info][gc,task     ] GC(51) Using 3 of 6 workers for Concurrent thread roots
[5.667s][info][gc          ] GC(51) Concurrent thread roots 0.127ms
[5.667s][info][gc,start    ] GC(51) Concurrent weak references
[5.667s][info][gc,task     ] GC(51) Using 3 of 6 workers for concurrent weak references
[5.667s][info][gc,ref      ] GC(51) Encountered references: Soft: 47, Weak: 146, Final: 0, Phantom: 3
[5.667s][info][gc,ref      ] GC(51) Discovered  references: Soft: 0, Weak: 48, Final: 0, Phantom: 2
[5.667s][info][gc,ref      ] GC(51) Enqueued    references: Soft: 0, Weak: 0, Final: 0, Phantom: 0
[5.667s][info][gc          ] GC(51) Concurrent weak references 0.107ms
[5.667s][info][gc,start    ] GC(51) Concurrent weak roots
[5.667s][info][gc,task     ] GC(51) Using 3 of 6 workers for concurrent weak root
[5.668s][info][gc          ] GC(51) Concurrent weak roots 0.236ms
[5.668s][info][gc,start    ] GC(51) Concurrent cleanup
[5.668s][info][gc          ] GC(51) Concurrent cleanup 853M->451M(1024M) 0.065ms
[5.668s][info][gc,ergo     ] GC(51) Free: 516M, Max: 512K regular, 134M humongous, Frag: 74% external, 31% internal; Reserve: 52720K, Max: 512K
[5.668s][info][gc,start    ] GC(51) Concurrent class unloading
[5.668s][info][gc,task     ] GC(51) Using 3 of 6 workers for concurrent class unloading
[5.668s][info][gc          ] GC(51) Concurrent class unloading 0.418ms
[5.668s][info][gc,start    ] GC(51) Concurrent strong roots
[5.668s][info][gc,task     ] GC(51) Using 3 of 6 workers for concurrent strong root
[5.668s][info][gc          ] GC(51) Concurrent strong roots 0.081ms
[5.668s][info][gc,start    ] GC(51) Concurrent evacuation
[5.668s][info][gc,task     ] GC(51) Using 3 of 6 workers for concurrent evacuation
[5.681s][info][gc          ] GC(51) Concurrent evacuation 12.783ms
[5.681s][info][gc,start    ] GC(51) Pause Init Update Refs
[5.681s][info][gc,ergo     ] GC(51) Pacer for Update Refs. Used: 536M, Free: 475M, Non-Taxable: 48697K, Alloc Tax Rate: 1.4x
[5.681s][info][gc          ] GC(51) Pause Init Update Refs 0.044ms
[5.682s][info][gc,start    ] GC(51) Concurrent update references
[5.682s][info][gc,task     ] GC(51) Using 3 of 6 workers for concurrent reference update
[5.684s][info][gc          ] GC(51) Concurrent update references 2.483ms
[5.684s][info][gc,start    ] GC(51) Concurrent update thread roots
[5.684s][info][gc          ] GC(51) Concurrent update thread roots 0.283ms
[5.685s][info][gc,start    ] GC(51) Pause Final Update Refs
[5.685s][info][gc,task     ] GC(51) Using 6 of 6 workers for final reference update
[5.685s][info][gc          ] GC(51) Pause Final Update Refs 0.227ms
[5.685s][info][gc,start    ] GC(51) Concurrent cleanup
[5.685s][info][gc          ] GC(51) Concurrent cleanup 562M->361M(1024M) 0.062ms
[5.685s][info][gc,ergo     ] Free: 610M, Max: 512K regular, 101M humongous, Frag: 84% external, 33% internal; Reserve: 52736K, Max: 512K
[5.685s][info][gc,stats    ] 
[5.685s][info][gc,stats    ] All times are wall-clock times, except per-root-class counters, that are sum over
[5.685s][info][gc,stats    ] all workers. Dividing the <total> over the root stage time estimates parallelism.
[5.685s][info][gc,stats    ] 
[5.685s][info][gc,stats    ] Concurrent Reset                   2139 us
[5.685s][info][gc,stats    ] Pause Init Mark (G)                 470 us
[5.685s][info][gc,stats    ] Pause Init Mark (N)                 199 us
[5.685s][info][gc,stats    ]   Update Region States              157 us
[5.685s][info][gc,stats    ] Concurrent Mark Roots               292 us, parallelism: 0.87x
[5.685s][info][gc,stats    ]   CMR: <total>                      254 us
[5.685s][info][gc,stats    ]   CMR: Thread Roots                 172 us, workers (us):   9,  68,  94, ---, ---, ---, 
[5.685s][info][gc,stats    ]   CMR: VM Strong Roots                6 us, workers (us):   6,   0,   0, ---, ---, ---, 
[5.685s][info][gc,stats    ]   CMR: CLDG Roots                    76 us, workers (us):  76, ---, ---, ---, ---, ---, 
[5.685s][info][gc,stats    ] Concurrent Marking                 1537 us
[5.685s][info][gc,stats    ] Pause Final Mark (G)                591 us
[5.685s][info][gc,stats    ] Pause Final Mark (N)                458 us
[5.685s][info][gc,stats    ]   Finish Mark                       265 us
[5.685s][info][gc,stats    ]   Update Region States               77 us
[5.685s][info][gc,stats    ]   Choose Collection Set              72 us
[5.685s][info][gc,stats    ]   Rebuild Free Set                   16 us
[5.685s][info][gc,stats    ] Concurrent Thread Roots             135 us, parallelism: 0.64x
[5.685s][info][gc,stats    ]   CTR: <total>                       86 us
[5.685s][info][gc,stats    ]   CTR: Thread Roots                  86 us, workers (us):  58,  28,   0, ---, ---, ---, 
[5.685s][info][gc,stats    ] Concurrent Weak References          111 us, parallelism: 0.03x
[5.685s][info][gc,stats    ]   CWRF: <total>                       3 us
[5.685s][info][gc,stats    ]   CWRF: Weak References               3 us, workers (us):   3,   0,   0, ---, ---, ---, 
[5.685s][info][gc,stats    ] Concurrent Weak Roots               244 us
[5.685s][info][gc,stats    ]   Roots                             141 us, parallelism: 1.03x
[5.685s][info][gc,stats    ]     CWR: <total>                    145 us
[5.685s][info][gc,stats    ]     CWR: Code Cache Roots           126 us, workers (us):  72,  54,   0, ---, ---, ---, 
[5.685s][info][gc,stats    ]     CWR: VM Weak Roots               17 us, workers (us):  17,   0,   1, ---, ---, ---, 
[5.685s][info][gc,stats    ]     CWR: CLDG Roots                   2 us, workers (us):   2, ---, ---, ---, ---, ---, 
[5.685s][info][gc,stats    ]   Rendezvous                         87 us
[5.685s][info][gc,stats    ] Concurrent Cleanup                   69 us
[5.685s][info][gc,stats    ] Concurrent Class Unloading          426 us
[5.685s][info][gc,stats    ]   Unlink Stale                      239 us
[5.685s][info][gc,stats    ]     System Dictionary                 3 us
[5.685s][info][gc,stats    ]     Weak Class Links                  0 us
[5.685s][info][gc,stats    ]     Code Roots                      236 us
[5.685s][info][gc,stats    ]   Rendezvous                         87 us
[5.685s][info][gc,stats    ]   Purge Unlinked                     77 us
[5.685s][info][gc,stats    ]     Code Roots                       64 us
[5.685s][info][gc,stats    ]     CLDG                             13 us
[5.685s][info][gc,stats    ]     Exception Caches                  0 us
[5.685s][info][gc,stats    ] Concurrent Strong Roots              88 us, parallelism: 0.16x
[5.685s][info][gc,stats    ]   CSR: <total>                       14 us
[5.685s][info][gc,stats    ]   CSR: VM Strong Roots                1 us, workers (us):   1,   0,   0, ---, ---, ---, 
[5.685s][info][gc,stats    ]   CSR: CLDG Roots                    13 us, workers (us):  13, ---, ---, ---, ---, ---, 
[5.685s][info][gc,stats    ] Concurrent Evacuation             12879 us
[5.685s][info][gc,stats    ] Pause Init Update Refs (G)          430 us
[5.685s][info][gc,stats    ] Pause Init Update Refs (N)           48 us
[5.685s][info][gc,stats    ]   Manage GCLABs                       6 us
[5.685s][info][gc,stats    ] Concurrent Update Refs             2550 us
[5.685s][info][gc,stats    ] Concurrent Update Thread Roots      297 us
[5.685s][info][gc,stats    ] Pause Final Update Refs (G)         503 us
[5.685s][info][gc,stats    ] Pause Final Update Refs (N)         239 us
[5.685s][info][gc,stats    ]   Update Region States              174 us
[5.685s][info][gc,stats    ]   Trash Collection Set                8 us
[5.685s][info][gc,stats    ]   Rebuild Free Set                   23 us
[5.685s][info][gc,stats    ] Concurrent Cleanup                   68 us
[5.685s][info][gc,stats    ] Pacing                             4310 us
[5.685s][info][gc,stats    ] 
[5.685s][info][gc,stats    ] Allocation pacing accrued:
[5.685s][info][gc,stats    ]       4 of    60 ms (  7.2%): main
[5.685s][info][gc,stats    ]       4 of    60 ms (  7.2%): <total>
[5.685s][info][gc,stats    ]       0 of    60 ms (  0.7%): <average total>
[5.685s][info][gc,stats    ]       4 of    60 ms (  7.2%): <average non-zero>
[5.685s][info][gc,stats    ] 
[5.685s][info][gc,metaspace] Metaspace: 6358K(6528K)->6358K(6528K) NonClass: 5812K(5888K)->5812K(5888K) Class: 546K(640K)->546K(640K)
[5.685s][info][gc,ergo     ] Pacer for Idle. Initial: 20971K, Alloc Tax Rate: 1.0x
[5.724s][info][gc          ] Trigger: Average GC time (26.07 ms) is above the time for average allocation rate (3071 MB/s) to deplete free headroom (72268K) (margin of error = 1.79)
[5.724s][info][gc,ergo     ] Free headroom: 121M (free) - 52428K (spike) - 0B (penalties) = 72268K
[5.724s][info][gc,ergo     ] Free: 121M, Max: 512K regular, 101M humongous, Frag: 17% external, 7% internal; Reserve: 52736K, Max: 512K
[5.724s][info][gc,start    ] GC(52) Concurrent reset
[5.724s][info][gc,task     ] GC(52) Using 3 of 6 workers for concurrent reset
[5.724s][info][gc,ergo     ] GC(52) Pacer for Reset. Non-Taxable: 1024M
[5.727s][info][gc          ] GC(52) Concurrent reset 2.293ms
[5.727s][info][gc,start    ] GC(52) Pause Init Mark (unload classes)
[5.727s][info][gc,task     ] GC(52) Using 6 of 6 workers for init marking
[5.727s][info][gc,ergo     ] GC(52) Pacer for Mark. Expected Live: 196M, Free: 108M, Non-Taxable: 11147K, Alloc Tax Rate: 2.2x
[5.727s][info][gc          ] GC(52) Pause Init Mark (unload classes) 0.211ms
[5.727s][info][gc,start    ] GC(52) Concurrent marking roots
[5.727s][info][gc,task     ] GC(52) Using 3 of 6 workers for concurrent marking roots
[5.728s][info][gc          ] GC(52) Concurrent marking roots 0.271ms
[5.728s][info][gc,start    ] GC(52) Concurrent marking (unload classes)
[5.728s][info][gc,task     ] GC(52) Using 3 of 6 workers for concurrent marking
[5.729s][info][gc          ] GC(52) Concurrent marking (unload classes) 1.446ms
[5.729s][info][gc,start    ] GC(52) Pause Final Mark (unload classes)
[5.729s][info][gc,task     ] GC(52) Using 6 of 6 workers for final marking
[5.729s][info][gc,ergo     ] GC(52) Adaptive CSet Selection. Target Free: 145M, Actual Free: 547M, Max CSet: 43690K, Min Garbage: 0B
[5.730s][info][gc,ergo     ] GC(52) Collectable Garbage: 558M (85%), Immediate: 398M (61%), CSet: 159M (24%)
[5.730s][info][gc,ergo     ] GC(52) Pacer for Evacuation. Used CSet: 202M, Free: 510M, Non-Taxable: 52297K, Alloc Tax Rate: 1.1x
[5.730s][info][gc          ] GC(52) Pause Final Mark (unload classes) 0.522ms
[5.730s][info][gc,start    ] GC(52) Concurrent thread roots
[5.730s][info][gc,task     ] GC(52) Using 3 of 6 workers for Concurrent thread roots
[5.730s][info][gc          ] GC(52) Concurrent thread roots 0.151ms
[5.730s][info][gc,start    ] GC(52) Concurrent weak references
[5.730s][info][gc,task     ] GC(52) Using 3 of 6 workers for concurrent weak references
[5.730s][info][gc,ref      ] GC(52) Encountered references: Soft: 47, Weak: 146, Final: 0, Phantom: 3
[5.730s][info][gc,ref      ] GC(52) Discovered  references: Soft: 0, Weak: 48, Final: 0, Phantom: 2
[5.730s][info][gc,ref      ] GC(52) Enqueued    references: Soft: 0, Weak: 0, Final: 0, Phantom: 0
[5.730s][info][gc          ] GC(52) Concurrent weak references 0.149ms
[5.730s][info][gc,start    ] GC(52) Concurrent weak roots
[5.730s][info][gc,task     ] GC(52) Using 3 of 6 workers for concurrent weak root
[5.730s][info][gc          ] GC(52) Concurrent weak roots 0.242ms
[5.730s][info][gc,start    ] GC(52) Concurrent cleanup
[5.730s][info][gc          ] GC(52) Concurrent cleanup 859M->462M(1024M) 0.071ms
[5.730s][info][gc,ergo     ] GC(52) Free: 499M, Max: 512K regular, 124M humongous, Frag: 76% external, 0% internal; Reserve: 52716K, Max: 512K
[5.730s][info][gc,start    ] GC(52) Concurrent class unloading
[5.730s][info][gc,task     ] GC(52) Using 3 of 6 workers for concurrent class unloading
[5.731s][info][gc          ] GC(52) Concurrent class unloading 0.656ms
[5.731s][info][gc,start    ] GC(52) Concurrent strong roots
[5.731s][info][gc,task     ] GC(52) Using 3 of 6 workers for concurrent strong root
[5.731s][info][gc          ] GC(52) Concurrent strong roots 0.141ms
[5.731s][info][gc,start    ] GC(52) Concurrent evacuation
[5.731s][info][gc,task     ] GC(52) Using 3 of 6 workers for concurrent evacuation
[5.744s][info][gc          ] GC(52) Concurrent evacuation 12.466ms
[5.744s][info][gc,start    ] GC(52) Pause Init Update Refs
[5.744s][info][gc,ergo     ] GC(52) Pacer for Update Refs. Used: 562M, Free: 443M, Non-Taxable: 45411K, Alloc Tax Rate: 1.5x
[5.744s][info][gc          ] GC(52) Pause Init Update Refs 0.024ms
[5.744s][info][gc,start    ] GC(52) Concurrent update references
[5.744s][info][gc,task     ] GC(52) Using 3 of 6 workers for concurrent reference update
[5.747s][info][gc          ] GC(52) Concurrent update references 2.785ms
[5.747s][info][gc,start    ] GC(52) Concurrent update thread roots
[5.747s][info][gc          ] GC(52) Concurrent update thread roots 0.282ms
[5.747s][info][gc,start    ] GC(52) Pause Final Update Refs
[5.747s][info][gc,task     ] GC(52) Using 6 of 6 workers for final reference update
[5.748s][info][gc          ] GC(52) Pause Final Update Refs 0.335ms
[5.748s][info][gc,start    ] GC(52) Concurrent cleanup
[5.748s][info][gc          ] GC(52) Concurrent cleanup 589M->388M(1024M) 0.057ms
[5.748s][info][gc,ergo     ] Free: 583M, Max: 512K regular, 95232K humongous, Frag: 84% external, 36% internal; Reserve: 52736K, Max: 512K
[5.748s][info][gc,stats    ] 
[5.748s][info][gc,stats    ] All times are wall-clock times, except per-root-class counters, that are sum over
[5.748s][info][gc,stats    ] all workers. Dividing the <total> over the root stage time estimates parallelism.
[5.748s][info][gc,stats    ] 
[5.748s][info][gc,stats    ] Concurrent Reset                   2360 us
[5.748s][info][gc,stats    ] Pause Init Mark (G)                 550 us
[5.748s][info][gc,stats    ] Pause Init Mark (N)                 223 us
[5.748s][info][gc,stats    ]   Update Region States              172 us
[5.748s][info][gc,stats    ] Concurrent Mark Roots               282 us, parallelism: 0.78x
[5.748s][info][gc,stats    ]   CMR: <total>                      219 us
[5.748s][info][gc,stats    ]   CMR: Thread Roots                 155 us, workers (us):  45,  58,  51, ---, ---, ---, 
[5.748s][info][gc,stats    ]   CMR: VM Strong Roots                5 us, workers (us):   5,   0,   0, ---, ---, ---, 
[5.748s][info][gc,stats    ]   CMR: CLDG Roots                    59 us, workers (us):  59, ---, ---, ---, ---, ---, 
[5.748s][info][gc,stats    ] Concurrent Marking                 1458 us
[5.748s][info][gc,stats    ] Pause Final Mark (G)                649 us
[5.748s][info][gc,stats    ] Pause Final Mark (N)                526 us
[5.748s][info][gc,stats    ]   Finish Mark                       341 us
[5.748s][info][gc,stats    ]   Update Region States               73 us
[5.748s][info][gc,stats    ]   Choose Collection Set              70 us
[5.748s][info][gc,stats    ]   Rebuild Free Set                   16 us
[5.748s][info][gc,stats    ] Concurrent Thread Roots             159 us, parallelism: 0.57x
[5.748s][info][gc,stats    ]   CTR: <total>                       91 us
[5.748s][info][gc,stats    ]   CTR: Thread Roots                  91 us, workers (us):  58,  33,   0, ---, ---, ---, 
[5.748s][info][gc,stats    ] Concurrent Weak References          152 us, parallelism: 0.02x
[5.748s][info][gc,stats    ]   CWRF: <total>                       4 us
[5.748s][info][gc,stats    ]   CWRF: Weak References               4 us, workers (us):   4,   0,   0, ---, ---, ---, 
[5.748s][info][gc,stats    ] Concurrent Weak Roots               250 us
[5.748s][info][gc,stats    ]   Roots                             182 us, parallelism: 1.14x
[5.748s][info][gc,stats    ]     CWR: <total>                    208 us
[5.748s][info][gc,stats    ]     CWR: Code Cache Roots           180 us, workers (us):  99,  80,   0, ---, ---, ---, 
[5.748s][info][gc,stats    ]     CWR: VM Weak Roots               24 us, workers (us):  23,   1,   1, ---, ---, ---, 
[5.748s][info][gc,stats    ]     CWR: CLDG Roots                   4 us, workers (us):   4, ---, ---, ---, ---, ---, 
[5.748s][info][gc,stats    ]   Rendezvous                         53 us
[5.748s][info][gc,stats    ] Concurrent Cleanup                   75 us
[5.748s][info][gc,stats    ] Concurrent Class Unloading          668 us
[5.748s][info][gc,stats    ]   Unlink Stale                      474 us
[5.748s][info][gc,stats    ]     System Dictionary                 5 us
[5.748s][info][gc,stats    ]     Weak Class Links                  0 us
[5.748s][info][gc,stats    ]     Code Roots                      468 us
[5.748s][info][gc,stats    ]   Rendezvous                         74 us
[5.748s][info][gc,stats    ]   Purge Unlinked                    101 us
[5.748s][info][gc,stats    ]     Code Roots                       87 us
[5.748s][info][gc,stats    ]     CLDG                             14 us
[5.748s][info][gc,stats    ]     Exception Caches                  0 us
[5.748s][info][gc,stats    ] Concurrent Strong Roots             149 us, parallelism: 0.42x
[5.748s][info][gc,stats    ]   CSR: <total>                       63 us
[5.748s][info][gc,stats    ]   CSR: VM Strong Roots                6 us, workers (us):   6,   0,   0, ---, ---, ---, 
[5.748s][info][gc,stats    ]   CSR: CLDG Roots                    57 us, workers (us):  57, ---, ---, ---, ---, ---, 
[5.748s][info][gc,stats    ] Concurrent Evacuation             12534 us
[5.748s][info][gc,stats    ] Pause Init Update Refs (G)          327 us
[5.748s][info][gc,stats    ] Pause Init Update Refs (N)           28 us
[5.748s][info][gc,stats    ]   Manage GCLABs                       3 us
[5.748s][info][gc,stats    ] Concurrent Update Refs             2850 us
[5.748s][info][gc,stats    ] Concurrent Update Thread Roots      297 us
[5.748s][info][gc,stats    ] Pause Final Update Refs (G)         615 us
[5.748s][info][gc,stats    ] Pause Final Update Refs (N)         347 us
[5.748s][info][gc,stats    ]   Update Region States              232 us
[5.748s][info][gc,stats    ]   Trash Collection Set               60 us
[5.748s][info][gc,stats    ]   Rebuild Free Set                   21 us
[5.748s][info][gc,stats    ] Concurrent Cleanup                   63 us
[5.748s][info][gc,stats    ] Pacing                             4365 us
[5.748s][info][gc,stats    ] 
[5.748s][info][gc,stats    ] Allocation pacing accrued:
[5.748s][info][gc,stats    ]       4 of    63 ms (  6.9%): main
[5.748s][info][gc,stats    ]       4 of    63 ms (  6.9%): <total>
[5.748s][info][gc,stats    ]       0 of    63 ms (  0.6%): <average total>
[5.748s][info][gc,stats    ]       4 of    63 ms (  6.9%): <average non-zero>
[5.748s][info][gc,stats    ] 
[5.748s][info][gc,metaspace] Metaspace: 6358K(6528K)->6358K(6528K) NonClass: 5812K(5888K)->5812K(5888K) Class: 546K(640K)->546K(640K)
[5.748s][info][gc,ergo     ] Pacer for Idle. Initial: 20971K, Alloc Tax Rate: 1.0x
[5.801s][info][gc          ] Trigger: Average GC time (26.19 ms) is above the time for average allocation rate (3072 MB/s) to deplete free headroom (75321K) (margin of error = 1.80)
[5.801s][info][gc,ergo     ] Free headroom: 124M (free) - 52428K (spike) - 0B (penalties) = 75321K
[5.801s][info][gc,ergo     ] Free: 123M, Max: 512K regular, 95232K humongous, Frag: 24% external, 36% internal; Reserve: 52736K, Max: 512K
[5.801s][info][gc,start    ] GC(53) Concurrent reset
[5.801s][info][gc,task     ] GC(53) Using 3 of 6 workers for concurrent reset
[5.801s][info][gc,ergo     ] GC(53) Pacer for Reset. Non-Taxable: 1024M
[5.804s][info][gc          ] GC(53) Concurrent reset 2.726ms
[5.804s][info][gc,start    ] GC(53) Pause Init Mark (unload classes)
[5.804s][info][gc,task     ] GC(53) Using 6 of 6 workers for init marking
[5.805s][info][gc,ergo     ] GC(53) Pacer for Mark. Expected Live: 196M, Free: 111M, Non-Taxable: 11390K, Alloc Tax Rate: 2.2x
[5.805s][info][gc          ] GC(53) Pause Init Mark (unload classes) 0.302ms
[5.805s][info][gc,start    ] GC(53) Concurrent marking roots
[5.805s][info][gc,task     ] GC(53) Using 3 of 6 workers for concurrent marking roots
[5.805s][info][gc          ] GC(53) Concurrent marking roots 0.434ms
[5.805s][info][gc,start    ] GC(53) Concurrent marking (unload classes)
[5.805s][info][gc,task     ] GC(53) Using 3 of 6 workers for concurrent marking
[5.808s][info][gc          ] GC(53) Concurrent marking (unload classes) 3.071ms
[5.808s][info][gc,start    ] GC(53) Pause Final Mark (unload classes)
[5.808s][info][gc,task     ] GC(53) Using 6 of 6 workers for final marking
[5.809s][info][gc,ergo     ] GC(53) Adaptive CSet Selection. Target Free: 145M, Actual Free: 549M, Max CSet: 43690K, Min Garbage: 0B
[5.809s][info][gc,ergo     ] GC(53) Collectable Garbage: 556M (85%), Immediate: 399M (61%), CSet: 157M (24%)
[5.809s][info][gc,ergo     ] GC(53) Pacer for Evacuation. Used CSet: 200M, Free: 512M, Non-Taxable: 52523K, Alloc Tax Rate: 1.1x
[5.809s][info][gc          ] GC(53) Pause Final Mark (unload classes) 0.537ms
[5.809s][info][gc,start    ] GC(53) Concurrent thread roots
[5.809s][info][gc,task     ] GC(53) Using 3 of 6 workers for Concurrent thread roots
[5.809s][info][gc          ] GC(53) Concurrent thread roots 0.212ms
[5.809s][info][gc,start    ] GC(53) Concurrent weak references
[5.809s][info][gc,task     ] GC(53) Using 3 of 6 workers for concurrent weak references
[5.809s][info][gc,ref      ] GC(53) Encountered references: Soft: 47, Weak: 146, Final: 0, Phantom: 3
[5.809s][info][gc,ref      ] GC(53) Discovered  references: Soft: 0, Weak: 51, Final: 0, Phantom: 2
[5.809s][info][gc,ref      ] GC(53) Enqueued    references: Soft: 0, Weak: 0, Final: 0, Phantom: 0
[5.809s][info][gc          ] GC(53) Concurrent weak references 0.084ms
[5.809s][info][gc,start    ] GC(53) Concurrent weak roots
[5.809s][info][gc,task     ] GC(53) Using 3 of 6 workers for concurrent weak root
[5.810s][info][gc          ] GC(53) Concurrent weak roots 0.305ms
[5.810s][info][gc,start    ] GC(53) Concurrent cleanup
[5.810s][info][gc          ] GC(53) Concurrent cleanup 854M->455M(1024M) 0.082ms
[5.810s][info][gc,ergo     ] GC(53) Free: 512M, Max: 512K regular, 126M humongous, Frag: 76% external, 32% internal; Reserve: 52720K, Max: 512K
[5.810s][info][gc,start    ] GC(53) Concurrent class unloading
[5.810s][info][gc,task     ] GC(53) Using 3 of 6 workers for concurrent class unloading
[5.810s][info][gc          ] GC(53) Concurrent class unloading 0.548ms
[5.810s][info][gc,start    ] GC(53) Concurrent strong roots
[5.810s][info][gc,task     ] GC(53) Using 3 of 6 workers for concurrent strong root
[5.810s][info][gc          ] GC(53) Concurrent strong roots 0.146ms
[5.810s][info][gc,start    ] GC(53) Concurrent evacuation
[5.810s][info][gc,task     ] GC(53) Using 3 of 6 workers for concurrent evacuation
[5.822s][info][gc          ] GC(53) Concurrent evacuation 11.367ms
[5.822s][info][gc,start    ] GC(53) Pause Init Update Refs
[5.822s][info][gc,ergo     ] GC(53) Pacer for Update Refs. Used: 535M, Free: 476M, Non-Taxable: 48770K, Alloc Tax Rate: 1.4x
[5.822s][info][gc          ] GC(53) Pause Init Update Refs 0.026ms
[5.822s][info][gc,start    ] GC(53) Concurrent update references
[5.822s][info][gc,task     ] GC(53) Using 3 of 6 workers for concurrent reference update
[5.825s][info][gc          ] GC(53) Concurrent update references 3.161ms
[5.826s][info][gc,start    ] GC(53) Concurrent update thread roots
[5.826s][info][gc          ] GC(53) Concurrent update thread roots 0.290ms
[5.826s][info][gc,start    ] GC(53) Pause Final Update Refs
[5.826s][info][gc,task     ] GC(53) Using 6 of 6 workers for final reference update
[5.826s][info][gc          ] GC(53) Pause Final Update Refs 0.242ms
[5.826s][info][gc,start    ] GC(53) Concurrent cleanup
[5.826s][info][gc          ] GC(53) Concurrent cleanup 563M->365M(1024M) 0.060ms
[5.826s][info][gc,ergo     ] Free: 607M, Max: 512K regular, 101888K humongous, Frag: 84% external, 33% internal; Reserve: 52736K, Max: 512K
[5.826s][info][gc,stats    ] 
[5.826s][info][gc,stats    ] All times are wall-clock times, except per-root-class counters, that are sum over
[5.826s][info][gc,stats    ] all workers. Dividing the <total> over the root stage time estimates parallelism.
[5.826s][info][gc,stats    ] 
[5.826s][info][gc,stats    ] Concurrent Reset                   2803 us
[5.826s][info][gc,stats    ] Pause Init Mark (G)                 788 us
[5.826s][info][gc,stats    ] Pause Init Mark (N)                 308 us
[5.826s][info][gc,stats    ]   Update Region States              220 us
[5.826s][info][gc,stats    ] Concurrent Mark Roots               459 us, parallelism: 1.01x
[5.826s][info][gc,stats    ]   CMR: <total>                      464 us
[5.826s][info][gc,stats    ]   CMR: Thread Roots                 288 us, workers (us):   0, 185, 103, ---, ---, ---, 
[5.826s][info][gc,stats    ]   CMR: VM Strong Roots               16 us, workers (us):  14,   1,   1, ---, ---, ---, 
[5.826s][info][gc,stats    ]   CMR: CLDG Roots                   160 us, workers (us): 160, ---, ---, ---, ---, ---, 
[5.826s][info][gc,stats    ] Concurrent Marking                 3097 us
[5.826s][info][gc,stats    ] Pause Final Mark (G)                675 us
[5.826s][info][gc,stats    ] Pause Final Mark (N)                541 us
[5.826s][info][gc,stats    ]   Finish Mark                       319 us
[5.826s][info][gc,stats    ]   Update Region States               86 us
[5.827s][info][gc,stats    ]   Choose Collection Set              83 us
[5.827s][info][gc,stats    ]   Rebuild Free Set                   19 us
[5.827s][info][gc,stats    ] Concurrent Thread Roots             224 us, parallelism: 0.52x
[5.827s][info][gc,stats    ]   CTR: <total>                      116 us
[5.827s][info][gc,stats    ]   CTR: Thread Roots                 116 us, workers (us):  80,  34,   2, ---, ---, ---, 
[5.827s][info][gc,stats    ] Concurrent Weak References           88 us, parallelism: 0.05x
[5.827s][info][gc,stats    ]   CWRF: <total>                       4 us
[5.827s][info][gc,stats    ]   CWRF: Weak References               4 us, workers (us):   4,   0,   0, ---, ---, ---, 
[5.827s][info][gc,stats    ] Concurrent Weak Roots               317 us
[5.827s][info][gc,stats    ]   Roots                             167 us, parallelism: 0.90x
[5.827s][info][gc,stats    ]     CWR: <total>                    150 us
[5.827s][info][gc,stats    ]     CWR: Code Cache Roots           124 us, workers (us):  73,  51,   0, ---, ---, ---, 
[5.827s][info][gc,stats    ]     CWR: VM Weak Roots               22 us, workers (us):  21,   0,   1, ---, ---, ---, 
[5.827s][info][gc,stats    ]     CWR: CLDG Roots                   3 us, workers (us):   3, ---, ---, ---, ---, ---, 
[5.827s][info][gc,stats    ]   Rendezvous                        130 us
[5.827s][info][gc,stats    ] Concurrent Cleanup                   92 us
[5.827s][info][gc,stats    ] Concurrent Class Unloading          561 us
[5.827s][info][gc,stats    ]   Unlink Stale                      256 us
[5.827s][info][gc,stats    ]     System Dictionary                 3 us
[5.827s][info][gc,stats    ]     Weak Class Links                  0 us
[5.827s][info][gc,stats    ]     Code Roots                      253 us
[5.827s][info][gc,stats    ]   Rendezvous                        137 us
[5.827s][info][gc,stats    ]   Purge Unlinked                    145 us
[5.827s][info][gc,stats    ]     Code Roots                      127 us
[5.827s][info][gc,stats    ]     CLDG                             18 us
[5.827s][info][gc,stats    ]     Exception Caches                  0 us
[5.827s][info][gc,stats    ] Concurrent Strong Roots             158 us, parallelism: 0.10x
[5.827s][info][gc,stats    ]   CSR: <total>                       16 us
[5.827s][info][gc,stats    ]   CSR: VM Strong Roots                2 us, workers (us):   2,   0,   0, ---, ---, ---, 
[5.827s][info][gc,stats    ]   CSR: CLDG Roots                    14 us, workers (us):  14, ---, ---, ---, ---, ---, 
[5.827s][info][gc,stats    ] Concurrent Evacuation             11464 us
[5.827s][info][gc,stats    ] Pause Init Update Refs (G)          359 us
[5.827s][info][gc,stats    ] Pause Init Update Refs (N)           30 us
[5.827s][info][gc,stats    ]   Manage GCLABs                       4 us
[5.827s][info][gc,stats    ] Concurrent Update Refs             3232 us
[5.827s][info][gc,stats    ] Concurrent Update Thread Roots      305 us
[5.827s][info][gc,stats    ] Pause Final Update Refs (G)         502 us
[5.827s][info][gc,stats    ] Pause Final Update Refs (N)         254 us
[5.827s][info][gc,stats    ]   Update Region States              193 us
[5.827s][info][gc,stats    ]   Trash Collection Set                8 us
[5.827s][info][gc,stats    ]   Rebuild Free Set                   19 us
[5.827s][info][gc,stats    ] Concurrent Cleanup                   66 us
[5.827s][info][gc,stats    ] Pacing                             6382 us
[5.827s][info][gc,stats    ] 
[5.827s][info][gc,stats    ] Allocation pacing accrued:
[5.827s][info][gc,stats    ]       6 of    79 ms (  8.1%): main
[5.827s][info][gc,stats    ]       6 of    79 ms (  8.1%): <total>
[5.827s][info][gc,stats    ]       1 of    79 ms (  0.7%): <average total>
[5.827s][info][gc,stats    ]       6 of    79 ms (  8.1%): <average non-zero>
[5.827s][info][gc,stats    ] 
[5.827s][info][gc,metaspace] Metaspace: 6358K(6528K)->6358K(6528K) NonClass: 5812K(5888K)->5812K(5888K) Class: 546K(640K)->546K(640K)
[5.827s][info][gc,ergo     ] Pacer for Idle. Initial: 20971K, Alloc Tax Rate: 1.0x
[5.865s][info][gc          ] Trigger: Average GC time (27.46 ms) is above the time for average allocation rate (3072 MB/s) to deplete free headroom (70696K) (margin of error = 1.80)
[5.865s][info][gc,ergo     ] Free headroom: 120M (free) - 52428K (spike) - 0B (penalties) = 70696K
[5.865s][info][gc,ergo     ] Free: 119M, Max: 512K regular, 101888K humongous, Frag: 17% external, 3% internal; Reserve: 52736K, Max: 512K
[5.865s][info][gc,start    ] GC(54) Concurrent reset
[5.865s][info][gc,task     ] GC(54) Using 3 of 6 workers for concurrent reset
[5.865s][info][gc,ergo     ] GC(54) Pacer for Reset. Non-Taxable: 1024M
[5.868s][info][gc          ] GC(54) Concurrent reset 3.057ms
[5.869s][info][gc,start    ] GC(54) Pause Init Mark (unload classes)
[5.869s][info][gc,task     ] GC(54) Using 6 of 6 workers for init marking
[5.869s][info][gc,ergo     ] GC(54) Pacer for Mark. Expected Live: 196M, Free: 107M, Non-Taxable: 11057K, Alloc Tax Rate: 2.2x
[5.869s][info][gc          ] GC(54) Pause Init Mark (unload classes) 0.298ms
[5.869s][info][gc,start    ] GC(54) Concurrent marking roots
[5.869s][info][gc,task     ] GC(54) Using 3 of 6 workers for concurrent marking roots
[5.869s][info][gc          ] GC(54) Concurrent marking roots 0.345ms
[5.869s][info][gc,start    ] GC(54) Concurrent marking (unload classes)
[5.869s][info][gc,task     ] GC(54) Using 3 of 6 workers for concurrent marking
[5.872s][info][gc          ] GC(54) Concurrent marking (unload classes) 2.797ms
[5.872s][info][gc,start    ] GC(54) Pause Final Mark (unload classes)
[5.872s][info][gc,task     ] GC(54) Using 6 of 6 workers for final marking
[5.873s][info][gc,ergo     ] GC(54) Adaptive CSet Selection. Target Free: 145M, Actual Free: 535M, Max CSet: 43690K, Min Garbage: 0B
[5.873s][info][gc,ergo     ] GC(54) Collectable Garbage: 555M (85%), Immediate: 387M (59%), CSet: 168M (25%)
[5.873s][info][gc,ergo     ] GC(54) Pacer for Evacuation. Used CSet: 211M, Free: 498M, Non-Taxable: 51017K, Alloc Tax Rate: 1.1x
[5.873s][info][gc          ] GC(54) Pause Final Mark (unload classes) 0.676ms
[5.873s][info][gc,start    ] GC(54) Concurrent thread roots
[5.873s][info][gc,task     ] GC(54) Using 3 of 6 workers for Concurrent thread roots
[5.873s][info][gc          ] GC(54) Concurrent thread roots 0.175ms
[5.873s][info][gc,start    ] GC(54) Concurrent weak references
[5.873s][info][gc,task     ] GC(54) Using 3 of 6 workers for concurrent weak references
[5.873s][info][gc,ref      ] GC(54) Encountered references: Soft: 47, Weak: 146, Final: 0, Phantom: 3
[5.873s][info][gc,ref      ] GC(54) Discovered  references: Soft: 0, Weak: 54, Final: 0, Phantom: 2
[5.873s][info][gc,ref      ] GC(54) Enqueued    references: Soft: 0, Weak: 0, Final: 0, Phantom: 0
[5.873s][info][gc          ] GC(54) Concurrent weak references 0.110ms
[5.873s][info][gc,start    ] GC(54) Concurrent weak roots
[5.873s][info][gc,task     ] GC(54) Using 3 of 6 workers for concurrent weak root
[5.874s][info][gc          ] GC(54) Concurrent weak roots 0.299ms
[5.874s][info][gc,start    ] GC(54) Concurrent cleanup
[5.874s][info][gc          ] GC(54) Concurrent cleanup 861M->475M(1024M) 0.084ms
[5.874s][info][gc,ergo     ] GC(54) Free: 486M, Max: 512K regular, 125M humongous, Frag: 75% external, 0% internal; Reserve: 52733K, Max: 512K
[5.874s][info][gc,start    ] GC(54) Concurrent class unloading
[5.874s][info][gc,task     ] GC(54) Using 3 of 6 workers for concurrent class unloading
[5.875s][info][gc          ] GC(54) Concurrent class unloading 1.024ms
[5.875s][info][gc,start    ] GC(54) Concurrent strong roots
[5.875s][info][gc,task     ] GC(54) Using 3 of 6 workers for concurrent strong root
[5.875s][info][gc          ] GC(54) Concurrent strong roots 0.130ms
[5.875s][info][gc,start    ] GC(54) Concurrent evacuation
[5.875s][info][gc,task     ] GC(54) Using 3 of 6 workers for concurrent evacuation
[5.891s][info][gc          ] GC(54) Concurrent evacuation 16.487ms
[5.892s][info][gc,start    ] GC(54) Pause Init Update Refs
[5.892s][info][gc,ergo     ] GC(54) Pacer for Update Refs. Used: 577M, Free: 427M, Non-Taxable: 43822K, Alloc Tax Rate: 1.6x
[5.892s][info][gc          ] GC(54) Pause Init Update Refs 0.043ms
[5.892s][info][gc,start    ] GC(54) Concurrent update references
[5.892s][info][gc,task     ] GC(54) Using 3 of 6 workers for concurrent reference update
[5.896s][info][gc          ] GC(54) Concurrent update references 3.630ms
[5.896s][info][gc,start    ] GC(54) Concurrent update thread roots
[5.896s][info][gc          ] GC(54) Concurrent update thread roots 0.640ms
[5.897s][info][gc,start    ] GC(54) Pause Final Update Refs
[5.897s][info][gc,task     ] GC(54) Using 6 of 6 workers for final reference update
[5.897s][info][gc          ] GC(54) Pause Final Update Refs 0.183ms
[5.897s][info][gc,start    ] GC(54) Concurrent cleanup
[5.897s][info][gc          ] GC(54) Concurrent cleanup 603M->393M(1024M) 0.073ms
[5.897s][info][gc,ergo     ] Free: 578M, Max: 512K regular, 94208K humongous, Frag: 84% external, 36% internal; Reserve: 52736K, Max: 512K
[5.897s][info][gc,stats    ] 
[5.897s][info][gc,stats    ] All times are wall-clock times, except per-root-class counters, that are sum over
[5.897s][info][gc,stats    ] all workers. Dividing the <total> over the root stage time estimates parallelism.
[5.897s][info][gc,stats    ] 
[5.897s][info][gc,stats    ] Concurrent Reset                   3151 us
[5.897s][info][gc,stats    ] Pause Init Mark (G)                 607 us
[5.897s][info][gc,stats    ] Pause Init Mark (N)                 302 us
[5.897s][info][gc,stats    ]   Update Region States              255 us
[5.897s][info][gc,stats    ] Concurrent Mark Roots               357 us, parallelism: 0.94x
[5.897s][info][gc,stats    ]   CMR: <total>                      335 us
[5.897s][info][gc,stats    ]   CMR: Thread Roots                 230 us, workers (us): 139,   0,  91, ---, ---, ---, 
[5.897s][info][gc,stats    ]   CMR: VM Strong Roots                8 us, workers (us):   5,   3,   0, ---, ---, ---, 
[5.897s][info][gc,stats    ]   CMR: CLDG Roots                    97 us, workers (us): ---,  97, ---, ---, ---, ---, 
[5.897s][info][gc,stats    ] Concurrent Marking                 2824 us
[5.897s][info][gc,stats    ] Pause Final Mark (G)                748 us
[5.897s][info][gc,stats    ] Pause Final Mark (N)                679 us
[5.897s][info][gc,stats    ]   Finish Mark                       427 us
[5.897s][info][gc,stats    ]   Update Region States              118 us
[5.897s][info][gc,stats    ]   Choose Collection Set              88 us
[5.897s][info][gc,stats    ]   Rebuild Free Set                   15 us
[5.897s][info][gc,stats    ] Concurrent Thread Roots             187 us, parallelism: 0.59x
[5.897s][info][gc,stats    ]   CTR: <total>                      110 us
[5.897s][info][gc,stats    ]   CTR: Thread Roots                 110 us, workers (us):  72,  37,   2, ---, ---, ---, 
[5.897s][info][gc,stats    ] Concurrent Weak References          115 us, parallelism: 0.05x
[5.897s][info][gc,stats    ]   CWRF: <total>                       6 us
[5.897s][info][gc,stats    ]   CWRF: Weak References               6 us, workers (us):   6,   0,   0, ---, ---, ---, 
[5.897s][info][gc,stats    ] Concurrent Weak Roots               310 us
[5.897s][info][gc,stats    ]   Roots                             225 us, parallelism: 1.09x
[5.897s][info][gc,stats    ]     CWR: <total>                    245 us
[5.897s][info][gc,stats    ]     CWR: Code Cache Roots           181 us, workers (us):  89,  92,   0, ---, ---, ---, 
[5.897s][info][gc,stats    ]     CWR: VM Weak Roots               57 us, workers (us):  56,   1,   0, ---, ---, ---, 
[5.897s][info][gc,stats    ]     CWR: CLDG Roots                   7 us, workers (us):   7, ---, ---, ---, ---, ---, 
[5.897s][info][gc,stats    ]   Rendezvous                         65 us
[5.897s][info][gc,stats    ] Concurrent Cleanup                   89 us
[5.897s][info][gc,stats    ] Concurrent Class Unloading         1070 us
[5.897s][info][gc,stats    ]   Unlink Stale                      757 us
[5.897s][info][gc,stats    ]     System Dictionary                 5 us
[5.897s][info][gc,stats    ]     Weak Class Links                  0 us
[5.897s][info][gc,stats    ]     Code Roots                      749 us
[5.897s][info][gc,stats    ]   Rendezvous                        102 us
[5.897s][info][gc,stats    ]   Purge Unlinked                    154 us
[5.897s][info][gc,stats    ]     Code Roots                      132 us
[5.897s][info][gc,stats    ]     CLDG                             22 us
[5.897s][info][gc,stats    ]     Exception Caches                  0 us
[5.897s][info][gc,stats    ] Concurrent Strong Roots             145 us, parallelism: 0.24x
[5.897s][info][gc,stats    ]   CSR: <total>                       34 us
[5.897s][info][gc,stats    ]   CSR: VM Strong Roots                5 us, workers (us):   4,   0,   0, ---, ---, ---, 
[5.897s][info][gc,stats    ]   CSR: CLDG Roots                    30 us, workers (us):  30, ---, ---, ---, ---, ---, 
[5.897s][info][gc,stats    ] Concurrent Evacuation             16589 us
[5.897s][info][gc,stats    ] Pause Init Update Refs (G)          386 us
[5.897s][info][gc,stats    ] Pause Init Update Refs (N)           47 us
[5.897s][info][gc,stats    ]   Manage GCLABs                       5 us
[5.897s][info][gc,stats    ] Concurrent Update Refs             3786 us
[5.897s][info][gc,stats    ] Concurrent Update Thread Roots      671 us
[5.897s][info][gc,stats    ] Pause Final Update Refs (G)         499 us
[5.897s][info][gc,stats    ] Pause Final Update Refs (N)         193 us
[5.897s][info][gc,stats    ]   Update Region States              122 us
[5.897s][info][gc,stats    ]   Trash Collection Set               13 us
[5.897s][info][gc,stats    ]   Rebuild Free Set                   23 us
[5.897s][info][gc,stats    ] Concurrent Cleanup                   80 us
[5.897s][info][gc,stats    ] Pacing                             6056 us
[5.897s][info][gc,stats    ] 
[5.897s][info][gc,stats    ] Allocation pacing accrued:
[5.897s][info][gc,stats    ]       6 of    71 ms (  8.6%): main
[5.897s][info][gc,stats    ]       6 of    71 ms (  8.6%): <total>
[5.897s][info][gc,stats    ]       1 of    71 ms (  0.8%): <average total>
[5.897s][info][gc,stats    ]       6 of    71 ms (  8.6%): <average non-zero>
[5.897s][info][gc,stats    ] 
[5.897s][info][gc,metaspace] Metaspace: 6358K(6528K)->6358K(6528K) NonClass: 5812K(5888K)->5812K(5888K) Class: 546K(640K)->546K(640K)
[5.897s][info][gc,ergo     ] Pacer for Idle. Initial: 20971K, Alloc Tax Rate: 1.0x
[5.931s][info][gc          ] Trigger: Average GC time (35.28 ms) is above the time for average allocation rate (3074 MB/s) to deplete free headroom (101M) (margin of error = 1.81)
[5.931s][info][gc,ergo     ] Free headroom: 152M (free) - 52428K (spike) - 0B (penalties) = 101M
[5.931s][info][gc,ergo     ] Free: 151M, Max: 512K regular, 94208K humongous, Frag: 39% external, 39% internal; Reserve: 52736K, Max: 512K
[5.931s][info][gc,start    ] GC(55) Concurrent reset
[5.931s][info][gc,task     ] GC(55) Using 3 of 6 workers for concurrent reset
[5.931s][info][gc,ergo     ] GC(55) Pacer for Reset. Non-Taxable: 1024M
[5.933s][info][gc          ] GC(55) Concurrent reset 2.302ms
[5.934s][info][gc,start    ] GC(55) Pause Init Mark (unload classes)
[5.934s][info][gc,task     ] GC(55) Using 6 of 6 workers for init marking
[5.934s][info][gc,ergo     ] GC(55) Pacer for Mark. Expected Live: 196M, Free: 139M, Non-Taxable: 14249K, Alloc Tax Rate: 1.7x
[5.934s][info][gc          ] GC(55) Pause Init Mark (unload classes) 0.217ms
[5.934s][info][gc,start    ] GC(55) Concurrent marking roots
[5.934s][info][gc,task     ] GC(55) Using 3 of 6 workers for concurrent marking roots
[5.934s][info][gc          ] GC(55) Concurrent marking roots 0.336ms
[5.934s][info][gc,start    ] GC(55) Concurrent marking (unload classes)
[5.934s][info][gc,task     ] GC(55) Using 3 of 6 workers for concurrent marking
[5.936s][info][gc          ] GC(55) Concurrent marking (unload classes) 1.805ms
[5.936s][info][gc,start    ] GC(55) Pause Final Mark (unload classes)
[5.936s][info][gc,task     ] GC(55) Using 6 of 6 workers for final marking
[5.937s][info][gc,ergo     ] GC(55) Adaptive CSet Selection. Target Free: 145M, Actual Free: 539M, Max CSet: 43690K, Min Garbage: 0B
[5.937s][info][gc,ergo     ] GC(55) Collectable Garbage: 536M (86%), Immediate: 365M (58%), CSet: 170M (27%)
[5.937s][info][gc,ergo     ] GC(55) Pacer for Evacuation. Used CSet: 212M, Free: 501M, Non-Taxable: 51389K, Alloc Tax Rate: 1.1x
[5.937s][info][gc          ] GC(55) Pause Final Mark (unload classes) 0.517ms
[5.937s][info][gc,start    ] GC(55) Concurrent thread roots
[5.937s][info][gc,task     ] GC(55) Using 3 of 6 workers for Concurrent thread roots
[5.937s][info][gc          ] GC(55) Concurrent thread roots 0.150ms
[5.937s][info][gc,start    ] GC(55) Concurrent weak references
[5.937s][info][gc,task     ] GC(55) Using 3 of 6 workers for concurrent weak references
[5.937s][info][gc,ref      ] GC(55) Encountered references: Soft: 47, Weak: 146, Final: 0, Phantom: 3
[5.937s][info][gc,ref      ] GC(55) Discovered  references: Soft: 0, Weak: 48, Final: 0, Phantom: 2
[5.937s][info][gc,ref      ] GC(55) Enqueued    references: Soft: 0, Weak: 0, Final: 0, Phantom: 0
[5.937s][info][gc          ] GC(55) Concurrent weak references 0.108ms
[5.937s][info][gc,start    ] GC(55) Concurrent weak roots
[5.937s][info][gc,task     ] GC(55) Using 3 of 6 workers for concurrent weak root
[5.937s][info][gc          ] GC(55) Concurrent weak roots 0.256ms
[5.937s][info][gc,start    ] GC(55) Concurrent cleanup
[5.938s][info][gc          ] GC(55) Concurrent cleanup 831M->465M(1024M) 0.066ms
[5.938s][info][gc,ergo     ] GC(55) Free: 501M, Max: 512K regular, 125M humongous, Frag: 75% external, 32% internal; Reserve: 52718K, Max: 512K
[5.938s][info][gc,start    ] GC(55) Concurrent class unloading
[5.938s][info][gc,task     ] GC(55) Using 3 of 6 workers for concurrent class unloading
[5.938s][info][gc          ] GC(55) Concurrent class unloading 0.529ms
[5.938s][info][gc,start    ] GC(55) Concurrent strong roots
[5.938s][info][gc,task     ] GC(55) Using 3 of 6 workers for concurrent strong root
[5.938s][info][gc          ] GC(55) Concurrent strong roots 0.087ms
[5.938s][info][gc,start    ] GC(55) Concurrent evacuation
[5.938s][info][gc,task     ] GC(55) Using 3 of 6 workers for concurrent evacuation
[5.947s][info][gc          ] GC(55) Concurrent evacuation 8.551ms
[5.947s][info][gc,start    ] GC(55) Pause Init Update Refs
[5.947s][info][gc,ergo     ] GC(55) Pacer for Update Refs. Used: 521M, Free: 490M, Non-Taxable: 50272K, Alloc Tax Rate: 1.3x
[5.947s][info][gc          ] GC(55) Pause Init Update Refs 0.025ms
[5.947s][info][gc,start    ] GC(55) Concurrent update references
[5.947s][info][gc,task     ] GC(55) Using 3 of 6 workers for concurrent reference update
[5.950s][info][gc          ] GC(55) Concurrent update references 2.872ms
[5.950s][info][gc,start    ] GC(55) Concurrent update thread roots
[5.950s][info][gc          ] GC(55) Concurrent update thread roots 0.298ms
[5.951s][info][gc,start    ] GC(55) Pause Final Update Refs
[5.951s][info][gc,task     ] GC(55) Using 6 of 6 workers for final reference update
[5.951s][info][gc          ] GC(55) Pause Final Update Refs 0.228ms
[5.951s][info][gc,start    ] GC(55) Concurrent cleanup
[5.951s][info][gc          ] GC(55) Concurrent cleanup 544M->333M(1024M) 0.062ms
[5.951s][info][gc,ergo     ] Free: 638M, Max: 512K regular, 98816K humongous, Frag: 85% external, 29% internal; Reserve: 52736K, Max: 512K
[5.951s][info][gc,stats    ] 
[5.951s][info][gc,stats    ] All times are wall-clock times, except per-root-class counters, that are sum over
[5.951s][info][gc,stats    ] all workers. Dividing the <total> over the root stage time estimates parallelism.
[5.951s][info][gc,stats    ] 
[5.951s][info][gc,stats    ] Concurrent Reset                   2387 us
[5.951s][info][gc,stats    ] Pause Init Mark (G)                 572 us
[5.951s][info][gc,stats    ] Pause Init Mark (N)                 221 us
[5.951s][info][gc,stats    ]   Update Region States              175 us
[5.951s][info][gc,stats    ] Concurrent Mark Roots               348 us, parallelism: 1.08x
[5.951s][info][gc,stats    ]   CMR: <total>                      376 us
[5.951s][info][gc,stats    ]   CMR: Thread Roots                 262 us, workers (us):  19, 140, 102, ---, ---, ---, 
[5.951s][info][gc,stats    ]   CMR: VM Strong Roots               11 us, workers (us):  11,   0,   0, ---, ---, ---, 
[5.951s][info][gc,stats    ]   CMR: CLDG Roots                   103 us, workers (us): 103, ---, ---, ---, ---, ---, 
[5.951s][info][gc,stats    ] Concurrent Marking                 1826 us
[5.951s][info][gc,stats    ] Pause Final Mark (G)                659 us
[5.951s][info][gc,stats    ] Pause Final Mark (N)                522 us
[5.951s][info][gc,stats    ]   Finish Mark                       314 us
[5.951s][info][gc,stats    ]   Update Region States               78 us
[5.951s][info][gc,stats    ]   Choose Collection Set              75 us
[5.951s][info][gc,stats    ]   Rebuild Free Set                   17 us
[5.951s][info][gc,stats    ] Concurrent Thread Roots             159 us, parallelism: 0.65x
[5.951s][info][gc,stats    ]   CTR: <total>                      103 us
[5.951s][info][gc,stats    ]   CTR: Thread Roots                 103 us, workers (us):  70,  31,   2, ---, ---, ---, 
[5.951s][info][gc,stats    ] Concurrent Weak References          112 us, parallelism: 0.03x
[5.951s][info][gc,stats    ]   CWRF: <total>                       4 us
[5.951s][info][gc,stats    ]   CWRF: Weak References               4 us, workers (us):   4,   0,   0, ---, ---, ---, 
[5.951s][info][gc,stats    ] Concurrent Weak Roots               264 us
[5.951s][info][gc,stats    ]   Roots                             162 us, parallelism: 0.87x
[5.951s][info][gc,stats    ]     CWR: <total>                    141 us
[5.951s][info][gc,stats    ]     CWR: Code Cache Roots           121 us, workers (us):  51,  70,   0, ---, ---, ---, 
[5.951s][info][gc,stats    ]     CWR: VM Weak Roots               17 us, workers (us):  16,   0,   0, ---, ---, ---, 
[5.951s][info][gc,stats    ]     CWR: CLDG Roots                   3 us, workers (us):   3, ---, ---, ---, ---, ---, 
[5.951s][info][gc,stats    ]   Rendezvous                         87 us
[5.951s][info][gc,stats    ] Concurrent Cleanup                   70 us
[5.951s][info][gc,stats    ] Concurrent Class Unloading          538 us
[5.951s][info][gc,stats    ]   Unlink Stale                      339 us
[5.951s][info][gc,stats    ]     System Dictionary                 4 us
[5.951s][info][gc,stats    ]     Weak Class Links                  0 us
[5.951s][info][gc,stats    ]     Code Roots                      334 us
[5.951s][info][gc,stats    ]   Rendezvous                         91 us
[5.951s][info][gc,stats    ]   Purge Unlinked                     91 us
[5.951s][info][gc,stats    ]     Code Roots                       74 us
[5.951s][info][gc,stats    ]     CLDG                             17 us
[5.951s][info][gc,stats    ]     Exception Caches                  0 us
[5.951s][info][gc,stats    ] Concurrent Strong Roots              95 us, parallelism: 0.25x
[5.951s][info][gc,stats    ]   CSR: <total>                       24 us
[5.951s][info][gc,stats    ]   CSR: VM Strong Roots                3 us, workers (us):   3,   0,   0, ---, ---, ---, 
[5.951s][info][gc,stats    ]   CSR: CLDG Roots                    21 us, workers (us):  21, ---, ---, ---, ---, ---, 
[5.951s][info][gc,stats    ] Concurrent Evacuation              8631 us
[5.951s][info][gc,stats    ] Pause Init Update Refs (G)          355 us
[5.951s][info][gc,stats    ] Pause Init Update Refs (N)           28 us
[5.951s][info][gc,stats    ]   Manage GCLABs                       3 us
[5.951s][info][gc,stats    ] Concurrent Update Refs             2947 us
[5.951s][info][gc,stats    ] Concurrent Update Thread Roots      316 us
[5.951s][info][gc,stats    ] Pause Final Update Refs (G)         484 us
[5.951s][info][gc,stats    ] Pause Final Update Refs (N)         239 us
[5.951s][info][gc,stats    ]   Update Region States              181 us
[5.951s][info][gc,stats    ]   Trash Collection Set                8 us
[5.951s][info][gc,stats    ]   Rebuild Free Set                   18 us
[5.951s][info][gc,stats    ] Concurrent Cleanup                   68 us
[5.951s][info][gc,stats    ] Pacing                             8681 us
[5.951s][info][gc,stats    ] 
[5.951s][info][gc,stats    ] Allocation pacing accrued:
[5.951s][info][gc,stats    ]       9 of    54 ms ( 16.1%): main
[5.951s][info][gc,stats    ]       9 of    54 ms ( 16.1%): <total>
[5.951s][info][gc,stats    ]       1 of    54 ms (  1.5%): <average total>
[5.951s][info][gc,stats    ]       9 of    54 ms ( 16.1%): <average non-zero>
[5.951s][info][gc,stats    ] 
[5.951s][info][gc,metaspace] Metaspace: 6358K(6528K)->6358K(6528K) NonClass: 5812K(5888K)->5812K(5888K) Class: 546K(640K)->546K(640K)
[5.951s][info][gc,ergo     ] Pacer for Idle. Initial: 20971K, Alloc Tax Rate: 1.0x
[5.987s][info][gc          ] Trigger: Average GC time (32.68 ms) is above the time for average allocation rate (3073 MB/s) to deplete free headroom (96557K) (margin of error = 1.80)
[5.988s][info][gc,ergo     ] Free headroom: 145M (free) - 52428K (spike) - 0B (penalties) = 96557K
[5.988s][info][gc,ergo     ] Free: 144M, Max: 512K regular, 98816K humongous, Frag: 34% external, 2% internal; Reserve: 52736K, Max: 512K
[5.988s][info][gc,start    ] GC(56) Concurrent reset
[5.988s][info][gc,task     ] GC(56) Using 3 of 6 workers for concurrent reset
[5.988s][info][gc,ergo     ] GC(56) Pacer for Reset. Non-Taxable: 1024M
[5.990s][info][gc          ] GC(56) Concurrent reset 2.782ms
[5.991s][info][gc,start    ] GC(56) Pause Init Mark (unload classes)
[5.991s][info][gc,task     ] GC(56) Using 6 of 6 workers for init marking
[5.991s][info][gc,ergo     ] GC(56) Pacer for Mark. Expected Live: 196M, Free: 134M, Non-Taxable: 13771K, Alloc Tax Rate: 1.8x
[5.991s][info][gc          ] GC(56) Pause Init Mark (unload classes) 0.265ms
[5.991s][info][gc,start    ] GC(56) Concurrent marking roots
[5.991s][info][gc,task     ] GC(56) Using 3 of 6 workers for concurrent marking roots
[5.992s][info][gc          ] GC(56) Concurrent marking roots 0.459ms
[5.992s][info][gc,start    ] GC(56) Concurrent marking (unload classes)
[5.992s][info][gc,task     ] GC(56) Using 3 of 6 workers for concurrent marking
[5.993s][info][gc          ] GC(56) Concurrent marking (unload classes) 1.549ms
[5.993s][info][gc,start    ] GC(56) Pause Final Mark (unload classes)
[5.993s][info][gc,task     ] GC(56) Using 6 of 6 workers for final marking
[5.994s][info][gc,ergo     ] GC(56) Adaptive CSet Selection. Target Free: 145M, Actual Free: 542M, Max CSet: 43690K, Min Garbage: 0B
[5.994s][info][gc,ergo     ] GC(56) Collectable Garbage: 534M (85%), Immediate: 371M (59%), CSet: 163M (26%)
[5.994s][info][gc,ergo     ] GC(56) Pacer for Evacuation. Used CSet: 206M, Free: 505M, Non-Taxable: 51750K, Alloc Tax Rate: 1.1x
[5.994s][info][gc          ] GC(56) Pause Final Mark (unload classes) 0.585ms
[5.994s][info][gc,start    ] GC(56) Concurrent thread roots
[5.994s][info][gc,task     ] GC(56) Using 3 of 6 workers for Concurrent thread roots
[5.994s][info][gc          ] GC(56) Concurrent thread roots 0.172ms
[5.994s][info][gc,start    ] GC(56) Concurrent weak references
[5.994s][info][gc,task     ] GC(56) Using 3 of 6 workers for concurrent weak references
[5.994s][info][gc,ref      ] GC(56) Encountered references: Soft: 47, Weak: 146, Final: 0, Phantom: 3
[5.994s][info][gc,ref      ] GC(56) Discovered  references: Soft: 0, Weak: 48, Final: 0, Phantom: 2
[5.994s][info][gc,ref      ] GC(56) Enqueued    references: Soft: 0, Weak: 0, Final: 0, Phantom: 0
[5.994s][info][gc          ] GC(56) Concurrent weak references 0.059ms
[5.994s][info][gc,start    ] GC(56) Concurrent weak roots
[5.994s][info][gc,task     ] GC(56) Using 3 of 6 workers for concurrent weak root
[5.995s][info][gc          ] GC(56) Concurrent weak roots 0.302ms
[5.995s][info][gc,start    ] GC(56) Concurrent cleanup
[5.995s][info][gc          ] GC(56) Concurrent cleanup 834M->462M(1024M) 0.060ms
[5.995s][info][gc,ergo     ] GC(56) Free: 505M, Max: 512K regular, 153M humongous, Frag: 70% external, 32% internal; Reserve: 52720K, Max: 512K
[5.995s][info][gc,start    ] GC(56) Concurrent class unloading
[5.995s][info][gc,task     ] GC(56) Using 3 of 6 workers for concurrent class unloading
[5.995s][info][gc          ] GC(56) Concurrent class unloading 0.369ms
[5.995s][info][gc,start    ] GC(56) Concurrent strong roots
[5.995s][info][gc,task     ] GC(56) Using 3 of 6 workers for concurrent strong root
[5.995s][info][gc          ] GC(56) Concurrent strong roots 0.117ms
[5.995s][info][gc,start    ] GC(56) Concurrent evacuation
[5.995s][info][gc,task     ] GC(56) Using 3 of 6 workers for concurrent evacuation
[6.011s][info][gc          ] GC(56) Concurrent evacuation 15.785ms
[6.011s][info][gc,start    ] GC(56) Pause Init Update Refs
[6.011s][info][gc,ergo     ] GC(56) Pacer for Update Refs. Used: 551M, Free: 459M, Non-Taxable: 47076K, Alloc Tax Rate: 1.5x
[6.011s][info][gc          ] GC(56) Pause Init Update Refs 0.055ms
[6.011s][info][gc,start    ] GC(56) Concurrent update references
[6.011s][info][gc,task     ] GC(56) Using 3 of 6 workers for concurrent reference update
[6.014s][info][gc          ] GC(56) Concurrent update references 2.906ms
[6.014s][info][gc,start    ] GC(56) Concurrent update thread roots
[6.015s][info][gc          ] GC(56) Concurrent update thread roots 0.423ms
[6.015s][info][gc,start    ] GC(56) Pause Final Update Refs
[6.015s][info][gc,task     ] GC(56) Using 6 of 6 workers for final reference update
[6.015s][info][gc          ] GC(56) Pause Final Update Refs 0.256ms
[6.015s][info][gc,start    ] GC(56) Concurrent cleanup
[6.015s][info][gc          ] GC(56) Concurrent cleanup 575M->370M(1024M) 0.067ms
[6.016s][info][gc,ergo     ] Free: 601M, Max: 512K regular, 122M humongous, Frag: 80% external, 34% internal; Reserve: 52736K, Max: 512K
[6.016s][info][gc,stats    ] 
[6.016s][info][gc,stats    ] All times are wall-clock times, except per-root-class counters, that are sum over
[6.016s][info][gc,stats    ] all workers. Dividing the <total> over the root stage time estimates parallelism.
[6.016s][info][gc,stats    ] 
[6.016s][info][gc,stats    ] Concurrent Reset                   2889 us
[6.016s][info][gc,stats    ] Pause Init Mark (G)                 681 us
[6.016s][info][gc,stats    ] Pause Init Mark (N)                 269 us
[6.016s][info][gc,stats    ]   Update Region States              218 us
[6.016s][info][gc,stats    ] Concurrent Mark Roots               473 us, parallelism: 1.22x
[6.016s][info][gc,stats    ]   CMR: <total>                      575 us
[6.016s][info][gc,stats    ]   CMR: Thread Roots                 377 us, workers (us):   0, 261, 116, ---, ---, ---, 
[6.016s][info][gc,stats    ]   CMR: VM Strong Roots               12 us, workers (us):  11,   0,   0, ---, ---, ---, 
[6.016s][info][gc,stats    ]   CMR: CLDG Roots                   186 us, workers (us): 186, ---, ---, ---, ---, ---, 
[6.016s][info][gc,stats    ] Concurrent Marking                 1565 us
[6.016s][info][gc,stats    ] Pause Final Mark (G)                725 us
[6.016s][info][gc,stats    ] Pause Final Mark (N)                588 us
[6.016s][info][gc,stats    ]   Finish Mark                       357 us
[6.016s][info][gc,stats    ]   Update Region States              101 us
[6.016s][info][gc,stats    ]   Choose Collection Set              88 us
[6.016s][info][gc,stats    ]   Rebuild Free Set                   15 us
[6.016s][info][gc,stats    ] Concurrent Thread Roots             183 us, parallelism: 0.47x
[6.016s][info][gc,stats    ]   CTR: <total>                       86 us
[6.016s][info][gc,stats    ]   CTR: Thread Roots                  86 us, workers (us):  79,   7,   0, ---, ---, ---, 
[6.016s][info][gc,stats    ] Concurrent Weak References           62 us, parallelism: 0.05x
[6.016s][info][gc,stats    ]   CWRF: <total>                       3 us
[6.016s][info][gc,stats    ]   CWRF: Weak References               3 us, workers (us):   3,   0,   0, ---, ---, ---, 
[6.016s][info][gc,stats    ] Concurrent Weak Roots               313 us
[6.016s][info][gc,stats    ]   Roots                             204 us, parallelism: 1.12x
[6.016s][info][gc,stats    ]     CWR: <total>                    229 us
[6.016s][info][gc,stats    ]     CWR: Code Cache Roots           205 us, workers (us):  94, 110,   0, ---, ---, ---, 
[6.016s][info][gc,stats    ]     CWR: VM Weak Roots               20 us, workers (us):  18,   2,   0, ---, ---, ---, 
[6.016s][info][gc,stats    ]     CWR: CLDG Roots                   4 us, workers (us):   4, ---, ---, ---, ---, ---, 
[6.016s][info][gc,stats    ]   Rendezvous                         90 us
[6.016s][info][gc,stats    ] Concurrent Cleanup                   64 us
[6.016s][info][gc,stats    ] Concurrent Class Unloading          376 us
[6.016s][info][gc,stats    ]   Unlink Stale                      196 us
[6.016s][info][gc,stats    ]     System Dictionary                 2 us
[6.016s][info][gc,stats    ]     Weak Class Links                  0 us
[6.016s][info][gc,stats    ]     Code Roots                      193 us
[6.016s][info][gc,stats    ]   Rendezvous                         91 us
[6.016s][info][gc,stats    ]   Purge Unlinked                     75 us
[6.016s][info][gc,stats    ]     Code Roots                       62 us
[6.016s][info][gc,stats    ]     CLDG                             13 us
[6.016s][info][gc,stats    ]     Exception Caches                  0 us
[6.016s][info][gc,stats    ] Concurrent Strong Roots             126 us, parallelism: 0.36x
[6.016s][info][gc,stats    ]   CSR: <total>                       45 us
[6.016s][info][gc,stats    ]   CSR: VM Strong Roots                2 us, workers (us):   2,   0,   0, ---, ---, ---, 
[6.016s][info][gc,stats    ]   CSR: CLDG Roots                    43 us, workers (us):  43, ---, ---, ---, ---, ---, 
[6.016s][info][gc,stats    ] Concurrent Evacuation             15917 us
[6.016s][info][gc,stats    ] Pause Init Update Refs (G)          407 us
[6.016s][info][gc,stats    ] Pause Init Update Refs (N)           60 us
[6.016s][info][gc,stats    ]   Manage GCLABs                       8 us
[6.016s][info][gc,stats    ] Concurrent Update Refs             2987 us
[6.016s][info][gc,stats    ] Concurrent Update Thread Roots      443 us
[6.016s][info][gc,stats    ] Pause Final Update Refs (G)         522 us
[6.016s][info][gc,stats    ] Pause Final Update Refs (N)         267 us
[6.016s][info][gc,stats    ]   Update Region States              200 us
[6.016s][info][gc,stats    ]   Trash Collection Set                9 us
[6.016s][info][gc,stats    ]   Rebuild Free Set                   23 us
[6.016s][info][gc,stats    ] Concurrent Cleanup                   73 us
[6.016s][info][gc,stats    ] Pacing                             4686 us
[6.016s][info][gc,stats    ] 
[6.016s][info][gc,stats    ] Allocation pacing accrued:
[6.016s][info][gc,stats    ]       5 of    65 ms (  7.3%): main
[6.016s][info][gc,stats    ]       5 of    65 ms (  7.3%): <total>
[6.016s][info][gc,stats    ]       0 of    65 ms (  0.7%): <average total>
[6.016s][info][gc,stats    ]       5 of    65 ms (  7.3%): <average non-zero>
[6.016s][info][gc,stats    ] 
[6.016s][info][gc,metaspace] Metaspace: 6358K(6528K)->6358K(6528K) NonClass: 5812K(5888K)->5812K(5888K) Class: 546K(640K)->546K(640K)
[6.016s][info][gc,ergo     ] Pacer for Idle. Initial: 20971K, Alloc Tax Rate: 1.0x
[6.055s][info][gc          ] Trigger: Average GC time (33.13 ms) is above the time for average allocation rate (3073 MB/s) to deplete free headroom (100978K) (margin of error = 1.81)
[6.055s][info][gc,ergo     ] Free headroom: 149M (free) - 52428K (spike) - 0B (penalties) = 100978K
[6.055s][info][gc,ergo     ] Free: 149M, Max: 512K regular, 122M humongous, Frag: 17% external, 38% internal; Reserve: 52736K, Max: 512K
[6.055s][info][gc,start    ] GC(57) Concurrent reset
[6.055s][info][gc,task     ] GC(57) Using 3 of 6 workers for concurrent reset
[6.055s][info][gc,ergo     ] GC(57) Pacer for Reset. Non-Taxable: 1024M
[6.059s][info][gc          ] GC(57) Concurrent reset 3.120ms
[6.059s][info][gc,start    ] GC(57) Pause Init Mark (unload classes)
[6.059s][info][gc,task     ] GC(57) Using 6 of 6 workers for init marking
[6.059s][info][gc,ergo     ] GC(57) Pacer for Mark. Expected Live: 196M, Free: 136M, Non-Taxable: 14014K, Alloc Tax Rate: 1.8x
[6.059s][info][gc          ] GC(57) Pause Init Mark (unload classes) 0.260ms
[6.059s][info][gc,start    ] GC(57) Concurrent marking roots
[6.059s][info][gc,task     ] GC(57) Using 3 of 6 workers for concurrent marking roots
[6.060s][info][gc          ] GC(57) Concurrent marking roots 0.407ms
[6.060s][info][gc,start    ] GC(57) Concurrent marking (unload classes)
[6.060s][info][gc,task     ] GC(57) Using 3 of 6 workers for concurrent marking
[6.061s][info][gc          ] GC(57) Concurrent marking (unload classes) 1.763ms
[6.061s][info][gc,start    ] GC(57) Pause Final Mark (unload classes)
[6.061s][info][gc,task     ] GC(57) Using 6 of 6 workers for final marking
[6.062s][info][gc,ergo     ] GC(57) Adaptive CSet Selection. Target Free: 145M, Actual Free: 551M, Max CSet: 43690K, Min Garbage: 0B
[6.062s][info][gc,ergo     ] GC(57) Collectable Garbage: 537M (86%), Immediate: 377M (60%), CSet: 159M (25%)
[6.062s][info][gc,ergo     ] GC(57) Pacer for Evacuation. Used CSet: 202M, Free: 514M, Non-Taxable: 52676K, Alloc Tax Rate: 1.1x
[6.062s][info][gc          ] GC(57) Pause Final Mark (unload classes) 0.498ms
[6.062s][info][gc,start    ] GC(57) Concurrent thread roots
[6.062s][info][gc,task     ] GC(57) Using 3 of 6 workers for Concurrent thread roots
[6.062s][info][gc          ] GC(57) Concurrent thread roots 0.195ms
[6.062s][info][gc,start    ] GC(57) Concurrent weak references
[6.062s][info][gc,task     ] GC(57) Using 3 of 6 workers for concurrent weak references
[6.062s][info][gc,ref      ] GC(57) Encountered references: Soft: 47, Weak: 146, Final: 0, Phantom: 3
[6.062s][info][gc,ref      ] GC(57) Discovered  references: Soft: 0, Weak: 53, Final: 0, Phantom: 2
[6.062s][info][gc,ref      ] GC(57) Enqueued    references: Soft: 0, Weak: 0, Final: 0, Phantom: 0
[6.062s][info][gc          ] GC(57) Concurrent weak references 0.085ms
[6.062s][info][gc,start    ] GC(57) Concurrent weak roots
[6.062s][info][gc,task     ] GC(57) Using 3 of 6 workers for concurrent weak root
[6.063s][info][gc          ] GC(57) Concurrent weak roots 0.256ms
[6.063s][info][gc,start    ] GC(57) Concurrent cleanup
[6.063s][info][gc          ] GC(57) Concurrent cleanup 831M->453M(1024M) 0.061ms
[6.063s][info][gc,ergo     ] GC(57) Free: 514M, Max: 512K regular, 154M humongous, Frag: 70% external, 32% internal; Reserve: 52718K, Max: 512K
[6.063s][info][gc,start    ] GC(57) Concurrent class unloading
[6.063s][info][gc,task     ] GC(57) Using 3 of 6 workers for concurrent class unloading
[6.063s][info][gc          ] GC(57) Concurrent class unloading 0.472ms
[6.063s][info][gc,start    ] GC(57) Concurrent strong roots
[6.063s][info][gc,task     ] GC(57) Using 3 of 6 workers for concurrent strong root
[6.063s][info][gc          ] GC(57) Concurrent strong roots 0.111ms
[6.063s][info][gc,start    ] GC(57) Concurrent evacuation
[6.063s][info][gc,task     ] GC(57) Using 3 of 6 workers for concurrent evacuation
[6.075s][info][gc          ] GC(57) Concurrent evacuation 12.171ms
[6.076s][info][gc,start    ] GC(57) Pause Init Update Refs
[6.076s][info][gc,ergo     ] GC(57) Pacer for Update Refs. Used: 525M, Free: 486M, Non-Taxable: 49856K, Alloc Tax Rate: 1.3x
[6.076s][info][gc          ] GC(57) Pause Init Update Refs 0.061ms
[6.076s][info][gc,start    ] GC(57) Concurrent update references
[6.076s][info][gc,task     ] GC(57) Using 3 of 6 workers for concurrent reference update
[6.080s][info][gc          ] GC(57) Concurrent update references 4.346ms
[6.080s][info][gc,start    ] GC(57) Concurrent update thread roots
[6.081s][info][gc          ] GC(57) Concurrent update thread roots 0.514ms
[6.081s][info][gc,start    ] GC(57) Pause Final Update Refs
[6.081s][info][gc,task     ] GC(57) Using 6 of 6 workers for final reference update
[6.082s][info][gc          ] GC(57) Pause Final Update Refs 0.291ms
[6.082s][info][gc,start    ] GC(57) Concurrent cleanup
[6.082s][info][gc          ] GC(57) Concurrent cleanup 550M->348M(1024M) 0.081ms
[6.082s][info][gc,ergo     ] Free: 623M, Max: 512K regular, 121M humongous, Frag: 81% external, 31% internal; Reserve: 52736K, Max: 512K
[6.082s][info][gc,stats    ] 
[6.082s][info][gc,stats    ] All times are wall-clock times, except per-root-class counters, that are sum over
[6.082s][info][gc,stats    ] all workers. Dividing the <total> over the root stage time estimates parallelism.
[6.082s][info][gc,stats    ] 
[6.082s][info][gc,stats    ] Concurrent Reset                   3193 us
[6.082s][info][gc,stats    ] Pause Init Mark (G)                 554 us
[6.082s][info][gc,stats    ] Pause Init Mark (N)                 264 us
[6.082s][info][gc,stats    ]   Update Region States              219 us
[6.082s][info][gc,stats    ] Concurrent Mark Roots               439 us, parallelism: 1.07x
[6.082s][info][gc,stats    ]   CMR: <total>                      468 us
[6.082s][info][gc,stats    ]   CMR: Thread Roots                 234 us, workers (us):   0, 156,  78, ---, ---, ---, 
[6.082s][info][gc,stats    ]   CMR: VM Strong Roots                8 us, workers (us):   7,   0,   0, ---, ---, ---, 
[6.082s][info][gc,stats    ]   CMR: CLDG Roots                   226 us, workers (us): 226, ---, ---, ---, ---, ---, 
[6.082s][info][gc,stats    ] Concurrent Marking                 1784 us
[6.082s][info][gc,stats    ] Pause Final Mark (G)                594 us
[6.082s][info][gc,stats    ] Pause Final Mark (N)                502 us
[6.082s][info][gc,stats    ]   Finish Mark                       276 us
[6.082s][info][gc,stats    ]   Update Region States               97 us
[6.082s][info][gc,stats    ]   Choose Collection Set              84 us
[6.082s][info][gc,stats    ]   Rebuild Free Set                   15 us
[6.082s][info][gc,stats    ] Concurrent Thread Roots             206 us, parallelism: 0.79x
[6.082s][info][gc,stats    ]   CTR: <total>                      162 us
[6.082s][info][gc,stats    ]   CTR: Thread Roots                 162 us, workers (us):  65,  45,  52, ---, ---, ---, 
[6.082s][info][gc,stats    ] Concurrent Weak References           88 us, parallelism: 0.04x
[6.082s][info][gc,stats    ]   CWRF: <total>                       4 us
[6.082s][info][gc,stats    ]   CWRF: Weak References               4 us, workers (us):   4,   0,   0, ---, ---, ---, 
[6.082s][info][gc,stats    ] Concurrent Weak Roots               267 us
[6.082s][info][gc,stats    ]   Roots                             196 us, parallelism: 1.08x
[6.082s][info][gc,stats    ]     CWR: <total>                    212 us
[6.082s][info][gc,stats    ]     CWR: Code Cache Roots           154 us, workers (us):  86,  68,   0, ---, ---, ---, 
[6.082s][info][gc,stats    ]     CWR: VM Weak Roots               55 us, workers (us):  54,   0,   1, ---, ---, ---, 
[6.082s][info][gc,stats    ]     CWR: CLDG Roots                   3 us, workers (us):   3, ---, ---, ---, ---, ---, 
[6.082s][info][gc,stats    ]   Rendezvous                         52 us
[6.082s][info][gc,stats    ] Concurrent Cleanup                   65 us
[6.082s][info][gc,stats    ] Concurrent Class Unloading          480 us
[6.082s][info][gc,stats    ]   Unlink Stale                      289 us
[6.082s][info][gc,stats    ]     System Dictionary                 3 us
[6.082s][info][gc,stats    ]     Weak Class Links                  0 us
[6.082s][info][gc,stats    ]     Code Roots                      285 us
[6.082s][info][gc,stats    ]   Rendezvous                         46 us
[6.082s][info][gc,stats    ]   Purge Unlinked                    129 us
[6.082s][info][gc,stats    ]     Code Roots                      102 us
[6.082s][info][gc,stats    ]     CLDG                             27 us
[6.082s][info][gc,stats    ]     Exception Caches                  0 us
[6.082s][info][gc,stats    ] Concurrent Strong Roots             119 us, parallelism: 0.32x
[6.082s][info][gc,stats    ]   CSR: <total>                       38 us
[6.082s][info][gc,stats    ]   CSR: VM Strong Roots               24 us, workers (us):  24,   0,   0, ---, ---, ---, 
[6.082s][info][gc,stats    ]   CSR: CLDG Roots                    14 us, workers (us):  14, ---, ---, ---, ---, ---, 
[6.082s][info][gc,stats    ] Concurrent Evacuation             12337 us
[6.082s][info][gc,stats    ] Pause Init Update Refs (G)          384 us
[6.082s][info][gc,stats    ] Pause Init Update Refs (N)           66 us
[6.082s][info][gc,stats    ]   Manage GCLABs                       8 us
[6.082s][info][gc,stats    ] Concurrent Update Refs             4488 us
[6.082s][info][gc,stats    ] Concurrent Update Thread Roots      540 us
[6.082s][info][gc,stats    ] Pause Final Update Refs (G)         611 us
[6.082s][info][gc,stats    ] Pause Final Update Refs (N)         305 us
[6.082s][info][gc,stats    ]   Update Region States              213 us
[6.082s][info][gc,stats    ]   Trash Collection Set               11 us
[6.082s][info][gc,stats    ]   Rebuild Free Set                   32 us
[6.082s][info][gc,stats    ] Concurrent Cleanup                   89 us
[6.082s][info][gc,stats    ] Pacing                             5549 us
[6.082s][info][gc,stats    ] 
[6.082s][info][gc,stats    ] Allocation pacing accrued:
[6.082s][info][gc,stats    ]       6 of    66 ms (  8.4%): main
[6.082s][info][gc,stats    ]       6 of    66 ms (  8.4%): <total>
[6.082s][info][gc,stats    ]       1 of    66 ms (  0.8%): <average total>
[6.082s][info][gc,stats    ]       6 of    66 ms (  8.4%): <average non-zero>
[6.082s][info][gc,stats    ] 
[6.082s][info][gc,metaspace] Metaspace: 6358K(6528K)->6358K(6528K) NonClass: 5812K(5888K)->5812K(5888K) Class: 546K(640K)->546K(640K)
[6.082s][info][gc,ergo     ] Pacer for Idle. Initial: 20971K, Alloc Tax Rate: 1.0x
[6.154s][info][gc          ] Trigger: Average GC time (31.21 ms) is above the time for average allocation rate (3073 MB/s) to deplete free headroom (91338K) (margin of error = 1.80)
[6.154s][info][gc,ergo     ] Free headroom: 140M (free) - 52428K (spike) - 0B (penalties) = 91338K
[6.154s][info][gc,ergo     ] Free: 139M, Max: 512K regular, 121M humongous, Frag: 13% external, 1% internal; Reserve: 52736K, Max: 512K
[6.154s][info][gc,start    ] GC(58) Concurrent reset
[6.154s][info][gc,task     ] GC(58) Using 3 of 6 workers for concurrent reset
[6.154s][info][gc,ergo     ] GC(58) Pacer for Reset. Non-Taxable: 1024M
[6.157s][info][gc          ] GC(58) Concurrent reset 3.478ms
[6.158s][info][gc,start    ] GC(58) Pause Init Mark (unload classes)
[6.158s][info][gc,task     ] GC(58) Using 6 of 6 workers for init marking
[6.158s][info][gc,ergo     ] GC(58) Pacer for Mark. Expected Live: 196M, Free: 132M, Non-Taxable: 13577K, Alloc Tax Rate: 1.8x
[6.158s][info][gc          ] GC(58) Pause Init Mark (unload classes) 0.220ms
[6.158s][info][gc,start    ] GC(58) Concurrent marking roots
[6.158s][info][gc,task     ] GC(58) Using 3 of 6 workers for concurrent marking roots
[6.159s][info][gc          ] GC(58) Concurrent marking roots 0.327ms
[6.159s][info][gc,start    ] GC(58) Concurrent marking (unload classes)
[6.159s][info][gc,task     ] GC(58) Using 3 of 6 workers for concurrent marking
[6.161s][info][gc          ] GC(58) Concurrent marking (unload classes) 2.377ms
[6.161s][info][gc,start    ] GC(58) Pause Final Mark (unload classes)
[6.161s][info][gc,task     ] GC(58) Using 6 of 6 workers for final marking
[6.162s][info][gc,ergo     ] GC(58) Adaptive CSet Selection. Target Free: 145M, Actual Free: 546M, Max CSet: 43690K, Min Garbage: 0B
[6.162s][info][gc,ergo     ] GC(58) Collectable Garbage: 538M (85%), Immediate: 376M (60%), CSet: 162M (25%)
[6.162s][info][gc,ergo     ] GC(58) Pacer for Evacuation. Used CSet: 204M, Free: 508M, Non-Taxable: 52081K, Alloc Tax Rate: 1.1x
[6.162s][info][gc          ] GC(58) Pause Final Mark (unload classes) 0.522ms
[6.162s][info][gc,start    ] GC(58) Concurrent thread roots
[6.162s][info][gc,task     ] GC(58) Using 3 of 6 workers for Concurrent thread roots
[6.162s][info][gc          ] GC(58) Concurrent thread roots 0.230ms
[6.162s][info][gc,start    ] GC(58) Concurrent weak references
[6.162s][info][gc,task     ] GC(58) Using 3 of 6 workers for concurrent weak references
[6.162s][info][gc,ref      ] GC(58) Encountered references: Soft: 47, Weak: 146, Final: 0, Phantom: 3
[6.162s][info][gc,ref      ] GC(58) Discovered  references: Soft: 0, Weak: 55, Final: 0, Phantom: 2
[6.162s][info][gc,ref      ] GC(58) Enqueued    references: Soft: 0, Weak: 0, Final: 0, Phantom: 0
[6.162s][info][gc          ] GC(58) Concurrent weak references 0.077ms
[6.162s][info][gc,start    ] GC(58) Concurrent weak roots
[6.162s][info][gc,task     ] GC(58) Using 3 of 6 workers for concurrent weak root
[6.162s][info][gc          ] GC(58) Concurrent weak roots 0.425ms
[6.162s][info][gc,start    ] GC(58) Concurrent cleanup
[6.163s][info][gc          ] GC(58) Concurrent cleanup 835M->459M(1024M) 0.075ms
[6.163s][info][gc,ergo     ] GC(58) Free: 508M, Max: 512K regular, 150M humongous, Frag: 71% external, 32% internal; Reserve: 52724K, Max: 512K
[6.163s][info][gc,start    ] GC(58) Concurrent class unloading
[6.163s][info][gc,task     ] GC(58) Using 3 of 6 workers for concurrent class unloading
[6.163s][info][gc          ] GC(58) Concurrent class unloading 0.553ms
[6.163s][info][gc,start    ] GC(58) Concurrent strong roots
[6.163s][info][gc,task     ] GC(58) Using 3 of 6 workers for concurrent strong root
[6.163s][info][gc          ] GC(58) Concurrent strong roots 0.145ms
[6.163s][info][gc,start    ] GC(58) Concurrent evacuation
[6.163s][info][gc,task     ] GC(58) Using 3 of 6 workers for concurrent evacuation
[6.174s][info][gc          ] GC(58) Concurrent evacuation 11.033ms
[6.175s][info][gc,start    ] GC(58) Pause Init Update Refs
[6.175s][info][gc,ergo     ] GC(58) Pacer for Update Refs. Used: 523M, Free: 488M, Non-Taxable: 49980K, Alloc Tax Rate: 1.3x
[6.175s][info][gc          ] GC(58) Pause Init Update Refs 0.048ms
[6.175s][info][gc,start    ] GC(58) Concurrent update references
[6.175s][info][gc,task     ] GC(58) Using 3 of 6 workers for concurrent reference update
[6.179s][info][gc          ] GC(58) Concurrent update references 3.632ms
[6.179s][info][gc,start    ] GC(58) Concurrent update thread roots
[6.179s][info][gc          ] GC(58) Concurrent update thread roots 0.362ms
[6.179s][info][gc,start    ] GC(58) Pause Final Update Refs
[6.179s][info][gc,task     ] GC(58) Using 6 of 6 workers for final reference update
[6.179s][info][gc          ] GC(58) Pause Final Update Refs 0.283ms
[6.180s][info][gc,start    ] GC(58) Concurrent cleanup
[6.180s][info][gc          ] GC(58) Concurrent cleanup 547M->343M(1024M) 0.093ms
[6.180s][info][gc,ergo     ] Free: 628M, Max: 512K regular, 119M humongous, Frag: 81% external, 31% internal; Reserve: 52736K, Max: 512K
[6.180s][info][gc,stats    ] 
[6.180s][info][gc,stats    ] All times are wall-clock times, except per-root-class counters, that are sum over
[6.180s][info][gc,stats    ] all workers. Dividing the <total> over the root stage time estimates parallelism.
[6.180s][info][gc,stats    ] 
[6.180s][info][gc,stats    ] Concurrent Reset                   3564 us
[6.180s][info][gc,stats    ] Pause Init Mark (G)                 942 us
[6.180s][info][gc,stats    ] Pause Init Mark (N)                 227 us
[6.180s][info][gc,stats    ]   Update Region States              124 us
[6.180s][info][gc,stats    ] Concurrent Mark Roots               348 us, parallelism: 1.03x
[6.180s][info][gc,stats    ]   CMR: <total>                      357 us
[6.180s][info][gc,stats    ]   CMR: Thread Roots                 258 us, workers (us):  86,  82,  90, ---, ---, ---, 
[6.180s][info][gc,stats    ]   CMR: VM Strong Roots               13 us, workers (us):  11,   0,   1, ---, ---, ---, 
[6.180s][info][gc,stats    ]   CMR: CLDG Roots                    86 us, workers (us):  86, ---, ---, ---, ---, ---, 
[6.180s][info][gc,stats    ] Concurrent Marking                 2427 us
[6.180s][info][gc,stats    ] Pause Final Mark (G)                611 us
[6.180s][info][gc,stats    ] Pause Final Mark (N)                526 us
[6.180s][info][gc,stats    ]   Finish Mark                       283 us
[6.180s][info][gc,stats    ]   Update Region States              101 us
[6.180s][info][gc,stats    ]   Choose Collection Set              83 us
[6.180s][info][gc,stats    ]   Rebuild Free Set                   19 us
[6.180s][info][gc,stats    ] Concurrent Thread Roots             243 us, parallelism: 0.77x
[6.180s][info][gc,stats    ]   CTR: <total>                      188 us
[6.180s][info][gc,stats    ]   CTR: Thread Roots                 188 us, workers (us):  78,  48,  62, ---, ---, ---, 
[6.180s][info][gc,stats    ] Concurrent Weak References           81 us, parallelism: 0.13x
[6.180s][info][gc,stats    ]   CWRF: <total>                      11 us
[6.180s][info][gc,stats    ]   CWRF: Weak References              11 us, workers (us):  11,   0,   0, ---, ---, ---, 
[6.180s][info][gc,stats    ] Concurrent Weak Roots               437 us
[6.180s][info][gc,stats    ]   Roots                             326 us, parallelism: 1.14x
[6.180s][info][gc,stats    ]     CWR: <total>                    372 us
[6.180s][info][gc,stats    ]     CWR: Code Cache Roots           329 us, workers (us):   0, 224, 105, ---, ---, ---, 
[6.180s][info][gc,stats    ]     CWR: VM Weak Roots               36 us, workers (us):  23,  12,   1, ---, ---, ---, 
[6.180s][info][gc,stats    ]     CWR: CLDG Roots                   7 us, workers (us):   7, ---, ---, ---, ---, ---, 
[6.180s][info][gc,stats    ]   Rendezvous                         77 us
[6.180s][info][gc,stats    ] Concurrent Cleanup                   80 us
[6.180s][info][gc,stats    ] Concurrent Class Unloading          567 us
[6.180s][info][gc,stats    ]   Unlink Stale                      302 us
[6.180s][info][gc,stats    ]     System Dictionary                 4 us
[6.180s][info][gc,stats    ]     Weak Class Links                  0 us
[6.180s][info][gc,stats    ]     Code Roots                      297 us
[6.180s][info][gc,stats    ]   Rendezvous                        100 us
[6.180s][info][gc,stats    ]   Purge Unlinked                    142 us
[6.180s][info][gc,stats    ]     Code Roots                      122 us
[6.180s][info][gc,stats    ]     CLDG                             19 us
[6.180s][info][gc,stats    ]     Exception Caches                  0 us
[6.180s][info][gc,stats    ] Concurrent Strong Roots             158 us, parallelism: 0.11x
[6.180s][info][gc,stats    ]   CSR: <total>                       18 us
[6.180s][info][gc,stats    ]   CSR: VM Strong Roots                2 us, workers (us):   2,   0,   0, ---, ---, ---, 
[6.180s][info][gc,stats    ]   CSR: CLDG Roots                    16 us, workers (us):  16, ---, ---, ---, ---, ---, 
[6.180s][info][gc,stats    ] Concurrent Evacuation             11156 us
[6.180s][info][gc,stats    ] Pause Init Update Refs (G)          429 us
[6.180s][info][gc,stats    ] Pause Init Update Refs (N)           54 us
[6.180s][info][gc,stats    ]   Manage GCLABs                       6 us
[6.180s][info][gc,stats    ] Concurrent Update Refs             3734 us
[6.180s][info][gc,stats    ] Concurrent Update Thread Roots      403 us
[6.180s][info][gc,stats    ] Pause Final Update Refs (G)         517 us
[6.180s][info][gc,stats    ] Pause Final Update Refs (N)         297 us
[6.180s][info][gc,stats    ]   Update Region States              183 us
[6.180s][info][gc,stats    ]   Trash Collection Set               32 us
[6.180s][info][gc,stats    ]   Rebuild Free Set                   32 us
[6.180s][info][gc,stats    ] Concurrent Cleanup                  104 us
[6.180s][info][gc,stats    ] Pacing                             7851 us
[6.180s][info][gc,stats    ] 
[6.180s][info][gc,stats    ] Allocation pacing accrued:
[6.180s][info][gc,stats    ]       8 of    98 ms (  8.0%): main
[6.180s][info][gc,stats    ]       8 of    98 ms (  8.0%): <total>
[6.180s][info][gc,stats    ]       1 of    98 ms (  0.7%): <average total>
[6.180s][info][gc,stats    ]       8 of    98 ms (  8.0%): <average non-zero>
[6.180s][info][gc,stats    ] 
[6.180s][info][gc,metaspace] Metaspace: 6358K(6528K)->6358K(6528K) NonClass: 5812K(5888K)->5812K(5888K) Class: 546K(640K)->546K(640K)
[6.180s][info][gc,ergo     ] Pacer for Idle. Initial: 20971K, Alloc Tax Rate: 1.0x
[6.254s][info][gc          ] Trigger: Average GC time (29.59 ms) is above the time for average allocation rate (3072 MB/s) to deplete free headroom (91990K) (margin of error = 1.79)
[6.254s][info][gc,ergo     ] Free headroom: 141M (free) - 52428K (spike) - 0B (penalties) = 91990K
[6.254s][info][gc,ergo     ] Free: 140M, Max: 512K regular, 119M humongous, Frag: 14% external, 39% internal; Reserve: 52736K, Max: 512K
[6.254s][info][gc,start    ] GC(59) Concurrent reset
[6.254s][info][gc,task     ] GC(59) Using 3 of 6 workers for concurrent reset
[6.254s][info][gc,ergo     ] GC(59) Pacer for Reset. Non-Taxable: 1024M
[6.258s][info][gc          ] GC(59) Concurrent reset 3.522ms
[6.258s][info][gc,start    ] GC(59) Pause Init Mark (unload classes)
[6.258s][info][gc,task     ] GC(59) Using 6 of 6 workers for init marking
[6.258s][info][gc,ergo     ] GC(59) Pacer for Mark. Expected Live: 196M, Free: 130M, Non-Taxable: 13359K, Alloc Tax Rate: 1.8x
[6.258s][info][gc          ] GC(59) Pause Init Mark (unload classes) 0.190ms
[6.258s][info][gc,start    ] GC(59) Concurrent marking roots
[6.258s][info][gc,task     ] GC(59) Using 3 of 6 workers for concurrent marking roots
[6.258s][info][gc          ] GC(59) Concurrent marking roots 0.272ms
[6.258s][info][gc,start    ] GC(59) Concurrent marking (unload classes)
[6.258s][info][gc,task     ] GC(59) Using 3 of 6 workers for concurrent marking
[6.261s][info][gc          ] GC(59) Concurrent marking (unload classes) 2.508ms
[6.261s][info][gc,start    ] GC(59) Pause Final Mark (unload classes)
[6.261s][info][gc,task     ] GC(59) Using 6 of 6 workers for final marking
[6.261s][info][gc,ergo     ] GC(59) Adaptive CSet Selection. Target Free: 145M, Actual Free: 542M, Max CSet: 43690K, Min Garbage: 0B
[6.262s][info][gc,ergo     ] GC(59) Collectable Garbage: 541M (85%), Immediate: 374M (59%), CSet: 166M (26%)
[6.262s][info][gc,ergo     ] GC(59) Pacer for Evacuation. Used CSet: 209M, Free: 504M, Non-Taxable: 51690K, Alloc Tax Rate: 1.1x
[6.262s][info][gc          ] GC(59) Pause Final Mark (unload classes) 0.569ms
[6.262s][info][gc,start    ] GC(59) Concurrent thread roots
[6.262s][info][gc,task     ] GC(59) Using 3 of 6 workers for Concurrent thread roots
[6.262s][info][gc          ] GC(59) Concurrent thread roots 0.227ms
[6.262s][info][gc,start    ] GC(59) Concurrent weak references
[6.262s][info][gc,task     ] GC(59) Using 3 of 6 workers for concurrent weak references
[6.262s][info][gc,ref      ] GC(59) Encountered references: Soft: 47, Weak: 146, Final: 0, Phantom: 3
[6.262s][info][gc,ref      ] GC(59) Discovered  references: Soft: 0, Weak: 49, Final: 0, Phantom: 2
[6.262s][info][gc,ref      ] GC(59) Enqueued    references: Soft: 0, Weak: 0, Final: 0, Phantom: 0
[6.262s][info][gc          ] GC(59) Concurrent weak references 0.071ms
[6.262s][info][gc,start    ] GC(59) Concurrent weak roots
[6.262s][info][gc,task     ] GC(59) Using 3 of 6 workers for concurrent weak root
[6.262s][info][gc          ] GC(59) Concurrent weak roots 0.330ms
[6.262s][info][gc,start    ] GC(59) Concurrent cleanup
[6.262s][info][gc          ] GC(59) Concurrent cleanup 837M->463M(1024M) 0.093ms
[6.262s][info][gc,ergo     ] GC(59) Free: 504M, Max: 512K regular, 148M humongous, Frag: 71% external, 32% internal; Reserve: 52720K, Max: 512K
[6.262s][info][gc,start    ] GC(59) Concurrent class unloading
[6.262s][info][gc,task     ] GC(59) Using 3 of 6 workers for concurrent class unloading
[6.263s][info][gc          ] GC(59) Concurrent class unloading 0.648ms
[6.263s][info][gc,start    ] GC(59) Concurrent strong roots
[6.263s][info][gc,task     ] GC(59) Using 3 of 6 workers for concurrent strong root
[6.263s][info][gc          ] GC(59) Concurrent strong roots 0.095ms
[6.263s][info][gc,start    ] GC(59) Concurrent evacuation
[6.263s][info][gc,task     ] GC(59) Using 3 of 6 workers for concurrent evacuation
[6.275s][info][gc          ] GC(59) Concurrent evacuation 11.985ms
[6.276s][info][gc,start    ] GC(59) Pause Init Update Refs
[6.276s][info][gc,ergo     ] GC(59) Pacer for Update Refs. Used: 524M, Free: 487M, Non-Taxable: 49936K, Alloc Tax Rate: 1.3x
[6.276s][info][gc          ] GC(59) Pause Init Update Refs 0.051ms
[6.276s][info][gc,start    ] GC(59) Concurrent update references
[6.276s][info][gc,task     ] GC(59) Using 3 of 6 workers for concurrent reference update
[6.279s][info][gc          ] GC(59) Concurrent update references 3.348ms
[6.279s][info][gc,start    ] GC(59) Concurrent update thread roots
[6.280s][info][gc          ] GC(59) Concurrent update thread roots 0.434ms
[6.280s][info][gc,start    ] GC(59) Pause Final Update Refs
[6.280s][info][gc,task     ] GC(59) Using 6 of 6 workers for final reference update
[6.280s][info][gc          ] GC(59) Pause Final Update Refs 0.302ms
[6.280s][info][gc,start    ] GC(59) Concurrent cleanup
[6.280s][info][gc          ] GC(59) Concurrent cleanup 547M->340M(1024M) 0.129ms
[6.280s][info][gc,ergo     ] Free: 632M, Max: 512K regular, 117M humongous, Frag: 82% external, 31% internal; Reserve: 52736K, Max: 512K
[6.280s][info][gc,stats    ] 
[6.280s][info][gc,stats    ] All times are wall-clock times, except per-root-class counters, that are sum over
[6.280s][info][gc,stats    ] all workers. Dividing the <total> over the root stage time estimates parallelism.
[6.280s][info][gc,stats    ] 
[6.280s][info][gc,stats    ] Concurrent Reset                   3629 us
[6.280s][info][gc,stats    ] Pause Init Mark (G)                 472 us
[6.280s][info][gc,stats    ] Pause Init Mark (N)                 196 us
[6.280s][info][gc,stats    ]   Update Region States              112 us
[6.280s][info][gc,stats    ] Concurrent Mark Roots               286 us, parallelism: 0.85x
[6.280s][info][gc,stats    ]   CMR: <total>                      242 us
[6.280s][info][gc,stats    ]   CMR: Thread Roots                 174 us, workers (us):  55,  64,  55, ---, ---, ---, 
[6.280s][info][gc,stats    ]   CMR: VM Strong Roots               10 us, workers (us):  10,   0,   0, ---, ---, ---, 
[6.280s][info][gc,stats    ]   CMR: CLDG Roots                    58 us, workers (us):  58, ---, ---, ---, ---, ---, 
[6.280s][info][gc,stats    ] Concurrent Marking                 2555 us
[6.280s][info][gc,stats    ] Pause Final Mark (G)                708 us
[6.280s][info][gc,stats    ] Pause Final Mark (N)                574 us
[6.280s][info][gc,stats    ]   Finish Mark                       297 us
[6.280s][info][gc,stats    ]   Update Region States               93 us
[6.281s][info][gc,stats    ]   Choose Collection Set             125 us
[6.281s][info][gc,stats    ]   Rebuild Free Set                   19 us
[6.281s][info][gc,stats    ] Concurrent Thread Roots             239 us, parallelism: 0.64x
[6.281s][info][gc,stats    ]   CTR: <total>                      152 us
[6.281s][info][gc,stats    ]   CTR: Thread Roots                 152 us, workers (us):  56,  38,  58, ---, ---, ---, 
[6.281s][info][gc,stats    ] Concurrent Weak References           74 us, parallelism: 0.10x
[6.281s][info][gc,stats    ]   CWRF: <total>                       8 us
[6.281s][info][gc,stats    ]   CWRF: Weak References               8 us, workers (us):   8,   0,   0, ---, ---, ---, 
[6.281s][info][gc,stats    ] Concurrent Weak Roots               343 us
[6.281s][info][gc,stats    ]   Roots                             218 us, parallelism: 0.78x
[6.281s][info][gc,stats    ]     CWR: <total>                    169 us
[6.281s][info][gc,stats    ]     CWR: Code Cache Roots           143 us, workers (us):  49,  94,   0, ---, ---, ---, 
[6.281s][info][gc,stats    ]     CWR: VM Weak Roots               22 us, workers (us):  21,   1,   1, ---, ---, ---, 
[6.281s][info][gc,stats    ]     CWR: CLDG Roots                   4 us, workers (us):   4, ---, ---, ---, ---, ---, 
[6.281s][info][gc,stats    ]   Rendezvous                        104 us
[6.281s][info][gc,stats    ] Concurrent Cleanup                   98 us
[6.281s][info][gc,stats    ] Concurrent Class Unloading          663 us
[6.281s][info][gc,stats    ]   Unlink Stale                      351 us
[6.281s][info][gc,stats    ]     System Dictionary                 6 us
[6.281s][info][gc,stats    ]     Weak Class Links                  1 us
[6.281s][info][gc,stats    ]     Code Roots                      343 us
[6.281s][info][gc,stats    ]   Rendezvous                        138 us
[6.281s][info][gc,stats    ]   Purge Unlinked                    150 us
[6.281s][info][gc,stats    ]     Code Roots                      130 us
[6.281s][info][gc,stats    ]     CLDG                             19 us
[6.281s][info][gc,stats    ]     Exception Caches                  0 us
[6.281s][info][gc,stats    ] Concurrent Strong Roots             104 us, parallelism: 0.23x
[6.281s][info][gc,stats    ]   CSR: <total>                       24 us
[6.281s][info][gc,stats    ]   CSR: VM Strong Roots                3 us, workers (us):   3,   0,   0, ---, ---, ---, 
[6.281s][info][gc,stats    ]   CSR: CLDG Roots                    20 us, workers (us):  20, ---, ---, ---, ---, ---, 
[6.281s][info][gc,stats    ] Concurrent Evacuation             12135 us
[6.281s][info][gc,stats    ] Pause Init Update Refs (G)          392 us
[6.281s][info][gc,stats    ] Pause Init Update Refs (N)           56 us
[6.281s][info][gc,stats    ]   Manage GCLABs                       6 us
[6.281s][info][gc,stats    ] Concurrent Update Refs             3437 us
[6.281s][info][gc,stats    ] Concurrent Update Thread Roots      461 us
[6.281s][info][gc,stats    ] Pause Final Update Refs (G)         579 us
[6.281s][info][gc,stats    ] Pause Final Update Refs (N)         314 us
[6.281s][info][gc,stats    ]   Update Region States              180 us
[6.281s][info][gc,stats    ]   Trash Collection Set               18 us
[6.281s][info][gc,stats    ]   Rebuild Free Set                   51 us
[6.281s][info][gc,stats    ] Concurrent Cleanup                  140 us
[6.281s][info][gc,stats    ] Pacing                            10016 us
[6.281s][info][gc,stats    ] 
[6.281s][info][gc,stats    ] Allocation pacing accrued:
[6.281s][info][gc,stats    ]      10 of   101 ms ( 10.0%): main
[6.281s][info][gc,stats    ]      10 of   101 ms ( 10.0%): <total>
[6.281s][info][gc,stats    ]       1 of   101 ms (  0.9%): <average total>
[6.281s][info][gc,stats    ]      10 of   101 ms ( 10.0%): <average non-zero>
[6.281s][info][gc,stats    ] 
[6.281s][info][gc,metaspace] Metaspace: 6358K(6528K)->6358K(6528K) NonClass: 5812K(5888K)->5812K(5888K) Class: 546K(640K)->546K(640K)
[6.281s][info][gc,ergo     ] Pacer for Idle. Initial: 20971K, Alloc Tax Rate: 1.0x
[6.354s][info][gc          ] Trigger: Average GC time (28.75 ms) is above the time for instantaneous allocation rate (5054 MB/s) to deplete free headroom (139M) (spike threshold = 1.80)
[6.355s][info][gc,ergo     ] Free: 189M, Max: 512K regular, 117M humongous, Frag: 39% external, 3% internal; Reserve: 52736K, Max: 512K
[6.355s][info][gc,start    ] GC(60) Concurrent reset
[6.355s][info][gc,task     ] GC(60) Using 3 of 6 workers for concurrent reset
[6.355s][info][gc,ergo     ] GC(60) Pacer for Reset. Non-Taxable: 1024M
[6.358s][info][gc          ] GC(60) Concurrent reset 3.624ms
[6.359s][info][gc,start    ] GC(60) Pause Init Mark (unload classes)
[6.359s][info][gc,task     ] GC(60) Using 6 of 6 workers for init marking
[6.359s][info][gc,ergo     ] GC(60) Pacer for Mark. Expected Live: 196M, Free: 180M, Non-Taxable: 18501K, Alloc Tax Rate: 1.3x
[6.359s][info][gc          ] GC(60) Pause Init Mark (unload classes) 0.241ms
[6.359s][info][gc,start    ] GC(60) Concurrent marking roots
[6.359s][info][gc,task     ] GC(60) Using 3 of 6 workers for concurrent marking roots
[6.359s][info][gc          ] GC(60) Concurrent marking roots 0.322ms
[6.359s][info][gc,start    ] GC(60) Concurrent marking (unload classes)
[6.359s][info][gc,task     ] GC(60) Using 3 of 6 workers for concurrent marking
[6.362s][info][gc          ] GC(60) Concurrent marking (unload classes) 2.755ms
[6.362s][info][gc,start    ] GC(60) Pause Final Mark (unload classes)
[6.362s][info][gc,task     ] GC(60) Using 6 of 6 workers for final marking
[6.363s][info][gc,ergo     ] GC(60) Adaptive CSet Selection. Target Free: 145M, Actual Free: 544M, Max CSet: 43690K, Min Garbage: 0B
[6.363s][info][gc,ergo     ] GC(60) Collectable Garbage: 492M (84%), Immediate: 334M (57%), CSet: 157M (27%)
[6.363s][info][gc,ergo     ] GC(60) Pacer for Evacuation. Used CSet: 199M, Free: 506M, Non-Taxable: 51868K, Alloc Tax Rate: 1.1x
[6.363s][info][gc          ] GC(60) Pause Final Mark (unload classes) 0.650ms
[6.363s][info][gc,start    ] GC(60) Concurrent thread roots
[6.363s][info][gc,task     ] GC(60) Using 3 of 6 workers for Concurrent thread roots
[6.363s][info][gc          ] GC(60) Concurrent thread roots 0.189ms
[6.363s][info][gc,start    ] GC(60) Concurrent weak references
[6.363s][info][gc,task     ] GC(60) Using 3 of 6 workers for concurrent weak references
[6.364s][info][gc,ref      ] GC(60) Encountered references: Soft: 47, Weak: 146, Final: 0, Phantom: 3
[6.364s][info][gc,ref      ] GC(60) Discovered  references: Soft: 0, Weak: 48, Final: 0, Phantom: 2
[6.364s][info][gc,ref      ] GC(60) Enqueued    references: Soft: 0, Weak: 0, Final: 0, Phantom: 0
[6.364s][info][gc          ] GC(60) Concurrent weak references 0.163ms
[6.364s][info][gc,start    ] GC(60) Concurrent weak roots
[6.364s][info][gc,task     ] GC(60) Using 3 of 6 workers for concurrent weak root
[6.364s][info][gc          ] GC(60) Concurrent weak roots 0.492ms
[6.364s][info][gc,start    ] GC(60) Concurrent cleanup
[6.364s][info][gc          ] GC(60) Concurrent cleanup 800M->467M(1024M) 0.170ms
[6.364s][info][gc,ergo     ] GC(60) Free: 495M, Max: 512K regular, 143M humongous, Frag: 72% external, 0% internal; Reserve: 52722K, Max: 512K
[6.364s][info][gc,start    ] GC(60) Concurrent class unloading
[6.364s][info][gc,task     ] GC(60) Using 3 of 6 workers for concurrent class unloading
[6.366s][info][gc          ] GC(60) Concurrent class unloading 1.331ms
[6.366s][info][gc,start    ] GC(60) Concurrent strong roots
[6.366s][info][gc,task     ] GC(60) Using 3 of 6 workers for concurrent strong root
[6.366s][info][gc          ] GC(60) Concurrent strong roots 0.284ms
[6.366s][info][gc,start    ] GC(60) Concurrent evacuation
[6.366s][info][gc,task     ] GC(60) Using 3 of 6 workers for concurrent evacuation
[6.385s][info][gc          ] GC(60) Concurrent evacuation 18.720ms
[6.385s][info][gc,start    ] GC(60) Pause Init Update Refs
[6.385s][info][gc,ergo     ] GC(60) Pacer for Update Refs. Used: 556M, Free: 448M, Non-Taxable: 45975K, Alloc Tax Rate: 1.5x
[6.385s][info][gc          ] GC(60) Pause Init Update Refs 0.077ms
[6.385s][info][gc,start    ] GC(60) Concurrent update references
[6.385s][info][gc,task     ] GC(60) Using 3 of 6 workers for concurrent reference update
[6.390s][info][gc          ] GC(60) Concurrent update references 4.203ms
[6.390s][info][gc,start    ] GC(60) Concurrent update thread roots
[6.390s][info][gc          ] GC(60) Concurrent update thread roots 0.630ms
[6.391s][info][gc,start    ] GC(60) Pause Final Update Refs
[6.391s][info][gc,task     ] GC(60) Using 6 of 6 workers for final reference update
[6.391s][info][gc          ] GC(60) Pause Final Update Refs 0.564ms
[6.391s][info][gc,start    ] GC(60) Concurrent cleanup
[6.392s][info][gc          ] GC(60) Concurrent cleanup 578M->380M(1024M) 0.307ms
[6.392s][info][gc,ergo     ] Free: 591M, Max: 512K regular, 116M humongous, Frag: 81% external, 34% internal; Reserve: 52736K, Max: 512K
[6.392s][info][gc,stats    ] 
[6.392s][info][gc,stats    ] All times are wall-clock times, except per-root-class counters, that are sum over
[6.392s][info][gc,stats    ] all workers. Dividing the <total> over the root stage time estimates parallelism.
[6.392s][info][gc,stats    ] 
[6.392s][info][gc,stats    ] Concurrent Reset                   3751 us
[6.392s][info][gc,stats    ] Pause Init Mark (G)                 595 us
[6.392s][info][gc,stats    ] Pause Init Mark (N)                 246 us
[6.392s][info][gc,stats    ]   Update Region States              163 us
[6.392s][info][gc,stats    ] Concurrent Mark Roots               340 us, parallelism: 0.92x
[6.392s][info][gc,stats    ]   CMR: <total>                      314 us
[6.392s][info][gc,stats    ]   CMR: Thread Roots                 239 us, workers (us):  76,  80,  82, ---, ---, ---, 
[6.392s][info][gc,stats    ]   CMR: VM Strong Roots                9 us, workers (us):   9,   0,   0, ---, ---, ---, 
[6.392s][info][gc,stats    ]   CMR: CLDG Roots                    65 us, workers (us):  65, ---, ---, ---, ---, ---, 
[6.392s][info][gc,stats    ] Concurrent Marking                 2849 us
[6.392s][info][gc,stats    ] Pause Final Mark (G)                883 us
[6.392s][info][gc,stats    ] Pause Final Mark (N)                655 us
[6.392s][info][gc,stats    ]   Finish Mark                       398 us
[6.392s][info][gc,stats    ]   Update Region States               92 us
[6.392s][info][gc,stats    ]   Choose Collection Set              92 us
[6.392s][info][gc,stats    ]   Rebuild Free Set                   20 us
[6.392s][info][gc,stats    ] Concurrent Thread Roots             201 us, parallelism: 0.92x
[6.392s][info][gc,stats    ]   CTR: <total>                      184 us
[6.392s][info][gc,stats    ]   CTR: Thread Roots                 184 us, workers (us):  61,  55,  69, ---, ---, ---, 
[6.392s][info][gc,stats    ] Concurrent Weak References          168 us, parallelism: 0.10x
[6.392s][info][gc,stats    ]   CWRF: <total>                      17 us
[6.392s][info][gc,stats    ]   CWRF: Weak References              17 us, workers (us):  14,   2,   0, ---, ---, ---, 
[6.392s][info][gc,stats    ] Concurrent Weak Roots               509 us
[6.392s][info][gc,stats    ]   Roots                             346 us, parallelism: 1.40x
[6.392s][info][gc,stats    ]     CWR: <total>                    485 us
[6.392s][info][gc,stats    ]     CWR: Code Cache Roots           412 us, workers (us): 222, 190,   0, ---, ---, ---, 
[6.393s][info][gc,stats    ]     CWR: VM Weak Roots               56 us, workers (us):  35,  18,   3, ---, ---, ---, 
[6.393s][info][gc,stats    ]     CWR: CLDG Roots                  17 us, workers (us): ---, ---,  17, ---, ---, ---, 
[6.393s][info][gc,stats    ]   Rendezvous                        137 us
[6.393s][info][gc,stats    ] Concurrent Cleanup                  176 us
[6.393s][info][gc,stats    ] Concurrent Class Unloading         1447 us
[6.393s][info][gc,stats    ]   Unlink Stale                      829 us
[6.393s][info][gc,stats    ]     System Dictionary                13 us
[6.393s][info][gc,stats    ]     Weak Class Links                  1 us
[6.393s][info][gc,stats    ]     Code Roots                      813 us
[6.393s][info][gc,stats    ]   Rendezvous                        242 us
[6.393s][info][gc,stats    ]   Purge Unlinked                    242 us
[6.393s][info][gc,stats    ]     Code Roots                      211 us
[6.393s][info][gc,stats    ]     CLDG                             31 us
[6.393s][info][gc,stats    ]     Exception Caches                  0 us
[6.393s][info][gc,stats    ] Concurrent Strong Roots             321 us, parallelism: 0.28x
[6.393s][info][gc,stats    ]   CSR: <total>                       89 us
[6.393s][info][gc,stats    ]   CSR: VM Strong Roots               10 us, workers (us):   9,   1,   0, ---, ---, ---, 
[6.393s][info][gc,stats    ]   CSR: CLDG Roots                    79 us, workers (us):  79, ---, ---, ---, ---, ---, 
[6.393s][info][gc,stats    ] Concurrent Evacuation             18885 us
[6.393s][info][gc,stats    ] Pause Init Update Refs (G)          458 us
[6.393s][info][gc,stats    ] Pause Init Update Refs (N)           86 us
[6.393s][info][gc,stats    ]   Manage GCLABs                      13 us
[6.393s][info][gc,stats    ] Concurrent Update Refs             4373 us
[6.393s][info][gc,stats    ] Concurrent Update Thread Roots      670 us
[6.393s][info][gc,stats    ] Pause Final Update Refs (G)         935 us
[6.393s][info][gc,stats    ] Pause Final Update Refs (N)         628 us
[6.393s][info][gc,stats    ]   Update Region States              233 us
[6.393s][info][gc,stats    ]   Trash Collection Set               68 us
[6.393s][info][gc,stats    ]   Rebuild Free Set                  190 us
[6.393s][info][gc,stats    ] Concurrent Cleanup                  327 us
[6.393s][info][gc,stats    ] 
[6.393s][info][gc,stats    ] Allocation pacing accrued:
[6.393s][info][gc,stats    ]       0 of   112 ms (  0.0%): <total>
[6.393s][info][gc,stats    ]       0 of   112 ms (  0.0%): <average total>
[6.393s][info][gc,stats    ] 
[6.393s][info][gc,metaspace] Metaspace: 6358K(6528K)->6358K(6528K) NonClass: 5812K(5888K)->5812K(5888K) Class: 546K(640K)->546K(640K)
[6.393s][info][gc,ergo     ] Pacer for Idle. Initial: 20971K, Alloc Tax Rate: 1.0x
[6.488s][info][gc          ] Trigger: Average GC time (41.36 ms) is above the time for average allocation rate (4008 MB/s) to deplete free headroom (161M) (margin of error = 1.78)
[6.488s][info][gc,ergo     ] Free headroom: 212M (free) - 52428K (spike) - 0B (penalties) = 161M
[6.488s][info][gc,ergo     ] Free: 211M, Max: 512K regular, 116M humongous, Frag: 45% external, 24% internal; Reserve: 52736K, Max: 512K
[6.488s][info][gc,start    ] GC(61) Concurrent reset
[6.488s][info][gc,task     ] GC(61) Using 3 of 6 workers for concurrent reset
[6.488s][info][gc,ergo     ] GC(61) Pacer for Reset. Non-Taxable: 1024M
[6.493s][info][gc          ] GC(61) Concurrent reset 4.810ms
[6.493s][info][gc,start    ] GC(61) Pause Init Mark (unload classes)
[6.494s][info][gc,task     ] GC(61) Using 6 of 6 workers for init marking
[6.494s][info][gc,ergo     ] GC(61) Pacer for Mark. Expected Live: 196M, Free: 199M, Non-Taxable: 20466K, Alloc Tax Rate: 1.2x
[6.494s][info][gc          ] GC(61) Pause Init Mark (unload classes) 0.325ms
[6.494s][info][gc,start    ] GC(61) Concurrent marking roots
[6.494s][info][gc,task     ] GC(61) Using 3 of 6 workers for concurrent marking roots
[6.494s][info][gc          ] GC(61) Concurrent marking roots 0.430ms
[6.494s][info][gc,start    ] GC(61) Concurrent marking (unload classes)
[6.494s][info][gc,task     ] GC(61) Using 3 of 6 workers for concurrent marking
[6.498s][info][gc          ] GC(61) Concurrent marking (unload classes) 3.699ms
[6.499s][info][gc,start    ] GC(61) Pause Final Mark (unload classes)
[6.500s][info][gc,task     ] GC(61) Using 6 of 6 workers for final marking
[6.501s][info][gc,ergo     ] GC(61) Adaptive CSet Selection. Target Free: 145M, Actual Free: 550M, Max CSet: 43690K, Min Garbage: 0B
[6.502s][info][gc,ergo     ] GC(61) Collectable Garbage: 475M (84%), Immediate: 315M (56%), CSet: 160M (28%)
[6.502s][info][gc,ergo     ] GC(61) Pacer for Evacuation. Used CSet: 202M, Free: 512M, Non-Taxable: 52456K, Alloc Tax Rate: 1.1x
[6.502s][info][gc          ] GC(61) Pause Final Mark (unload classes) 2.510ms
[6.502s][info][gc,start    ] GC(61) Concurrent thread roots
[6.502s][info][gc,task     ] GC(61) Using 3 of 6 workers for Concurrent thread roots
[6.503s][info][gc          ] GC(61) Concurrent thread roots 0.585ms
[6.503s][info][gc,start    ] GC(61) Concurrent weak references
[6.503s][info][gc,task     ] GC(61) Using 3 of 6 workers for concurrent weak references
[6.503s][info][gc,ref      ] GC(61) Encountered references: Soft: 47, Weak: 146, Final: 0, Phantom: 3
[6.503s][info][gc,ref      ] GC(61) Discovered  references: Soft: 0, Weak: 48, Final: 0, Phantom: 2
[6.503s][info][gc,ref      ] GC(61) Enqueued    references: Soft: 0, Weak: 0, Final: 0, Phantom: 0
[6.503s][info][gc          ] GC(61) Concurrent weak references 0.339ms
[6.503s][info][gc,start    ] GC(61) Concurrent weak roots
[6.503s][info][gc,task     ] GC(61) Using 3 of 6 workers for concurrent weak root
[6.504s][info][gc          ] GC(61) Concurrent weak roots 1.370ms
[6.504s][info][gc,start    ] GC(61) Concurrent cleanup
[6.505s][info][gc          ] GC(61) Concurrent cleanup 775M->462M(1024M) 0.261ms
[6.505s][info][gc,ergo     ] GC(61) Free: 500M, Max: 512K regular, 142M humongous, Frag: 72% external, 0% internal; Reserve: 52722K, Max: 512K
[6.505s][info][gc,start    ] GC(61) Concurrent class unloading
[6.505s][info][gc,task     ] GC(61) Using 3 of 6 workers for concurrent class unloading
[6.507s][info][gc          ] GC(61) Concurrent class unloading 2.323ms
[6.507s][info][gc,start    ] GC(61) Concurrent strong roots
[6.507s][info][gc,task     ] GC(61) Using 3 of 6 workers for concurrent strong root
[6.508s][info][gc          ] GC(61) Concurrent strong roots 0.291ms
[6.508s][info][gc,start    ] GC(61) Concurrent evacuation
[6.508s][info][gc,task     ] GC(61) Using 3 of 6 workers for concurrent evacuation
[6.531s][info][gc          ] GC(61) Concurrent evacuation 23.227ms
[6.531s][info][gc,start    ] GC(61) Pause Init Update Refs
[6.531s][info][gc,ergo     ] GC(61) Pacer for Update Refs. Used: 574M, Free: 430M, Non-Taxable: 44102K, Alloc Tax Rate: 1.6x
[6.531s][info][gc          ] GC(61) Pause Init Update Refs 0.067ms
[6.532s][info][gc,start    ] GC(61) Concurrent update references
[6.532s][info][gc,task     ] GC(61) Using 3 of 6 workers for concurrent reference update
[6.536s][info][gc          ] GC(61) Concurrent update references 4.118ms
[6.536s][info][gc,start    ] GC(61) Concurrent update thread roots
[6.536s][info][gc          ] GC(61) Concurrent update thread roots 0.616ms
[6.537s][info][gc,start    ] GC(61) Pause Final Update Refs
[6.537s][info][gc,task     ] GC(61) Using 6 of 6 workers for final reference update
[6.537s][info][gc          ] GC(61) Pause Final Update Refs 0.221ms
[6.537s][info][gc,start    ] GC(61) Concurrent cleanup
[6.537s][info][gc          ] GC(61) Concurrent cleanup 599M->397M(1024M) 0.084ms
[6.537s][info][gc,ergo     ] Free: 574M, Max: 512K regular, 117M humongous, Frag: 80% external, 37% internal; Reserve: 52736K, Max: 512K
[6.537s][info][gc,stats    ] 
[6.537s][info][gc,stats    ] All times are wall-clock times, except per-root-class counters, that are sum over
[6.537s][info][gc,stats    ] all workers. Dividing the <total> over the root stage time estimates parallelism.
[6.537s][info][gc,stats    ] 
[6.537s][info][gc,stats    ] Concurrent Reset                   4982 us
[6.537s][info][gc,stats    ] Pause Init Mark (G)                 712 us
[6.537s][info][gc,stats    ] Pause Init Mark (N)                 336 us
[6.537s][info][gc,stats    ]   Update Region States              159 us
[6.537s][info][gc,stats    ] Concurrent Mark Roots               459 us, parallelism: 1.21x
[6.537s][info][gc,stats    ]   CMR: <total>                      556 us
[6.537s][info][gc,stats    ]   CMR: Thread Roots                 501 us, workers (us): 111, 228, 162, ---, ---, ---, 
[6.537s][info][gc,stats    ]   CMR: VM Strong Roots               11 us, workers (us):  10,   0,   0, ---, ---, ---, 
[6.537s][info][gc,stats    ]   CMR: CLDG Roots                    44 us, workers (us):  44, ---, ---, ---, ---, ---, 
[6.537s][info][gc,stats    ] Concurrent Marking                 3977 us
[6.537s][info][gc,stats    ] Pause Final Mark (G)               3721 us
[6.537s][info][gc,stats    ] Pause Final Mark (N)               2527 us
[6.537s][info][gc,stats    ]   Finish Mark                      1253 us
[6.537s][info][gc,stats    ]   Update Region States              322 us
[6.537s][info][gc,stats    ]   Choose Collection Set             445 us
[6.537s][info][gc,stats    ]   Rebuild Free Set                   54 us
[6.537s][info][gc,stats    ] Concurrent Thread Roots             661 us, parallelism: 0.69x
[6.537s][info][gc,stats    ]   CTR: <total>                      458 us
[6.537s][info][gc,stats    ]   CTR: Thread Roots                 458 us, workers (us): 142, 125, 192, ---, ---, ---, 
[6.537s][info][gc,stats    ] Concurrent Weak References          353 us, parallelism: 0.16x
[6.537s][info][gc,stats    ]   CWRF: <total>                      55 us
[6.537s][info][gc,stats    ]   CWRF: Weak References              55 us, workers (us):  46,   9,   0, ---, ---, ---, 
[6.537s][info][gc,stats    ] Concurrent Weak Roots              1468 us
[6.537s][info][gc,stats    ]   Roots                             997 us, parallelism: 1.20x
[6.537s][info][gc,stats    ]     CWR: <total>                   1201 us
[6.537s][info][gc,stats    ]     CWR: Code Cache Roots          1020 us, workers (us):   1, 420, 599, ---, ---, ---, 
[6.537s][info][gc,stats    ]     CWR: VM Weak Roots              135 us, workers (us): 101,  33,   1, ---, ---, ---, 
[6.537s][info][gc,stats    ]     CWR: CLDG Roots                  46 us, workers (us):  46, ---, ---, ---, ---, ---, 
[6.537s][info][gc,stats    ]   Rendezvous                        348 us
[6.537s][info][gc,stats    ] Concurrent Cleanup                  283 us
[6.537s][info][gc,stats    ] Concurrent Class Unloading         2466 us
[6.537s][info][gc,stats    ]   Unlink Stale                     1732 us
[6.537s][info][gc,stats    ]     System Dictionary                32 us
[6.537s][info][gc,stats    ]     Weak Class Links                  1 us
[6.537s][info][gc,stats    ]     Code Roots                     1692 us
[6.537s][info][gc,stats    ]   Rendezvous                        244 us
[6.537s][info][gc,stats    ]   Purge Unlinked                    313 us
[6.537s][info][gc,stats    ]     Code Roots                      271 us
[6.537s][info][gc,stats    ]     CLDG                             40 us
[6.537s][info][gc,stats    ]     Exception Caches                  1 us
[6.537s][info][gc,stats    ] Concurrent Strong Roots             341 us, parallelism: 0.33x
[6.537s][info][gc,stats    ]   CSR: <total>                      112 us
[6.537s][info][gc,stats    ]   CSR: VM Strong Roots               15 us, workers (us):  14,   1,   0, ---, ---, ---, 
[6.537s][info][gc,stats    ]   CSR: CLDG Roots                    97 us, workers (us):  97, ---, ---, ---, ---, ---, 
[6.537s][info][gc,stats    ] Concurrent Evacuation             23375 us
[6.537s][info][gc,stats    ] Pause Init Update Refs (G)          514 us
[6.537s][info][gc,stats    ] Pause Init Update Refs (N)           73 us
[6.537s][info][gc,stats    ]   Manage GCLABs                       8 us
[6.537s][info][gc,stats    ] Concurrent Update Refs             4251 us
[6.537s][info][gc,stats    ] Concurrent Update Thread Roots      652 us
[6.537s][info][gc,stats    ] Pause Final Update Refs (G)         449 us
[6.537s][info][gc,stats    ] Pause Final Update Refs (N)         232 us
[6.537s][info][gc,stats    ]   Update Region States              156 us
[6.537s][info][gc,stats    ]   Trash Collection Set               11 us
[6.537s][info][gc,stats    ]   Rebuild Free Set                   24 us
[6.537s][info][gc,stats    ] Concurrent Cleanup                   91 us
[6.537s][info][gc,stats    ] 
[6.537s][info][gc,stats    ] Allocation pacing accrued:
[6.537s][info][gc,stats    ]       0 of   144 ms (  0.0%): <total>
[6.537s][info][gc,stats    ]       0 of   144 ms (  0.0%): <average total>
[6.537s][info][gc,stats    ] 
[6.537s][info][gc,metaspace] Metaspace: 6358K(6528K)->6358K(6528K) NonClass: 5812K(5888K)->5812K(5888K) Class: 546K(640K)->546K(640K)
[6.537s][info][gc,ergo     ] Pacer for Idle. Initial: 20971K, Alloc Tax Rate: 1.0x
[6.623s][info][gc          ] Trigger: Average GC time (57.28 ms) is above the time for average allocation rate (3767 MB/s) to deplete free headroom (213M) (margin of error = 1.80)
[6.623s][info][gc,ergo     ] Free headroom: 264M (free) - 52428K (spike) - 0B (penalties) = 213M
[6.624s][info][gc,ergo     ] Free: 263M, Max: 512K regular, 117M humongous, Frag: 56% external, 16% internal; Reserve: 52736K, Max: 512K
[6.624s][info][gc,start    ] GC(62) Concurrent reset
[6.624s][info][gc,task     ] GC(62) Using 3 of 6 workers for concurrent reset
[6.624s][info][gc,ergo     ] GC(62) Pacer for Reset. Non-Taxable: 1024M
[6.627s][info][gc          ] GC(62) Concurrent reset 3.391ms
[6.627s][info][gc,start    ] GC(62) Pause Init Mark (unload classes)
[6.627s][info][gc,task     ] GC(62) Using 6 of 6 workers for init marking
[6.628s][info][gc,ergo     ] GC(62) Pacer for Mark. Expected Live: 196M, Free: 254M, Non-Taxable: 26033K, Alloc Tax Rate: 0.9x
[6.628s][info][gc          ] GC(62) Pause Init Mark (unload classes) 0.237ms
[6.628s][info][gc,start    ] GC(62) Concurrent marking roots
[6.628s][info][gc,task     ] GC(62) Using 3 of 6 workers for concurrent marking roots
[6.628s][info][gc          ] GC(62) Concurrent marking roots 0.421ms
[6.628s][info][gc,start    ] GC(62) Concurrent marking (unload classes)
[6.628s][info][gc,task     ] GC(62) Using 3 of 6 workers for concurrent marking
[6.635s][info][gc          ] GC(62) Concurrent marking (unload classes) 6.734ms
[6.636s][info][gc,start    ] GC(62) Pause Final Mark (unload classes)
[6.636s][info][gc,task     ] GC(62) Using 6 of 6 workers for final marking
[6.637s][info][gc,ergo     ] GC(62) Adaptive CSet Selection. Target Free: 145M, Actual Free: 534M, Max CSet: 43690K, Min Garbage: 0B
[6.637s][info][gc,ergo     ] GC(62) Collectable Garbage: 414M (81%), Immediate: 248M (49%), CSet: 166M (32%)
[6.637s][info][gc,ergo     ] GC(62) Pacer for Evacuation. Used CSet: 208M, Free: 495M, Non-Taxable: 50696K, Alloc Tax Rate: 1.1x
[6.637s][info][gc          ] GC(62) Pause Final Mark (unload classes) 1.451ms
[6.637s][info][gc,start    ] GC(62) Concurrent thread roots
[6.637s][info][gc,task     ] GC(62) Using 3 of 6 workers for Concurrent thread roots
[6.637s][info][gc          ] GC(62) Concurrent thread roots 0.239ms
[6.637s][info][gc,start    ] GC(62) Concurrent weak references
[6.637s][info][gc,task     ] GC(62) Using 3 of 6 workers for concurrent weak references
[6.637s][info][gc,ref      ] GC(62) Encountered references: Soft: 47, Weak: 146, Final: 0, Phantom: 3
[6.637s][info][gc,ref      ] GC(62) Discovered  references: Soft: 0, Weak: 50, Final: 0, Phantom: 2
[6.637s][info][gc,ref      ] GC(62) Enqueued    references: Soft: 0, Weak: 0, Final: 0, Phantom: 0
[6.637s][info][gc          ] GC(62) Concurrent weak references 0.117ms
[6.638s][info][gc,start    ] GC(62) Concurrent weak roots
[6.638s][info][gc,task     ] GC(62) Using 3 of 6 workers for concurrent weak root
[6.638s][info][gc          ] GC(62) Concurrent weak roots 0.534ms
[6.638s][info][gc,start    ] GC(62) Concurrent cleanup
[6.638s][info][gc          ] GC(62) Concurrent cleanup 724M->478M(1024M) 0.199ms
[6.638s][info][gc,ergo     ] GC(62) Free: 483M, Max: 512K regular, 255M humongous, Frag: 48% external, 0% internal; Reserve: 52736K, Max: 512K
[6.638s][info][gc,start    ] GC(62) Concurrent class unloading
[6.638s][info][gc,task     ] GC(62) Using 3 of 6 workers for concurrent class unloading
[6.640s][info][gc          ] GC(62) Concurrent class unloading 2.039ms
[6.641s][info][gc,start    ] GC(62) Concurrent strong roots
[6.641s][info][gc,task     ] GC(62) Using 3 of 6 workers for concurrent strong root
[6.641s][info][gc          ] GC(62) Concurrent strong roots 0.331ms
[6.641s][info][gc,start    ] GC(62) Concurrent evacuation
[6.641s][info][gc,task     ] GC(62) Using 3 of 6 workers for concurrent evacuation
[6.664s][info][gc          ] GC(62) Concurrent evacuation 22.750ms
[6.665s][info][gc,start    ] GC(62) Pause Init Update Refs
[6.665s][info][gc,ergo     ] GC(62) Pacer for Update Refs. Used: 585M, Free: 419M, Non-Taxable: 42983K, Alloc Tax Rate: 1.7x
[6.665s][info][gc          ] GC(62) Pause Init Update Refs 0.368ms
[6.666s][info][gc,start    ] GC(62) Concurrent update references
[6.666s][info][gc,task     ] GC(62) Using 3 of 6 workers for concurrent reference update
[6.674s][info][gc          ] GC(62) Concurrent update references 8.357ms
[6.674s][info][gc,start    ] GC(62) Concurrent update thread roots
[6.675s][info][gc          ] GC(62) Concurrent update thread roots 0.866ms
[6.675s][info][gc,start    ] GC(62) Pause Final Update Refs
[6.675s][info][gc,task     ] GC(62) Using 6 of 6 workers for final reference update
[6.676s][info][gc          ] GC(62) Pause Final Update Refs 0.314ms
[6.676s][info][gc,start    ] GC(62) Concurrent cleanup
[6.676s][info][gc          ] GC(62) Concurrent cleanup 610M->401M(1024M) 0.166ms
[6.676s][info][gc,ergo     ] Free: 570M, Max: 512K regular, 231M humongous, Frag: 59% external, 37% internal; Reserve: 52736K, Max: 512K
[6.676s][info][gc,stats    ] 
[6.676s][info][gc,stats    ] All times are wall-clock times, except per-root-class counters, that are sum over
[6.676s][info][gc,stats    ] all workers. Dividing the <total> over the root stage time estimates parallelism.
[6.676s][info][gc,stats    ] 
[6.676s][info][gc,stats    ] Concurrent Reset                   3526 us
[6.676s][info][gc,stats    ] Pause Init Mark (G)                 614 us
[6.676s][info][gc,stats    ] Pause Init Mark (N)                 245 us
[6.676s][info][gc,stats    ]   Update Region States              134 us
[6.676s][info][gc,stats    ] Concurrent Mark Roots               447 us, parallelism: 1.01x
[6.676s][info][gc,stats    ]   CMR: <total>                      454 us
[6.676s][info][gc,stats    ]   CMR: Thread Roots                 312 us, workers (us):  27, 167, 118, ---, ---, ---, 
[6.676s][info][gc,stats    ]   CMR: VM Strong Roots               21 us, workers (us):  20,   0,   0, ---, ---, ---, 
[6.676s][info][gc,stats    ]   CMR: CLDG Roots                   120 us, workers (us): 120, ---, ---, ---, ---, ---, 
[6.676s][info][gc,stats    ] Concurrent Marking                 7119 us
[6.676s][info][gc,stats    ] Pause Final Mark (G)               1829 us
[6.676s][info][gc,stats    ] Pause Final Mark (N)               1474 us
[6.676s][info][gc,stats    ]   Finish Mark                       686 us
[6.676s][info][gc,stats    ]   Update Region States              299 us
[6.676s][info][gc,stats    ]   Choose Collection Set             246 us
[6.676s][info][gc,stats    ]   Rebuild Free Set                   28 us
[6.676s][info][gc,stats    ] Concurrent Thread Roots             255 us, parallelism: 0.75x
[6.676s][info][gc,stats    ]   CTR: <total>                      190 us
[6.676s][info][gc,stats    ]   CTR: Thread Roots                 190 us, workers (us):  68,  58,  64, ---, ---, ---, 
[6.676s][info][gc,stats    ] Concurrent Weak References          139 us, parallelism: 0.09x
[6.676s][info][gc,stats    ]   CWRF: <total>                      13 us
[6.676s][info][gc,stats    ]   CWRF: Weak References              13 us, workers (us):  13,   0,   0, ---, ---, ---, 
[6.676s][info][gc,stats    ] Concurrent Weak Roots               563 us
[6.676s][info][gc,stats    ]   Roots                             387 us, parallelism: 1.28x
[6.676s][info][gc,stats    ]     CWR: <total>                    496 us
[6.676s][info][gc,stats    ]     CWR: Code Cache Roots           458 us, workers (us): 198, 260,   0, ---, ---, ---, 
[6.676s][info][gc,stats    ]     CWR: VM Weak Roots               31 us, workers (us):  21,   9,   1, ---, ---, ---, 
[6.676s][info][gc,stats    ]     CWR: CLDG Roots                   7 us, workers (us):   7, ---, ---, ---, ---, ---, 
[6.676s][info][gc,stats    ]   Rendezvous                        115 us
[6.676s][info][gc,stats    ] Concurrent Cleanup                  226 us
[6.676s][info][gc,stats    ] Concurrent Class Unloading         2213 us
[6.676s][info][gc,stats    ]   Unlink Stale                     1416 us
[6.676s][info][gc,stats    ]     System Dictionary                60 us
[6.676s][info][gc,stats    ]     Weak Class Links                  1 us
[6.676s][info][gc,stats    ]     Code Roots                     1352 us
[6.676s][info][gc,stats    ]   Rendezvous                        263 us
[6.676s][info][gc,stats    ]   Purge Unlinked                    333 us
[6.676s][info][gc,stats    ]     Code Roots                      301 us
[6.676s][info][gc,stats    ]     CLDG                             29 us
[6.676s][info][gc,stats    ]     Exception Caches                  1 us
[6.676s][info][gc,stats    ] Concurrent Strong Roots             367 us, parallelism: 0.20x
[6.676s][info][gc,stats    ]   CSR: <total>                       74 us
[6.676s][info][gc,stats    ]   CSR: VM Strong Roots                8 us, workers (us):   7,   1,   0, ---, ---, ---, 
[6.676s][info][gc,stats    ]   CSR: CLDG Roots                    66 us, workers (us):  66, ---, ---, ---, ---, ---, 
[6.676s][info][gc,stats    ] Concurrent Evacuation             23094 us
[6.676s][info][gc,stats    ] Pause Init Update Refs (G)         1480 us
[6.676s][info][gc,stats    ] Pause Init Update Refs (N)          574 us
[6.676s][info][gc,stats    ]   Manage GCLABs                      47 us
[6.676s][info][gc,stats    ] Concurrent Update Refs             8550 us
[6.676s][info][gc,stats    ] Concurrent Update Thread Roots      975 us
[6.676s][info][gc,stats    ] Pause Final Update Refs (G)         565 us
[6.676s][info][gc,stats    ] Pause Final Update Refs (N)         342 us
[6.676s][info][gc,stats    ]   Update Region States              185 us
[6.676s][info][gc,stats    ]   Trash Collection Set               22 us
[6.676s][info][gc,stats    ]   Rebuild Free Set                   48 us
[6.676s][info][gc,stats    ] Concurrent Cleanup                  182 us
[6.676s][info][gc,stats    ] 
[6.676s][info][gc,stats    ] Allocation pacing accrued:
[6.676s][info][gc,stats    ]       0 of   139 ms (  0.0%): <total>
[6.676s][info][gc,stats    ]       0 of   139 ms (  0.0%): <average total>
[6.676s][info][gc,stats    ] 
[6.676s][info][gc,metaspace] Metaspace: 6358K(6528K)->6358K(6528K) NonClass: 5812K(5888K)->5812K(5888K) Class: 546K(640K)->546K(640K)
[6.676s][info][gc,ergo     ] Pacer for Idle. Initial: 20971K, Alloc Tax Rate: 1.0x
[6.748s][info][gc          ] Trigger: Average GC time (62.69 ms) is above the time for average allocation rate (3613 MB/s) to deplete free headroom (225M) (margin of error = 1.81)
[6.748s][info][gc,ergo     ] Free headroom: 276M (free) - 52428K (spike) - 0B (penalties) = 225M
[6.748s][info][gc,ergo     ] Free: 275M, Max: 512K regular, 231M humongous, Frag: 16% external, 10% internal; Reserve: 52736K, Max: 512K
[6.748s][info][gc,start    ] GC(63) Concurrent reset
[6.748s][info][gc,task     ] GC(63) Using 3 of 6 workers for concurrent reset
[6.748s][info][gc,ergo     ] GC(63) Pacer for Reset. Non-Taxable: 1024M
[6.751s][info][gc          ] GC(63) Concurrent reset 3.253ms
[6.752s][info][gc,start    ] GC(63) Pause Init Mark (unload classes)
[6.752s][info][gc,task     ] GC(63) Using 6 of 6 workers for init marking
[6.752s][info][gc,ergo     ] GC(63) Pacer for Mark. Expected Live: 196M, Free: 265M, Non-Taxable: 27227K, Alloc Tax Rate: 0.9x
[6.752s][info][gc          ] GC(63) Pause Init Mark (unload classes) 0.250ms
[6.752s][info][gc,start    ] GC(63) Concurrent marking roots
[6.752s][info][gc,task     ] GC(63) Using 3 of 6 workers for concurrent marking roots
[6.752s][info][gc          ] GC(63) Concurrent marking roots 0.359ms
[6.752s][info][gc,start    ] GC(63) Concurrent marking (unload classes)
[6.752s][info][gc,task     ] GC(63) Using 3 of 6 workers for concurrent marking
[6.755s][info][gc          ] GC(63) Concurrent marking (unload classes) 2.962ms
[6.756s][info][gc,start    ] GC(63) Pause Final Mark (unload classes)
[6.756s][info][gc,task     ] GC(63) Using 6 of 6 workers for final marking
[6.756s][info][gc,ergo     ] GC(63) Adaptive CSet Selection. Target Free: 145M, Actual Free: 533M, Max CSet: 43690K, Min Garbage: 0B
[6.756s][info][gc,ergo     ] GC(63) Collectable Garbage: 401M (80%), Immediate: 232M (46%), CSet: 168M (34%)
[6.756s][info][gc,ergo     ] GC(63) Pacer for Evacuation. Used CSet: 211M, Free: 493M, Non-Taxable: 50502K, Alloc Tax Rate: 1.1x
[6.756s][info][gc          ] GC(63) Pause Final Mark (unload classes) 0.732ms
[6.757s][info][gc,start    ] GC(63) Concurrent thread roots
[6.757s][info][gc,task     ] GC(63) Using 3 of 6 workers for Concurrent thread roots
[6.757s][info][gc          ] GC(63) Concurrent thread roots 0.244ms
[6.757s][info][gc,start    ] GC(63) Concurrent weak references
[6.757s][info][gc,task     ] GC(63) Using 3 of 6 workers for concurrent weak references
[6.757s][info][gc,ref      ] GC(63) Encountered references: Soft: 47, Weak: 146, Final: 0, Phantom: 3
[6.757s][info][gc,ref      ] GC(63) Discovered  references: Soft: 0, Weak: 45, Final: 0, Phantom: 2
[6.757s][info][gc,ref      ] GC(63) Enqueued    references: Soft: 0, Weak: 0, Final: 0, Phantom: 0
[6.757s][info][gc          ] GC(63) Concurrent weak references 0.162ms
[6.757s][info][gc,start    ] GC(63) Concurrent weak roots
[6.757s][info][gc,task     ] GC(63) Using 3 of 6 workers for concurrent weak root
[6.758s][info][gc          ] GC(63) Concurrent weak roots 0.630ms
[6.758s][info][gc,start    ] GC(63) Concurrent cleanup
[6.758s][info][gc          ] GC(63) Concurrent cleanup 711M->480M(1024M) 0.202ms
[6.758s][info][gc,ergo     ] GC(63) Free: 481M, Max: 512K regular, 255M humongous, Frag: 47% external, 0% internal; Reserve: 52722K, Max: 512K
[6.758s][info][gc,start    ] GC(63) Concurrent class unloading
[6.758s][info][gc,task     ] GC(63) Using 3 of 6 workers for concurrent class unloading
[6.760s][info][gc          ] GC(63) Concurrent class unloading 2.055ms
[6.760s][info][gc,start    ] GC(63) Concurrent strong roots
[6.760s][info][gc,task     ] GC(63) Using 3 of 6 workers for concurrent strong root
[6.760s][info][gc          ] GC(63) Concurrent strong roots 0.309ms
[6.760s][info][gc,start    ] GC(63) Concurrent evacuation
[6.760s][info][gc,task     ] GC(63) Using 3 of 6 workers for concurrent evacuation
[6.784s][info][gc          ] GC(63) Concurrent evacuation 23.529ms
[6.784s][info][gc,start    ] GC(63) Pause Init Update Refs
[6.784s][info][gc,ergo     ] GC(63) Pacer for Update Refs. Used: 580M, Free: 424M, Non-Taxable: 43429K, Alloc Tax Rate: 1.7x
[6.784s][info][gc          ] GC(63) Pause Init Update Refs 0.062ms
[6.785s][info][gc,start    ] GC(63) Concurrent update references
[6.785s][info][gc,task     ] GC(63) Using 3 of 6 workers for concurrent reference update
[6.789s][info][gc          ] GC(63) Concurrent update references 4.453ms
[6.789s][info][gc,start    ] GC(63) Concurrent update thread roots
[6.790s][info][gc          ] GC(63) Concurrent update thread roots 0.774ms
[6.790s][info][gc,start    ] GC(63) Pause Final Update Refs
[6.790s][info][gc,task     ] GC(63) Using 6 of 6 workers for final reference update
[6.791s][info][gc          ] GC(63) Pause Final Update Refs 0.498ms
[6.791s][info][gc,start    ] GC(63) Concurrent cleanup
[6.791s][info][gc          ] GC(63) Concurrent cleanup 601M->391M(1024M) 0.335ms
[6.791s][info][gc,ergo     ] Free: 580M, Max: 512K regular, 230M humongous, Frag: 60% external, 36% internal; Reserve: 52736K, Max: 512K
[6.791s][info][gc,stats    ] 
[6.791s][info][gc,stats    ] All times are wall-clock times, except per-root-class counters, that are sum over
[6.791s][info][gc,stats    ] all workers. Dividing the <total> over the root stage time estimates parallelism.
[6.791s][info][gc,stats    ] 
[6.791s][info][gc,stats    ] Concurrent Reset                   3394 us
[6.791s][info][gc,stats    ] Pause Init Mark (G)                 649 us
[6.791s][info][gc,stats    ] Pause Init Mark (N)                 260 us
[6.791s][info][gc,stats    ]   Update Region States              144 us
[6.791s][info][gc,stats    ] Concurrent Mark Roots               383 us, parallelism: 0.92x
[6.791s][info][gc,stats    ]   CMR: <total>                      351 us
[6.791s][info][gc,stats    ]   CMR: Thread Roots                 255 us, workers (us):  76, 100,  80, ---, ---, ---, 
[6.792s][info][gc,stats    ]   CMR: VM Strong Roots               12 us, workers (us):  12,   0,   0, ---, ---, ---, 
[6.792s][info][gc,stats    ]   CMR: CLDG Roots                    83 us, workers (us):  83, ---, ---, ---, ---, ---, 
[6.792s][info][gc,stats    ] Concurrent Marking                 3107 us
[6.792s][info][gc,stats    ] Pause Final Mark (G)                960 us
[6.792s][info][gc,stats    ] Pause Final Mark (N)                737 us
[6.792s][info][gc,stats    ]   Finish Mark                       375 us
[6.792s][info][gc,stats    ]   Update Region States              162 us
[6.792s][info][gc,stats    ]   Choose Collection Set             118 us
[6.792s][info][gc,stats    ]   Rebuild Free Set                   19 us
[6.792s][info][gc,stats    ] Concurrent Thread Roots             276 us, parallelism: 0.89x
[6.792s][info][gc,stats    ]   CTR: <total>                      245 us
[6.792s][info][gc,stats    ]   CTR: Thread Roots                 245 us, workers (us):  88,  83,  74, ---, ---, ---, 
[6.792s][info][gc,stats    ] Concurrent Weak References          169 us, parallelism: 0.14x
[6.792s][info][gc,stats    ]   CWRF: <total>                      23 us
[6.792s][info][gc,stats    ]   CWRF: Weak References              23 us, workers (us):  23,   0,   0, ---, ---, ---, 
[6.792s][info][gc,stats    ] Concurrent Weak Roots               665 us
[6.792s][info][gc,stats    ]   Roots                             480 us, parallelism: 1.30x
[6.792s][info][gc,stats    ]     CWR: <total>                    624 us
[6.792s][info][gc,stats    ]     CWR: Code Cache Roots           514 us, workers (us): 299, 215,   0, ---, ---, ---, 
[6.792s][info][gc,stats    ]     CWR: VM Weak Roots               95 us, workers (us):  49,  45,   1, ---, ---, ---, 
[6.792s][info][gc,stats    ]     CWR: CLDG Roots                  15 us, workers (us):  15, ---, ---, ---, ---, ---, 
[6.792s][info][gc,stats    ]   Rendezvous                        124 us
[6.792s][info][gc,stats    ] Concurrent Cleanup                  213 us
[6.792s][info][gc,stats    ] Concurrent Class Unloading         2225 us
[6.792s][info][gc,stats    ]   Unlink Stale                     1402 us
[6.792s][info][gc,stats    ]     System Dictionary                27 us
[6.792s][info][gc,stats    ]     Weak Class Links                  1 us
[6.792s][info][gc,stats    ]     Code Roots                     1369 us
[6.792s][info][gc,stats    ]   Rendezvous                        244 us
[6.792s][info][gc,stats    ]   Purge Unlinked                    379 us
[6.792s][info][gc,stats    ]     Code Roots                      318 us
[6.792s][info][gc,stats    ]     CLDG                             59 us
[6.792s][info][gc,stats    ]     Exception Caches                  2 us
[6.792s][info][gc,stats    ] Concurrent Strong Roots             334 us, parallelism: 0.31x
[6.792s][info][gc,stats    ]   CSR: <total>                      102 us
[6.792s][info][gc,stats    ]   CSR: VM Strong Roots               15 us, workers (us):  13,   2,   0, ---, ---, ---, 
[6.792s][info][gc,stats    ]   CSR: CLDG Roots                    87 us, workers (us): ---,  87, ---, ---, ---, ---, 
[6.792s][info][gc,stats    ] Concurrent Evacuation             23692 us
[6.792s][info][gc,stats    ] Pause Init Update Refs (G)          424 us
[6.792s][info][gc,stats    ] Pause Init Update Refs (N)           67 us
[6.792s][info][gc,stats    ]   Manage GCLABs                      11 us
[6.792s][info][gc,stats    ] Concurrent Update Refs             4604 us
[6.792s][info][gc,stats    ] Concurrent Update Thread Roots      816 us
[6.792s][info][gc,stats    ] Pause Final Update Refs (G)         800 us
[6.792s][info][gc,stats    ] Pause Final Update Refs (N)         524 us
[6.792s][info][gc,stats    ]   Update Region States              283 us
[6.792s][info][gc,stats    ]   Trash Collection Set               68 us
[6.792s][info][gc,stats    ]   Rebuild Free Set                  101 us
[6.792s][info][gc,stats    ] Concurrent Cleanup                  362 us
[6.792s][info][gc,stats    ] 
[6.792s][info][gc,stats    ] Allocation pacing accrued:
[6.792s][info][gc,stats    ]       0 of   116 ms (  0.0%): <total>
[6.792s][info][gc,stats    ]       0 of   116 ms (  0.0%): <average total>
[6.792s][info][gc,stats    ] 
[6.793s][info][gc,metaspace] Metaspace: 6358K(6528K)->6358K(6528K) NonClass: 5812K(5888K)->5812K(5888K) Class: 546K(640K)->546K(640K)
[6.793s][info][gc,ergo     ] Pacer for Idle. Initial: 20971K, Alloc Tax Rate: 1.0x
[6.859s][info][gc          ] Trigger: Average GC time (56.73 ms) is above the time for average allocation rate (3816 MB/s) to deplete free headroom (210M) (margin of error = 1.82)
[6.859s][info][gc,ergo     ] Free headroom: 262M (free) - 52428K (spike) - 0B (penalties) = 210M
[6.859s][info][gc,ergo     ] Free: 261M, Max: 512K regular, 230M humongous, Frag: 12% external, 5% internal; Reserve: 52736K, Max: 512K
[6.859s][info][gc,start    ] GC(64) Concurrent reset
[6.859s][info][gc,task     ] GC(64) Using 3 of 6 workers for concurrent reset
[6.859s][info][gc,ergo     ] GC(64) Pacer for Reset. Non-Taxable: 1024M
[6.863s][info][gc          ] GC(64) Concurrent reset 3.806ms
[6.863s][info][gc,start    ] GC(64) Pause Init Mark (unload classes)
[6.863s][info][gc,task     ] GC(64) Using 6 of 6 workers for init marking
[6.863s][info][gc,ergo     ] GC(64) Pacer for Mark. Expected Live: 196M, Free: 250M, Non-Taxable: 25636K, Alloc Tax Rate: 1.0x
[6.863s][info][gc          ] GC(64) Pause Init Mark (unload classes) 0.222ms
[6.863s][info][gc,start    ] GC(64) Concurrent marking roots
[6.863s][info][gc,task     ] GC(64) Using 3 of 6 workers for concurrent marking roots
[6.864s][info][gc          ] GC(64) Concurrent marking roots 0.252ms
[6.864s][info][gc,start    ] GC(64) Concurrent marking (unload classes)
[6.864s][info][gc,task     ] GC(64) Using 3 of 6 workers for concurrent marking
[6.866s][info][gc          ] GC(64) Concurrent marking (unload classes) 2.506ms
[6.866s][info][gc,start    ] GC(64) Pause Final Mark (unload classes)
[6.866s][info][gc,task     ] GC(64) Using 6 of 6 workers for final marking
[6.867s][info][gc,ergo     ] GC(64) Adaptive CSet Selection. Target Free: 145M, Actual Free: 556M, Max CSet: 43690K, Min Garbage: 0B
[6.867s][info][gc,ergo     ] GC(64) Collectable Garbage: 419M (82%), Immediate: 269M (52%), CSet: 150M (29%)
[6.867s][info][gc,ergo     ] GC(64) Pacer for Evacuation. Used CSet: 193M, Free: 516M, Non-Taxable: 52888K, Alloc Tax Rate: 1.1x
[6.867s][info][gc          ] GC(64) Pause Final Mark (unload classes) 0.635ms
[6.867s][info][gc,start    ] GC(64) Concurrent thread roots
[6.867s][info][gc,task     ] GC(64) Using 3 of 6 workers for Concurrent thread roots
[6.867s][info][gc          ] GC(64) Concurrent thread roots 0.253ms
[6.867s][info][gc,start    ] GC(64) Concurrent weak references
[6.867s][info][gc,task     ] GC(64) Using 3 of 6 workers for concurrent weak references
[6.867s][info][gc,ref      ] GC(64) Encountered references: Soft: 47, Weak: 146, Final: 0, Phantom: 3
[6.867s][info][gc,ref      ] GC(64) Discovered  references: Soft: 0, Weak: 53, Final: 0, Phantom: 2
[6.867s][info][gc,ref      ] GC(64) Enqueued    references: Soft: 0, Weak: 0, Final: 0, Phantom: 0
[6.867s][info][gc          ] GC(64) Concurrent weak references 0.092ms
[6.867s][info][gc,start    ] GC(64) Concurrent weak roots
[6.867s][info][gc,task     ] GC(64) Using 3 of 6 workers for concurrent weak root
[6.868s][info][gc          ] GC(64) Concurrent weak roots 0.444ms
[6.868s][info][gc,start    ] GC(64) Concurrent cleanup
[6.868s][info][gc          ] GC(64) Concurrent cleanup 725M->456M(1024M) 0.101ms
[6.868s][info][gc,ergo     ] GC(64) Free: 506M, Max: 512K regular, 259M humongous, Frag: 49% external, 0% internal; Reserve: 52720K, Max: 512K
[6.868s][info][gc,start    ] GC(64) Concurrent class unloading
[6.868s][info][gc,task     ] GC(64) Using 3 of 6 workers for concurrent class unloading
[6.869s][info][gc          ] GC(64) Concurrent class unloading 1.382ms
[6.869s][info][gc,start    ] GC(64) Concurrent strong roots
[6.869s][info][gc,task     ] GC(64) Using 3 of 6 workers for concurrent strong root
[6.870s][info][gc          ] GC(64) Concurrent strong roots 0.173ms
[6.870s][info][gc,start    ] GC(64) Concurrent evacuation
[6.870s][info][gc,task     ] GC(64) Using 3 of 6 workers for concurrent evacuation
[6.890s][info][gc          ] GC(64) Concurrent evacuation 20.212ms
[6.890s][info][gc,start    ] GC(64) Pause Init Update Refs
[6.890s][info][gc,ergo     ] GC(64) Pacer for Update Refs. Used: 555M, Free: 450M, Non-Taxable: 46106K, Alloc Tax Rate: 1.5x
[6.890s][info][gc          ] GC(64) Pause Init Update Refs 0.077ms
[6.890s][info][gc,start    ] GC(64) Concurrent update references
[6.891s][info][gc,task     ] GC(64) Using 3 of 6 workers for concurrent reference update
[6.894s][info][gc          ] GC(64) Concurrent update references 3.964ms
[6.895s][info][gc,start    ] GC(64) Concurrent update thread roots
[6.895s][info][gc          ] GC(64) Concurrent update thread roots 0.502ms
[6.895s][info][gc,start    ] GC(64) Pause Final Update Refs
[6.895s][info][gc,task     ] GC(64) Using 6 of 6 workers for final reference update
[6.896s][info][gc          ] GC(64) Pause Final Update Refs 0.287ms
[6.896s][info][gc,start    ] GC(64) Concurrent cleanup
[6.896s][info][gc          ] GC(64) Concurrent cleanup 575M->383M(1024M) 0.097ms
[6.896s][info][gc,ergo     ] Free: 588M, Max: 512K regular, 236M humongous, Frag: 60% external, 35% internal; Reserve: 52736K, Max: 512K
[6.896s][info][gc,stats    ] 
[6.896s][info][gc,stats    ] All times are wall-clock times, except per-root-class counters, that are sum over
[6.896s][info][gc,stats    ] all workers. Dividing the <total> over the root stage time estimates parallelism.
[6.896s][info][gc,stats    ] 
[6.896s][info][gc,stats    ] Concurrent Reset                   3955 us
[6.896s][info][gc,stats    ] Pause Init Mark (G)                 526 us
[6.896s][info][gc,stats    ] Pause Init Mark (N)                 228 us
[6.896s][info][gc,stats    ]   Update Region States              134 us
[6.896s][info][gc,stats    ] Concurrent Mark Roots               269 us, parallelism: 1.06x
[6.896s][info][gc,stats    ]   CMR: <total>                      285 us
[6.896s][info][gc,stats    ]   CMR: Thread Roots                 201 us, workers (us):  17, 114,  70, ---, ---, ---, 
[6.896s][info][gc,stats    ]   CMR: VM Strong Roots                9 us, workers (us):   8,   0,   0, ---, ---, ---, 
[6.896s][info][gc,stats    ]   CMR: CLDG Roots                    75 us, workers (us):  75, ---, ---, ---, ---, ---, 
[6.896s][info][gc,stats    ] Concurrent Marking                 2615 us
[6.896s][info][gc,stats    ] Pause Final Mark (G)                864 us
[6.896s][info][gc,stats    ] Pause Final Mark (N)                644 us
[6.896s][info][gc,stats    ]   Finish Mark                       326 us
[6.896s][info][gc,stats    ]   Update Region States              107 us
[6.896s][info][gc,stats    ]   Choose Collection Set             127 us
[6.896s][info][gc,stats    ]   Rebuild Free Set                   23 us
[6.896s][info][gc,stats    ] Concurrent Thread Roots             270 us, parallelism: 0.82x
[6.896s][info][gc,stats    ]   CTR: <total>                      221 us
[6.896s][info][gc,stats    ]   CTR: Thread Roots                 221 us, workers (us): 141,  65,  14, ---, ---, ---, 
[6.896s][info][gc,stats    ] Concurrent Weak References           98 us, parallelism: 0.19x
[6.896s][info][gc,stats    ]   CWRF: <total>                      19 us
[6.896s][info][gc,stats    ]   CWRF: Weak References              19 us, workers (us):  17,   2,   0, ---, ---, ---, 
[6.896s][info][gc,stats    ] Concurrent Weak Roots               460 us
[6.896s][info][gc,stats    ]   Roots                             336 us, parallelism: 1.36x
[6.896s][info][gc,stats    ]     CWR: <total>                    455 us
[6.896s][info][gc,stats    ]     CWR: Code Cache Roots           384 us, workers (us):   0, 188, 196, ---, ---, ---, 
[6.896s][info][gc,stats    ]     CWR: VM Weak Roots               55 us, workers (us):  35,  17,   3, ---, ---, ---, 
[6.896s][info][gc,stats    ]     CWR: CLDG Roots                  15 us, workers (us):  15, ---, ---, ---, ---, ---, 
[6.896s][info][gc,stats    ]   Rendezvous                         96 us
[6.896s][info][gc,stats    ] Concurrent Cleanup                  106 us
[6.896s][info][gc,stats    ] Concurrent Class Unloading         1446 us
[6.896s][info][gc,stats    ]   Unlink Stale                     1042 us
[6.896s][info][gc,stats    ]     System Dictionary                11 us
[6.896s][info][gc,stats    ]     Weak Class Links                  0 us
[6.896s][info][gc,stats    ]     Code Roots                     1029 us
[6.896s][info][gc,stats    ]   Rendezvous                        147 us
[6.896s][info][gc,stats    ]   Purge Unlinked                    178 us
[6.896s][info][gc,stats    ]     Code Roots                      152 us
[6.896s][info][gc,stats    ]     CLDG                             26 us
[6.896s][info][gc,stats    ]     Exception Caches                  0 us
[6.896s][info][gc,stats    ] Concurrent Strong Roots             184 us, parallelism: 0.38x
[6.896s][info][gc,stats    ]   CSR: <total>                       70 us
[6.896s][info][gc,stats    ]   CSR: VM Strong Roots                8 us, workers (us):   7,   1,   0, ---, ---, ---, 
[6.896s][info][gc,stats    ]   CSR: CLDG Roots                    62 us, workers (us):  62, ---, ---, ---, ---, ---, 
[6.896s][info][gc,stats    ] Concurrent Evacuation             20384 us
[6.896s][info][gc,stats    ] Pause Init Update Refs (G)          439 us
[6.896s][info][gc,stats    ] Pause Init Update Refs (N)           86 us
[6.896s][info][gc,stats    ]   Manage GCLABs                      11 us
[6.896s][info][gc,stats    ] Concurrent Update Refs             4082 us
[6.896s][info][gc,stats    ] Concurrent Update Thread Roots      537 us
[6.896s][info][gc,stats    ] Pause Final Update Refs (G)         634 us
[6.896s][info][gc,stats    ] Pause Final Update Refs (N)         304 us
[6.896s][info][gc,stats    ]   Update Region States              138 us
[6.896s][info][gc,stats    ]   Trash Collection Set               18 us
[6.896s][info][gc,stats    ]   Rebuild Free Set                   48 us
[6.896s][info][gc,stats    ] Concurrent Cleanup                  105 us
[6.896s][info][gc,stats    ] 
[6.896s][info][gc,stats    ] Allocation pacing accrued:
[6.896s][info][gc,stats    ]       0 of   104 ms (  0.0%): <total>
[6.896s][info][gc,stats    ]       0 of   104 ms (  0.0%): <average total>
[6.896s][info][gc,stats    ] 
[6.896s][info][gc,metaspace] Metaspace: 6358K(6528K)->6358K(6528K) NonClass: 5812K(5888K)->5812K(5888K) Class: 546K(640K)->546K(640K)
[6.896s][info][gc,ergo     ] Pacer for Idle. Initial: 20971K, Alloc Tax Rate: 1.0x
[6.950s][info][gc          ] Trigger: Average GC time (51.92 ms) is above the time for average allocation rate (3817 MB/s) to deplete free headroom (194M) (margin of error = 1.82)
[6.950s][info][gc,ergo     ] Free headroom: 245M (free) - 52428K (spike) - 0B (penalties) = 194M
[6.950s][info][gc,ergo     ] Free: 245M, Max: 512K regular, 236M humongous, Frag: 4% external, 9% internal; Reserve: 52736K, Max: 512K
[6.950s][info][gc,start    ] GC(65) Concurrent reset
[6.950s][info][gc,task     ] GC(65) Using 3 of 6 workers for concurrent reset
[6.950s][info][gc,ergo     ] GC(65) Pacer for Reset. Non-Taxable: 1024M
[6.952s][info][gc          ] GC(65) Concurrent reset 2.638ms
[6.953s][info][gc,start    ] GC(65) Pause Init Mark (unload classes)
[6.953s][info][gc,task     ] GC(65) Using 6 of 6 workers for init marking
[6.953s][info][gc,ergo     ] GC(65) Pacer for Mark. Expected Live: 196M, Free: 234M, Non-Taxable: 24008K, Alloc Tax Rate: 1.0x
[6.953s][info][gc          ] GC(65) Pause Init Mark (unload classes) 0.214ms
[6.953s][info][gc,start    ] GC(65) Concurrent marking roots
[6.953s][info][gc,task     ] GC(65) Using 3 of 6 workers for concurrent marking roots
[6.953s][info][gc          ] GC(65) Concurrent marking roots 0.282ms
[6.953s][info][gc,start    ] GC(65) Concurrent marking (unload classes)
[6.953s][info][gc,task     ] GC(65) Using 3 of 6 workers for concurrent marking
[6.956s][info][gc          ] GC(65) Concurrent marking (unload classes) 2.622ms
[6.956s][info][gc,start    ] GC(65) Pause Final Mark (unload classes)
[6.956s][info][gc,task     ] GC(65) Using 6 of 6 workers for final marking
[6.957s][info][gc,ergo     ] GC(65) Adaptive CSet Selection. Target Free: 145M, Actual Free: 544M, Max CSet: 43690K, Min Garbage: 0B
[6.957s][info][gc,ergo     ] GC(65) Collectable Garbage: 436M (82%), Immediate: 276M (52%), CSet: 159M (30%)
[6.957s][info][gc,ergo     ] GC(65) Pacer for Evacuation. Used CSet: 201M, Free: 505M, Non-Taxable: 51748K, Alloc Tax Rate: 1.1x
[6.957s][info][gc          ] GC(65) Pause Final Mark (unload classes) 0.629ms
[6.957s][info][gc,start    ] GC(65) Concurrent thread roots
[6.957s][info][gc,task     ] GC(65) Using 3 of 6 workers for Concurrent thread roots
[6.957s][info][gc          ] GC(65) Concurrent thread roots 0.204ms
[6.957s][info][gc,start    ] GC(65) Concurrent weak references
[6.957s][info][gc,task     ] GC(65) Using 3 of 6 workers for concurrent weak references
[6.957s][info][gc,ref      ] GC(65) Encountered references: Soft: 47, Weak: 146, Final: 0, Phantom: 3
[6.957s][info][gc,ref      ] GC(65) Discovered  references: Soft: 0, Weak: 64, Final: 0, Phantom: 2
[6.957s][info][gc,ref      ] GC(65) Enqueued    references: Soft: 0, Weak: 0, Final: 0, Phantom: 0
[6.957s][info][gc          ] GC(65) Concurrent weak references 0.099ms
[6.957s][info][gc,start    ] GC(65) Concurrent weak roots
[6.957s][info][gc,task     ] GC(65) Using 3 of 6 workers for concurrent weak root
[6.958s][info][gc          ] GC(65) Concurrent weak roots 0.384ms
[6.958s][info][gc,start    ] GC(65) Concurrent cleanup
[6.958s][info][gc          ] GC(65) Concurrent cleanup 744M->468M(1024M) 0.119ms
[6.958s][info][gc,ergo     ] GC(65) Free: 494M, Max: 512K regular, 236M humongous, Frag: 53% external, 0% internal; Reserve: 52722K, Max: 512K
[6.958s][info][gc,start    ] GC(65) Concurrent class unloading
[6.958s][info][gc,task     ] GC(65) Using 3 of 6 workers for concurrent class unloading
[6.959s][info][gc          ] GC(65) Concurrent class unloading 1.406ms
[6.959s][info][gc,start    ] GC(65) Concurrent strong roots
[6.959s][info][gc,task     ] GC(65) Using 3 of 6 workers for concurrent strong root
[6.959s][info][gc          ] GC(65) Concurrent strong roots 0.179ms
[6.959s][info][gc,start    ] GC(65) Concurrent evacuation
[6.959s][info][gc,task     ] GC(65) Using 3 of 6 workers for concurrent evacuation
[6.978s][info][gc          ] GC(65) Concurrent evacuation 18.452ms
[6.978s][info][gc,start    ] GC(65) Pause Init Update Refs
[6.978s][info][gc,ergo     ] GC(65) Pacer for Update Refs. Used: 576M, Free: 429M, Non-Taxable: 43997K, Alloc Tax Rate: 1.6x
[6.978s][info][gc          ] GC(65) Pause Init Update Refs 0.046ms
[6.978s][info][gc,start    ] GC(65) Concurrent update references
[6.978s][info][gc,task     ] GC(65) Using 3 of 6 workers for concurrent reference update
[6.982s][info][gc          ] GC(65) Concurrent update references 3.692ms
[6.982s][info][gc,start    ] GC(65) Concurrent update thread roots
[6.982s][info][gc          ] GC(65) Concurrent update thread roots 0.358ms
[6.983s][info][gc,start    ] GC(65) Pause Final Update Refs
[6.983s][info][gc,task     ] GC(65) Using 6 of 6 workers for final reference update
[6.983s][info][gc          ] GC(65) Pause Final Update Refs 0.213ms
[6.983s][info][gc,start    ] GC(65) Concurrent cleanup
[6.983s][info][gc          ] GC(65) Concurrent cleanup 597M->396M(1024M) 0.073ms
[6.983s][info][gc,ergo     ] Free: 575M, Max: 512K regular, 211M humongous, Frag: 63% external, 37% internal; Reserve: 52736K, Max: 512K
[6.983s][info][gc,stats    ] 
[6.983s][info][gc,stats    ] All times are wall-clock times, except per-root-class counters, that are sum over
[6.983s][info][gc,stats    ] all workers. Dividing the <total> over the root stage time estimates parallelism.
[6.983s][info][gc,stats    ] 
[6.983s][info][gc,stats    ] Concurrent Reset                   2724 us
[6.983s][info][gc,stats    ] Pause Init Mark (G)                 464 us
[6.983s][info][gc,stats    ] Pause Init Mark (N)                 220 us
[6.983s][info][gc,stats    ]   Update Region States              147 us
[6.983s][info][gc,stats    ] Concurrent Mark Roots               295 us, parallelism: 1.02x
[6.983s][info][gc,stats    ]   CMR: <total>                      301 us
[6.983s][info][gc,stats    ]   CMR: Thread Roots                 203 us, workers (us): 132,   0,  71, ---, ---, ---, 
[6.983s][info][gc,stats    ]   CMR: VM Strong Roots               10 us, workers (us):   9,   1,   0, ---, ---, ---, 
[6.983s][info][gc,stats    ]   CMR: CLDG Roots                    88 us, workers (us): ---,  88, ---, ---, ---, ---, 
[6.983s][info][gc,stats    ] Concurrent Marking                 2708 us
[6.983s][info][gc,stats    ] Pause Final Mark (G)                838 us
[6.983s][info][gc,stats    ] Pause Final Mark (N)                636 us
[6.983s][info][gc,stats    ]   Finish Mark                       328 us
[6.983s][info][gc,stats    ]   Update Region States              106 us
[6.983s][info][gc,stats    ]   Choose Collection Set             125 us
[6.983s][info][gc,stats    ]   Rebuild Free Set                   24 us
[6.983s][info][gc,stats    ] Concurrent Thread Roots             219 us, parallelism: 0.87x
[6.983s][info][gc,stats    ]   CTR: <total>                      190 us
[6.983s][info][gc,stats    ]   CTR: Thread Roots                 190 us, workers (us):  63,  62,  65, ---, ---, ---, 
[6.983s][info][gc,stats    ] Concurrent Weak References          103 us, parallelism: 0.14x
[6.983s][info][gc,stats    ]   CWRF: <total>                      14 us
[6.983s][info][gc,stats    ]   CWRF: Weak References              14 us, workers (us):  14,   0,   0, ---, ---, ---, 
[6.983s][info][gc,stats    ] Concurrent Weak Roots               400 us
[6.983s][info][gc,stats    ]   Roots                             277 us, parallelism: 1.21x
[6.983s][info][gc,stats    ]     CWR: <total>                    334 us
[6.983s][info][gc,stats    ]     CWR: Code Cache Roots           276 us, workers (us):   0, 158, 117, ---, ---, ---, 
[6.983s][info][gc,stats    ]     CWR: VM Weak Roots               46 us, workers (us):  32,  14,   1, ---, ---, ---, 
[6.983s][info][gc,stats    ]     CWR: CLDG Roots                  12 us, workers (us):  12, ---, ---, ---, ---, ---, 
[6.983s][info][gc,stats    ]   Rendezvous                         97 us
[6.983s][info][gc,stats    ] Concurrent Cleanup                  125 us
[6.983s][info][gc,stats    ] Concurrent Class Unloading         1466 us
[6.983s][info][gc,stats    ]   Unlink Stale                      816 us
[6.983s][info][gc,stats    ]     System Dictionary                12 us
[6.983s][info][gc,stats    ]     Weak Class Links                  1 us
[6.983s][info][gc,stats    ]     Code Roots                      802 us
[6.983s][info][gc,stats    ]   Rendezvous                        338 us
[6.983s][info][gc,stats    ]   Purge Unlinked                    239 us
[6.983s][info][gc,stats    ]     Code Roots                      210 us
[6.983s][info][gc,stats    ]     CLDG                             27 us
[6.983s][info][gc,stats    ]     Exception Caches                  0 us
[6.983s][info][gc,stats    ] Concurrent Strong Roots             199 us, parallelism: 0.23x
[6.983s][info][gc,stats    ]   CSR: <total>                       46 us
[6.983s][info][gc,stats    ]   CSR: VM Strong Roots                6 us, workers (us):   6,   0,   0, ---, ---, ---, 
[6.983s][info][gc,stats    ]   CSR: CLDG Roots                    40 us, workers (us):  40, ---, ---, ---, ---, ---, 
[6.983s][info][gc,stats    ] Concurrent Evacuation             18547 us
[6.983s][info][gc,stats    ] Pause Init Update Refs (G)          339 us
[6.983s][info][gc,stats    ] Pause Init Update Refs (N)           51 us
[6.983s][info][gc,stats    ]   Manage GCLABs                       8 us
[6.983s][info][gc,stats    ] Concurrent Update Refs             3800 us
[6.983s][info][gc,stats    ] Concurrent Update Thread Roots      390 us
[6.983s][info][gc,stats    ] Pause Final Update Refs (G)         412 us
[6.983s][info][gc,stats    ] Pause Final Update Refs (N)         224 us
[6.983s][info][gc,stats    ]   Update Region States              137 us
[6.983s][info][gc,stats    ]   Trash Collection Set               12 us
[6.983s][info][gc,stats    ]   Rebuild Free Set                   32 us
[6.983s][info][gc,stats    ] Concurrent Cleanup                   80 us
[6.983s][info][gc,stats    ] 
[6.983s][info][gc,stats    ] Allocation pacing accrued:
[6.983s][info][gc,stats    ]       0 of    87 ms (  0.0%): <total>
[6.983s][info][gc,stats    ]       0 of    87 ms (  0.0%): <average total>
[6.983s][info][gc,stats    ] 
[6.983s][info][gc,metaspace] Metaspace: 6358K(6528K)->6358K(6528K) NonClass: 5812K(5888K)->5812K(5888K) Class: 546K(640K)->546K(640K)
[6.983s][info][gc,ergo     ] Pacer for Idle. Initial: 20971K, Alloc Tax Rate: 1.0x
[7.036s][info][gc          ] Trigger: Average GC time (47.60 ms) is above the time for average allocation rate (3818 MB/s) to deplete free headroom (175M) (margin of error = 1.83)
[7.036s][info][gc,ergo     ] Free headroom: 226M (free) - 52428K (spike) - 0B (penalties) = 175M
[7.036s][info][gc,ergo     ] Free: 225M, Max: 512K regular, 211M humongous, Frag: 6% external, 10% internal; Reserve: 52736K, Max: 512K
[7.036s][info][gc,start    ] GC(66) Concurrent reset
[7.036s][info][gc,task     ] GC(66) Using 3 of 6 workers for concurrent reset
[7.036s][info][gc,ergo     ] GC(66) Pacer for Reset. Non-Taxable: 1024M
[7.040s][info][gc          ] GC(66) Concurrent reset 3.631ms
[7.040s][info][gc,start    ] GC(66) Pause Init Mark (unload classes)
[7.040s][info][gc,task     ] GC(66) Using 6 of 6 workers for init marking
[7.040s][info][gc,ergo     ] GC(66) Pacer for Mark. Expected Live: 196M, Free: 216M, Non-Taxable: 22147K, Alloc Tax Rate: 1.1x
[7.040s][info][gc          ] GC(66) Pause Init Mark (unload classes) 0.162ms
[7.041s][info][gc,start    ] GC(66) Concurrent marking roots
[7.041s][info][gc,task     ] GC(66) Using 3 of 6 workers for concurrent marking roots
[7.041s][info][gc          ] GC(66) Concurrent marking roots 0.284ms
[7.041s][info][gc,start    ] GC(66) Concurrent marking (unload classes)
[7.041s][info][gc,task     ] GC(66) Using 3 of 6 workers for concurrent marking
[7.044s][info][gc          ] GC(66) Concurrent marking (unload classes) 2.774ms
[7.044s][info][gc,start    ] GC(66) Pause Final Mark (unload classes)
[7.044s][info][gc,task     ] GC(66) Using 6 of 6 workers for final marking
[7.044s][info][gc,ergo     ] GC(66) Adaptive CSet Selection. Target Free: 145M, Actual Free: 538M, Max CSet: 43690K, Min Garbage: 0B
[7.044s][info][gc,ergo     ] GC(66) Collectable Garbage: 453M (83%), Immediate: 291M (53%), CSet: 161M (29%)
[7.044s][info][gc,ergo     ] GC(66) Pacer for Evacuation. Used CSet: 204M, Free: 499M, Non-Taxable: 51133K, Alloc Tax Rate: 1.1x
[7.044s][info][gc          ] GC(66) Pause Final Mark (unload classes) 0.487ms
[7.044s][info][gc,start    ] GC(66) Concurrent thread roots
[7.044s][info][gc,task     ] GC(66) Using 3 of 6 workers for Concurrent thread roots
[7.045s][info][gc          ] GC(66) Concurrent thread roots 0.165ms
[7.045s][info][gc,start    ] GC(66) Concurrent weak references
[7.045s][info][gc,task     ] GC(66) Using 3 of 6 workers for concurrent weak references
[7.045s][info][gc,ref      ] GC(66) Encountered references: Soft: 47, Weak: 146, Final: 0, Phantom: 3
[7.045s][info][gc,ref      ] GC(66) Discovered  references: Soft: 0, Weak: 54, Final: 0, Phantom: 2
[7.045s][info][gc,ref      ] GC(66) Enqueued    references: Soft: 0, Weak: 0, Final: 0, Phantom: 0
[7.045s][info][gc          ] GC(66) Concurrent weak references 0.071ms
[7.045s][info][gc,start    ] GC(66) Concurrent weak roots
[7.045s][info][gc,task     ] GC(66) Using 3 of 6 workers for concurrent weak root
[7.045s][info][gc          ] GC(66) Concurrent weak roots 0.280ms
[7.045s][info][gc,start    ] GC(66) Concurrent cleanup
[7.045s][info][gc          ] GC(66) Concurrent cleanup 764M->474M(1024M) 0.083ms
[7.045s][info][gc,ergo     ] GC(66) Free: 487M, Max: 512K regular, 213M humongous, Frag: 57% external, 0% internal; Reserve: 52722K, Max: 512K
[7.045s][info][gc,start    ] GC(66) Concurrent class unloading
[7.045s][info][gc,task     ] GC(66) Using 3 of 6 workers for concurrent class unloading
[7.046s][info][gc          ] GC(66) Concurrent class unloading 0.841ms
[7.046s][info][gc,start    ] GC(66) Concurrent strong roots
[7.046s][info][gc,task     ] GC(66) Using 3 of 6 workers for concurrent strong root
[7.046s][info][gc          ] GC(66) Concurrent strong roots 0.125ms
[7.046s][info][gc,start    ] GC(66) Concurrent evacuation
[7.046s][info][gc,task     ] GC(66) Using 3 of 6 workers for concurrent evacuation
[7.061s][info][gc          ] GC(66) Concurrent evacuation 14.683ms
[7.061s][info][gc,start    ] GC(66) Pause Init Update Refs
[7.061s][info][gc,ergo     ] GC(66) Pacer for Update Refs. Used: 571M, Free: 433M, Non-Taxable: 44438K, Alloc Tax Rate: 1.6x
[7.061s][info][gc          ] GC(66) Pause Init Update Refs 0.036ms
[7.061s][info][gc,start    ] GC(66) Concurrent update references
[7.061s][info][gc,task     ] GC(66) Using 3 of 6 workers for concurrent reference update
[7.064s][info][gc          ] GC(66) Concurrent update references 2.735ms
[7.064s][info][gc,start    ] GC(66) Concurrent update thread roots
[7.064s][info][gc          ] GC(66) Concurrent update thread roots 0.315ms
[7.064s][info][gc,start    ] GC(66) Pause Final Update Refs
[7.065s][info][gc,task     ] GC(66) Using 6 of 6 workers for final reference update
[7.065s][info][gc          ] GC(66) Pause Final Update Refs 0.301ms
[7.065s][info][gc,start    ] GC(66) Concurrent cleanup
[7.065s][info][gc          ] GC(66) Concurrent cleanup 592M->389M(1024M) 0.091ms
[7.065s][info][gc,ergo     ] Free: 582M, Max: 512K regular, 190M humongous, Frag: 67% external, 36% internal; Reserve: 52736K, Max: 512K
[7.065s][info][gc,stats    ] 
[7.065s][info][gc,stats    ] All times are wall-clock times, except per-root-class counters, that are sum over
[7.065s][info][gc,stats    ] all workers. Dividing the <total> over the root stage time estimates parallelism.
[7.065s][info][gc,stats    ] 
[7.065s][info][gc,stats    ] Concurrent Reset                   3768 us
[7.065s][info][gc,stats    ] Pause Init Mark (G)                 430 us
[7.065s][info][gc,stats    ] Pause Init Mark (N)                 167 us
[7.065s][info][gc,stats    ]   Update Region States              108 us
[7.065s][info][gc,stats    ] Concurrent Mark Roots               295 us, parallelism: 0.93x
[7.065s][info][gc,stats    ]   CMR: <total>                      273 us
[7.065s][info][gc,stats    ]   CMR: Thread Roots                 220 us, workers (us):  51,  76,  93, ---, ---, ---, 
[7.065s][info][gc,stats    ]   CMR: VM Strong Roots                9 us, workers (us):   8,   0,   0, ---, ---, ---, 
[7.065s][info][gc,stats    ]   CMR: CLDG Roots                    45 us, workers (us):  45, ---, ---, ---, ---, ---, 
[7.065s][info][gc,stats    ] Concurrent Marking                 2873 us
[7.065s][info][gc,stats    ] Pause Final Mark (G)                712 us
[7.065s][info][gc,stats    ] Pause Final Mark (N)                491 us
[7.065s][info][gc,stats    ]   Finish Mark                       250 us
[7.065s][info][gc,stats    ]   Update Region States               90 us
[7.065s][info][gc,stats    ]   Choose Collection Set              91 us
[7.065s][info][gc,stats    ]   Rebuild Free Set                   18 us
[7.065s][info][gc,stats    ] Concurrent Thread Roots             177 us, parallelism: 0.77x
[7.065s][info][gc,stats    ]   CTR: <total>                      136 us
[7.065s][info][gc,stats    ]   CTR: Thread Roots                 136 us, workers (us):  46,  42,  48, ---, ---, ---, 
[7.065s][info][gc,stats    ] Concurrent Weak References           75 us, parallelism: 0.12x
[7.065s][info][gc,stats    ]   CWRF: <total>                       9 us
[7.065s][info][gc,stats    ]   CWRF: Weak References               9 us, workers (us):   9,   0,   0, ---, ---, ---, 
[7.065s][info][gc,stats    ] Concurrent Weak Roots               292 us
[7.065s][info][gc,stats    ]   Roots                             206 us, parallelism: 1.23x
[7.065s][info][gc,stats    ]     CWR: <total>                    254 us
[7.065s][info][gc,stats    ]     CWR: Code Cache Roots           211 us, workers (us):   0, 119,  93, ---, ---, ---, 
[7.065s][info][gc,stats    ]     CWR: VM Weak Roots               34 us, workers (us):  25,   9,   1, ---, ---, ---, 
[7.065s][info][gc,stats    ]     CWR: CLDG Roots                   8 us, workers (us):   8, ---, ---, ---, ---, ---, 
[7.065s][info][gc,stats    ]   Rendezvous                         65 us
[7.065s][info][gc,stats    ] Concurrent Cleanup                   88 us
[7.065s][info][gc,stats    ] Concurrent Class Unloading          872 us
[7.065s][info][gc,stats    ]   Unlink Stale                      628 us
[7.065s][info][gc,stats    ]     System Dictionary                 8 us
[7.065s][info][gc,stats    ]     Weak Class Links                  1 us
[7.065s][info][gc,stats    ]     Code Roots                      618 us
[7.065s][info][gc,stats    ]   Rendezvous                         79 us
[7.065s][info][gc,stats    ]   Purge Unlinked                    125 us
[7.065s][info][gc,stats    ]     Code Roots                      102 us
[7.065s][info][gc,stats    ]     CLDG                             22 us
[7.065s][info][gc,stats    ]     Exception Caches                  0 us
[7.065s][info][gc,stats    ] Concurrent Strong Roots             141 us, parallelism: 0.31x
[7.065s][info][gc,stats    ]   CSR: <total>                       43 us
[7.065s][info][gc,stats    ]   CSR: VM Strong Roots                5 us, workers (us):   5,   0,   0, ---, ---, ---, 
[7.065s][info][gc,stats    ]   CSR: CLDG Roots                    38 us, workers (us):  38, ---, ---, ---, ---, ---, 
[7.065s][info][gc,stats    ] Concurrent Evacuation             14795 us
[7.065s][info][gc,stats    ] Pause Init Update Refs (G)          281 us
[7.065s][info][gc,stats    ] Pause Init Update Refs (N)           40 us
[7.065s][info][gc,stats    ]   Manage GCLABs                       4 us
[7.065s][info][gc,stats    ] Concurrent Update Refs             2797 us
[7.065s][info][gc,stats    ] Concurrent Update Thread Roots      329 us
[7.065s][info][gc,stats    ] Pause Final Update Refs (G)         585 us
[7.065s][info][gc,stats    ] Pause Final Update Refs (N)         316 us
[7.065s][info][gc,stats    ]   Update Region States              206 us
[7.065s][info][gc,stats    ]   Trash Collection Set               12 us
[7.065s][info][gc,stats    ]   Rebuild Free Set                   26 us
[7.065s][info][gc,stats    ] Concurrent Cleanup                   98 us
[7.065s][info][gc,stats    ] 
[7.065s][info][gc,stats    ] Allocation pacing accrued:
[7.065s][info][gc,stats    ]       0 of    82 ms (  0.0%): <total>
[7.065s][info][gc,stats    ]       0 of    82 ms (  0.0%): <average total>
[7.065s][info][gc,stats    ] 
[7.066s][info][gc,metaspace] Metaspace: 6358K(6528K)->6358K(6528K) NonClass: 5812K(5888K)->5812K(5888K) Class: 546K(640K)->546K(640K)
[7.066s][info][gc,ergo     ] Pacer for Idle. Initial: 20971K, Alloc Tax Rate: 1.0x
[7.102s][info][gc          ] Trigger: Average GC time (43.59 ms) is above the time for average allocation rate (3818 MB/s) to deplete free headroom (155M) (margin of error = 1.84)
[7.102s][info][gc,ergo     ] Free headroom: 206M (free) - 52428K (spike) - 0B (penalties) = 155M
[7.102s][info][gc,ergo     ] Free: 206M, Max: 512K regular, 190M humongous, Frag: 8% external, 10% internal; Reserve: 52736K, Max: 512K
[7.102s][info][gc,start    ] GC(67) Concurrent reset
[7.102s][info][gc,task     ] GC(67) Using 3 of 6 workers for concurrent reset
[7.102s][info][gc,ergo     ] GC(67) Pacer for Reset. Non-Taxable: 1024M
[7.105s][info][gc          ] GC(67) Concurrent reset 2.168ms
[7.105s][info][gc,start    ] GC(67) Pause Init Mark (unload classes)
[7.105s][info][gc,task     ] GC(67) Using 6 of 6 workers for init marking
[7.105s][info][gc,ergo     ] GC(67) Pacer for Mark. Expected Live: 196M, Free: 196M, Non-Taxable: 20112K, Alloc Tax Rate: 1.2x
[7.105s][info][gc          ] GC(67) Pause Init Mark (unload classes) 0.208ms
[7.105s][info][gc,start    ] GC(67) Concurrent marking roots
[7.105s][info][gc,task     ] GC(67) Using 3 of 6 workers for concurrent marking roots
[7.105s][info][gc          ] GC(67) Concurrent marking roots 0.222ms
[7.105s][info][gc,start    ] GC(67) Concurrent marking (unload classes)
[7.105s][info][gc,task     ] GC(67) Using 3 of 6 workers for concurrent marking
[7.107s][info][gc          ] GC(67) Concurrent marking (unload classes) 1.827ms
[7.107s][info][gc,start    ] GC(67) Pause Final Mark (unload classes)
[7.107s][info][gc,task     ] GC(67) Using 6 of 6 workers for final marking
[7.108s][info][gc,ergo     ] GC(67) Adaptive CSet Selection. Target Free: 145M, Actual Free: 540M, Max CSet: 43690K, Min Garbage: 0B
[7.108s][info][gc,ergo     ] GC(67) Collectable Garbage: 476M (84%), Immediate: 313M (55%), CSet: 162M (28%)
[7.108s][info][gc,ergo     ] GC(67) Pacer for Evacuation. Used CSet: 205M, Free: 501M, Non-Taxable: 51357K, Alloc Tax Rate: 1.1x
[7.108s][info][gc          ] GC(67) Pause Final Mark (unload classes) 0.496ms
[7.108s][info][gc,start    ] GC(67) Concurrent thread roots
[7.108s][info][gc,task     ] GC(67) Using 3 of 6 workers for Concurrent thread roots
[7.108s][info][gc          ] GC(67) Concurrent thread roots 0.180ms
[7.108s][info][gc,start    ] GC(67) Concurrent weak references
[7.108s][info][gc,task     ] GC(67) Using 3 of 6 workers for concurrent weak references
[7.108s][info][gc,ref      ] GC(67) Encountered references: Soft: 47, Weak: 146, Final: 0, Phantom: 3
[7.108s][info][gc,ref      ] GC(67) Discovered  references: Soft: 0, Weak: 57, Final: 0, Phantom: 2
[7.108s][info][gc,ref      ] GC(67) Enqueued    references: Soft: 0, Weak: 0, Final: 0, Phantom: 0
[7.108s][info][gc          ] GC(67) Concurrent weak references 0.077ms
[7.108s][info][gc,start    ] GC(67) Concurrent weak roots
[7.108s][info][gc,task     ] GC(67) Using 3 of 6 workers for concurrent weak root
[7.109s][info][gc          ] GC(67) Concurrent weak roots 0.311ms
[7.109s][info][gc,start    ] GC(67) Concurrent cleanup
[7.109s][info][gc          ] GC(67) Concurrent cleanup 783M->471M(1024M) 0.087ms
[7.109s][info][gc,ergo     ] GC(67) Free: 490M, Max: 512K regular, 197M humongous, Frag: 60% external, 0% internal; Reserve: 52720K, Max: 512K
[7.109s][info][gc,start    ] GC(67) Concurrent class unloading
[7.109s][info][gc,task     ] GC(67) Using 3 of 6 workers for concurrent class unloading
[7.110s][info][gc          ] GC(67) Concurrent class unloading 0.902ms
[7.110s][info][gc,start    ] GC(67) Concurrent strong roots
[7.110s][info][gc,task     ] GC(67) Using 3 of 6 workers for concurrent strong root
[7.110s][info][gc          ] GC(67) Concurrent strong roots 0.127ms
[7.110s][info][gc,start    ] GC(67) Concurrent evacuation
[7.110s][info][gc,task     ] GC(67) Using 3 of 6 workers for concurrent evacuation
[7.123s][info][gc          ] GC(67) Concurrent evacuation 13.559ms
[7.124s][info][gc,start    ] GC(67) Pause Init Update Refs
[7.124s][info][gc,ergo     ] GC(67) Pacer for Update Refs. Used: 569M, Free: 436M, Non-Taxable: 44653K, Alloc Tax Rate: 1.6x
[7.124s][info][gc          ] GC(67) Pause Init Update Refs 0.032ms
[7.124s][info][gc,start    ] GC(67) Concurrent update references
[7.124s][info][gc,task     ] GC(67) Using 3 of 6 workers for concurrent reference update
[7.126s][info][gc          ] GC(67) Concurrent update references 2.729ms
[7.127s][info][gc,start    ] GC(67) Concurrent update thread roots
[7.127s][info][gc          ] GC(67) Concurrent update thread roots 0.372ms
[7.127s][info][gc,start    ] GC(67) Pause Final Update Refs
[7.127s][info][gc,task     ] GC(67) Using 6 of 6 workers for final reference update
[7.127s][info][gc          ] GC(67) Pause Final Update Refs 0.194ms
[7.127s][info][gc,start    ] GC(67) Concurrent cleanup
[7.127s][info][gc          ] GC(67) Concurrent cleanup 590M->387M(1024M) 0.077ms
[7.127s][info][gc,ergo     ] Free: 585M, Max: 512K regular, 171M humongous, Frag: 71% external, 35% internal; Reserve: 52736K, Max: 512K
[7.127s][info][gc,stats    ] 
[7.127s][info][gc,stats    ] All times are wall-clock times, except per-root-class counters, that are sum over
[7.127s][info][gc,stats    ] all workers. Dividing the <total> over the root stage time estimates parallelism.
[7.127s][info][gc,stats    ] 
[7.128s][info][gc,stats    ] Concurrent Reset                   2263 us
[7.128s][info][gc,stats    ] Pause Init Mark (G)                 529 us
[7.128s][info][gc,stats    ] Pause Init Mark (N)                 251 us
[7.128s][info][gc,stats    ]   Update Region States              147 us
[7.128s][info][gc,stats    ] Concurrent Mark Roots               236 us, parallelism: 0.89x
[7.128s][info][gc,stats    ]   CMR: <total>                      211 us
[7.128s][info][gc,stats    ]   CMR: Thread Roots                 155 us, workers (us):  47,  97,  12, ---, ---, ---, 
[7.128s][info][gc,stats    ]   CMR: VM Strong Roots                7 us, workers (us):   7,   0,   0, ---, ---, ---, 
[7.128s][info][gc,stats    ]   CMR: CLDG Roots                    48 us, workers (us):  48, ---, ---, ---, ---, ---, 
[7.128s][info][gc,stats    ] Concurrent Marking                 1890 us
[7.128s][info][gc,stats    ] Pause Final Mark (G)                681 us
[7.128s][info][gc,stats    ] Pause Final Mark (N)                501 us
[7.128s][info][gc,stats    ]   Finish Mark                       257 us
[7.128s][info][gc,stats    ]   Update Region States               95 us
[7.128s][info][gc,stats    ]   Choose Collection Set              90 us
[7.128s][info][gc,stats    ]   Rebuild Free Set                   20 us
[7.128s][info][gc,stats    ] Concurrent Thread Roots             191 us, parallelism: 0.77x
[7.128s][info][gc,stats    ]   CTR: <total>                      146 us
[7.128s][info][gc,stats    ]   CTR: Thread Roots                 146 us, workers (us):  97,  49,   0, ---, ---, ---, 
[7.128s][info][gc,stats    ] Concurrent Weak References           81 us, parallelism: 0.09x
[7.128s][info][gc,stats    ]   CWRF: <total>                       7 us
[7.128s][info][gc,stats    ]   CWRF: Weak References               7 us, workers (us):   7,   0,   0, ---, ---, ---, 
[7.128s][info][gc,stats    ] Concurrent Weak Roots               322 us
[7.128s][info][gc,stats    ]   Roots                             235 us, parallelism: 1.18x
[7.128s][info][gc,stats    ]     CWR: <total>                    278 us
[7.128s][info][gc,stats    ]     CWR: Code Cache Roots           239 us, workers (us): 102, 136,   0, ---, ---, ---, 
[7.128s][info][gc,stats    ]     CWR: VM Weak Roots               31 us, workers (us):  30,   1,   1, ---, ---, ---, 
[7.128s][info][gc,stats    ]     CWR: CLDG Roots                   8 us, workers (us):   8, ---, ---, ---, ---, ---, 
[7.128s][info][gc,stats    ]   Rendezvous                         68 us
[7.128s][info][gc,stats    ] Concurrent Cleanup                   92 us
[7.128s][info][gc,stats    ] Concurrent Class Unloading          926 us
[7.128s][info][gc,stats    ]   Unlink Stale                      618 us
[7.128s][info][gc,stats    ]     System Dictionary                 6 us
[7.128s][info][gc,stats    ]     Weak Class Links                  0 us
[7.128s][info][gc,stats    ]     Code Roots                      611 us
[7.128s][info][gc,stats    ]   Rendezvous                         96 us
[7.128s][info][gc,stats    ]   Purge Unlinked                    161 us
[7.128s][info][gc,stats    ]     Code Roots                      138 us
[7.128s][info][gc,stats    ]     CLDG                             23 us
[7.128s][info][gc,stats    ]     Exception Caches                  0 us
[7.128s][info][gc,stats    ] Concurrent Strong Roots             139 us, parallelism: 0.31x
[7.128s][info][gc,stats    ]   CSR: <total>                       43 us
[7.128s][info][gc,stats    ]   CSR: VM Strong Roots                5 us, workers (us):   5,   0,   0, ---, ---, ---, 
[7.128s][info][gc,stats    ]   CSR: CLDG Roots                    38 us, workers (us):  38, ---, ---, ---, ---, ---, 
[7.128s][info][gc,stats    ] Concurrent Evacuation             13645 us
[7.128s][info][gc,stats    ] Pause Init Update Refs (G)          272 us
[7.128s][info][gc,stats    ] Pause Init Update Refs (N)           36 us
[7.128s][info][gc,stats    ]   Manage GCLABs                       4 us
[7.128s][info][gc,stats    ] Concurrent Update Refs             2846 us
[7.128s][info][gc,stats    ] Concurrent Update Thread Roots      386 us
[7.128s][info][gc,stats    ] Pause Final Update Refs (G)         391 us
[7.128s][info][gc,stats    ] Pause Final Update Refs (N)         205 us
[7.128s][info][gc,stats    ]   Update Region States              120 us
[7.128s][info][gc,stats    ]   Trash Collection Set               11 us
[7.128s][info][gc,stats    ]   Rebuild Free Set                   22 us
[7.128s][info][gc,stats    ] Concurrent Cleanup                   84 us
[7.128s][info][gc,stats    ] 
[7.128s][info][gc,stats    ] Allocation pacing accrued:
[7.128s][info][gc,stats    ]       0 of    62 ms (  0.0%): <total>
[7.128s][info][gc,stats    ]       0 of    62 ms (  0.0%): <average total>
[7.128s][info][gc,stats    ] 
[7.128s][info][gc,metaspace] Metaspace: 6358K(6528K)->6358K(6528K) NonClass: 5812K(5888K)->5812K(5888K) Class: 546K(640K)->546K(640K)
[7.128s][info][gc,ergo     ] Pacer for Idle. Initial: 20971K, Alloc Tax Rate: 1.0x
[7.163s][info][gc          ] Trigger: Average GC time (39.40 ms) is above the time for average allocation rate (3818 MB/s) to deplete free headroom (148M) (margin of error = 1.84)
[7.163s][info][gc,ergo     ] Free headroom: 199M (free) - 52428K (spike) - 0B (penalties) = 148M
[7.163s][info][gc,ergo     ] Free: 198M, Max: 512K regular, 171M humongous, Frag: 13% external, 18% internal; Reserve: 52736K, Max: 512K
[7.163s][info][gc,start    ] GC(68) Concurrent reset
[7.163s][info][gc,task     ] GC(68) Using 3 of 6 workers for concurrent reset
[7.163s][info][gc,ergo     ] GC(68) Pacer for Reset. Non-Taxable: 1024M
[7.165s][info][gc          ] GC(68) Concurrent reset 2.086ms
[7.165s][info][gc,start    ] GC(68) Pause Init Mark (unload classes)
[7.165s][info][gc,task     ] GC(68) Using 6 of 6 workers for init marking
[7.165s][info][gc,ergo     ] GC(68) Pacer for Mark. Expected Live: 196M, Free: 187M, Non-Taxable: 19190K, Alloc Tax Rate: 1.3x
[7.165s][info][gc          ] GC(68) Pause Init Mark (unload classes) 0.139ms
[7.165s][info][gc,start    ] GC(68) Concurrent marking roots
[7.165s][info][gc,task     ] GC(68) Using 3 of 6 workers for concurrent marking roots
[7.166s][info][gc          ] GC(68) Concurrent marking roots 0.306ms
[7.166s][info][gc,start    ] GC(68) Concurrent marking (unload classes)
[7.166s][info][gc,task     ] GC(68) Using 3 of 6 workers for concurrent marking
[7.168s][info][gc          ] GC(68) Concurrent marking (unload classes) 1.863ms
[7.168s][info][gc,start    ] GC(68) Pause Final Mark (unload classes)
[7.168s][info][gc,task     ] GC(68) Using 6 of 6 workers for final marking
[7.168s][info][gc,ergo     ] GC(68) Adaptive CSet Selection. Target Free: 145M, Actual Free: 543M, Max CSet: 43690K, Min Garbage: 0B
[7.168s][info][gc,ergo     ] GC(68) Collectable Garbage: 482M (84%), Immediate: 329M (57%), CSet: 153M (26%)
[7.168s][info][gc,ergo     ] GC(68) Pacer for Evacuation. Used CSet: 195M, Free: 505M, Non-Taxable: 51769K, Alloc Tax Rate: 1.1x
[7.168s][info][gc          ] GC(68) Pause Final Mark (unload classes) 0.551ms
[7.168s][info][gc,start    ] GC(68) Concurrent thread roots
[7.168s][info][gc,task     ] GC(68) Using 3 of 6 workers for Concurrent thread roots
[7.169s][info][gc          ] GC(68) Concurrent thread roots 0.146ms
[7.169s][info][gc,start    ] GC(68) Concurrent weak references
[7.169s][info][gc,task     ] GC(68) Using 3 of 6 workers for concurrent weak references
[7.169s][info][gc,ref      ] GC(68) Encountered references: Soft: 47, Weak: 146, Final: 0, Phantom: 3
[7.169s][info][gc,ref      ] GC(68) Discovered  references: Soft: 0, Weak: 54, Final: 0, Phantom: 2
[7.169s][info][gc,ref      ] GC(68) Enqueued    references: Soft: 0, Weak: 0, Final: 0, Phantom: 0
[7.169s][info][gc          ] GC(68) Concurrent weak references 0.085ms
[7.169s][info][gc,start    ] GC(68) Concurrent weak roots
[7.169s][info][gc,task     ] GC(68) Using 3 of 6 workers for concurrent weak root
[7.169s][info][gc          ] GC(68) Concurrent weak roots 0.293ms
[7.169s][info][gc,start    ] GC(68) Concurrent cleanup
[7.169s][info][gc          ] GC(68) Concurrent cleanup 796M->468M(1024M) 0.072ms
[7.169s][info][gc,ergo     ] GC(68) Free: 493M, Max: 512K regular, 188M humongous, Frag: 62% external, 0% internal; Reserve: 52720K, Max: 512K
[7.169s][info][gc,start    ] GC(68) Concurrent class unloading
[7.169s][info][gc,task     ] GC(68) Using 3 of 6 workers for concurrent class unloading
[7.170s][info][gc          ] GC(68) Concurrent class unloading 0.617ms
[7.170s][info][gc,start    ] GC(68) Concurrent strong roots
[7.170s][info][gc,task     ] GC(68) Using 3 of 6 workers for concurrent strong root
[7.170s][info][gc          ] GC(68) Concurrent strong roots 0.110ms
[7.170s][info][gc,start    ] GC(68) Concurrent evacuation
[7.170s][info][gc,task     ] GC(68) Using 3 of 6 workers for concurrent evacuation
[7.182s][info][gc          ] GC(68) Concurrent evacuation 12.615ms
[7.183s][info][gc,start    ] GC(68) Pause Init Update Refs
[7.183s][info][gc,ergo     ] GC(68) Pacer for Update Refs. Used: 565M, Free: 439M, Non-Taxable: 45042K, Alloc Tax Rate: 1.6x
[7.183s][info][gc          ] GC(68) Pause Init Update Refs 0.031ms
[7.183s][info][gc,start    ] GC(68) Concurrent update references
[7.183s][info][gc,task     ] GC(68) Using 3 of 6 workers for concurrent reference update
[7.185s][info][gc          ] GC(68) Concurrent update references 2.364ms
[7.185s][info][gc,start    ] GC(68) Concurrent update thread roots
[7.185s][info][gc          ] GC(68) Concurrent update thread roots 0.243ms
[7.186s][info][gc,start    ] GC(68) Pause Final Update Refs
[7.186s][info][gc,task     ] GC(68) Using 6 of 6 workers for final reference update
[7.186s][info][gc          ] GC(68) Pause Final Update Refs 0.235ms
[7.186s][info][gc,start    ] GC(68) Concurrent cleanup
[7.186s][info][gc          ] GC(68) Concurrent cleanup 588M->393M(1024M) 0.052ms
[7.186s][info][gc,ergo     ] Free: 578M, Max: 512K regular, 159M humongous, Frag: 73% external, 36% internal; Reserve: 52736K, Max: 512K
[7.186s][info][gc,stats    ] 
[7.186s][info][gc,stats    ] All times are wall-clock times, except per-root-class counters, that are sum over
[7.186s][info][gc,stats    ] all workers. Dividing the <total> over the root stage time estimates parallelism.
[7.186s][info][gc,stats    ] 
[7.186s][info][gc,stats    ] Concurrent Reset                   2154 us
[7.186s][info][gc,stats    ] Pause Init Mark (G)                 450 us
[7.186s][info][gc,stats    ] Pause Init Mark (N)                 144 us
[7.186s][info][gc,stats    ]   Update Region States              100 us
[7.186s][info][gc,stats    ] Concurrent Mark Roots               315 us, parallelism: 1.18x
[7.186s][info][gc,stats    ]   CMR: <total>                      371 us
[7.186s][info][gc,stats    ]   CMR: Thread Roots                 262 us, workers (us): 111, 106,  45, ---, ---, ---, 
[7.186s][info][gc,stats    ]   CMR: VM Strong Roots               11 us, workers (us):   8,   3,   0, ---, ---, ---, 
[7.186s][info][gc,stats    ]   CMR: CLDG Roots                    98 us, workers (us): ---, ---,  98, ---, ---, ---, 
[7.186s][info][gc,stats    ] Concurrent Marking                 1911 us
[7.186s][info][gc,stats    ] Pause Final Mark (G)                749 us
[7.186s][info][gc,stats    ] Pause Final Mark (N)                555 us
[7.186s][info][gc,stats    ]   Finish Mark                       319 us
[7.186s][info][gc,stats    ]   Update Region States               96 us
[7.186s][info][gc,stats    ]   Choose Collection Set              89 us
[7.186s][info][gc,stats    ]   Rebuild Free Set                   16 us
[7.186s][info][gc,stats    ] Concurrent Thread Roots             153 us, parallelism: 0.72x
[7.186s][info][gc,stats    ]   CTR: <total>                      110 us
[7.186s][info][gc,stats    ]   CTR: Thread Roots                 110 us, workers (us):  67,  40,   3, ---, ---, ---, 
[7.186s][info][gc,stats    ] Concurrent Weak References           88 us, parallelism: 0.08x
[7.186s][info][gc,stats    ]   CWRF: <total>                       7 us
[7.186s][info][gc,stats    ]   CWRF: Weak References               7 us, workers (us):   7,   0,   0, ---, ---, ---, 
[7.186s][info][gc,stats    ] Concurrent Weak Roots               301 us
[7.186s][info][gc,stats    ]   Roots                             196 us, parallelism: 1.21x
[7.186s][info][gc,stats    ]     CWR: <total>                    236 us
[7.186s][info][gc,stats    ]     CWR: Code Cache Roots           200 us, workers (us): 112,  88,   0, ---, ---, ---, 
[7.186s][info][gc,stats    ]     CWR: VM Weak Roots               31 us, workers (us):  30,   0,   1, ---, ---, ---, 
[7.186s][info][gc,stats    ]     CWR: CLDG Roots                   6 us, workers (us):   6, ---, ---, ---, ---, ---, 
[7.186s][info][gc,stats    ]   Rendezvous                         90 us
[7.186s][info][gc,stats    ] Concurrent Cleanup                   76 us
[7.186s][info][gc,stats    ] Concurrent Class Unloading          629 us
[7.186s][info][gc,stats    ]   Unlink Stale                      418 us
[7.186s][info][gc,stats    ]     System Dictionary                 7 us
[7.186s][info][gc,stats    ]     Weak Class Links                  0 us
[7.186s][info][gc,stats    ]     Code Roots                      410 us
[7.186s][info][gc,stats    ]   Rendezvous                         67 us
[7.186s][info][gc,stats    ]   Purge Unlinked                    125 us
[7.186s][info][gc,stats    ]     Code Roots                      104 us
[7.186s][info][gc,stats    ]     CLDG                             21 us
[7.186s][info][gc,stats    ]     Exception Caches                  0 us
[7.186s][info][gc,stats    ] Concurrent Strong Roots             118 us, parallelism: 0.28x
[7.186s][info][gc,stats    ]   CSR: <total>                       34 us
[7.186s][info][gc,stats    ]   CSR: VM Strong Roots                4 us, workers (us):   4,   0,   0, ---, ---, ---, 
[7.186s][info][gc,stats    ]   CSR: CLDG Roots                    30 us, workers (us):  30, ---, ---, ---, ---, ---, 
[7.186s][info][gc,stats    ] Concurrent Evacuation             12676 us
[7.186s][info][gc,stats    ] Pause Init Update Refs (G)          297 us
[7.186s][info][gc,stats    ] Pause Init Update Refs (N)           35 us
[7.186s][info][gc,stats    ]   Manage GCLABs                       3 us
[7.186s][info][gc,stats    ] Concurrent Update Refs             2444 us
[7.186s][info][gc,stats    ] Concurrent Update Thread Roots      256 us
[7.186s][info][gc,stats    ] Pause Final Update Refs (G)         464 us
[7.186s][info][gc,stats    ] Pause Final Update Refs (N)         249 us
[7.186s][info][gc,stats    ]   Update Region States              176 us
[7.186s][info][gc,stats    ]   Trash Collection Set                9 us
[7.186s][info][gc,stats    ]   Rebuild Free Set                   21 us
[7.186s][info][gc,stats    ] Concurrent Cleanup                   58 us
[7.186s][info][gc,stats    ] 
[7.186s][info][gc,stats    ] Allocation pacing accrued:
[7.186s][info][gc,stats    ]       0 of    59 ms (  0.0%): <total>
[7.186s][info][gc,stats    ]       0 of    59 ms (  0.0%): <average total>
[7.186s][info][gc,stats    ] 
[7.186s][info][gc,metaspace] Metaspace: 6358K(6528K)->6358K(6528K) NonClass: 5812K(5888K)->5812K(5888K) Class: 546K(640K)->546K(640K)
[7.186s][info][gc,ergo     ] Pacer for Idle. Initial: 20971K, Alloc Tax Rate: 1.0x
[7.216s][info][gc          ] Trigger: Average GC time (35.16 ms) is above the time for average allocation rate (3818 MB/s) to deplete free headroom (132M) (margin of error = 1.84)
[7.216s][info][gc,ergo     ] Free headroom: 183M (free) - 52428K (spike) - 0B (penalties) = 132M
[7.216s][info][gc,ergo     ] Free: 182M, Max: 512K regular, 159M humongous, Frag: 13% external, 15% internal; Reserve: 52736K, Max: 512K
[7.217s][info][gc,start    ] GC(69) Concurrent reset
[7.217s][info][gc,task     ] GC(69) Using 3 of 6 workers for concurrent reset
[7.217s][info][gc,ergo     ] GC(69) Pacer for Reset. Non-Taxable: 1024M
[7.219s][info][gc          ] GC(69) Concurrent reset 2.935ms
[7.220s][info][gc,start    ] GC(69) Pause Init Mark (unload classes)
[7.220s][info][gc,task     ] GC(69) Using 6 of 6 workers for init marking
[7.220s][info][gc,ergo     ] GC(69) Pacer for Mark. Expected Live: 196M, Free: 173M, Non-Taxable: 17751K, Alloc Tax Rate: 1.4x
[7.220s][info][gc          ] GC(69) Pause Init Mark (unload classes) 0.127ms
[7.220s][info][gc,start    ] GC(69) Concurrent marking roots
[7.220s][info][gc,task     ] GC(69) Using 3 of 6 workers for concurrent marking roots
[7.220s][info][gc          ] GC(69) Concurrent marking roots 0.348ms
[7.220s][info][gc,start    ] GC(69) Concurrent marking (unload classes)
[7.220s][info][gc,task     ] GC(69) Using 3 of 6 workers for concurrent marking
[7.223s][info][gc          ] GC(69) Concurrent marking (unload classes) 2.381ms
[7.223s][info][gc,start    ] GC(69) Pause Final Mark (unload classes)
[7.223s][info][gc,task     ] GC(69) Using 6 of 6 workers for final marking
[7.223s][info][gc,ergo     ] GC(69) Adaptive CSet Selection. Target Free: 145M, Actual Free: 535M, Max CSet: 43690K, Min Garbage: 0B
[7.223s][info][gc,ergo     ] GC(69) Collectable Garbage: 495M (84%), Immediate: 335M (57%), CSet: 159M (27%)
[7.223s][info][gc,ergo     ] GC(69) Pacer for Evacuation. Used CSet: 202M, Free: 497M, Non-Taxable: 50985K, Alloc Tax Rate: 1.1x
[7.223s][info][gc          ] GC(69) Pause Final Mark (unload classes) 0.533ms
[7.223s][info][gc,start    ] GC(69) Concurrent thread roots
[7.224s][info][gc,task     ] GC(69) Using 3 of 6 workers for Concurrent thread roots
[7.224s][info][gc          ] GC(69) Concurrent thread roots 0.143ms
[7.224s][info][gc,start    ] GC(69) Concurrent weak references
[7.224s][info][gc,task     ] GC(69) Using 3 of 6 workers for concurrent weak references
[7.224s][info][gc,ref      ] GC(69) Encountered references: Soft: 47, Weak: 146, Final: 0, Phantom: 3
[7.224s][info][gc,ref      ] GC(69) Discovered  references: Soft: 0, Weak: 48, Final: 0, Phantom: 2
[7.224s][info][gc,ref      ] GC(69) Enqueued    references: Soft: 0, Weak: 0, Final: 0, Phantom: 0
[7.224s][info][gc          ] GC(69) Concurrent weak references 0.104ms
[7.224s][info][gc,start    ] GC(69) Concurrent weak roots
[7.224s][info][gc,task     ] GC(69) Using 3 of 6 workers for concurrent weak root
[7.224s][info][gc          ] GC(69) Concurrent weak roots 0.404ms
[7.224s][info][gc,start    ] GC(69) Concurrent cleanup
[7.224s][info][gc          ] GC(69) Concurrent cleanup 810M->476M(1024M) 0.109ms
[7.224s][info][gc,ergo     ] GC(69) Free: 485M, Max: 512K regular, 171M humongous, Frag: 65% external, 0% internal; Reserve: 52722K, Max: 512K
[7.224s][info][gc,start    ] GC(69) Concurrent class unloading
[7.224s][info][gc,task     ] GC(69) Using 3 of 6 workers for concurrent class unloading
[7.225s][info][gc          ] GC(69) Concurrent class unloading 0.708ms
[7.225s][info][gc,start    ] GC(69) Concurrent strong roots
[7.225s][info][gc,task     ] GC(69) Using 3 of 6 workers for concurrent strong root
[7.225s][info][gc          ] GC(69) Concurrent strong roots 0.186ms
[7.225s][info][gc,start    ] GC(69) Concurrent evacuation
[7.225s][info][gc,task     ] GC(69) Using 3 of 6 workers for concurrent evacuation
[7.241s][info][gc          ] GC(69) Concurrent evacuation 15.615ms
[7.241s][info][gc,start    ] GC(69) Pause Init Update Refs
[7.241s][info][gc,ergo     ] GC(69) Pacer for Update Refs. Used: 584M, Free: 419M, Non-Taxable: 42994K, Alloc Tax Rate: 1.7x
[7.241s][info][gc          ] GC(69) Pause Init Update Refs 0.047ms
[7.241s][info][gc,start    ] GC(69) Concurrent update references
[7.241s][info][gc,task     ] GC(69) Using 3 of 6 workers for concurrent reference update
[7.244s][info][gc          ] GC(69) Concurrent update references 2.395ms
[7.244s][info][gc,start    ] GC(69) Concurrent update thread roots
[7.244s][info][gc          ] GC(69) Concurrent update thread roots 0.501ms
[7.244s][info][gc,start    ] GC(69) Pause Final Update Refs
[7.244s][info][gc,task     ] GC(69) Using 6 of 6 workers for final reference update
[7.245s][info][gc          ] GC(69) Pause Final Update Refs 0.162ms
[7.245s][info][gc,start    ] GC(69) Concurrent cleanup
[7.245s][info][gc          ] GC(69) Concurrent cleanup 606M->407M(1024M) 0.107ms
[7.245s][info][gc,ergo     ] Free: 564M, Max: 512K regular, 144M humongous, Frag: 75% external, 37% internal; Reserve: 52736K, Max: 512K
[7.245s][info][gc,stats    ] 
[7.245s][info][gc,stats    ] All times are wall-clock times, except per-root-class counters, that are sum over
[7.245s][info][gc,stats    ] all workers. Dividing the <total> over the root stage time estimates parallelism.
[7.245s][info][gc,stats    ] 
[7.245s][info][gc,stats    ] Concurrent Reset                   3003 us
[7.245s][info][gc,stats    ] Pause Init Mark (G)                 375 us
[7.245s][info][gc,stats    ] Pause Init Mark (N)                 131 us
[7.245s][info][gc,stats    ]   Update Region States               85 us
[7.245s][info][gc,stats    ] Concurrent Mark Roots               367 us, parallelism: 0.95x
[7.245s][info][gc,stats    ]   CMR: <total>                      349 us
[7.245s][info][gc,stats    ]   CMR: Thread Roots                 280 us, workers (us):  18, 107, 155, ---, ---, ---, 
[7.245s][info][gc,stats    ]   CMR: VM Strong Roots                7 us, workers (us):   6,   0,   0, ---, ---, ---, 
[7.245s][info][gc,stats    ]   CMR: CLDG Roots                    62 us, workers (us):  62, ---, ---, ---, ---, ---, 
[7.245s][info][gc,stats    ] Concurrent Marking                 2454 us
[7.245s][info][gc,stats    ] Pause Final Mark (G)                760 us
[7.245s][info][gc,stats    ] Pause Final Mark (N)                538 us
[7.245s][info][gc,stats    ]   Finish Mark                       296 us
[7.245s][info][gc,stats    ]   Update Region States               87 us
[7.245s][info][gc,stats    ]   Choose Collection Set              97 us
[7.245s][info][gc,stats    ]   Rebuild Free Set                   18 us
[7.245s][info][gc,stats    ] Concurrent Thread Roots             153 us, parallelism: 0.76x
[7.245s][info][gc,stats    ]   CTR: <total>                      116 us
[7.245s][info][gc,stats    ]   CTR: Thread Roots                 116 us, workers (us):  69,  38,   9, ---, ---, ---, 
[7.245s][info][gc,stats    ] Concurrent Weak References          108 us, parallelism: 0.07x
[7.245s][info][gc,stats    ]   CWRF: <total>                       7 us
[7.245s][info][gc,stats    ]   CWRF: Weak References               7 us, workers (us):   7,   0,   0, ---, ---, ---, 
[7.245s][info][gc,stats    ] Concurrent Weak Roots               415 us
[7.245s][info][gc,stats    ]   Roots                             238 us, parallelism: 1.27x
[7.245s][info][gc,stats    ]     CWR: <total>                    303 us
[7.245s][info][gc,stats    ]     CWR: Code Cache Roots           251 us, workers (us): 136, 115,   0, ---, ---, ---, 
[7.245s][info][gc,stats    ]     CWR: VM Weak Roots               40 us, workers (us):  23,  13,   4, ---, ---, ---, 
[7.245s][info][gc,stats    ]     CWR: CLDG Roots                  12 us, workers (us): ---, ---,  12, ---, ---, ---, 
[7.245s][info][gc,stats    ]   Rendezvous                        138 us
[7.245s][info][gc,stats    ] Concurrent Cleanup                  118 us
[7.245s][info][gc,stats    ] Concurrent Class Unloading          735 us
[7.245s][info][gc,stats    ]   Unlink Stale                      486 us
[7.245s][info][gc,stats    ]     System Dictionary                 8 us
[7.245s][info][gc,stats    ]     Weak Class Links                  0 us
[7.245s][info][gc,stats    ]     Code Roots                      476 us
[7.245s][info][gc,stats    ]   Rendezvous                         78 us
[7.245s][info][gc,stats    ]   Purge Unlinked                    131 us
[7.245s][info][gc,stats    ]     Code Roots                      106 us
[7.245s][info][gc,stats    ]     CLDG                             25 us
[7.245s][info][gc,stats    ]     Exception Caches                  0 us
[7.245s][info][gc,stats    ] Concurrent Strong Roots             198 us, parallelism: 0.55x
[7.245s][info][gc,stats    ]   CSR: <total>                      109 us
[7.245s][info][gc,stats    ]   CSR: VM Strong Roots                5 us, workers (us):   5,   0,   0, ---, ---, ---, 
[7.245s][info][gc,stats    ]   CSR: CLDG Roots                   105 us, workers (us): 105, ---, ---, ---, ---, ---, 
[7.245s][info][gc,stats    ] Concurrent Evacuation             15709 us
[7.245s][info][gc,stats    ] Pause Init Update Refs (G)          297 us
[7.245s][info][gc,stats    ] Pause Init Update Refs (N)           51 us
[7.245s][info][gc,stats    ]   Manage GCLABs                       3 us
[7.245s][info][gc,stats    ] Concurrent Update Refs             2478 us
[7.245s][info][gc,stats    ] Concurrent Update Thread Roots      532 us
[7.245s][info][gc,stats    ] Pause Final Update Refs (G)         445 us
[7.245s][info][gc,stats    ] Pause Final Update Refs (N)         173 us
[7.245s][info][gc,stats    ]   Update Region States              108 us
[7.245s][info][gc,stats    ]   Trash Collection Set               10 us
[7.245s][info][gc,stats    ]   Rebuild Free Set                   20 us
[7.245s][info][gc,stats    ] Concurrent Cleanup                  118 us
[7.245s][info][gc,stats    ] 
[7.245s][info][gc,stats    ] Allocation pacing accrued:
[7.245s][info][gc,stats    ]       0 of    59 ms (  0.0%): <total>
[7.245s][info][gc,stats    ]       0 of    59 ms (  0.0%): <average total>
[7.245s][info][gc,stats    ] 
[7.245s][info][gc,metaspace] Metaspace: 6358K(6528K)->6358K(6528K) NonClass: 5812K(5888K)->5812K(5888K) Class: 546K(640K)->546K(640K)
[7.245s][info][gc,ergo     ] Pacer for Idle. Initial: 20971K, Alloc Tax Rate: 1.0x
[7.292s][info][gc          ] Trigger: Average GC time (34.03 ms) is above the time for average allocation rate (3821 MB/s) to deplete free headroom (125M) (margin of error = 1.86)
[7.292s][info][gc,ergo     ] Free headroom: 177M (free) - 52428K (spike) - 0B (penalties) = 125M
[7.292s][info][gc,ergo     ] Free: 175M, Max: 512K regular, 144M humongous, Frag: 18% external, 17% internal; Reserve: 52736K, Max: 512K
[7.292s][info][gc,start    ] GC(70) Concurrent reset
[7.292s][info][gc,task     ] GC(70) Using 3 of 6 workers for concurrent reset
[7.292s][info][gc,ergo     ] GC(70) Pacer for Reset. Non-Taxable: 1024M
[7.296s][info][gc          ] GC(70) Concurrent reset 3.480ms
[7.296s][info][gc,start    ] GC(70) Pause Init Mark (unload classes)
[7.296s][info][gc,task     ] GC(70) Using 6 of 6 workers for init marking
[7.296s][info][gc,ergo     ] GC(70) Pacer for Mark. Expected Live: 196M, Free: 165M, Non-Taxable: 16923K, Alloc Tax Rate: 1.5x
[7.296s][info][gc          ] GC(70) Pause Init Mark (unload classes) 0.254ms
[7.297s][info][gc,start    ] GC(70) Concurrent marking roots
[7.297s][info][gc,task     ] GC(70) Using 3 of 6 workers for concurrent marking roots
[7.297s][info][gc          ] GC(70) Concurrent marking roots 0.320ms
[7.297s][info][gc,start    ] GC(70) Concurrent marking (unload classes)
[7.297s][info][gc,task     ] GC(70) Using 3 of 6 workers for concurrent marking
[7.300s][info][gc          ] GC(70) Concurrent marking (unload classes) 3.517ms
[7.301s][info][gc,start    ] GC(70) Pause Final Mark (unload classes)
[7.301s][info][gc,task     ] GC(70) Using 6 of 6 workers for final marking
[7.302s][info][gc,ergo     ] GC(70) Adaptive CSet Selection. Target Free: 145M, Actual Free: 544M, Max CSet: 43690K, Min Garbage: 0B
[7.302s][info][gc,ergo     ] GC(70) Collectable Garbage: 508M (85%), Immediate: 349M (58%), CSet: 158M (26%)
[7.302s][info][gc,ergo     ] GC(70) Pacer for Evacuation. Used CSet: 201M, Free: 506M, Non-Taxable: 51893K, Alloc Tax Rate: 1.1x
[7.302s][info][gc          ] GC(70) Pause Final Mark (unload classes) 0.845ms
[7.302s][info][gc,start    ] GC(70) Concurrent thread roots
[7.302s][info][gc,task     ] GC(70) Using 3 of 6 workers for Concurrent thread roots
[7.302s][info][gc          ] GC(70) Concurrent thread roots 0.219ms
[7.302s][info][gc,start    ] GC(70) Concurrent weak references
[7.302s][info][gc,task     ] GC(70) Using 3 of 6 workers for concurrent weak references
[7.302s][info][gc,ref      ] GC(70) Encountered references: Soft: 47, Weak: 146, Final: 0, Phantom: 3
[7.302s][info][gc,ref      ] GC(70) Discovered  references: Soft: 0, Weak: 53, Final: 0, Phantom: 2
[7.302s][info][gc,ref      ] GC(70) Enqueued    references: Soft: 0, Weak: 0, Final: 0, Phantom: 0
[7.302s][info][gc          ] GC(70) Concurrent weak references 0.138ms
[7.302s][info][gc,start    ] GC(70) Concurrent weak roots
[7.302s][info][gc,task     ] GC(70) Using 3 of 6 workers for concurrent weak root
[7.303s][info][gc          ] GC(70) Concurrent weak roots 0.453ms
[7.303s][info][gc,start    ] GC(70) Concurrent cleanup
[7.303s][info][gc          ] GC(70) Concurrent cleanup 815M->467M(1024M) 0.158ms
[7.303s][info][gc,ergo     ] GC(70) Free: 495M, Max: 512K regular, 169M humongous, Frag: 66% external, 0% internal; Reserve: 52722K, Max: 512K
[7.303s][info][gc,start    ] GC(70) Concurrent class unloading
[7.303s][info][gc,task     ] GC(70) Using 3 of 6 workers for concurrent class unloading
[7.305s][info][gc          ] GC(70) Concurrent class unloading 2.269ms
[7.305s][info][gc,start    ] GC(70) Concurrent strong roots
[7.305s][info][gc,task     ] GC(70) Using 3 of 6 workers for concurrent strong root
[7.306s][info][gc          ] GC(70) Concurrent strong roots 0.283ms
[7.306s][info][gc,start    ] GC(70) Concurrent evacuation
[7.306s][info][gc,task     ] GC(70) Using 3 of 6 workers for concurrent evacuation
[7.326s][info][gc          ] GC(70) Concurrent evacuation 20.006ms
[7.326s][info][gc,start    ] GC(70) Pause Init Update Refs
[7.326s][info][gc,ergo     ] GC(70) Pacer for Update Refs. Used: 581M, Free: 423M, Non-Taxable: 43373K, Alloc Tax Rate: 1.7x
[7.326s][info][gc          ] GC(70) Pause Init Update Refs 0.148ms
[7.326s][info][gc,start    ] GC(70) Concurrent update references
[7.326s][info][gc,task     ] GC(70) Using 3 of 6 workers for concurrent reference update
[7.331s][info][gc          ] GC(70) Concurrent update references 4.631ms
[7.331s][info][gc,start    ] GC(70) Concurrent update thread roots
[7.332s][info][gc          ] GC(70) Concurrent update thread roots 0.567ms
[7.332s][info][gc,start    ] GC(70) Pause Final Update Refs
[7.332s][info][gc,task     ] GC(70) Using 6 of 6 workers for final reference update
[7.332s][info][gc          ] GC(70) Pause Final Update Refs 0.337ms
[7.333s][info][gc,start    ] GC(70) Concurrent cleanup
[7.333s][info][gc          ] GC(70) Concurrent cleanup 607M->407M(1024M) 0.223ms
[7.333s][info][gc,ergo     ] Free: 564M, Max: 512K regular, 138M humongous, Frag: 76% external, 37% internal; Reserve: 52736K, Max: 512K
[7.333s][info][gc,stats    ] 
[7.333s][info][gc,stats    ] All times are wall-clock times, except per-root-class counters, that are sum over
[7.333s][info][gc,stats    ] all workers. Dividing the <total> over the root stage time estimates parallelism.
[7.333s][info][gc,stats    ] 
[7.333s][info][gc,stats    ] Concurrent Reset                   3656 us
[7.333s][info][gc,stats    ] Pause Init Mark (G)                 560 us
[7.333s][info][gc,stats    ] Pause Init Mark (N)                 263 us
[7.333s][info][gc,stats    ]   Update Region States              144 us
[7.333s][info][gc,stats    ] Concurrent Mark Roots               339 us, parallelism: 0.95x
[7.333s][info][gc,stats    ]   CMR: <total>                      321 us
[7.333s][info][gc,stats    ]   CMR: Thread Roots                 241 us, workers (us):  76,  84,  81, ---, ---, ---, 
[7.333s][info][gc,stats    ]   CMR: VM Strong Roots               15 us, workers (us):  14,   0,   0, ---, ---, ---, 
[7.333s][info][gc,stats    ]   CMR: CLDG Roots                    66 us, workers (us):  66, ---, ---, ---, ---, ---, 
[7.333s][info][gc,stats    ] Concurrent Marking                 3679 us
[7.333s][info][gc,stats    ] Pause Final Mark (G)               1179 us
[7.333s][info][gc,stats    ] Pause Final Mark (N)                854 us
[7.333s][info][gc,stats    ]   Finish Mark                       440 us
[7.333s][info][gc,stats    ]   Update Region States              107 us
[7.333s][info][gc,stats    ]   Choose Collection Set             188 us
[7.333s][info][gc,stats    ]   Rebuild Free Set                   38 us
[7.333s][info][gc,stats    ] Concurrent Thread Roots             235 us, parallelism: 0.74x
[7.333s][info][gc,stats    ]   CTR: <total>                      174 us
[7.333s][info][gc,stats    ]   CTR: Thread Roots                 174 us, workers (us):  56,  53,  66, ---, ---, ---, 
[7.333s][info][gc,stats    ] Concurrent Weak References          144 us, parallelism: 0.13x
[7.333s][info][gc,stats    ]   CWRF: <total>                      19 us
[7.333s][info][gc,stats    ]   CWRF: Weak References              19 us, workers (us):  19,   0,   0, ---, ---, ---, 
[7.333s][info][gc,stats    ] Concurrent Weak Roots               482 us
[7.333s][info][gc,stats    ]   Roots                             301 us, parallelism: 1.16x
[7.333s][info][gc,stats    ]     CWR: <total>                    349 us
[7.333s][info][gc,stats    ]     CWR: Code Cache Roots           291 us, workers (us):   0, 184, 107, ---, ---, ---, 
[7.333s][info][gc,stats    ]     CWR: VM Weak Roots               44 us, workers (us):  31,  13,   0, ---, ---, ---, 
[7.333s][info][gc,stats    ]     CWR: CLDG Roots                  13 us, workers (us):  13, ---, ---, ---, ---, ---, 
[7.333s][info][gc,stats    ]   Rendezvous                        139 us
[7.333s][info][gc,stats    ] Concurrent Cleanup                  165 us
[7.333s][info][gc,stats    ] Concurrent Class Unloading         2466 us
[7.333s][info][gc,stats    ]   Unlink Stale                     1615 us
[7.333s][info][gc,stats    ]     System Dictionary                15 us
[7.333s][info][gc,stats    ]     Weak Class Links                  1 us
[7.333s][info][gc,stats    ]     Code Roots                     1594 us
[7.333s][info][gc,stats    ]   Rendezvous                        320 us
[7.333s][info][gc,stats    ]   Purge Unlinked                    307 us
[7.333s][info][gc,stats    ]     Code Roots                      256 us
[7.333s][info][gc,stats    ]     CLDG                             49 us
[7.333s][info][gc,stats    ]     Exception Caches                  1 us
[7.333s][info][gc,stats    ] Concurrent Strong Roots             332 us, parallelism: 0.27x
[7.333s][info][gc,stats    ]   CSR: <total>                       88 us
[7.333s][info][gc,stats    ]   CSR: VM Strong Roots               13 us, workers (us):  13,   0,   0, ---, ---, ---, 
[7.333s][info][gc,stats    ]   CSR: CLDG Roots                    75 us, workers (us):  75, ---, ---, ---, ---, ---, 
[7.333s][info][gc,stats    ] Concurrent Evacuation             20196 us
[7.333s][info][gc,stats    ] Pause Init Update Refs (G)          630 us
[7.333s][info][gc,stats    ] Pause Init Update Refs (N)          156 us
[7.333s][info][gc,stats    ]   Manage GCLABs                       9 us
[7.333s][info][gc,stats    ] Concurrent Update Refs             4765 us
[7.333s][info][gc,stats    ] Concurrent Update Thread Roots      646 us
[7.333s][info][gc,stats    ] Pause Final Update Refs (G)         716 us
[7.333s][info][gc,stats    ] Pause Final Update Refs (N)         350 us
[7.333s][info][gc,stats    ]   Update Region States              206 us
[7.333s][info][gc,stats    ]   Trash Collection Set               22 us
[7.333s][info][gc,stats    ]   Rebuild Free Set                   68 us
[7.333s][info][gc,stats    ] Concurrent Cleanup                  242 us
[7.333s][info][gc,stats    ] 
[7.333s][info][gc,stats    ] Allocation pacing accrued:
[7.333s][info][gc,stats    ]       0 of    88 ms (  0.0%): <total>
[7.333s][info][gc,stats    ]       0 of    88 ms (  0.0%): <average total>
[7.333s][info][gc,stats    ] 
[7.334s][info][gc,metaspace] Metaspace: 6358K(6528K)->6358K(6528K) NonClass: 5812K(5888K)->5812K(5888K) Class: 546K(640K)->546K(640K)
[7.334s][info][gc,ergo     ] Pacer for Idle. Initial: 20971K, Alloc Tax Rate: 1.0x
[7.410s][info][gc          ] Trigger: Average GC time (47.27 ms) is above the time for average allocation rate (4006 MB/s) to deplete free headroom (185M) (margin of error = 1.87)
[7.410s][info][gc,ergo     ] Free headroom: 236M (free) - 52428K (spike) - 0B (penalties) = 185M
[7.410s][info][gc,ergo     ] Free: 235M, Max: 512K regular, 138M humongous, Frag: 41% external, 25% internal; Reserve: 52736K, Max: 512K
[7.410s][info][gc,start    ] GC(71) Concurrent reset
[7.410s][info][gc,task     ] GC(71) Using 3 of 6 workers for concurrent reset
[7.410s][info][gc,ergo     ] GC(71) Pacer for Reset. Non-Taxable: 1024M
[7.414s][info][gc          ] GC(71) Concurrent reset 3.947ms
[7.415s][info][gc,start    ] GC(71) Pause Init Mark (unload classes)
[7.415s][info][gc,task     ] GC(71) Using 6 of 6 workers for init marking
[7.415s][info][gc,ergo     ] GC(71) Pacer for Mark. Expected Live: 196M, Free: 224M, Non-Taxable: 23025K, Alloc Tax Rate: 1.1x
[7.415s][info][gc          ] GC(71) Pause Init Mark (unload classes) 0.376ms
[7.415s][info][gc,start    ] GC(71) Concurrent marking roots
[7.415s][info][gc,task     ] GC(71) Using 3 of 6 workers for concurrent marking roots
[7.415s][info][gc          ] GC(71) Concurrent marking roots 0.372ms
[7.415s][info][gc,start    ] GC(71) Concurrent marking (unload classes)
[7.415s][info][gc,task     ] GC(71) Using 3 of 6 workers for concurrent marking
[7.420s][info][gc          ] GC(71) Concurrent marking (unload classes) 3.993ms
[7.420s][info][gc,start    ] GC(71) Pause Final Mark (unload classes)
[7.420s][info][gc,task     ] GC(71) Using 6 of 6 workers for final marking
[7.421s][info][gc,ergo     ] GC(71) Adaptive CSet Selection. Target Free: 145M, Actual Free: 539M, Max CSet: 43690K, Min Garbage: 0B
[7.421s][info][gc,ergo     ] GC(71) Collectable Garbage: 447M (83%), Immediate: 286M (53%), CSet: 160M (29%)
[7.421s][info][gc,ergo     ] GC(71) Pacer for Evacuation. Used CSet: 203M, Free: 501M, Non-Taxable: 51303K, Alloc Tax Rate: 1.1x
[7.421s][info][gc          ] GC(71) Pause Final Mark (unload classes) 0.772ms
[7.421s][info][gc,start    ] GC(71) Concurrent thread roots
[7.421s][info][gc,task     ] GC(71) Using 3 of 6 workers for Concurrent thread roots
[7.421s][info][gc          ] GC(71) Concurrent thread roots 0.247ms
[7.421s][info][gc,start    ] GC(71) Concurrent weak references
[7.421s][info][gc,task     ] GC(71) Using 3 of 6 workers for concurrent weak references
[7.421s][info][gc,ref      ] GC(71) Encountered references: Soft: 47, Weak: 146, Final: 0, Phantom: 3
[7.421s][info][gc,ref      ] GC(71) Discovered  references: Soft: 0, Weak: 45, Final: 0, Phantom: 2
[7.421s][info][gc,ref      ] GC(71) Enqueued    references: Soft: 0, Weak: 0, Final: 0, Phantom: 0
[7.421s][info][gc          ] GC(71) Concurrent weak references 0.155ms
[7.421s][info][gc,start    ] GC(71) Concurrent weak roots
[7.421s][info][gc,task     ] GC(71) Using 3 of 6 workers for concurrent weak root
[7.422s][info][gc          ] GC(71) Concurrent weak roots 0.664ms
[7.422s][info][gc,start    ] GC(71) Concurrent cleanup
[7.422s][info][gc          ] GC(71) Concurrent cleanup 759M->473M(1024M) 0.228ms
[7.422s][info][gc,ergo     ] GC(71) Free: 488M, Max: 512K regular, 163M humongous, Frag: 67% external, 1% internal; Reserve: 52722K, Max: 512K
[7.422s][info][gc,start    ] GC(71) Concurrent class unloading
[7.422s][info][gc,task     ] GC(71) Using 3 of 6 workers for concurrent class unloading
[7.424s][info][gc          ] GC(71) Concurrent class unloading 1.776ms
[7.424s][info][gc,start    ] GC(71) Concurrent strong roots
[7.424s][info][gc,task     ] GC(71) Using 3 of 6 workers for concurrent strong root
[7.424s][info][gc          ] GC(71) Concurrent strong roots 0.304ms
[7.424s][info][gc,start    ] GC(71) Concurrent evacuation
[7.424s][info][gc,task     ] GC(71) Using 3 of 6 workers for concurrent evacuation
[7.447s][info][gc          ] GC(71) Concurrent evacuation 22.571ms
[7.448s][info][gc,start    ] GC(71) Pause Init Update Refs
[7.448s][info][gc,ergo     ] GC(71) Pacer for Update Refs. Used: 591M, Free: 413M, Non-Taxable: 42358K, Alloc Tax Rate: 1.7x
[7.448s][info][gc          ] GC(71) Pause Init Update Refs 0.102ms
[7.448s][info][gc,start    ] GC(71) Concurrent update references
[7.448s][info][gc,task     ] GC(71) Using 3 of 6 workers for concurrent reference update
[7.452s][info][gc          ] GC(71) Concurrent update references 4.498ms
[7.453s][info][gc,start    ] GC(71) Concurrent update thread roots
[7.453s][info][gc          ] GC(71) Concurrent update thread roots 0.713ms
[7.454s][info][gc,start    ] GC(71) Pause Final Update Refs
[7.454s][info][gc,task     ] GC(71) Using 6 of 6 workers for final reference update
[7.454s][info][gc          ] GC(71) Pause Final Update Refs 0.382ms
[7.454s][info][gc,start    ] GC(71) Concurrent cleanup
[7.454s][info][gc          ] GC(71) Concurrent cleanup 610M->407M(1024M) 0.127ms
[7.454s][info][gc,ergo     ] Free: 564M, Max: 512K regular, 162M humongous, Frag: 71% external, 38% internal; Reserve: 52736K, Max: 512K
[7.454s][info][gc,stats    ] 
[7.454s][info][gc,stats    ] All times are wall-clock times, except per-root-class counters, that are sum over
[7.454s][info][gc,stats    ] all workers. Dividing the <total> over the root stage time estimates parallelism.
[7.454s][info][gc,stats    ] 
[7.454s][info][gc,stats    ] Concurrent Reset                   4170 us
[7.454s][info][gc,stats    ] Pause Init Mark (G)                 873 us
[7.454s][info][gc,stats    ] Pause Init Mark (N)                 395 us
[7.454s][info][gc,stats    ]   Update Region States              240 us
[7.454s][info][gc,stats    ] Concurrent Mark Roots               400 us, parallelism: 0.97x
[7.454s][info][gc,stats    ]   CMR: <total>                      389 us
[7.454s][info][gc,stats    ]   CMR: Thread Roots                 284 us, workers (us):  27, 158,  99, ---, ---, ---, 
[7.454s][info][gc,stats    ]   CMR: VM Strong Roots               12 us, workers (us):  11,   0,   0, ---, ---, ---, 
[7.454s][info][gc,stats    ]   CMR: CLDG Roots                    93 us, workers (us):  93, ---, ---, ---, ---, ---, 
[7.454s][info][gc,stats    ] Concurrent Marking                 4155 us
[7.454s][info][gc,stats    ] Pause Final Mark (G)               1063 us
[7.454s][info][gc,stats    ] Pause Final Mark (N)                779 us
[7.454s][info][gc,stats    ]   Finish Mark                       349 us
[7.454s][info][gc,stats    ]   Update Region States              168 us
[7.454s][info][gc,stats    ]   Choose Collection Set             149 us
[7.454s][info][gc,stats    ]   Rebuild Free Set                   23 us
[7.454s][info][gc,stats    ] Concurrent Thread Roots             268 us, parallelism: 0.77x
[7.454s][info][gc,stats    ]   CTR: <total>                      206 us
[7.454s][info][gc,stats    ]   CTR: Thread Roots                 206 us, workers (us): 121,  67,  18, ---, ---, ---, 
[7.454s][info][gc,stats    ] Concurrent Weak References          198 us, parallelism: 0.08x
[7.454s][info][gc,stats    ]   CWRF: <total>                      15 us
[7.454s][info][gc,stats    ]   CWRF: Weak References              15 us, workers (us):  15,   0,   0, ---, ---, ---, 
[7.454s][info][gc,stats    ] Concurrent Weak Roots               698 us
[7.454s][info][gc,stats    ]   Roots                             483 us, parallelism: 1.43x
[7.454s][info][gc,stats    ]     CWR: <total>                    691 us
[7.454s][info][gc,stats    ]     CWR: Code Cache Roots           587 us, workers (us):   0, 318, 268, ---, ---, ---, 
[7.454s][info][gc,stats    ]     CWR: VM Weak Roots               78 us, workers (us):  47,  30,   1, ---, ---, ---, 
[7.454s][info][gc,stats    ]     CWR: CLDG Roots                  27 us, workers (us):  27, ---, ---, ---, ---, ---, 
[7.454s][info][gc,stats    ]   Rendezvous                        159 us
[7.454s][info][gc,stats    ] Concurrent Cleanup                  238 us
[7.454s][info][gc,stats    ] Concurrent Class Unloading         1930 us
[7.454s][info][gc,stats    ]   Unlink Stale                     1183 us
[7.454s][info][gc,stats    ]     System Dictionary                24 us
[7.454s][info][gc,stats    ]     Weak Class Links                  1 us
[7.454s][info][gc,stats    ]     Code Roots                     1154 us
[7.454s][info][gc,stats    ]   Rendezvous                        227 us
[7.454s][info][gc,stats    ]   Purge Unlinked                    338 us
[7.454s][info][gc,stats    ]     Code Roots                      275 us
[7.455s][info][gc,stats    ]     CLDG                             61 us
[7.455s][info][gc,stats    ]     Exception Caches                  0 us
[7.455s][info][gc,stats    ] Concurrent Strong Roots             362 us, parallelism: 0.26x
[7.455s][info][gc,stats    ]   CSR: <total>                       93 us
[7.455s][info][gc,stats    ]   CSR: VM Strong Roots               13 us, workers (us):  12,   1,   0, ---, ---, ---, 
[7.455s][info][gc,stats    ]   CSR: CLDG Roots                    80 us, workers (us):  80, ---, ---, ---, ---, ---, 
[7.455s][info][gc,stats    ] Concurrent Evacuation             22764 us
[7.455s][info][gc,stats    ] Pause Init Update Refs (G)          611 us
[7.455s][info][gc,stats    ] Pause Init Update Refs (N)          111 us
[7.455s][info][gc,stats    ]   Manage GCLABs                      12 us
[7.455s][info][gc,stats    ] Concurrent Update Refs             4719 us
[7.455s][info][gc,stats    ] Concurrent Update Thread Roots      771 us
[7.455s][info][gc,stats    ] Pause Final Update Refs (G)         691 us
[7.455s][info][gc,stats    ] Pause Final Update Refs (N)         400 us
[7.455s][info][gc,stats    ]   Update Region States              197 us
[7.455s][info][gc,stats    ]   Trash Collection Set               33 us
[7.455s][info][gc,stats    ]   Rebuild Free Set                   87 us
[7.455s][info][gc,stats    ] Concurrent Cleanup                  137 us
[7.455s][info][gc,stats    ] 
[7.455s][info][gc,stats    ] Allocation pacing accrued:
[7.455s][info][gc,stats    ]       0 of   121 ms (  0.0%): <total>
[7.455s][info][gc,stats    ]       0 of   121 ms (  0.0%): <average total>
[7.455s][info][gc,stats    ] 
[7.455s][info][gc,metaspace] Metaspace: 6358K(6528K)->6358K(6528K) NonClass: 5812K(5888K)->5812K(5888K) Class: 546K(640K)->546K(640K)
[7.455s][info][gc,ergo     ] Pacer for Idle. Initial: 20971K, Alloc Tax Rate: 1.0x
[7.529s][info][gc          ] Trigger: Average GC time (52.64 ms) is above the time for average allocation rate (3920 MB/s) to deplete free headroom (202M) (margin of error = 1.89)
[7.529s][info][gc,ergo     ] Free headroom: 253M (free) - 52428K (spike) - 0B (penalties) = 202M
[7.530s][info][gc,ergo     ] Free: 252M, Max: 512K regular, 162M humongous, Frag: 36% external, 3% internal; Reserve: 52736K, Max: 512K
[7.530s][info][gc,start    ] GC(72) Concurrent reset
[7.530s][info][gc,task     ] GC(72) Using 3 of 6 workers for concurrent reset
[7.530s][info][gc,ergo     ] GC(72) Pacer for Reset. Non-Taxable: 1024M
[7.534s][info][gc          ] GC(72) Concurrent reset 3.918ms
[7.534s][info][gc,start    ] GC(72) Pause Init Mark (unload classes)
[7.534s][info][gc,task     ] GC(72) Using 6 of 6 workers for init marking
[7.534s][info][gc,ergo     ] GC(72) Pacer for Mark. Expected Live: 196M, Free: 242M, Non-Taxable: 24781K, Alloc Tax Rate: 1.0x
[7.534s][info][gc          ] GC(72) Pause Init Mark (unload classes) 0.303ms
[7.534s][info][gc,start    ] GC(72) Concurrent marking roots
[7.535s][info][gc,task     ] GC(72) Using 3 of 6 workers for concurrent marking roots
[7.535s][info][gc          ] GC(72) Concurrent marking roots 0.310ms
[7.535s][info][gc,start    ] GC(72) Concurrent marking (unload classes)
[7.535s][info][gc,task     ] GC(72) Using 3 of 6 workers for concurrent marking
[7.538s][info][gc          ] GC(72) Concurrent marking (unload classes) 2.834ms
[7.538s][info][gc,start    ] GC(72) Pause Final Mark (unload classes)
[7.538s][info][gc,task     ] GC(72) Using 6 of 6 workers for final marking
[7.539s][info][gc,ergo     ] GC(72) Adaptive CSet Selection. Target Free: 145M, Actual Free: 552M, Max CSet: 43690K, Min Garbage: 0B
[7.539s][info][gc,ergo     ] GC(72) Collectable Garbage: 429M (82%), Immediate: 269M (51%), CSet: 159M (30%)
[7.539s][info][gc,ergo     ] GC(72) Pacer for Evacuation. Used CSet: 202M, Free: 512M, Non-Taxable: 52486K, Alloc Tax Rate: 1.1x
[7.539s][info][gc          ] GC(72) Pause Final Mark (unload classes) 0.933ms
[7.539s][info][gc,start    ] GC(72) Concurrent thread roots
[7.539s][info][gc,task     ] GC(72) Using 3 of 6 workers for Concurrent thread roots
[7.539s][info][gc          ] GC(72) Concurrent thread roots 0.298ms
[7.539s][info][gc,start    ] GC(72) Concurrent weak references
[7.539s][info][gc,task     ] GC(72) Using 3 of 6 workers for concurrent weak references
[7.540s][info][gc,ref      ] GC(72) Encountered references: Soft: 47, Weak: 146, Final: 0, Phantom: 3
[7.540s][info][gc,ref      ] GC(72) Discovered  references: Soft: 0, Weak: 53, Final: 0, Phantom: 2
[7.540s][info][gc,ref      ] GC(72) Enqueued    references: Soft: 0, Weak: 0, Final: 0, Phantom: 0
[7.540s][info][gc          ] GC(72) Concurrent weak references 0.159ms
[7.540s][info][gc,start    ] GC(72) Concurrent weak roots
[7.540s][info][gc,task     ] GC(72) Using 3 of 6 workers for concurrent weak root
[7.540s][info][gc          ] GC(72) Concurrent weak roots 0.581ms
[7.540s][info][gc,start    ] GC(72) Concurrent cleanup
[7.542s][info][gc          ] GC(72) Concurrent cleanup 727M->463M(1024M) 1.719ms
[7.542s][info][gc,ergo     ] GC(72) Free: 498M, Max: 512K regular, 185M humongous, Frag: 63% external, 0% internal; Reserve: 52722K, Max: 512K
[7.542s][info][gc,start    ] GC(72) Concurrent class unloading
[7.542s][info][gc,task     ] GC(72) Using 3 of 6 workers for concurrent class unloading
[7.544s][info][gc          ] GC(72) Concurrent class unloading 1.856ms
[7.544s][info][gc,start    ] GC(72) Concurrent strong roots
[7.544s][info][gc,task     ] GC(72) Using 3 of 6 workers for concurrent strong root
[7.544s][info][gc          ] GC(72) Concurrent strong roots 0.299ms
[7.544s][info][gc,start    ] GC(72) Concurrent evacuation
[7.545s][info][gc,task     ] GC(72) Using 3 of 6 workers for concurrent evacuation
[7.567s][info][gc          ] GC(72) Concurrent evacuation 22.201ms
[7.567s][info][gc,start    ] GC(72) Pause Init Update Refs
[7.567s][info][gc,ergo     ] GC(72) Pacer for Update Refs. Used: 557M, Free: 448M, Non-Taxable: 45933K, Alloc Tax Rate: 1.5x
[7.567s][info][gc          ] GC(72) Pause Init Update Refs 0.097ms
[7.567s][info][gc,start    ] GC(72) Concurrent update references
[7.567s][info][gc,task     ] GC(72) Using 3 of 6 workers for concurrent reference update
[7.572s][info][gc          ] GC(72) Concurrent update references 4.545ms
[7.572s][info][gc,start    ] GC(72) Concurrent update thread roots
[7.573s][info][gc          ] GC(72) Concurrent update thread roots 0.891ms
[7.573s][info][gc,start    ] GC(72) Pause Final Update Refs
[7.573s][info][gc,task     ] GC(72) Using 6 of 6 workers for final reference update
[7.574s][info][gc          ] GC(72) Pause Final Update Refs 0.555ms
[7.574s][info][gc,start    ] GC(72) Concurrent cleanup
[7.574s][info][gc          ] GC(72) Concurrent cleanup 583M->382M(1024M) 0.275ms
[7.574s][info][gc,ergo     ] Free: 589M, Max: 512K regular, 229M humongous, Frag: 61% external, 35% internal; Reserve: 52736K, Max: 512K
[7.574s][info][gc,stats    ] 
[7.574s][info][gc,stats    ] All times are wall-clock times, except per-root-class counters, that are sum over
[7.574s][info][gc,stats    ] all workers. Dividing the <total> over the root stage time estimates parallelism.
[7.574s][info][gc,stats    ] 
[7.575s][info][gc,stats    ] Concurrent Reset                   4147 us
[7.575s][info][gc,stats    ] Pause Init Mark (G)                 758 us
[7.575s][info][gc,stats    ] Pause Init Mark (N)                 313 us
[7.575s][info][gc,stats    ]   Update Region States              179 us
[7.575s][info][gc,stats    ] Concurrent Mark Roots               335 us, parallelism: 0.87x
[7.575s][info][gc,stats    ]   CMR: <total>                      291 us
[7.575s][info][gc,stats    ]   CMR: Thread Roots                 217 us, workers (us):  69,  77,  70, ---, ---, ---, 
[7.575s][info][gc,stats    ]   CMR: VM Strong Roots               13 us, workers (us):  13,   0,   0, ---, ---, ---, 
[7.575s][info][gc,stats    ]   CMR: CLDG Roots                    60 us, workers (us):  60, ---, ---, ---, ---, ---, 
[7.575s][info][gc,stats    ] Concurrent Marking                 2974 us
[7.575s][info][gc,stats    ] Pause Final Mark (G)               1264 us
[7.575s][info][gc,stats    ] Pause Final Mark (N)                944 us
[7.575s][info][gc,stats    ]   Finish Mark                       412 us
[7.575s][info][gc,stats    ]   Update Region States              125 us
[7.575s][info][gc,stats    ]   Choose Collection Set             228 us
[7.575s][info][gc,stats    ]   Rebuild Free Set                   47 us
[7.575s][info][gc,stats    ] Concurrent Thread Roots             325 us, parallelism: 0.97x
[7.575s][info][gc,stats    ]   CTR: <total>                      313 us
[7.575s][info][gc,stats    ]   CTR: Thread Roots                 313 us, workers (us): 116, 124,  73, ---, ---, ---, 
[7.575s][info][gc,stats    ] Concurrent Weak References          168 us, parallelism: 0.17x
[7.575s][info][gc,stats    ]   CWRF: <total>                      28 us
[7.575s][info][gc,stats    ]   CWRF: Weak References              28 us, workers (us):  25,   4,   0, ---, ---, ---, 
[7.575s][info][gc,stats    ] Concurrent Weak Roots               611 us
[7.575s][info][gc,stats    ]   Roots                             394 us, parallelism: 1.32x
[7.575s][info][gc,stats    ]     CWR: <total>                    520 us
[7.575s][info][gc,stats    ]     CWR: Code Cache Roots           444 us, workers (us): 255, 190,   0, ---, ---, ---, 
[7.575s][info][gc,stats    ]     CWR: VM Weak Roots               60 us, workers (us):  39,  20,   1, ---, ---, ---, 
[7.575s][info][gc,stats    ]     CWR: CLDG Roots                  16 us, workers (us): ---, ---,  16, ---, ---, ---, 
[7.575s][info][gc,stats    ]   Rendezvous                        167 us
[7.575s][info][gc,stats    ] Concurrent Cleanup                 1871 us
[7.575s][info][gc,stats    ] Concurrent Class Unloading         1993 us
[7.575s][info][gc,stats    ]   Unlink Stale                     1255 us
[7.575s][info][gc,stats    ]     System Dictionary                32 us
[7.575s][info][gc,stats    ]     Weak Class Links                  1 us
[7.575s][info][gc,stats    ]     Code Roots                     1217 us
[7.575s][info][gc,stats    ]   Rendezvous                        233 us
[7.575s][info][gc,stats    ]   Purge Unlinked                    333 us
[7.575s][info][gc,stats    ]     Code Roots                      292 us
[7.575s][info][gc,stats    ]     CLDG                             40 us
[7.575s][info][gc,stats    ]     Exception Caches                  1 us
[7.575s][info][gc,stats    ] Concurrent Strong Roots             349 us, parallelism: 0.28x
[7.575s][info][gc,stats    ]   CSR: <total>                       99 us
[7.575s][info][gc,stats    ]   CSR: VM Strong Roots                9 us, workers (us):   9,   0,   0, ---, ---, ---, 
[7.575s][info][gc,stats    ]   CSR: CLDG Roots                    90 us, workers (us):  90, ---, ---, ---, ---, ---, 
[7.575s][info][gc,stats    ] Concurrent Evacuation             22401 us
[7.575s][info][gc,stats    ] Pause Init Update Refs (G)          512 us
[7.575s][info][gc,stats    ] Pause Init Update Refs (N)          107 us
[7.575s][info][gc,stats    ]   Manage GCLABs                      14 us
[7.575s][info][gc,stats    ] Concurrent Update Refs             4705 us
[7.575s][info][gc,stats    ] Concurrent Update Thread Roots      978 us
[7.575s][info][gc,stats    ] Pause Final Update Refs (G)         920 us
[7.575s][info][gc,stats    ] Pause Final Update Refs (N)         580 us
[7.575s][info][gc,stats    ]   Update Region States              224 us
[7.575s][info][gc,stats    ]   Trash Collection Set               46 us
[7.575s][info][gc,stats    ]   Rebuild Free Set                  164 us
[7.575s][info][gc,stats    ] Concurrent Cleanup                  291 us
[7.575s][info][gc,stats    ] 
[7.575s][info][gc,stats    ] Allocation pacing accrued:
[7.575s][info][gc,stats    ]       0 of   120 ms (  0.0%): <total>
[7.575s][info][gc,stats    ]       0 of   120 ms (  0.0%): <average total>
[7.575s][info][gc,stats    ] 
[7.575s][info][gc,metaspace] Metaspace: 6358K(6528K)->6358K(6528K) NonClass: 5812K(5888K)->5812K(5888K) Class: 546K(640K)->546K(640K)
[7.575s][info][gc,ergo     ] Pacer for Idle. Initial: 20971K, Alloc Tax Rate: 1.0x
[7.684s][info][gc          ] Trigger: Average GC time (52.87 ms) is above the time for average allocation rate (3595 MB/s) to deplete free headroom (190M) (margin of error = 1.87)
[7.684s][info][gc,ergo     ] Free headroom: 241M (free) - 52428K (spike) - 0B (penalties) = 190M
[7.684s][info][gc,ergo     ] Free: 239M, Max: 512K regular, 229M humongous, Frag: 4% external, 11% internal; Reserve: 52736K, Max: 512K
[7.684s][info][gc,start    ] GC(73) Concurrent reset
[7.684s][info][gc,task     ] GC(73) Using 3 of 6 workers for concurrent reset
[7.684s][info][gc,ergo     ] GC(73) Pacer for Reset. Non-Taxable: 1024M
[7.689s][info][gc          ] GC(73) Concurrent reset 4.328ms
[7.689s][info][gc,start    ] GC(73) Pause Init Mark (unload classes)
[7.689s][info][gc,task     ] GC(73) Using 6 of 6 workers for init marking
[7.689s][info][gc,ergo     ] GC(73) Pacer for Mark. Expected Live: 196M, Free: 230M, Non-Taxable: 23572K, Alloc Tax Rate: 1.0x
[7.690s][info][gc          ] GC(73) Pause Init Mark (unload classes) 0.468ms
[7.690s][info][gc,start    ] GC(73) Concurrent marking roots
[7.690s][info][gc,task     ] GC(73) Using 3 of 6 workers for concurrent marking roots
[7.690s][info][gc          ] GC(73) Concurrent marking roots 0.485ms
[7.690s][info][gc,start    ] GC(73) Concurrent marking (unload classes)
[7.690s][info][gc,task     ] GC(73) Using 3 of 6 workers for concurrent marking
[7.694s][info][gc          ] GC(73) Concurrent marking (unload classes) 3.664ms
[7.694s][info][gc,start    ] GC(73) Pause Final Mark (unload classes)
[7.694s][info][gc,task     ] GC(73) Using 6 of 6 workers for final marking
[7.695s][info][gc,ergo     ] GC(73) Adaptive CSet Selection. Target Free: 145M, Actual Free: 551M, Max CSet: 43690K, Min Garbage: 0B
[7.695s][info][gc,ergo     ] GC(73) Collectable Garbage: 443M (83%), Immediate: 287M (54%), CSet: 155M (29%)
[7.695s][info][gc,ergo     ] GC(73) Pacer for Evacuation. Used CSet: 198M, Free: 512M, Non-Taxable: 52506K, Alloc Tax Rate: 1.1x
[7.695s][info][gc          ] GC(73) Pause Final Mark (unload classes) 1.162ms
[7.696s][info][gc,start    ] GC(73) Concurrent thread roots
[7.696s][info][gc,task     ] GC(73) Using 3 of 6 workers for Concurrent thread roots
[7.696s][info][gc          ] GC(73) Concurrent thread roots 0.380ms
[7.696s][info][gc,start    ] GC(73) Concurrent weak references
[7.696s][info][gc,task     ] GC(73) Using 3 of 6 workers for concurrent weak references
[7.696s][info][gc,ref      ] GC(73) Encountered references: Soft: 47, Weak: 146, Final: 0, Phantom: 3
[7.696s][info][gc,ref      ] GC(73) Discovered  references: Soft: 0, Weak: 51, Final: 0, Phantom: 2
[7.696s][info][gc,ref      ] GC(73) Enqueued    references: Soft: 0, Weak: 0, Final: 0, Phantom: 0
[7.697s][info][gc          ] GC(73) Concurrent weak references 0.512ms
[7.697s][info][gc,start    ] GC(73) Concurrent weak roots
[7.697s][info][gc,task     ] GC(73) Using 3 of 6 workers for concurrent weak root
[7.697s][info][gc          ] GC(73) Concurrent weak roots 0.905ms
[7.697s][info][gc,start    ] GC(73) Concurrent cleanup
[7.698s][info][gc          ] GC(73) Concurrent cleanup 747M->460M(1024M) 0.245ms
[7.698s][info][gc,ergo     ] GC(73) Free: 501M, Max: 512K regular, 235M humongous, Frag: 53% external, 0% internal; Reserve: 52722K, Max: 512K
[7.698s][info][gc,start    ] GC(73) Concurrent class unloading
[7.698s][info][gc,task     ] GC(73) Using 3 of 6 workers for concurrent class unloading
[7.700s][info][gc          ] GC(73) Concurrent class unloading 1.982ms
[7.700s][info][gc,start    ] GC(73) Concurrent strong roots
[7.700s][info][gc,task     ] GC(73) Using 3 of 6 workers for concurrent strong root
[7.700s][info][gc          ] GC(73) Concurrent strong roots 0.333ms
[7.700s][info][gc,start    ] GC(73) Concurrent evacuation
[7.700s][info][gc,task     ] GC(73) Using 3 of 6 workers for concurrent evacuation
[7.724s][info][gc          ] GC(73) Concurrent evacuation 23.257ms
[7.724s][info][gc,start    ] GC(73) Pause Init Update Refs
[7.724s][info][gc,ergo     ] GC(73) Pacer for Update Refs. Used: 555M, Free: 449M, Non-Taxable: 46055K, Alloc Tax Rate: 1.5x
[7.724s][info][gc          ] GC(73) Pause Init Update Refs 0.058ms
[7.724s][info][gc,start    ] GC(73) Concurrent update references
[7.724s][info][gc,task     ] GC(73) Using 3 of 6 workers for concurrent reference update
[7.727s][info][gc          ] GC(73) Concurrent update references 2.829ms
[7.727s][info][gc,start    ] GC(73) Concurrent update thread roots
[7.728s][info][gc          ] GC(73) Concurrent update thread roots 1.128ms
[7.729s][info][gc,start    ] GC(73) Pause Final Update Refs
[7.729s][info][gc,task     ] GC(73) Using 6 of 6 workers for final reference update
[7.729s][info][gc          ] GC(73) Pause Final Update Refs 0.365ms
[7.729s][info][gc,start    ] GC(73) Concurrent cleanup
[7.729s][info][gc          ] GC(73) Concurrent cleanup 560M->362M(1024M) 0.171ms
[7.729s][info][gc,ergo     ] Free: 609M, Max: 512K regular, 208M humongous, Frag: 66% external, 33% internal; Reserve: 52736K, Max: 512K
[7.729s][info][gc,stats    ] 
[7.729s][info][gc,stats    ] All times are wall-clock times, except per-root-class counters, that are sum over
[7.729s][info][gc,stats    ] all workers. Dividing the <total> over the root stage time estimates parallelism.
[7.730s][info][gc,stats    ] 
[7.730s][info][gc,stats    ] Concurrent Reset                   4585 us
[7.730s][info][gc,stats    ] Pause Init Mark (G)                 881 us
[7.730s][info][gc,stats    ] Pause Init Mark (N)                 509 us
[7.730s][info][gc,stats    ]   Update Region States              245 us
[7.730s][info][gc,stats    ] Concurrent Mark Roots               554 us, parallelism: 1.18x
[7.730s][info][gc,stats    ]   CMR: <total>                      654 us
[7.730s][info][gc,stats    ]   CMR: Thread Roots                 502 us, workers (us):  46, 275, 181, ---, ---, ---, 
[7.730s][info][gc,stats    ]   CMR: VM Strong Roots               22 us, workers (us):  21,   0,   0, ---, ---, ---, 
[7.730s][info][gc,stats    ]   CMR: CLDG Roots                   130 us, workers (us): 130, ---, ---, ---, ---, ---, 
[7.730s][info][gc,stats    ] Concurrent Marking                 3825 us
[7.730s][info][gc,stats    ] Pause Final Mark (G)               1535 us
[7.730s][info][gc,stats    ] Pause Final Mark (N)               1181 us
[7.730s][info][gc,stats    ]   Finish Mark                       441 us
[7.730s][info][gc,stats    ]   Update Region States              120 us
[7.730s][info][gc,stats    ]   Choose Collection Set             405 us
[7.730s][info][gc,stats    ]   Rebuild Free Set                   79 us
[7.730s][info][gc,stats    ] Concurrent Thread Roots             425 us, parallelism: 0.87x
[7.730s][info][gc,stats    ]   CTR: <total>                      370 us
[7.730s][info][gc,stats    ]   CTR: Thread Roots                 370 us, workers (us): 137, 128, 105, ---, ---, ---, 
[7.730s][info][gc,stats    ] Concurrent Weak References          537 us, parallelism: 0.10x
[7.730s][info][gc,stats    ]   CWRF: <total>                      54 us
[7.730s][info][gc,stats    ]   CWRF: Weak References              54 us, workers (us):  44,  10,   0, ---, ---, ---, 
[7.730s][info][gc,stats    ] Concurrent Weak Roots               954 us
[7.730s][info][gc,stats    ]   Roots                             691 us, parallelism: 1.05x
[7.730s][info][gc,stats    ]     CWR: <total>                    729 us
[7.730s][info][gc,stats    ]     CWR: Code Cache Roots           544 us, workers (us):   1, 315, 229, ---, ---, ---, 
[7.730s][info][gc,stats    ]     CWR: VM Weak Roots              152 us, workers (us): 109,  42,   1, ---, ---, ---, 
[7.730s][info][gc,stats    ]     CWR: CLDG Roots                  33 us, workers (us):  33, ---, ---, ---, ---, ---, 
[7.730s][info][gc,stats    ]   Rendezvous                        171 us
[7.730s][info][gc,stats    ] Concurrent Cleanup                  258 us
[7.730s][info][gc,stats    ] Concurrent Class Unloading         2134 us
[7.730s][info][gc,stats    ]   Unlink Stale                     1133 us
[7.730s][info][gc,stats    ]     System Dictionary                32 us
[7.730s][info][gc,stats    ]     Weak Class Links                  1 us
[7.730s][info][gc,stats    ]     Code Roots                     1097 us
[7.730s][info][gc,stats    ]   Rendezvous                        463 us
[7.730s][info][gc,stats    ]   Purge Unlinked                    349 us
[7.730s][info][gc,stats    ]     Code Roots                      299 us
[7.730s][info][gc,stats    ]     CLDG                             50 us
[7.730s][info][gc,stats    ]     Exception Caches                  1 us
[7.730s][info][gc,stats    ] Concurrent Strong Roots             379 us, parallelism: 0.31x
[7.730s][info][gc,stats    ]   CSR: <total>                      116 us
[7.730s][info][gc,stats    ]   CSR: VM Strong Roots               12 us, workers (us):  12,   0,   0, ---, ---, ---, 
[7.730s][info][gc,stats    ]   CSR: CLDG Roots                   104 us, workers (us): 104, ---, ---, ---, ---, ---, 
[7.730s][info][gc,stats    ] Concurrent Evacuation             23361 us
[7.730s][info][gc,stats    ] Pause Init Update Refs (G)          327 us
[7.730s][info][gc,stats    ] Pause Init Update Refs (N)           66 us
[7.730s][info][gc,stats    ]   Manage GCLABs                       8 us
[7.730s][info][gc,stats    ] Concurrent Update Refs             3043 us
[7.730s][info][gc,stats    ] Concurrent Update Thread Roots     1246 us
[7.730s][info][gc,stats    ] Pause Final Update Refs (G)         790 us
[7.730s][info][gc,stats    ] Pause Final Update Refs (N)         398 us
[7.730s][info][gc,stats    ]   Update Region States              192 us
[7.730s][info][gc,stats    ]   Trash Collection Set               30 us
[7.730s][info][gc,stats    ]   Rebuild Free Set                   81 us
[7.730s][info][gc,stats    ] Concurrent Cleanup                  187 us
[7.730s][info][gc,stats    ] 
[7.730s][info][gc,stats    ] Allocation pacing accrued:
[7.730s][info][gc,stats    ]       0 of   155 ms (  0.0%): <total>
[7.730s][info][gc,stats    ]       0 of   155 ms (  0.0%): <average total>
[7.730s][info][gc,stats    ] 
[7.730s][info][gc,metaspace] Metaspace: 6358K(6528K)->6358K(6528K) NonClass: 5812K(5888K)->5812K(5888K) Class: 546K(640K)->546K(640K)
[7.730s][info][gc,ergo     ] Pacer for Idle. Initial: 20971K, Alloc Tax Rate: 1.0x
[7.842s][info][gc          ] Trigger: Average GC time (51.78 ms) is above the time for average allocation rate (3374 MB/s) to deplete free headroom (174M) (margin of error = 1.85)
[7.842s][info][gc,ergo     ] Free headroom: 225M (free) - 52428K (spike) - 0B (penalties) = 174M
[7.842s][info][gc,ergo     ] Free: 224M, Max: 512K regular, 208M humongous, Frag: 7% external, 9% internal; Reserve: 52736K, Max: 512K
[7.842s][info][gc,start    ] GC(74) Concurrent reset
[7.842s][info][gc,task     ] GC(74) Using 3 of 6 workers for concurrent reset
[7.842s][info][gc,ergo     ] GC(74) Pacer for Reset. Non-Taxable: 1024M
[7.846s][info][gc          ] GC(74) Concurrent reset 4.206ms
[7.847s][info][gc,start    ] GC(74) Pause Init Mark (unload classes)
[7.847s][info][gc,task     ] GC(74) Using 6 of 6 workers for init marking
[7.847s][info][gc,ergo     ] GC(74) Pacer for Mark. Expected Live: 196M, Free: 213M, Non-Taxable: 21870K, Alloc Tax Rate: 1.1x
[7.847s][info][gc          ] GC(74) Pause Init Mark (unload classes) 0.333ms
[7.847s][info][gc,start    ] GC(74) Concurrent marking roots
[7.847s][info][gc,task     ] GC(74) Using 3 of 6 workers for concurrent marking roots
[7.848s][info][gc          ] GC(74) Concurrent marking roots 0.633ms
[7.848s][info][gc,start    ] GC(74) Concurrent marking (unload classes)
[7.848s][info][gc,task     ] GC(74) Using 3 of 6 workers for concurrent marking
[7.851s][info][gc          ] GC(74) Concurrent marking (unload classes) 3.527ms
[7.852s][info][gc,start    ] GC(74) Pause Final Mark (unload classes)
[7.852s][info][gc,task     ] GC(74) Using 6 of 6 workers for final marking
[7.852s][info][gc,ergo     ] GC(74) Adaptive CSet Selection. Target Free: 145M, Actual Free: 535M, Max CSet: 43690K, Min Garbage: 0B
[7.852s][info][gc,ergo     ] GC(74) Collectable Garbage: 457M (83%), Immediate: 290M (53%), CSet: 167M (30%)
[7.852s][info][gc,ergo     ] GC(74) Pacer for Evacuation. Used CSet: 210M, Free: 496M, Non-Taxable: 50812K, Alloc Tax Rate: 1.1x
[7.852s][info][gc          ] GC(74) Pause Final Mark (unload classes) 0.748ms
[7.853s][info][gc,start    ] GC(74) Concurrent thread roots
[7.853s][info][gc,task     ] GC(74) Using 3 of 6 workers for Concurrent thread roots
[7.853s][info][gc          ] GC(74) Concurrent thread roots 0.234ms
[7.853s][info][gc,start    ] GC(74) Concurrent weak references
[7.853s][info][gc,task     ] GC(74) Using 3 of 6 workers for concurrent weak references
[7.853s][info][gc,ref      ] GC(74) Encountered references: Soft: 47, Weak: 146, Final: 0, Phantom: 3
[7.853s][info][gc,ref      ] GC(74) Discovered  references: Soft: 0, Weak: 48, Final: 0, Phantom: 2
[7.853s][info][gc,ref      ] GC(74) Enqueued    references: Soft: 0, Weak: 0, Final: 0, Phantom: 0
[7.853s][info][gc          ] GC(74) Concurrent weak references 0.114ms
[7.853s][info][gc,start    ] GC(74) Concurrent weak roots
[7.853s][info][gc,task     ] GC(74) Using 3 of 6 workers for concurrent weak root
[7.854s][info][gc          ] GC(74) Concurrent weak roots 0.689ms
[7.854s][info][gc,start    ] GC(74) Concurrent cleanup
[7.854s][info][gc          ] GC(74) Concurrent cleanup 765M->475M(1024M) 0.140ms
[7.854s][info][gc,ergo     ] GC(74) Free: 486M, Max: 512K regular, 219M humongous, Frag: 55% external, 0% internal; Reserve: 52722K, Max: 512K
[7.854s][info][gc,start    ] GC(74) Concurrent class unloading
[7.854s][info][gc,task     ] GC(74) Using 3 of 6 workers for concurrent class unloading
[7.855s][info][gc          ] GC(74) Concurrent class unloading 1.489ms
[7.855s][info][gc,start    ] GC(74) Concurrent strong roots
[7.855s][info][gc,task     ] GC(74) Using 3 of 6 workers for concurrent strong root
[7.856s][info][gc          ] GC(74) Concurrent strong roots 0.294ms
[7.856s][info][gc,start    ] GC(74) Concurrent evacuation
[7.856s][info][gc,task     ] GC(74) Using 3 of 6 workers for concurrent evacuation
[7.882s][info][gc          ] GC(74) Concurrent evacuation 25.799ms
[7.882s][info][gc,start    ] GC(74) Pause Init Update Refs
[7.882s][info][gc,ergo     ] GC(74) Pacer for Update Refs. Used: 587M, Free: 417M, Non-Taxable: 42770K, Alloc Tax Rate: 1.7x
[7.882s][info][gc          ] GC(74) Pause Init Update Refs 0.117ms
[7.882s][info][gc,start    ] GC(74) Concurrent update references
[7.882s][info][gc,task     ] GC(74) Using 3 of 6 workers for concurrent reference update
[7.887s][info][gc          ] GC(74) Concurrent update references 4.611ms
[7.887s][info][gc,start    ] GC(74) Concurrent update thread roots
[7.889s][info][gc          ] GC(74) Concurrent update thread roots 2.432ms
[7.890s][info][gc,start    ] GC(74) Pause Final Update Refs
[7.890s][info][gc,task     ] GC(74) Using 6 of 6 workers for final reference update
[7.890s][info][gc          ] GC(74) Pause Final Update Refs 0.488ms
[7.890s][info][gc,start    ] GC(74) Concurrent cleanup
[7.891s][info][gc          ] GC(74) Concurrent cleanup 598M->388M(1024M) 0.176ms
[7.891s][info][gc,ergo     ] Free: 584M, Max: 512K regular, 191M humongous, Frag: 67% external, 36% internal; Reserve: 52736K, Max: 512K
[7.891s][info][gc,stats    ] 
[7.891s][info][gc,stats    ] All times are wall-clock times, except per-root-class counters, that are sum over
[7.891s][info][gc,stats    ] all workers. Dividing the <total> over the root stage time estimates parallelism.
[7.891s][info][gc,stats    ] 
[7.891s][info][gc,stats    ] Concurrent Reset                   4374 us
[7.891s][info][gc,stats    ] Pause Init Mark (G)                 711 us
[7.891s][info][gc,stats    ] Pause Init Mark (N)                 354 us
[7.891s][info][gc,stats    ]   Update Region States              177 us
[7.891s][info][gc,stats    ] Concurrent Mark Roots               669 us, parallelism: 1.00x
[7.891s][info][gc,stats    ]   CMR: <total>                      666 us
[7.891s][info][gc,stats    ]   CMR: Thread Roots                 444 us, workers (us):  49, 279, 116, ---, ---, ---, 
[7.891s][info][gc,stats    ]   CMR: VM Strong Roots               18 us, workers (us):  17,   0,   1, ---, ---, ---, 
[7.891s][info][gc,stats    ]   CMR: CLDG Roots                   204 us, workers (us): 204, ---, ---, ---, ---, ---, 
[7.891s][info][gc,stats    ] Concurrent Marking                 3679 us
[7.891s][info][gc,stats    ] Pause Final Mark (G)                998 us
[7.891s][info][gc,stats    ] Pause Final Mark (N)                756 us
[7.891s][info][gc,stats    ]   Finish Mark                       385 us
[7.891s][info][gc,stats    ]   Update Region States              120 us
[7.891s][info][gc,stats    ]   Choose Collection Set             130 us
[7.891s][info][gc,stats    ]   Rebuild Free Set                   22 us
[7.891s][info][gc,stats    ] Concurrent Thread Roots             254 us, parallelism: 0.87x
[7.891s][info][gc,stats    ]   CTR: <total>                      222 us
[7.891s][info][gc,stats    ]   CTR: Thread Roots                 222 us, workers (us):  76,  67,  79, ---, ---, ---, 
[7.891s][info][gc,stats    ] Concurrent Weak References          121 us, parallelism: 0.14x
[7.891s][info][gc,stats    ]   CWRF: <total>                      17 us
[7.891s][info][gc,stats    ]   CWRF: Weak References              17 us, workers (us):  17,   0,   0, ---, ---, ---, 
[7.891s][info][gc,stats    ] Concurrent Weak Roots               709 us
[7.891s][info][gc,stats    ]   Roots                             571 us, parallelism: 1.47x
[7.891s][info][gc,stats    ]     CWR: <total>                    842 us
[7.891s][info][gc,stats    ]     CWR: Code Cache Roots           788 us, workers (us):   0, 422, 365, ---, ---, ---, 
[7.891s][info][gc,stats    ]     CWR: VM Weak Roots               47 us, workers (us):  32,  14,   1, ---, ---, ---, 
[7.891s][info][gc,stats    ]     CWR: CLDG Roots                   7 us, workers (us):   7, ---, ---, ---, ---, ---, 
[7.891s][info][gc,stats    ]   Rendezvous                        102 us
[7.891s][info][gc,stats    ] Concurrent Cleanup                  149 us
[7.891s][info][gc,stats    ] Concurrent Class Unloading         1597 us
[7.891s][info][gc,stats    ]   Unlink Stale                      990 us
[7.891s][info][gc,stats    ]     System Dictionary                17 us
[7.891s][info][gc,stats    ]     Weak Class Links                  1 us
[7.891s][info][gc,stats    ]     Code Roots                      970 us
[7.891s][info][gc,stats    ]   Rendezvous                        200 us
[7.891s][info][gc,stats    ]   Purge Unlinked                    275 us
[7.891s][info][gc,stats    ]     Code Roots                      236 us
[7.891s][info][gc,stats    ]     CLDG                             38 us
[7.891s][info][gc,stats    ]     Exception Caches                  1 us
[7.891s][info][gc,stats    ] Concurrent Strong Roots             318 us, parallelism: 0.26x
[7.891s][info][gc,stats    ]   CSR: <total>                       81 us
[7.891s][info][gc,stats    ]   CSR: VM Strong Roots                9 us, workers (us):   9,   0,   0, ---, ---, ---, 
[7.891s][info][gc,stats    ]   CSR: CLDG Roots                    72 us, workers (us):  72, ---, ---, ---, ---, ---, 
[7.891s][info][gc,stats    ] Concurrent Evacuation             25959 us
[7.891s][info][gc,stats    ] Pause Init Update Refs (G)          537 us
[7.891s][info][gc,stats    ] Pause Init Update Refs (N)          125 us
[7.891s][info][gc,stats    ]   Manage GCLABs                      15 us
[7.891s][info][gc,stats    ] Concurrent Update Refs             4775 us
[7.891s][info][gc,stats    ] Concurrent Update Thread Roots     2543 us
[7.891s][info][gc,stats    ] Pause Final Update Refs (G)         865 us
[7.891s][info][gc,stats    ] Pause Final Update Refs (N)         524 us
[7.891s][info][gc,stats    ]   Update Region States              267 us
[7.891s][info][gc,stats    ]   Trash Collection Set               39 us
[7.891s][info][gc,stats    ]   Rebuild Free Set                   92 us
[7.891s][info][gc,stats    ] Concurrent Cleanup                  197 us
[7.891s][info][gc,stats    ] 
[7.891s][info][gc,stats    ] Allocation pacing accrued:
[7.891s][info][gc,stats    ]       0 of   162 ms (  0.0%): <total>
[7.891s][info][gc,stats    ]       0 of   162 ms (  0.0%): <average total>
[7.891s][info][gc,stats    ] 
[7.892s][info][gc,metaspace] Metaspace: 6358K(6528K)->6358K(6528K) NonClass: 5812K(5888K)->5812K(5888K) Class: 546K(640K)->546K(640K)
[7.892s][info][gc,ergo     ] Pacer for Idle. Initial: 20971K, Alloc Tax Rate: 1.0x
[8.020s][info][gc          ] Trigger: Average GC time (53.52 ms) is above the time for average allocation rate (3140 MB/s) to deplete free headroom (165M) (margin of error = 1.85)
[8.021s][info][gc,ergo     ] Free headroom: 216M (free) - 52428K (spike) - 0B (penalties) = 165M
[8.021s][info][gc,ergo     ] Free: 214M, Max: 512K regular, 191M humongous, Frag: 11% external, 13% internal; Reserve: 52736K, Max: 512K
[8.021s][info][gc,start    ] GC(75) Concurrent reset
[8.021s][info][gc,task     ] GC(75) Using 3 of 6 workers for concurrent reset
[8.021s][info][gc,ergo     ] GC(75) Pacer for Reset. Non-Taxable: 1024M
[8.025s][info][gc          ] GC(75) Concurrent reset 3.945ms
[8.025s][info][gc,start    ] GC(75) Pause Init Mark (unload classes)
[8.025s][info][gc,task     ] GC(75) Using 6 of 6 workers for init marking
[8.025s][info][gc,ergo     ] GC(75) Pacer for Mark. Expected Live: 196M, Free: 208M, Non-Taxable: 21332K, Alloc Tax Rate: 1.2x
[8.025s][info][gc          ] GC(75) Pause Init Mark (unload classes) 0.224ms
[8.026s][info][gc,start    ] GC(75) Concurrent marking roots
[8.026s][info][gc,task     ] GC(75) Using 3 of 6 workers for concurrent marking roots
[8.026s][info][gc          ] GC(75) Concurrent marking roots 0.265ms
[8.026s][info][gc,start    ] GC(75) Concurrent marking (unload classes)
[8.026s][info][gc,task     ] GC(75) Using 3 of 6 workers for concurrent marking
[8.032s][info][gc          ] GC(75) Concurrent marking (unload classes) 5.910ms
[8.032s][info][gc,start    ] GC(75) Pause Final Mark (unload classes)
[8.032s][info][gc,task     ] GC(75) Using 6 of 6 workers for final marking
[8.033s][info][gc,ergo     ] GC(75) Adaptive CSet Selection. Target Free: 145M, Actual Free: 546M, Max CSet: 43690K, Min Garbage: 0B
[8.033s][info][gc,ergo     ] GC(75) Collectable Garbage: 459M (83%), Immediate: 299M (54%), CSet: 159M (28%)
[8.033s][info][gc,ergo     ] GC(75) Pacer for Evacuation. Used CSet: 202M, Free: 507M, Non-Taxable: 51919K, Alloc Tax Rate: 1.1x
[8.033s][info][gc          ] GC(75) Pause Final Mark (unload classes) 0.814ms
[8.033s][info][gc,start    ] GC(75) Concurrent thread roots
[8.033s][info][gc,task     ] GC(75) Using 3 of 6 workers for Concurrent thread roots
[8.033s][info][gc          ] GC(75) Concurrent thread roots 0.351ms
[8.033s][info][gc,start    ] GC(75) Concurrent weak references
[8.033s][info][gc,task     ] GC(75) Using 3 of 6 workers for concurrent weak references
[8.033s][info][gc,ref      ] GC(75) Encountered references: Soft: 47, Weak: 146, Final: 0, Phantom: 3
[8.033s][info][gc,ref      ] GC(75) Discovered  references: Soft: 0, Weak: 72, Final: 0, Phantom: 2
[8.033s][info][gc,ref      ] GC(75) Enqueued    references: Soft: 0, Weak: 0, Final: 0, Phantom: 0
[8.033s][info][gc          ] GC(75) Concurrent weak references 0.125ms
[8.033s][info][gc,start    ] GC(75) Concurrent weak roots
[8.033s][info][gc,task     ] GC(75) Using 3 of 6 workers for concurrent weak root
[8.034s][info][gc          ] GC(75) Concurrent weak roots 0.589ms
[8.034s][info][gc,start    ] GC(75) Concurrent cleanup
[8.034s][info][gc          ] GC(75) Concurrent cleanup 765M->466M(1024M) 0.222ms
[8.034s][info][gc,ergo     ] GC(75) Free: 495M, Max: 512K regular, 216M humongous, Frag: 57% external, 0% internal; Reserve: 52722K, Max: 512K
[8.034s][info][gc,start    ] GC(75) Concurrent class unloading
[8.034s][info][gc,task     ] GC(75) Using 3 of 6 workers for concurrent class unloading
[8.036s][info][gc          ] GC(75) Concurrent class unloading 1.762ms
[8.036s][info][gc,start    ] GC(75) Concurrent strong roots
[8.036s][info][gc,task     ] GC(75) Using 3 of 6 workers for concurrent strong root
[8.037s][info][gc          ] GC(75) Concurrent strong roots 0.269ms
[8.037s][info][gc,start    ] GC(75) Concurrent evacuation
[8.037s][info][gc,task     ] GC(75) Using 3 of 6 workers for concurrent evacuation
[8.057s][info][gc          ] GC(75) Concurrent evacuation 19.925ms
[8.057s][info][gc,start    ] GC(75) Pause Init Update Refs
[8.057s][info][gc,ergo     ] GC(75) Pacer for Update Refs. Used: 569M, Free: 436M, Non-Taxable: 44696K, Alloc Tax Rate: 1.6x
[8.057s][info][gc          ] GC(75) Pause Init Update Refs 0.068ms
[8.057s][info][gc,start    ] GC(75) Concurrent update references
[8.057s][info][gc,task     ] GC(75) Using 3 of 6 workers for concurrent reference update
[8.061s][info][gc          ] GC(75) Concurrent update references 4.311ms
[8.061s][info][gc,start    ] GC(75) Concurrent update thread roots
[8.062s][info][gc          ] GC(75) Concurrent update thread roots 0.536ms
[8.062s][info][gc,start    ] GC(75) Pause Final Update Refs
[8.062s][info][gc,task     ] GC(75) Using 6 of 6 workers for final reference update
[8.063s][info][gc          ] GC(75) Pause Final Update Refs 0.327ms
[8.063s][info][gc,start    ] GC(75) Concurrent cleanup
[8.063s][info][gc          ] GC(75) Concurrent cleanup 594M->393M(1024M) 0.132ms
[8.063s][info][gc,ergo     ] Free: 578M, Max: 512K regular, 189M humongous, Frag: 67% external, 36% internal; Reserve: 52736K, Max: 512K
[8.063s][info][gc,stats    ] 
[8.063s][info][gc,stats    ] All times are wall-clock times, except per-root-class counters, that are sum over
[8.063s][info][gc,stats    ] all workers. Dividing the <total> over the root stage time estimates parallelism.
[8.063s][info][gc,stats    ] 
[8.063s][info][gc,stats    ] Concurrent Reset                   4124 us
[8.063s][info][gc,stats    ] Pause Init Mark (G)                 673 us
[8.063s][info][gc,stats    ] Pause Init Mark (N)                 233 us
[8.063s][info][gc,stats    ]   Update Region States              131 us
[8.063s][info][gc,stats    ] Concurrent Mark Roots               283 us, parallelism: 1.15x
[8.063s][info][gc,stats    ]   CMR: <total>                      325 us
[8.063s][info][gc,stats    ]   CMR: Thread Roots                 256 us, workers (us):  61, 119,  76, ---, ---, ---, 
[8.063s][info][gc,stats    ]   CMR: VM Strong Roots               10 us, workers (us):   9,   0,   1, ---, ---, ---, 
[8.063s][info][gc,stats    ]   CMR: CLDG Roots                    59 us, workers (us):  59, ---, ---, ---, ---, ---, 
[8.063s][info][gc,stats    ] Concurrent Marking                 6047 us
[8.063s][info][gc,stats    ] Pause Final Mark (G)               1086 us
[8.063s][info][gc,stats    ] Pause Final Mark (N)                822 us
[8.063s][info][gc,stats    ]   Finish Mark                       426 us
[8.063s][info][gc,stats    ]   Update Region States              119 us
[8.063s][info][gc,stats    ]   Choose Collection Set             161 us
[8.063s][info][gc,stats    ]   Rebuild Free Set                   28 us
[8.063s][info][gc,stats    ] Concurrent Thread Roots             375 us, parallelism: 0.78x
[8.063s][info][gc,stats    ]   CTR: <total>                      291 us
[8.063s][info][gc,stats    ]   CTR: Thread Roots                 291 us, workers (us): 157, 134,   0, ---, ---, ---, 
[8.063s][info][gc,stats    ] Concurrent Weak References          132 us, parallelism: 0.18x
[8.063s][info][gc,stats    ]   CWRF: <total>                      24 us
[8.063s][info][gc,stats    ]   CWRF: Weak References              24 us, workers (us):  23,   1,   0, ---, ---, ---, 
[8.063s][info][gc,stats    ] Concurrent Weak Roots               631 us
[8.063s][info][gc,stats    ]   Roots                             445 us, parallelism: 1.20x
[8.063s][info][gc,stats    ]     CWR: <total>                    533 us
[8.063s][info][gc,stats    ]     CWR: Code Cache Roots           450 us, workers (us): 292,   0, 157, ---, ---, ---, 
[8.063s][info][gc,stats    ]     CWR: VM Weak Roots               65 us, workers (us):  42,  23,   1, ---, ---, ---, 
[8.063s][info][gc,stats    ]     CWR: CLDG Roots                  17 us, workers (us): ---,  17, ---, ---, ---, ---, 
[8.063s][info][gc,stats    ]   Rendezvous                        127 us
[8.063s][info][gc,stats    ] Concurrent Cleanup                  238 us
[8.063s][info][gc,stats    ] Concurrent Class Unloading         1898 us
[8.063s][info][gc,stats    ]   Unlink Stale                     1299 us
[8.063s][info][gc,stats    ]     System Dictionary                27 us
[8.063s][info][gc,stats    ]     Weak Class Links                  1 us
[8.063s][info][gc,stats    ]     Code Roots                     1266 us
[8.063s][info][gc,stats    ]   Rendezvous                        182 us
[8.063s][info][gc,stats    ]   Purge Unlinked                    252 us
[8.063s][info][gc,stats    ]     Code Roots                      220 us
[8.063s][info][gc,stats    ]     CLDG                             31 us
[8.063s][info][gc,stats    ]     Exception Caches                  0 us
[8.063s][info][gc,stats    ] Concurrent Strong Roots             302 us, parallelism: 0.23x
[8.063s][info][gc,stats    ]   CSR: <total>                       69 us
[8.063s][info][gc,stats    ]   CSR: VM Strong Roots               10 us, workers (us):   9,   0,   0, ---, ---, ---, 
[8.063s][info][gc,stats    ]   CSR: CLDG Roots                    59 us, workers (us):  59, ---, ---, ---, ---, ---, 
[8.063s][info][gc,stats    ] Concurrent Evacuation             20071 us
[8.063s][info][gc,stats    ] Pause Init Update Refs (G)          406 us
[8.063s][info][gc,stats    ] Pause Init Update Refs (N)           73 us
[8.063s][info][gc,stats    ]   Manage GCLABs                       9 us
[8.063s][info][gc,stats    ] Concurrent Update Refs             4445 us
[8.063s][info][gc,stats    ] Concurrent Update Thread Roots      587 us
[8.063s][info][gc,stats    ] Pause Final Update Refs (G)         611 us
[8.063s][info][gc,stats    ] Pause Final Update Refs (N)         348 us
[8.063s][info][gc,stats    ]   Update Region States              177 us
[8.063s][info][gc,stats    ]   Trash Collection Set               20 us
[8.063s][info][gc,stats    ]   Rebuild Free Set                   69 us
[8.063s][info][gc,stats    ] Concurrent Cleanup                  145 us
[8.063s][info][gc,stats    ] 
[8.063s][info][gc,stats    ] Allocation pacing accrued:
[8.063s][info][gc,stats    ]       0 of   172 ms (  0.0%): <total>
[8.063s][info][gc,stats    ]       0 of   172 ms (  0.0%): <average total>
[8.063s][info][gc,stats    ] 
[8.063s][info][gc,metaspace] Metaspace: 6358K(6528K)->6358K(6528K) NonClass: 5812K(5888K)->5812K(5888K) Class: 546K(640K)->546K(640K)
[8.063s][info][gc,ergo     ] Pacer for Idle. Initial: 20971K, Alloc Tax Rate: 1.0x
[8.125s][info][gc          ] Trigger: Average GC time (50.50 ms) is above the time for average allocation rate (3789 MB/s) to deplete free headroom (190M) (margin of error = 1.85)
[8.125s][info][gc,ergo     ] Free headroom: 241M (free) - 52428K (spike) - 0B (penalties) = 190M
[8.126s][info][gc,ergo     ] Free: 240M, Max: 512K regular, 189M humongous, Frag: 21% external, 12% internal; Reserve: 52736K, Max: 512K
[8.126s][info][gc,start    ] GC(76) Concurrent reset
[8.126s][info][gc,task     ] GC(76) Using 3 of 6 workers for concurrent reset
[8.126s][info][gc,ergo     ] GC(76) Pacer for Reset. Non-Taxable: 1024M
[8.129s][info][gc          ] GC(76) Concurrent reset 2.900ms
[8.129s][info][gc,start    ] GC(76) Pause Init Mark (unload classes)
[8.129s][info][gc,task     ] GC(76) Using 6 of 6 workers for init marking
[8.129s][info][gc,ergo     ] GC(76) Pacer for Mark. Expected Live: 196M, Free: 230M, Non-Taxable: 23612K, Alloc Tax Rate: 1.0x
[8.129s][info][gc          ] GC(76) Pause Init Mark (unload classes) 0.204ms
[8.129s][info][gc,start    ] GC(76) Concurrent marking roots
[8.129s][info][gc,task     ] GC(76) Using 3 of 6 workers for concurrent marking roots
[8.129s][info][gc          ] GC(76) Concurrent marking roots 0.221ms
[8.129s][info][gc,start    ] GC(76) Concurrent marking (unload classes)
[8.129s][info][gc,task     ] GC(76) Using 3 of 6 workers for concurrent marking
[8.132s][info][gc          ] GC(76) Concurrent marking (unload classes) 3.170ms
[8.133s][info][gc,start    ] GC(76) Pause Final Mark (unload classes)
[8.133s][info][gc,task     ] GC(76) Using 6 of 6 workers for final marking
[8.133s][info][gc,ergo     ] GC(76) Adaptive CSet Selection. Target Free: 145M, Actual Free: 538M, Max CSet: 43690K, Min Garbage: 0B
[8.133s][info][gc,ergo     ] GC(76) Collectable Garbage: 439M (82%), Immediate: 279M (52%), CSet: 159M (30%)
[8.133s][info][gc,ergo     ] GC(76) Pacer for Evacuation. Used CSet: 202M, Free: 499M, Non-Taxable: 51133K, Alloc Tax Rate: 1.1x
[8.133s][info][gc          ] GC(76) Pause Final Mark (unload classes) 0.660ms
[8.134s][info][gc,start    ] GC(76) Concurrent thread roots
[8.134s][info][gc,task     ] GC(76) Using 3 of 6 workers for Concurrent thread roots
[8.134s][info][gc          ] GC(76) Concurrent thread roots 0.231ms
[8.134s][info][gc,start    ] GC(76) Concurrent weak references
[8.134s][info][gc,task     ] GC(76) Using 3 of 6 workers for concurrent weak references
[8.134s][info][gc,ref      ] GC(76) Encountered references: Soft: 47, Weak: 146, Final: 0, Phantom: 3
[8.134s][info][gc,ref      ] GC(76) Discovered  references: Soft: 0, Weak: 48, Final: 0, Phantom: 2
[8.134s][info][gc,ref      ] GC(76) Enqueued    references: Soft: 0, Weak: 0, Final: 0, Phantom: 0
[8.134s][info][gc          ] GC(76) Concurrent weak references 0.100ms
[8.134s][info][gc,start    ] GC(76) Concurrent weak roots
[8.134s][info][gc,task     ] GC(76) Using 3 of 6 workers for concurrent weak root
[8.134s][info][gc          ] GC(76) Concurrent weak roots 0.513ms
[8.134s][info][gc,start    ] GC(76) Concurrent cleanup
[8.135s][info][gc          ] GC(76) Concurrent cleanup 752M->473M(1024M) 0.218ms
[8.135s][info][gc,ergo     ] GC(76) Free: 487M, Max: 512K regular, 221M humongous, Frag: 55% external, 0% internal; Reserve: 52722K, Max: 512K
[8.135s][info][gc,start    ] GC(76) Concurrent class unloading
[8.135s][info][gc,task     ] GC(76) Using 3 of 6 workers for concurrent class unloading
[8.136s][info][gc          ] GC(76) Concurrent class unloading 1.576ms
[8.136s][info][gc,start    ] GC(76) Concurrent strong roots
[8.136s][info][gc,task     ] GC(76) Using 3 of 6 workers for concurrent strong root
[8.137s][info][gc          ] GC(76) Concurrent strong roots 0.234ms
[8.137s][info][gc,start    ] GC(76) Concurrent evacuation
[8.137s][info][gc,task     ] GC(76) Using 3 of 6 workers for concurrent evacuation
[8.153s][info][gc          ] GC(76) Concurrent evacuation 16.665ms
[8.154s][info][gc,start    ] GC(76) Pause Init Update Refs
[8.154s][info][gc,ergo     ] GC(76) Pacer for Update Refs. Used: 570M, Free: 435M, Non-Taxable: 44562K, Alloc Tax Rate: 1.6x
[8.154s][info][gc          ] GC(76) Pause Init Update Refs 0.100ms
[8.154s][info][gc,start    ] GC(76) Concurrent update references
[8.154s][info][gc,task     ] GC(76) Using 3 of 6 workers for concurrent reference update
[8.158s][info][gc          ] GC(76) Concurrent update references 3.906ms
[8.158s][info][gc,start    ] GC(76) Concurrent update thread roots
[8.159s][info][gc          ] GC(76) Concurrent update thread roots 0.608ms
[8.159s][info][gc,start    ] GC(76) Pause Final Update Refs
[8.159s][info][gc,task     ] GC(76) Using 6 of 6 workers for final reference update
[8.159s][info][gc          ] GC(76) Pause Final Update Refs 0.411ms
[8.159s][info][gc,start    ] GC(76) Concurrent cleanup
[8.159s][info][gc          ] GC(76) Concurrent cleanup 592M->391M(1024M) 0.160ms
[8.160s][info][gc,ergo     ] Free: 580M, Max: 512K regular, 205M humongous, Frag: 65% external, 36% internal; Reserve: 52736K, Max: 512K
[8.160s][info][gc,stats    ] 
[8.160s][info][gc,stats    ] All times are wall-clock times, except per-root-class counters, that are sum over
[8.160s][info][gc,stats    ] all workers. Dividing the <total> over the root stage time estimates parallelism.
[8.160s][info][gc,stats    ] 
[8.160s][info][gc,stats    ] Concurrent Reset                   2999 us
[8.160s][info][gc,stats    ] Pause Init Mark (G)                 468 us
[8.160s][info][gc,stats    ] Pause Init Mark (N)                 208 us
[8.160s][info][gc,stats    ]   Update Region States              116 us
[8.160s][info][gc,stats    ] Concurrent Mark Roots               231 us, parallelism: 1.05x
[8.160s][info][gc,stats    ]   CMR: <total>                      243 us
[8.160s][info][gc,stats    ]   CMR: Thread Roots                 184 us, workers (us):  59,  65,  60, ---, ---, ---, 
[8.160s][info][gc,stats    ]   CMR: VM Strong Roots                9 us, workers (us):   8,   0,   0, ---, ---, ---, 
[8.160s][info][gc,stats    ]   CMR: CLDG Roots                    49 us, workers (us):  49, ---, ---, ---, ---, ---, 
[8.160s][info][gc,stats    ] Concurrent Marking                 3292 us
[8.160s][info][gc,stats    ] Pause Final Mark (G)                920 us
[8.160s][info][gc,stats    ] Pause Final Mark (N)                666 us
[8.160s][info][gc,stats    ]   Finish Mark                       347 us
[8.160s][info][gc,stats    ]   Update Region States              100 us
[8.160s][info][gc,stats    ]   Choose Collection Set             122 us
[8.160s][info][gc,stats    ]   Rebuild Free Set                   21 us
[8.160s][info][gc,stats    ] Concurrent Thread Roots             244 us, parallelism: 0.84x
[8.160s][info][gc,stats    ]   CTR: <total>                      205 us
[8.160s][info][gc,stats    ]   CTR: Thread Roots                 205 us, workers (us):  72,  66,  68, ---, ---, ---, 
[8.160s][info][gc,stats    ] Concurrent Weak References          107 us, parallelism: 0.17x
[8.160s][info][gc,stats    ]   CWRF: <total>                      18 us
[8.160s][info][gc,stats    ]   CWRF: Weak References              18 us, workers (us):  17,   0,   0, ---, ---, ---, 
[8.160s][info][gc,stats    ] Concurrent Weak Roots               537 us
[8.160s][info][gc,stats    ]   Roots                             354 us, parallelism: 1.27x
[8.160s][info][gc,stats    ]     CWR: <total>                    450 us
[8.160s][info][gc,stats    ]     CWR: Code Cache Roots           366 us, workers (us):   1, 209, 155, ---, ---, ---, 
[8.160s][info][gc,stats    ]     CWR: VM Weak Roots               68 us, workers (us):  36,  32,   1, ---, ---, ---, 
[8.160s][info][gc,stats    ]     CWR: CLDG Roots                  16 us, workers (us):  16, ---, ---, ---, ---, ---, 
[8.160s][info][gc,stats    ]   Rendezvous                        145 us
[8.160s][info][gc,stats    ] Concurrent Cleanup                  232 us
[8.160s][info][gc,stats    ] Concurrent Class Unloading         1673 us
[8.160s][info][gc,stats    ]   Unlink Stale                     1138 us
[8.160s][info][gc,stats    ]     System Dictionary                20 us
[8.160s][info][gc,stats    ]     Weak Class Links                  0 us
[8.160s][info][gc,stats    ]     Code Roots                     1116 us
[8.160s][info][gc,stats    ]   Rendezvous                        141 us
[8.160s][info][gc,stats    ]   Purge Unlinked                    270 us
[8.160s][info][gc,stats    ]     Code Roots                      226 us
[8.160s][info][gc,stats    ]     CLDG                             43 us
[8.160s][info][gc,stats    ]     Exception Caches                  0 us
[8.160s][info][gc,stats    ] Concurrent Strong Roots             271 us, parallelism: 0.30x
[8.160s][info][gc,stats    ]   CSR: <total>                       80 us
[8.160s][info][gc,stats    ]   CSR: VM Strong Roots               12 us, workers (us):  12,   0,   0, ---, ---, ---, 
[8.160s][info][gc,stats    ]   CSR: CLDG Roots                    68 us, workers (us):  68, ---, ---, ---, ---, ---, 
[8.160s][info][gc,stats    ] Concurrent Evacuation             16810 us
[8.160s][info][gc,stats    ] Pause Init Update Refs (G)          474 us
[8.160s][info][gc,stats    ] Pause Init Update Refs (N)          105 us
[8.160s][info][gc,stats    ]   Manage GCLABs                      15 us
[8.160s][info][gc,stats    ] Concurrent Update Refs             4059 us
[8.160s][info][gc,stats    ] Concurrent Update Thread Roots      638 us
[8.160s][info][gc,stats    ] Pause Final Update Refs (G)         709 us
[8.160s][info][gc,stats    ] Pause Final Update Refs (N)         435 us
[8.160s][info][gc,stats    ]   Update Region States              253 us
[8.160s][info][gc,stats    ]   Trash Collection Set               29 us
[8.160s][info][gc,stats    ]   Rebuild Free Set                   77 us
[8.160s][info][gc,stats    ] Concurrent Cleanup                  177 us
[8.160s][info][gc,stats    ] 
[8.160s][info][gc,stats    ] Allocation pacing accrued:
[8.160s][info][gc,stats    ]       0 of    97 ms (  0.0%): <total>
[8.160s][info][gc,stats    ]       0 of    97 ms (  0.0%): <average total>
[8.160s][info][gc,stats    ] 
[8.160s][info][gc,metaspace] Metaspace: 6358K(6528K)->6358K(6528K) NonClass: 5812K(5888K)->5812K(5888K) Class: 546K(640K)->546K(640K)
[8.160s][info][gc,ergo     ] Pacer for Idle. Initial: 20971K, Alloc Tax Rate: 1.0x
[8.226s][info][gc          ] Trigger: Average GC time (49.46 ms) is above the time for average allocation rate (4301 MB/s) to deplete free headroom (187M) (margin of error = 1.85)
[8.226s][info][gc,ergo     ] Free headroom: 238M (free) - 52428K (spike) - 0B (penalties) = 187M
[8.226s][info][gc,ergo     ] Free: 237M, Max: 512K regular, 205M humongous, Frag: 14% external, 12% internal; Reserve: 52736K, Max: 512K
[8.226s][info][gc,start    ] GC(77) Concurrent reset
[8.226s][info][gc,task     ] GC(77) Using 3 of 6 workers for concurrent reset
[8.226s][info][gc,ergo     ] GC(77) Pacer for Reset. Non-Taxable: 1024M
[8.230s][info][gc          ] GC(77) Concurrent reset 3.583ms
[8.230s][info][gc,start    ] GC(77) Pause Init Mark (unload classes)
[8.230s][info][gc,task     ] GC(77) Using 6 of 6 workers for init marking
[8.230s][info][gc,ergo     ] GC(77) Pacer for Mark. Expected Live: 196M, Free: 228M, Non-Taxable: 23380K, Alloc Tax Rate: 1.1x
[8.230s][info][gc          ] GC(77) Pause Init Mark (unload classes) 0.262ms
[8.230s][info][gc,start    ] GC(77) Concurrent marking roots
[8.230s][info][gc,task     ] GC(77) Using 3 of 6 workers for concurrent marking roots
[8.231s][info][gc          ] GC(77) Concurrent marking roots 0.294ms
[8.231s][info][gc,start    ] GC(77) Concurrent marking (unload classes)
[8.231s][info][gc,task     ] GC(77) Using 3 of 6 workers for concurrent marking
[8.234s][info][gc          ] GC(77) Concurrent marking (unload classes) 3.026ms
[8.234s][info][gc,start    ] GC(77) Pause Final Mark (unload classes)
[8.234s][info][gc,task     ] GC(77) Using 6 of 6 workers for final marking
[8.235s][info][gc,ergo     ] GC(77) Adaptive CSet Selection. Target Free: 145M, Actual Free: 544M, Max CSet: 43690K, Min Garbage: 0B
[8.235s][info][gc,ergo     ] GC(77) Collectable Garbage: 441M (82%), Immediate: 280M (52%), CSet: 160M (30%)
[8.235s][info][gc,ergo     ] GC(77) Pacer for Evacuation. Used CSet: 203M, Free: 505M, Non-Taxable: 51738K, Alloc Tax Rate: 1.1x
[8.235s][info][gc          ] GC(77) Pause Final Mark (unload classes) 0.735ms
[8.235s][info][gc,start    ] GC(77) Concurrent thread roots
[8.235s][info][gc,task     ] GC(77) Using 3 of 6 workers for Concurrent thread roots
[8.235s][info][gc          ] GC(77) Concurrent thread roots 0.221ms
[8.235s][info][gc,start    ] GC(77) Concurrent weak references
[8.235s][info][gc,task     ] GC(77) Using 3 of 6 workers for concurrent weak references
[8.235s][info][gc,ref      ] GC(77) Encountered references: Soft: 47, Weak: 146, Final: 0, Phantom: 3
[8.235s][info][gc,ref      ] GC(77) Discovered  references: Soft: 0, Weak: 83, Final: 0, Phantom: 2
[8.235s][info][gc,ref      ] GC(77) Enqueued    references: Soft: 0, Weak: 0, Final: 0, Phantom: 0
[8.235s][info][gc          ] GC(77) Concurrent weak references 0.182ms
[8.235s][info][gc,start    ] GC(77) Concurrent weak roots
[8.235s][info][gc,task     ] GC(77) Using 3 of 6 workers for concurrent weak root
[8.236s][info][gc          ] GC(77) Concurrent weak roots 0.425ms
[8.236s][info][gc,start    ] GC(77) Concurrent cleanup
[8.236s][info][gc          ] GC(77) Concurrent cleanup 747M->468M(1024M) 0.235ms
[8.236s][info][gc,ergo     ] GC(77) Free: 493M, Max: 512K regular, 231M humongous, Frag: 54% external, 0% internal; Reserve: 52722K, Max: 512K
[8.236s][info][gc,start    ] GC(77) Concurrent class unloading
[8.236s][info][gc,task     ] GC(77) Using 3 of 6 workers for concurrent class unloading
[8.238s][info][gc          ] GC(77) Concurrent class unloading 1.672ms
[8.238s][info][gc,start    ] GC(77) Concurrent strong roots
[8.238s][info][gc,task     ] GC(77) Using 3 of 6 workers for concurrent strong root
[8.238s][info][gc          ] GC(77) Concurrent strong roots 0.309ms
[8.238s][info][gc,start    ] GC(77) Concurrent evacuation
[8.238s][info][gc,task     ] GC(77) Using 3 of 6 workers for concurrent evacuation
[8.257s][info][gc          ] GC(77) Concurrent evacuation 18.367ms
[8.257s][info][gc,start    ] GC(77) Pause Init Update Refs
[8.257s][info][gc,ergo     ] GC(77) Pacer for Update Refs. Used: 569M, Free: 436M, Non-Taxable: 44695K, Alloc Tax Rate: 1.6x
[8.257s][info][gc          ] GC(77) Pause Init Update Refs 0.073ms
[8.257s][info][gc,start    ] GC(77) Concurrent update references
[8.257s][info][gc,task     ] GC(77) Using 3 of 6 workers for concurrent reference update
[8.262s][info][gc          ] GC(77) Concurrent update references 4.752ms
[8.262s][info][gc,start    ] GC(77) Concurrent update thread roots
[8.263s][info][gc          ] GC(77) Concurrent update thread roots 0.668ms
[8.263s][info][gc,start    ] GC(77) Pause Final Update Refs
[8.263s][info][gc,task     ] GC(77) Using 6 of 6 workers for final reference update
[8.263s][info][gc          ] GC(77) Pause Final Update Refs 0.448ms
[8.264s][info][gc,start    ] GC(77) Concurrent cleanup
[8.264s][info][gc          ] GC(77) Concurrent cleanup 595M->393M(1024M) 0.230ms
[8.264s][info][gc,ergo     ] Free: 579M, Max: 512K regular, 207M humongous, Frag: 64% external, 36% internal; Reserve: 52736K, Max: 512K
[8.264s][info][gc,stats    ] 
[8.264s][info][gc,stats    ] All times are wall-clock times, except per-root-class counters, that are sum over
[8.264s][info][gc,stats    ] all workers. Dividing the <total> over the root stage time estimates parallelism.
[8.264s][info][gc,stats    ] 
[8.264s][info][gc,stats    ] Concurrent Reset                   3769 us
[8.264s][info][gc,stats    ] Pause Init Mark (G)                 633 us
[8.264s][info][gc,stats    ] Pause Init Mark (N)                 271 us
[8.264s][info][gc,stats    ]   Update Region States              146 us
[8.264s][info][gc,stats    ] Concurrent Mark Roots               315 us, parallelism: 0.98x
[8.264s][info][gc,stats    ]   CMR: <total>                      308 us
[8.264s][info][gc,stats    ]   CMR: Thread Roots                 246 us, workers (us):  62, 111,  73, ---, ---, ---, 
[8.264s][info][gc,stats    ]   CMR: VM Strong Roots               11 us, workers (us):  10,   0,   0, ---, ---, ---, 
[8.264s][info][gc,stats    ]   CMR: CLDG Roots                    51 us, workers (us):  51, ---, ---, ---, ---, ---, 
[8.264s][info][gc,stats    ] Concurrent Marking                 3132 us
[8.264s][info][gc,stats    ] Pause Final Mark (G)                987 us
[8.264s][info][gc,stats    ] Pause Final Mark (N)                746 us
[8.264s][info][gc,stats    ]   Finish Mark                       385 us
[8.264s][info][gc,stats    ]   Update Region States              108 us
[8.264s][info][gc,stats    ]   Choose Collection Set             128 us
[8.264s][info][gc,stats    ]   Rebuild Free Set                   24 us
[8.264s][info][gc,stats    ] Concurrent Thread Roots             237 us, parallelism: 0.82x
[8.264s][info][gc,stats    ]   CTR: <total>                      194 us
[8.264s][info][gc,stats    ]   CTR: Thread Roots                 194 us, workers (us):  64,  60,  69, ---, ---, ---, 
[8.264s][info][gc,stats    ] Concurrent Weak References          195 us, parallelism: 0.33x
[8.264s][info][gc,stats    ]   CWRF: <total>                      64 us
[8.264s][info][gc,stats    ]   CWRF: Weak References              64 us, workers (us):  61,   3,   0, ---, ---, ---, 
[8.264s][info][gc,stats    ] Concurrent Weak Roots               450 us
[8.264s][info][gc,stats    ]   Roots                             281 us, parallelism: 1.28x
[8.264s][info][gc,stats    ]     CWR: <total>                    361 us
[8.264s][info][gc,stats    ]     CWR: Code Cache Roots           298 us, workers (us):   0, 146, 152, ---, ---, ---, 
[8.264s][info][gc,stats    ]     CWR: VM Weak Roots               51 us, workers (us):  37,  13,   1, ---, ---, ---, 
[8.264s][info][gc,stats    ]     CWR: CLDG Roots                  12 us, workers (us):  12, ---, ---, ---, ---, ---, 
[8.264s][info][gc,stats    ]   Rendezvous                        119 us
[8.264s][info][gc,stats    ] Concurrent Cleanup                  250 us
[8.264s][info][gc,stats    ] Concurrent Class Unloading         1786 us
[8.264s][info][gc,stats    ]   Unlink Stale                     1153 us
[8.264s][info][gc,stats    ]     System Dictionary                27 us
[8.264s][info][gc,stats    ]     Weak Class Links                  1 us
[8.264s][info][gc,stats    ]     Code Roots                     1121 us
[8.264s][info][gc,stats    ]   Rendezvous                        207 us
[8.264s][info][gc,stats    ]   Purge Unlinked                    284 us
[8.264s][info][gc,stats    ]     Code Roots                      234 us
[8.264s][info][gc,stats    ]     CLDG                             48 us
[8.264s][info][gc,stats    ]     Exception Caches                  1 us
[8.264s][info][gc,stats    ] Concurrent Strong Roots             346 us, parallelism: 0.28x
[8.264s][info][gc,stats    ]   CSR: <total>                       96 us
[8.264s][info][gc,stats    ]   CSR: VM Strong Roots               10 us, workers (us):   9,   1,   0, ---, ---, ---, 
[8.264s][info][gc,stats    ]   CSR: CLDG Roots                    86 us, workers (us):  86, ---, ---, ---, ---, ---, 
[8.264s][info][gc,stats    ] Concurrent Evacuation             18512 us
[8.264s][info][gc,stats    ] Pause Init Update Refs (G)          467 us
[8.264s][info][gc,stats    ] Pause Init Update Refs (N)           79 us
[8.264s][info][gc,stats    ]   Manage GCLABs                      10 us
[8.264s][info][gc,stats    ] Concurrent Update Refs             4912 us
[8.264s][info][gc,stats    ] Concurrent Update Thread Roots      724 us
[8.264s][info][gc,stats    ] Pause Final Update Refs (G)         745 us
[8.264s][info][gc,stats    ] Pause Final Update Refs (N)         472 us
[8.264s][info][gc,stats    ]   Update Region States              273 us
[8.264s][info][gc,stats    ]   Trash Collection Set               49 us
[8.264s][info][gc,stats    ]   Rebuild Free Set                   89 us
[8.264s][info][gc,stats    ] Concurrent Cleanup                  260 us
[8.264s][info][gc,stats    ] 
[8.264s][info][gc,stats    ] Allocation pacing accrued:
[8.264s][info][gc,stats    ]       0 of   104 ms (  0.0%): <total>
[8.264s][info][gc,stats    ]       0 of   104 ms (  0.0%): <average total>
[8.264s][info][gc,stats    ] 
[8.264s][info][gc,metaspace] Metaspace: 6358K(6528K)->6358K(6528K) NonClass: 5812K(5888K)->5812K(5888K) Class: 546K(640K)->546K(640K)
[8.264s][info][gc,ergo     ] Pacer for Idle. Initial: 20971K, Alloc Tax Rate: 1.0x
[8.332s][info][gc          ] Trigger: Average GC time (45.89 ms) is above the time for average allocation rate (4341 MB/s) to deplete free headroom (196M) (margin of error = 1.85)
[8.333s][info][gc,ergo     ] Free headroom: 247M (free) - 52428K (spike) - 0B (penalties) = 196M
[8.333s][info][gc,ergo     ] Free: 245M, Max: 512K regular, 207M humongous, Frag: 15% external, 12% internal; Reserve: 52736K, Max: 512K
[8.333s][info][gc,start    ] GC(78) Concurrent reset
[8.333s][info][gc,task     ] GC(78) Using 3 of 6 workers for concurrent reset
[8.333s][info][gc,ergo     ] GC(78) Pacer for Reset. Non-Taxable: 1024M
[8.336s][info][gc          ] GC(78) Concurrent reset 3.683ms
[8.337s][info][gc,start    ] GC(78) Pause Init Mark (unload classes)
[8.337s][info][gc,task     ] GC(78) Using 6 of 6 workers for init marking
[8.337s][info][gc,ergo     ] GC(78) Pacer for Mark. Expected Live: 196M, Free: 237M, Non-Taxable: 24324K, Alloc Tax Rate: 1.0x
[8.337s][info][gc          ] GC(78) Pause Init Mark (unload classes) 0.412ms
[8.337s][info][gc,start    ] GC(78) Concurrent marking roots
[8.337s][info][gc,task     ] GC(78) Using 3 of 6 workers for concurrent marking roots
[8.338s][info][gc          ] GC(78) Concurrent marking roots 0.335ms
[8.338s][info][gc,start    ] GC(78) Concurrent marking (unload classes)
[8.338s][info][gc,task     ] GC(78) Using 3 of 6 workers for concurrent marking
[8.342s][info][gc          ] GC(78) Concurrent marking (unload classes) 3.770ms
[8.342s][info][gc,start    ] GC(78) Pause Final Mark (unload classes)
[8.342s][info][gc,task     ] GC(78) Using 6 of 6 workers for final marking
[8.342s][info][gc,ergo     ] GC(78) Adaptive CSet Selection. Target Free: 145M, Actual Free: 541M, Max CSet: 43690K, Min Garbage: 0B
[8.343s][info][gc,ergo     ] GC(78) Collectable Garbage: 432M (82%), Immediate: 271M (51%), CSet: 160M (30%)
[8.343s][info][gc,ergo     ] GC(78) Pacer for Evacuation. Used CSet: 203M, Free: 502M, Non-Taxable: 51444K, Alloc Tax Rate: 1.1x
[8.343s][info][gc          ] GC(78) Pause Final Mark (unload classes) 0.761ms
[8.343s][info][gc,start    ] GC(78) Concurrent thread roots
[8.343s][info][gc,task     ] GC(78) Using 3 of 6 workers for Concurrent thread roots
[8.343s][info][gc          ] GC(78) Concurrent thread roots 0.228ms
[8.343s][info][gc,start    ] GC(78) Concurrent weak references
[8.343s][info][gc,task     ] GC(78) Using 3 of 6 workers for concurrent weak references
[8.343s][info][gc,ref      ] GC(78) Encountered references: Soft: 47, Weak: 146, Final: 0, Phantom: 3
[8.343s][info][gc,ref      ] GC(78) Discovered  references: Soft: 0, Weak: 45, Final: 0, Phantom: 2
[8.343s][info][gc,ref      ] GC(78) Enqueued    references: Soft: 0, Weak: 0, Final: 0, Phantom: 0
[8.343s][info][gc          ] GC(78) Concurrent weak references 0.081ms
[8.343s][info][gc,start    ] GC(78) Concurrent weak roots
[8.343s][info][gc,task     ] GC(78) Using 3 of 6 workers for concurrent weak root
[8.344s][info][gc          ] GC(78) Concurrent weak roots 0.514ms
[8.344s][info][gc,start    ] GC(78) Concurrent cleanup
[8.344s][info][gc          ] GC(78) Concurrent cleanup 742M->471M(1024M) 0.195ms
[8.344s][info][gc,ergo     ] GC(78) Free: 490M, Max: 512K regular, 235M humongous, Frag: 52% external, 0% internal; Reserve: 52722K, Max: 512K
[8.344s][info][gc,start    ] GC(78) Concurrent class unloading
[8.344s][info][gc,task     ] GC(78) Using 3 of 6 workers for concurrent class unloading
[8.345s][info][gc          ] GC(78) Concurrent class unloading 1.298ms
[8.345s][info][gc,start    ] GC(78) Concurrent strong roots
[8.345s][info][gc,task     ] GC(78) Using 3 of 6 workers for concurrent strong root
[8.345s][info][gc          ] GC(78) Concurrent strong roots 0.214ms
[8.345s][info][gc,start    ] GC(78) Concurrent evacuation
[8.345s][info][gc,task     ] GC(78) Using 3 of 6 workers for concurrent evacuation
[8.366s][info][gc          ] GC(78) Concurrent evacuation 20.187ms
[8.366s][info][gc,start    ] GC(78) Pause Init Update Refs
[8.366s][info][gc,ergo     ] GC(78) Pacer for Update Refs. Used: 576M, Free: 428M, Non-Taxable: 43845K, Alloc Tax Rate: 1.6x
[8.366s][info][gc          ] GC(78) Pause Init Update Refs 0.056ms
[8.366s][info][gc,start    ] GC(78) Concurrent update references
[8.366s][info][gc,task     ] GC(78) Using 3 of 6 workers for concurrent reference update
[8.371s][info][gc          ] GC(78) Concurrent update references 4.328ms
[8.371s][info][gc,start    ] GC(78) Concurrent update thread roots
[8.372s][info][gc          ] GC(78) Concurrent update thread roots 1.209ms
[8.372s][info][gc,start    ] GC(78) Pause Final Update Refs
[8.372s][info][gc,task     ] GC(78) Using 6 of 6 workers for final reference update
[8.373s][info][gc          ] GC(78) Pause Final Update Refs 0.549ms
[8.373s][info][gc,start    ] GC(78) Concurrent cleanup
[8.373s][info][gc          ] GC(78) Concurrent cleanup 600M->398M(1024M) 0.284ms
[8.374s][info][gc,ergo     ] Free: 573M, Max: 512K regular, 215M humongous, Frag: 62% external, 37% internal; Reserve: 52736K, Max: 512K
[8.374s][info][gc,stats    ] 
[8.374s][info][gc,stats    ] All times are wall-clock times, except per-root-class counters, that are sum over
[8.374s][info][gc,stats    ] all workers. Dividing the <total> over the root stage time estimates parallelism.
[8.374s][info][gc,stats    ] 
[8.374s][info][gc,stats    ] Concurrent Reset                   3839 us
[8.374s][info][gc,stats    ] Pause Init Mark (G)                 807 us
[8.374s][info][gc,stats    ] Pause Init Mark (N)                 425 us
[8.374s][info][gc,stats    ]   Update Region States              266 us
[8.374s][info][gc,stats    ] Concurrent Mark Roots               354 us, parallelism: 0.96x
[8.374s][info][gc,stats    ]   CMR: <total>                      339 us
[8.374s][info][gc,stats    ]   CMR: Thread Roots                 262 us, workers (us):  84,  93,  84, ---, ---, ---, 
[8.374s][info][gc,stats    ]   CMR: VM Strong Roots               10 us, workers (us):   9,   0,   1, ---, ---, ---, 
[8.374s][info][gc,stats    ]   CMR: CLDG Roots                    67 us, workers (us):  67, ---, ---, ---, ---, ---, 
[8.374s][info][gc,stats    ] Concurrent Marking                 3897 us
[8.374s][info][gc,stats    ] Pause Final Mark (G)                994 us
[8.374s][info][gc,stats    ] Pause Final Mark (N)                768 us
[8.374s][info][gc,stats    ]   Finish Mark                       359 us
[8.374s][info][gc,stats    ]   Update Region States              126 us
[8.374s][info][gc,stats    ]   Choose Collection Set             158 us
[8.374s][info][gc,stats    ]   Rebuild Free Set                   31 us
[8.374s][info][gc,stats    ] Concurrent Thread Roots             241 us, parallelism: 1.10x
[8.374s][info][gc,stats    ]   CTR: <total>                      266 us
[8.374s][info][gc,stats    ]   CTR: Thread Roots                 266 us, workers (us): 118,  74,  75, ---, ---, ---, 
[8.374s][info][gc,stats    ] Concurrent Weak References           85 us, parallelism: 0.14x
[8.374s][info][gc,stats    ]   CWRF: <total>                      12 us
[8.374s][info][gc,stats    ]   CWRF: Weak References              12 us, workers (us):  11,   0,   0, ---, ---, ---, 
[8.374s][info][gc,stats    ] Concurrent Weak Roots               546 us
[8.374s][info][gc,stats    ]   Roots                             374 us, parallelism: 1.33x
[8.374s][info][gc,stats    ]     CWR: <total>                    496 us
[8.374s][info][gc,stats    ]     CWR: Code Cache Roots           431 us, workers (us):   0, 246, 185, ---, ---, ---, 
[8.374s][info][gc,stats    ]     CWR: VM Weak Roots               55 us, workers (us):  38,  16,   1, ---, ---, ---, 
[8.374s][info][gc,stats    ]     CWR: CLDG Roots                  11 us, workers (us):  11, ---, ---, ---, ---, ---, 
[8.374s][info][gc,stats    ]   Rendezvous                        129 us
[8.374s][info][gc,stats    ] Concurrent Cleanup                  207 us
[8.374s][info][gc,stats    ] Concurrent Class Unloading         1439 us
[8.374s][info][gc,stats    ]   Unlink Stale                      916 us
[8.374s][info][gc,stats    ]     System Dictionary                19 us
[8.374s][info][gc,stats    ]     Weak Class Links                  0 us
[8.374s][info][gc,stats    ]     Code Roots                      895 us
[8.374s][info][gc,stats    ]   Rendezvous                        150 us
[8.374s][info][gc,stats    ]   Purge Unlinked                    212 us
[8.374s][info][gc,stats    ]     Code Roots                      178 us
[8.374s][info][gc,stats    ]     CLDG                             33 us
[8.374s][info][gc,stats    ]     Exception Caches                  1 us
[8.374s][info][gc,stats    ] Concurrent Strong Roots             232 us, parallelism: 0.30x
[8.374s][info][gc,stats    ]   CSR: <total>                       71 us
[8.374s][info][gc,stats    ]   CSR: VM Strong Roots               13 us, workers (us):   9,   4,   0, ---, ---, ---, 
[8.374s][info][gc,stats    ]   CSR: CLDG Roots                    58 us, workers (us): ---,  58, ---, ---, ---, ---, 
[8.374s][info][gc,stats    ] Concurrent Evacuation             20364 us
[8.374s][info][gc,stats    ] Pause Init Update Refs (G)          365 us
[8.374s][info][gc,stats    ] Pause Init Update Refs (N)           61 us
[8.374s][info][gc,stats    ]   Manage GCLABs                       7 us
[8.374s][info][gc,stats    ] Concurrent Update Refs             4660 us
[8.374s][info][gc,stats    ] Concurrent Update Thread Roots     1318 us
[8.374s][info][gc,stats    ] Pause Final Update Refs (G)         931 us
[8.374s][info][gc,stats    ] Pause Final Update Refs (N)         587 us
[8.374s][info][gc,stats    ]   Update Region States              280 us
[8.374s][info][gc,stats    ]   Trash Collection Set               36 us
[8.374s][info][gc,stats    ]   Rebuild Free Set                  149 us
[8.374s][info][gc,stats    ] Concurrent Cleanup                  314 us
[8.374s][info][gc,stats    ] 
[8.374s][info][gc,stats    ] Allocation pacing accrued:
[8.374s][info][gc,stats    ]       0 of   110 ms (  0.0%): <total>
[8.374s][info][gc,stats    ]       0 of   110 ms (  0.0%): <average total>
[8.374s][info][gc,stats    ] 
[8.374s][info][gc,metaspace] Metaspace: 6358K(6528K)->6358K(6528K) NonClass: 5812K(5888K)->5812K(5888K) Class: 546K(640K)->546K(640K)
[8.374s][info][gc,ergo     ] Pacer for Idle. Initial: 20971K, Alloc Tax Rate: 1.0x
[8.457s][info][gc          ] Trigger: Average GC time (45.25 ms) is above the time for average allocation rate (4004 MB/s) to deplete free headroom (181M) (margin of error = 1.85)
[8.458s][info][gc,ergo     ] Free headroom: 232M (free) - 52428K (spike) - 0B (penalties) = 181M
[8.458s][info][gc,ergo     ] Free: 230M, Max: 512K regular, 215M humongous, Frag: 7% external, 4% internal; Reserve: 52736K, Max: 512K
[8.458s][info][gc,start    ] GC(79) Concurrent reset
[8.458s][info][gc,task     ] GC(79) Using 3 of 6 workers for concurrent reset
[8.458s][info][gc,ergo     ] GC(79) Pacer for Reset. Non-Taxable: 1024M
[8.462s][info][gc          ] GC(79) Concurrent reset 3.988ms
[8.463s][info][gc,start    ] GC(79) Pause Init Mark (unload classes)
[8.463s][info][gc,task     ] GC(79) Using 6 of 6 workers for init marking
[8.463s][info][gc,ergo     ] GC(79) Pacer for Mark. Expected Live: 196M, Free: 220M, Non-Taxable: 22540K, Alloc Tax Rate: 1.1x
[8.463s][info][gc          ] GC(79) Pause Init Mark (unload classes) 0.272ms
[8.463s][info][gc,start    ] GC(79) Concurrent marking roots
[8.463s][info][gc,task     ] GC(79) Using 3 of 6 workers for concurrent marking roots
[8.464s][info][gc          ] GC(79) Concurrent marking roots 0.307ms
[8.464s][info][gc,start    ] GC(79) Concurrent marking (unload classes)
[8.464s][info][gc,task     ] GC(79) Using 3 of 6 workers for concurrent marking
[8.468s][info][gc          ] GC(79) Concurrent marking (unload classes) 4.040ms
[8.468s][info][gc,start    ] GC(79) Pause Final Mark (unload classes)
[8.468s][info][gc,task     ] GC(79) Using 6 of 6 workers for final marking
[8.469s][info][gc,ergo     ] GC(79) Adaptive CSet Selection. Target Free: 145M, Actual Free: 538M, Max CSet: 43690K, Min Garbage: 0B
[8.469s][info][gc,ergo     ] GC(79) Collectable Garbage: 450M (83%), Immediate: 285M (52%), CSet: 165M (30%)
[8.469s][info][gc,ergo     ] GC(79) Pacer for Evacuation. Used CSet: 207M, Free: 499M, Non-Taxable: 51196K, Alloc Tax Rate: 1.1x
[8.469s][info][gc          ] GC(79) Pause Final Mark (unload classes) 1.040ms
[8.469s][info][gc,start    ] GC(79) Concurrent thread roots
[8.469s][info][gc,task     ] GC(79) Using 3 of 6 workers for Concurrent thread roots
[8.469s][info][gc          ] GC(79) Concurrent thread roots 0.306ms
[8.469s][info][gc,start    ] GC(79) Concurrent weak references
[8.469s][info][gc,task     ] GC(79) Using 3 of 6 workers for concurrent weak references
[8.470s][info][gc,ref      ] GC(79) Encountered references: Soft: 47, Weak: 146, Final: 0, Phantom: 3
[8.470s][info][gc,ref      ] GC(79) Discovered  references: Soft: 0, Weak: 48, Final: 0, Phantom: 2
[8.470s][info][gc,ref      ] GC(79) Enqueued    references: Soft: 0, Weak: 0, Final: 0, Phantom: 0
[8.470s][info][gc          ] GC(79) Concurrent weak references 0.145ms
[8.470s][info][gc,start    ] GC(79) Concurrent weak roots
[8.470s][info][gc,task     ] GC(79) Using 3 of 6 workers for concurrent weak root
[8.470s][info][gc          ] GC(79) Concurrent weak roots 0.544ms
[8.470s][info][gc,start    ] GC(79) Concurrent cleanup
[8.470s][info][gc          ] GC(79) Concurrent cleanup 755M->471M(1024M) 0.264ms
[8.471s][info][gc,ergo     ] GC(79) Free: 490M, Max: 512K regular, 225M humongous, Frag: 55% external, 0% internal; Reserve: 52722K, Max: 512K
[8.471s][info][gc,start    ] GC(79) Concurrent class unloading
[8.471s][info][gc,task     ] GC(79) Using 3 of 6 workers for concurrent class unloading
[8.473s][info][gc          ] GC(79) Concurrent class unloading 2.010ms
[8.473s][info][gc,start    ] GC(79) Concurrent strong roots
[8.473s][info][gc,task     ] GC(79) Using 3 of 6 workers for concurrent strong root
[8.473s][info][gc          ] GC(79) Concurrent strong roots 0.285ms
[8.473s][info][gc,start    ] GC(79) Concurrent evacuation
[8.473s][info][gc,task     ] GC(79) Using 3 of 6 workers for concurrent evacuation
[8.493s][info][gc          ] GC(79) Concurrent evacuation 19.953ms
[8.493s][info][gc,start    ] GC(79) Pause Init Update Refs
[8.494s][info][gc,ergo     ] GC(79) Pacer for Update Refs. Used: 571M, Free: 434M, Non-Taxable: 44468K, Alloc Tax Rate: 1.6x
[8.494s][info][gc          ] GC(79) Pause Init Update Refs 0.120ms
[8.494s][info][gc,start    ] GC(79) Concurrent update references
[8.494s][info][gc,task     ] GC(79) Using 3 of 6 workers for concurrent reference update
[8.498s][info][gc          ] GC(79) Concurrent update references 4.037ms
[8.498s][info][gc,start    ] GC(79) Concurrent update thread roots
[8.498s][info][gc          ] GC(79) Concurrent update thread roots 0.553ms
[8.499s][info][gc,start    ] GC(79) Pause Final Update Refs
[8.499s][info][gc,task     ] GC(79) Using 6 of 6 workers for final reference update
[8.499s][info][gc          ] GC(79) Pause Final Update Refs 0.335ms
[8.499s][info][gc,start    ] GC(79) Concurrent cleanup
[8.499s][info][gc          ] GC(79) Concurrent cleanup 588M->381M(1024M) 0.142ms
[8.499s][info][gc,ergo     ] Free: 590M, Max: 512K regular, 200M humongous, Frag: 66% external, 35% internal; Reserve: 52736K, Max: 512K
[8.499s][info][gc,stats    ] 
[8.499s][info][gc,stats    ] All times are wall-clock times, except per-root-class counters, that are sum over
[8.499s][info][gc,stats    ] all workers. Dividing the <total> over the root stage time estimates parallelism.
[8.499s][info][gc,stats    ] 
[8.499s][info][gc,stats    ] Concurrent Reset                   4386 us
[8.499s][info][gc,stats    ] Pause Init Mark (G)                1152 us
[8.499s][info][gc,stats    ] Pause Init Mark (N)                 281 us
[8.499s][info][gc,stats    ]   Update Region States              173 us
[8.499s][info][gc,stats    ] Concurrent Mark Roots               326 us, parallelism: 1.06x
[8.499s][info][gc,stats    ]   CMR: <total>                      344 us
[8.499s][info][gc,stats    ]   CMR: Thread Roots                 254 us, workers (us):  81,  97,  76, ---, ---, ---, 
[8.500s][info][gc,stats    ]   CMR: VM Strong Roots               13 us, workers (us):  12,   1,   0, ---, ---, ---, 
[8.500s][info][gc,stats    ]   CMR: CLDG Roots                    77 us, workers (us):  77, ---, ---, ---, ---, ---, 
[8.500s][info][gc,stats    ] Concurrent Marking                 4157 us
[8.500s][info][gc,stats    ] Pause Final Mark (G)               1372 us
[8.500s][info][gc,stats    ] Pause Final Mark (N)               1050 us
[8.500s][info][gc,stats    ]   Finish Mark                       370 us
[8.500s][info][gc,stats    ]   Update Region States              121 us
[8.500s][info][gc,stats    ]   Choose Collection Set             373 us
[8.500s][info][gc,stats    ]   Rebuild Free Set                   59 us
[8.500s][info][gc,stats    ] Concurrent Thread Roots             339 us, parallelism: 0.74x
[8.500s][info][gc,stats    ]   CTR: <total>                      253 us
[8.500s][info][gc,stats    ]   CTR: Thread Roots                 253 us, workers (us):  94,  79,  80, ---, ---, ---, 
[8.500s][info][gc,stats    ] Concurrent Weak References          150 us, parallelism: 0.19x
[8.500s][info][gc,stats    ]   CWRF: <total>                      29 us
[8.500s][info][gc,stats    ]   CWRF: Weak References              29 us, workers (us):  29,   0,   0, ---, ---, ---, 
[8.500s][info][gc,stats    ] Concurrent Weak Roots               583 us
[8.500s][info][gc,stats    ]   Roots                             400 us, parallelism: 1.28x
[8.500s][info][gc,stats    ]     CWR: <total>                    512 us
[8.500s][info][gc,stats    ]     CWR: Code Cache Roots           438 us, workers (us):   0, 257, 181, ---, ---, ---, 
[8.500s][info][gc,stats    ]     CWR: VM Weak Roots               57 us, workers (us):  34,  23,   1, ---, ---, ---, 
[8.500s][info][gc,stats    ]     CWR: CLDG Roots                  16 us, workers (us):  16, ---, ---, ---, ---, ---, 
[8.500s][info][gc,stats    ]   Rendezvous                        130 us
[8.500s][info][gc,stats    ] Concurrent Cleanup                  289 us
[8.500s][info][gc,stats    ] Concurrent Class Unloading         2144 us
[8.500s][info][gc,stats    ]   Unlink Stale                     1377 us
[8.500s][info][gc,stats    ]     System Dictionary                33 us
[8.500s][info][gc,stats    ]     Weak Class Links                  1 us
[8.500s][info][gc,stats    ]     Code Roots                     1340 us
[8.500s][info][gc,stats    ]   Rendezvous                        252 us
[8.500s][info][gc,stats    ]   Purge Unlinked                    352 us
[8.500s][info][gc,stats    ]     Code Roots                      343 us
[8.500s][info][gc,stats    ]     CLDG                              8 us
[8.500s][info][gc,stats    ]     Exception Caches                  1 us
[8.500s][info][gc,stats    ] Concurrent Strong Roots             328 us, parallelism: 0.32x
[8.500s][info][gc,stats    ]   CSR: <total>                      105 us
[8.500s][info][gc,stats    ]   CSR: VM Strong Roots               10 us, workers (us):  10,   1,   0, ---, ---, ---, 
[8.500s][info][gc,stats    ]   CSR: CLDG Roots                    94 us, workers (us):  94, ---, ---, ---, ---, ---, 
[8.500s][info][gc,stats    ] Concurrent Evacuation             20123 us
[8.500s][info][gc,stats    ] Pause Init Update Refs (G)          582 us
[8.500s][info][gc,stats    ] Pause Init Update Refs (N)          133 us
[8.500s][info][gc,stats    ]   Manage GCLABs                      18 us
[8.500s][info][gc,stats    ] Concurrent Update Refs             4163 us
[8.500s][info][gc,stats    ] Concurrent Update Thread Roots      593 us
[8.500s][info][gc,stats    ] Pause Final Update Refs (G)         624 us
[8.500s][info][gc,stats    ] Pause Final Update Refs (N)         355 us
[8.500s][info][gc,stats    ]   Update Region States              176 us
[8.500s][info][gc,stats    ]   Trash Collection Set               31 us
[8.500s][info][gc,stats    ]   Rebuild Free Set                   86 us
[8.500s][info][gc,stats    ] Concurrent Cleanup                  155 us
[8.500s][info][gc,stats    ] 
[8.500s][info][gc,stats    ] Allocation pacing accrued:
[8.500s][info][gc,stats    ]       0 of   126 ms (  0.0%): <total>
[8.500s][info][gc,stats    ]       0 of   126 ms (  0.0%): <average total>
[8.500s][info][gc,stats    ] 
[8.500s][info][gc,metaspace] Metaspace: 6358K(6528K)->6358K(6528K) NonClass: 5812K(5888K)->5812K(5888K) Class: 546K(640K)->546K(640K)
[8.500s][info][gc,ergo     ] Pacer for Idle. Initial: 20971K, Alloc Tax Rate: 1.0x
[8.611s][info][gc          ] Trigger: Average GC time (45.01 ms) is above the time for average allocation rate (3679 MB/s) to deplete free headroom (164M) (margin of error = 1.84)
[8.611s][info][gc,ergo     ] Free headroom: 216M (free) - 52428K (spike) - 0B (penalties) = 164M
[8.611s][info][gc,ergo     ] Free: 214M, Max: 512K regular, 200M humongous, Frag: 6% external, 13% internal; Reserve: 52736K, Max: 512K
[8.611s][info][gc,start    ] GC(80) Concurrent reset
[8.611s][info][gc,task     ] GC(80) Using 3 of 6 workers for concurrent reset
[8.611s][info][gc,ergo     ] GC(80) Pacer for Reset. Non-Taxable: 1024M
[8.615s][info][gc          ] GC(80) Concurrent reset 3.371ms
[8.618s][info][gc,start    ] GC(80) Pause Init Mark (unload classes)
[8.618s][info][gc,task     ] GC(80) Using 6 of 6 workers for init marking
[8.619s][info][gc,ergo     ] GC(80) Pacer for Mark. Expected Live: 196M, Free: 209M, Non-Taxable: 21458K, Alloc Tax Rate: 1.1x
[8.619s][info][gc          ] GC(80) Pause Init Mark (unload classes) 0.309ms
[8.619s][info][gc,start    ] GC(80) Concurrent marking roots
[8.619s][info][gc,task     ] GC(80) Using 3 of 6 workers for concurrent marking roots
[8.619s][info][gc          ] GC(80) Concurrent marking roots 0.291ms
[8.619s][info][gc,start    ] GC(80) Concurrent marking (unload classes)
[8.619s][info][gc,task     ] GC(80) Using 3 of 6 workers for concurrent marking
[8.621s][info][gc          ] GC(80) Concurrent marking (unload classes) 2.018ms
[8.622s][info][gc,start    ] GC(80) Pause Final Mark (unload classes)
[8.622s][info][gc,task     ] GC(80) Using 6 of 6 workers for final marking
[8.623s][info][gc,ergo     ] GC(80) Adaptive CSet Selection. Target Free: 145M, Actual Free: 568M, Max CSet: 43690K, Min Garbage: 0B
[8.623s][info][gc,ergo     ] GC(80) Collectable Garbage: 464M (84%), Immediate: 308M (55%), CSet: 155M (28%)
[8.623s][info][gc,ergo     ] GC(80) Pacer for Evacuation. Used CSet: 198M, Free: 529M, Non-Taxable: 54179K, Alloc Tax Rate: 1.1x
[8.623s][info][gc          ] GC(80) Pause Final Mark (unload classes) 0.841ms
[8.623s][info][gc,start    ] GC(80) Concurrent thread roots
[8.623s][info][gc,task     ] GC(80) Using 3 of 6 workers for Concurrent thread roots
[8.623s][info][gc          ] GC(80) Concurrent thread roots 0.235ms
[8.623s][info][gc,start    ] GC(80) Concurrent weak references
[8.623s][info][gc,task     ] GC(80) Using 3 of 6 workers for concurrent weak references
[8.623s][info][gc,ref      ] GC(80) Encountered references: Soft: 47, Weak: 146, Final: 0, Phantom: 3
[8.623s][info][gc,ref      ] GC(80) Discovered  references: Soft: 0, Weak: 98, Final: 0, Phantom: 2
[8.623s][info][gc,ref      ] GC(80) Enqueued    references: Soft: 0, Weak: 0, Final: 0, Phantom: 0
[8.623s][info][gc          ] GC(80) Concurrent weak references 0.158ms
[8.623s][info][gc,start    ] GC(80) Concurrent weak roots
[8.623s][info][gc,task     ] GC(80) Using 3 of 6 workers for concurrent weak root
[8.624s][info][gc          ] GC(80) Concurrent weak roots 0.594ms
[8.624s][info][gc,start    ] GC(80) Concurrent cleanup
[8.624s][info][gc          ] GC(80) Concurrent cleanup 753M->446M(1024M) 0.255ms
[8.624s][info][gc,ergo     ] GC(80) Free: 516M, Max: 512K regular, 226M humongous, Frag: 57% external, 0% internal; Reserve: 52718K, Max: 512K
[8.624s][info][gc,start    ] GC(80) Concurrent class unloading
[8.624s][info][gc,task     ] GC(80) Using 3 of 6 workers for concurrent class unloading
[8.626s][info][gc          ] GC(80) Concurrent class unloading 1.837ms
[8.626s][info][gc,start    ] GC(80) Concurrent strong roots
[8.626s][info][gc,task     ] GC(80) Using 3 of 6 workers for concurrent strong root
[8.627s][info][gc          ] GC(80) Concurrent strong roots 0.361ms
[8.627s][info][gc,start    ] GC(80) Concurrent evacuation
[8.627s][info][gc,task     ] GC(80) Using 3 of 6 workers for concurrent evacuation
[8.642s][info][gc          ] GC(80) Concurrent evacuation 15.751ms
[8.643s][info][gc,start    ] GC(80) Pause Init Update Refs
[8.643s][info][gc,ergo     ] GC(80) Pacer for Update Refs. Used: 520M, Free: 485M, Non-Taxable: 49714K, Alloc Tax Rate: 1.3x
[8.643s][info][gc          ] GC(80) Pause Init Update Refs 0.095ms
[8.643s][info][gc,start    ] GC(80) Concurrent update references
[8.643s][info][gc,task     ] GC(80) Using 3 of 6 workers for concurrent reference update
[8.647s][info][gc          ] GC(80) Concurrent update references 4.083ms
[8.647s][info][gc,start    ] GC(80) Concurrent update thread roots
[8.648s][info][gc          ] GC(80) Concurrent update thread roots 0.745ms
[8.648s][info][gc,start    ] GC(80) Pause Final Update Refs
[8.648s][info][gc,task     ] GC(80) Using 6 of 6 workers for final reference update
[8.649s][info][gc          ] GC(80) Pause Final Update Refs 0.374ms
[8.649s][info][gc,start    ] GC(80) Concurrent cleanup
[8.649s][info][gc          ] GC(80) Concurrent cleanup 543M->346M(1024M) 0.169ms
[8.649s][info][gc,ergo     ] Free: 625M, Max: 512K regular, 202M humongous, Frag: 68% external, 31% internal; Reserve: 52736K, Max: 512K
[8.649s][info][gc,stats    ] 
[8.649s][info][gc,stats    ] All times are wall-clock times, except per-root-class counters, that are sum over
[8.649s][info][gc,stats    ] all workers. Dividing the <total> over the root stage time estimates parallelism.
[8.649s][info][gc,stats    ] 
[8.649s][info][gc,stats    ] Concurrent Reset                   3543 us
[8.649s][info][gc,stats    ] Pause Init Mark (G)                3826 us
[8.649s][info][gc,stats    ] Pause Init Mark (N)                 319 us
[8.649s][info][gc,stats    ]   Update Region States              174 us
[8.649s][info][gc,stats    ] Concurrent Mark Roots               312 us, parallelism: 1.05x
[8.649s][info][gc,stats    ]   CMR: <total>                      326 us
[8.649s][info][gc,stats    ]   CMR: Thread Roots                 275 us, workers (us):  73, 108,  93, ---, ---, ---, 
[8.649s][info][gc,stats    ]   CMR: VM Strong Roots                8 us, workers (us):   8,   0,   0, ---, ---, ---, 
[8.649s][info][gc,stats    ]   CMR: CLDG Roots                    43 us, workers (us):  43, ---, ---, ---, ---, ---, 
[8.649s][info][gc,stats    ] Concurrent Marking                 2080 us
[8.649s][info][gc,stats    ] Pause Final Mark (G)               1777 us
[8.649s][info][gc,stats    ] Pause Final Mark (N)                851 us
[8.649s][info][gc,stats    ]   Finish Mark                       422 us
[8.649s][info][gc,stats    ]   Update Region States              121 us
[8.649s][info][gc,stats    ]   Choose Collection Set             178 us
[8.649s][info][gc,stats    ]   Rebuild Free Set                   38 us
[8.649s][info][gc,stats    ] Concurrent Thread Roots             256 us, parallelism: 0.83x
[8.649s][info][gc,stats    ]   CTR: <total>                      213 us
[8.649s][info][gc,stats    ]   CTR: Thread Roots                 213 us, workers (us):  78,  60,  75, ---, ---, ---, 
[8.649s][info][gc,stats    ] Concurrent Weak References          166 us, parallelism: 0.21x
[8.649s][info][gc,stats    ]   CWRF: <total>                      34 us
[8.649s][info][gc,stats    ]   CWRF: Weak References              34 us, workers (us):  30,   4,   0, ---, ---, ---, 
[8.649s][info][gc,stats    ] Concurrent Weak Roots               643 us
[8.649s][info][gc,stats    ]   Roots                             405 us, parallelism: 1.19x
[8.649s][info][gc,stats    ]     CWR: <total>                    481 us
[8.649s][info][gc,stats    ]     CWR: Code Cache Roots           412 us, workers (us):   0, 250, 162, ---, ---, ---, 
[8.649s][info][gc,stats    ]     CWR: VM Weak Roots               53 us, workers (us):  37,  12,   4, ---, ---, ---, 
[8.649s][info][gc,stats    ]     CWR: CLDG Roots                  16 us, workers (us):  16, ---, ---, ---, ---, ---, 
[8.649s][info][gc,stats    ]   Rendezvous                        172 us
[8.649s][info][gc,stats    ] Concurrent Cleanup                  274 us
[8.649s][info][gc,stats    ] Concurrent Class Unloading         1993 us
[8.649s][info][gc,stats    ]   Unlink Stale                     1356 us
[8.649s][info][gc,stats    ]     System Dictionary                31 us
[8.649s][info][gc,stats    ]     Weak Class Links                 17 us
[8.649s][info][gc,stats    ]     Code Roots                     1303 us
[8.649s][info][gc,stats    ]   Rendezvous                        194 us
[8.649s][info][gc,stats    ]   Purge Unlinked                    255 us
[8.649s][info][gc,stats    ]     Code Roots                      216 us
[8.649s][info][gc,stats    ]     CLDG                             37 us
[8.649s][info][gc,stats    ]     Exception Caches                  1 us
[8.649s][info][gc,stats    ] Concurrent Strong Roots             408 us, parallelism: 0.27x
[8.649s][info][gc,stats    ]   CSR: <total>                      111 us
[8.649s][info][gc,stats    ]   CSR: VM Strong Roots                9 us, workers (us):   8,   0,   0, ---, ---, ---, 
[8.649s][info][gc,stats    ]   CSR: CLDG Roots                   102 us, workers (us): 102, ---, ---, ---, ---, ---, 
[8.650s][info][gc,stats    ] Concurrent Evacuation             15887 us
[8.650s][info][gc,stats    ] Pause Init Update Refs (G)          458 us
[8.650s][info][gc,stats    ] Pause Init Update Refs (N)          104 us
[8.650s][info][gc,stats    ]   Manage GCLABs                      14 us
[8.650s][info][gc,stats    ] Concurrent Update Refs             4306 us
[8.650s][info][gc,stats    ] Concurrent Update Thread Roots      843 us
[8.650s][info][gc,stats    ] Pause Final Update Refs (G)         717 us
[8.650s][info][gc,stats    ] Pause Final Update Refs (N)         400 us
[8.650s][info][gc,stats    ]   Update Region States              207 us
[8.650s][info][gc,stats    ]   Trash Collection Set               27 us
[8.650s][info][gc,stats    ]   Rebuild Free Set                   73 us
[8.650s][info][gc,stats    ] Concurrent Cleanup                  184 us
[8.650s][info][gc,stats    ] 
[8.650s][info][gc,stats    ] Allocation pacing accrued:
[8.650s][info][gc,stats    ]       0 of   150 ms (  0.0%): <total>
[8.650s][info][gc,stats    ]       0 of   150 ms (  0.0%): <average total>
[8.650s][info][gc,stats    ] 
[8.650s][info][gc,metaspace] Metaspace: 6358K(6528K)->6358K(6528K) NonClass: 5812K(5888K)->5812K(5888K) Class: 546K(640K)->546K(640K)
[8.650s][info][gc,ergo     ] Pacer for Idle. Initial: 20971K, Alloc Tax Rate: 1.0x
[8.760s][info][gc          ] Trigger: Average GC time (43.19 ms) is above the time for average allocation rate (3484 MB/s) to deplete free headroom (150M) (margin of error = 1.82)
[8.760s][info][gc,ergo     ] Free headroom: 201M (free) - 52428K (spike) - 0B (penalties) = 150M
[8.760s][info][gc,ergo     ] Free: 200M, Max: 512K regular, 200M humongous, Frag: 0% external, 1% internal; Reserve: 52736K, Max: 512K
[8.760s][info][gc,start    ] GC(81) Concurrent reset
[8.761s][info][gc,task     ] GC(81) Using 3 of 6 workers for concurrent reset
[8.761s][info][gc,ergo     ] GC(81) Pacer for Reset. Non-Taxable: 1024M
[8.763s][info][gc          ] GC(81) Concurrent reset 2.947ms
[8.764s][info][gc,start    ] GC(81) Pause Init Mark (unload classes)
[8.764s][info][gc,task     ] GC(81) Using 6 of 6 workers for init marking
[8.764s][info][gc,ergo     ] GC(81) Pacer for Mark. Expected Live: 196M, Free: 196M, Non-Taxable: 20100K, Alloc Tax Rate: 1.2x
[8.764s][info][gc          ] GC(81) Pause Init Mark (unload classes) 0.260ms
[8.764s][info][gc,start    ] GC(81) Concurrent marking roots
[8.764s][info][gc,task     ] GC(81) Using 3 of 6 workers for concurrent marking roots
[8.765s][info][gc          ] GC(81) Concurrent marking roots 0.282ms
[8.765s][info][gc,start    ] GC(81) Concurrent marking (unload classes)
[8.765s][info][gc,task     ] GC(81) Using 3 of 6 workers for concurrent marking
[8.768s][info][gc          ] GC(81) Concurrent marking (unload classes) 3.039ms
[8.768s][info][gc,start    ] GC(81) Pause Final Mark (unload classes)
[8.768s][info][gc,task     ] GC(81) Using 6 of 6 workers for final marking
[8.769s][info][gc,ergo     ] GC(81) Adaptive CSet Selection. Target Free: 145M, Actual Free: 549M, Max CSet: 43690K, Min Garbage: 0B
[8.769s][info][gc,ergo     ] GC(81) Collectable Garbage: 472M (83%), Immediate: 315M (56%), CSet: 156M (27%)
[8.769s][info][gc,ergo     ] GC(81) Pacer for Evacuation. Used CSet: 198M, Free: 511M, Non-Taxable: 52366K, Alloc Tax Rate: 1.1x
[8.769s][info][gc          ] GC(81) Pause Final Mark (unload classes) 0.763ms
[8.769s][info][gc,start    ] GC(81) Concurrent thread roots
[8.769s][info][gc,task     ] GC(81) Using 3 of 6 workers for Concurrent thread roots
[8.769s][info][gc          ] GC(81) Concurrent thread roots 0.255ms
[8.769s][info][gc,start    ] GC(81) Concurrent weak references
[8.769s][info][gc,task     ] GC(81) Using 3 of 6 workers for concurrent weak references
[8.769s][info][gc,ref      ] GC(81) Encountered references: Soft: 47, Weak: 146, Final: 0, Phantom: 3
[8.769s][info][gc,ref      ] GC(81) Discovered  references: Soft: 0, Weak: 45, Final: 0, Phantom: 2
[8.769s][info][gc,ref      ] GC(81) Enqueued    references: Soft: 0, Weak: 0, Final: 0, Phantom: 0
[8.769s][info][gc          ] GC(81) Concurrent weak references 0.106ms
[8.769s][info][gc,start    ] GC(81) Concurrent weak roots
[8.769s][info][gc,task     ] GC(81) Using 3 of 6 workers for concurrent weak root
[8.770s][info][gc          ] GC(81) Concurrent weak roots 0.419ms
[8.770s][info][gc,start    ] GC(81) Concurrent cleanup
[8.770s][info][gc          ] GC(81) Concurrent cleanup 777M->462M(1024M) 0.159ms
[8.770s][info][gc,ergo     ] GC(81) Free: 499M, Max: 512K regular, 207M humongous, Frag: 59% external, 0% internal; Reserve: 52722K, Max: 512K
[8.770s][info][gc,start    ] GC(81) Concurrent class unloading
[8.770s][info][gc,task     ] GC(81) Using 3 of 6 workers for concurrent class unloading
[8.771s][info][gc          ] GC(81) Concurrent class unloading 1.274ms
[8.771s][info][gc,start    ] GC(81) Concurrent strong roots
[8.771s][info][gc,task     ] GC(81) Using 3 of 6 workers for concurrent strong root
[8.771s][info][gc          ] GC(81) Concurrent strong roots 0.236ms
[8.771s][info][gc,start    ] GC(81) Concurrent evacuation
[8.771s][info][gc,task     ] GC(81) Using 3 of 6 workers for concurrent evacuation
[8.789s][info][gc          ] GC(81) Concurrent evacuation 17.728ms
[8.790s][info][gc,start    ] GC(81) Pause Init Update Refs
[8.790s][info][gc,ergo     ] GC(81) Pacer for Update Refs. Used: 562M, Free: 443M, Non-Taxable: 45421K, Alloc Tax Rate: 1.5x
[8.790s][info][gc          ] GC(81) Pause Init Update Refs 0.082ms
[8.790s][info][gc,start    ] GC(81) Concurrent update references
[8.790s][info][gc,task     ] GC(81) Using 3 of 6 workers for concurrent reference update
[8.793s][info][gc          ] GC(81) Concurrent update references 3.047ms
[8.793s][info][gc,start    ] GC(81) Concurrent update thread roots
[8.793s][info][gc          ] GC(81) Concurrent update thread roots 0.412ms
[8.794s][info][gc,start    ] GC(81) Pause Final Update Refs
[8.794s][info][gc,task     ] GC(81) Using 6 of 6 workers for final reference update
[8.794s][info][gc          ] GC(81) Pause Final Update Refs 0.201ms
[8.794s][info][gc,start    ] GC(81) Concurrent cleanup
[8.794s][info][gc          ] GC(81) Concurrent cleanup 577M->379M(1024M) 0.092ms
[8.794s][info][gc,ergo     ] Free: 592M, Max: 512K regular, 177M humongous, Frag: 70% external, 35% internal; Reserve: 52736K, Max: 512K
[8.794s][info][gc,stats    ] 
[8.794s][info][gc,stats    ] All times are wall-clock times, except per-root-class counters, that are sum over
[8.794s][info][gc,stats    ] all workers. Dividing the <total> over the root stage time estimates parallelism.
[8.794s][info][gc,stats    ] 
[8.794s][info][gc,stats    ] Concurrent Reset                   3128 us
[8.794s][info][gc,stats    ] Pause Init Mark (G)                 694 us
[8.794s][info][gc,stats    ] Pause Init Mark (N)                 269 us
[8.794s][info][gc,stats    ]   Update Region States              155 us
[8.794s][info][gc,stats    ] Concurrent Mark Roots               297 us, parallelism: 0.97x
[8.794s][info][gc,stats    ]   CMR: <total>                      288 us
[8.794s][info][gc,stats    ]   CMR: Thread Roots                 223 us, workers (us):  78,  78,  66, ---, ---, ---, 
[8.794s][info][gc,stats    ]   CMR: VM Strong Roots                9 us, workers (us):   9,   0,   0, ---, ---, ---, 
[8.794s][info][gc,stats    ]   CMR: CLDG Roots                    56 us, workers (us):  56, ---, ---, ---, ---, ---, 
[8.794s][info][gc,stats    ] Concurrent Marking                 3162 us
[8.794s][info][gc,stats    ] Pause Final Mark (G)               1009 us
[8.794s][info][gc,stats    ] Pause Final Mark (N)                770 us
[8.794s][info][gc,stats    ]   Finish Mark                       405 us
[8.794s][info][gc,stats    ]   Update Region States              134 us
[8.794s][info][gc,stats    ]   Choose Collection Set             138 us
[8.794s][info][gc,stats    ]   Rebuild Free Set                   23 us
[8.794s][info][gc,stats    ] Concurrent Thread Roots             271 us, parallelism: 1.03x
[8.794s][info][gc,stats    ]   CTR: <total>                      280 us
[8.794s][info][gc,stats    ]   CTR: Thread Roots                 280 us, workers (us):  74, 127,  79, ---, ---, ---, 
[8.794s][info][gc,stats    ] Concurrent Weak References          111 us, parallelism: 0.19x
[8.794s][info][gc,stats    ]   CWRF: <total>                      21 us
[8.794s][info][gc,stats    ]   CWRF: Weak References              21 us, workers (us):  18,   4,   0, ---, ---, ---, 
[8.794s][info][gc,stats    ] Concurrent Weak Roots               437 us
[8.794s][info][gc,stats    ]   Roots                             317 us, parallelism: 1.39x
[8.794s][info][gc,stats    ]     CWR: <total>                    441 us
[8.794s][info][gc,stats    ]     CWR: Code Cache Roots           369 us, workers (us): 198,   0, 171, ---, ---, ---, 
[8.794s][info][gc,stats    ]     CWR: VM Weak Roots               55 us, workers (us):  37,  17,   1, ---, ---, ---, 
[8.794s][info][gc,stats    ]     CWR: CLDG Roots                  18 us, workers (us): ---,  18, ---, ---, ---, ---, 
[8.794s][info][gc,stats    ]   Rendezvous                         92 us
[8.794s][info][gc,stats    ] Concurrent Cleanup                  171 us
[8.794s][info][gc,stats    ] Concurrent Class Unloading         1370 us
[8.794s][info][gc,stats    ]   Unlink Stale                      840 us
[8.794s][info][gc,stats    ]     System Dictionary                15 us
[8.794s][info][gc,stats    ]     Weak Class Links                  0 us
[8.794s][info][gc,stats    ]     Code Roots                      822 us
[8.794s][info][gc,stats    ]   Rendezvous                        193 us
[8.794s][info][gc,stats    ]   Purge Unlinked                    221 us
[8.794s][info][gc,stats    ]     Code Roots                      193 us
[8.794s][info][gc,stats    ]     CLDG                             27 us
[8.794s][info][gc,stats    ]     Exception Caches                  0 us
[8.794s][info][gc,stats    ] Concurrent Strong Roots             260 us, parallelism: 0.33x
[8.794s][info][gc,stats    ]   CSR: <total>                       86 us
[8.794s][info][gc,stats    ]   CSR: VM Strong Roots                9 us, workers (us):   8,   1,   0, ---, ---, ---, 
[8.794s][info][gc,stats    ]   CSR: CLDG Roots                    77 us, workers (us): ---,  77, ---, ---, ---, ---, 
[8.794s][info][gc,stats    ] Concurrent Evacuation             17882 us
[8.794s][info][gc,stats    ] Pause Init Update Refs (G)          414 us
[8.794s][info][gc,stats    ] Pause Init Update Refs (N)           92 us
[8.794s][info][gc,stats    ]   Manage GCLABs                      12 us
[8.794s][info][gc,stats    ] Concurrent Update Refs             3120 us
[8.794s][info][gc,stats    ] Concurrent Update Thread Roots      457 us
[8.794s][info][gc,stats    ] Pause Final Update Refs (G)         432 us
[8.794s][info][gc,stats    ] Pause Final Update Refs (N)         214 us
[8.794s][info][gc,stats    ]   Update Region States              120 us
[8.794s][info][gc,stats    ]   Trash Collection Set               18 us
[8.794s][info][gc,stats    ]   Rebuild Free Set                   31 us
[8.794s][info][gc,stats    ] Concurrent Cleanup                  102 us
[8.794s][info][gc,stats    ] 
[8.794s][info][gc,stats    ] Allocation pacing accrued:
[8.794s][info][gc,stats    ]       0 of   145 ms (  0.0%): <total>
[8.794s][info][gc,stats    ]       0 of   145 ms (  0.0%): <average total>
[8.794s][info][gc,stats    ] 
[8.794s][info][gc,metaspace] Metaspace: 6358K(6528K)->6358K(6528K) NonClass: 5812K(5888K)->5812K(5888K) Class: 546K(640K)->546K(640K)
[8.794s][info][gc,ergo     ] Pacer for Idle. Initial: 20971K, Alloc Tax Rate: 1.0x
[8.884s][info][gc          ] Trigger: Average GC time (42.28 ms) is above the time for average allocation rate (3813 MB/s) to deplete free headroom (153M) (margin of error = 1.82)
[8.884s][info][gc,ergo     ] Free headroom: 204M (free) - 52428K (spike) - 0B (penalties) = 153M
[8.884s][info][gc,ergo     ] Free: 203M, Max: 512K regular, 177M humongous, Frag: 12% external, 23% internal; Reserve: 52736K, Max: 512K
[8.884s][info][gc,start    ] GC(82) Concurrent reset
[8.884s][info][gc,task     ] GC(82) Using 3 of 6 workers for concurrent reset
[8.884s][info][gc,ergo     ] GC(82) Pacer for Reset. Non-Taxable: 1024M
[8.888s][info][gc          ] GC(82) Concurrent reset 3.360ms
[8.888s][info][gc,start    ] GC(82) Pause Init Mark (unload classes)
[8.889s][info][gc,task     ] GC(82) Using 6 of 6 workers for init marking
[8.889s][info][gc,ergo     ] GC(82) Pacer for Mark. Expected Live: 196M, Free: 197M, Non-Taxable: 20213K, Alloc Tax Rate: 1.2x
[8.889s][info][gc          ] GC(82) Pause Init Mark (unload classes) 0.338ms
[8.889s][info][gc,start    ] GC(82) Concurrent marking roots
[8.889s][info][gc,task     ] GC(82) Using 3 of 6 workers for concurrent marking roots
[8.889s][info][gc          ] GC(82) Concurrent marking roots 0.343ms
[8.889s][info][gc,start    ] GC(82) Concurrent marking (unload classes)
[8.889s][info][gc,task     ] GC(82) Using 3 of 6 workers for concurrent marking
[8.896s][info][gc          ] GC(82) Concurrent marking (unload classes) 6.283ms
[8.896s][info][gc,start    ] GC(82) Pause Final Mark (unload classes)
[8.896s][info][gc,task     ] GC(82) Using 6 of 6 workers for final marking
[8.897s][info][gc,ergo     ] GC(82) Adaptive CSet Selection. Target Free: 145M, Actual Free: 551M, Max CSet: 43690K, Min Garbage: 0B
[8.897s][info][gc,ergo     ] GC(82) Collectable Garbage: 474M (84%), Immediate: 318M (56%), CSet: 155M (27%)
[8.897s][info][gc,ergo     ] GC(82) Pacer for Evacuation. Used CSet: 197M, Free: 513M, Non-Taxable: 52579K, Alloc Tax Rate: 1.1x
[8.897s][info][gc          ] GC(82) Pause Final Mark (unload classes) 0.698ms
[8.897s][info][gc,start    ] GC(82) Concurrent thread roots
[8.897s][info][gc,task     ] GC(82) Using 3 of 6 workers for Concurrent thread roots
[8.897s][info][gc          ] GC(82) Concurrent thread roots 0.249ms
[8.897s][info][gc,start    ] GC(82) Concurrent weak references
[8.897s][info][gc,task     ] GC(82) Using 3 of 6 workers for concurrent weak references
[8.897s][info][gc,ref      ] GC(82) Encountered references: Soft: 47, Weak: 146, Final: 0, Phantom: 3
[8.897s][info][gc,ref      ] GC(82) Discovered  references: Soft: 0, Weak: 51, Final: 0, Phantom: 2
[8.897s][info][gc,ref      ] GC(82) Enqueued    references: Soft: 0, Weak: 0, Final: 0, Phantom: 0
[8.897s][info][gc          ] GC(82) Concurrent weak references 0.117ms
[8.897s][info][gc,start    ] GC(82) Concurrent weak roots
[8.897s][info][gc,task     ] GC(82) Using 3 of 6 workers for concurrent weak root
[8.898s][info][gc          ] GC(82) Concurrent weak roots 0.502ms
[8.898s][info][gc,start    ] GC(82) Concurrent cleanup
[8.898s][info][gc          ] GC(82) Concurrent cleanup 778M->460M(1024M) 0.257ms
[8.898s][info][gc,ergo     ] GC(82) Free: 502M, Max: 512K regular, 205M humongous, Frag: 60% external, 0% internal; Reserve: 52722K, Max: 512K
[8.898s][info][gc,start    ] GC(82) Concurrent class unloading
[8.898s][info][gc,task     ] GC(82) Using 3 of 6 workers for concurrent class unloading
[8.901s][info][gc          ] GC(82) Concurrent class unloading 2.407ms
[8.901s][info][gc,start    ] GC(82) Concurrent strong roots
[8.901s][info][gc,task     ] GC(82) Using 3 of 6 workers for concurrent strong root
[8.901s][info][gc          ] GC(82) Concurrent strong roots 0.274ms
[8.901s][info][gc,start    ] GC(82) Concurrent evacuation
[8.901s][info][gc,task     ] GC(82) Using 3 of 6 workers for concurrent evacuation
[8.919s][info][gc          ] GC(82) Concurrent evacuation 18.197ms
[8.920s][info][gc,start    ] GC(82) Pause Init Update Refs
[8.920s][info][gc,ergo     ] GC(82) Pacer for Update Refs. Used: 555M, Free: 450M, Non-Taxable: 46128K, Alloc Tax Rate: 1.5x
[8.920s][info][gc          ] GC(82) Pause Init Update Refs 0.077ms
[8.920s][info][gc,start    ] GC(82) Concurrent update references
[8.920s][info][gc,task     ] GC(82) Using 3 of 6 workers for concurrent reference update
[8.925s][info][gc          ] GC(82) Concurrent update references 4.738ms
[8.925s][info][gc,start    ] GC(82) Concurrent update thread roots
[8.925s][info][gc          ] GC(82) Concurrent update thread roots 0.580ms
[8.926s][info][gc,start    ] GC(82) Pause Final Update Refs
[8.926s][info][gc,task     ] GC(82) Using 6 of 6 workers for final reference update
[8.926s][info][gc          ] GC(82) Pause Final Update Refs 0.350ms
[8.926s][info][gc,start    ] GC(82) Concurrent cleanup
[8.926s][info][gc          ] GC(82) Concurrent cleanup 581M->384M(1024M) 0.167ms
[8.926s][info][gc,ergo     ] Free: 587M, Max: 512K regular, 177M humongous, Frag: 70% external, 35% internal; Reserve: 52736K, Max: 512K
[8.926s][info][gc,stats    ] 
[8.926s][info][gc,stats    ] All times are wall-clock times, except per-root-class counters, that are sum over
[8.926s][info][gc,stats    ] all workers. Dividing the <total> over the root stage time estimates parallelism.
[8.926s][info][gc,stats    ] 
[8.926s][info][gc,stats    ] Concurrent Reset                   3567 us
[8.926s][info][gc,stats    ] Pause Init Mark (G)                 957 us
[8.926s][info][gc,stats    ] Pause Init Mark (N)                 348 us
[8.926s][info][gc,stats    ]   Update Region States              173 us
[8.926s][info][gc,stats    ] Concurrent Mark Roots               367 us, parallelism: 1.00x
[8.926s][info][gc,stats    ]   CMR: <total>                      368 us
[8.926s][info][gc,stats    ]   CMR: Thread Roots                 281 us, workers (us):  92,  99,  91, ---, ---, ---, 
[8.926s][info][gc,stats    ]   CMR: VM Strong Roots               12 us, workers (us):  11,   1,   0, ---, ---, ---, 
[8.926s][info][gc,stats    ]   CMR: CLDG Roots                    75 us, workers (us):  75, ---, ---, ---, ---, ---, 
[8.926s][info][gc,stats    ] Concurrent Marking                 6485 us
[8.926s][info][gc,stats    ] Pause Final Mark (G)               1001 us
[8.926s][info][gc,stats    ] Pause Final Mark (N)                707 us
[8.926s][info][gc,stats    ]   Finish Mark                       348 us
[8.926s][info][gc,stats    ]   Update Region States              109 us
[8.926s][info][gc,stats    ]   Choose Collection Set             124 us
[8.926s][info][gc,stats    ]   Rebuild Free Set                   27 us
[8.926s][info][gc,stats    ] Concurrent Thread Roots             271 us, parallelism: 1.02x
[8.926s][info][gc,stats    ]   CTR: <total>                      276 us
[8.926s][info][gc,stats    ]   CTR: Thread Roots                 276 us, workers (us):  93,  94,  89, ---, ---, ---, 
[8.926s][info][gc,stats    ] Concurrent Weak References          123 us, parallelism: 0.15x
[8.926s][info][gc,stats    ]   CWRF: <total>                      19 us
[8.926s][info][gc,stats    ]   CWRF: Weak References              19 us, workers (us):  19,   0,   0, ---, ---, ---, 
[8.926s][info][gc,stats    ] Concurrent Weak Roots               538 us
[8.926s][info][gc,stats    ]   Roots                             358 us, parallelism: 1.29x
[8.927s][info][gc,stats    ]     CWR: <total>                    461 us
[8.927s][info][gc,stats    ]     CWR: Code Cache Roots           379 us, workers (us):   0, 206, 174, ---, ---, ---, 
[8.927s][info][gc,stats    ]     CWR: VM Weak Roots               68 us, workers (us):  44,  23,   1, ---, ---, ---, 
[8.927s][info][gc,stats    ]     CWR: CLDG Roots                  13 us, workers (us):  13, ---, ---, ---, ---, ---, 
[8.927s][info][gc,stats    ]   Rendezvous                        130 us
[8.927s][info][gc,stats    ] Concurrent Cleanup                  273 us
[8.927s][info][gc,stats    ] Concurrent Class Unloading         2547 us
[8.927s][info][gc,stats    ]   Unlink Stale                     1376 us
[8.927s][info][gc,stats    ]     System Dictionary                25 us
[8.927s][info][gc,stats    ]     Weak Class Links                  2 us
[8.927s][info][gc,stats    ]     Code Roots                     1345 us
[8.927s][info][gc,stats    ]   Rendezvous                        614 us
[8.927s][info][gc,stats    ]   Purge Unlinked                    379 us
[8.927s][info][gc,stats    ]     Code Roots                      330 us
[8.927s][info][gc,stats    ]     CLDG                             47 us
[8.927s][info][gc,stats    ]     Exception Caches                  1 us
[8.927s][info][gc,stats    ] Concurrent Strong Roots             308 us, parallelism: 0.40x
[8.927s][info][gc,stats    ]   CSR: <total>                      123 us
[8.927s][info][gc,stats    ]   CSR: VM Strong Roots               13 us, workers (us):  13,   0,   0, ---, ---, ---, 
[8.927s][info][gc,stats    ]   CSR: CLDG Roots                   110 us, workers (us): 110, ---, ---, ---, ---, ---, 
[8.927s][info][gc,stats    ] Concurrent Evacuation             18370 us
[8.927s][info][gc,stats    ] Pause Init Update Refs (G)          413 us
[8.927s][info][gc,stats    ] Pause Init Update Refs (N)           86 us
[8.927s][info][gc,stats    ]   Manage GCLABs                       8 us
[8.927s][info][gc,stats    ] Concurrent Update Refs             4857 us
[8.927s][info][gc,stats    ] Concurrent Update Thread Roots      638 us
[8.927s][info][gc,stats    ] Pause Final Update Refs (G)         649 us
[8.927s][info][gc,stats    ] Pause Final Update Refs (N)         370 us
[8.927s][info][gc,stats    ]   Update Region States              200 us
[8.927s][info][gc,stats    ]   Trash Collection Set               41 us
[8.927s][info][gc,stats    ]   Rebuild Free Set                   53 us
[8.927s][info][gc,stats    ] Concurrent Cleanup                  182 us
[8.927s][info][gc,stats    ] 
[8.927s][info][gc,stats    ] Allocation pacing accrued:
[8.927s][info][gc,stats    ]       0 of   132 ms (  0.0%): <total>
[8.927s][info][gc,stats    ]       0 of   132 ms (  0.0%): <average total>
[8.927s][info][gc,stats    ] 
[8.927s][info][gc,metaspace] Metaspace: 6358K(6528K)->6358K(6528K) NonClass: 5812K(5888K)->5812K(5888K) Class: 546K(640K)->546K(640K)
[8.927s][info][gc,ergo     ] Pacer for Idle. Initial: 20971K, Alloc Tax Rate: 1.0x
[9.021s][info][gc          ] Trigger: Average GC time (45.66 ms) is above the time for average allocation rate (3784 MB/s) to deplete free headroom (166M) (margin of error = 1.82)
[9.021s][info][gc,ergo     ] Free headroom: 217M (free) - 52428K (spike) - 0B (penalties) = 166M
[9.021s][info][gc,ergo     ] Free: 216M, Max: 512K regular, 177M humongous, Frag: 19% external, 2% internal; Reserve: 52736K, Max: 512K
[9.021s][info][gc,start    ] GC(83) Concurrent reset
[9.021s][info][gc,task     ] GC(83) Using 3 of 6 workers for concurrent reset
[9.021s][info][gc,ergo     ] GC(83) Pacer for Reset. Non-Taxable: 1024M
[9.025s][info][gc          ] GC(83) Concurrent reset 3.841ms
[9.026s][info][gc,start    ] GC(83) Pause Init Mark (unload classes)
[9.026s][info][gc,task     ] GC(83) Using 6 of 6 workers for init marking
[9.026s][info][gc,ergo     ] GC(83) Pacer for Mark. Expected Live: 196M, Free: 207M, Non-Taxable: 21223K, Alloc Tax Rate: 1.2x
[9.026s][info][gc          ] GC(83) Pause Init Mark (unload classes) 0.269ms
[9.026s][info][gc,start    ] GC(83) Concurrent marking roots
[9.026s][info][gc,task     ] GC(83) Using 3 of 6 workers for concurrent marking roots
[9.027s][info][gc          ] GC(83) Concurrent marking roots 0.473ms
[9.027s][info][gc,start    ] GC(83) Concurrent marking (unload classes)
[9.027s][info][gc,task     ] GC(83) Using 3 of 6 workers for concurrent marking
[9.030s][info][gc          ] GC(83) Concurrent marking (unload classes) 3.686ms
[9.031s][info][gc,start    ] GC(83) Pause Final Mark (unload classes)
[9.031s][info][gc,task     ] GC(83) Using 6 of 6 workers for final marking
[9.031s][info][gc,ergo     ] GC(83) Adaptive CSet Selection. Target Free: 145M, Actual Free: 534M, Max CSet: 43690K, Min Garbage: 0B
[9.031s][info][gc,ergo     ] GC(83) Collectable Garbage: 460M (83%), Immediate: 292M (52%), CSet: 167M (30%)
[9.031s][info][gc,ergo     ] GC(83) Pacer for Evacuation. Used CSet: 210M, Free: 495M, Non-Taxable: 50688K, Alloc Tax Rate: 1.1x
[9.031s][info][gc          ] GC(83) Pause Final Mark (unload classes) 0.845ms
[9.032s][info][gc,start    ] GC(83) Concurrent thread roots
[9.032s][info][gc,task     ] GC(83) Using 3 of 6 workers for Concurrent thread roots
[9.032s][info][gc          ] GC(83) Concurrent thread roots 0.247ms
[9.032s][info][gc,start    ] GC(83) Concurrent weak references
[9.032s][info][gc,task     ] GC(83) Using 3 of 6 workers for concurrent weak references
[9.032s][info][gc,ref      ] GC(83) Encountered references: Soft: 47, Weak: 146, Final: 0, Phantom: 3
[9.032s][info][gc,ref      ] GC(83) Discovered  references: Soft: 0, Weak: 54, Final: 0, Phantom: 2
[9.032s][info][gc,ref      ] GC(83) Enqueued    references: Soft: 0, Weak: 0, Final: 0, Phantom: 0
[9.032s][info][gc          ] GC(83) Concurrent weak references 0.170ms
[9.032s][info][gc,start    ] GC(83) Concurrent weak roots
[9.032s][info][gc,task     ] GC(83) Using 3 of 6 workers for concurrent weak root
[9.032s][info][gc          ] GC(83) Concurrent weak roots 0.494ms
[9.033s][info][gc,start    ] GC(83) Concurrent cleanup
[9.033s][info][gc          ] GC(83) Concurrent cleanup 770M->478M(1024M) 0.172ms
[9.033s][info][gc,ergo     ] GC(83) Free: 483M, Max: 512K regular, 203M humongous, Frag: 58% external, 0% internal; Reserve: 52722K, Max: 512K
[9.033s][info][gc,start    ] GC(83) Concurrent class unloading
[9.033s][info][gc,task     ] GC(83) Using 3 of 6 workers for concurrent class unloading
[9.034s][info][gc          ] GC(83) Concurrent class unloading 1.321ms
[9.034s][info][gc,start    ] GC(83) Concurrent strong roots
[9.034s][info][gc,task     ] GC(83) Using 3 of 6 workers for concurrent strong root
[9.034s][info][gc          ] GC(83) Concurrent strong roots 0.188ms
[9.034s][info][gc,start    ] GC(83) Concurrent evacuation
[9.034s][info][gc,task     ] GC(83) Using 3 of 6 workers for concurrent evacuation
[9.061s][info][gc          ] GC(83) Concurrent evacuation 27.041ms
[9.062s][info][gc,start    ] GC(83) Pause Init Update Refs
[9.062s][info][gc,ergo     ] GC(83) Pacer for Update Refs. Used: 575M, Free: 429M, Non-Taxable: 43998K, Alloc Tax Rate: 1.6x
[9.062s][info][gc          ] GC(83) Pause Init Update Refs 0.100ms
[9.062s][info][gc,start    ] GC(83) Concurrent update references
[9.062s][info][gc,task     ] GC(83) Using 3 of 6 workers for concurrent reference update
[9.067s][info][gc          ] GC(83) Concurrent update references 4.461ms
[9.067s][info][gc,start    ] GC(83) Concurrent update thread roots
[9.067s][info][gc          ] GC(83) Concurrent update thread roots 0.636ms
[9.068s][info][gc,start    ] GC(83) Pause Final Update Refs
[9.068s][info][gc,task     ] GC(83) Using 6 of 6 workers for final reference update
[9.068s][info][gc          ] GC(83) Pause Final Update Refs 0.385ms
[9.068s][info][gc,start    ] GC(83) Concurrent cleanup
[9.068s][info][gc          ] GC(83) Concurrent cleanup 602M->394M(1024M) 0.258ms
[9.069s][info][gc,ergo     ] Free: 577M, Max: 512K regular, 175M humongous, Frag: 70% external, 36% internal; Reserve: 52736K, Max: 512K
[9.069s][info][gc,stats    ] 
[9.069s][info][gc,stats    ] All times are wall-clock times, except per-root-class counters, that are sum over
[9.069s][info][gc,stats    ] all workers. Dividing the <total> over the root stage time estimates parallelism.
[9.069s][info][gc,stats    ] 
[9.069s][info][gc,stats    ] Concurrent Reset                   4038 us
[9.069s][info][gc,stats    ] Pause Init Mark (G)                 620 us
[9.069s][info][gc,stats    ] Pause Init Mark (N)                 281 us
[9.069s][info][gc,stats    ]   Update Region States              154 us
[9.069s][info][gc,stats    ] Concurrent Mark Roots               500 us, parallelism: 0.86x
[9.069s][info][gc,stats    ]   CMR: <total>                      431 us
[9.069s][info][gc,stats    ]   CMR: Thread Roots                 308 us, workers (us):  24, 180, 103, ---, ---, ---, 
[9.069s][info][gc,stats    ]   CMR: VM Strong Roots               20 us, workers (us):  10,  10,   0, ---, ---, ---, 
[9.069s][info][gc,stats    ]   CMR: CLDG Roots                   103 us, workers (us): 103, ---, ---, ---, ---, ---, 
[9.069s][info][gc,stats    ] Concurrent Marking                 3823 us
[9.069s][info][gc,stats    ] Pause Final Mark (G)               1139 us
[9.069s][info][gc,stats    ] Pause Final Mark (N)                854 us
[9.069s][info][gc,stats    ]   Finish Mark                       371 us
[9.069s][info][gc,stats    ]   Update Region States              140 us
[9.069s][info][gc,stats    ]   Choose Collection Set             229 us
[9.069s][info][gc,stats    ]   Rebuild Free Set                   29 us
[9.069s][info][gc,stats    ] Concurrent Thread Roots             268 us, parallelism: 0.79x
[9.069s][info][gc,stats    ]   CTR: <total>                      213 us
[9.069s][info][gc,stats    ]   CTR: Thread Roots                 213 us, workers (us):  71,  57,  85, ---, ---, ---, 
[9.069s][info][gc,stats    ] Concurrent Weak References          174 us, parallelism: 0.12x
[9.069s][info][gc,stats    ]   CWRF: <total>                      21 us
[9.069s][info][gc,stats    ]   CWRF: Weak References              21 us, workers (us):  17,   4,   0, ---, ---, ---, 
[9.069s][info][gc,stats    ] Concurrent Weak Roots               521 us
[9.069s][info][gc,stats    ]   Roots                             355 us, parallelism: 1.35x
[9.069s][info][gc,stats    ]     CWR: <total>                    479 us
[9.069s][info][gc,stats    ]     CWR: Code Cache Roots           392 us, workers (us): 179,   0, 213, ---, ---, ---, 
[9.069s][info][gc,stats    ]     CWR: VM Weak Roots               68 us, workers (us):  44,  23,   1, ---, ---, ---, 
[9.069s][info][gc,stats    ]     CWR: CLDG Roots                  19 us, workers (us): ---,  19, ---, ---, ---, ---, 
[9.069s][info][gc,stats    ]   Rendezvous                        128 us
[9.069s][info][gc,stats    ] Concurrent Cleanup                  187 us
[9.069s][info][gc,stats    ] Concurrent Class Unloading         1380 us
[9.069s][info][gc,stats    ]   Unlink Stale                      980 us
[9.069s][info][gc,stats    ]     System Dictionary                11 us
[9.069s][info][gc,stats    ]     Weak Class Links                  1 us
[9.069s][info][gc,stats    ]     Code Roots                      964 us
[9.069s][info][gc,stats    ]   Rendezvous                        165 us
[9.069s][info][gc,stats    ]   Purge Unlinked                    157 us
[9.069s][info][gc,stats    ]     Code Roots                      129 us
[9.069s][info][gc,stats    ]     CLDG                             27 us
[9.069s][info][gc,stats    ]     Exception Caches                  0 us
[9.069s][info][gc,stats    ] Concurrent Strong Roots             225 us, parallelism: 0.25x
[9.069s][info][gc,stats    ]   CSR: <total>                       56 us
[9.069s][info][gc,stats    ]   CSR: VM Strong Roots                7 us, workers (us):   7,   0,   0, ---, ---, ---, 
[9.069s][info][gc,stats    ]   CSR: CLDG Roots                    49 us, workers (us):  49, ---, ---, ---, ---, ---, 
[9.069s][info][gc,stats    ] Concurrent Evacuation             27227 us
[9.069s][info][gc,stats    ] Pause Init Update Refs (G)          520 us
[9.069s][info][gc,stats    ] Pause Init Update Refs (N)          109 us
[9.069s][info][gc,stats    ]   Manage GCLABs                      13 us
[9.069s][info][gc,stats    ] Concurrent Update Refs             4651 us
[9.069s][info][gc,stats    ] Concurrent Update Thread Roots      713 us
[9.069s][info][gc,stats    ] Pause Final Update Refs (G)         695 us
[9.069s][info][gc,stats    ] Pause Final Update Refs (N)         415 us
[9.069s][info][gc,stats    ]   Update Region States              216 us
[9.069s][info][gc,stats    ]   Trash Collection Set               31 us
[9.069s][info][gc,stats    ]   Rebuild Free Set                   72 us
[9.069s][info][gc,stats    ] Concurrent Cleanup                  285 us
[9.069s][info][gc,stats    ] 
[9.069s][info][gc,stats    ] Allocation pacing accrued:
[9.069s][info][gc,stats    ]       0 of   143 ms (  0.0%): <total>
[9.070s][info][gc,stats    ]       0 of   143 ms (  0.0%): <average total>
[9.070s][info][gc,stats    ] 
[9.070s][info][gc,metaspace] Metaspace: 6358K(6528K)->6358K(6528K) NonClass: 5812K(5888K)->5812K(5888K) Class: 546K(640K)->546K(640K)
[9.070s][info][gc,ergo     ] Pacer for Idle. Initial: 20971K, Alloc Tax Rate: 1.0x
[9.162s][info][gc          ] Trigger: Average GC time (51.76 ms) is above the time for average allocation rate (3365 MB/s) to deplete free headroom (172M) (margin of error = 1.83)
[9.163s][info][gc,ergo     ] Free headroom: 223M (free) - 52428K (spike) - 0B (penalties) = 172M
[9.163s][info][gc,ergo     ] Free: 221M, Max: 512K regular, 175M humongous, Frag: 21% external, 21% internal; Reserve: 52736K, Max: 512K
[9.163s][info][gc,start    ] GC(84) Concurrent reset
[9.163s][info][gc,task     ] GC(84) Using 3 of 6 workers for concurrent reset
[9.163s][info][gc,ergo     ] GC(84) Pacer for Reset. Non-Taxable: 1024M
[9.167s][info][gc          ] GC(84) Concurrent reset 3.666ms
[9.171s][info][gc,start    ] GC(84) Pause Init Mark (unload classes)
[9.171s][info][gc,task     ] GC(84) Using 6 of 6 workers for init marking
[9.172s][info][gc,ergo     ] GC(84) Pacer for Mark. Expected Live: 196M, Free: 214M, Non-Taxable: 21926K, Alloc Tax Rate: 1.1x
[9.172s][info][gc          ] GC(84) Pause Init Mark (unload classes) 0.306ms
[9.172s][info][gc,start    ] GC(84) Concurrent marking roots
[9.172s][info][gc,task     ] GC(84) Using 3 of 6 workers for concurrent marking roots
[9.172s][info][gc          ] GC(84) Concurrent marking roots 0.249ms
[9.172s][info][gc,start    ] GC(84) Concurrent marking (unload classes)
[9.172s][info][gc,task     ] GC(84) Using 3 of 6 workers for concurrent marking
[9.174s][info][gc          ] GC(84) Concurrent marking (unload classes) 2.289ms
[9.174s][info][gc,start    ] GC(84) Pause Final Mark (unload classes)
[9.174s][info][gc,task     ] GC(84) Using 6 of 6 workers for final marking
[9.175s][info][gc,ergo     ] GC(84) Adaptive CSet Selection. Target Free: 145M, Actual Free: 563M, Max CSet: 43690K, Min Garbage: 0B
[9.175s][info][gc,ergo     ] GC(84) Collectable Garbage: 460M (84%), Immediate: 299M (54%), CSet: 160M (29%)
[9.175s][info][gc,ergo     ] GC(84) Pacer for Evacuation. Used CSet: 202M, Free: 524M, Non-Taxable: 53671K, Alloc Tax Rate: 1.1x
[9.175s][info][gc          ] GC(84) Pause Final Mark (unload classes) 1.029ms
[9.176s][info][gc,start    ] GC(84) Concurrent thread roots
[9.176s][info][gc,task     ] GC(84) Using 3 of 6 workers for Concurrent thread roots
[9.176s][info][gc          ] GC(84) Concurrent thread roots 0.232ms
[9.176s][info][gc,start    ] GC(84) Concurrent weak references
[9.176s][info][gc,task     ] GC(84) Using 3 of 6 workers for concurrent weak references
[9.176s][info][gc,ref      ] GC(84) Encountered references: Soft: 47, Weak: 146, Final: 0, Phantom: 3
[9.176s][info][gc,ref      ] GC(84) Discovered  references: Soft: 0, Weak: 98, Final: 0, Phantom: 2
[9.176s][info][gc,ref      ] GC(84) Enqueued    references: Soft: 0, Weak: 0, Final: 0, Phantom: 0
[9.176s][info][gc          ] GC(84) Concurrent weak references 0.109ms
[9.176s][info][gc,start    ] GC(84) Concurrent weak roots
[9.176s][info][gc,task     ] GC(84) Using 3 of 6 workers for concurrent weak root
[9.176s][info][gc          ] GC(84) Concurrent weak roots 0.561ms
[9.177s][info][gc,start    ] GC(84) Concurrent cleanup
[9.177s][info][gc          ] GC(84) Concurrent cleanup 744M->447M(1024M) 0.258ms
[9.177s][info][gc,ergo     ] GC(84) Free: 514M, Max: 512K regular, 208M humongous, Frag: 60% external, 0% internal; Reserve: 52718K, Max: 512K
[9.177s][info][gc,start    ] GC(84) Concurrent class unloading
[9.177s][info][gc,task     ] GC(84) Using 3 of 6 workers for concurrent class unloading
[9.179s][info][gc          ] GC(84) Concurrent class unloading 2.051ms
[9.179s][info][gc,start    ] GC(84) Concurrent strong roots
[9.179s][info][gc,task     ] GC(84) Using 3 of 6 workers for concurrent strong root
[9.180s][info][gc          ] GC(84) Concurrent strong roots 0.313ms
[9.180s][info][gc,start    ] GC(84) Concurrent evacuation
[9.180s][info][gc,task     ] GC(84) Using 3 of 6 workers for concurrent evacuation
[9.199s][info][gc          ] GC(84) Concurrent evacuation 19.199ms
[9.199s][info][gc,start    ] GC(84) Pause Init Update Refs
[9.199s][info][gc,ergo     ] GC(84) Pacer for Update Refs. Used: 559M, Free: 445M, Non-Taxable: 45613K, Alloc Tax Rate: 1.5x
[9.199s][info][gc          ] GC(84) Pause Init Update Refs 0.097ms
[9.200s][info][gc,start    ] GC(84) Concurrent update references
[9.200s][info][gc,task     ] GC(84) Using 3 of 6 workers for concurrent reference update
[9.204s][info][gc          ] GC(84) Concurrent update references 4.388ms
[9.204s][info][gc,start    ] GC(84) Concurrent update thread roots
[9.205s][info][gc          ] GC(84) Concurrent update thread roots 0.739ms
[9.205s][info][gc,start    ] GC(84) Pause Final Update Refs
[9.205s][info][gc,task     ] GC(84) Using 6 of 6 workers for final reference update
[9.206s][info][gc          ] GC(84) Pause Final Update Refs 0.421ms
[9.206s][info][gc,start    ] GC(84) Concurrent cleanup
[9.206s][info][gc          ] GC(84) Concurrent cleanup 582M->381M(1024M) 0.146ms
[9.206s][info][gc,ergo     ] Free: 590M, Max: 512K regular, 198M humongous, Frag: 66% external, 35% internal; Reserve: 52736K, Max: 512K
[9.206s][info][gc,stats    ] 
[9.206s][info][gc,stats    ] All times are wall-clock times, except per-root-class counters, that are sum over
[9.206s][info][gc,stats    ] all workers. Dividing the <total> over the root stage time estimates parallelism.
[9.206s][info][gc,stats    ] 
[9.206s][info][gc,stats    ] Concurrent Reset                   3822 us
[9.206s][info][gc,stats    ] Pause Init Mark (G)                4958 us
[9.206s][info][gc,stats    ] Pause Init Mark (N)                 316 us
[9.206s][info][gc,stats    ]   Update Region States              174 us
[9.206s][info][gc,stats    ] Concurrent Mark Roots               267 us, parallelism: 0.90x
[9.206s][info][gc,stats    ]   CMR: <total>                      241 us
[9.206s][info][gc,stats    ]   CMR: Thread Roots                 194 us, workers (us):  56,  89,  49, ---, ---, ---, 
[9.206s][info][gc,stats    ]   CMR: VM Strong Roots                7 us, workers (us):   6,   0,   0, ---, ---, ---, 
[9.206s][info][gc,stats    ]   CMR: CLDG Roots                    41 us, workers (us):  41, ---, ---, ---, ---, ---, 
[9.206s][info][gc,stats    ] Concurrent Marking                 2370 us
[9.206s][info][gc,stats    ] Pause Final Mark (G)               1296 us
[9.206s][info][gc,stats    ] Pause Final Mark (N)               1040 us
[9.206s][info][gc,stats    ]   Finish Mark                       465 us
[9.206s][info][gc,stats    ]   Update Region States              143 us
[9.206s][info][gc,stats    ]   Choose Collection Set             288 us
[9.206s][info][gc,stats    ]   Rebuild Free Set                   44 us
[9.206s][info][gc,stats    ] Concurrent Thread Roots             248 us, parallelism: 0.94x
[9.206s][info][gc,stats    ]   CTR: <total>                      232 us
[9.206s][info][gc,stats    ]   CTR: Thread Roots                 232 us, workers (us): 113,  60,  58, ---, ---, ---, 
[9.206s][info][gc,stats    ] Concurrent Weak References          116 us, parallelism: 0.17x
[9.206s][info][gc,stats    ]   CWRF: <total>                      19 us
[9.206s][info][gc,stats    ]   CWRF: Weak References              19 us, workers (us):  19,   0,   0, ---, ---, ---, 
[9.206s][info][gc,stats    ] Concurrent Weak Roots               726 us
[9.206s][info][gc,stats    ]   Roots                             283 us, parallelism: 1.16x
[9.206s][info][gc,stats    ]     CWR: <total>                    327 us
[9.206s][info][gc,stats    ]     CWR: Code Cache Roots           270 us, workers (us): 151,   0, 119, ---, ---, ---, 
[9.206s][info][gc,stats    ]     CWR: VM Weak Roots               46 us, workers (us):  33,  13,   1, ---, ---, ---, 
[9.206s][info][gc,stats    ]     CWR: CLDG Roots                  11 us, workers (us): ---,  11, ---, ---, ---, ---, 
[9.206s][info][gc,stats    ]   Rendezvous                        262 us
[9.206s][info][gc,stats    ] Concurrent Cleanup                  291 us
[9.206s][info][gc,stats    ] Concurrent Class Unloading         2237 us
[9.206s][info][gc,stats    ]   Unlink Stale                     1509 us
[9.206s][info][gc,stats    ]     System Dictionary                27 us
[9.206s][info][gc,stats    ]     Weak Class Links                  0 us
[9.206s][info][gc,stats    ]     Code Roots                     1476 us
[9.206s][info][gc,stats    ]   Rendezvous                        184 us
[9.206s][info][gc,stats    ]   Purge Unlinked                    323 us
[9.206s][info][gc,stats    ]     Code Roots                      287 us
[9.206s][info][gc,stats    ]     CLDG                             35 us
[9.206s][info][gc,stats    ]     Exception Caches                  1 us
[9.206s][info][gc,stats    ] Concurrent Strong Roots             343 us, parallelism: 0.31x
[9.206s][info][gc,stats    ]   CSR: <total>                      106 us
[9.206s][info][gc,stats    ]   CSR: VM Strong Roots               16 us, workers (us):  15,   1,   0, ---, ---, ---, 
[9.206s][info][gc,stats    ]   CSR: CLDG Roots                    91 us, workers (us):  91, ---, ---, ---, ---, ---, 
[9.206s][info][gc,stats    ] Concurrent Evacuation             19391 us
[9.206s][info][gc,stats    ] Pause Init Update Refs (G)          555 us
[9.206s][info][gc,stats    ] Pause Init Update Refs (N)          109 us
[9.206s][info][gc,stats    ]   Manage GCLABs                      14 us
[9.206s][info][gc,stats    ] Concurrent Update Refs             4592 us
[9.206s][info][gc,stats    ] Concurrent Update Thread Roots      842 us
[9.206s][info][gc,stats    ] Pause Final Update Refs (G)         758 us
[9.206s][info][gc,stats    ] Pause Final Update Refs (N)         449 us
[9.206s][info][gc,stats    ]   Update Region States              239 us
[9.206s][info][gc,stats    ]   Trash Collection Set               22 us
[9.206s][info][gc,stats    ]   Rebuild Free Set                   66 us
[9.206s][info][gc,stats    ] Concurrent Cleanup                  162 us
[9.206s][info][gc,stats    ] 
[9.206s][info][gc,stats    ] Allocation pacing accrued:
[9.206s][info][gc,stats    ]       0 of   137 ms (  0.0%): <total>
[9.206s][info][gc,stats    ]       0 of   137 ms (  0.0%): <average total>
[9.206s][info][gc,stats    ] 
[9.207s][info][gc,metaspace] Metaspace: 6358K(6528K)->6358K(6528K) NonClass: 5812K(5888K)->5812K(5888K) Class: 546K(640K)->546K(640K)
[9.207s][info][gc,ergo     ] Pacer for Idle. Initial: 20971K, Alloc Tax Rate: 1.0x
[9.289s][info][gc          ] Trigger: Average GC time (49.23 ms) is above the time for average allocation rate (3526 MB/s) to deplete free headroom (171M) (margin of error = 1.83)
[9.289s][info][gc,ergo     ] Free headroom: 222M (free) - 52428K (spike) - 0B (penalties) = 171M
[9.289s][info][gc,ergo     ] Free: 221M, Max: 512K regular, 198M humongous, Frag: 11% external, 1% internal; Reserve: 52736K, Max: 512K
[9.289s][info][gc,start    ] GC(85) Concurrent reset
[9.289s][info][gc,task     ] GC(85) Using 3 of 6 workers for concurrent reset
[9.289s][info][gc,ergo     ] GC(85) Pacer for Reset. Non-Taxable: 1024M
[9.293s][info][gc          ] GC(85) Concurrent reset 3.591ms
[9.293s][info][gc,start    ] GC(85) Pause Init Mark (unload classes)
[9.293s][info][gc,task     ] GC(85) Using 6 of 6 workers for init marking
[9.294s][info][gc,ergo     ] GC(85) Pacer for Mark. Expected Live: 196M, Free: 214M, Non-Taxable: 21965K, Alloc Tax Rate: 1.1x
[9.294s][info][gc          ] GC(85) Pause Init Mark (unload classes) 0.304ms
[9.294s][info][gc,start    ] GC(85) Concurrent marking roots
[9.294s][info][gc,task     ] GC(85) Using 3 of 6 workers for concurrent marking roots
[9.294s][info][gc          ] GC(85) Concurrent marking roots 0.450ms
[9.294s][info][gc,start    ] GC(85) Concurrent marking (unload classes)
[9.294s][info][gc,task     ] GC(85) Using 3 of 6 workers for concurrent marking
[9.304s][info][gc          ] GC(85) Concurrent marking (unload classes) 10.124ms
[9.305s][info][gc,start    ] GC(85) Pause Final Mark (unload classes)
[9.305s][info][gc,task     ] GC(85) Using 6 of 6 workers for final marking
[9.306s][info][gc,ergo     ] GC(85) Adaptive CSet Selection. Target Free: 145M, Actual Free: 534M, Max CSet: 43690K, Min Garbage: 0B
[9.306s][info][gc,ergo     ] GC(85) Collectable Garbage: 454M (83%), Immediate: 296M (54%), CSet: 158M (28%)
[9.306s][info][gc,ergo     ] GC(85) Pacer for Evacuation. Used CSet: 200M, Free: 495M, Non-Taxable: 50775K, Alloc Tax Rate: 1.1x
[9.306s][info][gc          ] GC(85) Pause Final Mark (unload classes) 1.040ms
[9.306s][info][gc,start    ] GC(85) Concurrent thread roots
[9.306s][info][gc,task     ] GC(85) Using 3 of 6 workers for Concurrent thread roots
[9.306s][info][gc          ] GC(85) Concurrent thread roots 0.262ms
[9.306s][info][gc,start    ] GC(85) Concurrent weak references
[9.306s][info][gc,task     ] GC(85) Using 3 of 6 workers for concurrent weak references
[9.306s][info][gc,ref      ] GC(85) Encountered references: Soft: 47, Weak: 146, Final: 0, Phantom: 3
[9.306s][info][gc,ref      ] GC(85) Discovered  references: Soft: 0, Weak: 47, Final: 0, Phantom: 2
[9.306s][info][gc,ref      ] GC(85) Enqueued    references: Soft: 0, Weak: 0, Final: 0, Phantom: 0
[9.306s][info][gc          ] GC(85) Concurrent weak references 0.101ms
[9.306s][info][gc,start    ] GC(85) Concurrent weak roots
[9.306s][info][gc,task     ] GC(85) Using 3 of 6 workers for concurrent weak root
[9.307s][info][gc          ] GC(85) Concurrent weak roots 0.399ms
[9.307s][info][gc,start    ] GC(85) Concurrent cleanup
[9.307s][info][gc          ] GC(85) Concurrent cleanup 772M->477M(1024M) 0.179ms
[9.307s][info][gc,ergo     ] GC(85) Free: 484M, Max: 512K regular, 206M humongous, Frag: 58% external, 0% internal; Reserve: 52722K, Max: 512K
[9.307s][info][gc,start    ] GC(85) Concurrent class unloading
[9.307s][info][gc,task     ] GC(85) Using 3 of 6 workers for concurrent class unloading
[9.309s][info][gc          ] GC(85) Concurrent class unloading 1.841ms
[9.309s][info][gc,start    ] GC(85) Concurrent strong roots
[9.309s][info][gc,task     ] GC(85) Using 3 of 6 workers for concurrent strong root
[9.309s][info][gc          ] GC(85) Concurrent strong roots 0.362ms
[9.309s][info][gc,start    ] GC(85) Concurrent evacuation
[9.309s][info][gc,task     ] GC(85) Using 3 of 6 workers for concurrent evacuation
[9.329s][info][gc          ] GC(85) Concurrent evacuation 19.650ms
[9.329s][info][gc,start    ] GC(85) Pause Init Update Refs
[9.330s][info][gc,ergo     ] GC(85) Pacer for Update Refs. Used: 587M, Free: 417M, Non-Taxable: 42770K, Alloc Tax Rate: 1.7x
[9.330s][info][gc          ] GC(85) Pause Init Update Refs 0.220ms
[9.330s][info][gc,start    ] GC(85) Concurrent update references
[9.330s][info][gc,task     ] GC(85) Using 3 of 6 workers for concurrent reference update
[9.334s][info][gc          ] GC(85) Concurrent update references 4.295ms
[9.334s][info][gc,start    ] GC(85) Concurrent update thread roots
[9.335s][info][gc          ] GC(85) Concurrent update thread roots 0.701ms
[9.335s][info][gc,start    ] GC(85) Pause Final Update Refs
[9.335s][info][gc,task     ] GC(85) Using 6 of 6 workers for final reference update
[9.336s][info][gc          ] GC(85) Pause Final Update Refs 0.330ms
[9.336s][info][gc,start    ] GC(85) Concurrent cleanup
[9.336s][info][gc          ] GC(85) Concurrent cleanup 611M->412M(1024M) 0.290ms
[9.336s][info][gc,ergo     ] Free: 559M, Max: 512K regular, 180M humongous, Frag: 68% external, 38% internal; Reserve: 52736K, Max: 512K
[9.336s][info][gc,stats    ] 
[9.336s][info][gc,stats    ] All times are wall-clock times, except per-root-class counters, that are sum over
[9.336s][info][gc,stats    ] all workers. Dividing the <total> over the root stage time estimates parallelism.
[9.336s][info][gc,stats    ] 
[9.336s][info][gc,stats    ] Concurrent Reset                   3751 us
[9.336s][info][gc,stats    ] Pause Init Mark (G)                 688 us
[9.336s][info][gc,stats    ] Pause Init Mark (N)                 317 us
[9.336s][info][gc,stats    ]   Update Region States              163 us
[9.336s][info][gc,stats    ] Concurrent Mark Roots               483 us, parallelism: 0.76x
[9.336s][info][gc,stats    ]   CMR: <total>                      366 us
[9.336s][info][gc,stats    ]   CMR: Thread Roots                 269 us, workers (us):  85,  98,  86, ---, ---, ---, 
[9.336s][info][gc,stats    ]   CMR: VM Strong Roots               13 us, workers (us):  12,   0,   1, ---, ---, ---, 
[9.336s][info][gc,stats    ]   CMR: CLDG Roots                    84 us, workers (us):  84, ---, ---, ---, ---, ---, 
[9.336s][info][gc,stats    ] Concurrent Marking                10255 us
[9.336s][info][gc,stats    ] Pause Final Mark (G)               1369 us
[9.336s][info][gc,stats    ] Pause Final Mark (N)               1061 us
[9.336s][info][gc,stats    ]   Finish Mark                       503 us
[9.336s][info][gc,stats    ]   Update Region States              191 us
[9.336s][info][gc,stats    ]   Choose Collection Set             217 us
[9.336s][info][gc,stats    ]   Rebuild Free Set                   37 us
[9.336s][info][gc,stats    ] Concurrent Thread Roots             279 us, parallelism: 0.78x
[9.336s][info][gc,stats    ]   CTR: <total>                      219 us
[9.336s][info][gc,stats    ]   CTR: Thread Roots                 219 us, workers (us):  68,  67,  83, ---, ---, ---, 
[9.336s][info][gc,stats    ] Concurrent Weak References          107 us, parallelism: 0.13x
[9.336s][info][gc,stats    ]   CWRF: <total>                      14 us
[9.337s][info][gc,stats    ]   CWRF: Weak References              14 us, workers (us):  13,   0,   0, ---, ---, ---, 
[9.337s][info][gc,stats    ] Concurrent Weak Roots               416 us
[9.337s][info][gc,stats    ]   Roots                             277 us, parallelism: 1.18x
[9.337s][info][gc,stats    ]     CWR: <total>                    328 us
[9.337s][info][gc,stats    ]     CWR: Code Cache Roots           263 us, workers (us):   0, 110, 153, ---, ---, ---, 
[9.337s][info][gc,stats    ]     CWR: VM Weak Roots               54 us, workers (us):  32,  19,   3, ---, ---, ---, 
[9.337s][info][gc,stats    ]     CWR: CLDG Roots                  11 us, workers (us):  11, ---, ---, ---, ---, ---, 
[9.337s][info][gc,stats    ]   Rendezvous                        108 us
[9.337s][info][gc,stats    ] Concurrent Cleanup                  188 us
[9.337s][info][gc,stats    ] Concurrent Class Unloading         2009 us
[9.337s][info][gc,stats    ]   Unlink Stale                     1226 us
[9.337s][info][gc,stats    ]     System Dictionary                18 us
[9.337s][info][gc,stats    ]     Weak Class Links                  1 us
[9.337s][info][gc,stats    ]     Code Roots                     1204 us
[9.337s][info][gc,stats    ]   Rendezvous                        242 us
[9.337s][info][gc,stats    ]   Purge Unlinked                    346 us
[9.337s][info][gc,stats    ]     Code Roots                      302 us
[9.337s][info][gc,stats    ]     CLDG                             42 us
[9.337s][info][gc,stats    ]     Exception Caches                  1 us
[9.337s][info][gc,stats    ] Concurrent Strong Roots             407 us, parallelism: 0.30x
[9.337s][info][gc,stats    ]   CSR: <total>                      123 us
[9.337s][info][gc,stats    ]   CSR: VM Strong Roots               14 us, workers (us):  13,   1,   0, ---, ---, ---, 
[9.337s][info][gc,stats    ]   CSR: CLDG Roots                   109 us, workers (us): 109, ---, ---, ---, ---, ---, 
[9.337s][info][gc,stats    ] Concurrent Evacuation             19831 us
[9.337s][info][gc,stats    ] Pause Init Update Refs (G)          649 us
[9.337s][info][gc,stats    ] Pause Init Update Refs (N)          231 us
[9.337s][info][gc,stats    ]   Manage GCLABs                     137 us
[9.337s][info][gc,stats    ] Concurrent Update Refs             4418 us
[9.337s][info][gc,stats    ] Concurrent Update Thread Roots      785 us
[9.337s][info][gc,stats    ] Pause Final Update Refs (G)         745 us
[9.337s][info][gc,stats    ] Pause Final Update Refs (N)         347 us
[9.337s][info][gc,stats    ]   Update Region States              177 us
[9.337s][info][gc,stats    ]   Trash Collection Set               25 us
[9.337s][info][gc,stats    ]   Rebuild Free Set                   62 us
[9.337s][info][gc,stats    ] Concurrent Cleanup                  352 us
[9.337s][info][gc,stats    ] 
[9.337s][info][gc,stats    ] Allocation pacing accrued:
[9.337s][info][gc,stats    ]       0 of   130 ms (  0.0%): <total>
[9.337s][info][gc,stats    ]       0 of   130 ms (  0.0%): <average total>
[9.337s][info][gc,stats    ] 
[9.337s][info][gc,metaspace] Metaspace: 6358K(6528K)->6358K(6528K) NonClass: 5812K(5888K)->5812K(5888K) Class: 546K(640K)->546K(640K)
[9.337s][info][gc,ergo     ] Pacer for Idle. Initial: 20971K, Alloc Tax Rate: 1.0x
[9.435s][info][gc          ] Trigger: Average GC time (50.54 ms) is above the time for average allocation rate (3252 MB/s) to deplete free headroom (161M) (margin of error = 1.84)
[9.436s][info][gc,ergo     ] Free headroom: 212M (free) - 52428K (spike) - 0B (penalties) = 161M
[9.436s][info][gc,ergo     ] Free: 210M, Max: 512K regular, 180M humongous, Frag: 14% external, 30% internal; Reserve: 52736K, Max: 512K
[9.436s][info][gc,start    ] GC(86) Concurrent reset
[9.436s][info][gc,task     ] GC(86) Using 3 of 6 workers for concurrent reset
[9.436s][info][gc,ergo     ] GC(86) Pacer for Reset. Non-Taxable: 1024M
[9.440s][info][gc          ] GC(86) Concurrent reset 4.392ms
[9.441s][info][gc,start    ] GC(86) Pause Init Mark (unload classes)
[9.441s][info][gc,task     ] GC(86) Using 6 of 6 workers for init marking
[9.441s][info][gc,ergo     ] GC(86) Pacer for Mark. Expected Live: 196M, Free: 203M, Non-Taxable: 20827K, Alloc Tax Rate: 1.2x
[9.441s][info][gc          ] GC(86) Pause Init Mark (unload classes) 0.328ms
[9.441s][info][gc,start    ] GC(86) Concurrent marking roots
[9.441s][info][gc,task     ] GC(86) Using 3 of 6 workers for concurrent marking roots
[9.441s][info][gc          ] GC(86) Concurrent marking roots 0.382ms
[9.441s][info][gc,start    ] GC(86) Concurrent marking (unload classes)
[9.441s][info][gc,task     ] GC(86) Using 3 of 6 workers for concurrent marking
[9.445s][info][gc          ] GC(86) Concurrent marking (unload classes) 3.322ms
[9.445s][info][gc,start    ] GC(86) Pause Final Mark (unload classes)
[9.445s][info][gc,task     ] GC(86) Using 6 of 6 workers for final marking
[9.446s][info][gc,ergo     ] GC(86) Adaptive CSet Selection. Target Free: 145M, Actual Free: 539M, Max CSet: 43690K, Min Garbage: 0B
[9.446s][info][gc,ergo     ] GC(86) Collectable Garbage: 468M (83%), Immediate: 308M (55%), CSet: 159M (28%)
[9.446s][info][gc,ergo     ] GC(86) Pacer for Evacuation. Used CSet: 201M, Free: 501M, Non-Taxable: 51324K, Alloc Tax Rate: 1.1x
[9.446s][info][gc          ] GC(86) Pause Final Mark (unload classes) 0.895ms
[9.446s][info][gc,start    ] GC(86) Concurrent thread roots
[9.446s][info][gc,task     ] GC(86) Using 3 of 6 workers for Concurrent thread roots
[9.446s][info][gc          ] GC(86) Concurrent thread roots 0.255ms
[9.446s][info][gc,start    ] GC(86) Concurrent weak references
[9.446s][info][gc,task     ] GC(86) Using 3 of 6 workers for concurrent weak references
[9.446s][info][gc,ref      ] GC(86) Encountered references: Soft: 47, Weak: 146, Final: 0, Phantom: 3
[9.446s][info][gc,ref      ] GC(86) Discovered  references: Soft: 0, Weak: 56, Final: 0, Phantom: 2
[9.446s][info][gc,ref      ] GC(86) Enqueued    references: Soft: 0, Weak: 0, Final: 0, Phantom: 0
[9.446s][info][gc          ] GC(86) Concurrent weak references 0.220ms
[9.446s][info][gc,start    ] GC(86) Concurrent weak roots
[9.446s][info][gc,task     ] GC(86) Using 3 of 6 workers for concurrent weak root
[9.447s][info][gc          ] GC(86) Concurrent weak roots 0.555ms
[9.447s][info][gc,start    ] GC(86) Concurrent cleanup
[9.447s][info][gc          ] GC(86) Concurrent cleanup 781M->473M(1024M) 0.177ms
[9.447s][info][gc,ergo     ] GC(86) Free: 488M, Max: 512K regular, 201M humongous, Frag: 59% external, 0% internal; Reserve: 52720K, Max: 512K
[9.447s][info][gc,start    ] GC(86) Concurrent class unloading
[9.447s][info][gc,task     ] GC(86) Using 3 of 6 workers for concurrent class unloading
[9.449s][info][gc          ] GC(86) Concurrent class unloading 1.531ms
[9.449s][info][gc,start    ] GC(86) Concurrent strong roots
[9.449s][info][gc,task     ] GC(86) Using 3 of 6 workers for concurrent strong root
[9.449s][info][gc          ] GC(86) Concurrent strong roots 0.318ms
[9.449s][info][gc,start    ] GC(86) Concurrent evacuation
[9.449s][info][gc,task     ] GC(86) Using 3 of 6 workers for concurrent evacuation
[9.469s][info][gc          ] GC(86) Concurrent evacuation 19.884ms
[9.470s][info][gc,start    ] GC(86) Pause Init Update Refs
[9.470s][info][gc,ergo     ] GC(86) Pacer for Update Refs. Used: 586M, Free: 418M, Non-Taxable: 42851K, Alloc Tax Rate: 1.7x
[9.470s][info][gc          ] GC(86) Pause Init Update Refs 0.098ms
[9.470s][info][gc,start    ] GC(86) Concurrent update references
[9.470s][info][gc,task     ] GC(86) Using 3 of 6 workers for concurrent reference update
[9.474s][info][gc          ] GC(86) Concurrent update references 4.211ms
[9.474s][info][gc,start    ] GC(86) Concurrent update thread roots
[9.475s][info][gc          ] GC(86) Concurrent update thread roots 0.748ms
[9.476s][info][gc,start    ] GC(86) Pause Final Update Refs
[9.476s][info][gc,task     ] GC(86) Using 6 of 6 workers for final reference update
[9.476s][info][gc          ] GC(86) Pause Final Update Refs 0.312ms
[9.476s][info][gc,start    ] GC(86) Concurrent cleanup
[9.476s][info][gc          ] GC(86) Concurrent cleanup 607M->406M(1024M) 0.131ms
[9.476s][info][gc,ergo     ] Free: 564M, Max: 512K regular, 176M humongous, Frag: 69% external, 37% internal; Reserve: 52736K, Max: 512K
[9.476s][info][gc,stats    ] 
[9.476s][info][gc,stats    ] All times are wall-clock times, except per-root-class counters, that are sum over
[9.476s][info][gc,stats    ] all workers. Dividing the <total> over the root stage time estimates parallelism.
[9.476s][info][gc,stats    ] 
[9.476s][info][gc,stats    ] Concurrent Reset                   4575 us
[9.476s][info][gc,stats    ] Pause Init Mark (G)                 721 us
[9.476s][info][gc,stats    ] Pause Init Mark (N)                 338 us
[9.476s][info][gc,stats    ]   Update Region States              185 us
[9.477s][info][gc,stats    ] Concurrent Mark Roots               421 us, parallelism: 0.77x
[9.477s][info][gc,stats    ]   CMR: <total>                      324 us
[9.477s][info][gc,stats    ]   CMR: Thread Roots                 247 us, workers (us):  74,  91,  82, ---, ---, ---, 
[9.477s][info][gc,stats    ]   CMR: VM Strong Roots                9 us, workers (us):   8,   0,   0, ---, ---, ---, 
[9.477s][info][gc,stats    ]   CMR: CLDG Roots                    68 us, workers (us):  68, ---, ---, ---, ---, ---, 
[9.477s][info][gc,stats    ] Concurrent Marking                 3399 us
[9.477s][info][gc,stats    ] Pause Final Mark (G)               1135 us
[9.477s][info][gc,stats    ] Pause Final Mark (N)                905 us
[9.477s][info][gc,stats    ]   Finish Mark                       387 us
[9.477s][info][gc,stats    ]   Update Region States              184 us
[9.477s][info][gc,stats    ]   Choose Collection Set             235 us
[9.477s][info][gc,stats    ]   Rebuild Free Set                   35 us
[9.477s][info][gc,stats    ] Concurrent Thread Roots             277 us, parallelism: 0.74x
[9.477s][info][gc,stats    ]   CTR: <total>                      205 us
[9.477s][info][gc,stats    ]   CTR: Thread Roots                 205 us, workers (us):  69,  63,  73, ---, ---, ---, 
[9.477s][info][gc,stats    ] Concurrent Weak References          229 us, parallelism: 0.07x
[9.477s][info][gc,stats    ]   CWRF: <total>                      17 us
[9.477s][info][gc,stats    ]   CWRF: Weak References              17 us, workers (us):  17,   0,   0, ---, ---, ---, 
[9.477s][info][gc,stats    ] Concurrent Weak Roots               584 us
[9.477s][info][gc,stats    ]   Roots                             402 us, parallelism: 0.98x
[9.477s][info][gc,stats    ]     CWR: <total>                    395 us
[9.477s][info][gc,stats    ]     CWR: Code Cache Roots           329 us, workers (us): 110, 219,   0, ---, ---, ---, 
[9.477s][info][gc,stats    ]     CWR: VM Weak Roots               54 us, workers (us):  52,   1,   1, ---, ---, ---, 
[9.477s][info][gc,stats    ]     CWR: CLDG Roots                  12 us, workers (us):  12, ---, ---, ---, ---, ---, 
[9.477s][info][gc,stats    ]   Rendezvous                        136 us
[9.477s][info][gc,stats    ] Concurrent Cleanup                  188 us
[9.477s][info][gc,stats    ] Concurrent Class Unloading         1722 us
[9.477s][info][gc,stats    ]   Unlink Stale                     1077 us
[9.477s][info][gc,stats    ]     System Dictionary                17 us
[9.477s][info][gc,stats    ]     Weak Class Links                  2 us
[9.477s][info][gc,stats    ]     Code Roots                     1054 us
[9.477s][info][gc,stats    ]   Rendezvous                        187 us
[9.477s][info][gc,stats    ]   Purge Unlinked                    243 us
[9.477s][info][gc,stats    ]     Code Roots                      216 us
[9.477s][info][gc,stats    ]     CLDG                             26 us
[9.477s][info][gc,stats    ]     Exception Caches                  0 us
[9.477s][info][gc,stats    ] Concurrent Strong Roots             358 us, parallelism: 0.32x
[9.477s][info][gc,stats    ]   CSR: <total>                      114 us
[9.477s][info][gc,stats    ]   CSR: VM Strong Roots               36 us, workers (us):   2,  34,   0, ---, ---, ---, 
[9.477s][info][gc,stats    ]   CSR: CLDG Roots                    78 us, workers (us):  78, ---, ---, ---, ---, ---, 
[9.477s][info][gc,stats    ] Concurrent Evacuation             20084 us
[9.477s][info][gc,stats    ] Pause Init Update Refs (G)          521 us
[9.477s][info][gc,stats    ] Pause Init Update Refs (N)          106 us
[9.477s][info][gc,stats    ]   Manage GCLABs                      12 us
[9.477s][info][gc,stats    ] Concurrent Update Refs             4419 us
[9.477s][info][gc,stats    ] Concurrent Update Thread Roots      811 us
[9.477s][info][gc,stats    ] Pause Final Update Refs (G)         851 us
[9.477s][info][gc,stats    ] Pause Final Update Refs (N)         329 us
[9.477s][info][gc,stats    ]   Update Region States              175 us
[9.477s][info][gc,stats    ]   Trash Collection Set               23 us
[9.477s][info][gc,stats    ]   Rebuild Free Set                   59 us
[9.477s][info][gc,stats    ] Concurrent Cleanup                  149 us
[9.477s][info][gc,stats    ] 
[9.477s][info][gc,stats    ] Allocation pacing accrued:
[9.477s][info][gc,stats    ]       0 of   140 ms (  0.0%): <total>
[9.477s][info][gc,stats    ]       0 of   140 ms (  0.0%): <average total>
[9.477s][info][gc,stats    ] 
[9.477s][info][gc,metaspace] Metaspace: 6358K(6528K)->6358K(6528K) NonClass: 5812K(5888K)->5812K(5888K) Class: 546K(640K)->546K(640K)
[9.477s][info][gc,ergo     ] Pacer for Idle. Initial: 20971K, Alloc Tax Rate: 1.0x
[9.567s][info][gc          ] Trigger: Average GC time (48.46 ms) is above the time for average allocation rate (3485 MB/s) to deplete free headroom (164M) (margin of error = 1.85)
[9.567s][info][gc,ergo     ] Free headroom: 215M (free) - 52428K (spike) - 0B (penalties) = 164M
[9.567s][info][gc,ergo     ] Free: 214M, Max: 512K regular, 176M humongous, Frag: 18% external, 5% internal; Reserve: 52736K, Max: 512K
[9.567s][info][gc,start    ] GC(87) Concurrent reset
[9.567s][info][gc,task     ] GC(87) Using 3 of 6 workers for concurrent reset
[9.567s][info][gc,ergo     ] GC(87) Pacer for Reset. Non-Taxable: 1024M
[9.571s][info][gc          ] GC(87) Concurrent reset 3.602ms
[9.571s][info][gc,start    ] GC(87) Pause Init Mark (unload classes)
[9.572s][info][gc,task     ] GC(87) Using 6 of 6 workers for init marking
[9.572s][info][gc,ergo     ] GC(87) Pacer for Mark. Expected Live: 196M, Free: 206M, Non-Taxable: 21160K, Alloc Tax Rate: 1.2x
[9.572s][info][gc          ] GC(87) Pause Init Mark (unload classes) 0.297ms
[9.572s][info][gc,start    ] GC(87) Concurrent marking roots
[9.572s][info][gc,task     ] GC(87) Using 3 of 6 workers for concurrent marking roots
[9.572s][info][gc          ] GC(87) Concurrent marking roots 0.493ms
[9.572s][info][gc,start    ] GC(87) Concurrent marking (unload classes)
[9.572s][info][gc,task     ] GC(87) Using 3 of 6 workers for concurrent marking
[9.575s][info][gc          ] GC(87) Concurrent marking (unload classes) 2.500ms
[9.575s][info][gc,start    ] GC(87) Pause Final Mark (unload classes)
[9.575s][info][gc,task     ] GC(87) Using 6 of 6 workers for final marking
[9.576s][info][gc,ergo     ] GC(87) Adaptive CSet Selection. Target Free: 145M, Actual Free: 512M, Max CSet: 43690K, Min Garbage: 0B
[9.576s][info][gc,ergo     ] GC(87) Collectable Garbage: 436M (78%), Immediate: 270M (48%), CSet: 166M (30%)
[9.576s][info][gc,ergo     ] GC(87) Pacer for Evacuation. Used CSet: 208M, Free: 473M, Non-Taxable: 48465K, Alloc Tax Rate: 1.1x
[9.576s][info][gc          ] GC(87) Pause Final Mark (unload classes) 0.514ms
[9.576s][info][gc,start    ] GC(87) Concurrent thread roots
[9.576s][info][gc,task     ] GC(87) Using 3 of 6 workers for Concurrent thread roots
[9.576s][info][gc          ] GC(87) Concurrent thread roots 0.149ms
[9.576s][info][gc,start    ] GC(87) Concurrent weak references
[9.576s][info][gc,task     ] GC(87) Using 3 of 6 workers for concurrent weak references
[9.576s][info][gc,ref      ] GC(87) Encountered references: Soft: 47, Weak: 146, Final: 0, Phantom: 3
[9.576s][info][gc,ref      ] GC(87) Discovered  references: Soft: 0, Weak: 43, Final: 0, Phantom: 2
[9.576s][info][gc,ref      ] GC(87) Enqueued    references: Soft: 0, Weak: 0, Final: 0, Phantom: 0
[9.576s][info][gc          ] GC(87) Concurrent weak references 0.071ms
[9.576s][info][gc,start    ] GC(87) Concurrent weak roots
[9.576s][info][gc,task     ] GC(87) Using 3 of 6 workers for concurrent weak root
[9.576s][info][gc          ] GC(87) Concurrent weak roots 0.347ms
[9.576s][info][gc,start    ] GC(87) Concurrent cleanup
[9.576s][info][gc          ] GC(87) Concurrent cleanup 767M->498M(1024M) 0.100ms
[9.577s][info][gc,ergo     ] GC(87) Free: 463M, Max: 512K regular, 198M humongous, Frag: 58% external, 0% internal; Reserve: 52722K, Max: 512K
[9.577s][info][gc,start    ] GC(87) Concurrent class unloading
[9.577s][info][gc,task     ] GC(87) Using 3 of 6 workers for concurrent class unloading
[9.578s][info][gc          ] GC(87) Concurrent class unloading 1.898ms
[9.579s][info][gc,start    ] GC(87) Concurrent strong roots
[9.579s][info][gc,task     ] GC(87) Using 3 of 6 workers for concurrent strong root
[9.580s][info][gc          ] GC(87) Concurrent strong roots 0.780ms
[9.580s][info][gc,start    ] GC(87) Concurrent evacuation
[9.580s][info][gc,task     ] GC(87) Using 3 of 6 workers for concurrent evacuation
[9.609s][info][gc          ] GC(87) Concurrent evacuation 29.314ms
[9.609s][info][gc,start    ] GC(87) Pause Init Update Refs
[9.609s][info][gc,ergo     ] GC(87) Pacer for Update Refs. Used: 602M, Free: 402M, Non-Taxable: 41256K, Alloc Tax Rate: 1.8x
[9.609s][info][gc          ] GC(87) Pause Init Update Refs 0.074ms
[9.610s][info][gc,start    ] GC(87) Concurrent update references
[9.610s][info][gc,task     ] GC(87) Using 3 of 6 workers for concurrent reference update
[9.615s][info][gc          ] GC(87) Concurrent update references 5.491ms
[9.615s][info][gc,start    ] GC(87) Concurrent update thread roots
[9.616s][info][gc          ] GC(87) Concurrent update thread roots 0.475ms
[9.616s][info][gc,start    ] GC(87) Pause Final Update Refs
[9.616s][info][gc,task     ] GC(87) Using 6 of 6 workers for final reference update
[9.616s][info][gc          ] GC(87) Pause Final Update Refs 0.216ms
[9.616s][info][gc,start    ] GC(87) Concurrent cleanup
[9.616s][info][gc          ] GC(87) Concurrent cleanup 621M->413M(1024M) 0.083ms
[9.616s][info][gc,ergo     ] Free: 558M, Max: 512K regular, 177M humongous, Frag: 68% external, 38% internal; Reserve: 52736K, Max: 512K
[9.616s][info][gc,stats    ] 
[9.616s][info][gc,stats    ] All times are wall-clock times, except per-root-class counters, that are sum over
[9.616s][info][gc,stats    ] all workers. Dividing the <total> over the root stage time estimates parallelism.
[9.616s][info][gc,stats    ] 
[9.616s][info][gc,stats    ] Concurrent Reset                   3819 us
[9.616s][info][gc,stats    ] Pause Init Mark (G)                 675 us
[9.616s][info][gc,stats    ] Pause Init Mark (N)                 308 us
[9.616s][info][gc,stats    ]   Update Region States              182 us
[9.616s][info][gc,stats    ] Concurrent Mark Roots               515 us, parallelism: 1.06x
[9.616s][info][gc,stats    ]   CMR: <total>                      548 us
[9.616s][info][gc,stats    ]   CMR: Thread Roots                 458 us, workers (us):  77,  79, 302, ---, ---, ---, 
[9.616s][info][gc,stats    ]   CMR: VM Strong Roots               13 us, workers (us):  12,   0,   0, ---, ---, ---, 
[9.616s][info][gc,stats    ]   CMR: CLDG Roots                    77 us, workers (us):  77, ---, ---, ---, ---, ---, 
[9.616s][info][gc,stats    ] Concurrent Marking                 2593 us
[9.616s][info][gc,stats    ] Pause Final Mark (G)                792 us
[9.616s][info][gc,stats    ] Pause Final Mark (N)                519 us
[9.616s][info][gc,stats    ]   Finish Mark                       262 us
[9.616s][info][gc,stats    ]   Update Region States               86 us
[9.616s][info][gc,stats    ]   Choose Collection Set              90 us
[9.616s][info][gc,stats    ]   Rebuild Free Set                   18 us
[9.616s][info][gc,stats    ] Concurrent Thread Roots             159 us, parallelism: 0.72x
[9.616s][info][gc,stats    ]   CTR: <total>                      115 us
[9.616s][info][gc,stats    ]   CTR: Thread Roots                 115 us, workers (us):  64,  46,   5, ---, ---, ---, 
[9.616s][info][gc,stats    ] Concurrent Weak References           75 us, parallelism: 0.10x
[9.616s][info][gc,stats    ]   CWRF: <total>                       8 us
[9.616s][info][gc,stats    ]   CWRF: Weak References               8 us, workers (us):   8,   0,   0, ---, ---, ---, 
[9.616s][info][gc,stats    ] Concurrent Weak Roots               362 us
[9.616s][info][gc,stats    ]   Roots                             257 us, parallelism: 1.36x
[9.616s][info][gc,stats    ]     CWR: <total>                    349 us
[9.616s][info][gc,stats    ]     CWR: Code Cache Roots           298 us, workers (us):   0, 148, 150, ---, ---, ---, 
[9.616s][info][gc,stats    ]     CWR: VM Weak Roots               38 us, workers (us):  22,  15,   1, ---, ---, ---, 
[9.616s][info][gc,stats    ]     CWR: CLDG Roots                  13 us, workers (us):  13, ---, ---, ---, ---, ---, 
[9.616s][info][gc,stats    ]   Rendezvous                         81 us
[9.616s][info][gc,stats    ] Concurrent Cleanup                  107 us
[9.616s][info][gc,stats    ] Concurrent Class Unloading         2233 us
[9.616s][info][gc,stats    ]   Unlink Stale                     1372 us
[9.616s][info][gc,stats    ]     System Dictionary                 9 us
[9.616s][info][gc,stats    ]     Weak Class Links                  0 us
[9.616s][info][gc,stats    ]     Code Roots                     1357 us
[9.616s][info][gc,stats    ]   Rendezvous                        223 us
[9.616s][info][gc,stats    ]   Purge Unlinked                    288 us
[9.616s][info][gc,stats    ]     Code Roots                      235 us
[9.616s][info][gc,stats    ]     CLDG                             52 us
[9.616s][info][gc,stats    ]     Exception Caches                  1 us
[9.616s][info][gc,stats    ] Concurrent Strong Roots             848 us, parallelism: 0.35x
[9.616s][info][gc,stats    ]   CSR: <total>                      299 us
[9.616s][info][gc,stats    ]   CSR: VM Strong Roots               60 us, workers (us):  48,  12,   0, ---, ---, ---, 
[9.616s][info][gc,stats    ]   CSR: CLDG Roots                   239 us, workers (us): 239, ---, ---, ---, ---, ---, 
[9.616s][info][gc,stats    ] Concurrent Evacuation             29477 us
[9.616s][info][gc,stats    ] Pause Init Update Refs (G)          432 us
[9.616s][info][gc,stats    ] Pause Init Update Refs (N)           83 us
[9.616s][info][gc,stats    ]   Manage GCLABs                       8 us
[9.616s][info][gc,stats    ] Concurrent Update Refs             5651 us
[9.616s][info][gc,stats    ] Concurrent Update Thread Roots      493 us
[9.616s][info][gc,stats    ] Pause Final Update Refs (G)         436 us
[9.616s][info][gc,stats    ] Pause Final Update Refs (N)         229 us
[9.616s][info][gc,stats    ]   Update Region States              127 us
[9.616s][info][gc,stats    ]   Trash Collection Set               13 us
[9.616s][info][gc,stats    ]   Rebuild Free Set                   26 us
[9.616s][info][gc,stats    ] Concurrent Cleanup                   90 us
[9.616s][info][gc,stats    ] 
[9.616s][info][gc,stats    ] Allocation pacing accrued:
[9.616s][info][gc,stats    ]       0 of   140 ms (  0.0%): <total>
[9.616s][info][gc,stats    ]       0 of   140 ms (  0.0%): <average total>
[9.617s][info][gc,stats    ] 
[9.617s][info][gc,metaspace] Metaspace: 6358K(6528K)->6358K(6528K) NonClass: 5812K(5888K)->5812K(5888K) Class: 546K(640K)->546K(640K)
[9.617s][info][gc,ergo     ] Pacer for Idle. Initial: 20971K, Alloc Tax Rate: 1.0x
[9.668s][info][gc          ] Trigger: Average GC time (52.78 ms) is above the time for average allocation rate (3980 MB/s) to deplete free headroom (182M) (margin of error = 1.87)
[9.668s][info][gc,ergo     ] Free headroom: 233M (free) - 52428K (spike) - 0B (penalties) = 182M
[9.668s][info][gc,ergo     ] Free: 232M, Max: 512K regular, 177M humongous, Frag: 24% external, 21% internal; Reserve: 52736K, Max: 512K
[9.668s][info][gc,start    ] GC(88) Concurrent reset
[9.668s][info][gc,task     ] GC(88) Using 3 of 6 workers for concurrent reset
[9.668s][info][gc,ergo     ] GC(88) Pacer for Reset. Non-Taxable: 1024M
[9.673s][info][gc          ] GC(88) Concurrent reset 4.429ms
[9.673s][info][gc,start    ] GC(88) Pause Init Mark (unload classes)
[9.673s][info][gc,task     ] GC(88) Using 6 of 6 workers for init marking
[9.673s][info][gc,ergo     ] GC(88) Pacer for Mark. Expected Live: 196M, Free: 223M, Non-Taxable: 22906K, Alloc Tax Rate: 1.1x
[9.673s][info][gc          ] GC(88) Pause Init Mark (unload classes) 0.256ms
[9.674s][info][gc,start    ] GC(88) Concurrent marking roots
[9.674s][info][gc,task     ] GC(88) Using 3 of 6 workers for concurrent marking roots
[9.674s][info][gc          ] GC(88) Concurrent marking roots 0.358ms
[9.674s][info][gc,start    ] GC(88) Concurrent marking (unload classes)
[9.674s][info][gc,task     ] GC(88) Using 3 of 6 workers for concurrent marking
[9.678s][info][gc          ] GC(88) Concurrent marking (unload classes) 4.400ms
[9.679s][info][gc,start    ] GC(88) Pause Final Mark (unload classes)
[9.679s][info][gc,task     ] GC(88) Using 6 of 6 workers for final marking
[9.679s][info][gc,ergo     ] GC(88) Adaptive CSet Selection. Target Free: 145M, Actual Free: 416M, Max CSet: 43690K, Min Garbage: 0B
[9.679s][info][gc,ergo     ] GC(88) Collectable Garbage: 338M (62%), Immediate: 166M (30%), CSet: 171M (31%)
[9.679s][info][gc,ergo     ] GC(88) Pacer for Evacuation. Used CSet: 214M, Free: 377M, Non-Taxable: 38621K, Alloc Tax Rate: 1.4x
[9.679s][info][gc          ] GC(88) Pause Final Mark (unload classes) 0.623ms
[9.679s][info][gc,start    ] GC(88) Concurrent thread roots
[9.679s][info][gc,task     ] GC(88) Using 3 of 6 workers for Concurrent thread roots
[9.680s][info][gc          ] GC(88) Concurrent thread roots 0.222ms
[9.680s][info][gc,start    ] GC(88) Concurrent weak references
[9.680s][info][gc,task     ] GC(88) Using 3 of 6 workers for concurrent weak references
[9.680s][info][gc,ref      ] GC(88) Encountered references: Soft: 47, Weak: 146, Final: 0, Phantom: 3
[9.680s][info][gc,ref      ] GC(88) Discovered  references: Soft: 0, Weak: 47, Final: 0, Phantom: 2
[9.680s][info][gc,ref      ] GC(88) Enqueued    references: Soft: 0, Weak: 0, Final: 0, Phantom: 0
[9.680s][info][gc          ] GC(88) Concurrent weak references 0.306ms
[9.680s][info][gc,start    ] GC(88) Concurrent weak roots
[9.680s][info][gc,task     ] GC(88) Using 3 of 6 workers for concurrent weak root
[9.680s][info][gc          ] GC(88) Concurrent weak roots 0.470ms
[9.680s][info][gc,start    ] GC(88) Concurrent cleanup
[9.681s][info][gc          ] GC(88) Concurrent cleanup 762M->597M(1024M) 0.214ms
[9.681s][info][gc,ergo     ] GC(88) Free: 362M, Max: 512K regular, 198M humongous, Frag: 46% external, 1% internal; Reserve: 52736K, Max: 512K
[9.681s][info][gc,start    ] GC(88) Concurrent class unloading
[9.681s][info][gc,task     ] GC(88) Using 3 of 6 workers for concurrent class unloading
[9.682s][info][gc          ] GC(88) Concurrent class unloading 1.612ms
[9.682s][info][gc,start    ] GC(88) Concurrent strong roots
[9.682s][info][gc,task     ] GC(88) Using 3 of 6 workers for concurrent strong root
[9.683s][info][gc          ] GC(88) Concurrent strong roots 0.235ms
[9.683s][info][gc,start    ] GC(88) Concurrent evacuation
[9.683s][info][gc,task     ] GC(88) Using 3 of 6 workers for concurrent evacuation
[9.701s][info][gc          ] GC(88) Concurrent evacuation 17.910ms
[9.701s][info][gc,start    ] GC(88) Pause Init Update Refs
[9.701s][info][gc,ergo     ] GC(88) Pacer for Update Refs. Used: 705M, Free: 297M, Non-Taxable: 30498K, Alloc Tax Rate: 2.9x
[9.701s][info][gc          ] GC(88) Pause Init Update Refs 0.040ms
[9.701s][info][gc,start    ] GC(88) Concurrent update references
[9.701s][info][gc,task     ] GC(88) Using 3 of 6 workers for concurrent reference update
[9.705s][info][gc          ] GC(88) Concurrent update references 4.245ms
[9.705s][info][gc,start    ] GC(88) Concurrent update thread roots
[9.706s][info][gc          ] GC(88) Concurrent update thread roots 0.416ms
[9.706s][info][gc,start    ] GC(88) Pause Final Update Refs
[9.706s][info][gc,task     ] GC(88) Using 6 of 6 workers for final reference update
[9.706s][info][gc          ] GC(88) Pause Final Update Refs 0.223ms
[9.706s][info][gc,start    ] GC(88) Concurrent cleanup
[9.706s][info][gc          ] GC(88) Concurrent cleanup 729M->516M(1024M) 0.104ms
[9.706s][info][gc,ergo     ] Free: 455M, Max: 512K regular, 170M humongous, Frag: 62% external, 47% internal; Reserve: 52736K, Max: 512K
[9.706s][info][gc,stats    ] 
[9.706s][info][gc,stats    ] All times are wall-clock times, except per-root-class counters, that are sum over
[9.706s][info][gc,stats    ] all workers. Dividing the <total> over the root stage time estimates parallelism.
[9.706s][info][gc,stats    ] 
[9.706s][info][gc,stats    ] Concurrent Reset                   4621 us
[9.706s][info][gc,stats    ] Pause Init Mark (G)                 654 us
[9.706s][info][gc,stats    ] Pause Init Mark (N)                 266 us
[9.706s][info][gc,stats    ]   Update Region States              152 us
[9.706s][info][gc,stats    ] Concurrent Mark Roots               378 us, parallelism: 0.92x
[9.706s][info][gc,stats    ]   CMR: <total>                      346 us
[9.706s][info][gc,stats    ]   CMR: Thread Roots                 254 us, workers (us):  96,  87,  72, ---, ---, ---, 
[9.706s][info][gc,stats    ]   CMR: VM Strong Roots               11 us, workers (us):  10,   0,   0, ---, ---, ---, 
[9.706s][info][gc,stats    ]   CMR: CLDG Roots                    81 us, workers (us):  81, ---, ---, ---, ---, ---, 
[9.706s][info][gc,stats    ] Concurrent Marking                 4480 us
[9.706s][info][gc,stats    ] Pause Final Mark (G)                851 us
[9.706s][info][gc,stats    ] Pause Final Mark (N)                630 us
[9.706s][info][gc,stats    ]   Finish Mark                       300 us
[9.706s][info][gc,stats    ]   Update Region States               91 us
[9.707s][info][gc,stats    ]   Choose Collection Set             151 us
[9.707s][info][gc,stats    ]   Rebuild Free Set                   22 us
[9.707s][info][gc,stats    ] Concurrent Thread Roots             240 us, parallelism: 0.79x
[9.707s][info][gc,stats    ]   CTR: <total>                      190 us
[9.707s][info][gc,stats    ]   CTR: Thread Roots                 190 us, workers (us):  61,  62,  68, ---, ---, ---, 
[9.707s][info][gc,stats    ] Concurrent Weak References          317 us, parallelism: 0.07x
[9.707s][info][gc,stats    ]   CWRF: <total>                      23 us
[9.707s][info][gc,stats    ]   CWRF: Weak References              23 us, workers (us):  23,   0,   0, ---, ---, ---, 
[9.707s][info][gc,stats    ] Concurrent Weak Roots               498 us
[9.707s][info][gc,stats    ]   Roots                             357 us, parallelism: 1.05x
[9.707s][info][gc,stats    ]     CWR: <total>                    375 us
[9.707s][info][gc,stats    ]     CWR: Code Cache Roots           325 us, workers (us): 116, 210,   0, ---, ---, ---, 
[9.707s][info][gc,stats    ]     CWR: VM Weak Roots               41 us, workers (us):  30,   9,   1, ---, ---, ---, 
[9.707s][info][gc,stats    ]     CWR: CLDG Roots                   9 us, workers (us):   9, ---, ---, ---, ---, ---, 
[9.707s][info][gc,stats    ]   Rendezvous                         94 us
[9.707s][info][gc,stats    ] Concurrent Cleanup                  231 us
[9.707s][info][gc,stats    ] Concurrent Class Unloading         1731 us
[9.707s][info][gc,stats    ]   Unlink Stale                     1077 us
[9.707s][info][gc,stats    ]     System Dictionary                18 us
[9.707s][info][gc,stats    ]     Weak Class Links                  1 us
[9.707s][info][gc,stats    ]     Code Roots                     1056 us
[9.707s][info][gc,stats    ]   Rendezvous                        223 us
[9.707s][info][gc,stats    ]   Purge Unlinked                    284 us
[9.707s][info][gc,stats    ]     Code Roots                      234 us
[9.707s][info][gc,stats    ]     CLDG                             49 us
[9.707s][info][gc,stats    ]     Exception Caches                  0 us
[9.707s][info][gc,stats    ] Concurrent Strong Roots             266 us, parallelism: 0.17x
[9.707s][info][gc,stats    ]   CSR: <total>                       45 us
[9.707s][info][gc,stats    ]   CSR: VM Strong Roots                6 us, workers (us):   5,   0,   0, ---, ---, ---, 
[9.707s][info][gc,stats    ]   CSR: CLDG Roots                    39 us, workers (us):  39, ---, ---, ---, ---, ---, 
[9.707s][info][gc,stats    ] Concurrent Evacuation             18001 us
[9.707s][info][gc,stats    ] Pause Init Update Refs (G)          323 us
[9.707s][info][gc,stats    ] Pause Init Update Refs (N)           44 us
[9.707s][info][gc,stats    ]   Manage GCLABs                       5 us
[9.707s][info][gc,stats    ] Concurrent Update Refs             4349 us
[9.707s][info][gc,stats    ] Concurrent Update Thread Roots      439 us
[9.707s][info][gc,stats    ] Pause Final Update Refs (G)         439 us
[9.707s][info][gc,stats    ] Pause Final Update Refs (N)         235 us
[9.707s][info][gc,stats    ]   Update Region States              144 us
[9.707s][info][gc,stats    ]   Trash Collection Set               18 us
[9.707s][info][gc,stats    ]   Rebuild Free Set                   29 us
[9.707s][info][gc,stats    ] Concurrent Cleanup                  115 us
[9.707s][info][gc,stats    ] 
[9.707s][info][gc,stats    ] Allocation pacing accrued:
[9.707s][info][gc,stats    ]       0 of    90 ms (  0.0%): <total>
[9.707s][info][gc,stats    ]       0 of    90 ms (  0.0%): <average total>
[9.707s][info][gc,stats    ] 
[9.707s][info][gc,metaspace] Metaspace: 6358K(6528K)->6358K(6528K) NonClass: 5812K(5888K)->5812K(5888K) Class: 546K(640K)->546K(640K)
[9.707s][info][gc,ergo     ] Pacer for Idle. Initial: 20971K, Alloc Tax Rate: 1.0x
[9.736s][info][gc          ] Trigger: Average GC time (50.81 ms) is above the time for average allocation rate (3981 MB/s) to deplete free headroom (200M) (margin of error = 1.89)
[9.736s][info][gc,ergo     ] Free headroom: 251M (free) - 52428K (spike) - 0B (penalties) = 200M
[9.736s][info][gc,ergo     ] Free: 250M, Max: 512K regular, 170M humongous, Frag: 31% external, 31% internal; Reserve: 52736K, Max: 512K
[9.736s][info][gc,start    ] GC(89) Concurrent reset
[9.736s][info][gc,task     ] GC(89) Using 3 of 6 workers for concurrent reset
[9.736s][info][gc,ergo     ] GC(89) Pacer for Reset. Non-Taxable: 1024M
[9.740s][info][gc          ] GC(89) Concurrent reset 4.308ms
[9.741s][info][gc,start    ] GC(89) Pause Init Mark (unload classes)
[9.741s][info][gc,task     ] GC(89) Using 6 of 6 workers for init marking
[9.741s][info][gc,ergo     ] GC(89) Pacer for Mark. Expected Live: 196M, Free: 236M, Non-Taxable: 24267K, Alloc Tax Rate: 1.0x
[9.741s][info][gc          ] GC(89) Pause Init Mark (unload classes) 0.260ms
[9.741s][info][gc,start    ] GC(89) Concurrent marking roots
[9.741s][info][gc,task     ] GC(89) Using 3 of 6 workers for concurrent marking roots
[9.741s][info][gc          ] GC(89) Concurrent marking roots 0.287ms
[9.741s][info][gc,start    ] GC(89) Concurrent marking (unload classes)
[9.741s][info][gc,task     ] GC(89) Using 3 of 6 workers for concurrent marking
[9.744s][info][gc          ] GC(89) Concurrent marking (unload classes) 3.047ms
[9.745s][info][gc,start    ] GC(89) Pause Final Mark (unload classes)
[9.745s][info][gc,task     ] GC(89) Using 6 of 6 workers for final marking
[9.745s][info][gc,ergo     ] GC(89) Adaptive CSet Selection. Target Free: 145M, Actual Free: 418M, Max CSet: 43690K, Min Garbage: 0B
[9.745s][info][gc,ergo     ] GC(89) Collectable Garbage: 324M (61%), Immediate: 153M (29%), CSet: 171M (32%)
[9.745s][info][gc,ergo     ] GC(89) Pacer for Evacuation. Used CSet: 214M, Free: 379M, Non-Taxable: 38813K, Alloc Tax Rate: 1.4x
[9.745s][info][gc          ] GC(89) Pause Final Mark (unload classes) 0.762ms
[9.745s][info][gc,start    ] GC(89) Concurrent thread roots
[9.746s][info][gc,task     ] GC(89) Using 3 of 6 workers for Concurrent thread roots
[9.746s][info][gc          ] GC(89) Concurrent thread roots 0.203ms
[9.746s][info][gc,start    ] GC(89) Concurrent weak references
[9.746s][info][gc,task     ] GC(89) Using 3 of 6 workers for concurrent weak references
[9.746s][info][gc,ref      ] GC(89) Encountered references: Soft: 47, Weak: 146, Final: 0, Phantom: 3
[9.746s][info][gc,ref      ] GC(89) Discovered  references: Soft: 0, Weak: 49, Final: 0, Phantom: 2
[9.746s][info][gc,ref      ] GC(89) Enqueued    references: Soft: 0, Weak: 0, Final: 0, Phantom: 0
[9.746s][info][gc          ] GC(89) Concurrent weak references 0.086ms
[9.746s][info][gc,start    ] GC(89) Concurrent weak roots
[9.746s][info][gc,task     ] GC(89) Using 3 of 6 workers for concurrent weak root
[9.746s][info][gc          ] GC(89) Concurrent weak roots 0.337ms
[9.746s][info][gc,start    ] GC(89) Concurrent cleanup
[9.746s][info][gc          ] GC(89) Concurrent cleanup 747M->594M(1024M) 0.123ms
[9.746s][info][gc,ergo     ] GC(89) Free: 365M, Max: 512K regular, 181M humongous, Frag: 51% external, 2% internal; Reserve: 52722K, Max: 512K
[9.746s][info][gc,start    ] GC(89) Concurrent class unloading
[9.746s][info][gc,task     ] GC(89) Using 3 of 6 workers for concurrent class unloading
[9.747s][info][gc          ] GC(89) Concurrent class unloading 0.865ms
[9.747s][info][gc,start    ] GC(89) Concurrent strong roots
[9.747s][info][gc,task     ] GC(89) Using 3 of 6 workers for concurrent strong root
[9.747s][info][gc          ] GC(89) Concurrent strong roots 0.208ms
[9.747s][info][gc,start    ] GC(89) Concurrent evacuation
[9.747s][info][gc,task     ] GC(89) Using 3 of 6 workers for concurrent evacuation
[9.764s][info][gc          ] GC(89) Concurrent evacuation 16.591ms
[9.764s][info][gc,start    ] GC(89) Pause Init Update Refs
[9.764s][info][gc,ergo     ] GC(89) Pacer for Update Refs. Used: 700M, Free: 303M, Non-Taxable: 31040K, Alloc Tax Rate: 2.8x
[9.764s][info][gc          ] GC(89) Pause Init Update Refs 0.046ms
[9.765s][info][gc,start    ] GC(89) Concurrent update references
[9.765s][info][gc,task     ] GC(89) Using 3 of 6 workers for concurrent reference update
[9.769s][info][gc          ] GC(89) Concurrent update references 4.498ms
[9.769s][info][gc,start    ] GC(89) Concurrent update thread roots
[9.770s][info][gc          ] GC(89) Concurrent update thread roots 0.587ms
[9.770s][info][gc,start    ] GC(89) Pause Final Update Refs
[9.770s][info][gc,task     ] GC(89) Using 6 of 6 workers for final reference update
[9.770s][info][gc          ] GC(89) Pause Final Update Refs 0.225ms
[9.770s][info][gc,start    ] GC(89) Concurrent cleanup
[9.770s][info][gc          ] GC(89) Concurrent cleanup 729M->516M(1024M) 0.085ms
[9.770s][info][gc,ergo     ] Free: 454M, Max: 512K regular, 176M humongous, Frag: 61% external, 46% internal; Reserve: 52736K, Max: 512K
[9.770s][info][gc,stats    ] 
[9.770s][info][gc,stats    ] All times are wall-clock times, except per-root-class counters, that are sum over
[9.770s][info][gc,stats    ] all workers. Dividing the <total> over the root stage time estimates parallelism.
[9.770s][info][gc,stats    ] 
[9.770s][info][gc,stats    ] Concurrent Reset                   4415 us
[9.770s][info][gc,stats    ] Pause Init Mark (G)                 587 us
[9.770s][info][gc,stats    ] Pause Init Mark (N)                 267 us
[9.770s][info][gc,stats    ]   Update Region States              180 us
[9.770s][info][gc,stats    ] Concurrent Mark Roots               303 us, parallelism: 1.10x
[9.770s][info][gc,stats    ]   CMR: <total>                      334 us
[9.770s][info][gc,stats    ]   CMR: Thread Roots                 269 us, workers (us):  79, 104,  86, ---, ---, ---, 
[9.770s][info][gc,stats    ]   CMR: VM Strong Roots               11 us, workers (us):  10,   1,   0, ---, ---, ---, 
[9.770s][info][gc,stats    ]   CMR: CLDG Roots                    55 us, workers (us):  55, ---, ---, ---, ---, ---, 
[9.770s][info][gc,stats    ] Concurrent Marking                 3162 us
[9.770s][info][gc,stats    ] Pause Final Mark (G)                996 us
[9.770s][info][gc,stats    ] Pause Final Mark (N)                768 us
[9.770s][info][gc,stats    ]   Finish Mark                       322 us
[9.770s][info][gc,stats    ]   Update Region States              201 us
[9.770s][info][gc,stats    ]   Choose Collection Set             153 us
[9.770s][info][gc,stats    ]   Rebuild Free Set                   22 us
[9.770s][info][gc,stats    ] Concurrent Thread Roots             217 us, parallelism: 0.81x
[9.770s][info][gc,stats    ]   CTR: <total>                      175 us
[9.770s][info][gc,stats    ]   CTR: Thread Roots                 175 us, workers (us):  59,  59,  58, ---, ---, ---, 
[9.770s][info][gc,stats    ] Concurrent Weak References           90 us, parallelism: 0.14x
[9.770s][info][gc,stats    ]   CWRF: <total>                      12 us
[9.770s][info][gc,stats    ]   CWRF: Weak References              12 us, workers (us):  12,   0,   0, ---, ---, ---, 
[9.770s][info][gc,stats    ] Concurrent Weak Roots               349 us
[9.770s][info][gc,stats    ]   Roots                             250 us, parallelism: 1.36x
[9.770s][info][gc,stats    ]     CWR: <total>                    339 us
[9.770s][info][gc,stats    ]     CWR: Code Cache Roots           265 us, workers (us): 131, 134,   0, ---, ---, ---, 
[9.770s][info][gc,stats    ]     CWR: VM Weak Roots               47 us, workers (us):  31,  15,   1, ---, ---, ---, 
[9.770s][info][gc,stats    ]     CWR: CLDG Roots                  28 us, workers (us): ---, ---,  28, ---, ---, ---, 
[9.770s][info][gc,stats    ]   Rendezvous                         78 us
[9.770s][info][gc,stats    ] Concurrent Cleanup                  128 us
[9.770s][info][gc,stats    ] Concurrent Class Unloading          919 us
[9.770s][info][gc,stats    ]   Unlink Stale                      563 us
[9.770s][info][gc,stats    ]     System Dictionary                 7 us
[9.770s][info][gc,stats    ]     Weak Class Links                  0 us
[9.770s][info][gc,stats    ]     Code Roots                      555 us
[9.770s][info][gc,stats    ]   Rendezvous                         89 us
[9.770s][info][gc,stats    ]   Purge Unlinked                    201 us
[9.771s][info][gc,stats    ]     Code Roots                      153 us
[9.771s][info][gc,stats    ]     CLDG                             48 us
[9.771s][info][gc,stats    ]     Exception Caches                  0 us
[9.771s][info][gc,stats    ] Concurrent Strong Roots             237 us, parallelism: 0.27x
[9.771s][info][gc,stats    ]   CSR: <total>                       64 us
[9.771s][info][gc,stats    ]   CSR: VM Strong Roots                8 us, workers (us):   5,   2,   0, ---, ---, ---, 
[9.771s][info][gc,stats    ]   CSR: CLDG Roots                    56 us, workers (us):  56, ---, ---, ---, ---, ---, 
[9.771s][info][gc,stats    ] Concurrent Evacuation             16693 us
[9.771s][info][gc,stats    ] Pause Init Update Refs (G)          369 us
[9.771s][info][gc,stats    ] Pause Init Update Refs (N)           51 us
[9.771s][info][gc,stats    ]   Manage GCLABs                       7 us
[9.771s][info][gc,stats    ] Concurrent Update Refs             4615 us
[9.771s][info][gc,stats    ] Concurrent Update Thread Roots      613 us
[9.771s][info][gc,stats    ] Pause Final Update Refs (G)         428 us
[9.771s][info][gc,stats    ] Pause Final Update Refs (N)         237 us
[9.771s][info][gc,stats    ]   Update Region States              138 us
[9.771s][info][gc,stats    ]   Trash Collection Set               15 us
[9.771s][info][gc,stats    ]   Rebuild Free Set                   41 us
[9.771s][info][gc,stats    ] Concurrent Cleanup                   91 us
[9.771s][info][gc,stats    ] 
[9.771s][info][gc,stats    ] Allocation pacing accrued:
[9.771s][info][gc,stats    ]       0 of    64 ms (  0.0%): <total>
[9.771s][info][gc,stats    ]       0 of    64 ms (  0.0%): <average total>
[9.771s][info][gc,stats    ] 
[9.771s][info][gc,metaspace] Metaspace: 6358K(6528K)->6358K(6528K) NonClass: 5812K(5888K)->5812K(5888K) Class: 546K(640K)->546K(640K)
[9.771s][info][gc,ergo     ] Pacer for Idle. Initial: 20971K, Alloc Tax Rate: 1.0x
[9.812s][info][gc          ] Trigger: Average GC time (47.78 ms) is above the time for average allocation rate (3982 MB/s) to deplete free headroom (185M) (margin of error = 1.91)
[9.812s][info][gc,ergo     ] Free headroom: 236M (free) - 52428K (spike) - 0B (penalties) = 185M
[9.812s][info][gc,ergo     ] Free: 235M, Max: 512K regular, 176M humongous, Frag: 25% external, 9% internal; Reserve: 52736K, Max: 512K
[9.812s][info][gc,start    ] GC(90) Concurrent reset
[9.812s][info][gc,task     ] GC(90) Using 3 of 6 workers for concurrent reset
[9.812s][info][gc,ergo     ] GC(90) Pacer for Reset. Non-Taxable: 1024M
[9.817s][info][gc          ] GC(90) Concurrent reset 4.120ms
[9.817s][info][gc,start    ] GC(90) Pause Init Mark (unload classes)
[9.817s][info][gc,task     ] GC(90) Using 6 of 6 workers for init marking
[9.817s][info][gc,ergo     ] GC(90) Pacer for Mark. Expected Live: 196M, Free: 223M, Non-Taxable: 22846K, Alloc Tax Rate: 1.1x
[9.817s][info][gc          ] GC(90) Pause Init Mark (unload classes) 0.211ms
[9.817s][info][gc,start    ] GC(90) Concurrent marking roots
[9.817s][info][gc,task     ] GC(90) Using 3 of 6 workers for concurrent marking roots
[9.817s][info][gc          ] GC(90) Concurrent marking roots 0.271ms
[9.817s][info][gc,start    ] GC(90) Concurrent marking (unload classes)
[9.817s][info][gc,task     ] GC(90) Using 3 of 6 workers for concurrent marking
[9.821s][info][gc          ] GC(90) Concurrent marking (unload classes) 3.364ms
[9.821s][info][gc,start    ] GC(90) Pause Final Mark (unload classes)
[9.821s][info][gc,task     ] GC(90) Using 6 of 6 workers for final marking
[9.822s][info][gc,ergo     ] GC(90) Adaptive CSet Selection. Target Free: 145M, Actual Free: 425M, Max CSet: 43690K, Min Garbage: 0B
[9.822s][info][gc,ergo     ] GC(90) Collectable Garbage: 344M (63%), Immediate: 172M (31%), CSet: 172M (31%)
[9.822s][info][gc,ergo     ] GC(90) Pacer for Evacuation. Used CSet: 214M, Free: 385M, Non-Taxable: 39499K, Alloc Tax Rate: 1.4x
[9.822s][info][gc          ] GC(90) Pause Final Mark (unload classes) 0.644ms
[9.822s][info][gc,start    ] GC(90) Concurrent thread roots
[9.822s][info][gc,task     ] GC(90) Using 3 of 6 workers for Concurrent thread roots
[9.822s][info][gc          ] GC(90) Concurrent thread roots 0.278ms
[9.822s][info][gc,start    ] GC(90) Concurrent weak references
[9.822s][info][gc,task     ] GC(90) Using 3 of 6 workers for concurrent weak references
[9.822s][info][gc,ref      ] GC(90) Encountered references: Soft: 47, Weak: 146, Final: 0, Phantom: 3
[9.822s][info][gc,ref      ] GC(90) Discovered  references: Soft: 0, Weak: 52, Final: 0, Phantom: 2
[9.822s][info][gc,ref      ] GC(90) Enqueued    references: Soft: 0, Weak: 0, Final: 0, Phantom: 0
[9.822s][info][gc          ] GC(90) Concurrent weak references 0.135ms
[9.822s][info][gc,start    ] GC(90) Concurrent weak roots
[9.822s][info][gc,task     ] GC(90) Using 3 of 6 workers for concurrent weak root
[9.823s][info][gc          ] GC(90) Concurrent weak roots 0.668ms
[9.823s][info][gc,start    ] GC(90) Concurrent cleanup
[9.823s][info][gc          ] GC(90) Concurrent cleanup 759M->588M(1024M) 0.217ms
[9.823s][info][gc,ergo     ] GC(90) Free: 371M, Max: 512K regular, 186M humongous, Frag: 50% external, 1% internal; Reserve: 52736K, Max: 512K
[9.823s][info][gc,start    ] GC(90) Concurrent class unloading
[9.823s][info][gc,task     ] GC(90) Using 3 of 6 workers for concurrent class unloading
[9.825s][info][gc          ] GC(90) Concurrent class unloading 1.428ms
[9.825s][info][gc,start    ] GC(90) Concurrent strong roots
[9.825s][info][gc,task     ] GC(90) Using 3 of 6 workers for concurrent strong root
[9.825s][info][gc          ] GC(90) Concurrent strong roots 0.513ms
[9.825s][info][gc,start    ] GC(90) Concurrent evacuation
[9.825s][info][gc,task     ] GC(90) Using 3 of 6 workers for concurrent evacuation
[9.842s][info][gc          ] GC(90) Concurrent evacuation 17.032ms
[9.843s][info][gc,start    ] GC(90) Pause Init Update Refs
[9.843s][info][gc,ergo     ] GC(90) Pacer for Update Refs. Used: 691M, Free: 313M, Non-Taxable: 32068K, Alloc Tax Rate: 2.7x
[9.843s][info][gc          ] GC(90) Pause Init Update Refs 0.064ms
[9.843s][info][gc,start    ] GC(90) Concurrent update references
[9.843s][info][gc,task     ] GC(90) Using 3 of 6 workers for concurrent reference update
[9.848s][info][gc          ] GC(90) Concurrent update references 4.876ms
[9.848s][info][gc,start    ] GC(90) Concurrent update thread roots
[9.849s][info][gc          ] GC(90) Concurrent update thread roots 0.546ms
[9.849s][info][gc,start    ] GC(90) Pause Final Update Refs
[9.849s][info][gc,task     ] GC(90) Using 6 of 6 workers for final reference update
[9.849s][info][gc          ] GC(90) Pause Final Update Refs 0.313ms
[9.849s][info][gc,start    ] GC(90) Concurrent cleanup
[9.849s][info][gc          ] GC(90) Concurrent cleanup 721M->508M(1024M) 0.116ms
[9.849s][info][gc,ergo     ] Free: 463M, Max: 512K regular, 171M humongous, Frag: 63% external, 44% internal; Reserve: 52736K, Max: 512K
[9.850s][info][gc,stats    ] 
[9.850s][info][gc,stats    ] All times are wall-clock times, except per-root-class counters, that are sum over
[9.850s][info][gc,stats    ] all workers. Dividing the <total> over the root stage time estimates parallelism.
[9.850s][info][gc,stats    ] 
[9.850s][info][gc,stats    ] Concurrent Reset                   4219 us
[9.850s][info][gc,stats    ] Pause Init Mark (G)                 517 us
[9.850s][info][gc,stats    ] Pause Init Mark (N)                 217 us
[9.850s][info][gc,stats    ]   Update Region States              143 us
[9.850s][info][gc,stats    ] Concurrent Mark Roots               283 us, parallelism: 1.03x
[9.850s][info][gc,stats    ]   CMR: <total>                      291 us
[9.850s][info][gc,stats    ]   CMR: Thread Roots                 224 us, workers (us):  69,  68,  87, ---, ---, ---, 
[9.850s][info][gc,stats    ]   CMR: VM Strong Roots               10 us, workers (us):   9,   0,   1, ---, ---, ---, 
[9.850s][info][gc,stats    ]   CMR: CLDG Roots                    57 us, workers (us):  57, ---, ---, ---, ---, ---, 
[9.850s][info][gc,stats    ] Concurrent Marking                 3476 us
[9.850s][info][gc,stats    ] Pause Final Mark (G)                849 us
[9.850s][info][gc,stats    ] Pause Final Mark (N)                650 us
[9.850s][info][gc,stats    ]   Finish Mark                       323 us
[9.850s][info][gc,stats    ]   Update Region States              127 us
[9.850s][info][gc,stats    ]   Choose Collection Set             116 us
[9.850s][info][gc,stats    ]   Rebuild Free Set                   20 us
[9.850s][info][gc,stats    ] Concurrent Thread Roots             289 us, parallelism: 0.71x
[9.850s][info][gc,stats    ]   CTR: <total>                      206 us
[9.850s][info][gc,stats    ]   CTR: Thread Roots                 206 us, workers (us):  77,  58,  70, ---, ---, ---, 
[9.850s][info][gc,stats    ] Concurrent Weak References          141 us, parallelism: 0.13x
[9.850s][info][gc,stats    ]   CWRF: <total>                      19 us
[9.850s][info][gc,stats    ]   CWRF: Weak References              19 us, workers (us):  18,   0,   0, ---, ---, ---, 
[9.850s][info][gc,stats    ] Concurrent Weak Roots               703 us
[9.850s][info][gc,stats    ]   Roots                             524 us, parallelism: 1.08x
[9.850s][info][gc,stats    ]     CWR: <total>                    564 us
[9.850s][info][gc,stats    ]     CWR: Code Cache Roots           484 us, workers (us): 292, 192,   0, ---, ---, ---, 
[9.850s][info][gc,stats    ]     CWR: VM Weak Roots               61 us, workers (us):  55,   5,   1, ---, ---, ---, 
[9.850s][info][gc,stats    ]     CWR: CLDG Roots                  19 us, workers (us): ---, ---,  19, ---, ---, ---, 
[9.850s][info][gc,stats    ]   Rendezvous                        129 us
[9.850s][info][gc,stats    ] Concurrent Cleanup                  229 us
[9.850s][info][gc,stats    ] Concurrent Class Unloading         1622 us
[9.850s][info][gc,stats    ]   Unlink Stale                      922 us
[9.850s][info][gc,stats    ]     System Dictionary                16 us
[9.850s][info][gc,stats    ]     Weak Class Links                  1 us
[9.850s][info][gc,stats    ]     Code Roots                      901 us
[9.850s][info][gc,stats    ]   Rendezvous                        186 us
[9.850s][info][gc,stats    ]   Purge Unlinked                    298 us
[9.850s][info][gc,stats    ]     Code Roots                      257 us
[9.850s][info][gc,stats    ]     CLDG                             40 us
[9.850s][info][gc,stats    ]     Exception Caches                  1 us
[9.850s][info][gc,stats    ] Concurrent Strong Roots             599 us, parallelism: 0.16x
[9.850s][info][gc,stats    ]   CSR: <total>                       99 us
[9.850s][info][gc,stats    ]   CSR: VM Strong Roots                7 us, workers (us):   6,   1,   0, ---, ---, ---, 
[9.850s][info][gc,stats    ]   CSR: CLDG Roots                    92 us, workers (us):  92, ---, ---, ---, ---, ---, 
[9.850s][info][gc,stats    ] Concurrent Evacuation             17219 us
[9.850s][info][gc,stats    ] Pause Init Update Refs (G)          498 us
[9.850s][info][gc,stats    ] Pause Init Update Refs (N)           70 us
[9.850s][info][gc,stats    ]   Manage GCLABs                       8 us
[9.850s][info][gc,stats    ] Concurrent Update Refs             5011 us
[9.850s][info][gc,stats    ] Concurrent Update Thread Roots      589 us
[9.850s][info][gc,stats    ] Pause Final Update Refs (G)         576 us
[9.850s][info][gc,stats    ] Pause Final Update Refs (N)         328 us
[9.850s][info][gc,stats    ]   Update Region States              194 us
[9.850s][info][gc,stats    ]   Trash Collection Set               28 us
[9.850s][info][gc,stats    ]   Rebuild Free Set                   56 us
[9.850s][info][gc,stats    ] Concurrent Cleanup                  126 us
[9.850s][info][gc,stats    ] 
[9.850s][info][gc,stats    ] Allocation pacing accrued:
[9.850s][info][gc,stats    ]       0 of    79 ms (  0.0%): <total>
[9.850s][info][gc,stats    ]       0 of    79 ms (  0.0%): <average total>
[9.850s][info][gc,stats    ] 
[9.850s][info][gc,metaspace] Metaspace: 6358K(6528K)->6358K(6528K) NonClass: 5812K(5888K)->5812K(5888K) Class: 546K(640K)->546K(640K)
[9.850s][info][gc,ergo     ] Pacer for Idle. Initial: 20971K, Alloc Tax Rate: 1.0x
[9.887s][info][gc          ] Trigger: Average GC time (44.54 ms) is above the time for average allocation rate (3983 MB/s) to deplete free headroom (175M) (margin of error = 1.93)
[9.887s][info][gc,ergo     ] Free headroom: 226M (free) - 52428K (spike) - 0B (penalties) = 175M
[9.887s][info][gc,ergo     ] Free: 225M, Max: 512K regular, 171M humongous, Frag: 24% external, 19% internal; Reserve: 52736K, Max: 512K
[9.887s][info][gc,start    ] GC(91) Concurrent reset
[9.887s][info][gc,task     ] GC(91) Using 3 of 6 workers for concurrent reset
[9.887s][info][gc,ergo     ] GC(91) Pacer for Reset. Non-Taxable: 1024M
[9.891s][info][gc          ] GC(91) Concurrent reset 4.162ms
[9.892s][info][gc,start    ] GC(91) Pause Init Mark (unload classes)
[9.892s][info][gc,task     ] GC(91) Using 6 of 6 workers for init marking
[9.892s][info][gc,ergo     ] GC(91) Pacer for Mark. Expected Live: 196M, Free: 212M, Non-Taxable: 21749K, Alloc Tax Rate: 1.1x
[9.892s][info][gc          ] GC(91) Pause Init Mark (unload classes) 0.181ms
[9.892s][info][gc,start    ] GC(91) Concurrent marking roots
[9.892s][info][gc,task     ] GC(91) Using 3 of 6 workers for concurrent marking roots
[9.892s][info][gc          ] GC(91) Concurrent marking roots 0.321ms
[9.892s][info][gc,start    ] GC(91) Concurrent marking (unload classes)
[9.892s][info][gc,task     ] GC(91) Using 3 of 6 workers for concurrent marking
[9.894s][info][gc          ] GC(91) Concurrent marking (unload classes) 2.165ms
[9.895s][info][gc,start    ] GC(91) Pause Final Mark (unload classes)
[9.895s][info][gc,task     ] GC(91) Using 6 of 6 workers for final marking
[9.895s][info][gc,ergo     ] GC(91) Adaptive CSet Selection. Target Free: 145M, Actual Free: 423M, Max CSet: 43690K, Min Garbage: 0B
[9.895s][info][gc,ergo     ] GC(91) Collectable Garbage: 350M (63%), Immediate: 178M (32%), CSet: 171M (31%)
[9.895s][info][gc,ergo     ] GC(91) Pacer for Evacuation. Used CSet: 213M, Free: 383M, Non-Taxable: 39303K, Alloc Tax Rate: 1.4x
[9.895s][info][gc          ] GC(91) Pause Final Mark (unload classes) 0.494ms
[9.895s][info][gc,start    ] GC(91) Concurrent thread roots
[9.895s][info][gc,task     ] GC(91) Using 3 of 6 workers for Concurrent thread roots
[9.895s][info][gc          ] GC(91) Concurrent thread roots 0.179ms
[9.895s][info][gc,start    ] GC(91) Concurrent weak references
[9.895s][info][gc,task     ] GC(91) Using 3 of 6 workers for concurrent weak references
[9.895s][info][gc,ref      ] GC(91) Encountered references: Soft: 47, Weak: 146, Final: 0, Phantom: 3
[9.895s][info][gc,ref      ] GC(91) Discovered  references: Soft: 0, Weak: 48, Final: 0, Phantom: 2
[9.895s][info][gc,ref      ] GC(91) Enqueued    references: Soft: 0, Weak: 0, Final: 0, Phantom: 0
[9.895s][info][gc          ] GC(91) Concurrent weak references 0.103ms
[9.895s][info][gc,start    ] GC(91) Concurrent weak roots
[9.895s][info][gc,task     ] GC(91) Using 3 of 6 workers for concurrent weak root
[9.896s][info][gc          ] GC(91) Concurrent weak roots 0.488ms
[9.896s][info][gc,start    ] GC(91) Concurrent cleanup
[9.896s][info][gc          ] GC(91) Concurrent cleanup 767M->589M(1024M) 0.158ms
[9.896s][info][gc,ergo     ] GC(91) Free: 371M, Max: 512K regular, 186M humongous, Frag: 50% external, 1% internal; Reserve: 52736K, Max: 512K
[9.896s][info][gc,start    ] GC(91) Concurrent class unloading
[9.896s][info][gc,task     ] GC(91) Using 3 of 6 workers for concurrent class unloading
[9.898s][info][gc          ] GC(91) Concurrent class unloading 1.369ms
[9.898s][info][gc,start    ] GC(91) Concurrent strong roots
[9.898s][info][gc,task     ] GC(91) Using 3 of 6 workers for concurrent strong root
[9.898s][info][gc          ] GC(91) Concurrent strong roots 0.254ms
[9.898s][info][gc,start    ] GC(91) Concurrent evacuation
[9.898s][info][gc,task     ] GC(91) Using 3 of 6 workers for concurrent evacuation
[9.921s][info][gc          ] GC(91) Concurrent evacuation 22.629ms
[9.921s][info][gc,start    ] GC(91) Pause Init Update Refs
[9.921s][info][gc,ergo     ] GC(91) Pacer for Update Refs. Used: 695M, Free: 308M, Non-Taxable: 31586K, Alloc Tax Rate: 2.8x
[9.921s][info][gc          ] GC(91) Pause Init Update Refs 0.090ms
[9.921s][info][gc,start    ] GC(91) Concurrent update references
[9.921s][info][gc,task     ] GC(91) Using 3 of 6 workers for concurrent reference update
[9.927s][info][gc          ] GC(91) Concurrent update references 5.583ms
[9.927s][info][gc,start    ] GC(91) Concurrent update thread roots
[9.928s][info][gc          ] GC(91) Concurrent update thread roots 0.629ms
[9.928s][info][gc,start    ] GC(91) Pause Final Update Refs
[9.928s][info][gc,task     ] GC(91) Using 6 of 6 workers for final reference update
[9.928s][info][gc          ] GC(91) Pause Final Update Refs 0.367ms
[9.928s][info][gc,start    ] GC(91) Concurrent cleanup
[9.929s][info][gc          ] GC(91) Concurrent cleanup 724M->512M(1024M) 0.147ms
[9.929s][info][gc,ergo     ] Free: 459M, Max: 512K regular, 177M humongous, Frag: 61% external, 47% internal; Reserve: 52736K, Max: 512K
[9.929s][info][gc,stats    ] 
[9.929s][info][gc,stats    ] All times are wall-clock times, except per-root-class counters, that are sum over
[9.929s][info][gc,stats    ] all workers. Dividing the <total> over the root stage time estimates parallelism.
[9.929s][info][gc,stats    ] 
[9.929s][info][gc,stats    ] Concurrent Reset                   4286 us
[9.929s][info][gc,stats    ] Pause Init Mark (G)                 468 us
[9.929s][info][gc,stats    ] Pause Init Mark (N)                 186 us
[9.929s][info][gc,stats    ]   Update Region States              122 us
[9.929s][info][gc,stats    ] Concurrent Mark Roots               333 us, parallelism: 0.99x
[9.929s][info][gc,stats    ]   CMR: <total>                      330 us
[9.929s][info][gc,stats    ]   CMR: Thread Roots                 241 us, workers (us):  63,  93,  85, ---, ---, ---, 
[9.929s][info][gc,stats    ]   CMR: VM Strong Roots               16 us, workers (us):  15,   1,   1, ---, ---, ---, 
[9.929s][info][gc,stats    ]   CMR: CLDG Roots                    73 us, workers (us):  73, ---, ---, ---, ---, ---, 
[9.929s][info][gc,stats    ] Concurrent Marking                 2235 us
[9.929s][info][gc,stats    ] Pause Final Mark (G)                688 us
[9.929s][info][gc,stats    ] Pause Final Mark (N)                498 us
[9.929s][info][gc,stats    ]   Finish Mark                       257 us
[9.929s][info][gc,stats    ]   Update Region States               78 us
[9.929s][info][gc,stats    ]   Choose Collection Set              96 us
[9.929s][info][gc,stats    ]   Rebuild Free Set                   17 us
[9.929s][info][gc,stats    ] Concurrent Thread Roots             188 us, parallelism: 0.86x
[9.929s][info][gc,stats    ]   CTR: <total>                      162 us
[9.929s][info][gc,stats    ]   CTR: Thread Roots                 162 us, workers (us):  59,  46,  57, ---, ---, ---, 
[9.929s][info][gc,stats    ] Concurrent Weak References          107 us, parallelism: 0.19x
[9.929s][info][gc,stats    ]   CWRF: <total>                      20 us
[9.929s][info][gc,stats    ]   CWRF: Weak References              20 us, workers (us):  19,   1,   0, ---, ---, ---, 
[9.929s][info][gc,stats    ] Concurrent Weak Roots               500 us
[9.929s][info][gc,stats    ]   Roots                             387 us, parallelism: 1.43x
[9.929s][info][gc,stats    ]     CWR: <total>                    555 us
[9.929s][info][gc,stats    ]     CWR: Code Cache Roots           480 us, workers (us): 209,   0, 271, ---, ---, ---, 
[9.929s][info][gc,stats    ]     CWR: VM Weak Roots               53 us, workers (us):  33,  14,   6, ---, ---, ---, 
[9.929s][info][gc,stats    ]     CWR: CLDG Roots                  22 us, workers (us): ---,  22, ---, ---, ---, ---, 
[9.929s][info][gc,stats    ]   Rendezvous                         93 us
[9.929s][info][gc,stats    ] Concurrent Cleanup                  165 us
[9.929s][info][gc,stats    ] Concurrent Class Unloading         1484 us
[9.929s][info][gc,stats    ]   Unlink Stale                      939 us
[9.929s][info][gc,stats    ]     System Dictionary                23 us
[9.929s][info][gc,stats    ]     Weak Class Links                  1 us
[9.929s][info][gc,stats    ]     Code Roots                      914 us
[9.929s][info][gc,stats    ]   Rendezvous                        155 us
[9.929s][info][gc,stats    ]   Purge Unlinked                    256 us
[9.929s][info][gc,stats    ]     Code Roots                      205 us
[9.929s][info][gc,stats    ]     CLDG                             49 us
[9.929s][info][gc,stats    ]     Exception Caches                  1 us
[9.929s][info][gc,stats    ] Concurrent Strong Roots             291 us, parallelism: 0.18x
[9.929s][info][gc,stats    ]   CSR: <total>                       54 us
[9.929s][info][gc,stats    ]   CSR: VM Strong Roots                6 us, workers (us):   5,   0,   0, ---, ---, ---, 
[9.929s][info][gc,stats    ]   CSR: CLDG Roots                    48 us, workers (us):  48, ---, ---, ---, ---, ---, 
[9.929s][info][gc,stats    ] Concurrent Evacuation             22873 us
[9.929s][info][gc,stats    ] Pause Init Update Refs (G)          535 us
[9.929s][info][gc,stats    ] Pause Init Update Refs (N)           95 us
[9.929s][info][gc,stats    ]   Manage GCLABs                       7 us
[9.929s][info][gc,stats    ] Concurrent Update Refs             5728 us
[9.929s][info][gc,stats    ] Concurrent Update Thread Roots      668 us
[9.929s][info][gc,stats    ] Pause Final Update Refs (G)         635 us
[9.929s][info][gc,stats    ] Pause Final Update Refs (N)         381 us
[9.929s][info][gc,stats    ]   Update Region States              241 us
[9.929s][info][gc,stats    ]   Trash Collection Set               23 us
[9.929s][info][gc,stats    ]   Rebuild Free Set                   56 us
[9.929s][info][gc,stats    ] Concurrent Cleanup                  158 us
[9.929s][info][gc,stats    ] 
[9.929s][info][gc,stats    ] Allocation pacing accrued:
[9.929s][info][gc,stats    ]       0 of    79 ms (  0.0%): <total>
[9.929s][info][gc,stats    ]       0 of    79 ms (  0.0%): <average total>
[9.929s][info][gc,stats    ] 
[9.929s][info][gc,metaspace] Metaspace: 6358K(6528K)->6358K(6528K) NonClass: 5812K(5888K)->5812K(5888K) Class: 546K(640K)->546K(640K)
[9.929s][info][gc,ergo     ] Pacer for Idle. Initial: 20971K, Alloc Tax Rate: 1.0x
[9.970s][info][gc          ] Trigger: Average GC time (45.70 ms) is above the time for average allocation rate (3983 MB/s) to deplete free headroom (173M) (margin of error = 1.94)
[9.970s][info][gc,ergo     ] Free headroom: 224M (free) - 52428K (spike) - 0B (penalties) = 173M
[9.970s][info][gc,ergo     ] Free: 223M, Max: 512K regular, 177M humongous, Frag: 20% external, 21% internal; Reserve: 52736K, Max: 512K
[9.970s][info][gc,start    ] GC(92) Concurrent reset
[9.970s][info][gc,task     ] GC(92) Using 3 of 6 workers for concurrent reset
[9.970s][info][gc,ergo     ] GC(92) Pacer for Reset. Non-Taxable: 1024M
[9.975s][info][gc          ] GC(92) Concurrent reset 4.824ms
[9.975s][info][gc,start    ] GC(92) Pause Init Mark (unload classes)
[9.975s][info][gc,task     ] GC(92) Using 6 of 6 workers for init marking
[9.975s][info][gc,ergo     ] GC(92) Pacer for Mark. Expected Live: 196M, Free: 210M, Non-Taxable: 21550K, Alloc Tax Rate: 1.1x
[9.975s][info][gc          ] GC(92) Pause Init Mark (unload classes) 0.194ms
[9.976s][info][gc,start    ] GC(92) Concurrent marking roots
[9.976s][info][gc,task     ] GC(92) Using 3 of 6 workers for concurrent marking roots
[9.976s][info][gc          ] GC(92) Concurrent marking roots 0.349ms
[9.976s][info][gc,start    ] GC(92) Concurrent marking (unload classes)
[9.976s][info][gc,task     ] GC(92) Using 3 of 6 workers for concurrent marking
[9.980s][info][gc          ] GC(92) Concurrent marking (unload classes) 3.555ms
[9.980s][info][gc,start    ] GC(92) Pause Final Mark (unload classes)
[9.980s][info][gc,task     ] GC(92) Using 6 of 6 workers for final marking
[9.980s][info][gc,ergo     ] GC(92) Adaptive CSet Selection. Target Free: 145M, Actual Free: 419M, Max CSet: 43690K, Min Garbage: 0B
[9.980s][info][gc,ergo     ] GC(92) Collectable Garbage: 351M (63%), Immediate: 179M (32%), CSet: 171M (31%)
[9.980s][info][gc,ergo     ] GC(92) Pacer for Evacuation. Used CSet: 214M, Free: 379M, Non-Taxable: 38883K, Alloc Tax Rate: 1.4x
[9.981s][info][gc          ] GC(92) Pause Final Mark (unload classes) 0.595ms
[9.981s][info][gc,start    ] GC(92) Concurrent thread roots
[9.981s][info][gc,task     ] GC(92) Using 3 of 6 workers for Concurrent thread roots
[9.981s][info][gc          ] GC(92) Concurrent thread roots 0.440ms
[9.981s][info][gc,start    ] GC(92) Concurrent weak references
[9.981s][info][gc,task     ] GC(92) Using 3 of 6 workers for concurrent weak references
[9.981s][info][gc,ref      ] GC(92) Encountered references: Soft: 47, Weak: 146, Final: 0, Phantom: 3
[9.981s][info][gc,ref      ] GC(92) Discovered  references: Soft: 0, Weak: 49, Final: 0, Phantom: 2
[9.982s][info][gc,ref      ] GC(92) Enqueued    references: Soft: 0, Weak: 0, Final: 0, Phantom: 0
[9.982s][info][gc          ] GC(92) Concurrent weak references 0.428ms
[9.982s][info][gc,start    ] GC(92) Concurrent weak roots
[9.982s][info][gc,task     ] GC(92) Using 3 of 6 workers for concurrent weak root
[9.982s][info][gc          ] GC(92) Concurrent weak roots 0.522ms
[9.982s][info][gc,start    ] GC(92) Concurrent cleanup
[9.982s][info][gc          ] GC(92) Concurrent cleanup 774M->596M(1024M) 0.164ms
[9.982s][info][gc,ergo     ] GC(92) Free: 364M, Max: 512K regular, 192M humongous, Frag: 48% external, 1% internal; Reserve: 52736K, Max: 512K
[9.982s][info][gc,start    ] GC(92) Concurrent class unloading
[9.982s][info][gc,task     ] GC(92) Using 3 of 6 workers for concurrent class unloading
[9.983s][info][gc          ] GC(92) Concurrent class unloading 0.993ms
[9.983s][info][gc,start    ] GC(92) Concurrent strong roots
[9.983s][info][gc,task     ] GC(92) Using 3 of 6 workers for concurrent strong root
[9.984s][info][gc          ] GC(92) Concurrent strong roots 0.205ms
[9.984s][info][gc,start    ] GC(92) Concurrent evacuation
[9.984s][info][gc,task     ] GC(92) Using 3 of 6 workers for concurrent evacuation
[10.000s][info][gc          ] GC(92) Concurrent evacuation 16.466ms
[10.000s][info][gc,start    ] GC(92) Pause Init Update Refs
[10.000s][info][gc,ergo     ] GC(92) Pacer for Update Refs. Used: 697M, Free: 307M, Non-Taxable: 31461K, Alloc Tax Rate: 2.8x
[10.000s][info][gc          ] GC(92) Pause Init Update Refs 0.049ms
[10.001s][info][gc,start    ] GC(92) Concurrent update references
[10.001s][info][gc,task     ] GC(92) Using 3 of 6 workers for concurrent reference update
[10.004s][info][gc          ] GC(92) Concurrent update references 3.879ms
[10.005s][info][gc,start    ] GC(92) Concurrent update thread roots
[10.005s][info][gc          ] GC(92) Concurrent update thread roots 0.438ms
[10.005s][info][gc,start    ] GC(92) Pause Final Update Refs
[10.005s][info][gc,task     ] GC(92) Using 6 of 6 workers for final reference update
[10.005s][info][gc          ] GC(92) Pause Final Update Refs 0.258ms
[10.006s][info][gc,start    ] GC(92) Concurrent cleanup
[10.006s][info][gc          ] GC(92) Concurrent cleanup 723M->509M(1024M) 0.182ms
[10.006s][info][gc,ergo     ] Free: 462M, Max: 512K regular, 183M humongous, Frag: 60% external, 45% internal; Reserve: 52736K, Max: 512K
[10.006s][info][gc,stats    ] 
[10.006s][info][gc,stats    ] All times are wall-clock times, except per-root-class counters, that are sum over
[10.006s][info][gc,stats    ] all workers. Dividing the <total> over the root stage time estimates parallelism.
[10.006s][info][gc,stats    ] 
[10.006s][info][gc,stats    ] Concurrent Reset                   4968 us
[10.006s][info][gc,stats    ] Pause Init Mark (G)                 577 us
[10.006s][info][gc,stats    ] Pause Init Mark (N)                 201 us
[10.006s][info][gc,stats    ]   Update Region States              125 us
[10.006s][info][gc,stats    ] Concurrent Mark Roots               367 us, parallelism: 0.88x
[10.006s][info][gc,stats    ]   CMR: <total>                      323 us
[10.006s][info][gc,stats    ]   CMR: Thread Roots                 199 us, workers (us):   6,  74, 119, ---, ---, ---, 
[10.006s][info][gc,stats    ]   CMR: VM Strong Roots               44 us, workers (us):   7,  34,   2, ---, ---, ---, 
[10.006s][info][gc,stats    ]   CMR: CLDG Roots                    80 us, workers (us):  80, ---, ---, ---, ---, ---, 
[10.006s][info][gc,stats    ] Concurrent Marking                 3775 us
[10.006s][info][gc,stats    ] Pause Final Mark (G)                917 us
[10.006s][info][gc,stats    ] Pause Final Mark (N)                604 us
[10.006s][info][gc,stats    ]   Finish Mark                       292 us
[10.006s][info][gc,stats    ]   Update Region States               84 us
[10.006s][info][gc,stats    ]   Choose Collection Set             141 us
[10.006s][info][gc,stats    ]   Rebuild Free Set                   21 us
[10.006s][info][gc,stats    ] Concurrent Thread Roots             460 us, parallelism: 0.95x
[10.006s][info][gc,stats    ]   CTR: <total>                      435 us
[10.006s][info][gc,stats    ]   CTR: Thread Roots                 435 us, workers (us): 265,  97,  73, ---, ---, ---, 
[10.006s][info][gc,stats    ] Concurrent Weak References          432 us, parallelism: 0.13x
[10.006s][info][gc,stats    ]   CWRF: <total>                      54 us
[10.006s][info][gc,stats    ]   CWRF: Weak References              54 us, workers (us):  45,   8,   0, ---, ---, ---, 
[10.006s][info][gc,stats    ] Concurrent Weak Roots               552 us
[10.006s][info][gc,stats    ]   Roots                             410 us, parallelism: 1.09x
[10.006s][info][gc,stats    ]     CWR: <total>                    448 us
[10.006s][info][gc,stats    ]     CWR: Code Cache Roots           392 us, workers (us): 114, 277,   0, ---, ---, ---, 
[10.006s][info][gc,stats    ]     CWR: VM Weak Roots               44 us, workers (us):  35,   8,   1, ---, ---, ---, 
[10.006s][info][gc,stats    ]     CWR: CLDG Roots                  13 us, workers (us):  13, ---, ---, ---, ---, ---, 
[10.006s][info][gc,stats    ]   Rendezvous                        101 us
[10.006s][info][gc,stats    ] Concurrent Cleanup                  171 us
[10.006s][info][gc,stats    ] Concurrent Class Unloading         1063 us
[10.006s][info][gc,stats    ]   Unlink Stale                      663 us
[10.006s][info][gc,stats    ]     System Dictionary                12 us
[10.006s][info][gc,stats    ]     Weak Class Links                  0 us
[10.006s][info][gc,stats    ]     Code Roots                      648 us
[10.006s][info][gc,stats    ]   Rendezvous                        118 us
[10.006s][info][gc,stats    ]   Purge Unlinked                    195 us
[10.006s][info][gc,stats    ]     Code Roots                      160 us
[10.006s][info][gc,stats    ]     CLDG                             34 us
[10.006s][info][gc,stats    ]     Exception Caches                  1 us
[10.006s][info][gc,stats    ] Concurrent Strong Roots             249 us, parallelism: 0.15x
[10.006s][info][gc,stats    ]   CSR: <total>                       37 us
[10.006s][info][gc,stats    ]   CSR: VM Strong Roots                4 us, workers (us):   4,   1,   0, ---, ---, ---, 
[10.006s][info][gc,stats    ]   CSR: CLDG Roots                    32 us, workers (us):  32, ---, ---, ---, ---, ---, 
[10.006s][info][gc,stats    ] Concurrent Evacuation             16607 us
[10.006s][info][gc,stats    ] Pause Init Update Refs (G)          356 us
[10.006s][info][gc,stats    ] Pause Init Update Refs (N)           55 us
[10.006s][info][gc,stats    ]   Manage GCLABs                       5 us
[10.006s][info][gc,stats    ] Concurrent Update Refs             4006 us
[10.006s][info][gc,stats    ] Concurrent Update Thread Roots      458 us
[10.006s][info][gc,stats    ] Pause Final Update Refs (G)         542 us
[10.006s][info][gc,stats    ] Pause Final Update Refs (N)         272 us
[10.006s][info][gc,stats    ]   Update Region States              176 us
[10.006s][info][gc,stats    ]   Trash Collection Set               12 us
[10.006s][info][gc,stats    ]   Rebuild Free Set                   37 us
[10.006s][info][gc,stats    ] Concurrent Cleanup                  194 us
[10.006s][info][gc,stats    ] 
[10.006s][info][gc,stats    ] Allocation pacing accrued:
[10.006s][info][gc,stats    ]       0 of    77 ms (  0.0%): <total>
[10.006s][info][gc,stats    ]       0 of    77 ms (  0.0%): <average total>
[10.006s][info][gc,stats    ] 
[10.006s][info][gc,metaspace] Metaspace: 6358K(6528K)->6358K(6528K) NonClass: 5812K(5888K)->5812K(5888K) Class: 546K(640K)->546K(640K)
[10.006s][info][gc,ergo     ] Pacer for Idle. Initial: 20971K, Alloc Tax Rate: 1.0x
[10.040s][info][gc          ] Trigger: Average GC time (43.34 ms) is above the time for average allocation rate (3984 MB/s) to deplete free headroom (168M) (margin of error = 1.95)
[10.040s][info][gc,ergo     ] Free headroom: 220M (free) - 52428K (spike) - 0B (penalties) = 168M
[10.040s][info][gc,ergo     ] Free: 219M, Max: 512K regular, 183M humongous, Frag: 16% external, 17% internal; Reserve: 52736K, Max: 512K
[10.041s][info][gc,start    ] GC(93) Concurrent reset
[10.041s][info][gc,task     ] GC(93) Using 3 of 6 workers for concurrent reset
[10.041s][info][gc,ergo     ] GC(93) Pacer for Reset. Non-Taxable: 1024M
[10.045s][info][gc          ] GC(93) Concurrent reset 4.760ms
[10.046s][info][gc,start    ] GC(93) Pause Init Mark (unload classes)
[10.046s][info][gc,task     ] GC(93) Using 6 of 6 workers for init marking
[10.046s][info][gc,ergo     ] GC(93) Pacer for Mark. Expected Live: 196M, Free: 206M, Non-Taxable: 21144K, Alloc Tax Rate: 1.2x
[10.046s][info][gc          ] GC(93) Pause Init Mark (unload classes) 0.199ms
[10.046s][info][gc,start    ] GC(93) Concurrent marking roots
[10.046s][info][gc,task     ] GC(93) Using 3 of 6 workers for concurrent marking roots
[10.046s][info][gc          ] GC(93) Concurrent marking roots 0.340ms
[10.046s][info][gc,start    ] GC(93) Concurrent marking (unload classes)
[10.046s][info][gc,task     ] GC(93) Using 3 of 6 workers for concurrent marking
[10.049s][info][gc          ] GC(93) Concurrent marking (unload classes) 2.690ms
[10.049s][info][gc,start    ] GC(93) Pause Final Mark (unload classes)
[10.049s][info][gc,task     ] GC(93) Using 6 of 6 workers for final marking
[10.050s][info][gc,ergo     ] GC(93) Adaptive CSet Selection. Target Free: 145M, Actual Free: 415M, Max CSet: 43690K, Min Garbage: 0B
[10.050s][info][gc,ergo     ] GC(93) Collectable Garbage: 346M (62%), Immediate: 174M (31%), CSet: 172M (30%)
[10.050s][info][gc,ergo     ] GC(93) Pacer for Evacuation. Used CSet: 214M, Free: 375M, Non-Taxable: 38452K, Alloc Tax Rate: 1.4x
[10.050s][info][gc          ] GC(93) Pause Final Mark (unload classes) 0.728ms
[10.050s][info][gc,start    ] GC(93) Concurrent thread roots
[10.050s][info][gc,task     ] GC(93) Using 3 of 6 workers for Concurrent thread roots
[10.050s][info][gc          ] GC(93) Concurrent thread roots 0.239ms
[10.051s][info][gc,start    ] GC(93) Concurrent weak references
[10.051s][info][gc,task     ] GC(93) Using 3 of 6 workers for concurrent weak references
[10.051s][info][gc,ref      ] GC(93) Encountered references: Soft: 47, Weak: 146, Final: 0, Phantom: 3
[10.051s][info][gc,ref      ] GC(93) Discovered  references: Soft: 0, Weak: 55, Final: 0, Phantom: 2
[10.051s][info][gc,ref      ] GC(93) Enqueued    references: Soft: 0, Weak: 0, Final: 0, Phantom: 0
[10.051s][info][gc          ] GC(93) Concurrent weak references 0.122ms
[10.051s][info][gc,start    ] GC(93) Concurrent weak roots
[10.051s][info][gc,task     ] GC(93) Using 3 of 6 workers for concurrent weak root
[10.051s][info][gc          ] GC(93) Concurrent weak roots 0.618ms
[10.051s][info][gc,start    ] GC(93) Concurrent cleanup
[10.052s][info][gc          ] GC(93) Concurrent cleanup 771M->598M(1024M) 0.290ms
[10.052s][info][gc,ergo     ] GC(93) Free: 361M, Max: 512K regular, 198M humongous, Frag: 46% external, 1% internal; Reserve: 52720K, Max: 512K
[10.052s][info][gc,start    ] GC(93) Concurrent class unloading
[10.052s][info][gc,task     ] GC(93) Using 3 of 6 workers for concurrent class unloading
[10.054s][info][gc          ] GC(93) Concurrent class unloading 2.019ms
[10.054s][info][gc,start    ] GC(93) Concurrent strong roots
[10.054s][info][gc,task     ] GC(93) Using 3 of 6 workers for concurrent strong root
[10.054s][info][gc          ] GC(93) Concurrent strong roots 0.337ms
[10.054s][info][gc,start    ] GC(93) Concurrent evacuation
[10.054s][info][gc,task     ] GC(93) Using 3 of 6 workers for concurrent evacuation
[10.069s][info][gc          ] GC(93) Concurrent evacuation 14.936ms
[10.069s][info][gc,start    ] GC(93) Pause Init Update Refs
[10.070s][info][gc,ergo     ] GC(93) Pacer for Update Refs. Used: 697M, Free: 307M, Non-Taxable: 31439K, Alloc Tax Rate: 2.8x
[10.070s][info][gc          ] GC(93) Pause Init Update Refs 0.061ms
[10.070s][info][gc,start    ] GC(93) Concurrent update references
[10.070s][info][gc,task     ] GC(93) Using 3 of 6 workers for concurrent reference update
[10.075s][info][gc          ] GC(93) Concurrent update references 5.222ms
[10.075s][info][gc,start    ] GC(93) Concurrent update thread roots
[10.076s][info][gc          ] GC(93) Concurrent update thread roots 0.574ms
[10.076s][info][gc,start    ] GC(93) Pause Final Update Refs
[10.076s][info][gc,task     ] GC(93) Using 6 of 6 workers for final reference update
[10.076s][info][gc          ] GC(93) Pause Final Update Refs 0.315ms
[10.076s][info][gc,start    ] GC(93) Concurrent cleanup
[10.076s][info][gc          ] GC(93) Concurrent cleanup 727M->513M(1024M) 0.142ms
[10.076s][info][gc,ergo     ] Free: 458M, Max: 512K regular, 183M humongous, Frag: 60% external, 47% internal; Reserve: 52736K, Max: 512K
[10.077s][info][gc,stats    ] 
[10.077s][info][gc,stats    ] All times are wall-clock times, except per-root-class counters, that are sum over
[10.077s][info][gc,stats    ] all workers. Dividing the <total> over the root stage time estimates parallelism.
[10.077s][info][gc,stats    ] 
[10.077s][info][gc,stats    ] Concurrent Reset                   4918 us
[10.077s][info][gc,stats    ] Pause Init Mark (G)                 596 us
[10.077s][info][gc,stats    ] Pause Init Mark (N)                 206 us
[10.077s][info][gc,stats    ]   Update Region States              128 us
[10.077s][info][gc,stats    ] Concurrent Mark Roots               359 us, parallelism: 0.95x
[10.077s][info][gc,stats    ]   CMR: <total>                      341 us
[10.077s][info][gc,stats    ]   CMR: Thread Roots                 259 us, workers (us):  78,  95,  86, ---, ---, ---, 
[10.077s][info][gc,stats    ]   CMR: VM Strong Roots               12 us, workers (us):  11,   1,   1, ---, ---, ---, 
[10.077s][info][gc,stats    ]   CMR: CLDG Roots                    70 us, workers (us):  70, ---, ---, ---, ---, ---, 
[10.077s][info][gc,stats    ] Concurrent Marking                 2812 us
[10.077s][info][gc,stats    ] Pause Final Mark (G)                994 us
[10.077s][info][gc,stats    ] Pause Final Mark (N)                736 us
[10.077s][info][gc,stats    ]   Finish Mark                       354 us
[10.077s][info][gc,stats    ]   Update Region States              111 us
[10.077s][info][gc,stats    ]   Choose Collection Set             181 us
[10.077s][info][gc,stats    ]   Rebuild Free Set                   29 us
[10.077s][info][gc,stats    ] Concurrent Thread Roots             264 us, parallelism: 0.69x
[10.077s][info][gc,stats    ]   CTR: <total>                      182 us
[10.077s][info][gc,stats    ]   CTR: Thread Roots                 182 us, workers (us): 110,  58,  15, ---, ---, ---, 
[10.077s][info][gc,stats    ] Concurrent Weak References          128 us, parallelism: 0.17x
[10.077s][info][gc,stats    ]   CWRF: <total>                      21 us
[10.077s][info][gc,stats    ]   CWRF: Weak References              21 us, workers (us):  21,   0,   0, ---, ---, ---, 
[10.077s][info][gc,stats    ] Concurrent Weak Roots               672 us
[10.077s][info][gc,stats    ]   Roots                             460 us, parallelism: 1.58x
[10.077s][info][gc,stats    ]     CWR: <total>                    727 us
[10.077s][info][gc,stats    ]     CWR: Code Cache Roots           416 us, workers (us):   0, 173, 243, ---, ---, ---, 
[10.077s][info][gc,stats    ]     CWR: VM Weak Roots              292 us, workers (us): 108, 100,  85, ---, ---, ---, 
[10.077s][info][gc,stats    ]     CWR: CLDG Roots                  18 us, workers (us):  18, ---, ---, ---, ---, ---, 
[10.077s][info][gc,stats    ]   Rendezvous                        142 us
[10.077s][info][gc,stats    ] Concurrent Cleanup                  326 us
[10.077s][info][gc,stats    ] Concurrent Class Unloading         2166 us
[10.077s][info][gc,stats    ]   Unlink Stale                     1507 us
[10.077s][info][gc,stats    ]     System Dictionary                26 us
[10.077s][info][gc,stats    ]     Weak Class Links                  0 us
[10.077s][info][gc,stats    ]     Code Roots                     1477 us
[10.077s][info][gc,stats    ]   Rendezvous                        166 us
[10.077s][info][gc,stats    ]   Purge Unlinked                    317 us
[10.077s][info][gc,stats    ]     Code Roots                      266 us
[10.077s][info][gc,stats    ]     CLDG                             50 us
[10.077s][info][gc,stats    ]     Exception Caches                  0 us
[10.077s][info][gc,stats    ] Concurrent Strong Roots             370 us, parallelism: 0.29x
[10.077s][info][gc,stats    ]   CSR: <total>                      107 us
[10.077s][info][gc,stats    ]   CSR: VM Strong Roots                9 us, workers (us):   9,   0,   0, ---, ---, ---, 
[10.077s][info][gc,stats    ]   CSR: CLDG Roots                    98 us, workers (us):  98, ---, ---, ---, ---, ---, 
[10.077s][info][gc,stats    ] Concurrent Evacuation             15019 us
[10.077s][info][gc,stats    ] Pause Init Update Refs (G)          374 us
[10.077s][info][gc,stats    ] Pause Init Update Refs (N)           67 us
[10.077s][info][gc,stats    ]   Manage GCLABs                       8 us
[10.077s][info][gc,stats    ] Concurrent Update Refs             5351 us
[10.077s][info][gc,stats    ] Concurrent Update Thread Roots      628 us
[10.077s][info][gc,stats    ] Pause Final Update Refs (G)         597 us
[10.077s][info][gc,stats    ] Pause Final Update Refs (N)         338 us
[10.077s][info][gc,stats    ]   Update Region States              178 us
[10.077s][info][gc,stats    ]   Trash Collection Set               30 us
[10.077s][info][gc,stats    ]   Rebuild Free Set                   63 us
[10.077s][info][gc,stats    ] Concurrent Cleanup                  158 us
[10.077s][info][gc,stats    ] 
[10.077s][info][gc,stats    ] Allocation pacing accrued:
[10.077s][info][gc,stats    ]       0 of    71 ms (  0.0%): <total>
[10.077s][info][gc,stats    ]       0 of    71 ms (  0.0%): <average total>
[10.077s][info][gc,stats    ] 
[10.077s][info][gc,metaspace] Metaspace: 6358K(6528K)->6358K(6528K) NonClass: 5812K(5888K)->5812K(5888K) Class: 546K(640K)->546K(640K)
[10.077s][info][gc,ergo     ] Pacer for Idle. Initial: 20971K, Alloc Tax Rate: 1.0x
[10.126s][info][gc          ] Trigger: Average GC time (41.16 ms) is above the time for average allocation rate (3984 MB/s) to deplete free headroom (159M) (margin of error = 1.96)
[10.127s][info][gc,ergo     ] Free headroom: 210M (free) - 52428K (spike) - 0B (penalties) = 159M
[10.127s][info][gc,ergo     ] Free: 210M, Max: 512K regular, 183M humongous, Frag: 13% external, 12% internal; Reserve: 52736K, Max: 512K
[10.127s][info][gc,start    ] GC(94) Concurrent reset
[10.127s][info][gc,task     ] GC(94) Using 3 of 6 workers for concurrent reset
[10.127s][info][gc,ergo     ] GC(94) Pacer for Reset. Non-Taxable: 1024M
[10.130s][info][gc          ] GC(94) Concurrent reset 3.291ms
[10.130s][info][gc,start    ] GC(94) Pause Init Mark (unload classes)
[10.130s][info][gc,task     ] GC(94) Using 6 of 6 workers for init marking
[10.131s][info][gc,ergo     ] GC(94) Pacer for Mark. Expected Live: 196M, Free: 199M, Non-Taxable: 20474K, Alloc Tax Rate: 1.2x
[10.131s][info][gc          ] GC(94) Pause Init Mark (unload classes) 0.207ms
[10.131s][info][gc,start    ] GC(94) Concurrent marking roots
[10.131s][info][gc,task     ] GC(94) Using 3 of 6 workers for concurrent marking roots
[10.131s][info][gc          ] GC(94) Concurrent marking roots 0.261ms
[10.131s][info][gc,start    ] GC(94) Concurrent marking (unload classes)
[10.131s][info][gc,task     ] GC(94) Using 3 of 6 workers for concurrent marking
[10.135s][info][gc          ] GC(94) Concurrent marking (unload classes) 3.767ms
[10.135s][info][gc,start    ] GC(94) Pause Final Mark (unload classes)
[10.135s][info][gc,task     ] GC(94) Using 6 of 6 workers for final marking
[10.136s][info][gc,ergo     ] GC(94) Adaptive CSet Selection. Target Free: 145M, Actual Free: 415M, Max CSet: 43690K, Min Garbage: 0B
[10.136s][info][gc,ergo     ] GC(94) Collectable Garbage: 358M (63%), Immediate: 186M (33%), CSet: 172M (30%)
[10.136s][info][gc,ergo     ] GC(94) Pacer for Evacuation. Used CSet: 214M, Free: 376M, Non-Taxable: 38507K, Alloc Tax Rate: 1.4x
[10.136s][info][gc          ] GC(94) Pause Final Mark (unload classes) 0.858ms
[10.136s][info][gc,start    ] GC(94) Concurrent thread roots
[10.136s][info][gc,task     ] GC(94) Using 3 of 6 workers for Concurrent thread roots
[10.136s][info][gc          ] GC(94) Concurrent thread roots 0.235ms
[10.136s][info][gc,start    ] GC(94) Concurrent weak references
[10.136s][info][gc,task     ] GC(94) Using 3 of 6 workers for concurrent weak references
[10.136s][info][gc,ref      ] GC(94) Encountered references: Soft: 47, Weak: 146, Final: 0, Phantom: 3
[10.136s][info][gc,ref      ] GC(94) Discovered  references: Soft: 0, Weak: 45, Final: 0, Phantom: 2
[10.136s][info][gc,ref      ] GC(94) Enqueued    references: Soft: 0, Weak: 0, Final: 0, Phantom: 0
[10.136s][info][gc          ] GC(94) Concurrent weak references 0.148ms
[10.136s][info][gc,start    ] GC(94) Concurrent weak roots
[10.136s][info][gc,task     ] GC(94) Using 3 of 6 workers for concurrent weak root
[10.137s][info][gc          ] GC(94) Concurrent weak roots 0.423ms
[10.137s][info][gc,start    ] GC(94) Concurrent cleanup
[10.137s][info][gc          ] GC(94) Concurrent cleanup 783M->598M(1024M) 0.127ms
[10.137s][info][gc,ergo     ] GC(94) Free: 362M, Max: 512K regular, 187M humongous, Frag: 49% external, 0% internal; Reserve: 52722K, Max: 512K
[10.137s][info][gc,start    ] GC(94) Concurrent class unloading
[10.137s][info][gc,task     ] GC(94) Using 3 of 6 workers for concurrent class unloading
[10.138s][info][gc          ] GC(94) Concurrent class unloading 1.024ms
[10.138s][info][gc,start    ] GC(94) Concurrent strong roots
[10.138s][info][gc,task     ] GC(94) Using 3 of 6 workers for concurrent strong root
[10.138s][info][gc          ] GC(94) Concurrent strong roots 0.211ms
[10.138s][info][gc,start    ] GC(94) Concurrent evacuation
[10.138s][info][gc,task     ] GC(94) Using 3 of 6 workers for concurrent evacuation
[10.156s][info][gc          ] GC(94) Concurrent evacuation 17.448ms
[10.156s][info][gc,start    ] GC(94) Pause Init Update Refs
[10.156s][info][gc,ergo     ] GC(94) Pacer for Update Refs. Used: 697M, Free: 306M, Non-Taxable: 31352K, Alloc Tax Rate: 2.8x
[10.156s][info][gc          ] GC(94) Pause Init Update Refs 0.105ms
[10.156s][info][gc,start    ] GC(94) Concurrent update references
[10.156s][info][gc,task     ] GC(94) Using 3 of 6 workers for concurrent reference update
[10.162s][info][gc          ] GC(94) Concurrent update references 5.143ms
[10.162s][info][gc,start    ] GC(94) Concurrent update thread roots
[10.162s][info][gc          ] GC(94) Concurrent update thread roots 0.395ms
[10.162s][info][gc,start    ] GC(94) Pause Final Update Refs
[10.162s][info][gc,task     ] GC(94) Using 6 of 6 workers for final reference update
[10.162s][info][gc          ] GC(94) Pause Final Update Refs 0.322ms
[10.163s][info][gc,start    ] GC(94) Concurrent cleanup
[10.163s][info][gc          ] GC(94) Concurrent cleanup 727M->513M(1024M) 0.117ms
[10.163s][info][gc,ergo     ] Free: 458M, Max: 512K regular, 170M humongous, Frag: 62% external, 46% internal; Reserve: 52736K, Max: 512K
[10.163s][info][gc,stats    ] 
[10.163s][info][gc,stats    ] All times are wall-clock times, except per-root-class counters, that are sum over
[10.163s][info][gc,stats    ] all workers. Dividing the <total> over the root stage time estimates parallelism.
[10.163s][info][gc,stats    ] 
[10.163s][info][gc,stats    ] Concurrent Reset                   3435 us
[10.163s][info][gc,stats    ] Pause Init Mark (G)                 514 us
[10.163s][info][gc,stats    ] Pause Init Mark (N)                 215 us
[10.163s][info][gc,stats    ]   Update Region States              122 us
[10.163s][info][gc,stats    ] Concurrent Mark Roots               276 us, parallelism: 1.00x
[10.163s][info][gc,stats    ]   CMR: <total>                      274 us
[10.163s][info][gc,stats    ]   CMR: Thread Roots                 207 us, workers (us):  66,  70,  71, ---, ---, ---, 
[10.163s][info][gc,stats    ]   CMR: VM Strong Roots               10 us, workers (us):   9,   0,   0, ---, ---, ---, 
[10.163s][info][gc,stats    ]   CMR: CLDG Roots                    58 us, workers (us):  58, ---, ---, ---, ---, ---, 
[10.163s][info][gc,stats    ] Concurrent Marking                 3944 us
[10.163s][info][gc,stats    ] Pause Final Mark (G)               1110 us
[10.163s][info][gc,stats    ] Pause Final Mark (N)                865 us
[10.163s][info][gc,stats    ]   Finish Mark                       402 us
[10.163s][info][gc,stats    ]   Update Region States              133 us
[10.163s][info][gc,stats    ]   Choose Collection Set             210 us
[10.163s][info][gc,stats    ]   Rebuild Free Set                   36 us
[10.163s][info][gc,stats    ] Concurrent Thread Roots             252 us, parallelism: 0.85x
[10.163s][info][gc,stats    ]   CTR: <total>                      215 us
[10.163s][info][gc,stats    ]   CTR: Thread Roots                 215 us, workers (us):  68,  58,  88, ---, ---, ---, 
[10.163s][info][gc,stats    ] Concurrent Weak References          154 us, parallelism: 0.14x
[10.163s][info][gc,stats    ]   CWRF: <total>                      22 us
[10.163s][info][gc,stats    ]   CWRF: Weak References              22 us, workers (us):  19,   3,   0, ---, ---, ---, 
[10.163s][info][gc,stats    ] Concurrent Weak Roots               444 us
[10.163s][info][gc,stats    ]   Roots                             316 us, parallelism: 1.38x
[10.163s][info][gc,stats    ]     CWR: <total>                    436 us
[10.163s][info][gc,stats    ]     CWR: Code Cache Roots           356 us, workers (us): 178,   0, 178, ---, ---, ---, 
[10.163s][info][gc,stats    ]     CWR: VM Weak Roots               63 us, workers (us):  43,  19,   1, ---, ---, ---, 
[10.163s][info][gc,stats    ]     CWR: CLDG Roots                  17 us, workers (us): ---,  17, ---, ---, ---, ---, 
[10.163s][info][gc,stats    ]   Rendezvous                         91 us
[10.163s][info][gc,stats    ] Concurrent Cleanup                  132 us
[10.163s][info][gc,stats    ] Concurrent Class Unloading         1078 us
[10.163s][info][gc,stats    ]   Unlink Stale                      663 us
[10.163s][info][gc,stats    ]     System Dictionary                13 us
[10.163s][info][gc,stats    ]     Weak Class Links                  1 us
[10.163s][info][gc,stats    ]     Code Roots                      648 us
[10.163s][info][gc,stats    ]   Rendezvous                        149 us
[10.163s][info][gc,stats    ]   Purge Unlinked                    198 us
[10.163s][info][gc,stats    ]     Code Roots                      173 us
[10.163s][info][gc,stats    ]     CLDG                             24 us
[10.163s][info][gc,stats    ]     Exception Caches                  0 us
[10.163s][info][gc,stats    ] Concurrent Strong Roots             237 us, parallelism: 0.34x
[10.163s][info][gc,stats    ]   CSR: <total>                       82 us
[10.163s][info][gc,stats    ]   CSR: VM Strong Roots                9 us, workers (us):   9,   0,   1, ---, ---, ---, 
[10.163s][info][gc,stats    ]   CSR: CLDG Roots                    72 us, workers (us):  72, ---, ---, ---, ---, ---, 
[10.163s][info][gc,stats    ] Concurrent Evacuation             17611 us
[10.163s][info][gc,stats    ] Pause Init Update Refs (G)          468 us
[10.163s][info][gc,stats    ] Pause Init Update Refs (N)          112 us
[10.163s][info][gc,stats    ]   Manage GCLABs                      11 us
[10.163s][info][gc,stats    ] Concurrent Update Refs             5226 us
[10.163s][info][gc,stats    ] Concurrent Update Thread Roots      415 us
[10.163s][info][gc,stats    ] Pause Final Update Refs (G)         574 us
[10.163s][info][gc,stats    ] Pause Final Update Refs (N)         338 us
[10.163s][info][gc,stats    ]   Update Region States              212 us
[10.163s][info][gc,stats    ]   Trash Collection Set               22 us
[10.163s][info][gc,stats    ]   Rebuild Free Set                   63 us
[10.163s][info][gc,stats    ] Concurrent Cleanup                  125 us
[10.163s][info][gc,stats    ] 
[10.163s][info][gc,stats    ] Allocation pacing accrued:
[10.163s][info][gc,stats    ]       0 of    86 ms (  0.0%): <total>
[10.163s][info][gc,stats    ]       0 of    86 ms (  0.0%): <average total>
[10.163s][info][gc,stats    ] 
[10.163s][info][gc,metaspace] Metaspace: 6358K(6528K)->6358K(6528K) NonClass: 5812K(5888K)->5812K(5888K) Class: 546K(640K)->546K(640K)
[10.163s][info][gc,ergo     ] Pacer for Idle. Initial: 20971K, Alloc Tax Rate: 1.0x
[10.200s][info][gc          ] Trigger: Average GC time (39.61 ms) is above the time for average allocation rate (3985 MB/s) to deplete free headroom (154M) (margin of error = 1.96)
[10.200s][info][gc,ergo     ] Free headroom: 205M (free) - 52428K (spike) - 0B (penalties) = 154M
[10.200s][info][gc,ergo     ] Free: 204M, Max: 512K regular, 170M humongous, Frag: 16% external, 19% internal; Reserve: 52736K, Max: 512K
[10.200s][info][gc,start    ] GC(95) Concurrent reset
[10.200s][info][gc,task     ] GC(95) Using 3 of 6 workers for concurrent reset
[10.200s][info][gc,ergo     ] GC(95) Pacer for Reset. Non-Taxable: 1024M
[10.204s][info][gc          ] GC(95) Concurrent reset 3.255ms
[10.204s][info][gc,start    ] GC(95) Pause Init Mark (unload classes)
[10.204s][info][gc,task     ] GC(95) Using 6 of 6 workers for init marking
[10.204s][info][gc,ergo     ] GC(95) Pacer for Mark. Expected Live: 196M, Free: 193M, Non-Taxable: 19786K, Alloc Tax Rate: 1.2x
[10.204s][info][gc          ] GC(95) Pause Init Mark (unload classes) 0.182ms
[10.204s][info][gc,start    ] GC(95) Concurrent marking roots
[10.204s][info][gc,task     ] GC(95) Using 3 of 6 workers for concurrent marking roots
[10.204s][info][gc          ] GC(95) Concurrent marking roots 0.256ms
[10.204s][info][gc,start    ] GC(95) Concurrent marking (unload classes)
[10.204s][info][gc,task     ] GC(95) Using 3 of 6 workers for concurrent marking
[10.207s][info][gc          ] GC(95) Concurrent marking (unload classes) 2.513ms
[10.207s][info][gc,start    ] GC(95) Pause Final Mark (unload classes)
[10.207s][info][gc,task     ] GC(95) Using 6 of 6 workers for final marking
[10.208s][info][gc,ergo     ] GC(95) Adaptive CSet Selection. Target Free: 145M, Actual Free: 411M, Max CSet: 43690K, Min Garbage: 0B
[10.208s][info][gc,ergo     ] GC(95) Collectable Garbage: 358M (63%), Immediate: 186M (32%), CSet: 171M (30%)
[10.208s][info][gc,ergo     ] GC(95) Pacer for Evacuation. Used CSet: 214M, Free: 372M, Non-Taxable: 38181K, Alloc Tax Rate: 1.4x
[10.208s][info][gc          ] GC(95) Pause Final Mark (unload classes) 0.718ms
[10.208s][info][gc,start    ] GC(95) Concurrent thread roots
[10.208s][info][gc,task     ] GC(95) Using 3 of 6 workers for Concurrent thread roots
[10.208s][info][gc          ] GC(95) Concurrent thread roots 0.199ms
[10.208s][info][gc,start    ] GC(95) Concurrent weak references
[10.208s][info][gc,task     ] GC(95) Using 3 of 6 workers for concurrent weak references
[10.208s][info][gc,ref      ] GC(95) Encountered references: Soft: 47, Weak: 146, Final: 0, Phantom: 3
[10.208s][info][gc,ref      ] GC(95) Discovered  references: Soft: 0, Weak: 58, Final: 0, Phantom: 2
[10.208s][info][gc,ref      ] GC(95) Enqueued    references: Soft: 0, Weak: 0, Final: 0, Phantom: 0
[10.208s][info][gc          ] GC(95) Concurrent weak references 0.077ms
[10.208s][info][gc,start    ] GC(95) Concurrent weak roots
[10.208s][info][gc,task     ] GC(95) Using 3 of 6 workers for concurrent weak root
[10.209s][info][gc          ] GC(95) Concurrent weak roots 0.331ms
[10.209s][info][gc,start    ] GC(95) Concurrent cleanup
[10.209s][info][gc          ] GC(95) Concurrent cleanup 786M->601M(1024M) 0.129ms
[10.209s][info][gc,ergo     ] GC(95) Free: 359M, Max: 512K regular, 185M humongous, Frag: 49% external, 1% internal; Reserve: 52736K, Max: 512K
[10.209s][info][gc,start    ] GC(95) Concurrent class unloading
[10.209s][info][gc,task     ] GC(95) Using 3 of 6 workers for concurrent class unloading
[10.210s][info][gc          ] GC(95) Concurrent class unloading 1.085ms
[10.210s][info][gc,start    ] GC(95) Concurrent strong roots
[10.210s][info][gc,task     ] GC(95) Using 3 of 6 workers for concurrent strong root
[10.210s][info][gc          ] GC(95) Concurrent strong roots 0.145ms
[10.210s][info][gc,start    ] GC(95) Concurrent evacuation
[10.210s][info][gc,task     ] GC(95) Using 3 of 6 workers for concurrent evacuation
[10.229s][info][gc          ] GC(95) Concurrent evacuation 19.218ms
[10.230s][info][gc,start    ] GC(95) Pause Init Update Refs
[10.230s][info][gc,ergo     ] GC(95) Pacer for Update Refs. Used: 706M, Free: 297M, Non-Taxable: 30419K, Alloc Tax Rate: 2.9x
[10.230s][info][gc          ] GC(95) Pause Init Update Refs 0.048ms
[10.230s][info][gc,start    ] GC(95) Concurrent update references
[10.230s][info][gc,task     ] GC(95) Using 3 of 6 workers for concurrent reference update
[10.234s][info][gc          ] GC(95) Concurrent update references 3.951ms
[10.234s][info][gc,start    ] GC(95) Concurrent update thread roots
[10.235s][info][gc          ] GC(95) Concurrent update thread roots 0.728ms
[10.235s][info][gc,start    ] GC(95) Pause Final Update Refs
[10.235s][info][gc,task     ] GC(95) Using 6 of 6 workers for final reference update
[10.235s][info][gc          ] GC(95) Pause Final Update Refs 0.430ms
[10.236s][info][gc,start    ] GC(95) Concurrent cleanup
[10.236s][info][gc          ] GC(95) Concurrent cleanup 735M->522M(1024M) 0.132ms
[10.236s][info][gc,ergo     ] Free: 449M, Max: 512K regular, 173M humongous, Frag: 61% external, 46% internal; Reserve: 52736K, Max: 512K
[10.236s][info][gc,stats    ] 
[10.236s][info][gc,stats    ] All times are wall-clock times, except per-root-class counters, that are sum over
[10.236s][info][gc,stats    ] all workers. Dividing the <total> over the root stage time estimates parallelism.
[10.236s][info][gc,stats    ] 
[10.236s][info][gc,stats    ] Concurrent Reset                   3363 us
[10.236s][info][gc,stats    ] Pause Init Mark (G)                 458 us
[10.236s][info][gc,stats    ] Pause Init Mark (N)                 187 us
[10.236s][info][gc,stats    ]   Update Region States              132 us
[10.236s][info][gc,stats    ] Concurrent Mark Roots               268 us, parallelism: 1.04x
[10.236s][info][gc,stats    ]   CMR: <total>                      279 us
[10.236s][info][gc,stats    ]   CMR: Thread Roots                 186 us, workers (us):   7, 120,  59, ---, ---, ---, 
[10.236s][info][gc,stats    ]   CMR: VM Strong Roots                8 us, workers (us):   8,   0,   0, ---, ---, ---, 
[10.236s][info][gc,stats    ]   CMR: CLDG Roots                    85 us, workers (us):  85, ---, ---, ---, ---, ---, 
[10.236s][info][gc,stats    ] Concurrent Marking                 2608 us
[10.236s][info][gc,stats    ] Pause Final Mark (G)                973 us
[10.236s][info][gc,stats    ] Pause Final Mark (N)                727 us
[10.236s][info][gc,stats    ]   Finish Mark                       341 us
[10.236s][info][gc,stats    ]   Update Region States              115 us
[10.236s][info][gc,stats    ]   Choose Collection Set             158 us
[10.236s][info][gc,stats    ]   Rebuild Free Set                   25 us
[10.236s][info][gc,stats    ] Concurrent Thread Roots             211 us, parallelism: 0.90x
[10.236s][info][gc,stats    ]   CTR: <total>                      190 us
[10.236s][info][gc,stats    ]   CTR: Thread Roots                 190 us, workers (us): 109,  53,  28, ---, ---, ---, 
[10.236s][info][gc,stats    ] Concurrent Weak References           82 us, parallelism: 0.16x
[10.236s][info][gc,stats    ]   CWRF: <total>                      13 us
[10.236s][info][gc,stats    ]   CWRF: Weak References              13 us, workers (us):  13,   0,   0, ---, ---, ---, 
[10.236s][info][gc,stats    ] Concurrent Weak Roots               343 us
[10.236s][info][gc,stats    ]   Roots                             245 us, parallelism: 1.28x
[10.236s][info][gc,stats    ]     CWR: <total>                    313 us
[10.236s][info][gc,stats    ]     CWR: Code Cache Roots           254 us, workers (us): 146,   0, 108, ---, ---, ---, 
[10.236s][info][gc,stats    ]     CWR: VM Weak Roots               43 us, workers (us):  28,  14,   1, ---, ---, ---, 
[10.236s][info][gc,stats    ]     CWR: CLDG Roots                  16 us, workers (us): ---,  16, ---, ---, ---, ---, 
[10.236s][info][gc,stats    ]   Rendezvous                         77 us
[10.236s][info][gc,stats    ] Concurrent Cleanup                  135 us
[10.236s][info][gc,stats    ] Concurrent Class Unloading         1157 us
[10.236s][info][gc,stats    ]   Unlink Stale                      783 us
[10.236s][info][gc,stats    ]     System Dictionary                11 us
[10.236s][info][gc,stats    ]     Weak Class Links                  1 us
[10.236s][info][gc,stats    ]     Code Roots                      769 us
[10.236s][info][gc,stats    ]   Rendezvous                        108 us
[10.236s][info][gc,stats    ]   Purge Unlinked                    179 us
[10.236s][info][gc,stats    ]     Code Roots                      155 us
[10.236s][info][gc,stats    ]     CLDG                             22 us
[10.236s][info][gc,stats    ]     Exception Caches                  0 us
[10.236s][info][gc,stats    ] Concurrent Strong Roots             169 us, parallelism: 0.24x
[10.236s][info][gc,stats    ]   CSR: <total>                       40 us
[10.236s][info][gc,stats    ]   CSR: VM Strong Roots                3 us, workers (us):   3,   0,   0, ---, ---, ---, 
[10.236s][info][gc,stats    ]   CSR: CLDG Roots                    37 us, workers (us):  37, ---, ---, ---, ---, ---, 
[10.236s][info][gc,stats    ] Concurrent Evacuation             19385 us
[10.236s][info][gc,stats    ] Pause Init Update Refs (G)          459 us
[10.236s][info][gc,stats    ] Pause Init Update Refs (N)           54 us
[10.236s][info][gc,stats    ]   Manage GCLABs                       6 us
[10.236s][info][gc,stats    ] Concurrent Update Refs             4091 us
[10.236s][info][gc,stats    ] Concurrent Update Thread Roots      783 us
[10.236s][info][gc,stats    ] Pause Final Update Refs (G)         743 us
[10.236s][info][gc,stats    ] Pause Final Update Refs (N)         452 us
[10.236s][info][gc,stats    ]   Update Region States              258 us
[10.236s][info][gc,stats    ]   Trash Collection Set               43 us
[10.236s][info][gc,stats    ]   Rebuild Free Set                   78 us
[10.236s][info][gc,stats    ] Concurrent Cleanup                  141 us
[10.236s][info][gc,stats    ] 
[10.236s][info][gc,stats    ] Allocation pacing accrued:
[10.236s][info][gc,stats    ]       0 of    73 ms (  0.0%): <total>
[10.236s][info][gc,stats    ]       0 of    73 ms (  0.0%): <average total>
[10.236s][info][gc,stats    ] 
[10.236s][info][gc,metaspace] Metaspace: 6358K(6528K)->6358K(6528K) NonClass: 5812K(5888K)->5812K(5888K) Class: 546K(640K)->546K(640K)
[10.236s][info][gc,ergo     ] Pacer for Idle. Initial: 20971K, Alloc Tax Rate: 1.0x
[10.276s][info][gc          ] Trigger: Average GC time (38.39 ms) is above the time for average allocation rate (3985 MB/s) to deplete free headroom (144M) (margin of error = 1.97)
[10.276s][info][gc,ergo     ] Free headroom: 196M (free) - 52428K (spike) - 0B (penalties) = 144M
[10.276s][info][gc,ergo     ] Free: 195M, Max: 512K regular, 173M humongous, Frag: 11% external, 10% internal; Reserve: 52736K, Max: 512K
[10.276s][info][gc,start    ] GC(96) Concurrent reset
[10.276s][info][gc,task     ] GC(96) Using 3 of 6 workers for concurrent reset
[10.276s][info][gc,ergo     ] GC(96) Pacer for Reset. Non-Taxable: 1024M
[10.280s][info][gc          ] GC(96) Concurrent reset 3.842ms
[10.280s][info][gc,start    ] GC(96) Pause Init Mark (unload classes)
[10.280s][info][gc,task     ] GC(96) Using 6 of 6 workers for init marking
[10.280s][info][gc,ergo     ] GC(96) Pacer for Mark. Expected Live: 196M, Free: 181M, Non-Taxable: 18601K, Alloc Tax Rate: 1.3x
[10.280s][info][gc          ] GC(96) Pause Init Mark (unload classes) 0.218ms
[10.280s][info][gc,start    ] GC(96) Concurrent marking roots
[10.280s][info][gc,task     ] GC(96) Using 3 of 6 workers for concurrent marking roots
[10.280s][info][gc          ] GC(96) Concurrent marking roots 0.256ms
[10.280s][info][gc,start    ] GC(96) Concurrent marking (unload classes)
[10.280s][info][gc,task     ] GC(96) Using 3 of 6 workers for concurrent marking
[10.283s][info][gc          ] GC(96) Concurrent marking (unload classes) 2.896ms
[10.284s][info][gc,start    ] GC(96) Pause Final Mark (unload classes)
[10.284s][info][gc,task     ] GC(96) Using 6 of 6 workers for final marking
[10.284s][info][gc,ergo     ] GC(96) Adaptive CSet Selection. Target Free: 145M, Actual Free: 405M, Max CSet: 43690K, Min Garbage: 0B
[10.284s][info][gc,ergo     ] GC(96) Collectable Garbage: 365M (63%), Immediate: 193M (33%), CSet: 172M (29%)
[10.284s][info][gc,ergo     ] GC(96) Pacer for Evacuation. Used CSet: 214M, Free: 366M, Non-Taxable: 37560K, Alloc Tax Rate: 1.4x
[10.284s][info][gc          ] GC(96) Pause Final Mark (unload classes) 0.660ms
[10.284s][info][gc,start    ] GC(96) Concurrent thread roots
[10.284s][info][gc,task     ] GC(96) Using 3 of 6 workers for Concurrent thread roots
[10.285s][info][gc          ] GC(96) Concurrent thread roots 0.211ms
[10.285s][info][gc,start    ] GC(96) Concurrent weak references
[10.285s][info][gc,task     ] GC(96) Using 3 of 6 workers for concurrent weak references
[10.285s][info][gc,ref      ] GC(96) Encountered references: Soft: 47, Weak: 146, Final: 0, Phantom: 3
[10.285s][info][gc,ref      ] GC(96) Discovered  references: Soft: 0, Weak: 68, Final: 0, Phantom: 2
[10.285s][info][gc,ref      ] GC(96) Enqueued    references: Soft: 0, Weak: 0, Final: 0, Phantom: 0
[10.285s][info][gc          ] GC(96) Concurrent weak references 0.123ms
[10.285s][info][gc,start    ] GC(96) Concurrent weak roots
[10.285s][info][gc,task     ] GC(96) Using 3 of 6 workers for concurrent weak root
[10.285s][info][gc          ] GC(96) Concurrent weak roots 0.511ms
[10.285s][info][gc,start    ] GC(96) Concurrent cleanup
[10.286s][info][gc          ] GC(96) Concurrent cleanup 800M->607M(1024M) 0.327ms
[10.286s][info][gc,ergo     ] GC(96) Free: 352M, Max: 512K regular, 173M humongous, Frag: 51% external, 0% internal; Reserve: 52722K, Max: 512K
[10.286s][info][gc,start    ] GC(96) Concurrent class unloading
[10.286s][info][gc,task     ] GC(96) Using 3 of 6 workers for concurrent class unloading
[10.287s][info][gc          ] GC(96) Concurrent class unloading 1.687ms
[10.288s][info][gc,start    ] GC(96) Concurrent strong roots
[10.288s][info][gc,task     ] GC(96) Using 3 of 6 workers for concurrent strong root
[10.288s][info][gc          ] GC(96) Concurrent strong roots 0.320ms
[10.288s][info][gc,start    ] GC(96) Concurrent evacuation
[10.288s][info][gc,task     ] GC(96) Using 3 of 6 workers for concurrent evacuation
[10.303s][info][gc          ] GC(96) Concurrent evacuation 15.600ms
[10.304s][info][gc,start    ] GC(96) Pause Init Update Refs
[10.304s][info][gc,ergo     ] GC(96) Pacer for Update Refs. Used: 709M, Free: 294M, Non-Taxable: 30119K, Alloc Tax Rate: 2.9x
[10.304s][info][gc          ] GC(96) Pause Init Update Refs 0.055ms
[10.304s][info][gc,start    ] GC(96) Concurrent update references
[10.304s][info][gc,task     ] GC(96) Using 3 of 6 workers for concurrent reference update
[10.309s][info][gc          ] GC(96) Concurrent update references 4.873ms
[10.309s][info][gc,start    ] GC(96) Concurrent update thread roots
[10.310s][info][gc          ] GC(96) Concurrent update thread roots 0.443ms
[10.310s][info][gc,start    ] GC(96) Pause Final Update Refs
[10.310s][info][gc,task     ] GC(96) Using 6 of 6 workers for final reference update
[10.310s][info][gc          ] GC(96) Pause Final Update Refs 0.251ms
[10.310s][info][gc,start    ] GC(96) Concurrent cleanup
[10.310s][info][gc          ] GC(96) Concurrent cleanup 740M->527M(1024M) 0.102ms
[10.310s][info][gc,ergo     ] Free: 444M, Max: 512K regular, 157M humongous, Frag: 64% external, 48% internal; Reserve: 52736K, Max: 512K
[10.310s][info][gc,stats    ] 
[10.310s][info][gc,stats    ] All times are wall-clock times, except per-root-class counters, that are sum over
[10.310s][info][gc,stats    ] all workers. Dividing the <total> over the root stage time estimates parallelism.
[10.310s][info][gc,stats    ] 
[10.310s][info][gc,stats    ] Concurrent Reset                   3953 us
[10.310s][info][gc,stats    ] Pause Init Mark (G)                 510 us
[10.310s][info][gc,stats    ] Pause Init Mark (N)                 224 us
[10.310s][info][gc,stats    ]   Update Region States              130 us
[10.310s][info][gc,stats    ] Concurrent Mark Roots               268 us, parallelism: 1.06x
[10.310s][info][gc,stats    ]   CMR: <total>                      284 us
[10.310s][info][gc,stats    ]   CMR: Thread Roots                 208 us, workers (us):  58,  79,  70, ---, ---, ---, 
[10.310s][info][gc,stats    ]   CMR: VM Strong Roots               13 us, workers (us):  13,   0,   0, ---, ---, ---, 
[10.310s][info][gc,stats    ]   CMR: CLDG Roots                    64 us, workers (us):  64, ---, ---, ---, ---, ---, 
[10.310s][info][gc,stats    ] Concurrent Marking                 3015 us
[10.310s][info][gc,stats    ] Pause Final Mark (G)                914 us
[10.310s][info][gc,stats    ] Pause Final Mark (N)                666 us
[10.310s][info][gc,stats    ]   Finish Mark                       336 us
[10.310s][info][gc,stats    ]   Update Region States              135 us
[10.310s][info][gc,stats    ]   Choose Collection Set             109 us
[10.310s][info][gc,stats    ]   Rebuild Free Set                   20 us
[10.310s][info][gc,stats    ] Concurrent Thread Roots             229 us, parallelism: 0.81x
[10.310s][info][gc,stats    ]   CTR: <total>                      185 us
[10.310s][info][gc,stats    ]   CTR: Thread Roots                 185 us, workers (us):  63,  57,  65, ---, ---, ---, 
[10.310s][info][gc,stats    ] Concurrent Weak References          131 us, parallelism: 0.12x
[10.310s][info][gc,stats    ]   CWRF: <total>                      15 us
[10.310s][info][gc,stats    ]   CWRF: Weak References              15 us, workers (us):  15,   0,   0, ---, ---, ---, 
[10.310s][info][gc,stats    ] Concurrent Weak Roots               541 us
[10.310s][info][gc,stats    ]   Roots                             383 us, parallelism: 1.06x
[10.310s][info][gc,stats    ]     CWR: <total>                    407 us
[10.310s][info][gc,stats    ]     CWR: Code Cache Roots           346 us, workers (us): 198,   0, 147, ---, ---, ---, 
[10.310s][info][gc,stats    ]     CWR: VM Weak Roots               48 us, workers (us):  39,   8,   1, ---, ---, ---, 
[10.310s][info][gc,stats    ]     CWR: CLDG Roots                  13 us, workers (us): ---,  13, ---, ---, ---, ---, 
[10.310s][info][gc,stats    ]   Rendezvous                        106 us
[10.310s][info][gc,stats    ] Concurrent Cleanup                  343 us
[10.310s][info][gc,stats    ] Concurrent Class Unloading         1843 us
[10.310s][info][gc,stats    ]   Unlink Stale                     1126 us
[10.310s][info][gc,stats    ]     System Dictionary                25 us
[10.310s][info][gc,stats    ]     Weak Class Links                  1 us
[10.310s][info][gc,stats    ]     Code Roots                     1096 us
[10.310s][info][gc,stats    ]   Rendezvous                        230 us
[10.310s][info][gc,stats    ]   Purge Unlinked                    295 us
[10.310s][info][gc,stats    ]     Code Roots                      264 us
[10.310s][info][gc,stats    ]     CLDG                             30 us
[10.310s][info][gc,stats    ]     Exception Caches                  1 us
[10.310s][info][gc,stats    ] Concurrent Strong Roots             359 us, parallelism: 0.23x
[10.310s][info][gc,stats    ]   CSR: <total>                       81 us
[10.310s][info][gc,stats    ]   CSR: VM Strong Roots                9 us, workers (us):   6,   3,   0, ---, ---, ---, 
[10.310s][info][gc,stats    ]   CSR: CLDG Roots                    72 us, workers (us): ---,  72, ---, ---, ---, ---, 
[10.310s][info][gc,stats    ] Concurrent Evacuation             15718 us
[10.310s][info][gc,stats    ] Pause Init Update Refs (G)          439 us
[10.310s][info][gc,stats    ] Pause Init Update Refs (N)           61 us
[10.310s][info][gc,stats    ]   Manage GCLABs                      14 us
[10.310s][info][gc,stats    ] Concurrent Update Refs             5030 us
[10.310s][info][gc,stats    ] Concurrent Update Thread Roots      471 us
[10.310s][info][gc,stats    ] Pause Final Update Refs (G)         520 us
[10.310s][info][gc,stats    ] Pause Final Update Refs (N)         262 us
[10.310s][info][gc,stats    ]   Update Region States              163 us
[10.310s][info][gc,stats    ]   Trash Collection Set               16 us
[10.310s][info][gc,stats    ]   Rebuild Free Set                   39 us
[10.310s][info][gc,stats    ] Concurrent Cleanup                  109 us
[10.310s][info][gc,stats    ] 
[10.310s][info][gc,stats    ] Allocation pacing accrued:
[10.310s][info][gc,stats    ]       0 of    74 ms (  0.0%): <total>
[10.310s][info][gc,stats    ]       0 of    74 ms (  0.0%): <average total>
[10.310s][info][gc,stats    ] 
[10.311s][info][gc,metaspace] Metaspace: 6358K(6528K)->6358K(6528K) NonClass: 5812K(5888K)->5812K(5888K) Class: 546K(640K)->546K(640K)
[10.311s][info][gc,ergo     ] Pacer for Idle. Initial: 20971K, Alloc Tax Rate: 1.0x
[10.345s][info][gc          ] Trigger: Average GC time (37.46 ms) is above the time for average allocation rate (3985 MB/s) to deplete free headroom (141M) (margin of error = 1.98)
[10.346s][info][gc,ergo     ] Free headroom: 192M (free) - 52428K (spike) - 0B (penalties) = 141M
[10.346s][info][gc,ergo     ] Free: 192M, Max: 512K regular, 157M humongous, Frag: 18% external, 23% internal; Reserve: 52736K, Max: 512K
[10.346s][info][gc,start    ] GC(97) Concurrent reset
[10.346s][info][gc,task     ] GC(97) Using 3 of 6 workers for concurrent reset
[10.346s][info][gc,ergo     ] GC(97) Pacer for Reset. Non-Taxable: 1024M
[10.348s][info][gc          ] GC(97) Concurrent reset 2.430ms
[10.348s][info][gc,start    ] GC(97) Pause Init Mark (unload classes)
[10.348s][info][gc,task     ] GC(97) Using 6 of 6 workers for init marking
[10.348s][info][gc,ergo     ] GC(97) Pacer for Mark. Expected Live: 196M, Free: 183M, Non-Taxable: 18814K, Alloc Tax Rate: 1.3x
[10.348s][info][gc          ] GC(97) Pause Init Mark (unload classes) 0.157ms
[10.348s][info][gc,start    ] GC(97) Concurrent marking roots
[10.349s][info][gc,task     ] GC(97) Using 3 of 6 workers for concurrent marking roots
[10.349s][info][gc          ] GC(97) Concurrent marking roots 0.221ms
[10.349s][info][gc,start    ] GC(97) Concurrent marking (unload classes)
[10.349s][info][gc,task     ] GC(97) Using 3 of 6 workers for concurrent marking
[10.351s][info][gc          ] GC(97) Concurrent marking (unload classes) 2.341ms
[10.351s][info][gc,start    ] GC(97) Pause Final Mark (unload classes)
[10.351s][info][gc,task     ] GC(97) Using 6 of 6 workers for final marking
[10.352s][info][gc,ergo     ] GC(97) Adaptive CSet Selection. Target Free: 145M, Actual Free: 425M, Max CSet: 43690K, Min Garbage: 0B
[10.352s][info][gc,ergo     ] GC(97) Collectable Garbage: 377M (65%), Immediate: 205M (35%), CSet: 171M (29%)
[10.352s][info][gc,ergo     ] GC(97) Pacer for Evacuation. Used CSet: 214M, Free: 386M, Non-Taxable: 39531K, Alloc Tax Rate: 1.4x
[10.352s][info][gc          ] GC(97) Pause Final Mark (unload classes) 0.742ms
[10.352s][info][gc,start    ] GC(97) Concurrent thread roots
[10.352s][info][gc,task     ] GC(97) Using 3 of 6 workers for Concurrent thread roots
[10.352s][info][gc          ] GC(97) Concurrent thread roots 0.201ms
[10.352s][info][gc,start    ] GC(97) Concurrent weak references
[10.352s][info][gc,task     ] GC(97) Using 3 of 6 workers for concurrent weak references
[10.353s][info][gc,ref      ] GC(97) Encountered references: Soft: 47, Weak: 146, Final: 0, Phantom: 3
[10.353s][info][gc,ref      ] GC(97) Discovered  references: Soft: 0, Weak: 54, Final: 0, Phantom: 2
[10.353s][info][gc,ref      ] GC(97) Enqueued    references: Soft: 0, Weak: 0, Final: 0, Phantom: 0
[10.353s][info][gc          ] GC(97) Concurrent weak references 0.156ms
[10.353s][info][gc,start    ] GC(97) Concurrent weak roots
[10.353s][info][gc,task     ] GC(97) Using 3 of 6 workers for concurrent weak root
[10.353s][info][gc          ] GC(97) Concurrent weak roots 0.405ms
[10.353s][info][gc,start    ] GC(97) Concurrent cleanup
[10.353s][info][gc          ] GC(97) Concurrent cleanup 792M->587M(1024M) 0.138ms
[10.353s][info][gc,ergo     ] GC(97) Free: 372M, Max: 512K regular, 173M humongous, Frag: 54% external, 3% internal; Reserve: 52736K, Max: 512K
[10.353s][info][gc,start    ] GC(97) Concurrent class unloading
[10.353s][info][gc,task     ] GC(97) Using 3 of 6 workers for concurrent class unloading
[10.354s][info][gc          ] GC(97) Concurrent class unloading 1.209ms
[10.355s][info][gc,start    ] GC(97) Concurrent strong roots
[10.355s][info][gc,task     ] GC(97) Using 3 of 6 workers for concurrent strong root
[10.355s][info][gc          ] GC(97) Concurrent strong roots 0.193ms
[10.355s][info][gc,start    ] GC(97) Concurrent evacuation
[10.355s][info][gc,task     ] GC(97) Using 3 of 6 workers for concurrent evacuation
[10.371s][info][gc          ] GC(97) Concurrent evacuation 16.113ms
[10.371s][info][gc,start    ] GC(97) Pause Init Update Refs
[10.371s][info][gc,ergo     ] GC(97) Pacer for Update Refs. Used: 686M, Free: 317M, Non-Taxable: 32531K, Alloc Tax Rate: 2.6x
[10.371s][info][gc          ] GC(97) Pause Init Update Refs 0.050ms
[10.371s][info][gc,start    ] GC(97) Concurrent update references
[10.371s][info][gc,task     ] GC(97) Using 3 of 6 workers for concurrent reference update
[10.376s][info][gc          ] GC(97) Concurrent update references 5.110ms
[10.377s][info][gc,start    ] GC(97) Concurrent update thread roots
[10.377s][info][gc          ] GC(97) Concurrent update thread roots 0.335ms
[10.377s][info][gc,start    ] GC(97) Pause Final Update Refs
[10.377s][info][gc,task     ] GC(97) Using 6 of 6 workers for final reference update
[10.377s][info][gc          ] GC(97) Pause Final Update Refs 0.224ms
[10.377s][info][gc,start    ] GC(97) Concurrent cleanup
[10.377s][info][gc          ] GC(97) Concurrent cleanup 715M->502M(1024M) 0.093ms
[10.378s][info][gc,ergo     ] Free: 469M, Max: 512K regular, 156M humongous, Frag: 67% external, 44% internal; Reserve: 52736K, Max: 512K
[10.378s][info][gc,stats    ] 
[10.378s][info][gc,stats    ] All times are wall-clock times, except per-root-class counters, that are sum over
[10.378s][info][gc,stats    ] all workers. Dividing the <total> over the root stage time estimates parallelism.
[10.378s][info][gc,stats    ] 
[10.378s][info][gc,stats    ] Concurrent Reset                   2490 us
[10.378s][info][gc,stats    ] Pause Init Mark (G)                 408 us
[10.378s][info][gc,stats    ] Pause Init Mark (N)                 163 us
[10.378s][info][gc,stats    ]   Update Region States              103 us
[10.378s][info][gc,stats    ] Concurrent Mark Roots               232 us, parallelism: 1.22x
[10.378s][info][gc,stats    ]   CMR: <total>                      282 us
[10.378s][info][gc,stats    ]   CMR: Thread Roots                 230 us, workers (us):  61,  91,  77, ---, ---, ---, 
[10.378s][info][gc,stats    ]   CMR: VM Strong Roots                6 us, workers (us):   6,   0,   0, ---, ---, ---, 
[10.378s][info][gc,stats    ]   CMR: CLDG Roots                    45 us, workers (us):  45, ---, ---, ---, ---, ---, 
[10.378s][info][gc,stats    ] Concurrent Marking                 2494 us
[10.378s][info][gc,stats    ] Pause Final Mark (G)               1034 us
[10.378s][info][gc,stats    ] Pause Final Mark (N)                751 us
[10.378s][info][gc,stats    ]   Finish Mark                       332 us
[10.378s][info][gc,stats    ]   Update Region States              101 us
[10.378s][info][gc,stats    ]   Choose Collection Set             126 us
[10.378s][info][gc,stats    ]   Rebuild Free Set                   23 us
[10.378s][info][gc,stats    ] Concurrent Thread Roots             212 us, parallelism: 0.89x
[10.378s][info][gc,stats    ]   CTR: <total>                      188 us
[10.378s][info][gc,stats    ]   CTR: Thread Roots                 188 us, workers (us):  59,  60,  69, ---, ---, ---, 
[10.378s][info][gc,stats    ] Concurrent Weak References          160 us, parallelism: 0.10x
[10.378s][info][gc,stats    ]   CWRF: <total>                      17 us
[10.378s][info][gc,stats    ]   CWRF: Weak References              17 us, workers (us):  14,   2,   0, ---, ---, ---, 
[10.378s][info][gc,stats    ] Concurrent Weak Roots               418 us
[10.378s][info][gc,stats    ]   Roots                             279 us, parallelism: 1.18x
[10.378s][info][gc,stats    ]     CWR: <total>                    330 us
[10.378s][info][gc,stats    ]     CWR: Code Cache Roots           274 us, workers (us): 120, 154,   0, ---, ---, ---, 
[10.378s][info][gc,stats    ]     CWR: VM Weak Roots               45 us, workers (us):  26,  13,   6, ---, ---, ---, 
[10.378s][info][gc,stats    ]     CWR: CLDG Roots                  11 us, workers (us): ---, ---,  11, ---, ---, ---, 
[10.378s][info][gc,stats    ]   Rendezvous                        117 us
[10.378s][info][gc,stats    ] Concurrent Cleanup                  145 us
[10.378s][info][gc,stats    ] Concurrent Class Unloading         1292 us
[10.378s][info][gc,stats    ]   Unlink Stale                      850 us
[10.378s][info][gc,stats    ]     System Dictionary                10 us
[10.378s][info][gc,stats    ]     Weak Class Links                  1 us
[10.378s][info][gc,stats    ]     Code Roots                      838 us
[10.378s][info][gc,stats    ]   Rendezvous                        137 us
[10.378s][info][gc,stats    ]   Purge Unlinked                    206 us
[10.378s][info][gc,stats    ]     Code Roots                      180 us
[10.378s][info][gc,stats    ]     CLDG                             25 us
[10.378s][info][gc,stats    ]     Exception Caches                  0 us
[10.378s][info][gc,stats    ] Concurrent Strong Roots             208 us, parallelism: 0.24x
[10.378s][info][gc,stats    ]   CSR: <total>                       51 us
[10.378s][info][gc,stats    ]   CSR: VM Strong Roots                6 us, workers (us):   4,   1,   0, ---, ---, ---, 
[10.378s][info][gc,stats    ]   CSR: CLDG Roots                    45 us, workers (us):  45, ---, ---, ---, ---, ---, 
[10.378s][info][gc,stats    ] Concurrent Evacuation             16246 us
[10.378s][info][gc,stats    ] Pause Init Update Refs (G)          374 us
[10.378s][info][gc,stats    ] Pause Init Update Refs (N)           55 us
[10.378s][info][gc,stats    ]   Manage GCLABs                       7 us
[10.378s][info][gc,stats    ] Concurrent Update Refs             5220 us
[10.378s][info][gc,stats    ] Concurrent Update Thread Roots      356 us
[10.378s][info][gc,stats    ] Pause Final Update Refs (G)         432 us
[10.378s][info][gc,stats    ] Pause Final Update Refs (N)         235 us
[10.378s][info][gc,stats    ]   Update Region States              145 us
[10.378s][info][gc,stats    ]   Trash Collection Set               17 us
[10.378s][info][gc,stats    ]   Rebuild Free Set                   36 us
[10.378s][info][gc,stats    ] Concurrent Cleanup                  103 us
[10.378s][info][gc,stats    ] 
[10.378s][info][gc,stats    ] Allocation pacing accrued:
[10.378s][info][gc,stats    ]       0 of    67 ms (  0.0%): <total>
[10.378s][info][gc,stats    ]       0 of    67 ms (  0.0%): <average total>
[10.378s][info][gc,stats    ] 
[10.378s][info][gc,metaspace] Metaspace: 6358K(6528K)->6358K(6528K) NonClass: 5812K(5888K)->5812K(5888K) Class: 546K(640K)->546K(640K)
[10.378s][info][gc,ergo     ] Pacer for Idle. Initial: 20971K, Alloc Tax Rate: 1.0x
[10.420s][info][gc          ] Trigger: Average GC time (37.16 ms) is above the time for average allocation rate (3984 MB/s) to deplete free headroom (144M) (margin of error = 1.96)
[10.420s][info][gc,ergo     ] Free headroom: 195M (free) - 52428K (spike) - 0B (penalties) = 144M
[10.420s][info][gc,ergo     ] Free: 194M, Max: 512K regular, 156M humongous, Frag: 20% external, 7% internal; Reserve: 52736K, Max: 512K
[10.420s][info][gc,start    ] GC(98) Concurrent reset
[10.420s][info][gc,task     ] GC(98) Using 3 of 6 workers for concurrent reset
[10.420s][info][gc,ergo     ] GC(98) Pacer for Reset. Non-Taxable: 1024M
[10.424s][info][gc          ] GC(98) Concurrent reset 3.884ms
[10.424s][info][gc,start    ] GC(98) Pause Init Mark (unload classes)
[10.424s][info][gc,task     ] GC(98) Using 6 of 6 workers for init marking
[10.424s][info][gc,ergo     ] GC(98) Pacer for Mark. Expected Live: 196M, Free: 187M, Non-Taxable: 19210K, Alloc Tax Rate: 1.3x
[10.425s][info][gc          ] GC(98) Pause Init Mark (unload classes) 0.273ms
[10.425s][info][gc,start    ] GC(98) Concurrent marking roots
[10.425s][info][gc,task     ] GC(98) Using 3 of 6 workers for concurrent marking roots
[10.425s][info][gc          ] GC(98) Concurrent marking roots 0.315ms
[10.425s][info][gc,start    ] GC(98) Concurrent marking (unload classes)
[10.425s][info][gc,task     ] GC(98) Using 3 of 6 workers for concurrent marking
[10.428s][info][gc          ] GC(98) Concurrent marking (unload classes) 3.357ms
[10.429s][info][gc,start    ] GC(98) Pause Final Mark (unload classes)
[10.429s][info][gc,task     ] GC(98) Using 6 of 6 workers for final marking
[10.429s][info][gc,ergo     ] GC(98) Adaptive CSet Selection. Target Free: 145M, Actual Free: 417M, Max CSet: 43690K, Min Garbage: 0B
[10.429s][info][gc,ergo     ] GC(98) Collectable Garbage: 369M (64%), Immediate: 197M (34%), CSet: 172M (30%)
[10.429s][info][gc,ergo     ] GC(98) Pacer for Evacuation. Used CSet: 214M, Free: 378M, Non-Taxable: 38782K, Alloc Tax Rate: 1.4x
[10.429s][info][gc          ] GC(98) Pause Final Mark (unload classes) 0.557ms
[10.429s][info][gc,start    ] GC(98) Concurrent thread roots
[10.429s][info][gc,task     ] GC(98) Using 3 of 6 workers for Concurrent thread roots
[10.429s][info][gc          ] GC(98) Concurrent thread roots 0.181ms
[10.429s][info][gc,start    ] GC(98) Concurrent weak references
[10.429s][info][gc,task     ] GC(98) Using 3 of 6 workers for concurrent weak references
[10.429s][info][gc,ref      ] GC(98) Encountered references: Soft: 47, Weak: 146, Final: 0, Phantom: 3
[10.429s][info][gc,ref      ] GC(98) Discovered  references: Soft: 0, Weak: 61, Final: 0, Phantom: 2
[10.429s][info][gc,ref      ] GC(98) Enqueued    references: Soft: 0, Weak: 0, Final: 0, Phantom: 0
[10.429s][info][gc          ] GC(98) Concurrent weak references 0.142ms
[10.429s][info][gc,start    ] GC(98) Concurrent weak roots
[10.429s][info][gc,task     ] GC(98) Using 3 of 6 workers for concurrent weak root
[10.430s][info][gc          ] GC(98) Concurrent weak roots 0.389ms
[10.430s][info][gc,start    ] GC(98) Concurrent cleanup
[10.430s][info][gc          ] GC(98) Concurrent cleanup 791M->595M(1024M) 0.101ms
[10.430s][info][gc,ergo     ] GC(98) Free: 364M, Max: 512K regular, 172M humongous, Frag: 53% external, 1% internal; Reserve: 52720K, Max: 512K
[10.430s][info][gc,start    ] GC(98) Concurrent class unloading
[10.430s][info][gc,task     ] GC(98) Using 3 of 6 workers for concurrent class unloading
[10.431s][info][gc          ] GC(98) Concurrent class unloading 0.764ms
[10.431s][info][gc,start    ] GC(98) Concurrent strong roots
[10.431s][info][gc,task     ] GC(98) Using 3 of 6 workers for concurrent strong root
[10.431s][info][gc          ] GC(98) Concurrent strong roots 0.142ms
[10.431s][info][gc,start    ] GC(98) Concurrent evacuation
[10.431s][info][gc,task     ] GC(98) Using 3 of 6 workers for concurrent evacuation
[10.448s][info][gc          ] GC(98) Concurrent evacuation 17.055ms
[10.448s][info][gc,start    ] GC(98) Pause Init Update Refs
[10.448s][info][gc,ergo     ] GC(98) Pacer for Update Refs. Used: 692M, Free: 310M, Non-Taxable: 31816K, Alloc Tax Rate: 2.7x
[10.448s][info][gc          ] GC(98) Pause Init Update Refs 0.069ms
[10.449s][info][gc,start    ] GC(98) Concurrent update references
[10.449s][info][gc,task     ] GC(98) Using 3 of 6 workers for concurrent reference update
[10.453s][info][gc          ] GC(98) Concurrent update references 4.346ms
[10.453s][info][gc,start    ] GC(98) Concurrent update thread roots
[10.453s][info][gc          ] GC(98) Concurrent update thread roots 0.419ms
[10.454s][info][gc,start    ] GC(98) Pause Final Update Refs
[10.454s][info][gc,task     ] GC(98) Using 6 of 6 workers for final reference update
[10.454s][info][gc          ] GC(98) Pause Final Update Refs 0.206ms
[10.454s][info][gc,start    ] GC(98) Concurrent cleanup
[10.454s][info][gc          ] GC(98) Concurrent cleanup 722M->507M(1024M) 0.057ms
[10.454s][info][gc,ergo     ] Free: 464M, Max: 512K regular, 170M humongous, Frag: 63% external, 47% internal; Reserve: 52736K, Max: 512K
[10.454s][info][gc,stats    ] 
[10.454s][info][gc,stats    ] All times are wall-clock times, except per-root-class counters, that are sum over
[10.454s][info][gc,stats    ] all workers. Dividing the <total> over the root stage time estimates parallelism.
[10.454s][info][gc,stats    ] 
[10.454s][info][gc,stats    ] Concurrent Reset                   4007 us
[10.454s][info][gc,stats    ] Pause Init Mark (G)                 635 us
[10.454s][info][gc,stats    ] Pause Init Mark (N)                 279 us
[10.454s][info][gc,stats    ]   Update Region States              206 us
[10.454s][info][gc,stats    ] Concurrent Mark Roots               331 us, parallelism: 0.84x
[10.454s][info][gc,stats    ]   CMR: <total>                      278 us
[10.454s][info][gc,stats    ]   CMR: Thread Roots                 216 us, workers (us):  69,  71,  76, ---, ---, ---, 
[10.454s][info][gc,stats    ]   CMR: VM Strong Roots                8 us, workers (us):   8,   0,   1, ---, ---, ---, 
[10.454s][info][gc,stats    ]   CMR: CLDG Roots                    53 us, workers (us):  53, ---, ---, ---, ---, ---, 
[10.454s][info][gc,stats    ] Concurrent Marking                 3416 us
[10.454s][info][gc,stats    ] Pause Final Mark (G)                773 us
[10.454s][info][gc,stats    ] Pause Final Mark (N)                562 us
[10.454s][info][gc,stats    ]   Finish Mark                       295 us
[10.454s][info][gc,stats    ]   Update Region States              102 us
[10.454s][info][gc,stats    ]   Choose Collection Set             103 us
[10.454s][info][gc,stats    ]   Rebuild Free Set                   19 us
[10.454s][info][gc,stats    ] Concurrent Thread Roots             197 us, parallelism: 0.60x
[10.454s][info][gc,stats    ]   CTR: <total>                      118 us
[10.454s][info][gc,stats    ]   CTR: Thread Roots                 118 us, workers (us):  63,  52,   3, ---, ---, ---, 
[10.454s][info][gc,stats    ] Concurrent Weak References          146 us, parallelism: 0.10x
[10.454s][info][gc,stats    ]   CWRF: <total>                      14 us
[10.454s][info][gc,stats    ]   CWRF: Weak References              14 us, workers (us):   2,  12,   0, ---, ---, ---, 
[10.454s][info][gc,stats    ] Concurrent Weak Roots               402 us
[10.454s][info][gc,stats    ]   Roots                             271 us, parallelism: 1.10x
[10.454s][info][gc,stats    ]     CWR: <total>                    298 us
[10.454s][info][gc,stats    ]     CWR: Code Cache Roots           238 us, workers (us):  99,   0, 139, ---, ---, ---, 
[10.454s][info][gc,stats    ]     CWR: VM Weak Roots               46 us, workers (us):  24,  15,   7, ---, ---, ---, 
[10.454s][info][gc,stats    ]     CWR: CLDG Roots                  14 us, workers (us): ---,  14, ---, ---, ---, ---, 
[10.454s][info][gc,stats    ]   Rendezvous                        109 us
[10.454s][info][gc,stats    ] Concurrent Cleanup                  120 us
[10.454s][info][gc,stats    ] Concurrent Class Unloading          786 us
[10.454s][info][gc,stats    ]   Unlink Stale                      514 us
[10.454s][info][gc,stats    ]     System Dictionary                 7 us
[10.454s][info][gc,stats    ]     Weak Class Links                  0 us
[10.454s][info][gc,stats    ]     Code Roots                      506 us
[10.454s][info][gc,stats    ]   Rendezvous                        108 us
[10.454s][info][gc,stats    ]   Purge Unlinked                    131 us
[10.454s][info][gc,stats    ]     Code Roots                      112 us
[10.454s][info][gc,stats    ]     CLDG                             18 us
[10.454s][info][gc,stats    ]     Exception Caches                  0 us
[10.454s][info][gc,stats    ] Concurrent Strong Roots             154 us, parallelism: 0.32x
[10.454s][info][gc,stats    ]   CSR: <total>                       49 us
[10.454s][info][gc,stats    ]   CSR: VM Strong Roots                5 us, workers (us):   4,   0,   0, ---, ---, ---, 
[10.454s][info][gc,stats    ]   CSR: CLDG Roots                    44 us, workers (us):  44, ---, ---, ---, ---, ---, 
[10.454s][info][gc,stats    ] Concurrent Evacuation             17178 us
[10.454s][info][gc,stats    ] Pause Init Update Refs (G)          429 us
[10.454s][info][gc,stats    ] Pause Init Update Refs (N)           76 us
[10.454s][info][gc,stats    ]   Manage GCLABs                      11 us
[10.454s][info][gc,stats    ] Concurrent Update Refs             4435 us
[10.454s][info][gc,stats    ] Concurrent Update Thread Roots      433 us
[10.454s][info][gc,stats    ] Pause Final Update Refs (G)         457 us
[10.454s][info][gc,stats    ] Pause Final Update Refs (N)         217 us
[10.454s][info][gc,stats    ]   Update Region States              141 us
[10.454s][info][gc,stats    ]   Trash Collection Set               12 us
[10.454s][info][gc,stats    ]   Rebuild Free Set                   21 us
[10.454s][info][gc,stats    ] Concurrent Cleanup                   63 us
[10.454s][info][gc,stats    ] 
[10.454s][info][gc,stats    ] Allocation pacing accrued:
[10.454s][info][gc,stats    ]       0 of    76 ms (  0.0%): <total>
[10.454s][info][gc,stats    ]       0 of    76 ms (  0.0%): <average total>
[10.454s][info][gc,stats    ] 
[10.454s][info][gc,metaspace] Metaspace: 6358K(6528K)->6358K(6528K) NonClass: 5812K(5888K)->5812K(5888K) Class: 546K(640K)->546K(640K)
[10.454s][info][gc,ergo     ] Pacer for Idle. Initial: 20971K, Alloc Tax Rate: 1.0x
[10.488s][info][gc          ] Trigger: Average GC time (36.38 ms) is above the time for average allocation rate (3984 MB/s) to deplete free headroom (139M) (margin of error = 1.95)
[10.488s][info][gc,ergo     ] Free headroom: 190M (free) - 52428K (spike) - 0B (penalties) = 139M
[10.488s][info][gc,ergo     ] Free: 189M, Max: 512K regular, 170M humongous, Frag: 10% external, 21% internal; Reserve: 52736K, Max: 512K
[10.488s][info][gc,start    ] GC(99) Concurrent reset
[10.488s][info][gc,task     ] GC(99) Using 3 of 6 workers for concurrent reset
[10.488s][info][gc,ergo     ] GC(99) Pacer for Reset. Non-Taxable: 1024M
[10.493s][info][gc          ] GC(99) Concurrent reset 4.988ms
[10.494s][info][gc,start    ] GC(99) Pause Init Mark (unload classes)
[10.494s][info][gc,task     ] GC(99) Using 6 of 6 workers for init marking
[10.494s][info][gc,ergo     ] GC(99) Pacer for Mark. Expected Live: 196M, Free: 177M, Non-Taxable: 18136K, Alloc Tax Rate: 1.4x
[10.494s][info][gc          ] GC(99) Pause Init Mark (unload classes) 0.249ms
[10.494s][info][gc,start    ] GC(99) Concurrent marking roots
[10.494s][info][gc,task     ] GC(99) Using 3 of 6 workers for concurrent marking roots
[10.494s][info][gc          ] GC(99) Concurrent marking roots 0.262ms
[10.494s][info][gc,start    ] GC(99) Concurrent marking (unload classes)
[10.494s][info][gc,task     ] GC(99) Using 3 of 6 workers for concurrent marking
[10.496s][info][gc          ] GC(99) Concurrent marking (unload classes) 2.022ms
[10.497s][info][gc,start    ] GC(99) Pause Final Mark (unload classes)
[10.497s][info][gc,task     ] GC(99) Using 6 of 6 workers for final marking
[10.497s][info][gc,ergo     ] GC(99) Adaptive CSet Selection. Target Free: 145M, Actual Free: 410M, Max CSet: 43690K, Min Garbage: 0B
[10.497s][info][gc,ergo     ] GC(99) Collectable Garbage: 376M (64%), Immediate: 204M (35%), CSet: 171M (29%)
[10.497s][info][gc,ergo     ] GC(99) Pacer for Evacuation. Used CSet: 214M, Free: 372M, Non-Taxable: 38128K, Alloc Tax Rate: 1.4x
[10.497s][info][gc          ] GC(99) Pause Final Mark (unload classes) 0.483ms
[10.497s][info][gc,start    ] GC(99) Concurrent thread roots
[10.497s][info][gc,task     ] GC(99) Using 3 of 6 workers for Concurrent thread roots
[10.497s][info][gc          ] GC(99) Concurrent thread roots 0.226ms
[10.497s][info][gc,start    ] GC(99) Concurrent weak references
[10.497s][info][gc,task     ] GC(99) Using 3 of 6 workers for concurrent weak references
[10.497s][info][gc,ref      ] GC(99) Encountered references: Soft: 47, Weak: 146, Final: 0, Phantom: 3
[10.497s][info][gc,ref      ] GC(99) Discovered  references: Soft: 0, Weak: 48, Final: 0, Phantom: 2
[10.497s][info][gc,ref      ] GC(99) Enqueued    references: Soft: 0, Weak: 0, Final: 0, Phantom: 0
[10.497s][info][gc          ] GC(99) Concurrent weak references 0.072ms
[10.497s][info][gc,start    ] GC(99) Concurrent weak roots
[10.497s][info][gc,task     ] GC(99) Using 3 of 6 workers for concurrent weak root
[10.498s][info][gc          ] GC(99) Concurrent weak roots 0.298ms
[10.498s][info][gc,start    ] GC(99) Concurrent cleanup
[10.498s][info][gc          ] GC(99) Concurrent cleanup 804M->600M(1024M) 0.105ms
[10.498s][info][gc,ergo     ] GC(99) Free: 359M, Max: 512K regular, 163M humongous, Frag: 55% external, 1% internal; Reserve: 52736K, Max: 512K
[10.498s][info][gc,start    ] GC(99) Concurrent class unloading
[10.498s][info][gc,task     ] GC(99) Using 3 of 6 workers for concurrent class unloading
[10.499s][info][gc          ] GC(99) Concurrent class unloading 0.694ms
[10.499s][info][gc,start    ] GC(99) Concurrent strong roots
[10.499s][info][gc,task     ] GC(99) Using 3 of 6 workers for concurrent strong root
[10.499s][info][gc          ] GC(99) Concurrent strong roots 0.110ms
[10.499s][info][gc,start    ] GC(99) Concurrent evacuation
[10.499s][info][gc,task     ] GC(99) Using 3 of 6 workers for concurrent evacuation
[10.514s][info][gc          ] GC(99) Concurrent evacuation 15.404ms
[10.514s][info][gc,start    ] GC(99) Pause Init Update Refs
[10.514s][info][gc,ergo     ] GC(99) Pacer for Update Refs. Used: 699M, Free: 304M, Non-Taxable: 31179K, Alloc Tax Rate: 2.8x
[10.514s][info][gc          ] GC(99) Pause Init Update Refs 0.033ms
[10.515s][info][gc,start    ] GC(99) Concurrent update references
[10.515s][info][gc,task     ] GC(99) Using 3 of 6 workers for concurrent reference update
[10.520s][info][gc          ] GC(99) Concurrent update references 4.993ms
[10.520s][info][gc,start    ] GC(99) Concurrent update thread roots
[10.520s][info][gc          ] GC(99) Concurrent update thread roots 0.399ms
[10.520s][info][gc,start    ] GC(99) Pause Final Update Refs
[10.520s][info][gc,task     ] GC(99) Using 6 of 6 workers for final reference update
[10.521s][info][gc          ] GC(99) Pause Final Update Refs 0.220ms
[10.521s][info][gc,start    ] GC(99) Concurrent cleanup
[10.521s][info][gc          ] GC(99) Concurrent cleanup 727M->513M(1024M) 0.074ms
[10.521s][info][gc,ergo     ] Free: 457M, Max: 512K regular, 147M humongous, Frag: 68% external, 45% internal; Reserve: 52736K, Max: 512K
[10.521s][info][gc,stats    ] 
[10.521s][info][gc,stats    ] All times are wall-clock times, except per-root-class counters, that are sum over
[10.521s][info][gc,stats    ] all workers. Dividing the <total> over the root stage time estimates parallelism.
[10.521s][info][gc,stats    ] 
[10.521s][info][gc,stats    ] Concurrent Reset                   5136 us
[10.521s][info][gc,stats    ] Pause Init Mark (G)                 618 us
[10.521s][info][gc,stats    ] Pause Init Mark (N)                 255 us
[10.521s][info][gc,stats    ]   Update Region States              179 us
[10.521s][info][gc,stats    ] Concurrent Mark Roots               275 us, parallelism: 0.71x
[10.521s][info][gc,stats    ]   CMR: <total>                      194 us
[10.521s][info][gc,stats    ]   CMR: Thread Roots                 143 us, workers (us):  47,  55,  42, ---, ---, ---, 
[10.521s][info][gc,stats    ]   CMR: VM Strong Roots                7 us, workers (us):   7,   0,   0, ---, ---, ---, 
[10.521s][info][gc,stats    ]   CMR: CLDG Roots                    44 us, workers (us):  44, ---, ---, ---, ---, ---, 
[10.521s][info][gc,stats    ] Concurrent Marking                 2081 us
[10.521s][info][gc,stats    ] Pause Final Mark (G)                714 us
[10.521s][info][gc,stats    ] Pause Final Mark (N)                490 us
[10.521s][info][gc,stats    ]   Finish Mark                       232 us
[10.521s][info][gc,stats    ]   Update Region States               76 us
[10.521s][info][gc,stats    ]   Choose Collection Set              94 us
[10.521s][info][gc,stats    ]   Rebuild Free Set                   20 us
[10.521s][info][gc,stats    ] Concurrent Thread Roots             239 us, parallelism: 0.69x
[10.521s][info][gc,stats    ]   CTR: <total>                      164 us
[10.521s][info][gc,stats    ]   CTR: Thread Roots                 164 us, workers (us):  56,  44,  65, ---, ---, ---, 
[10.521s][info][gc,stats    ] Concurrent Weak References           75 us, parallelism: 0.15x
[10.521s][info][gc,stats    ]   CWRF: <total>                      12 us
[10.521s][info][gc,stats    ]   CWRF: Weak References              12 us, workers (us):  12,   0,   0, ---, ---, ---, 
[10.521s][info][gc,stats    ] Concurrent Weak Roots               307 us
[10.521s][info][gc,stats    ]   Roots                             230 us, parallelism: 1.34x
[10.521s][info][gc,stats    ]     CWR: <total>                    308 us
[10.521s][info][gc,stats    ]     CWR: Code Cache Roots           256 us, workers (us): 145,   0, 111, ---, ---, ---, 
[10.521s][info][gc,stats    ]     CWR: VM Weak Roots               37 us, workers (us):  27,   9,   1, ---, ---, ---, 
[10.521s][info][gc,stats    ]     CWR: CLDG Roots                  16 us, workers (us): ---,  16, ---, ---, ---, ---, 
[10.521s][info][gc,stats    ]   Rendezvous                         60 us
[10.521s][info][gc,stats    ] Concurrent Cleanup                  109 us
[10.521s][info][gc,stats    ] Concurrent Class Unloading          740 us
[10.521s][info][gc,stats    ]   Unlink Stale                      510 us
[10.521s][info][gc,stats    ]     System Dictionary                 8 us
[10.521s][info][gc,stats    ]     Weak Class Links                  1 us
[10.521s][info][gc,stats    ]     Code Roots                      500 us
[10.521s][info][gc,stats    ]   Rendezvous                         63 us
[10.521s][info][gc,stats    ]   Purge Unlinked                    113 us
[10.521s][info][gc,stats    ]     Code Roots                       97 us
[10.521s][info][gc,stats    ]     CLDG                             16 us
[10.521s][info][gc,stats    ]     Exception Caches                  0 us
[10.521s][info][gc,stats    ] Concurrent Strong Roots             121 us, parallelism: 0.22x
[10.521s][info][gc,stats    ]   CSR: <total>                       27 us
[10.521s][info][gc,stats    ]   CSR: VM Strong Roots                3 us, workers (us):   3,   0,   0, ---, ---, ---, 
[10.521s][info][gc,stats    ]   CSR: CLDG Roots                    23 us, workers (us):  23, ---, ---, ---, ---, ---, 
[10.521s][info][gc,stats    ] Concurrent Evacuation             15500 us
[10.521s][info][gc,stats    ] Pause Init Update Refs (G)          286 us
[10.521s][info][gc,stats    ] Pause Init Update Refs (N)           37 us
[10.521s][info][gc,stats    ]   Manage GCLABs                       3 us
[10.521s][info][gc,stats    ] Concurrent Update Refs             5077 us
[10.521s][info][gc,stats    ] Concurrent Update Thread Roots      431 us
[10.521s][info][gc,stats    ] Pause Final Update Refs (G)         510 us
[10.521s][info][gc,stats    ] Pause Final Update Refs (N)         231 us
[10.521s][info][gc,stats    ]   Update Region States              152 us
[10.521s][info][gc,stats    ]   Trash Collection Set               13 us
[10.521s][info][gc,stats    ]   Rebuild Free Set                   23 us
[10.521s][info][gc,stats    ] Concurrent Cleanup                   82 us
[10.521s][info][gc,stats    ] 
[10.521s][info][gc,stats    ] Allocation pacing accrued:
[10.521s][info][gc,stats    ]       0 of    67 ms (  0.0%): <total>
[10.521s][info][gc,stats    ]       0 of    67 ms (  0.0%): <average total>
[10.521s][info][gc,stats    ] 
[10.521s][info][gc,metaspace] Metaspace: 6358K(6528K)->6358K(6528K) NonClass: 5812K(5888K)->5812K(5888K) Class: 546K(640K)->546K(640K)
[10.521s][info][gc,ergo     ] Pacer for Idle. Initial: 20971K, Alloc Tax Rate: 1.0x
[10.556s][info][gc          ] Trigger: Average GC time (35.37 ms) is above the time for average allocation rate (3984 MB/s) to deplete free headroom (138M) (margin of error = 1.95)
[10.556s][info][gc,ergo     ] Free headroom: 190M (free) - 52428K (spike) - 0B (penalties) = 138M
[10.557s][info][gc,ergo     ] Free: 189M, Max: 512K regular, 147M humongous, Frag: 22% external, 18% internal; Reserve: 52736K, Max: 512K
[10.557s][info][gc,start    ] GC(100) Concurrent reset
[10.557s][info][gc,task     ] GC(100) Using 3 of 6 workers for concurrent reset
[10.557s][info][gc,ergo     ] GC(100) Pacer for Reset. Non-Taxable: 1024M
[10.561s][info][gc          ] GC(100) Concurrent reset 4.241ms
[10.561s][info][gc,start    ] GC(100) Pause Init Mark (unload classes)
[10.561s][info][gc,task     ] GC(100) Using 6 of 6 workers for init marking
[10.561s][info][gc,ergo     ] GC(100) Pacer for Mark. Expected Live: 196M, Free: 179M, Non-Taxable: 18354K, Alloc Tax Rate: 1.3x
[10.561s][info][gc          ] GC(100) Pause Init Mark (unload classes) 0.139ms
[10.561s][info][gc,start    ] GC(100) Concurrent marking roots
[10.561s][info][gc,task     ] GC(100) Using 3 of 6 workers for concurrent marking roots
[10.562s][info][gc          ] GC(100) Concurrent marking roots 0.247ms
[10.562s][info][gc,start    ] GC(100) Concurrent marking (unload classes)
[10.562s][info][gc,task     ] GC(100) Using 3 of 6 workers for concurrent marking
[10.564s][info][gc          ] GC(100) Concurrent marking (unload classes) 2.204ms
[10.564s][info][gc,start    ] GC(100) Pause Final Mark (unload classes)
[10.564s][info][gc,task     ] GC(100) Using 6 of 6 workers for final marking
[10.564s][info][gc,ergo     ] GC(100) Adaptive CSet Selection. Target Free: 145M, Actual Free: 417M, Max CSet: 43690K, Min Garbage: 0B
[10.565s][info][gc,ergo     ] GC(100) Collectable Garbage: 384M (66%), Immediate: 212M (36%), CSet: 171M (29%)
[10.565s][info][gc,ergo     ] GC(100) Pacer for Evacuation. Used CSet: 214M, Free: 379M, Non-Taxable: 38817K, Alloc Tax Rate: 1.4x
[10.565s][info][gc          ] GC(100) Pause Final Mark (unload classes) 0.503ms
[10.565s][info][gc,start    ] GC(100) Concurrent thread roots
[10.565s][info][gc,task     ] GC(100) Using 3 of 6 workers for Concurrent thread roots
[10.565s][info][gc          ] GC(100) Concurrent thread roots 0.205ms
[10.565s][info][gc,start    ] GC(100) Concurrent weak references
[10.565s][info][gc,task     ] GC(100) Using 3 of 6 workers for concurrent weak references
[10.565s][info][gc,ref      ] GC(100) Encountered references: Soft: 47, Weak: 146, Final: 0, Phantom: 3
[10.565s][info][gc,ref      ] GC(100) Discovered  references: Soft: 0, Weak: 48, Final: 0, Phantom: 2
[10.565s][info][gc,ref      ] GC(100) Enqueued    references: Soft: 0, Weak: 0, Final: 0, Phantom: 0
[10.565s][info][gc          ] GC(100) Concurrent weak references 0.073ms
[10.565s][info][gc,start    ] GC(100) Concurrent weak roots
[10.565s][info][gc,task     ] GC(100) Using 3 of 6 workers for concurrent weak root
[10.565s][info][gc          ] GC(100) Concurrent weak roots 0.272ms
[10.565s][info][gc,start    ] GC(100) Concurrent cleanup
[10.565s][info][gc          ] GC(100) Concurrent cleanup 806M->595M(1024M) 0.088ms
[10.565s][info][gc,ergo     ] GC(100) Free: 365M, Max: 512K regular, 163M humongous, Frag: 56% external, 2% internal; Reserve: 52736K, Max: 512K
[10.565s][info][gc,start    ] GC(100) Concurrent class unloading
[10.565s][info][gc,task     ] GC(100) Using 3 of 6 workers for concurrent class unloading
[10.566s][info][gc          ] GC(100) Concurrent class unloading 0.752ms
[10.566s][info][gc,start    ] GC(100) Concurrent strong roots
[10.566s][info][gc,task     ] GC(100) Using 3 of 6 workers for concurrent strong root
[10.566s][info][gc          ] GC(100) Concurrent strong roots 0.130ms
[10.566s][info][gc,start    ] GC(100) Concurrent evacuation
[10.566s][info][gc,task     ] GC(100) Using 3 of 6 workers for concurrent evacuation
[10.581s][info][gc          ] GC(100) Concurrent evacuation 15.012ms
[10.582s][info][gc,start    ] GC(100) Pause Init Update Refs
[10.582s][info][gc,ergo     ] GC(100) Pacer for Update Refs. Used: 694M, Free: 309M, Non-Taxable: 31731K, Alloc Tax Rate: 2.7x
[10.582s][info][gc          ] GC(100) Pause Init Update Refs 0.073ms
[10.582s][info][gc,start    ] GC(100) Concurrent update references
[10.582s][info][gc,task     ] GC(100) Using 3 of 6 workers for concurrent reference update
[10.587s][info][gc          ] GC(100) Concurrent update references 4.875ms
[10.587s][info][gc,start    ] GC(100) Concurrent update thread roots
[10.587s][info][gc          ] GC(100) Concurrent update thread roots 0.599ms
[10.588s][info][gc,start    ] GC(100) Pause Final Update Refs
[10.588s][info][gc,task     ] GC(100) Using 6 of 6 workers for final reference update
[10.588s][info][gc          ] GC(100) Pause Final Update Refs 0.319ms
[10.588s][info][gc,start    ] GC(100) Concurrent cleanup
[10.588s][info][gc          ] GC(100) Concurrent cleanup 725M->512M(1024M) 0.119ms
[10.588s][info][gc,ergo     ] Free: 459M, Max: 512K regular, 142M humongous, Frag: 69% external, 46% internal; Reserve: 52736K, Max: 512K
[10.588s][info][gc,stats    ] 
[10.588s][info][gc,stats    ] All times are wall-clock times, except per-root-class counters, that are sum over
[10.588s][info][gc,stats    ] all workers. Dividing the <total> over the root stage time estimates parallelism.
[10.588s][info][gc,stats    ] 
[10.588s][info][gc,stats    ] Concurrent Reset                   4322 us
[10.588s][info][gc,stats    ] Pause Init Mark (G)                 409 us
[10.588s][info][gc,stats    ] Pause Init Mark (N)                 143 us
[10.588s][info][gc,stats    ]   Update Region States               96 us
[10.588s][info][gc,stats    ] Concurrent Mark Roots               261 us, parallelism: 0.72x
[10.588s][info][gc,stats    ]   CMR: <total>                      189 us
[10.588s][info][gc,stats    ]   CMR: Thread Roots                 140 us, workers (us):  41,  88,  11, ---, ---, ---, 
[10.588s][info][gc,stats    ]   CMR: VM Strong Roots                7 us, workers (us):   6,   0,   0, ---, ---, ---, 
[10.588s][info][gc,stats    ]   CMR: CLDG Roots                    43 us, workers (us):  43, ---, ---, ---, ---, ---, 
[10.588s][info][gc,stats    ] Concurrent Marking                 2282 us
[10.588s][info][gc,stats    ] Pause Final Mark (G)                748 us
[10.588s][info][gc,stats    ] Pause Final Mark (N)                507 us
[10.588s][info][gc,stats    ]   Finish Mark                       275 us
[10.588s][info][gc,stats    ]   Update Region States               86 us
[10.588s][info][gc,stats    ]   Choose Collection Set              90 us
[10.588s][info][gc,stats    ]   Rebuild Free Set                   19 us
[10.588s][info][gc,stats    ] Concurrent Thread Roots             218 us, parallelism: 0.63x
[10.588s][info][gc,stats    ]   CTR: <total>                      138 us
[10.588s][info][gc,stats    ]   CTR: Thread Roots                 138 us, workers (us):  64,  69,   6, ---, ---, ---, 
[10.588s][info][gc,stats    ] Concurrent Weak References           77 us, parallelism: 0.10x
[10.588s][info][gc,stats    ]   CWRF: <total>                       8 us
[10.588s][info][gc,stats    ]   CWRF: Weak References               8 us, workers (us):   7,   0,   0, ---, ---, ---, 
[10.588s][info][gc,stats    ] Concurrent Weak Roots               282 us
[10.588s][info][gc,stats    ]   Roots                             219 us, parallelism: 1.17x
[10.588s][info][gc,stats    ]     CWR: <total>                    256 us
[10.588s][info][gc,stats    ]     CWR: Code Cache Roots           222 us, workers (us): 125,  96,   0, ---, ---, ---, 
[10.589s][info][gc,stats    ]     CWR: VM Weak Roots               27 us, workers (us):  20,   6,   1, ---, ---, ---, 
[10.589s][info][gc,stats    ]     CWR: CLDG Roots                   7 us, workers (us): ---,   7, ---, ---, ---, ---, 
[10.589s][info][gc,stats    ]   Rendezvous                         45 us
[10.589s][info][gc,stats    ] Concurrent Cleanup                   93 us
[10.589s][info][gc,stats    ] Concurrent Class Unloading          773 us
[10.589s][info][gc,stats    ]   Unlink Stale                      508 us
[10.589s][info][gc,stats    ]     System Dictionary                 6 us
[10.589s][info][gc,stats    ]     Weak Class Links                  1 us
[10.589s][info][gc,stats    ]     Code Roots                      500 us
[10.589s][info][gc,stats    ]   Rendezvous                        111 us
[10.589s][info][gc,stats    ]   Purge Unlinked                    125 us
[10.589s][info][gc,stats    ]     Code Roots                      107 us
[10.589s][info][gc,stats    ]     CLDG                             17 us
[10.589s][info][gc,stats    ]     Exception Caches                  1 us
[10.589s][info][gc,stats    ] Concurrent Strong Roots             160 us, parallelism: 0.23x
[10.589s][info][gc,stats    ]   CSR: <total>                       37 us
[10.589s][info][gc,stats    ]   CSR: VM Strong Roots                3 us, workers (us):   3,   0,   0, ---, ---, ---, 
[10.589s][info][gc,stats    ]   CSR: CLDG Roots                    34 us, workers (us):  34, ---, ---, ---, ---, ---, 
[10.589s][info][gc,stats    ] Concurrent Evacuation             15191 us
[10.589s][info][gc,stats    ] Pause Init Update Refs (G)          393 us
[10.589s][info][gc,stats    ] Pause Init Update Refs (N)           80 us
[10.589s][info][gc,stats    ]   Manage GCLABs                       6 us
[10.589s][info][gc,stats    ] Concurrent Update Refs             5038 us
[10.589s][info][gc,stats    ] Concurrent Update Thread Roots      633 us
[10.589s][info][gc,stats    ] Pause Final Update Refs (G)         596 us
[10.589s][info][gc,stats    ] Pause Final Update Refs (N)         335 us
[10.589s][info][gc,stats    ]   Update Region States              168 us
[10.589s][info][gc,stats    ]   Trash Collection Set               31 us
[10.589s][info][gc,stats    ]   Rebuild Free Set                   78 us
[10.589s][info][gc,stats    ] Concurrent Cleanup                  130 us
[10.589s][info][gc,stats    ] 
[10.589s][info][gc,stats    ] Allocation pacing accrued:
[10.589s][info][gc,stats    ]       0 of    68 ms (  0.0%): <total>
[10.589s][info][gc,stats    ]       0 of    68 ms (  0.0%): <average total>
[10.589s][info][gc,stats    ] 
[10.589s][info][gc,metaspace] Metaspace: 6358K(6528K)->6358K(6528K) NonClass: 5812K(5888K)->5812K(5888K) Class: 546K(640K)->546K(640K)
[10.589s][info][gc,ergo     ] Pacer for Idle. Initial: 20971K, Alloc Tax Rate: 1.0x
[10.658s][info][gc          ] Trigger: Average GC time (34.50 ms) is above the time for average allocation rate (4093 MB/s) to deplete free headroom (131M) (margin of error = 1.95)
[10.658s][info][gc,ergo     ] Free headroom: 183M (free) - 52428K (spike) - 0B (penalties) = 131M
[10.658s][info][gc,ergo     ] Free: 182M, Max: 512K regular, 142M humongous, Frag: 21% external, 33% internal; Reserve: 52736K, Max: 512K
[10.658s][info][gc,start    ] GC(101) Concurrent reset
[10.658s][info][gc,task     ] GC(101) Using 3 of 6 workers for concurrent reset
[10.658s][info][gc,ergo     ] GC(101) Pacer for Reset. Non-Taxable: 1024M
[10.662s][info][gc          ] GC(101) Concurrent reset 3.937ms
[10.662s][info][gc,start    ] GC(101) Pause Init Mark (unload classes)
[10.662s][info][gc,task     ] GC(101) Using 6 of 6 workers for init marking
[10.662s][info][gc,ergo     ] GC(101) Pacer for Mark. Expected Live: 196M, Free: 172M, Non-Taxable: 17631K, Alloc Tax Rate: 1.4x
[10.662s][info][gc          ] GC(101) Pause Init Mark (unload classes) 0.258ms
[10.663s][info][gc,start    ] GC(101) Concurrent marking roots
[10.663s][info][gc,task     ] GC(101) Using 3 of 6 workers for concurrent marking roots
[10.663s][info][gc          ] GC(101) Concurrent marking roots 0.366ms
[10.663s][info][gc,start    ] GC(101) Concurrent marking (unload classes)
[10.663s][info][gc,task     ] GC(101) Using 3 of 6 workers for concurrent marking
[10.666s][info][gc          ] GC(101) Concurrent marking (unload classes) 3.034ms
[10.666s][info][gc,start    ] GC(101) Pause Final Mark (unload classes)
[10.666s][info][gc,task     ] GC(101) Using 6 of 6 workers for final marking
[10.667s][info][gc,ergo     ] GC(101) Adaptive CSet Selection. Target Free: 145M, Actual Free: 423M, Max CSet: 43690K, Min Garbage: 0B
[10.667s][info][gc,ergo     ] GC(101) Collectable Garbage: 390M (66%), Immediate: 218M (37%), CSet: 172M (29%)
[10.667s][info][gc,ergo     ] GC(101) Pacer for Evacuation. Used CSet: 214M, Free: 385M, Non-Taxable: 39434K, Alloc Tax Rate: 1.4x
[10.667s][info][gc          ] GC(101) Pause Final Mark (unload classes) 0.688ms
[10.667s][info][gc,start    ] GC(101) Concurrent thread roots
[10.667s][info][gc,task     ] GC(101) Using 3 of 6 workers for Concurrent thread roots
[10.667s][info][gc          ] GC(101) Concurrent thread roots 0.187ms
[10.667s][info][gc,start    ] GC(101) Concurrent weak references
[10.667s][info][gc,task     ] GC(101) Using 3 of 6 workers for concurrent weak references
[10.667s][info][gc,ref      ] GC(101) Encountered references: Soft: 47, Weak: 146, Final: 0, Phantom: 3
[10.667s][info][gc,ref      ] GC(101) Discovered  references: Soft: 0, Weak: 45, Final: 0, Phantom: 2
[10.667s][info][gc,ref      ] GC(101) Enqueued    references: Soft: 0, Weak: 0, Final: 0, Phantom: 0
[10.667s][info][gc          ] GC(101) Concurrent weak references 0.085ms
[10.667s][info][gc,start    ] GC(101) Concurrent weak roots
[10.667s][info][gc,task     ] GC(101) Using 3 of 6 workers for concurrent weak root
[10.667s][info][gc          ] GC(101) Concurrent weak roots 0.250ms
[10.667s][info][gc,start    ] GC(101) Concurrent cleanup
[10.667s][info][gc          ] GC(101) Concurrent cleanup 801M->583M(1024M) 0.062ms
[10.667s][info][gc,ergo     ] GC(101) Free: 385M, Max: 512K regular, 165M humongous, Frag: 57% external, 45% internal; Reserve: 52736K, Max: 512K
[10.667s][info][gc,start    ] GC(101) Concurrent class unloading
[10.667s][info][gc,task     ] GC(101) Using 3 of 6 workers for concurrent class unloading
[10.668s][info][gc          ] GC(101) Concurrent class unloading 0.517ms
[10.668s][info][gc,start    ] GC(101) Concurrent strong roots
[10.668s][info][gc,task     ] GC(101) Using 3 of 6 workers for concurrent strong root
[10.668s][info][gc          ] GC(101) Concurrent strong roots 0.108ms
[10.668s][info][gc,start    ] GC(101) Concurrent evacuation
[10.668s][info][gc,task     ] GC(101) Using 3 of 6 workers for concurrent evacuation
[10.682s][info][gc          ] GC(101) Concurrent evacuation 14.250ms
[10.683s][info][gc,start    ] GC(101) Pause Init Update Refs
[10.683s][info][gc,ergo     ] GC(101) Pacer for Update Refs. Used: 658M, Free: 353M, Non-Taxable: 36155K, Alloc Tax Rate: 2.3x
[10.683s][info][gc          ] GC(101) Pause Init Update Refs 0.061ms
[10.683s][info][gc,start    ] GC(101) Concurrent update references
[10.683s][info][gc,task     ] GC(101) Using 3 of 6 workers for concurrent reference update
[10.688s][info][gc          ] GC(101) Concurrent update references 4.783ms
[10.688s][info][gc,start    ] GC(101) Concurrent update thread roots
[10.688s][info][gc          ] GC(101) Concurrent update thread roots 0.577ms
[10.689s][info][gc,start    ] GC(101) Pause Final Update Refs
[10.689s][info][gc,task     ] GC(101) Using 6 of 6 workers for final reference update
[10.689s][info][gc          ] GC(101) Pause Final Update Refs 0.321ms
[10.689s][info][gc,start    ] GC(101) Concurrent cleanup
[10.689s][info][gc          ] GC(101) Concurrent cleanup 686M->473M(1024M) 0.141ms
[10.689s][info][gc,ergo     ] Free: 498M, Max: 512K regular, 149M humongous, Frag: 70% external, 40% internal; Reserve: 52736K, Max: 512K
[10.689s][info][gc,stats    ] 
[10.689s][info][gc,stats    ] All times are wall-clock times, except per-root-class counters, that are sum over
[10.689s][info][gc,stats    ] all workers. Dividing the <total> over the root stage time estimates parallelism.
[10.689s][info][gc,stats    ] 
[10.689s][info][gc,stats    ] Concurrent Reset                   4096 us
[10.689s][info][gc,stats    ] Pause Init Mark (G)                 605 us
[10.689s][info][gc,stats    ] Pause Init Mark (N)                 267 us
[10.689s][info][gc,stats    ]   Update Region States              149 us
[10.689s][info][gc,stats    ] Concurrent Mark Roots               388 us, parallelism: 0.77x
[10.689s][info][gc,stats    ]   CMR: <total>                      300 us
[10.689s][info][gc,stats    ]   CMR: Thread Roots                 214 us, workers (us):  77,  78,  59, ---, ---, ---, 
[10.689s][info][gc,stats    ]   CMR: VM Strong Roots               15 us, workers (us):  14,   0,   0, ---, ---, ---, 
[10.689s][info][gc,stats    ]   CMR: CLDG Roots                    71 us, workers (us):  71, ---, ---, ---, ---, ---, 
[10.689s][info][gc,stats    ] Concurrent Marking                 3119 us
[10.689s][info][gc,stats    ] Pause Final Mark (G)                791 us
[10.689s][info][gc,stats    ] Pause Final Mark (N)                694 us
[10.689s][info][gc,stats    ]   Finish Mark                       362 us
[10.689s][info][gc,stats    ]   Update Region States              109 us
[10.689s][info][gc,stats    ]   Choose Collection Set             140 us
[10.689s][info][gc,stats    ]   Rebuild Free Set                   27 us
[10.689s][info][gc,stats    ] Concurrent Thread Roots             202 us, parallelism: 0.95x
[10.690s][info][gc,stats    ]   CTR: <total>                      192 us
[10.690s][info][gc,stats    ]   CTR: Thread Roots                 192 us, workers (us):  85,  55,  52, ---, ---, ---, 
[10.690s][info][gc,stats    ] Concurrent Weak References           90 us, parallelism: 0.10x
[10.690s][info][gc,stats    ]   CWRF: <total>                       9 us
[10.690s][info][gc,stats    ]   CWRF: Weak References               9 us, workers (us):   9,   0,   0, ---, ---, ---, 
[10.690s][info][gc,stats    ] Concurrent Weak Roots               266 us
[10.690s][info][gc,stats    ]   Roots                             168 us, parallelism: 1.01x
[10.690s][info][gc,stats    ]     CWR: <total>                    170 us
[10.690s][info][gc,stats    ]     CWR: Code Cache Roots           140 us, workers (us):  64,  76,   0, ---, ---, ---, 
[10.690s][info][gc,stats    ]     CWR: VM Weak Roots               23 us, workers (us):  20,   3,   1, ---, ---, ---, 
[10.690s][info][gc,stats    ]     CWR: CLDG Roots                   7 us, workers (us):   7, ---, ---, ---, ---, ---, 
[10.690s][info][gc,stats    ]   Rendezvous                         72 us
[10.690s][info][gc,stats    ] Concurrent Cleanup                   68 us
[10.690s][info][gc,stats    ] Concurrent Class Unloading          532 us
[10.690s][info][gc,stats    ]   Unlink Stale                      322 us
[10.690s][info][gc,stats    ]     System Dictionary                 5 us
[10.690s][info][gc,stats    ]     Weak Class Links                  0 us
[10.690s][info][gc,stats    ]     Code Roots                      316 us
[10.690s][info][gc,stats    ]   Rendezvous                         77 us
[10.690s][info][gc,stats    ]   Purge Unlinked                    108 us
[10.690s][info][gc,stats    ]     Code Roots                       88 us
[10.690s][info][gc,stats    ]     CLDG                             19 us
[10.690s][info][gc,stats    ]     Exception Caches                  0 us
[10.690s][info][gc,stats    ] Concurrent Strong Roots             122 us, parallelism: 0.19x
[10.690s][info][gc,stats    ]   CSR: <total>                       23 us
[10.690s][info][gc,stats    ]   CSR: VM Strong Roots                4 us, workers (us):   4,   0,   0, ---, ---, ---, 
[10.690s][info][gc,stats    ]   CSR: CLDG Roots                    19 us, workers (us):  19, ---, ---, ---, ---, ---, 
[10.690s][info][gc,stats    ] Concurrent Evacuation             14379 us
[10.690s][info][gc,stats    ] Pause Init Update Refs (G)          394 us
[10.690s][info][gc,stats    ] Pause Init Update Refs (N)           67 us
[10.690s][info][gc,stats    ]   Manage GCLABs                       6 us
[10.690s][info][gc,stats    ] Concurrent Update Refs             4900 us
[10.690s][info][gc,stats    ] Concurrent Update Thread Roots      627 us
[10.690s][info][gc,stats    ] Pause Final Update Refs (G)         602 us
[10.690s][info][gc,stats    ] Pause Final Update Refs (N)         338 us
[10.690s][info][gc,stats    ]   Update Region States              185 us
[10.690s][info][gc,stats    ]   Trash Collection Set               33 us
[10.690s][info][gc,stats    ]   Rebuild Free Set                   53 us
[10.690s][info][gc,stats    ] Concurrent Cleanup                  173 us
[10.690s][info][gc,stats    ] Pacing                             7512 us
[10.690s][info][gc,stats    ] 
[10.690s][info][gc,stats    ] Allocation pacing accrued:
[10.690s][info][gc,stats    ]       8 of   101 ms (  7.4%): main
[10.690s][info][gc,stats    ]       8 of   101 ms (  7.4%): <total>
[10.690s][info][gc,stats    ]       1 of   101 ms (  0.7%): <average total>
[10.690s][info][gc,stats    ]       8 of   101 ms (  7.4%): <average non-zero>
[10.690s][info][gc,stats    ] 
[10.690s][info][gc,metaspace] Metaspace: 6358K(6528K)->6358K(6528K) NonClass: 5812K(5888K)->5812K(5888K) Class: 546K(640K)->546K(640K)
[10.690s][info][gc,ergo     ] Pacer for Idle. Initial: 20971K, Alloc Tax Rate: 1.0x
[10.750s][info][gc          ] Trigger: Average GC time (33.64 ms) is above the time for average allocation rate (4092 MB/s) to deplete free headroom (133M) (margin of error = 1.92)
[10.750s][info][gc,ergo     ] Free headroom: 184M (free) - 52428K (spike) - 0B (penalties) = 133M
[10.751s][info][gc,ergo     ] Free: 183M, Max: 512K regular, 149M humongous, Frag: 18% external, 10% internal; Reserve: 52736K, Max: 512K
[10.751s][info][gc,start    ] GC(102) Concurrent reset
[10.751s][info][gc,task     ] GC(102) Using 3 of 6 workers for concurrent reset
[10.751s][info][gc,ergo     ] GC(102) Pacer for Reset. Non-Taxable: 1024M
[10.754s][info][gc          ] GC(102) Concurrent reset 3.666ms
[10.755s][info][gc,start    ] GC(102) Pause Init Mark (unload classes)
[10.755s][info][gc,task     ] GC(102) Using 6 of 6 workers for init marking
[10.755s][info][gc,ergo     ] GC(102) Pacer for Mark. Expected Live: 196M, Free: 172M, Non-Taxable: 17688K, Alloc Tax Rate: 1.4x
[10.755s][info][gc          ] GC(102) Pause Init Mark (unload classes) 0.188ms
[10.755s][info][gc,start    ] GC(102) Concurrent marking roots
[10.755s][info][gc,task     ] GC(102) Using 3 of 6 workers for concurrent marking roots
[10.755s][info][gc          ] GC(102) Concurrent marking roots 0.260ms
[10.755s][info][gc,start    ] GC(102) Concurrent marking (unload classes)
[10.755s][info][gc,task     ] GC(102) Using 3 of 6 workers for concurrent marking
[10.759s][info][gc          ] GC(102) Concurrent marking (unload classes) 3.946ms
[10.759s][info][gc,start    ] GC(102) Pause Final Mark (unload classes)
[10.759s][info][gc,task     ] GC(102) Using 6 of 6 workers for final marking
[10.760s][info][gc,ergo     ] GC(102) Adaptive CSet Selection. Target Free: 145M, Actual Free: 397M, Max CSet: 43690K, Min Garbage: 0B
[10.760s][info][gc,ergo     ] GC(102) Collectable Garbage: 369M (62%), Immediate: 196M (33%), CSet: 172M (29%)
[10.760s][info][gc,ergo     ] GC(102) Pacer for Evacuation. Used CSet: 214M, Free: 359M, Non-Taxable: 36765K, Alloc Tax Rate: 1.5x
[10.760s][info][gc          ] GC(102) Pause Final Mark (unload classes) 0.676ms
[10.760s][info][gc,start    ] GC(102) Concurrent thread roots
[10.760s][info][gc,task     ] GC(102) Using 3 of 6 workers for Concurrent thread roots
[10.760s][info][gc          ] GC(102) Concurrent thread roots 0.188ms
[10.760s][info][gc,start    ] GC(102) Concurrent weak references
[10.760s][info][gc,task     ] GC(102) Using 3 of 6 workers for concurrent weak references
[10.760s][info][gc,ref      ] GC(102) Encountered references: Soft: 47, Weak: 146, Final: 0, Phantom: 3
[10.760s][info][gc,ref      ] GC(102) Discovered  references: Soft: 0, Weak: 48, Final: 0, Phantom: 2
[10.760s][info][gc,ref      ] GC(102) Enqueued    references: Soft: 0, Weak: 0, Final: 0, Phantom: 0
[10.760s][info][gc          ] GC(102) Concurrent weak references 0.090ms
[10.760s][info][gc,start    ] GC(102) Concurrent weak roots
[10.760s][info][gc,task     ] GC(102) Using 3 of 6 workers for concurrent weak root
[10.761s][info][gc          ] GC(102) Concurrent weak roots 0.452ms
[10.761s][info][gc,start    ] GC(102) Concurrent cleanup
[10.761s][info][gc          ] GC(102) Concurrent cleanup 811M->615M(1024M) 0.169ms
[10.761s][info][gc,ergo     ] GC(102) Free: 343M, Max: 512K regular, 160M humongous, Frag: 54% external, 1% internal; Reserve: 52722K, Max: 512K
[10.761s][info][gc,start    ] GC(102) Concurrent class unloading
[10.761s][info][gc,task     ] GC(102) Using 3 of 6 workers for concurrent class unloading
[10.763s][info][gc          ] GC(102) Concurrent class unloading 2.050ms
[10.763s][info][gc,start    ] GC(102) Concurrent strong roots
[10.763s][info][gc,task     ] GC(102) Using 3 of 6 workers for concurrent strong root
[10.764s][info][gc          ] GC(102) Concurrent strong roots 0.255ms
[10.764s][info][gc,start    ] GC(102) Concurrent evacuation
[10.764s][info][gc,task     ] GC(102) Using 3 of 6 workers for concurrent evacuation
[10.783s][info][gc          ] GC(102) Concurrent evacuation 19.069ms
[10.783s][info][gc,start    ] GC(102) Pause Init Update Refs
[10.783s][info][gc,ergo     ] GC(102) Pacer for Update Refs. Used: 726M, Free: 276M, Non-Taxable: 28288K, Alloc Tax Rate: 3.2x
[10.783s][info][gc          ] GC(102) Pause Init Update Refs 0.084ms
[10.783s][info][gc,start    ] GC(102) Concurrent update references
[10.783s][info][gc,task     ] GC(102) Using 3 of 6 workers for concurrent reference update
[10.789s][info][gc          ] GC(102) Concurrent update references 5.146ms
[10.789s][info][gc,start    ] GC(102) Concurrent update thread roots
[10.789s][info][gc          ] GC(102) Concurrent update thread roots 0.443ms
[10.789s][info][gc,start    ] GC(102) Pause Final Update Refs
[10.789s][info][gc,task     ] GC(102) Using 6 of 6 workers for final reference update
[10.790s][info][gc          ] GC(102) Pause Final Update Refs 0.339ms
[10.790s][info][gc,start    ] GC(102) Concurrent cleanup
[10.790s][info][gc          ] GC(102) Concurrent cleanup 759M->545M(1024M) 0.190ms
[10.790s][info][gc,ergo     ] Free: 425M, Max: 512K regular, 146M humongous, Frag: 65% external, 50% internal; Reserve: 52736K, Max: 512K
[10.790s][info][gc,stats    ] 
[10.790s][info][gc,stats    ] All times are wall-clock times, except per-root-class counters, that are sum over
[10.790s][info][gc,stats    ] all workers. Dividing the <total> over the root stage time estimates parallelism.
[10.790s][info][gc,stats    ] 
[10.790s][info][gc,stats    ] Concurrent Reset                   3811 us
[10.790s][info][gc,stats    ] Pause Init Mark (G)                 472 us
[10.790s][info][gc,stats    ] Pause Init Mark (N)                 196 us
[10.790s][info][gc,stats    ]   Update Region States              117 us
[10.790s][info][gc,stats    ] Concurrent Mark Roots               281 us, parallelism: 0.80x
[10.790s][info][gc,stats    ]   CMR: <total>                      225 us
[10.790s][info][gc,stats    ]   CMR: Thread Roots                 170 us, workers (us):  62,  50,  58, ---, ---, ---, 
[10.790s][info][gc,stats    ]   CMR: VM Strong Roots                8 us, workers (us):   7,   0,   0, ---, ---, ---, 
[10.790s][info][gc,stats    ]   CMR: CLDG Roots                    47 us, workers (us):  47, ---, ---, ---, ---, ---, 
[10.790s][info][gc,stats    ] Concurrent Marking                 4077 us
[10.790s][info][gc,stats    ] Pause Final Mark (G)                901 us
[10.790s][info][gc,stats    ] Pause Final Mark (N)                681 us
[10.790s][info][gc,stats    ]   Finish Mark                       345 us
[10.790s][info][gc,stats    ]   Update Region States              109 us
[10.790s][info][gc,stats    ]   Choose Collection Set             133 us
[10.790s][info][gc,stats    ]   Rebuild Free Set                   22 us
[10.790s][info][gc,stats    ] Concurrent Thread Roots             201 us, parallelism: 0.75x
[10.790s][info][gc,stats    ]   CTR: <total>                      151 us
[10.790s][info][gc,stats    ]   CTR: Thread Roots                 151 us, workers (us):  84,  53,  13, ---, ---, ---, 
[10.790s][info][gc,stats    ] Concurrent Weak References           94 us, parallelism: 0.16x
[10.790s][info][gc,stats    ]   CWRF: <total>                      15 us
[10.790s][info][gc,stats    ]   CWRF: Weak References              15 us, workers (us):  15,   0,   0, ---, ---, ---, 
[10.790s][info][gc,stats    ] Concurrent Weak Roots               469 us
[10.790s][info][gc,stats    ]   Roots                             320 us, parallelism: 1.33x
[10.790s][info][gc,stats    ]     CWR: <total>                    427 us
[10.790s][info][gc,stats    ]     CWR: Code Cache Roots           352 us, workers (us): 194,   0, 158, ---, ---, ---, 
[10.790s][info][gc,stats    ]     CWR: VM Weak Roots               60 us, workers (us):  40,  20,   1, ---, ---, ---, 
[10.790s][info][gc,stats    ]     CWR: CLDG Roots                  14 us, workers (us): ---,  14, ---, ---, ---, ---, 
[10.790s][info][gc,stats    ]   Rendezvous                        100 us
[10.790s][info][gc,stats    ] Concurrent Cleanup                  176 us
[10.790s][info][gc,stats    ] Concurrent Class Unloading         2212 us
[10.790s][info][gc,stats    ]   Unlink Stale                     1439 us
[10.790s][info][gc,stats    ]     System Dictionary                17 us
[10.790s][info][gc,stats    ]     Weak Class Links                  1 us
[10.790s][info][gc,stats    ]     Code Roots                     1419 us
[10.790s][info][gc,stats    ]   Rendezvous                        234 us
[10.790s][info][gc,stats    ]   Purge Unlinked                    354 us
[10.790s][info][gc,stats    ]     Code Roots                      302 us
[10.790s][info][gc,stats    ]     CLDG                             51 us
[10.790s][info][gc,stats    ]     Exception Caches                  1 us
[10.790s][info][gc,stats    ] Concurrent Strong Roots             285 us, parallelism: 0.20x
[10.790s][info][gc,stats    ]   CSR: <total>                       58 us
[10.790s][info][gc,stats    ]   CSR: VM Strong Roots                5 us, workers (us):   4,   1,   0, ---, ---, ---, 
[10.790s][info][gc,stats    ]   CSR: CLDG Roots                    53 us, workers (us):  53, ---, ---, ---, ---, ---, 
[10.790s][info][gc,stats    ] Concurrent Evacuation             19236 us
[10.790s][info][gc,stats    ] Pause Init Update Refs (G)          487 us
[10.790s][info][gc,stats    ] Pause Init Update Refs (N)           94 us
[10.790s][info][gc,stats    ]   Manage GCLABs                      12 us
[10.790s][info][gc,stats    ] Concurrent Update Refs             5260 us
[10.790s][info][gc,stats    ] Concurrent Update Thread Roots      477 us
[10.790s][info][gc,stats    ] Pause Final Update Refs (G)         656 us
[10.790s][info][gc,stats    ] Pause Final Update Refs (N)         354 us
[10.790s][info][gc,stats    ]   Update Region States              205 us
[10.790s][info][gc,stats    ]   Trash Collection Set               26 us
[10.790s][info][gc,stats    ]   Rebuild Free Set                   61 us
[10.790s][info][gc,stats    ] Concurrent Cleanup                  205 us
[10.790s][info][gc,stats    ] 
[10.790s][info][gc,stats    ] Allocation pacing accrued:
[10.790s][info][gc,stats    ]       0 of   101 ms (  0.0%): <total>
[10.790s][info][gc,stats    ]       0 of   101 ms (  0.0%): <average total>
[10.790s][info][gc,stats    ] 
[10.790s][info][gc,metaspace] Metaspace: 6358K(6528K)->6358K(6528K) NonClass: 5812K(5888K)->5812K(5888K) Class: 546K(640K)->546K(640K)
[10.790s][info][gc,ergo     ] Pacer for Idle. Initial: 20971K, Alloc Tax Rate: 1.0x
[10.822s][info][gc          ] Trigger: Average GC time (43.04 ms) is above the time for average allocation rate (4093 MB/s) to deplete free headroom (174M) (margin of error = 1.94)
[10.822s][info][gc,ergo     ] Free headroom: 225M (free) - 52428K (spike) - 0B (penalties) = 174M
[10.822s][info][gc,ergo     ] Free: 224M, Max: 512K regular, 146M humongous, Frag: 34% external, 37% internal; Reserve: 52736K, Max: 512K
[10.822s][info][gc,start    ] GC(103) Concurrent reset
[10.822s][info][gc,task     ] GC(103) Using 3 of 6 workers for concurrent reset
[10.822s][info][gc,ergo     ] GC(103) Pacer for Reset. Non-Taxable: 1024M
[10.827s][info][gc          ] GC(103) Concurrent reset 4.704ms
[10.828s][info][gc,start    ] GC(103) Pause Init Mark (unload classes)
[10.828s][info][gc,task     ] GC(103) Using 6 of 6 workers for init marking
[10.828s][info][gc,ergo     ] GC(103) Pacer for Mark. Expected Live: 196M, Free: 212M, Non-Taxable: 21803K, Alloc Tax Rate: 1.1x
[10.828s][info][gc          ] GC(103) Pause Init Mark (unload classes) 0.302ms
[10.828s][info][gc,start    ] GC(103) Concurrent marking roots
[10.828s][info][gc,task     ] GC(103) Using 3 of 6 workers for concurrent marking roots
[10.828s][info][gc          ] GC(103) Concurrent marking roots 0.320ms
[10.828s][info][gc,start    ] GC(103) Concurrent marking (unload classes)
[10.828s][info][gc,task     ] GC(103) Using 3 of 6 workers for concurrent marking
[10.831s][info][gc          ] GC(103) Concurrent marking (unload classes) 2.684ms
[10.831s][info][gc,start    ] GC(103) Pause Final Mark (unload classes)
[10.831s][info][gc,task     ] GC(103) Using 6 of 6 workers for final marking
[10.832s][info][gc,ergo     ] GC(103) Adaptive CSet Selection. Target Free: 145M, Actual Free: 536M, Max CSet: 43690K, Min Garbage: 0B
[10.832s][info][gc,ergo     ] GC(103) Collectable Garbage: 459M (83%), Immediate: 293M (53%), CSet: 166M (30%)
[10.832s][info][gc,ergo     ] GC(103) Pacer for Evacuation. Used CSet: 209M, Free: 497M, Non-Taxable: 50939K, Alloc Tax Rate: 1.1x
[10.832s][info][gc          ] GC(103) Pause Final Mark (unload classes) 0.557ms
[10.832s][info][gc,start    ] GC(103) Concurrent thread roots
[10.832s][info][gc,task     ] GC(103) Using 3 of 6 workers for Concurrent thread roots
[10.832s][info][gc          ] GC(103) Concurrent thread roots 0.201ms
[10.832s][info][gc,start    ] GC(103) Concurrent weak references
[10.832s][info][gc,task     ] GC(103) Using 3 of 6 workers for concurrent weak references
[10.832s][info][gc,ref      ] GC(103) Encountered references: Soft: 47, Weak: 146, Final: 0, Phantom: 3
[10.832s][info][gc,ref      ] GC(103) Discovered  references: Soft: 0, Weak: 53, Final: 0, Phantom: 2
[10.832s][info][gc,ref      ] GC(103) Enqueued    references: Soft: 0, Weak: 0, Final: 0, Phantom: 0
[10.832s][info][gc          ] GC(103) Concurrent weak references 0.081ms
[10.832s][info][gc,start    ] GC(103) Concurrent weak roots
[10.832s][info][gc,task     ] GC(103) Using 3 of 6 workers for concurrent weak root
[10.832s][info][gc          ] GC(103) Concurrent weak roots 0.336ms
[10.832s][info][gc,start    ] GC(103) Concurrent cleanup
[10.833s][info][gc          ] GC(103) Concurrent cleanup 769M->477M(1024M) 0.145ms
[10.833s][info][gc,ergo     ] GC(103) Free: 485M, Max: 512K regular, 173M humongous, Frag: 65% external, 2% internal; Reserve: 52736K, Max: 512K
[10.833s][info][gc,start    ] GC(103) Concurrent class unloading
[10.833s][info][gc,task     ] GC(103) Using 3 of 6 workers for concurrent class unloading
[10.834s][info][gc          ] GC(103) Concurrent class unloading 0.982ms
[10.834s][info][gc,start    ] GC(103) Concurrent strong roots
[10.834s][info][gc,task     ] GC(103) Using 3 of 6 workers for concurrent strong root
[10.834s][info][gc          ] GC(103) Concurrent strong roots 0.151ms
[10.834s][info][gc,start    ] GC(103) Concurrent evacuation
[10.834s][info][gc,task     ] GC(103) Using 3 of 6 workers for concurrent evacuation
[10.850s][info][gc          ] GC(103) Concurrent evacuation 16.291ms
[10.851s][info][gc,start    ] GC(103) Pause Init Update Refs
[10.851s][info][gc,ergo     ] GC(103) Pacer for Update Refs. Used: 578M, Free: 427M, Non-Taxable: 43738K, Alloc Tax Rate: 1.7x
[10.851s][info][gc          ] GC(103) Pause Init Update Refs 0.043ms
[10.851s][info][gc,start    ] GC(103) Concurrent update references
[10.851s][info][gc,task     ] GC(103) Using 3 of 6 workers for concurrent reference update
[10.854s][info][gc          ] GC(103) Concurrent update references 3.791ms
[10.855s][info][gc,start    ] GC(103) Concurrent update thread roots
[10.855s][info][gc          ] GC(103) Concurrent update thread roots 0.761ms
[10.856s][info][gc,start    ] GC(103) Pause Final Update Refs
[10.856s][info][gc,task     ] GC(103) Using 6 of 6 workers for final reference update
[10.856s][info][gc          ] GC(103) Pause Final Update Refs 0.316ms
[10.856s][info][gc,start    ] GC(103) Concurrent cleanup
[10.856s][info][gc          ] GC(103) Concurrent cleanup 601M->393M(1024M) 0.148ms
[10.856s][info][gc,ergo     ] Free: 578M, Max: 512K regular, 176M humongous, Frag: 70% external, 35% internal; Reserve: 52736K, Max: 512K
[10.856s][info][gc,stats    ] 
[10.856s][info][gc,stats    ] All times are wall-clock times, except per-root-class counters, that are sum over
[10.856s][info][gc,stats    ] all workers. Dividing the <total> over the root stage time estimates parallelism.
[10.856s][info][gc,stats    ] 
[10.856s][info][gc,stats    ] Concurrent Reset                   4824 us
[10.856s][info][gc,stats    ] Pause Init Mark (G)                 594 us
[10.856s][info][gc,stats    ] Pause Init Mark (N)                 307 us
[10.856s][info][gc,stats    ]   Update Region States              207 us
[10.856s][info][gc,stats    ] Concurrent Mark Roots               339 us, parallelism: 0.98x
[10.856s][info][gc,stats    ]   CMR: <total>                      334 us
[10.856s][info][gc,stats    ]   CMR: Thread Roots                 240 us, workers (us): 144,  17,  78, ---, ---, ---, 
[10.856s][info][gc,stats    ]   CMR: VM Strong Roots               14 us, workers (us):  10,   4,   0, ---, ---, ---, 
[10.856s][info][gc,stats    ]   CMR: CLDG Roots                    80 us, workers (us): ---,  80, ---, ---, ---, ---, 
[10.856s][info][gc,stats    ] Concurrent Marking                 2777 us
[10.856s][info][gc,stats    ] Pause Final Mark (G)                777 us
[10.856s][info][gc,stats    ] Pause Final Mark (N)                562 us
[10.856s][info][gc,stats    ]   Finish Mark                       303 us
[10.856s][info][gc,stats    ]   Update Region States               92 us
[10.856s][info][gc,stats    ]   Choose Collection Set              94 us
[10.856s][info][gc,stats    ]   Rebuild Free Set                   20 us
[10.856s][info][gc,stats    ] Concurrent Thread Roots             213 us, parallelism: 0.90x
[10.856s][info][gc,stats    ]   CTR: <total>                      192 us
[10.856s][info][gc,stats    ]   CTR: Thread Roots                 192 us, workers (us):  52,  83,  57, ---, ---, ---, 
[10.856s][info][gc,stats    ] Concurrent Weak References           85 us, parallelism: 0.14x
[10.856s][info][gc,stats    ]   CWRF: <total>                      12 us
[10.856s][info][gc,stats    ]   CWRF: Weak References              12 us, workers (us):  12,   0,   0, ---, ---, ---, 
[10.856s][info][gc,stats    ] Concurrent Weak Roots               354 us
[10.856s][info][gc,stats    ]   Roots                             246 us, parallelism: 1.25x
[10.856s][info][gc,stats    ]     CWR: <total>                    306 us
[10.856s][info][gc,stats    ]     CWR: Code Cache Roots           231 us, workers (us):  99, 132,   0, ---, ---, ---, 
[10.856s][info][gc,stats    ]     CWR: VM Weak Roots               66 us, workers (us):  42,  24,   1, ---, ---, ---, 
[10.856s][info][gc,stats    ]     CWR: CLDG Roots                   9 us, workers (us):   9, ---, ---, ---, ---, ---, 
[10.856s][info][gc,stats    ]   Rendezvous                         80 us
[10.856s][info][gc,stats    ] Concurrent Cleanup                  157 us
[10.857s][info][gc,stats    ] Concurrent Class Unloading         1032 us
[10.857s][info][gc,stats    ]   Unlink Stale                      678 us
[10.857s][info][gc,stats    ]     System Dictionary                13 us
[10.857s][info][gc,stats    ]     Weak Class Links                  0 us
[10.857s][info][gc,stats    ]     Code Roots                      663 us
[10.857s][info][gc,stats    ]   Rendezvous                         95 us
[10.857s][info][gc,stats    ]   Purge Unlinked                    192 us
[10.857s][info][gc,stats    ]     Code Roots                      168 us
[10.857s][info][gc,stats    ]     CLDG                             24 us
[10.857s][info][gc,stats    ]     Exception Caches                  0 us
[10.857s][info][gc,stats    ] Concurrent Strong Roots             172 us, parallelism: 0.30x
[10.857s][info][gc,stats    ]   CSR: <total>                       52 us
[10.857s][info][gc,stats    ]   CSR: VM Strong Roots                7 us, workers (us):   7,   0,   0, ---, ---, ---, 
[10.857s][info][gc,stats    ]   CSR: CLDG Roots                    45 us, workers (us):  45, ---, ---, ---, ---, ---, 
[10.857s][info][gc,stats    ] Concurrent Evacuation             16435 us
[10.857s][info][gc,stats    ] Pause Init Update Refs (G)          348 us
[10.857s][info][gc,stats    ] Pause Init Update Refs (N)           48 us
[10.857s][info][gc,stats    ]   Manage GCLABs                      10 us
[10.857s][info][gc,stats    ] Concurrent Update Refs             3919 us
[10.857s][info][gc,stats    ] Concurrent Update Thread Roots      844 us
[10.857s][info][gc,stats    ] Pause Final Update Refs (G)         648 us
[10.857s][info][gc,stats    ] Pause Final Update Refs (N)         354 us
[10.857s][info][gc,stats    ]   Update Region States              170 us
[10.857s][info][gc,stats    ]   Trash Collection Set               26 us
[10.857s][info][gc,stats    ]   Rebuild Free Set                   72 us
[10.857s][info][gc,stats    ] Concurrent Cleanup                  160 us
[10.857s][info][gc,stats    ] 
[10.857s][info][gc,stats    ] Allocation pacing accrued:
[10.857s][info][gc,stats    ]       0 of    66 ms (  0.0%): <total>
[10.857s][info][gc,stats    ]       0 of    66 ms (  0.0%): <average total>
[10.857s][info][gc,stats    ] 
[10.857s][info][gc,metaspace] Metaspace: 6358K(6528K)->6358K(6528K) NonClass: 5812K(5888K)->5812K(5888K) Class: 546K(640K)->546K(640K)
[10.857s][info][gc,ergo     ] Pacer for Idle. Initial: 20971K, Alloc Tax Rate: 1.0x
[10.926s][info][gc          ] Trigger: Average GC time (40.17 ms) is above the time for average allocation rate (4408 MB/s) to deplete free headroom (172M) (margin of error = 1.92)
[10.926s][info][gc,ergo     ] Free headroom: 223M (free) - 52428K (spike) - 0B (penalties) = 172M
[10.926s][info][gc,ergo     ] Free: 222M, Max: 512K regular, 176M humongous, Frag: 21% external, 2% internal; Reserve: 52736K, Max: 512K
[10.926s][info][gc,start    ] GC(104) Concurrent reset
[10.926s][info][gc,task     ] GC(104) Using 3 of 6 workers for concurrent reset
[10.926s][info][gc,ergo     ] GC(104) Pacer for Reset. Non-Taxable: 1024M
[10.930s][info][gc          ] GC(104) Concurrent reset 3.285ms
[10.930s][info][gc,start    ] GC(104) Pause Init Mark (unload classes)
[10.930s][info][gc,task     ] GC(104) Using 6 of 6 workers for init marking
[10.930s][info][gc,ergo     ] GC(104) Pacer for Mark. Expected Live: 196M, Free: 212M, Non-Taxable: 21728K, Alloc Tax Rate: 1.1x
[10.930s][info][gc          ] GC(104) Pause Init Mark (unload classes) 0.213ms
[10.930s][info][gc,start    ] GC(104) Concurrent marking roots
[10.930s][info][gc,task     ] GC(104) Using 3 of 6 workers for concurrent marking roots
[10.931s][info][gc          ] GC(104) Concurrent marking roots 0.340ms
[10.931s][info][gc,start    ] GC(104) Concurrent marking (unload classes)
[10.931s][info][gc,task     ] GC(104) Using 3 of 6 workers for concurrent marking
[10.934s][info][gc          ] GC(104) Concurrent marking (unload classes) 3.263ms
[10.934s][info][gc,start    ] GC(104) Pause Final Mark (unload classes)
[10.934s][info][gc,task     ] GC(104) Using 6 of 6 workers for final marking
[10.935s][info][gc,ergo     ] GC(104) Adaptive CSet Selection. Target Free: 145M, Actual Free: 546M, Max CSet: 43690K, Min Garbage: 0B
[10.935s][info][gc,ergo     ] GC(104) Collectable Garbage: 458M (83%), Immediate: 301M (54%), CSet: 157M (28%)
[10.935s][info][gc,ergo     ] GC(104) Pacer for Evacuation. Used CSet: 199M, Free: 507M, Non-Taxable: 51920K, Alloc Tax Rate: 1.1x
[10.935s][info][gc          ] GC(104) Pause Final Mark (unload classes) 0.770ms
[10.935s][info][gc,start    ] GC(104) Concurrent thread roots
[10.935s][info][gc,task     ] GC(104) Using 3 of 6 workers for Concurrent thread roots
[10.935s][info][gc          ] GC(104) Concurrent thread roots 0.294ms
[10.936s][info][gc,start    ] GC(104) Concurrent weak references
[10.936s][info][gc,task     ] GC(104) Using 3 of 6 workers for concurrent weak references
[10.936s][info][gc,ref      ] GC(104) Encountered references: Soft: 47, Weak: 146, Final: 0, Phantom: 3
[10.936s][info][gc,ref      ] GC(104) Discovered  references: Soft: 0, Weak: 50, Final: 0, Phantom: 2
[10.936s][info][gc,ref      ] GC(104) Enqueued    references: Soft: 0, Weak: 0, Final: 0, Phantom: 0
[10.936s][info][gc          ] GC(104) Concurrent weak references 0.114ms
[10.936s][info][gc,start    ] GC(104) Concurrent weak roots
[10.936s][info][gc,task     ] GC(104) Using 3 of 6 workers for concurrent weak root
[10.936s][info][gc          ] GC(104) Concurrent weak roots 0.498ms
[10.936s][info][gc,start    ] GC(104) Concurrent cleanup
[10.936s][info][gc          ] GC(104) Concurrent cleanup 767M->466M(1024M) 0.168ms
[10.936s][info][gc,ergo     ] GC(104) Free: 495M, Max: 512K regular, 207M humongous, Frag: 59% external, 0% internal; Reserve: 52722K, Max: 512K
[10.936s][info][gc,start    ] GC(104) Concurrent class unloading
[10.936s][info][gc,task     ] GC(104) Using 3 of 6 workers for concurrent class unloading
[10.938s][info][gc          ] GC(104) Concurrent class unloading 1.411ms
[10.938s][info][gc,start    ] GC(104) Concurrent strong roots
[10.938s][info][gc,task     ] GC(104) Using 3 of 6 workers for concurrent strong root
[10.938s][info][gc          ] GC(104) Concurrent strong roots 0.231ms
[10.938s][info][gc,start    ] GC(104) Concurrent evacuation
[10.938s][info][gc,task     ] GC(104) Using 3 of 6 workers for concurrent evacuation
[10.956s][info][gc          ] GC(104) Concurrent evacuation 17.354ms
[10.956s][info][gc,start    ] GC(104) Pause Init Update Refs
[10.956s][info][gc,ergo     ] GC(104) Pacer for Update Refs. Used: 573M, Free: 430M, Non-Taxable: 44110K, Alloc Tax Rate: 1.6x
[10.956s][info][gc          ] GC(104) Pause Init Update Refs 0.044ms
[10.956s][info][gc,start    ] GC(104) Concurrent update references
[10.956s][info][gc,task     ] GC(104) Using 3 of 6 workers for concurrent reference update
[10.960s][info][gc          ] GC(104) Concurrent update references 4.170ms
[10.960s][info][gc,start    ] GC(104) Concurrent update thread roots
[10.961s][info][gc          ] GC(104) Concurrent update thread roots 0.437ms
[10.961s][info][gc,start    ] GC(104) Pause Final Update Refs
[10.961s][info][gc,task     ] GC(104) Using 6 of 6 workers for final reference update
[10.961s][info][gc          ] GC(104) Pause Final Update Refs 0.280ms
[10.961s][info][gc,start    ] GC(104) Concurrent cleanup
[10.961s][info][gc          ] GC(104) Concurrent cleanup 595M->397M(1024M) 0.106ms
[10.962s][info][gc,ergo     ] Free: 574M, Max: 512K regular, 203M humongous, Frag: 65% external, 36% internal; Reserve: 52736K, Max: 512K
[10.962s][info][gc,stats    ] 
[10.962s][info][gc,stats    ] All times are wall-clock times, except per-root-class counters, that are sum over
[10.962s][info][gc,stats    ] all workers. Dividing the <total> over the root stage time estimates parallelism.
[10.962s][info][gc,stats    ] 
[10.962s][info][gc,stats    ] Concurrent Reset                   3467 us
[10.962s][info][gc,stats    ] Pause Init Mark (G)                 523 us
[10.962s][info][gc,stats    ] Pause Init Mark (N)                 219 us
[10.962s][info][gc,stats    ]   Update Region States              130 us
[10.962s][info][gc,stats    ] Concurrent Mark Roots               357 us, parallelism: 1.15x
[10.962s][info][gc,stats    ]   CMR: <total>                      410 us
[10.962s][info][gc,stats    ]   CMR: Thread Roots                 319 us, workers (us):  86, 128, 105, ---, ---, ---, 
[10.962s][info][gc,stats    ]   CMR: VM Strong Roots               14 us, workers (us):  13,   0,   0, ---, ---, ---, 
[10.962s][info][gc,stats    ]   CMR: CLDG Roots                    77 us, workers (us):  77, ---, ---, ---, ---, ---, 
[10.962s][info][gc,stats    ] Concurrent Marking                 3411 us
[10.962s][info][gc,stats    ] Pause Final Mark (G)               1121 us
[10.962s][info][gc,stats    ] Pause Final Mark (N)                795 us
[10.962s][info][gc,stats    ]   Finish Mark                       372 us
[10.962s][info][gc,stats    ]   Update Region States              110 us
[10.962s][info][gc,stats    ]   Choose Collection Set             168 us
[10.962s][info][gc,stats    ]   Rebuild Free Set                   23 us
[10.962s][info][gc,stats    ] Concurrent Thread Roots             315 us, parallelism: 0.70x
[10.962s][info][gc,stats    ]   CTR: <total>                      219 us
[10.962s][info][gc,stats    ]   CTR: Thread Roots                 219 us, workers (us):  71,  71,  77, ---, ---, ---, 
[10.962s][info][gc,stats    ] Concurrent Weak References          119 us, parallelism: 0.19x
[10.962s][info][gc,stats    ]   CWRF: <total>                      22 us
[10.962s][info][gc,stats    ]   CWRF: Weak References              22 us, workers (us):  22,   0,   0, ---, ---, ---, 
[10.962s][info][gc,stats    ] Concurrent Weak Roots               522 us
[10.962s][info][gc,stats    ]   Roots                             358 us, parallelism: 1.36x
[10.962s][info][gc,stats    ]     CWR: <total>                    485 us
[10.962s][info][gc,stats    ]     CWR: Code Cache Roots           400 us, workers (us): 177, 223,   0, ---, ---, ---, 
[10.962s][info][gc,stats    ]     CWR: VM Weak Roots               64 us, workers (us):  43,  20,   1, ---, ---, ---, 
[10.962s][info][gc,stats    ]     CWR: CLDG Roots                  21 us, workers (us): ---, ---,  21, ---, ---, ---, 
[10.962s][info][gc,stats    ]   Rendezvous                        126 us
[10.962s][info][gc,stats    ] Concurrent Cleanup                  177 us
[10.962s][info][gc,stats    ] Concurrent Class Unloading         1510 us
[10.962s][info][gc,stats    ]   Unlink Stale                      887 us
[10.962s][info][gc,stats    ]     System Dictionary                17 us
[10.962s][info][gc,stats    ]     Weak Class Links                  1 us
[10.962s][info][gc,stats    ]     Code Roots                      866 us
[10.962s][info][gc,stats    ]   Rendezvous                        214 us
[10.962s][info][gc,stats    ]   Purge Unlinked                    292 us
[10.962s][info][gc,stats    ]     Code Roots                      206 us
[10.962s][info][gc,stats    ]     CLDG                             85 us
[10.962s][info][gc,stats    ]     Exception Caches                  0 us
[10.962s][info][gc,stats    ] Concurrent Strong Roots             252 us, parallelism: 0.31x
[10.962s][info][gc,stats    ]   CSR: <total>                       78 us
[10.962s][info][gc,stats    ]   CSR: VM Strong Roots               13 us, workers (us):  12,   0,   0, ---, ---, ---, 
[10.962s][info][gc,stats    ]   CSR: CLDG Roots                    66 us, workers (us):  66, ---, ---, ---, ---, ---, 
[10.962s][info][gc,stats    ] Concurrent Evacuation             17480 us
[10.962s][info][gc,stats    ] Pause Init Update Refs (G)          437 us
[10.962s][info][gc,stats    ] Pause Init Update Refs (N)           49 us
[10.962s][info][gc,stats    ]   Manage GCLABs                       9 us
[10.962s][info][gc,stats    ] Concurrent Update Refs             4283 us
[10.962s][info][gc,stats    ] Concurrent Update Thread Roots      468 us
[10.962s][info][gc,stats    ] Pause Final Update Refs (G)         520 us
[10.962s][info][gc,stats    ] Pause Final Update Refs (N)         294 us
[10.962s][info][gc,stats    ]   Update Region States              160 us
[10.962s][info][gc,stats    ]   Trash Collection Set               24 us
[10.962s][info][gc,stats    ]   Rebuild Free Set                   60 us
[10.962s][info][gc,stats    ] Concurrent Cleanup                  122 us
[10.962s][info][gc,stats    ] 
[10.962s][info][gc,stats    ] Allocation pacing accrued:
[10.962s][info][gc,stats    ]       0 of   105 ms (  0.0%): <total>
[10.962s][info][gc,stats    ]       0 of   105 ms (  0.0%): <average total>
[10.962s][info][gc,stats    ] 
[10.962s][info][gc,metaspace] Metaspace: 6358K(6528K)->6358K(6528K) NonClass: 5812K(5888K)->5812K(5888K) Class: 546K(640K)->546K(640K)
[10.962s][info][gc,ergo     ] Pacer for Idle. Initial: 20971K, Alloc Tax Rate: 1.0x
[11.036s][info][gc          ] Trigger: Average GC time (38.79 ms) is above the time for average allocation rate (4433 MB/s) to deplete free headroom (168M) (margin of error = 1.90)
[11.036s][info][gc,ergo     ] Free headroom: 219M (free) - 52428K (spike) - 0B (penalties) = 168M
[11.036s][info][gc,ergo     ] Free: 218M, Max: 512K regular, 203M humongous, Frag: 6% external, 34% internal; Reserve: 52736K, Max: 512K
[11.036s][info][gc,start    ] GC(105) Concurrent reset
[11.036s][info][gc,task     ] GC(105) Using 3 of 6 workers for concurrent reset
[11.036s][info][gc,ergo     ] GC(105) Pacer for Reset. Non-Taxable: 1024M
[11.040s][info][gc          ] GC(105) Concurrent reset 4.010ms
[11.041s][info][gc,start    ] GC(105) Pause Init Mark (unload classes)
[11.041s][info][gc,task     ] GC(105) Using 6 of 6 workers for init marking
[11.041s][info][gc,ergo     ] GC(105) Pacer for Mark. Expected Live: 196M, Free: 207M, Non-Taxable: 21268K, Alloc Tax Rate: 1.2x
[11.041s][info][gc          ] GC(105) Pause Init Mark (unload classes) 0.404ms
[11.041s][info][gc,start    ] GC(105) Concurrent marking roots
[11.041s][info][gc,task     ] GC(105) Using 3 of 6 workers for concurrent marking roots
[11.041s][info][gc          ] GC(105) Concurrent marking roots 0.309ms
[11.041s][info][gc,start    ] GC(105) Concurrent marking (unload classes)
[11.042s][info][gc,task     ] GC(105) Using 3 of 6 workers for concurrent marking
[11.045s][info][gc          ] GC(105) Concurrent marking (unload classes) 3.548ms
[11.045s][info][gc,start    ] GC(105) Pause Final Mark (unload classes)
[11.045s][info][gc,task     ] GC(105) Using 6 of 6 workers for final marking
[11.046s][info][gc,ergo     ] GC(105) Adaptive CSet Selection. Target Free: 145M, Actual Free: 549M, Max CSet: 43690K, Min Garbage: 0B
[11.046s][info][gc,ergo     ] GC(105) Collectable Garbage: 463M (83%), Immediate: 306M (55%), CSet: 157M (28%)
[11.046s][info][gc,ergo     ] GC(105) Pacer for Evacuation. Used CSet: 199M, Free: 510M, Non-Taxable: 52274K, Alloc Tax Rate: 1.1x
[11.046s][info][gc          ] GC(105) Pause Final Mark (unload classes) 0.910ms
[11.047s][info][gc,start    ] GC(105) Concurrent thread roots
[11.047s][info][gc,task     ] GC(105) Using 3 of 6 workers for Concurrent thread roots
[11.047s][info][gc          ] GC(105) Concurrent thread roots 0.603ms
[11.047s][info][gc,start    ] GC(105) Concurrent weak references
[11.047s][info][gc,task     ] GC(105) Using 3 of 6 workers for concurrent weak references
[11.048s][info][gc,ref      ] GC(105) Encountered references: Soft: 47, Weak: 146, Final: 0, Phantom: 3
[11.048s][info][gc,ref      ] GC(105) Discovered  references: Soft: 0, Weak: 48, Final: 0, Phantom: 2
[11.048s][info][gc,ref      ] GC(105) Enqueued    references: Soft: 0, Weak: 0, Final: 0, Phantom: 0
[11.048s][info][gc          ] GC(105) Concurrent weak references 0.496ms
[11.048s][info][gc,start    ] GC(105) Concurrent weak roots
[11.048s][info][gc,task     ] GC(105) Using 3 of 6 workers for concurrent weak root
[11.049s][info][gc          ] GC(105) Concurrent weak roots 1.235ms
[11.049s][info][gc,start    ] GC(105) Concurrent cleanup
[11.050s][info][gc          ] GC(105) Concurrent cleanup 766M->461M(1024M) 0.562ms
[11.050s][info][gc,ergo     ] GC(105) Free: 500M, Max: 512K regular, 216M humongous, Frag: 57% external, 0% internal; Reserve: 52720K, Max: 512K
[11.050s][info][gc,start    ] GC(105) Concurrent class unloading
[11.050s][info][gc,task     ] GC(105) Using 3 of 6 workers for concurrent class unloading
[11.053s][info][gc          ] GC(105) Concurrent class unloading 2.712ms
[11.053s][info][gc,start    ] GC(105) Concurrent strong roots
[11.053s][info][gc,task     ] GC(105) Using 3 of 6 workers for concurrent strong root
[11.053s][info][gc          ] GC(105) Concurrent strong roots 0.322ms
[11.053s][info][gc,start    ] GC(105) Concurrent evacuation
[11.053s][info][gc,task     ] GC(105) Using 3 of 6 workers for concurrent evacuation
[11.070s][info][gc          ] GC(105) Concurrent evacuation 17.252ms
[11.071s][info][gc,start    ] GC(105) Pause Init Update Refs
[11.071s][info][gc,ergo     ] GC(105) Pacer for Update Refs. Used: 562M, Free: 443M, Non-Taxable: 45391K, Alloc Tax Rate: 1.6x
[11.071s][info][gc          ] GC(105) Pause Init Update Refs 0.074ms
[11.071s][info][gc,start    ] GC(105) Concurrent update references
[11.071s][info][gc,task     ] GC(105) Using 3 of 6 workers for concurrent reference update
[11.076s][info][gc          ] GC(105) Concurrent update references 4.709ms
[11.076s][info][gc,start    ] GC(105) Concurrent update thread roots
[11.077s][info][gc          ] GC(105) Concurrent update thread roots 0.637ms
[11.077s][info][gc,start    ] GC(105) Pause Final Update Refs
[11.077s][info][gc,task     ] GC(105) Using 6 of 6 workers for final reference update
[11.077s][info][gc          ] GC(105) Pause Final Update Refs 0.364ms
[11.077s][info][gc,start    ] GC(105) Concurrent cleanup
[11.078s][info][gc          ] GC(105) Concurrent cleanup 584M->385M(1024M) 0.147ms
[11.078s][info][gc,ergo     ] Free: 586M, Max: 512K regular, 188M humongous, Frag: 68% external, 35% internal; Reserve: 52736K, Max: 512K
[11.078s][info][gc,stats    ] 
[11.078s][info][gc,stats    ] All times are wall-clock times, except per-root-class counters, that are sum over
[11.078s][info][gc,stats    ] all workers. Dividing the <total> over the root stage time estimates parallelism.
[11.078s][info][gc,stats    ] 
[11.078s][info][gc,stats    ] Concurrent Reset                   4198 us
[11.078s][info][gc,stats    ] Pause Init Mark (G)                 737 us
[11.078s][info][gc,stats    ] Pause Init Mark (N)                 420 us
[11.078s][info][gc,stats    ]   Update Region States              206 us
[11.078s][info][gc,stats    ] Concurrent Mark Roots               332 us, parallelism: 1.05x
[11.078s][info][gc,stats    ]   CMR: <total>                      349 us
[11.078s][info][gc,stats    ]   CMR: Thread Roots                 263 us, workers (us):  76,  96,  91, ---, ---, ---, 
[11.078s][info][gc,stats    ]   CMR: VM Strong Roots               10 us, workers (us):   9,   0,   0, ---, ---, ---, 
[11.078s][info][gc,stats    ]   CMR: CLDG Roots                    76 us, workers (us):  76, ---, ---, ---, ---, ---, 
[11.078s][info][gc,stats    ] Concurrent Marking                 3747 us
[11.078s][info][gc,stats    ] Pause Final Mark (G)               1355 us
[11.078s][info][gc,stats    ] Pause Final Mark (N)                938 us
[11.078s][info][gc,stats    ]   Finish Mark                       480 us
[11.078s][info][gc,stats    ]   Update Region States              113 us
[11.078s][info][gc,stats    ]   Choose Collection Set             185 us
[11.078s][info][gc,stats    ]   Rebuild Free Set                   37 us
[11.078s][info][gc,stats    ] Concurrent Thread Roots             666 us, parallelism: 0.70x
[11.078s][info][gc,stats    ]   CTR: <total>                      464 us
[11.078s][info][gc,stats    ]   CTR: Thread Roots                 464 us, workers (us): 245, 146,  73, ---, ---, ---, 
[11.078s][info][gc,stats    ] Concurrent Weak References          509 us, parallelism: 0.12x
[11.078s][info][gc,stats    ]   CWRF: <total>                      60 us
[11.078s][info][gc,stats    ]   CWRF: Weak References              60 us, workers (us):  60,   0,   0, ---, ---, ---, 
[11.078s][info][gc,stats    ] Concurrent Weak Roots              1391 us
[11.078s][info][gc,stats    ]   Roots                             876 us, parallelism: 1.28x
[11.078s][info][gc,stats    ]     CWR: <total>                   1122 us
[11.078s][info][gc,stats    ]     CWR: Code Cache Roots          1000 us, workers (us):   0, 582, 417, ---, ---, ---, 
[11.078s][info][gc,stats    ]     CWR: VM Weak Roots               90 us, workers (us):  52,  27,  11, ---, ---, ---, 
[11.078s][info][gc,stats    ]     CWR: CLDG Roots                  32 us, workers (us):  32, ---, ---, ---, ---, ---, 
[11.078s][info][gc,stats    ]   Rendezvous                        313 us
[11.078s][info][gc,stats    ] Concurrent Cleanup                  612 us
[11.078s][info][gc,stats    ] Concurrent Class Unloading         2888 us
[11.078s][info][gc,stats    ]   Unlink Stale                     1906 us
[11.078s][info][gc,stats    ]     System Dictionary                66 us
[11.078s][info][gc,stats    ]     Weak Class Links                  2 us
[11.078s][info][gc,stats    ]     Code Roots                     1827 us
[11.078s][info][gc,stats    ]   Rendezvous                        417 us
[11.078s][info][gc,stats    ]   Purge Unlinked                    336 us
[11.078s][info][gc,stats    ]     Code Roots                      308 us
[11.078s][info][gc,stats    ]     CLDG                             28 us
[11.078s][info][gc,stats    ]     Exception Caches                  0 us
[11.078s][info][gc,stats    ] Concurrent Strong Roots             360 us, parallelism: 0.31x
[11.078s][info][gc,stats    ]   CSR: <total>                      110 us
[11.078s][info][gc,stats    ]   CSR: VM Strong Roots               16 us, workers (us):  15,   0,   0, ---, ---, ---, 
[11.078s][info][gc,stats    ]   CSR: CLDG Roots                    94 us, workers (us):  94, ---, ---, ---, ---, ---, 
[11.078s][info][gc,stats    ] Concurrent Evacuation             17453 us
[11.078s][info][gc,stats    ] Pause Init Update Refs (G)          533 us
[11.078s][info][gc,stats    ] Pause Init Update Refs (N)           80 us
[11.078s][info][gc,stats    ]   Manage GCLABs                       8 us
[11.078s][info][gc,stats    ] Concurrent Update Refs             4873 us
[11.078s][info][gc,stats    ] Concurrent Update Thread Roots      689 us
[11.078s][info][gc,stats    ] Pause Final Update Refs (G)         635 us
[11.078s][info][gc,stats    ] Pause Final Update Refs (N)         385 us
[11.078s][info][gc,stats    ]   Update Region States              218 us
[11.078s][info][gc,stats    ]   Trash Collection Set               31 us
[11.078s][info][gc,stats    ]   Rebuild Free Set                   59 us
[11.078s][info][gc,stats    ] Concurrent Cleanup                  165 us
[11.078s][info][gc,stats    ] 
[11.078s][info][gc,stats    ] Allocation pacing accrued:
[11.078s][info][gc,stats    ]       0 of   116 ms (  0.0%): <total>
[11.078s][info][gc,stats    ]       0 of   116 ms (  0.0%): <average total>
[11.078s][info][gc,stats    ] 
[11.078s][info][gc,metaspace] Metaspace: 6358K(6528K)->6358K(6528K) NonClass: 5812K(5888K)->5812K(5888K) Class: 546K(640K)->546K(640K)
[11.078s][info][gc,ergo     ] Pacer for Idle. Initial: 20971K, Alloc Tax Rate: 1.0x
[11.173s][info][gc          ] Trigger: Average GC time (44.72 ms) is above the time for average allocation rate (4107 MB/s) to deplete free headroom (181M) (margin of error = 1.88)
[11.174s][info][gc,ergo     ] Free headroom: 232M (free) - 52428K (spike) - 0B (penalties) = 181M
[11.174s][info][gc,ergo     ] Free: 231M, Max: 512K regular, 188M humongous, Frag: 19% external, 8% internal; Reserve: 52736K, Max: 512K
[11.174s][info][gc,start    ] GC(106) Concurrent reset
[11.174s][info][gc,task     ] GC(106) Using 3 of 6 workers for concurrent reset
[11.174s][info][gc,ergo     ] GC(106) Pacer for Reset. Non-Taxable: 1024M
[11.177s][info][gc          ] GC(106) Concurrent reset 3.544ms
[11.178s][info][gc,start    ] GC(106) Pause Init Mark (unload classes)
[11.178s][info][gc,task     ] GC(106) Using 6 of 6 workers for init marking
[11.178s][info][gc,ergo     ] GC(106) Pacer for Mark. Expected Live: 196M, Free: 221M, Non-Taxable: 22701K, Alloc Tax Rate: 1.1x
[11.178s][info][gc          ] GC(106) Pause Init Mark (unload classes) 0.229ms
[11.178s][info][gc,start    ] GC(106) Concurrent marking roots
[11.178s][info][gc,task     ] GC(106) Using 3 of 6 workers for concurrent marking roots
[11.178s][info][gc          ] GC(106) Concurrent marking roots 0.305ms
[11.178s][info][gc,start    ] GC(106) Concurrent marking (unload classes)
[11.178s][info][gc,task     ] GC(106) Using 3 of 6 workers for concurrent marking
[11.181s][info][gc          ] GC(106) Concurrent marking (unload classes) 2.698ms
[11.181s][info][gc,start    ] GC(106) Pause Final Mark (unload classes)
[11.181s][info][gc,task     ] GC(106) Using 6 of 6 workers for final marking
[11.182s][info][gc,ergo     ] GC(106) Adaptive CSet Selection. Target Free: 145M, Actual Free: 543M, Max CSet: 43690K, Min Garbage: 0B
[11.182s][info][gc,ergo     ] GC(106) Collectable Garbage: 453M (84%), Immediate: 290M (53%), CSet: 162M (30%)
[11.182s][info][gc,ergo     ] GC(106) Pacer for Evacuation. Used CSet: 205M, Free: 504M, Non-Taxable: 51697K, Alloc Tax Rate: 1.1x
[11.182s][info][gc          ] GC(106) Pause Final Mark (unload classes) 0.548ms
[11.182s][info][gc,start    ] GC(106) Concurrent thread roots
[11.182s][info][gc,task     ] GC(106) Using 3 of 6 workers for Concurrent thread roots
[11.182s][info][gc          ] GC(106) Concurrent thread roots 0.190ms
[11.182s][info][gc,start    ] GC(106) Concurrent weak references
[11.182s][info][gc,task     ] GC(106) Using 3 of 6 workers for concurrent weak references
[11.182s][info][gc,ref      ] GC(106) Encountered references: Soft: 47, Weak: 146, Final: 0, Phantom: 3
[11.182s][info][gc,ref      ] GC(106) Discovered  references: Soft: 0, Weak: 48, Final: 0, Phantom: 2
[11.182s][info][gc,ref      ] GC(106) Enqueued    references: Soft: 0, Weak: 0, Final: 0, Phantom: 0
[11.182s][info][gc          ] GC(106) Concurrent weak references 0.090ms
[11.182s][info][gc,start    ] GC(106) Concurrent weak roots
[11.182s][info][gc,task     ] GC(106) Using 3 of 6 workers for concurrent weak root
[11.183s][info][gc          ] GC(106) Concurrent weak roots 0.376ms
[11.183s][info][gc,start    ] GC(106) Concurrent cleanup
[11.183s][info][gc          ] GC(106) Concurrent cleanup 758M->468M(1024M) 0.167ms
[11.183s][info][gc,ergo     ] GC(106) Free: 493M, Max: 512K regular, 215M humongous, Frag: 57% external, 0% internal; Reserve: 52722K, Max: 512K
[11.183s][info][gc,start    ] GC(106) Concurrent class unloading
[11.183s][info][gc,task     ] GC(106) Using 3 of 6 workers for concurrent class unloading
[11.184s][info][gc          ] GC(106) Concurrent class unloading 1.395ms
[11.184s][info][gc,start    ] GC(106) Concurrent strong roots
[11.184s][info][gc,task     ] GC(106) Using 3 of 6 workers for concurrent strong root
[11.185s][info][gc          ] GC(106) Concurrent strong roots 0.217ms
[11.185s][info][gc,start    ] GC(106) Concurrent evacuation
[11.185s][info][gc,task     ] GC(106) Using 3 of 6 workers for concurrent evacuation
[11.207s][info][gc          ] GC(106) Concurrent evacuation 22.867ms
[11.208s][info][gc,start    ] GC(106) Pause Init Update Refs
[11.208s][info][gc,ergo     ] GC(106) Pacer for Update Refs. Used: 578M, Free: 426M, Non-Taxable: 43705K, Alloc Tax Rate: 1.7x
[11.208s][info][gc          ] GC(106) Pause Init Update Refs 0.073ms
[11.208s][info][gc,start    ] GC(106) Concurrent update references
[11.208s][info][gc,task     ] GC(106) Using 3 of 6 workers for concurrent reference update
[11.212s][info][gc          ] GC(106) Concurrent update references 3.969ms
[11.212s][info][gc,start    ] GC(106) Concurrent update thread roots
[11.213s][info][gc          ] GC(106) Concurrent update thread roots 0.636ms
[11.213s][info][gc,start    ] GC(106) Pause Final Update Refs
[11.213s][info][gc,task     ] GC(106) Using 6 of 6 workers for final reference update
[11.213s][info][gc          ] GC(106) Pause Final Update Refs 0.308ms
[11.213s][info][gc,start    ] GC(106) Concurrent cleanup
[11.214s][info][gc          ] GC(106) Concurrent cleanup 604M->400M(1024M) 0.200ms
[11.214s][info][gc,ergo     ] Free: 571M, Max: 512K regular, 195M humongous, Frag: 66% external, 37% internal; Reserve: 52736K, Max: 512K
[11.214s][info][gc,stats    ] 
[11.214s][info][gc,stats    ] All times are wall-clock times, except per-root-class counters, that are sum over
[11.214s][info][gc,stats    ] all workers. Dividing the <total> over the root stage time estimates parallelism.
[11.214s][info][gc,stats    ] 
[11.214s][info][gc,stats    ] Concurrent Reset                   3724 us
[11.214s][info][gc,stats    ] Pause Init Mark (G)                 544 us
[11.214s][info][gc,stats    ] Pause Init Mark (N)                 235 us
[11.214s][info][gc,stats    ]   Update Region States              144 us
[11.214s][info][gc,stats    ] Concurrent Mark Roots               321 us, parallelism: 1.11x
[11.214s][info][gc,stats    ]   CMR: <total>                      356 us
[11.214s][info][gc,stats    ]   CMR: Thread Roots                 280 us, workers (us):  77,  98, 105, ---, ---, ---, 
[11.214s][info][gc,stats    ]   CMR: VM Strong Roots               13 us, workers (us):  13,   0,   0, ---, ---, ---, 
[11.214s][info][gc,stats    ]   CMR: CLDG Roots                    63 us, workers (us):  63, ---, ---, ---, ---, ---, 
[11.214s][info][gc,stats    ] Concurrent Marking                 2785 us
[11.214s][info][gc,stats    ] Pause Final Mark (G)                748 us
[11.214s][info][gc,stats    ] Pause Final Mark (N)                553 us
[11.214s][info][gc,stats    ]   Finish Mark                       286 us
[11.214s][info][gc,stats    ]   Update Region States               91 us
[11.214s][info][gc,stats    ]   Choose Collection Set              95 us
[11.214s][info][gc,stats    ]   Rebuild Free Set                   19 us
[11.214s][info][gc,stats    ] Concurrent Thread Roots             202 us, parallelism: 0.82x
[11.214s][info][gc,stats    ]   CTR: <total>                      165 us
[11.214s][info][gc,stats    ]   CTR: Thread Roots                 165 us, workers (us):  52,  51,  62, ---, ---, ---, 
[11.214s][info][gc,stats    ] Concurrent Weak References           94 us, parallelism: 0.18x
[11.214s][info][gc,stats    ]   CWRF: <total>                      17 us
[11.214s][info][gc,stats    ]   CWRF: Weak References              17 us, workers (us):  15,   1,   0, ---, ---, ---, 
[11.214s][info][gc,stats    ] Concurrent Weak Roots               393 us
[11.214s][info][gc,stats    ]   Roots                             276 us, parallelism: 1.22x
[11.214s][info][gc,stats    ]     CWR: <total>                    336 us
[11.214s][info][gc,stats    ]     CWR: Code Cache Roots           274 us, workers (us): 126,   0, 148, ---, ---, ---, 
[11.214s][info][gc,stats    ]     CWR: VM Weak Roots               49 us, workers (us):  32,  15,   1, ---, ---, ---, 
[11.214s][info][gc,stats    ]     CWR: CLDG Roots                  13 us, workers (us): ---,  13, ---, ---, ---, ---, 
[11.214s][info][gc,stats    ]   Rendezvous                         90 us
[11.214s][info][gc,stats    ] Concurrent Cleanup                  176 us
[11.214s][info][gc,stats    ] Concurrent Class Unloading         1487 us
[11.214s][info][gc,stats    ]   Unlink Stale                     1003 us
[11.214s][info][gc,stats    ]     System Dictionary                17 us
[11.214s][info][gc,stats    ]     Weak Class Links                  1 us
[11.214s][info][gc,stats    ]     Code Roots                      983 us
[11.214s][info][gc,stats    ]   Rendezvous                        135 us
[11.214s][info][gc,stats    ]   Purge Unlinked                    239 us
[11.214s][info][gc,stats    ]     Code Roots                      211 us
[11.214s][info][gc,stats    ]     CLDG                             27 us
[11.214s][info][gc,stats    ]     Exception Caches                  1 us
[11.214s][info][gc,stats    ] Concurrent Strong Roots             242 us, parallelism: 0.32x
[11.214s][info][gc,stats    ]   CSR: <total>                       77 us
[11.214s][info][gc,stats    ]   CSR: VM Strong Roots               11 us, workers (us):  10,   0,   0, ---, ---, ---, 
[11.214s][info][gc,stats    ]   CSR: CLDG Roots                    66 us, workers (us):  66, ---, ---, ---, ---, ---, 
[11.214s][info][gc,stats    ] Concurrent Evacuation             23011 us
[11.214s][info][gc,stats    ] Pause Init Update Refs (G)          454 us
[11.214s][info][gc,stats    ] Pause Init Update Refs (N)           82 us
[11.214s][info][gc,stats    ]   Manage GCLABs                       9 us
[11.214s][info][gc,stats    ] Concurrent Update Refs             4122 us
[11.214s][info][gc,stats    ] Concurrent Update Thread Roots      697 us
[11.214s][info][gc,stats    ] Pause Final Update Refs (G)         597 us
[11.214s][info][gc,stats    ] Pause Final Update Refs (N)         324 us
[11.214s][info][gc,stats    ]   Update Region States              190 us
[11.214s][info][gc,stats    ]   Trash Collection Set               23 us
[11.214s][info][gc,stats    ]   Rebuild Free Set                   49 us
[11.214s][info][gc,stats    ] Concurrent Cleanup                  214 us
[11.214s][info][gc,stats    ] 
[11.214s][info][gc,stats    ] Allocation pacing accrued:
[11.214s][info][gc,stats    ]       0 of   136 ms (  0.0%): <total>
[11.214s][info][gc,stats    ]       0 of   136 ms (  0.0%): <average total>
[11.215s][info][gc,stats    ] 
[11.215s][info][gc,metaspace] Metaspace: 6358K(6528K)->6358K(6528K) NonClass: 5812K(5888K)->5812K(5888K) Class: 546K(640K)->546K(640K)
[11.215s][info][gc,ergo     ] Pacer for Idle. Initial: 20971K, Alloc Tax Rate: 1.0x
[11.280s][info][gc          ] Trigger: Average GC time (43.94 ms) is above the time for average allocation rate (4272 MB/s) to deplete free headroom (185M) (margin of error = 1.87)
[11.280s][info][gc,ergo     ] Free headroom: 236M (free) - 52428K (spike) - 0B (penalties) = 185M
[11.280s][info][gc,ergo     ] Free: 235M, Max: 512K regular, 195M humongous, Frag: 16% external, 30% internal; Reserve: 52736K, Max: 512K
[11.280s][info][gc,start    ] GC(107) Concurrent reset
[11.280s][info][gc,task     ] GC(107) Using 3 of 6 workers for concurrent reset
[11.280s][info][gc,ergo     ] GC(107) Pacer for Reset. Non-Taxable: 1024M
[11.283s][info][gc          ] GC(107) Concurrent reset 3.026ms
[11.284s][info][gc,start    ] GC(107) Pause Init Mark (unload classes)
[11.284s][info][gc,task     ] GC(107) Using 6 of 6 workers for init marking
[11.284s][info][gc,ergo     ] GC(107) Pacer for Mark. Expected Live: 196M, Free: 226M, Non-Taxable: 23158K, Alloc Tax Rate: 1.1x
[11.284s][info][gc          ] GC(107) Pause Init Mark (unload classes) 0.248ms
[11.284s][info][gc,start    ] GC(107) Concurrent marking roots
[11.284s][info][gc,task     ] GC(107) Using 3 of 6 workers for concurrent marking roots
[11.284s][info][gc          ] GC(107) Concurrent marking roots 0.327ms
[11.284s][info][gc,start    ] GC(107) Concurrent marking (unload classes)
[11.284s][info][gc,task     ] GC(107) Using 3 of 6 workers for concurrent marking
[11.287s][info][gc          ] GC(107) Concurrent marking (unload classes) 2.735ms
[11.287s][info][gc,start    ] GC(107) Pause Final Mark (unload classes)
[11.287s][info][gc,task     ] GC(107) Using 6 of 6 workers for final marking
[11.288s][info][gc,ergo     ] GC(107) Adaptive CSet Selection. Target Free: 145M, Actual Free: 552M, Max CSet: 43690K, Min Garbage: 0B
[11.288s][info][gc,ergo     ] GC(107) Collectable Garbage: 446M (83%), Immediate: 295M (55%), CSet: 150M (28%)
[11.288s][info][gc,ergo     ] GC(107) Pacer for Evacuation. Used CSet: 193M, Free: 513M, Non-Taxable: 52588K, Alloc Tax Rate: 1.1x
[11.288s][info][gc          ] GC(107) Pause Final Mark (unload classes) 0.949ms
[11.288s][info][gc,start    ] GC(107) Concurrent thread roots
[11.288s][info][gc,task     ] GC(107) Using 3 of 6 workers for Concurrent thread roots
[11.289s][info][gc          ] GC(107) Concurrent thread roots 0.241ms
[11.289s][info][gc,start    ] GC(107) Concurrent weak references
[11.289s][info][gc,task     ] GC(107) Using 3 of 6 workers for concurrent weak references
[11.289s][info][gc,ref      ] GC(107) Encountered references: Soft: 47, Weak: 146, Final: 0, Phantom: 3
[11.289s][info][gc,ref      ] GC(107) Discovered  references: Soft: 0, Weak: 45, Final: 0, Phantom: 2
[11.289s][info][gc,ref      ] GC(107) Enqueued    references: Soft: 0, Weak: 0, Final: 0, Phantom: 0
[11.289s][info][gc          ] GC(107) Concurrent weak references 0.159ms
[11.289s][info][gc,start    ] GC(107) Concurrent weak roots
[11.289s][info][gc,task     ] GC(107) Using 3 of 6 workers for concurrent weak root
[11.289s][info][gc          ] GC(107) Concurrent weak roots 0.412ms
[11.289s][info][gc,start    ] GC(107) Concurrent cleanup
[11.289s][info][gc          ] GC(107) Concurrent cleanup 754M->460M(1024M) 0.162ms
[11.289s][info][gc,ergo     ] GC(107) Free: 502M, Max: 512K regular, 232M humongous, Frag: 54% external, 0% internal; Reserve: 52722K, Max: 512K
[11.289s][info][gc,start    ] GC(107) Concurrent class unloading
[11.289s][info][gc,task     ] GC(107) Using 3 of 6 workers for concurrent class unloading
[11.291s][info][gc          ] GC(107) Concurrent class unloading 1.187ms
[11.291s][info][gc,start    ] GC(107) Concurrent strong roots
[11.291s][info][gc,task     ] GC(107) Using 3 of 6 workers for concurrent strong root
[11.291s][info][gc          ] GC(107) Concurrent strong roots 0.184ms
[11.291s][info][gc,start    ] GC(107) Concurrent evacuation
[11.291s][info][gc,task     ] GC(107) Using 3 of 6 workers for concurrent evacuation
[11.306s][info][gc          ] GC(107) Concurrent evacuation 15.343ms
[11.307s][info][gc,start    ] GC(107) Pause Init Update Refs
[11.307s][info][gc,ergo     ] GC(107) Pacer for Update Refs. Used: 559M, Free: 446M, Non-Taxable: 45687K, Alloc Tax Rate: 1.5x
[11.307s][info][gc          ] GC(107) Pause Init Update Refs 0.083ms
[11.307s][info][gc,start    ] GC(107) Concurrent update references
[11.307s][info][gc,task     ] GC(107) Using 3 of 6 workers for concurrent reference update
[11.311s][info][gc          ] GC(107) Concurrent update references 4.313ms
[11.311s][info][gc,start    ] GC(107) Concurrent update thread roots
[11.312s][info][gc          ] GC(107) Concurrent update thread roots 0.505ms
[11.312s][info][gc,start    ] GC(107) Pause Final Update Refs
[11.312s][info][gc,task     ] GC(107) Using 6 of 6 workers for final reference update
[11.312s][info][gc          ] GC(107) Pause Final Update Refs 0.297ms
[11.312s][info][gc,start    ] GC(107) Concurrent cleanup
[11.312s][info][gc          ] GC(107) Concurrent cleanup 585M->392M(1024M) 0.089ms
[11.313s][info][gc,ergo     ] Free: 579M, Max: 512K regular, 203M humongous, Frag: 65% external, 36% internal; Reserve: 52736K, Max: 512K
[11.313s][info][gc,stats    ] 
[11.313s][info][gc,stats    ] All times are wall-clock times, except per-root-class counters, that are sum over
[11.313s][info][gc,stats    ] all workers. Dividing the <total> over the root stage time estimates parallelism.
[11.313s][info][gc,stats    ] 
[11.313s][info][gc,stats    ] Concurrent Reset                   3190 us
[11.313s][info][gc,stats    ] Pause Init Mark (G)                 599 us
[11.313s][info][gc,stats    ] Pause Init Mark (N)                 254 us
[11.313s][info][gc,stats    ]   Update Region States              146 us
[11.313s][info][gc,stats    ] Concurrent Mark Roots               349 us, parallelism: 1.07x
[11.313s][info][gc,stats    ]   CMR: <total>                      373 us
[11.313s][info][gc,stats    ]   CMR: Thread Roots                 257 us, workers (us):  60, 105,  93, ---, ---, ---, 
[11.313s][info][gc,stats    ]   CMR: VM Strong Roots                8 us, workers (us):   8,   0,   0, ---, ---, ---, 
[11.313s][info][gc,stats    ]   CMR: CLDG Roots                   107 us, workers (us): 107, ---, ---, ---, ---, ---, 
[11.313s][info][gc,stats    ] Concurrent Marking                 2896 us
[11.313s][info][gc,stats    ] Pause Final Mark (G)               1137 us
[11.313s][info][gc,stats    ] Pause Final Mark (N)                958 us
[11.313s][info][gc,stats    ]   Finish Mark                       516 us
[11.313s][info][gc,stats    ]   Update Region States              131 us
[11.313s][info][gc,stats    ]   Choose Collection Set             197 us
[11.313s][info][gc,stats    ]   Rebuild Free Set                   25 us
[11.313s][info][gc,stats    ] Concurrent Thread Roots             260 us, parallelism: 0.97x
[11.313s][info][gc,stats    ]   CTR: <total>                      252 us
[11.313s][info][gc,stats    ]   CTR: Thread Roots                 252 us, workers (us):  83,  84,  85, ---, ---, ---, 
[11.313s][info][gc,stats    ] Concurrent Weak References          165 us, parallelism: 0.12x
[11.313s][info][gc,stats    ]   CWRF: <total>                      19 us
[11.313s][info][gc,stats    ]   CWRF: Weak References              19 us, workers (us):  15,   4,   0, ---, ---, ---, 
[11.313s][info][gc,stats    ] Concurrent Weak Roots               431 us
[11.313s][info][gc,stats    ]   Roots                             297 us, parallelism: 1.33x
[11.313s][info][gc,stats    ]     CWR: <total>                    395 us
[11.313s][info][gc,stats    ]     CWR: Code Cache Roots           329 us, workers (us): 169, 161,   0, ---, ---, ---, 
[11.313s][info][gc,stats    ]     CWR: VM Weak Roots               46 us, workers (us):  36,   7,   3, ---, ---, ---, 
[11.313s][info][gc,stats    ]     CWR: CLDG Roots                  19 us, workers (us): ---, ---,  19, ---, ---, ---, 
[11.313s][info][gc,stats    ]   Rendezvous                         99 us
[11.313s][info][gc,stats    ] Concurrent Cleanup                  173 us
[11.313s][info][gc,stats    ] Concurrent Class Unloading         1243 us
[11.313s][info][gc,stats    ]   Unlink Stale                      865 us
[11.313s][info][gc,stats    ]     System Dictionary                12 us
[11.313s][info][gc,stats    ]     Weak Class Links                  1 us
[11.313s][info][gc,stats    ]     Code Roots                      851 us
[11.313s][info][gc,stats    ]   Rendezvous                        140 us
[11.313s][info][gc,stats    ]   Purge Unlinked                    161 us
[11.313s][info][gc,stats    ]     Code Roots                      135 us
[11.313s][info][gc,stats    ]     CLDG                             25 us
[11.313s][info][gc,stats    ]     Exception Caches                  1 us
[11.313s][info][gc,stats    ] Concurrent Strong Roots             203 us, parallelism: 0.29x
[11.313s][info][gc,stats    ]   CSR: <total>                       58 us
[11.313s][info][gc,stats    ]   CSR: VM Strong Roots                6 us, workers (us):   5,   0,   0, ---, ---, ---, 
[11.313s][info][gc,stats    ]   CSR: CLDG Roots                    52 us, workers (us):  52, ---, ---, ---, ---, ---, 
[11.313s][info][gc,stats    ] Concurrent Evacuation             15519 us
[11.313s][info][gc,stats    ] Pause Init Update Refs (G)          442 us
[11.313s][info][gc,stats    ] Pause Init Update Refs (N)           92 us
[11.313s][info][gc,stats    ]   Manage GCLABs                       9 us
[11.313s][info][gc,stats    ] Concurrent Update Refs             4487 us
[11.313s][info][gc,stats    ] Concurrent Update Thread Roots      524 us
[11.313s][info][gc,stats    ] Pause Final Update Refs (G)         583 us
[11.313s][info][gc,stats    ] Pause Final Update Refs (N)         313 us
[11.313s][info][gc,stats    ]   Update Region States              177 us
[11.313s][info][gc,stats    ]   Trash Collection Set               22 us
[11.313s][info][gc,stats    ]   Rebuild Free Set                   55 us
[11.313s][info][gc,stats    ] Concurrent Cleanup                   96 us
[11.313s][info][gc,stats    ] 
[11.313s][info][gc,stats    ] Allocation pacing accrued:
[11.313s][info][gc,stats    ]       0 of    98 ms (  0.0%): <total>
[11.313s][info][gc,stats    ]       0 of    98 ms (  0.0%): <average total>
[11.313s][info][gc,stats    ] 
[11.313s][info][gc,metaspace] Metaspace: 6358K(6528K)->6358K(6528K) NonClass: 5812K(5888K)->5812K(5888K) Class: 546K(640K)->546K(640K)
[11.313s][info][gc,ergo     ] Pacer for Idle. Initial: 20971K, Alloc Tax Rate: 1.0x
[11.373s][info][gc          ] Trigger: Average GC time (42.78 ms) is above the time for average allocation rate (4271 MB/s) to deplete free headroom (176M) (margin of error = 1.86)
[11.373s][info][gc,ergo     ] Free headroom: 227M (free) - 52428K (spike) - 0B (penalties) = 176M
[11.373s][info][gc,ergo     ] Free: 226M, Max: 512K regular, 203M humongous, Frag: 10% external, 6% internal; Reserve: 52736K, Max: 512K
[11.373s][info][gc,start    ] GC(108) Concurrent reset
[11.373s][info][gc,task     ] GC(108) Using 3 of 6 workers for concurrent reset
[11.373s][info][gc,ergo     ] GC(108) Pacer for Reset. Non-Taxable: 1024M
[11.378s][info][gc          ] GC(108) Concurrent reset 4.772ms
[11.378s][info][gc,start    ] GC(108) Pause Init Mark (unload classes)
[11.378s][info][gc,task     ] GC(108) Using 6 of 6 workers for init marking
[11.379s][info][gc,ergo     ] GC(108) Pacer for Mark. Expected Live: 196M, Free: 216M, Non-Taxable: 22186K, Alloc Tax Rate: 1.1x
[11.379s][info][gc          ] GC(108) Pause Init Mark (unload classes) 0.224ms
[11.379s][info][gc,start    ] GC(108) Concurrent marking roots
[11.379s][info][gc,task     ] GC(108) Using 3 of 6 workers for concurrent marking roots
[11.379s][info][gc          ] GC(108) Concurrent marking roots 0.309ms
[11.379s][info][gc,start    ] GC(108) Concurrent marking (unload classes)
[11.379s][info][gc,task     ] GC(108) Using 3 of 6 workers for concurrent marking
[11.382s][info][gc          ] GC(108) Concurrent marking (unload classes) 3.172ms
[11.382s][info][gc,start    ] GC(108) Pause Final Mark (unload classes)
[11.382s][info][gc,task     ] GC(108) Using 6 of 6 workers for final marking
[11.383s][info][gc,ergo     ] GC(108) Adaptive CSet Selection. Target Free: 145M, Actual Free: 536M, Max CSet: 43690K, Min Garbage: 0B
[11.383s][info][gc,ergo     ] GC(108) Collectable Garbage: 450M (82%), Immediate: 290M (53%), CSet: 160M (29%)
[11.383s][info][gc,ergo     ] GC(108) Pacer for Evacuation. Used CSet: 202M, Free: 498M, Non-Taxable: 51008K, Alloc Tax Rate: 1.1x
[11.383s][info][gc          ] GC(108) Pause Final Mark (unload classes) 0.652ms
[11.383s][info][gc,start    ] GC(108) Concurrent thread roots
[11.383s][info][gc,task     ] GC(108) Using 3 of 6 workers for Concurrent thread roots
[11.383s][info][gc          ] GC(108) Concurrent thread roots 0.162ms
[11.383s][info][gc,start    ] GC(108) Concurrent weak references
[11.383s][info][gc,task     ] GC(108) Using 3 of 6 workers for concurrent weak references
[11.383s][info][gc,ref      ] GC(108) Encountered references: Soft: 47, Weak: 146, Final: 0, Phantom: 3
[11.383s][info][gc,ref      ] GC(108) Discovered  references: Soft: 0, Weak: 55, Final: 0, Phantom: 2
[11.383s][info][gc,ref      ] GC(108) Enqueued    references: Soft: 0, Weak: 0, Final: 0, Phantom: 0
[11.383s][info][gc          ] GC(108) Concurrent weak references 0.126ms
[11.383s][info][gc,start    ] GC(108) Concurrent weak roots
[11.383s][info][gc,task     ] GC(108) Using 3 of 6 workers for concurrent weak root
[11.384s][info][gc          ] GC(108) Concurrent weak roots 0.389ms
[11.384s][info][gc,start    ] GC(108) Concurrent cleanup
[11.384s][info][gc          ] GC(108) Concurrent cleanup 764M->475M(1024M) 0.146ms
[11.384s][info][gc,ergo     ] GC(108) Free: 486M, Max: 512K regular, 217M humongous, Frag: 56% external, 0% internal; Reserve: 52722K, Max: 512K
[11.384s][info][gc,start    ] GC(108) Concurrent class unloading
[11.384s][info][gc,task     ] GC(108) Using 3 of 6 workers for concurrent class unloading
[11.385s][info][gc          ] GC(108) Concurrent class unloading 1.280ms
[11.385s][info][gc,start    ] GC(108) Concurrent strong roots
[11.385s][info][gc,task     ] GC(108) Using 3 of 6 workers for concurrent strong root
[11.386s][info][gc          ] GC(108) Concurrent strong roots 0.192ms
[11.386s][info][gc,start    ] GC(108) Concurrent evacuation
[11.386s][info][gc,task     ] GC(108) Using 3 of 6 workers for concurrent evacuation
[11.401s][info][gc          ] GC(108) Concurrent evacuation 15.779ms
[11.402s][info][gc,start    ] GC(108) Pause Init Update Refs
[11.402s][info][gc,ergo     ] GC(108) Pacer for Update Refs. Used: 571M, Free: 433M, Non-Taxable: 44396K, Alloc Tax Rate: 1.6x
[11.402s][info][gc          ] GC(108) Pause Init Update Refs 0.060ms
[11.402s][info][gc,start    ] GC(108) Concurrent update references
[11.402s][info][gc,task     ] GC(108) Using 3 of 6 workers for concurrent reference update
[11.407s][info][gc          ] GC(108) Concurrent update references 4.647ms
[11.407s][info][gc,start    ] GC(108) Concurrent update thread roots
[11.407s][info][gc          ] GC(108) Concurrent update thread roots 0.442ms
[11.408s][info][gc,start    ] GC(108) Pause Final Update Refs
[11.408s][info][gc,task     ] GC(108) Using 6 of 6 workers for final reference update
[11.408s][info][gc          ] GC(108) Pause Final Update Refs 0.298ms
[11.408s][info][gc,start    ] GC(108) Concurrent cleanup
[11.408s][info][gc          ] GC(108) Concurrent cleanup 596M->394M(1024M) 0.100ms
[11.408s][info][gc,ergo     ] Free: 577M, Max: 512K regular, 189M humongous, Frag: 67% external, 36% internal; Reserve: 52736K, Max: 512K
[11.408s][info][gc,stats    ] 
[11.408s][info][gc,stats    ] All times are wall-clock times, except per-root-class counters, that are sum over
[11.408s][info][gc,stats    ] all workers. Dividing the <total> over the root stage time estimates parallelism.
[11.408s][info][gc,stats    ] 
[11.408s][info][gc,stats    ] Concurrent Reset                   4907 us
[11.408s][info][gc,stats    ] Pause Init Mark (G)                 478 us
[11.408s][info][gc,stats    ] Pause Init Mark (N)                 230 us
[11.408s][info][gc,stats    ]   Update Region States              125 us
[11.408s][info][gc,stats    ] Concurrent Mark Roots               329 us, parallelism: 0.96x
[11.408s][info][gc,stats    ]   CMR: <total>                      317 us
[11.408s][info][gc,stats    ]   CMR: Thread Roots                 236 us, workers (us):  67,  85,  84, ---, ---, ---, 
[11.408s][info][gc,stats    ]   CMR: VM Strong Roots               13 us, workers (us):  12,   0,   0, ---, ---, ---, 
[11.408s][info][gc,stats    ]   CMR: CLDG Roots                    68 us, workers (us):  68, ---, ---, ---, ---, ---, 
[11.408s][info][gc,stats    ] Concurrent Marking                 3286 us
[11.408s][info][gc,stats    ] Pause Final Mark (G)                901 us
[11.408s][info][gc,stats    ] Pause Final Mark (N)                657 us
[11.408s][info][gc,stats    ]   Finish Mark                       305 us
[11.408s][info][gc,stats    ]   Update Region States              149 us
[11.408s][info][gc,stats    ]   Choose Collection Set             120 us
[11.408s][info][gc,stats    ]   Rebuild Free Set                   18 us
[11.408s][info][gc,stats    ] Concurrent Thread Roots             175 us, parallelism: 0.77x
[11.408s][info][gc,stats    ]   CTR: <total>                      135 us
[11.408s][info][gc,stats    ]   CTR: Thread Roots                 135 us, workers (us):  80,  46,   9, ---, ---, ---, 
[11.408s][info][gc,stats    ] Concurrent Weak References          130 us, parallelism: 0.20x
[11.408s][info][gc,stats    ]   CWRF: <total>                      25 us
[11.408s][info][gc,stats    ]   CWRF: Weak References              25 us, workers (us):  24,   1,   0, ---, ---, ---, 
[11.408s][info][gc,stats    ] Concurrent Weak Roots               408 us
[11.408s][info][gc,stats    ]   Roots                             282 us, parallelism: 1.33x
[11.408s][info][gc,stats    ]     CWR: <total>                    375 us
[11.408s][info][gc,stats    ]     CWR: Code Cache Roots           307 us, workers (us):   0, 148, 159, ---, ---, ---, 
[11.408s][info][gc,stats    ]     CWR: VM Weak Roots               54 us, workers (us):  32,  22,   1, ---, ---, ---, 
[11.408s][info][gc,stats    ]     CWR: CLDG Roots                  14 us, workers (us):  14, ---, ---, ---, ---, ---, 
[11.408s][info][gc,stats    ]   Rendezvous                         97 us
[11.408s][info][gc,stats    ] Concurrent Cleanup                  151 us
[11.408s][info][gc,stats    ] Concurrent Class Unloading         1406 us
[11.408s][info][gc,stats    ]   Unlink Stale                      897 us
[11.408s][info][gc,stats    ]     System Dictionary                 8 us
[11.408s][info][gc,stats    ]     Weak Class Links                  1 us
[11.408s][info][gc,stats    ]     Code Roots                      886 us
[11.408s][info][gc,stats    ]   Rendezvous                        117 us
[11.408s][info][gc,stats    ]   Purge Unlinked                    251 us
[11.408s][info][gc,stats    ]     Code Roots                      224 us
[11.408s][info][gc,stats    ]     CLDG                             26 us
[11.408s][info][gc,stats    ]     Exception Caches                  0 us
[11.408s][info][gc,stats    ] Concurrent Strong Roots             208 us, parallelism: 0.30x
[11.408s][info][gc,stats    ]   CSR: <total>                       63 us
[11.408s][info][gc,stats    ]   CSR: VM Strong Roots               10 us, workers (us):   9,   0,   0, ---, ---, ---, 
[11.408s][info][gc,stats    ]   CSR: CLDG Roots                    53 us, workers (us):  53, ---, ---, ---, ---, ---, 
[11.408s][info][gc,stats    ] Concurrent Evacuation             15928 us
[11.408s][info][gc,stats    ] Pause Init Update Refs (G)          437 us
[11.408s][info][gc,stats    ] Pause Init Update Refs (N)           67 us
[11.408s][info][gc,stats    ]   Manage GCLABs                      11 us
[11.408s][info][gc,stats    ] Concurrent Update Refs             4930 us
[11.408s][info][gc,stats    ] Concurrent Update Thread Roots      469 us
[11.408s][info][gc,stats    ] Pause Final Update Refs (G)         552 us
[11.408s][info][gc,stats    ] Pause Final Update Refs (N)         310 us
[11.408s][info][gc,stats    ]   Update Region States              195 us
[11.408s][info][gc,stats    ]   Trash Collection Set               22 us
[11.408s][info][gc,stats    ]   Rebuild Free Set                   43 us
[11.408s][info][gc,stats    ] Concurrent Cleanup                  135 us
[11.408s][info][gc,stats    ] 
[11.408s][info][gc,stats    ] Allocation pacing accrued:
[11.408s][info][gc,stats    ]       0 of    96 ms (  0.0%): <total>
[11.408s][info][gc,stats    ]       0 of    96 ms (  0.0%): <average total>
[11.408s][info][gc,stats    ] 
[11.408s][info][gc,metaspace] Metaspace: 6358K(6528K)->6358K(6528K) NonClass: 5812K(5888K)->5812K(5888K) Class: 546K(640K)->546K(640K)
[11.408s][info][gc,ergo     ] Pacer for Idle. Initial: 20971K, Alloc Tax Rate: 1.0x
[11.462s][info][gc          ] Trigger: Average GC time (40.34 ms) is above the time for average allocation rate (4271 MB/s) to deplete free headroom (167M) (margin of error = 1.85)
[11.462s][info][gc,ergo     ] Free headroom: 218M (free) - 52428K (spike) - 0B (penalties) = 167M
[11.463s][info][gc,ergo     ] Free: 217M, Max: 512K regular, 189M humongous, Frag: 12% external, 31% internal; Reserve: 52736K, Max: 512K
[11.463s][info][gc,start    ] GC(109) Concurrent reset
[11.463s][info][gc,task     ] GC(109) Using 3 of 6 workers for concurrent reset
[11.463s][info][gc,ergo     ] GC(109) Pacer for Reset. Non-Taxable: 1024M
[11.466s][info][gc          ] GC(109) Concurrent reset 3.314ms
[11.466s][info][gc,start    ] GC(109) Pause Init Mark (unload classes)
[11.466s][info][gc,task     ] GC(109) Using 6 of 6 workers for init marking
[11.466s][info][gc,ergo     ] GC(109) Pacer for Mark. Expected Live: 196M, Free: 209M, Non-Taxable: 21436K, Alloc Tax Rate: 1.1x
[11.466s][info][gc          ] GC(109) Pause Init Mark (unload classes) 0.173ms
[11.466s][info][gc,start    ] GC(109) Concurrent marking roots
[11.466s][info][gc,task     ] GC(109) Using 3 of 6 workers for concurrent marking roots
[11.467s][info][gc          ] GC(109) Concurrent marking roots 0.274ms
[11.467s][info][gc,start    ] GC(109) Concurrent marking (unload classes)
[11.467s][info][gc,task     ] GC(109) Using 3 of 6 workers for concurrent marking
[11.470s][info][gc          ] GC(109) Concurrent marking (unload classes) 3.079ms
[11.470s][info][gc,start    ] GC(109) Pause Final Mark (unload classes)
[11.470s][info][gc,task     ] GC(109) Using 6 of 6 workers for final marking
[11.471s][info][gc,ergo     ] GC(109) Adaptive CSet Selection. Target Free: 145M, Actual Free: 538M, Max CSet: 43690K, Min Garbage: 0B
[11.471s][info][gc,ergo     ] GC(109) Collectable Garbage: 463M (83%), Immediate: 297M (53%), CSet: 165M (29%)
[11.471s][info][gc,ergo     ] GC(109) Pacer for Evacuation. Used CSet: 208M, Free: 499M, Non-Taxable: 51109K, Alloc Tax Rate: 1.1x
[11.471s][info][gc          ] GC(109) Pause Final Mark (unload classes) 1.079ms
[11.471s][info][gc,start    ] GC(109) Concurrent thread roots
[11.471s][info][gc,task     ] GC(109) Using 3 of 6 workers for Concurrent thread roots
[11.472s][info][gc          ] GC(109) Concurrent thread roots 0.215ms
[11.472s][info][gc,start    ] GC(109) Concurrent weak references
[11.472s][info][gc,task     ] GC(109) Using 3 of 6 workers for concurrent weak references
[11.472s][info][gc,ref      ] GC(109) Encountered references: Soft: 47, Weak: 146, Final: 0, Phantom: 3
[11.472s][info][gc,ref      ] GC(109) Discovered  references: Soft: 0, Weak: 53, Final: 0, Phantom: 2
[11.472s][info][gc,ref      ] GC(109) Enqueued    references: Soft: 0, Weak: 0, Final: 0, Phantom: 0
[11.472s][info][gc          ] GC(109) Concurrent weak references 0.139ms
[11.472s][info][gc,start    ] GC(109) Concurrent weak roots
[11.472s][info][gc,task     ] GC(109) Using 3 of 6 workers for concurrent weak root
[11.472s][info][gc          ] GC(109) Concurrent weak roots 0.491ms
[11.472s][info][gc,start    ] GC(109) Concurrent cleanup
[11.472s][info][gc          ] GC(109) Concurrent cleanup 770M->474M(1024M) 0.157ms
[11.472s][info][gc,ergo     ] GC(109) Free: 487M, Max: 512K regular, 215M humongous, Frag: 56% external, 0% internal; Reserve: 52722K, Max: 512K
[11.472s][info][gc,start    ] GC(109) Concurrent class unloading
[11.472s][info][gc,task     ] GC(109) Using 3 of 6 workers for concurrent class unloading
[11.474s][info][gc          ] GC(109) Concurrent class unloading 1.685ms
[11.474s][info][gc,start    ] GC(109) Concurrent strong roots
[11.474s][info][gc,task     ] GC(109) Using 3 of 6 workers for concurrent strong root
[11.475s][info][gc          ] GC(109) Concurrent strong roots 0.275ms
[11.475s][info][gc,start    ] GC(109) Concurrent evacuation
[11.475s][info][gc,task     ] GC(109) Using 3 of 6 workers for concurrent evacuation
[11.489s][info][gc          ] GC(109) Concurrent evacuation 14.463ms
[11.489s][info][gc,start    ] GC(109) Pause Init Update Refs
[11.489s][info][gc,ergo     ] GC(109) Pacer for Update Refs. Used: 572M, Free: 432M, Non-Taxable: 44284K, Alloc Tax Rate: 1.6x
[11.490s][info][gc          ] GC(109) Pause Init Update Refs 0.063ms
[11.490s][info][gc,start    ] GC(109) Concurrent update references
[11.490s][info][gc,task     ] GC(109) Using 3 of 6 workers for concurrent reference update
[11.493s][info][gc          ] GC(109) Concurrent update references 3.833ms
[11.494s][info][gc,start    ] GC(109) Concurrent update thread roots
[11.494s][info][gc          ] GC(109) Concurrent update thread roots 0.618ms
[11.495s][info][gc,start    ] GC(109) Pause Final Update Refs
[11.495s][info][gc,task     ] GC(109) Using 6 of 6 workers for final reference update
[11.495s][info][gc          ] GC(109) Pause Final Update Refs 0.400ms
[11.495s][info][gc,start    ] GC(109) Concurrent cleanup
[11.495s][info][gc          ] GC(109) Concurrent cleanup 595M->388M(1024M) 0.212ms
[11.495s][info][gc,ergo     ] Free: 583M, Max: 512K regular, 185M humongous, Frag: 68% external, 35% internal; Reserve: 52736K, Max: 512K
[11.495s][info][gc,stats    ] 
[11.495s][info][gc,stats    ] All times are wall-clock times, except per-root-class counters, that are sum over
[11.495s][info][gc,stats    ] all workers. Dividing the <total> over the root stage time estimates parallelism.
[11.495s][info][gc,stats    ] 
[11.495s][info][gc,stats    ] Concurrent Reset                   3440 us
[11.495s][info][gc,stats    ] Pause Init Mark (G)                 457 us
[11.495s][info][gc,stats    ] Pause Init Mark (N)                 178 us
[11.495s][info][gc,stats    ]   Update Region States              112 us
[11.495s][info][gc,stats    ] Concurrent Mark Roots               286 us, parallelism: 1.15x
[11.495s][info][gc,stats    ]   CMR: <total>                      328 us
[11.495s][info][gc,stats    ]   CMR: Thread Roots                 244 us, workers (us):  72,  82,  90, ---, ---, ---, 
[11.495s][info][gc,stats    ]   CMR: VM Strong Roots               12 us, workers (us):  11,   0,   1, ---, ---, ---, 
[11.495s][info][gc,stats    ]   CMR: CLDG Roots                    73 us, workers (us):  73, ---, ---, ---, ---, ---, 
[11.495s][info][gc,stats    ] Concurrent Marking                 3227 us
[11.495s][info][gc,stats    ] Pause Final Mark (G)               1393 us
[11.496s][info][gc,stats    ] Pause Final Mark (N)               1086 us
[11.496s][info][gc,stats    ]   Finish Mark                       352 us
[11.496s][info][gc,stats    ]   Update Region States              100 us
[11.496s][info][gc,stats    ]   Choose Collection Set             119 us
[11.496s][info][gc,stats    ]   Rebuild Free Set                   22 us
[11.496s][info][gc,stats    ] Concurrent Thread Roots             234 us, parallelism: 0.76x
[11.496s][info][gc,stats    ]   CTR: <total>                      177 us
[11.496s][info][gc,stats    ]   CTR: Thread Roots                 177 us, workers (us):  66,  48,  64, ---, ---, ---, 
[11.496s][info][gc,stats    ] Concurrent Weak References          145 us, parallelism: 0.12x
[11.496s][info][gc,stats    ]   CWRF: <total>                      17 us
[11.496s][info][gc,stats    ]   CWRF: Weak References              17 us, workers (us):  17,   0,   0, ---, ---, ---, 
[11.496s][info][gc,stats    ] Concurrent Weak Roots               520 us
[11.496s][info][gc,stats    ]   Roots                             364 us, parallelism: 1.28x
[11.496s][info][gc,stats    ]     CWR: <total>                    465 us
[11.496s][info][gc,stats    ]     CWR: Code Cache Roots           376 us, workers (us): 186, 190,   0, ---, ---, ---, 
[11.496s][info][gc,stats    ]     CWR: VM Weak Roots               73 us, workers (us):  47,  22,   3, ---, ---, ---, 
[11.496s][info][gc,stats    ]     CWR: CLDG Roots                  16 us, workers (us): ---, ---,  16, ---, ---, ---, 
[11.496s][info][gc,stats    ]   Rendezvous                        112 us
[11.496s][info][gc,stats    ] Concurrent Cleanup                  165 us
[11.496s][info][gc,stats    ] Concurrent Class Unloading         1808 us
[11.496s][info][gc,stats    ]   Unlink Stale                     1174 us
[11.496s][info][gc,stats    ]     System Dictionary                17 us
[11.496s][info][gc,stats    ]     Weak Class Links                  0 us
[11.496s][info][gc,stats    ]     Code Roots                     1152 us
[11.496s][info][gc,stats    ]   Rendezvous                        230 us
[11.496s][info][gc,stats    ]   Purge Unlinked                    262 us
[11.496s][info][gc,stats    ]     Code Roots                      233 us
[11.496s][info][gc,stats    ]     CLDG                             28 us
[11.496s][info][gc,stats    ]     Exception Caches                  1 us
[11.496s][info][gc,stats    ] Concurrent Strong Roots             311 us, parallelism: 0.31x
[11.496s][info][gc,stats    ]   CSR: <total>                       98 us
[11.496s][info][gc,stats    ]   CSR: VM Strong Roots               12 us, workers (us):  11,   0,   0, ---, ---, ---, 
[11.496s][info][gc,stats    ]   CSR: CLDG Roots                    86 us, workers (us):  86, ---, ---, ---, ---, ---, 
[11.496s][info][gc,stats    ] Concurrent Evacuation             14574 us
[11.496s][info][gc,stats    ] Pause Init Update Refs (G)          425 us
[11.496s][info][gc,stats    ] Pause Init Update Refs (N)           73 us
[11.496s][info][gc,stats    ]   Manage GCLABs                       8 us
[11.496s][info][gc,stats    ] Concurrent Update Refs             4007 us
[11.496s][info][gc,stats    ] Concurrent Update Thread Roots      723 us
[11.496s][info][gc,stats    ] Pause Final Update Refs (G)         717 us
[11.496s][info][gc,stats    ] Pause Final Update Refs (N)         417 us
[11.496s][info][gc,stats    ]   Update Region States              277 us
[11.496s][info][gc,stats    ]   Trash Collection Set               20 us
[11.496s][info][gc,stats    ]   Rebuild Free Set                   52 us
[11.496s][info][gc,stats    ] Concurrent Cleanup                  230 us
[11.496s][info][gc,stats    ] 
[11.496s][info][gc,stats    ] Allocation pacing accrued:
[11.496s][info][gc,stats    ]       0 of    87 ms (  0.0%): <total>
[11.496s][info][gc,stats    ]       0 of    87 ms (  0.0%): <average total>
[11.496s][info][gc,stats    ] 
[11.496s][info][gc,metaspace] Metaspace: 6358K(6528K)->6358K(6528K) NonClass: 5812K(5888K)->5812K(5888K) Class: 546K(640K)->546K(640K)
[11.496s][info][gc,ergo     ] Pacer for Idle. Initial: 20971K, Alloc Tax Rate: 1.0x
[11.553s][info][gc          ] Trigger: Average GC time (38.29 ms) is above the time for average allocation rate (4271 MB/s) to deplete free headroom (162M) (margin of error = 1.85)
[11.553s][info][gc,ergo     ] Free headroom: 213M (free) - 52428K (spike) - 0B (penalties) = 162M
[11.553s][info][gc,ergo     ] Free: 212M, Max: 512K regular, 185M humongous, Frag: 13% external, 8% internal; Reserve: 52736K, Max: 512K
[11.553s][info][gc,start    ] GC(110) Concurrent reset
[11.553s][info][gc,task     ] GC(110) Using 3 of 6 workers for concurrent reset
[11.553s][info][gc,ergo     ] GC(110) Pacer for Reset. Non-Taxable: 1024M
[11.556s][info][gc          ] GC(110) Concurrent reset 3.342ms
[11.557s][info][gc,start    ] GC(110) Pause Init Mark (unload classes)
[11.557s][info][gc,task     ] GC(110) Using 6 of 6 workers for init marking
[11.557s][info][gc,ergo     ] GC(110) Pacer for Mark. Expected Live: 196M, Free: 205M, Non-Taxable: 21008K, Alloc Tax Rate: 1.2x
[11.557s][info][gc          ] GC(110) Pause Init Mark (unload classes) 0.297ms
[11.557s][info][gc,start    ] GC(110) Concurrent marking roots
[11.557s][info][gc,task     ] GC(110) Using 3 of 6 workers for concurrent marking roots
[11.557s][info][gc          ] GC(110) Concurrent marking roots 0.346ms
[11.557s][info][gc,start    ] GC(110) Concurrent marking (unload classes)
[11.557s][info][gc,task     ] GC(110) Using 3 of 6 workers for concurrent marking
[11.560s][info][gc          ] GC(110) Concurrent marking (unload classes) 2.417ms
[11.560s][info][gc,start    ] GC(110) Pause Final Mark (unload classes)
[11.560s][info][gc,task     ] GC(110) Using 6 of 6 workers for final marking
[11.561s][info][gc,ergo     ] GC(110) Adaptive CSet Selection. Target Free: 145M, Actual Free: 543M, Max CSet: 43690K, Min Garbage: 0B
[11.561s][info][gc,ergo     ] GC(110) Collectable Garbage: 464M (83%), Immediate: 304M (54%), CSet: 159M (28%)
[11.561s][info][gc,ergo     ] GC(110) Pacer for Evacuation. Used CSet: 202M, Free: 504M, Non-Taxable: 51666K, Alloc Tax Rate: 1.1x
[11.561s][info][gc          ] GC(110) Pause Final Mark (unload classes) 0.629ms
[11.561s][info][gc,start    ] GC(110) Concurrent thread roots
[11.561s][info][gc,task     ] GC(110) Using 3 of 6 workers for Concurrent thread roots
[11.561s][info][gc          ] GC(110) Concurrent thread roots 0.217ms
[11.561s][info][gc,start    ] GC(110) Concurrent weak references
[11.561s][info][gc,task     ] GC(110) Using 3 of 6 workers for concurrent weak references
[11.561s][info][gc,ref      ] GC(110) Encountered references: Soft: 47, Weak: 146, Final: 0, Phantom: 3
[11.561s][info][gc,ref      ] GC(110) Discovered  references: Soft: 0, Weak: 45, Final: 0, Phantom: 2
[11.561s][info][gc,ref      ] GC(110) Enqueued    references: Soft: 0, Weak: 0, Final: 0, Phantom: 0
[11.561s][info][gc          ] GC(110) Concurrent weak references 0.135ms
[11.561s][info][gc,start    ] GC(110) Concurrent weak roots
[11.561s][info][gc,task     ] GC(110) Using 3 of 6 workers for concurrent weak root
[11.562s][info][gc          ] GC(110) Concurrent weak roots 0.552ms
[11.562s][info][gc,start    ] GC(110) Concurrent cleanup
[11.562s][info][gc          ] GC(110) Concurrent cleanup 772M->468M(1024M) 0.236ms
[11.562s][info][gc,ergo     ] GC(110) Free: 493M, Max: 512K regular, 213M humongous, Frag: 57% external, 0% internal; Reserve: 52720K, Max: 512K
[11.562s][info][gc,start    ] GC(110) Concurrent class unloading
[11.562s][info][gc,task     ] GC(110) Using 3 of 6 workers for concurrent class unloading
[11.564s][info][gc          ] GC(110) Concurrent class unloading 1.802ms
[11.564s][info][gc,start    ] GC(110) Concurrent strong roots
[11.564s][info][gc,task     ] GC(110) Using 3 of 6 workers for concurrent strong root
[11.564s][info][gc          ] GC(110) Concurrent strong roots 0.321ms
[11.564s][info][gc,start    ] GC(110) Concurrent evacuation
[11.564s][info][gc,task     ] GC(110) Using 3 of 6 workers for concurrent evacuation
[11.581s][info][gc          ] GC(110) Concurrent evacuation 16.233ms
[11.581s][info][gc,start    ] GC(110) Pause Init Update Refs
[11.581s][info][gc,ergo     ] GC(110) Pacer for Update Refs. Used: 572M, Free: 433M, Non-Taxable: 44397K, Alloc Tax Rate: 1.6x
[11.581s][info][gc          ] GC(110) Pause Init Update Refs 0.054ms
[11.581s][info][gc,start    ] GC(110) Concurrent update references
[11.581s][info][gc,task     ] GC(110) Using 3 of 6 workers for concurrent reference update
[11.585s][info][gc          ] GC(110) Concurrent update references 3.732ms
[11.585s][info][gc,start    ] GC(110) Concurrent update thread roots
[11.586s][info][gc          ] GC(110) Concurrent update thread roots 0.655ms
[11.586s][info][gc,start    ] GC(110) Pause Final Update Refs
[11.586s][info][gc,task     ] GC(110) Using 6 of 6 workers for final reference update
[11.586s][info][gc          ] GC(110) Pause Final Update Refs 0.384ms
[11.586s][info][gc,start    ] GC(110) Concurrent cleanup
[11.587s][info][gc          ] GC(110) Concurrent cleanup 596M->395M(1024M) 0.126ms
[11.587s][info][gc,ergo     ] Free: 575M, Max: 512K regular, 182M humongous, Frag: 68% external, 36% internal; Reserve: 52736K, Max: 512K
[11.587s][info][gc,stats    ] 
[11.587s][info][gc,stats    ] All times are wall-clock times, except per-root-class counters, that are sum over
[11.587s][info][gc,stats    ] all workers. Dividing the <total> over the root stage time estimates parallelism.
[11.587s][info][gc,stats    ] 
[11.587s][info][gc,stats    ] Concurrent Reset                   3523 us
[11.587s][info][gc,stats    ] Pause Init Mark (G)                 644 us
[11.587s][info][gc,stats    ] Pause Init Mark (N)                 310 us
[11.587s][info][gc,stats    ]   Update Region States              180 us
[11.587s][info][gc,stats    ] Concurrent Mark Roots               361 us, parallelism: 1.03x
[11.587s][info][gc,stats    ]   CMR: <total>                      373 us
[11.587s][info][gc,stats    ]   CMR: Thread Roots                 273 us, workers (us):  75, 101,  96, ---, ---, ---, 
[11.587s][info][gc,stats    ]   CMR: VM Strong Roots               12 us, workers (us):  11,   0,   0, ---, ---, ---, 
[11.587s][info][gc,stats    ]   CMR: CLDG Roots                    88 us, workers (us):  88, ---, ---, ---, ---, ---, 
[11.587s][info][gc,stats    ] Concurrent Marking                 2528 us
[11.587s][info][gc,stats    ] Pause Final Mark (G)                829 us
[11.587s][info][gc,stats    ] Pause Final Mark (N)                634 us
[11.587s][info][gc,stats    ]   Finish Mark                       358 us
[11.587s][info][gc,stats    ]   Update Region States               96 us
[11.587s][info][gc,stats    ]   Choose Collection Set              94 us
[11.587s][info][gc,stats    ]   Rebuild Free Set                   23 us
[11.587s][info][gc,stats    ] Concurrent Thread Roots             234 us, parallelism: 0.75x
[11.587s][info][gc,stats    ]   CTR: <total>                      175 us
[11.587s][info][gc,stats    ]   CTR: Thread Roots                 175 us, workers (us):  54,  53,  68, ---, ---, ---, 
[11.587s][info][gc,stats    ] Concurrent Weak References          139 us, parallelism: 0.15x
[11.587s][info][gc,stats    ]   CWRF: <total>                      20 us
[11.587s][info][gc,stats    ]   CWRF: Weak References              20 us, workers (us):  18,   2,   0, ---, ---, ---, 
[11.587s][info][gc,stats    ] Concurrent Weak Roots               587 us
[11.587s][info][gc,stats    ]   Roots                             393 us, parallelism: 1.42x
[11.587s][info][gc,stats    ]     CWR: <total>                    559 us
[11.587s][info][gc,stats    ]     CWR: Code Cache Roots           475 us, workers (us):   0, 225, 250, ---, ---, ---, 
[11.587s][info][gc,stats    ]     CWR: VM Weak Roots               67 us, workers (us):  34,  20,  13, ---, ---, ---, 
[11.587s][info][gc,stats    ]     CWR: CLDG Roots                  17 us, workers (us):  17, ---, ---, ---, ---, ---, 
[11.587s][info][gc,stats    ]   Rendezvous                        146 us
[11.587s][info][gc,stats    ] Concurrent Cleanup                  248 us
[11.587s][info][gc,stats    ] Concurrent Class Unloading         1945 us
[11.587s][info][gc,stats    ]   Unlink Stale                     1240 us
[11.587s][info][gc,stats    ]     System Dictionary                28 us
[11.587s][info][gc,stats    ]     Weak Class Links                  1 us
[11.587s][info][gc,stats    ]     Code Roots                     1208 us
[11.587s][info][gc,stats    ]   Rendezvous                        213 us
[11.587s][info][gc,stats    ]   Purge Unlinked                    326 us
[11.587s][info][gc,stats    ]     Code Roots                      299 us
[11.587s][info][gc,stats    ]     CLDG                             26 us
[11.587s][info][gc,stats    ]     Exception Caches                  1 us
[11.587s][info][gc,stats    ] Concurrent Strong Roots             367 us, parallelism: 0.27x
[11.587s][info][gc,stats    ]   CSR: <total>                       98 us
[11.587s][info][gc,stats    ]   CSR: VM Strong Roots               12 us, workers (us):  11,   1,   0, ---, ---, ---, 
[11.587s][info][gc,stats    ]   CSR: CLDG Roots                    87 us, workers (us):  87, ---, ---, ---, ---, ---, 
[11.587s][info][gc,stats    ] Concurrent Evacuation             16349 us
[11.587s][info][gc,stats    ] Pause Init Update Refs (G)          455 us
[11.587s][info][gc,stats    ] Pause Init Update Refs (N)           59 us
[11.587s][info][gc,stats    ]   Manage GCLABs                       7 us
[11.587s][info][gc,stats    ] Concurrent Update Refs             3885 us
[11.587s][info][gc,stats    ] Concurrent Update Thread Roots      709 us
[11.587s][info][gc,stats    ] Pause Final Update Refs (G)         694 us
[11.587s][info][gc,stats    ] Pause Final Update Refs (N)         404 us
[11.587s][info][gc,stats    ]   Update Region States              236 us
[11.587s][info][gc,stats    ]   Trash Collection Set               26 us
[11.587s][info][gc,stats    ]   Rebuild Free Set                   71 us
[11.587s][info][gc,stats    ] Concurrent Cleanup                  136 us
[11.587s][info][gc,stats    ] 
[11.587s][info][gc,stats    ] Allocation pacing accrued:
[11.587s][info][gc,stats    ]       0 of    92 ms (  0.0%): <total>
[11.587s][info][gc,stats    ]       0 of    92 ms (  0.0%): <average total>
[11.587s][info][gc,stats    ] 
[11.587s][info][gc,metaspace] Metaspace: 6358K(6528K)->6358K(6528K) NonClass: 5812K(5888K)->5812K(5888K) Class: 546K(640K)->546K(640K)
[11.587s][info][gc,ergo     ] Pacer for Idle. Initial: 20971K, Alloc Tax Rate: 1.0x
[11.649s][info][gc          ] Trigger: Average GC time (36.91 ms) is above the time for average allocation rate (4271 MB/s) to deplete free headroom (152M) (margin of error = 1.85)
[11.649s][info][gc,ergo     ] Free headroom: 203M (free) - 52428K (spike) - 0B (penalties) = 152M
[11.649s][info][gc,ergo     ] Free: 202M, Max: 512K regular, 182M humongous, Frag: 10% external, 13% internal; Reserve: 52736K, Max: 512K
[11.649s][info][gc,start    ] GC(111) Concurrent reset
[11.649s][info][gc,task     ] GC(111) Using 3 of 6 workers for concurrent reset
[11.649s][info][gc,ergo     ] GC(111) Pacer for Reset. Non-Taxable: 1024M
[11.652s][info][gc          ] GC(111) Concurrent reset 3.018ms
[11.653s][info][gc,start    ] GC(111) Pause Init Mark (unload classes)
[11.653s][info][gc,task     ] GC(111) Using 6 of 6 workers for init marking
[11.653s][info][gc,ergo     ] GC(111) Pacer for Mark. Expected Live: 196M, Free: 193M, Non-Taxable: 19784K, Alloc Tax Rate: 1.2x
[11.653s][info][gc          ] GC(111) Pause Init Mark (unload classes) 0.142ms
[11.653s][info][gc,start    ] GC(111) Concurrent marking roots
[11.653s][info][gc,task     ] GC(111) Using 3 of 6 workers for concurrent marking roots
[11.653s][info][gc          ] GC(111) Concurrent marking roots 0.273ms
[11.653s][info][gc,start    ] GC(111) Concurrent marking (unload classes)
[11.653s][info][gc,task     ] GC(111) Using 3 of 6 workers for concurrent marking
[11.657s][info][gc          ] GC(111) Concurrent marking (unload classes) 3.450ms
[11.657s][info][gc,start    ] GC(111) Pause Final Mark (unload classes)
[11.657s][info][gc,task     ] GC(111) Using 6 of 6 workers for final marking
[11.657s][info][gc,ergo     ] GC(111) Adaptive CSet Selection. Target Free: 145M, Actual Free: 544M, Max CSet: 43690K, Min Garbage: 0B
[11.657s][info][gc,ergo     ] GC(111) Collectable Garbage: 477M (84%), Immediate: 320M (56%), CSet: 156M (27%)
[11.657s][info][gc,ergo     ] GC(111) Pacer for Evacuation. Used CSet: 199M, Free: 506M, Non-Taxable: 51872K, Alloc Tax Rate: 1.1x
[11.657s][info][gc          ] GC(111) Pause Final Mark (unload classes) 0.647ms
[11.658s][info][gc,start    ] GC(111) Concurrent thread roots
[11.658s][info][gc,task     ] GC(111) Using 3 of 6 workers for Concurrent thread roots
[11.658s][info][gc          ] GC(111) Concurrent thread roots 0.182ms
[11.658s][info][gc,start    ] GC(111) Concurrent weak references
[11.658s][info][gc,task     ] GC(111) Using 3 of 6 workers for concurrent weak references
[11.658s][info][gc,ref      ] GC(111) Encountered references: Soft: 47, Weak: 146, Final: 0, Phantom: 3
[11.658s][info][gc,ref      ] GC(111) Discovered  references: Soft: 0, Weak: 48, Final: 0, Phantom: 2
[11.658s][info][gc,ref      ] GC(111) Enqueued    references: Soft: 0, Weak: 0, Final: 0, Phantom: 0
[11.658s][info][gc          ] GC(111) Concurrent weak references 0.119ms
[11.658s][info][gc,start    ] GC(111) Concurrent weak roots
[11.658s][info][gc,task     ] GC(111) Using 3 of 6 workers for concurrent weak root
[11.658s][info][gc          ] GC(111) Concurrent weak roots 0.355ms
[11.658s][info][gc,start    ] GC(111) Concurrent cleanup
[11.658s][info][gc          ] GC(111) Concurrent cleanup 786M->467M(1024M) 0.126ms
[11.658s][info][gc,ergo     ] GC(111) Free: 494M, Max: 512K regular, 193M humongous, Frag: 61% external, 0% internal; Reserve: 52722K, Max: 512K
[11.658s][info][gc,start    ] GC(111) Concurrent class unloading
[11.658s][info][gc,task     ] GC(111) Using 3 of 6 workers for concurrent class unloading
[11.660s][info][gc          ] GC(111) Concurrent class unloading 1.445ms
[11.660s][info][gc,start    ] GC(111) Concurrent strong roots
[11.660s][info][gc,task     ] GC(111) Using 3 of 6 workers for concurrent strong root
[11.660s][info][gc          ] GC(111) Concurrent strong roots 0.250ms
[11.660s][info][gc,start    ] GC(111) Concurrent evacuation
[11.660s][info][gc,task     ] GC(111) Using 3 of 6 workers for concurrent evacuation
[11.678s][info][gc          ] GC(111) Concurrent evacuation 17.393ms
[11.678s][info][gc,start    ] GC(111) Pause Init Update Refs
[11.678s][info][gc,ergo     ] GC(111) Pacer for Update Refs. Used: 579M, Free: 425M, Non-Taxable: 43537K, Alloc Tax Rate: 1.7x
[11.678s][info][gc          ] GC(111) Pause Init Update Refs 0.041ms
[11.678s][info][gc,start    ] GC(111) Concurrent update references
[11.678s][info][gc,task     ] GC(111) Using 3 of 6 workers for concurrent reference update
[11.681s][info][gc          ] GC(111) Concurrent update references 2.825ms
[11.681s][info][gc,start    ] GC(111) Concurrent update thread roots
[11.682s][info][gc          ] GC(111) Concurrent update thread roots 0.683ms
[11.682s][info][gc,start    ] GC(111) Pause Final Update Refs
[11.682s][info][gc,task     ] GC(111) Using 6 of 6 workers for final reference update
[11.682s][info][gc          ] GC(111) Pause Final Update Refs 0.298ms
[11.682s][info][gc,start    ] GC(111) Concurrent cleanup
[11.683s][info][gc          ] GC(111) Concurrent cleanup 603M->404M(1024M) 0.121ms
[11.683s][info][gc,ergo     ] Free: 567M, Max: 512K regular, 168M humongous, Frag: 70% external, 37% internal; Reserve: 52736K, Max: 512K
[11.683s][info][gc,stats    ] 
[11.683s][info][gc,stats    ] All times are wall-clock times, except per-root-class counters, that are sum over
[11.683s][info][gc,stats    ] all workers. Dividing the <total> over the root stage time estimates parallelism.
[11.683s][info][gc,stats    ] 
[11.683s][info][gc,stats    ] Concurrent Reset                   3108 us
[11.683s][info][gc,stats    ] Pause Init Mark (G)                 437 us
[11.683s][info][gc,stats    ] Pause Init Mark (N)                 147 us
[11.683s][info][gc,stats    ]   Update Region States               98 us
[11.683s][info][gc,stats    ] Concurrent Mark Roots               291 us, parallelism: 0.82x
[11.683s][info][gc,stats    ]   CMR: <total>                      238 us
[11.683s][info][gc,stats    ]   CMR: Thread Roots                 172 us, workers (us):  16,  99,  57, ---, ---, ---, 
[11.683s][info][gc,stats    ]   CMR: VM Strong Roots                9 us, workers (us):   9,   0,   0, ---, ---, ---, 
[11.683s][info][gc,stats    ]   CMR: CLDG Roots                    57 us, workers (us):  57, ---, ---, ---, ---, ---, 
[11.683s][info][gc,stats    ] Concurrent Marking                 3569 us
[11.683s][info][gc,stats    ] Pause Final Mark (G)                919 us
[11.683s][info][gc,stats    ] Pause Final Mark (N)                653 us
[11.683s][info][gc,stats    ]   Finish Mark                       349 us
[11.683s][info][gc,stats    ]   Update Region States               94 us
[11.683s][info][gc,stats    ]   Choose Collection Set             102 us
[11.683s][info][gc,stats    ]   Rebuild Free Set                   18 us
[11.683s][info][gc,stats    ] Concurrent Thread Roots             196 us, parallelism: 0.78x
[11.683s][info][gc,stats    ]   CTR: <total>                      154 us
[11.683s][info][gc,stats    ]   CTR: Thread Roots                 154 us, workers (us):  57,  47,  50, ---, ---, ---, 
[11.683s][info][gc,stats    ] Concurrent Weak References          123 us, parallelism: 0.10x
[11.683s][info][gc,stats    ]   CWRF: <total>                      12 us
[11.683s][info][gc,stats    ]   CWRF: Weak References              12 us, workers (us):   9,   3,   0, ---, ---, ---, 
[11.683s][info][gc,stats    ] Concurrent Weak Roots               370 us
[11.683s][info][gc,stats    ]   Roots                             253 us, parallelism: 1.09x
[11.683s][info][gc,stats    ]     CWR: <total>                    276 us
[11.683s][info][gc,stats    ]     CWR: Code Cache Roots           230 us, workers (us): 152,  77,   0, ---, ---, ---, 
[11.683s][info][gc,stats    ]     CWR: VM Weak Roots               36 us, workers (us):  25,  10,   1, ---, ---, ---, 
[11.683s][info][gc,stats    ]     CWR: CLDG Roots                  10 us, workers (us): ---,  10, ---, ---, ---, ---, 
[11.683s][info][gc,stats    ]   Rendezvous                         93 us
[11.683s][info][gc,stats    ] Concurrent Cleanup                  132 us
[11.683s][info][gc,stats    ] Concurrent Class Unloading         1537 us
[11.683s][info][gc,stats    ]   Unlink Stale                      955 us
[11.683s][info][gc,stats    ]     System Dictionary                13 us
[11.683s][info][gc,stats    ]     Weak Class Links                  1 us
[11.683s][info][gc,stats    ]     Code Roots                      939 us
[11.683s][info][gc,stats    ]   Rendezvous                        194 us
[11.683s][info][gc,stats    ]   Purge Unlinked                    279 us
[11.683s][info][gc,stats    ]     Code Roots                      252 us
[11.683s][info][gc,stats    ]     CLDG                             26 us
[11.683s][info][gc,stats    ]     Exception Caches                  1 us
[11.683s][info][gc,stats    ] Concurrent Strong Roots             269 us, parallelism: 0.26x
[11.683s][info][gc,stats    ]   CSR: <total>                       69 us
[11.683s][info][gc,stats    ]   CSR: VM Strong Roots                9 us, workers (us):   8,   0,   0, ---, ---, ---, 
[11.683s][info][gc,stats    ]   CSR: CLDG Roots                    60 us, workers (us):  60, ---, ---, ---, ---, ---, 
[11.683s][info][gc,stats    ] Concurrent Evacuation             17490 us
[11.683s][info][gc,stats    ] Pause Init Update Refs (G)          419 us
[11.683s][info][gc,stats    ] Pause Init Update Refs (N)           47 us
[11.683s][info][gc,stats    ]   Manage GCLABs                       7 us
[11.683s][info][gc,stats    ] Concurrent Update Refs             2955 us
[11.683s][info][gc,stats    ] Concurrent Update Thread Roots      731 us
[11.683s][info][gc,stats    ] Pause Final Update Refs (G)         625 us
[11.683s][info][gc,stats    ] Pause Final Update Refs (N)         311 us
[11.683s][info][gc,stats    ]   Update Region States              195 us
[11.683s][info][gc,stats    ]   Trash Collection Set               21 us
[11.683s][info][gc,stats    ]   Rebuild Free Set                   43 us
[11.683s][info][gc,stats    ] Concurrent Cleanup                  132 us
[11.683s][info][gc,stats    ] 
[11.683s][info][gc,stats    ] Allocation pacing accrued:
[11.683s][info][gc,stats    ]       0 of    96 ms (  0.0%): <total>
[11.683s][info][gc,stats    ]       0 of    96 ms (  0.0%): <average total>
[11.683s][info][gc,stats    ] 
[11.683s][info][gc,metaspace] Metaspace: 6358K(6528K)->6358K(6528K) NonClass: 5812K(5888K)->5812K(5888K) Class: 546K(640K)->546K(640K)
[11.683s][info][gc,ergo     ] Pacer for Idle. Initial: 20971K, Alloc Tax Rate: 1.0x
[11.749s][info][gc          ] Trigger: Average GC time (35.82 ms) is above the time for average allocation rate (4713 MB/s) to deplete free headroom (146M) (margin of error = 1.85)
[11.749s][info][gc,ergo     ] Free headroom: 198M (free) - 52428K (spike) - 0B (penalties) = 146M
[11.750s][info][gc,ergo     ] Free: 197M, Max: 512K regular, 168M humongous, Frag: 15% external, 14% internal; Reserve: 52736K, Max: 512K
[11.750s][info][gc,start    ] GC(112) Concurrent reset
[11.750s][info][gc,task     ] GC(112) Using 3 of 6 workers for concurrent reset
[11.750s][info][gc,ergo     ] GC(112) Pacer for Reset. Non-Taxable: 1024M
[11.753s][info][gc          ] GC(112) Concurrent reset 2.938ms
[11.753s][info][gc,start    ] GC(112) Pause Init Mark (unload classes)
[11.753s][info][gc,task     ] GC(112) Using 6 of 6 workers for init marking
[11.753s][info][gc,ergo     ] GC(112) Pacer for Mark. Expected Live: 196M, Free: 187M, Non-Taxable: 19180K, Alloc Tax Rate: 1.3x
[11.753s][info][gc          ] GC(112) Pause Init Mark (unload classes) 0.169ms
[11.753s][info][gc,start    ] GC(112) Concurrent marking roots
[11.753s][info][gc,task     ] GC(112) Using 3 of 6 workers for concurrent marking roots
[11.753s][info][gc          ] GC(112) Concurrent marking roots 0.316ms
[11.753s][info][gc,start    ] GC(112) Concurrent marking (unload classes)
[11.753s][info][gc,task     ] GC(112) Using 3 of 6 workers for concurrent marking
[11.756s][info][gc          ] GC(112) Concurrent marking (unload classes) 2.661ms
[11.756s][info][gc,start    ] GC(112) Pause Final Mark (unload classes)
[11.756s][info][gc,task     ] GC(112) Using 6 of 6 workers for final marking
[11.757s][info][gc,ergo     ] GC(112) Adaptive CSet Selection. Target Free: 145M, Actual Free: 530M, Max CSet: 43690K, Min Garbage: 0B
[11.757s][info][gc,ergo     ] GC(112) Collectable Garbage: 480M (83%), Immediate: 312M (54%), CSet: 168M (29%)
[11.757s][info][gc,ergo     ] GC(112) Pacer for Evacuation. Used CSet: 210M, Free: 492M, Non-Taxable: 50407K, Alloc Tax Rate: 1.1x
[11.757s][info][gc          ] GC(112) Pause Final Mark (unload classes) 0.794ms
[11.757s][info][gc,start    ] GC(112) Concurrent thread roots
[11.757s][info][gc,task     ] GC(112) Using 3 of 6 workers for Concurrent thread roots
[11.757s][info][gc          ] GC(112) Concurrent thread roots 0.189ms
[11.757s][info][gc,start    ] GC(112) Concurrent weak references
[11.757s][info][gc,task     ] GC(112) Using 3 of 6 workers for concurrent weak references
[11.758s][info][gc,ref      ] GC(112) Encountered references: Soft: 47, Weak: 146, Final: 0, Phantom: 3
[11.758s][info][gc,ref      ] GC(112) Discovered  references: Soft: 0, Weak: 39, Final: 0, Phantom: 2
[11.758s][info][gc,ref      ] GC(112) Enqueued    references: Soft: 0, Weak: 0, Final: 0, Phantom: 0
[11.758s][info][gc          ] GC(112) Concurrent weak references 0.080ms
[11.758s][info][gc,start    ] GC(112) Concurrent weak roots
[11.758s][info][gc,task     ] GC(112) Using 3 of 6 workers for concurrent weak root
[11.758s][info][gc          ] GC(112) Concurrent weak roots 0.458ms
[11.758s][info][gc,start    ] GC(112) Concurrent cleanup
[11.758s][info][gc          ] GC(112) Concurrent cleanup 793M->482M(1024M) 0.133ms
[11.758s][info][gc,ergo     ] GC(112) Free: 479M, Max: 512K regular, 188M humongous, Frag: 61% external, 0% internal; Reserve: 52722K, Max: 512K
[11.758s][info][gc,start    ] GC(112) Concurrent class unloading
[11.758s][info][gc,task     ] GC(112) Using 3 of 6 workers for concurrent class unloading
[11.759s][info][gc          ] GC(112) Concurrent class unloading 1.111ms
[11.759s][info][gc,start    ] GC(112) Concurrent strong roots
[11.759s][info][gc,task     ] GC(112) Using 3 of 6 workers for concurrent strong root
[11.760s][info][gc          ] GC(112) Concurrent strong roots 0.244ms
[11.760s][info][gc,start    ] GC(112) Concurrent evacuation
[11.760s][info][gc,task     ] GC(112) Using 3 of 6 workers for concurrent evacuation
[11.775s][info][gc          ] GC(112) Concurrent evacuation 15.595ms
[11.776s][info][gc,start    ] GC(112) Pause Init Update Refs
[11.776s][info][gc,ergo     ] GC(112) Pacer for Update Refs. Used: 582M, Free: 422M, Non-Taxable: 43250K, Alloc Tax Rate: 1.7x
[11.776s][info][gc          ] GC(112) Pause Init Update Refs 0.075ms
[11.776s][info][gc,start    ] GC(112) Concurrent update references
[11.776s][info][gc,task     ] GC(112) Using 3 of 6 workers for concurrent reference update
[11.780s][info][gc          ] GC(112) Concurrent update references 3.760ms
[11.780s][info][gc,start    ] GC(112) Concurrent update thread roots
[11.780s][info][gc          ] GC(112) Concurrent update thread roots 0.427ms
[11.780s][info][gc,start    ] GC(112) Pause Final Update Refs
[11.781s][info][gc,task     ] GC(112) Using 6 of 6 workers for final reference update
[11.781s][info][gc          ] GC(112) Pause Final Update Refs 0.251ms
[11.781s][info][gc,start    ] GC(112) Concurrent cleanup
[11.781s][info][gc          ] GC(112) Concurrent cleanup 608M->398M(1024M) 0.086ms
[11.781s][info][gc,ergo     ] Free: 573M, Max: 512K regular, 162M humongous, Frag: 72% external, 36% internal; Reserve: 52736K, Max: 512K
[11.781s][info][gc,stats    ] 
[11.781s][info][gc,stats    ] All times are wall-clock times, except per-root-class counters, that are sum over
[11.781s][info][gc,stats    ] all workers. Dividing the <total> over the root stage time estimates parallelism.
[11.781s][info][gc,stats    ] 
[11.781s][info][gc,stats    ] Concurrent Reset                   3050 us
[11.781s][info][gc,stats    ] Pause Init Mark (G)                 441 us
[11.781s][info][gc,stats    ] Pause Init Mark (N)                 177 us
[11.781s][info][gc,stats    ]   Update Region States              113 us
[11.781s][info][gc,stats    ] Concurrent Mark Roots               331 us, parallelism: 0.86x
[11.781s][info][gc,stats    ]   CMR: <total>                      284 us
[11.781s][info][gc,stats    ]   CMR: Thread Roots                 212 us, workers (us):  59,  74,  80, ---, ---, ---, 
[11.781s][info][gc,stats    ]   CMR: VM Strong Roots               12 us, workers (us):  11,   0,   1, ---, ---, ---, 
[11.781s][info][gc,stats    ]   CMR: CLDG Roots                    60 us, workers (us):  60, ---, ---, ---, ---, ---, 
[11.781s][info][gc,stats    ] Concurrent Marking                 2766 us
[11.781s][info][gc,stats    ] Pause Final Mark (G)               1117 us
[11.781s][info][gc,stats    ] Pause Final Mark (N)                800 us
[11.781s][info][gc,stats    ]   Finish Mark                       344 us
[11.781s][info][gc,stats    ]   Update Region States              257 us
[11.781s][info][gc,stats    ]   Choose Collection Set             117 us
[11.781s][info][gc,stats    ]   Rebuild Free Set                   19 us
[11.781s][info][gc,stats    ] Concurrent Thread Roots             203 us, parallelism: 0.78x
[11.781s][info][gc,stats    ]   CTR: <total>                      158 us
[11.781s][info][gc,stats    ]   CTR: Thread Roots                 158 us, workers (us):  59,  43,  57, ---, ---, ---, 
[11.781s][info][gc,stats    ] Concurrent Weak References           84 us, parallelism: 0.12x
[11.781s][info][gc,stats    ]   CWRF: <total>                      10 us
[11.781s][info][gc,stats    ]   CWRF: Weak References              10 us, workers (us):  10,   0,   0, ---, ---, ---, 
[11.781s][info][gc,stats    ] Concurrent Weak Roots               482 us
[11.781s][info][gc,stats    ]   Roots                             341 us, parallelism: 1.45x
[11.781s][info][gc,stats    ]     CWR: <total>                    494 us
[11.781s][info][gc,stats    ]     CWR: Code Cache Roots           437 us, workers (us): 226,   0, 211, ---, ---, ---, 
[11.781s][info][gc,stats    ]     CWR: VM Weak Roots               43 us, workers (us):  33,   9,   1, ---, ---, ---, 
[11.781s][info][gc,stats    ]     CWR: CLDG Roots                  14 us, workers (us): ---,  14, ---, ---, ---, ---, 
[11.781s][info][gc,stats    ]   Rendezvous                        107 us
[11.781s][info][gc,stats    ] Concurrent Cleanup                  141 us
[11.781s][info][gc,stats    ] Concurrent Class Unloading         1193 us
[11.781s][info][gc,stats    ]   Unlink Stale                      737 us
[11.781s][info][gc,stats    ]     System Dictionary                14 us
[11.781s][info][gc,stats    ]     Weak Class Links                  1 us
[11.781s][info][gc,stats    ]     Code Roots                      719 us
[11.781s][info][gc,stats    ]   Rendezvous                        165 us
[11.781s][info][gc,stats    ]   Purge Unlinked                    191 us
[11.781s][info][gc,stats    ]     Code Roots                      166 us
[11.781s][info][gc,stats    ]     CLDG                             24 us
[11.781s][info][gc,stats    ]     Exception Caches                  1 us
[11.781s][info][gc,stats    ] Concurrent Strong Roots             273 us, parallelism: 0.20x
[11.781s][info][gc,stats    ]   CSR: <total>                       54 us
[11.781s][info][gc,stats    ]   CSR: VM Strong Roots                6 us, workers (us):   6,   0,   0, ---, ---, ---, 
[11.781s][info][gc,stats    ]   CSR: CLDG Roots                    48 us, workers (us):  48, ---, ---, ---, ---, ---, 
[11.781s][info][gc,stats    ] Concurrent Evacuation             15771 us
[11.781s][info][gc,stats    ] Pause Init Update Refs (G)          434 us
[11.781s][info][gc,stats    ] Pause Init Update Refs (N)           81 us
[11.781s][info][gc,stats    ]   Manage GCLABs                       9 us
[11.781s][info][gc,stats    ] Concurrent Update Refs             3888 us
[11.781s][info][gc,stats    ] Concurrent Update Thread Roots      462 us
[11.781s][info][gc,stats    ] Pause Final Update Refs (G)         551 us
[11.781s][info][gc,stats    ] Pause Final Update Refs (N)         263 us
[11.781s][info][gc,stats    ]   Update Region States              165 us
[11.781s][info][gc,stats    ]   Trash Collection Set               15 us
[11.781s][info][gc,stats    ]   Rebuild Free Set                   40 us
[11.781s][info][gc,stats    ] Concurrent Cleanup                   93 us
[11.781s][info][gc,stats    ] 
[11.781s][info][gc,stats    ] Allocation pacing accrued:
[11.781s][info][gc,stats    ]       0 of    98 ms (  0.0%): <total>
[11.781s][info][gc,stats    ]       0 of    98 ms (  0.0%): <average total>
[11.781s][info][gc,stats    ] 
[11.781s][info][gc,metaspace] Metaspace: 6358K(6528K)->6358K(6528K) NonClass: 5812K(5888K)->5812K(5888K) Class: 546K(640K)->546K(640K)
[11.781s][info][gc,ergo     ] Pacer for Idle. Initial: 20971K, Alloc Tax Rate: 1.0x
[11.847s][info][gc          ] Trigger: Average GC time (35.11 ms) is above the time for average allocation rate (4713 MB/s) to deplete free headroom (158M) (margin of error = 1.85)
[11.847s][info][gc,ergo     ] Free headroom: 209M (free) - 52428K (spike) - 0B (penalties) = 158M
[11.847s][info][gc,ergo     ] Free: 208M, Max: 512K regular, 162M humongous, Frag: 22% external, 29% internal; Reserve: 52736K, Max: 512K
[11.847s][info][gc,start    ] GC(113) Concurrent reset
[11.847s][info][gc,task     ] GC(113) Using 3 of 6 workers for concurrent reset
[11.847s][info][gc,ergo     ] GC(113) Pacer for Reset. Non-Taxable: 1024M
[11.851s][info][gc          ] GC(113) Concurrent reset 3.578ms
[11.851s][info][gc,start    ] GC(113) Pause Init Mark (unload classes)
[11.851s][info][gc,task     ] GC(113) Using 6 of 6 workers for init marking
[11.851s][info][gc,ergo     ] GC(113) Pacer for Mark. Expected Live: 196M, Free: 195M, Non-Taxable: 20066K, Alloc Tax Rate: 1.2x
[11.851s][info][gc          ] GC(113) Pause Init Mark (unload classes) 0.192ms
[11.851s][info][gc,start    ] GC(113) Concurrent marking roots
[11.851s][info][gc,task     ] GC(113) Using 3 of 6 workers for concurrent marking roots
[11.852s][info][gc          ] GC(113) Concurrent marking roots 0.380ms
[11.852s][info][gc,start    ] GC(113) Concurrent marking (unload classes)
[11.852s][info][gc,task     ] GC(113) Using 3 of 6 workers for concurrent marking
[11.855s][info][gc          ] GC(113) Concurrent marking (unload classes) 3.469ms
[11.855s][info][gc,start    ] GC(113) Pause Final Mark (unload classes)
[11.855s][info][gc,task     ] GC(113) Using 6 of 6 workers for final marking
[11.856s][info][gc,ergo     ] GC(113) Adaptive CSet Selection. Target Free: 145M, Actual Free: 541M, Max CSet: 43690K, Min Garbage: 0B
[11.856s][info][gc,ergo     ] GC(113) Collectable Garbage: 471M (83%), Immediate: 313M (55%), CSet: 158M (28%)
[11.856s][info][gc,ergo     ] GC(113) Pacer for Evacuation. Used CSet: 200M, Free: 502M, Non-Taxable: 51454K, Alloc Tax Rate: 1.1x
[11.856s][info][gc          ] GC(113) Pause Final Mark (unload classes) 0.690ms
[11.856s][info][gc,start    ] GC(113) Concurrent thread roots
[11.856s][info][gc,task     ] GC(113) Using 3 of 6 workers for Concurrent thread roots
[11.856s][info][gc          ] GC(113) Concurrent thread roots 0.273ms
[11.856s][info][gc,start    ] GC(113) Concurrent weak references
[11.856s][info][gc,task     ] GC(113) Using 3 of 6 workers for concurrent weak references
[11.857s][info][gc,ref      ] GC(113) Encountered references: Soft: 47, Weak: 146, Final: 0, Phantom: 3
[11.857s][info][gc,ref      ] GC(113) Discovered  references: Soft: 0, Weak: 43, Final: 0, Phantom: 2
[11.857s][info][gc,ref      ] GC(113) Enqueued    references: Soft: 0, Weak: 0, Final: 0, Phantom: 0
[11.857s][info][gc          ] GC(113) Concurrent weak references 0.138ms
[11.857s][info][gc,start    ] GC(113) Concurrent weak roots
[11.857s][info][gc,task     ] GC(113) Using 3 of 6 workers for concurrent weak root
[11.857s][info][gc          ] GC(113) Concurrent weak roots 0.581ms
[11.857s][info][gc,start    ] GC(113) Concurrent cleanup
[11.857s][info][gc          ] GC(113) Concurrent cleanup 783M->472M(1024M) 0.233ms
[11.857s][info][gc,ergo     ] GC(113) Free: 489M, Max: 512K regular, 191M humongous, Frag: 61% external, 0% internal; Reserve: 52722K, Max: 512K
[11.858s][info][gc,start    ] GC(113) Concurrent class unloading
[11.858s][info][gc,task     ] GC(113) Using 3 of 6 workers for concurrent class unloading
[11.860s][info][gc          ] GC(113) Concurrent class unloading 2.250ms
[11.860s][info][gc,start    ] GC(113) Concurrent strong roots
[11.860s][info][gc,task     ] GC(113) Using 3 of 6 workers for concurrent strong root
[11.860s][info][gc          ] GC(113) Concurrent strong roots 0.226ms
[11.860s][info][gc,start    ] GC(113) Concurrent evacuation
[11.860s][info][gc,task     ] GC(113) Using 3 of 6 workers for concurrent evacuation
[11.878s][info][gc          ] GC(113) Concurrent evacuation 18.223ms
[11.879s][info][gc,start    ] GC(113) Pause Init Update Refs
[11.879s][info][gc,ergo     ] GC(113) Pacer for Update Refs. Used: 575M, Free: 429M, Non-Taxable: 44010K, Alloc Tax Rate: 1.6x
[11.879s][info][gc          ] GC(113) Pause Init Update Refs 0.080ms
[11.879s][info][gc,start    ] GC(113) Concurrent update references
[11.879s][info][gc,task     ] GC(113) Using 3 of 6 workers for concurrent reference update
[11.883s][info][gc          ] GC(113) Concurrent update references 3.734ms
[11.883s][info][gc,start    ] GC(113) Concurrent update thread roots
[11.884s][info][gc          ] GC(113) Concurrent update thread roots 0.659ms
[11.884s][info][gc,start    ] GC(113) Pause Final Update Refs
[11.884s][info][gc,task     ] GC(113) Using 6 of 6 workers for final reference update
[11.884s][info][gc          ] GC(113) Pause Final Update Refs 0.253ms
[11.884s][info][gc,start    ] GC(113) Concurrent cleanup
[11.884s][info][gc          ] GC(113) Concurrent cleanup 601M->401M(1024M) 0.081ms
[11.884s][info][gc,ergo     ] Free: 570M, Max: 512K regular, 163M humongous, Frag: 71% external, 37% internal; Reserve: 52736K, Max: 512K
[11.884s][info][gc,stats    ] 
[11.884s][info][gc,stats    ] All times are wall-clock times, except per-root-class counters, that are sum over
[11.884s][info][gc,stats    ] all workers. Dividing the <total> over the root stage time estimates parallelism.
[11.884s][info][gc,stats    ] 
[11.884s][info][gc,stats    ] Concurrent Reset                   3705 us
[11.884s][info][gc,stats    ] Pause Init Mark (G)                 509 us
[11.884s][info][gc,stats    ] Pause Init Mark (N)                 198 us
[11.884s][info][gc,stats    ]   Update Region States              121 us
[11.884s][info][gc,stats    ] Concurrent Mark Roots               402 us, parallelism: 0.89x
[11.884s][info][gc,stats    ]   CMR: <total>                      357 us
[11.884s][info][gc,stats    ]   CMR: Thread Roots                 262 us, workers (us):  21, 163,  78, ---, ---, ---, 
[11.884s][info][gc,stats    ]   CMR: VM Strong Roots               13 us, workers (us):  12,   1,   0, ---, ---, ---, 
[11.884s][info][gc,stats    ]   CMR: CLDG Roots                    82 us, workers (us):  82, ---, ---, ---, ---, ---, 
[11.884s][info][gc,stats    ] Concurrent Marking                 3583 us
[11.884s][info][gc,stats    ] Pause Final Mark (G)                931 us
[11.884s][info][gc,stats    ] Pause Final Mark (N)                695 us
[11.884s][info][gc,stats    ]   Finish Mark                       322 us
[11.884s][info][gc,stats    ]   Update Region States              169 us
[11.884s][info][gc,stats    ]   Choose Collection Set             120 us
[11.884s][info][gc,stats    ]   Rebuild Free Set                   21 us
[11.884s][info][gc,stats    ] Concurrent Thread Roots             298 us, parallelism: 0.84x
[11.884s][info][gc,stats    ]   CTR: <total>                      252 us
[11.884s][info][gc,stats    ]   CTR: Thread Roots                 252 us, workers (us): 157,  74,  22, ---, ---, ---, 
[11.884s][info][gc,stats    ] Concurrent Weak References          147 us, parallelism: 0.15x
[11.884s][info][gc,stats    ]   CWRF: <total>                      22 us
[11.884s][info][gc,stats    ]   CWRF: Weak References              22 us, workers (us):  21,   1,   0, ---, ---, ---, 
[11.884s][info][gc,stats    ] Concurrent Weak Roots               625 us
[11.884s][info][gc,stats    ]   Roots                             422 us, parallelism: 1.36x
[11.884s][info][gc,stats    ]     CWR: <total>                    575 us
[11.884s][info][gc,stats    ]     CWR: Code Cache Roots           484 us, workers (us): 274, 210,   0, ---, ---, ---, 
[11.884s][info][gc,stats    ]     CWR: VM Weak Roots               71 us, workers (us):  43,  24,   4, ---, ---, ---, 
[11.884s][info][gc,stats    ]     CWR: CLDG Roots                  20 us, workers (us): ---, ---,  20, ---, ---, ---, 
[11.884s][info][gc,stats    ]   Rendezvous                        141 us
[11.884s][info][gc,stats    ] Concurrent Cleanup                  248 us
[11.884s][info][gc,stats    ] Concurrent Class Unloading         2361 us
[11.884s][info][gc,stats    ]   Unlink Stale                     1402 us
[11.884s][info][gc,stats    ]     System Dictionary                27 us
[11.884s][info][gc,stats    ]     Weak Class Links                  1 us
[11.884s][info][gc,stats    ]     Code Roots                     1366 us
[11.884s][info][gc,stats    ]   Rendezvous                        582 us
[11.884s][info][gc,stats    ]   Purge Unlinked                    243 us
[11.884s][info][gc,stats    ]     Code Roots                      213 us
[11.884s][info][gc,stats    ]     CLDG                             29 us
[11.884s][info][gc,stats    ]     Exception Caches                  1 us
[11.884s][info][gc,stats    ] Concurrent Strong Roots             272 us, parallelism: 0.27x
[11.884s][info][gc,stats    ]   CSR: <total>                       73 us
[11.884s][info][gc,stats    ]   CSR: VM Strong Roots               10 us, workers (us):   9,   1,   0, ---, ---, ---, 
[11.884s][info][gc,stats    ]   CSR: CLDG Roots                    63 us, workers (us):  63, ---, ---, ---, ---, ---, 
[11.884s][info][gc,stats    ] Concurrent Evacuation             18345 us
[11.884s][info][gc,stats    ] Pause Init Update Refs (G)          468 us
[11.884s][info][gc,stats    ] Pause Init Update Refs (N)           90 us
[11.884s][info][gc,stats    ]   Manage GCLABs                      10 us
[11.884s][info][gc,stats    ] Concurrent Update Refs             3872 us
[11.884s][info][gc,stats    ] Concurrent Update Thread Roots      696 us
[11.884s][info][gc,stats    ] Pause Final Update Refs (G)         544 us
[11.884s][info][gc,stats    ] Pause Final Update Refs (N)         269 us
[11.884s][info][gc,stats    ]   Update Region States              150 us
[11.884s][info][gc,stats    ]   Trash Collection Set               20 us
[11.884s][info][gc,stats    ]   Rebuild Free Set                   47 us
[11.884s][info][gc,stats    ] Concurrent Cleanup                   88 us
[11.884s][info][gc,stats    ] 
[11.884s][info][gc,stats    ] Allocation pacing accrued:
[11.884s][info][gc,stats    ]       0 of   103 ms (  0.0%): <total>
[11.884s][info][gc,stats    ]       0 of   103 ms (  0.0%): <average total>
[11.884s][info][gc,stats    ] 
[11.884s][info][gc,metaspace] Metaspace: 6358K(6528K)->6358K(6528K) NonClass: 5812K(5888K)->5812K(5888K) Class: 546K(640K)->546K(640K)
[11.884s][info][gc,ergo     ] Pacer for Idle. Initial: 20971K, Alloc Tax Rate: 1.0x
[11.928s][info][gc          ] Trigger: Average GC time (39.61 ms) is above the time for average allocation rate (4714 MB/s) to deplete free headroom (185M) (margin of error = 1.86)
[11.928s][info][gc,ergo     ] Free headroom: 236M (free) - 52428K (spike) - 0B (penalties) = 185M
[11.928s][info][gc,ergo     ] Free: 235M, Max: 512K regular, 163M humongous, Frag: 31% external, 11% internal; Reserve: 52736K, Max: 512K
[11.929s][info][gc,start    ] GC(114) Concurrent reset
[11.929s][info][gc,task     ] GC(114) Using 3 of 6 workers for concurrent reset
[11.929s][info][gc,ergo     ] GC(114) Pacer for Reset. Non-Taxable: 1024M
[11.932s][info][gc          ] GC(114) Concurrent reset 3.156ms
[11.932s][info][gc,start    ] GC(114) Pause Init Mark (unload classes)
[11.932s][info][gc,task     ] GC(114) Using 6 of 6 workers for init marking
[11.932s][info][gc,ergo     ] GC(114) Pacer for Mark. Expected Live: 196M, Free: 228M, Non-Taxable: 23391K, Alloc Tax Rate: 1.0x
[11.932s][info][gc          ] GC(114) Pause Init Mark (unload classes) 0.187ms
[11.932s][info][gc,start    ] GC(114) Concurrent marking roots
[11.932s][info][gc,task     ] GC(114) Using 3 of 6 workers for concurrent marking roots
[11.933s][info][gc          ] GC(114) Concurrent marking roots 0.259ms
[11.933s][info][gc,start    ] GC(114) Concurrent marking (unload classes)
[11.933s][info][gc,task     ] GC(114) Using 3 of 6 workers for concurrent marking
[11.938s][info][gc          ] GC(114) Concurrent marking (unload classes) 5.472ms
[11.938s][info][gc,start    ] GC(114) Pause Final Mark (unload classes)
[11.938s][info][gc,task     ] GC(114) Using 6 of 6 workers for final marking
[11.939s][info][gc,ergo     ] GC(114) Adaptive CSet Selection. Target Free: 145M, Actual Free: 542M, Max CSet: 43690K, Min Garbage: 0B
[11.939s][info][gc,ergo     ] GC(114) Collectable Garbage: 440M (82%), Immediate: 280M (52%), CSet: 159M (29%)
[11.939s][info][gc,ergo     ] GC(114) Pacer for Evacuation. Used CSet: 202M, Free: 503M, Non-Taxable: 51579K, Alloc Tax Rate: 1.1x
[11.939s][info][gc          ] GC(114) Pause Final Mark (unload classes) 0.576ms
[11.939s][info][gc,start    ] GC(114) Concurrent thread roots
[11.939s][info][gc,task     ] GC(114) Using 3 of 6 workers for Concurrent thread roots
[11.939s][info][gc          ] GC(114) Concurrent thread roots 0.198ms
[11.939s][info][gc,start    ] GC(114) Concurrent weak references
[11.939s][info][gc,task     ] GC(114) Using 3 of 6 workers for concurrent weak references
[11.939s][info][gc,ref      ] GC(114) Encountered references: Soft: 47, Weak: 146, Final: 0, Phantom: 3
[11.939s][info][gc,ref      ] GC(114) Discovered  references: Soft: 0, Weak: 45, Final: 0, Phantom: 2
[11.939s][info][gc,ref      ] GC(114) Enqueued    references: Soft: 0, Weak: 0, Final: 0, Phantom: 0
[11.939s][info][gc          ] GC(114) Concurrent weak references 0.124ms
[11.939s][info][gc,start    ] GC(114) Concurrent weak roots
[11.939s][info][gc,task     ] GC(114) Using 3 of 6 workers for concurrent weak root
[11.940s][info][gc          ] GC(114) Concurrent weak roots 0.522ms
[11.940s][info][gc,start    ] GC(114) Concurrent cleanup
[11.940s][info][gc          ] GC(114) Concurrent cleanup 749M->470M(1024M) 0.233ms
[11.940s][info][gc,ergo     ] GC(114) Free: 491M, Max: 512K regular, 189M humongous, Frag: 62% external, 0% internal; Reserve: 52720K, Max: 512K
[11.940s][info][gc,start    ] GC(114) Concurrent class unloading
[11.940s][info][gc,task     ] GC(114) Using 3 of 6 workers for concurrent class unloading
[11.942s][info][gc          ] GC(114) Concurrent class unloading 1.548ms
[11.942s][info][gc,start    ] GC(114) Concurrent strong roots
[11.942s][info][gc,task     ] GC(114) Using 3 of 6 workers for concurrent strong root
[11.942s][info][gc          ] GC(114) Concurrent strong roots 0.381ms
[11.942s][info][gc,start    ] GC(114) Concurrent evacuation
[11.942s][info][gc,task     ] GC(114) Using 3 of 6 workers for concurrent evacuation
[11.962s][info][gc          ] GC(114) Concurrent evacuation 19.427ms
[11.962s][info][gc,start    ] GC(114) Pause Init Update Refs
[11.962s][info][gc,ergo     ] GC(114) Pacer for Update Refs. Used: 575M, Free: 429M, Non-Taxable: 43974K, Alloc Tax Rate: 1.6x
[11.962s][info][gc          ] GC(114) Pause Init Update Refs 0.092ms
[11.962s][info][gc,start    ] GC(114) Concurrent update references
[11.962s][info][gc,task     ] GC(114) Using 3 of 6 workers for concurrent reference update
[11.966s][info][gc          ] GC(114) Concurrent update references 3.633ms
[11.966s][info][gc,start    ] GC(114) Concurrent update thread roots
[11.967s][info][gc          ] GC(114) Concurrent update thread roots 0.443ms
[11.967s][info][gc,start    ] GC(114) Pause Final Update Refs
[11.967s][info][gc,task     ] GC(114) Using 6 of 6 workers for final reference update
[11.967s][info][gc          ] GC(114) Pause Final Update Refs 0.254ms
[11.967s][info][gc,start    ] GC(114) Concurrent cleanup
[11.967s][info][gc          ] GC(114) Concurrent cleanup 599M->398M(1024M) 0.078ms
[11.967s][info][gc,ergo     ] Free: 573M, Max: 512K regular, 162M humongous, Frag: 72% external, 37% internal; Reserve: 52736K, Max: 512K
[11.967s][info][gc,stats    ] 
[11.967s][info][gc,stats    ] All times are wall-clock times, except per-root-class counters, that are sum over
[11.967s][info][gc,stats    ] all workers. Dividing the <total> over the root stage time estimates parallelism.
[11.967s][info][gc,stats    ] 
[11.967s][info][gc,stats    ] Concurrent Reset                   3284 us
[11.967s][info][gc,stats    ] Pause Init Mark (G)                 454 us
[11.967s][info][gc,stats    ] Pause Init Mark (N)                 194 us
[11.967s][info][gc,stats    ]   Update Region States              121 us
[11.967s][info][gc,stats    ] Concurrent Mark Roots               271 us, parallelism: 1.11x
[11.967s][info][gc,stats    ]   CMR: <total>                      302 us
[11.967s][info][gc,stats    ]   CMR: Thread Roots                 230 us, workers (us):  72,  78,  81, ---, ---, ---, 
[11.967s][info][gc,stats    ]   CMR: VM Strong Roots                8 us, workers (us):   8,   0,   1, ---, ---, ---, 
[11.967s][info][gc,stats    ]   CMR: CLDG Roots                    63 us, workers (us):  63, ---, ---, ---, ---, ---, 
[11.967s][info][gc,stats    ] Concurrent Marking                 5672 us
[11.967s][info][gc,stats    ] Pause Final Mark (G)                843 us
[11.967s][info][gc,stats    ] Pause Final Mark (N)                582 us
[11.967s][info][gc,stats    ]   Finish Mark                       297 us
[11.967s][info][gc,stats    ]   Update Region States              121 us
[11.967s][info][gc,stats    ]   Choose Collection Set              87 us
[11.967s][info][gc,stats    ]   Rebuild Free Set                   19 us
[11.967s][info][gc,stats    ] Concurrent Thread Roots             211 us, parallelism: 0.81x
[11.967s][info][gc,stats    ]   CTR: <total>                      170 us
[11.967s][info][gc,stats    ]   CTR: Thread Roots                 170 us, workers (us):  90,  61,  19, ---, ---, ---, 
[11.967s][info][gc,stats    ] Concurrent Weak References          131 us, parallelism: 0.11x
[11.967s][info][gc,stats    ]   CWRF: <total>                      15 us
[11.967s][info][gc,stats    ]   CWRF: Weak References              15 us, workers (us):  15,   0,   0, ---, ---, ---, 
[11.967s][info][gc,stats    ] Concurrent Weak Roots               580 us
[11.967s][info][gc,stats    ]   Roots                             405 us, parallelism: 1.28x
[11.967s][info][gc,stats    ]     CWR: <total>                    517 us
[11.968s][info][gc,stats    ]     CWR: Code Cache Roots           364 us, workers (us): 171,   0, 192, ---, ---, ---, 
[11.968s][info][gc,stats    ]     CWR: VM Weak Roots              138 us, workers (us):  78,  33,  28, ---, ---, ---, 
[11.968s][info][gc,stats    ]     CWR: CLDG Roots                  15 us, workers (us): ---,  15, ---, ---, ---, ---, 
[11.968s][info][gc,stats    ]   Rendezvous                        103 us
[11.968s][info][gc,stats    ] Concurrent Cleanup                  252 us
[11.968s][info][gc,stats    ] Concurrent Class Unloading         1665 us
[11.968s][info][gc,stats    ]   Unlink Stale                     1128 us
[11.968s][info][gc,stats    ]     System Dictionary                17 us
[11.968s][info][gc,stats    ]     Weak Class Links                  1 us
[11.968s][info][gc,stats    ]     Code Roots                     1106 us
[11.968s][info][gc,stats    ]   Rendezvous                        143 us
[11.968s][info][gc,stats    ]   Purge Unlinked                    253 us
[11.968s][info][gc,stats    ]     Code Roots                      225 us
[11.968s][info][gc,stats    ]     CLDG                             28 us
[11.968s][info][gc,stats    ]     Exception Caches                  0 us
[11.968s][info][gc,stats    ] Concurrent Strong Roots             414 us, parallelism: 0.39x
[11.968s][info][gc,stats    ]   CSR: <total>                      160 us
[11.968s][info][gc,stats    ]   CSR: VM Strong Roots               15 us, workers (us):  14,   0,   0, ---, ---, ---, 
[11.968s][info][gc,stats    ]   CSR: CLDG Roots                   145 us, workers (us): 145, ---, ---, ---, ---, ---, 
[11.968s][info][gc,stats    ] Concurrent Evacuation             19649 us
[11.968s][info][gc,stats    ] Pause Init Update Refs (G)          397 us
[11.968s][info][gc,stats    ] Pause Init Update Refs (N)           99 us
[11.968s][info][gc,stats    ]   Manage GCLABs                       5 us
[11.968s][info][gc,stats    ] Concurrent Update Refs             3864 us
[11.968s][info][gc,stats    ] Concurrent Update Thread Roots      468 us
[11.968s][info][gc,stats    ] Pause Final Update Refs (G)         476 us
[11.968s][info][gc,stats    ] Pause Final Update Refs (N)         268 us
[11.968s][info][gc,stats    ]   Update Region States              170 us
[11.968s][info][gc,stats    ]   Trash Collection Set               14 us
[11.968s][info][gc,stats    ]   Rebuild Free Set                   37 us
[11.968s][info][gc,stats    ] Concurrent Cleanup                   85 us
[11.968s][info][gc,stats    ] 
[11.968s][info][gc,stats    ] Allocation pacing accrued:
[11.968s][info][gc,stats    ]       0 of    83 ms (  0.0%): <total>
[11.968s][info][gc,stats    ]       0 of    83 ms (  0.0%): <average total>
[11.968s][info][gc,stats    ] 
[11.968s][info][gc,metaspace] Metaspace: 6358K(6528K)->6358K(6528K) NonClass: 5812K(5888K)->5812K(5888K) Class: 546K(640K)->546K(640K)
[11.968s][info][gc,ergo     ] Pacer for Idle. Initial: 20971K, Alloc Tax Rate: 1.0x
[12.036s][info][gc          ] Trigger: Average GC time (41.84 ms) is above the time for average allocation rate (4552 MB/s) to deplete free headroom (189M) (margin of error = 1.86)
[12.036s][info][gc,ergo     ] Free headroom: 240M (free) - 52428K (spike) - 0B (penalties) = 189M
[12.036s][info][gc,ergo     ] Free: 239M, Max: 512K regular, 162M humongous, Frag: 32% external, 14% internal; Reserve: 52736K, Max: 512K
[12.036s][info][gc,start    ] GC(115) Concurrent reset
[12.036s][info][gc,task     ] GC(115) Using 3 of 6 workers for concurrent reset
[12.037s][info][gc,ergo     ] GC(115) Pacer for Reset. Non-Taxable: 1024M
[12.040s][info][gc          ] GC(115) Concurrent reset 3.625ms
[12.041s][info][gc,start    ] GC(115) Pause Init Mark (unload classes)
[12.041s][info][gc,task     ] GC(115) Using 6 of 6 workers for init marking
[12.041s][info][gc,ergo     ] GC(115) Pacer for Mark. Expected Live: 196M, Free: 229M, Non-Taxable: 23512K, Alloc Tax Rate: 1.0x
[12.041s][info][gc          ] GC(115) Pause Init Mark (unload classes) 0.323ms
[12.041s][info][gc,start    ] GC(115) Concurrent marking roots
[12.041s][info][gc,task     ] GC(115) Using 3 of 6 workers for concurrent marking roots
[12.041s][info][gc          ] GC(115) Concurrent marking roots 0.291ms
[12.041s][info][gc,start    ] GC(115) Concurrent marking (unload classes)
[12.041s][info][gc,task     ] GC(115) Using 3 of 6 workers for concurrent marking
[12.044s][info][gc          ] GC(115) Concurrent marking (unload classes) 2.678ms
[12.044s][info][gc,start    ] GC(115) Pause Final Mark (unload classes)
[12.045s][info][gc,task     ] GC(115) Using 6 of 6 workers for final marking
[12.045s][info][gc,ergo     ] GC(115) Adaptive CSet Selection. Target Free: 145M, Actual Free: 544M, Max CSet: 43690K, Min Garbage: 0B
[12.045s][info][gc,ergo     ] GC(115) Collectable Garbage: 441M (83%), Immediate: 281M (52%), CSet: 160M (30%)
[12.045s][info][gc,ergo     ] GC(115) Pacer for Evacuation. Used CSet: 203M, Free: 505M, Non-Taxable: 51717K, Alloc Tax Rate: 1.1x
[12.045s][info][gc          ] GC(115) Pause Final Mark (unload classes) 0.799ms
[12.045s][info][gc,start    ] GC(115) Concurrent thread roots
[12.045s][info][gc,task     ] GC(115) Using 3 of 6 workers for Concurrent thread roots
[12.046s][info][gc          ] GC(115) Concurrent thread roots 0.288ms
[12.046s][info][gc,start    ] GC(115) Concurrent weak references
[12.046s][info][gc,task     ] GC(115) Using 3 of 6 workers for concurrent weak references
[12.046s][info][gc,ref      ] GC(115) Encountered references: Soft: 47, Weak: 146, Final: 0, Phantom: 3
[12.046s][info][gc,ref      ] GC(115) Discovered  references: Soft: 0, Weak: 45, Final: 0, Phantom: 2
[12.046s][info][gc,ref      ] GC(115) Enqueued    references: Soft: 0, Weak: 0, Final: 0, Phantom: 0
[12.046s][info][gc          ] GC(115) Concurrent weak references 0.101ms
[12.046s][info][gc,start    ] GC(115) Concurrent weak roots
[12.046s][info][gc,task     ] GC(115) Using 3 of 6 workers for concurrent weak root
[12.046s][info][gc          ] GC(115) Concurrent weak roots 0.400ms
[12.046s][info][gc,start    ] GC(115) Concurrent cleanup
[12.046s][info][gc          ] GC(115) Concurrent cleanup 749M->469M(1024M) 0.162ms
[12.046s][info][gc,ergo     ] GC(115) Free: 492M, Max: 512K regular, 189M humongous, Frag: 62% external, 0% internal; Reserve: 52722K, Max: 512K
[12.046s][info][gc,start    ] GC(115) Concurrent class unloading
[12.046s][info][gc,task     ] GC(115) Using 3 of 6 workers for concurrent class unloading
[12.048s][info][gc          ] GC(115) Concurrent class unloading 1.295ms
[12.048s][info][gc,start    ] GC(115) Concurrent strong roots
[12.048s][info][gc,task     ] GC(115) Using 3 of 6 workers for concurrent strong root
[12.048s][info][gc          ] GC(115) Concurrent strong roots 0.243ms
[12.048s][info][gc,start    ] GC(115) Concurrent evacuation
[12.048s][info][gc,task     ] GC(115) Using 3 of 6 workers for concurrent evacuation
[12.066s][info][gc          ] GC(115) Concurrent evacuation 18.149ms
[12.066s][info][gc,start    ] GC(115) Pause Init Update Refs
[12.067s][info][gc,ergo     ] GC(115) Pacer for Update Refs. Used: 567M, Free: 437M, Non-Taxable: 44849K, Alloc Tax Rate: 1.6x
[12.067s][info][gc          ] GC(115) Pause Init Update Refs 0.038ms
[12.067s][info][gc,start    ] GC(115) Concurrent update references
[12.067s][info][gc,task     ] GC(115) Using 3 of 6 workers for concurrent reference update
[12.070s][info][gc          ] GC(115) Concurrent update references 3.665ms
[12.070s][info][gc,start    ] GC(115) Concurrent update thread roots
[12.071s][info][gc          ] GC(115) Concurrent update thread roots 0.732ms
[12.071s][info][gc,start    ] GC(115) Pause Final Update Refs
[12.071s][info][gc,task     ] GC(115) Using 6 of 6 workers for final reference update
[12.072s][info][gc          ] GC(115) Pause Final Update Refs 0.410ms
[12.072s][info][gc,start    ] GC(115) Concurrent cleanup
[12.072s][info][gc          ] GC(115) Concurrent cleanup 586M->384M(1024M) 0.155ms
[12.072s][info][gc,ergo     ] Free: 587M, Max: 512K regular, 163M humongous, Frag: 72% external, 35% internal; Reserve: 52736K, Max: 512K
[12.072s][info][gc,stats    ] 
[12.072s][info][gc,stats    ] All times are wall-clock times, except per-root-class counters, that are sum over
[12.072s][info][gc,stats    ] all workers. Dividing the <total> over the root stage time estimates parallelism.
[12.072s][info][gc,stats    ] 
[12.072s][info][gc,stats    ] Concurrent Reset                   3887 us
[12.072s][info][gc,stats    ] Pause Init Mark (G)                 768 us
[12.072s][info][gc,stats    ] Pause Init Mark (N)                 331 us
[12.072s][info][gc,stats    ]   Update Region States              182 us
[12.072s][info][gc,stats    ] Concurrent Mark Roots               319 us, parallelism: 0.89x
[12.072s][info][gc,stats    ]   CMR: <total>                      285 us
[12.072s][info][gc,stats    ]   CMR: Thread Roots                 216 us, workers (us):  55, 130,  30, ---, ---, ---, 
[12.072s][info][gc,stats    ]   CMR: VM Strong Roots                9 us, workers (us):   8,   0,   1, ---, ---, ---, 
[12.072s][info][gc,stats    ]   CMR: CLDG Roots                    61 us, workers (us):  61, ---, ---, ---, ---, ---, 
[12.072s][info][gc,stats    ] Concurrent Marking                 2782 us
[12.072s][info][gc,stats    ] Pause Final Mark (G)               1032 us
[12.072s][info][gc,stats    ] Pause Final Mark (N)                804 us
[12.072s][info][gc,stats    ]   Finish Mark                       309 us
[12.072s][info][gc,stats    ]   Update Region States               98 us
[12.072s][info][gc,stats    ]   Choose Collection Set             160 us
[12.072s][info][gc,stats    ]   Rebuild Free Set                   18 us
[12.072s][info][gc,stats    ] Concurrent Thread Roots             307 us, parallelism: 0.86x
[12.072s][info][gc,stats    ]   CTR: <total>                      265 us
[12.072s][info][gc,stats    ]   CTR: Thread Roots                 265 us, workers (us):  88,  82,  95, ---, ---, ---, 
[12.072s][info][gc,stats    ] Concurrent Weak References          108 us, parallelism: 0.19x
[12.072s][info][gc,stats    ]   CWRF: <total>                      20 us
[12.072s][info][gc,stats    ]   CWRF: Weak References              20 us, workers (us):  20,   0,   0, ---, ---, ---, 
[12.072s][info][gc,stats    ] Concurrent Weak Roots               417 us
[12.072s][info][gc,stats    ]   Roots                             285 us, parallelism: 1.27x
[12.072s][info][gc,stats    ]     CWR: <total>                    361 us
[12.072s][info][gc,stats    ]     CWR: Code Cache Roots           298 us, workers (us): 167,   0, 130, ---, ---, ---, 
[12.072s][info][gc,stats    ]     CWR: VM Weak Roots               49 us, workers (us):  35,  12,   1, ---, ---, ---, 
[12.072s][info][gc,stats    ]     CWR: CLDG Roots                  14 us, workers (us): ---,  14, ---, ---, ---, ---, 
[12.072s][info][gc,stats    ]   Rendezvous                        101 us
[12.072s][info][gc,stats    ] Concurrent Cleanup                  174 us
[12.072s][info][gc,stats    ] Concurrent Class Unloading         1389 us
[12.072s][info][gc,stats    ]   Unlink Stale                      840 us
[12.072s][info][gc,stats    ]     System Dictionary                11 us
[12.072s][info][gc,stats    ]     Weak Class Links                  1 us
[12.072s][info][gc,stats    ]     Code Roots                      827 us
[12.072s][info][gc,stats    ]   Rendezvous                        191 us
[12.072s][info][gc,stats    ]   Purge Unlinked                    248 us
[12.072s][info][gc,stats    ]     Code Roots                      219 us
[12.072s][info][gc,stats    ]     CLDG                             28 us
[12.072s][info][gc,stats    ]     Exception Caches                  1 us
[12.072s][info][gc,stats    ] Concurrent Strong Roots             281 us, parallelism: 0.30x
[12.072s][info][gc,stats    ]   CSR: <total>                       84 us
[12.072s][info][gc,stats    ]   CSR: VM Strong Roots               11 us, workers (us):  10,   1,   0, ---, ---, ---, 
[12.072s][info][gc,stats    ]   CSR: CLDG Roots                    73 us, workers (us):  73, ---, ---, ---, ---, ---, 
[12.072s][info][gc,stats    ] Concurrent Evacuation             18258 us
[12.072s][info][gc,stats    ] Pause Init Update Refs (G)          335 us
[12.072s][info][gc,stats    ] Pause Init Update Refs (N)           44 us
[12.073s][info][gc,stats    ]   Manage GCLABs                       8 us
[12.073s][info][gc,stats    ] Concurrent Update Refs             3800 us
[12.073s][info][gc,stats    ] Concurrent Update Thread Roots      801 us
[12.073s][info][gc,stats    ] Pause Final Update Refs (G)         730 us
[12.073s][info][gc,stats    ] Pause Final Update Refs (N)         432 us
[12.073s][info][gc,stats    ]   Update Region States              204 us
[12.073s][info][gc,stats    ]   Trash Collection Set               26 us
[12.073s][info][gc,stats    ]   Rebuild Free Set                   94 us
[12.073s][info][gc,stats    ] Concurrent Cleanup                  169 us
[12.073s][info][gc,stats    ] 
[12.073s][info][gc,stats    ] Allocation pacing accrued:
[12.073s][info][gc,stats    ]       0 of   105 ms (  0.0%): <total>
[12.073s][info][gc,stats    ]       0 of   105 ms (  0.0%): <average total>
[12.073s][info][gc,stats    ] 
[12.073s][info][gc,metaspace] Metaspace: 6358K(6528K)->6358K(6528K) NonClass: 5812K(5888K)->5812K(5888K) Class: 546K(640K)->546K(640K)
[12.073s][info][gc,ergo     ] Pacer for Idle. Initial: 20971K, Alloc Tax Rate: 1.0x
[12.123s][info][gc          ] Trigger: Average GC time (39.91 ms) is above the time for average allocation rate (4551 MB/s) to deplete free headroom (180M) (margin of error = 1.84)
[12.123s][info][gc,ergo     ] Free headroom: 231M (free) - 52428K (spike) - 0B (penalties) = 180M
[12.123s][info][gc,ergo     ] Free: 230M, Max: 512K regular, 163M humongous, Frag: 29% external, 11% internal; Reserve: 52736K, Max: 512K
[12.123s][info][gc,start    ] GC(116) Concurrent reset
[12.123s][info][gc,task     ] GC(116) Using 3 of 6 workers for concurrent reset
[12.123s][info][gc,ergo     ] GC(116) Pacer for Reset. Non-Taxable: 1024M
[12.126s][info][gc          ] GC(116) Concurrent reset 2.322ms
[12.126s][info][gc,start    ] GC(116) Pause Init Mark (unload classes)
[12.126s][info][gc,task     ] GC(116) Using 6 of 6 workers for init marking
[12.126s][info][gc,ergo     ] GC(116) Pacer for Mark. Expected Live: 196M, Free: 221M, Non-Taxable: 22677K, Alloc Tax Rate: 1.1x
[12.126s][info][gc          ] GC(116) Pause Init Mark (unload classes) 0.139ms
[12.126s][info][gc,start    ] GC(116) Concurrent marking roots
[12.126s][info][gc,task     ] GC(116) Using 3 of 6 workers for concurrent marking roots
[12.126s][info][gc          ] GC(116) Concurrent marking roots 0.203ms
[12.126s][info][gc,start    ] GC(116) Concurrent marking (unload classes)
[12.126s][info][gc,task     ] GC(116) Using 3 of 6 workers for concurrent marking
[12.128s][info][gc          ] GC(116) Concurrent marking (unload classes) 1.851ms
[12.128s][info][gc,start    ] GC(116) Pause Final Mark (unload classes)
[12.128s][info][gc,task     ] GC(116) Using 6 of 6 workers for final marking
[12.129s][info][gc,ergo     ] GC(116) Adaptive CSet Selection. Target Free: 145M, Actual Free: 538M, Max CSet: 43690K, Min Garbage: 0B
[12.129s][info][gc,ergo     ] GC(116) Collectable Garbage: 447M (82%), Immediate: 283M (52%), CSet: 164M (30%)
[12.129s][info][gc,ergo     ] GC(116) Pacer for Evacuation. Used CSet: 206M, Free: 499M, Non-Taxable: 51187K, Alloc Tax Rate: 1.1x
[12.129s][info][gc          ] GC(116) Pause Final Mark (unload classes) 0.420ms
[12.129s][info][gc,start    ] GC(116) Concurrent thread roots
[12.129s][info][gc,task     ] GC(116) Using 3 of 6 workers for Concurrent thread roots
[12.129s][info][gc          ] GC(116) Concurrent thread roots 0.145ms
[12.129s][info][gc,start    ] GC(116) Concurrent weak references
[12.129s][info][gc,task     ] GC(116) Using 3 of 6 workers for concurrent weak references
[12.129s][info][gc,ref      ] GC(116) Encountered references: Soft: 47, Weak: 146, Final: 0, Phantom: 3
[12.129s][info][gc,ref      ] GC(116) Discovered  references: Soft: 0, Weak: 48, Final: 0, Phantom: 2
[12.129s][info][gc,ref      ] GC(116) Enqueued    references: Soft: 0, Weak: 0, Final: 0, Phantom: 0
[12.129s][info][gc          ] GC(116) Concurrent weak references 0.102ms
[12.129s][info][gc,start    ] GC(116) Concurrent weak roots
[12.129s][info][gc,task     ] GC(116) Using 3 of 6 workers for concurrent weak root
[12.129s][info][gc          ] GC(116) Concurrent weak roots 0.298ms
[12.129s][info][gc,start    ] GC(116) Concurrent cleanup
[12.130s][info][gc          ] GC(116) Concurrent cleanup 756M->473M(1024M) 0.081ms
[12.130s][info][gc,ergo     ] GC(116) Free: 488M, Max: 512K regular, 226M humongous, Frag: 54% external, 0% internal; Reserve: 52736K, Max: 512K
[12.130s][info][gc,start    ] GC(116) Concurrent class unloading
[12.130s][info][gc,task     ] GC(116) Using 3 of 6 workers for concurrent class unloading
[12.130s][info][gc          ] GC(116) Concurrent class unloading 0.745ms
[12.130s][info][gc,start    ] GC(116) Concurrent strong roots
[12.130s][info][gc,task     ] GC(116) Using 3 of 6 workers for concurrent strong root
[12.130s][info][gc          ] GC(116) Concurrent strong roots 0.105ms
[12.130s][info][gc,start    ] GC(116) Concurrent evacuation
[12.130s][info][gc,task     ] GC(116) Using 3 of 6 workers for concurrent evacuation
[12.148s][info][gc          ] GC(116) Concurrent evacuation 17.788ms
[12.148s][info][gc,start    ] GC(116) Pause Init Update Refs
[12.149s][info][gc,ergo     ] GC(116) Pacer for Update Refs. Used: 575M, Free: 429M, Non-Taxable: 43960K, Alloc Tax Rate: 1.6x
[12.149s][info][gc          ] GC(116) Pause Init Update Refs 0.035ms
[12.149s][info][gc,start    ] GC(116) Concurrent update references
[12.149s][info][gc,task     ] GC(116) Using 3 of 6 workers for concurrent reference update
[12.152s][info][gc          ] GC(116) Concurrent update references 3.086ms
[12.152s][info][gc,start    ] GC(116) Concurrent update thread roots
[12.152s][info][gc          ] GC(116) Concurrent update thread roots 0.411ms
[12.152s][info][gc,start    ] GC(116) Pause Final Update Refs
[12.152s][info][gc,task     ] GC(116) Using 6 of 6 workers for final reference update
[12.153s][info][gc          ] GC(116) Pause Final Update Refs 0.201ms
[12.153s][info][gc,start    ] GC(116) Concurrent cleanup
[12.153s][info][gc          ] GC(116) Concurrent cleanup 600M->395M(1024M) 0.073ms
[12.153s][info][gc,ergo     ] Free: 577M, Max: 512K regular, 198M humongous, Frag: 66% external, 36% internal; Reserve: 52736K, Max: 512K
[12.153s][info][gc,stats    ] 
[12.153s][info][gc,stats    ] All times are wall-clock times, except per-root-class counters, that are sum over
[12.153s][info][gc,stats    ] all workers. Dividing the <total> over the root stage time estimates parallelism.
[12.153s][info][gc,stats    ] 
[12.153s][info][gc,stats    ] Concurrent Reset                   2403 us
[12.153s][info][gc,stats    ] Pause Init Mark (G)                 356 us
[12.153s][info][gc,stats    ] Pause Init Mark (N)                 143 us
[12.153s][info][gc,stats    ]   Update Region States               94 us
[12.153s][info][gc,stats    ] Concurrent Mark Roots               214 us, parallelism: 0.99x
[12.153s][info][gc,stats    ]   CMR: <total>                      213 us
[12.153s][info][gc,stats    ]   CMR: Thread Roots                 159 us, workers (us):  50,  61,  48, ---, ---, ---, 
[12.153s][info][gc,stats    ]   CMR: VM Strong Roots               10 us, workers (us):   9,   0,   0, ---, ---, ---, 
[12.153s][info][gc,stats    ]   CMR: CLDG Roots                    44 us, workers (us):  44, ---, ---, ---, ---, ---, 
[12.153s][info][gc,stats    ] Concurrent Marking                 1913 us
[12.153s][info][gc,stats    ] Pause Final Mark (G)                596 us
[12.153s][info][gc,stats    ] Pause Final Mark (N)                424 us
[12.153s][info][gc,stats    ]   Finish Mark                       228 us
[12.153s][info][gc,stats    ]   Update Region States               75 us
[12.153s][info][gc,stats    ]   Choose Collection Set              70 us
[12.153s][info][gc,stats    ]   Rebuild Free Set                   16 us
[12.153s][info][gc,stats    ] Concurrent Thread Roots             156 us, parallelism: 0.76x
[12.153s][info][gc,stats    ]   CTR: <total>                      119 us
[12.153s][info][gc,stats    ]   CTR: Thread Roots                 119 us, workers (us):  39,  35,  45, ---, ---, ---, 
[12.153s][info][gc,stats    ] Concurrent Weak References          106 us, parallelism: 0.12x
[12.153s][info][gc,stats    ]   CWRF: <total>                      12 us
[12.153s][info][gc,stats    ]   CWRF: Weak References              12 us, workers (us):  12,   0,   0, ---, ---, ---, 
[12.153s][info][gc,stats    ] Concurrent Weak Roots               308 us
[12.153s][info][gc,stats    ]   Roots                             224 us, parallelism: 1.30x
[12.153s][info][gc,stats    ]     CWR: <total>                    292 us
[12.153s][info][gc,stats    ]     CWR: Code Cache Roots           263 us, workers (us):   0, 145, 118, ---, ---, ---, 
[12.153s][info][gc,stats    ]     CWR: VM Weak Roots               21 us, workers (us):  18,   3,   0, ---, ---, ---, 
[12.153s][info][gc,stats    ]     CWR: CLDG Roots                   8 us, workers (us):   8, ---, ---, ---, ---, ---, 
[12.153s][info][gc,stats    ]   Rendezvous                         65 us
[12.153s][info][gc,stats    ] Concurrent Cleanup                   86 us
[12.153s][info][gc,stats    ] Concurrent Class Unloading          768 us
[12.153s][info][gc,stats    ]   Unlink Stale                      556 us
[12.153s][info][gc,stats    ]     System Dictionary                 5 us
[12.153s][info][gc,stats    ]     Weak Class Links                  0 us
[12.153s][info][gc,stats    ]     Code Roots                      550 us
[12.153s][info][gc,stats    ]   Rendezvous                         68 us
[12.153s][info][gc,stats    ]   Purge Unlinked                    112 us
[12.153s][info][gc,stats    ]     Code Roots                       95 us
[12.153s][info][gc,stats    ]     CLDG                             17 us
[12.153s][info][gc,stats    ]     Exception Caches                  0 us
[12.153s][info][gc,stats    ] Concurrent Strong Roots             118 us, parallelism: 0.27x
[12.153s][info][gc,stats    ]   CSR: <total>                       32 us
[12.153s][info][gc,stats    ]   CSR: VM Strong Roots                4 us, workers (us):   3,   0,   0, ---, ---, ---, 
[12.153s][info][gc,stats    ]   CSR: CLDG Roots                    28 us, workers (us):  28, ---, ---, ---, ---, ---, 
[12.153s][info][gc,stats    ] Concurrent Evacuation             17872 us
[12.153s][info][gc,stats    ] Pause Init Update Refs (G)          298 us
[12.153s][info][gc,stats    ] Pause Init Update Refs (N)           39 us
[12.153s][info][gc,stats    ]   Manage GCLABs                       4 us
[12.153s][info][gc,stats    ] Concurrent Update Refs             3188 us
[12.153s][info][gc,stats    ] Concurrent Update Thread Roots      433 us
[12.153s][info][gc,stats    ] Pause Final Update Refs (G)         406 us
[12.153s][info][gc,stats    ] Pause Final Update Refs (N)         212 us
[12.153s][info][gc,stats    ]   Update Region States              138 us
[12.153s][info][gc,stats    ]   Trash Collection Set               13 us
[12.153s][info][gc,stats    ]   Rebuild Free Set                   24 us
[12.153s][info][gc,stats    ] Concurrent Cleanup                   80 us
[12.153s][info][gc,stats    ] 
[12.153s][info][gc,stats    ] Allocation pacing accrued:
[12.153s][info][gc,stats    ]       0 of    80 ms (  0.0%): <total>
[12.153s][info][gc,stats    ]       0 of    80 ms (  0.0%): <average total>
[12.153s][info][gc,stats    ] 
[12.153s][info][gc,metaspace] Metaspace: 6358K(6528K)->6358K(6528K) NonClass: 5812K(5888K)->5812K(5888K) Class: 546K(640K)->546K(640K)
[12.153s][info][gc,ergo     ] Pacer for Idle. Initial: 20971K, Alloc Tax Rate: 1.0x
[12.195s][info][gc          ] Trigger: Average GC time (39.67 ms) is above the time for average allocation rate (4551 MB/s) to deplete free headroom (169M) (margin of error = 1.84)
[12.195s][info][gc,ergo     ] Free headroom: 220M (free) - 52428K (spike) - 0B (penalties) = 169M
[12.195s][info][gc,ergo     ] Free: 220M, Max: 512K regular, 198M humongous, Frag: 10% external, 6% internal; Reserve: 52736K, Max: 512K
[12.195s][info][gc,start    ] GC(117) Concurrent reset
[12.195s][info][gc,task     ] GC(117) Using 3 of 6 workers for concurrent reset
[12.195s][info][gc,ergo     ] GC(117) Pacer for Reset. Non-Taxable: 1024M
[12.199s][info][gc          ] GC(117) Concurrent reset 3.080ms
[12.199s][info][gc,start    ] GC(117) Pause Init Mark (unload classes)
[12.199s][info][gc,task     ] GC(117) Using 6 of 6 workers for init marking
[12.199s][info][gc,ergo     ] GC(117) Pacer for Mark. Expected Live: 196M, Free: 209M, Non-Taxable: 21478K, Alloc Tax Rate: 1.1x
[12.199s][info][gc          ] GC(117) Pause Init Mark (unload classes) 0.134ms
[12.199s][info][gc,start    ] GC(117) Concurrent marking roots
[12.199s][info][gc,task     ] GC(117) Using 3 of 6 workers for concurrent marking roots
[12.199s][info][gc          ] GC(117) Concurrent marking roots 0.248ms
[12.199s][info][gc,start    ] GC(117) Concurrent marking (unload classes)
[12.199s][info][gc,task     ] GC(117) Using 3 of 6 workers for concurrent marking
[12.202s][info][gc          ] GC(117) Concurrent marking (unload classes) 2.361ms
[12.202s][info][gc,start    ] GC(117) Pause Final Mark (unload classes)
[12.202s][info][gc,task     ] GC(117) Using 6 of 6 workers for final marking
[12.202s][info][gc,ergo     ] GC(117) Adaptive CSet Selection. Target Free: 145M, Actual Free: 539M, Max CSet: 43690K, Min Garbage: 0B
[12.202s][info][gc,ergo     ] GC(117) Collectable Garbage: 460M (83%), Immediate: 300M (54%), CSet: 160M (29%)
[12.202s][info][gc,ergo     ] GC(117) Pacer for Evacuation. Used CSet: 203M, Free: 500M, Non-Taxable: 51230K, Alloc Tax Rate: 1.1x
[12.202s][info][gc          ] GC(117) Pause Final Mark (unload classes) 0.440ms
[12.202s][info][gc,start    ] GC(117) Concurrent thread roots
[12.202s][info][gc,task     ] GC(117) Using 3 of 6 workers for Concurrent thread roots
[12.203s][info][gc          ] GC(117) Concurrent thread roots 0.217ms
[12.203s][info][gc,start    ] GC(117) Concurrent weak references
[12.203s][info][gc,task     ] GC(117) Using 3 of 6 workers for concurrent weak references
[12.203s][info][gc,ref      ] GC(117) Encountered references: Soft: 47, Weak: 146, Final: 0, Phantom: 3
[12.203s][info][gc,ref      ] GC(117) Discovered  references: Soft: 0, Weak: 56, Final: 0, Phantom: 2
[12.203s][info][gc,ref      ] GC(117) Enqueued    references: Soft: 0, Weak: 0, Final: 0, Phantom: 0
[12.203s][info][gc          ] GC(117) Concurrent weak references 0.125ms
[12.203s][info][gc,start    ] GC(117) Concurrent weak roots
[12.203s][info][gc,task     ] GC(117) Using 3 of 6 workers for concurrent weak root
[12.203s][info][gc          ] GC(117) Concurrent weak roots 0.433ms
[12.203s][info][gc,start    ] GC(117) Concurrent cleanup
[12.203s][info][gc          ] GC(117) Concurrent cleanup 772M->473M(1024M) 0.126ms
[12.203s][info][gc,ergo     ] GC(117) Free: 488M, Max: 512K regular, 210M humongous, Frag: 57% external, 0% internal; Reserve: 52722K, Max: 512K
[12.203s][info][gc,start    ] GC(117) Concurrent class unloading
[12.203s][info][gc,task     ] GC(117) Using 3 of 6 workers for concurrent class unloading
[12.204s][info][gc          ] GC(117) Concurrent class unloading 0.768ms
[12.204s][info][gc,start    ] GC(117) Concurrent strong roots
[12.204s][info][gc,task     ] GC(117) Using 3 of 6 workers for concurrent strong root
[12.204s][info][gc          ] GC(117) Concurrent strong roots 0.136ms
[12.204s][info][gc,start    ] GC(117) Concurrent evacuation
[12.204s][info][gc,task     ] GC(117) Using 3 of 6 workers for concurrent evacuation
[12.218s][info][gc          ] GC(117) Concurrent evacuation 13.990ms
[12.219s][info][gc,start    ] GC(117) Pause Init Update Refs
[12.219s][info][gc,ergo     ] GC(117) Pacer for Update Refs. Used: 569M, Free: 436M, Non-Taxable: 44653K, Alloc Tax Rate: 1.6x
[12.219s][info][gc          ] GC(117) Pause Init Update Refs 0.075ms
[12.219s][info][gc,start    ] GC(117) Concurrent update references
[12.219s][info][gc,task     ] GC(117) Using 3 of 6 workers for concurrent reference update
[12.222s][info][gc          ] GC(117) Concurrent update references 2.774ms
[12.222s][info][gc,start    ] GC(117) Concurrent update thread roots
[12.222s][info][gc          ] GC(117) Concurrent update thread roots 0.447ms
[12.222s][info][gc,start    ] GC(117) Pause Final Update Refs
[12.222s][info][gc,task     ] GC(117) Using 6 of 6 workers for final reference update
[12.222s][info][gc          ] GC(117) Pause Final Update Refs 0.194ms
[12.223s][info][gc,start    ] GC(117) Concurrent cleanup
[12.223s][info][gc          ] GC(117) Concurrent cleanup 591M->389M(1024M) 0.071ms
[12.223s][info][gc,ergo     ] Free: 582M, Max: 512K regular, 184M humongous, Frag: 68% external, 36% internal; Reserve: 52736K, Max: 512K
[12.223s][info][gc,stats    ] 
[12.223s][info][gc,stats    ] All times are wall-clock times, except per-root-class counters, that are sum over
[12.223s][info][gc,stats    ] all workers. Dividing the <total> over the root stage time estimates parallelism.
[12.223s][info][gc,stats    ] 
[12.223s][info][gc,stats    ] Concurrent Reset                   3154 us
[12.223s][info][gc,stats    ] Pause Init Mark (G)                 418 us
[12.223s][info][gc,stats    ] Pause Init Mark (N)                 139 us
[12.223s][info][gc,stats    ]   Update Region States               90 us
[12.223s][info][gc,stats    ] Concurrent Mark Roots               261 us, parallelism: 0.93x
[12.223s][info][gc,stats    ]   CMR: <total>                      241 us
[12.223s][info][gc,stats    ]   CMR: Thread Roots                 175 us, workers (us):  51,  66,  58, ---, ---, ---, 
[12.223s][info][gc,stats    ]   CMR: VM Strong Roots                9 us, workers (us):   9,   0,   0, ---, ---, ---, 
[12.223s][info][gc,stats    ]   CMR: CLDG Roots                    57 us, workers (us):  57, ---, ---, ---, ---, ---, 
[12.223s][info][gc,stats    ] Concurrent Marking                 2428 us
[12.223s][info][gc,stats    ] Pause Final Mark (G)                649 us
[12.223s][info][gc,stats    ] Pause Final Mark (N)                444 us
[12.223s][info][gc,stats    ]   Finish Mark                       241 us
[12.223s][info][gc,stats    ]   Update Region States               78 us
[12.223s][info][gc,stats    ]   Choose Collection Set              72 us
[12.223s][info][gc,stats    ]   Rebuild Free Set                   17 us
[12.223s][info][gc,stats    ] Concurrent Thread Roots             230 us, parallelism: 1.00x
[12.223s][info][gc,stats    ]   CTR: <total>                      230 us
[12.223s][info][gc,stats    ]   CTR: Thread Roots                 230 us, workers (us):  90,  67,  73, ---, ---, ---, 
[12.223s][info][gc,stats    ] Concurrent Weak References          129 us, parallelism: 0.12x
[12.223s][info][gc,stats    ]   CWRF: <total>                      16 us
[12.223s][info][gc,stats    ]   CWRF: Weak References              16 us, workers (us):  16,   0,   0, ---, ---, ---, 
[12.223s][info][gc,stats    ] Concurrent Weak Roots               446 us
[12.223s][info][gc,stats    ]   Roots                             299 us, parallelism: 1.23x
[12.223s][info][gc,stats    ]     CWR: <total>                    369 us
[12.223s][info][gc,stats    ]     CWR: Code Cache Roots           296 us, workers (us): 165, 130,   0, ---, ---, ---, 
[12.223s][info][gc,stats    ]     CWR: VM Weak Roots               57 us, workers (us):  32,  23,   2, ---, ---, ---, 
[12.223s][info][gc,stats    ]     CWR: CLDG Roots                  15 us, workers (us): ---, ---,  15, ---, ---, ---, 
[12.223s][info][gc,stats    ]   Rendezvous                        124 us
[12.223s][info][gc,stats    ] Concurrent Cleanup                  131 us
[12.223s][info][gc,stats    ] Concurrent Class Unloading          786 us
[12.223s][info][gc,stats    ]   Unlink Stale                      547 us
[12.223s][info][gc,stats    ]     System Dictionary                 5 us
[12.223s][info][gc,stats    ]     Weak Class Links                  0 us
[12.223s][info][gc,stats    ]     Code Roots                      541 us
[12.223s][info][gc,stats    ]   Rendezvous                         80 us
[12.223s][info][gc,stats    ]   Purge Unlinked                    133 us
[12.223s][info][gc,stats    ]     Code Roots                      109 us
[12.223s][info][gc,stats    ]     CLDG                             24 us
[12.223s][info][gc,stats    ]     Exception Caches                  0 us
[12.223s][info][gc,stats    ] Concurrent Strong Roots             145 us, parallelism: 0.29x
[12.223s][info][gc,stats    ]   CSR: <total>                       41 us
[12.223s][info][gc,stats    ]   CSR: VM Strong Roots                3 us, workers (us):   3,   0,   0, ---, ---, ---, 
[12.223s][info][gc,stats    ]   CSR: CLDG Roots                    38 us, workers (us):  38, ---, ---, ---, ---, ---, 
[12.223s][info][gc,stats    ] Concurrent Evacuation             14086 us
[12.223s][info][gc,stats    ] Pause Init Update Refs (G)          382 us
[12.223s][info][gc,stats    ] Pause Init Update Refs (N)           82 us
[12.223s][info][gc,stats    ]   Manage GCLABs                      11 us
[12.223s][info][gc,stats    ] Concurrent Update Refs             2881 us
[12.223s][info][gc,stats    ] Concurrent Update Thread Roots      464 us
[12.223s][info][gc,stats    ] Pause Final Update Refs (G)         482 us
[12.223s][info][gc,stats    ] Pause Final Update Refs (N)         205 us
[12.223s][info][gc,stats    ]   Update Region States              133 us
[12.223s][info][gc,stats    ]   Trash Collection Set               13 us
[12.223s][info][gc,stats    ]   Rebuild Free Set                   25 us
[12.223s][info][gc,stats    ] Concurrent Cleanup                   78 us
[12.223s][info][gc,stats    ] 
[12.223s][info][gc,stats    ] Allocation pacing accrued:
[12.223s][info][gc,stats    ]       0 of    70 ms (  0.0%): <total>
[12.223s][info][gc,stats    ]       0 of    70 ms (  0.0%): <average total>
[12.223s][info][gc,stats    ] 
[12.223s][info][gc,metaspace] Metaspace: 6358K(6528K)->6358K(6528K) NonClass: 5812K(5888K)->5812K(5888K) Class: 546K(640K)->546K(640K)
[12.223s][info][gc,ergo     ] Pacer for Idle. Initial: 20971K, Alloc Tax Rate: 1.0x
[12.266s][info][gc          ] Trigger: Average GC time (37.05 ms) is above the time for average allocation rate (4550 MB/s) to deplete free headroom (163M) (margin of error = 1.83)
[12.266s][info][gc,ergo     ] Free headroom: 214M (free) - 52428K (spike) - 0B (penalties) = 163M
[12.267s][info][gc,ergo     ] Free: 214M, Max: 512K regular, 184M humongous, Frag: 14% external, 17% internal; Reserve: 52736K, Max: 512K
[12.267s][info][gc,start    ] GC(118) Concurrent reset
[12.267s][info][gc,task     ] GC(118) Using 3 of 6 workers for concurrent reset
[12.267s][info][gc,ergo     ] GC(118) Pacer for Reset. Non-Taxable: 1024M
[12.269s][info][gc          ] GC(118) Concurrent reset 2.504ms
[12.269s][info][gc,start    ] GC(118) Pause Init Mark (unload classes)
[12.269s][info][gc,task     ] GC(118) Using 6 of 6 workers for init marking
[12.270s][info][gc,ergo     ] GC(118) Pacer for Mark. Expected Live: 196M, Free: 201M, Non-Taxable: 20672K, Alloc Tax Rate: 1.2x
[12.270s][info][gc          ] GC(118) Pause Init Mark (unload classes) 0.171ms
[12.270s][info][gc,start    ] GC(118) Concurrent marking roots
[12.270s][info][gc,task     ] GC(118) Using 3 of 6 workers for concurrent marking roots
[12.270s][info][gc          ] GC(118) Concurrent marking roots 0.222ms
[12.270s][info][gc,start    ] GC(118) Concurrent marking (unload classes)
[12.270s][info][gc,task     ] GC(118) Using 3 of 6 workers for concurrent marking
[12.272s][info][gc          ] GC(118) Concurrent marking (unload classes) 2.030ms
[12.272s][info][gc,start    ] GC(118) Pause Final Mark (unload classes)
[12.272s][info][gc,task     ] GC(118) Using 6 of 6 workers for final marking
[12.273s][info][gc,ergo     ] GC(118) Adaptive CSet Selection. Target Free: 145M, Actual Free: 544M, Max CSet: 43690K, Min Garbage: 0B
[12.273s][info][gc,ergo     ] GC(118) Collectable Garbage: 468M (83%), Immediate: 313M (56%), CSet: 155M (27%)
[12.273s][info][gc,ergo     ] GC(118) Pacer for Evacuation. Used CSet: 197M, Free: 505M, Non-Taxable: 51795K, Alloc Tax Rate: 1.1x
[12.273s][info][gc          ] GC(118) Pause Final Mark (unload classes) 0.560ms
[12.273s][info][gc,start    ] GC(118) Concurrent thread roots
[12.273s][info][gc,task     ] GC(118) Using 3 of 6 workers for Concurrent thread roots
[12.273s][info][gc          ] GC(118) Concurrent thread roots 0.155ms
[12.273s][info][gc,start    ] GC(118) Concurrent weak references
[12.273s][info][gc,task     ] GC(118) Using 3 of 6 workers for concurrent weak references
[12.273s][info][gc,ref      ] GC(118) Encountered references: Soft: 47, Weak: 146, Final: 0, Phantom: 3
[12.273s][info][gc,ref      ] GC(118) Discovered  references: Soft: 0, Weak: 53, Final: 0, Phantom: 2
[12.273s][info][gc,ref      ] GC(118) Enqueued    references: Soft: 0, Weak: 0, Final: 0, Phantom: 0
[12.273s][info][gc          ] GC(118) Concurrent weak references 0.071ms
[12.273s][info][gc,start    ] GC(118) Concurrent weak roots
[12.273s][info][gc,task     ] GC(118) Using 3 of 6 workers for concurrent weak root
[12.273s][info][gc          ] GC(118) Concurrent weak roots 0.374ms
[12.273s][info][gc,start    ] GC(118) Concurrent cleanup
[12.273s][info][gc          ] GC(118) Concurrent cleanup 779M->466M(1024M) 0.098ms
[12.273s][info][gc,ergo     ] GC(118) Free: 495M, Max: 512K regular, 203M humongous, Frag: 59% external, 0% internal; Reserve: 52722K, Max: 512K
[12.273s][info][gc,start    ] GC(118) Concurrent class unloading
[12.273s][info][gc,task     ] GC(118) Using 3 of 6 workers for concurrent class unloading
[12.274s][info][gc          ] GC(118) Concurrent class unloading 0.908ms
[12.274s][info][gc,start    ] GC(118) Concurrent strong roots
[12.274s][info][gc,task     ] GC(118) Using 3 of 6 workers for concurrent strong root
[12.275s][info][gc          ] GC(118) Concurrent strong roots 0.127ms
[12.275s][info][gc,start    ] GC(118) Concurrent evacuation
[12.275s][info][gc,task     ] GC(118) Using 3 of 6 workers for concurrent evacuation
[12.288s][info][gc          ] GC(118) Concurrent evacuation 13.885ms
[12.289s][info][gc,start    ] GC(118) Pause Init Update Refs
[12.289s][info][gc,ergo     ] GC(118) Pacer for Update Refs. Used: 566M, Free: 439M, Non-Taxable: 45011K, Alloc Tax Rate: 1.6x
[12.289s][info][gc          ] GC(118) Pause Init Update Refs 0.094ms
[12.289s][info][gc,start    ] GC(118) Concurrent update references
[12.289s][info][gc,task     ] GC(118) Using 3 of 6 workers for concurrent reference update
[12.293s][info][gc          ] GC(118) Concurrent update references 3.558ms
[12.293s][info][gc,start    ] GC(118) Concurrent update thread roots
[12.293s][info][gc          ] GC(118) Concurrent update thread roots 0.474ms
[12.293s][info][gc,start    ] GC(118) Pause Final Update Refs
[12.293s][info][gc,task     ] GC(118) Using 6 of 6 workers for final reference update
[12.294s][info][gc          ] GC(118) Pause Final Update Refs 0.255ms
[12.294s][info][gc,start    ] GC(118) Concurrent cleanup
[12.294s][info][gc          ] GC(118) Concurrent cleanup 589M->392M(1024M) 0.079ms
[12.294s][info][gc,ergo     ] Free: 579M, Max: 512K regular, 176M humongous, Frag: 70% external, 36% internal; Reserve: 52736K, Max: 512K
[12.294s][info][gc,stats    ] 
[12.294s][info][gc,stats    ] All times are wall-clock times, except per-root-class counters, that are sum over
[12.294s][info][gc,stats    ] all workers. Dividing the <total> over the root stage time estimates parallelism.
[12.294s][info][gc,stats    ] 
[12.294s][info][gc,stats    ] Concurrent Reset                   2598 us
[12.294s][info][gc,stats    ] Pause Init Mark (G)                 426 us
[12.294s][info][gc,stats    ] Pause Init Mark (N)                 176 us
[12.294s][info][gc,stats    ]   Update Region States              107 us
[12.294s][info][gc,stats    ] Concurrent Mark Roots               233 us, parallelism: 1.11x
[12.294s][info][gc,stats    ]   CMR: <total>                      258 us
[12.294s][info][gc,stats    ]   CMR: Thread Roots                 184 us, workers (us):  11, 108,  64, ---, ---, ---, 
[12.294s][info][gc,stats    ]   CMR: VM Strong Roots               10 us, workers (us):   7,   3,   0, ---, ---, ---, 
[12.294s][info][gc,stats    ]   CMR: CLDG Roots                    64 us, workers (us):  64, ---, ---, ---, ---, ---, 
[12.294s][info][gc,stats    ] Concurrent Marking                 2091 us
[12.294s][info][gc,stats    ] Pause Final Mark (G)                797 us
[12.294s][info][gc,stats    ] Pause Final Mark (N)                564 us
[12.294s][info][gc,stats    ]   Finish Mark                       305 us
[12.294s][info][gc,stats    ]   Update Region States               93 us
[12.294s][info][gc,stats    ]   Choose Collection Set             106 us
[12.294s][info][gc,stats    ]   Rebuild Free Set                   18 us
[12.294s][info][gc,stats    ] Concurrent Thread Roots             166 us, parallelism: 0.90x
[12.294s][info][gc,stats    ]   CTR: <total>                      149 us
[12.294s][info][gc,stats    ]   CTR: Thread Roots                 149 us, workers (us):  52,  46,  51, ---, ---, ---, 
[12.294s][info][gc,stats    ] Concurrent Weak References           74 us, parallelism: 0.14x
[12.294s][info][gc,stats    ]   CWRF: <total>                      10 us
[12.294s][info][gc,stats    ]   CWRF: Weak References              10 us, workers (us):  10,   0,   0, ---, ---, ---, 
[12.294s][info][gc,stats    ] Concurrent Weak Roots               389 us
[12.294s][info][gc,stats    ]   Roots                             278 us, parallelism: 1.16x
[12.294s][info][gc,stats    ]     CWR: <total>                    323 us
[12.294s][info][gc,stats    ]     CWR: Code Cache Roots           279 us, workers (us):   0, 171, 109, ---, ---, ---, 
[12.294s][info][gc,stats    ]     CWR: VM Weak Roots               34 us, workers (us):  24,   9,   1, ---, ---, ---, 
[12.294s][info][gc,stats    ]     CWR: CLDG Roots                  10 us, workers (us):  10, ---, ---, ---, ---, ---, 
[12.294s][info][gc,stats    ]   Rendezvous                         87 us
[12.294s][info][gc,stats    ] Concurrent Cleanup                  105 us
[12.294s][info][gc,stats    ] Concurrent Class Unloading          955 us
[12.294s][info][gc,stats    ]   Unlink Stale                      660 us
[12.294s][info][gc,stats    ]     System Dictionary                 9 us
[12.294s][info][gc,stats    ]     Weak Class Links                  1 us
[12.294s][info][gc,stats    ]     Code Roots                      649 us
[12.294s][info][gc,stats    ]   Rendezvous                         91 us
[12.294s][info][gc,stats    ]   Purge Unlinked                    145 us
[12.294s][info][gc,stats    ]     Code Roots                      121 us
[12.294s][info][gc,stats    ]     CLDG                             23 us
[12.294s][info][gc,stats    ]     Exception Caches                  1 us
[12.294s][info][gc,stats    ] Concurrent Strong Roots             141 us, parallelism: 0.29x
[12.294s][info][gc,stats    ]   CSR: <total>                       40 us
[12.294s][info][gc,stats    ]   CSR: VM Strong Roots                5 us, workers (us):   5,   0,   0, ---, ---, ---, 
[12.294s][info][gc,stats    ]   CSR: CLDG Roots                    35 us, workers (us):  35, ---, ---, ---, ---, ---, 
[12.294s][info][gc,stats    ] Concurrent Evacuation             14024 us
[12.294s][info][gc,stats    ] Pause Init Update Refs (G)          437 us
[12.294s][info][gc,stats    ] Pause Init Update Refs (N)          103 us
[12.294s][info][gc,stats    ]   Manage GCLABs                      35 us
[12.294s][info][gc,stats    ] Concurrent Update Refs             3665 us
[12.294s][info][gc,stats    ] Concurrent Update Thread Roots      518 us
[12.294s][info][gc,stats    ] Pause Final Update Refs (G)         543 us
[12.294s][info][gc,stats    ] Pause Final Update Refs (N)         266 us
[12.294s][info][gc,stats    ]   Update Region States              162 us
[12.294s][info][gc,stats    ]   Trash Collection Set               14 us
[12.294s][info][gc,stats    ]   Rebuild Free Set                   46 us
[12.294s][info][gc,stats    ] Concurrent Cleanup                   86 us
[12.294s][info][gc,stats    ] 
[12.294s][info][gc,stats    ] Allocation pacing accrued:
[12.294s][info][gc,stats    ]       0 of    71 ms (  0.0%): <total>
[12.294s][info][gc,stats    ]       0 of    71 ms (  0.0%): <average total>
[12.294s][info][gc,stats    ] 
[12.294s][info][gc,metaspace] Metaspace: 6358K(6528K)->6358K(6528K) NonClass: 5812K(5888K)->5812K(5888K) Class: 546K(640K)->546K(640K)
[12.294s][info][gc,ergo     ] Pacer for Idle. Initial: 20971K, Alloc Tax Rate: 1.0x
[12.337s][info][gc          ] Trigger: Average GC time (34.22 ms) is above the time for average allocation rate (4550 MB/s) to deplete free headroom (152M) (margin of error = 1.83)
[12.337s][info][gc,ergo     ] Free headroom: 203M (free) - 52428K (spike) - 0B (penalties) = 152M
[12.337s][info][gc,ergo     ] Free: 202M, Max: 512K regular, 176M humongous, Frag: 13% external, 10% internal; Reserve: 52736K, Max: 512K
[12.337s][info][gc,start    ] GC(119) Concurrent reset
[12.337s][info][gc,task     ] GC(119) Using 3 of 6 workers for concurrent reset
[12.337s][info][gc,ergo     ] GC(119) Pacer for Reset. Non-Taxable: 1024M
[12.341s][info][gc          ] GC(119) Concurrent reset 3.546ms
[12.341s][info][gc,start    ] GC(119) Pause Init Mark (unload classes)
[12.341s][info][gc,task     ] GC(119) Using 6 of 6 workers for init marking
[12.341s][info][gc,ergo     ] GC(119) Pacer for Mark. Expected Live: 196M, Free: 191M, Non-Taxable: 19581K, Alloc Tax Rate: 1.3x
[12.341s][info][gc          ] GC(119) Pause Init Mark (unload classes) 0.210ms
[12.341s][info][gc,start    ] GC(119) Concurrent marking roots
[12.342s][info][gc,task     ] GC(119) Using 3 of 6 workers for concurrent marking roots
[12.342s][info][gc          ] GC(119) Concurrent marking roots 0.302ms
[12.342s][info][gc,start    ] GC(119) Concurrent marking (unload classes)
[12.342s][info][gc,task     ] GC(119) Using 3 of 6 workers for concurrent marking
[12.344s][info][gc          ] GC(119) Concurrent marking (unload classes) 2.642ms
[12.345s][info][gc,start    ] GC(119) Pause Final Mark (unload classes)
[12.345s][info][gc,task     ] GC(119) Using 6 of 6 workers for final marking
[12.345s][info][gc,ergo     ] GC(119) Adaptive CSet Selection. Target Free: 145M, Actual Free: 542M, Max CSet: 43690K, Min Garbage: 0B
[12.345s][info][gc,ergo     ] GC(119) Collectable Garbage: 475M (83%), Immediate: 318M (56%), CSet: 156M (27%)
[12.345s][info][gc,ergo     ] GC(119) Pacer for Evacuation. Used CSet: 198M, Free: 503M, Non-Taxable: 51587K, Alloc Tax Rate: 1.1x
[12.345s][info][gc          ] GC(119) Pause Final Mark (unload classes) 0.576ms
[12.345s][info][gc,start    ] GC(119) Concurrent thread roots
[12.345s][info][gc,task     ] GC(119) Using 3 of 6 workers for Concurrent thread roots
[12.346s][info][gc          ] GC(119) Concurrent thread roots 0.190ms
[12.346s][info][gc,start    ] GC(119) Concurrent weak references
[12.346s][info][gc,task     ] GC(119) Using 3 of 6 workers for concurrent weak references
[12.346s][info][gc,ref      ] GC(119) Encountered references: Soft: 47, Weak: 146, Final: 0, Phantom: 3
[12.346s][info][gc,ref      ] GC(119) Discovered  references: Soft: 0, Weak: 51, Final: 0, Phantom: 2
[12.346s][info][gc,ref      ] GC(119) Enqueued    references: Soft: 0, Weak: 0, Final: 0, Phantom: 0
[12.346s][info][gc          ] GC(119) Concurrent weak references 0.132ms
[12.346s][info][gc,start    ] GC(119) Concurrent weak roots
[12.346s][info][gc,task     ] GC(119) Using 3 of 6 workers for concurrent weak root
[12.346s][info][gc          ] GC(119) Concurrent weak roots 0.452ms
[12.346s][info][gc,start    ] GC(119) Concurrent cleanup
[12.346s][info][gc          ] GC(119) Concurrent cleanup 789M->471M(1024M) 0.154ms
[12.346s][info][gc,ergo     ] GC(119) Free: 490M, Max: 512K regular, 194M humongous, Frag: 61% external, 0% internal; Reserve: 52722K, Max: 512K
[12.346s][info][gc,start    ] GC(119) Concurrent class unloading
[12.346s][info][gc,task     ] GC(119) Using 3 of 6 workers for concurrent class unloading
[12.348s][info][gc          ] GC(119) Concurrent class unloading 1.128ms
[12.348s][info][gc,start    ] GC(119) Concurrent strong roots
[12.348s][info][gc,task     ] GC(119) Using 3 of 6 workers for concurrent strong root
[12.348s][info][gc          ] GC(119) Concurrent strong roots 0.191ms
[12.348s][info][gc,start    ] GC(119) Concurrent evacuation
[12.348s][info][gc,task     ] GC(119) Using 3 of 6 workers for concurrent evacuation
[12.361s][info][gc          ] GC(119) Concurrent evacuation 13.069ms
[12.361s][info][gc,start    ] GC(119) Pause Init Update Refs
[12.361s][info][gc,ergo     ] GC(119) Pacer for Update Refs. Used: 572M, Free: 432M, Non-Taxable: 44326K, Alloc Tax Rate: 1.6x
[12.361s][info][gc          ] GC(119) Pause Init Update Refs 0.040ms
[12.361s][info][gc,start    ] GC(119) Concurrent update references
[12.361s][info][gc,task     ] GC(119) Using 3 of 6 workers for concurrent reference update
[12.364s][info][gc          ] GC(119) Concurrent update references 2.636ms
[12.364s][info][gc,start    ] GC(119) Concurrent update thread roots
[12.364s][info][gc          ] GC(119) Concurrent update thread roots 0.402ms
[12.365s][info][gc,start    ] GC(119) Pause Final Update Refs
[12.365s][info][gc,task     ] GC(119) Using 6 of 6 workers for final reference update
[12.365s][info][gc          ] GC(119) Pause Final Update Refs 0.187ms
[12.365s][info][gc,start    ] GC(119) Concurrent cleanup
[12.365s][info][gc          ] GC(119) Concurrent cleanup 595M->398M(1024M) 0.099ms
[12.365s][info][gc,ergo     ] Free: 573M, Max: 512K regular, 166M humongous, Frag: 71% external, 36% internal; Reserve: 52736K, Max: 512K
[12.365s][info][gc,stats    ] 
[12.365s][info][gc,stats    ] All times are wall-clock times, except per-root-class counters, that are sum over
[12.365s][info][gc,stats    ] all workers. Dividing the <total> over the root stage time estimates parallelism.
[12.365s][info][gc,stats    ] 
[12.365s][info][gc,stats    ] Concurrent Reset                   3672 us
[12.365s][info][gc,stats    ] Pause Init Mark (G)                 526 us
[12.365s][info][gc,stats    ] Pause Init Mark (N)                 215 us
[12.365s][info][gc,stats    ]   Update Region States              139 us
[12.365s][info][gc,stats    ] Concurrent Mark Roots               317 us, parallelism: 0.99x
[12.365s][info][gc,stats    ]   CMR: <total>                      313 us
[12.365s][info][gc,stats    ]   CMR: Thread Roots                 243 us, workers (us):  66,  95,  82, ---, ---, ---, 
[12.365s][info][gc,stats    ]   CMR: VM Strong Roots               11 us, workers (us):  10,   1,   0, ---, ---, ---, 
[12.365s][info][gc,stats    ]   CMR: CLDG Roots                    60 us, workers (us):  60, ---, ---, ---, ---, ---, 
[12.365s][info][gc,stats    ] Concurrent Marking                 2793 us
[12.365s][info][gc,stats    ] Pause Final Mark (G)                786 us
[12.365s][info][gc,stats    ] Pause Final Mark (N)                581 us
[12.365s][info][gc,stats    ]   Finish Mark                       297 us
[12.365s][info][gc,stats    ]   Update Region States              127 us
[12.365s][info][gc,stats    ]   Choose Collection Set              90 us
[12.365s][info][gc,stats    ]   Rebuild Free Set                   18 us
[12.365s][info][gc,stats    ] Concurrent Thread Roots             206 us, parallelism: 0.87x
[12.365s][info][gc,stats    ]   CTR: <total>                      180 us
[12.365s][info][gc,stats    ]   CTR: Thread Roots                 180 us, workers (us):  63,  53,  64, ---, ---, ---, 
[12.365s][info][gc,stats    ] Concurrent Weak References          138 us, parallelism: 0.07x
[12.365s][info][gc,stats    ]   CWRF: <total>                       9 us
[12.365s][info][gc,stats    ]   CWRF: Weak References               9 us, workers (us):   9,   0,   0, ---, ---, ---, 
[12.365s][info][gc,stats    ] Concurrent Weak Roots               474 us
[12.365s][info][gc,stats    ]   Roots                             265 us, parallelism: 1.12x
[12.365s][info][gc,stats    ]     CWR: <total>                    296 us
[12.365s][info][gc,stats    ]     CWR: Code Cache Roots           232 us, workers (us): 143,  89,   0, ---, ---, ---, 
[12.365s][info][gc,stats    ]     CWR: VM Weak Roots               54 us, workers (us):  32,  19,   3, ---, ---, ---, 
[12.365s][info][gc,stats    ]     CWR: CLDG Roots                  10 us, workers (us): ---, ---,  10, ---, ---, ---, 
[12.365s][info][gc,stats    ]   Rendezvous                        172 us
[12.365s][info][gc,stats    ] Concurrent Cleanup                  161 us
[12.365s][info][gc,stats    ] Concurrent Class Unloading         1204 us
[12.365s][info][gc,stats    ]   Unlink Stale                      787 us
[12.365s][info][gc,stats    ]     System Dictionary                 6 us
[12.365s][info][gc,stats    ]     Weak Class Links                  0 us
[12.365s][info][gc,stats    ]     Code Roots                      778 us
[12.365s][info][gc,stats    ]   Rendezvous                        125 us
[12.365s][info][gc,stats    ]   Purge Unlinked                    186 us
[12.365s][info][gc,stats    ]     Code Roots                      152 us
[12.365s][info][gc,stats    ]     CLDG                             33 us
[12.365s][info][gc,stats    ]     Exception Caches                  1 us
[12.365s][info][gc,stats    ] Concurrent Strong Roots             215 us, parallelism: 0.29x
[12.365s][info][gc,stats    ]   CSR: <total>                       62 us
[12.365s][info][gc,stats    ]   CSR: VM Strong Roots                7 us, workers (us):   7,   0,   0, ---, ---, ---, 
[12.365s][info][gc,stats    ]   CSR: CLDG Roots                    55 us, workers (us):  55, ---, ---, ---, ---, ---, 
[12.365s][info][gc,stats    ] Concurrent Evacuation             13173 us
[12.365s][info][gc,stats    ] Pause Init Update Refs (G)          357 us
[12.365s][info][gc,stats    ] Pause Init Update Refs (N)           45 us
[12.365s][info][gc,stats    ]   Manage GCLABs                       6 us
[12.365s][info][gc,stats    ] Concurrent Update Refs             2713 us
[12.365s][info][gc,stats    ] Concurrent Update Thread Roots      421 us
[12.365s][info][gc,stats    ] Pause Final Update Refs (G)         330 us
[12.365s][info][gc,stats    ] Pause Final Update Refs (N)         198 us
[12.365s][info][gc,stats    ]   Update Region States              128 us
[12.365s][info][gc,stats    ]   Trash Collection Set               13 us
[12.365s][info][gc,stats    ]   Rebuild Free Set                   23 us
[12.365s][info][gc,stats    ] Concurrent Cleanup                  106 us
[12.365s][info][gc,stats    ] 
[12.365s][info][gc,stats    ] Allocation pacing accrued:
[12.365s][info][gc,stats    ]       0 of    71 ms (  0.0%): <total>
[12.365s][info][gc,stats    ]       0 of    71 ms (  0.0%): <average total>
[12.365s][info][gc,stats    ] 
[12.365s][info][gc,metaspace] Metaspace: 6358K(6528K)->6358K(6528K) NonClass: 5812K(5888K)->5812K(5888K) Class: 546K(640K)->546K(640K)
[12.365s][info][gc,ergo     ] Pacer for Idle. Initial: 20971K, Alloc Tax Rate: 1.0x
[12.421s][info][gc          ] Trigger: Average GC time (32.21 ms) is above the time for average allocation rate (4550 MB/s) to deplete free headroom (139M) (margin of error = 1.84)
[12.421s][info][gc,ergo     ] Free headroom: 190M (free) - 52428K (spike) - 0B (penalties) = 139M
[12.421s][info][gc,ergo     ] Free: 190M, Max: 512K regular, 166M humongous, Frag: 12% external, 18% internal; Reserve: 52736K, Max: 512K
[12.421s][info][gc,start    ] GC(120) Concurrent reset
[12.421s][info][gc,task     ] GC(120) Using 3 of 6 workers for concurrent reset
[12.421s][info][gc,ergo     ] GC(120) Pacer for Reset. Non-Taxable: 1024M
[12.425s][info][gc          ] GC(120) Concurrent reset 3.274ms
[12.425s][info][gc,start    ] GC(120) Pause Init Mark (unload classes)
[12.425s][info][gc,task     ] GC(120) Using 6 of 6 workers for init marking
[12.425s][info][gc,ergo     ] GC(120) Pacer for Mark. Expected Live: 196M, Free: 177M, Non-Taxable: 18181K, Alloc Tax Rate: 1.4x
[12.425s][info][gc          ] GC(120) Pause Init Mark (unload classes) 0.188ms
[12.425s][info][gc,start    ] GC(120) Concurrent marking roots
[12.425s][info][gc,task     ] GC(120) Using 3 of 6 workers for concurrent marking roots
[12.426s][info][gc          ] GC(120) Concurrent marking roots 0.243ms
[12.426s][info][gc,start    ] GC(120) Concurrent marking (unload classes)
[12.426s][info][gc,task     ] GC(120) Using 3 of 6 workers for concurrent marking
[12.428s][info][gc          ] GC(120) Concurrent marking (unload classes) 2.193ms
[12.428s][info][gc,start    ] GC(120) Pause Final Mark (unload classes)
[12.428s][info][gc,task     ] GC(120) Using 6 of 6 workers for final marking
[12.428s][info][gc,ergo     ] GC(120) Adaptive CSet Selection. Target Free: 145M, Actual Free: 535M, Max CSet: 43690K, Min Garbage: 0B
[12.428s][info][gc,ergo     ] GC(120) Collectable Garbage: 489M (84%), Immediate: 323M (55%), CSet: 166M (28%)
[12.428s][info][gc,ergo     ] GC(120) Pacer for Evacuation. Used CSet: 208M, Free: 496M, Non-Taxable: 50857K, Alloc Tax Rate: 1.1x
[12.428s][info][gc          ] GC(120) Pause Final Mark (unload classes) 0.448ms
[12.428s][info][gc,start    ] GC(120) Concurrent thread roots
[12.428s][info][gc,task     ] GC(120) Using 3 of 6 workers for Concurrent thread roots
[12.429s][info][gc          ] GC(120) Concurrent thread roots 0.146ms
[12.429s][info][gc,start    ] GC(120) Concurrent weak references
[12.429s][info][gc,task     ] GC(120) Using 3 of 6 workers for concurrent weak references
[12.429s][info][gc,ref      ] GC(120) Encountered references: Soft: 47, Weak: 146, Final: 0, Phantom: 3
[12.429s][info][gc,ref      ] GC(120) Discovered  references: Soft: 0, Weak: 53, Final: 0, Phantom: 2
[12.429s][info][gc,ref      ] GC(120) Enqueued    references: Soft: 0, Weak: 0, Final: 0, Phantom: 0
[12.429s][info][gc          ] GC(120) Concurrent weak references 0.067ms
[12.429s][info][gc,start    ] GC(120) Concurrent weak roots
[12.429s][info][gc,task     ] GC(120) Using 3 of 6 workers for concurrent weak root
[12.429s][info][gc          ] GC(120) Concurrent weak roots 0.260ms
[12.429s][info][gc,start    ] GC(120) Concurrent cleanup
[12.429s][info][gc          ] GC(120) Concurrent cleanup 798M->476M(1024M) 0.076ms
[12.429s][info][gc,ergo     ] GC(120) Free: 486M, Max: 512K regular, 182M humongous, Frag: 63% external, 0% internal; Reserve: 52722K, Max: 512K
[12.429s][info][gc,start    ] GC(120) Concurrent class unloading
[12.429s][info][gc,task     ] GC(120) Using 3 of 6 workers for concurrent class unloading
[12.430s][info][gc          ] GC(120) Concurrent class unloading 0.644ms
[12.430s][info][gc,start    ] GC(120) Concurrent strong roots
[12.430s][info][gc,task     ] GC(120) Using 3 of 6 workers for concurrent strong root
[12.430s][info][gc          ] GC(120) Concurrent strong roots 0.111ms
[12.430s][info][gc,start    ] GC(120) Concurrent evacuation
[12.430s][info][gc,task     ] GC(120) Using 3 of 6 workers for concurrent evacuation
[12.444s][info][gc          ] GC(120) Concurrent evacuation 14.363ms
[12.444s][info][gc,start    ] GC(120) Pause Init Update Refs
[12.444s][info][gc,ergo     ] GC(120) Pacer for Update Refs. Used: 576M, Free: 429M, Non-Taxable: 43936K, Alloc Tax Rate: 1.6x
[12.444s][info][gc          ] GC(120) Pause Init Update Refs 0.034ms
[12.445s][info][gc,start    ] GC(120) Concurrent update references
[12.445s][info][gc,task     ] GC(120) Using 3 of 6 workers for concurrent reference update
[12.448s][info][gc          ] GC(120) Concurrent update references 2.983ms
[12.448s][info][gc,start    ] GC(120) Concurrent update thread roots
[12.448s][info][gc          ] GC(120) Concurrent update thread roots 0.394ms
[12.448s][info][gc,start    ] GC(120) Pause Final Update Refs
[12.448s][info][gc,task     ] GC(120) Using 6 of 6 workers for final reference update
[12.448s][info][gc          ] GC(120) Pause Final Update Refs 0.196ms
[12.449s][info][gc,start    ] GC(120) Concurrent cleanup
[12.449s][info][gc          ] GC(120) Concurrent cleanup 600M->393M(1024M) 0.074ms
[12.449s][info][gc,ergo     ] Free: 579M, Max: 512K regular, 155M humongous, Frag: 73% external, 36% internal; Reserve: 52736K, Max: 512K
[12.449s][info][gc,stats    ] 
[12.449s][info][gc,stats    ] All times are wall-clock times, except per-root-class counters, that are sum over
[12.449s][info][gc,stats    ] all workers. Dividing the <total> over the root stage time estimates parallelism.
[12.449s][info][gc,stats    ] 
[12.449s][info][gc,stats    ] Concurrent Reset                   3368 us
[12.449s][info][gc,stats    ] Pause Init Mark (G)                 446 us
[12.449s][info][gc,stats    ] Pause Init Mark (N)                 193 us
[12.449s][info][gc,stats    ]   Update Region States              139 us
[12.449s][info][gc,stats    ] Concurrent Mark Roots               253 us, parallelism: 0.94x
[12.449s][info][gc,stats    ]   CMR: <total>                      239 us
[12.449s][info][gc,stats    ]   CMR: Thread Roots                 188 us, workers (us):  61,  67,  60, ---, ---, ---, 
[12.449s][info][gc,stats    ]   CMR: VM Strong Roots                6 us, workers (us):   6,   0,   0, ---, ---, ---, 
[12.449s][info][gc,stats    ]   CMR: CLDG Roots                    44 us, workers (us):  44, ---, ---, ---, ---, ---, 
[12.449s][info][gc,stats    ] Concurrent Marking                 2257 us
[12.449s][info][gc,stats    ] Pause Final Mark (G)                623 us
[12.449s][info][gc,stats    ] Pause Final Mark (N)                453 us
[12.449s][info][gc,stats    ]   Finish Mark                       243 us
[12.449s][info][gc,stats    ]   Update Region States               78 us
[12.449s][info][gc,stats    ]   Choose Collection Set              76 us
[12.449s][info][gc,stats    ]   Rebuild Free Set                   17 us
[12.449s][info][gc,stats    ] Concurrent Thread Roots             155 us, parallelism: 0.82x
[12.449s][info][gc,stats    ]   CTR: <total>                      127 us
[12.449s][info][gc,stats    ]   CTR: Thread Roots                 127 us, workers (us):  44,  38,  45, ---, ---, ---, 
[12.449s][info][gc,stats    ] Concurrent Weak References           70 us, parallelism: 0.09x
[12.449s][info][gc,stats    ]   CWRF: <total>                       6 us
[12.449s][info][gc,stats    ]   CWRF: Weak References               6 us, workers (us):   6,   0,   0, ---, ---, ---, 
[12.449s][info][gc,stats    ] Concurrent Weak Roots               269 us
[12.449s][info][gc,stats    ]   Roots                             191 us, parallelism: 1.30x
[12.449s][info][gc,stats    ]     CWR: <total>                    248 us
[12.449s][info][gc,stats    ]     CWR: Code Cache Roots           203 us, workers (us):   0, 113,  90, ---, ---, ---, 
[12.449s][info][gc,stats    ]     CWR: VM Weak Roots               34 us, workers (us):  22,  12,   1, ---, ---, ---, 
[12.449s][info][gc,stats    ]     CWR: CLDG Roots                  10 us, workers (us):  10, ---, ---, ---, ---, ---, 
[12.449s][info][gc,stats    ]   Rendezvous                         61 us
[12.449s][info][gc,stats    ] Concurrent Cleanup                   81 us
[12.449s][info][gc,stats    ] Concurrent Class Unloading          670 us
[12.449s][info][gc,stats    ]   Unlink Stale                      448 us
[12.449s][info][gc,stats    ]     System Dictionary                 5 us
[12.449s][info][gc,stats    ]     Weak Class Links                  0 us
[12.449s][info][gc,stats    ]     Code Roots                      442 us
[12.449s][info][gc,stats    ]   Rendezvous                         65 us
[12.449s][info][gc,stats    ]   Purge Unlinked                    123 us
[12.449s][info][gc,stats    ]     Code Roots                      102 us
[12.449s][info][gc,stats    ]     CLDG                             21 us
[12.449s][info][gc,stats    ]     Exception Caches                  1 us
[12.449s][info][gc,stats    ] Concurrent Strong Roots             121 us, parallelism: 0.25x
[12.449s][info][gc,stats    ]   CSR: <total>                       30 us
[12.449s][info][gc,stats    ]   CSR: VM Strong Roots                2 us, workers (us):   2,   0,   0, ---, ---, ---, 
[12.449s][info][gc,stats    ]   CSR: CLDG Roots                    27 us, workers (us):  27, ---, ---, ---, ---, ---, 
[12.449s][info][gc,stats    ] Concurrent Evacuation             14468 us
[12.449s][info][gc,stats    ] Pause Init Update Refs (G)          324 us
[12.449s][info][gc,stats    ] Pause Init Update Refs (N)           39 us
[12.449s][info][gc,stats    ]   Manage GCLABs                       4 us
[12.449s][info][gc,stats    ] Concurrent Update Refs             3070 us
[12.449s][info][gc,stats    ] Concurrent Update Thread Roots      413 us
[12.449s][info][gc,stats    ] Pause Final Update Refs (G)         434 us
[12.449s][info][gc,stats    ] Pause Final Update Refs (N)         209 us
[12.449s][info][gc,stats    ]   Update Region States              141 us
[12.449s][info][gc,stats    ]   Trash Collection Set                9 us
[12.449s][info][gc,stats    ]   Rebuild Free Set                   20 us
[12.449s][info][gc,stats    ] Concurrent Cleanup                   81 us
[12.449s][info][gc,stats    ] 
[12.449s][info][gc,stats    ] Allocation pacing accrued:
[12.449s][info][gc,stats    ]       0 of    84 ms (  0.0%): <total>
[12.449s][info][gc,stats    ]       0 of    84 ms (  0.0%): <average total>
[12.449s][info][gc,stats    ] 
[12.449s][info][gc,metaspace] Metaspace: 6358K(6528K)->6358K(6528K) NonClass: 5812K(5888K)->5812K(5888K) Class: 546K(640K)->546K(640K)
[12.449s][info][gc,ergo     ] Pacer for Idle. Initial: 20971K, Alloc Tax Rate: 1.0x
[12.494s][info][gc          ] Trigger: Average GC time (30.67 ms) is above the time for average allocation rate (4550 MB/s) to deplete free headroom (130M) (margin of error = 1.84)
[12.494s][info][gc,ergo     ] Free headroom: 181M (free) - 52428K (spike) - 0B (penalties) = 130M
[12.494s][info][gc,ergo     ] Free: 180M, Max: 512K regular, 155M humongous, Frag: 14% external, 12% internal; Reserve: 52736K, Max: 512K
[12.494s][info][gc,start    ] GC(121) Concurrent reset
[12.494s][info][gc,task     ] GC(121) Using 3 of 6 workers for concurrent reset
[12.494s][info][gc,ergo     ] GC(121) Pacer for Reset. Non-Taxable: 1024M
[12.497s][info][gc          ] GC(121) Concurrent reset 2.841ms
[12.497s][info][gc,start    ] GC(121) Pause Init Mark (unload classes)
[12.497s][info][gc,task     ] GC(121) Using 6 of 6 workers for init marking
[12.497s][info][gc,ergo     ] GC(121) Pacer for Mark. Expected Live: 196M, Free: 167M, Non-Taxable: 17162K, Alloc Tax Rate: 1.4x
[12.497s][info][gc          ] GC(121) Pause Init Mark (unload classes) 0.174ms
[12.497s][info][gc,start    ] GC(121) Concurrent marking roots
[12.497s][info][gc,task     ] GC(121) Using 3 of 6 workers for concurrent marking roots
[12.497s][info][gc          ] GC(121) Concurrent marking roots 0.249ms
[12.498s][info][gc,start    ] GC(121) Concurrent marking (unload classes)
[12.498s][info][gc,task     ] GC(121) Using 3 of 6 workers for concurrent marking
[12.500s][info][gc          ] GC(121) Concurrent marking (unload classes) 2.080ms
[12.500s][info][gc,start    ] GC(121) Pause Final Mark (unload classes)
[12.500s][info][gc,task     ] GC(121) Using 6 of 6 workers for final marking
[12.500s][info][gc,ergo     ] GC(121) Adaptive CSet Selection. Target Free: 145M, Actual Free: 542M, Max CSet: 43690K, Min Garbage: 0B
[12.500s][info][gc,ergo     ] GC(121) Collectable Garbage: 500M (84%), Immediate: 344M (58%), CSet: 155M (26%)
[12.500s][info][gc,ergo     ] GC(121) Pacer for Evacuation. Used CSet: 198M, Free: 504M, Non-Taxable: 51675K, Alloc Tax Rate: 1.1x
[12.500s][info][gc          ] GC(121) Pause Final Mark (unload classes) 0.504ms
[12.500s][info][gc,start    ] GC(121) Concurrent thread roots
[12.500s][info][gc,task     ] GC(121) Using 3 of 6 workers for Concurrent thread roots
[12.501s][info][gc          ] GC(121) Concurrent thread roots 0.207ms
[12.501s][info][gc,start    ] GC(121) Concurrent weak references
[12.501s][info][gc,task     ] GC(121) Using 3 of 6 workers for concurrent weak references
[12.501s][info][gc,ref      ] GC(121) Encountered references: Soft: 47, Weak: 146, Final: 0, Phantom: 3
[12.501s][info][gc,ref      ] GC(121) Discovered  references: Soft: 0, Weak: 53, Final: 0, Phantom: 2
[12.501s][info][gc,ref      ] GC(121) Enqueued    references: Soft: 0, Weak: 0, Final: 0, Phantom: 0
[12.501s][info][gc          ] GC(121) Concurrent weak references 0.083ms
[12.501s][info][gc,start    ] GC(121) Concurrent weak roots
[12.501s][info][gc,task     ] GC(121) Using 3 of 6 workers for concurrent weak root
[12.501s][info][gc          ] GC(121) Concurrent weak roots 0.375ms
[12.501s][info][gc,start    ] GC(121) Concurrent cleanup
[12.501s][info][gc          ] GC(121) Concurrent cleanup 812M->469M(1024M) 0.086ms
[12.501s][info][gc,ergo     ] GC(121) Free: 492M, Max: 512K regular, 172M humongous, Frag: 66% external, 0% internal; Reserve: 52722K, Max: 512K
[12.501s][info][gc,start    ] GC(121) Concurrent class unloading
[12.501s][info][gc,task     ] GC(121) Using 3 of 6 workers for concurrent class unloading
[12.502s][info][gc          ] GC(121) Concurrent class unloading 0.707ms
[12.502s][info][gc,start    ] GC(121) Concurrent strong roots
[12.502s][info][gc,task     ] GC(121) Using 3 of 6 workers for concurrent strong root
[12.502s][info][gc          ] GC(121) Concurrent strong roots 0.108ms
[12.502s][info][gc,start    ] GC(121) Concurrent evacuation
[12.502s][info][gc,task     ] GC(121) Using 3 of 6 workers for concurrent evacuation
[12.515s][info][gc          ] GC(121) Concurrent evacuation 13.245ms
[12.516s][info][gc,start    ] GC(121) Pause Init Update Refs
[12.516s][info][gc,ergo     ] GC(121) Pacer for Update Refs. Used: 566M, Free: 438M, Non-Taxable: 44878K, Alloc Tax Rate: 1.6x
[12.516s][info][gc          ] GC(121) Pause Init Update Refs 0.028ms
[12.516s][info][gc,start    ] GC(121) Concurrent update references
[12.516s][info][gc,task     ] GC(121) Using 3 of 6 workers for concurrent reference update
[12.519s][info][gc          ] GC(121) Concurrent update references 2.770ms
[12.519s][info][gc,start    ] GC(121) Concurrent update thread roots
[12.519s][info][gc          ] GC(121) Concurrent update thread roots 0.326ms
[12.519s][info][gc,start    ] GC(121) Pause Final Update Refs
[12.519s][info][gc,task     ] GC(121) Using 6 of 6 workers for final reference update
[12.519s][info][gc          ] GC(121) Pause Final Update Refs 0.235ms
[12.519s][info][gc,start    ] GC(121) Concurrent cleanup
[12.519s][info][gc          ] GC(121) Concurrent cleanup 591M->395M(1024M) 0.073ms
[12.520s][info][gc,ergo     ] Free: 576M, Max: 512K regular, 142M humongous, Frag: 75% external, 36% internal; Reserve: 52736K, Max: 512K
[12.520s][info][gc,stats    ] 
[12.520s][info][gc,stats    ] All times are wall-clock times, except per-root-class counters, that are sum over
[12.520s][info][gc,stats    ] all workers. Dividing the <total> over the root stage time estimates parallelism.
[12.520s][info][gc,stats    ] 
[12.520s][info][gc,stats    ] Concurrent Reset                   2950 us
[12.520s][info][gc,stats    ] Pause Init Mark (G)                 464 us
[12.520s][info][gc,stats    ] Pause Init Mark (N)                 179 us
[12.520s][info][gc,stats    ]   Update Region States              129 us
[12.520s][info][gc,stats    ] Concurrent Mark Roots               262 us, parallelism: 0.79x
[12.520s][info][gc,stats    ]   CMR: <total>                      207 us
[12.520s][info][gc,stats    ]   CMR: Thread Roots                 163 us, workers (us):  46,  53,  64, ---, ---, ---, 
[12.520s][info][gc,stats    ]   CMR: VM Strong Roots                6 us, workers (us):   6,   0,   0, ---, ---, ---, 
[12.520s][info][gc,stats    ]   CMR: CLDG Roots                    38 us, workers (us):  38, ---, ---, ---, ---, ---, 
[12.520s][info][gc,stats    ] Concurrent Marking                 2156 us
[12.520s][info][gc,stats    ] Pause Final Mark (G)                811 us
[12.520s][info][gc,stats    ] Pause Final Mark (N)                508 us
[12.520s][info][gc,stats    ]   Finish Mark                       249 us
[12.520s][info][gc,stats    ]   Update Region States              126 us
[12.520s][info][gc,stats    ]   Choose Collection Set              77 us
[12.520s][info][gc,stats    ]   Rebuild Free Set                   17 us
[12.520s][info][gc,stats    ] Concurrent Thread Roots             219 us, parallelism: 0.50x
[12.520s][info][gc,stats    ]   CTR: <total>                      110 us
[12.520s][info][gc,stats    ]   CTR: Thread Roots                 110 us, workers (us):  67,  43,   0, ---, ---, ---, 
[12.520s][info][gc,stats    ] Concurrent Weak References           87 us, parallelism: 0.10x
[12.520s][info][gc,stats    ]   CWRF: <total>                       8 us
[12.520s][info][gc,stats    ]   CWRF: Weak References               8 us, workers (us):   8,   0,   0, ---, ---, ---, 
[12.520s][info][gc,stats    ] Concurrent Weak Roots               388 us
[12.520s][info][gc,stats    ]   Roots                             254 us, parallelism: 1.04x
[12.520s][info][gc,stats    ]     CWR: <total>                    264 us
[12.520s][info][gc,stats    ]     CWR: Code Cache Roots           190 us, workers (us): 104,   0,  86, ---, ---, ---, 
[12.520s][info][gc,stats    ]     CWR: VM Weak Roots               65 us, workers (us):  34,  30,   1, ---, ---, ---, 
[12.520s][info][gc,stats    ]     CWR: CLDG Roots                   9 us, workers (us):   9, ---, ---, ---, ---, ---, 
[12.520s][info][gc,stats    ]   Rendezvous                        113 us
[12.520s][info][gc,stats    ] Concurrent Cleanup                   91 us
[12.520s][info][gc,stats    ] Concurrent Class Unloading          731 us
[12.520s][info][gc,stats    ]   Unlink Stale                      483 us
[12.520s][info][gc,stats    ]     System Dictionary                 6 us
[12.520s][info][gc,stats    ]     Weak Class Links                  0 us
[12.520s][info][gc,stats    ]     Code Roots                      476 us
[12.520s][info][gc,stats    ]   Rendezvous                         68 us
[12.520s][info][gc,stats    ]   Purge Unlinked                    145 us
[12.520s][info][gc,stats    ]     Code Roots                      118 us
[12.520s][info][gc,stats    ]     CLDG                             27 us
[12.520s][info][gc,stats    ]     Exception Caches                  0 us
[12.520s][info][gc,stats    ] Concurrent Strong Roots             118 us, parallelism: 0.37x
[12.520s][info][gc,stats    ]   CSR: <total>                       44 us
[12.520s][info][gc,stats    ]   CSR: VM Strong Roots                4 us, workers (us):   3,   0,   0, ---, ---, ---, 
[12.520s][info][gc,stats    ]   CSR: CLDG Roots                    41 us, workers (us):  41, ---, ---, ---, ---, ---, 
[12.520s][info][gc,stats    ] Concurrent Evacuation             13314 us
[12.520s][info][gc,stats    ] Pause Init Update Refs (G)          316 us
[12.520s][info][gc,stats    ] Pause Init Update Refs (N)           32 us
[12.520s][info][gc,stats    ]   Manage GCLABs                       4 us
[12.520s][info][gc,stats    ] Concurrent Update Refs             2837 us
[12.520s][info][gc,stats    ] Concurrent Update Thread Roots      348 us
[12.520s][info][gc,stats    ] Pause Final Update Refs (G)         461 us
[12.520s][info][gc,stats    ] Pause Final Update Refs (N)         247 us
[12.520s][info][gc,stats    ]   Update Region States              181 us
[12.520s][info][gc,stats    ]   Trash Collection Set               10 us
[12.520s][info][gc,stats    ]   Rebuild Free Set                   21 us
[12.520s][info][gc,stats    ] Concurrent Cleanup                   79 us
[12.520s][info][gc,stats    ] 
[12.520s][info][gc,stats    ] Allocation pacing accrued:
[12.520s][info][gc,stats    ]       0 of    71 ms (  0.0%): <total>
[12.520s][info][gc,stats    ]       0 of    71 ms (  0.0%): <average total>
[12.520s][info][gc,stats    ] 
[12.520s][info][gc,metaspace] Metaspace: 6358K(6528K)->6358K(6528K) NonClass: 5812K(5888K)->5812K(5888K) Class: 546K(640K)->546K(640K)
[12.520s][info][gc,ergo     ] Pacer for Idle. Initial: 20971K, Alloc Tax Rate: 1.0x
[12.568s][info][gc          ] Trigger: Average GC time (29.47 ms) is above the time for average allocation rate (4550 MB/s) to deplete free headroom (127M) (margin of error = 1.84)
[12.568s][info][gc,ergo     ] Free headroom: 178M (free) - 52428K (spike) - 0B (penalties) = 127M
[12.568s][info][gc,ergo     ] Free: 177M, Max: 512K regular, 142M humongous, Frag: 19% external, 25% internal; Reserve: 52736K, Max: 512K
[12.568s][info][gc,start    ] GC(122) Concurrent reset
[12.568s][info][gc,task     ] GC(122) Using 3 of 6 workers for concurrent reset
[12.568s][info][gc,ergo     ] GC(122) Pacer for Reset. Non-Taxable: 1024M
[12.571s][info][gc          ] GC(122) Concurrent reset 3.436ms
[12.572s][info][gc,start    ] GC(122) Pause Init Mark (unload classes)
[12.572s][info][gc,task     ] GC(122) Using 6 of 6 workers for init marking
[12.572s][info][gc,ergo     ] GC(122) Pacer for Mark. Expected Live: 196M, Free: 164M, Non-Taxable: 16813K, Alloc Tax Rate: 1.5x
[12.572s][info][gc          ] GC(122) Pause Init Mark (unload classes) 0.188ms
[12.572s][info][gc,start    ] GC(122) Concurrent marking roots
[12.572s][info][gc,task     ] GC(122) Using 3 of 6 workers for concurrent marking roots
[12.572s][info][gc          ] GC(122) Concurrent marking roots 0.299ms
[12.572s][info][gc,start    ] GC(122) Concurrent marking (unload classes)
[12.572s][info][gc,task     ] GC(122) Using 3 of 6 workers for concurrent marking
[12.575s][info][gc          ] GC(122) Concurrent marking (unload classes) 2.820ms
[12.575s][info][gc,start    ] GC(122) Pause Final Mark (unload classes)
[12.575s][info][gc,task     ] GC(122) Using 6 of 6 workers for final marking
[12.576s][info][gc,ergo     ] GC(122) Adaptive CSet Selection. Target Free: 145M, Actual Free: 534M, Max CSet: 43690K, Min Garbage: 0B
[12.576s][info][gc,ergo     ] GC(122) Collectable Garbage: 501M (84%), Immediate: 342M (57%), CSet: 158M (26%)
[12.576s][info][gc,ergo     ] GC(122) Pacer for Evacuation. Used CSet: 201M, Free: 496M, Non-Taxable: 50871K, Alloc Tax Rate: 1.1x
[12.576s][info][gc          ] GC(122) Pause Final Mark (unload classes) 0.547ms
[12.576s][info][gc,start    ] GC(122) Concurrent thread roots
[12.576s][info][gc,task     ] GC(122) Using 3 of 6 workers for Concurrent thread roots
[12.576s][info][gc          ] GC(122) Concurrent thread roots 0.184ms
[12.576s][info][gc,start    ] GC(122) Concurrent weak references
[12.576s][info][gc,task     ] GC(122) Using 3 of 6 workers for concurrent weak references
[12.576s][info][gc,ref      ] GC(122) Encountered references: Soft: 47, Weak: 146, Final: 0, Phantom: 3
[12.576s][info][gc,ref      ] GC(122) Discovered  references: Soft: 0, Weak: 53, Final: 0, Phantom: 2
[12.576s][info][gc,ref      ] GC(122) Enqueued    references: Soft: 0, Weak: 0, Final: 0, Phantom: 0
[12.576s][info][gc          ] GC(122) Concurrent weak references 0.102ms
[12.576s][info][gc,start    ] GC(122) Concurrent weak roots
[12.576s][info][gc,task     ] GC(122) Using 3 of 6 workers for concurrent weak root
[12.577s][info][gc          ] GC(122) Concurrent weak roots 0.352ms
[12.577s][info][gc,start    ] GC(122) Concurrent cleanup
[12.577s][info][gc          ] GC(122) Concurrent cleanup 817M->477M(1024M) 0.106ms
[12.577s][info][gc,ergo     ] GC(122) Free: 484M, Max: 512K regular, 163M humongous, Frag: 67% external, 0% internal; Reserve: 52718K, Max: 512K
[12.577s][info][gc,start    ] GC(122) Concurrent class unloading
[12.577s][info][gc,task     ] GC(122) Using 3 of 6 workers for concurrent class unloading
[12.578s][info][gc          ] GC(122) Concurrent class unloading 0.826ms
[12.578s][info][gc,start    ] GC(122) Concurrent strong roots
[12.578s][info][gc,task     ] GC(122) Using 3 of 6 workers for concurrent strong root
[12.578s][info][gc          ] GC(122) Concurrent strong roots 0.204ms
[12.578s][info][gc,start    ] GC(122) Concurrent evacuation
[12.578s][info][gc,task     ] GC(122) Using 3 of 6 workers for concurrent evacuation
[12.593s][info][gc          ] GC(122) Concurrent evacuation 14.643ms
[12.593s][info][gc,start    ] GC(122) Pause Init Update Refs
[12.593s][info][gc,ergo     ] GC(122) Pacer for Update Refs. Used: 577M, Free: 427M, Non-Taxable: 43742K, Alloc Tax Rate: 1.7x
[12.593s][info][gc          ] GC(122) Pause Init Update Refs 0.029ms
[12.593s][info][gc,start    ] GC(122) Concurrent update references
[12.593s][info][gc,task     ] GC(122) Using 3 of 6 workers for concurrent reference update
[12.595s][info][gc          ] GC(122) Concurrent update references 2.503ms
[12.596s][info][gc,start    ] GC(122) Concurrent update thread roots
[12.596s][info][gc          ] GC(122) Concurrent update thread roots 0.403ms
[12.596s][info][gc,start    ] GC(122) Pause Final Update Refs
[12.596s][info][gc,task     ] GC(122) Using 6 of 6 workers for final reference update
[12.597s][info][gc          ] GC(122) Pause Final Update Refs 0.281ms
[12.597s][info][gc,start    ] GC(122) Concurrent cleanup
[12.597s][info][gc          ] GC(122) Concurrent cleanup 600M->400M(1024M) 0.068ms
[12.597s][info][gc,ergo     ] Free: 571M, Max: 512K regular, 137M humongous, Frag: 76% external, 37% internal; Reserve: 52736K, Max: 512K
[12.597s][info][gc,stats    ] 
[12.597s][info][gc,stats    ] All times are wall-clock times, except per-root-class counters, that are sum over
[12.597s][info][gc,stats    ] all workers. Dividing the <total> over the root stage time estimates parallelism.
[12.597s][info][gc,stats    ] 
[12.597s][info][gc,stats    ] Concurrent Reset                   3536 us
[12.597s][info][gc,stats    ] Pause Init Mark (G)                 496 us
[12.597s][info][gc,stats    ] Pause Init Mark (N)                 192 us
[12.597s][info][gc,stats    ]   Update Region States              143 us
[12.597s][info][gc,stats    ] Concurrent Mark Roots               312 us, parallelism: 0.90x
[12.597s][info][gc,stats    ]   CMR: <total>                      281 us
[12.597s][info][gc,stats    ]   CMR: Thread Roots                 198 us, workers (us):   6,  77, 115, ---, ---, ---, 
[12.597s][info][gc,stats    ]   CMR: VM Strong Roots               11 us, workers (us):   6,   6,   0, ---, ---, ---, 
[12.597s][info][gc,stats    ]   CMR: CLDG Roots                    72 us, workers (us):  72, ---, ---, ---, ---, ---, 
[12.597s][info][gc,stats    ] Concurrent Marking                 2924 us
[12.597s][info][gc,stats    ] Pause Final Mark (G)                799 us
[12.597s][info][gc,stats    ] Pause Final Mark (N)                552 us
[12.597s][info][gc,stats    ]   Finish Mark                       272 us
[12.597s][info][gc,stats    ]   Update Region States              143 us
[12.597s][info][gc,stats    ]   Choose Collection Set              76 us
[12.597s][info][gc,stats    ]   Rebuild Free Set                   17 us
[12.597s][info][gc,stats    ] Concurrent Thread Roots             211 us, parallelism: 0.68x
[12.597s][info][gc,stats    ]   CTR: <total>                      144 us
[12.597s][info][gc,stats    ]   CTR: Thread Roots                 144 us, workers (us):  93,  41,  10, ---, ---, ---, 
[12.597s][info][gc,stats    ] Concurrent Weak References          106 us, parallelism: 0.06x
[12.597s][info][gc,stats    ]   CWRF: <total>                       6 us
[12.597s][info][gc,stats    ]   CWRF: Weak References               6 us, workers (us):   6,   0,   0, ---, ---, ---, 
[12.597s][info][gc,stats    ] Concurrent Weak Roots               363 us
[12.597s][info][gc,stats    ]   Roots                             241 us, parallelism: 1.00x
[12.597s][info][gc,stats    ]     CWR: <total>                    241 us
[12.597s][info][gc,stats    ]     CWR: Code Cache Roots           201 us, workers (us): 109,  91,   0, ---, ---, ---, 
[12.597s][info][gc,stats    ]     CWR: VM Weak Roots               33 us, workers (us):  23,   9,   1, ---, ---, ---, 
[12.597s][info][gc,stats    ]     CWR: CLDG Roots                   8 us, workers (us): ---,   8, ---, ---, ---, ---, 
[12.597s][info][gc,stats    ]   Rendezvous                        102 us
[12.597s][info][gc,stats    ] Concurrent Cleanup                  111 us
[12.597s][info][gc,stats    ] Concurrent Class Unloading          874 us
[12.597s][info][gc,stats    ]   Unlink Stale                      509 us
[12.597s][info][gc,stats    ]     System Dictionary                 6 us
[12.597s][info][gc,stats    ]     Weak Class Links                  0 us
[12.597s][info][gc,stats    ]     Code Roots                      501 us
[12.597s][info][gc,stats    ]   Rendezvous                        114 us
[12.597s][info][gc,stats    ]   Purge Unlinked                    193 us
[12.597s][info][gc,stats    ]     Code Roots                      172 us
[12.597s][info][gc,stats    ]     CLDG                             20 us
[12.597s][info][gc,stats    ]     Exception Caches                  0 us
[12.597s][info][gc,stats    ] Concurrent Strong Roots             218 us, parallelism: 0.25x
[12.597s][info][gc,stats    ]   CSR: <total>                       54 us
[12.597s][info][gc,stats    ]   CSR: VM Strong Roots                6 us, workers (us):   5,   1,   0, ---, ---, ---, 
[12.597s][info][gc,stats    ]   CSR: CLDG Roots                    48 us, workers (us):  48, ---, ---, ---, ---, ---, 
[12.597s][info][gc,stats    ] Concurrent Evacuation             14742 us
[12.597s][info][gc,stats    ] Pause Init Update Refs (G)          356 us
[12.597s][info][gc,stats    ] Pause Init Update Refs (N)           34 us
[12.597s][info][gc,stats    ]   Manage GCLABs                       5 us
[12.597s][info][gc,stats    ] Concurrent Update Refs             2670 us
[12.597s][info][gc,stats    ] Concurrent Update Thread Roots      423 us
[12.597s][info][gc,stats    ] Pause Final Update Refs (G)         562 us
[12.597s][info][gc,stats    ] Pause Final Update Refs (N)         293 us
[12.597s][info][gc,stats    ]   Update Region States              196 us
[12.597s][info][gc,stats    ]   Trash Collection Set               10 us
[12.597s][info][gc,stats    ]   Rebuild Free Set                   50 us
[12.597s][info][gc,stats    ] Concurrent Cleanup                   75 us
[12.597s][info][gc,stats    ] 
[12.597s][info][gc,stats    ] Allocation pacing accrued:
[12.597s][info][gc,stats    ]       0 of    77 ms (  0.0%): <total>
[12.597s][info][gc,stats    ]       0 of    77 ms (  0.0%): <average total>
[12.597s][info][gc,stats    ] 
[12.597s][info][gc,metaspace] Metaspace: 6358K(6528K)->6358K(6528K) NonClass: 5812K(5888K)->5812K(5888K) Class: 546K(640K)->546K(640K)
[12.597s][info][gc,ergo     ] Pacer for Idle. Initial: 20971K, Alloc Tax Rate: 1.0x
[12.646s][info][gc          ] Trigger: Average GC time (30.57 ms) is above the time for average allocation rate (4551 MB/s) to deplete free headroom (133M) (margin of error = 1.85)
[12.646s][info][gc,ergo     ] Free headroom: 185M (free) - 52428K (spike) - 0B (penalties) = 133M
[12.646s][info][gc,ergo     ] Free: 184M, Max: 512K regular, 137M humongous, Frag: 25% external, 17% internal; Reserve: 52736K, Max: 512K
[12.646s][info][gc,start    ] GC(123) Concurrent reset
[12.646s][info][gc,task     ] GC(123) Using 3 of 6 workers for concurrent reset
[12.646s][info][gc,ergo     ] GC(123) Pacer for Reset. Non-Taxable: 1024M
[12.650s][info][gc          ] GC(123) Concurrent reset 3.501ms
[12.650s][info][gc,start    ] GC(123) Pause Init Mark (unload classes)
[12.650s][info][gc,task     ] GC(123) Using 6 of 6 workers for init marking
[12.650s][info][gc,ergo     ] GC(123) Pacer for Mark. Expected Live: 196M, Free: 172M, Non-Taxable: 17655K, Alloc Tax Rate: 1.4x
[12.650s][info][gc          ] GC(123) Pause Init Mark (unload classes) 0.230ms
[12.650s][info][gc,start    ] GC(123) Concurrent marking roots
[12.650s][info][gc,task     ] GC(123) Using 3 of 6 workers for concurrent marking roots
[12.651s][info][gc          ] GC(123) Concurrent marking roots 0.326ms
[12.651s][info][gc,start    ] GC(123) Concurrent marking (unload classes)
[12.651s][info][gc,task     ] GC(123) Using 3 of 6 workers for concurrent marking
[12.654s][info][gc          ] GC(123) Concurrent marking (unload classes) 2.897ms
[12.654s][info][gc,start    ] GC(123) Pause Final Mark (unload classes)
[12.654s][info][gc,task     ] GC(123) Using 6 of 6 workers for final marking
[12.654s][info][gc,ergo     ] GC(123) Adaptive CSet Selection. Target Free: 145M, Actual Free: 544M, Max CSet: 43690K, Min Garbage: 0B
[12.654s][info][gc,ergo     ] GC(123) Collectable Garbage: 499M (84%), Immediate: 342M (58%), CSet: 156M (26%)
[12.654s][info][gc,ergo     ] GC(123) Pacer for Evacuation. Used CSet: 199M, Free: 506M, Non-Taxable: 51849K, Alloc Tax Rate: 1.1x
[12.654s][info][gc          ] GC(123) Pause Final Mark (unload classes) 0.636ms
[12.655s][info][gc,start    ] GC(123) Concurrent thread roots
[12.655s][info][gc,task     ] GC(123) Using 3 of 6 workers for Concurrent thread roots
[12.655s][info][gc          ] GC(123) Concurrent thread roots 0.283ms
[12.655s][info][gc,start    ] GC(123) Concurrent weak references
[12.655s][info][gc,task     ] GC(123) Using 3 of 6 workers for concurrent weak references
[12.655s][info][gc,ref      ] GC(123) Encountered references: Soft: 47, Weak: 146, Final: 0, Phantom: 3
[12.655s][info][gc,ref      ] GC(123) Discovered  references: Soft: 0, Weak: 53, Final: 0, Phantom: 2
[12.655s][info][gc,ref      ] GC(123) Enqueued    references: Soft: 0, Weak: 0, Final: 0, Phantom: 0
[12.655s][info][gc          ] GC(123) Concurrent weak references 0.137ms
[12.655s][info][gc,start    ] GC(123) Concurrent weak roots
[12.655s][info][gc,task     ] GC(123) Using 3 of 6 workers for concurrent weak root
[12.655s][info][gc          ] GC(123) Concurrent weak roots 0.424ms
[12.655s][info][gc,start    ] GC(123) Concurrent cleanup
[12.656s][info][gc          ] GC(123) Concurrent cleanup 809M->468M(1024M) 0.149ms
[12.656s][info][gc,ergo     ] GC(123) Free: 493M, Max: 512K regular, 166M humongous, Frag: 67% external, 0% internal; Reserve: 52720K, Max: 512K
[12.656s][info][gc,start    ] GC(123) Concurrent class unloading
[12.656s][info][gc,task     ] GC(123) Using 3 of 6 workers for concurrent class unloading
[12.656s][info][gc          ] GC(123) Concurrent class unloading 0.884ms
[12.657s][info][gc,start    ] GC(123) Concurrent strong roots
[12.657s][info][gc,task     ] GC(123) Using 3 of 6 workers for concurrent strong root
[12.657s][info][gc          ] GC(123) Concurrent strong roots 0.221ms
[12.657s][info][gc,start    ] GC(123) Concurrent evacuation
[12.657s][info][gc,task     ] GC(123) Using 3 of 6 workers for concurrent evacuation
[12.672s][info][gc          ] GC(123) Concurrent evacuation 15.464ms
[12.673s][info][gc,start    ] GC(123) Pause Init Update Refs
[12.673s][info][gc,ergo     ] GC(123) Pacer for Update Refs. Used: 564M, Free: 441M, Non-Taxable: 45185K, Alloc Tax Rate: 1.6x
[12.673s][info][gc          ] GC(123) Pause Init Update Refs 0.053ms
[12.673s][info][gc,start    ] GC(123) Concurrent update references
[12.673s][info][gc,task     ] GC(123) Using 3 of 6 workers for concurrent reference update
[12.677s][info][gc          ] GC(123) Concurrent update references 4.313ms
[12.677s][info][gc,start    ] GC(123) Concurrent update thread roots
[12.678s][info][gc          ] GC(123) Concurrent update thread roots 0.652ms
[12.678s][info][gc,start    ] GC(123) Pause Final Update Refs
[12.678s][info][gc,task     ] GC(123) Using 6 of 6 workers for final reference update
[12.678s][info][gc          ] GC(123) Pause Final Update Refs 0.306ms
[12.679s][info][gc,start    ] GC(123) Concurrent cleanup
[12.679s][info][gc          ] GC(123) Concurrent cleanup 589M->391M(1024M) 0.109ms
[12.679s][info][gc,ergo     ] Free: 580M, Max: 512K regular, 150M humongous, Frag: 74% external, 36% internal; Reserve: 52736K, Max: 512K
[12.679s][info][gc,stats    ] 
[12.679s][info][gc,stats    ] All times are wall-clock times, except per-root-class counters, that are sum over
[12.679s][info][gc,stats    ] all workers. Dividing the <total> over the root stage time estimates parallelism.
[12.679s][info][gc,stats    ] 
[12.679s][info][gc,stats    ] Concurrent Reset                   3636 us
[12.679s][info][gc,stats    ] Pause Init Mark (G)                 536 us
[12.679s][info][gc,stats    ] Pause Init Mark (N)                 236 us
[12.679s][info][gc,stats    ]   Update Region States              122 us
[12.679s][info][gc,stats    ] Concurrent Mark Roots               342 us, parallelism: 0.96x
[12.679s][info][gc,stats    ]   CMR: <total>                      328 us
[12.679s][info][gc,stats    ]   CMR: Thread Roots                 216 us, workers (us): 138,   0,  77, ---, ---, ---, 
[12.679s][info][gc,stats    ]   CMR: VM Strong Roots               13 us, workers (us):  11,   2,   0, ---, ---, ---, 
[12.679s][info][gc,stats    ]   CMR: CLDG Roots                   100 us, workers (us): ---, 100, ---, ---, ---, ---, 
[12.679s][info][gc,stats    ] Concurrent Marking                 2974 us
[12.679s][info][gc,stats    ] Pause Final Mark (G)                887 us
[12.679s][info][gc,stats    ] Pause Final Mark (N)                648 us
[12.679s][info][gc,stats    ]   Finish Mark                       320 us
[12.679s][info][gc,stats    ]   Update Region States              122 us
[12.679s][info][gc,stats    ]   Choose Collection Set             107 us
[12.679s][info][gc,stats    ]   Rebuild Free Set                   19 us
[12.679s][info][gc,stats    ] Concurrent Thread Roots             300 us, parallelism: 0.89x
[12.679s][info][gc,stats    ]   CTR: <total>                      265 us
[12.679s][info][gc,stats    ]   CTR: Thread Roots                 265 us, workers (us):  97,  88,  80, ---, ---, ---, 
[12.679s][info][gc,stats    ] Concurrent Weak References          141 us, parallelism: 0.14x
[12.679s][info][gc,stats    ]   CWRF: <total>                      20 us
[12.679s][info][gc,stats    ]   CWRF: Weak References              20 us, workers (us):  19,   1,   0, ---, ---, ---, 
[12.679s][info][gc,stats    ] Concurrent Weak Roots               442 us
[12.679s][info][gc,stats    ]   Roots                             301 us, parallelism: 1.23x
[12.679s][info][gc,stats    ]     CWR: <total>                    371 us
[12.679s][info][gc,stats    ]     CWR: Code Cache Roots           297 us, workers (us): 124,   0, 172, ---, ---, ---, 
[12.679s][info][gc,stats    ]     CWR: VM Weak Roots               56 us, workers (us):  26,  25,   5, ---, ---, ---, 
[12.679s][info][gc,stats    ]     CWR: CLDG Roots                  18 us, workers (us): ---,  18, ---, ---, ---, ---, 
[12.679s][info][gc,stats    ]   Rendezvous                        115 us
[12.679s][info][gc,stats    ] Concurrent Cleanup                  155 us
[12.679s][info][gc,stats    ] Concurrent Class Unloading          932 us
[12.679s][info][gc,stats    ]   Unlink Stale                      540 us
[12.679s][info][gc,stats    ]     System Dictionary                 8 us
[12.679s][info][gc,stats    ]     Weak Class Links                  0 us
[12.679s][info][gc,stats    ]     Code Roots                      531 us
[12.679s][info][gc,stats    ]   Rendezvous                        123 us
[12.679s][info][gc,stats    ]   Purge Unlinked                    209 us
[12.679s][info][gc,stats    ]     Code Roots                      186 us
[12.679s][info][gc,stats    ]     CLDG                             22 us
[12.679s][info][gc,stats    ]     Exception Caches                  0 us
[12.679s][info][gc,stats    ] Concurrent Strong Roots             249 us, parallelism: 0.39x
[12.679s][info][gc,stats    ]   CSR: <total>                       96 us
[12.679s][info][gc,stats    ]   CSR: VM Strong Roots                6 us, workers (us):   6,   0,   0, ---, ---, ---, 
[12.679s][info][gc,stats    ]   CSR: CLDG Roots                    90 us, workers (us): ---,  90, ---, ---, ---, ---, 
[12.679s][info][gc,stats    ] Concurrent Evacuation             15580 us
[12.679s][info][gc,stats    ] Pause Init Update Refs (G)          386 us
[12.679s][info][gc,stats    ] Pause Init Update Refs (N)           59 us
[12.679s][info][gc,stats    ]   Manage GCLABs                       7 us
[12.679s][info][gc,stats    ] Concurrent Update Refs             4455 us
[12.679s][info][gc,stats    ] Concurrent Update Thread Roots      727 us
[12.679s][info][gc,stats    ] Pause Final Update Refs (G)         640 us
[12.679s][info][gc,stats    ] Pause Final Update Refs (N)         324 us
[12.679s][info][gc,stats    ]   Update Region States              177 us
[12.679s][info][gc,stats    ]   Trash Collection Set               25 us
[12.679s][info][gc,stats    ]   Rebuild Free Set                   54 us
[12.679s][info][gc,stats    ] Concurrent Cleanup                  122 us
[12.679s][info][gc,stats    ] 
[12.679s][info][gc,stats    ] Allocation pacing accrued:
[12.679s][info][gc,stats    ]       0 of    82 ms (  0.0%): <total>
[12.679s][info][gc,stats    ]       0 of    82 ms (  0.0%): <average total>
[12.679s][info][gc,stats    ] 
[12.679s][info][gc,metaspace] Metaspace: 6358K(6528K)->6358K(6528K) NonClass: 5812K(5888K)->5812K(5888K) Class: 546K(640K)->546K(640K)
[12.679s][info][gc,ergo     ] Pacer for Idle. Initial: 20971K, Alloc Tax Rate: 1.0x
[12.729s][info][gc          ] Trigger: Average GC time (35.04 ms) is above the time for average allocation rate (4551 MB/s) to deplete free headroom (156M) (margin of error = 1.85)
[12.729s][info][gc,ergo     ] Free headroom: 207M (free) - 52428K (spike) - 0B (penalties) = 156M
[12.729s][info][gc,ergo     ] Free: 207M, Max: 512K regular, 150M humongous, Frag: 27% external, 21% internal; Reserve: 52736K, Max: 512K
[12.729s][info][gc,start    ] GC(124) Concurrent reset
[12.729s][info][gc,task     ] GC(124) Using 3 of 6 workers for concurrent reset
[12.729s][info][gc,ergo     ] GC(124) Pacer for Reset. Non-Taxable: 1024M
[12.732s][info][gc          ] GC(124) Concurrent reset 2.866ms
[12.732s][info][gc,start    ] GC(124) Pause Init Mark (unload classes)
[12.732s][info][gc,task     ] GC(124) Using 6 of 6 workers for init marking
[12.732s][info][gc,ergo     ] GC(124) Pacer for Mark. Expected Live: 196M, Free: 196M, Non-Taxable: 20116K, Alloc Tax Rate: 1.2x
[12.732s][info][gc          ] GC(124) Pause Init Mark (unload classes) 0.167ms
[12.732s][info][gc,start    ] GC(124) Concurrent marking roots
[12.732s][info][gc,task     ] GC(124) Using 3 of 6 workers for concurrent marking roots
[12.733s][info][gc          ] GC(124) Concurrent marking roots 0.257ms
[12.733s][info][gc,start    ] GC(124) Concurrent marking (unload classes)
[12.733s][info][gc,task     ] GC(124) Using 3 of 6 workers for concurrent marking
[12.735s][info][gc          ] GC(124) Concurrent marking (unload classes) 2.083ms
[12.735s][info][gc,start    ] GC(124) Pause Final Mark (unload classes)
[12.735s][info][gc,task     ] GC(124) Using 6 of 6 workers for final marking
[12.735s][info][gc,ergo     ] GC(124) Adaptive CSet Selection. Target Free: 145M, Actual Free: 542M, Max CSet: 43690K, Min Garbage: 0B
[12.736s][info][gc,ergo     ] GC(124) Collectable Garbage: 477M (84%), Immediate: 313M (55%), CSet: 163M (28%)
[12.736s][info][gc,ergo     ] GC(124) Pacer for Evacuation. Used CSet: 206M, Free: 503M, Non-Taxable: 51577K, Alloc Tax Rate: 1.1x
[12.736s][info][gc          ] GC(124) Pause Final Mark (unload classes) 0.563ms
[12.736s][info][gc,start    ] GC(124) Concurrent thread roots
[12.736s][info][gc,task     ] GC(124) Using 3 of 6 workers for Concurrent thread roots
[12.736s][info][gc          ] GC(124) Concurrent thread roots 0.211ms
[12.736s][info][gc,start    ] GC(124) Concurrent weak references
[12.736s][info][gc,task     ] GC(124) Using 3 of 6 workers for concurrent weak references
[12.736s][info][gc,ref      ] GC(124) Encountered references: Soft: 47, Weak: 146, Final: 0, Phantom: 3
[12.736s][info][gc,ref      ] GC(124) Discovered  references: Soft: 0, Weak: 48, Final: 0, Phantom: 2
[12.736s][info][gc,ref      ] GC(124) Enqueued    references: Soft: 0, Weak: 0, Final: 0, Phantom: 0
[12.736s][info][gc          ] GC(124) Concurrent weak references 0.083ms
[12.736s][info][gc,start    ] GC(124) Concurrent weak roots
[12.736s][info][gc,task     ] GC(124) Using 3 of 6 workers for concurrent weak root
[12.736s][info][gc          ] GC(124) Concurrent weak roots 0.336ms
[12.736s][info][gc,start    ] GC(124) Concurrent cleanup
[12.736s][info][gc          ] GC(124) Concurrent cleanup 781M->469M(1024M) 0.091ms
[12.736s][info][gc,ergo     ] GC(124) Free: 492M, Max: 512K regular, 176M humongous, Frag: 65% external, 0% internal; Reserve: 52720K, Max: 512K
[12.736s][info][gc,start    ] GC(124) Concurrent class unloading
[12.736s][info][gc,task     ] GC(124) Using 3 of 6 workers for concurrent class unloading
[12.737s][info][gc          ] GC(124) Concurrent class unloading 0.829ms
[12.737s][info][gc,start    ] GC(124) Concurrent strong roots
[12.737s][info][gc,task     ] GC(124) Using 3 of 6 workers for concurrent strong root
[12.737s][info][gc          ] GC(124) Concurrent strong roots 0.149ms
[12.737s][info][gc,start    ] GC(124) Concurrent evacuation
[12.738s][info][gc,task     ] GC(124) Using 3 of 6 workers for concurrent evacuation
[12.755s][info][gc          ] GC(124) Concurrent evacuation 17.220ms
[12.755s][info][gc,start    ] GC(124) Pause Init Update Refs
[12.755s][info][gc,ergo     ] GC(124) Pacer for Update Refs. Used: 584M, Free: 420M, Non-Taxable: 43050K, Alloc Tax Rate: 1.7x
[12.755s][info][gc          ] GC(124) Pause Init Update Refs 0.140ms
[12.755s][info][gc,start    ] GC(124) Concurrent update references
[12.755s][info][gc,task     ] GC(124) Using 3 of 6 workers for concurrent reference update
[12.759s][info][gc          ] GC(124) Concurrent update references 3.886ms
[12.759s][info][gc,start    ] GC(124) Concurrent update thread roots
[12.760s][info][gc          ] GC(124) Concurrent update thread roots 0.634ms
[12.760s][info][gc,start    ] GC(124) Pause Final Update Refs
[12.760s][info][gc,task     ] GC(124) Using 6 of 6 workers for final reference update
[12.761s][info][gc          ] GC(124) Pause Final Update Refs 0.351ms
[12.761s][info][gc,start    ] GC(124) Concurrent cleanup
[12.761s][info][gc          ] GC(124) Concurrent cleanup 610M->405M(1024M) 0.099ms
[12.761s][info][gc,ergo     ] Free: 566M, Max: 512K regular, 152M humongous, Frag: 73% external, 37% internal; Reserve: 52736K, Max: 512K
[12.761s][info][gc,stats    ] 
[12.761s][info][gc,stats    ] All times are wall-clock times, except per-root-class counters, that are sum over
[12.761s][info][gc,stats    ] all workers. Dividing the <total> over the root stage time estimates parallelism.
[12.761s][info][gc,stats    ] 
[12.761s][info][gc,stats    ] Concurrent Reset                   2968 us
[12.761s][info][gc,stats    ] Pause Init Mark (G)                 435 us
[12.761s][info][gc,stats    ] Pause Init Mark (N)                 171 us
[12.761s][info][gc,stats    ]   Update Region States              106 us
[12.761s][info][gc,stats    ] Concurrent Mark Roots               267 us, parallelism: 0.95x
[12.761s][info][gc,stats    ]   CMR: <total>                      253 us
[12.761s][info][gc,stats    ]   CMR: Thread Roots                 188 us, workers (us):  45,  69,  75, ---, ---, ---, 
[12.761s][info][gc,stats    ]   CMR: VM Strong Roots               10 us, workers (us):   9,   0,   1, ---, ---, ---, 
[12.761s][info][gc,stats    ]   CMR: CLDG Roots                    55 us, workers (us):  55, ---, ---, ---, ---, ---, 
[12.761s][info][gc,stats    ] Concurrent Marking                 2172 us
[12.761s][info][gc,stats    ] Pause Final Mark (G)                768 us
[12.761s][info][gc,stats    ] Pause Final Mark (N)                569 us
[12.761s][info][gc,stats    ]   Finish Mark                       275 us
[12.761s][info][gc,stats    ]   Update Region States              129 us
[12.761s][info][gc,stats    ]   Choose Collection Set              97 us
[12.761s][info][gc,stats    ]   Rebuild Free Set                   22 us
[12.761s][info][gc,stats    ] Concurrent Thread Roots             226 us, parallelism: 0.90x
[12.761s][info][gc,stats    ]   CTR: <total>                      202 us
[12.761s][info][gc,stats    ]   CTR: Thread Roots                 202 us, workers (us):  67,  66,  70, ---, ---, ---, 
[12.761s][info][gc,stats    ] Concurrent Weak References           88 us, parallelism: 0.17x
[12.761s][info][gc,stats    ]   CWRF: <total>                      15 us
[12.761s][info][gc,stats    ]   CWRF: Weak References              15 us, workers (us):  15,   0,   0, ---, ---, ---, 
[12.761s][info][gc,stats    ] Concurrent Weak Roots               350 us
[12.761s][info][gc,stats    ]   Roots                             255 us, parallelism: 1.33x
[12.761s][info][gc,stats    ]     CWR: <total>                    339 us
[12.761s][info][gc,stats    ]     CWR: Code Cache Roots           279 us, workers (us):   0, 140, 138, ---, ---, ---, 
[12.761s][info][gc,stats    ]     CWR: VM Weak Roots               49 us, workers (us):  36,  11,   3, ---, ---, ---, 
[12.761s][info][gc,stats    ]     CWR: CLDG Roots                  11 us, workers (us):  11, ---, ---, ---, ---, ---, 
[12.761s][info][gc,stats    ]   Rendezvous                         71 us
[12.761s][info][gc,stats    ] Concurrent Cleanup                   97 us
[12.761s][info][gc,stats    ] Concurrent Class Unloading          865 us
[12.761s][info][gc,stats    ]   Unlink Stale                      583 us
[12.761s][info][gc,stats    ]     System Dictionary                 9 us
[12.761s][info][gc,stats    ]     Weak Class Links                  1 us
[12.761s][info][gc,stats    ]     Code Roots                      573 us
[12.761s][info][gc,stats    ]   Rendezvous                         98 us
[12.761s][info][gc,stats    ]   Purge Unlinked                    137 us
[12.761s][info][gc,stats    ]     Code Roots                      115 us
[12.761s][info][gc,stats    ]     CLDG                             20 us
[12.761s][info][gc,stats    ]     Exception Caches                  1 us
[12.761s][info][gc,stats    ] Concurrent Strong Roots             163 us, parallelism: 0.38x
[12.761s][info][gc,stats    ]   CSR: <total>                       62 us
[12.761s][info][gc,stats    ]   CSR: VM Strong Roots                6 us, workers (us):   6,   0,   0, ---, ---, ---, 
[12.761s][info][gc,stats    ]   CSR: CLDG Roots                    56 us, workers (us):  56, ---, ---, ---, ---, ---, 
[12.761s][info][gc,stats    ] Concurrent Evacuation             17316 us
[12.761s][info][gc,stats    ] Pause Init Update Refs (G)          551 us
[12.761s][info][gc,stats    ] Pause Init Update Refs (N)          148 us
[12.761s][info][gc,stats    ]   Manage GCLABs                       9 us
[12.761s][info][gc,stats    ] Concurrent Update Refs             4119 us
[12.761s][info][gc,stats    ] Concurrent Update Thread Roots      706 us
[12.761s][info][gc,stats    ] Pause Final Update Refs (G)         658 us
[12.761s][info][gc,stats    ] Pause Final Update Refs (N)         375 us
[12.761s][info][gc,stats    ]   Update Region States              209 us
[12.761s][info][gc,stats    ]   Trash Collection Set               34 us
[12.761s][info][gc,stats    ]   Rebuild Free Set                   61 us
[12.761s][info][gc,stats    ] Concurrent Cleanup                  108 us
[12.761s][info][gc,stats    ] 
[12.761s][info][gc,stats    ] Allocation pacing accrued:
[12.761s][info][gc,stats    ]       0 of    82 ms (  0.0%): <total>
[12.761s][info][gc,stats    ]       0 of    82 ms (  0.0%): <average total>
[12.761s][info][gc,stats    ] 
[12.761s][info][gc,metaspace] Metaspace: 6358K(6528K)->6358K(6528K) NonClass: 5812K(5888K)->5812K(5888K) Class: 546K(640K)->546K(640K)
[12.761s][info][gc,ergo     ] Pacer for Idle. Initial: 20971K, Alloc Tax Rate: 1.0x
[12.813s][info][gc          ] Trigger: Average GC time (34.89 ms) is above the time for average allocation rate (4552 MB/s) to deplete free headroom (149M) (margin of error = 1.87)
[12.813s][info][gc,ergo     ] Free headroom: 200M (free) - 52428K (spike) - 0B (penalties) = 149M
[12.813s][info][gc,ergo     ] Free: 200M, Max: 512K regular, 152M humongous, Frag: 24% external, 2% internal; Reserve: 52736K, Max: 512K
[12.813s][info][gc,start    ] GC(125) Concurrent reset
[12.813s][info][gc,task     ] GC(125) Using 3 of 6 workers for concurrent reset
[12.813s][info][gc,ergo     ] GC(125) Pacer for Reset. Non-Taxable: 1024M
[12.816s][info][gc          ] GC(125) Concurrent reset 2.929ms
[12.817s][info][gc,start    ] GC(125) Pause Init Mark (unload classes)
[12.817s][info][gc,task     ] GC(125) Using 6 of 6 workers for init marking
[12.817s][info][gc,ergo     ] GC(125) Pacer for Mark. Expected Live: 196M, Free: 190M, Non-Taxable: 19477K, Alloc Tax Rate: 1.3x
[12.817s][info][gc          ] GC(125) Pause Init Mark (unload classes) 0.139ms
[12.817s][info][gc,start    ] GC(125) Concurrent marking roots
[12.817s][info][gc,task     ] GC(125) Using 3 of 6 workers for concurrent marking roots
[12.817s][info][gc          ] GC(125) Concurrent marking roots 0.256ms
[12.817s][info][gc,start    ] GC(125) Concurrent marking (unload classes)
[12.817s][info][gc,task     ] GC(125) Using 3 of 6 workers for concurrent marking
[12.819s][info][gc          ] GC(125) Concurrent marking (unload classes) 2.371ms
[12.820s][info][gc,start    ] GC(125) Pause Final Mark (unload classes)
[12.820s][info][gc,task     ] GC(125) Using 6 of 6 workers for final marking
[12.820s][info][gc,ergo     ] GC(125) Adaptive CSet Selection. Target Free: 145M, Actual Free: 532M, Max CSet: 43690K, Min Garbage: 0B
[12.820s][info][gc,ergo     ] GC(125) Collectable Garbage: 477M (83%), Immediate: 311M (54%), CSet: 165M (29%)
[12.820s][info][gc,ergo     ] GC(125) Pacer for Evacuation. Used CSet: 208M, Free: 494M, Non-Taxable: 50627K, Alloc Tax Rate: 1.1x
[12.820s][info][gc          ] GC(125) Pause Final Mark (unload classes) 0.503ms
[12.820s][info][gc,start    ] GC(125) Concurrent thread roots
[12.820s][info][gc,task     ] GC(125) Using 3 of 6 workers for Concurrent thread roots
[12.820s][info][gc          ] GC(125) Concurrent thread roots 0.175ms
[12.820s][info][gc,start    ] GC(125) Concurrent weak references
[12.820s][info][gc,task     ] GC(125) Using 3 of 6 workers for concurrent weak references
[12.820s][info][gc,ref      ] GC(125) Encountered references: Soft: 47, Weak: 146, Final: 0, Phantom: 3
[12.820s][info][gc,ref      ] GC(125) Discovered  references: Soft: 0, Weak: 53, Final: 0, Phantom: 2
[12.820s][info][gc,ref      ] GC(125) Enqueued    references: Soft: 0, Weak: 0, Final: 0, Phantom: 0
[12.820s][info][gc          ] GC(125) Concurrent weak references 0.070ms
[12.820s][info][gc,start    ] GC(125) Concurrent weak roots
[12.820s][info][gc,task     ] GC(125) Using 3 of 6 workers for concurrent weak root
[12.821s][info][gc          ] GC(125) Concurrent weak roots 0.319ms
[12.821s][info][gc,start    ] GC(125) Concurrent cleanup
[12.821s][info][gc          ] GC(125) Concurrent cleanup 789M->478M(1024M) 0.089ms
[12.821s][info][gc,ergo     ] GC(125) Free: 483M, Max: 512K regular, 195M humongous, Frag: 60% external, 0% internal; Reserve: 52720K, Max: 512K
[12.821s][info][gc,start    ] GC(125) Concurrent class unloading
[12.821s][info][gc,task     ] GC(125) Using 3 of 6 workers for concurrent class unloading
[12.822s][info][gc          ] GC(125) Concurrent class unloading 1.056ms
[12.822s][info][gc,start    ] GC(125) Concurrent strong roots
[12.822s][info][gc,task     ] GC(125) Using 3 of 6 workers for concurrent strong root
[12.822s][info][gc          ] GC(125) Concurrent strong roots 0.176ms
[12.822s][info][gc,start    ] GC(125) Concurrent evacuation
[12.822s][info][gc,task     ] GC(125) Using 3 of 6 workers for concurrent evacuation
[12.836s][info][gc          ] GC(125) Concurrent evacuation 14.142ms
[12.837s][info][gc,start    ] GC(125) Pause Init Update Refs
[12.837s][info][gc,ergo     ] GC(125) Pacer for Update Refs. Used: 573M, Free: 431M, Non-Taxable: 44202K, Alloc Tax Rate: 1.6x
[12.837s][info][gc          ] GC(125) Pause Init Update Refs 0.036ms
[12.837s][info][gc,start    ] GC(125) Concurrent update references
[12.837s][info][gc,task     ] GC(125) Using 3 of 6 workers for concurrent reference update
[12.840s][info][gc          ] GC(125) Concurrent update references 3.602ms
[12.840s][info][gc,start    ] GC(125) Concurrent update thread roots
[12.841s][info][gc          ] GC(125) Concurrent update thread roots 0.589ms
[12.841s][info][gc,start    ] GC(125) Pause Final Update Refs
[12.841s][info][gc,task     ] GC(125) Using 6 of 6 workers for final reference update
[12.842s][info][gc          ] GC(125) Pause Final Update Refs 0.210ms
[12.842s][info][gc,start    ] GC(125) Concurrent cleanup
[12.842s][info][gc          ] GC(125) Concurrent cleanup 598M->391M(1024M) 0.076ms
[12.842s][info][gc,ergo     ] Free: 580M, Max: 512K regular, 165M humongous, Frag: 72% external, 36% internal; Reserve: 52736K, Max: 512K
[12.842s][info][gc,stats    ] 
[12.842s][info][gc,stats    ] All times are wall-clock times, except per-root-class counters, that are sum over
[12.842s][info][gc,stats    ] all workers. Dividing the <total> over the root stage time estimates parallelism.
[12.842s][info][gc,stats    ] 
[12.842s][info][gc,stats    ] Concurrent Reset                   3016 us
[12.842s][info][gc,stats    ] Pause Init Mark (G)                 401 us
[12.842s][info][gc,stats    ] Pause Init Mark (N)                 144 us
[12.842s][info][gc,stats    ]   Update Region States               93 us
[12.842s][info][gc,stats    ] Concurrent Mark Roots               269 us, parallelism: 0.88x
[12.842s][info][gc,stats    ]   CMR: <total>                      237 us
[12.842s][info][gc,stats    ]   CMR: Thread Roots                 184 us, workers (us):  56,  56,  72, ---, ---, ---, 
[12.842s][info][gc,stats    ]   CMR: VM Strong Roots                8 us, workers (us):   7,   0,   1, ---, ---, ---, 
[12.842s][info][gc,stats    ]   CMR: CLDG Roots                    45 us, workers (us):  45, ---, ---, ---, ---, ---, 
[12.842s][info][gc,stats    ] Concurrent Marking                 2488 us
[12.842s][info][gc,stats    ] Pause Final Mark (G)                680 us
[12.842s][info][gc,stats    ] Pause Final Mark (N)                508 us
[12.842s][info][gc,stats    ]   Finish Mark                       284 us
[12.842s][info][gc,stats    ]   Update Region States               82 us
[12.842s][info][gc,stats    ]   Choose Collection Set              84 us
[12.842s][info][gc,stats    ]   Rebuild Free Set                   18 us
[12.842s][info][gc,stats    ] Concurrent Thread Roots             186 us, parallelism: 0.77x
[12.842s][info][gc,stats    ]   CTR: <total>                      144 us
[12.842s][info][gc,stats    ]   CTR: Thread Roots                 144 us, workers (us):  47,  45,  51, ---, ---, ---, 
[12.842s][info][gc,stats    ] Concurrent Weak References           74 us, parallelism: 0.14x
[12.842s][info][gc,stats    ]   CWRF: <total>                      10 us
[12.842s][info][gc,stats    ]   CWRF: Weak References              10 us, workers (us):  10,   0,   0, ---, ---, ---, 
[12.842s][info][gc,stats    ] Concurrent Weak Roots               329 us
[12.842s][info][gc,stats    ]   Roots                             249 us, parallelism: 1.28x
[12.842s][info][gc,stats    ]     CWR: <total>                    320 us
[12.842s][info][gc,stats    ]     CWR: Code Cache Roots           260 us, workers (us): 142,   0, 118, ---, ---, ---, 
[12.842s][info][gc,stats    ]     CWR: VM Weak Roots               44 us, workers (us):  43,   1,   1, ---, ---, ---, 
[12.842s][info][gc,stats    ]     CWR: CLDG Roots                  16 us, workers (us): ---,  16, ---, ---, ---, ---, 
[12.842s][info][gc,stats    ]   Rendezvous                         62 us
[12.842s][info][gc,stats    ] Concurrent Cleanup                   94 us
[12.842s][info][gc,stats    ] Concurrent Class Unloading         1106 us
[12.842s][info][gc,stats    ]   Unlink Stale                      678 us
[12.842s][info][gc,stats    ]     System Dictionary                 6 us
[12.842s][info][gc,stats    ]     Weak Class Links                  0 us
[12.842s][info][gc,stats    ]     Code Roots                      670 us
[12.842s][info][gc,stats    ]   Rendezvous                        150 us
[12.842s][info][gc,stats    ]   Purge Unlinked                    216 us
[12.842s][info][gc,stats    ]     Code Roots                      193 us
[12.842s][info][gc,stats    ]     CLDG                             23 us
[12.842s][info][gc,stats    ]     Exception Caches                  0 us
[12.842s][info][gc,stats    ] Concurrent Strong Roots             189 us, parallelism: 0.31x
[12.842s][info][gc,stats    ]   CSR: <total>                       59 us
[12.842s][info][gc,stats    ]   CSR: VM Strong Roots                7 us, workers (us):   6,   1,   0, ---, ---, ---, 
[12.842s][info][gc,stats    ]   CSR: CLDG Roots                    52 us, workers (us):  52, ---, ---, ---, ---, ---, 
[12.842s][info][gc,stats    ] Concurrent Evacuation             14235 us
[12.842s][info][gc,stats    ] Pause Init Update Refs (G)          318 us
[12.842s][info][gc,stats    ] Pause Init Update Refs (N)           41 us
[12.842s][info][gc,stats    ]   Manage GCLABs                       6 us
[12.842s][info][gc,stats    ] Concurrent Update Refs             3752 us
[12.842s][info][gc,stats    ] Concurrent Update Thread Roots      628 us
[12.842s][info][gc,stats    ] Pause Final Update Refs (G)         487 us
[12.842s][info][gc,stats    ] Pause Final Update Refs (N)         221 us
[12.842s][info][gc,stats    ]   Update Region States              143 us
[12.842s][info][gc,stats    ]   Trash Collection Set               13 us
[12.842s][info][gc,stats    ]   Rebuild Free Set                   26 us
[12.842s][info][gc,stats    ] Concurrent Cleanup                   83 us
[12.842s][info][gc,stats    ] 
[12.842s][info][gc,stats    ] Allocation pacing accrued:
[12.842s][info][gc,stats    ]       0 of    81 ms (  0.0%): <total>
[12.842s][info][gc,stats    ]       0 of    81 ms (  0.0%): <average total>
[12.842s][info][gc,stats    ] 
[12.842s][info][gc,metaspace] Metaspace: 6358K(6528K)->6358K(6528K) NonClass: 5812K(5888K)->5812K(5888K) Class: 546K(640K)->546K(640K)
[12.842s][info][gc,ergo     ] Pacer for Idle. Initial: 20971K, Alloc Tax Rate: 1.0x
[12.889s][info][gc          ] Trigger: Average GC time (33.38 ms) is above the time for average allocation rate (4551 MB/s) to deplete free headroom (147M) (margin of error = 1.86)
[12.889s][info][gc,ergo     ] Free headroom: 198M (free) - 52428K (spike) - 0B (penalties) = 147M
[12.889s][info][gc,ergo     ] Free: 198M, Max: 512K regular, 165M humongous, Frag: 16% external, 23% internal; Reserve: 52736K, Max: 512K
[12.889s][info][gc,start    ] GC(126) Concurrent reset
[12.889s][info][gc,task     ] GC(126) Using 3 of 6 workers for concurrent reset
[12.889s][info][gc,ergo     ] GC(126) Pacer for Reset. Non-Taxable: 1024M
[12.892s][info][gc          ] GC(126) Concurrent reset 2.925ms
[12.892s][info][gc,start    ] GC(126) Pause Init Mark (unload classes)
[12.892s][info][gc,task     ] GC(126) Using 6 of 6 workers for init marking
[12.893s][info][gc,ergo     ] GC(126) Pacer for Mark. Expected Live: 196M, Free: 186M, Non-Taxable: 19102K, Alloc Tax Rate: 1.3x
[12.893s][info][gc          ] GC(126) Pause Init Mark (unload classes) 0.152ms
[12.893s][info][gc,start    ] GC(126) Concurrent marking roots
[12.893s][info][gc,task     ] GC(126) Using 3 of 6 workers for concurrent marking roots
[12.893s][info][gc          ] GC(126) Concurrent marking roots 0.265ms
[12.893s][info][gc,start    ] GC(126) Concurrent marking (unload classes)
[12.893s][info][gc,task     ] GC(126) Using 3 of 6 workers for concurrent marking
[12.895s][info][gc          ] GC(126) Concurrent marking (unload classes) 2.173ms
[12.895s][info][gc,start    ] GC(126) Pause Final Mark (unload classes)
[12.895s][info][gc,task     ] GC(126) Using 6 of 6 workers for final marking
[12.896s][info][gc,ergo     ] GC(126) Adaptive CSet Selection. Target Free: 145M, Actual Free: 536M, Max CSet: 43690K, Min Garbage: 0B
[12.896s][info][gc,ergo     ] GC(126) Collectable Garbage: 483M (84%), Immediate: 321M (55%), CSet: 162M (28%)
[12.896s][info][gc,ergo     ] GC(126) Pacer for Evacuation. Used CSet: 205M, Free: 498M, Non-Taxable: 51033K, Alloc Tax Rate: 1.1x
[12.896s][info][gc          ] GC(126) Pause Final Mark (unload classes) 0.496ms
[12.896s][info][gc,start    ] GC(126) Concurrent thread roots
[12.896s][info][gc,task     ] GC(126) Using 3 of 6 workers for Concurrent thread roots
[12.896s][info][gc          ] GC(126) Concurrent thread roots 0.173ms
[12.896s][info][gc,start    ] GC(126) Concurrent weak references
[12.896s][info][gc,task     ] GC(126) Using 3 of 6 workers for concurrent weak references
[12.896s][info][gc,ref      ] GC(126) Encountered references: Soft: 47, Weak: 146, Final: 0, Phantom: 3
[12.896s][info][gc,ref      ] GC(126) Discovered  references: Soft: 0, Weak: 48, Final: 0, Phantom: 2
[12.896s][info][gc,ref      ] GC(126) Enqueued    references: Soft: 0, Weak: 0, Final: 0, Phantom: 0
[12.896s][info][gc          ] GC(126) Concurrent weak references 0.123ms
[12.896s][info][gc,start    ] GC(126) Concurrent weak roots
[12.896s][info][gc,task     ] GC(126) Using 3 of 6 workers for concurrent weak root
[12.897s][info][gc          ] GC(126) Concurrent weak roots 0.348ms
[12.897s][info][gc,start    ] GC(126) Concurrent cleanup
[12.897s][info][gc          ] GC(126) Concurrent cleanup 795M->475M(1024M) 0.097ms
[12.897s][info][gc,ergo     ] GC(126) Free: 485M, Max: 512K regular, 188M humongous, Frag: 62% external, 0% internal; Reserve: 52722K, Max: 512K
[12.897s][info][gc,start    ] GC(126) Concurrent class unloading
[12.897s][info][gc,task     ] GC(126) Using 3 of 6 workers for concurrent class unloading
[12.898s][info][gc          ] GC(126) Concurrent class unloading 0.777ms
[12.898s][info][gc,start    ] GC(126) Concurrent strong roots
[12.898s][info][gc,task     ] GC(126) Using 3 of 6 workers for concurrent strong root
[12.898s][info][gc          ] GC(126) Concurrent strong roots 0.168ms
[12.898s][info][gc,start    ] GC(126) Concurrent evacuation
[12.898s][info][gc,task     ] GC(126) Using 3 of 6 workers for concurrent evacuation
[12.911s][info][gc          ] GC(126) Concurrent evacuation 13.651ms
[12.912s][info][gc,start    ] GC(126) Pause Init Update Refs
[12.912s][info][gc,ergo     ] GC(126) Pacer for Update Refs. Used: 572M, Free: 432M, Non-Taxable: 44316K, Alloc Tax Rate: 1.6x
[12.912s][info][gc          ] GC(126) Pause Init Update Refs 0.046ms
[12.912s][info][gc,start    ] GC(126) Concurrent update references
[12.912s][info][gc,task     ] GC(126) Using 3 of 6 workers for concurrent reference update
[12.915s][info][gc          ] GC(126) Concurrent update references 3.315ms
[12.915s][info][gc,start    ] GC(126) Concurrent update thread roots
[12.916s][info][gc          ] GC(126) Concurrent update thread roots 0.367ms
[12.916s][info][gc,start    ] GC(126) Pause Final Update Refs
[12.916s][info][gc,task     ] GC(126) Using 6 of 6 workers for final reference update
[12.916s][info][gc          ] GC(126) Pause Final Update Refs 0.181ms
[12.916s][info][gc,start    ] GC(126) Concurrent cleanup
[12.916s][info][gc          ] GC(126) Concurrent cleanup 599M->395M(1024M) 0.076ms
[12.916s][info][gc,ergo     ] Free: 576M, Max: 512K regular, 160M humongous, Frag: 72% external, 36% internal; Reserve: 52736K, Max: 512K
[12.916s][info][gc,stats    ] 
[12.916s][info][gc,stats    ] All times are wall-clock times, except per-root-class counters, that are sum over
[12.916s][info][gc,stats    ] all workers. Dividing the <total> over the root stage time estimates parallelism.
[12.916s][info][gc,stats    ] 
[12.916s][info][gc,stats    ] Concurrent Reset                   3021 us
[12.916s][info][gc,stats    ] Pause Init Mark (G)                 450 us
[12.916s][info][gc,stats    ] Pause Init Mark (N)                 159 us
[12.916s][info][gc,stats    ]   Update Region States               99 us
[12.916s][info][gc,stats    ] Concurrent Mark Roots               277 us, parallelism: 1.00x
[12.916s][info][gc,stats    ]   CMR: <total>                      278 us
[12.916s][info][gc,stats    ]   CMR: Thread Roots                 209 us, workers (us):  56,  84,  69, ---, ---, ---, 
[12.916s][info][gc,stats    ]   CMR: VM Strong Roots                9 us, workers (us):   8,   0,   0, ---, ---, ---, 
[12.916s][info][gc,stats    ]   CMR: CLDG Roots                    61 us, workers (us):  61, ---, ---, ---, ---, ---, 
[12.916s][info][gc,stats    ] Concurrent Marking                 2282 us
[12.916s][info][gc,stats    ] Pause Final Mark (G)                727 us
[12.916s][info][gc,stats    ] Pause Final Mark (N)                501 us
[12.916s][info][gc,stats    ]   Finish Mark                       258 us
[12.916s][info][gc,stats    ]   Update Region States               93 us
[12.916s][info][gc,stats    ]   Choose Collection Set              87 us
[12.916s][info][gc,stats    ]   Rebuild Free Set                   18 us
[12.916s][info][gc,stats    ] Concurrent Thread Roots             200 us, parallelism: 0.55x
[12.916s][info][gc,stats    ]   CTR: <total>                      111 us
[12.916s][info][gc,stats    ]   CTR: Thread Roots                 111 us, workers (us):  65,  46,   0, ---, ---, ---, 
[12.916s][info][gc,stats    ] Concurrent Weak References          127 us, parallelism: 0.06x
[12.916s][info][gc,stats    ]   CWRF: <total>                       7 us
[12.916s][info][gc,stats    ]   CWRF: Weak References               7 us, workers (us):   6,   1,   0, ---, ---, ---, 
[12.917s][info][gc,stats    ] Concurrent Weak Roots               359 us
[12.917s][info][gc,stats    ]   Roots                             233 us, parallelism: 1.11x
[12.917s][info][gc,stats    ]     CWR: <total>                    258 us
[12.917s][info][gc,stats    ]     CWR: Code Cache Roots           210 us, workers (us): 115,   0,  95, ---, ---, ---, 
[12.917s][info][gc,stats    ]     CWR: VM Weak Roots               37 us, workers (us):  21,  15,   1, ---, ---, ---, 
[12.917s][info][gc,stats    ]     CWR: CLDG Roots                  11 us, workers (us): ---,  11, ---, ---, ---, ---, 
[12.917s][info][gc,stats    ]   Rendezvous                        106 us
[12.917s][info][gc,stats    ] Concurrent Cleanup                  123 us
[12.917s][info][gc,stats    ] Concurrent Class Unloading          806 us
[12.917s][info][gc,stats    ]   Unlink Stale                      496 us
[12.917s][info][gc,stats    ]     System Dictionary                 6 us
[12.917s][info][gc,stats    ]     Weak Class Links                  0 us
[12.917s][info][gc,stats    ]     Code Roots                      489 us
[12.917s][info][gc,stats    ]   Rendezvous                        118 us
[12.917s][info][gc,stats    ]   Purge Unlinked                    153 us
[12.917s][info][gc,stats    ]     Code Roots                      132 us
[12.917s][info][gc,stats    ]     CLDG                             20 us
[12.917s][info][gc,stats    ]     Exception Caches                  1 us
[12.917s][info][gc,stats    ] Concurrent Strong Roots             180 us, parallelism: 0.28x
[12.917s][info][gc,stats    ]   CSR: <total>                       50 us
[12.917s][info][gc,stats    ]   CSR: VM Strong Roots                7 us, workers (us):   7,   0,   0, ---, ---, ---, 
[12.917s][info][gc,stats    ]   CSR: CLDG Roots                    43 us, workers (us):  43, ---, ---, ---, ---, ---, 
[12.917s][info][gc,stats    ] Concurrent Evacuation             13763 us
[12.917s][info][gc,stats    ] Pause Init Update Refs (G)          472 us
[12.917s][info][gc,stats    ] Pause Init Update Refs (N)           51 us
[12.917s][info][gc,stats    ]   Manage GCLABs                       6 us
[12.917s][info][gc,stats    ] Concurrent Update Refs             3396 us
[12.917s][info][gc,stats    ] Concurrent Update Thread Roots      389 us
[12.917s][info][gc,stats    ] Pause Final Update Refs (G)         445 us
[12.917s][info][gc,stats    ] Pause Final Update Refs (N)         192 us
[12.917s][info][gc,stats    ]   Update Region States              120 us
[12.917s][info][gc,stats    ]   Trash Collection Set               13 us
[12.917s][info][gc,stats    ]   Rebuild Free Set                   23 us
[12.917s][info][gc,stats    ] Concurrent Cleanup                   84 us
[12.917s][info][gc,stats    ] 
[12.917s][info][gc,stats    ] Allocation pacing accrued:
[12.917s][info][gc,stats    ]       0 of    75 ms (  0.0%): <total>
[12.917s][info][gc,stats    ]       0 of    75 ms (  0.0%): <average total>
[12.917s][info][gc,stats    ] 
[12.917s][info][gc,metaspace] Metaspace: 6358K(6528K)->6358K(6528K) NonClass: 5812K(5888K)->5812K(5888K) Class: 546K(640K)->546K(640K)
[12.917s][info][gc,ergo     ] Pacer for Idle. Initial: 20971K, Alloc Tax Rate: 1.0x
[12.955s][info][gc          ] Trigger: Average GC time (31.96 ms) is above the time for average allocation rate (4551 MB/s) to deplete free headroom (132M) (margin of error = 1.86)
[12.956s][info][gc,ergo     ] Free headroom: 183M (free) - 52428K (spike) - 0B (penalties) = 132M
[12.956s][info][gc,ergo     ] Free: 183M, Max: 512K regular, 160M humongous, Frag: 13% external, 5% internal; Reserve: 52736K, Max: 512K
[12.956s][info][gc,start    ] GC(127) Concurrent reset
[12.956s][info][gc,task     ] GC(127) Using 3 of 6 workers for concurrent reset
[12.956s][info][gc,ergo     ] GC(127) Pacer for Reset. Non-Taxable: 1024M
[12.959s][info][gc          ] GC(127) Concurrent reset 3.031ms
[12.959s][info][gc,start    ] GC(127) Pause Init Mark (unload classes)
[12.959s][info][gc,task     ] GC(127) Using 6 of 6 workers for init marking
[12.959s][info][gc,ergo     ] GC(127) Pacer for Mark. Expected Live: 196M, Free: 170M, Non-Taxable: 17492K, Alloc Tax Rate: 1.4x
[12.959s][info][gc          ] GC(127) Pause Init Mark (unload classes) 0.170ms
[12.959s][info][gc,start    ] GC(127) Concurrent marking roots
[12.959s][info][gc,task     ] GC(127) Using 3 of 6 workers for concurrent marking roots
[12.959s][info][gc          ] GC(127) Concurrent marking roots 0.227ms
[12.959s][info][gc,start    ] GC(127) Concurrent marking (unload classes)
[12.959s][info][gc,task     ] GC(127) Using 3 of 6 workers for concurrent marking
[12.962s][info][gc          ] GC(127) Concurrent marking (unload classes) 2.387ms
[12.962s][info][gc,start    ] GC(127) Pause Final Mark (unload classes)
[12.962s][info][gc,task     ] GC(127) Using 6 of 6 workers for final marking
[12.962s][info][gc,ergo     ] GC(127) Adaptive CSet Selection. Target Free: 145M, Actual Free: 528M, Max CSet: 43690K, Min Garbage: 0B
[12.963s][info][gc,ergo     ] GC(127) Collectable Garbage: 497M (84%), Immediate: 331M (56%), CSet: 165M (28%)
[12.963s][info][gc,ergo     ] GC(127) Pacer for Evacuation. Used CSet: 208M, Free: 491M, Non-Taxable: 50290K, Alloc Tax Rate: 1.1x
[12.963s][info][gc          ] GC(127) Pause Final Mark (unload classes) 0.517ms
[12.963s][info][gc,start    ] GC(127) Concurrent thread roots
[12.963s][info][gc,task     ] GC(127) Using 3 of 6 workers for Concurrent thread roots
[12.963s][info][gc          ] GC(127) Concurrent thread roots 0.180ms
[12.963s][info][gc,start    ] GC(127) Concurrent weak references
[12.963s][info][gc,task     ] GC(127) Using 3 of 6 workers for concurrent weak references
[12.963s][info][gc,ref      ] GC(127) Encountered references: Soft: 47, Weak: 146, Final: 0, Phantom: 3
[12.963s][info][gc,ref      ] GC(127) Discovered  references: Soft: 0, Weak: 50, Final: 0, Phantom: 2
[12.963s][info][gc,ref      ] GC(127) Enqueued    references: Soft: 0, Weak: 0, Final: 0, Phantom: 0
[12.963s][info][gc          ] GC(127) Concurrent weak references 0.129ms
[12.963s][info][gc,start    ] GC(127) Concurrent weak roots
[12.963s][info][gc,task     ] GC(127) Using 3 of 6 workers for concurrent weak root
[12.963s][info][gc          ] GC(127) Concurrent weak roots 0.468ms
[12.963s][info][gc,start    ] GC(127) Concurrent cleanup
[12.964s][info][gc          ] GC(127) Concurrent cleanup 813M->483M(1024M) 0.105ms
[12.964s][info][gc,ergo     ] GC(127) Free: 478M, Max: 512K regular, 169M humongous, Frag: 65% external, 0% internal; Reserve: 52720K, Max: 512K
[12.964s][info][gc,start    ] GC(127) Concurrent class unloading
[12.964s][info][gc,task     ] GC(127) Using 3 of 6 workers for concurrent class unloading
[12.964s][info][gc          ] GC(127) Concurrent class unloading 0.765ms
[12.964s][info][gc,start    ] GC(127) Concurrent strong roots
[12.964s][info][gc,task     ] GC(127) Using 3 of 6 workers for concurrent strong root
[12.965s][info][gc          ] GC(127) Concurrent strong roots 0.141ms
[12.965s][info][gc,start    ] GC(127) Concurrent evacuation
[12.965s][info][gc,task     ] GC(127) Using 3 of 6 workers for concurrent evacuation
[12.979s][info][gc          ] GC(127) Concurrent evacuation 14.463ms
[12.979s][info][gc,start    ] GC(127) Pause Init Update Refs
[12.979s][info][gc,ergo     ] GC(127) Pacer for Update Refs. Used: 583M, Free: 421M, Non-Taxable: 43128K, Alloc Tax Rate: 1.7x
[12.979s][info][gc          ] GC(127) Pause Init Update Refs 0.032ms
[12.979s][info][gc,start    ] GC(127) Concurrent update references
[12.979s][info][gc,task     ] GC(127) Using 3 of 6 workers for concurrent reference update
[12.982s][info][gc          ] GC(127) Concurrent update references 2.857ms
[12.982s][info][gc,start    ] GC(127) Concurrent update thread roots
[12.983s][info][gc          ] GC(127) Concurrent update thread roots 0.348ms
[12.983s][info][gc,start    ] GC(127) Pause Final Update Refs
[12.983s][info][gc,task     ] GC(127) Using 6 of 6 workers for final reference update
[12.983s][info][gc          ] GC(127) Pause Final Update Refs 0.177ms
[12.983s][info][gc,start    ] GC(127) Concurrent cleanup
[12.983s][info][gc          ] GC(127) Concurrent cleanup 608M->401M(1024M) 0.073ms
[12.983s][info][gc,ergo     ] Free: 570M, Max: 512K regular, 141M humongous, Frag: 75% external, 37% internal; Reserve: 52736K, Max: 512K
[12.983s][info][gc,stats    ] 
[12.983s][info][gc,stats    ] All times are wall-clock times, except per-root-class counters, that are sum over
[12.983s][info][gc,stats    ] all workers. Dividing the <total> over the root stage time estimates parallelism.
[12.983s][info][gc,stats    ] 
[12.983s][info][gc,stats    ] Concurrent Reset                   3123 us
[12.983s][info][gc,stats    ] Pause Init Mark (G)                 454 us
[12.983s][info][gc,stats    ] Pause Init Mark (N)                 175 us
[12.983s][info][gc,stats    ]   Update Region States              121 us
[12.983s][info][gc,stats    ] Concurrent Mark Roots               240 us, parallelism: 0.86x
[12.983s][info][gc,stats    ]   CMR: <total>                      205 us
[12.983s][info][gc,stats    ]   CMR: Thread Roots                 148 us, workers (us):  11,  90,  47, ---, ---, ---, 
[12.983s][info][gc,stats    ]   CMR: VM Strong Roots               10 us, workers (us):   6,   5,   0, ---, ---, ---, 
[12.983s][info][gc,stats    ]   CMR: CLDG Roots                    47 us, workers (us):  47, ---, ---, ---, ---, ---, 
[12.983s][info][gc,stats    ] Concurrent Marking                 2455 us
[12.983s][info][gc,stats    ] Pause Final Mark (G)                734 us
[12.983s][info][gc,stats    ] Pause Final Mark (N)                522 us
[12.983s][info][gc,stats    ]   Finish Mark                       297 us
[12.983s][info][gc,stats    ]   Update Region States               83 us
[12.983s][info][gc,stats    ]   Choose Collection Set              82 us
[12.983s][info][gc,stats    ]   Rebuild Free Set                   18 us
[12.983s][info][gc,stats    ] Concurrent Thread Roots             191 us, parallelism: 0.84x
[12.983s][info][gc,stats    ]   CTR: <total>                      161 us
[12.983s][info][gc,stats    ]   CTR: Thread Roots                 161 us, workers (us):  54,  50,  57, ---, ---, ---, 
[12.983s][info][gc,stats    ] Concurrent Weak References          132 us, parallelism: 0.05x
[12.983s][info][gc,stats    ]   CWRF: <total>                       7 us
[12.983s][info][gc,stats    ]   CWRF: Weak References               7 us, workers (us):   7,   0,   0, ---, ---, ---, 
[12.983s][info][gc,stats    ] Concurrent Weak Roots               481 us
[12.983s][info][gc,stats    ]   Roots                             350 us, parallelism: 1.24x
[12.983s][info][gc,stats    ]     CWR: <total>                    433 us
[12.983s][info][gc,stats    ]     CWR: Code Cache Roots           366 us, workers (us):   0, 167, 199, ---, ---, ---, 
[12.983s][info][gc,stats    ]     CWR: VM Weak Roots               56 us, workers (us):  43,   7,   6, ---, ---, ---, 
[12.983s][info][gc,stats    ]     CWR: CLDG Roots                  11 us, workers (us):  11, ---, ---, ---, ---, ---, 
[12.983s][info][gc,stats    ]   Rendezvous                        110 us
[12.983s][info][gc,stats    ] Concurrent Cleanup                  110 us
[12.983s][info][gc,stats    ] Concurrent Class Unloading          797 us
[12.983s][info][gc,stats    ]   Unlink Stale                      547 us
[12.983s][info][gc,stats    ]     System Dictionary                 7 us
[12.983s][info][gc,stats    ]     Weak Class Links                  1 us
[12.983s][info][gc,stats    ]     Code Roots                      537 us
[12.983s][info][gc,stats    ]   Rendezvous                         75 us
[12.983s][info][gc,stats    ]   Purge Unlinked                    133 us
[12.983s][info][gc,stats    ]     Code Roots                      114 us
[12.983s][info][gc,stats    ]     CLDG                             18 us
[12.983s][info][gc,stats    ]     Exception Caches                  0 us
[12.983s][info][gc,stats    ] Concurrent Strong Roots             153 us, parallelism: 0.26x
[12.983s][info][gc,stats    ]   CSR: <total>                       40 us
[12.983s][info][gc,stats    ]   CSR: VM Strong Roots                4 us, workers (us):   4,   0,   0, ---, ---, ---, 
[12.983s][info][gc,stats    ]   CSR: CLDG Roots                    35 us, workers (us):  35, ---, ---, ---, ---, ---, 
[12.983s][info][gc,stats    ] Concurrent Evacuation             14575 us
[12.983s][info][gc,stats    ] Pause Init Update Refs (G)          348 us
[12.983s][info][gc,stats    ] Pause Init Update Refs (N)           37 us
[12.983s][info][gc,stats    ]   Manage GCLABs                       4 us
[12.983s][info][gc,stats    ] Concurrent Update Refs             2935 us
[12.983s][info][gc,stats    ] Concurrent Update Thread Roots      367 us
[12.983s][info][gc,stats    ] Pause Final Update Refs (G)         399 us
[12.983s][info][gc,stats    ] Pause Final Update Refs (N)         187 us
[12.983s][info][gc,stats    ]   Update Region States              114 us
[12.983s][info][gc,stats    ]   Trash Collection Set               13 us
[12.983s][info][gc,stats    ]   Rebuild Free Set                   24 us
[12.983s][info][gc,stats    ] Concurrent Cleanup                   79 us
[12.983s][info][gc,stats    ] 
[12.983s][info][gc,stats    ] Allocation pacing accrued:
[12.983s][info][gc,stats    ]       0 of    67 ms (  0.0%): <total>
[12.983s][info][gc,stats    ]       0 of    67 ms (  0.0%): <average total>
[12.983s][info][gc,stats    ] 
[12.983s][info][gc,metaspace] Metaspace: 6358K(6528K)->6358K(6528K) NonClass: 5812K(5888K)->5812K(5888K) Class: 546K(640K)->546K(640K)
[12.984s][info][gc,ergo     ] Pacer for Idle. Initial: 20971K, Alloc Tax Rate: 1.0x
[13.021s][info][gc          ] Trigger: Average GC time (30.65 ms) is above the time for average allocation rate (4552 MB/s) to deplete free headroom (133M) (margin of error = 1.87)
[13.021s][info][gc,ergo     ] Free headroom: 184M (free) - 52428K (spike) - 0B (penalties) = 133M
[13.021s][info][gc,ergo     ] Free: 184M, Max: 512K regular, 141M humongous, Frag: 23% external, 31% internal; Reserve: 52736K, Max: 512K
[13.021s][info][gc,start    ] GC(128) Concurrent reset
[13.021s][info][gc,task     ] GC(128) Using 3 of 6 workers for concurrent reset
[13.021s][info][gc,ergo     ] GC(128) Pacer for Reset. Non-Taxable: 1024M
[13.024s][info][gc          ] GC(128) Concurrent reset 2.623ms
[13.024s][info][gc,start    ] GC(128) Pause Init Mark (unload classes)
[13.024s][info][gc,task     ] GC(128) Using 6 of 6 workers for init marking
[13.024s][info][gc,ergo     ] GC(128) Pacer for Mark. Expected Live: 196M, Free: 173M, Non-Taxable: 17717K, Alloc Tax Rate: 1.4x
[13.024s][info][gc          ] GC(128) Pause Init Mark (unload classes) 0.237ms
[13.024s][info][gc,start    ] GC(128) Concurrent marking roots
[13.024s][info][gc,task     ] GC(128) Using 3 of 6 workers for concurrent marking roots
[13.025s][info][gc          ] GC(128) Concurrent marking roots 0.286ms
[13.025s][info][gc,start    ] GC(128) Concurrent marking (unload classes)
[13.025s][info][gc,task     ] GC(128) Using 3 of 6 workers for concurrent marking
[13.027s][info][gc          ] GC(128) Concurrent marking (unload classes) 2.136ms
[13.027s][info][gc,start    ] GC(128) Pause Final Mark (unload classes)
[13.027s][info][gc,task     ] GC(128) Using 6 of 6 workers for final marking
[13.027s][info][gc,ergo     ] GC(128) Adaptive CSet Selection. Target Free: 145M, Actual Free: 545M, Max CSet: 43690K, Min Garbage: 0B
[13.027s][info][gc,ergo     ] GC(128) Collectable Garbage: 504M (85%), Immediate: 340M (57%), CSet: 164M (27%)
[13.027s][info][gc,ergo     ] GC(128) Pacer for Evacuation. Used CSet: 206M, Free: 507M, Non-Taxable: 51932K, Alloc Tax Rate: 1.1x
[13.027s][info][gc          ] GC(128) Pause Final Mark (unload classes) 0.482ms
[13.027s][info][gc,start    ] GC(128) Concurrent thread roots
[13.027s][info][gc,task     ] GC(128) Using 3 of 6 workers for Concurrent thread roots
[13.027s][info][gc          ] GC(128) Concurrent thread roots 0.172ms
[13.027s][info][gc,start    ] GC(128) Concurrent weak references
[13.028s][info][gc,task     ] GC(128) Using 3 of 6 workers for concurrent weak references
[13.028s][info][gc,ref      ] GC(128) Encountered references: Soft: 47, Weak: 146, Final: 0, Phantom: 3
[13.028s][info][gc,ref      ] GC(128) Discovered  references: Soft: 0, Weak: 48, Final: 0, Phantom: 2
[13.028s][info][gc,ref      ] GC(128) Enqueued    references: Soft: 0, Weak: 0, Final: 0, Phantom: 0
[13.028s][info][gc          ] GC(128) Concurrent weak references 0.127ms
[13.028s][info][gc,start    ] GC(128) Concurrent weak roots
[13.028s][info][gc,task     ] GC(128) Using 3 of 6 workers for concurrent weak root
[13.028s][info][gc          ] GC(128) Concurrent weak roots 0.260ms
[13.028s][info][gc,start    ] GC(128) Concurrent cleanup
[13.028s][info][gc          ] GC(128) Concurrent cleanup 801M->461M(1024M) 0.061ms
[13.028s][info][gc,ergo     ] GC(128) Free: 507M, Max: 512K regular, 167M humongous, Frag: 67% external, 32% internal; Reserve: 52718K, Max: 512K
[13.028s][info][gc,start    ] GC(128) Concurrent class unloading
[13.028s][info][gc,task     ] GC(128) Using 3 of 6 workers for concurrent class unloading
[13.029s][info][gc          ] GC(128) Concurrent class unloading 0.648ms
[13.029s][info][gc,start    ] GC(128) Concurrent strong roots
[13.029s][info][gc,task     ] GC(128) Using 3 of 6 workers for concurrent strong root
[13.029s][info][gc          ] GC(128) Concurrent strong roots 0.126ms
[13.029s][info][gc,start    ] GC(128) Concurrent evacuation
[13.029s][info][gc,task     ] GC(128) Using 3 of 6 workers for concurrent evacuation
[13.038s][info][gc          ] GC(128) Concurrent evacuation 9.263ms
[13.038s][info][gc,start    ] GC(128) Pause Init Update Refs
[13.038s][info][gc,ergo     ] GC(128) Pacer for Update Refs. Used: 514M, Free: 498M, Non-Taxable: 51040K, Alloc Tax Rate: 1.3x
[13.038s][info][gc          ] GC(128) Pause Init Update Refs 0.031ms
[13.038s][info][gc,start    ] GC(128) Concurrent update references
[13.038s][info][gc,task     ] GC(128) Using 3 of 6 workers for concurrent reference update
[13.041s][info][gc          ] GC(128) Concurrent update references 2.817ms
[13.041s][info][gc,start    ] GC(128) Concurrent update thread roots
[13.042s][info][gc          ] GC(128) Concurrent update thread roots 0.282ms
[13.042s][info][gc,start    ] GC(128) Pause Final Update Refs
[13.042s][info][gc,task     ] GC(128) Using 6 of 6 workers for final reference update
[13.042s][info][gc          ] GC(128) Pause Final Update Refs 0.306ms
[13.042s][info][gc,start    ] GC(128) Concurrent cleanup
[13.042s][info][gc          ] GC(128) Concurrent cleanup 537M->331M(1024M) 0.086ms
[13.042s][info][gc,ergo     ] Free: 640M, Max: 512K regular, 140M humongous, Frag: 78% external, 30% internal; Reserve: 52736K, Max: 512K
[13.042s][info][gc,stats    ] 
[13.042s][info][gc,stats    ] All times are wall-clock times, except per-root-class counters, that are sum over
[13.042s][info][gc,stats    ] all workers. Dividing the <total> over the root stage time estimates parallelism.
[13.042s][info][gc,stats    ] 
[13.042s][info][gc,stats    ] Concurrent Reset                   2739 us
[13.042s][info][gc,stats    ] Pause Init Mark (G)                 584 us
[13.042s][info][gc,stats    ] Pause Init Mark (N)                 242 us
[13.042s][info][gc,stats    ]   Update Region States              180 us
[13.042s][info][gc,stats    ] Concurrent Mark Roots               299 us, parallelism: 0.78x
[13.042s][info][gc,stats    ]   CMR: <total>                      233 us
[13.042s][info][gc,stats    ]   CMR: Thread Roots                 166 us, workers (us):  50,  63,  53, ---, ---, ---, 
[13.042s][info][gc,stats    ]   CMR: VM Strong Roots                8 us, workers (us):   7,   0,   0, ---, ---, ---, 
[13.042s][info][gc,stats    ]   CMR: CLDG Roots                    60 us, workers (us):  60, ---, ---, ---, ---, ---, 
[13.042s][info][gc,stats    ] Concurrent Marking                 2166 us
[13.042s][info][gc,stats    ] Pause Final Mark (G)                586 us
[13.042s][info][gc,stats    ] Pause Final Mark (N)                486 us
[13.042s][info][gc,stats    ]   Finish Mark                       281 us
[13.042s][info][gc,stats    ]   Update Region States               80 us
[13.042s][info][gc,stats    ]   Choose Collection Set              75 us
[13.042s][info][gc,stats    ]   Rebuild Free Set                   18 us
[13.042s][info][gc,stats    ] Concurrent Thread Roots             181 us, parallelism: 0.66x
[13.042s][info][gc,stats    ]   CTR: <total>                      120 us
[13.042s][info][gc,stats    ]   CTR: Thread Roots                 120 us, workers (us):  46,  33,  40, ---, ---, ---, 
[13.042s][info][gc,stats    ] Concurrent Weak References          131 us, parallelism: 0.04x
[13.042s][info][gc,stats    ]   CWRF: <total>                       5 us
[13.042s][info][gc,stats    ]   CWRF: Weak References               5 us, workers (us):   5,   0,   0, ---, ---, ---, 
[13.042s][info][gc,stats    ] Concurrent Weak Roots               268 us
[13.042s][info][gc,stats    ]   Roots                             197 us, parallelism: 0.88x
[13.042s][info][gc,stats    ]     CWR: <total>                    174 us
[13.042s][info][gc,stats    ]     CWR: Code Cache Roots           149 us, workers (us):   0,  83,  66, ---, ---, ---, 
[13.042s][info][gc,stats    ]     CWR: VM Weak Roots               21 us, workers (us):  20,   1,   1, ---, ---, ---, 
[13.042s][info][gc,stats    ]     CWR: CLDG Roots                   4 us, workers (us):   4, ---, ---, ---, ---, ---, 
[13.042s][info][gc,stats    ]   Rendezvous                         55 us
[13.042s][info][gc,stats    ] Concurrent Cleanup                   66 us
[13.042s][info][gc,stats    ] Concurrent Class Unloading          663 us
[13.042s][info][gc,stats    ]   Unlink Stale                      367 us
[13.042s][info][gc,stats    ]     System Dictionary                 3 us
[13.042s][info][gc,stats    ]     Weak Class Links                  0 us
[13.043s][info][gc,stats    ]     Code Roots                      363 us
[13.043s][info][gc,stats    ]   Rendezvous                        120 us
[13.043s][info][gc,stats    ]   Purge Unlinked                    154 us
[13.043s][info][gc,stats    ]     Code Roots                      135 us
[13.043s][info][gc,stats    ]     CLDG                             18 us
[13.043s][info][gc,stats    ]     Exception Caches                  0 us
[13.043s][info][gc,stats    ] Concurrent Strong Roots             138 us, parallelism: 0.12x
[13.043s][info][gc,stats    ]   CSR: <total>                       16 us
[13.043s][info][gc,stats    ]   CSR: VM Strong Roots                2 us, workers (us):   2,   0,   0, ---, ---, ---, 
[13.043s][info][gc,stats    ]   CSR: CLDG Roots                    14 us, workers (us):  14, ---, ---, ---, ---, ---, 
[13.043s][info][gc,stats    ] Concurrent Evacuation              9349 us
[13.043s][info][gc,stats    ] Pause Init Update Refs (G)          272 us
[13.043s][info][gc,stats    ] Pause Init Update Refs (N)           34 us
[13.043s][info][gc,stats    ]   Manage GCLABs                       3 us
[13.043s][info][gc,stats    ] Concurrent Update Refs             2884 us
[13.043s][info][gc,stats    ] Concurrent Update Thread Roots      301 us
[13.043s][info][gc,stats    ] Pause Final Update Refs (G)         610 us
[13.043s][info][gc,stats    ] Pause Final Update Refs (N)         318 us
[13.043s][info][gc,stats    ]   Update Region States              174 us
[13.043s][info][gc,stats    ]   Trash Collection Set               27 us
[13.043s][info][gc,stats    ]   Rebuild Free Set                   55 us
[13.043s][info][gc,stats    ] Concurrent Cleanup                   93 us
[13.043s][info][gc,stats    ] Pacing                            10392 us
[13.043s][info][gc,stats    ] 
[13.043s][info][gc,stats    ] Allocation pacing accrued:
[13.043s][info][gc,stats    ]      10 of    59 ms ( 17.6%): main
[13.043s][info][gc,stats    ]      10 of    59 ms ( 17.6%): <total>
[13.043s][info][gc,stats    ]       1 of    59 ms (  1.6%): <average total>
[13.043s][info][gc,stats    ]      10 of    59 ms ( 17.6%): <average non-zero>
[13.043s][info][gc,stats    ] 
[13.043s][info][gc,metaspace] Metaspace: 6358K(6528K)->6358K(6528K) NonClass: 5812K(5888K)->5812K(5888K) Class: 546K(640K)->546K(640K)
[13.043s][info][gc,ergo     ] Pacer for Idle. Initial: 20971K, Alloc Tax Rate: 1.0x
[13.089s][info][gc          ] Trigger: Average GC time (31.09 ms) is above the time for average allocation rate (4550 MB/s) to deplete free headroom (135M) (margin of error = 1.84)
[13.089s][info][gc,ergo     ] Free headroom: 187M (free) - 52428K (spike) - 0B (penalties) = 135M
[13.089s][info][gc,ergo     ] Free: 186M, Max: 512K regular, 140M humongous, Frag: 25% external, 2% internal; Reserve: 52736K, Max: 512K
[13.089s][info][gc,start    ] GC(129) Concurrent reset
[13.089s][info][gc,task     ] GC(129) Using 3 of 6 workers for concurrent reset
[13.089s][info][gc,ergo     ] GC(129) Pacer for Reset. Non-Taxable: 1024M
[13.092s][info][gc          ] GC(129) Concurrent reset 3.607ms
[13.093s][info][gc,start    ] GC(129) Pause Init Mark (unload classes)
[13.093s][info][gc,task     ] GC(129) Using 6 of 6 workers for init marking
[13.093s][info][gc,ergo     ] GC(129) Pacer for Mark. Expected Live: 196M, Free: 173M, Non-Taxable: 17809K, Alloc Tax Rate: 1.4x
[13.093s][info][gc          ] GC(129) Pause Init Mark (unload classes) 0.241ms
[13.093s][info][gc,start    ] GC(129) Concurrent marking roots
[13.093s][info][gc,task     ] GC(129) Using 3 of 6 workers for concurrent marking roots
[13.094s][info][gc          ] GC(129) Concurrent marking roots 0.338ms
[13.094s][info][gc,start    ] GC(129) Concurrent marking (unload classes)
[13.094s][info][gc,task     ] GC(129) Using 3 of 6 workers for concurrent marking
[13.097s][info][gc          ] GC(129) Concurrent marking (unload classes) 3.619ms
[13.097s][info][gc,start    ] GC(129) Pause Final Mark (unload classes)
[13.097s][info][gc,task     ] GC(129) Using 6 of 6 workers for final marking
[13.098s][info][gc,ergo     ] GC(129) Adaptive CSet Selection. Target Free: 145M, Actual Free: 537M, Max CSet: 43690K, Min Garbage: 0B
[13.098s][info][gc,ergo     ] GC(129) Collectable Garbage: 494M (84%), Immediate: 331M (56%), CSet: 162M (27%)
[13.098s][info][gc,ergo     ] GC(129) Pacer for Evacuation. Used CSet: 204M, Free: 499M, Non-Taxable: 51191K, Alloc Tax Rate: 1.1x
[13.098s][info][gc          ] GC(129) Pause Final Mark (unload classes) 0.529ms
[13.098s][info][gc,start    ] GC(129) Concurrent thread roots
[13.098s][info][gc,task     ] GC(129) Using 3 of 6 workers for Concurrent thread roots
[13.098s][info][gc          ] GC(129) Concurrent thread roots 0.166ms
[13.098s][info][gc,start    ] GC(129) Concurrent weak references
[13.098s][info][gc,task     ] GC(129) Using 3 of 6 workers for concurrent weak references
[13.098s][info][gc,ref      ] GC(129) Encountered references: Soft: 47, Weak: 146, Final: 0, Phantom: 3
[13.098s][info][gc,ref      ] GC(129) Discovered  references: Soft: 0, Weak: 105, Final: 0, Phantom: 2
[13.098s][info][gc,ref      ] GC(129) Enqueued    references: Soft: 0, Weak: 0, Final: 0, Phantom: 0
[13.098s][info][gc          ] GC(129) Concurrent weak references 0.156ms
[13.098s][info][gc,start    ] GC(129) Concurrent weak roots
[13.098s][info][gc,task     ] GC(129) Using 3 of 6 workers for concurrent weak root
[13.099s][info][gc          ] GC(129) Concurrent weak roots 0.335ms
[13.099s][info][gc,start    ] GC(129) Concurrent cleanup
[13.099s][info][gc          ] GC(129) Concurrent cleanup 805M->475M(1024M) 0.107ms
[13.099s][info][gc,ergo     ] GC(129) Free: 486M, Max: 512K regular, 182M humongous, Frag: 63% external, 0% internal; Reserve: 52720K, Max: 512K
[13.099s][info][gc,start    ] GC(129) Concurrent class unloading
[13.099s][info][gc,task     ] GC(129) Using 3 of 6 workers for concurrent class unloading
[13.100s][info][gc          ] GC(129) Concurrent class unloading 0.869ms
[13.100s][info][gc,start    ] GC(129) Concurrent strong roots
[13.100s][info][gc,task     ] GC(129) Using 3 of 6 workers for concurrent strong root
[13.100s][info][gc          ] GC(129) Concurrent strong roots 0.263ms
[13.100s][info][gc,start    ] GC(129) Concurrent evacuation
[13.100s][info][gc,task     ] GC(129) Using 3 of 6 workers for concurrent evacuation
[13.116s][info][gc          ] GC(129) Concurrent evacuation 16.061ms
[13.116s][info][gc,start    ] GC(129) Pause Init Update Refs
[13.116s][info][gc,ergo     ] GC(129) Pacer for Update Refs. Used: 584M, Free: 419M, Non-Taxable: 42984K, Alloc Tax Rate: 1.7x
[13.116s][info][gc          ] GC(129) Pause Init Update Refs 0.036ms
[13.117s][info][gc,start    ] GC(129) Concurrent update references
[13.117s][info][gc,task     ] GC(129) Using 3 of 6 workers for concurrent reference update
[13.119s][info][gc          ] GC(129) Concurrent update references 2.588ms
[13.119s][info][gc,start    ] GC(129) Concurrent update thread roots
[13.120s][info][gc          ] GC(129) Concurrent update thread roots 0.380ms
[13.120s][info][gc,start    ] GC(129) Pause Final Update Refs
[13.120s][info][gc,task     ] GC(129) Using 6 of 6 workers for final reference update
[13.120s][info][gc          ] GC(129) Pause Final Update Refs 0.218ms
[13.120s][info][gc,start    ] GC(129) Concurrent cleanup
[13.120s][info][gc          ] GC(129) Concurrent cleanup 607M->403M(1024M) 0.078ms
[13.120s][info][gc,ergo     ] Free: 568M, Max: 512K regular, 153M humongous, Frag: 73% external, 37% internal; Reserve: 52736K, Max: 512K
[13.120s][info][gc,stats    ] 
[13.120s][info][gc,stats    ] All times are wall-clock times, except per-root-class counters, that are sum over
[13.120s][info][gc,stats    ] all workers. Dividing the <total> over the root stage time estimates parallelism.
[13.120s][info][gc,stats    ] 
[13.120s][info][gc,stats    ] Concurrent Reset                   3735 us
[13.120s][info][gc,stats    ] Pause Init Mark (G)                 587 us
[13.120s][info][gc,stats    ] Pause Init Mark (N)                 248 us
[13.120s][info][gc,stats    ]   Update Region States              146 us
[13.120s][info][gc,stats    ] Concurrent Mark Roots               353 us, parallelism: 1.29x
[13.120s][info][gc,stats    ]   CMR: <total>                      457 us
[13.120s][info][gc,stats    ]   CMR: Thread Roots                 311 us, workers (us): 135,   6, 170, ---, ---, ---, 
[13.120s][info][gc,stats    ]   CMR: VM Strong Roots               19 us, workers (us):  14,   5,   0, ---, ---, ---, 
[13.120s][info][gc,stats    ]   CMR: CLDG Roots                   126 us, workers (us): ---, 126, ---, ---, ---, ---, 
[13.120s][info][gc,stats    ] Concurrent Marking                 3731 us
[13.120s][info][gc,stats    ] Pause Final Mark (G)                793 us
[13.120s][info][gc,stats    ] Pause Final Mark (N)                533 us
[13.120s][info][gc,stats    ]   Finish Mark                       249 us
[13.120s][info][gc,stats    ]   Update Region States              137 us
[13.120s][info][gc,stats    ]   Choose Collection Set              86 us
[13.120s][info][gc,stats    ]   Rebuild Free Set                   16 us
[13.120s][info][gc,stats    ] Concurrent Thread Roots             177 us, parallelism: 0.81x
[13.120s][info][gc,stats    ]   CTR: <total>                      143 us
[13.120s][info][gc,stats    ]   CTR: Thread Roots                 143 us, workers (us):  44,  45,  54, ---, ---, ---, 
[13.120s][info][gc,stats    ] Concurrent Weak References          159 us, parallelism: 0.14x
[13.120s][info][gc,stats    ]   CWRF: <total>                      23 us
[13.120s][info][gc,stats    ]   CWRF: Weak References              23 us, workers (us):  23,   0,   0, ---, ---, ---, 
[13.120s][info][gc,stats    ] Concurrent Weak Roots               347 us
[13.120s][info][gc,stats    ]   Roots                             263 us, parallelism: 0.99x
[13.120s][info][gc,stats    ]     CWR: <total>                    262 us
[13.120s][info][gc,stats    ]     CWR: Code Cache Roots           225 us, workers (us): 124, 101,   0, ---, ---, ---, 
[13.120s][info][gc,stats    ]     CWR: VM Weak Roots               29 us, workers (us):  28,   1,   1, ---, ---, ---, 
[13.120s][info][gc,stats    ]     CWR: CLDG Roots                   7 us, workers (us):   7, ---, ---, ---, ---, ---, 
[13.120s][info][gc,stats    ]   Rendezvous                         64 us
[13.120s][info][gc,stats    ] Concurrent Cleanup                  112 us
[13.120s][info][gc,stats    ] Concurrent Class Unloading          933 us
[13.120s][info][gc,stats    ]   Unlink Stale                      528 us
[13.120s][info][gc,stats    ]     System Dictionary                 7 us
[13.120s][info][gc,stats    ]     Weak Class Links                  0 us
[13.120s][info][gc,stats    ]     Code Roots                      519 us
[13.120s][info][gc,stats    ]   Rendezvous                         73 us
[13.120s][info][gc,stats    ]   Purge Unlinked                    257 us
[13.120s][info][gc,stats    ]     Code Roots                      216 us
[13.120s][info][gc,stats    ]     CLDG                             41 us
[13.120s][info][gc,stats    ]     Exception Caches                  0 us
[13.120s][info][gc,stats    ] Concurrent Strong Roots             279 us, parallelism: 0.33x
[13.120s][info][gc,stats    ]   CSR: <total>                       92 us
[13.120s][info][gc,stats    ]   CSR: VM Strong Roots               12 us, workers (us):   4,   8,   0, ---, ---, ---, 
[13.120s][info][gc,stats    ]   CSR: CLDG Roots                    80 us, workers (us):  80, ---, ---, ---, ---, ---, 
[13.120s][info][gc,stats    ] Concurrent Evacuation             16128 us
[13.120s][info][gc,stats    ] Pause Init Update Refs (G)          290 us
[13.120s][info][gc,stats    ] Pause Init Update Refs (N)           40 us
[13.120s][info][gc,stats    ]   Manage GCLABs                       4 us
[13.120s][info][gc,stats    ] Concurrent Update Refs             2664 us
[13.120s][info][gc,stats    ] Concurrent Update Thread Roots      399 us
[13.120s][info][gc,stats    ] Pause Final Update Refs (G)         448 us
[13.120s][info][gc,stats    ] Pause Final Update Refs (N)         230 us
[13.120s][info][gc,stats    ]   Update Region States              162 us
[13.120s][info][gc,stats    ]   Trash Collection Set                9 us
[13.120s][info][gc,stats    ]   Rebuild Free Set                   22 us
[13.120s][info][gc,stats    ] Concurrent Cleanup                   84 us
[13.120s][info][gc,stats    ] 
[13.120s][info][gc,stats    ] Allocation pacing accrued:
[13.120s][info][gc,stats    ]       0 of    78 ms (  0.0%): <total>
[13.120s][info][gc,stats    ]       0 of    78 ms (  0.0%): <average total>
[13.120s][info][gc,stats    ] 
[13.120s][info][gc,metaspace] Metaspace: 6358K(6528K)->6358K(6528K) NonClass: 5812K(5888K)->5812K(5888K) Class: 546K(640K)->546K(640K)
[13.120s][info][gc,ergo     ] Pacer for Idle. Initial: 20971K, Alloc Tax Rate: 1.0x
[13.159s][info][gc          ] Trigger: Average GC time (35.57 ms) is above the time for average allocation rate (4551 MB/s) to deplete free headroom (159M) (margin of error = 1.85)
[13.160s][info][gc,ergo     ] Free headroom: 210M (free) - 52428K (spike) - 0B (penalties) = 159M
[13.160s][info][gc,ergo     ] Free: 209M, Max: 512K regular, 153M humongous, Frag: 27% external, 31% internal; Reserve: 52736K, Max: 512K
[13.160s][info][gc,start    ] GC(130) Concurrent reset
[13.160s][info][gc,task     ] GC(130) Using 3 of 6 workers for concurrent reset
[13.160s][info][gc,ergo     ] GC(130) Pacer for Reset. Non-Taxable: 1024M
[13.162s][info][gc          ] GC(130) Concurrent reset 2.613ms
[13.163s][info][gc,start    ] GC(130) Pause Init Mark (unload classes)
[13.163s][info][gc,task     ] GC(130) Using 6 of 6 workers for init marking
[13.163s][info][gc,ergo     ] GC(130) Pacer for Mark. Expected Live: 196M, Free: 198M, Non-Taxable: 20284K, Alloc Tax Rate: 1.2x
[13.163s][info][gc          ] GC(130) Pause Init Mark (unload classes) 0.220ms
[13.163s][info][gc,start    ] GC(130) Concurrent marking roots
[13.163s][info][gc,task     ] GC(130) Using 3 of 6 workers for concurrent marking roots
[13.163s][info][gc          ] GC(130) Concurrent marking roots 0.310ms
[13.163s][info][gc,start    ] GC(130) Concurrent marking (unload classes)
[13.163s][info][gc,task     ] GC(130) Using 3 of 6 workers for concurrent marking
[13.166s][info][gc          ] GC(130) Concurrent marking (unload classes) 2.670ms
[13.166s][info][gc,start    ] GC(130) Pause Final Mark (unload classes)
[13.166s][info][gc,task     ] GC(130) Using 6 of 6 workers for final marking
[13.167s][info][gc,ergo     ] GC(130) Adaptive CSet Selection. Target Free: 145M, Actual Free: 535M, Max CSet: 43690K, Min Garbage: 0B
[13.167s][info][gc,ergo     ] GC(130) Collectable Garbage: 474M (84%), Immediate: 315M (55%), CSet: 159M (28%)
[13.167s][info][gc,ergo     ] GC(130) Pacer for Evacuation. Used CSet: 201M, Free: 496M, Non-Taxable: 50880K, Alloc Tax Rate: 1.1x
[13.167s][info][gc          ] GC(130) Pause Final Mark (unload classes) 0.467ms
[13.167s][info][gc,start    ] GC(130) Concurrent thread roots
[13.167s][info][gc,task     ] GC(130) Using 3 of 6 workers for Concurrent thread roots
[13.167s][info][gc          ] GC(130) Concurrent thread roots 0.194ms
[13.167s][info][gc,start    ] GC(130) Concurrent weak references
[13.167s][info][gc,task     ] GC(130) Using 3 of 6 workers for concurrent weak references
[13.167s][info][gc,ref      ] GC(130) Encountered references: Soft: 47, Weak: 146, Final: 0, Phantom: 3
[13.167s][info][gc,ref      ] GC(130) Discovered  references: Soft: 0, Weak: 48, Final: 0, Phantom: 2
[13.167s][info][gc,ref      ] GC(130) Enqueued    references: Soft: 0, Weak: 0, Final: 0, Phantom: 0
[13.167s][info][gc          ] GC(130) Concurrent weak references 0.069ms
[13.167s][info][gc,start    ] GC(130) Concurrent weak roots
[13.167s][info][gc,task     ] GC(130) Using 3 of 6 workers for concurrent weak root
[13.167s][info][gc          ] GC(130) Concurrent weak roots 0.363ms
[13.167s][info][gc,start    ] GC(130) Concurrent cleanup
[13.167s][info][gc          ] GC(130) Concurrent cleanup 792M->478M(1024M) 0.105ms
[13.167s][info][gc,ergo     ] GC(130) Free: 483M, Max: 512K regular, 180M humongous, Frag: 63% external, 1% internal; Reserve: 52720K, Max: 512K
[13.167s][info][gc,start    ] GC(130) Concurrent class unloading
[13.167s][info][gc,task     ] GC(130) Using 3 of 6 workers for concurrent class unloading
[13.168s][info][gc          ] GC(130) Concurrent class unloading 0.759ms
[13.168s][info][gc,start    ] GC(130) Concurrent strong roots
[13.168s][info][gc,task     ] GC(130) Using 3 of 6 workers for concurrent strong root
[13.168s][info][gc          ] GC(130) Concurrent strong roots 0.151ms
[13.168s][info][gc,start    ] GC(130) Concurrent evacuation
[13.168s][info][gc,task     ] GC(130) Using 3 of 6 workers for concurrent evacuation
[13.182s][info][gc          ] GC(130) Concurrent evacuation 13.781ms
[13.183s][info][gc,start    ] GC(130) Pause Init Update Refs
[13.183s][info][gc,ergo     ] GC(130) Pacer for Update Refs. Used: 572M, Free: 432M, Non-Taxable: 44316K, Alloc Tax Rate: 1.6x
[13.183s][info][gc          ] GC(130) Pause Init Update Refs 0.044ms
[13.183s][info][gc,start    ] GC(130) Concurrent update references
[13.183s][info][gc,task     ] GC(130) Using 3 of 6 workers for concurrent reference update
[13.186s][info][gc          ] GC(130) Concurrent update references 3.341ms
[13.186s][info][gc,start    ] GC(130) Concurrent update thread roots
[13.187s][info][gc          ] GC(130) Concurrent update thread roots 0.415ms
[13.187s][info][gc,start    ] GC(130) Pause Final Update Refs
[13.187s][info][gc,task     ] GC(130) Using 6 of 6 workers for final reference update
[13.187s][info][gc          ] GC(130) Pause Final Update Refs 0.200ms
[13.187s][info][gc,start    ] GC(130) Concurrent cleanup
[13.187s][info][gc          ] GC(130) Concurrent cleanup 596M->396M(1024M) 0.077ms
[13.187s][info][gc,ergo     ] Free: 575M, Max: 512K regular, 152M humongous, Frag: 74% external, 37% internal; Reserve: 52736K, Max: 512K
[13.187s][info][gc,stats    ] 
[13.187s][info][gc,stats    ] All times are wall-clock times, except per-root-class counters, that are sum over
[13.187s][info][gc,stats    ] all workers. Dividing the <total> over the root stage time estimates parallelism.
[13.187s][info][gc,stats    ] 
[13.187s][info][gc,stats    ] Concurrent Reset                   2703 us
[13.187s][info][gc,stats    ] Pause Init Mark (G)                 545 us
[13.187s][info][gc,stats    ] Pause Init Mark (N)                 225 us
[13.187s][info][gc,stats    ]   Update Region States              173 us
[13.187s][info][gc,stats    ] Concurrent Mark Roots               324 us, parallelism: 0.88x
[13.187s][info][gc,stats    ]   CMR: <total>                      286 us
[13.187s][info][gc,stats    ]   CMR: Thread Roots                 188 us, workers (us):   0,  82, 106, ---, ---, ---, 
[13.187s][info][gc,stats    ]   CMR: VM Strong Roots               13 us, workers (us):   7,   6,   0, ---, ---, ---, 
[13.187s][info][gc,stats    ]   CMR: CLDG Roots                    85 us, workers (us):  85, ---, ---, ---, ---, ---, 
[13.187s][info][gc,stats    ] Concurrent Marking                 2776 us
[13.187s][info][gc,stats    ] Pause Final Mark (G)                726 us
[13.187s][info][gc,stats    ] Pause Final Mark (N)                472 us
[13.187s][info][gc,stats    ]   Finish Mark                       234 us
[13.187s][info][gc,stats    ]   Update Region States               83 us
[13.187s][info][gc,stats    ]   Choose Collection Set              98 us
[13.187s][info][gc,stats    ]   Rebuild Free Set                   16 us
[13.187s][info][gc,stats    ] Concurrent Thread Roots             206 us, parallelism: 0.70x
[13.187s][info][gc,stats    ]   CTR: <total>                      144 us
[13.187s][info][gc,stats    ]   CTR: Thread Roots                 144 us, workers (us):  50,  43,  51, ---, ---, ---, 
[13.187s][info][gc,stats    ] Concurrent Weak References           73 us, parallelism: 0.13x
[13.187s][info][gc,stats    ]   CWRF: <total>                       9 us
[13.187s][info][gc,stats    ]   CWRF: Weak References               9 us, workers (us):   9,   0,   0, ---, ---, ---, 
[13.187s][info][gc,stats    ] Concurrent Weak Roots               376 us
[13.187s][info][gc,stats    ]   Roots                             246 us, parallelism: 1.11x
[13.187s][info][gc,stats    ]     CWR: <total>                    272 us
[13.187s][info][gc,stats    ]     CWR: Code Cache Roots           217 us, workers (us):   0, 121,  96, ---, ---, ---, 
[13.187s][info][gc,stats    ]     CWR: VM Weak Roots               43 us, workers (us):  25,  15,   3, ---, ---, ---, 
[13.187s][info][gc,stats    ]     CWR: CLDG Roots                  11 us, workers (us):  11, ---, ---, ---, ---, ---, 
[13.187s][info][gc,stats    ]   Rendezvous                        110 us
[13.187s][info][gc,stats    ] Concurrent Cleanup                  110 us
[13.187s][info][gc,stats    ] Concurrent Class Unloading          787 us
[13.187s][info][gc,stats    ]   Unlink Stale                      541 us
[13.187s][info][gc,stats    ]     System Dictionary                 9 us
[13.187s][info][gc,stats    ]     Weak Class Links                  1 us
[13.187s][info][gc,stats    ]     Code Roots                      530 us
[13.187s][info][gc,stats    ]   Rendezvous                         71 us
[13.187s][info][gc,stats    ]   Purge Unlinked                    138 us
[13.187s][info][gc,stats    ]     Code Roots                      121 us
[13.187s][info][gc,stats    ]     CLDG                             16 us
[13.187s][info][gc,stats    ]     Exception Caches                  0 us
[13.187s][info][gc,stats    ] Concurrent Strong Roots             162 us, parallelism: 0.41x
[13.187s][info][gc,stats    ]   CSR: <total>                       66 us
[13.187s][info][gc,stats    ]   CSR: VM Strong Roots                7 us, workers (us):   7,   0,   0, ---, ---, ---, 
[13.187s][info][gc,stats    ]   CSR: CLDG Roots                    59 us, workers (us):  59, ---, ---, ---, ---, ---, 
[13.187s][info][gc,stats    ] Concurrent Evacuation             13884 us
[13.187s][info][gc,stats    ] Pause Init Update Refs (G)          424 us
[13.187s][info][gc,stats    ] Pause Init Update Refs (N)           48 us
[13.187s][info][gc,stats    ]   Manage GCLABs                       7 us
[13.187s][info][gc,stats    ] Concurrent Update Refs             3450 us
[13.187s][info][gc,stats    ] Concurrent Update Thread Roots      440 us
[13.188s][info][gc,stats    ] Pause Final Update Refs (G)         508 us
[13.188s][info][gc,stats    ] Pause Final Update Refs (N)         211 us
[13.188s][info][gc,stats    ]   Update Region States              132 us
[13.188s][info][gc,stats    ]   Trash Collection Set               13 us
[13.188s][info][gc,stats    ]   Rebuild Free Set                   26 us
[13.188s][info][gc,stats    ] Concurrent Cleanup                   84 us
[13.188s][info][gc,stats    ] 
[13.188s][info][gc,stats    ] Allocation pacing accrued:
[13.188s][info][gc,stats    ]       0 of    67 ms (  0.0%): <total>
[13.188s][info][gc,stats    ]       0 of    67 ms (  0.0%): <average total>
[13.188s][info][gc,stats    ] 
[13.188s][info][gc,metaspace] Metaspace: 6358K(6528K)->6358K(6528K) NonClass: 5812K(5888K)->5812K(5888K) Class: 546K(640K)->546K(640K)
[13.188s][info][gc,ergo     ] Pacer for Idle. Initial: 20971K, Alloc Tax Rate: 1.0x
[13.232s][info][gc          ] Trigger: Average GC time (33.18 ms) is above the time for average allocation rate (4551 MB/s) to deplete free headroom (144M) (margin of error = 1.85)
[13.232s][info][gc,ergo     ] Free headroom: 195M (free) - 52428K (spike) - 0B (penalties) = 144M
[13.232s][info][gc,ergo     ] Free: 194M, Max: 512K regular, 152M humongous, Frag: 22% external, 2% internal; Reserve: 52736K, Max: 512K
[13.232s][info][gc,start    ] GC(131) Concurrent reset
[13.232s][info][gc,task     ] GC(131) Using 3 of 6 workers for concurrent reset
[13.232s][info][gc,ergo     ] GC(131) Pacer for Reset. Non-Taxable: 1024M
[13.235s][info][gc          ] GC(131) Concurrent reset 2.955ms
[13.236s][info][gc,start    ] GC(131) Pause Init Mark (unload classes)
[13.236s][info][gc,task     ] GC(131) Using 6 of 6 workers for init marking
[13.236s][info][gc,ergo     ] GC(131) Pacer for Mark. Expected Live: 196M, Free: 185M, Non-Taxable: 18946K, Alloc Tax Rate: 1.3x
[13.236s][info][gc          ] GC(131) Pause Init Mark (unload classes) 0.154ms
[13.236s][info][gc,start    ] GC(131) Concurrent marking roots
[13.236s][info][gc,task     ] GC(131) Using 3 of 6 workers for concurrent marking roots
[13.236s][info][gc          ] GC(131) Concurrent marking roots 0.293ms
[13.236s][info][gc,start    ] GC(131) Concurrent marking (unload classes)
[13.236s][info][gc,task     ] GC(131) Using 3 of 6 workers for concurrent marking
[13.239s][info][gc          ] GC(131) Concurrent marking (unload classes) 2.607ms
[13.239s][info][gc,start    ] GC(131) Pause Final Mark (unload classes)
[13.239s][info][gc,task     ] GC(131) Using 6 of 6 workers for final marking
[13.240s][info][gc,ergo     ] GC(131) Adaptive CSet Selection. Target Free: 145M, Actual Free: 535M, Max CSet: 43690K, Min Garbage: 0B
[13.240s][info][gc,ergo     ] GC(131) Collectable Garbage: 485M (84%), Immediate: 321M (55%), CSet: 164M (28%)
[13.240s][info][gc,ergo     ] GC(131) Pacer for Evacuation. Used CSet: 207M, Free: 496M, Non-Taxable: 50850K, Alloc Tax Rate: 1.1x
[13.240s][info][gc          ] GC(131) Pause Final Mark (unload classes) 0.619ms
[13.240s][info][gc,start    ] GC(131) Concurrent thread roots
[13.240s][info][gc,task     ] GC(131) Using 3 of 6 workers for Concurrent thread roots
[13.240s][info][gc          ] GC(131) Concurrent thread roots 0.234ms
[13.240s][info][gc,start    ] GC(131) Concurrent weak references
[13.240s][info][gc,task     ] GC(131) Using 3 of 6 workers for concurrent weak references
[13.240s][info][gc,ref      ] GC(131) Encountered references: Soft: 47, Weak: 146, Final: 0, Phantom: 3
[13.240s][info][gc,ref      ] GC(131) Discovered  references: Soft: 0, Weak: 56, Final: 0, Phantom: 2
[13.240s][info][gc,ref      ] GC(131) Enqueued    references: Soft: 0, Weak: 0, Final: 0, Phantom: 0
[13.240s][info][gc          ] GC(131) Concurrent weak references 0.170ms
[13.240s][info][gc,start    ] GC(131) Concurrent weak roots
[13.240s][info][gc,task     ] GC(131) Using 3 of 6 workers for concurrent weak root
[13.241s][info][gc          ] GC(131) Concurrent weak roots 0.388ms
[13.241s][info][gc,start    ] GC(131) Concurrent cleanup
[13.241s][info][gc          ] GC(131) Concurrent cleanup 796M->476M(1024M) 0.121ms
[13.241s][info][gc,ergo     ] GC(131) Free: 485M, Max: 512K regular, 187M humongous, Frag: 62% external, 0% internal; Reserve: 52722K, Max: 512K
[13.241s][info][gc,start    ] GC(131) Concurrent class unloading
[13.241s][info][gc,task     ] GC(131) Using 3 of 6 workers for concurrent class unloading
[13.242s][info][gc          ] GC(131) Concurrent class unloading 1.472ms
[13.242s][info][gc,start    ] GC(131) Concurrent strong roots
[13.242s][info][gc,task     ] GC(131) Using 3 of 6 workers for concurrent strong root
[13.243s][info][gc          ] GC(131) Concurrent strong roots 0.235ms
[13.243s][info][gc,start    ] GC(131) Concurrent evacuation
[13.243s][info][gc,task     ] GC(131) Using 3 of 6 workers for concurrent evacuation
[13.257s][info][gc          ] GC(131) Concurrent evacuation 14.232ms
[13.257s][info][gc,start    ] GC(131) Pause Init Update Refs
[13.257s][info][gc,ergo     ] GC(131) Pacer for Update Refs. Used: 577M, Free: 427M, Non-Taxable: 43782K, Alloc Tax Rate: 1.7x
[13.257s][info][gc          ] GC(131) Pause Init Update Refs 0.064ms
[13.257s][info][gc,start    ] GC(131) Concurrent update references
[13.258s][info][gc,task     ] GC(131) Using 3 of 6 workers for concurrent reference update
[13.261s][info][gc          ] GC(131) Concurrent update references 3.519ms
[13.261s][info][gc,start    ] GC(131) Concurrent update thread roots
[13.262s][info][gc          ] GC(131) Concurrent update thread roots 0.466ms
[13.262s][info][gc,start    ] GC(131) Pause Final Update Refs
[13.262s][info][gc,task     ] GC(131) Using 6 of 6 workers for final reference update
[13.262s][info][gc          ] GC(131) Pause Final Update Refs 0.232ms
[13.262s][info][gc,start    ] GC(131) Concurrent cleanup
[13.262s][info][gc          ] GC(131) Concurrent cleanup 601M->396M(1024M) 0.110ms
[13.262s][info][gc,ergo     ] Free: 575M, Max: 512K regular, 158M humongous, Frag: 73% external, 36% internal; Reserve: 52736K, Max: 512K
[13.262s][info][gc,stats    ] 
[13.262s][info][gc,stats    ] All times are wall-clock times, except per-root-class counters, that are sum over
[13.262s][info][gc,stats    ] all workers. Dividing the <total> over the root stage time estimates parallelism.
[13.262s][info][gc,stats    ] 
[13.262s][info][gc,stats    ] Concurrent Reset                   3129 us
[13.262s][info][gc,stats    ] Pause Init Mark (G)                 480 us
[13.262s][info][gc,stats    ] Pause Init Mark (N)                 160 us
[13.262s][info][gc,stats    ]   Update Region States              105 us
[13.262s][info][gc,stats    ] Concurrent Mark Roots               309 us, parallelism: 0.96x
[13.262s][info][gc,stats    ]   CMR: <total>                      297 us
[13.262s][info][gc,stats    ]   CMR: Thread Roots                 239 us, workers (us):  71,  87,  80, ---, ---, ---, 
[13.262s][info][gc,stats    ]   CMR: VM Strong Roots                8 us, workers (us):   7,   0,   0, ---, ---, ---, 
[13.262s][info][gc,stats    ]   CMR: CLDG Roots                    51 us, workers (us):  51, ---, ---, ---, ---, ---, 
[13.262s][info][gc,stats    ] Concurrent Marking                 2761 us
[13.262s][info][gc,stats    ] Pause Final Mark (G)                887 us
[13.262s][info][gc,stats    ] Pause Final Mark (N)                624 us
[13.262s][info][gc,stats    ]   Finish Mark                       341 us
[13.262s][info][gc,stats    ]   Update Region States              125 us
[13.262s][info][gc,stats    ]   Choose Collection Set              96 us
[13.262s][info][gc,stats    ]   Rebuild Free Set                   19 us
[13.262s][info][gc,stats    ] Concurrent Thread Roots             250 us, parallelism: 0.83x
[13.262s][info][gc,stats    ]   CTR: <total>                      209 us
[13.262s][info][gc,stats    ]   CTR: Thread Roots                 209 us, workers (us):  75,  65,  69, ---, ---, ---, 
[13.262s][info][gc,stats    ] Concurrent Weak References          176 us, parallelism: 0.10x
[13.262s][info][gc,stats    ]   CWRF: <total>                      18 us
[13.262s][info][gc,stats    ]   CWRF: Weak References              18 us, workers (us):  18,   0,   0, ---, ---, ---, 
[13.262s][info][gc,stats    ] Concurrent Weak Roots               405 us
[13.262s][info][gc,stats    ]   Roots                             277 us, parallelism: 1.19x
[13.262s][info][gc,stats    ]     CWR: <total>                    329 us
[13.262s][info][gc,stats    ]     CWR: Code Cache Roots           257 us, workers (us):   0, 123, 133, ---, ---, ---, 
[13.262s][info][gc,stats    ]     CWR: VM Weak Roots               60 us, workers (us):  36,  23,   1, ---, ---, ---, 
[13.262s][info][gc,stats    ]     CWR: CLDG Roots                  13 us, workers (us):  13, ---, ---, ---, ---, ---, 
[13.262s][info][gc,stats    ]   Rendezvous                         96 us
[13.262s][info][gc,stats    ] Concurrent Cleanup                  128 us
[13.262s][info][gc,stats    ] Concurrent Class Unloading         1566 us
[13.262s][info][gc,stats    ]   Unlink Stale                      858 us
[13.262s][info][gc,stats    ]     System Dictionary                13 us
[13.262s][info][gc,stats    ]     Weak Class Links                  1 us
[13.262s][info][gc,stats    ]     Code Roots                      843 us
[13.262s][info][gc,stats    ]   Rendezvous                        217 us
[13.262s][info][gc,stats    ]   Purge Unlinked                    352 us
[13.262s][info][gc,stats    ]     Code Roots                      313 us
[13.262s][info][gc,stats    ]     CLDG                             37 us
[13.262s][info][gc,stats    ]     Exception Caches                  1 us
[13.262s][info][gc,stats    ] Concurrent Strong Roots             257 us, parallelism: 0.27x
[13.262s][info][gc,stats    ]   CSR: <total>                       69 us
[13.262s][info][gc,stats    ]   CSR: VM Strong Roots                9 us, workers (us):   9,   0,   0, ---, ---, ---, 
[13.262s][info][gc,stats    ]   CSR: CLDG Roots                    60 us, workers (us):  60, ---, ---, ---, ---, ---, 
[13.262s][info][gc,stats    ] Concurrent Evacuation             14344 us
[13.262s][info][gc,stats    ] Pause Init Update Refs (G)          426 us
[13.262s][info][gc,stats    ] Pause Init Update Refs (N)           74 us
[13.262s][info][gc,stats    ]   Manage GCLABs                       9 us
[13.262s][info][gc,stats    ] Concurrent Update Refs             3652 us
[13.262s][info][gc,stats    ] Concurrent Update Thread Roots      494 us
[13.263s][info][gc,stats    ] Pause Final Update Refs (G)         468 us
[13.263s][info][gc,stats    ] Pause Final Update Refs (N)         244 us
[13.263s][info][gc,stats    ]   Update Region States              157 us
[13.263s][info][gc,stats    ]   Trash Collection Set               17 us
[13.263s][info][gc,stats    ]   Rebuild Free Set                   27 us
[13.263s][info][gc,stats    ] Concurrent Cleanup                  117 us
[13.263s][info][gc,stats    ] 
[13.263s][info][gc,stats    ] Allocation pacing accrued:
[13.263s][info][gc,stats    ]       0 of    75 ms (  0.0%): <total>
[13.263s][info][gc,stats    ]       0 of    75 ms (  0.0%): <average total>
[13.263s][info][gc,stats    ] 
[13.263s][info][gc,metaspace] Metaspace: 6358K(6528K)->6358K(6528K) NonClass: 5812K(5888K)->5812K(5888K) Class: 546K(640K)->546K(640K)
[13.263s][info][gc,ergo     ] Pacer for Idle. Initial: 20971K, Alloc Tax Rate: 1.0x
[13.310s][info][gc          ] Trigger: Average GC time (33.12 ms) is above the time for average allocation rate (4551 MB/s) to deplete free headroom (144M) (margin of error = 1.85)
[13.310s][info][gc,ergo     ] Free headroom: 195M (free) - 52428K (spike) - 0B (penalties) = 144M
[13.310s][info][gc,ergo     ] Free: 194M, Max: 512K regular, 158M humongous, Frag: 18% external, 31% internal; Reserve: 52736K, Max: 512K
[13.310s][info][gc,start    ] GC(132) Concurrent reset
[13.310s][info][gc,task     ] GC(132) Using 3 of 6 workers for concurrent reset
[13.310s][info][gc,ergo     ] GC(132) Pacer for Reset. Non-Taxable: 1024M
[13.313s][info][gc          ] GC(132) Concurrent reset 2.541ms
[13.313s][info][gc,start    ] GC(132) Pause Init Mark (unload classes)
[13.313s][info][gc,task     ] GC(132) Using 6 of 6 workers for init marking
[13.313s][info][gc,ergo     ] GC(132) Pacer for Mark. Expected Live: 196M, Free: 185M, Non-Taxable: 19044K, Alloc Tax Rate: 1.3x
[13.313s][info][gc          ] GC(132) Pause Init Mark (unload classes) 0.154ms
[13.313s][info][gc,start    ] GC(132) Concurrent marking roots
[13.313s][info][gc,task     ] GC(132) Using 3 of 6 workers for concurrent marking roots
[13.314s][info][gc          ] GC(132) Concurrent marking roots 0.229ms
[13.314s][info][gc,start    ] GC(132) Concurrent marking (unload classes)
[13.314s][info][gc,task     ] GC(132) Using 3 of 6 workers for concurrent marking
[13.316s][info][gc          ] GC(132) Concurrent marking (unload classes) 2.258ms
[13.316s][info][gc,start    ] GC(132) Pause Final Mark (unload classes)
[13.316s][info][gc,task     ] GC(132) Using 6 of 6 workers for final marking
[13.317s][info][gc,ergo     ] GC(132) Adaptive CSet Selection. Target Free: 145M, Actual Free: 547M, Max CSet: 43690K, Min Garbage: 0B
[13.317s][info][gc,ergo     ] GC(132) Collectable Garbage: 489M (84%), Immediate: 330M (57%), CSet: 159M (27%)
[13.317s][info][gc,ergo     ] GC(132) Pacer for Evacuation. Used CSet: 201M, Free: 508M, Non-Taxable: 52117K, Alloc Tax Rate: 1.1x
[13.317s][info][gc          ] GC(132) Pause Final Mark (unload classes) 0.580ms
[13.317s][info][gc,start    ] GC(132) Concurrent thread roots
[13.317s][info][gc,task     ] GC(132) Using 3 of 6 workers for Concurrent thread roots
[13.317s][info][gc          ] GC(132) Concurrent thread roots 0.211ms
[13.317s][info][gc,start    ] GC(132) Concurrent weak references
[13.317s][info][gc,task     ] GC(132) Using 3 of 6 workers for concurrent weak references
[13.317s][info][gc,ref      ] GC(132) Encountered references: Soft: 47, Weak: 146, Final: 0, Phantom: 3
[13.317s][info][gc,ref      ] GC(132) Discovered  references: Soft: 0, Weak: 57, Final: 0, Phantom: 2
[13.317s][info][gc,ref      ] GC(132) Enqueued    references: Soft: 0, Weak: 0, Final: 0, Phantom: 0
[13.317s][info][gc          ] GC(132) Concurrent weak references 0.143ms
[13.317s][info][gc,start    ] GC(132) Concurrent weak roots
[13.317s][info][gc,task     ] GC(132) Using 3 of 6 workers for concurrent weak root
[13.318s][info][gc          ] GC(132) Concurrent weak roots 0.374ms
[13.318s][info][gc,start    ] GC(132) Concurrent cleanup
[13.318s][info][gc          ] GC(132) Concurrent cleanup 794M->465M(1024M) 0.096ms
[13.318s][info][gc,ergo     ] GC(132) Free: 496M, Max: 512K regular, 185M humongous, Frag: 63% external, 0% internal; Reserve: 52720K, Max: 512K
[13.318s][info][gc,start    ] GC(132) Concurrent class unloading
[13.318s][info][gc,task     ] GC(132) Using 3 of 6 workers for concurrent class unloading
[13.319s][info][gc          ] GC(132) Concurrent class unloading 0.875ms
[13.319s][info][gc,start    ] GC(132) Concurrent strong roots
[13.319s][info][gc,task     ] GC(132) Using 3 of 6 workers for concurrent strong root
[13.319s][info][gc          ] GC(132) Concurrent strong roots 0.151ms
[13.319s][info][gc,start    ] GC(132) Concurrent evacuation
[13.319s][info][gc,task     ] GC(132) Using 3 of 6 workers for concurrent evacuation
[13.333s][info][gc          ] GC(132) Concurrent evacuation 13.961ms
[13.333s][info][gc,start    ] GC(132) Pause Init Update Refs
[13.333s][info][gc,ergo     ] GC(132) Pacer for Update Refs. Used: 558M, Free: 447M, Non-Taxable: 45783K, Alloc Tax Rate: 1.5x
[13.333s][info][gc          ] GC(132) Pause Init Update Refs 0.043ms
[13.333s][info][gc,start    ] GC(132) Concurrent update references
[13.333s][info][gc,task     ] GC(132) Using 3 of 6 workers for concurrent reference update
[13.336s][info][gc          ] GC(132) Concurrent update references 3.020ms
[13.336s][info][gc,start    ] GC(132) Concurrent update thread roots
[13.337s][info][gc          ] GC(132) Concurrent update thread roots 0.447ms
[13.337s][info][gc,start    ] GC(132) Pause Final Update Refs
[13.337s][info][gc,task     ] GC(132) Using 6 of 6 workers for final reference update
[13.337s][info][gc          ] GC(132) Pause Final Update Refs 0.306ms
[13.337s][info][gc,start    ] GC(132) Concurrent cleanup
[13.337s][info][gc          ] GC(132) Concurrent cleanup 580M->379M(1024M) 0.123ms
[13.337s][info][gc,ergo     ] Free: 592M, Max: 512K regular, 164M humongous, Frag: 72% external, 34% internal; Reserve: 52736K, Max: 512K
[13.338s][info][gc,stats    ] 
[13.338s][info][gc,stats    ] All times are wall-clock times, except per-root-class counters, that are sum over
[13.338s][info][gc,stats    ] all workers. Dividing the <total> over the root stage time estimates parallelism.
[13.338s][info][gc,stats    ] 
[13.338s][info][gc,stats    ] Concurrent Reset                   2624 us
[13.338s][info][gc,stats    ] Pause Init Mark (G)                 450 us
[13.338s][info][gc,stats    ] Pause Init Mark (N)                 174 us
[13.338s][info][gc,stats    ]   Update Region States              101 us
[13.338s][info][gc,stats    ] Concurrent Mark Roots               239 us, parallelism: 1.02x
[13.338s][info][gc,stats    ]   CMR: <total>                      242 us
[13.338s][info][gc,stats    ]   CMR: Thread Roots                 172 us, workers (us): 102,  12,  58, ---, ---, ---, 
[13.338s][info][gc,stats    ]   CMR: VM Strong Roots               11 us, workers (us):  10,   1,   0, ---, ---, ---, 
[13.338s][info][gc,stats    ]   CMR: CLDG Roots                    59 us, workers (us): ---,  59, ---, ---, ---, ---, 
[13.338s][info][gc,stats    ] Concurrent Marking                 2341 us
[13.338s][info][gc,stats    ] Pause Final Mark (G)                825 us
[13.338s][info][gc,stats    ] Pause Final Mark (N)                584 us
[13.338s][info][gc,stats    ]   Finish Mark                       330 us
[13.338s][info][gc,stats    ]   Update Region States               99 us
[13.338s][info][gc,stats    ]   Choose Collection Set              86 us
[13.338s][info][gc,stats    ]   Rebuild Free Set                   18 us
[13.338s][info][gc,stats    ] Concurrent Thread Roots             221 us, parallelism: 0.82x
[13.338s][info][gc,stats    ]   CTR: <total>                      182 us
[13.338s][info][gc,stats    ]   CTR: Thread Roots                 182 us, workers (us):  73,  54,  56, ---, ---, ---, 
[13.338s][info][gc,stats    ] Concurrent Weak References          149 us, parallelism: 0.16x
[13.338s][info][gc,stats    ]   CWRF: <total>                      23 us
[13.338s][info][gc,stats    ]   CWRF: Weak References              23 us, workers (us):  23,   1,   0, ---, ---, ---, 
[13.338s][info][gc,stats    ] Concurrent Weak Roots               386 us
[13.338s][info][gc,stats    ]   Roots                             261 us, parallelism: 1.17x
[13.338s][info][gc,stats    ]     CWR: <total>                    306 us
[13.338s][info][gc,stats    ]     CWR: Code Cache Roots           235 us, workers (us): 104,   0, 131, ---, ---, ---, 
[13.338s][info][gc,stats    ]     CWR: VM Weak Roots               57 us, workers (us):  27,  15,  15, ---, ---, ---, 
[13.338s][info][gc,stats    ]     CWR: CLDG Roots                  15 us, workers (us): ---,  15, ---, ---, ---, ---, 
[13.338s][info][gc,stats    ]   Rendezvous                        100 us
[13.338s][info][gc,stats    ] Concurrent Cleanup                  101 us
[13.338s][info][gc,stats    ] Concurrent Class Unloading          916 us
[13.338s][info][gc,stats    ]   Unlink Stale                      609 us
[13.338s][info][gc,stats    ]     System Dictionary                 7 us
[13.338s][info][gc,stats    ]     Weak Class Links                  0 us
[13.338s][info][gc,stats    ]     Code Roots                      600 us
[13.338s][info][gc,stats    ]   Rendezvous                        115 us
[13.338s][info][gc,stats    ]   Purge Unlinked                    142 us
[13.338s][info][gc,stats    ]     Code Roots                      123 us
[13.338s][info][gc,stats    ]     CLDG                             18 us
[13.338s][info][gc,stats    ]     Exception Caches                  0 us
[13.338s][info][gc,stats    ] Concurrent Strong Roots             163 us, parallelism: 0.31x
[13.338s][info][gc,stats    ]   CSR: <total>                       50 us
[13.338s][info][gc,stats    ]   CSR: VM Strong Roots                9 us, workers (us):   7,   2,   0, ---, ---, ---, 
[13.338s][info][gc,stats    ]   CSR: CLDG Roots                    41 us, workers (us): ---,  41, ---, ---, ---, ---, 
[13.338s][info][gc,stats    ] Concurrent Evacuation             14080 us
[13.338s][info][gc,stats    ] Pause Init Update Refs (G)          323 us
[13.338s][info][gc,stats    ] Pause Init Update Refs (N)           49 us
[13.338s][info][gc,stats    ]   Manage GCLABs                       3 us
[13.338s][info][gc,stats    ] Concurrent Update Refs             3125 us
[13.338s][info][gc,stats    ] Concurrent Update Thread Roots      485 us
[13.338s][info][gc,stats    ] Pause Final Update Refs (G)         449 us
[13.338s][info][gc,stats    ] Pause Final Update Refs (N)         320 us
[13.338s][info][gc,stats    ]   Update Region States              222 us
[13.338s][info][gc,stats    ]   Trash Collection Set               18 us
[13.338s][info][gc,stats    ]   Rebuild Free Set                   31 us
[13.338s][info][gc,stats    ] Concurrent Cleanup                  136 us
[13.338s][info][gc,stats    ] 
[13.338s][info][gc,stats    ] Allocation pacing accrued:
[13.338s][info][gc,stats    ]       0 of    75 ms (  0.0%): <total>
[13.338s][info][gc,stats    ]       0 of    75 ms (  0.0%): <average total>
[13.338s][info][gc,stats    ] 
[13.338s][info][gc,metaspace] Metaspace: 6358K(6528K)->6358K(6528K) NonClass: 5812K(5888K)->5812K(5888K) Class: 546K(640K)->546K(640K)
[13.338s][info][gc,ergo     ] Pacer for Idle. Initial: 20971K, Alloc Tax Rate: 1.0x
[13.393s][info][gc          ] Trigger: Average GC time (31.40 ms) is above the time for average allocation rate (4551 MB/s) to deplete free headroom (133M) (margin of error = 1.85)
[13.393s][info][gc,ergo     ] Free headroom: 184M (free) - 52428K (spike) - 0B (penalties) = 133M
[13.393s][info][gc,ergo     ] Free: 183M, Max: 512K regular, 164M humongous, Frag: 11% external, 1% internal; Reserve: 52736K, Max: 512K
[13.393s][info][gc,start    ] GC(133) Concurrent reset
[13.393s][info][gc,task     ] GC(133) Using 3 of 6 workers for concurrent reset
[13.393s][info][gc,ergo     ] GC(133) Pacer for Reset. Non-Taxable: 1024M
[13.396s][info][gc          ] GC(133) Concurrent reset 3.357ms
[13.397s][info][gc,start    ] GC(133) Pause Init Mark (unload classes)
[13.397s][info][gc,task     ] GC(133) Using 6 of 6 workers for init marking
[13.397s][info][gc,ergo     ] GC(133) Pacer for Mark. Expected Live: 196M, Free: 174M, Non-Taxable: 17868K, Alloc Tax Rate: 1.4x
[13.397s][info][gc          ] GC(133) Pause Init Mark (unload classes) 0.190ms
[13.397s][info][gc,start    ] GC(133) Concurrent marking roots
[13.397s][info][gc,task     ] GC(133) Using 3 of 6 workers for concurrent marking roots
[13.397s][info][gc          ] GC(133) Concurrent marking roots 0.313ms
[13.397s][info][gc,start    ] GC(133) Concurrent marking (unload classes)
[13.397s][info][gc,task     ] GC(133) Using 3 of 6 workers for concurrent marking
[13.400s][info][gc          ] GC(133) Concurrent marking (unload classes) 2.950ms
[13.400s][info][gc,start    ] GC(133) Pause Final Mark (unload classes)
[13.400s][info][gc,task     ] GC(133) Using 6 of 6 workers for final marking
[13.401s][info][gc,ergo     ] GC(133) Adaptive CSet Selection. Target Free: 145M, Actual Free: 532M, Max CSet: 43690K, Min Garbage: 0B
[13.401s][info][gc,ergo     ] GC(133) Collectable Garbage: 490M (83%), Immediate: 325M (55%), CSet: 165M (28%)
[13.401s][info][gc,ergo     ] GC(133) Pacer for Evacuation. Used CSet: 207M, Free: 494M, Non-Taxable: 50687K, Alloc Tax Rate: 1.1x
[13.401s][info][gc          ] GC(133) Pause Final Mark (unload classes) 0.602ms
[13.401s][info][gc,start    ] GC(133) Concurrent thread roots
[13.401s][info][gc,task     ] GC(133) Using 3 of 6 workers for Concurrent thread roots
[13.401s][info][gc          ] GC(133) Concurrent thread roots 0.223ms
[13.401s][info][gc,start    ] GC(133) Concurrent weak references
[13.401s][info][gc,task     ] GC(133) Using 3 of 6 workers for concurrent weak references
[13.401s][info][gc,ref      ] GC(133) Encountered references: Soft: 47, Weak: 146, Final: 0, Phantom: 3
[13.401s][info][gc,ref      ] GC(133) Discovered  references: Soft: 0, Weak: 45, Final: 0, Phantom: 2
[13.401s][info][gc,ref      ] GC(133) Enqueued    references: Soft: 0, Weak: 0, Final: 0, Phantom: 0
[13.401s][info][gc          ] GC(133) Concurrent weak references 0.128ms
[13.401s][info][gc,start    ] GC(133) Concurrent weak roots
[13.401s][info][gc,task     ] GC(133) Using 3 of 6 workers for concurrent weak root
[13.402s][info][gc          ] GC(133) Concurrent weak roots 0.314ms
[13.402s][info][gc,start    ] GC(133) Concurrent cleanup
[13.402s][info][gc          ] GC(133) Concurrent cleanup 798M->473M(1024M) 0.073ms
[13.402s][info][gc,ergo     ] GC(133) Free: 494M, Max: 512K regular, 184M humongous, Frag: 63% external, 34% internal; Reserve: 52736K, Max: 512K
[13.402s][info][gc,start    ] GC(133) Concurrent class unloading
[13.402s][info][gc,task     ] GC(133) Using 3 of 6 workers for concurrent class unloading
[13.402s][info][gc          ] GC(133) Concurrent class unloading 0.378ms
[13.402s][info][gc,start    ] GC(133) Concurrent strong roots
[13.402s][info][gc,task     ] GC(133) Using 3 of 6 workers for concurrent strong root
[13.402s][info][gc          ] GC(133) Concurrent strong roots 0.076ms
[13.402s][info][gc,start    ] GC(133) Concurrent evacuation
[13.402s][info][gc,task     ] GC(133) Using 3 of 6 workers for concurrent evacuation
[13.418s][info][gc          ] GC(133) Concurrent evacuation 15.438ms
[13.418s][info][gc,start    ] GC(133) Pause Init Update Refs
[13.418s][info][gc,ergo     ] GC(133) Pacer for Update Refs. Used: 556M, Free: 455M, Non-Taxable: 46635K, Alloc Tax Rate: 1.5x
[13.418s][info][gc          ] GC(133) Pause Init Update Refs 0.046ms
[13.418s][info][gc,start    ] GC(133) Concurrent update references
[13.418s][info][gc,task     ] GC(133) Using 3 of 6 workers for concurrent reference update
[13.422s][info][gc          ] GC(133) Concurrent update references 3.920ms
[13.422s][info][gc,start    ] GC(133) Concurrent update thread roots
[13.423s][info][gc          ] GC(133) Concurrent update thread roots 0.616ms
[13.423s][info][gc,start    ] GC(133) Pause Final Update Refs
[13.423s][info][gc,task     ] GC(133) Using 6 of 6 workers for final reference update
[13.423s][info][gc          ] GC(133) Pause Final Update Refs 0.264ms
[13.424s][info][gc,start    ] GC(133) Concurrent cleanup
[13.424s][info][gc          ] GC(133) Concurrent cleanup 581M->375M(1024M) 0.139ms
[13.424s][info][gc,ergo     ] Free: 597M, Max: 512K regular, 156M humongous, Frag: 74% external, 34% internal; Reserve: 52736K, Max: 512K
[13.424s][info][gc,stats    ] 
[13.424s][info][gc,stats    ] All times are wall-clock times, except per-root-class counters, that are sum over
[13.424s][info][gc,stats    ] all workers. Dividing the <total> over the root stage time estimates parallelism.
[13.424s][info][gc,stats    ] 
[13.424s][info][gc,stats    ] Concurrent Reset                   3530 us
[13.424s][info][gc,stats    ] Pause Init Mark (G)                 557 us
[13.424s][info][gc,stats    ] Pause Init Mark (N)                 195 us
[13.424s][info][gc,stats    ]   Update Region States              116 us
[13.424s][info][gc,stats    ] Concurrent Mark Roots               331 us, parallelism: 0.89x
[13.424s][info][gc,stats    ]   CMR: <total>                      294 us
[13.424s][info][gc,stats    ]   CMR: Thread Roots                 218 us, workers (us):  18, 118,  83, ---, ---, ---, 
[13.424s][info][gc,stats    ]   CMR: VM Strong Roots                6 us, workers (us):   6,   0,   0, ---, ---, ---, 
[13.424s][info][gc,stats    ]   CMR: CLDG Roots                    69 us, workers (us):  69, ---, ---, ---, ---, ---, 
[13.424s][info][gc,stats    ] Concurrent Marking                 3005 us
[13.424s][info][gc,stats    ] Pause Final Mark (G)                748 us
[13.424s][info][gc,stats    ] Pause Final Mark (N)                606 us
[13.424s][info][gc,stats    ]   Finish Mark                       370 us
[13.424s][info][gc,stats    ]   Update Region States               89 us
[13.424s][info][gc,stats    ]   Choose Collection Set              88 us
[13.424s][info][gc,stats    ]   Rebuild Free Set                   18 us
[13.424s][info][gc,stats    ] Concurrent Thread Roots             236 us, parallelism: 0.93x
[13.424s][info][gc,stats    ]   CTR: <total>                      219 us
[13.424s][info][gc,stats    ]   CTR: Thread Roots                 219 us, workers (us):  95,  65,  59, ---, ---, ---, 
[13.424s][info][gc,stats    ] Concurrent Weak References          133 us, parallelism: 0.04x
[13.424s][info][gc,stats    ]   CWRF: <total>                       6 us
[13.424s][info][gc,stats    ]   CWRF: Weak References               6 us, workers (us):   6,   0,   0, ---, ---, ---, 
[13.424s][info][gc,stats    ] Concurrent Weak Roots               328 us
[13.424s][info][gc,stats    ]   Roots                             236 us, parallelism: 0.95x
[13.424s][info][gc,stats    ]     CWR: <total>                    224 us
[13.424s][info][gc,stats    ]     CWR: Code Cache Roots           194 us, workers (us):   0, 106,  88, ---, ---, ---, 
[13.424s][info][gc,stats    ]     CWR: VM Weak Roots               22 us, workers (us):  14,   7,   1, ---, ---, ---, 
[13.424s][info][gc,stats    ]     CWR: CLDG Roots                   7 us, workers (us):   7, ---, ---, ---, ---, ---, 
[13.424s][info][gc,stats    ]   Rendezvous                         68 us
[13.424s][info][gc,stats    ] Concurrent Cleanup                   78 us
[13.424s][info][gc,stats    ] Concurrent Class Unloading          388 us
[13.424s][info][gc,stats    ]   Unlink Stale                      254 us
[13.424s][info][gc,stats    ]     System Dictionary                 4 us
[13.424s][info][gc,stats    ]     Weak Class Links                  0 us
[13.424s][info][gc,stats    ]     Code Roots                      249 us
[13.424s][info][gc,stats    ]   Rendezvous                         57 us
[13.424s][info][gc,stats    ]   Purge Unlinked                     57 us
[13.424s][info][gc,stats    ]     Code Roots                       42 us
[13.424s][info][gc,stats    ]     CLDG                             15 us
[13.424s][info][gc,stats    ]     Exception Caches                  0 us
[13.424s][info][gc,stats    ] Concurrent Strong Roots              88 us, parallelism: 0.16x
[13.424s][info][gc,stats    ]   CSR: <total>                       14 us
[13.424s][info][gc,stats    ]   CSR: VM Strong Roots                2 us, workers (us):   1,   0,   0, ---, ---, ---, 
[13.424s][info][gc,stats    ]   CSR: CLDG Roots                    13 us, workers (us):  13, ---, ---, ---, ---, ---, 
[13.424s][info][gc,stats    ] Concurrent Evacuation             15567 us
[13.424s][info][gc,stats    ] Pause Init Update Refs (G)          442 us
[13.424s][info][gc,stats    ] Pause Init Update Refs (N)           51 us
[13.424s][info][gc,stats    ]   Manage GCLABs                       6 us
[13.424s][info][gc,stats    ] Concurrent Update Refs             4051 us
[13.424s][info][gc,stats    ] Concurrent Update Thread Roots      665 us
[13.424s][info][gc,stats    ] Pause Final Update Refs (G)         569 us
[13.424s][info][gc,stats    ] Pause Final Update Refs (N)         281 us
[13.424s][info][gc,stats    ]   Update Region States              165 us
[13.424s][info][gc,stats    ]   Trash Collection Set               12 us
[13.424s][info][gc,stats    ]   Rebuild Free Set                   35 us
[13.424s][info][gc,stats    ] Concurrent Cleanup                  148 us
[13.424s][info][gc,stats    ] Pacing                             4272 us
[13.424s][info][gc,stats    ] 
[13.424s][info][gc,stats    ] Allocation pacing accrued:
[13.424s][info][gc,stats    ]       4 of    86 ms (  5.0%): main
[13.424s][info][gc,stats    ]       4 of    86 ms (  5.0%): <total>
[13.424s][info][gc,stats    ]       0 of    86 ms (  0.5%): <average total>
[13.424s][info][gc,stats    ]       4 of    86 ms (  5.0%): <average non-zero>
[13.424s][info][gc,stats    ] 
[13.424s][info][gc,metaspace] Metaspace: 6358K(6528K)->6358K(6528K) NonClass: 5812K(5888K)->5812K(5888K) Class: 546K(640K)->546K(640K)
[13.424s][info][gc,ergo     ] Pacer for Idle. Initial: 20971K, Alloc Tax Rate: 1.0x
[13.486s][info][gc          ] Trigger: Average GC time (33.11 ms) is above the time for average allocation rate (4550 MB/s) to deplete free headroom (147M) (margin of error = 1.84)
[13.487s][info][gc,ergo     ] Free headroom: 198M (free) - 52428K (spike) - 0B (penalties) = 147M
[13.487s][info][gc,ergo     ] Free: 196M, Max: 512K regular, 156M humongous, Frag: 20% external, 32% internal; Reserve: 52736K, Max: 512K
[13.487s][info][gc,start    ] GC(134) Concurrent reset
[13.487s][info][gc,task     ] GC(134) Using 3 of 6 workers for concurrent reset
[13.487s][info][gc,ergo     ] GC(134) Pacer for Reset. Non-Taxable: 1024M
[13.490s][info][gc          ] GC(134) Concurrent reset 3.693ms
[13.491s][info][gc,start    ] GC(134) Pause Init Mark (unload classes)
[13.491s][info][gc,task     ] GC(134) Using 6 of 6 workers for init marking
[13.491s][info][gc,ergo     ] GC(134) Pacer for Mark. Expected Live: 196M, Free: 187M, Non-Taxable: 19181K, Alloc Tax Rate: 1.3x
[13.491s][info][gc          ] GC(134) Pause Init Mark (unload classes) 0.167ms
[13.491s][info][gc,start    ] GC(134) Concurrent marking roots
[13.491s][info][gc,task     ] GC(134) Using 3 of 6 workers for concurrent marking roots
[13.491s][info][gc          ] GC(134) Concurrent marking roots 0.319ms
[13.491s][info][gc,start    ] GC(134) Concurrent marking (unload classes)
[13.491s][info][gc,task     ] GC(134) Using 3 of 6 workers for concurrent marking
[13.495s][info][gc          ] GC(134) Concurrent marking (unload classes) 3.220ms
[13.495s][info][gc,start    ] GC(134) Pause Final Mark (unload classes)
[13.495s][info][gc,task     ] GC(134) Using 6 of 6 workers for final marking
[13.495s][info][gc,ergo     ] GC(134) Adaptive CSet Selection. Target Free: 145M, Actual Free: 546M, Max CSet: 43690K, Min Garbage: 0B
[13.495s][info][gc,ergo     ] GC(134) Collectable Garbage: 489M (85%), Immediate: 333M (57%), CSet: 156M (27%)
[13.495s][info][gc,ergo     ] GC(134) Pacer for Evacuation. Used CSet: 198M, Free: 508M, Non-Taxable: 52063K, Alloc Tax Rate: 1.1x
[13.495s][info][gc          ] GC(134) Pause Final Mark (unload classes) 0.620ms
[13.495s][info][gc,start    ] GC(134) Concurrent thread roots
[13.496s][info][gc,task     ] GC(134) Using 3 of 6 workers for Concurrent thread roots
[13.496s][info][gc          ] GC(134) Concurrent thread roots 0.208ms
[13.496s][info][gc,start    ] GC(134) Concurrent weak references
[13.496s][info][gc,task     ] GC(134) Using 3 of 6 workers for concurrent weak references
[13.496s][info][gc,ref      ] GC(134) Encountered references: Soft: 47, Weak: 146, Final: 0, Phantom: 3
[13.496s][info][gc,ref      ] GC(134) Discovered  references: Soft: 0, Weak: 45, Final: 0, Phantom: 2
[13.496s][info][gc,ref      ] GC(134) Enqueued    references: Soft: 0, Weak: 0, Final: 0, Phantom: 0
[13.496s][info][gc          ] GC(134) Concurrent weak references 0.113ms
[13.496s][info][gc,start    ] GC(134) Concurrent weak roots
[13.496s][info][gc,task     ] GC(134) Using 3 of 6 workers for concurrent weak root
[13.496s][info][gc          ] GC(134) Concurrent weak roots 0.441ms
[13.496s][info][gc,start    ] GC(134) Concurrent cleanup
[13.496s][info][gc          ] GC(134) Concurrent cleanup 796M->464M(1024M) 0.151ms
[13.496s][info][gc,ergo     ] GC(134) Free: 497M, Max: 512K regular, 186M humongous, Frag: 63% external, 0% internal; Reserve: 52722K, Max: 512K
[13.496s][info][gc,start    ] GC(134) Concurrent class unloading
[13.497s][info][gc,task     ] GC(134) Using 3 of 6 workers for concurrent class unloading
[13.498s][info][gc          ] GC(134) Concurrent class unloading 1.291ms
[13.498s][info][gc,start    ] GC(134) Concurrent strong roots
[13.498s][info][gc,task     ] GC(134) Using 3 of 6 workers for concurrent strong root
[13.498s][info][gc          ] GC(134) Concurrent strong roots 0.229ms
[13.498s][info][gc,start    ] GC(134) Concurrent evacuation
[13.498s][info][gc,task     ] GC(134) Using 3 of 6 workers for concurrent evacuation
[13.523s][info][gc          ] GC(134) Concurrent evacuation 24.845ms
[13.524s][info][gc,start    ] GC(134) Pause Init Update Refs
[13.524s][info][gc,ergo     ] GC(134) Pacer for Update Refs. Used: 582M, Free: 423M, Non-Taxable: 43336K, Alloc Tax Rate: 1.7x
[13.524s][info][gc          ] GC(134) Pause Init Update Refs 0.360ms
[13.524s][info][gc,start    ] GC(134) Concurrent update references
[13.524s][info][gc,task     ] GC(134) Using 3 of 6 workers for concurrent reference update
[13.530s][info][gc          ] GC(134) Concurrent update references 5.705ms
[13.530s][info][gc,start    ] GC(134) Concurrent update thread roots
[13.532s][info][gc          ] GC(134) Concurrent update thread roots 1.263ms
[13.532s][info][gc,start    ] GC(134) Pause Final Update Refs
[13.532s][info][gc,task     ] GC(134) Using 6 of 6 workers for final reference update
[13.533s][info][gc          ] GC(134) Pause Final Update Refs 0.694ms
[13.533s][info][gc,start    ] GC(134) Concurrent cleanup
[13.533s][info][gc          ] GC(134) Concurrent cleanup 605M->407M(1024M) 0.177ms
[13.533s][info][gc,ergo     ] Free: 564M, Max: 512K regular, 161M humongous, Frag: 72% external, 37% internal; Reserve: 52736K, Max: 512K
[13.533s][info][gc,stats    ] 
[13.533s][info][gc,stats    ] All times are wall-clock times, except per-root-class counters, that are sum over
[13.533s][info][gc,stats    ] all workers. Dividing the <total> over the root stage time estimates parallelism.
[13.533s][info][gc,stats    ] 
[13.533s][info][gc,stats    ] Concurrent Reset                   3803 us
[13.533s][info][gc,stats    ] Pause Init Mark (G)                 524 us
[13.533s][info][gc,stats    ] Pause Init Mark (N)                 172 us
[13.533s][info][gc,stats    ]   Update Region States              115 us
[13.533s][info][gc,stats    ] Concurrent Mark Roots               341 us, parallelism: 0.94x
[13.533s][info][gc,stats    ]   CMR: <total>                      322 us
[13.533s][info][gc,stats    ]   CMR: Thread Roots                 232 us, workers (us):  78,  84,  71, ---, ---, ---, 
[13.533s][info][gc,stats    ]   CMR: VM Strong Roots                9 us, workers (us):   8,   0,   0, ---, ---, ---, 
[13.533s][info][gc,stats    ]   CMR: CLDG Roots                    80 us, workers (us):  80, ---, ---, ---, ---, ---, 
[13.533s][info][gc,stats    ] Concurrent Marking                 3329 us
[13.533s][info][gc,stats    ] Pause Final Mark (G)                841 us
[13.533s][info][gc,stats    ] Pause Final Mark (N)                625 us
[13.533s][info][gc,stats    ]   Finish Mark                       339 us
[13.533s][info][gc,stats    ]   Update Region States              108 us
[13.533s][info][gc,stats    ]   Choose Collection Set              98 us
[13.533s][info][gc,stats    ]   Rebuild Free Set                   20 us
[13.533s][info][gc,stats    ] Concurrent Thread Roots             227 us, parallelism: 0.69x
[13.533s][info][gc,stats    ]   CTR: <total>                      158 us
[13.533s][info][gc,stats    ]   CTR: Thread Roots                 158 us, workers (us): 100,  51,   7, ---, ---, ---, 
[13.533s][info][gc,stats    ] Concurrent Weak References          120 us, parallelism: 0.12x
[13.533s][info][gc,stats    ]   CWRF: <total>                      14 us
[13.533s][info][gc,stats    ]   CWRF: Weak References              14 us, workers (us):  14,   0,   0, ---, ---, ---, 
[13.533s][info][gc,stats    ] Concurrent Weak Roots               462 us
[13.533s][info][gc,stats    ]   Roots                             318 us, parallelism: 1.21x
[13.533s][info][gc,stats    ]     CWR: <total>                    386 us
[13.533s][info][gc,stats    ]     CWR: Code Cache Roots           326 us, workers (us): 192,   0, 134, ---, ---, ---, 
[13.533s][info][gc,stats    ]     CWR: VM Weak Roots               44 us, workers (us):  32,  11,   1, ---, ---, ---, 
[13.533s][info][gc,stats    ]     CWR: CLDG Roots                  15 us, workers (us): ---,  15, ---, ---, ---, ---, 
[13.533s][info][gc,stats    ]   Rendezvous                        108 us
[13.533s][info][gc,stats    ] Concurrent Cleanup                  165 us
[13.533s][info][gc,stats    ] Concurrent Class Unloading         1372 us
[13.533s][info][gc,stats    ]   Unlink Stale                      894 us
[13.533s][info][gc,stats    ]     System Dictionary                 9 us
[13.533s][info][gc,stats    ]     Weak Class Links                  0 us
[13.533s][info][gc,stats    ]     Code Roots                      883 us
[13.533s][info][gc,stats    ]   Rendezvous                        166 us
[13.533s][info][gc,stats    ]   Purge Unlinked                    215 us
[13.533s][info][gc,stats    ]     Code Roots                      190 us
[13.533s][info][gc,stats    ]     CLDG                             25 us
[13.533s][info][gc,stats    ]     Exception Caches                  0 us
[13.533s][info][gc,stats    ] Concurrent Strong Roots             251 us, parallelism: 0.32x
[13.533s][info][gc,stats    ]   CSR: <total>                       80 us
[13.533s][info][gc,stats    ]   CSR: VM Strong Roots                6 us, workers (us):   5,   0,   0, ---, ---, ---, 
[13.533s][info][gc,stats    ]   CSR: CLDG Roots                    74 us, workers (us):  74, ---, ---, ---, ---, ---, 
[13.533s][info][gc,stats    ] Concurrent Evacuation             24981 us
[13.533s][info][gc,stats    ] Pause Init Update Refs (G)         1100 us
[13.533s][info][gc,stats    ] Pause Init Update Refs (N)          446 us
[13.533s][info][gc,stats    ]   Manage GCLABs                      30 us
[13.533s][info][gc,stats    ] Concurrent Update Refs             6073 us
[13.533s][info][gc,stats    ] Concurrent Update Thread Roots     1344 us
[13.533s][info][gc,stats    ] Pause Final Update Refs (G)        1088 us
[13.533s][info][gc,stats    ] Pause Final Update Refs (N)         720 us
[13.533s][info][gc,stats    ]   Update Region States              468 us
[13.533s][info][gc,stats    ]   Trash Collection Set               42 us
[13.533s][info][gc,stats    ]   Rebuild Free Set                  102 us
[13.533s][info][gc,stats    ] Concurrent Cleanup                  194 us
[13.533s][info][gc,stats    ] 
[13.533s][info][gc,stats    ] Allocation pacing accrued:
[13.533s][info][gc,stats    ]       0 of   109 ms (  0.0%): <total>
[13.533s][info][gc,stats    ]       0 of   109 ms (  0.0%): <average total>
[13.533s][info][gc,stats    ] 
[13.533s][info][gc,metaspace] Metaspace: 6358K(6528K)->6358K(6528K) NonClass: 5812K(5888K)->5812K(5888K) Class: 546K(640K)->546K(640K)
[13.533s][info][gc,ergo     ] Pacer for Idle. Initial: 20971K, Alloc Tax Rate: 1.0x
[13.569s][info][gc          ] Trigger: Average GC time (53.70 ms) is above the time for average allocation rate (4551 MB/s) to deplete free headroom (236M) (margin of error = 1.85)
[13.569s][info][gc,ergo     ] Free headroom: 287M (free) - 52428K (spike) - 0B (penalties) = 236M
[13.569s][info][gc,ergo     ] Free: 286M, Max: 512K regular, 161M humongous, Frag: 44% external, 21% internal; Reserve: 52736K, Max: 512K
[13.569s][info][gc,start    ] GC(135) Concurrent reset
[13.569s][info][gc,task     ] GC(135) Using 3 of 6 workers for concurrent reset
[13.569s][info][gc,ergo     ] GC(135) Pacer for Reset. Non-Taxable: 1024M
[13.571s][info][gc          ] GC(135) Concurrent reset 2.412ms
[13.571s][info][gc,start    ] GC(135) Pause Init Mark (unload classes)
[13.571s][info][gc,task     ] GC(135) Using 6 of 6 workers for init marking
[13.572s][info][gc,ergo     ] GC(135) Pacer for Mark. Expected Live: 196M, Free: 276M, Non-Taxable: 28353K, Alloc Tax Rate: 0.9x
[13.572s][info][gc          ] GC(135) Pause Init Mark (unload classes) 0.142ms
[13.572s][info][gc,start    ] GC(135) Concurrent marking roots
[13.572s][info][gc,task     ] GC(135) Using 3 of 6 workers for concurrent marking roots
[13.572s][info][gc          ] GC(135) Concurrent marking roots 0.338ms
[13.572s][info][gc,start    ] GC(135) Concurrent marking (unload classes)
[13.572s][info][gc,task     ] GC(135) Using 3 of 6 workers for concurrent marking
[13.574s][info][gc          ] GC(135) Concurrent marking (unload classes) 2.378ms
[13.575s][info][gc,start    ] GC(135) Pause Final Mark (unload classes)
[13.575s][info][gc,task     ] GC(135) Using 6 of 6 workers for final marking
[13.575s][info][gc,ergo     ] GC(135) Adaptive CSet Selection. Target Free: 145M, Actual Free: 542M, Max CSet: 43690K, Min Garbage: 0B
[13.575s][info][gc,ergo     ] GC(135) Collectable Garbage: 393M (80%), Immediate: 232M (47%), CSet: 160M (32%)
[13.575s][info][gc,ergo     ] GC(135) Pacer for Evacuation. Used CSet: 202M, Free: 502M, Non-Taxable: 51428K, Alloc Tax Rate: 1.1x
[13.575s][info][gc          ] GC(135) Pause Final Mark (unload classes) 0.513ms
[13.575s][info][gc,start    ] GC(135) Concurrent thread roots
[13.575s][info][gc,task     ] GC(135) Using 3 of 6 workers for Concurrent thread roots
[13.575s][info][gc          ] GC(135) Concurrent thread roots 0.175ms
[13.575s][info][gc,start    ] GC(135) Concurrent weak references
[13.575s][info][gc,task     ] GC(135) Using 3 of 6 workers for concurrent weak references
[13.575s][info][gc,ref      ] GC(135) Encountered references: Soft: 47, Weak: 146, Final: 0, Phantom: 3
[13.575s][info][gc,ref      ] GC(135) Discovered  references: Soft: 0, Weak: 53, Final: 0, Phantom: 2
[13.575s][info][gc,ref      ] GC(135) Enqueued    references: Soft: 0, Weak: 0, Final: 0, Phantom: 0
[13.575s][info][gc          ] GC(135) Concurrent weak references 0.069ms
[13.575s][info][gc,start    ] GC(135) Concurrent weak roots
[13.576s][info][gc,task     ] GC(135) Using 3 of 6 workers for concurrent weak root
[13.576s][info][gc          ] GC(135) Concurrent weak roots 0.353ms
[13.576s][info][gc,start    ] GC(135) Concurrent cleanup
[13.576s][info][gc          ] GC(135) Concurrent cleanup 704M->472M(1024M) 0.130ms
[13.576s][info][gc,ergo     ] GC(135) Free: 489M, Max: 512K regular, 238M humongous, Frag: 52% external, 0% internal; Reserve: 52722K, Max: 512K
[13.576s][info][gc,start    ] GC(135) Concurrent class unloading
[13.576s][info][gc,task     ] GC(135) Using 3 of 6 workers for concurrent class unloading
[13.577s][info][gc          ] GC(135) Concurrent class unloading 0.898ms
[13.577s][info][gc,start    ] GC(135) Concurrent strong roots
[13.577s][info][gc,task     ] GC(135) Using 3 of 6 workers for concurrent strong root
[13.577s][info][gc          ] GC(135) Concurrent strong roots 0.189ms
[13.577s][info][gc,start    ] GC(135) Concurrent evacuation
[13.577s][info][gc,task     ] GC(135) Using 3 of 6 workers for concurrent evacuation
[13.591s][info][gc          ] GC(135) Concurrent evacuation 14.170ms
[13.592s][info][gc,start    ] GC(135) Pause Init Update Refs
[13.592s][info][gc,ergo     ] GC(135) Pacer for Update Refs. Used: 566M, Free: 438M, Non-Taxable: 44952K, Alloc Tax Rate: 1.6x
[13.592s][info][gc          ] GC(135) Pause Init Update Refs 0.027ms
[13.592s][info][gc,start    ] GC(135) Concurrent update references
[13.592s][info][gc,task     ] GC(135) Using 3 of 6 workers for concurrent reference update
[13.594s][info][gc          ] GC(135) Concurrent update references 2.575ms
[13.594s][info][gc,start    ] GC(135) Concurrent update thread roots
[13.595s][info][gc          ] GC(135) Concurrent update thread roots 0.489ms
[13.595s][info][gc,start    ] GC(135) Pause Final Update Refs
[13.595s][info][gc,task     ] GC(135) Using 6 of 6 workers for final reference update
[13.595s][info][gc          ] GC(135) Pause Final Update Refs 0.266ms
[13.596s][info][gc,start    ] GC(135) Concurrent cleanup
[13.596s][info][gc          ] GC(135) Concurrent cleanup 590M->388M(1024M) 0.063ms
[13.596s][info][gc,ergo     ] Free: 584M, Max: 512K regular, 241M humongous, Frag: 59% external, 36% internal; Reserve: 52736K, Max: 512K
[13.596s][info][gc,stats    ] 
[13.596s][info][gc,stats    ] All times are wall-clock times, except per-root-class counters, that are sum over
[13.596s][info][gc,stats    ] all workers. Dividing the <total> over the root stage time estimates parallelism.
[13.596s][info][gc,stats    ] 
[13.596s][info][gc,stats    ] Concurrent Reset                   2485 us
[13.596s][info][gc,stats    ] Pause Init Mark (G)                 418 us
[13.596s][info][gc,stats    ] Pause Init Mark (N)                 147 us
[13.596s][info][gc,stats    ]   Update Region States               93 us
[13.596s][info][gc,stats    ] Concurrent Mark Roots               352 us, parallelism: 0.78x
[13.596s][info][gc,stats    ]   CMR: <total>                      275 us
[13.596s][info][gc,stats    ]   CMR: Thread Roots                 199 us, workers (us):  47,  80,  73, ---, ---, ---, 
[13.596s][info][gc,stats    ]   CMR: VM Strong Roots                9 us, workers (us):   8,   0,   0, ---, ---, ---, 
[13.596s][info][gc,stats    ]   CMR: CLDG Roots                    67 us, workers (us):  67, ---, ---, ---, ---, ---, 
[13.596s][info][gc,stats    ] Concurrent Marking                 2503 us
[13.596s][info][gc,stats    ] Pause Final Mark (G)                736 us
[13.596s][info][gc,stats    ] Pause Final Mark (N)                518 us
[13.596s][info][gc,stats    ]   Finish Mark                       274 us
[13.596s][info][gc,stats    ]   Update Region States               76 us
[13.596s][info][gc,stats    ]   Choose Collection Set             101 us
[13.596s][info][gc,stats    ]   Rebuild Free Set                   17 us
[13.596s][info][gc,stats    ] Concurrent Thread Roots             187 us, parallelism: 0.76x
[13.596s][info][gc,stats    ]   CTR: <total>                      142 us
[13.596s][info][gc,stats    ]   CTR: Thread Roots                 142 us, workers (us):  46,  43,  53, ---, ---, ---, 
[13.596s][info][gc,stats    ] Concurrent Weak References           72 us, parallelism: 0.16x
[13.596s][info][gc,stats    ]   CWRF: <total>                      11 us
[13.596s][info][gc,stats    ]   CWRF: Weak References              11 us, workers (us):  11,   0,   0, ---, ---, ---, 
[13.596s][info][gc,stats    ] Concurrent Weak Roots               370 us
[13.596s][info][gc,stats    ]   Roots                             262 us, parallelism: 1.40x
[13.596s][info][gc,stats    ]     CWR: <total>                    366 us
[13.596s][info][gc,stats    ]     CWR: Code Cache Roots           306 us, workers (us): 175,   0, 131, ---, ---, ---, 
[13.596s][info][gc,stats    ]     CWR: VM Weak Roots               49 us, workers (us):  33,  16,   1, ---, ---, ---, 
[13.596s][info][gc,stats    ]     CWR: CLDG Roots                  11 us, workers (us): ---,  11, ---, ---, ---, ---, 
[13.596s][info][gc,stats    ]   Rendezvous                         82 us
[13.596s][info][gc,stats    ] Concurrent Cleanup                  136 us
[13.596s][info][gc,stats    ] Concurrent Class Unloading          955 us
[13.596s][info][gc,stats    ]   Unlink Stale                      633 us
[13.596s][info][gc,stats    ]     System Dictionary                12 us
[13.596s][info][gc,stats    ]     Weak Class Links                  1 us
[13.596s][info][gc,stats    ]     Code Roots                      620 us
[13.596s][info][gc,stats    ]   Rendezvous                         91 us
[13.596s][info][gc,stats    ]   Purge Unlinked                    161 us
[13.596s][info][gc,stats    ]     Code Roots                      141 us
[13.596s][info][gc,stats    ]     CLDG                             20 us
[13.596s][info][gc,stats    ]     Exception Caches                  0 us
[13.596s][info][gc,stats    ] Concurrent Strong Roots             203 us, parallelism: 0.28x
[13.596s][info][gc,stats    ]   CSR: <total>                       58 us
[13.596s][info][gc,stats    ]   CSR: VM Strong Roots                6 us, workers (us):   5,   1,   0, ---, ---, ---, 
[13.596s][info][gc,stats    ]   CSR: CLDG Roots                    52 us, workers (us):  52, ---, ---, ---, ---, ---, 
[13.596s][info][gc,stats    ] Concurrent Evacuation             14260 us
[13.596s][info][gc,stats    ] Pause Init Update Refs (G)          304 us
[13.596s][info][gc,stats    ] Pause Init Update Refs (N)           32 us
[13.596s][info][gc,stats    ]   Manage GCLABs                       4 us
[13.596s][info][gc,stats    ] Concurrent Update Refs             2681 us
[13.596s][info][gc,stats    ] Concurrent Update Thread Roots      511 us
[13.596s][info][gc,stats    ] Pause Final Update Refs (G)         560 us
[13.596s][info][gc,stats    ] Pause Final Update Refs (N)         278 us
[13.596s][info][gc,stats    ]   Update Region States              209 us
[13.596s][info][gc,stats    ]   Trash Collection Set                9 us
[13.596s][info][gc,stats    ]   Rebuild Free Set                   23 us
[13.596s][info][gc,stats    ] Concurrent Cleanup                   70 us
[13.596s][info][gc,stats    ] 
[13.596s][info][gc,stats    ] Allocation pacing accrued:
[13.596s][info][gc,stats    ]       0 of    62 ms (  0.0%): <total>
[13.596s][info][gc,stats    ]       0 of    62 ms (  0.0%): <average total>
[13.596s][info][gc,stats    ] 
[13.596s][info][gc,metaspace] Metaspace: 6358K(6528K)->6358K(6528K) NonClass: 5812K(5888K)->5812K(5888K) Class: 546K(640K)->546K(640K)
[13.596s][info][gc,ergo     ] Pacer for Idle. Initial: 20971K, Alloc Tax Rate: 1.0x
[13.643s][info][gc          ] Trigger: Average GC time (47.50 ms) is above the time for average allocation rate (4551 MB/s) to deplete free headroom (213M) (margin of error = 1.85)
[13.643s][info][gc,ergo     ] Free headroom: 264M (free) - 52428K (spike) - 0B (penalties) = 213M
[13.643s][info][gc,ergo     ] Free: 263M, Max: 512K regular, 241M humongous, Frag: 9% external, 1% internal; Reserve: 52736K, Max: 512K
[13.643s][info][gc,start    ] GC(136) Concurrent reset
[13.643s][info][gc,task     ] GC(136) Using 3 of 6 workers for concurrent reset
[13.643s][info][gc,ergo     ] GC(136) Pacer for Reset. Non-Taxable: 1024M
[13.647s][info][gc          ] GC(136) Concurrent reset 3.358ms
[13.647s][info][gc,start    ] GC(136) Pause Init Mark (unload classes)
[13.647s][info][gc,task     ] GC(136) Using 6 of 6 workers for init marking
[13.647s][info][gc,ergo     ] GC(136) Pacer for Mark. Expected Live: 196M, Free: 251M, Non-Taxable: 25742K, Alloc Tax Rate: 1.0x
[13.647s][info][gc          ] GC(136) Pause Init Mark (unload classes) 0.209ms
[13.647s][info][gc,start    ] GC(136) Concurrent marking roots
[13.647s][info][gc,task     ] GC(136) Using 3 of 6 workers for concurrent marking roots
[13.647s][info][gc          ] GC(136) Concurrent marking roots 0.277ms
[13.647s][info][gc,start    ] GC(136) Concurrent marking (unload classes)
[13.647s][info][gc,task     ] GC(136) Using 3 of 6 workers for concurrent marking
[13.650s][info][gc          ] GC(136) Concurrent marking (unload classes) 2.207ms
[13.650s][info][gc,start    ] GC(136) Pause Final Mark (unload classes)
[13.650s][info][gc,task     ] GC(136) Using 6 of 6 workers for final marking
[13.650s][info][gc,ergo     ] GC(136) Adaptive CSet Selection. Target Free: 145M, Actual Free: 544M, Max CSet: 43690K, Min Garbage: 0B
[13.650s][info][gc,ergo     ] GC(136) Collectable Garbage: 415M (81%), Immediate: 266M (52%), CSet: 149M (29%)
[13.650s][info][gc,ergo     ] GC(136) Pacer for Evacuation. Used CSet: 192M, Free: 505M, Non-Taxable: 51752K, Alloc Tax Rate: 1.1x
[13.650s][info][gc          ] GC(136) Pause Final Mark (unload classes) 0.557ms
[13.651s][info][gc,start    ] GC(136) Concurrent thread roots
[13.651s][info][gc,task     ] GC(136) Using 3 of 6 workers for Concurrent thread roots
[13.651s][info][gc          ] GC(136) Concurrent thread roots 0.202ms
[13.651s][info][gc,start    ] GC(136) Concurrent weak references
[13.651s][info][gc,task     ] GC(136) Using 3 of 6 workers for concurrent weak references
[13.651s][info][gc,ref      ] GC(136) Encountered references: Soft: 47, Weak: 146, Final: 0, Phantom: 3
[13.651s][info][gc,ref      ] GC(136) Discovered  references: Soft: 0, Weak: 48, Final: 0, Phantom: 2
[13.651s][info][gc,ref      ] GC(136) Enqueued    references: Soft: 0, Weak: 0, Final: 0, Phantom: 0
[13.651s][info][gc          ] GC(136) Concurrent weak references 0.136ms
[13.651s][info][gc,start    ] GC(136) Concurrent weak roots
[13.651s][info][gc,task     ] GC(136) Using 3 of 6 workers for concurrent weak root
[13.651s][info][gc          ] GC(136) Concurrent weak roots 0.366ms
[13.651s][info][gc,start    ] GC(136) Concurrent cleanup
[13.651s][info][gc          ] GC(136) Concurrent cleanup 734M->468M(1024M) 0.092ms
[13.651s][info][gc,ergo     ] GC(136) Free: 493M, Max: 512K regular, 249M humongous, Frag: 50% external, 0% internal; Reserve: 52722K, Max: 512K
[13.651s][info][gc,start    ] GC(136) Concurrent class unloading
[13.651s][info][gc,task     ] GC(136) Using 3 of 6 workers for concurrent class unloading
[13.652s][info][gc          ] GC(136) Concurrent class unloading 0.792ms
[13.652s][info][gc,start    ] GC(136) Concurrent strong roots
[13.652s][info][gc,task     ] GC(136) Using 3 of 6 workers for concurrent strong root
[13.652s][info][gc          ] GC(136) Concurrent strong roots 0.158ms
[13.652s][info][gc,start    ] GC(136) Concurrent evacuation
[13.652s][info][gc,task     ] GC(136) Using 3 of 6 workers for concurrent evacuation
[13.668s][info][gc          ] GC(136) Concurrent evacuation 15.753ms
[13.669s][info][gc,start    ] GC(136) Pause Init Update Refs
[13.669s][info][gc,ergo     ] GC(136) Pacer for Update Refs. Used: 565M, Free: 440M, Non-Taxable: 45072K, Alloc Tax Rate: 1.6x
[13.669s][info][gc          ] GC(136) Pause Init Update Refs 0.100ms
[13.669s][info][gc,start    ] GC(136) Concurrent update references
[13.669s][info][gc,task     ] GC(136) Using 3 of 6 workers for concurrent reference update
[13.672s][info][gc          ] GC(136) Concurrent update references 3.272ms
[13.672s][info][gc,start    ] GC(136) Concurrent update thread roots
[13.673s][info][gc          ] GC(136) Concurrent update thread roots 0.573ms
[13.673s][info][gc,start    ] GC(136) Pause Final Update Refs
[13.673s][info][gc,task     ] GC(136) Using 6 of 6 workers for final reference update
[13.673s][info][gc          ] GC(136) Pause Final Update Refs 0.200ms
[13.673s][info][gc,start    ] GC(136) Concurrent cleanup
[13.673s][info][gc          ] GC(136) Concurrent cleanup 585M->394M(1024M) 0.073ms
[13.674s][info][gc,ergo     ] Free: 577M, Max: 512K regular, 223M humongous, Frag: 61% external, 36% internal; Reserve: 52736K, Max: 512K
[13.674s][info][gc,stats    ] 
[13.674s][info][gc,stats    ] All times are wall-clock times, except per-root-class counters, that are sum over
[13.674s][info][gc,stats    ] all workers. Dividing the <total> over the root stage time estimates parallelism.
[13.674s][info][gc,stats    ] 
[13.674s][info][gc,stats    ] Concurrent Reset                   3459 us
[13.674s][info][gc,stats    ] Pause Init Mark (G)                 525 us
[13.674s][info][gc,stats    ] Pause Init Mark (N)                 215 us
[13.674s][info][gc,stats    ]   Update Region States              152 us
[13.674s][info][gc,stats    ] Concurrent Mark Roots               287 us, parallelism: 0.85x
[13.674s][info][gc,stats    ]   CMR: <total>                      245 us
[13.674s][info][gc,stats    ]   CMR: Thread Roots                 167 us, workers (us):  12,  91,  64, ---, ---, ---, 
[13.674s][info][gc,stats    ]   CMR: VM Strong Roots                7 us, workers (us):   6,   0,   0, ---, ---, ---, 
[13.674s][info][gc,stats    ]   CMR: CLDG Roots                    71 us, workers (us):  71, ---, ---, ---, ---, ---, 
[13.674s][info][gc,stats    ] Concurrent Marking                 2266 us
[13.674s][info][gc,stats    ] Pause Final Mark (G)                804 us
[13.674s][info][gc,stats    ] Pause Final Mark (N)                562 us
[13.674s][info][gc,stats    ]   Finish Mark                       345 us
[13.674s][info][gc,stats    ]   Update Region States               79 us
[13.674s][info][gc,stats    ]   Choose Collection Set              77 us
[13.674s][info][gc,stats    ]   Rebuild Free Set                   17 us
[13.674s][info][gc,stats    ] Concurrent Thread Roots             212 us, parallelism: 0.71x
[13.674s][info][gc,stats    ]   CTR: <total>                      150 us
[13.674s][info][gc,stats    ]   CTR: Thread Roots                 150 us, workers (us):  52,  43,  55, ---, ---, ---, 
[13.674s][info][gc,stats    ] Concurrent Weak References          139 us, parallelism: 0.08x
[13.674s][info][gc,stats    ]   CWRF: <total>                      11 us
[13.674s][info][gc,stats    ]   CWRF: Weak References              11 us, workers (us):  11,   0,   0, ---, ---, ---, 
[13.674s][info][gc,stats    ] Concurrent Weak Roots               375 us
[13.674s][info][gc,stats    ]   Roots                             265 us, parallelism: 1.23x
[13.674s][info][gc,stats    ]     CWR: <total>                    325 us
[13.674s][info][gc,stats    ]     CWR: Code Cache Roots           252 us, workers (us): 112, 140,   0, ---, ---, ---, 
[13.674s][info][gc,stats    ]     CWR: VM Weak Roots               64 us, workers (us):  33,  25,   5, ---, ---, ---, 
[13.674s][info][gc,stats    ]     CWR: CLDG Roots                   9 us, workers (us): ---, ---,   9, ---, ---, ---, 
[13.674s][info][gc,stats    ]   Rendezvous                         93 us
[13.674s][info][gc,stats    ] Concurrent Cleanup                   97 us
[13.674s][info][gc,stats    ] Concurrent Class Unloading          840 us
[13.674s][info][gc,stats    ]   Unlink Stale                      523 us
[13.674s][info][gc,stats    ]     System Dictionary                 5 us
[13.674s][info][gc,stats    ]     Weak Class Links                  0 us
[13.674s][info][gc,stats    ]     Code Roots                      516 us
[13.674s][info][gc,stats    ]   Rendezvous                        104 us
[13.674s][info][gc,stats    ]   Purge Unlinked                    156 us
[13.674s][info][gc,stats    ]     Code Roots                      118 us
[13.674s][info][gc,stats    ]     CLDG                             38 us
[13.674s][info][gc,stats    ]     Exception Caches                  0 us
[13.674s][info][gc,stats    ] Concurrent Strong Roots             168 us, parallelism: 0.27x
[13.674s][info][gc,stats    ]   CSR: <total>                       46 us
[13.674s][info][gc,stats    ]   CSR: VM Strong Roots                5 us, workers (us):   5,   0,   0, ---, ---, ---, 
[13.674s][info][gc,stats    ]   CSR: CLDG Roots                    41 us, workers (us):  41, ---, ---, ---, ---, ---, 
[13.674s][info][gc,stats    ] Concurrent Evacuation             15949 us
[13.674s][info][gc,stats    ] Pause Init Update Refs (G)          549 us
[13.674s][info][gc,stats    ] Pause Init Update Refs (N)          110 us
[13.674s][info][gc,stats    ]   Manage GCLABs                      12 us
[13.674s][info][gc,stats    ] Concurrent Update Refs             3503 us
[13.674s][info][gc,stats    ] Concurrent Update Thread Roots      599 us
[13.674s][info][gc,stats    ] Pause Final Update Refs (G)         412 us
[13.674s][info][gc,stats    ] Pause Final Update Refs (N)         212 us
[13.674s][info][gc,stats    ]   Update Region States              138 us
[13.674s][info][gc,stats    ]   Trash Collection Set               11 us
[13.674s][info][gc,stats    ]   Rebuild Free Set                   24 us
[13.674s][info][gc,stats    ] Concurrent Cleanup                   80 us
[13.674s][info][gc,stats    ] 
[13.674s][info][gc,stats    ] Allocation pacing accrued:
[13.674s][info][gc,stats    ]       0 of    78 ms (  0.0%): <total>
[13.674s][info][gc,stats    ]       0 of    78 ms (  0.0%): <average total>
[13.674s][info][gc,stats    ] 
[13.674s][info][gc,metaspace] Metaspace: 6358K(6528K)->6358K(6528K) NonClass: 5812K(5888K)->5812K(5888K) Class: 546K(640K)->546K(640K)
[13.674s][info][gc,ergo     ] Pacer for Idle. Initial: 20971K, Alloc Tax Rate: 1.0x
[13.707s][info][gc          ] Trigger: Average GC time (42.22 ms) is above the time for average allocation rate (4551 MB/s) to deplete free headroom (179M) (margin of error = 1.85)
[13.707s][info][gc,ergo     ] Free headroom: 230M (free) - 52428K (spike) - 0B (penalties) = 179M
[13.707s][info][gc,ergo     ] Free: 230M, Max: 512K regular, 223M humongous, Frag: 2% external, 24% internal; Reserve: 52736K, Max: 512K
[13.707s][info][gc,start    ] GC(137) Concurrent reset
[13.707s][info][gc,task     ] GC(137) Using 3 of 6 workers for concurrent reset
[13.707s][info][gc,ergo     ] GC(137) Pacer for Reset. Non-Taxable: 1024M
[13.710s][info][gc          ] GC(137) Concurrent reset 2.750ms
[13.711s][info][gc,start    ] GC(137) Pause Init Mark (unload classes)
[13.711s][info][gc,task     ] GC(137) Using 6 of 6 workers for init marking
[13.711s][info][gc,ergo     ] GC(137) Pacer for Mark. Expected Live: 196M, Free: 220M, Non-Taxable: 22603K, Alloc Tax Rate: 1.1x
[13.711s][info][gc          ] GC(137) Pause Init Mark (unload classes) 0.177ms
[13.711s][info][gc,start    ] GC(137) Concurrent marking roots
[13.711s][info][gc,task     ] GC(137) Using 3 of 6 workers for concurrent marking roots
[13.711s][info][gc          ] GC(137) Concurrent marking roots 0.299ms
[13.711s][info][gc,start    ] GC(137) Concurrent marking (unload classes)
[13.711s][info][gc,task     ] GC(137) Using 3 of 6 workers for concurrent marking
[13.713s][info][gc          ] GC(137) Concurrent marking (unload classes) 2.253ms
[13.714s][info][gc,start    ] GC(137) Pause Final Mark (unload classes)
[13.714s][info][gc,task     ] GC(137) Using 6 of 6 workers for final marking
[13.714s][info][gc,ergo     ] GC(137) Adaptive CSet Selection. Target Free: 145M, Actual Free: 524M, Max CSet: 43690K, Min Garbage: 0B
[13.714s][info][gc,ergo     ] GC(137) Collectable Garbage: 444M (82%), Immediate: 278M (51%), CSet: 165M (30%)
[13.714s][info][gc,ergo     ] GC(137) Pacer for Evacuation. Used CSet: 207M, Free: 485M, Non-Taxable: 49720K, Alloc Tax Rate: 1.1x
[13.714s][info][gc          ] GC(137) Pause Final Mark (unload classes) 0.523ms
[13.714s][info][gc,start    ] GC(137) Concurrent thread roots
[13.714s][info][gc,task     ] GC(137) Using 3 of 6 workers for Concurrent thread roots
[13.714s][info][gc          ] GC(137) Concurrent thread roots 0.225ms
[13.714s][info][gc,start    ] GC(137) Concurrent weak references
[13.714s][info][gc,task     ] GC(137) Using 3 of 6 workers for concurrent weak references
[13.715s][info][gc,ref      ] GC(137) Encountered references: Soft: 47, Weak: 146, Final: 0, Phantom: 3
[13.715s][info][gc,ref      ] GC(137) Discovered  references: Soft: 0, Weak: 53, Final: 0, Phantom: 2
[13.715s][info][gc,ref      ] GC(137) Enqueued    references: Soft: 0, Weak: 0, Final: 0, Phantom: 0
[13.715s][info][gc          ] GC(137) Concurrent weak references 0.175ms
[13.715s][info][gc,start    ] GC(137) Concurrent weak roots
[13.715s][info][gc,task     ] GC(137) Using 3 of 6 workers for concurrent weak root
[13.715s][info][gc          ] GC(137) Concurrent weak roots 0.351ms
[13.715s][info][gc,start    ] GC(137) Concurrent cleanup
[13.715s][info][gc          ] GC(137) Concurrent cleanup 766M->489M(1024M) 0.122ms
[13.715s][info][gc,ergo     ] GC(137) Free: 472M, Max: 512K regular, 211M humongous, Frag: 56% external, 0% internal; Reserve: 52722K, Max: 512K
[13.715s][info][gc,start    ] GC(137) Concurrent class unloading
[13.715s][info][gc,task     ] GC(137) Using 3 of 6 workers for concurrent class unloading
[13.716s][info][gc          ] GC(137) Concurrent class unloading 0.711ms
[13.716s][info][gc,start    ] GC(137) Concurrent strong roots
[13.716s][info][gc,task     ] GC(137) Using 3 of 6 workers for concurrent strong root
[13.716s][info][gc          ] GC(137) Concurrent strong roots 0.154ms
[13.716s][info][gc,start    ] GC(137) Concurrent evacuation
[13.716s][info][gc,task     ] GC(137) Using 3 of 6 workers for concurrent evacuation
[13.729s][info][gc          ] GC(137) Concurrent evacuation 12.949ms
[13.729s][info][gc,start    ] GC(137) Pause Init Update Refs
[13.729s][info][gc,ergo     ] GC(137) Pacer for Update Refs. Used: 583M, Free: 420M, Non-Taxable: 43097K, Alloc Tax Rate: 1.7x
[13.729s][info][gc          ] GC(137) Pause Init Update Refs 0.037ms
[13.729s][info][gc,start    ] GC(137) Concurrent update references
[13.729s][info][gc,task     ] GC(137) Using 3 of 6 workers for concurrent reference update
[13.732s][info][gc          ] GC(137) Concurrent update references 2.859ms
[13.732s][info][gc,start    ] GC(137) Concurrent update thread roots
[13.733s][info][gc          ] GC(137) Concurrent update thread roots 0.354ms
[13.733s][info][gc,start    ] GC(137) Pause Final Update Refs
[13.733s][info][gc,task     ] GC(137) Using 6 of 6 workers for final reference update
[13.733s][info][gc          ] GC(137) Pause Final Update Refs 0.237ms
[13.733s][info][gc,start    ] GC(137) Concurrent cleanup
[13.733s][info][gc          ] GC(137) Concurrent cleanup 608M->402M(1024M) 0.097ms
[13.733s][info][gc,ergo     ] Free: 569M, Max: 512K regular, 188M humongous, Frag: 67% external, 37% internal; Reserve: 52736K, Max: 512K
[13.733s][info][gc,stats    ] 
[13.733s][info][gc,stats    ] All times are wall-clock times, except per-root-class counters, that are sum over
[13.733s][info][gc,stats    ] all workers. Dividing the <total> over the root stage time estimates parallelism.
[13.733s][info][gc,stats    ] 
[13.733s][info][gc,stats    ] Concurrent Reset                   2868 us
[13.733s][info][gc,stats    ] Pause Init Mark (G)                 461 us
[13.733s][info][gc,stats    ] Pause Init Mark (N)                 182 us
[13.733s][info][gc,stats    ]   Update Region States              123 us
[13.733s][info][gc,stats    ] Concurrent Mark Roots               315 us, parallelism: 0.71x
[13.733s][info][gc,stats    ]   CMR: <total>                      223 us
[13.733s][info][gc,stats    ]   CMR: Thread Roots                 163 us, workers (us):  54,  61,  49, ---, ---, ---, 
[13.733s][info][gc,stats    ]   CMR: VM Strong Roots                8 us, workers (us):   7,   0,   0, ---, ---, ---, 
[13.733s][info][gc,stats    ]   CMR: CLDG Roots                    52 us, workers (us):  52, ---, ---, ---, ---, ---, 
[13.733s][info][gc,stats    ] Concurrent Marking                 2325 us
[13.733s][info][gc,stats    ] Pause Final Mark (G)                749 us
[13.733s][info][gc,stats    ] Pause Final Mark (N)                528 us
[13.733s][info][gc,stats    ]   Finish Mark                       266 us
[13.733s][info][gc,stats    ]   Update Region States              122 us
[13.733s][info][gc,stats    ]   Choose Collection Set              82 us
[13.733s][info][gc,stats    ]   Rebuild Free Set                   18 us
[13.733s][info][gc,stats    ] Concurrent Thread Roots             240 us, parallelism: 0.58x
[13.733s][info][gc,stats    ]   CTR: <total>                      140 us
[13.733s][info][gc,stats    ]   CTR: Thread Roots                 140 us, workers (us):  83,  45,  12, ---, ---, ---, 
[13.733s][info][gc,stats    ] Concurrent Weak References          179 us, parallelism: 0.10x
[13.734s][info][gc,stats    ]   CWRF: <total>                      18 us
[13.734s][info][gc,stats    ]   CWRF: Weak References              18 us, workers (us):  16,   3,   0, ---, ---, ---, 
[13.734s][info][gc,stats    ] Concurrent Weak Roots               361 us
[13.734s][info][gc,stats    ]   Roots                             264 us, parallelism: 1.15x
[13.734s][info][gc,stats    ]     CWR: <total>                    305 us
[13.734s][info][gc,stats    ]     CWR: Code Cache Roots           258 us, workers (us):   0, 145, 113, ---, ---, ---, 
[13.734s][info][gc,stats    ]     CWR: VM Weak Roots               38 us, workers (us):  21,  17,   1, ---, ---, ---, 
[13.734s][info][gc,stats    ]     CWR: CLDG Roots                   9 us, workers (us):   9, ---, ---, ---, ---, ---, 
[13.734s][info][gc,stats    ]   Rendezvous                         77 us
[13.734s][info][gc,stats    ] Concurrent Cleanup                  127 us
[13.734s][info][gc,stats    ] Concurrent Class Unloading          727 us
[13.734s][info][gc,stats    ]   Unlink Stale                      469 us
[13.734s][info][gc,stats    ]     System Dictionary                10 us
[13.734s][info][gc,stats    ]     Weak Class Links                  1 us
[13.734s][info][gc,stats    ]     Code Roots                      456 us
[13.734s][info][gc,stats    ]   Rendezvous                         77 us
[13.734s][info][gc,stats    ]   Purge Unlinked                    121 us
[13.734s][info][gc,stats    ]     Code Roots                      101 us
[13.734s][info][gc,stats    ]     CLDG                             19 us
[13.734s][info][gc,stats    ]     Exception Caches                  0 us
[13.734s][info][gc,stats    ] Concurrent Strong Roots             165 us, parallelism: 0.27x
[13.734s][info][gc,stats    ]   CSR: <total>                       45 us
[13.734s][info][gc,stats    ]   CSR: VM Strong Roots                6 us, workers (us):   4,   2,   0, ---, ---, ---, 
[13.734s][info][gc,stats    ]   CSR: CLDG Roots                    39 us, workers (us):  39, ---, ---, ---, ---, ---, 
[13.734s][info][gc,stats    ] Concurrent Evacuation             13036 us
[13.734s][info][gc,stats    ] Pause Init Update Refs (G)          380 us
[13.734s][info][gc,stats    ] Pause Init Update Refs (N)           43 us
[13.734s][info][gc,stats    ]   Manage GCLABs                       4 us
[13.734s][info][gc,stats    ] Concurrent Update Refs             2930 us
[13.734s][info][gc,stats    ] Concurrent Update Thread Roots      376 us
[13.734s][info][gc,stats    ] Pause Final Update Refs (G)         486 us
[13.734s][info][gc,stats    ] Pause Final Update Refs (N)         251 us
[13.734s][info][gc,stats    ]   Update Region States              181 us
[13.734s][info][gc,stats    ]   Trash Collection Set                9 us
[13.734s][info][gc,stats    ]   Rebuild Free Set                   21 us
[13.734s][info][gc,stats    ] Concurrent Cleanup                  104 us
[13.734s][info][gc,stats    ] 
[13.734s][info][gc,stats    ] Allocation pacing accrued:
[13.734s][info][gc,stats    ]       0 of    60 ms (  0.0%): <total>
[13.734s][info][gc,stats    ]       0 of    60 ms (  0.0%): <average total>
[13.734s][info][gc,stats    ] 
[13.734s][info][gc,metaspace] Metaspace: 6358K(6528K)->6358K(6528K) NonClass: 5812K(5888K)->5812K(5888K) Class: 546K(640K)->546K(640K)
[13.734s][info][gc,ergo     ] Pacer for Idle. Initial: 20971K, Alloc Tax Rate: 1.0x
[13.765s][info][gc          ] Trigger: Average GC time (37.85 ms) is above the time for average allocation rate (4551 MB/s) to deplete free headroom (167M) (margin of error = 1.86)
[13.765s][info][gc,ergo     ] Free headroom: 218M (free) - 52428K (spike) - 0B (penalties) = 167M
[13.765s][info][gc,ergo     ] Free: 217M, Max: 512K regular, 188M humongous, Frag: 14% external, 14% internal; Reserve: 52736K, Max: 512K
[13.765s][info][gc,start    ] GC(138) Concurrent reset
[13.765s][info][gc,task     ] GC(138) Using 3 of 6 workers for concurrent reset
[13.765s][info][gc,ergo     ] GC(138) Pacer for Reset. Non-Taxable: 1024M
[13.768s][info][gc          ] GC(138) Concurrent reset 2.924ms
[13.769s][info][gc,start    ] GC(138) Pause Init Mark (unload classes)
[13.769s][info][gc,task     ] GC(138) Using 6 of 6 workers for init marking
[13.769s][info][gc,ergo     ] GC(138) Pacer for Mark. Expected Live: 196M, Free: 207M, Non-Taxable: 21271K, Alloc Tax Rate: 1.2x
[13.769s][info][gc          ] GC(138) Pause Init Mark (unload classes) 0.251ms
[13.769s][info][gc,start    ] GC(138) Concurrent marking roots
[13.769s][info][gc,task     ] GC(138) Using 3 of 6 workers for concurrent marking roots
[13.769s][info][gc          ] GC(138) Concurrent marking roots 0.342ms
[13.769s][info][gc,start    ] GC(138) Concurrent marking (unload classes)
[13.769s][info][gc,task     ] GC(138) Using 3 of 6 workers for concurrent marking
[13.772s][info][gc          ] GC(138) Concurrent marking (unload classes) 2.521ms
[13.772s][info][gc,start    ] GC(138) Pause Final Mark (unload classes)
[13.772s][info][gc,task     ] GC(138) Using 6 of 6 workers for final marking
[13.773s][info][gc,ergo     ] GC(138) Adaptive CSet Selection. Target Free: 145M, Actual Free: 541M, Max CSet: 43690K, Min Garbage: 0B
[13.773s][info][gc,ergo     ] GC(138) Collectable Garbage: 464M (83%), Immediate: 305M (55%), CSet: 158M (28%)
[13.773s][info][gc,ergo     ] GC(138) Pacer for Evacuation. Used CSet: 201M, Free: 503M, Non-Taxable: 51508K, Alloc Tax Rate: 1.1x
[13.773s][info][gc          ] GC(138) Pause Final Mark (unload classes) 0.693ms
[13.773s][info][gc,start    ] GC(138) Concurrent thread roots
[13.773s][info][gc,task     ] GC(138) Using 3 of 6 workers for Concurrent thread roots
[13.773s][info][gc          ] GC(138) Concurrent thread roots 0.186ms
[13.773s][info][gc,start    ] GC(138) Concurrent weak references
[13.773s][info][gc,task     ] GC(138) Using 3 of 6 workers for concurrent weak references
[13.773s][info][gc,ref      ] GC(138) Encountered references: Soft: 47, Weak: 146, Final: 0, Phantom: 3
[13.773s][info][gc,ref      ] GC(138) Discovered  references: Soft: 0, Weak: 54, Final: 0, Phantom: 2
[13.773s][info][gc,ref      ] GC(138) Enqueued    references: Soft: 0, Weak: 0, Final: 0, Phantom: 0
[13.773s][info][gc          ] GC(138) Concurrent weak references 0.145ms
[13.773s][info][gc,start    ] GC(138) Concurrent weak roots
[13.773s][info][gc,task     ] GC(138) Using 3 of 6 workers for concurrent weak root
[13.774s][info][gc          ] GC(138) Concurrent weak roots 0.481ms
[13.774s][info][gc,start    ] GC(138) Concurrent cleanup
[13.774s][info][gc          ] GC(138) Concurrent cleanup 775M->471M(1024M) 0.153ms
[13.774s][info][gc,ergo     ] GC(138) Free: 490M, Max: 512K regular, 204M humongous, Frag: 59% external, 0% internal; Reserve: 52720K, Max: 512K
[13.774s][info][gc,start    ] GC(138) Concurrent class unloading
[13.774s][info][gc,task     ] GC(138) Using 3 of 6 workers for concurrent class unloading
[13.775s][info][gc          ] GC(138) Concurrent class unloading 1.187ms
[13.775s][info][gc,start    ] GC(138) Concurrent strong roots
[13.775s][info][gc,task     ] GC(138) Using 3 of 6 workers for concurrent strong root
[13.775s][info][gc          ] GC(138) Concurrent strong roots 0.153ms
[13.775s][info][gc,start    ] GC(138) Concurrent evacuation
[13.775s][info][gc,task     ] GC(138) Using 3 of 6 workers for concurrent evacuation
[13.789s][info][gc          ] GC(138) Concurrent evacuation 13.725ms
[13.790s][info][gc,start    ] GC(138) Pause Init Update Refs
[13.790s][info][gc,ergo     ] GC(138) Pacer for Update Refs. Used: 570M, Free: 434M, Non-Taxable: 44520K, Alloc Tax Rate: 1.6x
[13.790s][info][gc          ] GC(138) Pause Init Update Refs 0.055ms
[13.790s][info][gc,start    ] GC(138) Concurrent update references
[13.790s][info][gc,task     ] GC(138) Using 3 of 6 workers for concurrent reference update
[13.793s][info][gc          ] GC(138) Concurrent update references 2.943ms
[13.793s][info][gc,start    ] GC(138) Concurrent update thread roots
[13.793s][info][gc          ] GC(138) Concurrent update thread roots 0.409ms
[13.793s][info][gc,start    ] GC(138) Pause Final Update Refs
[13.793s][info][gc,task     ] GC(138) Using 6 of 6 workers for final reference update
[13.794s][info][gc          ] GC(138) Pause Final Update Refs 0.258ms
[13.794s][info][gc,start    ] GC(138) Concurrent cleanup
[13.794s][info][gc          ] GC(138) Concurrent cleanup 593M->393M(1024M) 0.071ms
[13.794s][info][gc,ergo     ] Free: 578M, Max: 512K regular, 180M humongous, Frag: 69% external, 36% internal; Reserve: 52736K, Max: 512K
[13.794s][info][gc,stats    ] 
[13.794s][info][gc,stats    ] All times are wall-clock times, except per-root-class counters, that are sum over
[13.794s][info][gc,stats    ] all workers. Dividing the <total> over the root stage time estimates parallelism.
[13.794s][info][gc,stats    ] 
[13.794s][info][gc,stats    ] Concurrent Reset                   3025 us
[13.794s][info][gc,stats    ] Pause Init Mark (G)                 562 us
[13.794s][info][gc,stats    ] Pause Init Mark (N)                 257 us
[13.794s][info][gc,stats    ]   Update Region States              178 us
[13.794s][info][gc,stats    ] Concurrent Mark Roots               360 us, parallelism: 0.87x
[13.794s][info][gc,stats    ]   CMR: <total>                      314 us
[13.794s][info][gc,stats    ]   CMR: Thread Roots                 228 us, workers (us):  61,  96,  71, ---, ---, ---, 
[13.794s][info][gc,stats    ]   CMR: VM Strong Roots                8 us, workers (us):   8,   1,   0, ---, ---, ---, 
[13.794s][info][gc,stats    ]   CMR: CLDG Roots                    78 us, workers (us):  78, ---, ---, ---, ---, ---, 
[13.794s][info][gc,stats    ] Concurrent Marking                 2611 us
[13.794s][info][gc,stats    ] Pause Final Mark (G)               1007 us
[13.794s][info][gc,stats    ] Pause Final Mark (N)                698 us
[13.794s][info][gc,stats    ]   Finish Mark                       350 us
[13.794s][info][gc,stats    ]   Update Region States              158 us
[13.794s][info][gc,stats    ]   Choose Collection Set             111 us
[13.794s][info][gc,stats    ]   Rebuild Free Set                   19 us
[13.794s][info][gc,stats    ] Concurrent Thread Roots             200 us, parallelism: 0.74x
[13.794s][info][gc,stats    ]   CTR: <total>                      148 us
[13.794s][info][gc,stats    ]   CTR: Thread Roots                 148 us, workers (us):  48,  49,  52, ---, ---, ---, 
[13.794s][info][gc,stats    ] Concurrent Weak References          149 us, parallelism: 0.10x
[13.794s][info][gc,stats    ]   CWRF: <total>                      15 us
[13.794s][info][gc,stats    ]   CWRF: Weak References              15 us, workers (us):  15,   0,   0, ---, ---, ---, 
[13.794s][info][gc,stats    ] Concurrent Weak Roots               511 us
[13.794s][info][gc,stats    ]   Roots                             309 us, parallelism: 1.10x
[13.794s][info][gc,stats    ]     CWR: <total>                    341 us
[13.794s][info][gc,stats    ]     CWR: Code Cache Roots           296 us, workers (us): 180, 115,   0, ---, ---, ---, 
[13.794s][info][gc,stats    ]     CWR: VM Weak Roots               38 us, workers (us):  37,   1,   1, ---, ---, ---, 
[13.794s][info][gc,stats    ]     CWR: CLDG Roots                   7 us, workers (us):   7, ---, ---, ---, ---, ---, 
[13.794s][info][gc,stats    ]   Rendezvous                        142 us
[13.794s][info][gc,stats    ] Concurrent Cleanup                  168 us
[13.794s][info][gc,stats    ] Concurrent Class Unloading         1263 us
[13.794s][info][gc,stats    ]   Unlink Stale                      837 us
[13.794s][info][gc,stats    ]     System Dictionary                21 us
[13.794s][info][gc,stats    ]     Weak Class Links                  1 us
[13.794s][info][gc,stats    ]     Code Roots                      814 us
[13.794s][info][gc,stats    ]   Rendezvous                        116 us
[13.794s][info][gc,stats    ]   Purge Unlinked                    215 us
[13.794s][info][gc,stats    ]     Code Roots                      192 us
[13.794s][info][gc,stats    ]     CLDG                             21 us
[13.794s][info][gc,stats    ]     Exception Caches                  1 us
[13.794s][info][gc,stats    ] Concurrent Strong Roots             165 us, parallelism: 0.29x
[13.794s][info][gc,stats    ]   CSR: <total>                       48 us
[13.794s][info][gc,stats    ]   CSR: VM Strong Roots                7 us, workers (us):   7,   0,   0, ---, ---, ---, 
[13.794s][info][gc,stats    ]   CSR: CLDG Roots                    41 us, workers (us):  41, ---, ---, ---, ---, ---, 
[13.794s][info][gc,stats    ] Concurrent Evacuation             13799 us
[13.794s][info][gc,stats    ] Pause Init Update Refs (G)          408 us
[13.794s][info][gc,stats    ] Pause Init Update Refs (N)           62 us
[13.794s][info][gc,stats    ]   Manage GCLABs                       6 us
[13.794s][info][gc,stats    ] Concurrent Update Refs             3020 us
[13.794s][info][gc,stats    ] Concurrent Update Thread Roots      427 us
[13.794s][info][gc,stats    ] Pause Final Update Refs (G)         528 us
[13.794s][info][gc,stats    ] Pause Final Update Refs (N)         271 us
[13.794s][info][gc,stats    ]   Update Region States              200 us
[13.794s][info][gc,stats    ]   Trash Collection Set                9 us
[13.794s][info][gc,stats    ]   Rebuild Free Set                   25 us
[13.794s][info][gc,stats    ] Concurrent Cleanup                   77 us
[13.794s][info][gc,stats    ] 
[13.794s][info][gc,stats    ] Allocation pacing accrued:
[13.794s][info][gc,stats    ]       0 of    60 ms (  0.0%): <total>
[13.794s][info][gc,stats    ]       0 of    60 ms (  0.0%): <average total>
[13.794s][info][gc,stats    ] 
[13.794s][info][gc,metaspace] Metaspace: 6358K(6528K)->6358K(6528K) NonClass: 5812K(5888K)->5812K(5888K) Class: 546K(640K)->546K(640K)
[13.794s][info][gc,ergo     ] Pacer for Idle. Initial: 20971K, Alloc Tax Rate: 1.0x
[13.846s][info][gc          ] Trigger: Average GC time (35.02 ms) is above the time for average allocation rate (4551 MB/s) to deplete free headroom (155M) (margin of error = 1.86)
[13.846s][info][gc,ergo     ] Free headroom: 206M (free) - 52428K (spike) - 0B (penalties) = 155M
[13.846s][info][gc,ergo     ] Free: 206M, Max: 512K regular, 180M humongous, Frag: 13% external, 5% internal; Reserve: 52736K, Max: 512K
[13.846s][info][gc,start    ] GC(139) Concurrent reset
[13.846s][info][gc,task     ] GC(139) Using 3 of 6 workers for concurrent reset
[13.846s][info][gc,ergo     ] GC(139) Pacer for Reset. Non-Taxable: 1024M
[13.849s][info][gc          ] GC(139) Concurrent reset 2.652ms
[13.849s][info][gc,start    ] GC(139) Pause Init Mark (unload classes)
[13.849s][info][gc,task     ] GC(139) Using 6 of 6 workers for init marking
[13.849s][info][gc,ergo     ] GC(139) Pacer for Mark. Expected Live: 196M, Free: 196M, Non-Taxable: 20112K, Alloc Tax Rate: 1.2x
[13.849s][info][gc          ] GC(139) Pause Init Mark (unload classes) 0.177ms
[13.849s][info][gc,start    ] GC(139) Concurrent marking roots
[13.849s][info][gc,task     ] GC(139) Using 3 of 6 workers for concurrent marking roots
[13.850s][info][gc          ] GC(139) Concurrent marking roots 0.236ms
[13.850s][info][gc,start    ] GC(139) Concurrent marking (unload classes)
[13.850s][info][gc,task     ] GC(139) Using 3 of 6 workers for concurrent marking
[13.852s][info][gc          ] GC(139) Concurrent marking (unload classes) 2.042ms
[13.852s][info][gc,start    ] GC(139) Pause Final Mark (unload classes)
[13.852s][info][gc,task     ] GC(139) Using 6 of 6 workers for final marking
[13.852s][info][gc,ergo     ] GC(139) Adaptive CSet Selection. Target Free: 145M, Actual Free: 544M, Max CSet: 43690K, Min Garbage: 0B
[13.852s][info][gc,ergo     ] GC(139) Collectable Garbage: 474M (84%), Immediate: 317M (56%), CSet: 156M (27%)
[13.852s][info][gc,ergo     ] GC(139) Pacer for Evacuation. Used CSet: 199M, Free: 505M, Non-Taxable: 51786K, Alloc Tax Rate: 1.1x
[13.852s][info][gc          ] GC(139) Pause Final Mark (unload classes) 0.499ms
[13.852s][info][gc,start    ] GC(139) Concurrent thread roots
[13.852s][info][gc,task     ] GC(139) Using 3 of 6 workers for Concurrent thread roots
[13.852s][info][gc          ] GC(139) Concurrent thread roots 0.157ms
[13.852s][info][gc,start    ] GC(139) Concurrent weak references
[13.852s][info][gc,task     ] GC(139) Using 3 of 6 workers for concurrent weak references
[13.852s][info][gc,ref      ] GC(139) Encountered references: Soft: 47, Weak: 146, Final: 0, Phantom: 3
[13.853s][info][gc,ref      ] GC(139) Discovered  references: Soft: 0, Weak: 51, Final: 0, Phantom: 2
[13.853s][info][gc,ref      ] GC(139) Enqueued    references: Soft: 0, Weak: 0, Final: 0, Phantom: 0
[13.853s][info][gc          ] GC(139) Concurrent weak references 0.074ms
[13.853s][info][gc,start    ] GC(139) Concurrent weak roots
[13.853s][info][gc,task     ] GC(139) Using 3 of 6 workers for concurrent weak root
[13.853s][info][gc          ] GC(139) Concurrent weak roots 0.306ms
[13.853s][info][gc,start    ] GC(139) Concurrent cleanup
[13.853s][info][gc          ] GC(139) Concurrent cleanup 783M->466M(1024M) 0.082ms
[13.853s][info][gc,ergo     ] GC(139) Free: 495M, Max: 512K regular, 200M humongous, Frag: 60% external, 0% internal; Reserve: 52722K, Max: 512K
[13.853s][info][gc,start    ] GC(139) Concurrent class unloading
[13.853s][info][gc,task     ] GC(139) Using 3 of 6 workers for concurrent class unloading
[13.854s][info][gc          ] GC(139) Concurrent class unloading 0.628ms
[13.854s][info][gc,start    ] GC(139) Concurrent strong roots
[13.854s][info][gc,task     ] GC(139) Using 3 of 6 workers for concurrent strong root
[13.854s][info][gc          ] GC(139) Concurrent strong roots 0.129ms
[13.854s][info][gc,start    ] GC(139) Concurrent evacuation
[13.854s][info][gc,task     ] GC(139) Using 3 of 6 workers for concurrent evacuation
[13.866s][info][gc          ] GC(139) Concurrent evacuation 12.527ms
[13.867s][info][gc,start    ] GC(139) Pause Init Update Refs
[13.867s][info][gc,ergo     ] GC(139) Pacer for Update Refs. Used: 564M, Free: 441M, Non-Taxable: 45216K, Alloc Tax Rate: 1.6x
[13.867s][info][gc          ] GC(139) Pause Init Update Refs 0.030ms
[13.867s][info][gc,start    ] GC(139) Concurrent update references
[13.867s][info][gc,task     ] GC(139) Using 3 of 6 workers for concurrent reference update
[13.869s][info][gc          ] GC(139) Concurrent update references 2.222ms
[13.869s][info][gc,start    ] GC(139) Concurrent update thread roots
[13.869s][info][gc          ] GC(139) Concurrent update thread roots 0.226ms
[13.869s][info][gc,start    ] GC(139) Pause Final Update Refs
[13.869s][info][gc,task     ] GC(139) Using 6 of 6 workers for final reference update
[13.869s][info][gc          ] GC(139) Pause Final Update Refs 0.175ms
[13.870s][info][gc,start    ] GC(139) Concurrent cleanup
[13.870s][info][gc          ] GC(139) Concurrent cleanup 586M->387M(1024M) 0.058ms
[13.870s][info][gc,ergo     ] Free: 584M, Max: 512K regular, 171M humongous, Frag: 71% external, 36% internal; Reserve: 52736K, Max: 512K
[13.870s][info][gc,stats    ] 
[13.870s][info][gc,stats    ] All times are wall-clock times, except per-root-class counters, that are sum over
[13.870s][info][gc,stats    ] all workers. Dividing the <total> over the root stage time estimates parallelism.
[13.870s][info][gc,stats    ] 
[13.870s][info][gc,stats    ] Concurrent Reset                   2825 us
[13.870s][info][gc,stats    ] Pause Init Mark (G)                 524 us
[13.870s][info][gc,stats    ] Pause Init Mark (N)                 183 us
[13.870s][info][gc,stats    ]   Update Region States              108 us
[13.870s][info][gc,stats    ] Concurrent Mark Roots               248 us, parallelism: 0.89x
[13.870s][info][gc,stats    ]   CMR: <total>                      220 us
[13.870s][info][gc,stats    ]   CMR: Thread Roots                 161 us, workers (us):  42,  66,  53, ---, ---, ---, 
[13.870s][info][gc,stats    ]   CMR: VM Strong Roots                8 us, workers (us):   7,   0,   0, ---, ---, ---, 
[13.870s][info][gc,stats    ]   CMR: CLDG Roots                    51 us, workers (us):  51, ---, ---, ---, ---, ---, 
[13.870s][info][gc,stats    ] Concurrent Marking                 2106 us
[13.870s][info][gc,stats    ] Pause Final Mark (G)                630 us
[13.870s][info][gc,stats    ] Pause Final Mark (N)                503 us
[13.870s][info][gc,stats    ]   Finish Mark                       273 us
[13.870s][info][gc,stats    ]   Update Region States               87 us
[13.870s][info][gc,stats    ]   Choose Collection Set              82 us
[13.870s][info][gc,stats    ]   Rebuild Free Set                   18 us
[13.870s][info][gc,stats    ] Concurrent Thread Roots             167 us, parallelism: 0.71x
[13.870s][info][gc,stats    ]   CTR: <total>                      118 us
[13.870s][info][gc,stats    ]   CTR: Thread Roots                 118 us, workers (us):  78,  41,   0, ---, ---, ---, 
[13.870s][info][gc,stats    ] Concurrent Weak References           78 us, parallelism: 0.11x
[13.870s][info][gc,stats    ]   CWRF: <total>                       9 us
[13.870s][info][gc,stats    ]   CWRF: Weak References               9 us, workers (us):   8,   0,   0, ---, ---, ---, 
[13.870s][info][gc,stats    ] Concurrent Weak Roots               316 us
[13.870s][info][gc,stats    ]   Roots                             227 us, parallelism: 1.41x
[13.870s][info][gc,stats    ]     CWR: <total>                    319 us
[13.870s][info][gc,stats    ]     CWR: Code Cache Roots           252 us, workers (us):   0, 107, 145, ---, ---, ---, 
[13.870s][info][gc,stats    ]     CWR: VM Weak Roots               51 us, workers (us):  37,  13,   1, ---, ---, ---, 
[13.870s][info][gc,stats    ]     CWR: CLDG Roots                  16 us, workers (us):  16, ---, ---, ---, ---, ---, 
[13.870s][info][gc,stats    ]   Rendezvous                         70 us
[13.870s][info][gc,stats    ] Concurrent Cleanup                   88 us
[13.870s][info][gc,stats    ] Concurrent Class Unloading          644 us
[13.870s][info][gc,stats    ]   Unlink Stale                      433 us
[13.870s][info][gc,stats    ]     System Dictionary                 5 us
[13.870s][info][gc,stats    ]     Weak Class Links                  0 us
[13.870s][info][gc,stats    ]     Code Roots                      427 us
[13.870s][info][gc,stats    ]   Rendezvous                         67 us
[13.870s][info][gc,stats    ]   Purge Unlinked                    118 us
[13.870s][info][gc,stats    ]     Code Roots                       99 us
[13.870s][info][gc,stats    ]     CLDG                             18 us
[13.870s][info][gc,stats    ]     Exception Caches                  0 us
[13.870s][info][gc,stats    ] Concurrent Strong Roots             140 us, parallelism: 0.27x
[13.870s][info][gc,stats    ]   CSR: <total>                       38 us
[13.870s][info][gc,stats    ]   CSR: VM Strong Roots                3 us, workers (us):   3,   0,   0, ---, ---, ---, 
[13.870s][info][gc,stats    ]   CSR: CLDG Roots                    35 us, workers (us):  35, ---, ---, ---, ---, ---, 
[13.870s][info][gc,stats    ] Concurrent Evacuation             12589 us
[13.870s][info][gc,stats    ] Pause Init Update Refs (G)          301 us
[13.870s][info][gc,stats    ] Pause Init Update Refs (N)           34 us
[13.870s][info][gc,stats    ]   Manage GCLABs                       4 us
[13.870s][info][gc,stats    ] Concurrent Update Refs             2274 us
[13.870s][info][gc,stats    ] Concurrent Update Thread Roots      264 us
[13.870s][info][gc,stats    ] Pause Final Update Refs (G)         361 us
[13.870s][info][gc,stats    ] Pause Final Update Refs (N)         185 us
[13.870s][info][gc,stats    ]   Update Region States              112 us
[13.870s][info][gc,stats    ]   Trash Collection Set               12 us
[13.870s][info][gc,stats    ]   Rebuild Free Set                   23 us
[13.870s][info][gc,stats    ] Concurrent Cleanup                   63 us
[13.870s][info][gc,stats    ] 
[13.870s][info][gc,stats    ] Allocation pacing accrued:
[13.870s][info][gc,stats    ]       0 of    76 ms (  0.0%): <total>
[13.870s][info][gc,stats    ]       0 of    76 ms (  0.0%): <average total>
[13.870s][info][gc,stats    ] 
[13.870s][info][gc,metaspace] Metaspace: 6358K(6528K)->6358K(6528K) NonClass: 5812K(5888K)->5812K(5888K) Class: 546K(640K)->546K(640K)
[13.870s][info][gc,ergo     ] Pacer for Idle. Initial: 20971K, Alloc Tax Rate: 1.0x
[13.898s][info][gc          ] Trigger: Average GC time (32.51 ms) is above the time for average allocation rate (4551 MB/s) to deplete free headroom (136M) (margin of error = 1.86)
[13.898s][info][gc,ergo     ] Free headroom: 187M (free) - 52428K (spike) - 0B (penalties) = 136M
[13.898s][info][gc,ergo     ] Free: 186M, Max: 512K regular, 171M humongous, Frag: 8% external, 18% internal; Reserve: 52736K, Max: 512K
[13.898s][info][gc,start    ] GC(140) Concurrent reset
[13.898s][info][gc,task     ] GC(140) Using 3 of 6 workers for concurrent reset
[13.898s][info][gc,ergo     ] GC(140) Pacer for Reset. Non-Taxable: 1024M
[13.900s][info][gc          ] GC(140) Concurrent reset 2.023ms
[13.900s][info][gc,start    ] GC(140) Pause Init Mark (unload classes)
[13.900s][info][gc,task     ] GC(140) Using 6 of 6 workers for init marking
[13.900s][info][gc,ergo     ] GC(140) Pacer for Mark. Expected Live: 196M, Free: 173M, Non-Taxable: 17790K, Alloc Tax Rate: 1.4x
[13.900s][info][gc          ] GC(140) Pause Init Mark (unload classes) 0.127ms
[13.900s][info][gc,start    ] GC(140) Concurrent marking roots
[13.900s][info][gc,task     ] GC(140) Using 3 of 6 workers for concurrent marking roots
[13.900s][info][gc          ] GC(140) Concurrent marking roots 0.248ms
[13.900s][info][gc,start    ] GC(140) Concurrent marking (unload classes)
[13.900s][info][gc,task     ] GC(140) Using 3 of 6 workers for concurrent marking
[13.903s][info][gc          ] GC(140) Concurrent marking (unload classes) 2.131ms
[13.903s][info][gc,start    ] GC(140) Pause Final Mark (unload classes)
[13.903s][info][gc,task     ] GC(140) Using 6 of 6 workers for final marking
[13.903s][info][gc,ergo     ] GC(140) Adaptive CSet Selection. Target Free: 145M, Actual Free: 536M, Max CSet: 43690K, Min Garbage: 0B
[13.903s][info][gc,ergo     ] GC(140) Collectable Garbage: 495M (84%), Immediate: 337M (57%), CSet: 158M (27%)
[13.903s][info][gc,ergo     ] GC(140) Pacer for Evacuation. Used CSet: 200M, Free: 498M, Non-Taxable: 51049K, Alloc Tax Rate: 1.1x
[13.903s][info][gc          ] GC(140) Pause Final Mark (unload classes) 0.529ms
[13.903s][info][gc,start    ] GC(140) Concurrent thread roots
[13.903s][info][gc,task     ] GC(140) Using 3 of 6 workers for Concurrent thread roots
[13.904s][info][gc          ] GC(140) Concurrent thread roots 0.191ms
[13.904s][info][gc,start    ] GC(140) Concurrent weak references
[13.904s][info][gc,task     ] GC(140) Using 3 of 6 workers for concurrent weak references
[13.904s][info][gc,ref      ] GC(140) Encountered references: Soft: 47, Weak: 146, Final: 0, Phantom: 3
[13.904s][info][gc,ref      ] GC(140) Discovered  references: Soft: 0, Weak: 48, Final: 0, Phantom: 2
[13.904s][info][gc,ref      ] GC(140) Enqueued    references: Soft: 0, Weak: 0, Final: 0, Phantom: 0
[13.904s][info][gc          ] GC(140) Concurrent weak references 0.067ms
[13.904s][info][gc,start    ] GC(140) Concurrent weak roots
[13.904s][info][gc,task     ] GC(140) Using 3 of 6 workers for concurrent weak root
[13.904s][info][gc          ] GC(140) Concurrent weak roots 0.365ms
[13.904s][info][gc,start    ] GC(140) Concurrent cleanup
[13.904s][info][gc          ] GC(140) Concurrent cleanup 812M->477M(1024M) 0.111ms
[13.904s][info][gc,ergo     ] GC(140) Free: 484M, Max: 512K regular, 165M humongous, Frag: 66% external, 0% internal; Reserve: 52722K, Max: 512K
[13.904s][info][gc,start    ] GC(140) Concurrent class unloading
[13.904s][info][gc,task     ] GC(140) Using 3 of 6 workers for concurrent class unloading
[13.905s][info][gc          ] GC(140) Concurrent class unloading 0.790ms
[13.905s][info][gc,start    ] GC(140) Concurrent strong roots
[13.905s][info][gc,task     ] GC(140) Using 3 of 6 workers for concurrent strong root
[13.905s][info][gc          ] GC(140) Concurrent strong roots 0.166ms
[13.905s][info][gc,start    ] GC(140) Concurrent evacuation
[13.905s][info][gc,task     ] GC(140) Using 3 of 6 workers for concurrent evacuation
[13.917s][info][gc          ] GC(140) Concurrent evacuation 12.110ms
[13.918s][info][gc,start    ] GC(140) Pause Init Update Refs
[13.918s][info][gc,ergo     ] GC(140) Pacer for Update Refs. Used: 574M, Free: 431M, Non-Taxable: 44141K, Alloc Tax Rate: 1.6x
[13.918s][info][gc          ] GC(140) Pause Init Update Refs 0.058ms
[13.918s][info][gc,start    ] GC(140) Concurrent update references
[13.918s][info][gc,task     ] GC(140) Using 3 of 6 workers for concurrent reference update
[13.920s][info][gc          ] GC(140) Concurrent update references 2.445ms
[13.920s][info][gc,start    ] GC(140) Concurrent update thread roots
[13.921s][info][gc          ] GC(140) Concurrent update thread roots 0.304ms
[13.921s][info][gc,start    ] GC(140) Pause Final Update Refs
[13.921s][info][gc,task     ] GC(140) Using 6 of 6 workers for final reference update
[13.921s][info][gc          ] GC(140) Pause Final Update Refs 0.154ms
[13.921s][info][gc,start    ] GC(140) Concurrent cleanup
[13.921s][info][gc          ] GC(140) Concurrent cleanup 601M->402M(1024M) 0.062ms
[13.921s][info][gc,ergo     ] Free: 570M, Max: 512K regular, 141M humongous, Frag: 75% external, 37% internal; Reserve: 52736K, Max: 512K
[13.921s][info][gc,stats    ] 
[13.921s][info][gc,stats    ] All times are wall-clock times, except per-root-class counters, that are sum over
[13.921s][info][gc,stats    ] all workers. Dividing the <total> over the root stage time estimates parallelism.
[13.921s][info][gc,stats    ] 
[13.921s][info][gc,stats    ] Concurrent Reset                   2095 us
[13.921s][info][gc,stats    ] Pause Init Mark (G)                 463 us
[13.921s][info][gc,stats    ] Pause Init Mark (N)                 131 us
[13.921s][info][gc,stats    ]   Update Region States               86 us
[13.921s][info][gc,stats    ] Concurrent Mark Roots               261 us, parallelism: 0.80x
[13.921s][info][gc,stats    ]   CMR: <total>                      208 us
[13.921s][info][gc,stats    ]   CMR: Thread Roots                 148 us, workers (us):  12,  87,  49, ---, ---, ---, 
[13.921s][info][gc,stats    ]   CMR: VM Strong Roots                9 us, workers (us):   8,   0,   0, ---, ---, ---, 
[13.921s][info][gc,stats    ]   CMR: CLDG Roots                    50 us, workers (us):  50, ---, ---, ---, ---, ---, 
[13.921s][info][gc,stats    ] Concurrent Marking                 2194 us
[13.921s][info][gc,stats    ] Pause Final Mark (G)                687 us
[13.921s][info][gc,stats    ] Pause Final Mark (N)                533 us
[13.921s][info][gc,stats    ]   Finish Mark                       328 us
[13.921s][info][gc,stats    ]   Update Region States               77 us
[13.921s][info][gc,stats    ]   Choose Collection Set              74 us
[13.921s][info][gc,stats    ]   Rebuild Free Set                   16 us
[13.921s][info][gc,stats    ] Concurrent Thread Roots             203 us, parallelism: 0.51x
[13.921s][info][gc,stats    ]   CTR: <total>                      104 us
[13.921s][info][gc,stats    ]   CTR: Thread Roots                 104 us, workers (us):  68,  33,   3, ---, ---, ---, 
[13.921s][info][gc,stats    ] Concurrent Weak References           70 us, parallelism: 0.13x
[13.921s][info][gc,stats    ]   CWRF: <total>                       9 us
[13.921s][info][gc,stats    ]   CWRF: Weak References               9 us, workers (us):   9,   0,   0, ---, ---, ---, 
[13.921s][info][gc,stats    ] Concurrent Weak Roots               377 us
[13.921s][info][gc,stats    ]   Roots                             219 us, parallelism: 1.12x
[13.921s][info][gc,stats    ]     CWR: <total>                    245 us
[13.921s][info][gc,stats    ]     CWR: Code Cache Roots           201 us, workers (us): 112,  89,   0, ---, ---, ---, 
[13.921s][info][gc,stats    ]     CWR: VM Weak Roots               34 us, workers (us):  27,   7,   0, ---, ---, ---, 
[13.921s][info][gc,stats    ]     CWR: CLDG Roots                  10 us, workers (us): ---,  10, ---, ---, ---, ---, 
[13.921s][info][gc,stats    ]   Rendezvous                        138 us
[13.921s][info][gc,stats    ] Concurrent Cleanup                  121 us
[13.921s][info][gc,stats    ] Concurrent Class Unloading          816 us
[13.921s][info][gc,stats    ]   Unlink Stale                      476 us
[13.921s][info][gc,stats    ]     System Dictionary                 7 us
[13.921s][info][gc,stats    ]     Weak Class Links                  0 us
[13.921s][info][gc,stats    ]     Code Roots                      468 us
[13.921s][info][gc,stats    ]   Rendezvous                        138 us
[13.921s][info][gc,stats    ]   Purge Unlinked                    167 us
[13.921s][info][gc,stats    ]     Code Roots                      147 us
[13.921s][info][gc,stats    ]     CLDG                             19 us
[13.921s][info][gc,stats    ]     Exception Caches                  0 us
[13.921s][info][gc,stats    ] Concurrent Strong Roots             180 us, parallelism: 0.29x
[13.921s][info][gc,stats    ]   CSR: <total>                       52 us
[13.921s][info][gc,stats    ]   CSR: VM Strong Roots                5 us, workers (us):   5,   0,   0, ---, ---, ---, 
[13.921s][info][gc,stats    ]   CSR: CLDG Roots                    47 us, workers (us):  47, ---, ---, ---, ---, ---, 
[13.921s][info][gc,stats    ] Concurrent Evacuation             12189 us
[13.921s][info][gc,stats    ] Pause Init Update Refs (G)          462 us
[13.921s][info][gc,stats    ] Pause Init Update Refs (N)           64 us
[13.921s][info][gc,stats    ]   Manage GCLABs                      13 us
[13.921s][info][gc,stats    ] Concurrent Update Refs             2514 us
[13.921s][info][gc,stats    ] Concurrent Update Thread Roots      320 us
[13.921s][info][gc,stats    ] Pause Final Update Refs (G)         429 us
[13.921s][info][gc,stats    ] Pause Final Update Refs (N)         164 us
[13.921s][info][gc,stats    ]   Update Region States              103 us
[13.921s][info][gc,stats    ]   Trash Collection Set                9 us
[13.921s][info][gc,stats    ]   Rebuild Free Set                   19 us
[13.921s][info][gc,stats    ] Concurrent Cleanup                   68 us
[13.921s][info][gc,stats    ] Pacing                             3505 us
[13.921s][info][gc,stats    ] 
[13.921s][info][gc,stats    ] Allocation pacing accrued:
[13.921s][info][gc,stats    ]       4 of    52 ms (  6.8%): main
[13.921s][info][gc,stats    ]       4 of    52 ms (  6.8%): <total>
[13.921s][info][gc,stats    ]       0 of    52 ms (  0.6%): <average total>
[13.921s][info][gc,stats    ]       4 of    52 ms (  6.8%): <average non-zero>
[13.921s][info][gc,stats    ] 
[13.921s][info][gc,metaspace] Metaspace: 6358K(6528K)->6358K(6528K) NonClass: 5812K(5888K)->5812K(5888K) Class: 546K(640K)->546K(640K)
[13.921s][info][gc,ergo     ] Pacer for Idle. Initial: 20971K, Alloc Tax Rate: 1.0x
[13.948s][info][gc          ] Trigger: Average GC time (29.95 ms) is above the time for average allocation rate (4552 MB/s) to deplete free headroom (133M) (margin of error = 1.87)
[13.948s][info][gc,ergo     ] Free headroom: 185M (free) - 52428K (spike) - 0B (penalties) = 133M
[13.948s][info][gc,ergo     ] Free: 184M, Max: 512K regular, 141M humongous, Frag: 23% external, 19% internal; Reserve: 52736K, Max: 512K
[13.948s][info][gc,start    ] GC(141) Concurrent reset
[13.948s][info][gc,task     ] GC(141) Using 3 of 6 workers for concurrent reset
[13.948s][info][gc,ergo     ] GC(141) Pacer for Reset. Non-Taxable: 1024M
[13.950s][info][gc          ] GC(141) Concurrent reset 2.049ms
[13.950s][info][gc,start    ] GC(141) Pause Init Mark (unload classes)
[13.950s][info][gc,task     ] GC(141) Using 6 of 6 workers for init marking
[13.950s][info][gc,ergo     ] GC(141) Pacer for Mark. Expected Live: 196M, Free: 171M, Non-Taxable: 17531K, Alloc Tax Rate: 1.4x
[13.950s][info][gc          ] GC(141) Pause Init Mark (unload classes) 0.207ms
[13.951s][info][gc,start    ] GC(141) Concurrent marking roots
[13.951s][info][gc,task     ] GC(141) Using 3 of 6 workers for concurrent marking roots
[13.951s][info][gc          ] GC(141) Concurrent marking roots 0.251ms
[13.951s][info][gc,start    ] GC(141) Concurrent marking (unload classes)
[13.951s][info][gc,task     ] GC(141) Using 3 of 6 workers for concurrent marking
[13.953s][info][gc          ] GC(141) Concurrent marking (unload classes) 1.984ms
[13.953s][info][gc,start    ] GC(141) Pause Final Mark (unload classes)
[13.953s][info][gc,task     ] GC(141) Using 6 of 6 workers for final marking
[13.953s][info][gc,ergo     ] GC(141) Adaptive CSet Selection. Target Free: 145M, Actual Free: 548M, Max CSet: 43690K, Min Garbage: 0B
[13.953s][info][gc,ergo     ] GC(141) Collectable Garbage: 500M (84%), Immediate: 345M (58%), CSet: 155M (26%)
[13.953s][info][gc,ergo     ] GC(141) Pacer for Evacuation. Used CSet: 197M, Free: 511M, Non-Taxable: 52360K, Alloc Tax Rate: 1.1x
[13.953s][info][gc          ] GC(141) Pause Final Mark (unload classes) 0.453ms
[13.953s][info][gc,start    ] GC(141) Concurrent thread roots
[13.953s][info][gc,task     ] GC(141) Using 3 of 6 workers for Concurrent thread roots
[13.954s][info][gc          ] GC(141) Concurrent thread roots 0.154ms
[13.954s][info][gc,start    ] GC(141) Concurrent weak references
[13.954s][info][gc,task     ] GC(141) Using 3 of 6 workers for concurrent weak references
[13.954s][info][gc,ref      ] GC(141) Encountered references: Soft: 47, Weak: 146, Final: 0, Phantom: 3
[13.954s][info][gc,ref      ] GC(141) Discovered  references: Soft: 0, Weak: 48, Final: 0, Phantom: 2
[13.954s][info][gc,ref      ] GC(141) Enqueued    references: Soft: 0, Weak: 0, Final: 0, Phantom: 0
[13.954s][info][gc          ] GC(141) Concurrent weak references 0.086ms
[13.954s][info][gc,start    ] GC(141) Concurrent weak roots
[13.954s][info][gc,task     ] GC(141) Using 3 of 6 workers for concurrent weak root
[13.954s][info][gc          ] GC(141) Concurrent weak roots 0.223ms
[13.954s][info][gc,start    ] GC(141) Concurrent cleanup
[13.954s][info][gc          ] GC(141) Concurrent cleanup 802M->457M(1024M) 0.065ms
[13.954s][info][gc,ergo     ] GC(141) Free: 511M, Max: 512K regular, 170M humongous, Frag: 67% external, 32% internal; Reserve: 52724K, Max: 512K
[13.954s][info][gc,start    ] GC(141) Concurrent class unloading
[13.954s][info][gc,task     ] GC(141) Using 3 of 6 workers for concurrent class unloading
[13.954s][info][gc          ] GC(141) Concurrent class unloading 0.340ms
[13.954s][info][gc,start    ] GC(141) Concurrent strong roots
[13.954s][info][gc,task     ] GC(141) Using 3 of 6 workers for concurrent strong root
[13.954s][info][gc          ] GC(141) Concurrent strong roots 0.084ms
[13.954s][info][gc,start    ] GC(141) Concurrent evacuation
[13.954s][info][gc,task     ] GC(141) Using 3 of 6 workers for concurrent evacuation
[13.966s][info][gc          ] GC(141) Concurrent evacuation 11.366ms
[13.966s][info][gc,start    ] GC(141) Pause Init Update Refs
[13.966s][info][gc,ergo     ] GC(141) Pacer for Update Refs. Used: 531M, Free: 479M, Non-Taxable: 49090K, Alloc Tax Rate: 1.4x
[13.966s][info][gc          ] GC(141) Pause Init Update Refs 0.030ms
[13.966s][info][gc,start    ] GC(141) Concurrent update references
[13.966s][info][gc,task     ] GC(141) Using 3 of 6 workers for concurrent reference update
[13.968s][info][gc          ] GC(141) Concurrent update references 2.305ms
[13.968s][info][gc,start    ] GC(141) Concurrent update thread roots
[13.969s][info][gc          ] GC(141) Concurrent update thread roots 0.280ms
[13.969s][info][gc,start    ] GC(141) Pause Final Update Refs
[13.969s][info][gc,task     ] GC(141) Using 6 of 6 workers for final reference update
[13.969s][info][gc          ] GC(141) Pause Final Update Refs 0.251ms
[13.969s][info][gc,start    ] GC(141) Concurrent cleanup
[13.969s][info][gc          ] GC(141) Concurrent cleanup 555M->359M(1024M) 0.051ms
[13.969s][info][gc,ergo     ] Free: 613M, Max: 512K regular, 155M humongous, Frag: 75% external, 33% internal; Reserve: 52736K, Max: 512K
[13.969s][info][gc,stats    ] 
[13.969s][info][gc,stats    ] All times are wall-clock times, except per-root-class counters, that are sum over
[13.969s][info][gc,stats    ] all workers. Dividing the <total> over the root stage time estimates parallelism.
[13.969s][info][gc,stats    ] 
[13.969s][info][gc,stats    ] Concurrent Reset                   2118 us
[13.969s][info][gc,stats    ] Pause Init Mark (G)                 544 us
[13.969s][info][gc,stats    ] Pause Init Mark (N)                 212 us
[13.969s][info][gc,stats    ]   Update Region States              166 us
[13.969s][info][gc,stats    ] Concurrent Mark Roots               264 us, parallelism: 0.73x
[13.969s][info][gc,stats    ]   CMR: <total>                      193 us
[13.969s][info][gc,stats    ]   CMR: Thread Roots                 152 us, workers (us):  52,  50,  51, ---, ---, ---, 
[13.969s][info][gc,stats    ]   CMR: VM Strong Roots                6 us, workers (us):   6,   0,   0, ---, ---, ---, 
[13.969s][info][gc,stats    ]   CMR: CLDG Roots                    34 us, workers (us):  34, ---, ---, ---, ---, ---, 
[13.969s][info][gc,stats    ] Concurrent Marking                 2006 us
[13.969s][info][gc,stats    ] Pause Final Mark (G)                591 us
[13.969s][info][gc,stats    ] Pause Final Mark (N)                457 us
[13.969s][info][gc,stats    ]   Finish Mark                       262 us
[13.969s][info][gc,stats    ]   Update Region States               77 us
[13.969s][info][gc,stats    ]   Choose Collection Set              71 us
[13.969s][info][gc,stats    ]   Rebuild Free Set                   16 us
[13.969s][info][gc,stats    ] Concurrent Thread Roots             163 us, parallelism: 0.61x
[13.969s][info][gc,stats    ]   CTR: <total>                       99 us
[13.969s][info][gc,stats    ]   CTR: Thread Roots                  99 us, workers (us):  66,  30,   2, ---, ---, ---, 
[13.969s][info][gc,stats    ] Concurrent Weak References           90 us, parallelism: 0.04x
[13.969s][info][gc,stats    ]   CWRF: <total>                       4 us
[13.969s][info][gc,stats    ]   CWRF: Weak References               4 us, workers (us):   4,   0,   0, ---, ---, ---, 
[13.969s][info][gc,stats    ] Concurrent Weak Roots               231 us
[13.969s][info][gc,stats    ]   Roots                             167 us, parallelism: 0.94x
[13.969s][info][gc,stats    ]     CWR: <total>                    158 us
[13.969s][info][gc,stats    ]     CWR: Code Cache Roots           134 us, workers (us):  57,  77,   0, ---, ---, ---, 
[13.969s][info][gc,stats    ]     CWR: VM Weak Roots               19 us, workers (us):  12,   7,   1, ---, ---, ---, 
[13.969s][info][gc,stats    ]     CWR: CLDG Roots                   4 us, workers (us):   4, ---, ---, ---, ---, ---, 
[13.969s][info][gc,stats    ]   Rendezvous                         49 us
[13.969s][info][gc,stats    ] Concurrent Cleanup                   70 us
[13.969s][info][gc,stats    ] Concurrent Class Unloading          349 us
[13.969s][info][gc,stats    ]   Unlink Stale                      206 us
[13.969s][info][gc,stats    ]     System Dictionary                 3 us
[13.969s][info][gc,stats    ]     Weak Class Links                  0 us
[13.969s][info][gc,stats    ]     Code Roots                      202 us
[13.969s][info][gc,stats    ]   Rendezvous                         48 us
[13.969s][info][gc,stats    ]   Purge Unlinked                     79 us
[13.969s][info][gc,stats    ]     Code Roots                       65 us
[13.969s][info][gc,stats    ]     CLDG                             14 us
[13.969s][info][gc,stats    ]     Exception Caches                  0 us
[13.969s][info][gc,stats    ] Concurrent Strong Roots             102 us, parallelism: 0.16x
[13.970s][info][gc,stats    ]   CSR: <total>                       16 us
[13.970s][info][gc,stats    ]   CSR: VM Strong Roots                2 us, workers (us):   2,   0,   0, ---, ---, ---, 
[13.970s][info][gc,stats    ]   CSR: CLDG Roots                    14 us, workers (us):  14, ---, ---, ---, ---, ---, 
[13.970s][info][gc,stats    ] Concurrent Evacuation             11426 us
[13.970s][info][gc,stats    ] Pause Init Update Refs (G)          263 us
[13.970s][info][gc,stats    ] Pause Init Update Refs (N)           34 us
[13.970s][info][gc,stats    ]   Manage GCLABs                       3 us
[13.970s][info][gc,stats    ] Concurrent Update Refs             2361 us
[13.970s][info][gc,stats    ] Concurrent Update Thread Roots      293 us
[13.970s][info][gc,stats    ] Pause Final Update Refs (G)         475 us
[13.970s][info][gc,stats    ] Pause Final Update Refs (N)         265 us
[13.970s][info][gc,stats    ]   Update Region States              196 us
[13.970s][info][gc,stats    ]   Trash Collection Set                8 us
[13.970s][info][gc,stats    ]   Rebuild Free Set                   18 us
[13.970s][info][gc,stats    ] Concurrent Cleanup                   57 us
[13.970s][info][gc,stats    ] Pacing                             7038 us
[13.970s][info][gc,stats    ] 
[13.970s][info][gc,stats    ] Allocation pacing accrued:
[13.970s][info][gc,stats    ]       7 of    48 ms ( 14.6%): main
[13.970s][info][gc,stats    ]       7 of    48 ms ( 14.6%): <total>
[13.970s][info][gc,stats    ]       1 of    48 ms (  1.3%): <average total>
[13.970s][info][gc,stats    ]       7 of    48 ms ( 14.6%): <average non-zero>
[13.970s][info][gc,stats    ] 
[13.970s][info][gc,metaspace] Metaspace: 6358K(6528K)->6358K(6528K) NonClass: 5812K(5888K)->5812K(5888K) Class: 546K(640K)->546K(640K)
[13.970s][info][gc,ergo     ] Pacer for Idle. Initial: 20971K, Alloc Tax Rate: 1.0x
[14.003s][info][gc          ] Trigger: Average GC time (27.87 ms) is above the time for average allocation rate (4551 MB/s) to deplete free headroom (111M) (margin of error = 1.84)
[14.003s][info][gc,ergo     ] Free headroom: 162M (free) - 52428K (spike) - 0B (penalties) = 111M
[14.003s][info][gc,ergo     ] Free: 162M, Max: 512K regular, 155M humongous, Frag: 4% external, 1% internal; Reserve: 52736K, Max: 512K
[14.003s][info][gc,start    ] GC(142) Concurrent reset
[14.003s][info][gc,task     ] GC(142) Using 3 of 6 workers for concurrent reset
[14.003s][info][gc,ergo     ] GC(142) Pacer for Reset. Non-Taxable: 1024M
[14.006s][info][gc          ] GC(142) Concurrent reset 2.664ms
[14.006s][info][gc,start    ] GC(142) Pause Init Mark (unload classes)
[14.006s][info][gc,task     ] GC(142) Using 6 of 6 workers for init marking
[14.006s][info][gc,ergo     ] GC(142) Pacer for Mark. Expected Live: 196M, Free: 148M, Non-Taxable: 15255K, Alloc Tax Rate: 1.6x
[14.006s][info][gc          ] GC(142) Pause Init Mark (unload classes) 0.240ms
[14.007s][info][gc,start    ] GC(142) Concurrent marking roots
[14.007s][info][gc,task     ] GC(142) Using 3 of 6 workers for concurrent marking roots
[14.007s][info][gc          ] GC(142) Concurrent marking roots 0.295ms
[14.007s][info][gc,start    ] GC(142) Concurrent marking (unload classes)
[14.007s][info][gc,task     ] GC(142) Using 3 of 6 workers for concurrent marking
[14.009s][info][gc          ] GC(142) Concurrent marking (unload classes) 2.224ms
[14.009s][info][gc,start    ] GC(142) Pause Final Mark (unload classes)
[14.009s][info][gc,task     ] GC(142) Using 6 of 6 workers for final marking
[14.010s][info][gc,ergo     ] GC(142) Adaptive CSet Selection. Target Free: 145M, Actual Free: 541M, Max CSet: 43690K, Min Garbage: 0B
[14.010s][info][gc,ergo     ] GC(142) Collectable Garbage: 521M (85%), Immediate: 361M (59%), CSet: 159M (26%)
[14.010s][info][gc,ergo     ] GC(142) Pacer for Evacuation. Used CSet: 202M, Free: 503M, Non-Taxable: 51566K, Alloc Tax Rate: 1.1x
[14.010s][info][gc          ] GC(142) Pause Final Mark (unload classes) 0.641ms
[14.010s][info][gc,start    ] GC(142) Concurrent thread roots
[14.010s][info][gc,task     ] GC(142) Using 3 of 6 workers for Concurrent thread roots
[14.010s][info][gc          ] GC(142) Concurrent thread roots 0.255ms
[14.010s][info][gc,start    ] GC(142) Concurrent weak references
[14.010s][info][gc,task     ] GC(142) Using 3 of 6 workers for concurrent weak references
[14.010s][info][gc,ref      ] GC(142) Encountered references: Soft: 47, Weak: 146, Final: 0, Phantom: 3
[14.010s][info][gc,ref      ] GC(142) Discovered  references: Soft: 0, Weak: 45, Final: 0, Phantom: 2
[14.010s][info][gc,ref      ] GC(142) Enqueued    references: Soft: 0, Weak: 0, Final: 0, Phantom: 0
[14.010s][info][gc          ] GC(142) Concurrent weak references 0.227ms
[14.011s][info][gc,start    ] GC(142) Concurrent weak roots
[14.011s][info][gc,task     ] GC(142) Using 3 of 6 workers for concurrent weak root
[14.011s][info][gc          ] GC(142) Concurrent weak roots 0.422ms
[14.011s][info][gc,start    ] GC(142) Concurrent cleanup
[14.011s][info][gc          ] GC(142) Concurrent cleanup 829M->469M(1024M) 0.091ms
[14.011s][info][gc,ergo     ] GC(142) Free: 492M, Max: 512K regular, 156M humongous, Frag: 69% external, 0% internal; Reserve: 52722K, Max: 512K
[14.011s][info][gc,start    ] GC(142) Concurrent class unloading
[14.011s][info][gc,task     ] GC(142) Using 3 of 6 workers for concurrent class unloading
[14.012s][info][gc          ] GC(142) Concurrent class unloading 1.263ms
[14.012s][info][gc,start    ] GC(142) Concurrent strong roots
[14.012s][info][gc,task     ] GC(142) Using 3 of 6 workers for concurrent strong root
[14.013s][info][gc          ] GC(142) Concurrent strong roots 0.214ms
[14.013s][info][gc,start    ] GC(142) Concurrent evacuation
[14.013s][info][gc,task     ] GC(142) Using 3 of 6 workers for concurrent evacuation
[14.025s][info][gc          ] GC(142) Concurrent evacuation 12.285ms
[14.025s][info][gc,start    ] GC(142) Pause Init Update Refs
[14.025s][info][gc,ergo     ] GC(142) Pacer for Update Refs. Used: 571M, Free: 433M, Non-Taxable: 44387K, Alloc Tax Rate: 1.6x
[14.025s][info][gc          ] GC(142) Pause Init Update Refs 0.031ms
[14.025s][info][gc,start    ] GC(142) Concurrent update references
[14.025s][info][gc,task     ] GC(142) Using 3 of 6 workers for concurrent reference update
[14.028s][info][gc          ] GC(142) Concurrent update references 2.432ms
[14.028s][info][gc,start    ] GC(142) Concurrent update thread roots
[14.028s][info][gc          ] GC(142) Concurrent update thread roots 0.292ms
[14.028s][info][gc,start    ] GC(142) Pause Final Update Refs
[14.028s][info][gc,task     ] GC(142) Using 6 of 6 workers for final reference update
[14.029s][info][gc          ] GC(142) Pause Final Update Refs 0.280ms
[14.029s][info][gc,start    ] GC(142) Concurrent cleanup
[14.029s][info][gc          ] GC(142) Concurrent cleanup 595M->394M(1024M) 0.061ms
[14.029s][info][gc,ergo     ] Free: 577M, Max: 512K regular, 123M humongous, Frag: 79% external, 36% internal; Reserve: 52736K, Max: 512K
[14.029s][info][gc,stats    ] 
[14.029s][info][gc,stats    ] All times are wall-clock times, except per-root-class counters, that are sum over
[14.029s][info][gc,stats    ] all workers. Dividing the <total> over the root stage time estimates parallelism.
[14.029s][info][gc,stats    ] 
[14.029s][info][gc,stats    ] Concurrent Reset                   2740 us
[14.029s][info][gc,stats    ] Pause Init Mark (G)                 544 us
[14.029s][info][gc,stats    ] Pause Init Mark (N)                 245 us
[14.029s][info][gc,stats    ]   Update Region States              201 us
[14.029s][info][gc,stats    ] Concurrent Mark Roots               308 us, parallelism: 0.70x
[14.029s][info][gc,stats    ]   CMR: <total>                      216 us
[14.029s][info][gc,stats    ]   CMR: Thread Roots                 151 us, workers (us):  43,  56,  52, ---, ---, ---, 
[14.029s][info][gc,stats    ]   CMR: VM Strong Roots                5 us, workers (us):   5,   0,   0, ---, ---, ---, 
[14.029s][info][gc,stats    ]   CMR: CLDG Roots                    60 us, workers (us):  60, ---, ---, ---, ---, ---, 
[14.029s][info][gc,stats    ] Concurrent Marking                 2274 us
[14.029s][info][gc,stats    ] Pause Final Mark (G)                855 us
[14.029s][info][gc,stats    ] Pause Final Mark (N)                645 us
[14.029s][info][gc,stats    ]   Finish Mark                       355 us
[14.029s][info][gc,stats    ]   Update Region States              103 us
[14.029s][info][gc,stats    ]   Choose Collection Set             120 us
[14.029s][info][gc,stats    ]   Rebuild Free Set                   30 us
[14.029s][info][gc,stats    ] Concurrent Thread Roots             269 us, parallelism: 0.62x
[14.029s][info][gc,stats    ]   CTR: <total>                      167 us
[14.029s][info][gc,stats    ]   CTR: Thread Roots                 167 us, workers (us):  75,  40,  51, ---, ---, ---, 
[14.029s][info][gc,stats    ] Concurrent Weak References          231 us, parallelism: 0.11x
[14.029s][info][gc,stats    ]   CWRF: <total>                      25 us
[14.029s][info][gc,stats    ]   CWRF: Weak References              25 us, workers (us):  21,   3,   1, ---, ---, ---, 
[14.029s][info][gc,stats    ] Concurrent Weak Roots               433 us
[14.029s][info][gc,stats    ]   Roots                             314 us, parallelism: 1.03x
[14.029s][info][gc,stats    ]     CWR: <total>                    324 us
[14.029s][info][gc,stats    ]     CWR: Code Cache Roots           291 us, workers (us): 155, 136,   0, ---, ---, ---, 
[14.029s][info][gc,stats    ]     CWR: VM Weak Roots               26 us, workers (us):  20,   5,   1, ---, ---, ---, 
[14.029s][info][gc,stats    ]     CWR: CLDG Roots                   7 us, workers (us): ---,   7, ---, ---, ---, ---, 
[14.029s][info][gc,stats    ]   Rendezvous                         99 us
[14.029s][info][gc,stats    ] Concurrent Cleanup                   96 us
[14.029s][info][gc,stats    ] Concurrent Class Unloading         1296 us
[14.029s][info][gc,stats    ]   Unlink Stale                      841 us
[14.029s][info][gc,stats    ]     System Dictionary                 6 us
[14.029s][info][gc,stats    ]     Weak Class Links                  0 us
[14.029s][info][gc,stats    ]     Code Roots                      834 us
[14.029s][info][gc,stats    ]   Rendezvous                        234 us
[14.029s][info][gc,stats    ]   Purge Unlinked                    178 us
[14.029s][info][gc,stats    ]     Code Roots                      159 us
[14.029s][info][gc,stats    ]     CLDG                             18 us
[14.029s][info][gc,stats    ]     Exception Caches                  1 us
[14.029s][info][gc,stats    ] Concurrent Strong Roots             229 us, parallelism: 0.22x
[14.029s][info][gc,stats    ]   CSR: <total>                       50 us
[14.029s][info][gc,stats    ]   CSR: VM Strong Roots                5 us, workers (us):   4,   1,   0, ---, ---, ---, 
[14.029s][info][gc,stats    ]   CSR: CLDG Roots                    45 us, workers (us):  45, ---, ---, ---, ---, ---, 
[14.029s][info][gc,stats    ] Concurrent Evacuation             12360 us
[14.029s][info][gc,stats    ] Pause Init Update Refs (G)          328 us
[14.029s][info][gc,stats    ] Pause Init Update Refs (N)           36 us
[14.029s][info][gc,stats    ]   Manage GCLABs                       4 us
[14.029s][info][gc,stats    ] Concurrent Update Refs             2495 us
[14.029s][info][gc,stats    ] Concurrent Update Thread Roots      311 us
[14.029s][info][gc,stats    ] Pause Final Update Refs (G)         531 us
[14.029s][info][gc,stats    ] Pause Final Update Refs (N)         292 us
[14.029s][info][gc,stats    ]   Update Region States              229 us
[14.029s][info][gc,stats    ]   Trash Collection Set                9 us
[14.029s][info][gc,stats    ]   Rebuild Free Set                   21 us
[14.029s][info][gc,stats    ] Concurrent Cleanup                   66 us
[14.029s][info][gc,stats    ] Pacing                             5856 us
[14.029s][info][gc,stats    ] 
[14.029s][info][gc,stats    ] Allocation pacing accrued:
[14.029s][info][gc,stats    ]       6 of    59 ms (  9.9%): main
[14.029s][info][gc,stats    ]       6 of    59 ms (  9.9%): <total>
[14.029s][info][gc,stats    ]       1 of    59 ms (  0.9%): <average total>
[14.029s][info][gc,stats    ]       6 of    59 ms (  9.9%): <average non-zero>
[14.029s][info][gc,stats    ] 
[14.029s][info][gc,metaspace] Metaspace: 6358K(6528K)->6358K(6528K) NonClass: 5812K(5888K)->5812K(5888K) Class: 546K(640K)->546K(640K)
[14.029s][info][gc,ergo     ] Pacer for Idle. Initial: 20971K, Alloc Tax Rate: 1.0x
[14.055s][info][gc          ] Trigger: Average GC time (28.23 ms) is above the time for average allocation rate (4551 MB/s) to deplete free headroom (110M) (margin of error = 1.84)
[14.055s][info][gc,ergo     ] Free headroom: 161M (free) - 52428K (spike) - 0B (penalties) = 110M
[14.055s][info][gc,ergo     ] Free: 160M, Max: 512K regular, 123M humongous, Frag: 23% external, 37% internal; Reserve: 52736K, Max: 512K
[14.056s][info][gc,start    ] GC(143) Concurrent reset
[14.056s][info][gc,task     ] GC(143) Using 3 of 6 workers for concurrent reset
[14.056s][info][gc,ergo     ] GC(143) Pacer for Reset. Non-Taxable: 1024M
[14.058s][info][gc          ] GC(143) Concurrent reset 2.043ms
[14.058s][info][gc,start    ] GC(143) Pause Init Mark (unload classes)
[14.058s][info][gc,task     ] GC(143) Using 6 of 6 workers for init marking
[14.058s][info][gc,ergo     ] GC(143) Pacer for Mark. Expected Live: 196M, Free: 148M, Non-Taxable: 15179K, Alloc Tax Rate: 1.6x
[14.058s][info][gc          ] GC(143) Pause Init Mark (unload classes) 0.209ms
[14.058s][info][gc,start    ] GC(143) Concurrent marking roots
[14.058s][info][gc,task     ] GC(143) Using 3 of 6 workers for concurrent marking roots
[14.058s][info][gc          ] GC(143) Concurrent marking roots 0.240ms
[14.058s][info][gc,start    ] GC(143) Concurrent marking (unload classes)
[14.058s][info][gc,task     ] GC(143) Using 3 of 6 workers for concurrent marking
[14.060s][info][gc          ] GC(143) Concurrent marking (unload classes) 1.908ms
[14.060s][info][gc,start    ] GC(143) Pause Final Mark (unload classes)
[14.060s][info][gc,task     ] GC(143) Using 6 of 6 workers for final marking
[14.061s][info][gc,ergo     ] GC(143) Adaptive CSet Selection. Target Free: 145M, Actual Free: 542M, Max CSet: 43690K, Min Garbage: 0B
[14.061s][info][gc,ergo     ] GC(143) Collectable Garbage: 519M (84%), Immediate: 360M (58%), CSet: 159M (25%)
[14.061s][info][gc,ergo     ] GC(143) Pacer for Evacuation. Used CSet: 201M, Free: 505M, Non-Taxable: 51757K, Alloc Tax Rate: 1.1x
[14.061s][info][gc          ] GC(143) Pause Final Mark (unload classes) 0.470ms
[14.061s][info][gc,start    ] GC(143) Concurrent thread roots
[14.061s][info][gc,task     ] GC(143) Using 3 of 6 workers for Concurrent thread roots
[14.061s][info][gc          ] GC(143) Concurrent thread roots 0.182ms
[14.061s][info][gc,start    ] GC(143) Concurrent weak references
[14.061s][info][gc,task     ] GC(143) Using 3 of 6 workers for concurrent weak references
[14.061s][info][gc,ref      ] GC(143) Encountered references: Soft: 47, Weak: 146, Final: 0, Phantom: 3
[14.061s][info][gc,ref      ] GC(143) Discovered  references: Soft: 0, Weak: 53, Final: 0, Phantom: 2
[14.061s][info][gc,ref      ] GC(143) Enqueued    references: Soft: 0, Weak: 0, Final: 0, Phantom: 0
[14.061s][info][gc          ] GC(143) Concurrent weak references 0.072ms
[14.061s][info][gc,start    ] GC(143) Concurrent weak roots
[14.061s][info][gc,task     ] GC(143) Using 3 of 6 workers for concurrent weak root
[14.061s][info][gc          ] GC(143) Concurrent weak roots 0.280ms
[14.062s][info][gc,start    ] GC(143) Concurrent cleanup
[14.062s][info][gc          ] GC(143) Concurrent cleanup 823M->462M(1024M) 0.067ms
[14.062s][info][gc,ergo     ] GC(143) Free: 505M, Max: 512K regular, 157M humongous, Frag: 69% external, 33% internal; Reserve: 52722K, Max: 512K
[14.062s][info][gc,start    ] GC(143) Concurrent class unloading
[14.062s][info][gc,task     ] GC(143) Using 3 of 6 workers for concurrent class unloading
[14.062s][info][gc          ] GC(143) Concurrent class unloading 0.484ms
[14.062s][info][gc,start    ] GC(143) Concurrent strong roots
[14.062s][info][gc,task     ] GC(143) Using 3 of 6 workers for concurrent strong root
[14.062s][info][gc          ] GC(143) Concurrent strong roots 0.127ms
[14.062s][info][gc,start    ] GC(143) Concurrent evacuation
[14.062s][info][gc,task     ] GC(143) Using 3 of 6 workers for concurrent evacuation
[14.070s][info][gc          ] GC(143) Concurrent evacuation 7.863ms
[14.070s][info][gc,start    ] GC(143) Pause Init Update Refs
[14.070s][info][gc,ergo     ] GC(143) Pacer for Update Refs. Used: 515M, Free: 496M, Non-Taxable: 50844K, Alloc Tax Rate: 1.3x
[14.070s][info][gc          ] GC(143) Pause Init Update Refs 0.025ms
[14.070s][info][gc,start    ] GC(143) Concurrent update references
[14.071s][info][gc,task     ] GC(143) Using 3 of 6 workers for concurrent reference update
[14.073s][info][gc          ] GC(143) Concurrent update references 2.373ms
[14.073s][info][gc,start    ] GC(143) Concurrent update thread roots
[14.073s][info][gc          ] GC(143) Concurrent update thread roots 0.290ms
[14.073s][info][gc,start    ] GC(143) Pause Final Update Refs
[14.073s][info][gc,task     ] GC(143) Using 6 of 6 workers for final reference update
[14.074s][info][gc          ] GC(143) Pause Final Update Refs 0.253ms
[14.074s][info][gc,start    ] GC(143) Concurrent cleanup
[14.074s][info][gc          ] GC(143) Concurrent cleanup 541M->341M(1024M) 0.063ms
[14.074s][info][gc,ergo     ] Free: 630M, Max: 512K regular, 130M humongous, Frag: 80% external, 30% internal; Reserve: 52736K, Max: 512K
[14.074s][info][gc,stats    ] 
[14.074s][info][gc,stats    ] All times are wall-clock times, except per-root-class counters, that are sum over
[14.074s][info][gc,stats    ] all workers. Dividing the <total> over the root stage time estimates parallelism.
[14.074s][info][gc,stats    ] 
[14.074s][info][gc,stats    ] Concurrent Reset                   2112 us
[14.074s][info][gc,stats    ] Pause Init Mark (G)                 526 us
[14.074s][info][gc,stats    ] Pause Init Mark (N)                 214 us
[14.074s][info][gc,stats    ]   Update Region States              168 us
[14.074s][info][gc,stats    ] Concurrent Mark Roots               253 us, parallelism: 0.81x
[14.074s][info][gc,stats    ]   CMR: <total>                      206 us
[14.074s][info][gc,stats    ]   CMR: Thread Roots                 156 us, workers (us):  53,  57,  45, ---, ---, ---, 
[14.074s][info][gc,stats    ]   CMR: VM Strong Roots                7 us, workers (us):   7,   0,   0, ---, ---, ---, 
[14.074s][info][gc,stats    ]   CMR: CLDG Roots                    42 us, workers (us):  42, ---, ---, ---, ---, ---, 
[14.074s][info][gc,stats    ] Concurrent Marking                 1928 us
[14.074s][info][gc,stats    ] Pause Final Mark (G)                609 us
[14.074s][info][gc,stats    ] Pause Final Mark (N)                474 us
[14.074s][info][gc,stats    ]   Finish Mark                       278 us
[14.074s][info][gc,stats    ]   Update Region States               79 us
[14.074s][info][gc,stats    ]   Choose Collection Set              71 us
[14.074s][info][gc,stats    ]   Rebuild Free Set                   16 us
[14.074s][info][gc,stats    ] Concurrent Thread Roots             193 us, parallelism: 0.56x
[14.074s][info][gc,stats    ]   CTR: <total>                      109 us
[14.074s][info][gc,stats    ]   CTR: Thread Roots                 109 us, workers (us):  44,  27,  37, ---, ---, ---, 
[14.074s][info][gc,stats    ] Concurrent Weak References           75 us, parallelism: 0.05x
[14.074s][info][gc,stats    ]   CWRF: <total>                       4 us
[14.074s][info][gc,stats    ]   CWRF: Weak References               4 us, workers (us):   4,   0,   0, ---, ---, ---, 
[14.074s][info][gc,stats    ] Concurrent Weak Roots               292 us
[14.074s][info][gc,stats    ]   Roots                             170 us, parallelism: 0.98x
[14.074s][info][gc,stats    ]     CWR: <total>                    167 us
[14.074s][info][gc,stats    ]     CWR: Code Cache Roots           142 us, workers (us):  66,  76,   0, ---, ---, ---, 
[14.074s][info][gc,stats    ]     CWR: VM Weak Roots               21 us, workers (us):  15,   6,   1, ---, ---, ---, 
[14.074s][info][gc,stats    ]     CWR: CLDG Roots                   4 us, workers (us):   4, ---, ---, ---, ---, ---, 
[14.074s][info][gc,stats    ]   Rendezvous                        103 us
[14.074s][info][gc,stats    ] Concurrent Cleanup                   71 us
[14.074s][info][gc,stats    ] Concurrent Class Unloading          496 us
[14.074s][info][gc,stats    ]   Unlink Stale                      244 us
[14.074s][info][gc,stats    ]     System Dictionary                 2 us
[14.074s][info][gc,stats    ]     Weak Class Links                  0 us
[14.074s][info][gc,stats    ]     Code Roots                      241 us
[14.074s][info][gc,stats    ]   Rendezvous                         93 us
[14.074s][info][gc,stats    ]   Purge Unlinked                    139 us
[14.074s][info][gc,stats    ]     Code Roots                      122 us
[14.074s][info][gc,stats    ]     CLDG                             16 us
[14.074s][info][gc,stats    ]     Exception Caches                  0 us
[14.074s][info][gc,stats    ] Concurrent Strong Roots             138 us, parallelism: 0.12x
[14.074s][info][gc,stats    ]   CSR: <total>                       17 us
[14.074s][info][gc,stats    ]   CSR: VM Strong Roots                2 us, workers (us):   2,   0,   0, ---, ---, ---, 
[14.074s][info][gc,stats    ]   CSR: CLDG Roots                    15 us, workers (us):  15, ---, ---, ---, ---, ---, 
[14.074s][info][gc,stats    ] Concurrent Evacuation              7926 us
[14.074s][info][gc,stats    ] Pause Init Update Refs (G)          329 us
[14.074s][info][gc,stats    ] Pause Init Update Refs (N)           29 us
[14.074s][info][gc,stats    ]   Manage GCLABs                       3 us
[14.074s][info][gc,stats    ] Concurrent Update Refs             2435 us
[14.074s][info][gc,stats    ] Concurrent Update Thread Roots      307 us
[14.074s][info][gc,stats    ] Pause Final Update Refs (G)         435 us
[14.074s][info][gc,stats    ] Pause Final Update Refs (N)         266 us
[14.074s][info][gc,stats    ]   Update Region States              203 us
[14.074s][info][gc,stats    ]   Trash Collection Set                7 us
[14.074s][info][gc,stats    ]   Rebuild Free Set                   18 us
[14.074s][info][gc,stats    ] Concurrent Cleanup                   69 us
[14.074s][info][gc,stats    ] Pacing                             9172 us
[14.074s][info][gc,stats    ] 
[14.074s][info][gc,stats    ] Allocation pacing accrued:
[14.074s][info][gc,stats    ]       9 of    45 ms ( 20.3%): main
[14.074s][info][gc,stats    ]       9 of    45 ms ( 20.3%): <total>
[14.074s][info][gc,stats    ]       1 of    45 ms (  1.8%): <average total>
[14.074s][info][gc,stats    ]       9 of    45 ms ( 20.3%): <average non-zero>
[14.074s][info][gc,stats    ] 
[14.074s][info][gc,metaspace] Metaspace: 6358K(6528K)->6358K(6528K) NonClass: 5812K(5888K)->5812K(5888K) Class: 546K(640K)->546K(640K)
[14.074s][info][gc,ergo     ] Pacer for Idle. Initial: 20971K, Alloc Tax Rate: 1.0x
[14.107s][info][gc          ] Trigger: Average GC time (27.40 ms) is above the time for average allocation rate (4549 MB/s) to deplete free headroom (112M) (margin of error = 1.82)
[14.107s][info][gc,ergo     ] Free headroom: 163M (free) - 52428K (spike) - 0B (penalties) = 112M
[14.107s][info][gc,ergo     ] Free: 162M, Max: 512K regular, 130M humongous, Frag: 20% external, 3% internal; Reserve: 52736K, Max: 512K
[14.107s][info][gc,start    ] GC(144) Concurrent reset
[14.107s][info][gc,task     ] GC(144) Using 3 of 6 workers for concurrent reset
[14.107s][info][gc,ergo     ] GC(144) Pacer for Reset. Non-Taxable: 1024M
[14.109s][info][gc          ] GC(144) Concurrent reset 2.067ms
[14.109s][info][gc,start    ] GC(144) Pause Init Mark (unload classes)
[14.109s][info][gc,task     ] GC(144) Using 6 of 6 workers for init marking
[14.109s][info][gc,ergo     ] GC(144) Pacer for Mark. Expected Live: 196M, Free: 150M, Non-Taxable: 15445K, Alloc Tax Rate: 1.6x
[14.109s][info][gc          ] GC(144) Pause Init Mark (unload classes) 0.202ms
[14.109s][info][gc,start    ] GC(144) Concurrent marking roots
[14.109s][info][gc,task     ] GC(144) Using 3 of 6 workers for concurrent marking roots
[14.110s][info][gc          ] GC(144) Concurrent marking roots 0.276ms
[14.110s][info][gc,start    ] GC(144) Concurrent marking (unload classes)
[14.110s][info][gc,task     ] GC(144) Using 3 of 6 workers for concurrent marking
[14.112s][info][gc          ] GC(144) Concurrent marking (unload classes) 1.937ms
[14.112s][info][gc,start    ] GC(144) Pause Final Mark (unload classes)
[14.112s][info][gc,task     ] GC(144) Using 6 of 6 workers for final marking
[14.112s][info][gc,ergo     ] GC(144) Adaptive CSet Selection. Target Free: 145M, Actual Free: 541M, Max CSet: 43690K, Min Garbage: 0B
[14.112s][info][gc,ergo     ] GC(144) Collectable Garbage: 517M (85%), Immediate: 354M (58%), CSet: 162M (26%)
[14.112s][info][gc,ergo     ] GC(144) Pacer for Evacuation. Used CSet: 204M, Free: 503M, Non-Taxable: 51568K, Alloc Tax Rate: 1.1x
[14.112s][info][gc          ] GC(144) Pause Final Mark (unload classes) 0.480ms
[14.112s][info][gc,start    ] GC(144) Concurrent thread roots
[14.112s][info][gc,task     ] GC(144) Using 3 of 6 workers for Concurrent thread roots
[14.112s][info][gc          ] GC(144) Concurrent thread roots 0.196ms
[14.112s][info][gc,start    ] GC(144) Concurrent weak references
[14.112s][info][gc,task     ] GC(144) Using 3 of 6 workers for concurrent weak references
[14.113s][info][gc,ref      ] GC(144) Encountered references: Soft: 47, Weak: 146, Final: 0, Phantom: 3
[14.113s][info][gc,ref      ] GC(144) Discovered  references: Soft: 0, Weak: 48, Final: 0, Phantom: 2
[14.113s][info][gc,ref      ] GC(144) Enqueued    references: Soft: 0, Weak: 0, Final: 0, Phantom: 0
[14.113s][info][gc          ] GC(144) Concurrent weak references 0.146ms
[14.113s][info][gc,start    ] GC(144) Concurrent weak roots
[14.113s][info][gc,task     ] GC(144) Using 3 of 6 workers for concurrent weak root
[14.113s][info][gc          ] GC(144) Concurrent weak roots 0.300ms
[14.113s][info][gc,start    ] GC(144) Concurrent cleanup
[14.113s][info][gc          ] GC(144) Concurrent cleanup 819M->464M(1024M) 0.062ms
[14.113s][info][gc,ergo     ] GC(144) Free: 503M, Max: 512K regular, 164M humongous, Frag: 68% external, 33% internal; Reserve: 52718K, Max: 512K
[14.113s][info][gc,start    ] GC(144) Concurrent class unloading
[14.113s][info][gc,task     ] GC(144) Using 3 of 6 workers for concurrent class unloading
[14.114s][info][gc          ] GC(144) Concurrent class unloading 0.514ms
[14.114s][info][gc,start    ] GC(144) Concurrent strong roots
[14.114s][info][gc,task     ] GC(144) Using 3 of 6 workers for concurrent strong root
[14.114s][info][gc          ] GC(144) Concurrent strong roots 0.115ms
[14.114s][info][gc,start    ] GC(144) Concurrent evacuation
[14.114s][info][gc,task     ] GC(144) Using 3 of 6 workers for concurrent evacuation
[14.121s][info][gc          ] GC(144) Concurrent evacuation 7.676ms
[14.122s][info][gc,start    ] GC(144) Pause Init Update Refs
[14.122s][info][gc,ergo     ] GC(144) Pacer for Update Refs. Used: 517M, Free: 494M, Non-Taxable: 50668K, Alloc Tax Rate: 1.3x
[14.122s][info][gc          ] GC(144) Pause Init Update Refs 0.036ms
[14.122s][info][gc,start    ] GC(144) Concurrent update references
[14.122s][info][gc,task     ] GC(144) Using 3 of 6 workers for concurrent reference update
[14.124s][info][gc          ] GC(144) Concurrent update references 2.517ms
[14.124s][info][gc,start    ] GC(144) Concurrent update thread roots
[14.125s][info][gc          ] GC(144) Concurrent update thread roots 0.292ms
[14.125s][info][gc,start    ] GC(144) Pause Final Update Refs
[14.125s][info][gc,task     ] GC(144) Using 6 of 6 workers for final reference update
[14.125s][info][gc          ] GC(144) Pause Final Update Refs 0.251ms
[14.125s][info][gc,start    ] GC(144) Concurrent cleanup
[14.125s][info][gc          ] GC(144) Concurrent cleanup 543M->340M(1024M) 0.062ms
[14.125s][info][gc,ergo     ] Free: 631M, Max: 512K regular, 135M humongous, Frag: 79% external, 30% internal; Reserve: 52736K, Max: 512K
[14.125s][info][gc,stats    ] 
[14.125s][info][gc,stats    ] All times are wall-clock times, except per-root-class counters, that are sum over
[14.125s][info][gc,stats    ] all workers. Dividing the <total> over the root stage time estimates parallelism.
[14.125s][info][gc,stats    ] 
[14.125s][info][gc,stats    ] Concurrent Reset                   2135 us
[14.125s][info][gc,stats    ] Pause Init Mark (G)                 528 us
[14.125s][info][gc,stats    ] Pause Init Mark (N)                 207 us
[14.125s][info][gc,stats    ]   Update Region States              164 us
[14.125s][info][gc,stats    ] Concurrent Mark Roots               288 us, parallelism: 0.76x
[14.125s][info][gc,stats    ]   CMR: <total>                      220 us
[14.125s][info][gc,stats    ]   CMR: Thread Roots                 152 us, workers (us):  13,  89,  51, ---, ---, ---, 
[14.125s][info][gc,stats    ]   CMR: VM Strong Roots                6 us, workers (us):   6,   0,   0, ---, ---, ---, 
[14.125s][info][gc,stats    ]   CMR: CLDG Roots                    61 us, workers (us):  61, ---, ---, ---, ---, ---, 
[14.125s][info][gc,stats    ] Concurrent Marking                 1956 us
[14.125s][info][gc,stats    ] Pause Final Mark (G)                620 us
[14.125s][info][gc,stats    ] Pause Final Mark (N)                484 us
[14.125s][info][gc,stats    ]   Finish Mark                       277 us
[14.125s][info][gc,stats    ]   Update Region States               77 us
[14.125s][info][gc,stats    ]   Choose Collection Set              70 us
[14.125s][info][gc,stats    ]   Rebuild Free Set                   29 us
[14.125s][info][gc,stats    ] Concurrent Thread Roots             207 us, parallelism: 0.47x
[14.125s][info][gc,stats    ]   CTR: <total>                       97 us
[14.125s][info][gc,stats    ]   CTR: Thread Roots                  97 us, workers (us):  60,  37,   0, ---, ---, ---, 
[14.125s][info][gc,stats    ] Concurrent Weak References          150 us, parallelism: 0.02x
[14.125s][info][gc,stats    ]   CWRF: <total>                       4 us
[14.125s][info][gc,stats    ]   CWRF: Weak References               4 us, workers (us):   4,   0,   0, ---, ---, ---, 
[14.125s][info][gc,stats    ] Concurrent Weak Roots               311 us
[14.125s][info][gc,stats    ]   Roots                             192 us, parallelism: 0.68x
[14.125s][info][gc,stats    ]     CWR: <total>                    132 us
[14.125s][info][gc,stats    ]     CWR: Code Cache Roots           113 us, workers (us):  63,  49,   0, ---, ---, ---, 
[14.125s][info][gc,stats    ]     CWR: VM Weak Roots               16 us, workers (us):  15,   1,   1, ---, ---, ---, 
[14.125s][info][gc,stats    ]     CWR: CLDG Roots                   3 us, workers (us):   3, ---, ---, ---, ---, ---, 
[14.125s][info][gc,stats    ]   Rendezvous                        100 us
[14.125s][info][gc,stats    ] Concurrent Cleanup                   67 us
[14.125s][info][gc,stats    ] Concurrent Class Unloading          526 us
[14.125s][info][gc,stats    ]   Unlink Stale                      267 us
[14.125s][info][gc,stats    ]     System Dictionary                 3 us
[14.125s][info][gc,stats    ]     Weak Class Links                  0 us
[14.125s][info][gc,stats    ]     Code Roots                      263 us
[14.125s][info][gc,stats    ]   Rendezvous                         98 us
[14.125s][info][gc,stats    ]   Purge Unlinked                    141 us
[14.125s][info][gc,stats    ]     Code Roots                      125 us
[14.125s][info][gc,stats    ]     CLDG                             16 us
[14.125s][info][gc,stats    ]     Exception Caches                  0 us
[14.125s][info][gc,stats    ] Concurrent Strong Roots             122 us, parallelism: 0.14x
[14.125s][info][gc,stats    ]   CSR: <total>                       17 us
[14.125s][info][gc,stats    ]   CSR: VM Strong Roots                2 us, workers (us):   2,   0,   0, ---, ---, ---, 
[14.125s][info][gc,stats    ]   CSR: CLDG Roots                    15 us, workers (us):  15, ---, ---, ---, ---, ---, 
[14.125s][info][gc,stats    ] Concurrent Evacuation              7740 us
[14.125s][info][gc,stats    ] Pause Init Update Refs (G)          341 us
[14.125s][info][gc,stats    ] Pause Init Update Refs (N)           41 us
[14.125s][info][gc,stats    ]   Manage GCLABs                       3 us
[14.125s][info][gc,stats    ] Concurrent Update Refs             2582 us
[14.125s][info][gc,stats    ] Concurrent Update Thread Roots      308 us
[14.125s][info][gc,stats    ] Pause Final Update Refs (G)         498 us
[14.125s][info][gc,stats    ] Pause Final Update Refs (N)         262 us
[14.125s][info][gc,stats    ]   Update Region States              203 us
[14.125s][info][gc,stats    ]   Trash Collection Set                8 us
[14.125s][info][gc,stats    ]   Rebuild Free Set                   18 us
[14.125s][info][gc,stats    ] Concurrent Cleanup                   67 us
[14.125s][info][gc,stats    ] Pacing                            12701 us
[14.125s][info][gc,stats    ] 
[14.125s][info][gc,stats    ] Allocation pacing accrued:
[14.125s][info][gc,stats    ]      13 of    51 ms ( 24.7%): main
[14.125s][info][gc,stats    ]      13 of    51 ms ( 24.7%): <total>
[14.125s][info][gc,stats    ]       1 of    51 ms (  2.2%): <average total>
[14.125s][info][gc,stats    ]      13 of    51 ms ( 24.7%): <average non-zero>
[14.125s][info][gc,stats    ] 
[14.125s][info][gc,metaspace] Metaspace: 6358K(6528K)->6358K(6528K) NonClass: 5812K(5888K)->5812K(5888K) Class: 546K(640K)->546K(640K)
[14.125s][info][gc,ergo     ] Pacer for Idle. Initial: 20971K, Alloc Tax Rate: 1.0x
[14.156s][info][gc          ] Trigger: Average GC time (24.84 ms) is above the time for average allocation rate (4548 MB/s) to deplete free headroom (98771K) (margin of error = 1.80)
[14.156s][info][gc,ergo     ] Free headroom: 147M (free) - 52428K (spike) - 0B (penalties) = 98771K
[14.156s][info][gc,ergo     ] Free: 146M, Max: 512K regular, 135M humongous, Frag: 7% external, 29% internal; Reserve: 52736K, Max: 512K
[14.156s][info][gc,start    ] GC(145) Concurrent reset
[14.156s][info][gc,task     ] GC(145) Using 3 of 6 workers for concurrent reset
[14.156s][info][gc,ergo     ] GC(145) Pacer for Reset. Non-Taxable: 1024M
[14.158s][info][gc          ] GC(145) Concurrent reset 2.138ms
[14.158s][info][gc,start    ] GC(145) Pause Init Mark (unload classes)
[14.158s][info][gc,task     ] GC(145) Using 6 of 6 workers for init marking
[14.158s][info][gc,ergo     ] GC(145) Pacer for Mark. Expected Live: 196M, Free: 132M, Non-Taxable: 13522K, Alloc Tax Rate: 1.8x
[14.158s][info][gc          ] GC(145) Pause Init Mark (unload classes) 0.208ms
[14.158s][info][gc,start    ] GC(145) Concurrent marking roots
[14.159s][info][gc,task     ] GC(145) Using 3 of 6 workers for concurrent marking roots
[14.159s][info][gc          ] GC(145) Concurrent marking roots 0.282ms
[14.159s][info][gc,start    ] GC(145) Concurrent marking (unload classes)
[14.159s][info][gc,task     ] GC(145) Using 3 of 6 workers for concurrent marking
[14.161s][info][gc          ] GC(145) Concurrent marking (unload classes) 1.850ms
[14.161s][info][gc,start    ] GC(145) Pause Final Mark (unload classes)
[14.161s][info][gc,task     ] GC(145) Using 6 of 6 workers for final marking
[14.161s][info][gc,ergo     ] GC(145) Adaptive CSet Selection. Target Free: 145M, Actual Free: 535M, Max CSet: 43690K, Min Garbage: 0B
[14.161s][info][gc,ergo     ] GC(145) Collectable Garbage: 532M (84%), Immediate: 365M (58%), CSet: 166M (26%)
[14.161s][info][gc,ergo     ] GC(145) Pacer for Evacuation. Used CSet: 209M, Free: 497M, Non-Taxable: 50960K, Alloc Tax Rate: 1.1x
[14.161s][info][gc          ] GC(145) Pause Final Mark (unload classes) 0.541ms
[14.161s][info][gc,start    ] GC(145) Concurrent thread roots
[14.161s][info][gc,task     ] GC(145) Using 3 of 6 workers for Concurrent thread roots
[14.162s][info][gc          ] GC(145) Concurrent thread roots 0.182ms
[14.162s][info][gc,start    ] GC(145) Concurrent weak references
[14.162s][info][gc,task     ] GC(145) Using 3 of 6 workers for concurrent weak references
[14.162s][info][gc,ref      ] GC(145) Encountered references: Soft: 47, Weak: 146, Final: 0, Phantom: 3
[14.162s][info][gc,ref      ] GC(145) Discovered  references: Soft: 0, Weak: 48, Final: 0, Phantom: 2
[14.162s][info][gc,ref      ] GC(145) Enqueued    references: Soft: 0, Weak: 0, Final: 0, Phantom: 0
[14.162s][info][gc          ] GC(145) Concurrent weak references 0.105ms
[14.162s][info][gc,start    ] GC(145) Concurrent weak roots
[14.162s][info][gc,task     ] GC(145) Using 3 of 6 workers for concurrent weak root
[14.162s][info][gc          ] GC(145) Concurrent weak roots 0.337ms
[14.162s][info][gc,start    ] GC(145) Concurrent cleanup
[14.162s][info][gc          ] GC(145) Concurrent cleanup 840M->476M(1024M) 0.083ms
[14.162s][info][gc,ergo     ] GC(145) Free: 485M, Max: 512K regular, 146M humongous, Frag: 70% external, 0% internal; Reserve: 52722K, Max: 512K
[14.162s][info][gc,start    ] GC(145) Concurrent class unloading
[14.162s][info][gc,task     ] GC(145) Using 3 of 6 workers for concurrent class unloading
[14.163s][info][gc          ] GC(145) Concurrent class unloading 0.753ms
[14.163s][info][gc,start    ] GC(145) Concurrent strong roots
[14.163s][info][gc,task     ] GC(145) Using 3 of 6 workers for concurrent strong root
[14.163s][info][gc          ] GC(145) Concurrent strong roots 0.210ms
[14.163s][info][gc,start    ] GC(145) Concurrent evacuation
[14.163s][info][gc,task     ] GC(145) Using 3 of 6 workers for concurrent evacuation
[14.177s][info][gc          ] GC(145) Concurrent evacuation 13.856ms
[14.177s][info][gc,start    ] GC(145) Pause Init Update Refs
[14.177s][info][gc,ergo     ] GC(145) Pacer for Update Refs. Used: 588M, Free: 416M, Non-Taxable: 42697K, Alloc Tax Rate: 1.7x
[14.177s][info][gc          ] GC(145) Pause Init Update Refs 0.027ms
[14.177s][info][gc,start    ] GC(145) Concurrent update references
[14.178s][info][gc,task     ] GC(145) Using 3 of 6 workers for concurrent reference update
[14.180s][info][gc          ] GC(145) Concurrent update references 2.629ms
[14.180s][info][gc,start    ] GC(145) Concurrent update thread roots
[14.181s][info][gc          ] GC(145) Concurrent update thread roots 0.369ms
[14.181s][info][gc,start    ] GC(145) Pause Final Update Refs
[14.181s][info][gc,task     ] GC(145) Using 6 of 6 workers for final reference update
[14.181s][info][gc          ] GC(145) Pause Final Update Refs 0.237ms
[14.181s][info][gc,start    ] GC(145) Concurrent cleanup
[14.181s][info][gc          ] GC(145) Concurrent cleanup 614M->406M(1024M) 0.061ms
[14.181s][info][gc,ergo     ] Free: 565M, Max: 512K regular, 112M humongous, Frag: 80% external, 38% internal; Reserve: 52736K, Max: 512K
[14.181s][info][gc,stats    ] 
[14.181s][info][gc,stats    ] All times are wall-clock times, except per-root-class counters, that are sum over
[14.181s][info][gc,stats    ] all workers. Dividing the <total> over the root stage time estimates parallelism.
[14.181s][info][gc,stats    ] 
[14.181s][info][gc,stats    ] Concurrent Reset                   2209 us
[14.181s][info][gc,stats    ] Pause Init Mark (G)                 548 us
[14.181s][info][gc,stats    ] Pause Init Mark (N)                 213 us
[14.181s][info][gc,stats    ]   Update Region States              165 us
[14.181s][info][gc,stats    ] Concurrent Mark Roots               295 us, parallelism: 0.77x
[14.181s][info][gc,stats    ]   CMR: <total>                      227 us
[14.181s][info][gc,stats    ]   CMR: Thread Roots                 164 us, workers (us):  51,  55,  58, ---, ---, ---, 
[14.181s][info][gc,stats    ]   CMR: VM Strong Roots                7 us, workers (us):   6,   0,   0, ---, ---, ---, 
[14.181s][info][gc,stats    ]   CMR: CLDG Roots                    56 us, workers (us):  56, ---, ---, ---, ---, ---, 
[14.181s][info][gc,stats    ] Concurrent Marking                 1870 us
[14.181s][info][gc,stats    ] Pause Final Mark (G)                773 us
[14.181s][info][gc,stats    ] Pause Final Mark (N)                545 us
[14.181s][info][gc,stats    ]   Finish Mark                       301 us
[14.181s][info][gc,stats    ]   Update Region States              115 us
[14.181s][info][gc,stats    ]   Choose Collection Set              73 us
[14.181s][info][gc,stats    ]   Rebuild Free Set                   16 us
[14.181s][info][gc,stats    ] Concurrent Thread Roots             194 us, parallelism: 0.48x
[14.181s][info][gc,stats    ]   CTR: <total>                       93 us
[14.181s][info][gc,stats    ]   CTR: Thread Roots                  93 us, workers (us):  59,  31,   3, ---, ---, ---, 
[14.181s][info][gc,stats    ] Concurrent Weak References          108 us, parallelism: 0.04x
[14.181s][info][gc,stats    ]   CWRF: <total>                       4 us
[14.181s][info][gc,stats    ]   CWRF: Weak References               4 us, workers (us):   4,   0,   0, ---, ---, ---, 
[14.181s][info][gc,stats    ] Concurrent Weak Roots               348 us
[14.181s][info][gc,stats    ]   Roots                             229 us, parallelism: 0.84x
[14.181s][info][gc,stats    ]     CWR: <total>                    192 us
[14.181s][info][gc,stats    ]     CWR: Code Cache Roots           169 us, workers (us):  74,  95,   0, ---, ---, ---, 
[14.181s][info][gc,stats    ]     CWR: VM Weak Roots               19 us, workers (us):  15,   4,   0, ---, ---, ---, 
[14.181s][info][gc,stats    ]     CWR: CLDG Roots                   4 us, workers (us):   4, ---, ---, ---, ---, ---, 
[14.181s][info][gc,stats    ]   Rendezvous                         99 us
[14.181s][info][gc,stats    ] Concurrent Cleanup                   87 us
[14.181s][info][gc,stats    ] Concurrent Class Unloading          816 us
[14.181s][info][gc,stats    ]   Unlink Stale                      447 us
[14.181s][info][gc,stats    ]     System Dictionary                 5 us
[14.181s][info][gc,stats    ]     Weak Class Links                  0 us
[14.181s][info][gc,stats    ]     Code Roots                      440 us
[14.181s][info][gc,stats    ]   Rendezvous                        101 us
[14.181s][info][gc,stats    ]   Purge Unlinked                    194 us
[14.181s][info][gc,stats    ]     Code Roots                      153 us
[14.181s][info][gc,stats    ]     CLDG                             39 us
[14.181s][info][gc,stats    ]     Exception Caches                  1 us
[14.181s][info][gc,stats    ] Concurrent Strong Roots             224 us, parallelism: 0.39x
[14.181s][info][gc,stats    ]   CSR: <total>                       88 us
[14.181s][info][gc,stats    ]   CSR: VM Strong Roots                9 us, workers (us):   8,   1,   0, ---, ---, ---, 
[14.181s][info][gc,stats    ]   CSR: CLDG Roots                    80 us, workers (us):  80, ---, ---, ---, ---, ---, 
[14.181s][info][gc,stats    ] Concurrent Evacuation             13927 us
[14.181s][info][gc,stats    ] Pause Init Update Refs (G)          322 us
[14.181s][info][gc,stats    ] Pause Init Update Refs (N)           31 us
[14.181s][info][gc,stats    ]   Manage GCLABs                       3 us
[14.181s][info][gc,stats    ] Concurrent Update Refs             2695 us
[14.181s][info][gc,stats    ] Concurrent Update Thread Roots      387 us
[14.181s][info][gc,stats    ] Pause Final Update Refs (G)         434 us
[14.181s][info][gc,stats    ] Pause Final Update Refs (N)         249 us
[14.181s][info][gc,stats    ]   Update Region States              187 us
[14.181s][info][gc,stats    ]   Trash Collection Set                8 us
[14.181s][info][gc,stats    ]   Rebuild Free Set                   19 us
[14.181s][info][gc,stats    ] Concurrent Cleanup                   68 us
[14.181s][info][gc,stats    ] Pacing                              858 us
[14.181s][info][gc,stats    ] 
[14.181s][info][gc,stats    ] Allocation pacing accrued:
[14.181s][info][gc,stats    ]       1 of    56 ms (  1.5%): main
[14.181s][info][gc,stats    ]       1 of    56 ms (  1.5%): <total>
[14.181s][info][gc,stats    ]       0 of    56 ms (  0.1%): <average total>
[14.181s][info][gc,stats    ]       1 of    56 ms (  1.5%): <average non-zero>
[14.181s][info][gc,stats    ] 
[14.181s][info][gc,metaspace] Metaspace: 6358K(6528K)->6358K(6528K) NonClass: 5812K(5888K)->5812K(5888K) Class: 546K(640K)->546K(640K)
[14.181s][info][gc,ergo     ] Pacer for Idle. Initial: 20971K, Alloc Tax Rate: 1.0x
[14.239s][info][gc          ] Trigger: Average GC time (28.71 ms) is above the time for average allocation rate (4549 MB/s) to deplete free headroom (114M) (margin of error = 1.81)
[14.239s][info][gc,ergo     ] Free headroom: 165M (free) - 52428K (spike) - 0B (penalties) = 114M
[14.239s][info][gc,ergo     ] Free: 164M, Max: 512K regular, 112M humongous, Frag: 32% external, 14% internal; Reserve: 52736K, Max: 512K
[14.239s][info][gc,start    ] GC(146) Concurrent reset
[14.239s][info][gc,task     ] GC(146) Using 3 of 6 workers for concurrent reset
[14.239s][info][gc,ergo     ] GC(146) Pacer for Reset. Non-Taxable: 1024M
[14.242s][info][gc          ] GC(146) Concurrent reset 3.131ms
[14.242s][info][gc,start    ] GC(146) Pause Init Mark (unload classes)
[14.242s][info][gc,task     ] GC(146) Using 6 of 6 workers for init marking
[14.243s][info][gc,ergo     ] GC(146) Pacer for Mark. Expected Live: 196M, Free: 153M, Non-Taxable: 15743K, Alloc Tax Rate: 1.6x
[14.243s][info][gc          ] GC(146) Pause Init Mark (unload classes) 0.130ms
[14.243s][info][gc,start    ] GC(146) Concurrent marking roots
[14.243s][info][gc,task     ] GC(146) Using 3 of 6 workers for concurrent marking roots
[14.243s][info][gc          ] GC(146) Concurrent marking roots 0.308ms
[14.243s][info][gc,start    ] GC(146) Concurrent marking (unload classes)
[14.243s][info][gc,task     ] GC(146) Using 3 of 6 workers for concurrent marking
[14.246s][info][gc          ] GC(146) Concurrent marking (unload classes) 2.960ms
[14.246s][info][gc,start    ] GC(146) Pause Final Mark (unload classes)
[14.246s][info][gc,task     ] GC(146) Using 6 of 6 workers for final marking
[14.247s][info][gc,ergo     ] GC(146) Adaptive CSet Selection. Target Free: 145M, Actual Free: 548M, Max CSet: 43690K, Min Garbage: 0B
[14.247s][info][gc,ergo     ] GC(146) Collectable Garbage: 517M (85%), Immediate: 359M (59%), CSet: 157M (26%)
[14.247s][info][gc,ergo     ] GC(146) Pacer for Evacuation. Used CSet: 200M, Free: 510M, Non-Taxable: 52282K, Alloc Tax Rate: 1.1x
[14.247s][info][gc          ] GC(146) Pause Final Mark (unload classes) 0.538ms
[14.247s][info][gc,start    ] GC(146) Concurrent thread roots
[14.247s][info][gc,task     ] GC(146) Using 3 of 6 workers for Concurrent thread roots
[14.247s][info][gc          ] GC(146) Concurrent thread roots 0.210ms
[14.247s][info][gc,start    ] GC(146) Concurrent weak references
[14.247s][info][gc,task     ] GC(146) Using 3 of 6 workers for concurrent weak references
[14.247s][info][gc,ref      ] GC(146) Encountered references: Soft: 47, Weak: 146, Final: 0, Phantom: 3
[14.247s][info][gc,ref      ] GC(146) Discovered  references: Soft: 0, Weak: 48, Final: 0, Phantom: 2
[14.247s][info][gc,ref      ] GC(146) Enqueued    references: Soft: 0, Weak: 0, Final: 0, Phantom: 0
[14.247s][info][gc          ] GC(146) Concurrent weak references 0.109ms
[14.247s][info][gc,start    ] GC(146) Concurrent weak roots
[14.247s][info][gc,task     ] GC(146) Using 3 of 6 workers for concurrent weak root
[14.247s][info][gc          ] GC(146) Concurrent weak roots 0.305ms
[14.247s][info][gc,start    ] GC(146) Concurrent cleanup
[14.247s][info][gc          ] GC(146) Concurrent cleanup 817M->457M(1024M) 0.064ms
[14.247s][info][gc,ergo     ] GC(146) Free: 510M, Max: 512K regular, 144M humongous, Frag: 72% external, 32% internal; Reserve: 52722K, Max: 512K
[14.247s][info][gc,start    ] GC(146) Concurrent class unloading
[14.247s][info][gc,task     ] GC(146) Using 3 of 6 workers for concurrent class unloading
[14.248s][info][gc          ] GC(146) Concurrent class unloading 0.449ms
[14.248s][info][gc,start    ] GC(146) Concurrent strong roots
[14.248s][info][gc,task     ] GC(146) Using 3 of 6 workers for concurrent strong root
[14.248s][info][gc          ] GC(146) Concurrent strong roots 0.148ms
[14.248s][info][gc,start    ] GC(146) Concurrent evacuation
[14.248s][info][gc,task     ] GC(146) Using 3 of 6 workers for concurrent evacuation
[14.256s][info][gc          ] GC(146) Concurrent evacuation 8.280ms
[14.257s][info][gc,start    ] GC(146) Pause Init Update Refs
[14.257s][info][gc,ergo     ] GC(146) Pacer for Update Refs. Used: 517M, Free: 494M, Non-Taxable: 50670K, Alloc Tax Rate: 1.3x
[14.257s][info][gc          ] GC(146) Pause Init Update Refs 0.027ms
[14.257s][info][gc,start    ] GC(146) Concurrent update references
[14.257s][info][gc,task     ] GC(146) Using 3 of 6 workers for concurrent reference update
[14.259s][info][gc          ] GC(146) Concurrent update references 2.621ms
[14.259s][info][gc,start    ] GC(146) Concurrent update thread roots
[14.260s][info][gc          ] GC(146) Concurrent update thread roots 0.285ms
[14.260s][info][gc,start    ] GC(146) Pause Final Update Refs
[14.260s][info][gc,task     ] GC(146) Using 6 of 6 workers for final reference update
[14.260s][info][gc          ] GC(146) Pause Final Update Refs 0.158ms
[14.260s][info][gc,start    ] GC(146) Concurrent cleanup
[14.260s][info][gc          ] GC(146) Concurrent cleanup 542M->343M(1024M) 0.096ms
[14.260s][info][gc,ergo     ] Free: 628M, Max: 512K regular, 113M humongous, Frag: 82% external, 31% internal; Reserve: 52736K, Max: 512K
[14.260s][info][gc,stats    ] 
[14.260s][info][gc,stats    ] All times are wall-clock times, except per-root-class counters, that are sum over
[14.260s][info][gc,stats    ] all workers. Dividing the <total> over the root stage time estimates parallelism.
[14.260s][info][gc,stats    ] 
[14.260s][info][gc,stats    ] Concurrent Reset                   3237 us
[14.260s][info][gc,stats    ] Pause Init Mark (G)                 450 us
[14.260s][info][gc,stats    ] Pause Init Mark (N)                 135 us
[14.260s][info][gc,stats    ]   Update Region States               85 us
[14.260s][info][gc,stats    ] Concurrent Mark Roots               325 us, parallelism: 0.86x
[14.260s][info][gc,stats    ]   CMR: <total>                      280 us
[14.260s][info][gc,stats    ]   CMR: Thread Roots                 183 us, workers (us):   0, 117,  66, ---, ---, ---, 
[14.260s][info][gc,stats    ]   CMR: VM Strong Roots               16 us, workers (us):  12,   4,   0, ---, ---, ---, 
[14.260s][info][gc,stats    ]   CMR: CLDG Roots                    81 us, workers (us):  81, ---, ---, ---, ---, ---, 
[14.260s][info][gc,stats    ] Concurrent Marking                 2999 us
[14.260s][info][gc,stats    ] Pause Final Mark (G)                683 us
[14.260s][info][gc,stats    ] Pause Final Mark (N)                542 us
[14.260s][info][gc,stats    ]   Finish Mark                       323 us
[14.260s][info][gc,stats    ]   Update Region States               84 us
[14.260s][info][gc,stats    ]   Choose Collection Set              82 us
[14.260s][info][gc,stats    ]   Rebuild Free Set                   16 us
[14.260s][info][gc,stats    ] Concurrent Thread Roots             223 us, parallelism: 0.54x
[14.260s][info][gc,stats    ]   CTR: <total>                      121 us
[14.260s][info][gc,stats    ]   CTR: Thread Roots                 121 us, workers (us):  82,  35,   5, ---, ---, ---, 
[14.260s][info][gc,stats    ] Concurrent Weak References          113 us, parallelism: 0.05x
[14.260s][info][gc,stats    ]   CWRF: <total>                       6 us
[14.260s][info][gc,stats    ]   CWRF: Weak References               6 us, workers (us):   6,   0,   0, ---, ---, ---, 
[14.260s][info][gc,stats    ] Concurrent Weak Roots               326 us
[14.260s][info][gc,stats    ]   Roots                             186 us, parallelism: 1.17x
[14.260s][info][gc,stats    ]     CWR: <total>                    218 us
[14.260s][info][gc,stats    ]     CWR: Code Cache Roots           183 us, workers (us):   0, 103,  80, ---, ---, ---, 
[14.260s][info][gc,stats    ]     CWR: VM Weak Roots               24 us, workers (us):  19,   5,   0, ---, ---, ---, 
[14.260s][info][gc,stats    ]     CWR: CLDG Roots                  11 us, workers (us):  11, ---, ---, ---, ---, ---, 
[14.260s][info][gc,stats    ]   Rendezvous                        110 us
[14.260s][info][gc,stats    ] Concurrent Cleanup                   69 us
[14.260s][info][gc,stats    ] Concurrent Class Unloading          462 us
[14.260s][info][gc,stats    ]   Unlink Stale                      270 us
[14.260s][info][gc,stats    ]     System Dictionary                 4 us
[14.260s][info][gc,stats    ]     Weak Class Links                  0 us
[14.260s][info][gc,stats    ]     Code Roots                      266 us
[14.260s][info][gc,stats    ]   Rendezvous                        110 us
[14.260s][info][gc,stats    ]   Purge Unlinked                     58 us
[14.260s][info][gc,stats    ]     Code Roots                       44 us
[14.260s][info][gc,stats    ]     CLDG                             14 us
[14.260s][info][gc,stats    ]     Exception Caches                  0 us
[14.260s][info][gc,stats    ] Concurrent Strong Roots             160 us, parallelism: 0.10x
[14.260s][info][gc,stats    ]   CSR: <total>                       16 us
[14.260s][info][gc,stats    ]   CSR: VM Strong Roots                3 us, workers (us):   2,   0,   0, ---, ---, ---, 
[14.260s][info][gc,stats    ]   CSR: CLDG Roots                    13 us, workers (us):  13, ---, ---, ---, ---, ---, 
[14.260s][info][gc,stats    ] Concurrent Evacuation              8348 us
[14.260s][info][gc,stats    ] Pause Init Update Refs (G)          305 us
[14.260s][info][gc,stats    ] Pause Init Update Refs (N)           31 us
[14.261s][info][gc,stats    ]   Manage GCLABs                       3 us
[14.261s][info][gc,stats    ] Concurrent Update Refs             2684 us
[14.261s][info][gc,stats    ] Concurrent Update Thread Roots      308 us
[14.261s][info][gc,stats    ] Pause Final Update Refs (G)         428 us
[14.261s][info][gc,stats    ] Pause Final Update Refs (N)         168 us
[14.261s][info][gc,stats    ]   Update Region States              104 us
[14.261s][info][gc,stats    ]   Trash Collection Set                9 us
[14.261s][info][gc,stats    ]   Rebuild Free Set                   22 us
[14.261s][info][gc,stats    ] Concurrent Cleanup                  106 us
[14.261s][info][gc,stats    ] Pacing                            16613 us
[14.261s][info][gc,stats    ] 
[14.261s][info][gc,stats    ] Allocation pacing accrued:
[14.261s][info][gc,stats    ]      17 of    79 ms ( 21.0%): main
[14.261s][info][gc,stats    ]      17 of    79 ms ( 21.0%): <total>
[14.261s][info][gc,stats    ]       2 of    79 ms (  1.9%): <average total>
[14.261s][info][gc,stats    ]      17 of    79 ms ( 21.0%): <average non-zero>
[14.261s][info][gc,stats    ] 
[14.261s][info][gc,metaspace] Metaspace: 6358K(6528K)->6358K(6528K) NonClass: 5812K(5888K)->5812K(5888K) Class: 546K(640K)->546K(640K)
[14.261s][info][gc,ergo     ] Pacer for Idle. Initial: 20971K, Alloc Tax Rate: 1.0x
[14.290s][info][gc          ] Trigger: Average GC time (26.40 ms) is above the time for average allocation rate (4548 MB/s) to deplete free headroom (118M) (margin of error = 1.80)
[14.290s][info][gc,ergo     ] Free headroom: 170M (free) - 52428K (spike) - 0B (penalties) = 118M
[14.290s][info][gc,ergo     ] Free: 169M, Max: 512K regular, 113M humongous, Frag: 33% external, 17% internal; Reserve: 52736K, Max: 512K
[14.290s][info][gc,start    ] GC(147) Concurrent reset
[14.290s][info][gc,task     ] GC(147) Using 3 of 6 workers for concurrent reset
[14.290s][info][gc,ergo     ] GC(147) Pacer for Reset. Non-Taxable: 1024M
[14.292s][info][gc          ] GC(147) Concurrent reset 2.123ms
[14.292s][info][gc,start    ] GC(147) Pause Init Mark (unload classes)
[14.292s][info][gc,task     ] GC(147) Using 6 of 6 workers for init marking
[14.292s][info][gc,ergo     ] GC(147) Pacer for Mark. Expected Live: 196M, Free: 156M, Non-Taxable: 15975K, Alloc Tax Rate: 1.5x
[14.292s][info][gc          ] GC(147) Pause Init Mark (unload classes) 0.157ms
[14.292s][info][gc,start    ] GC(147) Concurrent marking roots
[14.292s][info][gc,task     ] GC(147) Using 3 of 6 workers for concurrent marking roots
[14.293s][info][gc          ] GC(147) Concurrent marking roots 0.267ms
[14.293s][info][gc,start    ] GC(147) Concurrent marking (unload classes)
[14.293s][info][gc,task     ] GC(147) Using 3 of 6 workers for concurrent marking
[14.295s][info][gc          ] GC(147) Concurrent marking (unload classes) 2.256ms
[14.295s][info][gc,start    ] GC(147) Pause Final Mark (unload classes)
[14.295s][info][gc,task     ] GC(147) Using 6 of 6 workers for final marking
[14.295s][info][gc,ergo     ] GC(147) Adaptive CSet Selection. Target Free: 145M, Actual Free: 537M, Max CSet: 43690K, Min Garbage: 0B
[14.295s][info][gc,ergo     ] GC(147) Collectable Garbage: 512M (85%), Immediate: 350M (58%), CSet: 162M (26%)
[14.296s][info][gc,ergo     ] GC(147) Pacer for Evacuation. Used CSet: 205M, Free: 499M, Non-Taxable: 51148K, Alloc Tax Rate: 1.1x
[14.296s][info][gc          ] GC(147) Pause Final Mark (unload classes) 0.483ms
[14.296s][info][gc,start    ] GC(147) Concurrent thread roots
[14.296s][info][gc,task     ] GC(147) Using 3 of 6 workers for Concurrent thread roots
[14.296s][info][gc          ] GC(147) Concurrent thread roots 0.240ms
[14.296s][info][gc,start    ] GC(147) Concurrent weak references
[14.296s][info][gc,task     ] GC(147) Using 3 of 6 workers for concurrent weak references
[14.296s][info][gc,ref      ] GC(147) Encountered references: Soft: 47, Weak: 146, Final: 0, Phantom: 3
[14.296s][info][gc,ref      ] GC(147) Discovered  references: Soft: 0, Weak: 53, Final: 0, Phantom: 2
[14.296s][info][gc,ref      ] GC(147) Enqueued    references: Soft: 0, Weak: 0, Final: 0, Phantom: 0
[14.296s][info][gc          ] GC(147) Concurrent weak references 0.166ms
[14.296s][info][gc,start    ] GC(147) Concurrent weak roots
[14.296s][info][gc,task     ] GC(147) Using 3 of 6 workers for concurrent weak root
[14.296s][info][gc          ] GC(147) Concurrent weak roots 0.375ms
[14.296s][info][gc,start    ] GC(147) Concurrent cleanup
[14.297s][info][gc          ] GC(147) Concurrent cleanup 824M->476M(1024M) 0.131ms
[14.297s][info][gc,ergo     ] GC(147) Free: 485M, Max: 512K regular, 145M humongous, Frag: 71% external, 0% internal; Reserve: 52722K, Max: 512K
[14.297s][info][gc,start    ] GC(147) Concurrent class unloading
[14.297s][info][gc,task     ] GC(147) Using 3 of 6 workers for concurrent class unloading
[14.297s][info][gc          ] GC(147) Concurrent class unloading 0.642ms
[14.297s][info][gc,start    ] GC(147) Concurrent strong roots
[14.297s][info][gc,task     ] GC(147) Using 3 of 6 workers for concurrent strong root
[14.297s][info][gc          ] GC(147) Concurrent strong roots 0.132ms
[14.297s][info][gc,start    ] GC(147) Concurrent evacuation
[14.297s][info][gc,task     ] GC(147) Using 3 of 6 workers for concurrent evacuation
[14.310s][info][gc          ] GC(147) Concurrent evacuation 12.763ms
[14.310s][info][gc,start    ] GC(147) Pause Init Update Refs
[14.310s][info][gc,ergo     ] GC(147) Pacer for Update Refs. Used: 576M, Free: 429M, Non-Taxable: 43977K, Alloc Tax Rate: 1.6x
[14.310s][info][gc          ] GC(147) Pause Init Update Refs 0.029ms
[14.311s][info][gc,start    ] GC(147) Concurrent update references
[14.311s][info][gc,task     ] GC(147) Using 3 of 6 workers for concurrent reference update
[14.313s][info][gc          ] GC(147) Concurrent update references 2.466ms
[14.313s][info][gc,start    ] GC(147) Concurrent update thread roots
[14.313s][info][gc          ] GC(147) Concurrent update thread roots 0.307ms
[14.314s][info][gc,start    ] GC(147) Pause Final Update Refs
[14.314s][info][gc,task     ] GC(147) Using 6 of 6 workers for final reference update
[14.314s][info][gc          ] GC(147) Pause Final Update Refs 0.229ms
[14.314s][info][gc,start    ] GC(147) Concurrent cleanup
[14.314s][info][gc          ] GC(147) Concurrent cleanup 603M->400M(1024M) 0.067ms
[14.314s][info][gc,ergo     ] Free: 571M, Max: 512K regular, 130M humongous, Frag: 77% external, 36% internal; Reserve: 52736K, Max: 512K
[14.314s][info][gc,stats    ] 
[14.314s][info][gc,stats    ] All times are wall-clock times, except per-root-class counters, that are sum over
[14.314s][info][gc,stats    ] all workers. Dividing the <total> over the root stage time estimates parallelism.
[14.314s][info][gc,stats    ] 
[14.314s][info][gc,stats    ] Concurrent Reset                   2192 us
[14.314s][info][gc,stats    ] Pause Init Mark (G)                 447 us
[14.314s][info][gc,stats    ] Pause Init Mark (N)                 162 us
[14.314s][info][gc,stats    ]   Update Region States              114 us
[14.314s][info][gc,stats    ] Concurrent Mark Roots               280 us, parallelism: 0.83x
[14.314s][info][gc,stats    ]   CMR: <total>                      233 us
[14.314s][info][gc,stats    ]   CMR: Thread Roots                 173 us, workers (us):  16,  98,  58, ---, ---, ---, 
[14.314s][info][gc,stats    ]   CMR: VM Strong Roots                7 us, workers (us):   6,   0,   0, ---, ---, ---, 
[14.314s][info][gc,stats    ]   CMR: CLDG Roots                    53 us, workers (us):  53, ---, ---, ---, ---, ---, 
[14.314s][info][gc,stats    ] Concurrent Marking                 2324 us
[14.314s][info][gc,stats    ] Pause Final Mark (G)                694 us
[14.314s][info][gc,stats    ] Pause Final Mark (N)                487 us
[14.314s][info][gc,stats    ]   Finish Mark                       260 us
[14.314s][info][gc,stats    ]   Update Region States              105 us
[14.314s][info][gc,stats    ]   Choose Collection Set              71 us
[14.314s][info][gc,stats    ]   Rebuild Free Set                   15 us
[14.314s][info][gc,stats    ] Concurrent Thread Roots             252 us, parallelism: 0.51x
[14.314s][info][gc,stats    ]   CTR: <total>                      129 us
[14.314s][info][gc,stats    ]   CTR: Thread Roots                 129 us, workers (us):  49,  39,  41, ---, ---, ---, 
[14.314s][info][gc,stats    ] Concurrent Weak References          170 us, parallelism: 0.06x
[14.314s][info][gc,stats    ]   CWRF: <total>                      10 us
[14.314s][info][gc,stats    ]   CWRF: Weak References              10 us, workers (us):  10,   0,   0, ---, ---, ---, 
[14.314s][info][gc,stats    ] Concurrent Weak Roots               388 us
[14.314s][info][gc,stats    ]   Roots                             261 us, parallelism: 1.10x
[14.314s][info][gc,stats    ]     CWR: <total>                    286 us
[14.314s][info][gc,stats    ]     CWR: Code Cache Roots           240 us, workers (us): 110, 129,   0, ---, ---, ---, 
[14.314s][info][gc,stats    ]     CWR: VM Weak Roots               38 us, workers (us):  31,   7,   1, ---, ---, ---, 
[14.314s][info][gc,stats    ]     CWR: CLDG Roots                   8 us, workers (us):   8, ---, ---, ---, ---, ---, 
[14.314s][info][gc,stats    ]   Rendezvous                        106 us
[14.314s][info][gc,stats    ] Concurrent Cleanup                  135 us
[14.314s][info][gc,stats    ] Concurrent Class Unloading          661 us
[14.314s][info][gc,stats    ]   Unlink Stale                      434 us
[14.314s][info][gc,stats    ]     System Dictionary                 8 us
[14.314s][info][gc,stats    ]     Weak Class Links                  0 us
[14.314s][info][gc,stats    ]     Code Roots                      425 us
[14.314s][info][gc,stats    ]   Rendezvous                         77 us
[14.314s][info][gc,stats    ]   Purge Unlinked                    123 us
[14.314s][info][gc,stats    ]     Code Roots                      106 us
[14.314s][info][gc,stats    ]     CLDG                             16 us
[14.314s][info][gc,stats    ]     Exception Caches                  0 us
[14.314s][info][gc,stats    ] Concurrent Strong Roots             141 us, parallelism: 0.28x
[14.314s][info][gc,stats    ]   CSR: <total>                       40 us
[14.314s][info][gc,stats    ]   CSR: VM Strong Roots                5 us, workers (us):   4,   0,   0, ---, ---, ---, 
[14.314s][info][gc,stats    ]   CSR: CLDG Roots                    35 us, workers (us):  35, ---, ---, ---, ---, ---, 
[14.314s][info][gc,stats    ] Concurrent Evacuation             12845 us
[14.314s][info][gc,stats    ] Pause Init Update Refs (G)          310 us
[14.314s][info][gc,stats    ] Pause Init Update Refs (N)           33 us
[14.314s][info][gc,stats    ]   Manage GCLABs                       3 us
[14.314s][info][gc,stats    ] Concurrent Update Refs             2527 us
[14.314s][info][gc,stats    ] Concurrent Update Thread Roots      325 us
[14.314s][info][gc,stats    ] Pause Final Update Refs (G)         495 us
[14.314s][info][gc,stats    ] Pause Final Update Refs (N)         241 us
[14.314s][info][gc,stats    ]   Update Region States              179 us
[14.314s][info][gc,stats    ]   Trash Collection Set                8 us
[14.314s][info][gc,stats    ]   Rebuild Free Set                   19 us
[14.314s][info][gc,stats    ] Concurrent Cleanup                   73 us
[14.314s][info][gc,stats    ] 
[14.314s][info][gc,stats    ] Allocation pacing accrued:
[14.314s][info][gc,stats    ]       0 of    54 ms (  0.0%): <total>
[14.314s][info][gc,stats    ]       0 of    54 ms (  0.0%): <average total>
[14.314s][info][gc,stats    ] 
[14.314s][info][gc,metaspace] Metaspace: 6358K(6528K)->6358K(6528K) NonClass: 5812K(5888K)->5812K(5888K) Class: 546K(640K)->546K(640K)
[14.314s][info][gc,ergo     ] Pacer for Idle. Initial: 20971K, Alloc Tax Rate: 1.0x
[14.341s][info][gc          ] Trigger: Average GC time (26.94 ms) is above the time for average allocation rate (4549 MB/s) to deplete free headroom (121M) (margin of error = 1.81)
[14.341s][info][gc,ergo     ] Free headroom: 172M (free) - 52428K (spike) - 0B (penalties) = 121M
[14.341s][info][gc,ergo     ] Free: 172M, Max: 512K regular, 130M humongous, Frag: 24% external, 23% internal; Reserve: 52736K, Max: 512K
[14.341s][info][gc,start    ] GC(148) Concurrent reset
[14.341s][info][gc,task     ] GC(148) Using 3 of 6 workers for concurrent reset
[14.341s][info][gc,ergo     ] GC(148) Pacer for Reset. Non-Taxable: 1024M
[14.344s][info][gc          ] GC(148) Concurrent reset 2.315ms
[14.344s][info][gc,start    ] GC(148) Pause Init Mark (unload classes)
[14.344s][info][gc,task     ] GC(148) Using 6 of 6 workers for init marking
[14.344s][info][gc,ergo     ] GC(148) Pacer for Mark. Expected Live: 196M, Free: 157M, Non-Taxable: 16091K, Alloc Tax Rate: 1.5x
[14.344s][info][gc          ] GC(148) Pause Init Mark (unload classes) 0.125ms
[14.344s][info][gc,start    ] GC(148) Concurrent marking roots
[14.344s][info][gc,task     ] GC(148) Using 3 of 6 workers for concurrent marking roots
[14.345s][info][gc          ] GC(148) Concurrent marking roots 0.280ms
[14.345s][info][gc,start    ] GC(148) Concurrent marking (unload classes)
[14.345s][info][gc,task     ] GC(148) Using 3 of 6 workers for concurrent marking
[14.346s][info][gc          ] GC(148) Concurrent marking (unload classes) 1.949ms
[14.347s][info][gc,start    ] GC(148) Pause Final Mark (unload classes)
[14.347s][info][gc,task     ] GC(148) Using 6 of 6 workers for final marking
[14.347s][info][gc,ergo     ] GC(148) Adaptive CSet Selection. Target Free: 145M, Actual Free: 536M, Max CSet: 43690K, Min Garbage: 0B
[14.347s][info][gc,ergo     ] GC(148) Collectable Garbage: 509M (84%), Immediate: 345M (57%), CSet: 164M (27%)
[14.347s][info][gc,ergo     ] GC(148) Pacer for Evacuation. Used CSet: 207M, Free: 498M, Non-Taxable: 51055K, Alloc Tax Rate: 1.1x
[14.347s][info][gc          ] GC(148) Pause Final Mark (unload classes) 0.532ms
[14.347s][info][gc,start    ] GC(148) Concurrent thread roots
[14.347s][info][gc,task     ] GC(148) Using 3 of 6 workers for Concurrent thread roots
[14.347s][info][gc          ] GC(148) Concurrent thread roots 0.144ms
[14.347s][info][gc,start    ] GC(148) Concurrent weak references
[14.347s][info][gc,task     ] GC(148) Using 3 of 6 workers for concurrent weak references
[14.347s][info][gc,ref      ] GC(148) Encountered references: Soft: 47, Weak: 146, Final: 0, Phantom: 3
[14.347s][info][gc,ref      ] GC(148) Discovered  references: Soft: 0, Weak: 48, Final: 0, Phantom: 2
[14.347s][info][gc,ref      ] GC(148) Enqueued    references: Soft: 0, Weak: 0, Final: 0, Phantom: 0
[14.347s][info][gc          ] GC(148) Concurrent weak references 0.112ms
[14.347s][info][gc,start    ] GC(148) Concurrent weak roots
[14.347s][info][gc,task     ] GC(148) Using 3 of 6 workers for concurrent weak root
[14.348s][info][gc          ] GC(148) Concurrent weak roots 0.203ms
[14.348s][info][gc,start    ] GC(148) Concurrent cleanup
[14.348s][info][gc          ] GC(148) Concurrent cleanup 814M->469M(1024M) 0.065ms
[14.348s][info][gc,ergo     ] GC(148) Free: 498M, Max: 512K regular, 160M humongous, Frag: 68% external, 33% internal; Reserve: 52716K, Max: 512K
[14.348s][info][gc,start    ] GC(148) Concurrent class unloading
[14.348s][info][gc,task     ] GC(148) Using 3 of 6 workers for concurrent class unloading
[14.348s][info][gc          ] GC(148) Concurrent class unloading 0.368ms
[14.348s][info][gc,start    ] GC(148) Concurrent strong roots
[14.348s][info][gc,task     ] GC(148) Using 3 of 6 workers for concurrent strong root
[14.348s][info][gc          ] GC(148) Concurrent strong roots 0.080ms
[14.348s][info][gc,start    ] GC(148) Concurrent evacuation
[14.348s][info][gc,task     ] GC(148) Using 3 of 6 workers for concurrent evacuation
[14.356s][info][gc          ] GC(148) Concurrent evacuation 7.545ms
[14.356s][info][gc,start    ] GC(148) Pause Init Update Refs
[14.356s][info][gc,ergo     ] GC(148) Pacer for Update Refs. Used: 520M, Free: 492M, Non-Taxable: 50410K, Alloc Tax Rate: 1.3x
[14.356s][info][gc          ] GC(148) Pause Init Update Refs 0.025ms
[14.356s][info][gc,start    ] GC(148) Concurrent update references
[14.356s][info][gc,task     ] GC(148) Using 3 of 6 workers for concurrent reference update
[14.359s][info][gc          ] GC(148) Concurrent update references 2.840ms
[14.359s][info][gc,start    ] GC(148) Concurrent update thread roots
[14.359s][info][gc          ] GC(148) Concurrent update thread roots 0.319ms
[14.360s][info][gc,start    ] GC(148) Pause Final Update Refs
[14.360s][info][gc,task     ] GC(148) Using 6 of 6 workers for final reference update
[14.360s][info][gc          ] GC(148) Pause Final Update Refs 0.164ms
[14.360s][info][gc,start    ] GC(148) Concurrent cleanup
[14.360s][info][gc          ] GC(148) Concurrent cleanup 544M->339M(1024M) 0.069ms
[14.360s][info][gc,ergo     ] Free: 632M, Max: 512K regular, 143M humongous, Frag: 78% external, 30% internal; Reserve: 52736K, Max: 512K
[14.360s][info][gc,stats    ] 
[14.360s][info][gc,stats    ] All times are wall-clock times, except per-root-class counters, that are sum over
[14.360s][info][gc,stats    ] all workers. Dividing the <total> over the root stage time estimates parallelism.
[14.360s][info][gc,stats    ] 
[14.360s][info][gc,stats    ] Concurrent Reset                   2386 us
[14.360s][info][gc,stats    ] Pause Init Mark (G)                 444 us
[14.360s][info][gc,stats    ] Pause Init Mark (N)                 130 us
[14.360s][info][gc,stats    ]   Update Region States               86 us
[14.360s][info][gc,stats    ] Concurrent Mark Roots               293 us, parallelism: 0.75x
[14.360s][info][gc,stats    ]   CMR: <total>                      222 us
[14.360s][info][gc,stats    ]   CMR: Thread Roots                 160 us, workers (us):  50,  51,  59, ---, ---, ---, 
[14.360s][info][gc,stats    ]   CMR: VM Strong Roots                6 us, workers (us):   5,   0,   0, ---, ---, ---, 
[14.360s][info][gc,stats    ]   CMR: CLDG Roots                    56 us, workers (us):  56, ---, ---, ---, ---, ---, 
[14.360s][info][gc,stats    ] Concurrent Marking                 1969 us
[14.360s][info][gc,stats    ] Pause Final Mark (G)                671 us
[14.360s][info][gc,stats    ] Pause Final Mark (N)                536 us
[14.360s][info][gc,stats    ]   Finish Mark                       258 us
[14.360s][info][gc,stats    ]   Update Region States              157 us
[14.360s][info][gc,stats    ]   Choose Collection Set              74 us
[14.360s][info][gc,stats    ]   Rebuild Free Set                   17 us
[14.360s][info][gc,stats    ] Concurrent Thread Roots             153 us, parallelism: 0.64x
[14.360s][info][gc,stats    ]   CTR: <total>                       98 us
[14.360s][info][gc,stats    ]   CTR: Thread Roots                  98 us, workers (us):  44,  55,   0, ---, ---, ---, 
[14.360s][info][gc,stats    ] Concurrent Weak References          116 us, parallelism: 0.03x
[14.360s][info][gc,stats    ]   CWRF: <total>                       4 us
[14.360s][info][gc,stats    ]   CWRF: Weak References               4 us, workers (us):   4,   0,   0, ---, ---, ---, 
[14.360s][info][gc,stats    ] Concurrent Weak Roots               211 us
[14.360s][info][gc,stats    ]   Roots                             144 us, parallelism: 1.06x
[14.360s][info][gc,stats    ]     CWR: <total>                    153 us
[14.360s][info][gc,stats    ]     CWR: Code Cache Roots           131 us, workers (us):  56,  75,   0, ---, ---, ---, 
[14.360s][info][gc,stats    ]     CWR: VM Weak Roots               18 us, workers (us):  15,   3,   1, ---, ---, ---, 
[14.360s][info][gc,stats    ]     CWR: CLDG Roots                   3 us, workers (us):   3, ---, ---, ---, ---, ---, 
[14.360s][info][gc,stats    ]   Rendezvous                         51 us
[14.360s][info][gc,stats    ] Concurrent Cleanup                   69 us
[14.360s][info][gc,stats    ] Concurrent Class Unloading          377 us
[14.360s][info][gc,stats    ]   Unlink Stale                      209 us
[14.360s][info][gc,stats    ]     System Dictionary                 3 us
[14.360s][info][gc,stats    ]     Weak Class Links                  0 us
[14.360s][info][gc,stats    ]     Code Roots                      205 us
[14.360s][info][gc,stats    ]   Rendezvous                        101 us
[14.360s][info][gc,stats    ]   Purge Unlinked                     51 us
[14.360s][info][gc,stats    ]     Code Roots                       37 us
[14.360s][info][gc,stats    ]     CLDG                             13 us
[14.360s][info][gc,stats    ]     Exception Caches                  0 us
[14.360s][info][gc,stats    ] Concurrent Strong Roots              89 us, parallelism: 0.23x
[14.360s][info][gc,stats    ]   CSR: <total>                       20 us
[14.360s][info][gc,stats    ]   CSR: VM Strong Roots                3 us, workers (us):   3,   0,   0, ---, ---, ---, 
[14.360s][info][gc,stats    ]   CSR: CLDG Roots                    17 us, workers (us):  17, ---, ---, ---, ---, ---, 
[14.360s][info][gc,stats    ] Concurrent Evacuation              7612 us
[14.360s][info][gc,stats    ] Pause Init Update Refs (G)          300 us
[14.360s][info][gc,stats    ] Pause Init Update Refs (N)           29 us
[14.360s][info][gc,stats    ]   Manage GCLABs                       3 us
[14.360s][info][gc,stats    ] Concurrent Update Refs             2919 us
[14.360s][info][gc,stats    ] Concurrent Update Thread Roots      344 us
[14.360s][info][gc,stats    ] Pause Final Update Refs (G)         433 us
[14.360s][info][gc,stats    ] Pause Final Update Refs (N)         174 us
[14.360s][info][gc,stats    ]   Update Region States              107 us
[14.360s][info][gc,stats    ]   Trash Collection Set               12 us
[14.360s][info][gc,stats    ]   Rebuild Free Set                   22 us
[14.360s][info][gc,stats    ] Concurrent Cleanup                   75 us
[14.360s][info][gc,stats    ] Pacing                             9218 us
[14.360s][info][gc,stats    ] 
[14.360s][info][gc,stats    ] Allocation pacing accrued:
[14.360s][info][gc,stats    ]       9 of    46 ms ( 20.1%): main
[14.360s][info][gc,stats    ]       9 of    46 ms ( 20.1%): <total>
[14.360s][info][gc,stats    ]       1 of    46 ms (  1.8%): <average total>
[14.360s][info][gc,stats    ]       9 of    46 ms ( 20.1%): <average non-zero>
[14.360s][info][gc,stats    ] 
[14.360s][info][gc,metaspace] Metaspace: 6358K(6528K)->6358K(6528K) NonClass: 5812K(5888K)->5812K(5888K) Class: 546K(640K)->546K(640K)
[14.360s][info][gc,ergo     ] Pacer for Idle. Initial: 20971K, Alloc Tax Rate: 1.0x
[14.410s][info][gc          ] Trigger: Average GC time (25.76 ms) is above the time for average allocation rate (4548 MB/s) to deplete free headroom (114M) (margin of error = 1.80)
[14.410s][info][gc,ergo     ] Free headroom: 165M (free) - 52428K (spike) - 0B (penalties) = 114M
[14.410s][info][gc,ergo     ] Free: 165M, Max: 512K regular, 143M humongous, Frag: 14% external, 1% internal; Reserve: 52736K, Max: 512K
[14.411s][info][gc,start    ] GC(149) Concurrent reset
[14.411s][info][gc,task     ] GC(149) Using 3 of 6 workers for concurrent reset
[14.411s][info][gc,ergo     ] GC(149) Pacer for Reset. Non-Taxable: 1024M
[14.413s][info][gc          ] GC(149) Concurrent reset 2.849ms
[14.414s][info][gc,start    ] GC(149) Pause Init Mark (unload classes)
[14.414s][info][gc,task     ] GC(149) Using 6 of 6 workers for init marking
[14.414s][info][gc,ergo     ] GC(149) Pacer for Mark. Expected Live: 196M, Free: 153M, Non-Taxable: 15767K, Alloc Tax Rate: 1.6x
[14.414s][info][gc          ] GC(149) Pause Init Mark (unload classes) 0.203ms
[14.414s][info][gc,start    ] GC(149) Concurrent marking roots
[14.414s][info][gc,task     ] GC(149) Using 3 of 6 workers for concurrent marking roots
[14.414s][info][gc          ] GC(149) Concurrent marking roots 0.299ms
[14.414s][info][gc,start    ] GC(149) Concurrent marking (unload classes)
[14.414s][info][gc,task     ] GC(149) Using 3 of 6 workers for concurrent marking
[14.416s][info][gc          ] GC(149) Concurrent marking (unload classes) 2.164ms
[14.417s][info][gc,start    ] GC(149) Pause Final Mark (unload classes)
[14.417s][info][gc,task     ] GC(149) Using 6 of 6 workers for final marking
[14.417s][info][gc,ergo     ] GC(149) Adaptive CSet Selection. Target Free: 145M, Actual Free: 538M, Max CSet: 43690K, Min Garbage: 0B
[14.417s][info][gc,ergo     ] GC(149) Collectable Garbage: 515M (85%), Immediate: 356M (58%), CSet: 158M (26%)
[14.417s][info][gc,ergo     ] GC(149) Pacer for Evacuation. Used CSet: 201M, Free: 500M, Non-Taxable: 51268K, Alloc Tax Rate: 1.1x
[14.417s][info][gc          ] GC(149) Pause Final Mark (unload classes) 0.554ms
[14.417s][info][gc,start    ] GC(149) Concurrent thread roots
[14.417s][info][gc,task     ] GC(149) Using 3 of 6 workers for Concurrent thread roots
[14.417s][info][gc          ] GC(149) Concurrent thread roots 0.181ms
[14.418s][info][gc,start    ] GC(149) Concurrent weak references
[14.418s][info][gc,task     ] GC(149) Using 3 of 6 workers for concurrent weak references
[14.418s][info][gc,ref      ] GC(149) Encountered references: Soft: 47, Weak: 146, Final: 0, Phantom: 3
[14.418s][info][gc,ref      ] GC(149) Discovered  references: Soft: 0, Weak: 47, Final: 0, Phantom: 2
[14.418s][info][gc,ref      ] GC(149) Enqueued    references: Soft: 0, Weak: 0, Final: 0, Phantom: 0
[14.418s][info][gc          ] GC(149) Concurrent weak references 0.088ms
[14.418s][info][gc,start    ] GC(149) Concurrent weak roots
[14.418s][info][gc,task     ] GC(149) Using 3 of 6 workers for concurrent weak root
[14.418s][info][gc          ] GC(149) Concurrent weak roots 0.392ms
[14.418s][info][gc,start    ] GC(149) Concurrent cleanup
[14.418s][info][gc          ] GC(149) Concurrent cleanup 828M->472M(1024M) 0.087ms
[14.418s][info][gc,ergo     ] GC(149) Free: 489M, Max: 512K regular, 156M humongous, Frag: 68% external, 0% internal; Reserve: 52722K, Max: 512K
[14.418s][info][gc,start    ] GC(149) Concurrent class unloading
[14.418s][info][gc,task     ] GC(149) Using 3 of 6 workers for concurrent class unloading
[14.419s][info][gc          ] GC(149) Concurrent class unloading 0.786ms
[14.419s][info][gc,start    ] GC(149) Concurrent strong roots
[14.419s][info][gc,task     ] GC(149) Using 3 of 6 workers for concurrent strong root
[14.419s][info][gc          ] GC(149) Concurrent strong roots 0.313ms
[14.419s][info][gc,start    ] GC(149) Concurrent evacuation
[14.419s][info][gc,task     ] GC(149) Using 3 of 6 workers for concurrent evacuation
[14.432s][info][gc          ] GC(149) Concurrent evacuation 13.030ms
[14.433s][info][gc,start    ] GC(149) Pause Init Update Refs
[14.433s][info][gc,ergo     ] GC(149) Pacer for Update Refs. Used: 570M, Free: 434M, Non-Taxable: 44530K, Alloc Tax Rate: 1.6x
[14.433s][info][gc          ] GC(149) Pause Init Update Refs 0.029ms
[14.433s][info][gc,start    ] GC(149) Concurrent update references
[14.433s][info][gc,task     ] GC(149) Using 3 of 6 workers for concurrent reference update
[14.436s][info][gc          ] GC(149) Concurrent update references 2.889ms
[14.436s][info][gc,start    ] GC(149) Concurrent update thread roots
[14.436s][info][gc          ] GC(149) Concurrent update thread roots 0.465ms
[14.436s][info][gc,start    ] GC(149) Pause Final Update Refs
[14.436s][info][gc,task     ] GC(149) Using 6 of 6 workers for final reference update
[14.437s][info][gc          ] GC(149) Pause Final Update Refs 0.180ms
[14.437s][info][gc,start    ] GC(149) Concurrent cleanup
[14.437s][info][gc          ] GC(149) Concurrent cleanup 596M->397M(1024M) 0.073ms
[14.437s][info][gc,ergo     ] Free: 574M, Max: 512K regular, 126M humongous, Frag: 78% external, 36% internal; Reserve: 52736K, Max: 512K
[14.437s][info][gc,stats    ] 
[14.437s][info][gc,stats    ] All times are wall-clock times, except per-root-class counters, that are sum over
[14.437s][info][gc,stats    ] all workers. Dividing the <total> over the root stage time estimates parallelism.
[14.437s][info][gc,stats    ] 
[14.437s][info][gc,stats    ] Concurrent Reset                   2925 us
[14.437s][info][gc,stats    ] Pause Init Mark (G)                 538 us
[14.437s][info][gc,stats    ] Pause Init Mark (N)                 208 us
[14.437s][info][gc,stats    ]   Update Region States              156 us
[14.437s][info][gc,stats    ] Concurrent Mark Roots               313 us, parallelism: 0.73x
[14.437s][info][gc,stats    ]   CMR: <total>                      229 us
[14.437s][info][gc,stats    ]   CMR: Thread Roots                 160 us, workers (us):  48,  53,  59, ---, ---, ---, 
[14.437s][info][gc,stats    ]   CMR: VM Strong Roots                7 us, workers (us):   7,   0,   0, ---, ---, ---, 
[14.437s][info][gc,stats    ]   CMR: CLDG Roots                    61 us, workers (us):  61, ---, ---, ---, ---, ---, 
[14.437s][info][gc,stats    ] Concurrent Marking                 2233 us
[14.437s][info][gc,stats    ] Pause Final Mark (G)                779 us
[14.437s][info][gc,stats    ] Pause Final Mark (N)                559 us
[14.437s][info][gc,stats    ]   Finish Mark                       296 us
[14.437s][info][gc,stats    ]   Update Region States              104 us
[14.437s][info][gc,stats    ]   Choose Collection Set              98 us
[14.437s][info][gc,stats    ]   Rebuild Free Set                   17 us
[14.437s][info][gc,stats    ] Concurrent Thread Roots             195 us, parallelism: 0.76x
[14.437s][info][gc,stats    ]   CTR: <total>                      148 us
[14.437s][info][gc,stats    ]   CTR: Thread Roots                 148 us, workers (us):  65,  77,   5, ---, ---, ---, 
[14.437s][info][gc,stats    ] Concurrent Weak References           92 us, parallelism: 0.11x
[14.437s][info][gc,stats    ]   CWRF: <total>                      10 us
[14.437s][info][gc,stats    ]   CWRF: Weak References              10 us, workers (us):  10,   0,   0, ---, ---, ---, 
[14.437s][info][gc,stats    ] Concurrent Weak Roots               406 us
[14.437s][info][gc,stats    ]   Roots                             268 us, parallelism: 1.40x
[14.437s][info][gc,stats    ]     CWR: <total>                    375 us
[14.437s][info][gc,stats    ]     CWR: Code Cache Roots           313 us, workers (us):   0, 137, 176, ---, ---, ---, 
[14.437s][info][gc,stats    ]     CWR: VM Weak Roots               50 us, workers (us):  28,  21,   1, ---, ---, ---, 
[14.437s][info][gc,stats    ]     CWR: CLDG Roots                  12 us, workers (us):  12, ---, ---, ---, ---, ---, 
[14.437s][info][gc,stats    ]   Rendezvous                        115 us
[14.437s][info][gc,stats    ] Concurrent Cleanup                   92 us
[14.437s][info][gc,stats    ] Concurrent Class Unloading          834 us
[14.437s][info][gc,stats    ]   Unlink Stale                      504 us
[14.437s][info][gc,stats    ]     System Dictionary                 7 us
[14.437s][info][gc,stats    ]     Weak Class Links                  1 us
[14.437s][info][gc,stats    ]     Code Roots                      495 us
[14.437s][info][gc,stats    ]   Rendezvous                        103 us
[14.437s][info][gc,stats    ]   Purge Unlinked                    166 us
[14.437s][info][gc,stats    ]     Code Roots                      146 us
[14.437s][info][gc,stats    ]     CLDG                             20 us
[14.437s][info][gc,stats    ]     Exception Caches                  0 us
[14.437s][info][gc,stats    ] Concurrent Strong Roots             327 us, parallelism: 0.25x
[14.437s][info][gc,stats    ]   CSR: <total>                       83 us
[14.437s][info][gc,stats    ]   CSR: VM Strong Roots                8 us, workers (us):   7,   0,   0, ---, ---, ---, 
[14.437s][info][gc,stats    ]   CSR: CLDG Roots                    76 us, workers (us):  76, ---, ---, ---, ---, ---, 
[14.437s][info][gc,stats    ] Concurrent Evacuation             13134 us
[14.437s][info][gc,stats    ] Pause Init Update Refs (G)          395 us
[14.437s][info][gc,stats    ] Pause Init Update Refs (N)           33 us
[14.437s][info][gc,stats    ]   Manage GCLABs                       4 us
[14.437s][info][gc,stats    ] Concurrent Update Refs             2983 us
[14.437s][info][gc,stats    ] Concurrent Update Thread Roots      489 us
[14.437s][info][gc,stats    ] Pause Final Update Refs (G)         438 us
[14.437s][info][gc,stats    ] Pause Final Update Refs (N)         190 us
[14.437s][info][gc,stats    ]   Update Region States              118 us
[14.437s][info][gc,stats    ]   Trash Collection Set               14 us
[14.437s][info][gc,stats    ]   Rebuild Free Set                   24 us
[14.437s][info][gc,stats    ] Concurrent Cleanup                   79 us
[14.437s][info][gc,stats    ] Pacing                              288 us
[14.437s][info][gc,stats    ] 
[14.437s][info][gc,stats    ] Allocation pacing accrued:
[14.437s][info][gc,stats    ]       0 of    77 ms (  0.4%): main
[14.437s][info][gc,stats    ]       0 of    77 ms (  0.4%): <total>
[14.437s][info][gc,stats    ]       0 of    77 ms (  0.0%): <average total>
[14.437s][info][gc,stats    ]       0 of    77 ms (  0.4%): <average non-zero>
[14.437s][info][gc,stats    ] 
[14.437s][info][gc,metaspace] Metaspace: 6358K(6528K)->6358K(6528K) NonClass: 5812K(5888K)->5812K(5888K) Class: 546K(640K)->546K(640K)
[14.437s][info][gc,ergo     ] Pacer for Idle. Initial: 20971K, Alloc Tax Rate: 1.0x
[14.467s][info][gc          ] Trigger: Average GC time (29.64 ms) is above the time for average allocation rate (4548 MB/s) to deplete free headroom (125M) (margin of error = 1.81)
[14.467s][info][gc,ergo     ] Free headroom: 177M (free) - 52428K (spike) - 0B (penalties) = 125M
[14.467s][info][gc,ergo     ] Free: 176M, Max: 512K regular, 126M humongous, Frag: 28% external, 29% internal; Reserve: 52736K, Max: 512K
[14.467s][info][gc,start    ] GC(150) Concurrent reset
[14.467s][info][gc,task     ] GC(150) Using 3 of 6 workers for concurrent reset
[14.467s][info][gc,ergo     ] GC(150) Pacer for Reset. Non-Taxable: 1024M
[14.469s][info][gc          ] GC(150) Concurrent reset 2.115ms
[14.470s][info][gc,start    ] GC(150) Pause Init Mark (unload classes)
[14.470s][info][gc,task     ] GC(150) Using 6 of 6 workers for init marking
[14.470s][info][gc,ergo     ] GC(150) Pacer for Mark. Expected Live: 196M, Free: 165M, Non-Taxable: 16975K, Alloc Tax Rate: 1.4x
[14.470s][info][gc          ] GC(150) Pause Init Mark (unload classes) 0.138ms
[14.470s][info][gc,start    ] GC(150) Concurrent marking roots
[14.470s][info][gc,task     ] GC(150) Using 3 of 6 workers for concurrent marking roots
[14.471s][info][gc          ] GC(150) Concurrent marking roots 0.340ms
[14.471s][info][gc,start    ] GC(150) Concurrent marking (unload classes)
[14.471s][info][gc,task     ] GC(150) Using 3 of 6 workers for concurrent marking
[14.473s][info][gc          ] GC(150) Concurrent marking (unload classes) 2.717ms
[14.474s][info][gc,start    ] GC(150) Pause Final Mark (unload classes)
[14.474s][info][gc,task     ] GC(150) Using 6 of 6 workers for final marking
[14.474s][info][gc,ergo     ] GC(150) Adaptive CSet Selection. Target Free: 145M, Actual Free: 537M, Max CSet: 43690K, Min Garbage: 0B
[14.474s][info][gc,ergo     ] GC(150) Collectable Garbage: 504M (84%), Immediate: 344M (57%), CSet: 160M (26%)
[14.474s][info][gc,ergo     ] GC(150) Pacer for Evacuation. Used CSet: 203M, Free: 499M, Non-Taxable: 51134K, Alloc Tax Rate: 1.1x
[14.474s][info][gc          ] GC(150) Pause Final Mark (unload classes) 0.648ms
[14.474s][info][gc,start    ] GC(150) Concurrent thread roots
[14.474s][info][gc,task     ] GC(150) Using 3 of 6 workers for Concurrent thread roots
[14.475s][info][gc          ] GC(150) Concurrent thread roots 0.229ms
[14.475s][info][gc,start    ] GC(150) Concurrent weak references
[14.475s][info][gc,task     ] GC(150) Using 3 of 6 workers for concurrent weak references
[14.475s][info][gc,ref      ] GC(150) Encountered references: Soft: 47, Weak: 146, Final: 0, Phantom: 3
[14.475s][info][gc,ref      ] GC(150) Discovered  references: Soft: 0, Weak: 48, Final: 0, Phantom: 2
[14.475s][info][gc,ref      ] GC(150) Enqueued    references: Soft: 0, Weak: 0, Final: 0, Phantom: 0
[14.475s][info][gc          ] GC(150) Concurrent weak references 0.138ms
[14.475s][info][gc,start    ] GC(150) Concurrent weak roots
[14.475s][info][gc,task     ] GC(150) Using 3 of 6 workers for concurrent weak root
[14.475s][info][gc          ] GC(150) Concurrent weak roots 0.371ms
[14.475s][info][gc,start    ] GC(150) Concurrent cleanup
[14.475s][info][gc          ] GC(150) Concurrent cleanup 818M->476M(1024M) 0.121ms
[14.475s][info][gc,ergo     ] GC(150) Free: 485M, Max: 512K regular, 158M humongous, Frag: 68% external, 0% internal; Reserve: 52722K, Max: 512K
[14.475s][info][gc,start    ] GC(150) Concurrent class unloading
[14.475s][info][gc,task     ] GC(150) Using 3 of 6 workers for concurrent class unloading
[14.476s][info][gc          ] GC(150) Concurrent class unloading 1.105ms
[14.476s][info][gc,start    ] GC(150) Concurrent strong roots
[14.476s][info][gc,task     ] GC(150) Using 3 of 6 workers for concurrent strong root
[14.477s][info][gc          ] GC(150) Concurrent strong roots 0.247ms
[14.477s][info][gc,start    ] GC(150) Concurrent evacuation
[14.477s][info][gc,task     ] GC(150) Using 3 of 6 workers for concurrent evacuation
[14.491s][info][gc          ] GC(150) Concurrent evacuation 14.169ms
[14.491s][info][gc,start    ] GC(150) Pause Init Update Refs
[14.491s][info][gc,ergo     ] GC(150) Pacer for Update Refs. Used: 580M, Free: 424M, Non-Taxable: 43440K, Alloc Tax Rate: 1.7x
[14.491s][info][gc          ] GC(150) Pause Init Update Refs 0.031ms
[14.491s][info][gc,start    ] GC(150) Concurrent update references
[14.491s][info][gc,task     ] GC(150) Using 3 of 6 workers for concurrent reference update
[14.494s][info][gc          ] GC(150) Concurrent update references 2.990ms
[14.494s][info][gc,start    ] GC(150) Concurrent update thread roots
[14.495s][info][gc          ] GC(150) Concurrent update thread roots 0.442ms
[14.495s][info][gc,start    ] GC(150) Pause Final Update Refs
[14.495s][info][gc,task     ] GC(150) Using 6 of 6 workers for final reference update
[14.495s][info][gc          ] GC(150) Pause Final Update Refs 0.202ms
[14.495s][info][gc,start    ] GC(150) Concurrent cleanup
[14.495s][info][gc          ] GC(150) Concurrent cleanup 605M->404M(1024M) 0.071ms
[14.495s][info][gc,ergo     ] Free: 568M, Max: 512K regular, 132M humongous, Frag: 77% external, 37% internal; Reserve: 52736K, Max: 512K
[14.495s][info][gc,stats    ] 
[14.495s][info][gc,stats    ] All times are wall-clock times, except per-root-class counters, that are sum over
[14.495s][info][gc,stats    ] all workers. Dividing the <total> over the root stage time estimates parallelism.
[14.495s][info][gc,stats    ] 
[14.496s][info][gc,stats    ] Concurrent Reset                   2281 us
[14.496s][info][gc,stats    ] Pause Init Mark (G)                 542 us
[14.496s][info][gc,stats    ] Pause Init Mark (N)                 144 us
[14.496s][info][gc,stats    ]   Update Region States               91 us
[14.496s][info][gc,stats    ] Concurrent Mark Roots               353 us, parallelism: 0.88x
[14.496s][info][gc,stats    ]   CMR: <total>                      309 us
[14.496s][info][gc,stats    ]   CMR: Thread Roots                 225 us, workers (us):  56,  91,  79, ---, ---, ---, 
[14.496s][info][gc,stats    ]   CMR: VM Strong Roots               13 us, workers (us):   7,   6,   0, ---, ---, ---, 
[14.496s][info][gc,stats    ]   CMR: CLDG Roots                    70 us, workers (us):  70, ---, ---, ---, ---, ---, 
[14.496s][info][gc,stats    ] Concurrent Marking                 2793 us
[14.496s][info][gc,stats    ] Pause Final Mark (G)                973 us
[14.496s][info][gc,stats    ] Pause Final Mark (N)                652 us
[14.496s][info][gc,stats    ]   Finish Mark                       271 us
[14.496s][info][gc,stats    ]   Update Region States              197 us
[14.496s][info][gc,stats    ]   Choose Collection Set             128 us
[14.496s][info][gc,stats    ]   Rebuild Free Set                   19 us
[14.496s][info][gc,stats    ] Concurrent Thread Roots             246 us, parallelism: 0.64x
[14.496s][info][gc,stats    ]   CTR: <total>                      157 us
[14.496s][info][gc,stats    ]   CTR: Thread Roots                 157 us, workers (us):  59,  47,  51, ---, ---, ---, 
[14.496s][info][gc,stats    ] Concurrent Weak References          141 us, parallelism: 0.10x
[14.496s][info][gc,stats    ]   CWRF: <total>                      15 us
[14.496s][info][gc,stats    ]   CWRF: Weak References              15 us, workers (us):  13,   2,   0, ---, ---, ---, 
[14.496s][info][gc,stats    ] Concurrent Weak Roots               383 us
[14.496s][info][gc,stats    ]   Roots                             249 us, parallelism: 1.35x
[14.496s][info][gc,stats    ]     CWR: <total>                    335 us
[14.496s][info][gc,stats    ]     CWR: Code Cache Roots           268 us, workers (us):   0, 130, 137, ---, ---, ---, 
[14.496s][info][gc,stats    ]     CWR: VM Weak Roots               51 us, workers (us):  32,  18,   1, ---, ---, ---, 
[14.496s][info][gc,stats    ]     CWR: CLDG Roots                  16 us, workers (us):  16, ---, ---, ---, ---, ---, 
[14.496s][info][gc,stats    ]   Rendezvous                        114 us
[14.496s][info][gc,stats    ] Concurrent Cleanup                  130 us
[14.496s][info][gc,stats    ] Concurrent Class Unloading         1180 us
[14.496s][info][gc,stats    ]   Unlink Stale                      629 us
[14.496s][info][gc,stats    ]     System Dictionary                 9 us
[14.496s][info][gc,stats    ]     Weak Class Links                  1 us
[14.496s][info][gc,stats    ]     Code Roots                      618 us
[14.496s][info][gc,stats    ]   Rendezvous                        168 us
[14.496s][info][gc,stats    ]   Purge Unlinked                    293 us
[14.496s][info][gc,stats    ]     Code Roots                      259 us
[14.496s][info][gc,stats    ]     CLDG                             32 us
[14.496s][info][gc,stats    ]     Exception Caches                  1 us
[14.496s][info][gc,stats    ] Concurrent Strong Roots             271 us, parallelism: 0.36x
[14.496s][info][gc,stats    ]   CSR: <total>                       97 us
[14.496s][info][gc,stats    ]   CSR: VM Strong Roots               10 us, workers (us):   9,   1,   0, ---, ---, ---, 
[14.496s][info][gc,stats    ]   CSR: CLDG Roots                    88 us, workers (us):  88, ---, ---, ---, ---, ---, 
[14.496s][info][gc,stats    ] Concurrent Evacuation             14251 us
[14.496s][info][gc,stats    ] Pause Init Update Refs (G)          378 us
[14.496s][info][gc,stats    ] Pause Init Update Refs (N)           35 us
[14.496s][info][gc,stats    ]   Manage GCLABs                       4 us
[14.496s][info][gc,stats    ] Concurrent Update Refs             3075 us
[14.496s][info][gc,stats    ] Concurrent Update Thread Roots      464 us
[14.496s][info][gc,stats    ] Pause Final Update Refs (G)         457 us
[14.496s][info][gc,stats    ] Pause Final Update Refs (N)         212 us
[14.496s][info][gc,stats    ]   Update Region States              138 us
[14.496s][info][gc,stats    ]   Trash Collection Set               14 us
[14.496s][info][gc,stats    ]   Rebuild Free Set                   25 us
[14.496s][info][gc,stats    ] Concurrent Cleanup                   78 us
[14.496s][info][gc,stats    ] 
[14.496s][info][gc,stats    ] Allocation pacing accrued:
[14.496s][info][gc,stats    ]       0 of    59 ms (  0.0%): <total>
[14.496s][info][gc,stats    ]       0 of    59 ms (  0.0%): <average total>
[14.496s][info][gc,stats    ] 
[14.496s][info][gc,metaspace] Metaspace: 6358K(6528K)->6358K(6528K) NonClass: 5812K(5888K)->5812K(5888K) Class: 546K(640K)->546K(640K)
[14.496s][info][gc,ergo     ] Pacer for Idle. Initial: 20971K, Alloc Tax Rate: 1.0x
[14.533s][info][gc          ] Trigger: Average GC time (31.76 ms) is above the time for average allocation rate (4549 MB/s) to deplete free headroom (137M) (margin of error = 1.82)
[14.533s][info][gc,ergo     ] Free headroom: 188M (free) - 52428K (spike) - 0B (penalties) = 137M
[14.533s][info][gc,ergo     ] Free: 187M, Max: 512K regular, 132M humongous, Frag: 30% external, 9% internal; Reserve: 52736K, Max: 512K
[14.533s][info][gc,start    ] GC(151) Concurrent reset
[14.533s][info][gc,task     ] GC(151) Using 3 of 6 workers for concurrent reset
[14.533s][info][gc,ergo     ] GC(151) Pacer for Reset. Non-Taxable: 1024M
[14.537s][info][gc          ] GC(151) Concurrent reset 3.656ms
[14.537s][info][gc,start    ] GC(151) Pause Init Mark (unload classes)
[14.537s][info][gc,task     ] GC(151) Using 6 of 6 workers for init marking
[14.538s][info][gc,ergo     ] GC(151) Pacer for Mark. Expected Live: 196M, Free: 177M, Non-Taxable: 18219K, Alloc Tax Rate: 1.3x
[14.538s][info][gc          ] GC(151) Pause Init Mark (unload classes) 0.148ms
[14.538s][info][gc,start    ] GC(151) Concurrent marking roots
[14.538s][info][gc,task     ] GC(151) Using 3 of 6 workers for concurrent marking roots
[14.538s][info][gc          ] GC(151) Concurrent marking roots 0.309ms
[14.538s][info][gc,start    ] GC(151) Concurrent marking (unload classes)
[14.538s][info][gc,task     ] GC(151) Using 3 of 6 workers for concurrent marking
[14.541s][info][gc          ] GC(151) Concurrent marking (unload classes) 2.698ms
[14.541s][info][gc,start    ] GC(151) Pause Final Mark (unload classes)
[14.541s][info][gc,task     ] GC(151) Using 6 of 6 workers for final marking
[14.541s][info][gc,ergo     ] GC(151) Adaptive CSet Selection. Target Free: 145M, Actual Free: 537M, Max CSet: 43690K, Min Garbage: 0B
[14.541s][info][gc,ergo     ] GC(151) Collectable Garbage: 489M (84%), Immediate: 330M (56%), CSet: 159M (27%)
[14.541s][info][gc,ergo     ] GC(151) Pacer for Evacuation. Used CSet: 201M, Free: 499M, Non-Taxable: 51171K, Alloc Tax Rate: 1.1x
[14.541s][info][gc          ] GC(151) Pause Final Mark (unload classes) 0.537ms
[14.542s][info][gc,start    ] GC(151) Concurrent thread roots
[14.542s][info][gc,task     ] GC(151) Using 3 of 6 workers for Concurrent thread roots
[14.542s][info][gc          ] GC(151) Concurrent thread roots 0.221ms
[14.542s][info][gc,start    ] GC(151) Concurrent weak references
[14.542s][info][gc,task     ] GC(151) Using 3 of 6 workers for concurrent weak references
[14.542s][info][gc,ref      ] GC(151) Encountered references: Soft: 47, Weak: 146, Final: 0, Phantom: 3
[14.542s][info][gc,ref      ] GC(151) Discovered  references: Soft: 0, Weak: 53, Final: 0, Phantom: 2
[14.542s][info][gc,ref      ] GC(151) Enqueued    references: Soft: 0, Weak: 0, Final: 0, Phantom: 0
[14.542s][info][gc          ] GC(151) Concurrent weak references 0.158ms
[14.542s][info][gc,start    ] GC(151) Concurrent weak roots
[14.542s][info][gc,task     ] GC(151) Using 3 of 6 workers for concurrent weak root
[14.542s][info][gc          ] GC(151) Concurrent weak roots 0.497ms
[14.542s][info][gc,start    ] GC(151) Concurrent cleanup
[14.543s][info][gc          ] GC(151) Concurrent cleanup 804M->476M(1024M) 0.138ms
[14.543s][info][gc,ergo     ] GC(151) Free: 485M, Max: 512K regular, 171M humongous, Frag: 65% external, 0% internal; Reserve: 52720K, Max: 512K
[14.543s][info][gc,start    ] GC(151) Concurrent class unloading
[14.543s][info][gc,task     ] GC(151) Using 3 of 6 workers for concurrent class unloading
[14.543s][info][gc          ] GC(151) Concurrent class unloading 0.823ms
[14.544s][info][gc,start    ] GC(151) Concurrent strong roots
[14.544s][info][gc,task     ] GC(151) Using 3 of 6 workers for concurrent strong root
[14.544s][info][gc          ] GC(151) Concurrent strong roots 0.130ms
[14.544s][info][gc,start    ] GC(151) Concurrent evacuation
[14.544s][info][gc,task     ] GC(151) Using 3 of 6 workers for concurrent evacuation
[14.558s][info][gc          ] GC(151) Concurrent evacuation 13.843ms
[14.558s][info][gc,start    ] GC(151) Pause Init Update Refs
[14.558s][info][gc,ergo     ] GC(151) Pacer for Update Refs. Used: 575M, Free: 429M, Non-Taxable: 44030K, Alloc Tax Rate: 1.6x
[14.558s][info][gc          ] GC(151) Pause Init Update Refs 0.036ms
[14.558s][info][gc,start    ] GC(151) Concurrent update references
[14.558s][info][gc,task     ] GC(151) Using 3 of 6 workers for concurrent reference update
[14.561s][info][gc          ] GC(151) Concurrent update references 2.955ms
[14.561s][info][gc,start    ] GC(151) Concurrent update thread roots
[14.562s][info][gc          ] GC(151) Concurrent update thread roots 0.468ms
[14.562s][info][gc,start    ] GC(151) Pause Final Update Refs
[14.562s][info][gc,task     ] GC(151) Using 6 of 6 workers for final reference update
[14.562s][info][gc          ] GC(151) Pause Final Update Refs 0.242ms
[14.562s][info][gc,start    ] GC(151) Concurrent cleanup
[14.562s][info][gc          ] GC(151) Concurrent cleanup 600M->400M(1024M) 0.079ms
[14.562s][info][gc,ergo     ] Free: 572M, Max: 512K regular, 150M humongous, Frag: 74% external, 37% internal; Reserve: 52736K, Max: 512K
[14.562s][info][gc,stats    ] 
[14.562s][info][gc,stats    ] All times are wall-clock times, except per-root-class counters, that are sum over
[14.562s][info][gc,stats    ] all workers. Dividing the <total> over the root stage time estimates parallelism.
[14.562s][info][gc,stats    ] 
[14.562s][info][gc,stats    ] Concurrent Reset                   3743 us
[14.562s][info][gc,stats    ] Pause Init Mark (G)                 451 us
[14.562s][info][gc,stats    ] Pause Init Mark (N)                 155 us
[14.562s][info][gc,stats    ]   Update Region States               98 us
[14.562s][info][gc,stats    ] Concurrent Mark Roots               322 us, parallelism: 0.79x
[14.562s][info][gc,stats    ]   CMR: <total>                      253 us
[14.562s][info][gc,stats    ]   CMR: Thread Roots                 182 us, workers (us):  56,  60,  65, ---, ---, ---, 
[14.562s][info][gc,stats    ]   CMR: VM Strong Roots                9 us, workers (us):   8,   0,   0, ---, ---, ---, 
[14.562s][info][gc,stats    ]   CMR: CLDG Roots                    62 us, workers (us):  62, ---, ---, ---, ---, ---, 
[14.562s][info][gc,stats    ] Concurrent Marking                 2827 us
[14.562s][info][gc,stats    ] Pause Final Mark (G)                788 us
[14.562s][info][gc,stats    ] Pause Final Mark (N)                542 us
[14.562s][info][gc,stats    ]   Finish Mark                       266 us
[14.562s][info][gc,stats    ]   Update Region States              142 us
[14.562s][info][gc,stats    ]   Choose Collection Set              77 us
[14.562s][info][gc,stats    ]   Rebuild Free Set                   17 us
[14.562s][info][gc,stats    ] Concurrent Thread Roots             234 us, parallelism: 0.69x
[14.562s][info][gc,stats    ]   CTR: <total>                      161 us
[14.562s][info][gc,stats    ]   CTR: Thread Roots                 161 us, workers (us):  63,  47,  51, ---, ---, ---, 
[14.562s][info][gc,stats    ] Concurrent Weak References          182 us, parallelism: 0.07x
[14.562s][info][gc,stats    ]   CWRF: <total>                      13 us
[14.562s][info][gc,stats    ]   CWRF: Weak References              13 us, workers (us):  11,   1,   0, ---, ---, ---, 
[14.562s][info][gc,stats    ] Concurrent Weak Roots               514 us
[14.562s][info][gc,stats    ]   Roots                             308 us, parallelism: 1.37x
[14.562s][info][gc,stats    ]     CWR: <total>                    423 us
[14.562s][info][gc,stats    ]     CWR: Code Cache Roots           308 us, workers (us):   1, 132, 176, ---, ---, ---, 
[14.562s][info][gc,stats    ]     CWR: VM Weak Roots               91 us, workers (us):  36,  28,  27, ---, ---, ---, 
[14.562s][info][gc,stats    ]     CWR: CLDG Roots                  24 us, workers (us):  24, ---, ---, ---, ---, ---, 
[14.562s][info][gc,stats    ]   Rendezvous                        180 us
[14.562s][info][gc,stats    ] Concurrent Cleanup                  144 us
[14.562s][info][gc,stats    ] Concurrent Class Unloading          864 us
[14.562s][info][gc,stats    ]   Unlink Stale                      574 us
[14.562s][info][gc,stats    ]     System Dictionary                11 us
[14.562s][info][gc,stats    ]     Weak Class Links                  0 us
[14.562s][info][gc,stats    ]     Code Roots                      562 us
[14.562s][info][gc,stats    ]   Rendezvous                         87 us
[14.562s][info][gc,stats    ]   Purge Unlinked                    150 us
[14.562s][info][gc,stats    ]     Code Roots                      126 us
[14.562s][info][gc,stats    ]     CLDG                             23 us
[14.562s][info][gc,stats    ]     Exception Caches                  0 us
[14.562s][info][gc,stats    ] Concurrent Strong Roots             144 us, parallelism: 0.30x
[14.562s][info][gc,stats    ]   CSR: <total>                       43 us
[14.562s][info][gc,stats    ]   CSR: VM Strong Roots                4 us, workers (us):   4,   0,   0, ---, ---, ---, 
[14.562s][info][gc,stats    ]   CSR: CLDG Roots                    38 us, workers (us):  38, ---, ---, ---, ---, ---, 
[14.562s][info][gc,stats    ] Concurrent Evacuation             13958 us
[14.562s][info][gc,stats    ] Pause Init Update Refs (G)          448 us
[14.562s][info][gc,stats    ] Pause Init Update Refs (N)           42 us
[14.562s][info][gc,stats    ]   Manage GCLABs                       7 us
[14.562s][info][gc,stats    ] Concurrent Update Refs             3047 us
[14.562s][info][gc,stats    ] Concurrent Update Thread Roots      494 us
[14.562s][info][gc,stats    ] Pause Final Update Refs (G)         518 us
[14.562s][info][gc,stats    ] Pause Final Update Refs (N)         253 us
[14.562s][info][gc,stats    ]   Update Region States              162 us
[14.562s][info][gc,stats    ]   Trash Collection Set               14 us
[14.562s][info][gc,stats    ]   Rebuild Free Set                   34 us
[14.562s][info][gc,stats    ] Concurrent Cleanup                   86 us
[14.562s][info][gc,stats    ] 
[14.562s][info][gc,stats    ] Allocation pacing accrued:
[14.563s][info][gc,stats    ]       0 of    67 ms (  0.0%): <total>
[14.563s][info][gc,stats    ]       0 of    67 ms (  0.0%): <average total>
[14.563s][info][gc,stats    ] 
[14.563s][info][gc,metaspace] Metaspace: 6358K(6528K)->6358K(6528K) NonClass: 5812K(5888K)->5812K(5888K) Class: 546K(640K)->546K(640K)
[14.563s][info][gc,ergo     ] Pacer for Idle. Initial: 20971K, Alloc Tax Rate: 1.0x
[14.600s][info][gc          ] Trigger: Average GC time (32.37 ms) is above the time for average allocation rate (4550 MB/s) to deplete free headroom (140M) (margin of error = 1.83)
[14.600s][info][gc,ergo     ] Free headroom: 191M (free) - 52428K (spike) - 0B (penalties) = 140M
[14.600s][info][gc,ergo     ] Free: 191M, Max: 512K regular, 150M humongous, Frag: 21% external, 23% internal; Reserve: 52736K, Max: 512K
[14.600s][info][gc,start    ] GC(152) Concurrent reset
[14.600s][info][gc,task     ] GC(152) Using 3 of 6 workers for concurrent reset
[14.600s][info][gc,ergo     ] GC(152) Pacer for Reset. Non-Taxable: 1024M
[14.602s][info][gc          ] GC(152) Concurrent reset 2.520ms
[14.603s][info][gc,start    ] GC(152) Pause Init Mark (unload classes)
[14.603s][info][gc,task     ] GC(152) Using 6 of 6 workers for init marking
[14.603s][info][gc,ergo     ] GC(152) Pacer for Mark. Expected Live: 196M, Free: 179M, Non-Taxable: 18364K, Alloc Tax Rate: 1.3x
[14.603s][info][gc          ] GC(152) Pause Init Mark (unload classes) 0.235ms
[14.603s][info][gc,start    ] GC(152) Concurrent marking roots
[14.603s][info][gc,task     ] GC(152) Using 3 of 6 workers for concurrent marking roots
[14.603s][info][gc          ] GC(152) Concurrent marking roots 0.321ms
[14.603s][info][gc,start    ] GC(152) Concurrent marking (unload classes)
[14.603s][info][gc,task     ] GC(152) Using 3 of 6 workers for concurrent marking
[14.606s][info][gc          ] GC(152) Concurrent marking (unload classes) 2.591ms
[14.606s][info][gc,start    ] GC(152) Pause Final Mark (unload classes)
[14.606s][info][gc,task     ] GC(152) Using 6 of 6 workers for final marking
[14.607s][info][gc,ergo     ] GC(152) Adaptive CSet Selection. Target Free: 145M, Actual Free: 531M, Max CSet: 43690K, Min Garbage: 0B
[14.607s][info][gc,ergo     ] GC(152) Collectable Garbage: 490M (84%), Immediate: 329M (56%), CSet: 161M (27%)
[14.607s][info][gc,ergo     ] GC(152) Pacer for Evacuation. Used CSet: 203M, Free: 494M, Non-Taxable: 50602K, Alloc Tax Rate: 1.1x
[14.607s][info][gc          ] GC(152) Pause Final Mark (unload classes) 0.611ms
[14.607s][info][gc,start    ] GC(152) Concurrent thread roots
[14.607s][info][gc,task     ] GC(152) Using 3 of 6 workers for Concurrent thread roots
[14.607s][info][gc          ] GC(152) Concurrent thread roots 0.189ms
[14.607s][info][gc,start    ] GC(152) Concurrent weak references
[14.607s][info][gc,task     ] GC(152) Using 3 of 6 workers for concurrent weak references
[14.607s][info][gc,ref      ] GC(152) Encountered references: Soft: 47, Weak: 146, Final: 0, Phantom: 3
[14.607s][info][gc,ref      ] GC(152) Discovered  references: Soft: 0, Weak: 50, Final: 0, Phantom: 2
[14.607s][info][gc,ref      ] GC(152) Enqueued    references: Soft: 0, Weak: 0, Final: 0, Phantom: 0
[14.607s][info][gc          ] GC(152) Concurrent weak references 0.155ms
[14.607s][info][gc,start    ] GC(152) Concurrent weak roots
[14.607s][info][gc,task     ] GC(152) Using 3 of 6 workers for concurrent weak root
[14.608s][info][gc          ] GC(152) Concurrent weak roots 0.556ms
[14.608s][info][gc,start    ] GC(152) Concurrent cleanup
[14.608s][info][gc          ] GC(152) Concurrent cleanup 808M->480M(1024M) 0.122ms
[14.608s][info][gc,ergo     ] GC(152) Free: 481M, Max: 512K regular, 175M humongous, Frag: 64% external, 0% internal; Reserve: 52722K, Max: 512K
[14.608s][info][gc,start    ] GC(152) Concurrent class unloading
[14.608s][info][gc,task     ] GC(152) Using 3 of 6 workers for concurrent class unloading
[14.609s][info][gc          ] GC(152) Concurrent class unloading 0.857ms
[14.609s][info][gc,start    ] GC(152) Concurrent strong roots
[14.609s][info][gc,task     ] GC(152) Using 3 of 6 workers for concurrent strong root
[14.609s][info][gc          ] GC(152) Concurrent strong roots 0.170ms
[14.609s][info][gc,start    ] GC(152) Concurrent evacuation
[14.609s][info][gc,task     ] GC(152) Using 3 of 6 workers for concurrent evacuation
[14.622s][info][gc          ] GC(152) Concurrent evacuation 13.434ms
[14.623s][info][gc,start    ] GC(152) Pause Init Update Refs
[14.623s][info][gc,ergo     ] GC(152) Pacer for Update Refs. Used: 581M, Free: 424M, Non-Taxable: 43424K, Alloc Tax Rate: 1.7x
[14.623s][info][gc          ] GC(152) Pause Init Update Refs 0.030ms
[14.623s][info][gc,start    ] GC(152) Concurrent update references
[14.623s][info][gc,task     ] GC(152) Using 3 of 6 workers for concurrent reference update
[14.626s][info][gc          ] GC(152) Concurrent update references 2.999ms
[14.626s][info][gc,start    ] GC(152) Concurrent update thread roots
[14.626s][info][gc          ] GC(152) Concurrent update thread roots 0.431ms
[14.627s][info][gc,start    ] GC(152) Pause Final Update Refs
[14.627s][info][gc,task     ] GC(152) Using 6 of 6 workers for final reference update
[14.627s][info][gc          ] GC(152) Pause Final Update Refs 0.270ms
[14.627s][info][gc,start    ] GC(152) Concurrent cleanup
[14.627s][info][gc          ] GC(152) Concurrent cleanup 605M->402M(1024M) 0.080ms
[14.627s][info][gc,ergo     ] Free: 569M, Max: 512K regular, 146M humongous, Frag: 74% external, 37% internal; Reserve: 52736K, Max: 512K
[14.627s][info][gc,stats    ] 
[14.627s][info][gc,stats    ] All times are wall-clock times, except per-root-class counters, that are sum over
[14.627s][info][gc,stats    ] all workers. Dividing the <total> over the root stage time estimates parallelism.
[14.627s][info][gc,stats    ] 
[14.627s][info][gc,stats    ] Concurrent Reset                   2612 us
[14.627s][info][gc,stats    ] Pause Init Mark (G)                 565 us
[14.627s][info][gc,stats    ] Pause Init Mark (N)                 240 us
[14.627s][info][gc,stats    ]   Update Region States              186 us
[14.627s][info][gc,stats    ] Concurrent Mark Roots               336 us, parallelism: 0.79x
[14.627s][info][gc,stats    ]   CMR: <total>                      267 us
[14.627s][info][gc,stats    ]   CMR: Thread Roots                 188 us, workers (us):  10, 109,  69, ---, ---, ---, 
[14.627s][info][gc,stats    ]   CMR: VM Strong Roots                9 us, workers (us):   9,   0,   0, ---, ---, ---, 
[14.627s][info][gc,stats    ]   CMR: CLDG Roots                    69 us, workers (us):  69, ---, ---, ---, ---, ---, 
[14.627s][info][gc,stats    ] Concurrent Marking                 2661 us
[14.627s][info][gc,stats    ] Pause Final Mark (G)                845 us
[14.627s][info][gc,stats    ] Pause Final Mark (N)                615 us
[14.627s][info][gc,stats    ]   Finish Mark                       319 us
[14.627s][info][gc,stats    ]   Update Region States              158 us
[14.627s][info][gc,stats    ]   Choose Collection Set              83 us
[14.627s][info][gc,stats    ]   Rebuild Free Set                   18 us
[14.627s][info][gc,stats    ] Concurrent Thread Roots             199 us, parallelism: 0.85x
[14.627s][info][gc,stats    ]   CTR: <total>                      169 us
[14.627s][info][gc,stats    ]   CTR: Thread Roots                 169 us, workers (us):  55,  60,  54, ---, ---, ---, 
[14.627s][info][gc,stats    ] Concurrent Weak References          158 us, parallelism: 0.13x
[14.627s][info][gc,stats    ]   CWRF: <total>                      21 us
[14.627s][info][gc,stats    ]   CWRF: Weak References              21 us, workers (us):   5,  17,   0, ---, ---, ---, 
[14.627s][info][gc,stats    ] Concurrent Weak Roots               575 us
[14.627s][info][gc,stats    ]   Roots                             437 us, parallelism: 1.33x
[14.627s][info][gc,stats    ]     CWR: <total>                    581 us
[14.627s][info][gc,stats    ]     CWR: Code Cache Roots           518 us, workers (us):   0, 236, 282, ---, ---, ---, 
[14.627s][info][gc,stats    ]     CWR: VM Weak Roots               53 us, workers (us):  34,  18,   1, ---, ---, ---, 
[14.627s][info][gc,stats    ]     CWR: CLDG Roots                  11 us, workers (us):  11, ---, ---, ---, ---, ---, 
[14.627s][info][gc,stats    ]   Rendezvous                        111 us
[14.627s][info][gc,stats    ] Concurrent Cleanup                  127 us
[14.627s][info][gc,stats    ] Concurrent Class Unloading          916 us
[14.627s][info][gc,stats    ]   Unlink Stale                      573 us
[14.627s][info][gc,stats    ]     System Dictionary                 8 us
[14.627s][info][gc,stats    ]     Weak Class Links                  1 us
[14.627s][info][gc,stats    ]     Code Roots                      563 us
[14.627s][info][gc,stats    ]   Rendezvous                         84 us
[14.627s][info][gc,stats    ]   Purge Unlinked                    186 us
[14.627s][info][gc,stats    ]     Code Roots                      160 us
[14.627s][info][gc,stats    ]     CLDG                             26 us
[14.627s][info][gc,stats    ]     Exception Caches                  0 us
[14.627s][info][gc,stats    ] Concurrent Strong Roots             181 us, parallelism: 0.31x
[14.627s][info][gc,stats    ]   CSR: <total>                       56 us
[14.627s][info][gc,stats    ]   CSR: VM Strong Roots                7 us, workers (us):   6,   0,   0, ---, ---, ---, 
[14.627s][info][gc,stats    ]   CSR: CLDG Roots                    49 us, workers (us):  49, ---, ---, ---, ---, ---, 
[14.627s][info][gc,stats    ] Concurrent Evacuation             13511 us
[14.627s][info][gc,stats    ] Pause Init Update Refs (G)          354 us
[14.627s][info][gc,stats    ] Pause Init Update Refs (N)           34 us
[14.627s][info][gc,stats    ]   Manage GCLABs                       5 us
[14.627s][info][gc,stats    ] Concurrent Update Refs             3079 us
[14.627s][info][gc,stats    ] Concurrent Update Thread Roots      457 us
[14.627s][info][gc,stats    ] Pause Final Update Refs (G)         561 us
[14.627s][info][gc,stats    ] Pause Final Update Refs (N)         285 us
[14.627s][info][gc,stats    ]   Update Region States              205 us
[14.627s][info][gc,stats    ]   Trash Collection Set               10 us
[14.627s][info][gc,stats    ]   Rebuild Free Set                   29 us
[14.627s][info][gc,stats    ] Concurrent Cleanup                   87 us
[14.627s][info][gc,stats    ] 
[14.627s][info][gc,stats    ] Allocation pacing accrued:
[14.627s][info][gc,stats    ]       0 of    65 ms (  0.0%): <total>
[14.627s][info][gc,stats    ]       0 of    65 ms (  0.0%): <average total>
[14.627s][info][gc,stats    ] 
[14.627s][info][gc,metaspace] Metaspace: 6358K(6528K)->6358K(6528K) NonClass: 5812K(5888K)->5812K(5888K) Class: 546K(640K)->546K(640K)
[14.627s][info][gc,ergo     ] Pacer for Idle. Initial: 20971K, Alloc Tax Rate: 1.0x
[14.664s][info][gc          ] Trigger: Average GC time (30.89 ms) is above the time for average allocation rate (4550 MB/s) to deplete free headroom (138M) (margin of error = 1.83)
[14.664s][info][gc,ergo     ] Free headroom: 189M (free) - 52428K (spike) - 0B (penalties) = 138M
[14.664s][info][gc,ergo     ] Free: 188M, Max: 512K regular, 146M humongous, Frag: 23% external, 10% internal; Reserve: 52736K, Max: 512K
[14.664s][info][gc,start    ] GC(153) Concurrent reset
[14.664s][info][gc,task     ] GC(153) Using 3 of 6 workers for concurrent reset
[14.664s][info][gc,ergo     ] GC(153) Pacer for Reset. Non-Taxable: 1024M
[14.666s][info][gc          ] GC(153) Concurrent reset 2.536ms
[14.667s][info][gc,start    ] GC(153) Pause Init Mark (unload classes)
[14.667s][info][gc,task     ] GC(153) Using 6 of 6 workers for init marking
[14.667s][info][gc,ergo     ] GC(153) Pacer for Mark. Expected Live: 196M, Free: 178M, Non-Taxable: 18228K, Alloc Tax Rate: 1.3x
[14.667s][info][gc          ] GC(153) Pause Init Mark (unload classes) 0.219ms
[14.667s][info][gc,start    ] GC(153) Concurrent marking roots
[14.667s][info][gc,task     ] GC(153) Using 3 of 6 workers for concurrent marking roots
[14.667s][info][gc          ] GC(153) Concurrent marking roots 0.308ms
[14.667s][info][gc,start    ] GC(153) Concurrent marking (unload classes)
[14.667s][info][gc,task     ] GC(153) Using 3 of 6 workers for concurrent marking
[14.670s][info][gc          ] GC(153) Concurrent marking (unload classes) 2.654ms
[14.670s][info][gc,start    ] GC(153) Pause Final Mark (unload classes)
[14.670s][info][gc,task     ] GC(153) Using 6 of 6 workers for final marking
[14.670s][info][gc,ergo     ] GC(153) Adaptive CSet Selection. Target Free: 145M, Actual Free: 546M, Max CSet: 43690K, Min Garbage: 0B
[14.670s][info][gc,ergo     ] GC(153) Collectable Garbage: 491M (84%), Immediate: 335M (57%), CSet: 155M (26%)
[14.671s][info][gc,ergo     ] GC(153) Pacer for Evacuation. Used CSet: 198M, Free: 508M, Non-Taxable: 52064K, Alloc Tax Rate: 1.1x
[14.671s][info][gc          ] GC(153) Pause Final Mark (unload classes) 0.478ms
[14.671s][info][gc,start    ] GC(153) Concurrent thread roots
[14.671s][info][gc,task     ] GC(153) Using 3 of 6 workers for Concurrent thread roots
[14.671s][info][gc          ] GC(153) Concurrent thread roots 0.207ms
[14.671s][info][gc,start    ] GC(153) Concurrent weak references
[14.671s][info][gc,task     ] GC(153) Using 3 of 6 workers for concurrent weak references
[14.671s][info][gc,ref      ] GC(153) Encountered references: Soft: 47, Weak: 146, Final: 0, Phantom: 3
[14.671s][info][gc,ref      ] GC(153) Discovered  references: Soft: 0, Weak: 48, Final: 0, Phantom: 2
[14.671s][info][gc,ref      ] GC(153) Enqueued    references: Soft: 0, Weak: 0, Final: 0, Phantom: 0
[14.671s][info][gc          ] GC(153) Concurrent weak references 0.157ms
[14.671s][info][gc,start    ] GC(153) Concurrent weak roots
[14.671s][info][gc,task     ] GC(153) Using 3 of 6 workers for concurrent weak root
[14.671s][info][gc          ] GC(153) Concurrent weak roots 0.299ms
[14.671s][info][gc,start    ] GC(153) Concurrent cleanup
[14.671s][info][gc          ] GC(153) Concurrent cleanup 795M->460M(1024M) 0.058ms
[14.671s][info][gc,ergo     ] GC(153) Free: 508M, Max: 512K regular, 170M humongous, Frag: 67% external, 33% internal; Reserve: 52718K, Max: 512K
[14.671s][info][gc,start    ] GC(153) Concurrent class unloading
[14.671s][info][gc,task     ] GC(153) Using 3 of 6 workers for concurrent class unloading
[14.672s][info][gc          ] GC(153) Concurrent class unloading 0.481ms
[14.672s][info][gc,start    ] GC(153) Concurrent strong roots
[14.672s][info][gc,task     ] GC(153) Using 3 of 6 workers for concurrent strong root
[14.672s][info][gc          ] GC(153) Concurrent strong roots 0.099ms
[14.672s][info][gc,start    ] GC(153) Concurrent evacuation
[14.672s][info][gc,task     ] GC(153) Using 3 of 6 workers for concurrent evacuation
[14.687s][info][gc          ] GC(153) Concurrent evacuation 14.565ms
[14.687s][info][gc,start    ] GC(153) Pause Init Update Refs
[14.687s][info][gc,ergo     ] GC(153) Pacer for Update Refs. Used: 559M, Free: 451M, Non-Taxable: 46281K, Alloc Tax Rate: 1.5x
[14.687s][info][gc          ] GC(153) Pause Init Update Refs 0.031ms
[14.687s][info][gc,start    ] GC(153) Concurrent update references
[14.687s][info][gc,task     ] GC(153) Using 3 of 6 workers for concurrent reference update
[14.690s][info][gc          ] GC(153) Concurrent update references 2.877ms
[14.690s][info][gc,start    ] GC(153) Concurrent update thread roots
[14.691s][info][gc          ] GC(153) Concurrent update thread roots 0.912ms
[14.691s][info][gc,start    ] GC(153) Pause Final Update Refs
[14.691s][info][gc,task     ] GC(153) Using 6 of 6 workers for final reference update
[14.691s][info][gc          ] GC(153) Pause Final Update Refs 0.324ms
[14.692s][info][gc,start    ] GC(153) Concurrent cleanup
[14.692s][info][gc          ] GC(153) Concurrent cleanup 580M->383M(1024M) 0.116ms
[14.692s][info][gc,ergo     ] Free: 589M, Max: 512K regular, 164M humongous, Frag: 72% external, 35% internal; Reserve: 52736K, Max: 512K
[14.692s][info][gc,stats    ] 
[14.692s][info][gc,stats    ] All times are wall-clock times, except per-root-class counters, that are sum over
[14.692s][info][gc,stats    ] all workers. Dividing the <total> over the root stage time estimates parallelism.
[14.692s][info][gc,stats    ] 
[14.692s][info][gc,stats    ] Concurrent Reset                   2626 us
[14.692s][info][gc,stats    ] Pause Init Mark (G)                 544 us
[14.692s][info][gc,stats    ] Pause Init Mark (N)                 224 us
[14.692s][info][gc,stats    ]   Update Region States              177 us
[14.692s][info][gc,stats    ] Concurrent Mark Roots               322 us, parallelism: 0.81x
[14.692s][info][gc,stats    ]   CMR: <total>                      260 us
[14.692s][info][gc,stats    ]   CMR: Thread Roots                 179 us, workers (us):  49,  66,  65, ---, ---, ---, 
[14.692s][info][gc,stats    ]   CMR: VM Strong Roots                8 us, workers (us):   8,   0,   0, ---, ---, ---, 
[14.692s][info][gc,stats    ]   CMR: CLDG Roots                    72 us, workers (us):  72, ---, ---, ---, ---, ---, 
[14.692s][info][gc,stats    ] Concurrent Marking                 2685 us
[14.692s][info][gc,stats    ] Pause Final Mark (G)                614 us
[14.692s][info][gc,stats    ] Pause Final Mark (N)                483 us
[14.692s][info][gc,stats    ]   Finish Mark                       274 us
[14.692s][info][gc,stats    ]   Update Region States               81 us
[14.692s][info][gc,stats    ]   Choose Collection Set              78 us
[14.692s][info][gc,stats    ]   Rebuild Free Set                   17 us
[14.692s][info][gc,stats    ] Concurrent Thread Roots             218 us, parallelism: 0.48x
[14.692s][info][gc,stats    ]   CTR: <total>                      106 us
[14.692s][info][gc,stats    ]   CTR: Thread Roots                 106 us, workers (us):  67,  39,   0, ---, ---, ---, 
[14.692s][info][gc,stats    ] Concurrent Weak References          161 us, parallelism: 0.03x
[14.692s][info][gc,stats    ]   CWRF: <total>                       5 us
[14.692s][info][gc,stats    ]   CWRF: Weak References               5 us, workers (us):   5,   0,   0, ---, ---, ---, 
[14.692s][info][gc,stats    ] Concurrent Weak Roots               311 us
[14.692s][info][gc,stats    ]   Roots                             198 us, parallelism: 0.83x
[14.692s][info][gc,stats    ]     CWR: <total>                    166 us
[14.692s][info][gc,stats    ]     CWR: Code Cache Roots           143 us, workers (us):  82,  61,   0, ---, ---, ---, 
[14.692s][info][gc,stats    ]     CWR: VM Weak Roots               19 us, workers (us):  18,   1,   1, ---, ---, ---, 
[14.692s][info][gc,stats    ]     CWR: CLDG Roots                   3 us, workers (us):   3, ---, ---, ---, ---, ---, 
[14.692s][info][gc,stats    ]   Rendezvous                         92 us
[14.692s][info][gc,stats    ] Concurrent Cleanup                   63 us
[14.692s][info][gc,stats    ] Concurrent Class Unloading          500 us
[14.692s][info][gc,stats    ]   Unlink Stale                      327 us
[14.692s][info][gc,stats    ]     System Dictionary                 3 us
[14.692s][info][gc,stats    ]     Weak Class Links                  0 us
[14.692s][info][gc,stats    ]     Code Roots                      324 us
[14.692s][info][gc,stats    ]   Rendezvous                         53 us
[14.692s][info][gc,stats    ]   Purge Unlinked                     93 us
[14.692s][info][gc,stats    ]     Code Roots                       77 us
[14.692s][info][gc,stats    ]     CLDG                             15 us
[14.692s][info][gc,stats    ]     Exception Caches                  0 us
[14.692s][info][gc,stats    ] Concurrent Strong Roots             109 us, parallelism: 0.31x
[14.692s][info][gc,stats    ]   CSR: <total>                       34 us
[14.692s][info][gc,stats    ]   CSR: VM Strong Roots                4 us, workers (us):   4,   0,   0, ---, ---, ---, 
[14.692s][info][gc,stats    ]   CSR: CLDG Roots                    30 us, workers (us):  30, ---, ---, ---, ---, ---, 
[14.692s][info][gc,stats    ] Concurrent Evacuation             14643 us
[14.692s][info][gc,stats    ] Pause Init Update Refs (G)          332 us
[14.692s][info][gc,stats    ] Pause Init Update Refs (N)           36 us
[14.692s][info][gc,stats    ]   Manage GCLABs                       4 us
[14.692s][info][gc,stats    ] Concurrent Update Refs             2979 us
[14.692s][info][gc,stats    ] Concurrent Update Thread Roots      982 us
[14.692s][info][gc,stats    ] Pause Final Update Refs (G)         633 us
[14.692s][info][gc,stats    ] Pause Final Update Refs (N)         338 us
[14.692s][info][gc,stats    ]   Update Region States              192 us
[14.692s][info][gc,stats    ]   Trash Collection Set               23 us
[14.692s][info][gc,stats    ]   Rebuild Free Set                   68 us
[14.692s][info][gc,stats    ] Concurrent Cleanup                  126 us
[14.692s][info][gc,stats    ] Pacing                             2125 us
[14.692s][info][gc,stats    ] 
[14.692s][info][gc,stats    ] Allocation pacing accrued:
[14.692s][info][gc,stats    ]       2 of    65 ms (  3.3%): main
[14.692s][info][gc,stats    ]       2 of    65 ms (  3.3%): <total>
[14.692s][info][gc,stats    ]       0 of    65 ms (  0.3%): <average total>
[14.692s][info][gc,stats    ]       2 of    65 ms (  3.3%): <average non-zero>
[14.692s][info][gc,stats    ] 
[14.692s][info][gc,metaspace] Metaspace: 6358K(6528K)->6358K(6528K) NonClass: 5812K(5888K)->5812K(5888K) Class: 546K(640K)->546K(640K)
[14.692s][info][gc,ergo     ] Pacer for Idle. Initial: 20971K, Alloc Tax Rate: 1.0x
[14.721s][info][gc          ] Trigger: Average GC time (30.20 ms) is above the time for average allocation rate (4550 MB/s) to deplete free headroom (129M) (margin of error = 1.83)
[14.721s][info][gc,ergo     ] Free headroom: 180M (free) - 52428K (spike) - 0B (penalties) = 129M
[14.721s][info][gc,ergo     ] Free: 179M, Max: 512K regular, 164M humongous, Frag: 9% external, 11% internal; Reserve: 52736K, Max: 512K
[14.721s][info][gc,start    ] GC(154) Concurrent reset
[14.721s][info][gc,task     ] GC(154) Using 3 of 6 workers for concurrent reset
[14.721s][info][gc,ergo     ] GC(154) Pacer for Reset. Non-Taxable: 1024M
[14.724s][info][gc          ] GC(154) Concurrent reset 3.485ms
[14.725s][info][gc,start    ] GC(154) Pause Init Mark (unload classes)
[14.725s][info][gc,task     ] GC(154) Using 6 of 6 workers for init marking
[14.725s][info][gc,ergo     ] GC(154) Pacer for Mark. Expected Live: 196M, Free: 170M, Non-Taxable: 17426K, Alloc Tax Rate: 1.4x
[14.725s][info][gc          ] GC(154) Pause Init Mark (unload classes) 0.217ms
[14.725s][info][gc,start    ] GC(154) Concurrent marking roots
[14.725s][info][gc,task     ] GC(154) Using 3 of 6 workers for concurrent marking roots
[14.725s][info][gc          ] GC(154) Concurrent marking roots 0.315ms
[14.725s][info][gc,start    ] GC(154) Concurrent marking (unload classes)
[14.725s][info][gc,task     ] GC(154) Using 3 of 6 workers for concurrent marking
[14.728s][info][gc          ] GC(154) Concurrent marking (unload classes) 2.863ms
[14.728s][info][gc,start    ] GC(154) Pause Final Mark (unload classes)
[14.728s][info][gc,task     ] GC(154) Using 6 of 6 workers for final marking
[14.729s][info][gc,ergo     ] GC(154) Adaptive CSet Selection. Target Free: 145M, Actual Free: 543M, Max CSet: 43690K, Min Garbage: 0B
[14.729s][info][gc,ergo     ] GC(154) Collectable Garbage: 500M (84%), Immediate: 340M (57%), CSet: 160M (27%)
[14.729s][info][gc,ergo     ] GC(154) Pacer for Evacuation. Used CSet: 202M, Free: 505M, Non-Taxable: 51806K, Alloc Tax Rate: 1.1x
[14.729s][info][gc          ] GC(154) Pause Final Mark (unload classes) 0.567ms
[14.729s][info][gc,start    ] GC(154) Concurrent thread roots
[14.729s][info][gc,task     ] GC(154) Using 3 of 6 workers for Concurrent thread roots
[14.729s][info][gc          ] GC(154) Concurrent thread roots 0.248ms
[14.729s][info][gc,start    ] GC(154) Concurrent weak references
[14.729s][info][gc,task     ] GC(154) Using 3 of 6 workers for concurrent weak references
[14.729s][info][gc,ref      ] GC(154) Encountered references: Soft: 47, Weak: 146, Final: 0, Phantom: 3
[14.729s][info][gc,ref      ] GC(154) Discovered  references: Soft: 0, Weak: 45, Final: 0, Phantom: 2
[14.729s][info][gc,ref      ] GC(154) Enqueued    references: Soft: 0, Weak: 0, Final: 0, Phantom: 0
[14.729s][info][gc          ] GC(154) Concurrent weak references 0.238ms
[14.729s][info][gc,start    ] GC(154) Concurrent weak roots
[14.729s][info][gc,task     ] GC(154) Using 3 of 6 workers for concurrent weak root
[14.730s][info][gc          ] GC(154) Concurrent weak roots 0.533ms
[14.730s][info][gc,start    ] GC(154) Concurrent cleanup
[14.730s][info][gc          ] GC(154) Concurrent cleanup 802M->462M(1024M) 0.111ms
[14.730s][info][gc,ergo     ] GC(154) Free: 505M, Max: 512K regular, 182M humongous, Frag: 64% external, 33% internal; Reserve: 52716K, Max: 512K
[14.730s][info][gc,start    ] GC(154) Concurrent class unloading
[14.730s][info][gc,task     ] GC(154) Using 3 of 6 workers for concurrent class unloading
[14.731s][info][gc          ] GC(154) Concurrent class unloading 0.591ms
[14.731s][info][gc,start    ] GC(154) Concurrent strong roots
[14.731s][info][gc,task     ] GC(154) Using 3 of 6 workers for concurrent strong root
[14.731s][info][gc          ] GC(154) Concurrent strong roots 0.067ms
[14.731s][info][gc,start    ] GC(154) Concurrent evacuation
[14.731s][info][gc,task     ] GC(154) Using 3 of 6 workers for concurrent evacuation
[14.744s][info][gc          ] GC(154) Concurrent evacuation 13.314ms
[14.745s][info][gc,start    ] GC(154) Pause Init Update Refs
[14.745s][info][gc,ergo     ] GC(154) Pacer for Update Refs. Used: 540M, Free: 470M, Non-Taxable: 48204K, Alloc Tax Rate: 1.4x
[14.745s][info][gc          ] GC(154) Pause Init Update Refs 0.058ms
[14.745s][info][gc,start    ] GC(154) Concurrent update references
[14.745s][info][gc,task     ] GC(154) Using 3 of 6 workers for concurrent reference update
[14.748s][info][gc          ] GC(154) Concurrent update references 2.905ms
[14.748s][info][gc,start    ] GC(154) Concurrent update thread roots
[14.748s][info][gc          ] GC(154) Concurrent update thread roots 0.554ms
[14.749s][info][gc,start    ] GC(154) Pause Final Update Refs
[14.749s][info][gc,task     ] GC(154) Using 6 of 6 workers for final reference update
[14.749s][info][gc          ] GC(154) Pause Final Update Refs 0.301ms
[14.749s][info][gc,start    ] GC(154) Concurrent cleanup
[14.749s][info][gc          ] GC(154) Concurrent cleanup 565M->364M(1024M) 0.087ms
[14.749s][info][gc,ergo     ] Free: 607M, Max: 512K regular, 152M humongous, Frag: 75% external, 33% internal; Reserve: 52736K, Max: 512K
[14.749s][info][gc,stats    ] 
[14.749s][info][gc,stats    ] All times are wall-clock times, except per-root-class counters, that are sum over
[14.749s][info][gc,stats    ] all workers. Dividing the <total> over the root stage time estimates parallelism.
[14.749s][info][gc,stats    ] 
[14.749s][info][gc,stats    ] Concurrent Reset                   3661 us
[14.749s][info][gc,stats    ] Pause Init Mark (G)                 575 us
[14.749s][info][gc,stats    ] Pause Init Mark (N)                 222 us
[14.749s][info][gc,stats    ]   Update Region States              166 us
[14.749s][info][gc,stats    ] Concurrent Mark Roots               334 us, parallelism: 0.94x
[14.749s][info][gc,stats    ]   CMR: <total>                      315 us
[14.749s][info][gc,stats    ]   CMR: Thread Roots                 215 us, workers (us):   9, 147,  59, ---, ---, ---, 
[14.749s][info][gc,stats    ]   CMR: VM Strong Roots                8 us, workers (us):   8,   0,   0, ---, ---, ---, 
[14.749s][info][gc,stats    ]   CMR: CLDG Roots                    91 us, workers (us):  91, ---, ---, ---, ---, ---, 
[14.749s][info][gc,stats    ] Concurrent Marking                 2925 us
[14.749s][info][gc,stats    ] Pause Final Mark (G)                701 us
[14.749s][info][gc,stats    ] Pause Final Mark (N)                572 us
[14.749s][info][gc,stats    ]   Finish Mark                       312 us
[14.749s][info][gc,stats    ]   Update Region States               89 us
[14.749s][info][gc,stats    ]   Choose Collection Set             103 us
[14.749s][info][gc,stats    ]   Rebuild Free Set                   18 us
[14.749s][info][gc,stats    ] Concurrent Thread Roots             265 us, parallelism: 0.90x
[14.749s][info][gc,stats    ]   CTR: <total>                      238 us
[14.749s][info][gc,stats    ]   CTR: Thread Roots                 238 us, workers (us):  69, 104,  65, ---, ---, ---, 
[14.749s][info][gc,stats    ] Concurrent Weak References          242 us, parallelism: 0.14x
[14.749s][info][gc,stats    ]   CWRF: <total>                      35 us
[14.749s][info][gc,stats    ]   CWRF: Weak References              35 us, workers (us):  27,   4,   4, ---, ---, ---, 
[14.749s][info][gc,stats    ] Concurrent Weak Roots               547 us
[14.749s][info][gc,stats    ]   Roots                             416 us, parallelism: 1.38x
[14.749s][info][gc,stats    ]     CWR: <total>                    575 us
[14.749s][info][gc,stats    ]     CWR: Code Cache Roots           476 us, workers (us):   0, 220, 256, ---, ---, ---, 
[14.749s][info][gc,stats    ]     CWR: VM Weak Roots               81 us, workers (us):  70,  11,   1, ---, ---, ---, 
[14.749s][info][gc,stats    ]     CWR: CLDG Roots                  18 us, workers (us):  18, ---, ---, ---, ---, ---, 
[14.749s][info][gc,stats    ]   Rendezvous                        106 us
[14.749s][info][gc,stats    ] Concurrent Cleanup                  120 us
[14.749s][info][gc,stats    ] Concurrent Class Unloading          605 us
[14.749s][info][gc,stats    ]   Unlink Stale                      402 us
[14.749s][info][gc,stats    ]     System Dictionary                 8 us
[14.749s][info][gc,stats    ]     Weak Class Links                  0 us
[14.749s][info][gc,stats    ]     Code Roots                      393 us
[14.749s][info][gc,stats    ]   Rendezvous                        111 us
[14.749s][info][gc,stats    ]   Purge Unlinked                     66 us
[14.749s][info][gc,stats    ]     Code Roots                       50 us
[14.749s][info][gc,stats    ]     CLDG                             15 us
[14.749s][info][gc,stats    ]     Exception Caches                  0 us
[14.749s][info][gc,stats    ] Concurrent Strong Roots              75 us, parallelism: 0.24x
[14.749s][info][gc,stats    ]   CSR: <total>                       18 us
[14.749s][info][gc,stats    ]   CSR: VM Strong Roots                3 us, workers (us):   2,   0,   0, ---, ---, ---, 
[14.749s][info][gc,stats    ]   CSR: CLDG Roots                    15 us, workers (us):  15, ---, ---, ---, ---, ---, 
[14.749s][info][gc,stats    ] Concurrent Evacuation             13405 us
[14.749s][info][gc,stats    ] Pause Init Update Refs (G)          433 us
[14.749s][info][gc,stats    ] Pause Init Update Refs (N)           63 us
[14.749s][info][gc,stats    ]   Manage GCLABs                       5 us
[14.749s][info][gc,stats    ] Concurrent Update Refs             3024 us
[14.749s][info][gc,stats    ] Concurrent Update Thread Roots      577 us
[14.749s][info][gc,stats    ] Pause Final Update Refs (G)         645 us
[14.749s][info][gc,stats    ] Pause Final Update Refs (N)         315 us
[14.749s][info][gc,stats    ]   Update Region States              228 us
[14.749s][info][gc,stats    ]   Trash Collection Set               11 us
[14.749s][info][gc,stats    ]   Rebuild Free Set                   28 us
[14.749s][info][gc,stats    ] Concurrent Cleanup                   95 us
[14.749s][info][gc,stats    ] Pacing                             5725 us
[14.749s][info][gc,stats    ] 
[14.749s][info][gc,stats    ] Allocation pacing accrued:
[14.749s][info][gc,stats    ]       6 of    57 ms ( 10.0%): main
[14.749s][info][gc,stats    ]       6 of    57 ms ( 10.0%): <total>
[14.749s][info][gc,stats    ]       1 of    57 ms (  0.9%): <average total>
[14.749s][info][gc,stats    ]       6 of    57 ms ( 10.0%): <average non-zero>
[14.749s][info][gc,stats    ] 
[14.749s][info][gc,metaspace] Metaspace: 6358K(6528K)->6358K(6528K) NonClass: 5812K(5888K)->5812K(5888K) Class: 546K(640K)->546K(640K)
[14.749s][info][gc,ergo     ] Pacer for Idle. Initial: 20971K, Alloc Tax Rate: 1.0x
[14.789s][info][gc          ] Trigger: Average GC time (29.90 ms) is above the time for average allocation rate (4550 MB/s) to deplete free headroom (126M) (margin of error = 1.83)
[14.789s][info][gc,ergo     ] Free headroom: 177M (free) - 52428K (spike) - 0B (penalties) = 126M
[14.789s][info][gc,ergo     ] Free: 176M, Max: 512K regular, 152M humongous, Frag: 14% external, 14% internal; Reserve: 52736K, Max: 512K
[14.789s][info][gc,start    ] GC(155) Concurrent reset
[14.789s][info][gc,task     ] GC(155) Using 3 of 6 workers for concurrent reset
[14.789s][info][gc,ergo     ] GC(155) Pacer for Reset. Non-Taxable: 1024M
[14.792s][info][gc          ] GC(155) Concurrent reset 2.848ms
[14.792s][info][gc,start    ] GC(155) Pause Init Mark (unload classes)
[14.792s][info][gc,task     ] GC(155) Using 6 of 6 workers for init marking
[14.792s][info][gc,ergo     ] GC(155) Pacer for Mark. Expected Live: 196M, Free: 163M, Non-Taxable: 16769K, Alloc Tax Rate: 1.5x
[14.792s][info][gc          ] GC(155) Pause Init Mark (unload classes) 0.140ms
[14.792s][info][gc,start    ] GC(155) Concurrent marking roots
[14.792s][info][gc,task     ] GC(155) Using 3 of 6 workers for concurrent marking roots
[14.793s][info][gc          ] GC(155) Concurrent marking roots 0.311ms
[14.793s][info][gc,start    ] GC(155) Concurrent marking (unload classes)
[14.793s][info][gc,task     ] GC(155) Using 3 of 6 workers for concurrent marking
[14.795s][info][gc          ] GC(155) Concurrent marking (unload classes) 2.065ms
[14.795s][info][gc,start    ] GC(155) Pause Final Mark (unload classes)
[14.795s][info][gc,task     ] GC(155) Using 6 of 6 workers for final marking
[14.795s][info][gc,ergo     ] GC(155) Adaptive CSet Selection. Target Free: 145M, Actual Free: 544M, Max CSet: 43690K, Min Garbage: 0B
[14.796s][info][gc,ergo     ] GC(155) Collectable Garbage: 501M (84%), Immediate: 346M (58%), CSet: 155M (26%)
[14.796s][info][gc,ergo     ] GC(155) Pacer for Evacuation. Used CSet: 197M, Free: 506M, Non-Taxable: 51902K, Alloc Tax Rate: 1.1x
[14.796s][info][gc          ] GC(155) Pause Final Mark (unload classes) 0.615ms
[14.796s][info][gc,start    ] GC(155) Concurrent thread roots
[14.796s][info][gc,task     ] GC(155) Using 3 of 6 workers for Concurrent thread roots
[14.796s][info][gc          ] GC(155) Concurrent thread roots 0.170ms
[14.796s][info][gc,start    ] GC(155) Concurrent weak references
[14.796s][info][gc,task     ] GC(155) Using 3 of 6 workers for concurrent weak references
[14.796s][info][gc,ref      ] GC(155) Encountered references: Soft: 47, Weak: 146, Final: 0, Phantom: 3
[14.796s][info][gc,ref      ] GC(155) Discovered  references: Soft: 0, Weak: 48, Final: 0, Phantom: 2
[14.796s][info][gc,ref      ] GC(155) Enqueued    references: Soft: 0, Weak: 0, Final: 0, Phantom: 0
[14.796s][info][gc          ] GC(155) Concurrent weak references 0.121ms
[14.796s][info][gc,start    ] GC(155) Concurrent weak roots
[14.796s][info][gc,task     ] GC(155) Using 3 of 6 workers for concurrent weak root
[14.796s][info][gc          ] GC(155) Concurrent weak roots 0.272ms
[14.796s][info][gc,start    ] GC(155) Concurrent cleanup
[14.796s][info][gc          ] GC(155) Concurrent cleanup 808M->461M(1024M) 0.063ms
[14.796s][info][gc,ergo     ] GC(155) Free: 506M, Max: 512K regular, 178M humongous, Frag: 65% external, 33% internal; Reserve: 52718K, Max: 512K
[14.796s][info][gc,start    ] GC(155) Concurrent class unloading
[14.796s][info][gc,task     ] GC(155) Using 3 of 6 workers for concurrent class unloading
[14.797s][info][gc          ] GC(155) Concurrent class unloading 0.402ms
[14.797s][info][gc,start    ] GC(155) Concurrent strong roots
[14.797s][info][gc,task     ] GC(155) Using 3 of 6 workers for concurrent strong root
[14.797s][info][gc          ] GC(155) Concurrent strong roots 0.051ms
[14.797s][info][gc,start    ] GC(155) Concurrent evacuation
[14.797s][info][gc,task     ] GC(155) Using 3 of 6 workers for concurrent evacuation
[14.804s][info][gc          ] GC(155) Concurrent evacuation 7.078ms
[14.804s][info][gc,start    ] GC(155) Pause Init Update Refs
[14.804s][info][gc,ergo     ] GC(155) Pacer for Update Refs. Used: 505M, Free: 506M, Non-Taxable: 51902K, Alloc Tax Rate: 1.2x
[14.804s][info][gc          ] GC(155) Pause Init Update Refs 0.027ms
[14.804s][info][gc,start    ] GC(155) Concurrent update references
[14.804s][info][gc,task     ] GC(155) Using 3 of 6 workers for concurrent reference update
[14.807s][info][gc          ] GC(155) Concurrent update references 2.575ms
[14.807s][info][gc,start    ] GC(155) Concurrent update thread roots
[14.807s][info][gc          ] GC(155) Concurrent update thread roots 0.293ms
[14.807s][info][gc,start    ] GC(155) Pause Final Update Refs
[14.807s][info][gc,task     ] GC(155) Using 6 of 6 workers for final reference update
[14.807s][info][gc          ] GC(155) Pause Final Update Refs 0.235ms
[14.808s][info][gc,start    ] GC(155) Concurrent cleanup
[14.808s][info][gc          ] GC(155) Concurrent cleanup 530M->335M(1024M) 0.064ms
[14.808s][info][gc,ergo     ] Free: 636M, Max: 512K regular, 146M humongous, Frag: 77% external, 30% internal; Reserve: 52736K, Max: 512K
[14.808s][info][gc,stats    ] 
[14.808s][info][gc,stats    ] All times are wall-clock times, except per-root-class counters, that are sum over
[14.808s][info][gc,stats    ] all workers. Dividing the <total> over the root stage time estimates parallelism.
[14.808s][info][gc,stats    ] 
[14.808s][info][gc,stats    ] Concurrent Reset                   2923 us
[14.808s][info][gc,stats    ] Pause Init Mark (G)                 470 us
[14.808s][info][gc,stats    ] Pause Init Mark (N)                 148 us
[14.808s][info][gc,stats    ]   Update Region States               94 us
[14.808s][info][gc,stats    ] Concurrent Mark Roots               324 us, parallelism: 0.71x
[14.808s][info][gc,stats    ]   CMR: <total>                      231 us
[14.808s][info][gc,stats    ]   CMR: Thread Roots                 159 us, workers (us):  10,  99,  50, ---, ---, ---, 
[14.808s][info][gc,stats    ]   CMR: VM Strong Roots                7 us, workers (us):   6,   0,   0, ---, ---, ---, 
[14.808s][info][gc,stats    ]   CMR: CLDG Roots                    66 us, workers (us):  66, ---, ---, ---, ---, ---, 
[14.808s][info][gc,stats    ] Concurrent Marking                 2090 us
[14.808s][info][gc,stats    ] Pause Final Mark (G)                717 us
[14.808s][info][gc,stats    ] Pause Final Mark (N)                619 us
[14.808s][info][gc,stats    ]   Finish Mark                       412 us
[14.808s][info][gc,stats    ]   Update Region States               79 us
[14.808s][info][gc,stats    ]   Choose Collection Set              78 us
[14.808s][info][gc,stats    ]   Rebuild Free Set                   18 us
[14.808s][info][gc,stats    ] Concurrent Thread Roots             180 us, parallelism: 0.72x
[14.808s][info][gc,stats    ]   CTR: <total>                      130 us
[14.808s][info][gc,stats    ]   CTR: Thread Roots                 130 us, workers (us):  53,  36,  40, ---, ---, ---, 
[14.808s][info][gc,stats    ] Concurrent Weak References          125 us, parallelism: 0.03x
[14.808s][info][gc,stats    ]   CWRF: <total>                       4 us
[14.808s][info][gc,stats    ]   CWRF: Weak References               4 us, workers (us):   4,   0,   0, ---, ---, ---, 
[14.808s][info][gc,stats    ] Concurrent Weak Roots               281 us
[14.808s][info][gc,stats    ]   Roots                             172 us, parallelism: 0.99x
[14.808s][info][gc,stats    ]     CWR: <total>                    169 us
[14.808s][info][gc,stats    ]     CWR: Code Cache Roots           148 us, workers (us):  80,  68,   0, ---, ---, ---, 
[14.808s][info][gc,stats    ]     CWR: VM Weak Roots               18 us, workers (us):  17,   1,   1, ---, ---, ---, 
[14.808s][info][gc,stats    ]     CWR: CLDG Roots                   3 us, workers (us):   3, ---, ---, ---, ---, ---, 
[14.808s][info][gc,stats    ]   Rendezvous                         92 us
[14.808s][info][gc,stats    ] Concurrent Cleanup                   68 us
[14.808s][info][gc,stats    ] Concurrent Class Unloading          412 us
[14.808s][info][gc,stats    ]   Unlink Stale                      236 us
[14.808s][info][gc,stats    ]     System Dictionary                 4 us
[14.808s][info][gc,stats    ]     Weak Class Links                  0 us
[14.808s][info][gc,stats    ]     Code Roots                      231 us
[14.808s][info][gc,stats    ]   Rendezvous                        105 us
[14.808s][info][gc,stats    ]   Purge Unlinked                     54 us
[14.808s][info][gc,stats    ]     Code Roots                       40 us
[14.808s][info][gc,stats    ]     CLDG                             13 us
[14.808s][info][gc,stats    ]     Exception Caches                  0 us
[14.808s][info][gc,stats    ] Concurrent Strong Roots              60 us, parallelism: 0.30x
[14.808s][info][gc,stats    ]   CSR: <total>                       18 us
[14.808s][info][gc,stats    ]   CSR: VM Strong Roots                2 us, workers (us):   2,   0,   0, ---, ---, ---, 
[14.808s][info][gc,stats    ]   CSR: CLDG Roots                    16 us, workers (us):  16, ---, ---, ---, ---, ---, 
[14.808s][info][gc,stats    ] Concurrent Evacuation              7128 us
[14.808s][info][gc,stats    ] Pause Init Update Refs (G)          211 us
[14.808s][info][gc,stats    ] Pause Init Update Refs (N)           31 us
[14.808s][info][gc,stats    ]   Manage GCLABs                       3 us
[14.808s][info][gc,stats    ] Concurrent Update Refs             2640 us
[14.808s][info][gc,stats    ] Concurrent Update Thread Roots      310 us
[14.808s][info][gc,stats    ] Pause Final Update Refs (G)         501 us
[14.808s][info][gc,stats    ] Pause Final Update Refs (N)         248 us
[14.808s][info][gc,stats    ]   Update Region States              185 us
[14.808s][info][gc,stats    ]   Trash Collection Set                8 us
[14.808s][info][gc,stats    ]   Rebuild Free Set                   19 us
[14.808s][info][gc,stats    ] Concurrent Cleanup                   70 us
[14.808s][info][gc,stats    ] Pacing                            10397 us
[14.808s][info][gc,stats    ] 
[14.808s][info][gc,stats    ] Allocation pacing accrued:
[14.808s][info][gc,stats    ]      10 of    58 ms ( 17.8%): main
[14.808s][info][gc,stats    ]      10 of    58 ms ( 17.8%): <total>
[14.808s][info][gc,stats    ]       1 of    58 ms (  1.6%): <average total>
[14.808s][info][gc,stats    ]      10 of    58 ms ( 17.8%): <average non-zero>
[14.808s][info][gc,stats    ] 
[14.808s][info][gc,metaspace] Metaspace: 6358K(6528K)->6358K(6528K) NonClass: 5812K(5888K)->5812K(5888K) Class: 546K(640K)->546K(640K)
[14.808s][info][gc,ergo     ] Pacer for Idle. Initial: 20971K, Alloc Tax Rate: 1.0x
[14.847s][info][gc          ] Trigger: Average GC time (31.88 ms) is above the time for average allocation rate (4549 MB/s) to deplete free headroom (143M) (margin of error = 1.81)
[14.847s][info][gc,ergo     ] Free headroom: 195M (free) - 52428K (spike) - 0B (penalties) = 143M
[14.847s][info][gc,ergo     ] Free: 194M, Max: 512K regular, 146M humongous, Frag: 24% external, 21% internal; Reserve: 52736K, Max: 512K
[14.847s][info][gc,start    ] GC(156) Concurrent reset
[14.847s][info][gc,task     ] GC(156) Using 3 of 6 workers for concurrent reset
[14.847s][info][gc,ergo     ] GC(156) Pacer for Reset. Non-Taxable: 1024M
[14.849s][info][gc          ] GC(156) Concurrent reset 2.039ms
[14.850s][info][gc,start    ] GC(156) Pause Init Mark (unload classes)
[14.850s][info][gc,task     ] GC(156) Using 6 of 6 workers for init marking
[14.850s][info][gc,ergo     ] GC(156) Pacer for Mark. Expected Live: 196M, Free: 180M, Non-Taxable: 18467K, Alloc Tax Rate: 1.3x
[14.850s][info][gc          ] GC(156) Pause Init Mark (unload classes) 0.142ms
[14.850s][info][gc,start    ] GC(156) Concurrent marking roots
[14.850s][info][gc,task     ] GC(156) Using 3 of 6 workers for concurrent marking roots
[14.850s][info][gc          ] GC(156) Concurrent marking roots 0.306ms
[14.850s][info][gc,start    ] GC(156) Concurrent marking (unload classes)
[14.850s][info][gc,task     ] GC(156) Using 3 of 6 workers for concurrent marking
[14.852s][info][gc          ] GC(156) Concurrent marking (unload classes) 2.112ms
[14.853s][info][gc,start    ] GC(156) Pause Final Mark (unload classes)
[14.853s][info][gc,task     ] GC(156) Using 6 of 6 workers for final marking
[14.853s][info][gc,ergo     ] GC(156) Adaptive CSet Selection. Target Free: 145M, Actual Free: 531M, Max CSet: 43690K, Min Garbage: 0B
[14.853s][info][gc,ergo     ] GC(156) Collectable Garbage: 488M (84%), Immediate: 318M (54%), CSet: 169M (29%)
[14.853s][info][gc,ergo     ] GC(156) Pacer for Evacuation. Used CSet: 212M, Free: 492M, Non-Taxable: 50454K, Alloc Tax Rate: 1.1x
[14.853s][info][gc          ] GC(156) Pause Final Mark (unload classes) 0.547ms
[14.853s][info][gc,start    ] GC(156) Concurrent thread roots
[14.853s][info][gc,task     ] GC(156) Using 3 of 6 workers for Concurrent thread roots
[14.853s][info][gc          ] GC(156) Concurrent thread roots 0.345ms
[14.853s][info][gc,start    ] GC(156) Concurrent weak references
[14.853s][info][gc,task     ] GC(156) Using 3 of 6 workers for concurrent weak references
[14.854s][info][gc,ref      ] GC(156) Encountered references: Soft: 47, Weak: 146, Final: 0, Phantom: 3
[14.854s][info][gc,ref      ] GC(156) Discovered  references: Soft: 0, Weak: 48, Final: 0, Phantom: 2
[14.854s][info][gc,ref      ] GC(156) Enqueued    references: Soft: 0, Weak: 0, Final: 0, Phantom: 0
[14.854s][info][gc          ] GC(156) Concurrent weak references 0.131ms
[14.854s][info][gc,start    ] GC(156) Concurrent weak roots
[14.854s][info][gc,task     ] GC(156) Using 3 of 6 workers for concurrent weak root
[14.854s][info][gc          ] GC(156) Concurrent weak roots 0.273ms
[14.854s][info][gc,start    ] GC(156) Concurrent cleanup
[14.854s][info][gc          ] GC(156) Concurrent cleanup 794M->475M(1024M) 0.062ms
[14.854s][info][gc,ergo     ] GC(156) Free: 492M, Max: 512K regular, 170M humongous, Frag: 66% external, 33% internal; Reserve: 52722K, Max: 512K
[14.854s][info][gc,start    ] GC(156) Concurrent class unloading
[14.854s][info][gc,task     ] GC(156) Using 3 of 6 workers for concurrent class unloading
[14.854s][info][gc          ] GC(156) Concurrent class unloading 0.349ms
[14.854s][info][gc,start    ] GC(156) Concurrent strong roots
[14.854s][info][gc,task     ] GC(156) Using 3 of 6 workers for concurrent strong root
[14.854s][info][gc          ] GC(156) Concurrent strong roots 0.082ms
[14.854s][info][gc,start    ] GC(156) Concurrent evacuation
[14.854s][info][gc,task     ] GC(156) Using 3 of 6 workers for concurrent evacuation
[14.866s][info][gc          ] GC(156) Concurrent evacuation 11.108ms
[14.866s][info][gc,start    ] GC(156) Pause Init Update Refs
[14.866s][info][gc,ergo     ] GC(156) Pacer for Update Refs. Used: 558M, Free: 453M, Non-Taxable: 46404K, Alloc Tax Rate: 1.5x
[14.866s][info][gc          ] GC(156) Pause Init Update Refs 0.028ms
[14.866s][info][gc,start    ] GC(156) Concurrent update references
[14.866s][info][gc,task     ] GC(156) Using 3 of 6 workers for concurrent reference update
[14.868s][info][gc          ] GC(156) Concurrent update references 2.483ms
[14.869s][info][gc,start    ] GC(156) Concurrent update thread roots
[14.869s][info][gc          ] GC(156) Concurrent update thread roots 0.296ms
[14.869s][info][gc,start    ] GC(156) Pause Final Update Refs
[14.869s][info][gc,task     ] GC(156) Using 6 of 6 workers for final reference update
[14.869s][info][gc          ] GC(156) Pause Final Update Refs 0.235ms
[14.869s][info][gc,start    ] GC(156) Concurrent cleanup
[14.869s][info][gc          ] GC(156) Concurrent cleanup 585M->374M(1024M) 0.064ms
[14.870s][info][gc,ergo     ] Free: 597M, Max: 512K regular, 145M humongous, Frag: 76% external, 34% internal; Reserve: 52736K, Max: 512K
[14.870s][info][gc,stats    ] 
[14.870s][info][gc,stats    ] All times are wall-clock times, except per-root-class counters, that are sum over
[14.870s][info][gc,stats    ] all workers. Dividing the <total> over the root stage time estimates parallelism.
[14.870s][info][gc,stats    ] 
[14.870s][info][gc,stats    ] Concurrent Reset                   2108 us
[14.870s][info][gc,stats    ] Pause Init Mark (G)                 457 us
[14.870s][info][gc,stats    ] Pause Init Mark (N)                 148 us
[14.870s][info][gc,stats    ]   Update Region States               96 us
[14.870s][info][gc,stats    ] Concurrent Mark Roots               321 us, parallelism: 0.71x
[14.870s][info][gc,stats    ]   CMR: <total>                      228 us
[14.870s][info][gc,stats    ]   CMR: Thread Roots                 161 us, workers (us):  48,  62,  52, ---, ---, ---, 
[14.870s][info][gc,stats    ]   CMR: VM Strong Roots                7 us, workers (us):   6,   0,   0, ---, ---, ---, 
[14.870s][info][gc,stats    ]   CMR: CLDG Roots                    60 us, workers (us):  60, ---, ---, ---, ---, ---, 
[14.870s][info][gc,stats    ] Concurrent Marking                 2136 us
[14.870s][info][gc,stats    ] Pause Final Mark (G)                692 us
[14.870s][info][gc,stats    ] Pause Final Mark (N)                551 us
[14.870s][info][gc,stats    ]   Finish Mark                       312 us
[14.870s][info][gc,stats    ]   Update Region States              112 us
[14.870s][info][gc,stats    ]   Choose Collection Set              77 us
[14.870s][info][gc,stats    ]   Rebuild Free Set                   18 us
[14.870s][info][gc,stats    ] Concurrent Thread Roots             357 us, parallelism: 0.34x
[14.870s][info][gc,stats    ]   CTR: <total>                      121 us
[14.870s][info][gc,stats    ]   CTR: Thread Roots                 121 us, workers (us):  45,  34,  42, ---, ---, ---, 
[14.870s][info][gc,stats    ] Concurrent Weak References          134 us, parallelism: 0.04x
[14.870s][info][gc,stats    ]   CWRF: <total>                       5 us
[14.870s][info][gc,stats    ]   CWRF: Weak References               5 us, workers (us):   5,   0,   0, ---, ---, ---, 
[14.870s][info][gc,stats    ] Concurrent Weak Roots               282 us
[14.870s][info][gc,stats    ]   Roots                             211 us, parallelism: 1.01x
[14.870s][info][gc,stats    ]     CWR: <total>                    213 us
[14.870s][info][gc,stats    ]     CWR: Code Cache Roots           139 us, workers (us):   0,  62,  77, ---, ---, ---, 
[14.870s][info][gc,stats    ]     CWR: VM Weak Roots               70 us, workers (us):  50,  10,  10, ---, ---, ---, 
[14.870s][info][gc,stats    ]     CWR: CLDG Roots                   4 us, workers (us): ---,   4, ---, ---, ---, ---, 
[14.870s][info][gc,stats    ]   Rendezvous                         55 us
[14.870s][info][gc,stats    ] Concurrent Cleanup                   67 us
[14.870s][info][gc,stats    ] Concurrent Class Unloading          357 us
[14.870s][info][gc,stats    ]   Unlink Stale                      204 us
[14.870s][info][gc,stats    ]     System Dictionary                 3 us
[14.870s][info][gc,stats    ]     Weak Class Links                  0 us
[14.870s][info][gc,stats    ]     Code Roots                      201 us
[14.870s][info][gc,stats    ]   Rendezvous                         48 us
[14.870s][info][gc,stats    ]   Purge Unlinked                     88 us
[14.870s][info][gc,stats    ]     Code Roots                       72 us
[14.870s][info][gc,stats    ]     CLDG                             15 us
[14.870s][info][gc,stats    ]     Exception Caches                  0 us
[14.870s][info][gc,stats    ] Concurrent Strong Roots              91 us, parallelism: 0.17x
[14.870s][info][gc,stats    ]   CSR: <total>                       16 us
[14.870s][info][gc,stats    ]   CSR: VM Strong Roots                2 us, workers (us):   2,   0,   0, ---, ---, ---, 
[14.870s][info][gc,stats    ]   CSR: CLDG Roots                    14 us, workers (us):  14, ---, ---, ---, ---, ---, 
[14.870s][info][gc,stats    ] Concurrent Evacuation             11170 us
[14.870s][info][gc,stats    ] Pause Init Update Refs (G)          342 us
[14.870s][info][gc,stats    ] Pause Init Update Refs (N)           32 us
[14.870s][info][gc,stats    ]   Manage GCLABs                       3 us
[14.870s][info][gc,stats    ] Concurrent Update Refs             2549 us
[14.870s][info][gc,stats    ] Concurrent Update Thread Roots      315 us
[14.870s][info][gc,stats    ] Pause Final Update Refs (G)         498 us
[14.870s][info][gc,stats    ] Pause Final Update Refs (N)         247 us
[14.870s][info][gc,stats    ]   Update Region States              185 us
[14.870s][info][gc,stats    ]   Trash Collection Set                8 us
[14.870s][info][gc,stats    ]   Rebuild Free Set                   19 us
[14.870s][info][gc,stats    ] Concurrent Cleanup                  158 us
[14.870s][info][gc,stats    ] Pacing                             9797 us
[14.870s][info][gc,stats    ] 
[14.870s][info][gc,stats    ] Allocation pacing accrued:
[14.870s][info][gc,stats    ]      10 of    62 ms ( 15.8%): main
[14.870s][info][gc,stats    ]      10 of    62 ms ( 15.8%): <total>
[14.870s][info][gc,stats    ]       1 of    62 ms (  1.4%): <average total>
[14.870s][info][gc,stats    ]      10 of    62 ms ( 15.8%): <average non-zero>
[14.870s][info][gc,stats    ] 
[14.870s][info][gc,metaspace] Metaspace: 6358K(6528K)->6358K(6528K) NonClass: 5812K(5888K)->5812K(5888K) Class: 546K(640K)->546K(640K)
[14.870s][info][gc,ergo     ] Pacer for Idle. Initial: 20971K, Alloc Tax Rate: 1.0x
[14.896s][info][gc          ] Trigger: Average GC time (28.86 ms) is above the time for average allocation rate (4549 MB/s) to deplete free headroom (128M) (margin of error = 1.81)
[14.897s][info][gc,ergo     ] Free headroom: 180M (free) - 52428K (spike) - 0B (penalties) = 128M
[14.897s][info][gc,ergo     ] Free: 179M, Max: 512K regular, 145M humongous, Frag: 19% external, 2% internal; Reserve: 52736K, Max: 512K
[14.897s][info][gc,start    ] GC(157) Concurrent reset
[14.897s][info][gc,task     ] GC(157) Using 3 of 6 workers for concurrent reset
[14.897s][info][gc,ergo     ] GC(157) Pacer for Reset. Non-Taxable: 1024M
[14.899s][info][gc          ] GC(157) Concurrent reset 2.074ms
[14.899s][info][gc,start    ] GC(157) Pause Init Mark (unload classes)
[14.899s][info][gc,task     ] GC(157) Using 6 of 6 workers for init marking
[14.899s][info][gc,ergo     ] GC(157) Pacer for Mark. Expected Live: 196M, Free: 165M, Non-Taxable: 16988K, Alloc Tax Rate: 1.4x
[14.899s][info][gc          ] GC(157) Pause Init Mark (unload classes) 0.252ms
[14.899s][info][gc,start    ] GC(157) Concurrent marking roots
[14.899s][info][gc,task     ] GC(157) Using 3 of 6 workers for concurrent marking roots
[14.900s][info][gc          ] GC(157) Concurrent marking roots 0.278ms
[14.900s][info][gc,start    ] GC(157) Concurrent marking (unload classes)
[14.900s][info][gc,task     ] GC(157) Using 3 of 6 workers for concurrent marking
[14.902s][info][gc          ] GC(157) Concurrent marking (unload classes) 2.140ms
[14.902s][info][gc,start    ] GC(157) Pause Final Mark (unload classes)
[14.902s][info][gc,task     ] GC(157) Using 6 of 6 workers for final marking
[14.902s][info][gc,ergo     ] GC(157) Adaptive CSet Selection. Target Free: 145M, Actual Free: 549M, Max CSet: 43690K, Min Garbage: 0B
[14.902s][info][gc,ergo     ] GC(157) Collectable Garbage: 508M (85%), Immediate: 349M (58%), CSet: 159M (26%)
[14.902s][info][gc,ergo     ] GC(157) Pacer for Evacuation. Used CSet: 202M, Free: 510M, Non-Taxable: 52314K, Alloc Tax Rate: 1.1x
[14.903s][info][gc          ] GC(157) Pause Final Mark (unload classes) 0.673ms
[14.903s][info][gc,start    ] GC(157) Concurrent thread roots
[14.903s][info][gc,task     ] GC(157) Using 3 of 6 workers for Concurrent thread roots
[14.903s][info][gc          ] GC(157) Concurrent thread roots 0.251ms
[14.903s][info][gc,start    ] GC(157) Concurrent weak references
[14.903s][info][gc,task     ] GC(157) Using 3 of 6 workers for concurrent weak references
[14.903s][info][gc,ref      ] GC(157) Encountered references: Soft: 47, Weak: 146, Final: 0, Phantom: 3
[14.903s][info][gc,ref      ] GC(157) Discovered  references: Soft: 0, Weak: 48, Final: 0, Phantom: 2
[14.903s][info][gc,ref      ] GC(157) Enqueued    references: Soft: 0, Weak: 0, Final: 0, Phantom: 0
[14.903s][info][gc          ] GC(157) Concurrent weak references 0.230ms
[14.903s][info][gc,start    ] GC(157) Concurrent weak roots
[14.903s][info][gc,task     ] GC(157) Using 3 of 6 workers for concurrent weak root
[14.903s][info][gc          ] GC(157) Concurrent weak roots 0.371ms
[14.903s][info][gc,start    ] GC(157) Concurrent cleanup
[14.904s][info][gc          ] GC(157) Concurrent cleanup 806M->457M(1024M) 0.107ms
[14.904s][info][gc,ergo     ] GC(157) Free: 510M, Max: 512K regular, 179M humongous, Frag: 65% external, 32% internal; Reserve: 52722K, Max: 512K
[14.904s][info][gc,start    ] GC(157) Concurrent class unloading
[14.904s][info][gc,task     ] GC(157) Using 3 of 6 workers for concurrent class unloading
[14.904s][info][gc          ] GC(157) Concurrent class unloading 0.499ms
[14.904s][info][gc,start    ] GC(157) Concurrent strong roots
[14.904s][info][gc,task     ] GC(157) Using 3 of 6 workers for concurrent strong root
[14.904s][info][gc          ] GC(157) Concurrent strong roots 0.122ms
[14.904s][info][gc,start    ] GC(157) Concurrent evacuation
[14.904s][info][gc,task     ] GC(157) Using 3 of 6 workers for concurrent evacuation
[14.914s][info][gc          ] GC(157) Concurrent evacuation 10.173ms
[14.915s][info][gc,start    ] GC(157) Pause Init Update Refs
[14.915s][info][gc,ergo     ] GC(157) Pacer for Update Refs. Used: 532M, Free: 479M, Non-Taxable: 49066K, Alloc Tax Rate: 1.4x
[14.915s][info][gc          ] GC(157) Pause Init Update Refs 0.037ms
[14.915s][info][gc,start    ] GC(157) Concurrent update references
[14.915s][info][gc,task     ] GC(157) Using 3 of 6 workers for concurrent reference update
[14.918s][info][gc          ] GC(157) Concurrent update references 2.736ms
[14.918s][info][gc,start    ] GC(157) Concurrent update thread roots
[14.918s][info][gc          ] GC(157) Concurrent update thread roots 0.284ms
[14.918s][info][gc,start    ] GC(157) Pause Final Update Refs
[14.918s][info][gc,task     ] GC(157) Using 6 of 6 workers for final reference update
[14.918s][info][gc          ] GC(157) Pause Final Update Refs 0.188ms
[14.918s][info][gc,start    ] GC(157) Concurrent cleanup
[14.918s][info][gc          ] GC(157) Concurrent cleanup 556M->356M(1024M) 0.060ms
[14.918s][info][gc,ergo     ] Free: 615M, Max: 512K regular, 150M humongous, Frag: 76% external, 32% internal; Reserve: 52736K, Max: 512K
[14.918s][info][gc,stats    ] 
[14.918s][info][gc,stats    ] All times are wall-clock times, except per-root-class counters, that are sum over
[14.918s][info][gc,stats    ] all workers. Dividing the <total> over the root stage time estimates parallelism.
[14.918s][info][gc,stats    ] 
[14.918s][info][gc,stats    ] Concurrent Reset                   2143 us
[14.919s][info][gc,stats    ] Pause Init Mark (G)                 599 us
[14.919s][info][gc,stats    ] Pause Init Mark (N)                 257 us
[14.919s][info][gc,stats    ]   Update Region States              211 us
[14.919s][info][gc,stats    ] Concurrent Mark Roots               290 us, parallelism: 0.75x
[14.919s][info][gc,stats    ]   CMR: <total>                      219 us
[14.919s][info][gc,stats    ]   CMR: Thread Roots                 154 us, workers (us):  45,  51,  58, ---, ---, ---, 
[14.919s][info][gc,stats    ]   CMR: VM Strong Roots                7 us, workers (us):   6,   0,   0, ---, ---, ---, 
[14.919s][info][gc,stats    ]   CMR: CLDG Roots                    58 us, workers (us):  58, ---, ---, ---, ---, ---, 
[14.919s][info][gc,stats    ] Concurrent Marking                 2184 us
[14.919s][info][gc,stats    ] Pause Final Mark (G)                797 us
[14.919s][info][gc,stats    ] Pause Final Mark (N)                677 us
[14.919s][info][gc,stats    ]   Finish Mark                       375 us
[14.919s][info][gc,stats    ]   Update Region States              104 us
[14.919s][info][gc,stats    ]   Choose Collection Set             150 us
[14.919s][info][gc,stats    ]   Rebuild Free Set                   16 us
[14.919s][info][gc,stats    ] Concurrent Thread Roots             260 us, parallelism: 0.68x
[14.919s][info][gc,stats    ]   CTR: <total>                      176 us
[14.919s][info][gc,stats    ]   CTR: Thread Roots                 176 us, workers (us):  71,  53,  52, ---, ---, ---, 
[14.919s][info][gc,stats    ] Concurrent Weak References          233 us, parallelism: 0.09x
[14.919s][info][gc,stats    ]   CWRF: <total>                      21 us
[14.919s][info][gc,stats    ]   CWRF: Weak References              21 us, workers (us):  21,   0,   0, ---, ---, ---, 
[14.919s][info][gc,stats    ] Concurrent Weak Roots               380 us
[14.919s][info][gc,stats    ]   Roots                             260 us, parallelism: 1.01x
[14.919s][info][gc,stats    ]     CWR: <total>                    262 us
[14.919s][info][gc,stats    ]     CWR: Code Cache Roots           200 us, workers (us): 129,  71,   0, ---, ---, ---, 
[14.919s][info][gc,stats    ]     CWR: VM Weak Roots               38 us, workers (us):  30,   7,   1, ---, ---, ---, 
[14.919s][info][gc,stats    ]     CWR: CLDG Roots                  24 us, workers (us): ---,  24, ---, ---, ---, ---, 
[14.919s][info][gc,stats    ]   Rendezvous                        104 us
[14.919s][info][gc,stats    ] Concurrent Cleanup                  112 us
[14.919s][info][gc,stats    ] Concurrent Class Unloading          508 us
[14.919s][info][gc,stats    ]   Unlink Stale                      290 us
[14.919s][info][gc,stats    ]     System Dictionary                 3 us
[14.919s][info][gc,stats    ]     Weak Class Links                  1 us
[14.919s][info][gc,stats    ]     Code Roots                      286 us
[14.919s][info][gc,stats    ]   Rendezvous                         75 us
[14.919s][info][gc,stats    ]   Purge Unlinked                    126 us
[14.919s][info][gc,stats    ]     Code Roots                      111 us
[14.919s][info][gc,stats    ]     CLDG                             15 us
[14.919s][info][gc,stats    ]     Exception Caches                  0 us
[14.919s][info][gc,stats    ] Concurrent Strong Roots             136 us, parallelism: 0.12x
[14.919s][info][gc,stats    ]   CSR: <total>                       16 us
[14.919s][info][gc,stats    ]   CSR: VM Strong Roots                2 us, workers (us):   1,   0,   0, ---, ---, ---, 
[14.919s][info][gc,stats    ]   CSR: CLDG Roots                    15 us, workers (us):  15, ---, ---, ---, ---, ---, 
[14.919s][info][gc,stats    ] Concurrent Evacuation             10240 us
[14.919s][info][gc,stats    ] Pause Init Update Refs (G)          360 us
[14.919s][info][gc,stats    ] Pause Init Update Refs (N)           41 us
[14.919s][info][gc,stats    ]   Manage GCLABs                       3 us
[14.919s][info][gc,stats    ] Concurrent Update Refs             2799 us
[14.919s][info][gc,stats    ] Concurrent Update Thread Roots      301 us
[14.919s][info][gc,stats    ] Pause Final Update Refs (G)         444 us
[14.919s][info][gc,stats    ] Pause Final Update Refs (N)         197 us
[14.919s][info][gc,stats    ]   Update Region States              123 us
[14.919s][info][gc,stats    ]   Trash Collection Set               10 us
[14.919s][info][gc,stats    ]   Rebuild Free Set                   34 us
[14.919s][info][gc,stats    ] Concurrent Cleanup                   66 us
[14.919s][info][gc,stats    ] Pacing                             5729 us
[14.919s][info][gc,stats    ] 
[14.919s][info][gc,stats    ] Allocation pacing accrued:
[14.919s][info][gc,stats    ]       6 of    49 ms ( 11.7%): main
[14.919s][info][gc,stats    ]       6 of    49 ms ( 11.7%): <total>
[14.919s][info][gc,stats    ]       1 of    49 ms (  1.1%): <average total>
[14.919s][info][gc,stats    ]       6 of    49 ms ( 11.7%): <average non-zero>
[14.919s][info][gc,stats    ] 
[14.919s][info][gc,metaspace] Metaspace: 6358K(6528K)->6358K(6528K) NonClass: 5812K(5888K)->5812K(5888K) Class: 546K(640K)->546K(640K)
[14.919s][info][gc,ergo     ] Pacer for Idle. Initial: 20971K, Alloc Tax Rate: 1.0x
[14.960s][info][gc          ] Trigger: Average GC time (26.70 ms) is above the time for average allocation rate (4548 MB/s) to deplete free headroom (120M) (margin of error = 1.80)
[14.960s][info][gc,ergo     ] Free headroom: 171M (free) - 52428K (spike) - 0B (penalties) = 120M
[14.960s][info][gc,ergo     ] Free: 170M, Max: 512K regular, 150M humongous, Frag: 11% external, 24% internal; Reserve: 52736K, Max: 512K
[14.960s][info][gc,start    ] GC(158) Concurrent reset
[14.960s][info][gc,task     ] GC(158) Using 3 of 6 workers for concurrent reset
[14.960s][info][gc,ergo     ] GC(158) Pacer for Reset. Non-Taxable: 1024M
[14.962s][info][gc          ] GC(158) Concurrent reset 2.039ms
[14.962s][info][gc,start    ] GC(158) Pause Init Mark (unload classes)
[14.962s][info][gc,task     ] GC(158) Using 6 of 6 workers for init marking
[14.962s][info][gc,ergo     ] GC(158) Pacer for Mark. Expected Live: 196M, Free: 157M, Non-Taxable: 16085K, Alloc Tax Rate: 1.5x
[14.962s][info][gc          ] GC(158) Pause Init Mark (unload classes) 0.128ms
[14.963s][info][gc,start    ] GC(158) Concurrent marking roots
[14.963s][info][gc,task     ] GC(158) Using 3 of 6 workers for concurrent marking roots
[14.963s][info][gc          ] GC(158) Concurrent marking roots 0.295ms
[14.963s][info][gc,start    ] GC(158) Concurrent marking (unload classes)
[14.963s][info][gc,task     ] GC(158) Using 3 of 6 workers for concurrent marking
[14.965s][info][gc          ] GC(158) Concurrent marking (unload classes) 1.941ms
[14.965s][info][gc,start    ] GC(158) Pause Final Mark (unload classes)
[14.965s][info][gc,task     ] GC(158) Using 6 of 6 workers for final marking
[14.965s][info][gc,ergo     ] GC(158) Adaptive CSet Selection. Target Free: 145M, Actual Free: 555M, Max CSet: 43690K, Min Garbage: 0B
[14.966s][info][gc,ergo     ] GC(158) Collectable Garbage: 519M (86%), Immediate: 363M (60%), CSet: 155M (25%)
[14.966s][info][gc,ergo     ] GC(158) Pacer for Evacuation. Used CSet: 198M, Free: 518M, Non-Taxable: 53043K, Alloc Tax Rate: 1.1x
[14.966s][info][gc          ] GC(158) Pause Final Mark (unload classes) 0.626ms
[14.966s][info][gc,start    ] GC(158) Concurrent thread roots
[14.966s][info][gc,task     ] GC(158) Using 3 of 6 workers for Concurrent thread roots
[14.966s][info][gc          ] GC(158) Concurrent thread roots 0.216ms
[14.966s][info][gc,start    ] GC(158) Concurrent weak references
[14.966s][info][gc,task     ] GC(158) Using 3 of 6 workers for concurrent weak references
[14.966s][info][gc,ref      ] GC(158) Encountered references: Soft: 47, Weak: 146, Final: 0, Phantom: 3
[14.966s][info][gc,ref      ] GC(158) Discovered  references: Soft: 0, Weak: 48, Final: 0, Phantom: 2
[14.966s][info][gc,ref      ] GC(158) Enqueued    references: Soft: 0, Weak: 0, Final: 0, Phantom: 0
[14.966s][info][gc          ] GC(158) Concurrent weak references 0.166ms
[14.966s][info][gc,start    ] GC(158) Concurrent weak roots
[14.966s][info][gc,task     ] GC(158) Using 3 of 6 workers for concurrent weak root
[14.966s][info][gc          ] GC(158) Concurrent weak roots 0.412ms
[14.966s][info][gc,start    ] GC(158) Concurrent cleanup
[14.967s][info][gc          ] GC(158) Concurrent cleanup 814M->450M(1024M) 0.062ms
[14.967s][info][gc,ergo     ] GC(158) Free: 518M, Max: 512K regular, 172M humongous, Frag: 67% external, 31% internal; Reserve: 52718K, Max: 512K
[14.967s][info][gc,start    ] GC(158) Concurrent class unloading
[14.967s][info][gc,task     ] GC(158) Using 3 of 6 workers for concurrent class unloading
[14.967s][info][gc          ] GC(158) Concurrent class unloading 0.561ms
[14.967s][info][gc,start    ] GC(158) Concurrent strong roots
[14.967s][info][gc,task     ] GC(158) Using 3 of 6 workers for concurrent strong root
[14.967s][info][gc          ] GC(158) Concurrent strong roots 0.104ms
[14.967s][info][gc,start    ] GC(158) Concurrent evacuation
[14.967s][info][gc,task     ] GC(158) Using 3 of 6 workers for concurrent evacuation
[14.981s][info][gc          ] GC(158) Concurrent evacuation 13.837ms
[14.981s][info][gc,start    ] GC(158) Pause Init Update Refs
[14.981s][info][gc,ergo     ] GC(158) Pacer for Update Refs. Used: 538M, Free: 473M, Non-Taxable: 48474K, Alloc Tax Rate: 1.4x
[14.981s][info][gc          ] GC(158) Pause Init Update Refs 0.030ms
[14.982s][info][gc,start    ] GC(158) Concurrent update references
[14.982s][info][gc,task     ] GC(158) Using 3 of 6 workers for concurrent reference update
[14.985s][info][gc          ] GC(158) Concurrent update references 3.356ms
[14.985s][info][gc,start    ] GC(158) Concurrent update thread roots
[14.986s][info][gc          ] GC(158) Concurrent update thread roots 0.649ms
[14.986s][info][gc,start    ] GC(158) Pause Final Update Refs
[14.986s][info][gc,task     ] GC(158) Using 6 of 6 workers for final reference update
[14.986s][info][gc          ] GC(158) Pause Final Update Refs 0.325ms
[14.986s][info][gc,start    ] GC(158) Concurrent cleanup
[14.986s][info][gc          ] GC(158) Concurrent cleanup 557M->360M(1024M) 0.092ms
[14.987s][info][gc,ergo     ] Free: 612M, Max: 512K regular, 140M humongous, Frag: 77% external, 32% internal; Reserve: 52736K, Max: 512K
[14.987s][info][gc,stats    ] 
[14.987s][info][gc,stats    ] All times are wall-clock times, except per-root-class counters, that are sum over
[14.987s][info][gc,stats    ] all workers. Dividing the <total> over the root stage time estimates parallelism.
[14.987s][info][gc,stats    ] 
[14.987s][info][gc,stats    ] Concurrent Reset                   2109 us
[14.987s][info][gc,stats    ] Pause Init Mark (G)                 488 us
[14.987s][info][gc,stats    ] Pause Init Mark (N)                 133 us
[14.987s][info][gc,stats    ]   Update Region States               89 us
[14.987s][info][gc,stats    ] Concurrent Mark Roots               308 us, parallelism: 0.76x
[14.987s][info][gc,stats    ]   CMR: <total>                      233 us
[14.987s][info][gc,stats    ]   CMR: Thread Roots                 172 us, workers (us):  51,  58,  63, ---, ---, ---, 
[14.987s][info][gc,stats    ]   CMR: VM Strong Roots                6 us, workers (us):   5,   0,   0, ---, ---, ---, 
[14.987s][info][gc,stats    ]   CMR: CLDG Roots                    54 us, workers (us):  54, ---, ---, ---, ---, ---, 
[14.987s][info][gc,stats    ] Concurrent Marking                 1973 us
[14.987s][info][gc,stats    ] Pause Final Mark (G)                771 us
[14.987s][info][gc,stats    ] Pause Final Mark (N)                630 us
[14.987s][info][gc,stats    ]   Finish Mark                       337 us
[14.987s][info][gc,stats    ]   Update Region States              162 us
[14.987s][info][gc,stats    ]   Choose Collection Set              81 us
[14.987s][info][gc,stats    ]   Rebuild Free Set                   17 us
[14.987s][info][gc,stats    ] Concurrent Thread Roots             228 us, parallelism: 0.62x
[14.987s][info][gc,stats    ]   CTR: <total>                      142 us
[14.987s][info][gc,stats    ]   CTR: Thread Roots                 142 us, workers (us):  57,  39,  47, ---, ---, ---, 
[14.987s][info][gc,stats    ] Concurrent Weak References          170 us, parallelism: 0.03x
[14.987s][info][gc,stats    ]   CWRF: <total>                       4 us
[14.987s][info][gc,stats    ]   CWRF: Weak References               4 us, workers (us):   4,   0,   0, ---, ---, ---, 
[14.987s][info][gc,stats    ] Concurrent Weak Roots               423 us
[14.987s][info][gc,stats    ]   Roots                             244 us, parallelism: 0.70x
[14.987s][info][gc,stats    ]     CWR: <total>                    172 us
[14.987s][info][gc,stats    ]     CWR: Code Cache Roots           143 us, workers (us):  64,   0,  79, ---, ---, ---, 
[14.987s][info][gc,stats    ]     CWR: VM Weak Roots               22 us, workers (us):  21,   1,   1, ---, ---, ---, 
[14.987s][info][gc,stats    ]     CWR: CLDG Roots                   7 us, workers (us): ---,   7, ---, ---, ---, ---, 
[14.987s][info][gc,stats    ]   Rendezvous                        159 us
[14.987s][info][gc,stats    ] Concurrent Cleanup                   67 us
[14.987s][info][gc,stats    ] Concurrent Class Unloading          573 us
[14.987s][info][gc,stats    ]   Unlink Stale                      356 us
[14.987s][info][gc,stats    ]     System Dictionary                 3 us
[14.987s][info][gc,stats    ]     Weak Class Links                  0 us
[14.987s][info][gc,stats    ]     Code Roots                      352 us
[14.987s][info][gc,stats    ]   Rendezvous                        131 us
[14.987s][info][gc,stats    ]   Purge Unlinked                     65 us
[14.987s][info][gc,stats    ]     Code Roots                       50 us
[14.987s][info][gc,stats    ]     CLDG                             14 us
[14.987s][info][gc,stats    ]     Exception Caches                  0 us
[14.987s][info][gc,stats    ] Concurrent Strong Roots             113 us, parallelism: 0.48x
[14.987s][info][gc,stats    ]   CSR: <total>                       54 us
[14.987s][info][gc,stats    ]   CSR: VM Strong Roots                2 us, workers (us):   2,   0,   0, ---, ---, ---, 
[14.987s][info][gc,stats    ]   CSR: CLDG Roots                    51 us, workers (us):  51, ---, ---, ---, ---, ---, 
[14.987s][info][gc,stats    ] Concurrent Evacuation             13944 us
[14.987s][info][gc,stats    ] Pause Init Update Refs (G)          351 us
[14.987s][info][gc,stats    ] Pause Init Update Refs (N)           34 us
[14.987s][info][gc,stats    ]   Manage GCLABs                       5 us
[14.987s][info][gc,stats    ] Concurrent Update Refs             3499 us
[14.987s][info][gc,stats    ] Concurrent Update Thread Roots      693 us
[14.987s][info][gc,stats    ] Pause Final Update Refs (G)         635 us
[14.987s][info][gc,stats    ] Pause Final Update Refs (N)         337 us
[14.987s][info][gc,stats    ]   Update Region States              249 us
[14.987s][info][gc,stats    ]   Trash Collection Set               12 us
[14.987s][info][gc,stats    ]   Rebuild Free Set                   35 us
[14.987s][info][gc,stats    ] Concurrent Cleanup                   99 us
[14.987s][info][gc,stats    ] Pacing                            10971 us
[14.987s][info][gc,stats    ] 
[14.987s][info][gc,stats    ] Allocation pacing accrued:
[14.987s][info][gc,stats    ]      11 of    68 ms ( 16.1%): main
[14.987s][info][gc,stats    ]      11 of    68 ms ( 16.1%): <total>
[14.987s][info][gc,stats    ]       1 of    68 ms (  1.5%): <average total>
[14.987s][info][gc,stats    ]      11 of    68 ms ( 16.1%): <average non-zero>
[14.987s][info][gc,stats    ] 
[14.987s][info][gc,metaspace] Metaspace: 6358K(6528K)->6358K(6528K) NonClass: 5812K(5888K)->5812K(5888K) Class: 546K(640K)->546K(640K)
[14.987s][info][gc,ergo     ] Pacer for Idle. Initial: 20971K, Alloc Tax Rate: 1.0x
[15.035s][info][gc          ] Trigger: Average GC time (29.28 ms) is above the time for average allocation rate (4548 MB/s) to deplete free headroom (124M) (margin of error = 1.79)
[15.035s][info][gc,ergo     ] Free headroom: 175M (free) - 52428K (spike) - 0B (penalties) = 124M
[15.035s][info][gc,ergo     ] Free: 174M, Max: 512K regular, 140M humongous, Frag: 20% external, 9% internal; Reserve: 52736K, Max: 512K
[15.035s][info][gc,start    ] GC(159) Concurrent reset
[15.035s][info][gc,task     ] GC(159) Using 3 of 6 workers for concurrent reset
[15.035s][info][gc,ergo     ] GC(159) Pacer for Reset. Non-Taxable: 1024M
[15.038s][info][gc          ] GC(159) Concurrent reset 2.981ms
[15.038s][info][gc,start    ] GC(159) Pause Init Mark (unload classes)
[15.038s][info][gc,task     ] GC(159) Using 6 of 6 workers for init marking
[15.039s][info][gc,ergo     ] GC(159) Pacer for Mark. Expected Live: 196M, Free: 163M, Non-Taxable: 16701K, Alloc Tax Rate: 1.5x
[15.039s][info][gc          ] GC(159) Pause Init Mark (unload classes) 0.214ms
[15.039s][info][gc,start    ] GC(159) Concurrent marking roots
[15.039s][info][gc,task     ] GC(159) Using 3 of 6 workers for concurrent marking roots
[15.039s][info][gc          ] GC(159) Concurrent marking roots 0.321ms
[15.039s][info][gc,start    ] GC(159) Concurrent marking (unload classes)
[15.039s][info][gc,task     ] GC(159) Using 3 of 6 workers for concurrent marking
[15.042s][info][gc          ] GC(159) Concurrent marking (unload classes) 2.459ms
[15.042s][info][gc,start    ] GC(159) Pause Final Mark (unload classes)
[15.042s][info][gc,task     ] GC(159) Using 6 of 6 workers for final marking
[15.042s][info][gc,ergo     ] GC(159) Adaptive CSet Selection. Target Free: 145M, Actual Free: 537M, Max CSet: 43690K, Min Garbage: 0B
[15.042s][info][gc,ergo     ] GC(159) Collectable Garbage: 508M (85%), Immediate: 349M (58%), CSet: 159M (26%)
[15.042s][info][gc,ergo     ] GC(159) Pacer for Evacuation. Used CSet: 201M, Free: 499M, Non-Taxable: 51177K, Alloc Tax Rate: 1.1x
[15.042s][info][gc          ] GC(159) Pause Final Mark (unload classes) 0.593ms
[15.042s][info][gc,start    ] GC(159) Concurrent thread roots
[15.042s][info][gc,task     ] GC(159) Using 3 of 6 workers for Concurrent thread roots
[15.043s][info][gc          ] GC(159) Concurrent thread roots 0.186ms
[15.043s][info][gc,start    ] GC(159) Concurrent weak references
[15.043s][info][gc,task     ] GC(159) Using 3 of 6 workers for concurrent weak references
[15.043s][info][gc,ref      ] GC(159) Encountered references: Soft: 47, Weak: 146, Final: 0, Phantom: 3
[15.043s][info][gc,ref      ] GC(159) Discovered  references: Soft: 0, Weak: 53, Final: 0, Phantom: 2
[15.043s][info][gc,ref      ] GC(159) Enqueued    references: Soft: 0, Weak: 0, Final: 0, Phantom: 0
[15.043s][info][gc          ] GC(159) Concurrent weak references 0.143ms
[15.043s][info][gc,start    ] GC(159) Concurrent weak roots
[15.043s][info][gc,task     ] GC(159) Using 3 of 6 workers for concurrent weak root
[15.043s][info][gc          ] GC(159) Concurrent weak roots 0.392ms
[15.043s][info][gc,start    ] GC(159) Concurrent cleanup
[15.043s][info][gc          ] GC(159) Concurrent cleanup 822M->474M(1024M) 0.088ms
[15.043s][info][gc,ergo     ] GC(159) Free: 487M, Max: 512K regular, 160M humongous, Frag: 68% external, 0% internal; Reserve: 52720K, Max: 512K
[15.043s][info][gc,start    ] GC(159) Concurrent class unloading
[15.043s][info][gc,task     ] GC(159) Using 3 of 6 workers for concurrent class unloading
[15.044s][info][gc          ] GC(159) Concurrent class unloading 0.813ms
[15.044s][info][gc,start    ] GC(159) Concurrent strong roots
[15.044s][info][gc,task     ] GC(159) Using 3 of 6 workers for concurrent strong root
[15.044s][info][gc          ] GC(159) Concurrent strong roots 0.159ms
[15.044s][info][gc,start    ] GC(159) Concurrent evacuation
[15.044s][info][gc,task     ] GC(159) Using 3 of 6 workers for concurrent evacuation
[15.058s][info][gc          ] GC(159) Concurrent evacuation 13.361ms
[15.058s][info][gc,start    ] GC(159) Pause Init Update Refs
[15.058s][info][gc,ergo     ] GC(159) Pacer for Update Refs. Used: 573M, Free: 431M, Non-Taxable: 44233K, Alloc Tax Rate: 1.6x
[15.058s][info][gc          ] GC(159) Pause Init Update Refs 0.035ms
[15.058s][info][gc,start    ] GC(159) Concurrent update references
[15.058s][info][gc,task     ] GC(159) Using 3 of 6 workers for concurrent reference update
[15.061s][info][gc          ] GC(159) Concurrent update references 2.777ms
[15.061s][info][gc,start    ] GC(159) Concurrent update thread roots
[15.061s][info][gc          ] GC(159) Concurrent update thread roots 0.409ms
[15.062s][info][gc,start    ] GC(159) Pause Final Update Refs
[15.062s][info][gc,task     ] GC(159) Using 6 of 6 workers for final reference update
[15.062s][info][gc          ] GC(159) Pause Final Update Refs 0.187ms
[15.062s][info][gc,start    ] GC(159) Concurrent cleanup
[15.062s][info][gc          ] GC(159) Concurrent cleanup 595M->395M(1024M) 0.073ms
[15.062s][info][gc,ergo     ] Free: 576M, Max: 512K regular, 132M humongous, Frag: 77% external, 36% internal; Reserve: 52736K, Max: 512K
[15.062s][info][gc,stats    ] 
[15.062s][info][gc,stats    ] All times are wall-clock times, except per-root-class counters, that are sum over
[15.062s][info][gc,stats    ] all workers. Dividing the <total> over the root stage time estimates parallelism.
[15.062s][info][gc,stats    ] 
[15.062s][info][gc,stats    ] Concurrent Reset                   3077 us
[15.062s][info][gc,stats    ] Pause Init Mark (G)                 577 us
[15.062s][info][gc,stats    ] Pause Init Mark (N)                 218 us
[15.062s][info][gc,stats    ]   Update Region States              171 us
[15.062s][info][gc,stats    ] Concurrent Mark Roots               342 us, parallelism: 0.91x
[15.062s][info][gc,stats    ]   CMR: <total>                      310 us
[15.062s][info][gc,stats    ]   CMR: Thread Roots                 236 us, workers (us):  61,  83,  91, ---, ---, ---, 
[15.062s][info][gc,stats    ]   CMR: VM Strong Roots               10 us, workers (us):   9,   0,   0, ---, ---, ---, 
[15.062s][info][gc,stats    ]   CMR: CLDG Roots                    65 us, workers (us):  65, ---, ---, ---, ---, ---, 
[15.062s][info][gc,stats    ] Concurrent Marking                 2533 us
[15.062s][info][gc,stats    ] Pause Final Mark (G)                800 us
[15.062s][info][gc,stats    ] Pause Final Mark (N)                598 us
[15.062s][info][gc,stats    ]   Finish Mark                       322 us
[15.062s][info][gc,stats    ]   Update Region States              142 us
[15.062s][info][gc,stats    ]   Choose Collection Set              79 us
[15.062s][info][gc,stats    ]   Rebuild Free Set                   17 us
[15.062s][info][gc,stats    ] Concurrent Thread Roots             202 us, parallelism: 0.55x
[15.062s][info][gc,stats    ]   CTR: <total>                      111 us
[15.062s][info][gc,stats    ]   CTR: Thread Roots                 111 us, workers (us):  65,  46,   0, ---, ---, ---, 
[15.062s][info][gc,stats    ] Concurrent Weak References          146 us, parallelism: 0.20x
[15.062s][info][gc,stats    ]   CWRF: <total>                      29 us
[15.062s][info][gc,stats    ]   CWRF: Weak References              29 us, workers (us):  26,   3,   0, ---, ---, ---, 
[15.062s][info][gc,stats    ] Concurrent Weak Roots               403 us
[15.062s][info][gc,stats    ]   Roots                             306 us, parallelism: 1.22x
[15.062s][info][gc,stats    ]     CWR: <total>                    373 us
[15.062s][info][gc,stats    ]     CWR: Code Cache Roots           298 us, workers (us):   0, 187, 111, ---, ---, ---, 
[15.062s][info][gc,stats    ]     CWR: VM Weak Roots               60 us, workers (us):  30,  14,  15, ---, ---, ---, 
[15.062s][info][gc,stats    ]     CWR: CLDG Roots                  15 us, workers (us):  15, ---, ---, ---, ---, ---, 
[15.062s][info][gc,stats    ]   Rendezvous                         64 us
[15.062s][info][gc,stats    ] Concurrent Cleanup                   93 us
[15.062s][info][gc,stats    ] Concurrent Class Unloading          843 us
[15.062s][info][gc,stats    ]   Unlink Stale                      521 us
[15.062s][info][gc,stats    ]     System Dictionary                 8 us
[15.062s][info][gc,stats    ]     Weak Class Links                  0 us
[15.062s][info][gc,stats    ]     Code Roots                      511 us
[15.062s][info][gc,stats    ]   Rendezvous                        110 us
[15.062s][info][gc,stats    ]   Purge Unlinked                    171 us
[15.062s][info][gc,stats    ]     Code Roots                      150 us
[15.062s][info][gc,stats    ]     CLDG                             20 us
[15.062s][info][gc,stats    ]     Exception Caches                  0 us
[15.062s][info][gc,stats    ] Concurrent Strong Roots             174 us, parallelism: 0.39x
[15.062s][info][gc,stats    ]   CSR: <total>                       68 us
[15.062s][info][gc,stats    ]   CSR: VM Strong Roots                5 us, workers (us):   4,   0,   0, ---, ---, ---, 
[15.062s][info][gc,stats    ]   CSR: CLDG Roots                    63 us, workers (us):  63, ---, ---, ---, ---, ---, 
[15.062s][info][gc,stats    ] Concurrent Evacuation             13456 us
[15.062s][info][gc,stats    ] Pause Init Update Refs (G)          363 us
[15.062s][info][gc,stats    ] Pause Init Update Refs (N)           39 us
[15.062s][info][gc,stats    ]   Manage GCLABs                       4 us
[15.062s][info][gc,stats    ] Concurrent Update Refs             2870 us
[15.062s][info][gc,stats    ] Concurrent Update Thread Roots      436 us
[15.062s][info][gc,stats    ] Pause Final Update Refs (G)         471 us
[15.062s][info][gc,stats    ] Pause Final Update Refs (N)         197 us
[15.062s][info][gc,stats    ]   Update Region States              129 us
[15.062s][info][gc,stats    ]   Trash Collection Set               10 us
[15.062s][info][gc,stats    ]   Rebuild Free Set                   23 us
[15.062s][info][gc,stats    ] Concurrent Cleanup                   80 us
[15.062s][info][gc,stats    ] 
[15.062s][info][gc,stats    ] Allocation pacing accrued:
[15.062s][info][gc,stats    ]       0 of    76 ms (  0.0%): <total>
[15.062s][info][gc,stats    ]       0 of    76 ms (  0.0%): <average total>
[15.062s][info][gc,stats    ] 
[15.062s][info][gc,metaspace] Metaspace: 6358K(6528K)->6358K(6528K) NonClass: 5812K(5888K)->5812K(5888K) Class: 546K(640K)->546K(640K)
[15.062s][info][gc,ergo     ] Pacer for Idle. Initial: 20971K, Alloc Tax Rate: 1.0x
[15.103s][info][gc          ] Trigger: Average GC time (29.81 ms) is above the time for average allocation rate (4548 MB/s) to deplete free headroom (128M) (margin of error = 1.80)
[15.103s][info][gc,ergo     ] Free headroom: 179M (free) - 52428K (spike) - 0B (penalties) = 128M
[15.103s][info][gc,ergo     ] Free: 179M, Max: 512K regular, 132M humongous, Frag: 26% external, 29% internal; Reserve: 52736K, Max: 512K
[15.103s][info][gc,start    ] GC(160) Concurrent reset
[15.103s][info][gc,task     ] GC(160) Using 3 of 6 workers for concurrent reset
[15.103s][info][gc,ergo     ] GC(160) Pacer for Reset. Non-Taxable: 1024M
[15.106s][info][gc          ] GC(160) Concurrent reset 2.817ms
[15.106s][info][gc,start    ] GC(160) Pause Init Mark (unload classes)
[15.106s][info][gc,task     ] GC(160) Using 6 of 6 workers for init marking
[15.106s][info][gc,ergo     ] GC(160) Pacer for Mark. Expected Live: 196M, Free: 171M, Non-Taxable: 17545K, Alloc Tax Rate: 1.4x
[15.106s][info][gc          ] GC(160) Pause Init Mark (unload classes) 0.171ms
[15.106s][info][gc,start    ] GC(160) Concurrent marking roots
[15.106s][info][gc,task     ] GC(160) Using 3 of 6 workers for concurrent marking roots
[15.107s][info][gc          ] GC(160) Concurrent marking roots 0.301ms
[15.107s][info][gc,start    ] GC(160) Concurrent marking (unload classes)
[15.107s][info][gc,task     ] GC(160) Using 3 of 6 workers for concurrent marking
[15.109s][info][gc          ] GC(160) Concurrent marking (unload classes) 2.713ms
[15.110s][info][gc,start    ] GC(160) Pause Final Mark (unload classes)
[15.110s][info][gc,task     ] GC(160) Using 6 of 6 workers for final marking
[15.110s][info][gc,ergo     ] GC(160) Adaptive CSet Selection. Target Free: 145M, Actual Free: 534M, Max CSet: 43690K, Min Garbage: 0B
[15.110s][info][gc,ergo     ] GC(160) Collectable Garbage: 499M (84%), Immediate: 336M (57%), CSet: 162M (27%)
[15.110s][info][gc,ergo     ] GC(160) Pacer for Evacuation. Used CSet: 205M, Free: 497M, Non-Taxable: 50922K, Alloc Tax Rate: 1.1x
[15.110s][info][gc          ] GC(160) Pause Final Mark (unload classes) 0.545ms
[15.110s][info][gc,start    ] GC(160) Concurrent thread roots
[15.110s][info][gc,task     ] GC(160) Using 3 of 6 workers for Concurrent thread roots
[15.110s][info][gc          ] GC(160) Concurrent thread roots 0.180ms
[15.110s][info][gc,start    ] GC(160) Concurrent weak references
[15.110s][info][gc,task     ] GC(160) Using 3 of 6 workers for concurrent weak references
[15.110s][info][gc,ref      ] GC(160) Encountered references: Soft: 47, Weak: 146, Final: 0, Phantom: 3
[15.110s][info][gc,ref      ] GC(160) Discovered  references: Soft: 0, Weak: 47, Final: 0, Phantom: 2
[15.110s][info][gc,ref      ] GC(160) Enqueued    references: Soft: 0, Weak: 0, Final: 0, Phantom: 0
[15.110s][info][gc          ] GC(160) Concurrent weak references 0.088ms
[15.110s][info][gc,start    ] GC(160) Concurrent weak roots
[15.110s][info][gc,task     ] GC(160) Using 3 of 6 workers for concurrent weak root
[15.111s][info][gc          ] GC(160) Concurrent weak roots 0.329ms
[15.111s][info][gc,start    ] GC(160) Concurrent cleanup
[15.111s][info][gc          ] GC(160) Concurrent cleanup 811M->476M(1024M) 0.095ms
[15.111s][info][gc,ergo     ] GC(160) Free: 486M, Max: 512K regular, 159M humongous, Frag: 68% external, 0% internal; Reserve: 52722K, Max: 512K
[15.111s][info][gc,start    ] GC(160) Concurrent class unloading
[15.111s][info][gc,task     ] GC(160) Using 3 of 6 workers for concurrent class unloading
[15.112s][info][gc          ] GC(160) Concurrent class unloading 1.133ms
[15.112s][info][gc,start    ] GC(160) Concurrent strong roots
[15.112s][info][gc,task     ] GC(160) Using 3 of 6 workers for concurrent strong root
[15.112s][info][gc          ] GC(160) Concurrent strong roots 0.266ms
[15.112s][info][gc,start    ] GC(160) Concurrent evacuation
[15.112s][info][gc,task     ] GC(160) Using 3 of 6 workers for concurrent evacuation
[15.127s][info][gc          ] GC(160) Concurrent evacuation 14.533ms
[15.127s][info][gc,start    ] GC(160) Pause Init Update Refs
[15.127s][info][gc,ergo     ] GC(160) Pacer for Update Refs. Used: 577M, Free: 427M, Non-Taxable: 43786K, Alloc Tax Rate: 1.7x
[15.127s][info][gc          ] GC(160) Pause Init Update Refs 0.031ms
[15.127s][info][gc,start    ] GC(160) Concurrent update references
[15.127s][info][gc,task     ] GC(160) Using 3 of 6 workers for concurrent reference update
[15.130s][info][gc          ] GC(160) Concurrent update references 3.096ms
[15.131s][info][gc,start    ] GC(160) Concurrent update thread roots
[15.131s][info][gc          ] GC(160) Concurrent update thread roots 0.449ms
[15.131s][info][gc,start    ] GC(160) Pause Final Update Refs
[15.131s][info][gc,task     ] GC(160) Using 6 of 6 workers for final reference update
[15.131s][info][gc          ] GC(160) Pause Final Update Refs 0.184ms
[15.131s][info][gc,start    ] GC(160) Concurrent cleanup
[15.132s][info][gc          ] GC(160) Concurrent cleanup 601M->397M(1024M) 0.077ms
[15.132s][info][gc,ergo     ] Free: 574M, Max: 512K regular, 132M humongous, Frag: 77% external, 37% internal; Reserve: 52736K, Max: 512K
[15.132s][info][gc,stats    ] 
[15.132s][info][gc,stats    ] All times are wall-clock times, except per-root-class counters, that are sum over
[15.132s][info][gc,stats    ] all workers. Dividing the <total> over the root stage time estimates parallelism.
[15.132s][info][gc,stats    ] 
[15.132s][info][gc,stats    ] Concurrent Reset                   2909 us
[15.132s][info][gc,stats    ] Pause Init Mark (G)                 556 us
[15.132s][info][gc,stats    ] Pause Init Mark (N)                 177 us
[15.132s][info][gc,stats    ]   Update Region States              113 us
[15.132s][info][gc,stats    ] Concurrent Mark Roots               319 us, parallelism: 0.84x
[15.132s][info][gc,stats    ]   CMR: <total>                      267 us
[15.132s][info][gc,stats    ]   CMR: Thread Roots                 208 us, workers (us):  61,  68,  80, ---, ---, ---, 
[15.132s][info][gc,stats    ]   CMR: VM Strong Roots                9 us, workers (us):   8,   0,   0, ---, ---, ---, 
[15.132s][info][gc,stats    ]   CMR: CLDG Roots                    50 us, workers (us):  50, ---, ---, ---, ---, ---, 
[15.132s][info][gc,stats    ] Concurrent Marking                 2792 us
[15.132s][info][gc,stats    ] Pause Final Mark (G)                773 us
[15.132s][info][gc,stats    ] Pause Final Mark (N)                550 us
[15.132s][info][gc,stats    ]   Finish Mark                       325 us
[15.132s][info][gc,stats    ]   Update Region States               87 us
[15.132s][info][gc,stats    ]   Choose Collection Set              79 us
[15.132s][info][gc,stats    ]   Rebuild Free Set                   19 us
[15.132s][info][gc,stats    ] Concurrent Thread Roots             192 us, parallelism: 0.66x
[15.132s][info][gc,stats    ]   CTR: <total>                      127 us
[15.132s][info][gc,stats    ]   CTR: Thread Roots                 127 us, workers (us):  65,  51,  11, ---, ---, ---, 
[15.132s][info][gc,stats    ] Concurrent Weak References           92 us, parallelism: 0.16x
[15.132s][info][gc,stats    ]   CWRF: <total>                      15 us
[15.132s][info][gc,stats    ]   CWRF: Weak References              15 us, workers (us):  15,   0,   0, ---, ---, ---, 
[15.132s][info][gc,stats    ] Concurrent Weak Roots               339 us
[15.132s][info][gc,stats    ]   Roots                             253 us, parallelism: 1.19x
[15.132s][info][gc,stats    ]     CWR: <total>                    302 us
[15.132s][info][gc,stats    ]     CWR: Code Cache Roots           255 us, workers (us):   0, 142, 113, ---, ---, ---, 
[15.132s][info][gc,stats    ]     CWR: VM Weak Roots               37 us, workers (us):  27,   3,   7, ---, ---, ---, 
[15.132s][info][gc,stats    ]     CWR: CLDG Roots                   9 us, workers (us):   9, ---, ---, ---, ---, ---, 
[15.132s][info][gc,stats    ]   Rendezvous                         66 us
[15.132s][info][gc,stats    ] Concurrent Cleanup                  101 us
[15.132s][info][gc,stats    ] Concurrent Class Unloading         1197 us
[15.132s][info][gc,stats    ]   Unlink Stale                      663 us
[15.132s][info][gc,stats    ]     System Dictionary                 9 us
[15.132s][info][gc,stats    ]     Weak Class Links                  1 us
[15.132s][info][gc,stats    ]     Code Roots                      651 us
[15.132s][info][gc,stats    ]   Rendezvous                        199 us
[15.132s][info][gc,stats    ]   Purge Unlinked                    259 us
[15.132s][info][gc,stats    ]     Code Roots                      228 us
[15.132s][info][gc,stats    ]     CLDG                             31 us
[15.132s][info][gc,stats    ]     Exception Caches                  0 us
[15.132s][info][gc,stats    ] Concurrent Strong Roots             298 us, parallelism: 0.20x
[15.132s][info][gc,stats    ]   CSR: <total>                       60 us
[15.132s][info][gc,stats    ]   CSR: VM Strong Roots                6 us, workers (us):   5,   0,   0, ---, ---, ---, 
[15.132s][info][gc,stats    ]   CSR: CLDG Roots                    54 us, workers (us):  54, ---, ---, ---, ---, ---, 
[15.132s][info][gc,stats    ] Concurrent Evacuation             14623 us
[15.132s][info][gc,stats    ] Pause Init Update Refs (G)          314 us
[15.132s][info][gc,stats    ] Pause Init Update Refs (N)           35 us
[15.132s][info][gc,stats    ]   Manage GCLABs                       5 us
[15.132s][info][gc,stats    ] Concurrent Update Refs             3193 us
[15.132s][info][gc,stats    ] Concurrent Update Thread Roots      479 us
[15.132s][info][gc,stats    ] Pause Final Update Refs (G)         429 us
[15.132s][info][gc,stats    ] Pause Final Update Refs (N)         195 us
[15.132s][info][gc,stats    ]   Update Region States              113 us
[15.132s][info][gc,stats    ]   Trash Collection Set               12 us
[15.132s][info][gc,stats    ]   Rebuild Free Set                   25 us
[15.132s][info][gc,stats    ] Concurrent Cleanup                   83 us
[15.132s][info][gc,stats    ] 
[15.132s][info][gc,stats    ] Allocation pacing accrued:
[15.132s][info][gc,stats    ]       0 of    69 ms (  0.0%): <total>
[15.132s][info][gc,stats    ]       0 of    69 ms (  0.0%): <average total>
[15.132s][info][gc,stats    ] 
[15.132s][info][gc,metaspace] Metaspace: 6358K(6528K)->6358K(6528K) NonClass: 5812K(5888K)->5812K(5888K) Class: 546K(640K)->546K(640K)
[15.132s][info][gc,ergo     ] Pacer for Idle. Initial: 20971K, Alloc Tax Rate: 1.0x
[15.173s][info][gc          ] Trigger: Average GC time (31.27 ms) is above the time for average allocation rate (4549 MB/s) to deplete free headroom (140M) (margin of error = 1.81)
[15.173s][info][gc,ergo     ] Free headroom: 192M (free) - 52428K (spike) - 0B (penalties) = 140M
[15.173s][info][gc,ergo     ] Free: 191M, Max: 512K regular, 132M humongous, Frag: 31% external, 8% internal; Reserve: 52736K, Max: 512K
[15.174s][info][gc,start    ] GC(161) Concurrent reset
[15.174s][info][gc,task     ] GC(161) Using 3 of 6 workers for concurrent reset
[15.174s][info][gc,ergo     ] GC(161) Pacer for Reset. Non-Taxable: 1024M
[15.176s][info][gc          ] GC(161) Concurrent reset 2.692ms
[15.177s][info][gc,start    ] GC(161) Pause Init Mark (unload classes)
[15.177s][info][gc,task     ] GC(161) Using 6 of 6 workers for init marking
[15.177s][info][gc,ergo     ] GC(161) Pacer for Mark. Expected Live: 196M, Free: 180M, Non-Taxable: 18459K, Alloc Tax Rate: 1.3x
[15.177s][info][gc          ] GC(161) Pause Init Mark (unload classes) 0.134ms
[15.177s][info][gc,start    ] GC(161) Concurrent marking roots
[15.177s][info][gc,task     ] GC(161) Using 3 of 6 workers for concurrent marking roots
[15.177s][info][gc          ] GC(161) Concurrent marking roots 0.256ms
[15.177s][info][gc,start    ] GC(161) Concurrent marking (unload classes)
[15.177s][info][gc,task     ] GC(161) Using 3 of 6 workers for concurrent marking
[15.179s][info][gc          ] GC(161) Concurrent marking (unload classes) 2.363ms
[15.180s][info][gc,start    ] GC(161) Pause Final Mark (unload classes)
[15.180s][info][gc,task     ] GC(161) Using 6 of 6 workers for final marking
[15.180s][info][gc,ergo     ] GC(161) Adaptive CSet Selection. Target Free: 145M, Actual Free: 530M, Max CSet: 43690K, Min Garbage: 0B
[15.180s][info][gc,ergo     ] GC(161) Collectable Garbage: 487M (84%), Immediate: 319M (55%), CSet: 167M (28%)
[15.180s][info][gc,ergo     ] GC(161) Pacer for Evacuation. Used CSet: 210M, Free: 492M, Non-Taxable: 50455K, Alloc Tax Rate: 1.1x
[15.180s][info][gc          ] GC(161) Pause Final Mark (unload classes) 0.609ms
[15.180s][info][gc,start    ] GC(161) Concurrent thread roots
[15.180s][info][gc,task     ] GC(161) Using 3 of 6 workers for Concurrent thread roots
[15.181s][info][gc          ] GC(161) Concurrent thread roots 0.177ms
[15.181s][info][gc,start    ] GC(161) Concurrent weak references
[15.181s][info][gc,task     ] GC(161) Using 3 of 6 workers for concurrent weak references
[15.181s][info][gc,ref      ] GC(161) Encountered references: Soft: 47, Weak: 146, Final: 0, Phantom: 3
[15.181s][info][gc,ref      ] GC(161) Discovered  references: Soft: 0, Weak: 57, Final: 0, Phantom: 2
[15.181s][info][gc,ref      ] GC(161) Enqueued    references: Soft: 0, Weak: 0, Final: 0, Phantom: 0
[15.181s][info][gc          ] GC(161) Concurrent weak references 0.135ms
[15.181s][info][gc,start    ] GC(161) Concurrent weak roots
[15.181s][info][gc,task     ] GC(161) Using 3 of 6 workers for concurrent weak root
[15.181s][info][gc          ] GC(161) Concurrent weak roots 0.376ms
[15.181s][info][gc,start    ] GC(161) Concurrent cleanup
[15.181s][info][gc          ] GC(161) Concurrent cleanup 800M->482M(1024M) 0.109ms
[15.181s][info][gc,ergo     ] GC(161) Free: 479M, Max: 512K regular, 186M humongous, Frag: 62% external, 0% internal; Reserve: 52736K, Max: 512K
[15.181s][info][gc,start    ] GC(161) Concurrent class unloading
[15.181s][info][gc,task     ] GC(161) Using 3 of 6 workers for concurrent class unloading
[15.182s][info][gc          ] GC(161) Concurrent class unloading 1.010ms
[15.182s][info][gc,start    ] GC(161) Concurrent strong roots
[15.182s][info][gc,task     ] GC(161) Using 3 of 6 workers for concurrent strong root
[15.182s][info][gc          ] GC(161) Concurrent strong roots 0.149ms
[15.182s][info][gc,start    ] GC(161) Concurrent evacuation
[15.182s][info][gc,task     ] GC(161) Using 3 of 6 workers for concurrent evacuation
[15.197s][info][gc          ] GC(161) Concurrent evacuation 14.843ms
[15.198s][info][gc,start    ] GC(161) Pause Init Update Refs
[15.198s][info][gc,ergo     ] GC(161) Pacer for Update Refs. Used: 584M, Free: 420M, Non-Taxable: 43105K, Alloc Tax Rate: 1.7x
[15.198s][info][gc          ] GC(161) Pause Init Update Refs 0.035ms
[15.198s][info][gc,start    ] GC(161) Concurrent update references
[15.198s][info][gc,task     ] GC(161) Using 3 of 6 workers for concurrent reference update
[15.201s][info][gc          ] GC(161) Concurrent update references 3.050ms
[15.201s][info][gc,start    ] GC(161) Concurrent update thread roots
[15.201s][info][gc          ] GC(161) Concurrent update thread roots 0.469ms
[15.202s][info][gc,start    ] GC(161) Pause Final Update Refs
[15.202s][info][gc,task     ] GC(161) Using 6 of 6 workers for final reference update
[15.202s][info][gc          ] GC(161) Pause Final Update Refs 0.257ms
[15.202s][info][gc,start    ] GC(161) Concurrent cleanup
[15.202s][info][gc          ] GC(161) Concurrent cleanup 609M->400M(1024M) 0.124ms
[15.202s][info][gc,ergo     ] Free: 572M, Max: 512K regular, 155M humongous, Frag: 73% external, 37% internal; Reserve: 52736K, Max: 512K
[15.202s][info][gc,stats    ] 
[15.202s][info][gc,stats    ] All times are wall-clock times, except per-root-class counters, that are sum over
[15.202s][info][gc,stats    ] all workers. Dividing the <total> over the root stage time estimates parallelism.
[15.202s][info][gc,stats    ] 
[15.202s][info][gc,stats    ] Concurrent Reset                   2797 us
[15.202s][info][gc,stats    ] Pause Init Mark (G)                 410 us
[15.202s][info][gc,stats    ] Pause Init Mark (N)                 139 us
[15.202s][info][gc,stats    ]   Update Region States               91 us
[15.202s][info][gc,stats    ] Concurrent Mark Roots               266 us, parallelism: 1.01x
[15.202s][info][gc,stats    ]   CMR: <total>                      268 us
[15.202s][info][gc,stats    ]   CMR: Thread Roots                 201 us, workers (us):  50,  71,  80, ---, ---, ---, 
[15.202s][info][gc,stats    ]   CMR: VM Strong Roots                8 us, workers (us):   8,   0,   0, ---, ---, ---, 
[15.202s][info][gc,stats    ]   CMR: CLDG Roots                    59 us, workers (us):  59, ---, ---, ---, ---, ---, 
[15.202s][info][gc,stats    ] Concurrent Marking                 2490 us
[15.202s][info][gc,stats    ] Pause Final Mark (G)                831 us
[15.202s][info][gc,stats    ] Pause Final Mark (N)                613 us
[15.202s][info][gc,stats    ]   Finish Mark                       369 us
[15.202s][info][gc,stats    ]   Update Region States               87 us
[15.202s][info][gc,stats    ]   Choose Collection Set              84 us
[15.202s][info][gc,stats    ]   Rebuild Free Set                   19 us
[15.202s][info][gc,stats    ] Concurrent Thread Roots             202 us, parallelism: 0.70x
[15.202s][info][gc,stats    ]   CTR: <total>                      142 us
[15.202s][info][gc,stats    ]   CTR: Thread Roots                 142 us, workers (us):  46,  46,  50, ---, ---, ---, 
[15.202s][info][gc,stats    ] Concurrent Weak References          139 us, parallelism: 0.10x
[15.202s][info][gc,stats    ]   CWRF: <total>                      13 us
[15.202s][info][gc,stats    ]   CWRF: Weak References              13 us, workers (us):   2,  11,   0, ---, ---, ---, 
[15.202s][info][gc,stats    ] Concurrent Weak Roots               388 us
[15.202s][info][gc,stats    ]   Roots                             255 us, parallelism: 0.98x
[15.202s][info][gc,stats    ]     CWR: <total>                    250 us
[15.202s][info][gc,stats    ]     CWR: Code Cache Roots           210 us, workers (us): 133,   0,  77, ---, ---, ---, 
[15.202s][info][gc,stats    ]     CWR: VM Weak Roots               32 us, workers (us):  18,  13,   1, ---, ---, ---, 
[15.202s][info][gc,stats    ]     CWR: CLDG Roots                   8 us, workers (us): ---,   8, ---, ---, ---, ---, 
[15.202s][info][gc,stats    ]   Rendezvous                        113 us
[15.202s][info][gc,stats    ] Concurrent Cleanup                  116 us
[15.202s][info][gc,stats    ] Concurrent Class Unloading         1077 us
[15.202s][info][gc,stats    ]   Unlink Stale                      594 us
[15.202s][info][gc,stats    ]     System Dictionary                 8 us
[15.202s][info][gc,stats    ]     Weak Class Links                  1 us
[15.202s][info][gc,stats    ]     Code Roots                      584 us
[15.202s][info][gc,stats    ]   Rendezvous                        164 us
[15.202s][info][gc,stats    ]   Purge Unlinked                    239 us
[15.202s][info][gc,stats    ]     Code Roots                      208 us
[15.202s][info][gc,stats    ]     CLDG                             30 us
[15.202s][info][gc,stats    ]     Exception Caches                  0 us
[15.202s][info][gc,stats    ] Concurrent Strong Roots             164 us, parallelism: 0.23x
[15.202s][info][gc,stats    ]   CSR: <total>                       37 us
[15.202s][info][gc,stats    ]   CSR: VM Strong Roots                2 us, workers (us):   2,   0,   0, ---, ---, ---, 
[15.202s][info][gc,stats    ]   CSR: CLDG Roots                    35 us, workers (us):  35, ---, ---, ---, ---, ---, 
[15.202s][info][gc,stats    ] Concurrent Evacuation             14941 us
[15.202s][info][gc,stats    ] Pause Init Update Refs (G)          409 us
[15.202s][info][gc,stats    ] Pause Init Update Refs (N)           40 us
[15.202s][info][gc,stats    ]   Manage GCLABs                       5 us
[15.202s][info][gc,stats    ] Concurrent Update Refs             3139 us
[15.202s][info][gc,stats    ] Concurrent Update Thread Roots      491 us
[15.202s][info][gc,stats    ] Pause Final Update Refs (G)         549 us
[15.202s][info][gc,stats    ] Pause Final Update Refs (N)         272 us
[15.202s][info][gc,stats    ]   Update Region States              196 us
[15.202s][info][gc,stats    ]   Trash Collection Set               10 us
[15.202s][info][gc,stats    ]   Rebuild Free Set                   24 us
[15.202s][info][gc,stats    ] Concurrent Cleanup                  137 us
[15.202s][info][gc,stats    ] 
[15.202s][info][gc,stats    ] Allocation pacing accrued:
[15.202s][info][gc,stats    ]       0 of    71 ms (  0.0%): <total>
[15.202s][info][gc,stats    ]       0 of    71 ms (  0.0%): <average total>
[15.202s][info][gc,stats    ] 
[15.203s][info][gc,metaspace] Metaspace: 6358K(6528K)->6358K(6528K) NonClass: 5812K(5888K)->5812K(5888K) Class: 546K(640K)->546K(640K)
[15.203s][info][gc,ergo     ] Pacer for Idle. Initial: 20971K, Alloc Tax Rate: 1.0x
[15.250s][info][gc          ] Trigger: Average GC time (31.07 ms) is above the time for average allocation rate (4549 MB/s) to deplete free headroom (133M) (margin of error = 1.82)
[15.250s][info][gc,ergo     ] Free headroom: 184M (free) - 52428K (spike) - 0B (penalties) = 133M
[15.250s][info][gc,ergo     ] Free: 184M, Max: 512K regular, 155M humongous, Frag: 15% external, 22% internal; Reserve: 52736K, Max: 512K
[15.250s][info][gc,start    ] GC(162) Concurrent reset
[15.250s][info][gc,task     ] GC(162) Using 3 of 6 workers for concurrent reset
[15.250s][info][gc,ergo     ] GC(162) Pacer for Reset. Non-Taxable: 1024M
[15.253s][info][gc          ] GC(162) Concurrent reset 3.265ms
[15.253s][info][gc,start    ] GC(162) Pause Init Mark (unload classes)
[15.254s][info][gc,task     ] GC(162) Using 6 of 6 workers for init marking
[15.254s][info][gc,ergo     ] GC(162) Pacer for Mark. Expected Live: 196M, Free: 172M, Non-Taxable: 17699K, Alloc Tax Rate: 1.4x
[15.254s][info][gc          ] GC(162) Pause Init Mark (unload classes) 0.240ms
[15.254s][info][gc,start    ] GC(162) Concurrent marking roots
[15.254s][info][gc,task     ] GC(162) Using 3 of 6 workers for concurrent marking roots
[15.254s][info][gc          ] GC(162) Concurrent marking roots 0.332ms
[15.254s][info][gc,start    ] GC(162) Concurrent marking (unload classes)
[15.254s][info][gc,task     ] GC(162) Using 3 of 6 workers for concurrent marking
[15.257s][info][gc          ] GC(162) Concurrent marking (unload classes) 2.875ms
[15.257s][info][gc,start    ] GC(162) Pause Final Mark (unload classes)
[15.257s][info][gc,task     ] GC(162) Using 6 of 6 workers for final marking
[15.258s][info][gc,ergo     ] GC(162) Adaptive CSet Selection. Target Free: 145M, Actual Free: 544M, Max CSet: 43690K, Min Garbage: 0B
[15.258s][info][gc,ergo     ] GC(162) Collectable Garbage: 500M (85%), Immediate: 342M (58%), CSet: 157M (26%)
[15.258s][info][gc,ergo     ] GC(162) Pacer for Evacuation. Used CSet: 200M, Free: 506M, Non-Taxable: 51853K, Alloc Tax Rate: 1.1x
[15.258s][info][gc          ] GC(162) Pause Final Mark (unload classes) 0.635ms
[15.258s][info][gc,start    ] GC(162) Concurrent thread roots
[15.258s][info][gc,task     ] GC(162) Using 3 of 6 workers for Concurrent thread roots
[15.258s][info][gc          ] GC(162) Concurrent thread roots 0.249ms
[15.258s][info][gc,start    ] GC(162) Concurrent weak references
[15.258s][info][gc,task     ] GC(162) Using 3 of 6 workers for concurrent weak references
[15.259s][info][gc,ref      ] GC(162) Encountered references: Soft: 47, Weak: 146, Final: 0, Phantom: 3
[15.259s][info][gc,ref      ] GC(162) Discovered  references: Soft: 0, Weak: 48, Final: 0, Phantom: 2
[15.259s][info][gc,ref      ] GC(162) Enqueued    references: Soft: 0, Weak: 0, Final: 0, Phantom: 0
[15.259s][info][gc          ] GC(162) Concurrent weak references 0.172ms
[15.259s][info][gc,start    ] GC(162) Concurrent weak roots
[15.259s][info][gc,task     ] GC(162) Using 3 of 6 workers for concurrent weak root
[15.259s][info][gc          ] GC(162) Concurrent weak roots 0.486ms
[15.259s][info][gc,start    ] GC(162) Concurrent cleanup
[15.259s][info][gc          ] GC(162) Concurrent cleanup 810M->469M(1024M) 0.194ms
[15.259s][info][gc,ergo     ] GC(162) Free: 492M, Max: 512K regular, 173M humongous, Frag: 65% external, 0% internal; Reserve: 52722K, Max: 512K
[15.259s][info][gc,start    ] GC(162) Concurrent class unloading
[15.259s][info][gc,task     ] GC(162) Using 3 of 6 workers for concurrent class unloading
[15.260s][info][gc          ] GC(162) Concurrent class unloading 1.151ms
[15.260s][info][gc,start    ] GC(162) Concurrent strong roots
[15.261s][info][gc,task     ] GC(162) Using 3 of 6 workers for concurrent strong root
[15.261s][info][gc          ] GC(162) Concurrent strong roots 0.168ms
[15.261s][info][gc,start    ] GC(162) Concurrent evacuation
[15.261s][info][gc,task     ] GC(162) Using 3 of 6 workers for concurrent evacuation
[15.275s][info][gc          ] GC(162) Concurrent evacuation 14.689ms
[15.276s][info][gc,start    ] GC(162) Pause Init Update Refs
[15.276s][info][gc,ergo     ] GC(162) Pacer for Update Refs. Used: 565M, Free: 439M, Non-Taxable: 45042K, Alloc Tax Rate: 1.6x
[15.276s][info][gc          ] GC(162) Pause Init Update Refs 0.075ms
[15.276s][info][gc,start    ] GC(162) Concurrent update references
[15.276s][info][gc,task     ] GC(162) Using 3 of 6 workers for concurrent reference update
[15.279s][info][gc          ] GC(162) Concurrent update references 3.258ms
[15.279s][info][gc,start    ] GC(162) Concurrent update thread roots
[15.280s][info][gc          ] GC(162) Concurrent update thread roots 0.471ms
[15.280s][info][gc,start    ] GC(162) Pause Final Update Refs
[15.280s][info][gc,task     ] GC(162) Using 6 of 6 workers for final reference update
[15.280s][info][gc          ] GC(162) Pause Final Update Refs 0.228ms
[15.280s][info][gc,start    ] GC(162) Concurrent cleanup
[15.280s][info][gc          ] GC(162) Concurrent cleanup 591M->391M(1024M) 0.084ms
[15.281s][info][gc,ergo     ] Free: 580M, Max: 512K regular, 146M humongous, Frag: 75% external, 36% internal; Reserve: 52736K, Max: 512K
[15.281s][info][gc,stats    ] 
[15.281s][info][gc,stats    ] All times are wall-clock times, except per-root-class counters, that are sum over
[15.281s][info][gc,stats    ] all workers. Dividing the <total> over the root stage time estimates parallelism.
[15.281s][info][gc,stats    ] 
[15.281s][info][gc,stats    ] Concurrent Reset                   3378 us
[15.281s][info][gc,stats    ] Pause Init Mark (G)                 602 us
[15.281s][info][gc,stats    ] Pause Init Mark (N)                 246 us
[15.281s][info][gc,stats    ]   Update Region States              183 us
[15.281s][info][gc,stats    ] Concurrent Mark Roots               347 us, parallelism: 1.01x
[15.281s][info][gc,stats    ]   CMR: <total>                      351 us
[15.281s][info][gc,stats    ]   CMR: Thread Roots                 257 us, workers (us):  18, 151,  88, ---, ---, ---, 
[15.281s][info][gc,stats    ]   CMR: VM Strong Roots               13 us, workers (us):  13,   0,   0, ---, ---, ---, 
[15.281s][info][gc,stats    ]   CMR: CLDG Roots                    80 us, workers (us):  80, ---, ---, ---, ---, ---, 
[15.281s][info][gc,stats    ] Concurrent Marking                 2970 us
[15.281s][info][gc,stats    ] Pause Final Mark (G)                942 us
[15.281s][info][gc,stats    ] Pause Final Mark (N)                640 us
[15.281s][info][gc,stats    ]   Finish Mark                       312 us
[15.281s][info][gc,stats    ]   Update Region States              165 us
[15.281s][info][gc,stats    ]   Choose Collection Set              96 us
[15.281s][info][gc,stats    ]   Rebuild Free Set                   19 us
[15.281s][info][gc,stats    ] Concurrent Thread Roots             262 us, parallelism: 0.68x
[15.281s][info][gc,stats    ]   CTR: <total>                      178 us
[15.281s][info][gc,stats    ]   CTR: Thread Roots                 178 us, workers (us):  48,  60,  70, ---, ---, ---, 
[15.281s][info][gc,stats    ] Concurrent Weak References          176 us, parallelism: 0.07x
[15.281s][info][gc,stats    ]   CWRF: <total>                      13 us
[15.281s][info][gc,stats    ]   CWRF: Weak References              13 us, workers (us):   9,   3,   1, ---, ---, ---, 
[15.281s][info][gc,stats    ] Concurrent Weak Roots               504 us
[15.281s][info][gc,stats    ]   Roots                             312 us, parallelism: 1.08x
[15.281s][info][gc,stats    ]     CWR: <total>                    337 us
[15.281s][info][gc,stats    ]     CWR: Code Cache Roots           274 us, workers (us):   0, 127, 147, ---, ---, ---, 
[15.281s][info][gc,stats    ]     CWR: VM Weak Roots               48 us, workers (us):  25,  13,   9, ---, ---, ---, 
[15.281s][info][gc,stats    ]     CWR: CLDG Roots                  15 us, workers (us):  15, ---, ---, ---, ---, ---, 
[15.281s][info][gc,stats    ]   Rendezvous                        163 us
[15.281s][info][gc,stats    ] Concurrent Cleanup                  206 us
[15.281s][info][gc,stats    ] Concurrent Class Unloading         1227 us
[15.281s][info][gc,stats    ]   Unlink Stale                      791 us
[15.281s][info][gc,stats    ]     System Dictionary                12 us
[15.281s][info][gc,stats    ]     Weak Class Links                  0 us
[15.281s][info][gc,stats    ]     Code Roots                      778 us
[15.281s][info][gc,stats    ]   Rendezvous                        142 us
[15.281s][info][gc,stats    ]   Purge Unlinked                    199 us
[15.281s][info][gc,stats    ]     Code Roots                      168 us
[15.281s][info][gc,stats    ]     CLDG                             30 us
[15.281s][info][gc,stats    ]     Exception Caches                  1 us
[15.281s][info][gc,stats    ] Concurrent Strong Roots             184 us, parallelism: 0.35x
[15.281s][info][gc,stats    ]   CSR: <total>                       65 us
[15.281s][info][gc,stats    ]   CSR: VM Strong Roots                8 us, workers (us):   8,   0,   0, ---, ---, ---, 
[15.281s][info][gc,stats    ]   CSR: CLDG Roots                    57 us, workers (us):  57, ---, ---, ---, ---, ---, 
[15.281s][info][gc,stats    ] Concurrent Evacuation             14804 us
[15.281s][info][gc,stats    ] Pause Init Update Refs (G)          455 us
[15.281s][info][gc,stats    ] Pause Init Update Refs (N)           80 us
[15.281s][info][gc,stats    ]   Manage GCLABs                       7 us
[15.281s][info][gc,stats    ] Concurrent Update Refs             3349 us
[15.281s][info][gc,stats    ] Concurrent Update Thread Roots      506 us
[15.281s][info][gc,stats    ] Pause Final Update Refs (G)         554 us
[15.281s][info][gc,stats    ] Pause Final Update Refs (N)         239 us
[15.281s][info][gc,stats    ]   Update Region States              147 us
[15.281s][info][gc,stats    ]   Trash Collection Set               17 us
[15.281s][info][gc,stats    ]   Rebuild Free Set                   33 us
[15.281s][info][gc,stats    ] Concurrent Cleanup                   92 us
[15.281s][info][gc,stats    ] 
[15.281s][info][gc,stats    ] Allocation pacing accrued:
[15.281s][info][gc,stats    ]       0 of    78 ms (  0.0%): <total>
[15.281s][info][gc,stats    ]       0 of    78 ms (  0.0%): <average total>
[15.281s][info][gc,stats    ] 
[15.281s][info][gc,metaspace] Metaspace: 6358K(6528K)->6358K(6528K) NonClass: 5812K(5888K)->5812K(5888K) Class: 546K(640K)->546K(640K)
[15.281s][info][gc,ergo     ] Pacer for Idle. Initial: 20971K, Alloc Tax Rate: 1.0x
[15.332s][info][gc          ] Trigger: Average GC time (32.63 ms) is above the time for average allocation rate (4550 MB/s) to deplete free headroom (140M) (margin of error = 1.83)
[15.332s][info][gc,ergo     ] Free headroom: 191M (free) - 52428K (spike) - 0B (penalties) = 140M
[15.332s][info][gc,ergo     ] Free: 190M, Max: 512K regular, 146M humongous, Frag: 23% external, 14% internal; Reserve: 52736K, Max: 512K
[15.332s][info][gc,start    ] GC(163) Concurrent reset
[15.332s][info][gc,task     ] GC(163) Using 3 of 6 workers for concurrent reset
[15.332s][info][gc,ergo     ] GC(163) Pacer for Reset. Non-Taxable: 1024M
[15.335s][info][gc          ] GC(163) Concurrent reset 2.523ms
[15.335s][info][gc,start    ] GC(163) Pause Init Mark (unload classes)
[15.335s][info][gc,task     ] GC(163) Using 6 of 6 workers for init marking
[15.335s][info][gc,ergo     ] GC(163) Pacer for Mark. Expected Live: 196M, Free: 179M, Non-Taxable: 18358K, Alloc Tax Rate: 1.3x
[15.335s][info][gc          ] GC(163) Pause Init Mark (unload classes) 0.271ms
[15.335s][info][gc,start    ] GC(163) Concurrent marking roots
[15.335s][info][gc,task     ] GC(163) Using 3 of 6 workers for concurrent marking roots
[15.336s][info][gc          ] GC(163) Concurrent marking roots 0.242ms
[15.336s][info][gc,start    ] GC(163) Concurrent marking (unload classes)
[15.336s][info][gc,task     ] GC(163) Using 3 of 6 workers for concurrent marking
[15.338s][info][gc          ] GC(163) Concurrent marking (unload classes) 2.100ms
[15.338s][info][gc,start    ] GC(163) Pause Final Mark (unload classes)
[15.338s][info][gc,task     ] GC(163) Using 6 of 6 workers for final marking
[15.338s][info][gc,ergo     ] GC(163) Adaptive CSet Selection. Target Free: 145M, Actual Free: 538M, Max CSet: 43690K, Min Garbage: 0B
[15.338s][info][gc,ergo     ] GC(163) Collectable Garbage: 492M (84%), Immediate: 332M (57%), CSet: 160M (27%)
[15.338s][info][gc,ergo     ] GC(163) Pacer for Evacuation. Used CSet: 202M, Free: 500M, Non-Taxable: 51293K, Alloc Tax Rate: 1.1x
[15.338s][info][gc          ] GC(163) Pause Final Mark (unload classes) 0.524ms
[15.339s][info][gc,start    ] GC(163) Concurrent thread roots
[15.339s][info][gc,task     ] GC(163) Using 3 of 6 workers for Concurrent thread roots
[15.339s][info][gc          ] GC(163) Concurrent thread roots 0.192ms
[15.339s][info][gc,start    ] GC(163) Concurrent weak references
[15.339s][info][gc,task     ] GC(163) Using 3 of 6 workers for concurrent weak references
[15.339s][info][gc,ref      ] GC(163) Encountered references: Soft: 47, Weak: 146, Final: 0, Phantom: 3
[15.339s][info][gc,ref      ] GC(163) Discovered  references: Soft: 0, Weak: 52, Final: 0, Phantom: 2
[15.339s][info][gc,ref      ] GC(163) Enqueued    references: Soft: 0, Weak: 0, Final: 0, Phantom: 0
[15.339s][info][gc          ] GC(163) Concurrent weak references 0.139ms
[15.339s][info][gc,start    ] GC(163) Concurrent weak roots
[15.339s][info][gc,task     ] GC(163) Using 3 of 6 workers for concurrent weak root
[15.339s][info][gc          ] GC(163) Concurrent weak roots 0.331ms
[15.339s][info][gc,start    ] GC(163) Concurrent cleanup
[15.339s][info][gc          ] GC(163) Concurrent cleanup 804M->473M(1024M) 0.091ms
[15.339s][info][gc,ergo     ] GC(163) Free: 488M, Max: 512K regular, 175M humongous, Frag: 65% external, 0% internal; Reserve: 52720K, Max: 512K
[15.339s][info][gc,start    ] GC(163) Concurrent class unloading
[15.339s][info][gc,task     ] GC(163) Using 3 of 6 workers for concurrent class unloading
[15.340s][info][gc          ] GC(163) Concurrent class unloading 0.839ms
[15.340s][info][gc,start    ] GC(163) Concurrent strong roots
[15.340s][info][gc,task     ] GC(163) Using 3 of 6 workers for concurrent strong root
[15.340s][info][gc          ] GC(163) Concurrent strong roots 0.121ms
[15.340s][info][gc,start    ] GC(163) Concurrent evacuation
[15.340s][info][gc,task     ] GC(163) Using 3 of 6 workers for concurrent evacuation
[15.353s][info][gc          ] GC(163) Concurrent evacuation 12.989ms
[15.354s][info][gc,start    ] GC(163) Pause Init Update Refs
[15.354s][info][gc,ergo     ] GC(163) Pacer for Update Refs. Used: 570M, Free: 434M, Non-Taxable: 44534K, Alloc Tax Rate: 1.6x
[15.354s][info][gc          ] GC(163) Pause Init Update Refs 0.034ms
[15.354s][info][gc,start    ] GC(163) Concurrent update references
[15.354s][info][gc,task     ] GC(163) Using 3 of 6 workers for concurrent reference update
[15.357s][info][gc          ] GC(163) Concurrent update references 2.839ms
[15.357s][info][gc,start    ] GC(163) Concurrent update thread roots
[15.357s][info][gc          ] GC(163) Concurrent update thread roots 0.368ms
[15.357s][info][gc,start    ] GC(163) Pause Final Update Refs
[15.357s][info][gc,task     ] GC(163) Using 6 of 6 workers for final reference update
[15.357s][info][gc          ] GC(163) Pause Final Update Refs 0.256ms
[15.358s][info][gc,start    ] GC(163) Concurrent cleanup
[15.358s][info][gc          ] GC(163) Concurrent cleanup 593M->390M(1024M) 0.058ms
[15.358s][info][gc,ergo     ] Free: 581M, Max: 512K regular, 145M humongous, Frag: 75% external, 36% internal; Reserve: 52736K, Max: 512K
[15.358s][info][gc,stats    ] 
[15.358s][info][gc,stats    ] All times are wall-clock times, except per-root-class counters, that are sum over
[15.358s][info][gc,stats    ] all workers. Dividing the <total> over the root stage time estimates parallelism.
[15.358s][info][gc,stats    ] 
[15.358s][info][gc,stats    ] Concurrent Reset                   2597 us
[15.358s][info][gc,stats    ] Pause Init Mark (G)                 552 us
[15.358s][info][gc,stats    ] Pause Init Mark (N)                 277 us
[15.358s][info][gc,stats    ]   Update Region States              210 us
[15.358s][info][gc,stats    ] Concurrent Mark Roots               253 us, parallelism: 0.91x
[15.358s][info][gc,stats    ]   CMR: <total>                      230 us
[15.358s][info][gc,stats    ]   CMR: Thread Roots                 160 us, workers (us):  11,  93,  55, ---, ---, ---, 
[15.358s][info][gc,stats    ]   CMR: VM Strong Roots                7 us, workers (us):   6,   0,   0, ---, ---, ---, 
[15.358s][info][gc,stats    ]   CMR: CLDG Roots                    63 us, workers (us):  63, ---, ---, ---, ---, ---, 
[15.358s][info][gc,stats    ] Concurrent Marking                 2164 us
[15.358s][info][gc,stats    ] Pause Final Mark (G)                787 us
[15.358s][info][gc,stats    ] Pause Final Mark (N)                529 us
[15.358s][info][gc,stats    ]   Finish Mark                       274 us
[15.358s][info][gc,stats    ]   Update Region States               93 us
[15.358s][info][gc,stats    ]   Choose Collection Set             100 us
[15.358s][info][gc,stats    ]   Rebuild Free Set                   19 us
[15.358s][info][gc,stats    ] Concurrent Thread Roots             203 us, parallelism: 0.65x
[15.358s][info][gc,stats    ]   CTR: <total>                      131 us
[15.358s][info][gc,stats    ]   CTR: Thread Roots                 131 us, workers (us):  48,  38,  45, ---, ---, ---, 
[15.358s][info][gc,stats    ] Concurrent Weak References          143 us, parallelism: 0.08x
[15.358s][info][gc,stats    ]   CWRF: <total>                      11 us
[15.358s][info][gc,stats    ]   CWRF: Weak References              11 us, workers (us):  11,   0,   0, ---, ---, ---, 
[15.358s][info][gc,stats    ] Concurrent Weak Roots               342 us
[15.358s][info][gc,stats    ]   Roots                             252 us, parallelism: 1.04x
[15.358s][info][gc,stats    ]     CWR: <total>                    261 us
[15.358s][info][gc,stats    ]     CWR: Code Cache Roots           208 us, workers (us):   0, 117,  91, ---, ---, ---, 
[15.358s][info][gc,stats    ]     CWR: VM Weak Roots               43 us, workers (us):  29,   7,   8, ---, ---, ---, 
[15.358s][info][gc,stats    ]     CWR: CLDG Roots                  10 us, workers (us):  10, ---, ---, ---, ---, ---, 
[15.358s][info][gc,stats    ]   Rendezvous                         70 us
[15.358s][info][gc,stats    ] Concurrent Cleanup                   96 us
[15.358s][info][gc,stats    ] Concurrent Class Unloading          862 us
[15.358s][info][gc,stats    ]   Unlink Stale                      572 us
[15.358s][info][gc,stats    ]     System Dictionary                 9 us
[15.358s][info][gc,stats    ]     Weak Class Links                  1 us
[15.358s][info][gc,stats    ]     Code Roots                      562 us
[15.358s][info][gc,stats    ]   Rendezvous                        106 us
[15.358s][info][gc,stats    ]   Purge Unlinked                    147 us
[15.358s][info][gc,stats    ]     Code Roots                      123 us
[15.358s][info][gc,stats    ]     CLDG                             24 us
[15.358s][info][gc,stats    ]     Exception Caches                  0 us
[15.358s][info][gc,stats    ] Concurrent Strong Roots             133 us, parallelism: 0.30x
[15.358s][info][gc,stats    ]   CSR: <total>                       40 us
[15.358s][info][gc,stats    ]   CSR: VM Strong Roots                5 us, workers (us):   5,   0,   0, ---, ---, ---, 
[15.358s][info][gc,stats    ]   CSR: CLDG Roots                    35 us, workers (us):  35, ---, ---, ---, ---, ---, 
[15.358s][info][gc,stats    ] Concurrent Evacuation             13071 us
[15.358s][info][gc,stats    ] Pause Init Update Refs (G)          326 us
[15.358s][info][gc,stats    ] Pause Init Update Refs (N)           39 us
[15.358s][info][gc,stats    ]   Manage GCLABs                       4 us
[15.358s][info][gc,stats    ] Concurrent Update Refs             2909 us
[15.358s][info][gc,stats    ] Concurrent Update Thread Roots      383 us
[15.358s][info][gc,stats    ] Pause Final Update Refs (G)         496 us
[15.358s][info][gc,stats    ] Pause Final Update Refs (N)         270 us
[15.358s][info][gc,stats    ]   Update Region States              195 us
[15.358s][info][gc,stats    ]   Trash Collection Set                9 us
[15.358s][info][gc,stats    ]   Rebuild Free Set                   25 us
[15.358s][info][gc,stats    ] Concurrent Cleanup                   64 us
[15.358s][info][gc,stats    ] 
[15.358s][info][gc,stats    ] Allocation pacing accrued:
[15.358s][info][gc,stats    ]       0 of    77 ms (  0.0%): <total>
[15.358s][info][gc,stats    ]       0 of    77 ms (  0.0%): <average total>
[15.358s][info][gc,stats    ] 
[15.358s][info][gc,metaspace] Metaspace: 6358K(6528K)->6358K(6528K) NonClass: 5812K(5888K)->5812K(5888K) Class: 546K(640K)->546K(640K)
[15.358s][info][gc,ergo     ] Pacer for Idle. Initial: 20971K, Alloc Tax Rate: 1.0x
[15.389s][info][gc          ] Trigger: Average GC time (31.60 ms) is above the time for average allocation rate (4550 MB/s) to deplete free headroom (140M) (margin of error = 1.84)
[15.389s][info][gc,ergo     ] Free headroom: 191M (free) - 52428K (spike) - 0B (penalties) = 140M
[15.389s][info][gc,ergo     ] Free: 190M, Max: 512K regular, 145M humongous, Frag: 24% external, 19% internal; Reserve: 52736K, Max: 512K
[15.390s][info][gc,start    ] GC(164) Concurrent reset
[15.390s][info][gc,task     ] GC(164) Using 3 of 6 workers for concurrent reset
[15.390s][info][gc,ergo     ] GC(164) Pacer for Reset. Non-Taxable: 1024M
[15.392s][info][gc          ] GC(164) Concurrent reset 2.411ms
[15.392s][info][gc,start    ] GC(164) Pause Init Mark (unload classes)
[15.392s][info][gc,task     ] GC(164) Using 6 of 6 workers for init marking
[15.392s][info][gc,ergo     ] GC(164) Pacer for Mark. Expected Live: 196M, Free: 177M, Non-Taxable: 18218K, Alloc Tax Rate: 1.3x
[15.392s][info][gc          ] GC(164) Pause Init Mark (unload classes) 0.146ms
[15.393s][info][gc,start    ] GC(164) Concurrent marking roots
[15.393s][info][gc,task     ] GC(164) Using 3 of 6 workers for concurrent marking roots
[15.393s][info][gc          ] GC(164) Concurrent marking roots 0.288ms
[15.393s][info][gc,start    ] GC(164) Concurrent marking (unload classes)
[15.393s][info][gc,task     ] GC(164) Using 3 of 6 workers for concurrent marking
[15.395s][info][gc          ] GC(164) Concurrent marking (unload classes) 2.229ms
[15.395s][info][gc,start    ] GC(164) Pause Final Mark (unload classes)
[15.395s][info][gc,task     ] GC(164) Using 6 of 6 workers for final marking
[15.396s][info][gc,ergo     ] GC(164) Adaptive CSet Selection. Target Free: 145M, Actual Free: 538M, Max CSet: 43690K, Min Garbage: 0B
[15.396s][info][gc,ergo     ] GC(164) Collectable Garbage: 492M (84%), Immediate: 328M (56%), CSet: 164M (28%)
[15.396s][info][gc,ergo     ] GC(164) Pacer for Evacuation. Used CSet: 206M, Free: 500M, Non-Taxable: 51249K, Alloc Tax Rate: 1.1x
[15.396s][info][gc          ] GC(164) Pause Final Mark (unload classes) 0.565ms
[15.396s][info][gc,start    ] GC(164) Concurrent thread roots
[15.396s][info][gc,task     ] GC(164) Using 3 of 6 workers for Concurrent thread roots
[15.396s][info][gc          ] GC(164) Concurrent thread roots 0.214ms
[15.396s][info][gc,start    ] GC(164) Concurrent weak references
[15.396s][info][gc,task     ] GC(164) Using 3 of 6 workers for concurrent weak references
[15.396s][info][gc,ref      ] GC(164) Encountered references: Soft: 47, Weak: 146, Final: 0, Phantom: 3
[15.396s][info][gc,ref      ] GC(164) Discovered  references: Soft: 0, Weak: 48, Final: 0, Phantom: 2
[15.396s][info][gc,ref      ] GC(164) Enqueued    references: Soft: 0, Weak: 0, Final: 0, Phantom: 0
[15.396s][info][gc          ] GC(164) Concurrent weak references 0.079ms
[15.396s][info][gc,start    ] GC(164) Concurrent weak roots
[15.396s][info][gc,task     ] GC(164) Using 3 of 6 workers for concurrent weak root
[15.396s][info][gc          ] GC(164) Concurrent weak roots 0.328ms
[15.396s][info][gc,start    ] GC(164) Concurrent cleanup
[15.397s][info][gc          ] GC(164) Concurrent cleanup 795M->467M(1024M) 0.072ms
[15.397s][info][gc,ergo     ] GC(164) Free: 500M, Max: 512K regular, 178M humongous, Frag: 64% external, 33% internal; Reserve: 52720K, Max: 512K
[15.397s][info][gc,start    ] GC(164) Concurrent class unloading
[15.397s][info][gc,task     ] GC(164) Using 3 of 6 workers for concurrent class unloading
[15.397s][info][gc          ] GC(164) Concurrent class unloading 0.609ms
[15.397s][info][gc,start    ] GC(164) Concurrent strong roots
[15.397s][info][gc,task     ] GC(164) Using 3 of 6 workers for concurrent strong root
[15.397s][info][gc          ] GC(164) Concurrent strong roots 0.097ms
[15.397s][info][gc,start    ] GC(164) Concurrent evacuation
[15.397s][info][gc,task     ] GC(164) Using 3 of 6 workers for concurrent evacuation
[15.410s][info][gc          ] GC(164) Concurrent evacuation 12.947ms
[15.411s][info][gc,start    ] GC(164) Pause Init Update Refs
[15.411s][info][gc,ergo     ] GC(164) Pacer for Update Refs. Used: 557M, Free: 454M, Non-Taxable: 46508K, Alloc Tax Rate: 1.5x
[15.411s][info][gc          ] GC(164) Pause Init Update Refs 0.028ms
[15.411s][info][gc,start    ] GC(164) Concurrent update references
[15.411s][info][gc,task     ] GC(164) Using 3 of 6 workers for concurrent reference update
[15.413s][info][gc          ] GC(164) Concurrent update references 2.736ms
[15.413s][info][gc,start    ] GC(164) Concurrent update thread roots
[15.414s][info][gc          ] GC(164) Concurrent update thread roots 0.324ms
[15.414s][info][gc,start    ] GC(164) Pause Final Update Refs
[15.414s][info][gc,task     ] GC(164) Using 6 of 6 workers for final reference update
[15.414s][info][gc          ] GC(164) Pause Final Update Refs 0.182ms
[15.414s][info][gc,start    ] GC(164) Concurrent cleanup
[15.414s][info][gc          ] GC(164) Concurrent cleanup 584M->379M(1024M) 0.076ms
[15.414s][info][gc,ergo     ] Free: 592M, Max: 512K regular, 145M humongous, Frag: 76% external, 35% internal; Reserve: 52736K, Max: 512K
[15.414s][info][gc,stats    ] 
[15.414s][info][gc,stats    ] All times are wall-clock times, except per-root-class counters, that are sum over
[15.414s][info][gc,stats    ] all workers. Dividing the <total> over the root stage time estimates parallelism.
[15.414s][info][gc,stats    ] 
[15.414s][info][gc,stats    ] Concurrent Reset                   2487 us
[15.414s][info][gc,stats    ] Pause Init Mark (G)                 491 us
[15.414s][info][gc,stats    ] Pause Init Mark (N)                 152 us
[15.414s][info][gc,stats    ]   Update Region States               99 us
[15.414s][info][gc,stats    ] Concurrent Mark Roots               303 us, parallelism: 0.72x
[15.414s][info][gc,stats    ]   CMR: <total>                      217 us
[15.414s][info][gc,stats    ]   CMR: Thread Roots                 156 us, workers (us):  51,  55,  50, ---, ---, ---, 
[15.414s][info][gc,stats    ]   CMR: VM Strong Roots                6 us, workers (us):   6,   0,   0, ---, ---, ---, 
[15.414s][info][gc,stats    ]   CMR: CLDG Roots                    55 us, workers (us):  55, ---, ---, ---, ---, ---, 
[15.415s][info][gc,stats    ] Concurrent Marking                 2257 us
[15.415s][info][gc,stats    ] Pause Final Mark (G)                721 us
[15.415s][info][gc,stats    ] Pause Final Mark (N)                570 us
[15.415s][info][gc,stats    ]   Finish Mark                       316 us
[15.415s][info][gc,stats    ]   Update Region States               93 us
[15.415s][info][gc,stats    ]   Choose Collection Set              91 us
[15.415s][info][gc,stats    ]   Rebuild Free Set                   20 us
[15.415s][info][gc,stats    ] Concurrent Thread Roots             228 us, parallelism: 0.61x
[15.415s][info][gc,stats    ]   CTR: <total>                      138 us
[15.415s][info][gc,stats    ]   CTR: Thread Roots                 138 us, workers (us):  64,  37,  37, ---, ---, ---, 
[15.415s][info][gc,stats    ] Concurrent Weak References           83 us, parallelism: 0.05x
[15.415s][info][gc,stats    ]   CWRF: <total>                       5 us
[15.415s][info][gc,stats    ]   CWRF: Weak References               5 us, workers (us):   4,   0,   0, ---, ---, ---, 
[15.415s][info][gc,stats    ] Concurrent Weak Roots               342 us
[15.415s][info][gc,stats    ]   Roots                             184 us, parallelism: 0.90x
[15.415s][info][gc,stats    ]     CWR: <total>                    165 us
[15.415s][info][gc,stats    ]     CWR: Code Cache Roots           136 us, workers (us):  76,  60,   0, ---, ---, ---, 
[15.415s][info][gc,stats    ]     CWR: VM Weak Roots               25 us, workers (us):  23,   1,   1, ---, ---, ---, 
[15.415s][info][gc,stats    ]     CWR: CLDG Roots                   4 us, workers (us): ---,   4, ---, ---, ---, ---, 
[15.415s][info][gc,stats    ]   Rendezvous                        134 us
[15.415s][info][gc,stats    ] Concurrent Cleanup                   78 us
[15.415s][info][gc,stats    ] Concurrent Class Unloading          623 us
[15.415s][info][gc,stats    ]   Unlink Stale                      277 us
[15.415s][info][gc,stats    ]     System Dictionary                 3 us
[15.415s][info][gc,stats    ]     Weak Class Links                  0 us
[15.415s][info][gc,stats    ]     Code Roots                      273 us
[15.415s][info][gc,stats    ]   Rendezvous                        133 us
[15.415s][info][gc,stats    ]   Purge Unlinked                    178 us
[15.415s][info][gc,stats    ]     Code Roots                      138 us
[15.415s][info][gc,stats    ]     CLDG                             39 us
[15.415s][info][gc,stats    ]     Exception Caches                  0 us
[15.415s][info][gc,stats    ] Concurrent Strong Roots             108 us, parallelism: 0.20x
[15.415s][info][gc,stats    ]   CSR: <total>                       22 us
[15.415s][info][gc,stats    ]   CSR: VM Strong Roots                3 us, workers (us):   2,   0,   0, ---, ---, ---, 
[15.415s][info][gc,stats    ]   CSR: CLDG Roots                    19 us, workers (us):  19, ---, ---, ---, ---, ---, 
[15.415s][info][gc,stats    ] Concurrent Evacuation             13018 us
[15.415s][info][gc,stats    ] Pause Init Update Refs (G)          377 us
[15.415s][info][gc,stats    ] Pause Init Update Refs (N)           32 us
[15.415s][info][gc,stats    ]   Manage GCLABs                       4 us
[15.415s][info][gc,stats    ] Concurrent Update Refs             2815 us
[15.415s][info][gc,stats    ] Concurrent Update Thread Roots      344 us
[15.415s][info][gc,stats    ] Pause Final Update Refs (G)         464 us
[15.415s][info][gc,stats    ] Pause Final Update Refs (N)         194 us
[15.415s][info][gc,stats    ]   Update Region States              122 us
[15.415s][info][gc,stats    ]   Trash Collection Set               11 us
[15.415s][info][gc,stats    ]   Rebuild Free Set                   23 us
[15.415s][info][gc,stats    ] Concurrent Cleanup                   83 us
[15.415s][info][gc,stats    ] Pacing                             2939 us
[15.415s][info][gc,stats    ] 
[15.415s][info][gc,stats    ] Allocation pacing accrued:
[15.415s][info][gc,stats    ]       3 of    57 ms (  5.2%): main
[15.415s][info][gc,stats    ]       3 of    57 ms (  5.2%): <total>
[15.415s][info][gc,stats    ]       0 of    57 ms (  0.5%): <average total>
[15.415s][info][gc,stats    ]       3 of    57 ms (  5.2%): <average non-zero>
[15.415s][info][gc,stats    ] 
[15.415s][info][gc,metaspace] Metaspace: 6358K(6528K)->6358K(6528K) NonClass: 5812K(5888K)->5812K(5888K) Class: 546K(640K)->546K(640K)
[15.415s][info][gc,ergo     ] Pacer for Idle. Initial: 20971K, Alloc Tax Rate: 1.0x
[15.447s][info][gc          ] Trigger: Average GC time (29.88 ms) is above the time for average allocation rate (4550 MB/s) to deplete free headroom (126M) (margin of error = 1.84)
[15.447s][info][gc,ergo     ] Free headroom: 177M (free) - 52428K (spike) - 0B (penalties) = 126M
[15.447s][info][gc,ergo     ] Free: 176M, Max: 512K regular, 145M humongous, Frag: 18% external, 4% internal; Reserve: 52736K, Max: 512K
[15.447s][info][gc,start    ] GC(165) Concurrent reset
[15.447s][info][gc,task     ] GC(165) Using 3 of 6 workers for concurrent reset
[15.447s][info][gc,ergo     ] GC(165) Pacer for Reset. Non-Taxable: 1024M
[15.450s][info][gc          ] GC(165) Concurrent reset 2.510ms
[15.450s][info][gc,start    ] GC(165) Pause Init Mark (unload classes)
[15.450s][info][gc,task     ] GC(165) Using 6 of 6 workers for init marking
[15.450s][info][gc,ergo     ] GC(165) Pacer for Mark. Expected Live: 196M, Free: 166M, Non-Taxable: 17012K, Alloc Tax Rate: 1.4x
[15.451s][info][gc          ] GC(165) Pause Init Mark (unload classes) 0.149ms
[15.451s][info][gc,start    ] GC(165) Concurrent marking roots
[15.451s][info][gc,task     ] GC(165) Using 3 of 6 workers for concurrent marking roots
[15.451s][info][gc          ] GC(165) Concurrent marking roots 0.287ms
[15.451s][info][gc,start    ] GC(165) Concurrent marking (unload classes)
[15.451s][info][gc,task     ] GC(165) Using 3 of 6 workers for concurrent marking
[15.453s][info][gc          ] GC(165) Concurrent marking (unload classes) 2.200ms
[15.453s][info][gc,start    ] GC(165) Pause Final Mark (unload classes)
[15.453s][info][gc,task     ] GC(165) Using 6 of 6 workers for final marking
[15.454s][info][gc,ergo     ] GC(165) Adaptive CSet Selection. Target Free: 145M, Actual Free: 530M, Max CSet: 43690K, Min Garbage: 0B
[15.454s][info][gc,ergo     ] GC(165) Collectable Garbage: 494M (83%), Immediate: 330M (55%), CSet: 164M (27%)
[15.454s][info][gc,ergo     ] GC(165) Pacer for Evacuation. Used CSet: 206M, Free: 492M, Non-Taxable: 50475K, Alloc Tax Rate: 1.1x
[15.454s][info][gc          ] GC(165) Pause Final Mark (unload classes) 0.545ms
[15.454s][info][gc,start    ] GC(165) Concurrent thread roots
[15.454s][info][gc,task     ] GC(165) Using 3 of 6 workers for Concurrent thread roots
[15.454s][info][gc          ] GC(165) Concurrent thread roots 0.215ms
[15.454s][info][gc,start    ] GC(165) Concurrent weak references
[15.454s][info][gc,task     ] GC(165) Using 3 of 6 workers for concurrent weak references
[15.454s][info][gc,ref      ] GC(165) Encountered references: Soft: 47, Weak: 146, Final: 0, Phantom: 3
[15.454s][info][gc,ref      ] GC(165) Discovered  references: Soft: 0, Weak: 50, Final: 0, Phantom: 2
[15.454s][info][gc,ref      ] GC(165) Enqueued    references: Soft: 0, Weak: 0, Final: 0, Phantom: 0
[15.454s][info][gc          ] GC(165) Concurrent weak references 0.190ms
[15.454s][info][gc,start    ] GC(165) Concurrent weak roots
[15.454s][info][gc,task     ] GC(165) Using 3 of 6 workers for concurrent weak root
[15.455s][info][gc          ] GC(165) Concurrent weak roots 0.270ms
[15.455s][info][gc,start    ] GC(165) Concurrent cleanup
[15.455s][info][gc          ] GC(165) Concurrent cleanup 806M->475M(1024M) 0.073ms
[15.455s][info][gc,ergo     ] GC(165) Free: 492M, Max: 512K regular, 177M humongous, Frag: 64% external, 34% internal; Reserve: 52720K, Max: 512K
[15.455s][info][gc,start    ] GC(165) Concurrent class unloading
[15.455s][info][gc,task     ] GC(165) Using 3 of 6 workers for concurrent class unloading
[15.455s][info][gc          ] GC(165) Concurrent class unloading 0.410ms
[15.455s][info][gc,start    ] GC(165) Concurrent strong roots
[15.455s][info][gc,task     ] GC(165) Using 3 of 6 workers for concurrent strong root
[15.455s][info][gc          ] GC(165) Concurrent strong roots 0.077ms
[15.455s][info][gc,start    ] GC(165) Concurrent evacuation
[15.455s][info][gc,task     ] GC(165) Using 3 of 6 workers for concurrent evacuation
[15.465s][info][gc          ] GC(165) Concurrent evacuation 10.130ms
[15.466s][info][gc,start    ] GC(165) Pause Init Update Refs
[15.466s][info][gc,ergo     ] GC(165) Pacer for Update Refs. Used: 541M, Free: 470M, Non-Taxable: 48185K, Alloc Tax Rate: 1.4x
[15.466s][info][gc          ] GC(165) Pause Init Update Refs 0.100ms
[15.466s][info][gc,start    ] GC(165) Concurrent update references
[15.466s][info][gc,task     ] GC(165) Using 3 of 6 workers for concurrent reference update
[15.469s][info][gc          ] GC(165) Concurrent update references 3.508ms
[15.469s][info][gc,start    ] GC(165) Concurrent update thread roots
[15.470s][info][gc          ] GC(165) Concurrent update thread roots 0.315ms
[15.470s][info][gc,start    ] GC(165) Pause Final Update Refs
[15.470s][info][gc,task     ] GC(165) Using 6 of 6 workers for final reference update
[15.470s][info][gc          ] GC(165) Pause Final Update Refs 0.284ms
[15.470s][info][gc,start    ] GC(165) Concurrent cleanup
[15.470s][info][gc          ] GC(165) Concurrent cleanup 567M->363M(1024M) 0.095ms
[15.470s][info][gc,ergo     ] Free: 608M, Max: 512K regular, 148M humongous, Frag: 76% external, 33% internal; Reserve: 52736K, Max: 512K
[15.470s][info][gc,stats    ] 
[15.470s][info][gc,stats    ] All times are wall-clock times, except per-root-class counters, that are sum over
[15.470s][info][gc,stats    ] all workers. Dividing the <total> over the root stage time estimates parallelism.
[15.470s][info][gc,stats    ] 
[15.470s][info][gc,stats    ] Concurrent Reset                   2614 us
[15.470s][info][gc,stats    ] Pause Init Mark (G)                 526 us
[15.470s][info][gc,stats    ] Pause Init Mark (N)                 155 us
[15.470s][info][gc,stats    ]   Update Region States               96 us
[15.470s][info][gc,stats    ] Concurrent Mark Roots               302 us, parallelism: 0.73x
[15.470s][info][gc,stats    ]   CMR: <total>                      220 us
[15.470s][info][gc,stats    ]   CMR: Thread Roots                 153 us, workers (us):  10,  93,  50, ---, ---, ---, 
[15.470s][info][gc,stats    ]   CMR: VM Strong Roots                8 us, workers (us):   7,   0,   0, ---, ---, ---, 
[15.470s][info][gc,stats    ]   CMR: CLDG Roots                    59 us, workers (us):  59, ---, ---, ---, ---, ---, 
[15.470s][info][gc,stats    ] Concurrent Marking                 2227 us
[15.471s][info][gc,stats    ] Pause Final Mark (G)                686 us
[15.471s][info][gc,stats    ] Pause Final Mark (N)                549 us
[15.471s][info][gc,stats    ]   Finish Mark                       310 us
[15.471s][info][gc,stats    ]   Update Region States               95 us
[15.471s][info][gc,stats    ]   Choose Collection Set              88 us
[15.471s][info][gc,stats    ]   Rebuild Free Set                   20 us
[15.471s][info][gc,stats    ] Concurrent Thread Roots             229 us, parallelism: 0.53x
[15.471s][info][gc,stats    ]   CTR: <total>                      120 us
[15.471s][info][gc,stats    ]   CTR: Thread Roots                 120 us, workers (us):  77,  37,   7, ---, ---, ---, 
[15.471s][info][gc,stats    ] Concurrent Weak References          194 us, parallelism: 0.02x
[15.471s][info][gc,stats    ]   CWRF: <total>                       4 us
[15.471s][info][gc,stats    ]   CWRF: Weak References               4 us, workers (us):   4,   0,   0, ---, ---, ---, 
[15.471s][info][gc,stats    ] Concurrent Weak Roots               281 us
[15.471s][info][gc,stats    ]   Roots                             196 us, parallelism: 1.07x
[15.471s][info][gc,stats    ]     CWR: <total>                    210 us
[15.471s][info][gc,stats    ]     CWR: Code Cache Roots           183 us, workers (us): 101,  81,   0, ---, ---, ---, 
[15.471s][info][gc,stats    ]     CWR: VM Weak Roots               24 us, workers (us):  23,   1,   1, ---, ---, ---, 
[15.471s][info][gc,stats    ]     CWR: CLDG Roots                   3 us, workers (us):   3, ---, ---, ---, ---, ---, 
[15.471s][info][gc,stats    ]   Rendezvous                         65 us
[15.471s][info][gc,stats    ] Concurrent Cleanup                   78 us
[15.471s][info][gc,stats    ] Concurrent Class Unloading          421 us
[15.471s][info][gc,stats    ]   Unlink Stale                      245 us
[15.471s][info][gc,stats    ]     System Dictionary                 3 us
[15.471s][info][gc,stats    ]     Weak Class Links                  0 us
[15.471s][info][gc,stats    ]     Code Roots                      241 us
[15.471s][info][gc,stats    ]   Rendezvous                         58 us
[15.471s][info][gc,stats    ]   Purge Unlinked                     97 us
[15.471s][info][gc,stats    ]     Code Roots                       79 us
[15.471s][info][gc,stats    ]     CLDG                             17 us
[15.471s][info][gc,stats    ]     Exception Caches                  0 us
[15.471s][info][gc,stats    ] Concurrent Strong Roots              88 us, parallelism: 0.34x
[15.471s][info][gc,stats    ]   CSR: <total>                       30 us
[15.471s][info][gc,stats    ]   CSR: VM Strong Roots                3 us, workers (us):   3,   0,   0, ---, ---, ---, 
[15.471s][info][gc,stats    ]   CSR: CLDG Roots                    28 us, workers (us):  28, ---, ---, ---, ---, ---, 
[15.471s][info][gc,stats    ] Concurrent Evacuation             10218 us
[15.471s][info][gc,stats    ] Pause Init Update Refs (G)          446 us
[15.471s][info][gc,stats    ] Pause Init Update Refs (N)          108 us
[15.471s][info][gc,stats    ]   Manage GCLABs                      13 us
[15.471s][info][gc,stats    ] Concurrent Update Refs             3574 us
[15.471s][info][gc,stats    ] Concurrent Update Thread Roots      341 us
[15.471s][info][gc,stats    ] Pause Final Update Refs (G)         554 us
[15.471s][info][gc,stats    ] Pause Final Update Refs (N)         298 us
[15.471s][info][gc,stats    ]   Update Region States              190 us
[15.471s][info][gc,stats    ]   Trash Collection Set               35 us
[15.471s][info][gc,stats    ]   Rebuild Free Set                   33 us
[15.471s][info][gc,stats    ] Concurrent Cleanup                  102 us
[15.471s][info][gc,stats    ] Pacing                             6530 us
[15.471s][info][gc,stats    ] 
[15.471s][info][gc,stats    ] Allocation pacing accrued:
[15.471s][info][gc,stats    ]       7 of    56 ms ( 11.7%): main
[15.471s][info][gc,stats    ]       7 of    56 ms ( 11.7%): <total>
[15.471s][info][gc,stats    ]       1 of    56 ms (  1.1%): <average total>
[15.471s][info][gc,stats    ]       7 of    56 ms ( 11.7%): <average non-zero>
[15.471s][info][gc,stats    ] 
[15.471s][info][gc,metaspace] Metaspace: 6358K(6528K)->6358K(6528K) NonClass: 5812K(5888K)->5812K(5888K) Class: 546K(640K)->546K(640K)
[15.471s][info][gc,ergo     ] Pacer for Idle. Initial: 20971K, Alloc Tax Rate: 1.0x
[15.516s][info][gc          ] Trigger: Average GC time (28.45 ms) is above the time for average allocation rate (4550 MB/s) to deplete free headroom (125M) (margin of error = 1.83)
[15.516s][info][gc,ergo     ] Free headroom: 177M (free) - 52428K (spike) - 0B (penalties) = 125M
[15.516s][info][gc,ergo     ] Free: 176M, Max: 512K regular, 148M humongous, Frag: 15% external, 22% internal; Reserve: 52736K, Max: 512K
[15.516s][info][gc,start    ] GC(166) Concurrent reset
[15.517s][info][gc,task     ] GC(166) Using 3 of 6 workers for concurrent reset
[15.517s][info][gc,ergo     ] GC(166) Pacer for Reset. Non-Taxable: 1024M
[15.519s][info][gc          ] GC(166) Concurrent reset 2.764ms
[15.520s][info][gc,start    ] GC(166) Pause Init Mark (unload classes)
[15.520s][info][gc,task     ] GC(166) Using 6 of 6 workers for init marking
[15.520s][info][gc,ergo     ] GC(166) Pacer for Mark. Expected Live: 196M, Free: 165M, Non-Taxable: 16916K, Alloc Tax Rate: 1.5x
[15.520s][info][gc          ] GC(166) Pause Init Mark (unload classes) 0.126ms
[15.520s][info][gc,start    ] GC(166) Concurrent marking roots
[15.520s][info][gc,task     ] GC(166) Using 3 of 6 workers for concurrent marking roots
[15.520s][info][gc          ] GC(166) Concurrent marking roots 0.249ms
[15.520s][info][gc,start    ] GC(166) Concurrent marking (unload classes)
[15.520s][info][gc,task     ] GC(166) Using 3 of 6 workers for concurrent marking
[15.522s][info][gc          ] GC(166) Concurrent marking (unload classes) 2.386ms
[15.523s][info][gc,start    ] GC(166) Pause Final Mark (unload classes)
[15.523s][info][gc,task     ] GC(166) Using 6 of 6 workers for final marking
[15.523s][info][gc,ergo     ] GC(166) Adaptive CSet Selection. Target Free: 145M, Actual Free: 536M, Max CSet: 43690K, Min Garbage: 0B
[15.523s][info][gc,ergo     ] GC(166) Collectable Garbage: 505M (84%), Immediate: 337M (56%), CSet: 167M (28%)
[15.523s][info][gc,ergo     ] GC(166) Pacer for Evacuation. Used CSet: 210M, Free: 498M, Non-Taxable: 51048K, Alloc Tax Rate: 1.1x
[15.523s][info][gc          ] GC(166) Pause Final Mark (unload classes) 0.468ms
[15.523s][info][gc,start    ] GC(166) Concurrent thread roots
[15.523s][info][gc,task     ] GC(166) Using 3 of 6 workers for Concurrent thread roots
[15.523s][info][gc          ] GC(166) Concurrent thread roots 0.193ms
[15.523s][info][gc,start    ] GC(166) Concurrent weak references
[15.523s][info][gc,task     ] GC(166) Using 3 of 6 workers for concurrent weak references
[15.523s][info][gc,ref      ] GC(166) Encountered references: Soft: 47, Weak: 146, Final: 0, Phantom: 3
[15.523s][info][gc,ref      ] GC(166) Discovered  references: Soft: 0, Weak: 48, Final: 0, Phantom: 2
[15.523s][info][gc,ref      ] GC(166) Enqueued    references: Soft: 0, Weak: 0, Final: 0, Phantom: 0
[15.523s][info][gc          ] GC(166) Concurrent weak references 0.157ms
[15.523s][info][gc,start    ] GC(166) Concurrent weak roots
[15.523s][info][gc,task     ] GC(166) Using 3 of 6 workers for concurrent weak root
[15.524s][info][gc          ] GC(166) Concurrent weak roots 0.315ms
[15.524s][info][gc,start    ] GC(166) Concurrent cleanup
[15.524s][info][gc          ] GC(166) Concurrent cleanup 806M->469M(1024M) 0.066ms
[15.524s][info][gc,ergo     ] GC(166) Free: 498M, Max: 512K regular, 178M humongous, Frag: 64% external, 33% internal; Reserve: 52724K, Max: 512K
[15.524s][info][gc,start    ] GC(166) Concurrent class unloading
[15.524s][info][gc,task     ] GC(166) Using 3 of 6 workers for concurrent class unloading
[15.524s][info][gc          ] GC(166) Concurrent class unloading 0.452ms
[15.524s][info][gc,start    ] GC(166) Concurrent strong roots
[15.524s][info][gc,task     ] GC(166) Using 3 of 6 workers for concurrent strong root
[15.524s][info][gc          ] GC(166) Concurrent strong roots 0.048ms
[15.524s][info][gc,start    ] GC(166) Concurrent evacuation
[15.524s][info][gc,task     ] GC(166) Using 3 of 6 workers for concurrent evacuation
[15.534s][info][gc          ] GC(166) Concurrent evacuation 9.821ms
[15.535s][info][gc,start    ] GC(166) Pause Init Update Refs
[15.535s][info][gc,ergo     ] GC(166) Pacer for Update Refs. Used: 528M, Free: 483M, Non-Taxable: 49508K, Alloc Tax Rate: 1.3x
[15.535s][info][gc          ] GC(166) Pause Init Update Refs 0.037ms
[15.535s][info][gc,start    ] GC(166) Concurrent update references
[15.535s][info][gc,task     ] GC(166) Using 3 of 6 workers for concurrent reference update
[15.538s][info][gc          ] GC(166) Concurrent update references 2.865ms
[15.538s][info][gc,start    ] GC(166) Concurrent update thread roots
[15.538s][info][gc          ] GC(166) Concurrent update thread roots 0.378ms
[15.538s][info][gc,start    ] GC(166) Pause Final Update Refs
[15.538s][info][gc,task     ] GC(166) Using 6 of 6 workers for final reference update
[15.538s][info][gc          ] GC(166) Pause Final Update Refs 0.165ms
[15.538s][info][gc,start    ] GC(166) Concurrent cleanup
[15.538s][info][gc          ] GC(166) Concurrent cleanup 551M->342M(1024M) 0.056ms
[15.538s][info][gc,ergo     ] Free: 629M, Max: 512K regular, 149M humongous, Frag: 77% external, 31% internal; Reserve: 52736K, Max: 512K
[15.539s][info][gc,stats    ] 
[15.539s][info][gc,stats    ] All times are wall-clock times, except per-root-class counters, that are sum over
[15.539s][info][gc,stats    ] all workers. Dividing the <total> over the root stage time estimates parallelism.
[15.539s][info][gc,stats    ] 
[15.539s][info][gc,stats    ] Concurrent Reset                   2843 us
[15.539s][info][gc,stats    ] Pause Init Mark (G)                 428 us
[15.539s][info][gc,stats    ] Pause Init Mark (N)                 131 us
[15.539s][info][gc,stats    ]   Update Region States               84 us
[15.539s][info][gc,stats    ] Concurrent Mark Roots               258 us, parallelism: 1.01x
[15.539s][info][gc,stats    ]   CMR: <total>                      261 us
[15.539s][info][gc,stats    ]   CMR: Thread Roots                 193 us, workers (us):  57,  72,  64, ---, ---, ---, 
[15.539s][info][gc,stats    ]   CMR: VM Strong Roots                8 us, workers (us):   7,   1,   0, ---, ---, ---, 
[15.539s][info][gc,stats    ]   CMR: CLDG Roots                    60 us, workers (us):  60, ---, ---, ---, ---, ---, 
[15.539s][info][gc,stats    ] Concurrent Marking                 2417 us
[15.539s][info][gc,stats    ] Pause Final Mark (G)                603 us
[15.539s][info][gc,stats    ] Pause Final Mark (N)                472 us
[15.539s][info][gc,stats    ]   Finish Mark                       276 us
[15.539s][info][gc,stats    ]   Update Region States               73 us
[15.539s][info][gc,stats    ]   Choose Collection Set              75 us
[15.539s][info][gc,stats    ]   Rebuild Free Set                   17 us
[15.539s][info][gc,stats    ] Concurrent Thread Roots             215 us, parallelism: 0.59x
[15.539s][info][gc,stats    ]   CTR: <total>                      126 us
[15.539s][info][gc,stats    ]   CTR: Thread Roots                 126 us, workers (us):  92,  32,   2, ---, ---, ---, 
[15.539s][info][gc,stats    ] Concurrent Weak References          161 us, parallelism: 0.03x
[15.539s][info][gc,stats    ]   CWRF: <total>                       5 us
[15.539s][info][gc,stats    ]   CWRF: Weak References               5 us, workers (us):   5,   0,   0, ---, ---, ---, 
[15.539s][info][gc,stats    ] Concurrent Weak Roots               327 us
[15.539s][info][gc,stats    ]   Roots                             205 us, parallelism: 0.90x
[15.539s][info][gc,stats    ]     CWR: <total>                    184 us
[15.539s][info][gc,stats    ]     CWR: Code Cache Roots           152 us, workers (us):  83,   0,  69, ---, ---, ---, 
[15.539s][info][gc,stats    ]     CWR: VM Weak Roots               24 us, workers (us):  19,   5,   1, ---, ---, ---, 
[15.539s][info][gc,stats    ]     CWR: CLDG Roots                   7 us, workers (us): ---,   7, ---, ---, ---, ---, 
[15.539s][info][gc,stats    ]   Rendezvous                        101 us
[15.539s][info][gc,stats    ] Concurrent Cleanup                   70 us
[15.539s][info][gc,stats    ] Concurrent Class Unloading          464 us
[15.539s][info][gc,stats    ]   Unlink Stale                      294 us
[15.539s][info][gc,stats    ]     System Dictionary                 3 us
[15.539s][info][gc,stats    ]     Weak Class Links                  0 us
[15.539s][info][gc,stats    ]     Code Roots                      290 us
[15.539s][info][gc,stats    ]   Rendezvous                         92 us
[15.539s][info][gc,stats    ]   Purge Unlinked                     57 us
[15.539s][info][gc,stats    ]     Code Roots                       42 us
[15.539s][info][gc,stats    ]     CLDG                             14 us
[15.539s][info][gc,stats    ]     Exception Caches                  0 us
[15.539s][info][gc,stats    ] Concurrent Strong Roots              57 us, parallelism: 0.35x
[15.539s][info][gc,stats    ]   CSR: <total>                       20 us
[15.539s][info][gc,stats    ]   CSR: VM Strong Roots                2 us, workers (us):   2,   0,   0, ---, ---, ---, 
[15.539s][info][gc,stats    ]   CSR: CLDG Roots                    18 us, workers (us):  18, ---, ---, ---, ---, ---, 
[15.539s][info][gc,stats    ] Concurrent Evacuation              9920 us
[15.539s][info][gc,stats    ] Pause Init Update Refs (G)          352 us
[15.539s][info][gc,stats    ] Pause Init Update Refs (N)           42 us
[15.539s][info][gc,stats    ]   Manage GCLABs                       6 us
[15.539s][info][gc,stats    ] Concurrent Update Refs             2961 us
[15.539s][info][gc,stats    ] Concurrent Update Thread Roots      405 us
[15.539s][info][gc,stats    ] Pause Final Update Refs (G)         381 us
[15.539s][info][gc,stats    ] Pause Final Update Refs (N)         175 us
[15.539s][info][gc,stats    ]   Update Region States              105 us
[15.539s][info][gc,stats    ]   Trash Collection Set               12 us
[15.539s][info][gc,stats    ]   Rebuild Free Set                   23 us
[15.539s][info][gc,stats    ] Concurrent Cleanup                   62 us
[15.539s][info][gc,stats    ] Pacing                             8305 us
[15.539s][info][gc,stats    ] 
[15.539s][info][gc,stats    ] Allocation pacing accrued:
[15.539s][info][gc,stats    ]       8 of    68 ms ( 12.2%): main
[15.539s][info][gc,stats    ]       8 of    68 ms ( 12.2%): <total>
[15.539s][info][gc,stats    ]       1 of    68 ms (  1.1%): <average total>
[15.539s][info][gc,stats    ]       8 of    68 ms ( 12.2%): <average non-zero>
[15.539s][info][gc,stats    ] 
[15.539s][info][gc,metaspace] Metaspace: 6358K(6528K)->6358K(6528K) NonClass: 5812K(5888K)->5812K(5888K) Class: 546K(640K)->546K(640K)
[15.539s][info][gc,ergo     ] Pacer for Idle. Initial: 20971K, Alloc Tax Rate: 1.0x
[15.587s][info][gc          ] Trigger: Average GC time (26.84 ms) is above the time for average allocation rate (4549 MB/s) to deplete free headroom (103M) (margin of error = 1.81)
[15.587s][info][gc,ergo     ] Free headroom: 154M (free) - 52428K (spike) - 0B (penalties) = 103M
[15.587s][info][gc,ergo     ] Free: 153M, Max: 512K regular, 149M humongous, Frag: 3% external, 2% internal; Reserve: 52736K, Max: 512K
[15.587s][info][gc,start    ] GC(167) Concurrent reset
[15.587s][info][gc,task     ] GC(167) Using 3 of 6 workers for concurrent reset
[15.587s][info][gc,ergo     ] GC(167) Pacer for Reset. Non-Taxable: 1024M
[15.589s][info][gc          ] GC(167) Concurrent reset 2.069ms
[15.589s][info][gc,start    ] GC(167) Pause Init Mark (unload classes)
[15.589s][info][gc,task     ] GC(167) Using 6 of 6 workers for init marking
[15.589s][info][gc,ergo     ] GC(167) Pacer for Mark. Expected Live: 196M, Free: 139M, Non-Taxable: 14316K, Alloc Tax Rate: 1.7x
[15.589s][info][gc          ] GC(167) Pause Init Mark (unload classes) 0.227ms
[15.589s][info][gc,start    ] GC(167) Concurrent marking roots
[15.589s][info][gc,task     ] GC(167) Using 3 of 6 workers for concurrent marking roots
[15.590s][info][gc          ] GC(167) Concurrent marking roots 0.238ms
[15.590s][info][gc,start    ] GC(167) Concurrent marking (unload classes)
[15.590s][info][gc,task     ] GC(167) Using 3 of 6 workers for concurrent marking
[15.591s][info][gc          ] GC(167) Concurrent marking (unload classes) 1.774ms
[15.592s][info][gc,start    ] GC(167) Pause Final Mark (unload classes)
[15.592s][info][gc,task     ] GC(167) Using 6 of 6 workers for final marking
[15.592s][info][gc,ergo     ] GC(167) Adaptive CSet Selection. Target Free: 145M, Actual Free: 536M, Max CSet: 43690K, Min Garbage: 0B
[15.592s][info][gc,ergo     ] GC(167) Collectable Garbage: 527M (85%), Immediate: 363M (58%), CSet: 164M (26%)
[15.592s][info][gc,ergo     ] GC(167) Pacer for Evacuation. Used CSet: 207M, Free: 498M, Non-Taxable: 51072K, Alloc Tax Rate: 1.1x
[15.592s][info][gc          ] GC(167) Pause Final Mark (unload classes) 0.625ms
[15.592s][info][gc,start    ] GC(167) Concurrent thread roots
[15.592s][info][gc,task     ] GC(167) Using 3 of 6 workers for Concurrent thread roots
[15.592s][info][gc          ] GC(167) Concurrent thread roots 0.158ms
[15.592s][info][gc,start    ] GC(167) Concurrent weak references
[15.592s][info][gc,task     ] GC(167) Using 3 of 6 workers for concurrent weak references
[15.593s][info][gc,ref      ] GC(167) Encountered references: Soft: 47, Weak: 146, Final: 0, Phantom: 3
[15.593s][info][gc,ref      ] GC(167) Discovered  references: Soft: 0, Weak: 48, Final: 0, Phantom: 2
[15.593s][info][gc,ref      ] GC(167) Enqueued    references: Soft: 0, Weak: 0, Final: 0, Phantom: 0
[15.593s][info][gc          ] GC(167) Concurrent weak references 0.121ms
[15.593s][info][gc,start    ] GC(167) Concurrent weak roots
[15.593s][info][gc,task     ] GC(167) Using 3 of 6 workers for concurrent weak root
[15.593s][info][gc          ] GC(167) Concurrent weak roots 0.260ms
[15.593s][info][gc,start    ] GC(167) Concurrent cleanup
[15.593s][info][gc          ] GC(167) Concurrent cleanup 837M->475M(1024M) 0.076ms
[15.593s][info][gc,ergo     ] GC(167) Free: 486M, Max: 512K regular, 148M humongous, Frag: 70% external, 0% internal; Reserve: 52720K, Max: 512K
[15.593s][info][gc,start    ] GC(167) Concurrent class unloading
[15.593s][info][gc,task     ] GC(167) Using 3 of 6 workers for concurrent class unloading
[15.594s][info][gc          ] GC(167) Concurrent class unloading 0.659ms
[15.594s][info][gc,start    ] GC(167) Concurrent strong roots
[15.594s][info][gc,task     ] GC(167) Using 3 of 6 workers for concurrent strong root
[15.594s][info][gc          ] GC(167) Concurrent strong roots 0.133ms
[15.594s][info][gc,start    ] GC(167) Concurrent evacuation
[15.594s][info][gc,task     ] GC(167) Using 3 of 6 workers for concurrent evacuation
[15.606s][info][gc          ] GC(167) Concurrent evacuation 12.032ms
[15.606s][info][gc,start    ] GC(167) Pause Init Update Refs
[15.606s][info][gc,ergo     ] GC(167) Pacer for Update Refs. Used: 572M, Free: 432M, Non-Taxable: 44244K, Alloc Tax Rate: 1.6x
[15.606s][info][gc          ] GC(167) Pause Init Update Refs 0.047ms
[15.606s][info][gc,start    ] GC(167) Concurrent update references
[15.606s][info][gc,task     ] GC(167) Using 3 of 6 workers for concurrent reference update
[15.609s][info][gc          ] GC(167) Concurrent update references 2.455ms
[15.609s][info][gc,start    ] GC(167) Concurrent update thread roots
[15.609s][info][gc          ] GC(167) Concurrent update thread roots 0.279ms
[15.609s][info][gc,start    ] GC(167) Pause Final Update Refs
[15.609s][info][gc,task     ] GC(167) Using 6 of 6 workers for final reference update
[15.610s][info][gc          ] GC(167) Pause Final Update Refs 0.398ms
[15.610s][info][gc,start    ] GC(167) Concurrent cleanup
[15.610s][info][gc          ] GC(167) Concurrent cleanup 597M->391M(1024M) 0.127ms
[15.610s][info][gc,ergo     ] Free: 580M, Max: 512K regular, 117M humongous, Frag: 80% external, 36% internal; Reserve: 52736K, Max: 512K
[15.610s][info][gc,stats    ] 
[15.610s][info][gc,stats    ] All times are wall-clock times, except per-root-class counters, that are sum over
[15.610s][info][gc,stats    ] all workers. Dividing the <total> over the root stage time estimates parallelism.
[15.610s][info][gc,stats    ] 
[15.610s][info][gc,stats    ] Concurrent Reset                   2138 us
[15.610s][info][gc,stats    ] Pause Init Mark (G)                 534 us
[15.610s][info][gc,stats    ] Pause Init Mark (N)                 231 us
[15.610s][info][gc,stats    ]   Update Region States              181 us
[15.610s][info][gc,stats    ] Concurrent Mark Roots               249 us, parallelism: 0.88x
[15.610s][info][gc,stats    ]   CMR: <total>                      220 us
[15.610s][info][gc,stats    ]   CMR: Thread Roots                 155 us, workers (us):  48,  54,  54, ---, ---, ---, 
[15.610s][info][gc,stats    ]   CMR: VM Strong Roots                7 us, workers (us):   7,   0,   0, ---, ---, ---, 
[15.610s][info][gc,stats    ]   CMR: CLDG Roots                    57 us, workers (us):  57, ---, ---, ---, ---, ---, 
[15.610s][info][gc,stats    ] Concurrent Marking                 1808 us
[15.610s][info][gc,stats    ] Pause Final Mark (G)                874 us
[15.610s][info][gc,stats    ] Pause Final Mark (N)                629 us
[15.610s][info][gc,stats    ]   Finish Mark                       325 us
[15.610s][info][gc,stats    ]   Update Region States              177 us
[15.610s][info][gc,stats    ]   Choose Collection Set              75 us
[15.610s][info][gc,stats    ]   Rebuild Free Set                   17 us
[15.610s][info][gc,stats    ] Concurrent Thread Roots             167 us, parallelism: 0.60x
[15.610s][info][gc,stats    ]   CTR: <total>                      101 us
[15.610s][info][gc,stats    ]   CTR: Thread Roots                 101 us, workers (us):  58,  42,   0, ---, ---, ---, 
[15.610s][info][gc,stats    ] Concurrent Weak References          125 us, parallelism: 0.05x
[15.610s][info][gc,stats    ]   CWRF: <total>                       6 us
[15.610s][info][gc,stats    ]   CWRF: Weak References               6 us, workers (us):   6,   0,   0, ---, ---, ---, 
[15.610s][info][gc,stats    ] Concurrent Weak Roots               268 us
[15.610s][info][gc,stats    ]   Roots                             191 us, parallelism: 1.15x
[15.610s][info][gc,stats    ]     CWR: <total>                    220 us
[15.610s][info][gc,stats    ]     CWR: Code Cache Roots           189 us, workers (us): 104,  85,   0, ---, ---, ---, 
[15.610s][info][gc,stats    ]     CWR: VM Weak Roots               25 us, workers (us):  24,   1,   1, ---, ---, ---, 
[15.610s][info][gc,stats    ]     CWR: CLDG Roots                   6 us, workers (us):   6, ---, ---, ---, ---, ---, 
[15.610s][info][gc,stats    ]   Rendezvous                         61 us
[15.610s][info][gc,stats    ] Concurrent Cleanup                   81 us
[15.610s][info][gc,stats    ] Concurrent Class Unloading          683 us
[15.610s][info][gc,stats    ]   Unlink Stale                      437 us
[15.610s][info][gc,stats    ]     System Dictionary                 6 us
[15.610s][info][gc,stats    ]     Weak Class Links                  0 us
[15.610s][info][gc,stats    ]     Code Roots                      429 us
[15.610s][info][gc,stats    ]   Rendezvous                         53 us
[15.610s][info][gc,stats    ]   Purge Unlinked                    160 us
[15.610s][info][gc,stats    ]     Code Roots                      126 us
[15.610s][info][gc,stats    ]     CLDG                             33 us
[15.610s][info][gc,stats    ]     Exception Caches                  1 us
[15.610s][info][gc,stats    ] Concurrent Strong Roots             158 us, parallelism: 0.22x
[15.610s][info][gc,stats    ]   CSR: <total>                       35 us
[15.610s][info][gc,stats    ]   CSR: VM Strong Roots                4 us, workers (us):   3,   0,   0, ---, ---, ---, 
[15.610s][info][gc,stats    ]   CSR: CLDG Roots                    31 us, workers (us):  31, ---, ---, ---, ---, ---, 
[15.610s][info][gc,stats    ] Concurrent Evacuation             12093 us
[15.610s][info][gc,stats    ] Pause Init Update Refs (G)          294 us
[15.610s][info][gc,stats    ] Pause Init Update Refs (N)           51 us
[15.610s][info][gc,stats    ]   Manage GCLABs                       3 us
[15.610s][info][gc,stats    ] Concurrent Update Refs             2513 us
[15.610s][info][gc,stats    ] Concurrent Update Thread Roots      296 us
[15.610s][info][gc,stats    ] Pause Final Update Refs (G)         714 us
[15.610s][info][gc,stats    ] Pause Final Update Refs (N)         413 us
[15.610s][info][gc,stats    ]   Update Region States              277 us
[15.610s][info][gc,stats    ]   Trash Collection Set               18 us
[15.610s][info][gc,stats    ]   Rebuild Free Set                   68 us
[15.610s][info][gc,stats    ] Concurrent Cleanup                  134 us
[15.610s][info][gc,stats    ] Pacing                              637 us
[15.610s][info][gc,stats    ] 
[15.610s][info][gc,stats    ] Allocation pacing accrued:
[15.610s][info][gc,stats    ]       1 of    71 ms (  0.9%): main
[15.610s][info][gc,stats    ]       1 of    71 ms (  0.9%): <total>
[15.610s][info][gc,stats    ]       0 of    71 ms (  0.1%): <average total>
[15.610s][info][gc,stats    ]       1 of    71 ms (  0.9%): <average non-zero>
[15.610s][info][gc,stats    ] 
[15.610s][info][gc,metaspace] Metaspace: 6358K(6528K)->6358K(6528K) NonClass: 5812K(5888K)->5812K(5888K) Class: 546K(640K)->546K(640K)
[15.610s][info][gc,ergo     ] Pacer for Idle. Initial: 20971K, Alloc Tax Rate: 1.0x
[15.636s][info][gc          ] Trigger: Average GC time (25.76 ms) is above the time for average allocation rate (4549 MB/s) to deplete free headroom (111M) (margin of error = 1.81)
[15.636s][info][gc,ergo     ] Free headroom: 163M (free) - 52428K (spike) - 0B (penalties) = 111M
[15.636s][info][gc,ergo     ] Free: 162M, Max: 512K regular, 117M humongous, Frag: 27% external, 35% internal; Reserve: 52736K, Max: 512K
[15.636s][info][gc,start    ] GC(168) Concurrent reset
[15.636s][info][gc,task     ] GC(168) Using 3 of 6 workers for concurrent reset
[15.636s][info][gc,ergo     ] GC(168) Pacer for Reset. Non-Taxable: 1024M
[15.638s][info][gc          ] GC(168) Concurrent reset 2.027ms
[15.638s][info][gc,start    ] GC(168) Pause Init Mark (unload classes)
[15.638s][info][gc,task     ] GC(168) Using 6 of 6 workers for init marking
[15.638s][info][gc,ergo     ] GC(168) Pacer for Mark. Expected Live: 196M, Free: 149M, Non-Taxable: 15319K, Alloc Tax Rate: 1.6x
[15.638s][info][gc          ] GC(168) Pause Init Mark (unload classes) 0.136ms
[15.638s][info][gc,start    ] GC(168) Concurrent marking roots
[15.638s][info][gc,task     ] GC(168) Using 3 of 6 workers for concurrent marking roots
[15.639s][info][gc          ] GC(168) Concurrent marking roots 0.242ms
[15.639s][info][gc,start    ] GC(168) Concurrent marking (unload classes)
[15.639s][info][gc,task     ] GC(168) Using 3 of 6 workers for concurrent marking
[15.641s][info][gc          ] GC(168) Concurrent marking (unload classes) 1.855ms
[15.641s][info][gc,start    ] GC(168) Pause Final Mark (unload classes)
[15.641s][info][gc,task     ] GC(168) Using 6 of 6 workers for final marking
[15.641s][info][gc,ergo     ] GC(168) Adaptive CSet Selection. Target Free: 145M, Actual Free: 554M, Max CSet: 43690K, Min Garbage: 0B
[15.641s][info][gc,ergo     ] GC(168) Collectable Garbage: 522M (85%), Immediate: 370M (60%), CSet: 152M (24%)
[15.641s][info][gc,ergo     ] GC(168) Pacer for Evacuation. Used CSet: 194M, Free: 516M, Non-Taxable: 52904K, Alloc Tax Rate: 1.1x
[15.641s][info][gc          ] GC(168) Pause Final Mark (unload classes) 0.601ms
[15.641s][info][gc,start    ] GC(168) Concurrent thread roots
[15.641s][info][gc,task     ] GC(168) Using 3 of 6 workers for Concurrent thread roots
[15.642s][info][gc          ] GC(168) Concurrent thread roots 0.177ms
[15.642s][info][gc,start    ] GC(168) Concurrent weak references
[15.642s][info][gc,task     ] GC(168) Using 3 of 6 workers for concurrent weak references
[15.642s][info][gc,ref      ] GC(168) Encountered references: Soft: 47, Weak: 146, Final: 0, Phantom: 3
[15.642s][info][gc,ref      ] GC(168) Discovered  references: Soft: 0, Weak: 48, Final: 0, Phantom: 2
[15.642s][info][gc,ref      ] GC(168) Enqueued    references: Soft: 0, Weak: 0, Final: 0, Phantom: 0
[15.642s][info][gc          ] GC(168) Concurrent weak references 0.212ms
[15.642s][info][gc,start    ] GC(168) Concurrent weak roots
[15.642s][info][gc,task     ] GC(168) Using 3 of 6 workers for concurrent weak root
[15.642s][info][gc          ] GC(168) Concurrent weak roots 0.308ms
[15.642s][info][gc,start    ] GC(168) Concurrent cleanup
[15.642s][info][gc          ] GC(168) Concurrent cleanup 822M->451M(1024M) 0.064ms
[15.642s][info][gc,ergo     ] GC(168) Free: 516M, Max: 512K regular, 143M humongous, Frag: 72% external, 32% internal; Reserve: 52716K, Max: 512K
[15.642s][info][gc,start    ] GC(168) Concurrent class unloading
[15.642s][info][gc,task     ] GC(168) Using 3 of 6 workers for concurrent class unloading
[15.643s][info][gc          ] GC(168) Concurrent class unloading 0.507ms
[15.643s][info][gc,start    ] GC(168) Concurrent strong roots
[15.643s][info][gc,task     ] GC(168) Using 3 of 6 workers for concurrent strong root
[15.643s][info][gc          ] GC(168) Concurrent strong roots 0.150ms
[15.643s][info][gc,start    ] GC(168) Concurrent evacuation
[15.643s][info][gc,task     ] GC(168) Using 3 of 6 workers for concurrent evacuation
[15.655s][info][gc          ] GC(168) Concurrent evacuation 11.913ms
[15.655s][info][gc,start    ] GC(168) Pause Init Update Refs
[15.655s][info][gc,ergo     ] GC(168) Pacer for Update Refs. Used: 548M, Free: 462M, Non-Taxable: 47410K, Alloc Tax Rate: 1.4x
[15.655s][info][gc          ] GC(168) Pause Init Update Refs 0.026ms
[15.655s][info][gc,start    ] GC(168) Concurrent update references
[15.655s][info][gc,task     ] GC(168) Using 3 of 6 workers for concurrent reference update
[15.658s][info][gc          ] GC(168) Concurrent update references 2.680ms
[15.658s][info][gc,start    ] GC(168) Concurrent update thread roots
[15.658s][info][gc          ] GC(168) Concurrent update thread roots 0.289ms
[15.658s][info][gc,start    ] GC(168) Pause Final Update Refs
[15.658s][info][gc,task     ] GC(168) Using 6 of 6 workers for final reference update
[15.659s][info][gc          ] GC(168) Pause Final Update Refs 0.151ms
[15.659s][info][gc,start    ] GC(168) Concurrent cleanup
[15.659s][info][gc          ] GC(168) Concurrent cleanup 573M->381M(1024M) 0.065ms
[15.659s][info][gc,ergo     ] Free: 590M, Max: 512K regular, 117M humongous, Frag: 80% external, 35% internal; Reserve: 52736K, Max: 512K
[15.659s][info][gc,stats    ] 
[15.659s][info][gc,stats    ] All times are wall-clock times, except per-root-class counters, that are sum over
[15.659s][info][gc,stats    ] all workers. Dividing the <total> over the root stage time estimates parallelism.
[15.659s][info][gc,stats    ] 
[15.659s][info][gc,stats    ] Concurrent Reset                   2091 us
[15.659s][info][gc,stats    ] Pause Init Mark (G)                 390 us
[15.659s][info][gc,stats    ] Pause Init Mark (N)                 141 us
[15.659s][info][gc,stats    ]   Update Region States               87 us
[15.659s][info][gc,stats    ] Concurrent Mark Roots               268 us, parallelism: 0.91x
[15.659s][info][gc,stats    ]   CMR: <total>                      245 us
[15.659s][info][gc,stats    ]   CMR: Thread Roots                 184 us, workers (us):  52,  70,  62, ---, ---, ---, 
[15.659s][info][gc,stats    ]   CMR: VM Strong Roots                6 us, workers (us):   5,   0,   0, ---, ---, ---, 
[15.659s][info][gc,stats    ]   CMR: CLDG Roots                    56 us, workers (us):  56, ---, ---, ---, ---, ---, 
[15.659s][info][gc,stats    ] Concurrent Marking                 1876 us
[15.659s][info][gc,stats    ] Pause Final Mark (G)                738 us
[15.659s][info][gc,stats    ] Pause Final Mark (N)                605 us
[15.659s][info][gc,stats    ]   Finish Mark                       296 us
[15.659s][info][gc,stats    ]   Update Region States              166 us
[15.659s][info][gc,stats    ]   Choose Collection Set              97 us
[15.659s][info][gc,stats    ]   Rebuild Free Set                   15 us
[15.659s][info][gc,stats    ] Concurrent Thread Roots             188 us, parallelism: 0.53x
[15.659s][info][gc,stats    ]   CTR: <total>                      100 us
[15.659s][info][gc,stats    ]   CTR: Thread Roots                 100 us, workers (us):  68,  29,   2, ---, ---, ---, 
[15.659s][info][gc,stats    ] Concurrent Weak References          215 us, parallelism: 0.02x
[15.659s][info][gc,stats    ]   CWRF: <total>                       4 us
[15.659s][info][gc,stats    ]   CWRF: Weak References               4 us, workers (us):   4,   0,   0, ---, ---, ---, 
[15.659s][info][gc,stats    ] Concurrent Weak Roots               319 us
[15.659s][info][gc,stats    ]   Roots                             209 us, parallelism: 0.73x
[15.659s][info][gc,stats    ]     CWR: <total>                    153 us
[15.659s][info][gc,stats    ]     CWR: Code Cache Roots           133 us, workers (us):  57,  75,   0, ---, ---, ---, 
[15.659s][info][gc,stats    ]     CWR: VM Weak Roots               18 us, workers (us):  15,   2,   1, ---, ---, ---, 
[15.659s][info][gc,stats    ]     CWR: CLDG Roots                   3 us, workers (us):   3, ---, ---, ---, ---, ---, 
[15.659s][info][gc,stats    ]   Rendezvous                         91 us
[15.659s][info][gc,stats    ] Concurrent Cleanup                   69 us
[15.659s][info][gc,stats    ] Concurrent Class Unloading          517 us
[15.659s][info][gc,stats    ]   Unlink Stale                      355 us
[15.659s][info][gc,stats    ]     System Dictionary                 3 us
[15.659s][info][gc,stats    ]     Weak Class Links                  0 us
[15.659s][info][gc,stats    ]     Code Roots                      351 us
[15.659s][info][gc,stats    ]   Rendezvous                         56 us
[15.659s][info][gc,stats    ]   Purge Unlinked                     89 us
[15.659s][info][gc,stats    ]     Code Roots                       75 us
[15.659s][info][gc,stats    ]     CLDG                             14 us
[15.659s][info][gc,stats    ]     Exception Caches                  0 us
[15.659s][info][gc,stats    ] Concurrent Strong Roots             159 us, parallelism: 0.18x
[15.659s][info][gc,stats    ]   CSR: <total>                       28 us
[15.659s][info][gc,stats    ]   CSR: VM Strong Roots                4 us, workers (us):   3,   0,   0, ---, ---, ---, 
[15.659s][info][gc,stats    ]   CSR: CLDG Roots                    24 us, workers (us):  24, ---, ---, ---, ---, ---, 
[15.659s][info][gc,stats    ] Concurrent Evacuation             11983 us
[15.659s][info][gc,stats    ] Pause Init Update Refs (G)          326 us
[15.659s][info][gc,stats    ] Pause Init Update Refs (N)           30 us
[15.659s][info][gc,stats    ]   Manage GCLABs                       3 us
[15.659s][info][gc,stats    ] Concurrent Update Refs             2765 us
[15.659s][info][gc,stats    ] Concurrent Update Thread Roots      307 us
[15.659s][info][gc,stats    ] Pause Final Update Refs (G)         399 us
[15.659s][info][gc,stats    ] Pause Final Update Refs (N)         160 us
[15.659s][info][gc,stats    ]   Update Region States              100 us
[15.659s][info][gc,stats    ]   Trash Collection Set                9 us
[15.659s][info][gc,stats    ]   Rebuild Free Set                   20 us
[15.659s][info][gc,stats    ] Concurrent Cleanup                   71 us
[15.659s][info][gc,stats    ] Pacing                             3126 us
[15.659s][info][gc,stats    ] 
[15.659s][info][gc,stats    ] Allocation pacing accrued:
[15.659s][info][gc,stats    ]       3 of    49 ms (  6.4%): main
[15.659s][info][gc,stats    ]       3 of    49 ms (  6.4%): <total>
[15.659s][info][gc,stats    ]       0 of    49 ms (  0.6%): <average total>
[15.659s][info][gc,stats    ]       3 of    49 ms (  6.4%): <average non-zero>
[15.659s][info][gc,stats    ] 
[15.659s][info][gc,metaspace] Metaspace: 6358K(6528K)->6358K(6528K) NonClass: 5812K(5888K)->5812K(5888K) Class: 546K(640K)->546K(640K)
[15.659s][info][gc,ergo     ] Pacer for Idle. Initial: 20971K, Alloc Tax Rate: 1.0x
[15.688s][info][gc          ] Trigger: Average GC time (24.82 ms) is above the time for average allocation rate (4549 MB/s) to deplete free headroom (105M) (margin of error = 1.81)
[15.688s][info][gc,ergo     ] Free headroom: 157M (free) - 52428K (spike) - 0B (penalties) = 105M
[15.688s][info][gc,ergo     ] Free: 156M, Max: 512K regular, 117M humongous, Frag: 25% external, 2% internal; Reserve: 52736K, Max: 512K
[15.688s][info][gc,start    ] GC(169) Concurrent reset
[15.688s][info][gc,task     ] GC(169) Using 3 of 6 workers for concurrent reset
[15.688s][info][gc,ergo     ] GC(169) Pacer for Reset. Non-Taxable: 1024M
[15.690s][info][gc          ] GC(169) Concurrent reset 2.081ms
[15.691s][info][gc,start    ] GC(169) Pause Init Mark (unload classes)
[15.691s][info][gc,task     ] GC(169) Using 6 of 6 workers for init marking
[15.691s][info][gc,ergo     ] GC(169) Pacer for Mark. Expected Live: 196M, Free: 143M, Non-Taxable: 14648K, Alloc Tax Rate: 1.7x
[15.691s][info][gc          ] GC(169) Pause Init Mark (unload classes) 0.171ms
[15.691s][info][gc,start    ] GC(169) Concurrent marking roots
[15.691s][info][gc,task     ] GC(169) Using 3 of 6 workers for concurrent marking roots
[15.691s][info][gc          ] GC(169) Concurrent marking roots 0.293ms
[15.691s][info][gc,start    ] GC(169) Concurrent marking (unload classes)
[15.691s][info][gc,task     ] GC(169) Using 3 of 6 workers for concurrent marking
[15.693s][info][gc          ] GC(169) Concurrent marking (unload classes) 1.974ms
[15.693s][info][gc,start    ] GC(169) Pause Final Mark (unload classes)
[15.693s][info][gc,task     ] GC(169) Using 6 of 6 workers for final marking
[15.694s][info][gc,ergo     ] GC(169) Adaptive CSet Selection. Target Free: 145M, Actual Free: 544M, Max CSet: 43690K, Min Garbage: 0B
[15.694s][info][gc,ergo     ] GC(169) Collectable Garbage: 525M (85%), Immediate: 365M (59%), CSet: 160M (26%)
[15.694s][info][gc,ergo     ] GC(169) Pacer for Evacuation. Used CSet: 202M, Free: 507M, Non-Taxable: 51927K, Alloc Tax Rate: 1.1x
[15.694s][info][gc          ] GC(169) Pause Final Mark (unload classes) 0.555ms
[15.694s][info][gc,start    ] GC(169) Concurrent thread roots
[15.694s][info][gc,task     ] GC(169) Using 3 of 6 workers for Concurrent thread roots
[15.694s][info][gc          ] GC(169) Concurrent thread roots 0.144ms
[15.694s][info][gc,start    ] GC(169) Concurrent weak references
[15.694s][info][gc,task     ] GC(169) Using 3 of 6 workers for concurrent weak references
[15.694s][info][gc,ref      ] GC(169) Encountered references: Soft: 47, Weak: 146, Final: 0, Phantom: 3
[15.694s][info][gc,ref      ] GC(169) Discovered  references: Soft: 0, Weak: 48, Final: 0, Phantom: 2
[15.694s][info][gc,ref      ] GC(169) Enqueued    references: Soft: 0, Weak: 0, Final: 0, Phantom: 0
[15.694s][info][gc          ] GC(169) Concurrent weak references 0.132ms
[15.694s][info][gc,start    ] GC(169) Concurrent weak roots
[15.694s][info][gc,task     ] GC(169) Using 3 of 6 workers for concurrent weak root
[15.694s][info][gc          ] GC(169) Concurrent weak roots 0.315ms
[15.694s][info][gc,start    ] GC(169) Concurrent cleanup
[15.695s][info][gc          ] GC(169) Concurrent cleanup 831M->468M(1024M) 0.076ms
[15.695s][info][gc,ergo     ] GC(169) Free: 493M, Max: 512K regular, 155M humongous, Frag: 69% external, 0% internal; Reserve: 52720K, Max: 512K
[15.695s][info][gc,start    ] GC(169) Concurrent class unloading
[15.695s][info][gc,task     ] GC(169) Using 3 of 6 workers for concurrent class unloading
[15.695s][info][gc          ] GC(169) Concurrent class unloading 0.622ms
[15.695s][info][gc,start    ] GC(169) Concurrent strong roots
[15.695s][info][gc,task     ] GC(169) Using 3 of 6 workers for concurrent strong root
[15.695s][info][gc          ] GC(169) Concurrent strong roots 0.115ms
[15.695s][info][gc,start    ] GC(169) Concurrent evacuation
[15.695s][info][gc,task     ] GC(169) Using 3 of 6 workers for concurrent evacuation
[15.708s][info][gc          ] GC(169) Concurrent evacuation 12.338ms
[15.708s][info][gc,start    ] GC(169) Pause Init Update Refs
[15.708s][info][gc,ergo     ] GC(169) Pacer for Update Refs. Used: 566M, Free: 438M, Non-Taxable: 44940K, Alloc Tax Rate: 1.6x
[15.708s][info][gc          ] GC(169) Pause Init Update Refs 0.027ms
[15.708s][info][gc,start    ] GC(169) Concurrent update references
[15.708s][info][gc,task     ] GC(169) Using 3 of 6 workers for concurrent reference update
[15.711s][info][gc          ] GC(169) Concurrent update references 2.476ms
[15.711s][info][gc,start    ] GC(169) Concurrent update thread roots
[15.711s][info][gc          ] GC(169) Concurrent update thread roots 0.303ms
[15.711s][info][gc,start    ] GC(169) Pause Final Update Refs
[15.711s][info][gc,task     ] GC(169) Using 6 of 6 workers for final reference update
[15.711s][info][gc          ] GC(169) Pause Final Update Refs 0.153ms
[15.711s][info][gc,start    ] GC(169) Concurrent cleanup
[15.711s][info][gc          ] GC(169) Concurrent cleanup 593M->393M(1024M) 0.066ms
[15.711s][info][gc,ergo     ] Free: 578M, Max: 512K regular, 123M humongous, Frag: 79% external, 36% internal; Reserve: 52736K, Max: 512K
[15.711s][info][gc,stats    ] 
[15.711s][info][gc,stats    ] All times are wall-clock times, except per-root-class counters, that are sum over
[15.711s][info][gc,stats    ] all workers. Dividing the <total> over the root stage time estimates parallelism.
[15.711s][info][gc,stats    ] 
[15.711s][info][gc,stats    ] Concurrent Reset                   2151 us
[15.711s][info][gc,stats    ] Pause Init Mark (G)                 515 us
[15.711s][info][gc,stats    ] Pause Init Mark (N)                 175 us
[15.711s][info][gc,stats    ]   Update Region States              127 us
[15.711s][info][gc,stats    ] Concurrent Mark Roots               310 us, parallelism: 0.76x
[15.711s][info][gc,stats    ]   CMR: <total>                      234 us
[15.711s][info][gc,stats    ]   CMR: Thread Roots                 171 us, workers (us):  48,  59,  63, ---, ---, ---, 
[15.711s][info][gc,stats    ]   CMR: VM Strong Roots                6 us, workers (us):   6,   0,   0, ---, ---, ---, 
[15.711s][info][gc,stats    ]   CMR: CLDG Roots                    57 us, workers (us):  57, ---, ---, ---, ---, ---, 
[15.711s][info][gc,stats    ] Concurrent Marking                 1991 us
[15.711s][info][gc,stats    ] Pause Final Mark (G)                697 us
[15.712s][info][gc,stats    ] Pause Final Mark (N)                559 us
[15.712s][info][gc,stats    ]   Finish Mark                       288 us
[15.712s][info][gc,stats    ]   Update Region States              151 us
[15.712s][info][gc,stats    ]   Choose Collection Set              74 us
[15.712s][info][gc,stats    ]   Rebuild Free Set                   16 us
[15.712s][info][gc,stats    ] Concurrent Thread Roots             153 us, parallelism: 0.64x
[15.712s][info][gc,stats    ]   CTR: <total>                       97 us
[15.712s][info][gc,stats    ]   CTR: Thread Roots                  97 us, workers (us):  63,  32,   2, ---, ---, ---, 
[15.712s][info][gc,stats    ] Concurrent Weak References          135 us, parallelism: 0.04x
[15.712s][info][gc,stats    ]   CWRF: <total>                       5 us
[15.712s][info][gc,stats    ]   CWRF: Weak References               5 us, workers (us):   5,   0,   0, ---, ---, ---, 
[15.712s][info][gc,stats    ] Concurrent Weak Roots               324 us
[15.712s][info][gc,stats    ]   Roots                             223 us, parallelism: 0.98x
[15.712s][info][gc,stats    ]     CWR: <total>                    218 us
[15.712s][info][gc,stats    ]     CWR: Code Cache Roots           186 us, workers (us): 102,  84,   0, ---, ---, ---, 
[15.712s][info][gc,stats    ]     CWR: VM Weak Roots               27 us, workers (us):  26,   1,   1, ---, ---, ---, 
[15.712s][info][gc,stats    ]     CWR: CLDG Roots                   4 us, workers (us):   4, ---, ---, ---, ---, ---, 
[15.712s][info][gc,stats    ]   Rendezvous                         85 us
[15.712s][info][gc,stats    ] Concurrent Cleanup                   81 us
[15.712s][info][gc,stats    ] Concurrent Class Unloading          641 us
[15.712s][info][gc,stats    ]   Unlink Stale                      459 us
[15.712s][info][gc,stats    ]     System Dictionary                 5 us
[15.712s][info][gc,stats    ]     Weak Class Links                  0 us
[15.712s][info][gc,stats    ]     Code Roots                      452 us
[15.712s][info][gc,stats    ]   Rendezvous                         71 us
[15.712s][info][gc,stats    ]   Purge Unlinked                     84 us
[15.712s][info][gc,stats    ]     Code Roots                       61 us
[15.712s][info][gc,stats    ]     CLDG                             22 us
[15.712s][info][gc,stats    ]     Exception Caches                  0 us
[15.712s][info][gc,stats    ] Concurrent Strong Roots             124 us, parallelism: 0.34x
[15.712s][info][gc,stats    ]   CSR: <total>                       42 us
[15.712s][info][gc,stats    ]   CSR: VM Strong Roots                4 us, workers (us):   4,   0,   0, ---, ---, ---, 
[15.712s][info][gc,stats    ]   CSR: CLDG Roots                    38 us, workers (us):  38, ---, ---, ---, ---, ---, 
[15.712s][info][gc,stats    ] Concurrent Evacuation             12404 us
[15.712s][info][gc,stats    ] Pause Init Update Refs (G)          331 us
[15.712s][info][gc,stats    ] Pause Init Update Refs (N)           31 us
[15.712s][info][gc,stats    ]   Manage GCLABs                       3 us
[15.712s][info][gc,stats    ] Concurrent Update Refs             2542 us
[15.712s][info][gc,stats    ] Concurrent Update Thread Roots      325 us
[15.712s][info][gc,stats    ] Pause Final Update Refs (G)         399 us
[15.712s][info][gc,stats    ] Pause Final Update Refs (N)         162 us
[15.712s][info][gc,stats    ]   Update Region States               98 us
[15.712s][info][gc,stats    ]   Trash Collection Set                9 us
[15.712s][info][gc,stats    ]   Rebuild Free Set                   23 us
[15.712s][info][gc,stats    ] Concurrent Cleanup                   72 us
[15.712s][info][gc,stats    ] Pacing                             4618 us
[15.712s][info][gc,stats    ] 
[15.712s][info][gc,stats    ] Allocation pacing accrued:
[15.712s][info][gc,stats    ]       5 of    53 ms (  8.8%): main
[15.712s][info][gc,stats    ]       5 of    53 ms (  8.8%): <total>
[15.712s][info][gc,stats    ]       0 of    53 ms (  0.8%): <average total>
[15.712s][info][gc,stats    ]       5 of    53 ms (  8.8%): <average non-zero>
[15.712s][info][gc,stats    ] 
[15.712s][info][gc,metaspace] Metaspace: 6358K(6528K)->6358K(6528K) NonClass: 5812K(5888K)->5812K(5888K) Class: 546K(640K)->546K(640K)
[15.712s][info][gc,ergo     ] Pacer for Idle. Initial: 20971K, Alloc Tax Rate: 1.0x
[15.739s][info][gc          ] Trigger: Average GC time (24.44 ms) is above the time for average allocation rate (4549 MB/s) to deplete free headroom (104M) (margin of error = 1.82)
[15.740s][info][gc,ergo     ] Free headroom: 155M (free) - 52428K (spike) - 0B (penalties) = 104M
[15.740s][info][gc,ergo     ] Free: 154M, Max: 512K regular, 123M humongous, Frag: 19% external, 38% internal; Reserve: 52736K, Max: 512K
[15.740s][info][gc,start    ] GC(170) Concurrent reset
[15.740s][info][gc,task     ] GC(170) Using 3 of 6 workers for concurrent reset
[15.740s][info][gc,ergo     ] GC(170) Pacer for Reset. Non-Taxable: 1024M
[15.742s][info][gc          ] GC(170) Concurrent reset 2.104ms
[15.742s][info][gc,start    ] GC(170) Pause Init Mark (unload classes)
[15.742s][info][gc,task     ] GC(170) Using 6 of 6 workers for init marking
[15.742s][info][gc,ergo     ] GC(170) Pacer for Mark. Expected Live: 196M, Free: 140M, Non-Taxable: 14429K, Alloc Tax Rate: 1.7x
[15.742s][info][gc          ] GC(170) Pause Init Mark (unload classes) 0.126ms
[15.742s][info][gc,start    ] GC(170) Concurrent marking roots
[15.742s][info][gc,task     ] GC(170) Using 3 of 6 workers for concurrent marking roots
[15.742s][info][gc          ] GC(170) Concurrent marking roots 0.281ms
[15.742s][info][gc,start    ] GC(170) Concurrent marking (unload classes)
[15.742s][info][gc,task     ] GC(170) Using 3 of 6 workers for concurrent marking
[15.744s][info][gc          ] GC(170) Concurrent marking (unload classes) 1.901ms
[15.744s][info][gc,start    ] GC(170) Pause Final Mark (unload classes)
[15.744s][info][gc,task     ] GC(170) Using 6 of 6 workers for final marking
[15.745s][info][gc,ergo     ] GC(170) Adaptive CSet Selection. Target Free: 145M, Actual Free: 549M, Max CSet: 43690K, Min Garbage: 0B
[15.745s][info][gc,ergo     ] GC(170) Collectable Garbage: 533M (85%), Immediate: 374M (60%), CSet: 158M (25%)
[15.745s][info][gc,ergo     ] GC(170) Pacer for Evacuation. Used CSet: 201M, Free: 512M, Non-Taxable: 52503K, Alloc Tax Rate: 1.1x
[15.745s][info][gc          ] GC(170) Pause Final Mark (unload classes) 0.477ms
[15.745s][info][gc,start    ] GC(170) Concurrent thread roots
[15.745s][info][gc,task     ] GC(170) Using 3 of 6 workers for Concurrent thread roots
[15.745s][info][gc          ] GC(170) Concurrent thread roots 0.176ms
[15.745s][info][gc,start    ] GC(170) Concurrent weak references
[15.745s][info][gc,task     ] GC(170) Using 3 of 6 workers for concurrent weak references
[15.745s][info][gc,ref      ] GC(170) Encountered references: Soft: 47, Weak: 146, Final: 0, Phantom: 3
[15.745s][info][gc,ref      ] GC(170) Discovered  references: Soft: 0, Weak: 48, Final: 0, Phantom: 2
[15.745s][info][gc,ref      ] GC(170) Enqueued    references: Soft: 0, Weak: 0, Final: 0, Phantom: 0
[15.745s][info][gc          ] GC(170) Concurrent weak references 0.148ms
[15.745s][info][gc,start    ] GC(170) Concurrent weak roots
[15.745s][info][gc,task     ] GC(170) Using 3 of 6 workers for concurrent weak root
[15.746s][info][gc          ] GC(170) Concurrent weak roots 0.287ms
[15.746s][info][gc,start    ] GC(170) Concurrent cleanup
[15.746s][info][gc          ] GC(170) Concurrent cleanup 835M->462M(1024M) 0.078ms
[15.746s][info][gc,ergo     ] GC(170) Free: 499M, Max: 512K regular, 150M humongous, Frag: 70% external, 0% internal; Reserve: 52722K, Max: 512K
[15.746s][info][gc,start    ] GC(170) Concurrent class unloading
[15.746s][info][gc,task     ] GC(170) Using 3 of 6 workers for concurrent class unloading
[15.747s][info][gc          ] GC(170) Concurrent class unloading 0.767ms
[15.747s][info][gc,start    ] GC(170) Concurrent strong roots
[15.747s][info][gc,task     ] GC(170) Using 3 of 6 workers for concurrent strong root
[15.747s][info][gc          ] GC(170) Concurrent strong roots 0.141ms
[15.747s][info][gc,start    ] GC(170) Concurrent evacuation
[15.747s][info][gc,task     ] GC(170) Using 3 of 6 workers for concurrent evacuation
[15.759s][info][gc          ] GC(170) Concurrent evacuation 12.601ms
[15.760s][info][gc,start    ] GC(170) Pause Init Update Refs
[15.760s][info][gc,ergo     ] GC(170) Pacer for Update Refs. Used: 562M, Free: 442M, Non-Taxable: 45348K, Alloc Tax Rate: 1.6x
[15.760s][info][gc          ] GC(170) Pause Init Update Refs 0.029ms
[15.760s][info][gc,start    ] GC(170) Concurrent update references
[15.760s][info][gc,task     ] GC(170) Using 3 of 6 workers for concurrent reference update
[15.763s][info][gc          ] GC(170) Concurrent update references 2.721ms
[15.763s][info][gc,start    ] GC(170) Concurrent update thread roots
[15.763s][info][gc          ] GC(170) Concurrent update thread roots 0.283ms
[15.763s][info][gc,start    ] GC(170) Pause Final Update Refs
[15.763s][info][gc,task     ] GC(170) Using 6 of 6 workers for final reference update
[15.763s][info][gc          ] GC(170) Pause Final Update Refs 0.234ms
[15.763s][info][gc,start    ] GC(170) Concurrent cleanup
[15.763s][info][gc          ] GC(170) Concurrent cleanup 588M->389M(1024M) 0.061ms
[15.763s][info][gc,ergo     ] Free: 582M, Max: 512K regular, 118M humongous, Frag: 80% external, 36% internal; Reserve: 52736K, Max: 512K
[15.763s][info][gc,stats    ] 
[15.763s][info][gc,stats    ] All times are wall-clock times, except per-root-class counters, that are sum over
[15.763s][info][gc,stats    ] all workers. Dividing the <total> over the root stage time estimates parallelism.
[15.763s][info][gc,stats    ] 
[15.763s][info][gc,stats    ] Concurrent Reset                   2172 us
[15.763s][info][gc,stats    ] Pause Init Mark (G)                 404 us
[15.763s][info][gc,stats    ] Pause Init Mark (N)                 132 us
[15.763s][info][gc,stats    ]   Update Region States               84 us
[15.763s][info][gc,stats    ] Concurrent Mark Roots               294 us, parallelism: 0.76x
[15.764s][info][gc,stats    ]   CMR: <total>                      222 us
[15.764s][info][gc,stats    ]   CMR: Thread Roots                 163 us, workers (us):  52,  53,  58, ---, ---, ---, 
[15.764s][info][gc,stats    ]   CMR: VM Strong Roots                6 us, workers (us):   5,   0,   0, ---, ---, ---, 
[15.764s][info][gc,stats    ]   CMR: CLDG Roots                    54 us, workers (us):  54, ---, ---, ---, ---, ---, 
[15.764s][info][gc,stats    ] Concurrent Marking                 1917 us
[15.764s][info][gc,stats    ] Pause Final Mark (G)                626 us
[15.764s][info][gc,stats    ] Pause Final Mark (N)                481 us
[15.764s][info][gc,stats    ]   Finish Mark                       261 us
[15.764s][info][gc,stats    ]   Update Region States              103 us
[15.764s][info][gc,stats    ]   Choose Collection Set              72 us
[15.764s][info][gc,stats    ]   Rebuild Free Set                   16 us
[15.764s][info][gc,stats    ] Concurrent Thread Roots             189 us, parallelism: 0.70x
[15.764s][info][gc,stats    ]   CTR: <total>                      131 us
[15.764s][info][gc,stats    ]   CTR: Thread Roots                 131 us, workers (us):  83,  48,   0, ---, ---, ---, 
[15.764s][info][gc,stats    ] Concurrent Weak References          152 us, parallelism: 0.03x
[15.764s][info][gc,stats    ]   CWRF: <total>                       4 us
[15.764s][info][gc,stats    ]   CWRF: Weak References               4 us, workers (us):   3,   1,   0, ---, ---, ---, 
[15.764s][info][gc,stats    ] Concurrent Weak Roots               299 us
[15.764s][info][gc,stats    ]   Roots                             186 us, parallelism: 1.21x
[15.764s][info][gc,stats    ]     CWR: <total>                    225 us
[15.764s][info][gc,stats    ]     CWR: Code Cache Roots           194 us, workers (us):  85, 109,   0, ---, ---, ---, 
[15.764s][info][gc,stats    ]     CWR: VM Weak Roots               25 us, workers (us):  18,   6,   0, ---, ---, ---, 
[15.764s][info][gc,stats    ]     CWR: CLDG Roots                   6 us, workers (us):   6, ---, ---, ---, ---, ---, 
[15.764s][info][gc,stats    ]   Rendezvous                         91 us
[15.764s][info][gc,stats    ] Concurrent Cleanup                   82 us
[15.764s][info][gc,stats    ] Concurrent Class Unloading          786 us
[15.764s][info][gc,stats    ]   Unlink Stale                      504 us
[15.764s][info][gc,stats    ]     System Dictionary                 6 us
[15.764s][info][gc,stats    ]     Weak Class Links                  0 us
[15.764s][info][gc,stats    ]     Code Roots                      497 us
[15.764s][info][gc,stats    ]   Rendezvous                        105 us
[15.764s][info][gc,stats    ]   Purge Unlinked                    150 us
[15.764s][info][gc,stats    ]     Code Roots                      129 us
[15.764s][info][gc,stats    ]     CLDG                             20 us
[15.764s][info][gc,stats    ]     Exception Caches                  0 us
[15.764s][info][gc,stats    ] Concurrent Strong Roots             152 us, parallelism: 0.25x
[15.764s][info][gc,stats    ]   CSR: <total>                       37 us
[15.764s][info][gc,stats    ]   CSR: VM Strong Roots                4 us, workers (us):   4,   0,   0, ---, ---, ---, 
[15.764s][info][gc,stats    ]   CSR: CLDG Roots                    33 us, workers (us):  33, ---, ---, ---, ---, ---, 
[15.764s][info][gc,stats    ] Concurrent Evacuation             12667 us
[15.764s][info][gc,stats    ] Pause Init Update Refs (G)          382 us
[15.764s][info][gc,stats    ] Pause Init Update Refs (N)           39 us
[15.764s][info][gc,stats    ]   Manage GCLABs                       3 us
[15.764s][info][gc,stats    ] Concurrent Update Refs             2780 us
[15.764s][info][gc,stats    ] Concurrent Update Thread Roots      301 us
[15.764s][info][gc,stats    ] Pause Final Update Refs (G)         495 us
[15.764s][info][gc,stats    ] Pause Final Update Refs (N)         246 us
[15.764s][info][gc,stats    ]   Update Region States              186 us
[15.764s][info][gc,stats    ]   Trash Collection Set                7 us
[15.764s][info][gc,stats    ]   Rebuild Free Set                   18 us
[15.764s][info][gc,stats    ] Concurrent Cleanup                   67 us
[15.764s][info][gc,stats    ] Pacing                             3074 us
[15.764s][info][gc,stats    ] 
[15.764s][info][gc,stats    ] Allocation pacing accrued:
[15.764s][info][gc,stats    ]       3 of    52 ms (  5.9%): main
[15.764s][info][gc,stats    ]       3 of    52 ms (  5.9%): <total>
[15.764s][info][gc,stats    ]       0 of    52 ms (  0.5%): <average total>
[15.764s][info][gc,stats    ]       3 of    52 ms (  5.9%): <average non-zero>
[15.764s][info][gc,stats    ] 
[15.764s][info][gc,metaspace] Metaspace: 6358K(6528K)->6358K(6528K) NonClass: 5812K(5888K)->5812K(5888K) Class: 546K(640K)->546K(640K)
[15.764s][info][gc,ergo     ] Pacer for Idle. Initial: 20971K, Alloc Tax Rate: 1.0x
[15.790s][info][gc          ] Trigger: Average GC time (24.60 ms) is above the time for average allocation rate (4549 MB/s) to deplete free headroom (104M) (margin of error = 1.82)
[15.790s][info][gc,ergo     ] Free headroom: 156M (free) - 52428K (spike) - 0B (penalties) = 104M
[15.790s][info][gc,ergo     ] Free: 155M, Max: 512K regular, 118M humongous, Frag: 24% external, 6% internal; Reserve: 52736K, Max: 512K
[15.790s][info][gc,start    ] GC(171) Concurrent reset
[15.790s][info][gc,task     ] GC(171) Using 3 of 6 workers for concurrent reset
[15.790s][info][gc,ergo     ] GC(171) Pacer for Reset. Non-Taxable: 1024M
[15.793s][info][gc          ] GC(171) Concurrent reset 2.111ms
[15.793s][info][gc,start    ] GC(171) Pause Init Mark (unload classes)
[15.793s][info][gc,task     ] GC(171) Using 6 of 6 workers for init marking
[15.793s][info][gc,ergo     ] GC(171) Pacer for Mark. Expected Live: 196M, Free: 142M, Non-Taxable: 14597K, Alloc Tax Rate: 1.7x
[15.793s][info][gc          ] GC(171) Pause Init Mark (unload classes) 0.195ms
[15.793s][info][gc,start    ] GC(171) Concurrent marking roots
[15.793s][info][gc,task     ] GC(171) Using 3 of 6 workers for concurrent marking roots
[15.793s][info][gc          ] GC(171) Concurrent marking roots 0.286ms
[15.793s][info][gc,start    ] GC(171) Concurrent marking (unload classes)
[15.793s][info][gc,task     ] GC(171) Using 3 of 6 workers for concurrent marking
[15.795s][info][gc          ] GC(171) Concurrent marking (unload classes) 1.733ms
[15.795s][info][gc,start    ] GC(171) Pause Final Mark (unload classes)
[15.795s][info][gc,task     ] GC(171) Using 6 of 6 workers for final marking
[15.796s][info][gc,ergo     ] GC(171) Adaptive CSet Selection. Target Free: 145M, Actual Free: 550M, Max CSet: 43690K, Min Garbage: 0B
[15.796s][info][gc,ergo     ] GC(171) Collectable Garbage: 531M (86%), Immediate: 371M (60%), CSet: 160M (25%)
[15.796s][info][gc,ergo     ] GC(171) Pacer for Evacuation. Used CSet: 202M, Free: 513M, Non-Taxable: 52547K, Alloc Tax Rate: 1.1x
[15.796s][info][gc          ] GC(171) Pause Final Mark (unload classes) 0.480ms
[15.796s][info][gc,start    ] GC(171) Concurrent thread roots
[15.796s][info][gc,task     ] GC(171) Using 3 of 6 workers for Concurrent thread roots
[15.796s][info][gc          ] GC(171) Concurrent thread roots 0.211ms
[15.796s][info][gc,start    ] GC(171) Concurrent weak references
[15.796s][info][gc,task     ] GC(171) Using 3 of 6 workers for concurrent weak references
[15.796s][info][gc,ref      ] GC(171) Encountered references: Soft: 47, Weak: 146, Final: 0, Phantom: 3
[15.796s][info][gc,ref      ] GC(171) Discovered  references: Soft: 0, Weak: 48, Final: 0, Phantom: 2
[15.796s][info][gc,ref      ] GC(171) Enqueued    references: Soft: 0, Weak: 0, Final: 0, Phantom: 0
[15.796s][info][gc          ] GC(171) Concurrent weak references 0.157ms
[15.796s][info][gc,start    ] GC(171) Concurrent weak roots
[15.796s][info][gc,task     ] GC(171) Using 3 of 6 workers for concurrent weak root
[15.797s][info][gc          ] GC(171) Concurrent weak roots 0.410ms
[15.797s][info][gc,start    ] GC(171) Concurrent cleanup
[15.797s][info][gc          ] GC(171) Concurrent cleanup 834M->463M(1024M) 0.095ms
[15.797s][info][gc,ergo     ] GC(171) Free: 498M, Max: 512K regular, 150M humongous, Frag: 70% external, 0% internal; Reserve: 52720K, Max: 512K
[15.797s][info][gc,start    ] GC(171) Concurrent class unloading
[15.797s][info][gc,task     ] GC(171) Using 3 of 6 workers for concurrent class unloading
[15.797s][info][gc          ] GC(171) Concurrent class unloading 0.764ms
[15.798s][info][gc,start    ] GC(171) Concurrent strong roots
[15.798s][info][gc,task     ] GC(171) Using 3 of 6 workers for concurrent strong root
[15.798s][info][gc          ] GC(171) Concurrent strong roots 0.160ms
[15.798s][info][gc,start    ] GC(171) Concurrent evacuation
[15.798s][info][gc,task     ] GC(171) Using 3 of 6 workers for concurrent evacuation
[15.811s][info][gc          ] GC(171) Concurrent evacuation 13.742ms
[15.812s][info][gc,start    ] GC(171) Pause Init Update Refs
[15.812s][info][gc,ergo     ] GC(171) Pacer for Update Refs. Used: 565M, Free: 439M, Non-Taxable: 45045K, Alloc Tax Rate: 1.6x
[15.812s][info][gc          ] GC(171) Pause Init Update Refs 0.029ms
[15.812s][info][gc,start    ] GC(171) Concurrent update references
[15.812s][info][gc,task     ] GC(171) Using 3 of 6 workers for concurrent reference update
[15.814s][info][gc          ] GC(171) Concurrent update references 2.417ms
[15.814s][info][gc,start    ] GC(171) Concurrent update thread roots
[15.815s][info][gc          ] GC(171) Concurrent update thread roots 0.290ms
[15.815s][info][gc,start    ] GC(171) Pause Final Update Refs
[15.815s][info][gc,task     ] GC(171) Using 6 of 6 workers for final reference update
[15.815s][info][gc          ] GC(171) Pause Final Update Refs 0.154ms
[15.815s][info][gc,start    ] GC(171) Concurrent cleanup
[15.815s][info][gc          ] GC(171) Concurrent cleanup 593M->392M(1024M) 0.092ms
[15.815s][info][gc,ergo     ] Free: 579M, Max: 512K regular, 120M humongous, Frag: 79% external, 36% internal; Reserve: 52736K, Max: 512K
[15.815s][info][gc,stats    ] 
[15.815s][info][gc,stats    ] All times are wall-clock times, except per-root-class counters, that are sum over
[15.815s][info][gc,stats    ] all workers. Dividing the <total> over the root stage time estimates parallelism.
[15.815s][info][gc,stats    ] 
[15.815s][info][gc,stats    ] Concurrent Reset                   2179 us
[15.815s][info][gc,stats    ] Pause Init Mark (G)                 495 us
[15.815s][info][gc,stats    ] Pause Init Mark (N)                 200 us
[15.815s][info][gc,stats    ]   Update Region States              154 us
[15.815s][info][gc,stats    ] Concurrent Mark Roots               298 us, parallelism: 0.79x
[15.815s][info][gc,stats    ]   CMR: <total>                      235 us
[15.815s][info][gc,stats    ]   CMR: Thread Roots                 174 us, workers (us):  52,  57,  65, ---, ---, ---, 
[15.815s][info][gc,stats    ]   CMR: VM Strong Roots                6 us, workers (us):   6,   0,   0, ---, ---, ---, 
[15.815s][info][gc,stats    ]   CMR: CLDG Roots                    54 us, workers (us):  54, ---, ---, ---, ---, ---, 
[15.815s][info][gc,stats    ] Concurrent Marking                 1752 us
[15.815s][info][gc,stats    ] Pause Final Mark (G)                615 us
[15.815s][info][gc,stats    ] Pause Final Mark (N)                484 us
[15.815s][info][gc,stats    ]   Finish Mark                       284 us
[15.815s][info][gc,stats    ]   Update Region States               74 us
[15.815s][info][gc,stats    ]   Choose Collection Set              72 us
[15.815s][info][gc,stats    ]   Rebuild Free Set                   16 us
[15.815s][info][gc,stats    ] Concurrent Thread Roots             223 us, parallelism: 0.47x
[15.815s][info][gc,stats    ]   CTR: <total>                      104 us
[15.815s][info][gc,stats    ]   CTR: Thread Roots                 104 us, workers (us):  34,  30,  40, ---, ---, ---, 
[15.815s][info][gc,stats    ] Concurrent Weak References          161 us, parallelism: 0.04x
[15.815s][info][gc,stats    ]   CWRF: <total>                       6 us
[15.815s][info][gc,stats    ]   CWRF: Weak References               6 us, workers (us):   6,   0,   0, ---, ---, ---, 
[15.815s][info][gc,stats    ] Concurrent Weak Roots               422 us
[15.815s][info][gc,stats    ]   Roots                             269 us, parallelism: 0.82x
[15.815s][info][gc,stats    ]     CWR: <total>                    221 us
[15.815s][info][gc,stats    ]     CWR: Code Cache Roots           189 us, workers (us): 103,  86,   0, ---, ---, ---, 
[15.815s][info][gc,stats    ]     CWR: VM Weak Roots               29 us, workers (us):  28,   1,   1, ---, ---, ---, 
[15.815s][info][gc,stats    ]     CWR: CLDG Roots                   3 us, workers (us):   3, ---, ---, ---, ---, ---, 
[15.815s][info][gc,stats    ]   Rendezvous                        133 us
[15.815s][info][gc,stats    ] Concurrent Cleanup                  100 us
[15.815s][info][gc,stats    ] Concurrent Class Unloading          782 us
[15.815s][info][gc,stats    ]   Unlink Stale                      492 us
[15.815s][info][gc,stats    ]     System Dictionary                 6 us
[15.815s][info][gc,stats    ]     Weak Class Links                  0 us
[15.815s][info][gc,stats    ]     Code Roots                      485 us
[15.815s][info][gc,stats    ]   Rendezvous                        108 us
[15.815s][info][gc,stats    ]   Purge Unlinked                    155 us
[15.815s][info][gc,stats    ]     Code Roots                      138 us
[15.815s][info][gc,stats    ]     CLDG                             16 us
[15.815s][info][gc,stats    ]     Exception Caches                  0 us
[15.815s][info][gc,stats    ] Concurrent Strong Roots             170 us, parallelism: 0.28x
[15.815s][info][gc,stats    ]   CSR: <total>                       47 us
[15.815s][info][gc,stats    ]   CSR: VM Strong Roots                5 us, workers (us):   4,   0,   0, ---, ---, ---, 
[15.815s][info][gc,stats    ]   CSR: CLDG Roots                    43 us, workers (us):  43, ---, ---, ---, ---, ---, 
[15.815s][info][gc,stats    ] Concurrent Evacuation             13821 us
[15.815s][info][gc,stats    ] Pause Init Update Refs (G)          353 us
[15.815s][info][gc,stats    ] Pause Init Update Refs (N)           33 us
[15.815s][info][gc,stats    ]   Manage GCLABs                       4 us
[15.815s][info][gc,stats    ] Concurrent Update Refs             2487 us
[15.815s][info][gc,stats    ] Concurrent Update Thread Roots      310 us
[15.815s][info][gc,stats    ] Pause Final Update Refs (G)         413 us
[15.815s][info][gc,stats    ] Pause Final Update Refs (N)         164 us
[15.815s][info][gc,stats    ]   Update Region States              103 us
[15.815s][info][gc,stats    ]   Trash Collection Set                9 us
[15.815s][info][gc,stats    ]   Rebuild Free Set                   20 us
[15.815s][info][gc,stats    ] Concurrent Cleanup                  100 us
[15.815s][info][gc,stats    ] Pacing                             1528 us
[15.815s][info][gc,stats    ] 
[15.815s][info][gc,stats    ] Allocation pacing accrued:
[15.815s][info][gc,stats    ]       2 of    52 ms (  3.0%): main
[15.815s][info][gc,stats    ]       2 of    52 ms (  3.0%): <total>
[15.815s][info][gc,stats    ]       0 of    52 ms (  0.3%): <average total>
[15.815s][info][gc,stats    ]       2 of    52 ms (  3.0%): <average non-zero>
[15.815s][info][gc,stats    ] 
[15.815s][info][gc,metaspace] Metaspace: 6358K(6528K)->6358K(6528K) NonClass: 5812K(5888K)->5812K(5888K) Class: 546K(640K)->546K(640K)
[15.815s][info][gc,ergo     ] Pacer for Idle. Initial: 20971K, Alloc Tax Rate: 1.0x
[15.846s][info][gc          ] Trigger: Average GC time (25.51 ms) is above the time for average allocation rate (4550 MB/s) to deplete free headroom (100M) (margin of error = 1.83)
[15.846s][info][gc,ergo     ] Free headroom: 151M (free) - 52428K (spike) - 0B (penalties) = 100M
[15.846s][info][gc,ergo     ] Free: 150M, Max: 512K regular, 120M humongous, Frag: 19% external, 37% internal; Reserve: 52736K, Max: 512K
[15.846s][info][gc,start    ] GC(172) Concurrent reset
[15.846s][info][gc,task     ] GC(172) Using 3 of 6 workers for concurrent reset
[15.846s][info][gc,ergo     ] GC(172) Pacer for Reset. Non-Taxable: 1024M
[15.848s][info][gc          ] GC(172) Concurrent reset 2.024ms
[15.848s][info][gc,start    ] GC(172) Pause Init Mark (unload classes)
[15.848s][info][gc,task     ] GC(172) Using 6 of 6 workers for init marking
[15.848s][info][gc,ergo     ] GC(172) Pacer for Mark. Expected Live: 196M, Free: 136M, Non-Taxable: 14022K, Alloc Tax Rate: 1.8x
[15.848s][info][gc          ] GC(172) Pause Init Mark (unload classes) 0.208ms
[15.848s][info][gc,start    ] GC(172) Concurrent marking roots
[15.848s][info][gc,task     ] GC(172) Using 3 of 6 workers for concurrent marking roots
[15.849s][info][gc          ] GC(172) Concurrent marking roots 0.282ms
[15.849s][info][gc,start    ] GC(172) Concurrent marking (unload classes)
[15.849s][info][gc,task     ] GC(172) Using 3 of 6 workers for concurrent marking
[15.850s][info][gc          ] GC(172) Concurrent marking (unload classes) 1.501ms
[15.850s][info][gc,start    ] GC(172) Pause Final Mark (unload classes)
[15.850s][info][gc,task     ] GC(172) Using 6 of 6 workers for final marking
[15.851s][info][gc,ergo     ] GC(172) Adaptive CSet Selection. Target Free: 145M, Actual Free: 550M, Max CSet: 43690K, Min Garbage: 0B
[15.851s][info][gc,ergo     ] GC(172) Collectable Garbage: 535M (85%), Immediate: 376M (60%), CSet: 158M (25%)
[15.851s][info][gc,ergo     ] GC(172) Pacer for Evacuation. Used CSet: 200M, Free: 513M, Non-Taxable: 52586K, Alloc Tax Rate: 1.1x
[15.851s][info][gc          ] GC(172) Pause Final Mark (unload classes) 0.503ms
[15.851s][info][gc,start    ] GC(172) Concurrent thread roots
[15.851s][info][gc,task     ] GC(172) Using 3 of 6 workers for Concurrent thread roots
[15.851s][info][gc          ] GC(172) Concurrent thread roots 0.168ms
[15.851s][info][gc,start    ] GC(172) Concurrent weak references
[15.851s][info][gc,task     ] GC(172) Using 3 of 6 workers for concurrent weak references
[15.851s][info][gc,ref      ] GC(172) Encountered references: Soft: 47, Weak: 146, Final: 0, Phantom: 3
[15.851s][info][gc,ref      ] GC(172) Discovered  references: Soft: 0, Weak: 48, Final: 0, Phantom: 2
[15.851s][info][gc,ref      ] GC(172) Enqueued    references: Soft: 0, Weak: 0, Final: 0, Phantom: 0
[15.851s][info][gc          ] GC(172) Concurrent weak references 0.161ms
[15.851s][info][gc,start    ] GC(172) Concurrent weak roots
[15.851s][info][gc,task     ] GC(172) Using 3 of 6 workers for concurrent weak root
[15.851s][info][gc          ] GC(172) Concurrent weak roots 0.318ms
[15.851s][info][gc,start    ] GC(172) Concurrent cleanup
[15.852s][info][gc          ] GC(172) Concurrent cleanup 831M->454M(1024M) 0.076ms
[15.852s][info][gc,ergo     ] GC(172) Free: 513M, Max: 512K regular, 152M humongous, Frag: 70% external, 32% internal; Reserve: 52718K, Max: 512K
[15.852s][info][gc,start    ] GC(172) Concurrent class unloading
[15.852s][info][gc,task     ] GC(172) Using 3 of 6 workers for concurrent class unloading
[15.852s][info][gc          ] GC(172) Concurrent class unloading 0.434ms
[15.852s][info][gc,start    ] GC(172) Concurrent strong roots
[15.852s][info][gc,task     ] GC(172) Using 3 of 6 workers for concurrent strong root
[15.852s][info][gc          ] GC(172) Concurrent strong roots 0.096ms
[15.852s][info][gc,start    ] GC(172) Concurrent evacuation
[15.852s][info][gc,task     ] GC(172) Using 3 of 6 workers for concurrent evacuation
[15.860s][info][gc          ] GC(172) Concurrent evacuation 8.358ms
[15.861s][info][gc,start    ] GC(172) Pause Init Update Refs
[15.861s][info][gc,ergo     ] GC(172) Pacer for Update Refs. Used: 514M, Free: 498M, Non-Taxable: 50999K, Alloc Tax Rate: 1.3x
[15.861s][info][gc          ] GC(172) Pause Init Update Refs 0.025ms
[15.861s][info][gc,start    ] GC(172) Concurrent update references
[15.861s][info][gc,task     ] GC(172) Using 3 of 6 workers for concurrent reference update
[15.863s][info][gc          ] GC(172) Concurrent update references 2.485ms
[15.863s][info][gc,start    ] GC(172) Concurrent update thread roots
[15.864s][info][gc          ] GC(172) Concurrent update thread roots 0.297ms
[15.864s][info][gc,start    ] GC(172) Pause Final Update Refs
[15.864s][info][gc,task     ] GC(172) Using 6 of 6 workers for final reference update
[15.864s][info][gc          ] GC(172) Pause Final Update Refs 0.191ms
[15.864s][info][gc,start    ] GC(172) Concurrent cleanup
[15.864s][info][gc          ] GC(172) Concurrent cleanup 541M->341M(1024M) 0.073ms
[15.864s][info][gc,ergo     ] Free: 630M, Max: 512K regular, 123M humongous, Frag: 81% external, 30% internal; Reserve: 52736K, Max: 512K
[15.864s][info][gc,stats    ] 
[15.864s][info][gc,stats    ] All times are wall-clock times, except per-root-class counters, that are sum over
[15.864s][info][gc,stats    ] all workers. Dividing the <total> over the root stage time estimates parallelism.
[15.864s][info][gc,stats    ] 
[15.864s][info][gc,stats    ] Concurrent Reset                   2093 us
[15.864s][info][gc,stats    ] Pause Init Mark (G)                 509 us
[15.864s][info][gc,stats    ] Pause Init Mark (N)                 212 us
[15.864s][info][gc,stats    ]   Update Region States              168 us
[15.864s][info][gc,stats    ] Concurrent Mark Roots               295 us, parallelism: 0.75x
[15.864s][info][gc,stats    ]   CMR: <total>                      223 us
[15.864s][info][gc,stats    ]   CMR: Thread Roots                 155 us, workers (us):  44,  63,  48, ---, ---, ---, 
[15.864s][info][gc,stats    ]   CMR: VM Strong Roots                7 us, workers (us):   7,   0,   0, ---, ---, ---, 
[15.864s][info][gc,stats    ]   CMR: CLDG Roots                    61 us, workers (us):  61, ---, ---, ---, ---, ---, 
[15.864s][info][gc,stats    ] Concurrent Marking                 1516 us
[15.864s][info][gc,stats    ] Pause Final Mark (G)                643 us
[15.864s][info][gc,stats    ] Pause Final Mark (N)                507 us
[15.864s][info][gc,stats    ]   Finish Mark                       314 us
[15.864s][info][gc,stats    ]   Update Region States               74 us
[15.864s][info][gc,stats    ]   Choose Collection Set              73 us
[15.864s][info][gc,stats    ]   Rebuild Free Set                   16 us
[15.864s][info][gc,stats    ] Concurrent Thread Roots             179 us, parallelism: 0.53x
[15.864s][info][gc,stats    ]   CTR: <total>                       95 us
[15.864s][info][gc,stats    ]   CTR: Thread Roots                  95 us, workers (us):  44,  51,   0, ---, ---, ---, 
[15.864s][info][gc,stats    ] Concurrent Weak References          165 us, parallelism: 0.02x
[15.864s][info][gc,stats    ]   CWRF: <total>                       3 us
[15.864s][info][gc,stats    ]   CWRF: Weak References               3 us, workers (us):   3,   0,   0, ---, ---, ---, 
[15.864s][info][gc,stats    ] Concurrent Weak Roots               333 us
[15.864s][info][gc,stats    ]   Roots                             199 us, parallelism: 0.83x
[15.864s][info][gc,stats    ]     CWR: <total>                    166 us
[15.864s][info][gc,stats    ]     CWR: Code Cache Roots           132 us, workers (us):  74,  58,   0, ---, ---, ---, 
[15.864s][info][gc,stats    ]     CWR: VM Weak Roots               31 us, workers (us):  30,   1,   1, ---, ---, ---, 
[15.864s][info][gc,stats    ]     CWR: CLDG Roots                   2 us, workers (us):   2, ---, ---, ---, ---, ---, 
[15.864s][info][gc,stats    ]   Rendezvous                        110 us
[15.864s][info][gc,stats    ] Concurrent Cleanup                   81 us
[15.864s][info][gc,stats    ] Concurrent Class Unloading          443 us
[15.864s][info][gc,stats    ]   Unlink Stale                      260 us
[15.864s][info][gc,stats    ]     System Dictionary                 3 us
[15.864s][info][gc,stats    ]     Weak Class Links                  0 us
[15.864s][info][gc,stats    ]     Code Roots                      256 us
[15.864s][info][gc,stats    ]   Rendezvous                         86 us
[15.864s][info][gc,stats    ]   Purge Unlinked                     80 us
[15.864s][info][gc,stats    ]     Code Roots                       67 us
[15.864s][info][gc,stats    ]     CLDG                             13 us
[15.864s][info][gc,stats    ]     Exception Caches                  0 us
[15.864s][info][gc,stats    ] Concurrent Strong Roots             104 us, parallelism: 0.14x
[15.864s][info][gc,stats    ]   CSR: <total>                       14 us
[15.864s][info][gc,stats    ]   CSR: VM Strong Roots                2 us, workers (us):   2,   0,   0, ---, ---, ---, 
[15.864s][info][gc,stats    ]   CSR: CLDG Roots                    12 us, workers (us):  12, ---, ---, ---, ---, ---, 
[15.864s][info][gc,stats    ] Concurrent Evacuation              8427 us
[15.864s][info][gc,stats    ] Pause Init Update Refs (G)          321 us
[15.864s][info][gc,stats    ] Pause Init Update Refs (N)           29 us
[15.864s][info][gc,stats    ]   Manage GCLABs                       3 us
[15.864s][info][gc,stats    ] Concurrent Update Refs             2553 us
[15.864s][info][gc,stats    ] Concurrent Update Thread Roots      313 us
[15.864s][info][gc,stats    ] Pause Final Update Refs (G)         464 us
[15.864s][info][gc,stats    ] Pause Final Update Refs (N)         203 us
[15.864s][info][gc,stats    ]   Update Region States              141 us
[15.864s][info][gc,stats    ]   Trash Collection Set                9 us
[15.864s][info][gc,stats    ]   Rebuild Free Set                   18 us
[15.865s][info][gc,stats    ] Concurrent Cleanup                   79 us
[15.865s][info][gc,stats    ] Pacing                             7823 us
[15.865s][info][gc,stats    ] 
[15.865s][info][gc,stats    ] Allocation pacing accrued:
[15.865s][info][gc,stats    ]       8 of    49 ms ( 15.9%): main
[15.865s][info][gc,stats    ]       8 of    49 ms ( 15.9%): <total>
[15.865s][info][gc,stats    ]       1 of    49 ms (  1.4%): <average total>
[15.865s][info][gc,stats    ]       8 of    49 ms ( 15.9%): <average non-zero>
[15.865s][info][gc,stats    ] 
[15.865s][info][gc,metaspace] Metaspace: 6358K(6528K)->6358K(6528K) NonClass: 5812K(5888K)->5812K(5888K) Class: 546K(640K)->546K(640K)
[15.865s][info][gc,ergo     ] Pacer for Idle. Initial: 20971K, Alloc Tax Rate: 1.0x
[15.895s][info][gc          ] Trigger: Average GC time (26.43 ms) is above the time for average allocation rate (4549 MB/s) to deplete free headroom (101M) (margin of error = 1.81)
[15.895s][info][gc,ergo     ] Free headroom: 152M (free) - 52428K (spike) - 0B (penalties) = 101M
[15.895s][info][gc,ergo     ] Free: 151M, Max: 512K regular, 123M humongous, Frag: 19% external, 4% internal; Reserve: 52736K, Max: 512K
[15.895s][info][gc,start    ] GC(173) Concurrent reset
[15.895s][info][gc,task     ] GC(173) Using 3 of 6 workers for concurrent reset
[15.895s][info][gc,ergo     ] GC(173) Pacer for Reset. Non-Taxable: 1024M
[15.897s][info][gc          ] GC(173) Concurrent reset 2.092ms
[15.897s][info][gc,start    ] GC(173) Pause Init Mark (unload classes)
[15.897s][info][gc,task     ] GC(173) Using 6 of 6 workers for init marking
[15.897s][info][gc,ergo     ] GC(173) Pacer for Mark. Expected Live: 196M, Free: 139M, Non-Taxable: 14292K, Alloc Tax Rate: 1.7x
[15.897s][info][gc          ] GC(173) Pause Init Mark (unload classes) 0.138ms
[15.898s][info][gc,start    ] GC(173) Concurrent marking roots
[15.898s][info][gc,task     ] GC(173) Using 3 of 6 workers for concurrent marking roots
[15.898s][info][gc          ] GC(173) Concurrent marking roots 0.278ms
[15.898s][info][gc,start    ] GC(173) Concurrent marking (unload classes)
[15.898s][info][gc,task     ] GC(173) Using 3 of 6 workers for concurrent marking
[15.900s][info][gc          ] GC(173) Concurrent marking (unload classes) 1.818ms
[15.900s][info][gc,start    ] GC(173) Pause Final Mark (unload classes)
[15.900s][info][gc,task     ] GC(173) Using 6 of 6 workers for final marking
[15.900s][info][gc,ergo     ] GC(173) Adaptive CSet Selection. Target Free: 145M, Actual Free: 546M, Max CSet: 43690K, Min Garbage: 0B
[15.900s][info][gc,ergo     ] GC(173) Collectable Garbage: 533M (86%), Immediate: 370M (59%), CSet: 162M (26%)
[15.900s][info][gc,ergo     ] GC(173) Pacer for Evacuation. Used CSet: 205M, Free: 509M, Non-Taxable: 52186K, Alloc Tax Rate: 1.1x
[15.900s][info][gc          ] GC(173) Pause Final Mark (unload classes) 0.595ms
[15.900s][info][gc,start    ] GC(173) Concurrent thread roots
[15.900s][info][gc,task     ] GC(173) Using 3 of 6 workers for Concurrent thread roots
[15.901s][info][gc          ] GC(173) Concurrent thread roots 0.191ms
[15.901s][info][gc,start    ] GC(173) Concurrent weak references
[15.901s][info][gc,task     ] GC(173) Using 3 of 6 workers for concurrent weak references
[15.901s][info][gc,ref      ] GC(173) Encountered references: Soft: 47, Weak: 146, Final: 0, Phantom: 3
[15.901s][info][gc,ref      ] GC(173) Discovered  references: Soft: 0, Weak: 48, Final: 0, Phantom: 2
[15.901s][info][gc,ref      ] GC(173) Enqueued    references: Soft: 0, Weak: 0, Final: 0, Phantom: 0
[15.901s][info][gc          ] GC(173) Concurrent weak references 0.154ms
[15.901s][info][gc,start    ] GC(173) Concurrent weak roots
[15.901s][info][gc,task     ] GC(173) Using 3 of 6 workers for concurrent weak root
[15.901s][info][gc          ] GC(173) Concurrent weak roots 0.258ms
[15.901s][info][gc,start    ] GC(173) Concurrent cleanup
[15.901s][info][gc          ] GC(173) Concurrent cleanup 829M->458M(1024M) 0.060ms
[15.901s][info][gc,ergo     ] GC(173) Free: 509M, Max: 512K regular, 157M humongous, Frag: 69% external, 32% internal; Reserve: 52718K, Max: 512K
[15.901s][info][gc,start    ] GC(173) Concurrent class unloading
[15.901s][info][gc,task     ] GC(173) Using 3 of 6 workers for concurrent class unloading
[15.901s][info][gc          ] GC(173) Concurrent class unloading 0.400ms
[15.901s][info][gc,start    ] GC(173) Concurrent strong roots
[15.901s][info][gc,task     ] GC(173) Using 3 of 6 workers for concurrent strong root
[15.902s][info][gc          ] GC(173) Concurrent strong roots 0.044ms
[15.902s][info][gc,start    ] GC(173) Concurrent evacuation
[15.902s][info][gc,task     ] GC(173) Using 3 of 6 workers for concurrent evacuation
[15.909s][info][gc          ] GC(173) Concurrent evacuation 7.436ms
[15.909s][info][gc,start    ] GC(173) Pause Init Update Refs
[15.909s][info][gc,ergo     ] GC(173) Pacer for Update Refs. Used: 508M, Free: 504M, Non-Taxable: 51624K, Alloc Tax Rate: 1.2x
[15.909s][info][gc          ] GC(173) Pause Init Update Refs 0.024ms
[15.909s][info][gc,start    ] GC(173) Concurrent update references
[15.909s][info][gc,task     ] GC(173) Using 3 of 6 workers for concurrent reference update
[15.912s][info][gc          ] GC(173) Concurrent update references 2.311ms
[15.912s][info][gc,start    ] GC(173) Concurrent update thread roots
[15.912s][info][gc          ] GC(173) Concurrent update thread roots 0.306ms
[15.912s][info][gc,start    ] GC(173) Pause Final Update Refs
[15.912s][info][gc,task     ] GC(173) Using 6 of 6 workers for final reference update
[15.913s][info][gc          ] GC(173) Pause Final Update Refs 0.275ms
[15.913s][info][gc,start    ] GC(173) Concurrent cleanup
[15.913s][info][gc          ] GC(173) Concurrent cleanup 532M->329M(1024M) 0.061ms
[15.913s][info][gc,ergo     ] Free: 643M, Max: 512K regular, 127M humongous, Frag: 81% external, 29% internal; Reserve: 52736K, Max: 512K
[15.913s][info][gc,stats    ] 
[15.913s][info][gc,stats    ] All times are wall-clock times, except per-root-class counters, that are sum over
[15.913s][info][gc,stats    ] all workers. Dividing the <total> over the root stage time estimates parallelism.
[15.913s][info][gc,stats    ] 
[15.913s][info][gc,stats    ] Concurrent Reset                   2165 us
[15.913s][info][gc,stats    ] Pause Init Mark (G)                 441 us
[15.913s][info][gc,stats    ] Pause Init Mark (N)                 143 us
[15.913s][info][gc,stats    ]   Update Region States               80 us
[15.913s][info][gc,stats    ] Concurrent Mark Roots               291 us, parallelism: 0.80x
[15.913s][info][gc,stats    ]   CMR: <total>                      233 us
[15.913s][info][gc,stats    ]   CMR: Thread Roots                 169 us, workers (us):  48,  58,  64, ---, ---, ---, 
[15.913s][info][gc,stats    ]   CMR: VM Strong Roots                6 us, workers (us):   6,   0,   0, ---, ---, ---, 
[15.913s][info][gc,stats    ]   CMR: CLDG Roots                    57 us, workers (us):  57, ---, ---, ---, ---, ---, 
[15.913s][info][gc,stats    ] Concurrent Marking                 1834 us
[15.913s][info][gc,stats    ] Pause Final Mark (G)                732 us
[15.913s][info][gc,stats    ] Pause Final Mark (N)                599 us
[15.913s][info][gc,stats    ]   Finish Mark                       334 us
[15.913s][info][gc,stats    ]   Update Region States              140 us
[15.913s][info][gc,stats    ]   Choose Collection Set              82 us
[15.913s][info][gc,stats    ]   Rebuild Free Set                   15 us
[15.913s][info][gc,stats    ] Concurrent Thread Roots             202 us, parallelism: 0.46x
[15.913s][info][gc,stats    ]   CTR: <total>                       92 us
[15.913s][info][gc,stats    ]   CTR: Thread Roots                  92 us, workers (us):  57,  35,   0, ---, ---, ---, 
[15.913s][info][gc,stats    ] Concurrent Weak References          157 us, parallelism: 0.02x
[15.913s][info][gc,stats    ]   CWRF: <total>                       4 us
[15.913s][info][gc,stats    ]   CWRF: Weak References               4 us, workers (us):   4,   0,   0, ---, ---, ---, 
[15.913s][info][gc,stats    ] Concurrent Weak Roots               266 us
[15.913s][info][gc,stats    ]   Roots                             152 us, parallelism: 0.83x
[15.913s][info][gc,stats    ]     CWR: <total>                    126 us
[15.913s][info][gc,stats    ]     CWR: Code Cache Roots           108 us, workers (us):  62,  46,   0, ---, ---, ---, 
[15.913s][info][gc,stats    ]     CWR: VM Weak Roots               15 us, workers (us):  14,   1,   1, ---, ---, ---, 
[15.913s][info][gc,stats    ]     CWR: CLDG Roots                   3 us, workers (us):   3, ---, ---, ---, ---, ---, 
[15.913s][info][gc,stats    ]   Rendezvous                         99 us
[15.913s][info][gc,stats    ] Concurrent Cleanup                   64 us
[15.913s][info][gc,stats    ] Concurrent Class Unloading          409 us
[15.913s][info][gc,stats    ]   Unlink Stale                      236 us
[15.913s][info][gc,stats    ]     System Dictionary                 3 us
[15.913s][info][gc,stats    ]     Weak Class Links                  0 us
[15.913s][info][gc,stats    ]     Code Roots                      232 us
[15.913s][info][gc,stats    ]   Rendezvous                         85 us
[15.913s][info][gc,stats    ]   Purge Unlinked                     72 us
[15.913s][info][gc,stats    ]     Code Roots                       58 us
[15.913s][info][gc,stats    ]     CLDG                             14 us
[15.913s][info][gc,stats    ]     Exception Caches                  0 us
[15.913s][info][gc,stats    ] Concurrent Strong Roots              51 us, parallelism: 0.33x
[15.913s][info][gc,stats    ]   CSR: <total>                       17 us
[15.913s][info][gc,stats    ]   CSR: VM Strong Roots                3 us, workers (us):   3,   0,   0, ---, ---, ---, 
[15.913s][info][gc,stats    ]   CSR: CLDG Roots                    14 us, workers (us):  14, ---, ---, ---, ---, ---, 
[15.913s][info][gc,stats    ] Concurrent Evacuation              7499 us
[15.913s][info][gc,stats    ] Pause Init Update Refs (G)          318 us
[15.913s][info][gc,stats    ] Pause Init Update Refs (N)           28 us
[15.913s][info][gc,stats    ]   Manage GCLABs                       3 us
[15.913s][info][gc,stats    ] Concurrent Update Refs             2372 us
[15.913s][info][gc,stats    ] Concurrent Update Thread Roots      336 us
[15.913s][info][gc,stats    ] Pause Final Update Refs (G)         548 us
[15.913s][info][gc,stats    ] Pause Final Update Refs (N)         287 us
[15.913s][info][gc,stats    ]   Update Region States              229 us
[15.913s][info][gc,stats    ]   Trash Collection Set                7 us
[15.913s][info][gc,stats    ]   Rebuild Free Set                   17 us
[15.913s][info][gc,stats    ] Concurrent Cleanup                   66 us
[15.913s][info][gc,stats    ] Pacing                             9556 us
[15.913s][info][gc,stats    ] 
[15.913s][info][gc,stats    ] Allocation pacing accrued:
[15.913s][info][gc,stats    ]      10 of    48 ms ( 19.7%): main
[15.913s][info][gc,stats    ]      10 of    48 ms ( 19.7%): <total>
[15.913s][info][gc,stats    ]       1 of    48 ms (  1.8%): <average total>
[15.913s][info][gc,stats    ]      10 of    48 ms ( 19.7%): <average non-zero>
[15.913s][info][gc,stats    ] 
[15.913s][info][gc,metaspace] Metaspace: 6358K(6528K)->6358K(6528K) NonClass: 5812K(5888K)->5812K(5888K) Class: 546K(640K)->546K(640K)
[15.913s][info][gc,ergo     ] Pacer for Idle. Initial: 20971K, Alloc Tax Rate: 1.0x
[15.947s][info][gc          ] Trigger: Average GC time (24.33 ms) is above the time for average allocation rate (4548 MB/s) to deplete free headroom (107M) (margin of error = 1.79)
[15.947s][info][gc,ergo     ] Free headroom: 159M (free) - 52428K (spike) - 0B (penalties) = 107M
[15.947s][info][gc,ergo     ] Free: 158M, Max: 512K regular, 127M humongous, Frag: 19% external, 35% internal; Reserve: 52736K, Max: 512K
[15.947s][info][gc,start    ] GC(174) Concurrent reset
[15.947s][info][gc,task     ] GC(174) Using 3 of 6 workers for concurrent reset
[15.947s][info][gc,ergo     ] GC(174) Pacer for Reset. Non-Taxable: 1024M
[15.949s][info][gc          ] GC(174) Concurrent reset 2.128ms
[15.949s][info][gc,start    ] GC(174) Pause Init Mark (unload classes)
[15.949s][info][gc,task     ] GC(174) Using 6 of 6 workers for init marking
[15.950s][info][gc,ergo     ] GC(174) Pacer for Mark. Expected Live: 196M, Free: 144M, Non-Taxable: 14843K, Alloc Tax Rate: 1.7x
[15.950s][info][gc          ] GC(174) Pause Init Mark (unload classes) 0.227ms
[15.950s][info][gc,start    ] GC(174) Concurrent marking roots
[15.950s][info][gc,task     ] GC(174) Using 3 of 6 workers for concurrent marking roots
[15.950s][info][gc          ] GC(174) Concurrent marking roots 0.291ms
[15.950s][info][gc,start    ] GC(174) Concurrent marking (unload classes)
[15.950s][info][gc,task     ] GC(174) Using 3 of 6 workers for concurrent marking
[15.952s][info][gc          ] GC(174) Concurrent marking (unload classes) 1.552ms
[15.952s][info][gc,start    ] GC(174) Pause Final Mark (unload classes)
[15.952s][info][gc,task     ] GC(174) Using 6 of 6 workers for final marking
[15.952s][info][gc,ergo     ] GC(174) Adaptive CSet Selection. Target Free: 145M, Actual Free: 543M, Max CSet: 43690K, Min Garbage: 0B
[15.952s][info][gc,ergo     ] GC(174) Collectable Garbage: 525M (85%), Immediate: 363M (59%), CSet: 161M (26%)
[15.952s][info][gc,ergo     ] GC(174) Pacer for Evacuation. Used CSet: 204M, Free: 506M, Non-Taxable: 51866K, Alloc Tax Rate: 1.1x
[15.952s][info][gc          ] GC(174) Pause Final Mark (unload classes) 0.545ms
[15.952s][info][gc,start    ] GC(174) Concurrent thread roots
[15.952s][info][gc,task     ] GC(174) Using 3 of 6 workers for Concurrent thread roots
[15.952s][info][gc          ] GC(174) Concurrent thread roots 0.172ms
[15.952s][info][gc,start    ] GC(174) Concurrent weak references
[15.952s][info][gc,task     ] GC(174) Using 3 of 6 workers for concurrent weak references
[15.952s][info][gc,ref      ] GC(174) Encountered references: Soft: 47, Weak: 146, Final: 0, Phantom: 3
[15.952s][info][gc,ref      ] GC(174) Discovered  references: Soft: 0, Weak: 48, Final: 0, Phantom: 2
[15.952s][info][gc,ref      ] GC(174) Enqueued    references: Soft: 0, Weak: 0, Final: 0, Phantom: 0
[15.952s][info][gc          ] GC(174) Concurrent weak references 0.061ms
[15.953s][info][gc,start    ] GC(174) Concurrent weak roots
[15.953s][info][gc,task     ] GC(174) Using 3 of 6 workers for concurrent weak root
[15.953s][info][gc          ] GC(174) Concurrent weak roots 0.327ms
[15.953s][info][gc,start    ] GC(174) Concurrent cleanup
[15.953s][info][gc          ] GC(174) Concurrent cleanup 825M->461M(1024M) 0.060ms
[15.953s][info][gc,ergo     ] GC(174) Free: 506M, Max: 512K regular, 158M humongous, Frag: 69% external, 33% internal; Reserve: 52720K, Max: 512K
[15.953s][info][gc,start    ] GC(174) Concurrent class unloading
[15.953s][info][gc,task     ] GC(174) Using 3 of 6 workers for concurrent class unloading
[15.953s][info][gc          ] GC(174) Concurrent class unloading 0.410ms
[15.953s][info][gc,start    ] GC(174) Concurrent strong roots
[15.953s][info][gc,task     ] GC(174) Using 3 of 6 workers for concurrent strong root
[15.953s][info][gc          ] GC(174) Concurrent strong roots 0.063ms
[15.953s][info][gc,start    ] GC(174) Concurrent evacuation
[15.953s][info][gc,task     ] GC(174) Using 3 of 6 workers for concurrent evacuation
[15.961s][info][gc          ] GC(174) Concurrent evacuation 7.904ms
[15.962s][info][gc,start    ] GC(174) Pause Init Update Refs
[15.962s][info][gc,ergo     ] GC(174) Pacer for Update Refs. Used: 515M, Free: 496M, Non-Taxable: 50860K, Alloc Tax Rate: 1.3x
[15.962s][info][gc          ] GC(174) Pause Init Update Refs 0.028ms
[15.962s][info][gc,start    ] GC(174) Concurrent update references
[15.962s][info][gc,task     ] GC(174) Using 3 of 6 workers for concurrent reference update
[15.964s][info][gc          ] GC(174) Concurrent update references 2.378ms
[15.964s][info][gc,start    ] GC(174) Concurrent update thread roots
[15.964s][info][gc          ] GC(174) Concurrent update thread roots 0.298ms
[15.965s][info][gc,start    ] GC(174) Pause Final Update Refs
[15.965s][info][gc,task     ] GC(174) Using 6 of 6 workers for final reference update
[15.965s][info][gc          ] GC(174) Pause Final Update Refs 0.273ms
[15.965s][info][gc,start    ] GC(174) Concurrent cleanup
[15.965s][info][gc          ] GC(174) Concurrent cleanup 540M->338M(1024M) 0.058ms
[15.965s][info][gc,ergo     ] Free: 633M, Max: 512K regular, 129M humongous, Frag: 80% external, 30% internal; Reserve: 52736K, Max: 512K
[15.965s][info][gc,stats    ] 
[15.965s][info][gc,stats    ] All times are wall-clock times, except per-root-class counters, that are sum over
[15.965s][info][gc,stats    ] all workers. Dividing the <total> over the root stage time estimates parallelism.
[15.965s][info][gc,stats    ] 
[15.965s][info][gc,stats    ] Concurrent Reset                   2206 us
[15.965s][info][gc,stats    ] Pause Init Mark (G)                 540 us
[15.965s][info][gc,stats    ] Pause Init Mark (N)                 231 us
[15.965s][info][gc,stats    ]   Update Region States              188 us
[15.965s][info][gc,stats    ] Concurrent Mark Roots               304 us, parallelism: 0.79x
[15.965s][info][gc,stats    ]   CMR: <total>                      240 us
[15.965s][info][gc,stats    ]   CMR: Thread Roots                 178 us, workers (us):  49,  67,  61, ---, ---, ---, 
[15.965s][info][gc,stats    ]   CMR: VM Strong Roots                6 us, workers (us):   5,   0,   0, ---, ---, ---, 
[15.965s][info][gc,stats    ]   CMR: CLDG Roots                    57 us, workers (us):  57, ---, ---, ---, ---, ---, 
[15.965s][info][gc,stats    ] Concurrent Marking                 1567 us
[15.965s][info][gc,stats    ] Pause Final Mark (G)                682 us
[15.965s][info][gc,stats    ] Pause Final Mark (N)                549 us
[15.965s][info][gc,stats    ]   Finish Mark                       338 us
[15.965s][info][gc,stats    ]   Update Region States               74 us
[15.965s][info][gc,stats    ]   Choose Collection Set              85 us
[15.965s][info][gc,stats    ]   Rebuild Free Set                   16 us
[15.965s][info][gc,stats    ] Concurrent Thread Roots             183 us, parallelism: 0.50x
[15.965s][info][gc,stats    ]   CTR: <total>                       91 us
[15.965s][info][gc,stats    ]   CTR: Thread Roots                  91 us, workers (us):  61,  27,   2, ---, ---, ---, 
[15.965s][info][gc,stats    ] Concurrent Weak References           65 us, parallelism: 0.04x
[15.965s][info][gc,stats    ]   CWRF: <total>                       3 us
[15.965s][info][gc,stats    ]   CWRF: Weak References               3 us, workers (us):   3,   0,   0, ---, ---, ---, 
[15.965s][info][gc,stats    ] Concurrent Weak Roots               338 us
[15.965s][info][gc,stats    ]   Roots                             192 us, parallelism: 1.08x
[15.965s][info][gc,stats    ]     CWR: <total>                    208 us
[15.965s][info][gc,stats    ]     CWR: Code Cache Roots           162 us, workers (us):  88,  74,   0, ---, ---, ---, 
[15.965s][info][gc,stats    ]     CWR: VM Weak Roots               43 us, workers (us):  41,   2,   1, ---, ---, ---, 
[15.965s][info][gc,stats    ]     CWR: CLDG Roots                   3 us, workers (us): ---,   3, ---, ---, ---, ---, 
[15.965s][info][gc,stats    ]   Rendezvous                        127 us
[15.965s][info][gc,stats    ] Concurrent Cleanup                   64 us
[15.965s][info][gc,stats    ] Concurrent Class Unloading          421 us
[15.965s][info][gc,stats    ]   Unlink Stale                      235 us
[15.965s][info][gc,stats    ]     System Dictionary                 2 us
[15.965s][info][gc,stats    ]     Weak Class Links                  0 us
[15.965s][info][gc,stats    ]     Code Roots                      231 us
[15.965s][info][gc,stats    ]   Rendezvous                         88 us
[15.965s][info][gc,stats    ]   Purge Unlinked                     49 us
[15.965s][info][gc,stats    ]     Code Roots                       35 us
[15.965s][info][gc,stats    ]     CLDG                             14 us
[15.965s][info][gc,stats    ]     Exception Caches                  0 us
[15.965s][info][gc,stats    ] Concurrent Strong Roots              71 us, parallelism: 0.40x
[15.965s][info][gc,stats    ]   CSR: <total>                       28 us
[15.965s][info][gc,stats    ]   CSR: VM Strong Roots                2 us, workers (us):   2,   0,   0, ---, ---, ---, 
[15.965s][info][gc,stats    ]   CSR: CLDG Roots                    26 us, workers (us):  26, ---, ---, ---, ---, ---, 
[15.965s][info][gc,stats    ] Concurrent Evacuation              7983 us
[15.965s][info][gc,stats    ] Pause Init Update Refs (G)          277 us
[15.965s][info][gc,stats    ] Pause Init Update Refs (N)           32 us
[15.965s][info][gc,stats    ]   Manage GCLABs                       4 us
[15.965s][info][gc,stats    ] Concurrent Update Refs             2442 us
[15.965s][info][gc,stats    ] Concurrent Update Thread Roots      314 us
[15.965s][info][gc,stats    ] Pause Final Update Refs (G)         524 us
[15.965s][info][gc,stats    ] Pause Final Update Refs (N)         285 us
[15.965s][info][gc,stats    ]   Update Region States              226 us
[15.965s][info][gc,stats    ]   Trash Collection Set                7 us
[15.965s][info][gc,stats    ]   Rebuild Free Set                   17 us
[15.965s][info][gc,stats    ] Concurrent Cleanup                   64 us
[15.965s][info][gc,stats    ] Pacing                            13014 us
[15.965s][info][gc,stats    ] 
[15.965s][info][gc,stats    ] Allocation pacing accrued:
[15.965s][info][gc,stats    ]      13 of    52 ms ( 24.9%): main
[15.965s][info][gc,stats    ]      13 of    52 ms ( 24.9%): <total>
[15.965s][info][gc,stats    ]       1 of    52 ms (  2.3%): <average total>
[15.965s][info][gc,stats    ]      13 of    52 ms ( 24.9%): <average non-zero>
[15.965s][info][gc,stats    ] 
[15.965s][info][gc,metaspace] Metaspace: 6358K(6528K)->6358K(6528K) NonClass: 5812K(5888K)->5812K(5888K) Class: 546K(640K)->546K(640K)
[15.965s][info][gc,ergo     ] Pacer for Idle. Initial: 20971K, Alloc Tax Rate: 1.0x
[16.007s][info][gc          ] Trigger: Average GC time (22.42 ms) is above the time for average allocation rate (4547 MB/s) to deplete free headroom (97238K) (margin of error = 1.78)
[16.007s][info][gc,ergo     ] Free headroom: 146M (free) - 52428K (spike) - 0B (penalties) = 97238K
[16.007s][info][gc,ergo     ] Free: 145M, Max: 512K regular, 129M humongous, Frag: 11% external, 2% internal; Reserve: 52736K, Max: 512K
[16.007s][info][gc,start    ] GC(175) Concurrent reset
[16.007s][info][gc,task     ] GC(175) Using 3 of 6 workers for concurrent reset
[16.007s][info][gc,ergo     ] GC(175) Pacer for Reset. Non-Taxable: 1024M
[16.009s][info][gc          ] GC(175) Concurrent reset 2.276ms
[16.009s][info][gc,start    ] GC(175) Pause Init Mark (unload classes)
[16.009s][info][gc,task     ] GC(175) Using 6 of 6 workers for init marking
[16.010s][info][gc,ergo     ] GC(175) Pacer for Mark. Expected Live: 196M, Free: 133M, Non-Taxable: 13695K, Alloc Tax Rate: 1.8x
[16.010s][info][gc          ] GC(175) Pause Init Mark (unload classes) 0.267ms
[16.010s][info][gc,start    ] GC(175) Concurrent marking roots
[16.010s][info][gc,task     ] GC(175) Using 3 of 6 workers for concurrent marking roots
[16.010s][info][gc          ] GC(175) Concurrent marking roots 0.321ms
[16.010s][info][gc,start    ] GC(175) Concurrent marking (unload classes)
[16.010s][info][gc,task     ] GC(175) Using 3 of 6 workers for concurrent marking
[16.012s][info][gc          ] GC(175) Concurrent marking (unload classes) 2.500ms
[16.013s][info][gc,start    ] GC(175) Pause Final Mark (unload classes)
[16.013s][info][gc,task     ] GC(175) Using 6 of 6 workers for final marking
[16.013s][info][gc,ergo     ] GC(175) Adaptive CSet Selection. Target Free: 145M, Actual Free: 545M, Max CSet: 43690K, Min Garbage: 0B
[16.013s][info][gc,ergo     ] GC(175) Collectable Garbage: 537M (86%), Immediate: 374M (59%), CSet: 163M (26%)
[16.013s][info][gc,ergo     ] GC(175) Pacer for Evacuation. Used CSet: 206M, Free: 507M, Non-Taxable: 51992K, Alloc Tax Rate: 1.1x
[16.013s][info][gc          ] GC(175) Pause Final Mark (unload classes) 0.644ms
[16.013s][info][gc,start    ] GC(175) Concurrent thread roots
[16.013s][info][gc,task     ] GC(175) Using 3 of 6 workers for Concurrent thread roots
[16.013s][info][gc          ] GC(175) Concurrent thread roots 0.204ms
[16.013s][info][gc,start    ] GC(175) Concurrent weak references
[16.013s][info][gc,task     ] GC(175) Using 3 of 6 workers for concurrent weak references
[16.014s][info][gc,ref      ] GC(175) Encountered references: Soft: 47, Weak: 146, Final: 0, Phantom: 3
[16.014s][info][gc,ref      ] GC(175) Discovered  references: Soft: 0, Weak: 47, Final: 0, Phantom: 2
[16.014s][info][gc,ref      ] GC(175) Enqueued    references: Soft: 0, Weak: 0, Final: 0, Phantom: 0
[16.014s][info][gc          ] GC(175) Concurrent weak references 0.163ms
[16.014s][info][gc,start    ] GC(175) Concurrent weak roots
[16.014s][info][gc,task     ] GC(175) Using 3 of 6 workers for concurrent weak root
[16.014s][info][gc          ] GC(175) Concurrent weak roots 0.412ms
[16.014s][info][gc,start    ] GC(175) Concurrent cleanup
[16.014s][info][gc          ] GC(175) Concurrent cleanup 834M->460M(1024M) 0.063ms
[16.014s][info][gc,ergo     ] GC(175) Free: 507M, Max: 512K regular, 150M humongous, Frag: 70% external, 32% internal; Reserve: 52716K, Max: 512K
[16.014s][info][gc,start    ] GC(175) Concurrent class unloading
[16.014s][info][gc,task     ] GC(175) Using 3 of 6 workers for concurrent class unloading
[16.015s][info][gc          ] GC(175) Concurrent class unloading 0.617ms
[16.015s][info][gc,start    ] GC(175) Concurrent strong roots
[16.015s][info][gc,task     ] GC(175) Using 3 of 6 workers for concurrent strong root
[16.015s][info][gc          ] GC(175) Concurrent strong roots 0.214ms
[16.015s][info][gc,start    ] GC(175) Concurrent evacuation
[16.015s][info][gc,task     ] GC(175) Using 3 of 6 workers for concurrent evacuation
[16.028s][info][gc          ] GC(175) Concurrent evacuation 12.498ms
[16.028s][info][gc,start    ] GC(175) Pause Init Update Refs
[16.028s][info][gc,ergo     ] GC(175) Pacer for Update Refs. Used: 524M, Free: 488M, Non-Taxable: 50014K, Alloc Tax Rate: 1.3x
[16.028s][info][gc          ] GC(175) Pause Init Update Refs 0.031ms
[16.028s][info][gc,start    ] GC(175) Concurrent update references
[16.028s][info][gc,task     ] GC(175) Using 3 of 6 workers for concurrent reference update
[16.032s][info][gc          ] GC(175) Concurrent update references 4.286ms
[16.032s][info][gc,start    ] GC(175) Concurrent update thread roots
[16.033s][info][gc          ] GC(175) Concurrent update thread roots 0.655ms
[16.033s][info][gc,start    ] GC(175) Pause Final Update Refs
[16.033s][info][gc,task     ] GC(175) Using 6 of 6 workers for final reference update
[16.034s][info][gc          ] GC(175) Pause Final Update Refs 0.367ms
[16.034s][info][gc,start    ] GC(175) Concurrent cleanup
[16.034s][info][gc          ] GC(175) Concurrent cleanup 549M->344M(1024M) 0.087ms
[16.034s][info][gc,ergo     ] Free: 627M, Max: 512K regular, 119M humongous, Frag: 81% external, 31% internal; Reserve: 52736K, Max: 512K
[16.034s][info][gc,stats    ] 
[16.034s][info][gc,stats    ] All times are wall-clock times, except per-root-class counters, that are sum over
[16.034s][info][gc,stats    ] all workers. Dividing the <total> over the root stage time estimates parallelism.
[16.034s][info][gc,stats    ] 
[16.034s][info][gc,stats    ] Concurrent Reset                   2363 us
[16.034s][info][gc,stats    ] Pause Init Mark (G)                 565 us
[16.034s][info][gc,stats    ] Pause Init Mark (N)                 271 us
[16.034s][info][gc,stats    ]   Update Region States              226 us
[16.034s][info][gc,stats    ] Concurrent Mark Roots               333 us, parallelism: 0.90x
[16.034s][info][gc,stats    ]   CMR: <total>                      299 us
[16.034s][info][gc,stats    ]   CMR: Thread Roots                 212 us, workers (us):   9,  88, 115, ---, ---, ---, 
[16.034s][info][gc,stats    ]   CMR: VM Strong Roots                7 us, workers (us):   6,   0,   0, ---, ---, ---, 
[16.034s][info][gc,stats    ]   CMR: CLDG Roots                    81 us, workers (us):  81, ---, ---, ---, ---, ---, 
[16.034s][info][gc,stats    ] Concurrent Marking                 2538 us
[16.034s][info][gc,stats    ] Pause Final Mark (G)                787 us
[16.034s][info][gc,stats    ] Pause Final Mark (N)                647 us
[16.034s][info][gc,stats    ]   Finish Mark                       347 us
[16.034s][info][gc,stats    ]   Update Region States              183 us
[16.034s][info][gc,stats    ]   Choose Collection Set              71 us
[16.034s][info][gc,stats    ]   Rebuild Free Set                   16 us
[16.034s][info][gc,stats    ] Concurrent Thread Roots             216 us, parallelism: 0.56x
[16.034s][info][gc,stats    ]   CTR: <total>                      120 us
[16.034s][info][gc,stats    ]   CTR: Thread Roots                 120 us, workers (us):  49,  33,  38, ---, ---, ---, 
[16.034s][info][gc,stats    ] Concurrent Weak References          166 us, parallelism: 0.03x
[16.034s][info][gc,stats    ]   CWRF: <total>                       5 us
[16.034s][info][gc,stats    ]   CWRF: Weak References               5 us, workers (us):   5,   0,   0, ---, ---, ---, 
[16.034s][info][gc,stats    ] Concurrent Weak Roots               424 us
[16.034s][info][gc,stats    ]   Roots                             276 us, parallelism: 0.70x
[16.034s][info][gc,stats    ]     CWR: <total>                    192 us
[16.034s][info][gc,stats    ]     CWR: Code Cache Roots           147 us, workers (us):   0,  81,  66, ---, ---, ---, 
[16.034s][info][gc,stats    ]     CWR: VM Weak Roots               39 us, workers (us):  35,   3,   1, ---, ---, ---, 
[16.034s][info][gc,stats    ]     CWR: CLDG Roots                   6 us, workers (us):   6, ---, ---, ---, ---, ---, 
[16.034s][info][gc,stats    ]   Rendezvous                        129 us
[16.034s][info][gc,stats    ] Concurrent Cleanup                   67 us
[16.034s][info][gc,stats    ] Concurrent Class Unloading          635 us
[16.034s][info][gc,stats    ]   Unlink Stale                      300 us
[16.034s][info][gc,stats    ]     System Dictionary                 2 us
[16.034s][info][gc,stats    ]     Weak Class Links                  0 us
[16.034s][info][gc,stats    ]     Code Roots                      297 us
[16.034s][info][gc,stats    ]   Rendezvous                        126 us
[16.034s][info][gc,stats    ]   Purge Unlinked                    183 us
[16.034s][info][gc,stats    ]     Code Roots                      167 us
[16.034s][info][gc,stats    ]     CLDG                             16 us
[16.034s][info][gc,stats    ]     Exception Caches                  0 us
[16.034s][info][gc,stats    ] Concurrent Strong Roots             225 us, parallelism: 0.07x
[16.034s][info][gc,stats    ]   CSR: <total>                       16 us
[16.034s][info][gc,stats    ]   CSR: VM Strong Roots                2 us, workers (us):   2,   0,   0, ---, ---, ---, 
[16.034s][info][gc,stats    ]   CSR: CLDG Roots                    13 us, workers (us):  13, ---, ---, ---, ---, ---, 
[16.034s][info][gc,stats    ] Concurrent Evacuation             12594 us
[16.034s][info][gc,stats    ] Pause Init Update Refs (G)          345 us
[16.034s][info][gc,stats    ] Pause Init Update Refs (N)           34 us
[16.034s][info][gc,stats    ]   Manage GCLABs                       4 us
[16.034s][info][gc,stats    ] Concurrent Update Refs             4444 us
[16.034s][info][gc,stats    ] Concurrent Update Thread Roots      672 us
[16.034s][info][gc,stats    ] Pause Final Update Refs (G)         660 us
[16.034s][info][gc,stats    ] Pause Final Update Refs (N)         380 us
[16.034s][info][gc,stats    ]   Update Region States              266 us
[16.034s][info][gc,stats    ]   Trash Collection Set               11 us
[16.034s][info][gc,stats    ]   Rebuild Free Set                   68 us
[16.034s][info][gc,stats    ] Concurrent Cleanup                  114 us
[16.034s][info][gc,stats    ] Pacing                            12783 us
[16.034s][info][gc,stats    ] 
[16.034s][info][gc,stats    ] Allocation pacing accrued:
[16.034s][info][gc,stats    ]      13 of    69 ms ( 18.5%): main
[16.034s][info][gc,stats    ]      13 of    69 ms ( 18.5%): <total>
[16.034s][info][gc,stats    ]       1 of    69 ms (  1.7%): <average total>
[16.034s][info][gc,stats    ]      13 of    69 ms ( 18.5%): <average non-zero>
[16.034s][info][gc,stats    ] 
[16.034s][info][gc,metaspace] Metaspace: 6358K(6528K)->6358K(6528K) NonClass: 5812K(5888K)->5812K(5888K) Class: 546K(640K)->546K(640K)
[16.034s][info][gc,ergo     ] Pacer for Idle. Initial: 20971K, Alloc Tax Rate: 1.0x
[16.064s][info][gc          ] Trigger: Average GC time (30.87 ms) is above the time for average allocation rate (4547 MB/s) to deplete free headroom (127M) (margin of error = 1.77)
[16.064s][info][gc,ergo     ] Free headroom: 178M (free) - 52428K (spike) - 0B (penalties) = 127M
[16.065s][info][gc,ergo     ] Free: 178M, Max: 512K regular, 119M humongous, Frag: 32% external, 38% internal; Reserve: 52736K, Max: 512K
[16.065s][info][gc,start    ] GC(176) Concurrent reset
[16.065s][info][gc,task     ] GC(176) Using 3 of 6 workers for concurrent reset
[16.065s][info][gc,ergo     ] GC(176) Pacer for Reset. Non-Taxable: 1024M
[16.067s][info][gc          ] GC(176) Concurrent reset 2.565ms
[16.067s][info][gc,start    ] GC(176) Pause Init Mark (unload classes)
[16.067s][info][gc,task     ] GC(176) Using 6 of 6 workers for init marking
[16.068s][info][gc,ergo     ] GC(176) Pacer for Mark. Expected Live: 196M, Free: 164M, Non-Taxable: 16877K, Alloc Tax Rate: 1.5x
[16.068s][info][gc          ] GC(176) Pause Init Mark (unload classes) 0.217ms
[16.068s][info][gc,start    ] GC(176) Concurrent marking roots
[16.068s][info][gc,task     ] GC(176) Using 3 of 6 workers for concurrent marking roots
[16.068s][info][gc          ] GC(176) Concurrent marking roots 0.298ms
[16.068s][info][gc,start    ] GC(176) Concurrent marking (unload classes)
[16.068s][info][gc,task     ] GC(176) Using 3 of 6 workers for concurrent marking
[16.070s][info][gc          ] GC(176) Concurrent marking (unload classes) 1.961ms
[16.070s][info][gc,start    ] GC(176) Pause Final Mark (unload classes)
[16.070s][info][gc,task     ] GC(176) Using 6 of 6 workers for final marking
[16.071s][info][gc,ergo     ] GC(176) Adaptive CSet Selection. Target Free: 145M, Actual Free: 547M, Max CSet: 43690K, Min Garbage: 0B
[16.071s][info][gc,ergo     ] GC(176) Collectable Garbage: 508M (85%), Immediate: 351M (58%), CSet: 157M (26%)
[16.071s][info][gc,ergo     ] GC(176) Pacer for Evacuation. Used CSet: 199M, Free: 510M, Non-Taxable: 52232K, Alloc Tax Rate: 1.1x
[16.071s][info][gc          ] GC(176) Pause Final Mark (unload classes) 0.548ms
[16.071s][info][gc,start    ] GC(176) Concurrent thread roots
[16.071s][info][gc,task     ] GC(176) Using 3 of 6 workers for Concurrent thread roots
[16.071s][info][gc          ] GC(176) Concurrent thread roots 0.223ms
[16.071s][info][gc,start    ] GC(176) Concurrent weak references
[16.071s][info][gc,task     ] GC(176) Using 3 of 6 workers for concurrent weak references
[16.071s][info][gc,ref      ] GC(176) Encountered references: Soft: 47, Weak: 146, Final: 0, Phantom: 3
[16.071s][info][gc,ref      ] GC(176) Discovered  references: Soft: 0, Weak: 55, Final: 0, Phantom: 2
[16.071s][info][gc,ref      ] GC(176) Enqueued    references: Soft: 0, Weak: 0, Final: 0, Phantom: 0
[16.071s][info][gc          ] GC(176) Concurrent weak references 0.148ms
[16.071s][info][gc,start    ] GC(176) Concurrent weak roots
[16.071s][info][gc,task     ] GC(176) Using 3 of 6 workers for concurrent weak root
[16.071s][info][gc          ] GC(176) Concurrent weak roots 0.358ms
[16.071s][info][gc,start    ] GC(176) Concurrent cleanup
[16.071s][info][gc          ] GC(176) Concurrent cleanup 809M->458M(1024M) 0.063ms
[16.072s][info][gc,ergo     ] GC(176) Free: 510M, Max: 512K regular, 148M humongous, Frag: 71% external, 32% internal; Reserve: 52716K, Max: 512K
[16.072s][info][gc,start    ] GC(176) Concurrent class unloading
[16.072s][info][gc,task     ] GC(176) Using 3 of 6 workers for concurrent class unloading
[16.072s][info][gc          ] GC(176) Concurrent class unloading 0.316ms
[16.072s][info][gc,start    ] GC(176) Concurrent strong roots
[16.072s][info][gc,task     ] GC(176) Using 3 of 6 workers for concurrent strong root
[16.072s][info][gc          ] GC(176) Concurrent strong roots 0.113ms
[16.072s][info][gc,start    ] GC(176) Concurrent evacuation
[16.072s][info][gc,task     ] GC(176) Using 3 of 6 workers for concurrent evacuation
[16.084s][info][gc          ] GC(176) Concurrent evacuation 12.279ms
[16.084s][info][gc,start    ] GC(176) Pause Init Update Refs
[16.085s][info][gc,ergo     ] GC(176) Pacer for Update Refs. Used: 548M, Free: 463M, Non-Taxable: 47477K, Alloc Tax Rate: 1.4x
[16.085s][info][gc          ] GC(176) Pause Init Update Refs 0.025ms
[16.085s][info][gc,start    ] GC(176) Concurrent update references
[16.085s][info][gc,task     ] GC(176) Using 3 of 6 workers for concurrent reference update
[16.087s][info][gc          ] GC(176) Concurrent update references 2.354ms
[16.087s][info][gc,start    ] GC(176) Concurrent update thread roots
[16.087s][info][gc          ] GC(176) Concurrent update thread roots 0.286ms
[16.087s][info][gc,start    ] GC(176) Pause Final Update Refs
[16.087s][info][gc,task     ] GC(176) Using 6 of 6 workers for final reference update
[16.088s][info][gc          ] GC(176) Pause Final Update Refs 0.226ms
[16.088s][info][gc,start    ] GC(176) Concurrent cleanup
[16.088s][info][gc          ] GC(176) Concurrent cleanup 572M->374M(1024M) 0.060ms
[16.088s][info][gc,ergo     ] Free: 598M, Max: 512K regular, 131M humongous, Frag: 78% external, 34% internal; Reserve: 52736K, Max: 512K
[16.088s][info][gc,stats    ] 
[16.088s][info][gc,stats    ] All times are wall-clock times, except per-root-class counters, that are sum over
[16.088s][info][gc,stats    ] all workers. Dividing the <total> over the root stage time estimates parallelism.
[16.088s][info][gc,stats    ] 
[16.088s][info][gc,stats    ] Concurrent Reset                   2635 us
[16.088s][info][gc,stats    ] Pause Init Mark (G)                 527 us
[16.088s][info][gc,stats    ] Pause Init Mark (N)                 221 us
[16.088s][info][gc,stats    ]   Update Region States              153 us
[16.088s][info][gc,stats    ] Concurrent Mark Roots               311 us, parallelism: 0.84x
[16.088s][info][gc,stats    ]   CMR: <total>                      261 us
[16.088s][info][gc,stats    ]   CMR: Thread Roots                 186 us, workers (us):   8, 103,  75, ---, ---, ---, 
[16.088s][info][gc,stats    ]   CMR: VM Strong Roots                7 us, workers (us):   6,   0,   0, ---, ---, ---, 
[16.088s][info][gc,stats    ]   CMR: CLDG Roots                    68 us, workers (us):  68, ---, ---, ---, ---, ---, 
[16.088s][info][gc,stats    ] Concurrent Marking                 1982 us
[16.088s][info][gc,stats    ] Pause Final Mark (G)                682 us
[16.088s][info][gc,stats    ] Pause Final Mark (N)                552 us
[16.088s][info][gc,stats    ]   Finish Mark                       300 us
[16.088s][info][gc,stats    ]   Update Region States              139 us
[16.088s][info][gc,stats    ]   Choose Collection Set              68 us
[16.088s][info][gc,stats    ]   Rebuild Free Set                   16 us
[16.088s][info][gc,stats    ] Concurrent Thread Roots             235 us, parallelism: 0.70x
[16.088s][info][gc,stats    ]   CTR: <total>                      165 us
[16.088s][info][gc,stats    ]   CTR: Thread Roots                 165 us, workers (us):  70,  45,  50, ---, ---, ---, 
[16.088s][info][gc,stats    ] Concurrent Weak References          151 us, parallelism: 0.03x
[16.088s][info][gc,stats    ]   CWRF: <total>                       4 us
[16.088s][info][gc,stats    ]   CWRF: Weak References               4 us, workers (us):   4,   0,   0, ---, ---, ---, 
[16.088s][info][gc,stats    ] Concurrent Weak Roots               367 us
[16.088s][info][gc,stats    ]   Roots                             290 us, parallelism: 0.98x
[16.088s][info][gc,stats    ]     CWR: <total>                    283 us
[16.088s][info][gc,stats    ]     CWR: Code Cache Roots           232 us, workers (us):  89, 143,   0, ---, ---, ---, 
[16.088s][info][gc,stats    ]     CWR: VM Weak Roots               48 us, workers (us):  46,   2,   0, ---, ---, ---, 
[16.088s][info][gc,stats    ]     CWR: CLDG Roots                   3 us, workers (us):   3, ---, ---, ---, ---, ---, 
[16.088s][info][gc,stats    ]   Rendezvous                         61 us
[16.088s][info][gc,stats    ] Concurrent Cleanup                   67 us
[16.088s][info][gc,stats    ] Concurrent Class Unloading          325 us
[16.088s][info][gc,stats    ]   Unlink Stale                      218 us
[16.088s][info][gc,stats    ]     System Dictionary                 3 us
[16.088s][info][gc,stats    ]     Weak Class Links                  0 us
[16.088s][info][gc,stats    ]     Code Roots                      214 us
[16.088s][info][gc,stats    ]   Rendezvous                         44 us
[16.088s][info][gc,stats    ]   Purge Unlinked                     48 us
[16.088s][info][gc,stats    ]     Code Roots                       35 us
[16.088s][info][gc,stats    ]     CLDG                             12 us
[16.088s][info][gc,stats    ]     Exception Caches                  0 us
[16.088s][info][gc,stats    ] Concurrent Strong Roots             121 us, parallelism: 0.15x
[16.088s][info][gc,stats    ]   CSR: <total>                       18 us
[16.088s][info][gc,stats    ]   CSR: VM Strong Roots                2 us, workers (us):   2,   0,   0, ---, ---, ---, 
[16.088s][info][gc,stats    ]   CSR: CLDG Roots                    15 us, workers (us):  15, ---, ---, ---, ---, ---, 
[16.088s][info][gc,stats    ] Concurrent Evacuation             12345 us
[16.088s][info][gc,stats    ] Pause Init Update Refs (G)          296 us
[16.088s][info][gc,stats    ] Pause Init Update Refs (N)           29 us
[16.088s][info][gc,stats    ]   Manage GCLABs                       3 us
[16.088s][info][gc,stats    ] Concurrent Update Refs             2417 us
[16.088s][info][gc,stats    ] Concurrent Update Thread Roots      304 us
[16.088s][info][gc,stats    ] Pause Final Update Refs (G)         474 us
[16.088s][info][gc,stats    ] Pause Final Update Refs (N)         238 us
[16.088s][info][gc,stats    ]   Update Region States              179 us
[16.088s][info][gc,stats    ]   Trash Collection Set                7 us
[16.088s][info][gc,stats    ]   Rebuild Free Set                   18 us
[16.088s][info][gc,stats    ] Concurrent Cleanup                   66 us
[16.088s][info][gc,stats    ] Pacing                             2817 us
[16.088s][info][gc,stats    ] 
[16.088s][info][gc,stats    ] Allocation pacing accrued:
[16.088s][info][gc,stats    ]       3 of    54 ms (  5.2%): main
[16.088s][info][gc,stats    ]       3 of    54 ms (  5.2%): <total>
[16.088s][info][gc,stats    ]       0 of    54 ms (  0.5%): <average total>
[16.088s][info][gc,stats    ]       3 of    54 ms (  5.2%): <average non-zero>
[16.088s][info][gc,stats    ] 
[16.088s][info][gc,metaspace] Metaspace: 6358K(6528K)->6358K(6528K) NonClass: 5812K(5888K)->5812K(5888K) Class: 546K(640K)->546K(640K)
[16.088s][info][gc,ergo     ] Pacer for Idle. Initial: 20971K, Alloc Tax Rate: 1.0x
[16.117s][info][gc          ] Trigger: Average GC time (28.75 ms) is above the time for average allocation rate (4547 MB/s) to deplete free headroom (130M) (margin of error = 1.77)
[16.117s][info][gc,ergo     ] Free headroom: 181M (free) - 52428K (spike) - 0B (penalties) = 130M
[16.117s][info][gc,ergo     ] Free: 180M, Max: 512K regular, 131M humongous, Frag: 27% external, 3% internal; Reserve: 52736K, Max: 512K
[16.117s][info][gc,start    ] GC(177) Concurrent reset
[16.117s][info][gc,task     ] GC(177) Using 3 of 6 workers for concurrent reset
[16.117s][info][gc,ergo     ] GC(177) Pacer for Reset. Non-Taxable: 1024M
[16.119s][info][gc          ] GC(177) Concurrent reset 2.029ms
[16.119s][info][gc,start    ] GC(177) Pause Init Mark (unload classes)
[16.119s][info][gc,task     ] GC(177) Using 6 of 6 workers for init marking
[16.120s][info][gc,ergo     ] GC(177) Pacer for Mark. Expected Live: 196M, Free: 167M, Non-Taxable: 17158K, Alloc Tax Rate: 1.4x
[16.120s][info][gc          ] GC(177) Pause Init Mark (unload classes) 0.163ms
[16.120s][info][gc,start    ] GC(177) Concurrent marking roots
[16.120s][info][gc,task     ] GC(177) Using 3 of 6 workers for concurrent marking roots
[16.120s][info][gc          ] GC(177) Concurrent marking roots 0.278ms
[16.120s][info][gc,start    ] GC(177) Concurrent marking (unload classes)
[16.120s][info][gc,task     ] GC(177) Using 3 of 6 workers for concurrent marking
[16.122s][info][gc          ] GC(177) Concurrent marking (unload classes) 2.014ms
[16.122s][info][gc,start    ] GC(177) Pause Final Mark (unload classes)
[16.122s][info][gc,task     ] GC(177) Using 6 of 6 workers for final marking
[16.123s][info][gc,ergo     ] GC(177) Adaptive CSet Selection. Target Free: 145M, Actual Free: 549M, Max CSet: 43690K, Min Garbage: 0B
[16.123s][info][gc,ergo     ] GC(177) Collectable Garbage: 505M (85%), Immediate: 347M (58%), CSet: 158M (26%)
[16.123s][info][gc,ergo     ] GC(177) Pacer for Evacuation. Used CSet: 200M, Free: 510M, Non-Taxable: 52318K, Alloc Tax Rate: 1.1x
[16.123s][info][gc          ] GC(177) Pause Final Mark (unload classes) 0.495ms
[16.123s][info][gc,start    ] GC(177) Concurrent thread roots
[16.123s][info][gc,task     ] GC(177) Using 3 of 6 workers for Concurrent thread roots
[16.123s][info][gc          ] GC(177) Concurrent thread roots 0.202ms
[16.123s][info][gc,start    ] GC(177) Concurrent weak references
[16.123s][info][gc,task     ] GC(177) Using 3 of 6 workers for concurrent weak references
[16.123s][info][gc,ref      ] GC(177) Encountered references: Soft: 47, Weak: 146, Final: 0, Phantom: 3
[16.123s][info][gc,ref      ] GC(177) Discovered  references: Soft: 0, Weak: 50, Final: 0, Phantom: 2
[16.123s][info][gc,ref      ] GC(177) Enqueued    references: Soft: 0, Weak: 0, Final: 0, Phantom: 0
[16.123s][info][gc          ] GC(177) Concurrent weak references 0.122ms
[16.123s][info][gc,start    ] GC(177) Concurrent weak roots
[16.123s][info][gc,task     ] GC(177) Using 3 of 6 workers for concurrent weak root
[16.123s][info][gc          ] GC(177) Concurrent weak roots 0.243ms
[16.123s][info][gc,start    ] GC(177) Concurrent cleanup
[16.123s][info][gc          ] GC(177) Concurrent cleanup 804M->457M(1024M) 0.065ms
[16.123s][info][gc,ergo     ] GC(177) Free: 510M, Max: 512K regular, 161M humongous, Frag: 69% external, 32% internal; Reserve: 52718K, Max: 512K
[16.123s][info][gc,start    ] GC(177) Concurrent class unloading
[16.123s][info][gc,task     ] GC(177) Using 3 of 6 workers for concurrent class unloading
[16.124s][info][gc          ] GC(177) Concurrent class unloading 0.612ms
[16.124s][info][gc,start    ] GC(177) Concurrent strong roots
[16.124s][info][gc,task     ] GC(177) Using 3 of 6 workers for concurrent strong root
[16.124s][info][gc          ] GC(177) Concurrent strong roots 0.128ms
[16.124s][info][gc,start    ] GC(177) Concurrent evacuation
[16.124s][info][gc,task     ] GC(177) Using 3 of 6 workers for concurrent evacuation
[16.136s][info][gc          ] GC(177) Concurrent evacuation 12.135ms
[16.137s][info][gc,start    ] GC(177) Pause Init Update Refs
[16.137s][info][gc,ergo     ] GC(177) Pacer for Update Refs. Used: 556M, Free: 454M, Non-Taxable: 46543K, Alloc Tax Rate: 1.5x
[16.137s][info][gc          ] GC(177) Pause Init Update Refs 0.025ms
[16.137s][info][gc,start    ] GC(177) Concurrent update references
[16.137s][info][gc,task     ] GC(177) Using 3 of 6 workers for concurrent reference update
[16.139s][info][gc          ] GC(177) Concurrent update references 2.492ms
[16.139s][info][gc,start    ] GC(177) Concurrent update thread roots
[16.139s][info][gc          ] GC(177) Concurrent update thread roots 0.279ms
[16.140s][info][gc,start    ] GC(177) Pause Final Update Refs
[16.140s][info][gc,task     ] GC(177) Using 6 of 6 workers for final reference update
[16.140s][info][gc          ] GC(177) Pause Final Update Refs 0.229ms
[16.140s][info][gc,start    ] GC(177) Concurrent cleanup
[16.140s][info][gc          ] GC(177) Concurrent cleanup 582M->383M(1024M) 0.061ms
[16.140s][info][gc,ergo     ] Free: 589M, Max: 512K regular, 153M humongous, Frag: 74% external, 35% internal; Reserve: 52736K, Max: 512K
[16.140s][info][gc,stats    ] 
[16.140s][info][gc,stats    ] All times are wall-clock times, except per-root-class counters, that are sum over
[16.140s][info][gc,stats    ] all workers. Dividing the <total> over the root stage time estimates parallelism.
[16.140s][info][gc,stats    ] 
[16.140s][info][gc,stats    ] Concurrent Reset                   2099 us
[16.140s][info][gc,stats    ] Pause Init Mark (G)                 496 us
[16.140s][info][gc,stats    ] Pause Init Mark (N)                 167 us
[16.140s][info][gc,stats    ]   Update Region States              125 us
[16.140s][info][gc,stats    ] Concurrent Mark Roots               290 us, parallelism: 0.76x
[16.140s][info][gc,stats    ]   CMR: <total>                      220 us
[16.140s][info][gc,stats    ]   CMR: Thread Roots                 158 us, workers (us):  49,  52,  57, ---, ---, ---, 
[16.140s][info][gc,stats    ]   CMR: VM Strong Roots                6 us, workers (us):   5,   0,   0, ---, ---, ---, 
[16.140s][info][gc,stats    ]   CMR: CLDG Roots                    57 us, workers (us):  57, ---, ---, ---, ---, ---, 
[16.140s][info][gc,stats    ] Concurrent Marking                 2036 us
[16.140s][info][gc,stats    ] Pause Final Mark (G)                633 us
[16.140s][info][gc,stats    ] Pause Final Mark (N)                499 us
[16.140s][info][gc,stats    ]   Finish Mark                       308 us
[16.140s][info][gc,stats    ]   Update Region States               76 us
[16.140s][info][gc,stats    ]   Choose Collection Set              70 us
[16.140s][info][gc,stats    ]   Rebuild Free Set                   16 us
[16.140s][info][gc,stats    ] Concurrent Thread Roots             213 us, parallelism: 0.53x
[16.140s][info][gc,stats    ]   CTR: <total>                      113 us
[16.140s][info][gc,stats    ]   CTR: Thread Roots                 113 us, workers (us):  42,  32,  39, ---, ---, ---, 
[16.140s][info][gc,stats    ] Concurrent Weak References          125 us, parallelism: 0.03x
[16.140s][info][gc,stats    ]   CWRF: <total>                       4 us
[16.140s][info][gc,stats    ]   CWRF: Weak References               4 us, workers (us):   4,   0,   0, ---, ---, ---, 
[16.140s][info][gc,stats    ] Concurrent Weak Roots               251 us
[16.140s][info][gc,stats    ]   Roots                             183 us, parallelism: 0.85x
[16.140s][info][gc,stats    ]     CWR: <total>                    156 us
[16.140s][info][gc,stats    ]     CWR: Code Cache Roots           133 us, workers (us):  75,  59,   0, ---, ---, ---, 
[16.140s][info][gc,stats    ]     CWR: VM Weak Roots               20 us, workers (us):  18,   1,   1, ---, ---, ---, 
[16.140s][info][gc,stats    ]     CWR: CLDG Roots                   3 us, workers (us):   3, ---, ---, ---, ---, ---, 
[16.140s][info][gc,stats    ]   Rendezvous                         52 us
[16.140s][info][gc,stats    ] Concurrent Cleanup                   69 us
[16.140s][info][gc,stats    ] Concurrent Class Unloading          627 us
[16.140s][info][gc,stats    ]   Unlink Stale                      457 us
[16.140s][info][gc,stats    ]     System Dictionary                 3 us
[16.140s][info][gc,stats    ]     Weak Class Links                  0 us
[16.140s][info][gc,stats    ]     Code Roots                      454 us
[16.140s][info][gc,stats    ]   Rendezvous                         47 us
[16.140s][info][gc,stats    ]   Purge Unlinked                    100 us
[16.140s][info][gc,stats    ]     Code Roots                       85 us
[16.140s][info][gc,stats    ]     CLDG                             15 us
[16.140s][info][gc,stats    ]     Exception Caches                  0 us
[16.140s][info][gc,stats    ] Concurrent Strong Roots             137 us, parallelism: 0.28x
[16.140s][info][gc,stats    ]   CSR: <total>                       39 us
[16.140s][info][gc,stats    ]   CSR: VM Strong Roots                4 us, workers (us):   3,   0,   0, ---, ---, ---, 
[16.140s][info][gc,stats    ]   CSR: CLDG Roots                    35 us, workers (us):  35, ---, ---, ---, ---, ---, 
[16.140s][info][gc,stats    ] Concurrent Evacuation             12202 us
[16.140s][info][gc,stats    ] Pause Init Update Refs (G)          357 us
[16.140s][info][gc,stats    ] Pause Init Update Refs (N)           29 us
[16.140s][info][gc,stats    ]   Manage GCLABs                       4 us
[16.140s][info][gc,stats    ] Concurrent Update Refs             2555 us
[16.140s][info][gc,stats    ] Concurrent Update Thread Roots      297 us
[16.140s][info][gc,stats    ] Pause Final Update Refs (G)         485 us
[16.140s][info][gc,stats    ] Pause Final Update Refs (N)         242 us
[16.140s][info][gc,stats    ]   Update Region States              183 us
[16.140s][info][gc,stats    ]   Trash Collection Set                7 us
[16.140s][info][gc,stats    ]   Rebuild Free Set                   18 us
[16.140s][info][gc,stats    ] Concurrent Cleanup                   67 us
[16.140s][info][gc,stats    ] Pacing                             5598 us
[16.140s][info][gc,stats    ] 
[16.140s][info][gc,stats    ] Allocation pacing accrued:
[16.140s][info][gc,stats    ]       6 of    52 ms ( 10.7%): main
[16.140s][info][gc,stats    ]       6 of    52 ms ( 10.7%): <total>
[16.140s][info][gc,stats    ]       1 of    52 ms (  1.0%): <average total>
[16.140s][info][gc,stats    ]       6 of    52 ms ( 10.7%): <average non-zero>
[16.140s][info][gc,stats    ] 
[16.140s][info][gc,metaspace] Metaspace: 6358K(6528K)->6358K(6528K) NonClass: 5812K(5888K)->5812K(5888K) Class: 546K(640K)->546K(640K)
[16.140s][info][gc,ergo     ] Pacer for Idle. Initial: 20971K, Alloc Tax Rate: 1.0x
[16.175s][info][gc          ] Trigger: Average GC time (27.04 ms) is above the time for average allocation rate (4547 MB/s) to deplete free headroom (114M) (margin of error = 1.78)
[16.175s][info][gc,ergo     ] Free headroom: 166M (free) - 52428K (spike) - 0B (penalties) = 114M
[16.175s][info][gc,ergo     ] Free: 165M, Max: 512K regular, 153M humongous, Frag: 7% external, 35% internal; Reserve: 52736K, Max: 512K
[16.175s][info][gc,start    ] GC(178) Concurrent reset
[16.175s][info][gc,task     ] GC(178) Using 3 of 6 workers for concurrent reset
[16.175s][info][gc,ergo     ] GC(178) Pacer for Reset. Non-Taxable: 1024M
[16.178s][info][gc          ] GC(178) Concurrent reset 3.076ms
[16.179s][info][gc,start    ] GC(178) Pause Init Mark (unload classes)
[16.179s][info][gc,task     ] GC(178) Using 6 of 6 workers for init marking
[16.179s][info][gc,ergo     ] GC(178) Pacer for Mark. Expected Live: 196M, Free: 151M, Non-Taxable: 15514K, Alloc Tax Rate: 1.6x
[16.179s][info][gc          ] GC(178) Pause Init Mark (unload classes) 0.178ms
[16.179s][info][gc,start    ] GC(178) Concurrent marking roots
[16.179s][info][gc,task     ] GC(178) Using 3 of 6 workers for concurrent marking roots
[16.179s][info][gc          ] GC(178) Concurrent marking roots 0.375ms
[16.179s][info][gc,start    ] GC(178) Concurrent marking (unload classes)
[16.179s][info][gc,task     ] GC(178) Using 3 of 6 workers for concurrent marking
[16.182s][info][gc          ] GC(178) Concurrent marking (unload classes) 2.685ms
[16.182s][info][gc,start    ] GC(178) Pause Final Mark (unload classes)
[16.182s][info][gc,task     ] GC(178) Using 6 of 6 workers for final marking
[16.183s][info][gc,ergo     ] GC(178) Adaptive CSet Selection. Target Free: 145M, Actual Free: 536M, Max CSet: 43690K, Min Garbage: 0B
[16.183s][info][gc,ergo     ] GC(178) Collectable Garbage: 516M (84%), Immediate: 351M (57%), CSet: 164M (27%)
[16.183s][info][gc,ergo     ] GC(178) Pacer for Evacuation. Used CSet: 207M, Free: 498M, Non-Taxable: 51066K, Alloc Tax Rate: 1.1x
[16.183s][info][gc          ] GC(178) Pause Final Mark (unload classes) 0.661ms
[16.183s][info][gc,start    ] GC(178) Concurrent thread roots
[16.183s][info][gc,task     ] GC(178) Using 3 of 6 workers for Concurrent thread roots
[16.183s][info][gc          ] GC(178) Concurrent thread roots 0.234ms
[16.183s][info][gc,start    ] GC(178) Concurrent weak references
[16.183s][info][gc,task     ] GC(178) Using 3 of 6 workers for concurrent weak references
[16.184s][info][gc,ref      ] GC(178) Encountered references: Soft: 47, Weak: 146, Final: 0, Phantom: 3
[16.184s][info][gc,ref      ] GC(178) Discovered  references: Soft: 0, Weak: 50, Final: 0, Phantom: 2
[16.184s][info][gc,ref      ] GC(178) Enqueued    references: Soft: 0, Weak: 0, Final: 0, Phantom: 0
[16.184s][info][gc          ] GC(178) Concurrent weak references 0.161ms
[16.184s][info][gc,start    ] GC(178) Concurrent weak roots
[16.184s][info][gc,task     ] GC(178) Using 3 of 6 workers for concurrent weak root
[16.184s][info][gc          ] GC(178) Concurrent weak roots 0.436ms
[16.184s][info][gc,start    ] GC(178) Concurrent cleanup
[16.184s][info][gc          ] GC(178) Concurrent cleanup 828M->478M(1024M) 0.126ms
[16.184s][info][gc,ergo     ] GC(178) Free: 483M, Max: 512K regular, 153M humongous, Frag: 69% external, 0% internal; Reserve: 52720K, Max: 512K
[16.184s][info][gc,start    ] GC(178) Concurrent class unloading
[16.184s][info][gc,task     ] GC(178) Using 3 of 6 workers for concurrent class unloading
[16.185s][info][gc          ] GC(178) Concurrent class unloading 1.164ms
[16.185s][info][gc,start    ] GC(178) Concurrent strong roots
[16.185s][info][gc,task     ] GC(178) Using 3 of 6 workers for concurrent strong root
[16.186s][info][gc          ] GC(178) Concurrent strong roots 0.197ms
[16.186s][info][gc,start    ] GC(178) Concurrent evacuation
[16.186s][info][gc,task     ] GC(178) Using 3 of 6 workers for concurrent evacuation
[16.201s][info][gc          ] GC(178) Concurrent evacuation 14.963ms
[16.201s][info][gc,start    ] GC(178) Pause Init Update Refs
[16.201s][info][gc,ergo     ] GC(178) Pacer for Update Refs. Used: 586M, Free: 418M, Non-Taxable: 42810K, Alloc Tax Rate: 1.7x
[16.201s][info][gc          ] GC(178) Pause Init Update Refs 0.035ms
[16.201s][info][gc,start    ] GC(178) Concurrent update references
[16.201s][info][gc,task     ] GC(178) Using 3 of 6 workers for concurrent reference update
[16.204s][info][gc          ] GC(178) Concurrent update references 3.410ms
[16.205s][info][gc,start    ] GC(178) Concurrent update thread roots
[16.205s][info][gc          ] GC(178) Concurrent update thread roots 0.437ms
[16.205s][info][gc,start    ] GC(178) Pause Final Update Refs
[16.205s][info][gc,task     ] GC(178) Using 6 of 6 workers for final reference update
[16.205s][info][gc          ] GC(178) Pause Final Update Refs 0.222ms
[16.205s][info][gc,start    ] GC(178) Concurrent cleanup
[16.206s][info][gc          ] GC(178) Concurrent cleanup 607M->401M(1024M) 0.098ms
[16.206s][info][gc,ergo     ] Free: 570M, Max: 512K regular, 125M humongous, Frag: 78% external, 37% internal; Reserve: 52736K, Max: 512K
[16.206s][info][gc,stats    ] 
[16.206s][info][gc,stats    ] All times are wall-clock times, except per-root-class counters, that are sum over
[16.206s][info][gc,stats    ] all workers. Dividing the <total> over the root stage time estimates parallelism.
[16.206s][info][gc,stats    ] 
[16.206s][info][gc,stats    ] Concurrent Reset                   3182 us
[16.206s][info][gc,stats    ] Pause Init Mark (G)                 565 us
[16.206s][info][gc,stats    ] Pause Init Mark (N)                 182 us
[16.206s][info][gc,stats    ]   Update Region States              132 us
[16.206s][info][gc,stats    ] Concurrent Mark Roots               394 us, parallelism: 1.04x
[16.206s][info][gc,stats    ]   CMR: <total>                      411 us
[16.206s][info][gc,stats    ]   CMR: Thread Roots                 299 us, workers (us):  72, 110, 116, ---, ---, ---, 
[16.206s][info][gc,stats    ]   CMR: VM Strong Roots               28 us, workers (us):  21,   0,   6, ---, ---, ---, 
[16.206s][info][gc,stats    ]   CMR: CLDG Roots                    85 us, workers (us):  85, ---, ---, ---, ---, ---, 
[16.206s][info][gc,stats    ] Concurrent Marking                 2781 us
[16.206s][info][gc,stats    ] Pause Final Mark (G)                911 us
[16.206s][info][gc,stats    ] Pause Final Mark (N)                665 us
[16.206s][info][gc,stats    ]   Finish Mark                       324 us
[16.206s][info][gc,stats    ]   Update Region States              190 us
[16.206s][info][gc,stats    ]   Choose Collection Set              80 us
[16.206s][info][gc,stats    ]   Rebuild Free Set                   17 us
[16.206s][info][gc,stats    ] Concurrent Thread Roots             247 us, parallelism: 0.66x
[16.206s][info][gc,stats    ]   CTR: <total>                      163 us
[16.206s][info][gc,stats    ]   CTR: Thread Roots                 163 us, workers (us):  46,  62,  55, ---, ---, ---, 
[16.206s][info][gc,stats    ] Concurrent Weak References          164 us, parallelism: 0.07x
[16.206s][info][gc,stats    ]   CWRF: <total>                      11 us
[16.206s][info][gc,stats    ]   CWRF: Weak References              11 us, workers (us):  10,   2,   0, ---, ---, ---, 
[16.206s][info][gc,stats    ] Concurrent Weak Roots               450 us
[16.206s][info][gc,stats    ]   Roots                             287 us, parallelism: 1.01x
[16.206s][info][gc,stats    ]     CWR: <total>                    290 us
[16.206s][info][gc,stats    ]     CWR: Code Cache Roots           221 us, workers (us): 123,   0,  99, ---, ---, ---, 
[16.206s][info][gc,stats    ]     CWR: VM Weak Roots               64 us, workers (us):  22,  30,  11, ---, ---, ---, 
[16.206s][info][gc,stats    ]     CWR: CLDG Roots                   5 us, workers (us):   5, ---, ---, ---, ---, ---, 
[16.206s][info][gc,stats    ]   Rendezvous                        140 us
[16.206s][info][gc,stats    ] Concurrent Cleanup                  131 us
[16.206s][info][gc,stats    ] Concurrent Class Unloading         1234 us
[16.206s][info][gc,stats    ]   Unlink Stale                      781 us
[16.206s][info][gc,stats    ]     System Dictionary                 8 us
[16.206s][info][gc,stats    ]     Weak Class Links                  0 us
[16.206s][info][gc,stats    ]     Code Roots                      771 us
[16.206s][info][gc,stats    ]   Rendezvous                        182 us
[16.206s][info][gc,stats    ]   Purge Unlinked                    189 us
[16.206s][info][gc,stats    ]     Code Roots                      168 us
[16.206s][info][gc,stats    ]     CLDG                             21 us
[16.206s][info][gc,stats    ]     Exception Caches                  0 us
[16.206s][info][gc,stats    ] Concurrent Strong Roots             211 us, parallelism: 0.29x
[16.206s][info][gc,stats    ]   CSR: <total>                       61 us
[16.206s][info][gc,stats    ]   CSR: VM Strong Roots                8 us, workers (us):   7,   1,   0, ---, ---, ---, 
[16.206s][info][gc,stats    ]   CSR: CLDG Roots                    53 us, workers (us): ---,  53, ---, ---, ---, ---, 
[16.206s][info][gc,stats    ] Concurrent Evacuation             15087 us
[16.206s][info][gc,stats    ] Pause Init Update Refs (G)          315 us
[16.206s][info][gc,stats    ] Pause Init Update Refs (N)           40 us
[16.206s][info][gc,stats    ]   Manage GCLABs                       6 us
[16.206s][info][gc,stats    ] Concurrent Update Refs             3519 us
[16.206s][info][gc,stats    ] Concurrent Update Thread Roots      475 us
[16.206s][info][gc,stats    ] Pause Final Update Refs (G)         457 us
[16.206s][info][gc,stats    ] Pause Final Update Refs (N)         232 us
[16.206s][info][gc,stats    ]   Update Region States              160 us
[16.206s][info][gc,stats    ]   Trash Collection Set               11 us
[16.206s][info][gc,stats    ]   Rebuild Free Set                   24 us
[16.206s][info][gc,stats    ] Concurrent Cleanup                  106 us
[16.206s][info][gc,stats    ] Pacing                             2563 us
[16.206s][info][gc,stats    ] 
[16.206s][info][gc,stats    ] Allocation pacing accrued:
[16.206s][info][gc,stats    ]       3 of    66 ms (  3.9%): main
[16.206s][info][gc,stats    ]       3 of    66 ms (  3.9%): <total>
[16.206s][info][gc,stats    ]       0 of    66 ms (  0.4%): <average total>
[16.206s][info][gc,stats    ]       3 of    66 ms (  3.9%): <average non-zero>
[16.206s][info][gc,stats    ] 
[16.206s][info][gc,metaspace] Metaspace: 6358K(6528K)->6358K(6528K) NonClass: 5812K(5888K)->5812K(5888K) Class: 546K(640K)->546K(640K)
[16.206s][info][gc,ergo     ] Pacer for Idle. Initial: 20971K, Alloc Tax Rate: 1.0x
[16.269s][info][gc          ] Trigger: Average GC time (33.74 ms) is above the time for average allocation rate (4548 MB/s) to deplete free headroom (150M) (margin of error = 1.79)
[16.270s][info][gc,ergo     ] Free headroom: 201M (free) - 52428K (spike) - 0B (penalties) = 150M
[16.270s][info][gc,ergo     ] Free: 201M, Max: 512K regular, 125M humongous, Frag: 38% external, 12% internal; Reserve: 52736K, Max: 512K
[16.270s][info][gc,start    ] GC(179) Concurrent reset
[16.270s][info][gc,task     ] GC(179) Using 3 of 6 workers for concurrent reset
[16.270s][info][gc,ergo     ] GC(179) Pacer for Reset. Non-Taxable: 1024M
[16.272s][info][gc          ] GC(179) Concurrent reset 2.372ms
[16.272s][info][gc,start    ] GC(179) Pause Init Mark (unload classes)
[16.272s][info][gc,task     ] GC(179) Using 6 of 6 workers for init marking
[16.272s][info][gc,ergo     ] GC(179) Pacer for Mark. Expected Live: 196M, Free: 188M, Non-Taxable: 19252K, Alloc Tax Rate: 1.3x
[16.272s][info][gc          ] GC(179) Pause Init Mark (unload classes) 0.175ms
[16.273s][info][gc,start    ] GC(179) Concurrent marking roots
[16.273s][info][gc,task     ] GC(179) Using 3 of 6 workers for concurrent marking roots
[16.273s][info][gc          ] GC(179) Concurrent marking roots 0.252ms
[16.273s][info][gc,start    ] GC(179) Concurrent marking (unload classes)
[16.273s][info][gc,task     ] GC(179) Using 3 of 6 workers for concurrent marking
[16.276s][info][gc          ] GC(179) Concurrent marking (unload classes) 2.781ms
[16.276s][info][gc,start    ] GC(179) Pause Final Mark (unload classes)
[16.276s][info][gc,task     ] GC(179) Using 6 of 6 workers for final marking
[16.277s][info][gc,ergo     ] GC(179) Adaptive CSet Selection. Target Free: 145M, Actual Free: 533M, Max CSet: 43690K, Min Garbage: 0B
[16.277s][info][gc,ergo     ] GC(179) Collectable Garbage: 480M (83%), Immediate: 317M (55%), CSet: 162M (28%)
[16.277s][info][gc,ergo     ] GC(179) Pacer for Evacuation. Used CSet: 205M, Free: 494M, Non-Taxable: 50653K, Alloc Tax Rate: 1.1x
[16.277s][info][gc          ] GC(179) Pause Final Mark (unload classes) 0.731ms
[16.277s][info][gc,start    ] GC(179) Concurrent thread roots
[16.277s][info][gc,task     ] GC(179) Using 3 of 6 workers for Concurrent thread roots
[16.277s][info][gc          ] GC(179) Concurrent thread roots 0.242ms
[16.277s][info][gc,start    ] GC(179) Concurrent weak references
[16.277s][info][gc,task     ] GC(179) Using 3 of 6 workers for concurrent weak references
[16.277s][info][gc,ref      ] GC(179) Encountered references: Soft: 47, Weak: 146, Final: 0, Phantom: 3
[16.277s][info][gc,ref      ] GC(179) Discovered  references: Soft: 0, Weak: 48, Final: 0, Phantom: 2
[16.277s][info][gc,ref      ] GC(179) Enqueued    references: Soft: 0, Weak: 0, Final: 0, Phantom: 0
[16.277s][info][gc          ] GC(179) Concurrent weak references 0.096ms
[16.277s][info][gc,start    ] GC(179) Concurrent weak roots
[16.277s][info][gc,task     ] GC(179) Using 3 of 6 workers for concurrent weak root
[16.278s][info][gc          ] GC(179) Concurrent weak roots 0.887ms
[16.278s][info][gc,start    ] GC(179) Concurrent cleanup
[16.278s][info][gc          ] GC(179) Concurrent cleanup 794M->478M(1024M) 0.130ms
[16.278s][info][gc,ergo     ] GC(179) Free: 483M, Max: 512K regular, 156M humongous, Frag: 68% external, 0% internal; Reserve: 52722K, Max: 512K
[16.278s][info][gc,start    ] GC(179) Concurrent class unloading
[16.278s][info][gc,task     ] GC(179) Using 3 of 6 workers for concurrent class unloading
[16.280s][info][gc          ] GC(179) Concurrent class unloading 1.701ms
[16.280s][info][gc,start    ] GC(179) Concurrent strong roots
[16.280s][info][gc,task     ] GC(179) Using 3 of 6 workers for concurrent strong root
[16.280s][info][gc          ] GC(179) Concurrent strong roots 0.332ms
[16.280s][info][gc,start    ] GC(179) Concurrent evacuation
[16.280s][info][gc,task     ] GC(179) Using 3 of 6 workers for concurrent evacuation
[16.297s][info][gc          ] GC(179) Concurrent evacuation 16.867ms
[16.297s][info][gc,start    ] GC(179) Pause Init Update Refs
[16.298s][info][gc,ergo     ] GC(179) Pacer for Update Refs. Used: 574M, Free: 431M, Non-Taxable: 44153K, Alloc Tax Rate: 1.6x
[16.298s][info][gc          ] GC(179) Pause Init Update Refs 0.039ms
[16.298s][info][gc,start    ] GC(179) Concurrent update references
[16.298s][info][gc,task     ] GC(179) Using 3 of 6 workers for concurrent reference update
[16.304s][info][gc          ] GC(179) Concurrent update references 6.444ms
[16.304s][info][gc,start    ] GC(179) Concurrent update thread roots
[16.305s][info][gc          ] GC(179) Concurrent update thread roots 0.566ms
[16.305s][info][gc,start    ] GC(179) Pause Final Update Refs
[16.305s][info][gc,task     ] GC(179) Using 6 of 6 workers for final reference update
[16.305s][info][gc          ] GC(179) Pause Final Update Refs 0.266ms
[16.305s][info][gc,start    ] GC(179) Concurrent cleanup
[16.305s][info][gc          ] GC(179) Concurrent cleanup 600M->397M(1024M) 0.069ms
[16.306s][info][gc,ergo     ] Free: 574M, Max: 512K regular, 138M humongous, Frag: 76% external, 36% internal; Reserve: 52736K, Max: 512K
[16.306s][info][gc,stats    ] 
[16.306s][info][gc,stats    ] All times are wall-clock times, except per-root-class counters, that are sum over
[16.306s][info][gc,stats    ] all workers. Dividing the <total> over the root stage time estimates parallelism.
[16.306s][info][gc,stats    ] 
[16.306s][info][gc,stats    ] Concurrent Reset                   2456 us
[16.306s][info][gc,stats    ] Pause Init Mark (G)                 474 us
[16.306s][info][gc,stats    ] Pause Init Mark (N)                 181 us
[16.306s][info][gc,stats    ]   Update Region States              114 us
[16.306s][info][gc,stats    ] Concurrent Mark Roots               263 us, parallelism: 0.94x
[16.306s][info][gc,stats    ]   CMR: <total>                      247 us
[16.306s][info][gc,stats    ]   CMR: Thread Roots                 185 us, workers (us):  55,  70,  61, ---, ---, ---, 
[16.306s][info][gc,stats    ]   CMR: VM Strong Roots                6 us, workers (us):   6,   0,   0, ---, ---, ---, 
[16.306s][info][gc,stats    ]   CMR: CLDG Roots                    55 us, workers (us):  55, ---, ---, ---, ---, ---, 
[16.306s][info][gc,stats    ] Concurrent Marking                 2892 us
[16.306s][info][gc,stats    ] Pause Final Mark (G)               1003 us
[16.306s][info][gc,stats    ] Pause Final Mark (N)                736 us
[16.306s][info][gc,stats    ]   Finish Mark                       328 us
[16.306s][info][gc,stats    ]   Update Region States              158 us
[16.306s][info][gc,stats    ]   Choose Collection Set             153 us
[16.306s][info][gc,stats    ]   Rebuild Free Set                   21 us
[16.306s][info][gc,stats    ] Concurrent Thread Roots             254 us, parallelism: 0.82x
[16.306s][info][gc,stats    ]   CTR: <total>                      208 us
[16.306s][info][gc,stats    ]   CTR: Thread Roots                 208 us, workers (us):  66,  56,  86, ---, ---, ---, 
[16.306s][info][gc,stats    ] Concurrent Weak References          103 us, parallelism: 0.10x
[16.306s][info][gc,stats    ]   CWRF: <total>                      11 us
[16.306s][info][gc,stats    ]   CWRF: Weak References              11 us, workers (us):  11,   0,   0, ---, ---, ---, 
[16.306s][info][gc,stats    ] Concurrent Weak Roots               903 us
[16.306s][info][gc,stats    ]   Roots                             792 us, parallelism: 1.31x
[16.306s][info][gc,stats    ]     CWR: <total>                   1034 us
[16.306s][info][gc,stats    ]     CWR: Code Cache Roots           840 us, workers (us):   1, 268, 571, ---, ---, ---, 
[16.306s][info][gc,stats    ]     CWR: VM Weak Roots              170 us, workers (us):  94,  66,  10, ---, ---, ---, 
[16.306s][info][gc,stats    ]     CWR: CLDG Roots                  24 us, workers (us):  24, ---, ---, ---, ---, ---, 
[16.306s][info][gc,stats    ]   Rendezvous                         83 us
[16.306s][info][gc,stats    ] Concurrent Cleanup                  136 us
[16.306s][info][gc,stats    ] Concurrent Class Unloading         1785 us
[16.306s][info][gc,stats    ]   Unlink Stale                     1000 us
[16.306s][info][gc,stats    ]     System Dictionary                11 us
[16.306s][info][gc,stats    ]     Weak Class Links                  1 us
[16.306s][info][gc,stats    ]     Code Roots                      986 us
[16.306s][info][gc,stats    ]   Rendezvous                        295 us
[16.306s][info][gc,stats    ]   Purge Unlinked                    392 us
[16.306s][info][gc,stats    ]     Code Roots                      354 us
[16.306s][info][gc,stats    ]     CLDG                             36 us
[16.306s][info][gc,stats    ]     Exception Caches                  2 us
[16.306s][info][gc,stats    ] Concurrent Strong Roots             364 us, parallelism: 0.45x
[16.306s][info][gc,stats    ]   CSR: <total>                      164 us
[16.306s][info][gc,stats    ]   CSR: VM Strong Roots               16 us, workers (us):  15,   0,   0, ---, ---, ---, 
[16.306s][info][gc,stats    ]   CSR: CLDG Roots                   148 us, workers (us): 148, ---, ---, ---, ---, ---, 
[16.306s][info][gc,stats    ] Concurrent Evacuation             16964 us
[16.306s][info][gc,stats    ] Pause Init Update Refs (G)          374 us
[16.306s][info][gc,stats    ] Pause Init Update Refs (N)           43 us
[16.306s][info][gc,stats    ]   Manage GCLABs                       4 us
[16.306s][info][gc,stats    ] Concurrent Update Refs             6649 us
[16.306s][info][gc,stats    ] Concurrent Update Thread Roots      589 us
[16.306s][info][gc,stats    ] Pause Final Update Refs (G)         536 us
[16.306s][info][gc,stats    ] Pause Final Update Refs (N)         280 us
[16.306s][info][gc,stats    ]   Update Region States              214 us
[16.306s][info][gc,stats    ]   Trash Collection Set                8 us
[16.306s][info][gc,stats    ]   Rebuild Free Set                   21 us
[16.306s][info][gc,stats    ] Concurrent Cleanup                   76 us
[16.306s][info][gc,stats    ] 
[16.306s][info][gc,stats    ] Allocation pacing accrued:
[16.306s][info][gc,stats    ]       0 of   100 ms (  0.0%): <total>
[16.306s][info][gc,stats    ]       0 of   100 ms (  0.0%): <average total>
[16.306s][info][gc,stats    ] 
[16.306s][info][gc,metaspace] Metaspace: 6358K(6528K)->6358K(6528K) NonClass: 5812K(5888K)->5812K(5888K) Class: 546K(640K)->546K(640K)
[16.306s][info][gc,ergo     ] Pacer for Idle. Initial: 20971K, Alloc Tax Rate: 1.0x
[16.344s][info][gc          ] Trigger: Average GC time (40.99 ms) is above the time for average allocation rate (4548 MB/s) to deplete free headroom (186M) (margin of error = 1.80)
[16.345s][info][gc,ergo     ] Free headroom: 237M (free) - 52428K (spike) - 0B (penalties) = 186M
[16.345s][info][gc,ergo     ] Free: 236M, Max: 512K regular, 138M humongous, Frag: 41% external, 24% internal; Reserve: 52736K, Max: 512K
[16.345s][info][gc,start    ] GC(180) Concurrent reset
[16.345s][info][gc,task     ] GC(180) Using 3 of 6 workers for concurrent reset
[16.345s][info][gc,ergo     ] GC(180) Pacer for Reset. Non-Taxable: 1024M
[16.348s][info][gc          ] GC(180) Concurrent reset 3.068ms
[16.348s][info][gc,start    ] GC(180) Pause Init Mark (unload classes)
[16.348s][info][gc,task     ] GC(180) Using 6 of 6 workers for init marking
[16.348s][info][gc,ergo     ] GC(180) Pacer for Mark. Expected Live: 196M, Free: 226M, Non-Taxable: 23149K, Alloc Tax Rate: 1.1x
[16.348s][info][gc          ] GC(180) Pause Init Mark (unload classes) 0.235ms
[16.349s][info][gc,start    ] GC(180) Concurrent marking roots
[16.349s][info][gc,task     ] GC(180) Using 3 of 6 workers for concurrent marking roots
[16.349s][info][gc          ] GC(180) Concurrent marking roots 0.319ms
[16.349s][info][gc,start    ] GC(180) Concurrent marking (unload classes)
[16.349s][info][gc,task     ] GC(180) Using 3 of 6 workers for concurrent marking
[16.354s][info][gc          ] GC(180) Concurrent marking (unload classes) 5.163ms
[16.354s][info][gc,start    ] GC(180) Pause Final Mark (unload classes)
[16.354s][info][gc,task     ] GC(180) Using 6 of 6 workers for final marking
[16.355s][info][gc,ergo     ] GC(180) Adaptive CSet Selection. Target Free: 145M, Actual Free: 541M, Max CSet: 43690K, Min Garbage: 0B
[16.355s][info][gc,ergo     ] GC(180) Collectable Garbage: 439M (82%), Immediate: 286M (53%), CSet: 153M (28%)
[16.355s][info][gc,ergo     ] GC(180) Pacer for Evacuation. Used CSet: 195M, Free: 503M, Non-Taxable: 51523K, Alloc Tax Rate: 1.1x
[16.355s][info][gc          ] GC(180) Pause Final Mark (unload classes) 0.685ms
[16.355s][info][gc,start    ] GC(180) Concurrent thread roots
[16.355s][info][gc,task     ] GC(180) Using 3 of 6 workers for Concurrent thread roots
[16.355s][info][gc          ] GC(180) Concurrent thread roots 0.249ms
[16.355s][info][gc,start    ] GC(180) Concurrent weak references
[16.355s][info][gc,task     ] GC(180) Using 3 of 6 workers for concurrent weak references
[16.356s][info][gc,ref      ] GC(180) Encountered references: Soft: 47, Weak: 146, Final: 0, Phantom: 3
[16.356s][info][gc,ref      ] GC(180) Discovered  references: Soft: 0, Weak: 58, Final: 0, Phantom: 2
[16.356s][info][gc,ref      ] GC(180) Enqueued    references: Soft: 0, Weak: 0, Final: 0, Phantom: 0
[16.356s][info][gc          ] GC(180) Concurrent weak references 0.167ms
[16.356s][info][gc,start    ] GC(180) Concurrent weak roots
[16.356s][info][gc,task     ] GC(180) Using 3 of 6 workers for concurrent weak root
[16.356s][info][gc          ] GC(180) Concurrent weak roots 0.427ms
[16.356s][info][gc,start    ] GC(180) Concurrent cleanup
[16.356s][info][gc          ] GC(180) Concurrent cleanup 761M->476M(1024M) 0.105ms
[16.356s][info][gc,ergo     ] GC(180) Free: 485M, Max: 512K regular, 165M humongous, Frag: 66% external, 1% internal; Reserve: 52720K, Max: 512K
[16.356s][info][gc,start    ] GC(180) Concurrent class unloading
[16.356s][info][gc,task     ] GC(180) Using 3 of 6 workers for concurrent class unloading
[16.357s][info][gc          ] GC(180) Concurrent class unloading 0.944ms
[16.357s][info][gc,start    ] GC(180) Concurrent strong roots
[16.357s][info][gc,task     ] GC(180) Using 3 of 6 workers for concurrent strong root
[16.357s][info][gc          ] GC(180) Concurrent strong roots 0.227ms
[16.357s][info][gc,start    ] GC(180) Concurrent evacuation
[16.357s][info][gc,task     ] GC(180) Using 3 of 6 workers for concurrent evacuation
[16.377s][info][gc          ] GC(180) Concurrent evacuation 19.337ms
[16.377s][info][gc,start    ] GC(180) Pause Init Update Refs
[16.377s][info][gc,ergo     ] GC(180) Pacer for Update Refs. Used: 583M, Free: 421M, Non-Taxable: 43180K, Alloc Tax Rate: 1.7x
[16.377s][info][gc          ] GC(180) Pause Init Update Refs 0.087ms
[16.377s][info][gc,start    ] GC(180) Concurrent update references
[16.377s][info][gc,task     ] GC(180) Using 3 of 6 workers for concurrent reference update
[16.381s][info][gc          ] GC(180) Concurrent update references 3.564ms
[16.381s][info][gc,start    ] GC(180) Concurrent update thread roots
[16.382s][info][gc          ] GC(180) Concurrent update thread roots 0.631ms
[16.382s][info][gc,start    ] GC(180) Pause Final Update Refs
[16.382s][info][gc,task     ] GC(180) Using 6 of 6 workers for final reference update
[16.382s][info][gc          ] GC(180) Pause Final Update Refs 0.227ms
[16.382s][info][gc,start    ] GC(180) Concurrent cleanup
[16.382s][info][gc          ] GC(180) Concurrent cleanup 606M->411M(1024M) 0.090ms
[16.382s][info][gc,ergo     ] Free: 560M, Max: 512K regular, 190M humongous, Frag: 66% external, 38% internal; Reserve: 52736K, Max: 512K
[16.382s][info][gc,stats    ] 
[16.382s][info][gc,stats    ] All times are wall-clock times, except per-root-class counters, that are sum over
[16.382s][info][gc,stats    ] all workers. Dividing the <total> over the root stage time estimates parallelism.
[16.382s][info][gc,stats    ] 
[16.382s][info][gc,stats    ] Concurrent Reset                   3190 us
[16.382s][info][gc,stats    ] Pause Init Mark (G)                 592 us
[16.382s][info][gc,stats    ] Pause Init Mark (N)                 241 us
[16.382s][info][gc,stats    ]   Update Region States              180 us
[16.382s][info][gc,stats    ] Concurrent Mark Roots               334 us, parallelism: 1.02x
[16.382s][info][gc,stats    ]   CMR: <total>                      339 us
[16.382s][info][gc,stats    ]   CMR: Thread Roots                 247 us, workers (us):  69,  94,  84, ---, ---, ---, 
[16.382s][info][gc,stats    ]   CMR: VM Strong Roots               14 us, workers (us):  14,   0,   0, ---, ---, ---, 
[16.382s][info][gc,stats    ]   CMR: CLDG Roots                    79 us, workers (us):  79, ---, ---, ---, ---, ---, 
[16.382s][info][gc,stats    ] Concurrent Marking                 5229 us
[16.382s][info][gc,stats    ] Pause Final Mark (G)                959 us
[16.382s][info][gc,stats    ] Pause Final Mark (N)                689 us
[16.382s][info][gc,stats    ]   Finish Mark                       461 us
[16.382s][info][gc,stats    ]   Update Region States               80 us
[16.382s][info][gc,stats    ]   Choose Collection Set              76 us
[16.382s][info][gc,stats    ]   Rebuild Free Set                   17 us
[16.383s][info][gc,stats    ] Concurrent Thread Roots             261 us, parallelism: 0.54x
[16.383s][info][gc,stats    ]   CTR: <total>                      141 us
[16.383s][info][gc,stats    ]   CTR: Thread Roots                 141 us, workers (us):  51,  41,  49, ---, ---, ---, 
[16.383s][info][gc,stats    ] Concurrent Weak References          171 us, parallelism: 0.05x
[16.383s][info][gc,stats    ]   CWRF: <total>                       9 us
[16.383s][info][gc,stats    ]   CWRF: Weak References               9 us, workers (us):   9,   0,   0, ---, ---, ---, 
[16.383s][info][gc,stats    ] Concurrent Weak Roots               451 us
[16.383s][info][gc,stats    ]   Roots                             283 us, parallelism: 0.87x
[16.383s][info][gc,stats    ]     CWR: <total>                    247 us
[16.383s][info][gc,stats    ]     CWR: Code Cache Roots           195 us, workers (us):   0,  86, 108, ---, ---, ---, 
[16.383s][info][gc,stats    ]     CWR: VM Weak Roots               45 us, workers (us):  34,   8,   3, ---, ---, ---, 
[16.383s][info][gc,stats    ]     CWR: CLDG Roots                   8 us, workers (us):   8, ---, ---, ---, ---, ---, 
[16.383s][info][gc,stats    ]   Rendezvous                        136 us
[16.383s][info][gc,stats    ] Concurrent Cleanup                  110 us
[16.383s][info][gc,stats    ] Concurrent Class Unloading          986 us
[16.383s][info][gc,stats    ]   Unlink Stale                      566 us
[16.383s][info][gc,stats    ]     System Dictionary                 6 us
[16.383s][info][gc,stats    ]     Weak Class Links                  0 us
[16.383s][info][gc,stats    ]     Code Roots                      559 us
[16.383s][info][gc,stats    ]   Rendezvous                        159 us
[16.383s][info][gc,stats    ]   Purge Unlinked                    209 us
[16.383s][info][gc,stats    ]     Code Roots                      187 us
[16.383s][info][gc,stats    ]     CLDG                             20 us
[16.383s][info][gc,stats    ]     Exception Caches                  0 us
[16.383s][info][gc,stats    ] Concurrent Strong Roots             245 us, parallelism: 0.19x
[16.383s][info][gc,stats    ]   CSR: <total>                       45 us
[16.383s][info][gc,stats    ]   CSR: VM Strong Roots                6 us, workers (us):   5,   0,   0, ---, ---, ---, 
[16.383s][info][gc,stats    ]   CSR: CLDG Roots                    40 us, workers (us):  40, ---, ---, ---, ---, ---, 
[16.383s][info][gc,stats    ] Concurrent Evacuation             19466 us
[16.383s][info][gc,stats    ] Pause Init Update Refs (G)          508 us
[16.383s][info][gc,stats    ] Pause Init Update Refs (N)           96 us
[16.383s][info][gc,stats    ]   Manage GCLABs                      13 us
[16.383s][info][gc,stats    ] Concurrent Update Refs             3721 us
[16.383s][info][gc,stats    ] Concurrent Update Thread Roots      663 us
[16.383s][info][gc,stats    ] Pause Final Update Refs (G)         524 us
[16.383s][info][gc,stats    ] Pause Final Update Refs (N)         238 us
[16.383s][info][gc,stats    ]   Update Region States              153 us
[16.383s][info][gc,stats    ]   Trash Collection Set               14 us
[16.383s][info][gc,stats    ]   Rebuild Free Set                   32 us
[16.383s][info][gc,stats    ] Concurrent Cleanup                   97 us
[16.383s][info][gc,stats    ] 
[16.383s][info][gc,stats    ] Allocation pacing accrued:
[16.383s][info][gc,stats    ]       0 of    77 ms (  0.0%): <total>
[16.383s][info][gc,stats    ]       0 of    77 ms (  0.0%): <average total>
[16.383s][info][gc,stats    ] 
[16.383s][info][gc,metaspace] Metaspace: 6358K(6528K)->6358K(6528K) NonClass: 5812K(5888K)->5812K(5888K) Class: 546K(640K)->546K(640K)
[16.383s][info][gc,ergo     ] Pacer for Idle. Initial: 20971K, Alloc Tax Rate: 1.0x
[16.422s][info][gc          ] Trigger: Average GC time (43.40 ms) is above the time for average allocation rate (4549 MB/s) to deplete free headroom (188M) (margin of error = 1.82)
[16.423s][info][gc,ergo     ] Free headroom: 239M (free) - 52428K (spike) - 0B (penalties) = 188M
[16.423s][info][gc,ergo     ] Free: 238M, Max: 512K regular, 190M humongous, Frag: 21% external, 2% internal; Reserve: 52736K, Max: 512K
[16.423s][info][gc,start    ] GC(181) Concurrent reset
[16.423s][info][gc,task     ] GC(181) Using 3 of 6 workers for concurrent reset
[16.423s][info][gc,ergo     ] GC(181) Pacer for Reset. Non-Taxable: 1024M
[16.425s][info][gc          ] GC(181) Concurrent reset 2.423ms
[16.425s][info][gc,start    ] GC(181) Pause Init Mark (unload classes)
[16.425s][info][gc,task     ] GC(181) Using 6 of 6 workers for init marking
[16.426s][info][gc,ergo     ] GC(181) Pacer for Mark. Expected Live: 196M, Free: 226M, Non-Taxable: 23219K, Alloc Tax Rate: 1.1x
[16.426s][info][gc          ] GC(181) Pause Init Mark (unload classes) 0.222ms
[16.426s][info][gc,start    ] GC(181) Concurrent marking roots
[16.426s][info][gc,task     ] GC(181) Using 3 of 6 workers for concurrent marking roots
[16.426s][info][gc          ] GC(181) Concurrent marking roots 0.369ms
[16.426s][info][gc,start    ] GC(181) Concurrent marking (unload classes)
[16.426s][info][gc,task     ] GC(181) Using 3 of 6 workers for concurrent marking
[16.430s][info][gc          ] GC(181) Concurrent marking (unload classes) 3.918ms
[16.431s][info][gc,start    ] GC(181) Pause Final Mark (unload classes)
[16.431s][info][gc,task     ] GC(181) Using 6 of 6 workers for final marking
[16.432s][info][gc,ergo     ] GC(181) Adaptive CSet Selection. Target Free: 145M, Actual Free: 549M, Max CSet: 43690K, Min Garbage: 0B
[16.432s][info][gc,ergo     ] GC(181) Collectable Garbage: 445M (83%), Immediate: 289M (54%), CSet: 155M (29%)
[16.432s][info][gc,ergo     ] GC(181) Pacer for Evacuation. Used CSet: 197M, Free: 510M, Non-Taxable: 52245K, Alloc Tax Rate: 1.1x
[16.432s][info][gc          ] GC(181) Pause Final Mark (unload classes) 1.160ms
[16.432s][info][gc,start    ] GC(181) Concurrent thread roots
[16.432s][info][gc,task     ] GC(181) Using 3 of 6 workers for Concurrent thread roots
[16.432s][info][gc          ] GC(181) Concurrent thread roots 0.446ms
[16.432s][info][gc,start    ] GC(181) Concurrent weak references
[16.432s][info][gc,task     ] GC(181) Using 3 of 6 workers for concurrent weak references
[16.433s][info][gc,ref      ] GC(181) Encountered references: Soft: 47, Weak: 146, Final: 0, Phantom: 3
[16.433s][info][gc,ref      ] GC(181) Discovered  references: Soft: 0, Weak: 58, Final: 0, Phantom: 2
[16.433s][info][gc,ref      ] GC(181) Enqueued    references: Soft: 0, Weak: 0, Final: 0, Phantom: 0
[16.433s][info][gc          ] GC(181) Concurrent weak references 0.300ms
[16.433s][info][gc,start    ] GC(181) Concurrent weak roots
[16.433s][info][gc,task     ] GC(181) Using 3 of 6 workers for concurrent weak root
[16.434s][info][gc          ] GC(181) Concurrent weak roots 0.923ms
[16.434s][info][gc,start    ] GC(181) Concurrent cleanup
[16.434s][info][gc          ] GC(181) Concurrent cleanup 751M->462M(1024M) 0.136ms
[16.434s][info][gc,ergo     ] GC(181) Free: 499M, Max: 512K regular, 217M humongous, Frag: 57% external, 0% internal; Reserve: 52720K, Max: 512K
[16.434s][info][gc,start    ] GC(181) Concurrent class unloading
[16.434s][info][gc,task     ] GC(181) Using 3 of 6 workers for concurrent class unloading
[16.435s][info][gc          ] GC(181) Concurrent class unloading 1.455ms
[16.435s][info][gc,start    ] GC(181) Concurrent strong roots
[16.435s][info][gc,task     ] GC(181) Using 3 of 6 workers for concurrent strong root
[16.436s][info][gc          ] GC(181) Concurrent strong roots 0.233ms
[16.436s][info][gc,start    ] GC(181) Concurrent evacuation
[16.436s][info][gc,task     ] GC(181) Using 3 of 6 workers for concurrent evacuation
[16.455s][info][gc          ] GC(181) Concurrent evacuation 19.245ms
[16.455s][info][gc,start    ] GC(181) Pause Init Update Refs
[16.455s][info][gc,ergo     ] GC(181) Pacer for Update Refs. Used: 573M, Free: 432M, Non-Taxable: 44253K, Alloc Tax Rate: 1.6x
[16.455s][info][gc          ] GC(181) Pause Init Update Refs 0.035ms
[16.456s][info][gc,start    ] GC(181) Concurrent update references
[16.456s][info][gc,task     ] GC(181) Using 3 of 6 workers for concurrent reference update
[16.458s][info][gc          ] GC(181) Concurrent update references 2.406ms
[16.458s][info][gc,start    ] GC(181) Concurrent update thread roots
[16.459s][info][gc          ] GC(181) Concurrent update thread roots 0.538ms
[16.459s][info][gc,start    ] GC(181) Pause Final Update Refs
[16.459s][info][gc,task     ] GC(181) Using 6 of 6 workers for final reference update
[16.459s][info][gc          ] GC(181) Pause Final Update Refs 0.452ms
[16.459s][info][gc,start    ] GC(181) Concurrent cleanup
[16.460s][info][gc          ] GC(181) Concurrent cleanup 599M->402M(1024M) 0.114ms
[16.460s][info][gc,ergo     ] Free: 570M, Max: 512K regular, 205M humongous, Frag: 64% external, 37% internal; Reserve: 52736K, Max: 512K
[16.460s][info][gc,stats    ] 
[16.460s][info][gc,stats    ] All times are wall-clock times, except per-root-class counters, that are sum over
[16.460s][info][gc,stats    ] all workers. Dividing the <total> over the root stage time estimates parallelism.
[16.460s][info][gc,stats    ] 
[16.460s][info][gc,stats    ] Concurrent Reset                   2646 us
[16.460s][info][gc,stats    ] Pause Init Mark (G)                 519 us
[16.460s][info][gc,stats    ] Pause Init Mark (N)                 229 us
[16.460s][info][gc,stats    ]   Update Region States              150 us
[16.460s][info][gc,stats    ] Concurrent Mark Roots               386 us, parallelism: 1.10x
[16.460s][info][gc,stats    ]   CMR: <total>                      423 us
[16.460s][info][gc,stats    ]   CMR: Thread Roots                 294 us, workers (us): 122,  55, 118, ---, ---, ---, 
[16.460s][info][gc,stats    ]   CMR: VM Strong Roots               19 us, workers (us):  13,   1,   5, ---, ---, ---, 
[16.460s][info][gc,stats    ]   CMR: CLDG Roots                   109 us, workers (us): ---, 109, ---, ---, ---, ---, 
[16.460s][info][gc,stats    ] Concurrent Marking                 4189 us
[16.460s][info][gc,stats    ] Pause Final Mark (G)               1590 us
[16.460s][info][gc,stats    ] Pause Final Mark (N)               1168 us
[16.460s][info][gc,stats    ]   Finish Mark                       471 us
[16.460s][info][gc,stats    ]   Update Region States              360 us
[16.460s][info][gc,stats    ]   Choose Collection Set             201 us
[16.460s][info][gc,stats    ]   Rebuild Free Set                   25 us
[16.460s][info][gc,stats    ] Concurrent Thread Roots             472 us, parallelism: 0.79x
[16.460s][info][gc,stats    ]   CTR: <total>                      373 us
[16.460s][info][gc,stats    ]   CTR: Thread Roots                 373 us, workers (us): 134, 117, 122, ---, ---, ---, 
[16.460s][info][gc,stats    ] Concurrent Weak References          308 us, parallelism: 0.16x
[16.460s][info][gc,stats    ]   CWRF: <total>                      49 us
[16.460s][info][gc,stats    ]   CWRF: Weak References              49 us, workers (us):  49,   1,   0, ---, ---, ---, 
[16.460s][info][gc,stats    ] Concurrent Weak Roots               945 us
[16.460s][info][gc,stats    ]   Roots                             686 us, parallelism: 1.27x
[16.460s][info][gc,stats    ]     CWR: <total>                    870 us
[16.460s][info][gc,stats    ]     CWR: Code Cache Roots           689 us, workers (us):   0, 312, 378, ---, ---, ---, 
[16.460s][info][gc,stats    ]     CWR: VM Weak Roots              154 us, workers (us):  65,  50,  39, ---, ---, ---, 
[16.460s][info][gc,stats    ]     CWR: CLDG Roots                  27 us, workers (us):  27, ---, ---, ---, ---, ---, 
[16.460s][info][gc,stats    ]   Rendezvous                        224 us
[16.460s][info][gc,stats    ] Concurrent Cleanup                  141 us
[16.460s][info][gc,stats    ] Concurrent Class Unloading         1526 us
[16.460s][info][gc,stats    ]   Unlink Stale                      872 us
[16.460s][info][gc,stats    ]     System Dictionary                16 us
[16.460s][info][gc,stats    ]     Weak Class Links                  1 us
[16.460s][info][gc,stats    ]     Code Roots                      850 us
[16.460s][info][gc,stats    ]   Rendezvous                        293 us
[16.460s][info][gc,stats    ]   Purge Unlinked                    276 us
[16.460s][info][gc,stats    ]     Code Roots                      243 us
[16.460s][info][gc,stats    ]     CLDG                             32 us
[16.460s][info][gc,stats    ]     Exception Caches                  0 us
[16.460s][info][gc,stats    ] Concurrent Strong Roots             251 us, parallelism: 0.25x
[16.460s][info][gc,stats    ]   CSR: <total>                       61 us
[16.460s][info][gc,stats    ]   CSR: VM Strong Roots                7 us, workers (us):   7,   0,   0, ---, ---, ---, 
[16.460s][info][gc,stats    ]   CSR: CLDG Roots                    54 us, workers (us):  54, ---, ---, ---, ---, ---, 
[16.460s][info][gc,stats    ] Concurrent Evacuation             19413 us
[16.460s][info][gc,stats    ] Pause Init Update Refs (G)          555 us
[16.460s][info][gc,stats    ] Pause Init Update Refs (N)           39 us
[16.460s][info][gc,stats    ]   Manage GCLABs                       4 us
[16.460s][info][gc,stats    ] Concurrent Update Refs             2519 us
[16.460s][info][gc,stats    ] Concurrent Update Thread Roots      564 us
[16.460s][info][gc,stats    ] Pause Final Update Refs (G)         771 us
[16.460s][info][gc,stats    ] Pause Final Update Refs (N)         468 us
[16.460s][info][gc,stats    ]   Update Region States              311 us
[16.460s][info][gc,stats    ]   Trash Collection Set               22 us
[16.460s][info][gc,stats    ]   Rebuild Free Set                   65 us
[16.460s][info][gc,stats    ] Concurrent Cleanup                  126 us
[16.460s][info][gc,stats    ] 
[16.460s][info][gc,stats    ] Allocation pacing accrued:
[16.460s][info][gc,stats    ]       0 of    77 ms (  0.0%): <total>
[16.460s][info][gc,stats    ]       0 of    77 ms (  0.0%): <average total>
[16.460s][info][gc,stats    ] 
[16.460s][info][gc,metaspace] Metaspace: 6358K(6528K)->6358K(6528K) NonClass: 5812K(5888K)->5812K(5888K) Class: 546K(640K)->546K(640K)
[16.460s][info][gc,ergo     ] Pacer for Idle. Initial: 20971K, Alloc Tax Rate: 1.0x
[16.501s][info][gc          ] Trigger: Average GC time (42.51 ms) is above the time for average allocation rate (4550 MB/s) to deplete free headroom (187M) (margin of error = 1.83)
[16.501s][info][gc,ergo     ] Free headroom: 238M (free) - 52428K (spike) - 0B (penalties) = 187M
[16.501s][info][gc,ergo     ] Free: 237M, Max: 512K regular, 205M humongous, Frag: 13% external, 21% internal; Reserve: 52736K, Max: 512K
[16.501s][info][gc,start    ] GC(182) Concurrent reset
[16.501s][info][gc,task     ] GC(182) Using 3 of 6 workers for concurrent reset
[16.501s][info][gc,ergo     ] GC(182) Pacer for Reset. Non-Taxable: 1024M
[16.504s][info][gc          ] GC(182) Concurrent reset 2.796ms
[16.504s][info][gc,start    ] GC(182) Pause Init Mark (unload classes)
[16.504s][info][gc,task     ] GC(182) Using 6 of 6 workers for init marking
[16.504s][info][gc,ergo     ] GC(182) Pacer for Mark. Expected Live: 196M, Free: 224M, Non-Taxable: 22986K, Alloc Tax Rate: 1.1x
[16.504s][info][gc          ] GC(182) Pause Init Mark (unload classes) 0.237ms
[16.504s][info][gc,start    ] GC(182) Concurrent marking roots
[16.504s][info][gc,task     ] GC(182) Using 3 of 6 workers for concurrent marking roots
[16.505s][info][gc          ] GC(182) Concurrent marking roots 0.320ms
[16.505s][info][gc,start    ] GC(182) Concurrent marking (unload classes)
[16.505s][info][gc,task     ] GC(182) Using 3 of 6 workers for concurrent marking
[16.508s][info][gc          ] GC(182) Concurrent marking (unload classes) 3.323ms
[16.508s][info][gc,start    ] GC(182) Pause Final Mark (unload classes)
[16.508s][info][gc,task     ] GC(182) Using 6 of 6 workers for final marking
[16.509s][info][gc,ergo     ] GC(182) Adaptive CSet Selection. Target Free: 145M, Actual Free: 548M, Max CSet: 43690K, Min Garbage: 0B
[16.509s][info][gc,ergo     ] GC(182) Collectable Garbage: 446M (83%), Immediate: 294M (54%), CSet: 152M (28%)
[16.509s][info][gc,ergo     ] GC(182) Pacer for Evacuation. Used CSet: 194M, Free: 509M, Non-Taxable: 52176K, Alloc Tax Rate: 1.1x
[16.509s][info][gc          ] GC(182) Pause Final Mark (unload classes) 0.719ms
[16.509s][info][gc,start    ] GC(182) Concurrent thread roots
[16.509s][info][gc,task     ] GC(182) Using 3 of 6 workers for Concurrent thread roots
[16.509s][info][gc          ] GC(182) Concurrent thread roots 0.245ms
[16.509s][info][gc,start    ] GC(182) Concurrent weak references
[16.509s][info][gc,task     ] GC(182) Using 3 of 6 workers for concurrent weak references
[16.510s][info][gc,ref      ] GC(182) Encountered references: Soft: 47, Weak: 146, Final: 0, Phantom: 3
[16.510s][info][gc,ref      ] GC(182) Discovered  references: Soft: 0, Weak: 48, Final: 0, Phantom: 2
[16.510s][info][gc,ref      ] GC(182) Enqueued    references: Soft: 0, Weak: 0, Final: 0, Phantom: 0
[16.510s][info][gc          ] GC(182) Concurrent weak references 0.186ms
[16.510s][info][gc,start    ] GC(182) Concurrent weak roots
[16.510s][info][gc,task     ] GC(182) Using 3 of 6 workers for concurrent weak root
[16.510s][info][gc          ] GC(182) Concurrent weak roots 0.445ms
[16.510s][info][gc,start    ] GC(182) Concurrent cleanup
[16.510s][info][gc          ] GC(182) Concurrent cleanup 760M->467M(1024M) 0.162ms
[16.510s][info][gc,ergo     ] GC(182) Free: 494M, Max: 512K regular, 221M humongous, Frag: 56% external, 0% internal; Reserve: 52722K, Max: 512K
[16.510s][info][gc,start    ] GC(182) Concurrent class unloading
[16.510s][info][gc,task     ] GC(182) Using 3 of 6 workers for concurrent class unloading
[16.512s][info][gc          ] GC(182) Concurrent class unloading 1.187ms
[16.512s][info][gc,start    ] GC(182) Concurrent strong roots
[16.512s][info][gc,task     ] GC(182) Using 3 of 6 workers for concurrent strong root
[16.512s][info][gc          ] GC(182) Concurrent strong roots 0.210ms
[16.512s][info][gc,start    ] GC(182) Concurrent evacuation
[16.512s][info][gc,task     ] GC(182) Using 3 of 6 workers for concurrent evacuation
[16.525s][info][gc          ] GC(182) Concurrent evacuation 13.331ms
[16.526s][info][gc,start    ] GC(182) Pause Init Update Refs
[16.526s][info][gc,ergo     ] GC(182) Pacer for Update Refs. Used: 567M, Free: 438M, Non-Taxable: 44858K, Alloc Tax Rate: 1.6x
[16.526s][info][gc          ] GC(182) Pause Init Update Refs 0.057ms
[16.526s][info][gc,start    ] GC(182) Concurrent update references
[16.526s][info][gc,task     ] GC(182) Using 3 of 6 workers for concurrent reference update
[16.529s][info][gc          ] GC(182) Concurrent update references 2.903ms
[16.529s][info][gc,start    ] GC(182) Concurrent update thread roots
[16.529s][info][gc          ] GC(182) Concurrent update thread roots 0.435ms
[16.529s][info][gc,start    ] GC(182) Pause Final Update Refs
[16.529s][info][gc,task     ] GC(182) Using 6 of 6 workers for final reference update
[16.529s][info][gc          ] GC(182) Pause Final Update Refs 0.194ms
[16.530s][info][gc,start    ] GC(182) Concurrent cleanup
[16.530s][info][gc          ] GC(182) Concurrent cleanup 592M->398M(1024M) 0.077ms
[16.530s][info][gc,ergo     ] Free: 573M, Max: 512K regular, 195M humongous, Frag: 66% external, 37% internal; Reserve: 52736K, Max: 512K
[16.530s][info][gc,stats    ] 
[16.530s][info][gc,stats    ] All times are wall-clock times, except per-root-class counters, that are sum over
[16.530s][info][gc,stats    ] all workers. Dividing the <total> over the root stage time estimates parallelism.
[16.530s][info][gc,stats    ] 
[16.530s][info][gc,stats    ] Concurrent Reset                   2885 us
[16.530s][info][gc,stats    ] Pause Init Mark (G)                 581 us
[16.530s][info][gc,stats    ] Pause Init Mark (N)                 242 us
[16.530s][info][gc,stats    ]   Update Region States              187 us
[16.530s][info][gc,stats    ] Concurrent Mark Roots               334 us, parallelism: 0.89x
[16.530s][info][gc,stats    ]   CMR: <total>                      298 us
[16.530s][info][gc,stats    ]   CMR: Thread Roots                 206 us, workers (us):  50,  83,  73, ---, ---, ---, 
[16.530s][info][gc,stats    ]   CMR: VM Strong Roots                9 us, workers (us):   8,   0,   0, ---, ---, ---, 
[16.530s][info][gc,stats    ]   CMR: CLDG Roots                    84 us, workers (us):  84, ---, ---, ---, ---, ---, 
[16.530s][info][gc,stats    ] Concurrent Marking                 3518 us
[16.530s][info][gc,stats    ] Pause Final Mark (G)                995 us
[16.530s][info][gc,stats    ] Pause Final Mark (N)                724 us
[16.530s][info][gc,stats    ]   Finish Mark                       343 us
[16.530s][info][gc,stats    ]   Update Region States              186 us
[16.530s][info][gc,stats    ]   Choose Collection Set             114 us
[16.530s][info][gc,stats    ]   Rebuild Free Set                   18 us
[16.530s][info][gc,stats    ] Concurrent Thread Roots             259 us, parallelism: 0.56x
[16.530s][info][gc,stats    ]   CTR: <total>                      145 us
[16.530s][info][gc,stats    ]   CTR: Thread Roots                 145 us, workers (us):  53,  41,  51, ---, ---, ---, 
[16.530s][info][gc,stats    ] Concurrent Weak References          190 us, parallelism: 0.07x
[16.530s][info][gc,stats    ]   CWRF: <total>                      13 us
[16.530s][info][gc,stats    ]   CWRF: Weak References              13 us, workers (us):  13,   0,   0, ---, ---, ---, 
[16.530s][info][gc,stats    ] Concurrent Weak Roots               459 us
[16.530s][info][gc,stats    ]   Roots                             282 us, parallelism: 1.02x
[16.530s][info][gc,stats    ]     CWR: <total>                    287 us
[16.530s][info][gc,stats    ]     CWR: Code Cache Roots           243 us, workers (us): 112, 131,   0, ---, ---, ---, 
[16.530s][info][gc,stats    ]     CWR: VM Weak Roots               36 us, workers (us):  28,   7,   1, ---, ---, ---, 
[16.530s][info][gc,stats    ]     CWR: CLDG Roots                   8 us, workers (us):   8, ---, ---, ---, ---, ---, 
[16.530s][info][gc,stats    ]   Rendezvous                        154 us
[16.530s][info][gc,stats    ] Concurrent Cleanup                  168 us
[16.530s][info][gc,stats    ] Concurrent Class Unloading         1245 us
[16.530s][info][gc,stats    ]   Unlink Stale                      719 us
[16.530s][info][gc,stats    ]     System Dictionary                11 us
[16.530s][info][gc,stats    ]     Weak Class Links                  1 us
[16.530s][info][gc,stats    ]     Code Roots                      705 us
[16.530s][info][gc,stats    ]   Rendezvous                        162 us
[16.530s][info][gc,stats    ]   Purge Unlinked                    292 us
[16.530s][info][gc,stats    ]     Code Roots                      240 us
[16.530s][info][gc,stats    ]     CLDG                             51 us
[16.530s][info][gc,stats    ]     Exception Caches                  0 us
[16.530s][info][gc,stats    ] Concurrent Strong Roots             260 us, parallelism: 0.26x
[16.530s][info][gc,stats    ]   CSR: <total>                       67 us
[16.530s][info][gc,stats    ]   CSR: VM Strong Roots               10 us, workers (us):   8,   2,   1, ---, ---, ---, 
[16.530s][info][gc,stats    ]   CSR: CLDG Roots                    57 us, workers (us): ---, ---,  57, ---, ---, ---, 
[16.530s][info][gc,stats    ] Concurrent Evacuation             13470 us
[16.530s][info][gc,stats    ] Pause Init Update Refs (G)          397 us
[16.530s][info][gc,stats    ] Pause Init Update Refs (N)           63 us
[16.530s][info][gc,stats    ]   Manage GCLABs                      10 us
[16.530s][info][gc,stats    ] Concurrent Update Refs             2998 us
[16.530s][info][gc,stats    ] Concurrent Update Thread Roots      456 us
[16.530s][info][gc,stats    ] Pause Final Update Refs (G)         372 us
[16.530s][info][gc,stats    ] Pause Final Update Refs (N)         204 us
[16.530s][info][gc,stats    ]   Update Region States              134 us
[16.530s][info][gc,stats    ]   Trash Collection Set               10 us
[16.530s][info][gc,stats    ]   Rebuild Free Set                   24 us
[16.530s][info][gc,stats    ] Concurrent Cleanup                   83 us
[16.530s][info][gc,stats    ] 
[16.530s][info][gc,stats    ] Allocation pacing accrued:
[16.530s][info][gc,stats    ]       0 of    70 ms (  0.0%): <total>
[16.530s][info][gc,stats    ]       0 of    70 ms (  0.0%): <average total>
[16.530s][info][gc,stats    ] 
[16.530s][info][gc,metaspace] Metaspace: 6358K(6528K)->6358K(6528K) NonClass: 5812K(5888K)->5812K(5888K) Class: 546K(640K)->546K(640K)
[16.530s][info][gc,ergo     ] Pacer for Idle. Initial: 20971K, Alloc Tax Rate: 1.0x
[16.564s][info][gc          ] Trigger: Average GC time (40.24 ms) is above the time for average allocation rate (4550 MB/s) to deplete free headroom (182M) (margin of error = 1.83)
[16.564s][info][gc,ergo     ] Free headroom: 233M (free) - 52428K (spike) - 0B (penalties) = 182M
[16.564s][info][gc,ergo     ] Free: 232M, Max: 512K regular, 195M humongous, Frag: 16% external, 8% internal; Reserve: 52736K, Max: 512K
[16.564s][info][gc,start    ] GC(183) Concurrent reset
[16.564s][info][gc,task     ] GC(183) Using 3 of 6 workers for concurrent reset
[16.564s][info][gc,ergo     ] GC(183) Pacer for Reset. Non-Taxable: 1024M
[16.566s][info][gc          ] GC(183) Concurrent reset 2.535ms
[16.567s][info][gc,start    ] GC(183) Pause Init Mark (unload classes)
[16.567s][info][gc,task     ] GC(183) Using 6 of 6 workers for init marking
[16.567s][info][gc,ergo     ] GC(183) Pacer for Mark. Expected Live: 196M, Free: 221M, Non-Taxable: 22643K, Alloc Tax Rate: 1.1x
[16.567s][info][gc          ] GC(183) Pause Init Mark (unload classes) 0.152ms
[16.567s][info][gc,start    ] GC(183) Concurrent marking roots
[16.567s][info][gc,task     ] GC(183) Using 3 of 6 workers for concurrent marking roots
[16.567s][info][gc          ] GC(183) Concurrent marking roots 0.295ms
[16.567s][info][gc,start    ] GC(183) Concurrent marking (unload classes)
[16.567s][info][gc,task     ] GC(183) Using 3 of 6 workers for concurrent marking
[16.570s][info][gc          ] GC(183) Concurrent marking (unload classes) 2.508ms
[16.570s][info][gc,start    ] GC(183) Pause Final Mark (unload classes)
[16.570s][info][gc,task     ] GC(183) Using 6 of 6 workers for final marking
[16.570s][info][gc,ergo     ] GC(183) Adaptive CSet Selection. Target Free: 145M, Actual Free: 532M, Max CSet: 43690K, Min Garbage: 0B
[16.571s][info][gc,ergo     ] GC(183) Collectable Garbage: 452M (83%), Immediate: 284M (52%), CSet: 168M (31%)
[16.571s][info][gc,ergo     ] GC(183) Pacer for Evacuation. Used CSet: 210M, Free: 493M, Non-Taxable: 50506K, Alloc Tax Rate: 1.1x
[16.571s][info][gc          ] GC(183) Pause Final Mark (unload classes) 0.551ms
[16.571s][info][gc,start    ] GC(183) Concurrent thread roots
[16.571s][info][gc,task     ] GC(183) Using 3 of 6 workers for Concurrent thread roots
[16.571s][info][gc          ] GC(183) Concurrent thread roots 0.226ms
[16.571s][info][gc,start    ] GC(183) Concurrent weak references
[16.571s][info][gc,task     ] GC(183) Using 3 of 6 workers for concurrent weak references
[16.571s][info][gc,ref      ] GC(183) Encountered references: Soft: 47, Weak: 146, Final: 0, Phantom: 3
[16.571s][info][gc,ref      ] GC(183) Discovered  references: Soft: 0, Weak: 53, Final: 0, Phantom: 2
[16.571s][info][gc,ref      ] GC(183) Enqueued    references: Soft: 0, Weak: 0, Final: 0, Phantom: 0
[16.571s][info][gc          ] GC(183) Concurrent weak references 0.069ms
[16.571s][info][gc,start    ] GC(183) Concurrent weak roots
[16.571s][info][gc,task     ] GC(183) Using 3 of 6 workers for concurrent weak root
[16.571s][info][gc          ] GC(183) Concurrent weak roots 0.351ms
[16.571s][info][gc,start    ] GC(183) Concurrent cleanup
[16.571s][info][gc          ] GC(183) Concurrent cleanup 765M->482M(1024M) 0.118ms
[16.571s][info][gc,ergo     ] GC(183) Free: 479M, Max: 512K regular, 214M humongous, Frag: 56% external, 0% internal; Reserve: 52722K, Max: 512K
[16.571s][info][gc,start    ] GC(183) Concurrent class unloading
[16.571s][info][gc,task     ] GC(183) Using 3 of 6 workers for concurrent class unloading
[16.572s][info][gc          ] GC(183) Concurrent class unloading 0.980ms
[16.572s][info][gc,start    ] GC(183) Concurrent strong roots
[16.572s][info][gc,task     ] GC(183) Using 3 of 6 workers for concurrent strong root
[16.573s][info][gc          ] GC(183) Concurrent strong roots 0.190ms
[16.573s][info][gc,start    ] GC(183) Concurrent evacuation
[16.573s][info][gc,task     ] GC(183) Using 3 of 6 workers for concurrent evacuation
[16.586s][info][gc          ] GC(183) Concurrent evacuation 13.769ms
[16.587s][info][gc,start    ] GC(183) Pause Init Update Refs
[16.587s][info][gc,ergo     ] GC(183) Pacer for Update Refs. Used: 581M, Free: 423M, Non-Taxable: 43353K, Alloc Tax Rate: 1.7x
[16.587s][info][gc          ] GC(183) Pause Init Update Refs 0.054ms
[16.587s][info][gc,start    ] GC(183) Concurrent update references
[16.587s][info][gc,task     ] GC(183) Using 3 of 6 workers for concurrent reference update
[16.590s][info][gc          ] GC(183) Concurrent update references 2.614ms
[16.590s][info][gc,start    ] GC(183) Concurrent update thread roots
[16.590s][info][gc          ] GC(183) Concurrent update thread roots 0.441ms
[16.590s][info][gc,start    ] GC(183) Pause Final Update Refs
[16.590s][info][gc,task     ] GC(183) Using 6 of 6 workers for final reference update
[16.591s][info][gc          ] GC(183) Pause Final Update Refs 0.225ms
[16.591s][info][gc,start    ] GC(183) Concurrent cleanup
[16.591s][info][gc          ] GC(183) Concurrent cleanup 606M->397M(1024M) 0.073ms
[16.591s][info][gc,ergo     ] Free: 574M, Max: 512K regular, 189M humongous, Frag: 67% external, 36% internal; Reserve: 52736K, Max: 512K
[16.591s][info][gc,stats    ] 
[16.591s][info][gc,stats    ] All times are wall-clock times, except per-root-class counters, that are sum over
[16.591s][info][gc,stats    ] all workers. Dividing the <total> over the root stage time estimates parallelism.
[16.591s][info][gc,stats    ] 
[16.591s][info][gc,stats    ] Concurrent Reset                   2618 us
[16.591s][info][gc,stats    ] Pause Init Mark (G)                 476 us
[16.591s][info][gc,stats    ] Pause Init Mark (N)                 157 us
[16.591s][info][gc,stats    ]   Update Region States              104 us
[16.591s][info][gc,stats    ] Concurrent Mark Roots               308 us, parallelism: 0.89x
[16.591s][info][gc,stats    ]   CMR: <total>                      275 us
[16.591s][info][gc,stats    ]   CMR: Thread Roots                 204 us, workers (us):  55,  72,  77, ---, ---, ---, 
[16.591s][info][gc,stats    ]   CMR: VM Strong Roots                8 us, workers (us):   7,   0,   0, ---, ---, ---, 
[16.591s][info][gc,stats    ]   CMR: CLDG Roots                    63 us, workers (us):  63, ---, ---, ---, ---, ---, 
[16.591s][info][gc,stats    ] Concurrent Marking                 2587 us
[16.591s][info][gc,stats    ] Pause Final Mark (G)                761 us
[16.591s][info][gc,stats    ] Pause Final Mark (N)                557 us
[16.591s][info][gc,stats    ]   Finish Mark                       334 us
[16.591s][info][gc,stats    ]   Update Region States               76 us
[16.591s][info][gc,stats    ]   Choose Collection Set              79 us
[16.591s][info][gc,stats    ]   Rebuild Free Set                   18 us
[16.591s][info][gc,stats    ] Concurrent Thread Roots             238 us, parallelism: 0.51x
[16.591s][info][gc,stats    ]   CTR: <total>                      122 us
[16.591s][info][gc,stats    ]   CTR: Thread Roots                 122 us, workers (us):  40,  36,  46, ---, ---, ---, 
[16.591s][info][gc,stats    ] Concurrent Weak References           73 us, parallelism: 0.10x
[16.591s][info][gc,stats    ]   CWRF: <total>                       7 us
[16.591s][info][gc,stats    ]   CWRF: Weak References               7 us, workers (us):   7,   0,   0, ---, ---, ---, 
[16.591s][info][gc,stats    ] Concurrent Weak Roots               363 us
[16.591s][info][gc,stats    ]   Roots                             245 us, parallelism: 1.12x
[16.591s][info][gc,stats    ]     CWR: <total>                    275 us
[16.591s][info][gc,stats    ]     CWR: Code Cache Roots           229 us, workers (us): 100, 128,   0, ---, ---, ---, 
[16.591s][info][gc,stats    ]     CWR: VM Weak Roots               40 us, workers (us):  23,  16,   0, ---, ---, ---, 
[16.591s][info][gc,stats    ]     CWR: CLDG Roots                   6 us, workers (us):   6, ---, ---, ---, ---, ---, 
[16.591s][info][gc,stats    ]   Rendezvous                         97 us
[16.591s][info][gc,stats    ] Concurrent Cleanup                  129 us
[16.591s][info][gc,stats    ] Concurrent Class Unloading         1014 us
[16.591s][info][gc,stats    ]   Unlink Stale                      701 us
[16.591s][info][gc,stats    ]     System Dictionary                 8 us
[16.591s][info][gc,stats    ]     Weak Class Links                  1 us
[16.591s][info][gc,stats    ]     Code Roots                      691 us
[16.591s][info][gc,stats    ]   Rendezvous                        104 us
[16.591s][info][gc,stats    ]   Purge Unlinked                    163 us
[16.591s][info][gc,stats    ]     Code Roots                      144 us
[16.591s][info][gc,stats    ]     CLDG                             19 us
[16.591s][info][gc,stats    ]     Exception Caches                  0 us
[16.591s][info][gc,stats    ] Concurrent Strong Roots             204 us, parallelism: 0.22x
[16.591s][info][gc,stats    ]   CSR: <total>                       45 us
[16.591s][info][gc,stats    ]   CSR: VM Strong Roots                5 us, workers (us):   4,   0,   0, ---, ---, ---, 
[16.591s][info][gc,stats    ]   CSR: CLDG Roots                    40 us, workers (us):  40, ---, ---, ---, ---, ---, 
[16.591s][info][gc,stats    ] Concurrent Evacuation             13862 us
[16.591s][info][gc,stats    ] Pause Init Update Refs (G)          378 us
[16.591s][info][gc,stats    ] Pause Init Update Refs (N)           59 us
[16.591s][info][gc,stats    ]   Manage GCLABs                       4 us
[16.591s][info][gc,stats    ] Concurrent Update Refs             2712 us
[16.591s][info][gc,stats    ] Concurrent Update Thread Roots      465 us
[16.591s][info][gc,stats    ] Pause Final Update Refs (G)         518 us
[16.591s][info][gc,stats    ] Pause Final Update Refs (N)         238 us
[16.591s][info][gc,stats    ]   Update Region States              166 us
[16.591s][info][gc,stats    ]   Trash Collection Set                8 us
[16.591s][info][gc,stats    ]   Rebuild Free Set                   24 us
[16.591s][info][gc,stats    ] Concurrent Cleanup                   80 us
[16.591s][info][gc,stats    ] 
[16.591s][info][gc,stats    ] Allocation pacing accrued:
[16.591s][info][gc,stats    ]       0 of    61 ms (  0.0%): <total>
[16.591s][info][gc,stats    ]       0 of    61 ms (  0.0%): <average total>
[16.591s][info][gc,stats    ] 
[16.591s][info][gc,metaspace] Metaspace: 6358K(6528K)->6358K(6528K) NonClass: 5812K(5888K)->5812K(5888K) Class: 546K(640K)->546K(640K)
[16.591s][info][gc,ergo     ] Pacer for Idle. Initial: 20971K, Alloc Tax Rate: 1.0x
[16.628s][info][gc          ] Trigger: Average GC time (37.08 ms) is above the time for average allocation rate (4550 MB/s) to deplete free headroom (161M) (margin of error = 1.84)
[16.628s][info][gc,ergo     ] Free headroom: 212M (free) - 52428K (spike) - 0B (penalties) = 161M
[16.628s][info][gc,ergo     ] Free: 211M, Max: 512K regular, 189M humongous, Frag: 10% external, 18% internal; Reserve: 52736K, Max: 512K
[16.628s][info][gc,start    ] GC(184) Concurrent reset
[16.628s][info][gc,task     ] GC(184) Using 3 of 6 workers for concurrent reset
[16.628s][info][gc,ergo     ] GC(184) Pacer for Reset. Non-Taxable: 1024M
[16.631s][info][gc          ] GC(184) Concurrent reset 2.883ms
[16.631s][info][gc,start    ] GC(184) Pause Init Mark (unload classes)
[16.631s][info][gc,task     ] GC(184) Using 6 of 6 workers for init marking
[16.631s][info][gc,ergo     ] GC(184) Pacer for Mark. Expected Live: 196M, Free: 200M, Non-Taxable: 20487K, Alloc Tax Rate: 1.2x
[16.631s][info][gc          ] GC(184) Pause Init Mark (unload classes) 0.177ms
[16.632s][info][gc,start    ] GC(184) Concurrent marking roots
[16.632s][info][gc,task     ] GC(184) Using 3 of 6 workers for concurrent marking roots
[16.632s][info][gc          ] GC(184) Concurrent marking roots 0.282ms
[16.632s][info][gc,start    ] GC(184) Concurrent marking (unload classes)
[16.632s][info][gc,task     ] GC(184) Using 3 of 6 workers for concurrent marking
[16.634s][info][gc          ] GC(184) Concurrent marking (unload classes) 2.363ms
[16.634s][info][gc,start    ] GC(184) Pause Final Mark (unload classes)
[16.634s][info][gc,task     ] GC(184) Using 6 of 6 workers for final marking
[16.635s][info][gc,ergo     ] GC(184) Adaptive CSet Selection. Target Free: 145M, Actual Free: 534M, Max CSet: 43690K, Min Garbage: 0B
[16.635s][info][gc,ergo     ] GC(184) Collectable Garbage: 467M (83%), Immediate: 310M (55%), CSet: 157M (28%)
[16.635s][info][gc,ergo     ] GC(184) Pacer for Evacuation. Used CSet: 199M, Free: 496M, Non-Taxable: 50800K, Alloc Tax Rate: 1.1x
[16.635s][info][gc          ] GC(184) Pause Final Mark (unload classes) 0.580ms
[16.635s][info][gc,start    ] GC(184) Concurrent thread roots
[16.635s][info][gc,task     ] GC(184) Using 3 of 6 workers for Concurrent thread roots
[16.635s][info][gc          ] GC(184) Concurrent thread roots 0.215ms
[16.635s][info][gc,start    ] GC(184) Concurrent weak references
[16.635s][info][gc,task     ] GC(184) Using 3 of 6 workers for concurrent weak references
[16.635s][info][gc,ref      ] GC(184) Encountered references: Soft: 47, Weak: 146, Final: 0, Phantom: 3
[16.636s][info][gc,ref      ] GC(184) Discovered  references: Soft: 0, Weak: 53, Final: 0, Phantom: 2
[16.636s][info][gc,ref      ] GC(184) Enqueued    references: Soft: 0, Weak: 0, Final: 0, Phantom: 0
[16.636s][info][gc          ] GC(184) Concurrent weak references 0.161ms
[16.636s][info][gc,start    ] GC(184) Concurrent weak roots
[16.636s][info][gc,task     ] GC(184) Using 3 of 6 workers for concurrent weak root
[16.636s][info][gc          ] GC(184) Concurrent weak roots 0.375ms
[16.636s][info][gc,start    ] GC(184) Concurrent cleanup
[16.636s][info][gc          ] GC(184) Concurrent cleanup 789M->480M(1024M) 0.118ms
[16.636s][info][gc,ergo     ] GC(184) Free: 481M, Max: 512K regular, 198M humongous, Frag: 59% external, 0% internal; Reserve: 52722K, Max: 512K
[16.636s][info][gc,start    ] GC(184) Concurrent class unloading
[16.636s][info][gc,task     ] GC(184) Using 3 of 6 workers for concurrent class unloading
[16.637s][info][gc          ] GC(184) Concurrent class unloading 0.715ms
[16.637s][info][gc,start    ] GC(184) Concurrent strong roots
[16.637s][info][gc,task     ] GC(184) Using 3 of 6 workers for concurrent strong root
[16.637s][info][gc          ] GC(184) Concurrent strong roots 0.134ms
[16.637s][info][gc,start    ] GC(184) Concurrent evacuation
[16.637s][info][gc,task     ] GC(184) Using 3 of 6 workers for concurrent evacuation
[16.651s][info][gc          ] GC(184) Concurrent evacuation 13.950ms
[16.651s][info][gc,start    ] GC(184) Pause Init Update Refs
[16.651s][info][gc,ergo     ] GC(184) Pacer for Update Refs. Used: 583M, Free: 421M, Non-Taxable: 43137K, Alloc Tax Rate: 1.7x
[16.651s][info][gc          ] GC(184) Pause Init Update Refs 0.025ms
[16.651s][info][gc,start    ] GC(184) Concurrent update references
[16.651s][info][gc,task     ] GC(184) Using 3 of 6 workers for concurrent reference update
[16.654s][info][gc          ] GC(184) Concurrent update references 2.677ms
[16.654s][info][gc,start    ] GC(184) Concurrent update thread roots
[16.654s][info][gc          ] GC(184) Concurrent update thread roots 0.368ms
[16.654s][info][gc,start    ] GC(184) Pause Final Update Refs
[16.655s][info][gc,task     ] GC(184) Using 6 of 6 workers for final reference update
[16.655s][info][gc          ] GC(184) Pause Final Update Refs 0.265ms
[16.655s][info][gc,start    ] GC(184) Concurrent cleanup
[16.655s][info][gc          ] GC(184) Concurrent cleanup 608M->409M(1024M) 0.056ms
[16.655s][info][gc,ergo     ] Free: 562M, Max: 512K regular, 167M humongous, Frag: 70% external, 38% internal; Reserve: 52736K, Max: 512K
[16.655s][info][gc,stats    ] 
[16.655s][info][gc,stats    ] All times are wall-clock times, except per-root-class counters, that are sum over
[16.655s][info][gc,stats    ] all workers. Dividing the <total> over the root stage time estimates parallelism.
[16.655s][info][gc,stats    ] 
[16.655s][info][gc,stats    ] Concurrent Reset                   2999 us
[16.655s][info][gc,stats    ] Pause Init Mark (G)                 486 us
[16.655s][info][gc,stats    ] Pause Init Mark (N)                 182 us
[16.655s][info][gc,stats    ]   Update Region States              135 us
[16.655s][info][gc,stats    ] Concurrent Mark Roots               296 us, parallelism: 0.84x
[16.655s][info][gc,stats    ]   CMR: <total>                      248 us
[16.655s][info][gc,stats    ]   CMR: Thread Roots                 184 us, workers (us):  51,  75,  58, ---, ---, ---, 
[16.655s][info][gc,stats    ]   CMR: VM Strong Roots                7 us, workers (us):   7,   0,   0, ---, ---, ---, 
[16.655s][info][gc,stats    ]   CMR: CLDG Roots                    57 us, workers (us):  57, ---, ---, ---, ---, ---, 
[16.655s][info][gc,stats    ] Concurrent Marking                 2434 us
[16.655s][info][gc,stats    ] Pause Final Mark (G)                843 us
[16.655s][info][gc,stats    ] Pause Final Mark (N)                584 us
[16.655s][info][gc,stats    ]   Finish Mark                       293 us
[16.655s][info][gc,stats    ]   Update Region States              153 us
[16.655s][info][gc,stats    ]   Choose Collection Set              84 us
[16.655s][info][gc,stats    ]   Rebuild Free Set                   16 us
[16.655s][info][gc,stats    ] Concurrent Thread Roots             228 us, parallelism: 0.58x
[16.655s][info][gc,stats    ]   CTR: <total>                      131 us
[16.655s][info][gc,stats    ]   CTR: Thread Roots                 131 us, workers (us):  75,  47,  10, ---, ---, ---, 
[16.655s][info][gc,stats    ] Concurrent Weak References          165 us, parallelism: 0.06x
[16.655s][info][gc,stats    ]   CWRF: <total>                       9 us
[16.655s][info][gc,stats    ]   CWRF: Weak References               9 us, workers (us):   9,   0,   0, ---, ---, ---, 
[16.655s][info][gc,stats    ] Concurrent Weak Roots               387 us
[16.655s][info][gc,stats    ]   Roots                             263 us, parallelism: 1.08x
[16.655s][info][gc,stats    ]     CWR: <total>                    285 us
[16.655s][info][gc,stats    ]     CWR: Code Cache Roots           240 us, workers (us): 106, 134,   0, ---, ---, ---, 
[16.655s][info][gc,stats    ]     CWR: VM Weak Roots               36 us, workers (us):  24,  11,   1, ---, ---, ---, 
[16.655s][info][gc,stats    ]     CWR: CLDG Roots                   8 us, workers (us):   8, ---, ---, ---, ---, ---, 
[16.655s][info][gc,stats    ]   Rendezvous                        102 us
[16.655s][info][gc,stats    ] Concurrent Cleanup                  123 us
[16.655s][info][gc,stats    ] Concurrent Class Unloading          732 us
[16.655s][info][gc,stats    ]   Unlink Stale                      508 us
[16.655s][info][gc,stats    ]     System Dictionary                 8 us
[16.655s][info][gc,stats    ]     Weak Class Links                  1 us
[16.655s][info][gc,stats    ]     Code Roots                      499 us
[16.655s][info][gc,stats    ]   Rendezvous                         64 us
[16.655s][info][gc,stats    ]   Purge Unlinked                    134 us
[16.655s][info][gc,stats    ]     Code Roots                      117 us
[16.655s][info][gc,stats    ]     CLDG                             16 us
[16.655s][info][gc,stats    ]     Exception Caches                  0 us
[16.655s][info][gc,stats    ] Concurrent Strong Roots             145 us, parallelism: 0.32x
[16.655s][info][gc,stats    ]   CSR: <total>                       46 us
[16.655s][info][gc,stats    ]   CSR: VM Strong Roots                4 us, workers (us):   4,   0,   0, ---, ---, ---, 
[16.655s][info][gc,stats    ]   CSR: CLDG Roots                    41 us, workers (us):  41, ---, ---, ---, ---, ---, 
[16.655s][info][gc,stats    ] Concurrent Evacuation             14023 us
[16.655s][info][gc,stats    ] Pause Init Update Refs (G)          336 us
[16.655s][info][gc,stats    ] Pause Init Update Refs (N)           29 us
[16.655s][info][gc,stats    ]   Manage GCLABs                       3 us
[16.655s][info][gc,stats    ] Concurrent Update Refs             2768 us
[16.655s][info][gc,stats    ] Concurrent Update Thread Roots      384 us
[16.655s][info][gc,stats    ] Pause Final Update Refs (G)         371 us
[16.655s][info][gc,stats    ] Pause Final Update Refs (N)         277 us
[16.655s][info][gc,stats    ]   Update Region States              191 us
[16.655s][info][gc,stats    ]   Trash Collection Set               10 us
[16.655s][info][gc,stats    ]   Rebuild Free Set                   23 us
[16.655s][info][gc,stats    ] Concurrent Cleanup                   62 us
[16.655s][info][gc,stats    ] 
[16.655s][info][gc,stats    ] Allocation pacing accrued:
[16.655s][info][gc,stats    ]       0 of    64 ms (  0.0%): <total>
[16.655s][info][gc,stats    ]       0 of    64 ms (  0.0%): <average total>
[16.655s][info][gc,stats    ] 
[16.655s][info][gc,metaspace] Metaspace: 6358K(6528K)->6358K(6528K) NonClass: 5812K(5888K)->5812K(5888K) Class: 546K(640K)->546K(640K)
[16.655s][info][gc,ergo     ] Pacer for Idle. Initial: 20971K, Alloc Tax Rate: 1.0x
[16.688s][info][gc          ] Trigger: Average GC time (34.10 ms) is above the time for average allocation rate (4551 MB/s) to deplete free headroom (137M) (margin of error = 1.85)
[16.689s][info][gc,ergo     ] Free headroom: 188M (free) - 52428K (spike) - 0B (penalties) = 137M
[16.689s][info][gc,ergo     ] Free: 187M, Max: 512K regular, 167M humongous, Frag: 10% external, 15% internal; Reserve: 52736K, Max: 512K
[16.689s][info][gc,start    ] GC(185) Concurrent reset
[16.689s][info][gc,task     ] GC(185) Using 3 of 6 workers for concurrent reset
[16.689s][info][gc,ergo     ] GC(185) Pacer for Reset. Non-Taxable: 1024M
[16.691s][info][gc          ] GC(185) Concurrent reset 2.712ms
[16.692s][info][gc,start    ] GC(185) Pause Init Mark (unload classes)
[16.692s][info][gc,task     ] GC(185) Using 6 of 6 workers for init marking
[16.692s][info][gc,ergo     ] GC(185) Pacer for Mark. Expected Live: 196M, Free: 177M, Non-Taxable: 18155K, Alloc Tax Rate: 1.4x
[16.692s][info][gc          ] GC(185) Pause Init Mark (unload classes) 0.194ms
[16.692s][info][gc,start    ] GC(185) Concurrent marking roots
[16.692s][info][gc,task     ] GC(185) Using 3 of 6 workers for concurrent marking roots
[16.692s][info][gc          ] GC(185) Concurrent marking roots 0.305ms
[16.692s][info][gc,start    ] GC(185) Concurrent marking (unload classes)
[16.692s][info][gc,task     ] GC(185) Using 3 of 6 workers for concurrent marking
[16.695s][info][gc          ] GC(185) Concurrent marking (unload classes) 2.368ms
[16.695s][info][gc,start    ] GC(185) Pause Final Mark (unload classes)
[16.695s][info][gc,task     ] GC(185) Using 6 of 6 workers for final marking
[16.695s][info][gc,ergo     ] GC(185) Adaptive CSet Selection. Target Free: 145M, Actual Free: 535M, Max CSet: 43690K, Min Garbage: 0B
[16.695s][info][gc,ergo     ] GC(185) Collectable Garbage: 488M (83%), Immediate: 327M (56%), CSet: 161M (27%)
[16.695s][info][gc,ergo     ] GC(185) Pacer for Evacuation. Used CSet: 203M, Free: 497M, Non-Taxable: 50921K, Alloc Tax Rate: 1.1x
[16.695s][info][gc          ] GC(185) Pause Final Mark (unload classes) 0.451ms
[16.695s][info][gc,start    ] GC(185) Concurrent thread roots
[16.696s][info][gc,task     ] GC(185) Using 3 of 6 workers for Concurrent thread roots
[16.696s][info][gc          ] GC(185) Concurrent thread roots 0.183ms
[16.696s][info][gc,start    ] GC(185) Concurrent weak references
[16.696s][info][gc,task     ] GC(185) Using 3 of 6 workers for concurrent weak references
[16.696s][info][gc,ref      ] GC(185) Encountered references: Soft: 47, Weak: 146, Final: 0, Phantom: 3
[16.696s][info][gc,ref      ] GC(185) Discovered  references: Soft: 0, Weak: 53, Final: 0, Phantom: 2
[16.696s][info][gc,ref      ] GC(185) Enqueued    references: Soft: 0, Weak: 0, Final: 0, Phantom: 0
[16.696s][info][gc          ] GC(185) Concurrent weak references 0.111ms
[16.696s][info][gc,start    ] GC(185) Concurrent weak roots
[16.696s][info][gc,task     ] GC(185) Using 3 of 6 workers for concurrent weak root
[16.696s][info][gc          ] GC(185) Concurrent weak roots 0.463ms
[16.696s][info][gc,start    ] GC(185) Concurrent cleanup
[16.696s][info][gc          ] GC(185) Concurrent cleanup 803M->477M(1024M) 0.165ms
[16.696s][info][gc,ergo     ] GC(185) Free: 484M, Max: 512K regular, 184M humongous, Frag: 63% external, 0% internal; Reserve: 52736K, Max: 512K
[16.696s][info][gc,start    ] GC(185) Concurrent class unloading
[16.696s][info][gc,task     ] GC(185) Using 3 of 6 workers for concurrent class unloading
[16.698s][info][gc          ] GC(185) Concurrent class unloading 1.312ms
[16.698s][info][gc,start    ] GC(185) Concurrent strong roots
[16.698s][info][gc,task     ] GC(185) Using 3 of 6 workers for concurrent strong root
[16.698s][info][gc          ] GC(185) Concurrent strong roots 0.209ms
[16.698s][info][gc,start    ] GC(185) Concurrent evacuation
[16.698s][info][gc,task     ] GC(185) Using 3 of 6 workers for concurrent evacuation
[16.714s][info][gc          ] GC(185) Concurrent evacuation 15.635ms
[16.714s][info][gc,start    ] GC(185) Pause Init Update Refs
[16.714s][info][gc,ergo     ] GC(185) Pacer for Update Refs. Used: 589M, Free: 414M, Non-Taxable: 42491K, Alloc Tax Rate: 1.7x
[16.714s][info][gc          ] GC(185) Pause Init Update Refs 0.031ms
[16.714s][info][gc,start    ] GC(185) Concurrent update references
[16.714s][info][gc,task     ] GC(185) Using 3 of 6 workers for concurrent reference update
[16.717s][info][gc          ] GC(185) Concurrent update references 2.623ms
[16.717s][info][gc,start    ] GC(185) Concurrent update thread roots
[16.717s][info][gc          ] GC(185) Concurrent update thread roots 0.410ms
[16.717s][info][gc,start    ] GC(185) Pause Final Update Refs
[16.717s][info][gc,task     ] GC(185) Using 6 of 6 workers for final reference update
[16.718s][info][gc          ] GC(185) Pause Final Update Refs 0.241ms
[16.718s][info][gc,start    ] GC(185) Concurrent cleanup
[16.718s][info][gc          ] GC(185) Concurrent cleanup 616M->414M(1024M) 0.075ms
[16.718s][info][gc,ergo     ] Free: 557M, Max: 512K regular, 151M humongous, Frag: 73% external, 38% internal; Reserve: 52736K, Max: 512K
[16.718s][info][gc,stats    ] 
[16.718s][info][gc,stats    ] All times are wall-clock times, except per-root-class counters, that are sum over
[16.718s][info][gc,stats    ] all workers. Dividing the <total> over the root stage time estimates parallelism.
[16.718s][info][gc,stats    ] 
[16.718s][info][gc,stats    ] Concurrent Reset                   2850 us
[16.718s][info][gc,stats    ] Pause Init Mark (G)                 594 us
[16.718s][info][gc,stats    ] Pause Init Mark (N)                 199 us
[16.718s][info][gc,stats    ]   Update Region States              139 us
[16.718s][info][gc,stats    ] Concurrent Mark Roots               317 us, parallelism: 1.01x
[16.718s][info][gc,stats    ]   CMR: <total>                      318 us
[16.718s][info][gc,stats    ]   CMR: Thread Roots                 239 us, workers (us):  65,  87,  87, ---, ---, ---, 
[16.718s][info][gc,stats    ]   CMR: VM Strong Roots               12 us, workers (us):   6,   6,   0, ---, ---, ---, 
[16.718s][info][gc,stats    ]   CMR: CLDG Roots                    67 us, workers (us):  67, ---, ---, ---, ---, ---, 
[16.718s][info][gc,stats    ] Concurrent Marking                 2447 us
[16.718s][info][gc,stats    ] Pause Final Mark (G)                674 us
[16.718s][info][gc,stats    ] Pause Final Mark (N)                456 us
[16.718s][info][gc,stats    ]   Finish Mark                       234 us
[16.718s][info][gc,stats    ]   Update Region States               79 us
[16.718s][info][gc,stats    ]   Choose Collection Set              89 us
[16.718s][info][gc,stats    ]   Rebuild Free Set                   16 us
[16.718s][info][gc,stats    ] Concurrent Thread Roots             197 us, parallelism: 1.06x
[16.718s][info][gc,stats    ]   CTR: <total>                      209 us
[16.718s][info][gc,stats    ]   CTR: Thread Roots                 209 us, workers (us):  97,  55,  56, ---, ---, ---, 
[16.718s][info][gc,stats    ] Concurrent Weak References          115 us, parallelism: 0.12x
[16.718s][info][gc,stats    ]   CWRF: <total>                      14 us
[16.718s][info][gc,stats    ]   CWRF: Weak References              14 us, workers (us):  14,   1,   0, ---, ---, ---, 
[16.718s][info][gc,stats    ] Concurrent Weak Roots               477 us
[16.718s][info][gc,stats    ]   Roots                             350 us, parallelism: 1.00x
[16.718s][info][gc,stats    ]     CWR: <total>                    349 us
[16.718s][info][gc,stats    ]     CWR: Code Cache Roots           301 us, workers (us): 117, 184,   0, ---, ---, ---, 
[16.718s][info][gc,stats    ]     CWR: VM Weak Roots               38 us, workers (us):  35,   2,   1, ---, ---, ---, 
[16.718s][info][gc,stats    ]     CWR: CLDG Roots                  10 us, workers (us):  10, ---, ---, ---, ---, ---, 
[16.718s][info][gc,stats    ]   Rendezvous                        103 us
[16.718s][info][gc,stats    ] Concurrent Cleanup                  171 us
[16.718s][info][gc,stats    ] Concurrent Class Unloading         1395 us
[16.718s][info][gc,stats    ]   Unlink Stale                      874 us
[16.718s][info][gc,stats    ]     System Dictionary                 8 us
[16.718s][info][gc,stats    ]     Weak Class Links                  1 us
[16.718s][info][gc,stats    ]     Code Roots                      863 us
[16.718s][info][gc,stats    ]   Rendezvous                        153 us
[16.718s][info][gc,stats    ]   Purge Unlinked                    252 us
[16.718s][info][gc,stats    ]     Code Roots                      226 us
[16.718s][info][gc,stats    ]     CLDG                             25 us
[16.718s][info][gc,stats    ]     Exception Caches                  1 us
[16.718s][info][gc,stats    ] Concurrent Strong Roots             226 us, parallelism: 0.19x
[16.718s][info][gc,stats    ]   CSR: <total>                       43 us
[16.718s][info][gc,stats    ]   CSR: VM Strong Roots                4 us, workers (us):   4,   0,   0, ---, ---, ---, 
[16.718s][info][gc,stats    ]   CSR: CLDG Roots                    39 us, workers (us):  39, ---, ---, ---, ---, ---, 
[16.718s][info][gc,stats    ] Concurrent Evacuation             15722 us
[16.718s][info][gc,stats    ] Pause Init Update Refs (G)          293 us
[16.718s][info][gc,stats    ] Pause Init Update Refs (N)           36 us
[16.718s][info][gc,stats    ]   Manage GCLABs                       3 us
[16.718s][info][gc,stats    ] Concurrent Update Refs             2703 us
[16.718s][info][gc,stats    ] Concurrent Update Thread Roots      427 us
[16.718s][info][gc,stats    ] Pause Final Update Refs (G)         479 us
[16.718s][info][gc,stats    ] Pause Final Update Refs (N)         254 us
[16.718s][info][gc,stats    ]   Update Region States              186 us
[16.718s][info][gc,stats    ]   Trash Collection Set               10 us
[16.718s][info][gc,stats    ]   Rebuild Free Set                   22 us
[16.718s][info][gc,stats    ] Concurrent Cleanup                   82 us
[16.718s][info][gc,stats    ] 
[16.718s][info][gc,stats    ] Allocation pacing accrued:
[16.718s][info][gc,stats    ]       0 of    63 ms (  0.0%): <total>
[16.718s][info][gc,stats    ]       0 of    63 ms (  0.0%): <average total>
[16.718s][info][gc,stats    ] 
[16.718s][info][gc,metaspace] Metaspace: 6358K(6528K)->6358K(6528K) NonClass: 5812K(5888K)->5812K(5888K) Class: 546K(640K)->546K(640K)
[16.718s][info][gc,ergo     ] Pacer for Idle. Initial: 20971K, Alloc Tax Rate: 1.0x
[16.755s][info][gc          ] Trigger: Average GC time (33.03 ms) is above the time for average allocation rate (4552 MB/s) to deplete free headroom (148M) (margin of error = 1.86)
[16.756s][info][gc,ergo     ] Free headroom: 199M (free) - 52428K (spike) - 0B (penalties) = 148M
[16.756s][info][gc,ergo     ] Free: 199M, Max: 512K regular, 151M humongous, Frag: 24% external, 25% internal; Reserve: 52736K, Max: 512K
[16.756s][info][gc,start    ] GC(186) Concurrent reset
[16.756s][info][gc,task     ] GC(186) Using 3 of 6 workers for concurrent reset
[16.756s][info][gc,ergo     ] GC(186) Pacer for Reset. Non-Taxable: 1024M
[16.759s][info][gc          ] GC(186) Concurrent reset 3.621ms
[16.760s][info][gc,start    ] GC(186) Pause Init Mark (unload classes)
[16.760s][info][gc,task     ] GC(186) Using 6 of 6 workers for init marking
[16.760s][info][gc,ergo     ] GC(186) Pacer for Mark. Expected Live: 196M, Free: 186M, Non-Taxable: 19070K, Alloc Tax Rate: 1.3x
[16.760s][info][gc          ] GC(186) Pause Init Mark (unload classes) 0.243ms
[16.760s][info][gc,start    ] GC(186) Concurrent marking roots
[16.760s][info][gc,task     ] GC(186) Using 3 of 6 workers for concurrent marking roots
[16.760s][info][gc          ] GC(186) Concurrent marking roots 0.356ms
[16.760s][info][gc,start    ] GC(186) Concurrent marking (unload classes)
[16.760s][info][gc,task     ] GC(186) Using 3 of 6 workers for concurrent marking
[16.763s][info][gc          ] GC(186) Concurrent marking (unload classes) 2.362ms
[16.763s][info][gc,start    ] GC(186) Pause Final Mark (unload classes)
[16.763s][info][gc,task     ] GC(186) Using 6 of 6 workers for final marking
[16.764s][info][gc,ergo     ] GC(186) Adaptive CSet Selection. Target Free: 145M, Actual Free: 528M, Max CSet: 43690K, Min Garbage: 0B
[16.764s][info][gc,ergo     ] GC(186) Collectable Garbage: 480M (83%), Immediate: 318M (55%), CSet: 162M (28%)
[16.764s][info][gc,ergo     ] GC(186) Pacer for Evacuation. Used CSet: 204M, Free: 489M, Non-Taxable: 50175K, Alloc Tax Rate: 1.1x
[16.764s][info][gc          ] GC(186) Pause Final Mark (unload classes) 0.609ms
[16.764s][info][gc,start    ] GC(186) Concurrent thread roots
[16.764s][info][gc,task     ] GC(186) Using 3 of 6 workers for Concurrent thread roots
[16.764s][info][gc          ] GC(186) Concurrent thread roots 0.209ms
[16.764s][info][gc,start    ] GC(186) Concurrent weak references
[16.764s][info][gc,task     ] GC(186) Using 3 of 6 workers for concurrent weak references
[16.764s][info][gc,ref      ] GC(186) Encountered references: Soft: 47, Weak: 146, Final: 0, Phantom: 3
[16.764s][info][gc,ref      ] GC(186) Discovered  references: Soft: 0, Weak: 48, Final: 0, Phantom: 2
[16.764s][info][gc,ref      ] GC(186) Enqueued    references: Soft: 0, Weak: 0, Final: 0, Phantom: 0
[16.764s][info][gc          ] GC(186) Concurrent weak references 0.119ms
[16.764s][info][gc,start    ] GC(186) Concurrent weak roots
[16.764s][info][gc,task     ] GC(186) Using 3 of 6 workers for concurrent weak root
[16.764s][info][gc          ] GC(186) Concurrent weak roots 0.316ms
[16.764s][info][gc,start    ] GC(186) Concurrent cleanup
[16.764s][info][gc          ] GC(186) Concurrent cleanup 802M->484M(1024M) 0.111ms
[16.764s][info][gc,ergo     ] GC(186) Free: 476M, Max: 512K regular, 177M humongous, Frag: 63% external, 0% internal; Reserve: 52722K, Max: 512K
[16.765s][info][gc,start    ] GC(186) Concurrent class unloading
[16.765s][info][gc,task     ] GC(186) Using 3 of 6 workers for concurrent class unloading
[16.765s][info][gc          ] GC(186) Concurrent class unloading 0.889ms
[16.765s][info][gc,start    ] GC(186) Concurrent strong roots
[16.765s][info][gc,task     ] GC(186) Using 3 of 6 workers for concurrent strong root
[16.766s][info][gc          ] GC(186) Concurrent strong roots 0.162ms
[16.766s][info][gc,start    ] GC(186) Concurrent evacuation
[16.766s][info][gc,task     ] GC(186) Using 3 of 6 workers for concurrent evacuation
[16.781s][info][gc          ] GC(186) Concurrent evacuation 15.630ms
[16.782s][info][gc,start    ] GC(186) Pause Init Update Refs
[16.782s][info][gc,ergo     ] GC(186) Pacer for Update Refs. Used: 583M, Free: 421M, Non-Taxable: 43160K, Alloc Tax Rate: 1.7x
[16.782s][info][gc          ] GC(186) Pause Init Update Refs 0.067ms
[16.782s][info][gc,start    ] GC(186) Concurrent update references
[16.782s][info][gc,task     ] GC(186) Using 3 of 6 workers for concurrent reference update
[16.786s][info][gc          ] GC(186) Concurrent update references 3.568ms
[16.786s][info][gc,start    ] GC(186) Concurrent update thread roots
[16.786s][info][gc          ] GC(186) Concurrent update thread roots 0.476ms
[16.786s][info][gc,start    ] GC(186) Pause Final Update Refs
[16.786s][info][gc,task     ] GC(186) Using 6 of 6 workers for final reference update
[16.787s][info][gc          ] GC(186) Pause Final Update Refs 0.309ms
[16.787s][info][gc,start    ] GC(186) Concurrent cleanup
[16.787s][info][gc          ] GC(186) Concurrent cleanup 608M->404M(1024M) 0.079ms
[16.787s][info][gc,ergo     ] Free: 568M, Max: 512K regular, 154M humongous, Frag: 73% external, 37% internal; Reserve: 52736K, Max: 512K
[16.787s][info][gc,stats    ] 
[16.787s][info][gc,stats    ] All times are wall-clock times, except per-root-class counters, that are sum over
[16.787s][info][gc,stats    ] all workers. Dividing the <total> over the root stage time estimates parallelism.
[16.787s][info][gc,stats    ] 
[16.787s][info][gc,stats    ] Concurrent Reset                   3778 us
[16.787s][info][gc,stats    ] Pause Init Mark (G)                 573 us
[16.787s][info][gc,stats    ] Pause Init Mark (N)                 248 us
[16.787s][info][gc,stats    ]   Update Region States              184 us
[16.787s][info][gc,stats    ] Concurrent Mark Roots               370 us, parallelism: 0.71x
[16.787s][info][gc,stats    ]   CMR: <total>                      262 us
[16.787s][info][gc,stats    ]   CMR: Thread Roots                 179 us, workers (us):  12, 105,  62, ---, ---, ---, 
[16.787s][info][gc,stats    ]   CMR: VM Strong Roots                8 us, workers (us):   7,   0,   1, ---, ---, ---, 
[16.787s][info][gc,stats    ]   CMR: CLDG Roots                    75 us, workers (us):  75, ---, ---, ---, ---, ---, 
[16.787s][info][gc,stats    ] Concurrent Marking                 2450 us
[16.787s][info][gc,stats    ] Pause Final Mark (G)                868 us
[16.787s][info][gc,stats    ] Pause Final Mark (N)                613 us
[16.787s][info][gc,stats    ]   Finish Mark                       364 us
[16.787s][info][gc,stats    ]   Update Region States              113 us
[16.787s][info][gc,stats    ]   Choose Collection Set              77 us
[16.787s][info][gc,stats    ]   Rebuild Free Set                   17 us
[16.787s][info][gc,stats    ] Concurrent Thread Roots             222 us, parallelism: 0.55x
[16.787s][info][gc,stats    ]   CTR: <total>                      123 us
[16.787s][info][gc,stats    ]   CTR: Thread Roots                 123 us, workers (us):  77,  41,   6, ---, ---, ---, 
[16.787s][info][gc,stats    ] Concurrent Weak References          123 us, parallelism: 0.09x
[16.787s][info][gc,stats    ]   CWRF: <total>                      11 us
[16.787s][info][gc,stats    ]   CWRF: Weak References              11 us, workers (us):  10,   1,   0, ---, ---, ---, 
[16.787s][info][gc,stats    ] Concurrent Weak Roots               325 us
[16.787s][info][gc,stats    ]   Roots                             246 us, parallelism: 1.11x
[16.787s][info][gc,stats    ]     CWR: <total>                    275 us
[16.787s][info][gc,stats    ]     CWR: Code Cache Roots           223 us, workers (us): 124,   0,  99, ---, ---, ---, 
[16.787s][info][gc,stats    ]     CWR: VM Weak Roots               42 us, workers (us):  21,  20,   1, ---, ---, ---, 
[16.787s][info][gc,stats    ]     CWR: CLDG Roots                  10 us, workers (us): ---,  10, ---, ---, ---, ---, 
[16.787s][info][gc,stats    ]   Rendezvous                         62 us
[16.787s][info][gc,stats    ] Concurrent Cleanup                  116 us
[16.787s][info][gc,stats    ] Concurrent Class Unloading          941 us
[16.787s][info][gc,stats    ]   Unlink Stale                      534 us
[16.787s][info][gc,stats    ]     System Dictionary                 7 us
[16.787s][info][gc,stats    ]     Weak Class Links                  0 us
[16.787s][info][gc,stats    ]     Code Roots                      526 us
[16.787s][info][gc,stats    ]   Rendezvous                        176 us
[16.787s][info][gc,stats    ]   Purge Unlinked                    169 us
[16.787s][info][gc,stats    ]     Code Roots                      138 us
[16.787s][info][gc,stats    ]     CLDG                             30 us
[16.787s][info][gc,stats    ]     Exception Caches                  1 us
[16.787s][info][gc,stats    ] Concurrent Strong Roots             174 us, parallelism: 0.42x
[16.787s][info][gc,stats    ]   CSR: <total>                       74 us
[16.787s][info][gc,stats    ]   CSR: VM Strong Roots                7 us, workers (us):   6,   0,   0, ---, ---, ---, 
[16.787s][info][gc,stats    ]   CSR: CLDG Roots                    68 us, workers (us):  68, ---, ---, ---, ---, ---, 
[16.787s][info][gc,stats    ] Concurrent Evacuation             15856 us
[16.787s][info][gc,stats    ] Pause Init Update Refs (G)          512 us
[16.787s][info][gc,stats    ] Pause Init Update Refs (N)           76 us
[16.787s][info][gc,stats    ]   Manage GCLABs                      10 us
[16.787s][info][gc,stats    ] Concurrent Update Refs             3733 us
[16.787s][info][gc,stats    ] Concurrent Update Thread Roots      498 us
[16.787s][info][gc,stats    ] Pause Final Update Refs (G)         605 us
[16.787s][info][gc,stats    ] Pause Final Update Refs (N)         324 us
[16.787s][info][gc,stats    ]   Update Region States              226 us
[16.787s][info][gc,stats    ]   Trash Collection Set               17 us
[16.787s][info][gc,stats    ]   Rebuild Free Set                   36 us
[16.787s][info][gc,stats    ] Concurrent Cleanup                   87 us
[16.787s][info][gc,stats    ] 
[16.787s][info][gc,stats    ] Allocation pacing accrued:
[16.787s][info][gc,stats    ]       0 of    69 ms (  0.0%): <total>
[16.787s][info][gc,stats    ]       0 of    69 ms (  0.0%): <average total>
[16.787s][info][gc,stats    ] 
[16.787s][info][gc,metaspace] Metaspace: 6358K(6528K)->6358K(6528K) NonClass: 5812K(5888K)->5812K(5888K) Class: 546K(640K)->546K(640K)
[16.787s][info][gc,ergo     ] Pacer for Idle. Initial: 20971K, Alloc Tax Rate: 1.0x
[16.816s][info][gc          ] Trigger: Average GC time (33.90 ms) is above the time for average allocation rate (4552 MB/s) to deplete free headroom (150M) (margin of error = 1.86)
[16.816s][info][gc,ergo     ] Free headroom: 201M (free) - 52428K (spike) - 0B (penalties) = 150M
[16.816s][info][gc,ergo     ] Free: 200M, Max: 512K regular, 154M humongous, Frag: 23% external, 15% internal; Reserve: 52736K, Max: 512K
[16.816s][info][gc,start    ] GC(187) Concurrent reset
[16.816s][info][gc,task     ] GC(187) Using 3 of 6 workers for concurrent reset
[16.816s][info][gc,ergo     ] GC(187) Pacer for Reset. Non-Taxable: 1024M
[16.818s][info][gc          ] GC(187) Concurrent reset 1.999ms
[16.818s][info][gc,start    ] GC(187) Pause Init Mark (unload classes)
[16.818s][info][gc,task     ] GC(187) Using 6 of 6 workers for init marking
[16.818s][info][gc,ergo     ] GC(187) Pacer for Mark. Expected Live: 196M, Free: 188M, Non-Taxable: 19256K, Alloc Tax Rate: 1.3x
[16.818s][info][gc          ] GC(187) Pause Init Mark (unload classes) 0.126ms
[16.818s][info][gc,start    ] GC(187) Concurrent marking roots
[16.818s][info][gc,task     ] GC(187) Using 3 of 6 workers for concurrent marking roots
[16.818s][info][gc          ] GC(187) Concurrent marking roots 0.234ms
[16.818s][info][gc,start    ] GC(187) Concurrent marking (unload classes)
[16.818s][info][gc,task     ] GC(187) Using 3 of 6 workers for concurrent marking
[16.821s][info][gc          ] GC(187) Concurrent marking (unload classes) 2.215ms
[16.821s][info][gc,start    ] GC(187) Pause Final Mark (unload classes)
[16.821s][info][gc,task     ] GC(187) Using 6 of 6 workers for final marking
[16.821s][info][gc,ergo     ] GC(187) Adaptive CSet Selection. Target Free: 145M, Actual Free: 536M, Max CSet: 43690K, Min Garbage: 0B
[16.821s][info][gc,ergo     ] GC(187) Collectable Garbage: 477M (83%), Immediate: 318M (55%), CSet: 158M (27%)
[16.821s][info][gc,ergo     ] GC(187) Pacer for Evacuation. Used CSet: 201M, Free: 497M, Non-Taxable: 50989K, Alloc Tax Rate: 1.1x
[16.821s][info][gc          ] GC(187) Pause Final Mark (unload classes) 0.608ms
[16.822s][info][gc,start    ] GC(187) Concurrent thread roots
[16.822s][info][gc,task     ] GC(187) Using 3 of 6 workers for Concurrent thread roots
[16.822s][info][gc          ] GC(187) Concurrent thread roots 0.258ms
[16.822s][info][gc,start    ] GC(187) Concurrent weak references
[16.822s][info][gc,task     ] GC(187) Using 3 of 6 workers for concurrent weak references
[16.822s][info][gc,ref      ] GC(187) Encountered references: Soft: 47, Weak: 146, Final: 0, Phantom: 3
[16.822s][info][gc,ref      ] GC(187) Discovered  references: Soft: 0, Weak: 57, Final: 0, Phantom: 2
[16.822s][info][gc,ref      ] GC(187) Enqueued    references: Soft: 0, Weak: 0, Final: 0, Phantom: 0
[16.822s][info][gc          ] GC(187) Concurrent weak references 0.079ms
[16.822s][info][gc,start    ] GC(187) Concurrent weak roots
[16.822s][info][gc,task     ] GC(187) Using 3 of 6 workers for concurrent weak root
[16.822s][info][gc          ] GC(187) Concurrent weak roots 0.480ms
[16.822s][info][gc,start    ] GC(187) Concurrent cleanup
[16.823s][info][gc          ] GC(187) Concurrent cleanup 793M->475M(1024M) 0.162ms
[16.823s][info][gc,ergo     ] GC(187) Free: 486M, Max: 512K regular, 189M humongous, Frag: 62% external, 0% internal; Reserve: 52722K, Max: 512K
[16.823s][info][gc,start    ] GC(187) Concurrent class unloading
[16.823s][info][gc,task     ] GC(187) Using 3 of 6 workers for concurrent class unloading
[16.824s][info][gc          ] GC(187) Concurrent class unloading 1.129ms
[16.824s][info][gc,start    ] GC(187) Concurrent strong roots
[16.824s][info][gc,task     ] GC(187) Using 3 of 6 workers for concurrent strong root
[16.824s][info][gc          ] GC(187) Concurrent strong roots 0.185ms
[16.824s][info][gc,start    ] GC(187) Concurrent evacuation
[16.824s][info][gc,task     ] GC(187) Using 3 of 6 workers for concurrent evacuation
[16.839s][info][gc          ] GC(187) Concurrent evacuation 14.653ms
[16.839s][info][gc,start    ] GC(187) Pause Init Update Refs
[16.839s][info][gc,ergo     ] GC(187) Pacer for Update Refs. Used: 588M, Free: 416M, Non-Taxable: 42666K, Alloc Tax Rate: 1.7x
[16.839s][info][gc          ] GC(187) Pause Init Update Refs 0.053ms
[16.839s][info][gc,start    ] GC(187) Concurrent update references
[16.839s][info][gc,task     ] GC(187) Using 3 of 6 workers for concurrent reference update
[16.842s][info][gc          ] GC(187) Concurrent update references 2.913ms
[16.842s][info][gc,start    ] GC(187) Concurrent update thread roots
[16.843s][info][gc          ] GC(187) Concurrent update thread roots 0.406ms
[16.843s][info][gc,start    ] GC(187) Pause Final Update Refs
[16.843s][info][gc,task     ] GC(187) Using 6 of 6 workers for final reference update
[16.843s][info][gc          ] GC(187) Pause Final Update Refs 0.331ms
[16.843s][info][gc,start    ] GC(187) Concurrent cleanup
[16.843s][info][gc          ] GC(187) Concurrent cleanup 610M->410M(1024M) 0.080ms
[16.843s][info][gc,ergo     ] Free: 561M, Max: 512K regular, 162M humongous, Frag: 71% external, 38% internal; Reserve: 52736K, Max: 512K
[16.843s][info][gc,stats    ] 
[16.843s][info][gc,stats    ] All times are wall-clock times, except per-root-class counters, that are sum over
[16.843s][info][gc,stats    ] all workers. Dividing the <total> over the root stage time estimates parallelism.
[16.843s][info][gc,stats    ] 
[16.843s][info][gc,stats    ] Concurrent Reset                   2071 us
[16.843s][info][gc,stats    ] Pause Init Mark (G)                 412 us
[16.843s][info][gc,stats    ] Pause Init Mark (N)                 131 us
[16.843s][info][gc,stats    ]   Update Region States               82 us
[16.843s][info][gc,stats    ] Concurrent Mark Roots               247 us, parallelism: 0.78x
[16.843s][info][gc,stats    ]   CMR: <total>                      193 us
[16.843s][info][gc,stats    ]   CMR: Thread Roots                 148 us, workers (us):  42,  54,  52, ---, ---, ---, 
[16.843s][info][gc,stats    ]   CMR: VM Strong Roots                6 us, workers (us):   5,   0,   0, ---, ---, ---, 
[16.843s][info][gc,stats    ]   CMR: CLDG Roots                    39 us, workers (us):  39, ---, ---, ---, ---, ---, 
[16.843s][info][gc,stats    ] Concurrent Marking                 2288 us
[16.843s][info][gc,stats    ] Pause Final Mark (G)                803 us
[16.843s][info][gc,stats    ] Pause Final Mark (N)                612 us
[16.843s][info][gc,stats    ]   Finish Mark                       318 us
[16.843s][info][gc,stats    ]   Update Region States              156 us
[16.843s][info][gc,stats    ]   Choose Collection Set              82 us
[16.843s][info][gc,stats    ]   Rebuild Free Set                   18 us
[16.843s][info][gc,stats    ] Concurrent Thread Roots             273 us, parallelism: 0.79x
[16.843s][info][gc,stats    ]   CTR: <total>                      215 us
[16.843s][info][gc,stats    ]   CTR: Thread Roots                 215 us, workers (us):  81,  60,  74, ---, ---, ---, 
[16.844s][info][gc,stats    ] Concurrent Weak References          109 us, parallelism: 0.14x
[16.844s][info][gc,stats    ]   CWRF: <total>                      15 us
[16.844s][info][gc,stats    ]   CWRF: Weak References              15 us, workers (us):  15,   0,   0, ---, ---, ---, 
[16.844s][info][gc,stats    ] Concurrent Weak Roots               504 us
[16.844s][info][gc,stats    ]   Roots                             344 us, parallelism: 1.26x
[16.844s][info][gc,stats    ]     CWR: <total>                    434 us
[16.844s][info][gc,stats    ]     CWR: Code Cache Roots           363 us, workers (us): 170,   0, 193, ---, ---, ---, 
[16.844s][info][gc,stats    ]     CWR: VM Weak Roots               51 us, workers (us):  29,  14,   8, ---, ---, ---, 
[16.844s][info][gc,stats    ]     CWR: CLDG Roots                  20 us, workers (us): ---,  20, ---, ---, ---, ---, 
[16.844s][info][gc,stats    ]   Rendezvous                        126 us
[16.844s][info][gc,stats    ] Concurrent Cleanup                  168 us
[16.844s][info][gc,stats    ] Concurrent Class Unloading         1207 us
[16.844s][info][gc,stats    ]   Unlink Stale                      770 us
[16.844s][info][gc,stats    ]     System Dictionary                13 us
[16.844s][info][gc,stats    ]     Weak Class Links                  1 us
[16.844s][info][gc,stats    ]     Code Roots                      754 us
[16.844s][info][gc,stats    ]   Rendezvous                        132 us
[16.844s][info][gc,stats    ]   Purge Unlinked                    212 us
[16.844s][info][gc,stats    ]     Code Roots                      190 us
[16.844s][info][gc,stats    ]     CLDG                             22 us
[16.844s][info][gc,stats    ]     Exception Caches                  0 us
[16.844s][info][gc,stats    ] Concurrent Strong Roots             215 us, parallelism: 0.25x
[16.844s][info][gc,stats    ]   CSR: <total>                       54 us
[16.844s][info][gc,stats    ]   CSR: VM Strong Roots                6 us, workers (us):   6,   0,   0, ---, ---, ---, 
[16.844s][info][gc,stats    ]   CSR: CLDG Roots                    48 us, workers (us):  48, ---, ---, ---, ---, ---, 
[16.844s][info][gc,stats    ] Concurrent Evacuation             14724 us
[16.844s][info][gc,stats    ] Pause Init Update Refs (G)          406 us
[16.844s][info][gc,stats    ] Pause Init Update Refs (N)           64 us
[16.844s][info][gc,stats    ]   Manage GCLABs                       8 us
[16.844s][info][gc,stats    ] Concurrent Update Refs             2996 us
[16.844s][info][gc,stats    ] Concurrent Update Thread Roots      431 us
[16.844s][info][gc,stats    ] Pause Final Update Refs (G)         650 us
[16.844s][info][gc,stats    ] Pause Final Update Refs (N)         345 us
[16.844s][info][gc,stats    ]   Update Region States              265 us
[16.844s][info][gc,stats    ]   Trash Collection Set               11 us
[16.844s][info][gc,stats    ]   Rebuild Free Set                   30 us
[16.844s][info][gc,stats    ] Concurrent Cleanup                   88 us
[16.844s][info][gc,stats    ] 
[16.844s][info][gc,stats    ] Allocation pacing accrued:
[16.844s][info][gc,stats    ]       0 of    56 ms (  0.0%): <total>
[16.844s][info][gc,stats    ]       0 of    56 ms (  0.0%): <average total>
[16.844s][info][gc,stats    ] 
[16.844s][info][gc,metaspace] Metaspace: 6358K(6528K)->6358K(6528K) NonClass: 5812K(5888K)->5812K(5888K) Class: 546K(640K)->546K(640K)
[16.844s][info][gc,ergo     ] Pacer for Idle. Initial: 20971K, Alloc Tax Rate: 1.0x
[16.873s][info][gc          ] Trigger: Average GC time (32.37 ms) is above the time for average allocation rate (4552 MB/s) to deplete free headroom (136M) (margin of error = 1.87)
[16.873s][info][gc,ergo     ] Free headroom: 187M (free) - 52428K (spike) - 0B (penalties) = 136M
[16.873s][info][gc,ergo     ] Free: 186M, Max: 512K regular, 162M humongous, Frag: 13% external, 9% internal; Reserve: 52736K, Max: 512K
[16.873s][info][gc,start    ] GC(188) Concurrent reset
[16.873s][info][gc,task     ] GC(188) Using 3 of 6 workers for concurrent reset
[16.873s][info][gc,ergo     ] GC(188) Pacer for Reset. Non-Taxable: 1024M
[16.875s][info][gc          ] GC(188) Concurrent reset 2.007ms
[16.875s][info][gc,start    ] GC(188) Pause Init Mark (unload classes)
[16.876s][info][gc,task     ] GC(188) Using 6 of 6 workers for init marking
[16.876s][info][gc,ergo     ] GC(188) Pacer for Mark. Expected Live: 196M, Free: 176M, Non-Taxable: 18056K, Alloc Tax Rate: 1.4x
[16.876s][info][gc          ] GC(188) Pause Init Mark (unload classes) 0.127ms
[16.876s][info][gc,start    ] GC(188) Concurrent marking roots
[16.876s][info][gc,task     ] GC(188) Using 3 of 6 workers for concurrent marking roots
[16.876s][info][gc          ] GC(188) Concurrent marking roots 0.264ms
[16.876s][info][gc,start    ] GC(188) Concurrent marking (unload classes)
[16.876s][info][gc,task     ] GC(188) Using 3 of 6 workers for concurrent marking
[16.878s][info][gc          ] GC(188) Concurrent marking (unload classes) 2.345ms
[16.878s][info][gc,start    ] GC(188) Pause Final Mark (unload classes)
[16.878s][info][gc,task     ] GC(188) Using 6 of 6 workers for final marking
[16.879s][info][gc,ergo     ] GC(188) Adaptive CSet Selection. Target Free: 145M, Actual Free: 530M, Max CSet: 43690K, Min Garbage: 0B
[16.879s][info][gc,ergo     ] GC(188) Collectable Garbage: 492M (84%), Immediate: 334M (57%), CSet: 158M (27%)
[16.879s][info][gc,ergo     ] GC(188) Pacer for Evacuation. Used CSet: 200M, Free: 492M, Non-Taxable: 50430K, Alloc Tax Rate: 1.1x
[16.879s][info][gc          ] GC(188) Pause Final Mark (unload classes) 0.473ms
[16.879s][info][gc,start    ] GC(188) Concurrent thread roots
[16.879s][info][gc,task     ] GC(188) Using 3 of 6 workers for Concurrent thread roots
[16.879s][info][gc          ] GC(188) Concurrent thread roots 0.154ms
[16.879s][info][gc,start    ] GC(188) Concurrent weak references
[16.879s][info][gc,task     ] GC(188) Using 3 of 6 workers for concurrent weak references
[16.879s][info][gc,ref      ] GC(188) Encountered references: Soft: 47, Weak: 146, Final: 0, Phantom: 3
[16.879s][info][gc,ref      ] GC(188) Discovered  references: Soft: 0, Weak: 48, Final: 0, Phantom: 2
[16.879s][info][gc,ref      ] GC(188) Enqueued    references: Soft: 0, Weak: 0, Final: 0, Phantom: 0
[16.879s][info][gc          ] GC(188) Concurrent weak references 0.063ms
[16.879s][info][gc,start    ] GC(188) Concurrent weak roots
[16.879s][info][gc,task     ] GC(188) Using 3 of 6 workers for concurrent weak root
[16.879s][info][gc          ] GC(188) Concurrent weak roots 0.248ms
[16.879s][info][gc,start    ] GC(188) Concurrent cleanup
[16.880s][info][gc          ] GC(188) Concurrent cleanup 813M->480M(1024M) 0.068ms
[16.880s][info][gc,ergo     ] GC(188) Free: 481M, Max: 512K regular, 173M humongous, Frag: 64% external, 0% internal; Reserve: 52718K, Max: 512K
[16.880s][info][gc,start    ] GC(188) Concurrent class unloading
[16.880s][info][gc,task     ] GC(188) Using 3 of 6 workers for concurrent class unloading
[16.880s][info][gc          ] GC(188) Concurrent class unloading 0.631ms
[16.880s][info][gc,start    ] GC(188) Concurrent strong roots
[16.880s][info][gc,task     ] GC(188) Using 3 of 6 workers for concurrent strong root
[16.880s][info][gc          ] GC(188) Concurrent strong roots 0.118ms
[16.880s][info][gc,start    ] GC(188) Concurrent evacuation
[16.880s][info][gc,task     ] GC(188) Using 3 of 6 workers for concurrent evacuation
[16.894s][info][gc          ] GC(188) Concurrent evacuation 13.349ms
[16.894s][info][gc,start    ] GC(188) Pause Init Update Refs
[16.894s][info][gc,ergo     ] GC(188) Pacer for Update Refs. Used: 578M, Free: 426M, Non-Taxable: 43670K, Alloc Tax Rate: 1.7x
[16.894s][info][gc          ] GC(188) Pause Init Update Refs 0.030ms
[16.894s][info][gc,start    ] GC(188) Concurrent update references
[16.894s][info][gc,task     ] GC(188) Using 3 of 6 workers for concurrent reference update
[16.897s][info][gc          ] GC(188) Concurrent update references 3.191ms
[16.897s][info][gc,start    ] GC(188) Concurrent update thread roots
[16.898s][info][gc          ] GC(188) Concurrent update thread roots 0.707ms
[16.898s][info][gc,start    ] GC(188) Pause Final Update Refs
[16.898s][info][gc,task     ] GC(188) Using 6 of 6 workers for final reference update
[16.899s][info][gc          ] GC(188) Pause Final Update Refs 0.253ms
[16.899s][info][gc,start    ] GC(188) Concurrent cleanup
[16.899s][info][gc          ] GC(188) Concurrent cleanup 603M->404M(1024M) 0.065ms
[16.899s][info][gc,ergo     ] Free: 567M, Max: 512K regular, 140M humongous, Frag: 75% external, 37% internal; Reserve: 52736K, Max: 512K
[16.899s][info][gc,stats    ] 
[16.899s][info][gc,stats    ] All times are wall-clock times, except per-root-class counters, that are sum over
[16.899s][info][gc,stats    ] all workers. Dividing the <total> over the root stage time estimates parallelism.
[16.899s][info][gc,stats    ] 
[16.899s][info][gc,stats    ] Concurrent Reset                   2069 us
[16.899s][info][gc,stats    ] Pause Init Mark (G)                 371 us
[16.899s][info][gc,stats    ] Pause Init Mark (N)                 133 us
[16.899s][info][gc,stats    ]   Update Region States               85 us
[16.899s][info][gc,stats    ] Concurrent Mark Roots               278 us, parallelism: 0.72x
[16.899s][info][gc,stats    ]   CMR: <total>                      200 us
[16.899s][info][gc,stats    ]   CMR: Thread Roots                 147 us, workers (us):  46,  57,  43, ---, ---, ---, 
[16.899s][info][gc,stats    ]   CMR: VM Strong Roots                7 us, workers (us):   6,   0,   0, ---, ---, ---, 
[16.899s][info][gc,stats    ]   CMR: CLDG Roots                    47 us, workers (us):  47, ---, ---, ---, ---, ---, 
[16.899s][info][gc,stats    ] Concurrent Marking                 2407 us
[16.899s][info][gc,stats    ] Pause Final Mark (G)                598 us
[16.899s][info][gc,stats    ] Pause Final Mark (N)                476 us
[16.899s][info][gc,stats    ]   Finish Mark                       271 us
[16.899s][info][gc,stats    ]   Update Region States               73 us
[16.899s][info][gc,stats    ]   Choose Collection Set              77 us
[16.899s][info][gc,stats    ]   Rebuild Free Set                   16 us
[16.899s][info][gc,stats    ] Concurrent Thread Roots             165 us, parallelism: 0.63x
[16.899s][info][gc,stats    ]   CTR: <total>                      104 us
[16.899s][info][gc,stats    ]   CTR: Thread Roots                 104 us, workers (us):  67,  34,   3, ---, ---, ---, 
[16.899s][info][gc,stats    ] Concurrent Weak References           67 us, parallelism: 0.10x
[16.899s][info][gc,stats    ]   CWRF: <total>                       7 us
[16.899s][info][gc,stats    ]   CWRF: Weak References               7 us, workers (us):   7,   0,   0, ---, ---, ---, 
[16.899s][info][gc,stats    ] Concurrent Weak Roots               258 us
[16.899s][info][gc,stats    ]   Roots                             188 us, parallelism: 1.34x
[16.899s][info][gc,stats    ]     CWR: <total>                    252 us
[16.899s][info][gc,stats    ]     CWR: Code Cache Roots           206 us, workers (us):  93, 114,   0, ---, ---, ---, 
[16.899s][info][gc,stats    ]     CWR: VM Weak Roots               41 us, workers (us):  34,   6,   0, ---, ---, ---, 
[16.899s][info][gc,stats    ]     CWR: CLDG Roots                   5 us, workers (us):   5, ---, ---, ---, ---, ---, 
[16.899s][info][gc,stats    ]   Rendezvous                         52 us
[16.899s][info][gc,stats    ] Concurrent Cleanup                   73 us
[16.899s][info][gc,stats    ] Concurrent Class Unloading          644 us
[16.899s][info][gc,stats    ]   Unlink Stale                      426 us
[16.899s][info][gc,stats    ]     System Dictionary                 5 us
[16.899s][info][gc,stats    ]     Weak Class Links                  0 us
[16.899s][info][gc,stats    ]     Code Roots                      419 us
[16.899s][info][gc,stats    ]   Rendezvous                         59 us
[16.899s][info][gc,stats    ]   Purge Unlinked                    137 us
[16.899s][info][gc,stats    ]     Code Roots                      121 us
[16.899s][info][gc,stats    ]     CLDG                             16 us
[16.899s][info][gc,stats    ]     Exception Caches                  0 us
[16.899s][info][gc,stats    ] Concurrent Strong Roots             130 us, parallelism: 0.26x
[16.899s][info][gc,stats    ]   CSR: <total>                       33 us
[16.899s][info][gc,stats    ]   CSR: VM Strong Roots                2 us, workers (us):   2,   0,   0, ---, ---, ---, 
[16.899s][info][gc,stats    ]   CSR: CLDG Roots                    31 us, workers (us):  31, ---, ---, ---, ---, ---, 
[16.899s][info][gc,stats    ] Concurrent Evacuation             13468 us
[16.899s][info][gc,stats    ] Pause Init Update Refs (G)          380 us
[16.899s][info][gc,stats    ] Pause Init Update Refs (N)           34 us
[16.899s][info][gc,stats    ]   Manage GCLABs                       4 us
[16.899s][info][gc,stats    ] Concurrent Update Refs             3262 us
[16.899s][info][gc,stats    ] Concurrent Update Thread Roots      724 us
[16.899s][info][gc,stats    ] Pause Final Update Refs (G)         520 us
[16.899s][info][gc,stats    ] Pause Final Update Refs (N)         266 us
[16.899s][info][gc,stats    ]   Update Region States              204 us
[16.899s][info][gc,stats    ]   Trash Collection Set                7 us
[16.899s][info][gc,stats    ]   Rebuild Free Set                   18 us
[16.899s][info][gc,stats    ] Concurrent Cleanup                   71 us
[16.899s][info][gc,stats    ] 
[16.899s][info][gc,stats    ] Allocation pacing accrued:
[16.899s][info][gc,stats    ]       0 of    55 ms (  0.0%): <total>
[16.899s][info][gc,stats    ]       0 of    55 ms (  0.0%): <average total>
[16.899s][info][gc,stats    ] 
[16.899s][info][gc,metaspace] Metaspace: 6358K(6528K)->6358K(6528K) NonClass: 5812K(5888K)->5812K(5888K) Class: 546K(640K)->546K(640K)
[16.899s][info][gc,ergo     ] Pacer for Idle. Initial: 20971K, Alloc Tax Rate: 1.0x
[16.925s][info][gc          ] Trigger: Average GC time (31.15 ms) is above the time for average allocation rate (4552 MB/s) to deplete free headroom (139M) (margin of error = 1.87)
[16.925s][info][gc,ergo     ] Free headroom: 190M (free) - 52428K (spike) - 0B (penalties) = 139M
[16.925s][info][gc,ergo     ] Free: 190M, Max: 512K regular, 140M humongous, Frag: 26% external, 24% internal; Reserve: 52736K, Max: 512K
[16.925s][info][gc,start    ] GC(189) Concurrent reset
[16.925s][info][gc,task     ] GC(189) Using 3 of 6 workers for concurrent reset
[16.925s][info][gc,ergo     ] GC(189) Pacer for Reset. Non-Taxable: 1024M
[16.928s][info][gc          ] GC(189) Concurrent reset 2.436ms
[16.928s][info][gc,start    ] GC(189) Pause Init Mark (unload classes)
[16.928s][info][gc,task     ] GC(189) Using 6 of 6 workers for init marking
[16.928s][info][gc,ergo     ] GC(189) Pacer for Mark. Expected Live: 196M, Free: 175M, Non-Taxable: 17952K, Alloc Tax Rate: 1.4x
[16.928s][info][gc          ] GC(189) Pause Init Mark (unload classes) 0.203ms
[16.928s][info][gc,start    ] GC(189) Concurrent marking roots
[16.928s][info][gc,task     ] GC(189) Using 3 of 6 workers for concurrent marking roots
[16.929s][info][gc          ] GC(189) Concurrent marking roots 0.283ms
[16.929s][info][gc,start    ] GC(189) Concurrent marking (unload classes)
[16.929s][info][gc,task     ] GC(189) Using 3 of 6 workers for concurrent marking
[16.930s][info][gc          ] GC(189) Concurrent marking (unload classes) 1.757ms
[16.931s][info][gc,start    ] GC(189) Pause Final Mark (unload classes)
[16.931s][info][gc,task     ] GC(189) Using 6 of 6 workers for final marking
[16.931s][info][gc,ergo     ] GC(189) Adaptive CSet Selection. Target Free: 145M, Actual Free: 545M, Max CSet: 43690K, Min Garbage: 0B
[16.931s][info][gc,ergo     ] GC(189) Collectable Garbage: 498M (85%), Immediate: 338M (57%), CSet: 160M (27%)
[16.931s][info][gc,ergo     ] GC(189) Pacer for Evacuation. Used CSet: 203M, Free: 507M, Non-Taxable: 51956K, Alloc Tax Rate: 1.1x
[16.931s][info][gc          ] GC(189) Pause Final Mark (unload classes) 0.496ms
[16.931s][info][gc,start    ] GC(189) Concurrent thread roots
[16.931s][info][gc,task     ] GC(189) Using 3 of 6 workers for Concurrent thread roots
[16.931s][info][gc          ] GC(189) Concurrent thread roots 0.166ms
[16.931s][info][gc,start    ] GC(189) Concurrent weak references
[16.931s][info][gc,task     ] GC(189) Using 3 of 6 workers for concurrent weak references
[16.931s][info][gc,ref      ] GC(189) Encountered references: Soft: 47, Weak: 146, Final: 0, Phantom: 3
[16.931s][info][gc,ref      ] GC(189) Discovered  references: Soft: 0, Weak: 48, Final: 0, Phantom: 2
[16.931s][info][gc,ref      ] GC(189) Enqueued    references: Soft: 0, Weak: 0, Final: 0, Phantom: 0
[16.931s][info][gc          ] GC(189) Concurrent weak references 0.110ms
[16.931s][info][gc,start    ] GC(189) Concurrent weak roots
[16.931s][info][gc,task     ] GC(189) Using 3 of 6 workers for concurrent weak root
[16.932s][info][gc          ] GC(189) Concurrent weak roots 0.296ms
[16.932s][info][gc,start    ] GC(189) Concurrent cleanup
[16.932s][info][gc          ] GC(189) Concurrent cleanup 798M->460M(1024M) 0.060ms
