[0.009s][info][gc,init] Initializing The Z Garbage Collector
[0.009s][info][gc,init] Version: 17.0.11-internal+0-adhoc.damowang.TencentKona-17 (release)
[0.009s][info][gc,init] NUMA Support: Disabled
[0.009s][info][gc,init] CPUs: 12 total, 12 available
[0.009s][info][gc,init] Memory: 3829M
[0.009s][info][gc,init] Large Page Support: Disabled
[0.009s][info][gc,init] GC Workers: 3 (dynamic)
[0.010s][info][gc,init] Address Space Type: Contiguous/Unrestricted/Complete
[0.010s][info][gc,init] Address Space Size: 16384M x 3 = 49152M
[0.011s][info][gc,init] Heap Backing File: /memfd:java_heap
[0.011s][info][gc,init] Heap Backing Filesystem: tmpfs (0x1021994)
[0.012s][info][gc,init] Min Capacity: 1024M
[0.012s][info][gc,init] Initial Capacity: 1024M
[0.012s][info][gc,init] Max Capacity: 1024M
[0.012s][info][gc,init] Medium Page Size: 32M
[0.012s][info][gc,init] Pre-touch: Disabled
[0.012s][info][gc,init] Available space on backing filesystem: N/A
[0.012s][info][gc,init] Uncommit: Implicitly Disabled (-Xms equals -Xmx)
[0.140s][info][gc,init] Runtime Workers: 8
[0.141s][info][gc     ] Using The Z Garbage Collector
[0.141s][info][gc,metaspace] CDS archive(s) not mapped
[0.141s][info][gc,metaspace] Compressed class space mapped at: 0x0000000080000000-0x00000000c0000000, reserved size: 1073741824
[0.141s][info][gc,metaspace] Narrow klass base: 0x0000000000000000, Narrow klass shift: 0, Narrow klass range: 0xc0000000
[0.364s][info][gc,start    ] GC(0) Garbage Collection (Warmup)
[0.366s][info][gc,task     ] GC(0) Using 3 workers
[0.367s][info][gc,phases   ] GC(0) Pause Mark Start 0.041ms
[0.394s][info][gc,phases   ] GC(0) Concurrent Mark 26.665ms
[0.396s][info][gc,phases   ] GC(0) Pause Mark End 0.038ms
[0.396s][info][gc,phases   ] GC(0) Concurrent Mark Free 0.002ms
[0.399s][info][gc,phases   ] GC(0) Concurrent Process Non-Strong References 3.189ms
[0.399s][info][gc,phases   ] GC(0) Concurrent Reset Relocation Set 0.001ms
[0.436s][info][gc,phases   ] GC(0) Concurrent Select Relocation Set 37.061ms
[0.437s][info][gc,phases   ] GC(0) Pause Relocate Start 0.008ms
[0.557s][info][gc,phases   ] GC(0) Concurrent Relocate 119.650ms
[0.557s][info][gc,load     ] GC(0) Load: 0.03/0.25/0.15
[0.557s][info][gc,mmu      ] GC(0) MMU: 2ms/97.9%, 5ms/99.2%, 10ms/99.6%, 20ms/99.8%, 50ms/99.8%, 100ms/99.9%
[0.558s][info][gc,marking  ] GC(0) Mark: 2 stripe(s), 2 proactive flush(es), 1 terminate flush(es), 0 completion(s), 0 continuation(s) 
[0.558s][info][gc,marking  ] GC(0) Mark Stack Usage: 32M
[0.558s][info][gc,nmethod  ] GC(0) NMethods: 424 registered, 0 unregistered
[0.558s][info][gc,metaspace] GC(0) Metaspace: 6M used, 6M committed, 1088M reserved
[0.558s][info][gc,ref      ] GC(0) Soft: 52 encountered, 0 discovered, 0 enqueued
[0.558s][info][gc,ref      ] GC(0) Weak: 227 encountered, 93 discovered, 48 enqueued
[0.558s][info][gc,ref      ] GC(0) Final: 0 encountered, 0 discovered, 0 enqueued
[0.558s][info][gc,ref      ] GC(0) Phantom: 29 encountered, 27 discovered, 26 enqueued
[0.558s][info][gc,reloc    ] GC(0) Small Pages: 32 / 64M, Empty: 2M, Relocated: 20M, In-Place: 0
[0.558s][info][gc,reloc    ] GC(0) Medium Pages: 4 / 128M, Empty: 0M, Relocated: 48M, In-Place: 0
[0.558s][info][gc,reloc    ] GC(0) Large Pages: 0 / 0M, Empty: 0M, Relocated: 0M, In-Place: 0
[0.558s][info][gc,reloc    ] GC(0) Forwarding Usage: 0M
[0.558s][info][gc,heap     ] GC(0) Min Capacity: 1024M(100%)
[0.558s][info][gc,heap     ] GC(0) Max Capacity: 1024M(100%)
[0.558s][info][gc,heap     ] GC(0) Soft Max Capacity: 1024M(100%)
[0.558s][info][gc,heap     ] GC(0)                Mark Start          Mark End        Relocate Start      Relocate End           High               Low         
[0.558s][info][gc,heap     ] GC(0)  Capacity:     1024M (100%)       1024M (100%)       1024M (100%)       1024M (100%)       1024M (100%)       1024M (100%)   
[0.558s][info][gc,heap     ] GC(0)      Free:      832M (81%)         788M (77%)         706M (69%)         620M (61%)         832M (81%)         586M (57%)    
[0.558s][info][gc,heap     ] GC(0)      Used:      192M (19%)         236M (23%)         318M (31%)         404M (39%)         438M (43%)         192M (19%)    
[0.558s][info][gc,heap     ] GC(0)      Live:         -                70M (7%)           70M (7%)           70M (7%)             -                  -          
[0.558s][info][gc,heap     ] GC(0) Allocated:         -                44M (4%)          128M (12%)         315M (31%)            -                  -          
[0.558s][info][gc,heap     ] GC(0)   Garbage:         -               121M (12%)         119M (12%)          17M (2%)             -                  -          
[0.558s][info][gc,heap     ] GC(0) Reclaimed:         -                  -                 2M (0%)          103M (10%)            -                  -          
[0.558s][info][gc          ] GC(0) Garbage Collection (Warmup) 192M(19%)->404M(39%)
[0.579s][info][gc,start    ] GC(1) Garbage Collection (Warmup)
[0.579s][info][gc,task     ] GC(1) Using 3 workers
[0.586s][info][gc,phases   ] GC(1) Pause Mark Start 0.012ms
[0.628s][info][gc,phases   ] GC(1) Concurrent Mark 42.601ms
[0.630s][info][gc,phases   ] GC(1) Pause Mark End 0.039ms
[0.630s][info][gc,phases   ] GC(1) Concurrent Mark Free 0.001ms
[0.633s][info][gc,phases   ] GC(1) Concurrent Process Non-Strong References 3.250ms
[0.633s][info][gc,phases   ] GC(1) Concurrent Reset Relocation Set 0.005ms
[0.636s][info][gc,phases   ] GC(1) Concurrent Select Relocation Set 2.626ms
[0.638s][info][gc,phases   ] GC(1) Pause Relocate Start 0.009ms
[1.213s][info][gc,phases   ] GC(1) Concurrent Relocate 574.286ms
[1.213s][info][gc,load     ] GC(1) Load: 0.67/0.38/0.19
[1.213s][info][gc,mmu      ] GC(1) MMU: 2ms/97.9%, 5ms/99.2%, 10ms/99.5%, 20ms/99.8%, 50ms/99.8%, 100ms/99.9%
[1.213s][info][gc,marking  ] GC(1) Mark: 2 stripe(s), 10 proactive flush(es), 1 terminate flush(es), 0 completion(s), 0 continuation(s) 
[1.213s][info][gc,marking  ] GC(1) Mark Stack Usage: 32M
[1.213s][info][gc,nmethod  ] GC(1) NMethods: 429 registered, 0 unregistered
[1.213s][info][gc,metaspace] GC(1) Metaspace: 6M used, 6M committed, 1088M reserved
[1.213s][info][gc,ref      ] GC(1) Soft: 52 encountered, 0 discovered, 0 enqueued
[1.213s][info][gc,ref      ] GC(1) Weak: 179 encountered, 15 discovered, 0 enqueued
[1.213s][info][gc,ref      ] GC(1) Final: 0 encountered, 0 discovered, 0 enqueued
[1.213s][info][gc,ref      ] GC(1) Phantom: 3 encountered, 2 discovered, 0 enqueued
[1.213s][info][gc,reloc    ] GC(1) Small Pages: 58 / 116M, Empty: 0M, Relocated: 40M, In-Place: 0
[1.213s][info][gc,reloc    ] GC(1) Medium Pages: 9 / 288M, Empty: 0M, Relocated: 77M, In-Place: 0
[1.213s][info][gc,reloc    ] GC(1) Large Pages: 0 / 0M, Empty: 0M, Relocated: 0M, In-Place: 0
[1.213s][info][gc,reloc    ] GC(1) Forwarding Usage: 0M
[1.213s][info][gc,heap     ] GC(1) Min Capacity: 1024M(100%)
[1.213s][info][gc,heap     ] GC(1) Max Capacity: 1024M(100%)
[1.213s][info][gc,heap     ] GC(1) Soft Max Capacity: 1024M(100%)
[1.213s][info][gc,heap     ] GC(1)                Mark Start          Mark End        Relocate Start      Relocate End           High               Low         
[1.213s][info][gc,heap     ] GC(1)  Capacity:     1024M (100%)       1024M (100%)       1024M (100%)       1024M (100%)       1024M (100%)       1024M (100%)   
[1.213s][info][gc,heap     ] GC(1)      Free:      620M (61%)         528M (52%)         494M (48%)         136M (13%)         620M (61%)         130M (13%)    
[1.213s][info][gc,heap     ] GC(1)      Used:      404M (39%)         496M (48%)         530M (52%)         888M (87%)         894M (87%)         404M (39%)    
[1.213s][info][gc,heap     ] GC(1)      Live:         -               159M (16%)         159M (16%)         159M (16%)            -                  -          
[1.213s][info][gc,heap     ] GC(1) Allocated:         -                92M (9%)          126M (12%)         679M (66%)            -                  -          
[1.213s][info][gc,heap     ] GC(1)   Garbage:         -               244M (24%)         244M (24%)          48M (5%)             -                  -          
[1.213s][info][gc,heap     ] GC(1) Reclaimed:         -                  -                 0M (0%)          195M (19%)            -                  -          
[1.213s][info][gc          ] GC(1) Garbage Collection (Warmup) 404M(39%)->888M(87%)
[1.265s][info][gc,start    ] GC(2) Garbage Collection (Warmup)
[1.265s][info][gc,task     ] GC(2) Using 3 workers
[1.266s][info][gc,phases   ] GC(2) Pause Mark Start 0.009ms
[1.319s][info][gc,phases   ] GC(2) Concurrent Mark 53.008ms
[1.320s][info][gc,phases   ] GC(2) Pause Mark End 0.011ms
[1.320s][info][gc,phases   ] GC(2) Concurrent Mark Free 0.001ms
[1.321s][info][gc,phases   ] GC(2) Concurrent Process Non-Strong References 1.269ms
[1.321s][info][gc,phases   ] GC(2) Concurrent Reset Relocation Set 0.006ms
[1.326s][info][gc,phases   ] GC(2) Concurrent Select Relocation Set 4.867ms
[1.326s][info][gc,phases   ] GC(2) Pause Relocate Start 0.008ms
[1.371s][info][gc          ] Allocation Stall (pool-1-thread-2) 80.296ms
[1.372s][info][gc          ] Allocation Stall (pool-1-thread-4) 80.518ms
[1.428s][info][gc          ] Allocation Stall (pool-1-thread-3) 137.008ms
[1.513s][info][gc          ] Allocation Stall (pool-1-thread-4) 1.401ms
[1.531s][info][gc          ] Allocation Stall (pool-1-thread-2) 19.208ms
[1.531s][info][gc          ] Allocation Stall (pool-1-thread-3) 18.353ms
[1.708s][info][gc          ] Relocation Stall (pool-1-thread-1) 346.221ms
[1.708s][info][gc          ] Allocation Stall (pool-1-thread-1) 441.000ms
[1.749s][info][gc,phases   ] GC(2) Concurrent Relocate 422.531ms
[1.749s][info][gc,load     ] GC(2) Load: 0.67/0.38/0.19
[1.749s][info][gc,mmu      ] GC(2) MMU: 2ms/97.9%, 5ms/99.2%, 10ms/99.5%, 20ms/99.8%, 50ms/99.8%, 100ms/99.9%
[1.749s][info][gc,marking  ] GC(2) Mark: 2 stripe(s), 2 proactive flush(es), 1 terminate flush(es), 0 completion(s), 0 continuation(s) 
[1.749s][info][gc,marking  ] GC(2) Mark Stack Usage: 32M
[1.749s][info][gc,nmethod  ] GC(2) NMethods: 429 registered, 0 unregistered
[1.749s][info][gc,metaspace] GC(2) Metaspace: 6M used, 6M committed, 1088M reserved
[1.749s][info][gc,ref      ] GC(2) Soft: 52 encountered, 0 discovered, 0 enqueued
[1.749s][info][gc,ref      ] GC(2) Weak: 179 encountered, 41 discovered, 0 enqueued
[1.749s][info][gc,ref      ] GC(2) Final: 0 encountered, 0 discovered, 0 enqueued
[1.749s][info][gc,ref      ] GC(2) Phantom: 3 encountered, 2 discovered, 0 enqueued
[1.749s][info][gc,reloc    ] GC(2) Small Pages: 136 / 272M, Empty: 2M, Relocated: 76M, In-Place: 0
[1.749s][info][gc,reloc    ] GC(2) Medium Pages: 22 / 704M, Empty: 0M, Relocated: 184M, In-Place: 2
[1.749s][info][gc,reloc    ] GC(2) Large Pages: 0 / 0M, Empty: 0M, Relocated: 0M, In-Place: 0
[1.749s][info][gc,reloc    ] GC(2) Forwarding Usage: 0M
[1.749s][info][gc,heap     ] GC(2) Min Capacity: 1024M(100%)
[1.749s][info][gc,heap     ] GC(2) Max Capacity: 1024M(100%)
[1.749s][info][gc,heap     ] GC(2) Soft Max Capacity: 1024M(100%)
[1.749s][info][gc,heap     ] GC(2)                Mark Start          Mark End        Relocate Start      Relocate End           High               Low         
[1.749s][info][gc,heap     ] GC(2)  Capacity:     1024M (100%)       1024M (100%)       1024M (100%)       1024M (100%)       1024M (100%)       1024M (100%)   
[1.749s][info][gc,heap     ] GC(2)      Free:       48M (5%)            0M (0%)            2M (0%)          228M (22%)         230M (22%)           0M (0%)     
[1.749s][info][gc,heap     ] GC(2)      Used:      976M (95%)        1024M (100%)       1022M (100%)        796M (78%)        1024M (100%)        794M (78%)    
[1.749s][info][gc,heap     ] GC(2)      Live:         -               275M (27%)         275M (27%)         275M (27%)            -                  -          
[1.749s][info][gc,heap     ] GC(2) Allocated:         -                48M (5%)           48M (5%)          491M (48%)            -                  -          
[1.749s][info][gc,heap     ] GC(2)   Garbage:         -               700M (68%)         698M (68%)          28M (3%)             -                  -          
[1.749s][info][gc,heap     ] GC(2) Reclaimed:         -                  -                 2M (0%)          671M (66%)            -                  -          
[1.749s][info][gc          ] GC(2) Garbage Collection (Warmup) 976M(95%)->796M(78%)
[1.765s][info][gc,start    ] GC(3) Garbage Collection (Allocation Stall)
[1.765s][info][gc,ref      ] GC(3) Clearing All SoftReferences
[1.765s][info][gc,task     ] GC(3) Using 3 workers
[1.765s][info][gc,phases   ] GC(3) Pause Mark Start 0.015ms
[1.784s][info][gc,phases   ] GC(3) Concurrent Mark 19.139ms
[1.785s][info][gc,phases   ] GC(3) Pause Mark End 0.009ms
[1.785s][info][gc,phases   ] GC(3) Concurrent Mark Free 0.001ms
[1.786s][info][gc,phases   ] GC(3) Concurrent Process Non-Strong References 1.657ms
[1.786s][info][gc,phases   ] GC(3) Concurrent Reset Relocation Set 0.014ms
[1.788s][info][gc,phases   ] GC(3) Concurrent Select Relocation Set 1.765ms
[1.789s][info][gc,phases   ] GC(3) Pause Relocate Start 0.005ms
[1.910s][info][gc,phases   ] GC(3) Concurrent Relocate 120.865ms
[1.910s][info][gc,load     ] GC(3) Load: 0.67/0.38/0.19
[1.910s][info][gc,mmu      ] GC(3) MMU: 2ms/97.9%, 5ms/99.2%, 10ms/99.5%, 20ms/99.8%, 50ms/99.8%, 100ms/99.9%
[1.910s][info][gc,marking  ] GC(3) Mark: 2 stripe(s), 2 proactive flush(es), 1 terminate flush(es), 0 completion(s), 0 continuation(s) 
[1.910s][info][gc,marking  ] GC(3) Mark Stack Usage: 32M
[1.910s][info][gc,nmethod  ] GC(3) NMethods: 429 registered, 0 unregistered
[1.910s][info][gc,metaspace] GC(3) Metaspace: 6M used, 6M committed, 1088M reserved
[1.910s][info][gc,ref      ] GC(3) Soft: 52 encountered, 32 discovered, 18 enqueued
[1.910s][info][gc,ref      ] GC(3) Weak: 179 encountered, 31 discovered, 0 enqueued
[1.910s][info][gc,ref      ] GC(3) Final: 0 encountered, 0 discovered, 0 enqueued
[1.910s][info][gc,ref      ] GC(3) Phantom: 3 encountered, 2 discovered, 0 enqueued
[1.910s][info][gc,reloc    ] GC(3) Small Pages: 115 / 230M, Empty: 0M, Relocated: 75M, In-Place: 0
[1.910s][info][gc,reloc    ] GC(3) Medium Pages: 19 / 608M, Empty: 0M, Relocated: 217M, In-Place: 0
[1.910s][info][gc,reloc    ] GC(3) Large Pages: 0 / 0M, Empty: 0M, Relocated: 0M, In-Place: 0
[1.910s][info][gc,reloc    ] GC(3) Forwarding Usage: 0M
[1.910s][info][gc,heap     ] GC(3) Min Capacity: 1024M(100%)
[1.910s][info][gc,heap     ] GC(3) Max Capacity: 1024M(100%)
[1.910s][info][gc,heap     ] GC(3) Soft Max Capacity: 1024M(100%)
[1.910s][info][gc,heap     ] GC(3)                Mark Start          Mark End        Relocate Start      Relocate End           High               Low         
[1.910s][info][gc,heap     ] GC(3)  Capacity:     1024M (100%)       1024M (100%)       1024M (100%)       1024M (100%)       1024M (100%)       1024M (100%)   
[1.910s][info][gc,heap     ] GC(3)      Free:      186M (18%)         144M (14%)         138M (13%)         140M (14%)         252M (25%)          92M (9%)     
[1.910s][info][gc,heap     ] GC(3)      Used:      838M (82%)         880M (86%)         886M (87%)         884M (86%)         932M (91%)         772M (75%)    
[1.910s][info][gc,heap     ] GC(3)      Live:         -               318M (31%)         318M (31%)         318M (31%)            -                  -          
[1.910s][info][gc,heap     ] GC(3) Allocated:         -                42M (4%)           48M (5%)          535M (52%)            -                  -          
[1.910s][info][gc,heap     ] GC(3)   Garbage:         -               519M (51%)         519M (51%)          29M (3%)             -                  -          
[1.910s][info][gc,heap     ] GC(3) Reclaimed:         -                  -                 0M (0%)          489M (48%)            -                  -          
[1.910s][info][gc          ] GC(3) Garbage Collection (Allocation Stall) 838M(82%)->884M(86%)
[1.917s][info][gc,start    ] GC(4) Garbage Collection (Allocation Stall)
[1.917s][info][gc,ref      ] GC(4) Clearing All SoftReferences
[1.917s][info][gc,task     ] GC(4) Using 3 workers
[1.928s][info][gc,phases   ] GC(4) Pause Mark Start 0.008ms
[1.928s][info][gc          ] Allocation Stall (pool-1-thread-2) 11.389ms
[1.942s][info][gc,phases   ] GC(4) Concurrent Mark 13.607ms
[1.942s][info][gc,phases   ] GC(4) Pause Mark End 0.012ms
[1.942s][info][gc,phases   ] GC(4) Concurrent Mark Free 0.001ms
[1.943s][info][gc,phases   ] GC(4) Concurrent Process Non-Strong References 0.470ms
[1.943s][info][gc,phases   ] GC(4) Concurrent Reset Relocation Set 0.005ms
[1.944s][info][gc,phases   ] GC(4) Concurrent Select Relocation Set 1.201ms
[1.944s][info][gc,phases   ] GC(4) Pause Relocate Start 0.004ms
[1.962s][info][gc          ] Allocation Stall (pool-1-thread-1) 44.832ms
[1.962s][info][gc          ] Allocation Stall (pool-1-thread-4) 28.857ms
[1.962s][info][gc          ] Allocation Stall (pool-1-thread-3) 29.008ms
[1.963s][info][gc          ] Allocation Stall (pool-1-thread-2) 29.174ms
[1.981s][info][gc          ] Allocation Stall (pool-1-thread-4) 9.614ms
[1.982s][info][gc          ] Allocation Stall (pool-1-thread-1) 9.841ms
[1.982s][info][gc          ] Allocation Stall (pool-1-thread-2) 9.920ms
[1.982s][info][gc          ] Allocation Stall (pool-1-thread-3) 10.160ms
[1.995s][info][gc          ] Allocation Stall (pool-1-thread-4) 1.055ms
[1.995s][info][gc          ] Allocation Stall (pool-1-thread-1) 3.651ms
[1.999s][info][gc          ] Allocation Stall (pool-1-thread-4) 0.250ms
[2.004s][info][gc          ] Allocation Stall (pool-1-thread-2) 5.104ms
[2.005s][info][gc          ] Allocation Stall (pool-1-thread-3) 5.554ms
[2.005s][info][gc          ] Allocation Stall (pool-1-thread-1) 5.868ms
[2.017s][info][gc          ] Allocation Stall (pool-1-thread-4) 1.323ms
[2.017s][info][gc          ] Allocation Stall (pool-1-thread-2) 3.202ms
[2.017s][info][gc          ] Allocation Stall (pool-1-thread-1) 1.551ms
[2.020s][info][gc          ] Allocation Stall (pool-1-thread-4) 1.594ms
[2.029s][info][gc          ] Allocation Stall (pool-1-thread-3) 10.329ms
[2.029s][info][gc          ] Allocation Stall (pool-1-thread-1) 10.617ms
[2.029s][info][gc          ] Allocation Stall (pool-1-thread-2) 10.885ms
[2.047s][info][gc          ] Allocation Stall (pool-1-thread-3) 1.961ms
[2.050s][info][gc          ] Allocation Stall (pool-1-thread-1) 4.130ms
[2.050s][info][gc          ] Allocation Stall (pool-1-thread-2) 4.573ms
[2.050s][info][gc          ] Allocation Stall (pool-1-thread-4) 4.642ms
[2.091s][info][gc          ] Allocation Stall (pool-1-thread-4) 12.738ms
[2.091s][info][gc          ] Allocation Stall (pool-1-thread-1) 12.766ms
[2.092s][info][gc,phases   ] GC(4) Concurrent Relocate 147.345ms
[2.092s][info][gc,load     ] GC(4) Load: 0.67/0.38/0.19
[2.092s][info][gc,mmu      ] GC(4) MMU: 2ms/97.9%, 5ms/99.2%, 10ms/99.5%, 20ms/99.8%, 50ms/99.8%, 100ms/99.9%
[2.092s][info][gc,marking  ] GC(4) Mark: 2 stripe(s), 10 proactive flush(es), 1 terminate flush(es), 0 completion(s), 0 continuation(s) 
[2.092s][info][gc,marking  ] GC(4) Mark Stack Usage: 32M
[2.092s][info][gc,nmethod  ] GC(4) NMethods: 429 registered, 0 unregistered
[2.092s][info][gc,metaspace] GC(4) Metaspace: 6M used, 6M committed, 1088M reserved
[2.092s][info][gc,ref      ] GC(4) Soft: 34 encountered, 15 discovered, 0 enqueued
[2.092s][info][gc,ref      ] GC(4) Weak: 179 encountered, 116 discovered, 0 enqueued
[2.092s][info][gc,ref      ] GC(4) Final: 0 encountered, 0 discovered, 0 enqueued
[2.092s][info][gc,ref      ] GC(4) Phantom: 3 encountered, 2 discovered, 0 enqueued
[2.092s][info][gc,reloc    ] GC(4) Small Pages: 133 / 266M, Empty: 2M, Relocated: 85M, In-Place: 0
[2.092s][info][gc,reloc    ] GC(4) Medium Pages: 22 / 704M, Empty: 0M, Relocated: 222M, In-Place: 6
[2.092s][info][gc,reloc    ] GC(4) Large Pages: 0 / 0M, Empty: 0M, Relocated: 0M, In-Place: 0
[2.092s][info][gc,reloc    ] GC(4) Forwarding Usage: 0M
[2.092s][info][gc,heap     ] GC(4) Min Capacity: 1024M(100%)
[2.092s][info][gc,heap     ] GC(4) Max Capacity: 1024M(100%)
[2.092s][info][gc,heap     ] GC(4) Soft Max Capacity: 1024M(100%)
[2.092s][info][gc,heap     ] GC(4)                Mark Start          Mark End        Relocate Start      Relocate End           High               Low         
[2.092s][info][gc,heap     ] GC(4)  Capacity:     1024M (100%)       1024M (100%)       1024M (100%)       1024M (100%)       1024M (100%)       1024M (100%)   
[2.092s][info][gc,heap     ] GC(4)      Free:       22M (2%)           10M (1%)           12M (1%)           60M (6%)          104M (10%)           0M (0%)     
[2.092s][info][gc,heap     ] GC(4)      Used:     1002M (98%)        1014M (99%)        1012M (99%)         964M (94%)        1024M (100%)        920M (90%)    
[2.092s][info][gc,heap     ] GC(4)      Live:         -               324M (32%)         324M (32%)         324M (32%)            -                  -          
[2.092s][info][gc,heap     ] GC(4) Allocated:         -                12M (1%)           12M (1%)          581M (57%)            -                  -          
[2.092s][info][gc,heap     ] GC(4)   Garbage:         -               677M (66%)         675M (66%)          57M (6%)             -                  -          
[2.092s][info][gc,heap     ] GC(4) Reclaimed:         -                  -                 2M (0%)          619M (61%)            -                  -          
[2.092s][info][gc          ] GC(4) Garbage Collection (Allocation Stall) 1002M(98%)->964M(94%)
[2.101s][info][gc,start    ] GC(5) Garbage Collection (Allocation Stall)
[2.101s][info][gc,ref      ] GC(5) Clearing All SoftReferences
[2.101s][info][gc,task     ] GC(5) Using 3 workers
[2.102s][info][gc,phases   ] GC(5) Pause Mark Start 0.006ms
[2.113s][info][gc,phases   ] GC(5) Concurrent Mark 11.665ms
[2.114s][info][gc,phases   ] GC(5) Pause Mark End 0.011ms
[2.114s][info][gc,phases   ] GC(5) Concurrent Mark Free 0.001ms
[2.114s][info][gc,phases   ] GC(5) Concurrent Process Non-Strong References 0.486ms
[2.114s][info][gc,phases   ] GC(5) Concurrent Reset Relocation Set 0.005ms
[2.115s][info][gc,phases   ] GC(5) Concurrent Select Relocation Set 1.187ms
[2.115s][info][gc,phases   ] GC(5) Pause Relocate Start 0.004ms
[2.118s][info][gc          ] Allocation Stall (pool-1-thread-1) 16.989ms
[2.118s][info][gc          ] Allocation Stall (pool-1-thread-4) 16.997ms
[2.119s][info][gc          ] Allocation Stall (pool-1-thread-3) 17.358ms
[2.124s][info][gc          ] Allocation Stall (pool-1-thread-1) 0.877ms
[2.124s][info][gc          ] Allocation Stall (pool-1-thread-4) 1.500ms
[2.124s][info][gc          ] Allocation Stall (pool-1-thread-3) 1.545ms
[2.147s][info][gc          ] Allocation Stall (pool-1-thread-4) 4.215ms
[2.147s][info][gc          ] Allocation Stall (pool-1-thread-3) 5.330ms
[2.157s][info][gc          ] Allocation Stall (pool-1-thread-4) 0.727ms
[2.158s][info][gc          ] Allocation Stall (pool-1-thread-3) 1.610ms
[2.158s][info][gc          ] Allocation Stall (pool-1-thread-1) 1.716ms
[2.170s][info][gc          ] Allocation Stall (pool-1-thread-3) 3.565ms
[2.171s][info][gc          ] Allocation Stall (pool-1-thread-4) 1.970ms
[2.171s][info][gc          ] Allocation Stall (pool-1-thread-1) 1.507ms
[2.180s][info][gc          ] Allocation Stall (pool-1-thread-1) 1.445ms
[2.183s][info][gc          ] Allocation Stall (pool-1-thread-3) 4.657ms
[2.183s][info][gc          ] Allocation Stall (pool-1-thread-4) 4.861ms
[2.200s][info][gc          ] Allocation Stall (pool-1-thread-4) 2.359ms
[2.200s][info][gc          ] Allocation Stall (pool-1-thread-1) 4.994ms
[2.200s][info][gc          ] Allocation Stall (pool-1-thread-3) 5.432ms
[2.205s][info][gc          ] Relocation Stall (pool-1-thread-2) 85.710ms
[2.205s][info][gc          ] Allocation Stall (pool-1-thread-2) 104.025ms
[2.214s][info][gc          ] Allocation Stall (pool-1-thread-2) 1.488ms
[2.217s][info][gc          ] Allocation Stall (pool-1-thread-3) 3.685ms
[2.217s][info][gc          ] Allocation Stall (pool-1-thread-1) 3.787ms
[2.239s][info][gc,phases   ] GC(5) Concurrent Relocate 123.595ms
[2.239s][info][gc,load     ] GC(5) Load: 0.67/0.38/0.19
[2.239s][info][gc,mmu      ] GC(5) MMU: 2ms/97.9%, 5ms/99.2%, 10ms/99.5%, 20ms/99.8%, 50ms/99.8%, 100ms/99.9%
[2.239s][info][gc,marking  ] GC(5) Mark: 2 stripe(s), 2 proactive flush(es), 1 terminate flush(es), 0 completion(s), 0 continuation(s) 
[2.239s][info][gc,marking  ] GC(5) Mark Stack Usage: 32M
[2.239s][info][gc,nmethod  ] GC(5) NMethods: 429 registered, 0 unregistered
[2.239s][info][gc,metaspace] GC(5) Metaspace: 6M used, 6M committed, 1088M reserved
[2.239s][info][gc,ref      ] GC(5) Soft: 34 encountered, 19 discovered, 0 enqueued
[2.239s][info][gc,ref      ] GC(5) Weak: 179 encountered, 13 discovered, 0 enqueued
[2.239s][info][gc,ref      ] GC(5) Final: 0 encountered, 0 discovered, 0 enqueued
[2.239s][info][gc,ref      ] GC(5) Phantom: 3 encountered, 2 discovered, 0 enqueued
[2.239s][info][gc,reloc    ] GC(5) Small Pages: 142 / 284M, Empty: 4M, Relocated: 94M, In-Place: 0
[2.239s][info][gc,reloc    ] GC(5) Medium Pages: 23 / 736M, Empty: 0M, Relocated: 251M, In-Place: 3
[2.239s][info][gc,reloc    ] GC(5) Large Pages: 0 / 0M, Empty: 0M, Relocated: 0M, In-Place: 0
[2.239s][info][gc,reloc    ] GC(5) Forwarding Usage: 0M
[2.239s][info][gc,heap     ] GC(5) Min Capacity: 1024M(100%)
[2.239s][info][gc,heap     ] GC(5) Max Capacity: 1024M(100%)
[2.239s][info][gc,heap     ] GC(5) Soft Max Capacity: 1024M(100%)
[2.239s][info][gc,heap     ] GC(5)                Mark Start          Mark End        Relocate Start      Relocate End           High               Low         
[2.239s][info][gc,heap     ] GC(5)  Capacity:     1024M (100%)       1024M (100%)       1024M (100%)       1024M (100%)       1024M (100%)       1024M (100%)   
[2.239s][info][gc,heap     ] GC(5)      Free:        4M (0%)            4M (0%)            8M (1%)          132M (13%)         154M (15%)           0M (0%)     
[2.239s][info][gc,heap     ] GC(5)      Used:     1020M (100%)       1020M (100%)       1016M (99%)         892M (87%)        1024M (100%)        870M (85%)    
[2.239s][info][gc,heap     ] GC(5)      Live:         -               346M (34%)         346M (34%)         346M (34%)            -                  -          
[2.239s][info][gc,heap     ] GC(5) Allocated:         -                 0M (0%)            0M (0%)          535M (52%)            -                  -          
[2.239s][info][gc,heap     ] GC(5)   Garbage:         -               673M (66%)         669M (65%)           9M (1%)             -                  -          
[2.239s][info][gc,heap     ] GC(5) Reclaimed:         -                  -                 4M (0%)          663M (65%)            -                  -          
[2.239s][info][gc          ] GC(5) Garbage Collection (Allocation Stall) 1020M(100%)->892M(87%)
[2.246s][info][gc,start    ] GC(6) Garbage Collection (Allocation Stall)
[2.246s][info][gc,ref      ] GC(6) Clearing All SoftReferences
[2.246s][info][gc,task     ] GC(6) Using 3 workers
[2.249s][info][gc,phases   ] GC(6) Pause Mark Start 0.006ms
[2.249s][info][gc          ] Allocation Stall (pool-1-thread-1) 4.193ms
[2.271s][info][gc,phases   ] GC(6) Concurrent Mark 21.377ms
[2.271s][info][gc,phases   ] GC(6) Pause Mark End 0.010ms
[2.271s][info][gc,phases   ] GC(6) Concurrent Mark Free 0.001ms
[2.272s][info][gc,phases   ] GC(6) Concurrent Process Non-Strong References 0.739ms
[2.272s][info][gc,phases   ] GC(6) Concurrent Reset Relocation Set 0.015ms
[2.273s][info][gc,phases   ] GC(6) Concurrent Select Relocation Set 1.545ms
[2.273s][info][gc,phases   ] GC(6) Pause Relocate Start 0.005ms
[2.276s][info][gc          ] Allocation Stall (pool-1-thread-4) 7.606ms
[2.277s][info][gc          ] Allocation Stall (pool-1-thread-1) 7.997ms
[2.277s][info][gc          ] Allocation Stall (pool-1-thread-2) 8.148ms
[2.277s][info][gc          ] Allocation Stall (pool-1-thread-4) 0.478ms
[2.285s][info][gc          ] Allocation Stall (pool-1-thread-1) 1.521ms
[2.289s][info][gc          ] Allocation Stall (pool-1-thread-4) 5.383ms
[2.289s][info][gc          ] Allocation Stall (pool-1-thread-2) 5.776ms
[2.324s][info][gc          ] Allocation Stall (pool-1-thread-1) 2.788ms
[2.324s][info][gc          ] Allocation Stall (pool-1-thread-4) 5.518ms
[2.324s][info][gc          ] Allocation Stall (pool-1-thread-2) 5.036ms
[2.338s][info][gc          ] Allocation Stall (pool-1-thread-2) 3.502ms
[2.340s][info][gc          ] Allocation Stall (pool-1-thread-1) 5.387ms
[2.340s][info][gc          ] Allocation Stall (pool-1-thread-4) 5.573ms
[2.354s][info][gc          ] Allocation Stall (pool-1-thread-1) 6.775ms
[2.354s][info][gc          ] Allocation Stall (pool-1-thread-4) 4.686ms
[2.355s][info][gc          ] Allocation Stall (pool-1-thread-2) 4.200ms
[2.359s][info][gc          ] Allocation Stall (pool-1-thread-2) 0.371ms
[2.361s][info][gc          ] Allocation Stall (pool-1-thread-4) 2.594ms
[2.362s][info][gc          ] Allocation Stall (pool-1-thread-1) 2.678ms
[2.371s][info][gc          ] Relocation Stall (pool-1-thread-3) 95.633ms
[2.372s][info][gc          ] Allocation Stall (pool-1-thread-3) 126.246ms
[2.383s][info][gc          ] Allocation Stall (pool-1-thread-1) 3.012ms
[2.383s][info][gc          ] Allocation Stall (pool-1-thread-4) 3.658ms
[2.391s][info][gc,phases   ] GC(6) Concurrent Relocate 117.811ms
[2.391s][info][gc,load     ] GC(6) Load: 0.67/0.38/0.19
[2.391s][info][gc,mmu      ] GC(6) MMU: 2ms/97.9%, 5ms/99.2%, 10ms/99.5%, 20ms/99.8%, 50ms/99.8%, 100ms/99.9%
[2.391s][info][gc,marking  ] GC(6) Mark: 2 stripe(s), 10 proactive flush(es), 1 terminate flush(es), 0 completion(s), 0 continuation(s) 
[2.391s][info][gc,marking  ] GC(6) Mark Stack Usage: 32M
[2.391s][info][gc,nmethod  ] GC(6) NMethods: 429 registered, 0 unregistered
[2.391s][info][gc,metaspace] GC(6) Metaspace: 6M used, 6M committed, 1088M reserved
[2.391s][info][gc,ref      ] GC(6) Soft: 34 encountered, 11 discovered, 0 enqueued
[2.391s][info][gc,ref      ] GC(6) Weak: 179 encountered, 25 discovered, 0 enqueued
[2.391s][info][gc,ref      ] GC(6) Final: 0 encountered, 0 discovered, 0 enqueued
[2.391s][info][gc,ref      ] GC(6) Phantom: 3 encountered, 0 discovered, 0 enqueued
[2.391s][info][gc,reloc    ] GC(6) Small Pages: 135 / 270M, Empty: 0M, Relocated: 92M, In-Place: 1
[2.391s][info][gc,reloc    ] GC(6) Medium Pages: 22 / 704M, Empty: 0M, Relocated: 242M, In-Place: 6
[2.391s][info][gc,reloc    ] GC(6) Large Pages: 0 / 0M, Empty: 0M, Relocated: 0M, In-Place: 0
[2.391s][info][gc,reloc    ] GC(6) Forwarding Usage: 0M
[2.391s][info][gc,heap     ] GC(6) Min Capacity: 1024M(100%)
[2.391s][info][gc,heap     ] GC(6) Max Capacity: 1024M(100%)
[2.391s][info][gc,heap     ] GC(6) Soft Max Capacity: 1024M(100%)
[2.391s][info][gc,heap     ] GC(6)                Mark Start          Mark End        Relocate Start      Relocate End           High               Low         
[2.391s][info][gc,heap     ] GC(6)  Capacity:     1024M (100%)       1024M (100%)       1024M (100%)       1024M (100%)       1024M (100%)       1024M (100%)   
[2.391s][info][gc,heap     ] GC(6)      Free:       18M (2%)            2M (0%)            2M (0%)           94M (9%)           94M (9%)            0M (0%)     
[2.391s][info][gc,heap     ] GC(6)      Used:     1006M (98%)        1022M (100%)       1022M (100%)        930M (91%)        1024M (100%)        930M (91%)    
[2.391s][info][gc,heap     ] GC(6)      Live:         -               337M (33%)         337M (33%)         337M (33%)            -                  -          
[2.391s][info][gc,heap     ] GC(6) Allocated:         -                16M (2%)           16M (2%)          541M (53%)            -                  -          
[2.391s][info][gc,heap     ] GC(6)   Garbage:         -               668M (65%)         668M (65%)          50M (5%)             -                  -          
[2.391s][info][gc,heap     ] GC(6) Reclaimed:         -                  -                 0M (0%)          617M (60%)            -                  -          
[2.391s][info][gc          ] GC(6) Garbage Collection (Allocation Stall) 1006M(98%)->930M(91%)
[2.404s][info][gc,start    ] GC(7) Garbage Collection (Allocation Stall)
[2.404s][info][gc,ref      ] GC(7) Clearing All SoftReferences
[2.404s][info][gc,task     ] GC(7) Using 3 workers
[2.411s][info][gc,phases   ] GC(7) Pause Mark Start 0.006ms
[2.425s][info][gc,phases   ] GC(7) Concurrent Mark 13.692ms
[2.425s][info][gc,phases   ] GC(7) Pause Mark End 0.010ms
[2.425s][info][gc,phases   ] GC(7) Concurrent Mark Free 0.001ms
[2.426s][info][gc,phases   ] GC(7) Concurrent Process Non-Strong References 0.485ms
[2.426s][info][gc,phases   ] GC(7) Concurrent Reset Relocation Set 0.006ms
[2.427s][info][gc,phases   ] GC(7) Concurrent Select Relocation Set 1.219ms
[2.427s][info][gc,phases   ] GC(7) Pause Relocate Start 0.004ms
[2.432s][info][gc          ] Allocation Stall (pool-1-thread-4) 20.188ms
[2.432s][info][gc          ] Allocation Stall (pool-1-thread-2) 20.249ms
[2.432s][info][gc          ] Allocation Stall (pool-1-thread-1) 20.416ms
[2.485s][info][gc          ] Allocation Stall (pool-1-thread-4) 1.531ms
[2.485s][info][gc          ] Allocation Stall (pool-1-thread-2) 1.979ms
[2.490s][info][gc          ] Allocation Stall (pool-1-thread-1) 6.721ms
[2.491s][info][gc          ] Allocation Stall (pool-1-thread-4) 5.722ms
[2.504s][info][gc          ] Allocation Stall (pool-1-thread-1) 3.439ms
[2.510s][info][gc          ] Allocation Stall (pool-1-thread-4) 9.155ms
[2.510s][info][gc          ] Allocation Stall (pool-1-thread-2) 9.408ms
[2.511s][info][gc          ] Allocation Stall (pool-1-thread-1) 2.270ms
[2.519s][info][gc          ] Allocation Stall (pool-1-thread-2) 1.740ms
[2.523s][info][gc          ] Allocation Stall (pool-1-thread-1) 6.004ms
[2.523s][info][gc          ] Allocation Stall (pool-1-thread-4) 6.270ms
[2.531s][info][gc          ] Relocation Stall (pool-1-thread-3) 103.366ms
[2.532s][info][gc          ] Allocation Stall (pool-1-thread-3) 128.009ms
[2.560s][info][gc          ] Allocation Stall (pool-1-thread-3) 1.227ms
[2.562s][info][gc          ] Allocation Stall (pool-1-thread-4) 3.400ms
[2.565s][info][gc,phases   ] GC(7) Concurrent Relocate 137.564ms
[2.565s][info][gc,load     ] GC(7) Load: 0.67/0.38/0.19
[2.565s][info][gc,mmu      ] GC(7) MMU: 2ms/97.9%, 5ms/99.2%, 10ms/99.5%, 20ms/99.8%, 50ms/99.8%, 100ms/99.9%
[2.565s][info][gc,marking  ] GC(7) Mark: 2 stripe(s), 9 proactive flush(es), 1 terminate flush(es), 0 completion(s), 0 continuation(s) 
[2.565s][info][gc,marking  ] GC(7) Mark Stack Usage: 32M
[2.565s][info][gc,nmethod  ] GC(7) NMethods: 429 registered, 0 unregistered
[2.565s][info][gc,metaspace] GC(7) Metaspace: 6M used, 6M committed, 1088M reserved
[2.565s][info][gc,ref      ] GC(7) Soft: 34 encountered, 4 discovered, 0 enqueued
[2.565s][info][gc,ref      ] GC(7) Weak: 179 encountered, 92 discovered, 0 enqueued
[2.565s][info][gc,ref      ] GC(7) Final: 0 encountered, 0 discovered, 0 enqueued
[2.565s][info][gc,ref      ] GC(7) Phantom: 3 encountered, 2 discovered, 0 enqueued
[2.565s][info][gc,reloc    ] GC(7) Small Pages: 141 / 282M, Empty: 2M, Relocated: 97M, In-Place: 0
[2.565s][info][gc,reloc    ] GC(7) Medium Pages: 23 / 736M, Empty: 0M, Relocated: 251M, In-Place: 4
[2.565s][info][gc,reloc    ] GC(7) Large Pages: 0 / 0M, Empty: 0M, Relocated: 0M, In-Place: 0
[2.565s][info][gc,reloc    ] GC(7) Forwarding Usage: 0M
[2.565s][info][gc,heap     ] GC(7) Min Capacity: 1024M(100%)
[2.565s][info][gc,heap     ] GC(7) Max Capacity: 1024M(100%)
[2.565s][info][gc,heap     ] GC(7) Soft Max Capacity: 1024M(100%)
[2.565s][info][gc,heap     ] GC(7)                Mark Start          Mark End        Relocate Start      Relocate End           High               Low         
[2.565s][info][gc,heap     ] GC(7)  Capacity:     1024M (100%)       1024M (100%)       1024M (100%)       1024M (100%)       1024M (100%)       1024M (100%)   
[2.565s][info][gc,heap     ] GC(7)      Free:        6M (1%)            0M (0%)            2M (0%)           78M (8%)          186M (18%)           0M (0%)     
[2.565s][info][gc,heap     ] GC(7)      Used:     1018M (99%)        1024M (100%)       1022M (100%)        946M (92%)        1024M (100%)        838M (82%)    
[2.565s][info][gc,heap     ] GC(7)      Live:         -               349M (34%)         349M (34%)         349M (34%)            -                  -          
[2.565s][info][gc,heap     ] GC(7) Allocated:         -                 6M (1%)            6M (1%)          583M (57%)            -                  -          
[2.565s][info][gc,heap     ] GC(7)   Garbage:         -               668M (65%)         666M (65%)          12M (1%)             -                  -          
[2.565s][info][gc,heap     ] GC(7) Reclaimed:         -                  -                 2M (0%)          655M (64%)            -                  -          
[2.565s][info][gc          ] GC(7) Garbage Collection (Allocation Stall) 1018M(99%)->946M(92%)
[2.586s][info][gc,start    ] GC(8) Garbage Collection (Allocation Stall)
[2.586s][info][gc,ref      ] GC(8) Clearing All SoftReferences
[2.586s][info][gc,task     ] GC(8) Using 3 workers
[2.586s][info][gc,phases   ] GC(8) Pause Mark Start 0.006ms
[2.615s][info][gc,phases   ] GC(8) Concurrent Mark 28.458ms
[2.615s][info][gc,phases   ] GC(8) Pause Mark End 0.012ms
[2.615s][info][gc,phases   ] GC(8) Concurrent Mark Free 0.001ms
[2.616s][info][gc,phases   ] GC(8) Concurrent Process Non-Strong References 0.738ms
[2.616s][info][gc,phases   ] GC(8) Concurrent Reset Relocation Set 0.009ms
[2.618s][info][gc,phases   ] GC(8) Concurrent Select Relocation Set 1.425ms
[2.618s][info][gc,phases   ] GC(8) Pause Relocate Start 0.006ms
[2.622s][info][gc          ] Allocation Stall (pool-1-thread-4) 35.730ms
[2.623s][info][gc          ] Allocation Stall (pool-1-thread-3) 37.277ms
[2.624s][info][gc          ] Allocation Stall (pool-1-thread-1) 37.424ms
[2.624s][info][gc          ] Allocation Stall (pool-1-thread-2) 37.767ms
[2.673s][info][gc          ] Allocation Stall (pool-1-thread-2) 3.726ms
[2.673s][info][gc          ] Allocation Stall (pool-1-thread-1) 3.726ms
[2.673s][info][gc          ] Allocation Stall (pool-1-thread-4) 3.883ms
[2.674s][info][gc          ] Allocation Stall (pool-1-thread-3) 3.892ms
[2.689s][info][gc          ] Allocation Stall (pool-1-thread-2) 2.399ms
[2.689s][info][gc          ] Allocation Stall (pool-1-thread-4) 3.500ms
[2.689s][info][gc          ] Allocation Stall (pool-1-thread-1) 4.466ms
[2.689s][info][gc          ] Allocation Stall (pool-1-thread-3) 5.429ms
[2.697s][info][gc          ] Allocation Stall (pool-1-thread-1) 2.533ms
[2.703s][info][gc          ] Allocation Stall (pool-1-thread-4) 8.623ms
[2.703s][info][gc          ] Allocation Stall (pool-1-thread-2) 8.671ms
[2.703s][info][gc          ] Allocation Stall (pool-1-thread-3) 8.894ms
[2.727s][info][gc          ] Allocation Stall (pool-1-thread-3) 4.137ms
[2.730s][info][gc          ] Allocation Stall (pool-1-thread-4) 6.960ms
[2.730s][info][gc          ] Allocation Stall (pool-1-thread-2) 6.986ms
[2.753s][info][gc,phases   ] GC(8) Concurrent Relocate 134.826ms
[2.753s][info][gc,load     ] GC(8) Load: 0.67/0.38/0.19
[2.753s][info][gc,mmu      ] GC(8) MMU: 2ms/97.9%, 5ms/99.2%, 10ms/99.5%, 20ms/99.8%, 50ms/99.8%, 100ms/99.9%
[2.753s][info][gc,marking  ] GC(8) Mark: 2 stripe(s), 10 proactive flush(es), 1 terminate flush(es), 0 completion(s), 0 continuation(s) 
[2.753s][info][gc,marking  ] GC(8) Mark Stack Usage: 32M
[2.753s][info][gc,nmethod  ] GC(8) NMethods: 429 registered, 0 unregistered
[2.753s][info][gc,metaspace] GC(8) Metaspace: 6M used, 6M committed, 1088M reserved
[2.753s][info][gc,ref      ] GC(8) Soft: 34 encountered, 13 discovered, 0 enqueued
[2.753s][info][gc,ref      ] GC(8) Weak: 179 encountered, 87 discovered, 0 enqueued
[2.753s][info][gc,ref      ] GC(8) Final: 0 encountered, 0 discovered, 0 enqueued
[2.753s][info][gc,ref      ] GC(8) Phantom: 3 encountered, 2 discovered, 0 enqueued
[2.753s][info][gc,reloc    ] GC(8) Small Pages: 149 / 298M, Empty: 0M, Relocated: 97M, In-Place: 1
[2.753s][info][gc,reloc    ] GC(8) Medium Pages: 22 / 704M, Empty: 0M, Relocated: 248M, In-Place: 4
[2.753s][info][gc,reloc    ] GC(8) Large Pages: 0 / 0M, Empty: 0M, Relocated: 0M, In-Place: 0
[2.753s][info][gc,reloc    ] GC(8) Forwarding Usage: 0M
[2.753s][info][gc,heap     ] GC(8) Min Capacity: 1024M(100%)
[2.753s][info][gc,heap     ] GC(8) Max Capacity: 1024M(100%)
[2.753s][info][gc,heap     ] GC(8) Soft Max Capacity: 1024M(100%)
[2.753s][info][gc,heap     ] GC(8)                Mark Start          Mark End        Relocate Start      Relocate End           High               Low         
[2.753s][info][gc,heap     ] GC(8)  Capacity:     1024M (100%)       1024M (100%)       1024M (100%)       1024M (100%)       1024M (100%)       1024M (100%)   
[2.753s][info][gc,heap     ] GC(8)      Free:       22M (2%)           22M (2%)           22M (2%)          122M (12%)         154M (15%)           0M (0%)     
[2.753s][info][gc,heap     ] GC(8)      Used:     1002M (98%)        1002M (98%)        1002M (98%)         902M (88%)        1024M (100%)        870M (85%)    
[2.753s][info][gc,heap     ] GC(8)      Live:         -               348M (34%)         348M (34%)         348M (34%)            -                  -          
[2.753s][info][gc,heap     ] GC(8) Allocated:         -                 0M (0%)            0M (0%)          537M (53%)            -                  -          
[2.753s][info][gc,heap     ] GC(8)   Garbage:         -               653M (64%)         653M (64%)          15M (2%)             -                  -          
[2.753s][info][gc,heap     ] GC(8) Reclaimed:         -                  -                 0M (0%)          637M (62%)            -                  -          
[2.753s][info][gc          ] GC(8) Garbage Collection (Allocation Stall) 1002M(98%)->902M(88%)
[2.766s][info][gc,start    ] GC(9) Garbage Collection (Allocation Stall)
[2.766s][info][gc,ref      ] GC(9) Clearing All SoftReferences
[2.766s][info][gc,task     ] GC(9) Using 3 workers
[2.769s][info][gc,phases   ] GC(9) Pause Mark Start 0.013ms
[2.812s][info][gc,phases   ] GC(9) Concurrent Mark 42.319ms
[2.812s][info][gc,phases   ] GC(9) Pause Mark End 0.016ms
[2.812s][info][gc,phases   ] GC(9) Concurrent Mark Free 0.001ms
[2.813s][info][gc,phases   ] GC(9) Concurrent Process Non-Strong References 0.669ms
[2.813s][info][gc,phases   ] GC(9) Concurrent Reset Relocation Set 0.009ms
[2.814s][info][gc,phases   ] GC(9) Concurrent Select Relocation Set 1.509ms
[2.814s][info][gc,phases   ] GC(9) Pause Relocate Start 0.006ms
[2.819s][info][gc          ] Allocation Stall (pool-1-thread-3) 53.116ms
[2.821s][info][gc          ] Allocation Stall (pool-1-thread-2) 54.984ms
[2.821s][info][gc          ] Allocation Stall (pool-1-thread-4) 55.307ms
[2.821s][info][gc          ] Allocation Stall (pool-1-thread-1) 51.132ms
[2.836s][info][gc          ] Allocation Stall (pool-1-thread-4) 2.244ms
[2.836s][info][gc          ] Allocation Stall (pool-1-thread-1) 2.704ms
[2.851s][info][gc          ] Allocation Stall (pool-1-thread-4) 3.358ms
[2.851s][info][gc          ] Allocation Stall (pool-1-thread-2) 3.424ms
[2.852s][info][gc          ] Allocation Stall (pool-1-thread-3) 3.616ms
[2.854s][info][gc          ] Allocation Stall (pool-1-thread-1) 5.783ms
[2.866s][info][gc          ] Allocation Stall (pool-1-thread-3) 4.500ms
[2.867s][info][gc          ] Allocation Stall (pool-1-thread-4) 5.380ms
[2.867s][info][gc          ] Allocation Stall (pool-1-thread-1) 5.499ms
[2.869s][info][gc          ] Allocation Stall (pool-1-thread-2) 6.369ms
[2.886s][info][gc          ] Allocation Stall (pool-1-thread-2) 0.985ms
[2.888s][info][gc          ] Allocation Stall (pool-1-thread-1) 2.568ms
[2.888s][info][gc          ] Allocation Stall (pool-1-thread-4) 2.926ms
[2.889s][info][gc          ] Allocation Stall (pool-1-thread-3) 3.169ms
[2.900s][info][gc          ] Allocation Stall (pool-1-thread-2) 4.463ms
[2.916s][info][gc          ] Allocation Stall (pool-1-thread-4) 20.410ms
[2.921s][info][gc          ] Allocation Stall (pool-1-thread-1) 25.523ms
[2.921s][info][gc          ] Allocation Stall (pool-1-thread-3) 25.762ms
[2.921s][info][gc          ] Allocation Stall (pool-1-thread-2) 8.008ms
[2.922s][info][gc          ] Allocation Stall (pool-1-thread-4) 2.551ms
[2.942s][info][gc          ] Allocation Stall (pool-1-thread-1) 4.047ms
[2.943s][info][gc          ] Allocation Stall (pool-1-thread-2) 4.533ms
[2.943s][info][gc          ] Allocation Stall (pool-1-thread-3) 4.489ms
[2.962s][info][gc,phases   ] GC(9) Concurrent Relocate 147.340ms
[2.962s][info][gc,load     ] GC(9) Load: 0.67/0.38/0.19
[2.962s][info][gc,mmu      ] GC(9) MMU: 2ms/97.9%, 5ms/99.2%, 10ms/99.5%, 20ms/99.8%, 50ms/99.8%, 100ms/99.9%
[2.962s][info][gc,marking  ] GC(9) Mark: 2 stripe(s), 10 proactive flush(es), 1 terminate flush(es), 0 completion(s), 0 continuation(s) 
[2.962s][info][gc,marking  ] GC(9) Mark Stack Usage: 32M
[2.962s][info][gc,nmethod  ] GC(9) NMethods: 429 registered, 0 unregistered
[2.962s][info][gc,metaspace] GC(9) Metaspace: 6M used, 6M committed, 1088M reserved
[2.962s][info][gc,ref      ] GC(9) Soft: 34 encountered, 4 discovered, 0 enqueued
[2.962s][info][gc,ref      ] GC(9) Weak: 179 encountered, 14 discovered, 0 enqueued
[2.962s][info][gc,ref      ] GC(9) Final: 0 encountered, 0 discovered, 0 enqueued
[2.962s][info][gc,ref      ] GC(9) Phantom: 3 encountered, 2 discovered, 0 enqueued
[2.962s][info][gc,reloc    ] GC(9) Small Pages: 145 / 290M, Empty: 0M, Relocated: 97M, In-Place: 0
[2.962s][info][gc,reloc    ] GC(9) Medium Pages: 22 / 704M, Empty: 0M, Relocated: 249M, In-Place: 4
[2.962s][info][gc,reloc    ] GC(9) Large Pages: 0 / 0M, Empty: 0M, Relocated: 0M, In-Place: 0
[2.962s][info][gc,reloc    ] GC(9) Forwarding Usage: 0M
[2.962s][info][gc,heap     ] GC(9) Min Capacity: 1024M(100%)
[2.962s][info][gc,heap     ] GC(9) Max Capacity: 1024M(100%)
[2.962s][info][gc,heap     ] GC(9) Soft Max Capacity: 1024M(100%)
[2.962s][info][gc,heap     ] GC(9)                Mark Start          Mark End        Relocate Start      Relocate End           High               Low         
[2.962s][info][gc,heap     ] GC(9)  Capacity:     1024M (100%)       1024M (100%)       1024M (100%)       1024M (100%)       1024M (100%)       1024M (100%)   
[2.962s][info][gc,heap     ] GC(9)      Free:       30M (3%)           28M (3%)           28M (3%)          156M (15%)         156M (15%)           0M (0%)     
[2.962s][info][gc,heap     ] GC(9)      Used:      994M (97%)         996M (97%)         996M (97%)         868M (85%)        1024M (100%)        868M (85%)    
[2.962s][info][gc,heap     ] GC(9)      Live:         -               349M (34%)         349M (34%)         349M (34%)            -                  -          
[2.962s][info][gc,heap     ] GC(9) Allocated:         -                 2M (0%)            2M (0%)          507M (50%)            -                  -          
[2.962s][info][gc,heap     ] GC(9)   Garbage:         -               644M (63%)         644M (63%)          10M (1%)             -                  -          
[2.962s][info][gc,heap     ] GC(9) Reclaimed:         -                  -                 0M (0%)          633M (62%)            -                  -          
[2.962s][info][gc          ] GC(9) Garbage Collection (Allocation Stall) 994M(97%)->868M(85%)
[2.965s][info][gc,start    ] GC(10) Garbage Collection (Allocation Stall)
[2.965s][info][gc,ref      ] GC(10) Clearing All SoftReferences
[2.965s][info][gc,task     ] GC(10) Using 3 workers
[2.966s][info][gc,phases   ] GC(10) Pause Mark Start 0.016ms
[3.000s][info][gc,phases   ] GC(10) Concurrent Mark 33.455ms
[3.000s][info][gc,phases   ] GC(10) Pause Mark End 0.026ms
[3.000s][info][gc,phases   ] GC(10) Concurrent Mark Free 0.001ms
[3.001s][info][gc,phases   ] GC(10) Concurrent Process Non-Strong References 1.071ms
[3.001s][info][gc,phases   ] GC(10) Concurrent Reset Relocation Set 0.028ms
[3.007s][info][gc,phases   ] GC(10) Concurrent Select Relocation Set 5.448ms
[3.007s][info][gc,phases   ] GC(10) Pause Relocate Start 0.019ms
[3.015s][info][gc          ] Allocation Stall (pool-1-thread-4) 33.710ms
[3.024s][info][gc          ] Allocation Stall (pool-1-thread-2) 42.467ms
[3.024s][info][gc          ] Allocation Stall (pool-1-thread-1) 36.732ms
[3.024s][info][gc          ] Allocation Stall (pool-1-thread-3) 12.580ms
[3.039s][info][gc          ] Allocation Stall (pool-1-thread-2) 2.792ms
[3.045s][info][gc          ] Allocation Stall (pool-1-thread-4) 8.041ms
[3.045s][info][gc          ] Allocation Stall (pool-1-thread-1) 8.356ms
[3.045s][info][gc          ] Allocation Stall (pool-1-thread-3) 7.568ms
[3.060s][info][gc          ] Allocation Stall (pool-1-thread-1) 0.862ms
[3.063s][info][gc          ] Allocation Stall (pool-1-thread-2) 3.406ms
[3.064s][info][gc          ] Allocation Stall (pool-1-thread-4) 4.003ms
[3.065s][info][gc          ] Allocation Stall (pool-1-thread-3) 5.269ms
[3.066s][info][gc          ] Allocation Stall (pool-1-thread-2) 2.592ms
[3.066s][info][gc          ] Allocation Stall (pool-1-thread-1) 1.014ms
[3.088s][info][gc          ] Allocation Stall (pool-1-thread-3) 5.012ms
[3.091s][info][gc          ] Allocation Stall (pool-1-thread-1) 8.086ms
[3.092s][info][gc          ] Allocation Stall (pool-1-thread-4) 8.362ms
[3.092s][info][gc          ] Allocation Stall (pool-1-thread-2) 8.506ms
[3.092s][info][gc          ] Allocation Stall (pool-1-thread-3) 1.042ms
[3.101s][info][gc          ] Allocation Stall (pool-1-thread-4) 2.440ms
[3.106s][info][gc          ] Allocation Stall (pool-1-thread-1) 7.427ms
[3.107s][info][gc          ] Allocation Stall (pool-1-thread-2) 7.931ms
[3.107s][info][gc          ] Allocation Stall (pool-1-thread-3) 7.891ms
[3.135s][info][gc,phases   ] GC(10) Concurrent Relocate 127.166ms
[3.135s][info][gc,load     ] GC(10) Load: 0.67/0.38/0.19
[3.135s][info][gc,mmu      ] GC(10) MMU: 2ms/97.9%, 5ms/99.2%, 10ms/99.5%, 20ms/99.8%, 50ms/99.8%, 100ms/99.9%
[3.135s][info][gc,marking  ] GC(10) Mark: 2 stripe(s), 6 proactive flush(es), 1 terminate flush(es), 0 completion(s), 0 continuation(s) 
[3.135s][info][gc,marking  ] GC(10) Mark Stack Usage: 32M
[3.135s][info][gc,nmethod  ] GC(10) NMethods: 429 registered, 0 unregistered
[3.135s][info][gc,metaspace] GC(10) Metaspace: 6M used, 6M committed, 1088M reserved
[3.135s][info][gc,ref      ] GC(10) Soft: 34 encountered, 11 discovered, 0 enqueued
[3.135s][info][gc,ref      ] GC(10) Weak: 179 encountered, 4 discovered, 0 enqueued
[3.135s][info][gc,ref      ] GC(10) Final: 0 encountered, 0 discovered, 0 enqueued
[3.135s][info][gc,ref      ] GC(10) Phantom: 3 encountered, 1 discovered, 0 enqueued
[3.135s][info][gc,reloc    ] GC(10) Small Pages: 132 / 264M, Empty: 2M, Relocated: 88M, In-Place: 0
[3.135s][info][gc,reloc    ] GC(10) Medium Pages: 19 / 608M, Empty: 0M, Relocated: 222M, In-Place: 5
[3.135s][info][gc,reloc    ] GC(10) Large Pages: 0 / 0M, Empty: 0M, Relocated: 0M, In-Place: 0
[3.135s][info][gc,reloc    ] GC(10) Forwarding Usage: 0M
[3.135s][info][gc,heap     ] GC(10) Min Capacity: 1024M(100%)
[3.135s][info][gc,heap     ] GC(10) Max Capacity: 1024M(100%)
[3.135s][info][gc,heap     ] GC(10) Soft Max Capacity: 1024M(100%)
[3.135s][info][gc,heap     ] GC(10)                Mark Start          Mark End        Relocate Start      Relocate End           High               Low         
[3.135s][info][gc,heap     ] GC(10)  Capacity:     1024M (100%)       1024M (100%)       1024M (100%)       1024M (100%)       1024M (100%)       1024M (100%)   
[3.135s][info][gc,heap     ] GC(10)      Free:      152M (15%)          24M (2%)           20M (2%)          168M (16%)         194M (19%)           0M (0%)     
[3.135s][info][gc,heap     ] GC(10)      Used:      872M (85%)        1000M (98%)        1004M (98%)         856M (84%)        1024M (100%)        830M (81%)    
[3.135s][info][gc,heap     ] GC(10)      Live:         -               311M (30%)         311M (30%)         311M (30%)            -                  -          
[3.135s][info][gc,heap     ] GC(10) Allocated:         -               128M (12%)         134M (13%)         537M (53%)            -                  -          
[3.135s][info][gc,heap     ] GC(10)   Garbage:         -               560M (55%)         558M (55%)           6M (1%)             -                  -          
[3.135s][info][gc,heap     ] GC(10) Reclaimed:         -                  -                 2M (0%)          553M (54%)            -                  -          
[3.135s][info][gc          ] GC(10) Garbage Collection (Allocation Stall) 872M(85%)->856M(84%)
[3.154s][info][gc,start    ] GC(11) Garbage Collection (Allocation Stall)
[3.154s][info][gc,ref      ] GC(11) Clearing All SoftReferences
[3.154s][info][gc,task     ] GC(11) Using 3 workers
[3.156s][info][gc,phases   ] GC(11) Pause Mark Start 0.014ms
[3.156s][info][gc          ] Allocation Stall (pool-1-thread-3) 2.799ms
[3.175s][info][gc,phases   ] GC(11) Concurrent Mark 19.259ms
[3.176s][info][gc,phases   ] GC(11) Pause Mark End 0.018ms
[3.177s][info][gc,phases   ] GC(11) Concurrent Mark Free 0.002ms
[3.177s][info][gc,phases   ] GC(11) Concurrent Process Non-Strong References 0.625ms
[3.177s][info][gc,phases   ] GC(11) Concurrent Reset Relocation Set 0.010ms
[3.179s][info][gc,phases   ] GC(11) Concurrent Select Relocation Set 1.918ms
[3.179s][info][gc,phases   ] GC(11) Pause Relocate Start 0.012ms
[3.184s][info][gc          ] Allocation Stall (pool-1-thread-1) 10.950ms
[3.184s][info][gc          ] Allocation Stall (pool-1-thread-4) 12.512ms
[3.184s][info][gc          ] Allocation Stall (pool-1-thread-3) 12.718ms
[3.198s][info][gc          ] Allocation Stall (pool-1-thread-4) 2.067ms
[3.199s][info][gc          ] Allocation Stall (pool-1-thread-1) 3.243ms
[3.200s][info][gc          ] Allocation Stall (pool-1-thread-3) 3.613ms
[3.210s][info][gc          ] Allocation Stall (pool-1-thread-3) 2.376ms
[3.211s][info][gc          ] Allocation Stall (pool-1-thread-4) 3.403ms
[3.212s][info][gc          ] Allocation Stall (pool-1-thread-1) 3.925ms
[3.212s][info][gc          ] Allocation Stall (pool-1-thread-3) 2.338ms
[3.212s][info][gc          ] Allocation Stall (pool-1-thread-4) 0.441ms
[3.223s][info][gc          ] Allocation Stall (pool-1-thread-4) 1.322ms
[3.227s][info][gc          ] Allocation Stall (pool-1-thread-3) 5.418ms
[3.228s][info][gc          ] Allocation Stall (pool-1-thread-1) 5.706ms
[3.250s][info][gc          ] Allocation Stall (pool-1-thread-3) 6.611ms
[3.254s][info][gc          ] Allocation Stall (pool-1-thread-4) 9.669ms
[3.254s][info][gc          ] Allocation Stall (pool-1-thread-1) 9.227ms
[3.272s][info][gc          ] Allocation Stall (pool-1-thread-4) 4.652ms
[3.273s][info][gc          ] Allocation Stall (pool-1-thread-1) 3.592ms
[3.275s][info][gc          ] Allocation Stall (pool-1-thread-3) 5.166ms
[3.275s][info][gc          ] Allocation Stall (pool-1-thread-4) 2.450ms
[3.276s][info][gc          ] Relocation Stall (pool-1-thread-2) 91.937ms
[3.276s][info][gc          ] Allocation Stall (pool-1-thread-2) 122.422ms
[3.276s][info][gc          ] Allocation Stall (pool-1-thread-1) 2.976ms
[3.317s][info][gc,phases   ] GC(11) Concurrent Relocate 137.682ms
[3.317s][info][gc,load     ] GC(11) Load: 0.67/0.38/0.19
[3.317s][info][gc,mmu      ] GC(11) MMU: 2ms/97.9%, 5ms/99.2%, 10ms/99.5%, 20ms/99.8%, 50ms/99.8%, 100ms/99.9%
[3.317s][info][gc,marking  ] GC(11) Mark: 2 stripe(s), 10 proactive flush(es), 1 terminate flush(es), 0 completion(s), 0 continuation(s) 
[3.317s][info][gc,marking  ] GC(11) Mark Stack Usage: 32M
[3.317s][info][gc,nmethod  ] GC(11) NMethods: 429 registered, 0 unregistered
[3.317s][info][gc,metaspace] GC(11) Metaspace: 6M used, 6M committed, 1088M reserved
[3.317s][info][gc,ref      ] GC(11) Soft: 34 encountered, 25 discovered, 0 enqueued
[3.317s][info][gc,ref      ] GC(11) Weak: 179 encountered, 14 discovered, 0 enqueued
[3.317s][info][gc,ref      ] GC(11) Final: 0 encountered, 0 discovered, 0 enqueued
[3.317s][info][gc,ref      ] GC(11) Phantom: 3 encountered, 1 discovered, 0 enqueued
[3.317s][info][gc,reloc    ] GC(11) Small Pages: 140 / 280M, Empty: 2M, Relocated: 93M, In-Place: 0
[3.317s][info][gc,reloc    ] GC(11) Medium Pages: 22 / 704M, Empty: 0M, Relocated: 241M, In-Place: 6
[3.317s][info][gc,reloc    ] GC(11) Large Pages: 0 / 0M, Empty: 0M, Relocated: 0M, In-Place: 0
[3.317s][info][gc,reloc    ] GC(11) Forwarding Usage: 0M
[3.317s][info][gc,heap     ] GC(11) Min Capacity: 1024M(100%)
[3.317s][info][gc,heap     ] GC(11) Max Capacity: 1024M(100%)
[3.318s][info][gc,heap     ] GC(11) Soft Max Capacity: 1024M(100%)
[3.318s][info][gc,heap     ] GC(11)                Mark Start          Mark End        Relocate Start      Relocate End           High               Low         
[3.318s][info][gc,heap     ] GC(11)  Capacity:     1024M (100%)       1024M (100%)       1024M (100%)       1024M (100%)       1024M (100%)       1024M (100%)   
[3.318s][info][gc,heap     ] GC(11)      Free:        8M (1%)            0M (0%)            2M (0%)          136M (13%)         172M (17%)           0M (0%)     
[3.318s][info][gc,heap     ] GC(11)      Used:     1016M (99%)        1024M (100%)       1022M (100%)        888M (87%)        1024M (100%)        852M (83%)    
[3.318s][info][gc,heap     ] GC(11)      Live:         -               339M (33%)         339M (33%)         339M (33%)            -                  -          
[3.318s][info][gc,heap     ] GC(11) Allocated:         -                 8M (1%)            8M (1%)          493M (48%)            -                  -          
[3.318s][info][gc,heap     ] GC(11)   Garbage:         -               676M (66%)         674M (66%)          54M (5%)             -                  -          
[3.318s][info][gc,heap     ] GC(11) Reclaimed:         -                  -                 2M (0%)          621M (61%)            -                  -          
[3.318s][info][gc          ] GC(11) Garbage Collection (Allocation Stall) 1016M(99%)->888M(87%)
[3.330s][info][gc,start    ] GC(12) Garbage Collection (Allocation Stall)
[3.330s][info][gc,ref      ] GC(12) Clearing All SoftReferences
[3.330s][info][gc,task     ] GC(12) Using 3 workers
[3.333s][info][gc,phases   ] GC(12) Pause Mark Start 0.017ms
[3.333s][info][gc          ] Allocation Stall (pool-1-thread-2) 3.721ms
[3.351s][info][gc,phases   ] GC(12) Concurrent Mark 18.005ms
[3.352s][info][gc,phases   ] GC(12) Pause Mark End 0.011ms
[3.352s][info][gc,phases   ] GC(12) Concurrent Mark Free 0.001ms
[3.352s][info][gc,phases   ] GC(12) Concurrent Process Non-Strong References 0.668ms
[3.352s][info][gc,phases   ] GC(12) Concurrent Reset Relocation Set 0.011ms
[3.354s][info][gc,phases   ] GC(12) Concurrent Select Relocation Set 1.512ms
[3.354s][info][gc,phases   ] GC(12) Pause Relocate Start 0.007ms
[3.360s][info][gc          ] Allocation Stall (pool-1-thread-1) 30.138ms
[3.360s][info][gc          ] Allocation Stall (pool-1-thread-4) 11.390ms
[3.360s][info][gc          ] Allocation Stall (pool-1-thread-3) 11.635ms
[3.360s][info][gc          ] Allocation Stall (pool-1-thread-2) 11.602ms
[3.379s][info][gc          ] Allocation Stall (pool-1-thread-4) 3.801ms
[3.380s][info][gc          ] Allocation Stall (pool-1-thread-3) 4.434ms
[3.380s][info][gc          ] Allocation Stall (pool-1-thread-2) 4.625ms
[3.380s][info][gc          ] Allocation Stall (pool-1-thread-1) 4.594ms
[3.392s][info][gc          ] Allocation Stall (pool-1-thread-3) 4.736ms
[3.404s][info][gc          ] Allocation Stall (pool-1-thread-1) 16.289ms
[3.404s][info][gc          ] Allocation Stall (pool-1-thread-4) 16.810ms
[3.404s][info][gc          ] Allocation Stall (pool-1-thread-2) 16.574ms
[3.422s][info][gc          ] Allocation Stall (pool-1-thread-3) 6.189ms
[3.431s][info][gc          ] Allocation Stall (pool-1-thread-1) 15.121ms
[3.431s][info][gc          ] Allocation Stall (pool-1-thread-4) 15.228ms
[3.432s][info][gc          ] Allocation Stall (pool-1-thread-2) 15.197ms
[3.446s][info][gc          ] Allocation Stall (pool-1-thread-2) 2.019ms
[3.447s][info][gc          ] Allocation Stall (pool-1-thread-1) 1.017ms
[3.452s][info][gc          ] Allocation Stall (pool-1-thread-3) 4.664ms
[3.467s][info][gc          ] Allocation Stall (pool-1-thread-2) 20.098ms
[3.469s][info][gc          ] Allocation Stall (pool-1-thread-1) 21.315ms
[3.469s][info][gc          ] Allocation Stall (pool-1-thread-4) 21.360ms
[3.469s][info][gc          ] Allocation Stall (pool-1-thread-3) 1.464ms
[3.519s][info][gc,phases   ] GC(12) Concurrent Relocate 164.853ms
[3.519s][info][gc,load     ] GC(12) Load: 0.67/0.38/0.19
[3.519s][info][gc,mmu      ] GC(12) MMU: 2ms/97.9%, 5ms/99.2%, 10ms/99.5%, 20ms/99.8%, 50ms/99.8%, 100ms/99.9%
[3.519s][info][gc,marking  ] GC(12) Mark: 2 stripe(s), 9 proactive flush(es), 1 terminate flush(es), 0 completion(s), 0 continuation(s) 
[3.519s][info][gc,marking  ] GC(12) Mark Stack Usage: 32M
[3.519s][info][gc,nmethod  ] GC(12) NMethods: 429 registered, 0 unregistered
[3.519s][info][gc,metaspace] GC(12) Metaspace: 6M used, 6M committed, 1088M reserved
[3.519s][info][gc,ref      ] GC(12) Soft: 34 encountered, 23 discovered, 0 enqueued
[3.519s][info][gc,ref      ] GC(12) Weak: 179 encountered, 4 discovered, 0 enqueued
[3.523s][info][gc,ref      ] GC(12) Final: 0 encountered, 0 discovered, 0 enqueued
[3.523s][info][gc,ref      ] GC(12) Phantom: 3 encountered, 1 discovered, 0 enqueued
[3.523s][info][gc,reloc    ] GC(12) Small Pages: 135 / 270M, Empty: 0M, Relocated: 90M, In-Place: 0
[3.523s][info][gc,reloc    ] GC(12) Medium Pages: 22 / 704M, Empty: 0M, Relocated: 245M, In-Place: 8
[3.523s][info][gc,reloc    ] GC(12) Large Pages: 0 / 0M, Empty: 0M, Relocated: 0M, In-Place: 0
[3.523s][info][gc,reloc    ] GC(12) Forwarding Usage: 0M
[3.523s][info][gc,heap     ] GC(12) Min Capacity: 1024M(100%)
[3.523s][info][gc,heap     ] GC(12) Max Capacity: 1024M(100%)
[3.523s][info][gc,heap     ] GC(12) Soft Max Capacity: 1024M(100%)
[3.523s][info][gc,heap     ] GC(12)                Mark Start          Mark End        Relocate Start      Relocate End           High               Low         
[3.523s][info][gc,heap     ] GC(12)  Capacity:     1024M (100%)       1024M (100%)       1024M (100%)       1024M (100%)       1024M (100%)       1024M (100%)   
[3.523s][info][gc,heap     ] GC(12)      Free:       18M (2%)            4M (0%)            4M (0%)           60M (6%)          132M (13%)           0M (0%)     
[3.523s][info][gc,heap     ] GC(12)      Used:     1006M (98%)        1020M (100%)       1020M (100%)        964M (94%)        1024M (100%)        892M (87%)    
[3.523s][info][gc,heap     ] GC(12)      Live:         -               337M (33%)         337M (33%)         337M (33%)            -                  -          
[3.523s][info][gc,heap     ] GC(12) Allocated:         -                14M (1%)           14M (1%)          579M (57%)            -                  -          
[3.523s][info][gc,heap     ] GC(12)   Garbage:         -               668M (65%)         668M (65%)          46M (5%)             -                  -          
[3.523s][info][gc,heap     ] GC(12) Reclaimed:         -                  -                 0M (0%)          621M (61%)            -                  -          
[3.523s][info][gc          ] GC(12) Garbage Collection (Allocation Stall) 1006M(98%)->964M(94%)
[3.562s][info][gc,start    ] GC(13) Garbage Collection (Allocation Stall)
[3.562s][info][gc,ref      ] GC(13) Clearing All SoftReferences
[3.562s][info][gc,task     ] GC(13) Using 3 workers
[3.562s][info][gc,phases   ] GC(13) Pause Mark Start 0.014ms
[3.573s][info][gc,phases   ] GC(13) Concurrent Mark 10.402ms
[3.573s][info][gc,phases   ] GC(13) Pause Mark End 0.019ms
[3.573s][info][gc,phases   ] GC(13) Concurrent Mark Free 0.001ms
[3.574s][info][gc,phases   ] GC(13) Concurrent Process Non-Strong References 0.919ms
[3.574s][info][gc,phases   ] GC(13) Concurrent Reset Relocation Set 0.015ms
[3.577s][info][gc,phases   ] GC(13) Concurrent Select Relocation Set 3.427ms
[3.577s][info][gc,phases   ] GC(13) Pause Relocate Start 0.008ms
[3.582s][info][gc          ] Allocation Stall (pool-1-thread-2) 20.364ms
[3.583s][info][gc          ] Allocation Stall (pool-1-thread-3) 21.123ms
[3.583s][info][gc          ] Allocation Stall (pool-1-thread-4) 21.308ms
[3.583s][info][gc          ] Allocation Stall (pool-1-thread-1) 21.600ms
[3.592s][info][gc          ] Allocation Stall (pool-1-thread-3) 1.890ms
[3.592s][info][gc          ] Allocation Stall (pool-1-thread-1) 2.437ms
[3.592s][info][gc          ] Allocation Stall (pool-1-thread-4) 2.503ms
[3.593s][info][gc          ] Allocation Stall (pool-1-thread-2) 2.580ms
[3.638s][info][gc          ] Allocation Stall (pool-1-thread-1) 0.490ms
[3.641s][info][gc          ] Allocation Stall (pool-1-thread-3) 3.101ms
[3.641s][info][gc          ] Allocation Stall (pool-1-thread-4) 3.478ms
[3.642s][info][gc          ] Allocation Stall (pool-1-thread-2) 3.425ms
[3.658s][info][gc          ] Allocation Stall (pool-1-thread-2) 2.831ms
[3.659s][info][gc          ] Allocation Stall (pool-1-thread-4) 3.249ms
[3.658s][info][gc          ] Allocation Stall (pool-1-thread-3) 4.548ms
[3.658s][info][gc          ] Allocation Stall (pool-1-thread-1) 5.137ms
[3.677s][info][gc          ] Allocation Stall (pool-1-thread-4) 4.573ms
[3.680s][info][gc          ] Allocation Stall (pool-1-thread-2) 8.270ms
[3.681s][info][gc          ] Allocation Stall (pool-1-thread-1) 8.536ms
[3.681s][info][gc          ] Allocation Stall (pool-1-thread-3) 8.801ms
[3.696s][info][gc          ] Allocation Stall (pool-1-thread-3) 1.776ms
[3.699s][info][gc          ] Allocation Stall (pool-1-thread-2) 4.471ms
[3.699s][info][gc          ] Allocation Stall (pool-1-thread-4) 4.649ms
[3.699s][info][gc          ] Allocation Stall (pool-1-thread-1) 4.765ms
[3.721s][info][gc          ] Allocation Stall (pool-1-thread-1) 3.782ms
[3.722s][info][gc          ] Allocation Stall (pool-1-thread-4) 3.741ms
[3.725s][info][gc,phases   ] GC(13) Concurrent Relocate 147.504ms
[3.725s][info][gc,load     ] GC(13) Load: 0.67/0.38/0.19
[3.725s][info][gc,mmu      ] GC(13) MMU: 2ms/97.9%, 5ms/99.2%, 10ms/99.5%, 20ms/99.8%, 50ms/99.8%, 100ms/99.9%
[3.725s][info][gc,marking  ] GC(13) Mark: 2 stripe(s), 2 proactive flush(es), 1 terminate flush(es), 0 completion(s), 0 continuation(s) 
[3.725s][info][gc,marking  ] GC(13) Mark Stack Usage: 32M
[3.725s][info][gc,nmethod  ] GC(13) NMethods: 429 registered, 0 unregistered
[3.725s][info][gc,metaspace] GC(13) Metaspace: 6M used, 6M committed, 1088M reserved
[3.725s][info][gc,ref      ] GC(13) Soft: 34 encountered, 16 discovered, 0 enqueued
[3.725s][info][gc,ref      ] GC(13) Weak: 179 encountered, 76 discovered, 0 enqueued
[3.725s][info][gc,ref      ] GC(13) Final: 0 encountered, 0 discovered, 0 enqueued
[3.725s][info][gc,ref      ] GC(13) Phantom: 3 encountered, 0 discovered, 0 enqueued
[3.725s][info][gc,reloc    ] GC(13) Small Pages: 148 / 296M, Empty: 2M, Relocated: 97M, In-Place: 3
[3.725s][info][gc,reloc    ] GC(13) Medium Pages: 22 / 704M, Empty: 0M, Relocated: 242M, In-Place: 4
[3.725s][info][gc,reloc    ] GC(13) Large Pages: 0 / 0M, Empty: 0M, Relocated: 0M, In-Place: 0
[3.725s][info][gc,reloc    ] GC(13) Forwarding Usage: 0M
[3.725s][info][gc,heap     ] GC(13) Min Capacity: 1024M(100%)
[3.725s][info][gc,heap     ] GC(13) Max Capacity: 1024M(100%)
[3.725s][info][gc,heap     ] GC(13) Soft Max Capacity: 1024M(100%)
[3.725s][info][gc,heap     ] GC(13)                Mark Start          Mark End        Relocate Start      Relocate End           High               Low         
[3.725s][info][gc,heap     ] GC(13)  Capacity:     1024M (100%)       1024M (100%)       1024M (100%)       1024M (100%)       1024M (100%)       1024M (100%)   
[3.725s][info][gc,heap     ] GC(13)      Free:       24M (2%)           24M (2%)           26M (3%)           44M (4%)          114M (11%)           0M (0%)     
[3.725s][info][gc,heap     ] GC(13)      Used:     1000M (98%)        1000M (98%)         998M (97%)         980M (96%)        1024M (100%)        910M (89%)    
[3.725s][info][gc,heap     ] GC(13)      Live:         -               345M (34%)         345M (34%)         345M (34%)            -                  -          
[3.725s][info][gc,heap     ] GC(13) Allocated:         -                 0M (0%)            0M (0%)          613M (60%)            -                  -          
[3.725s][info][gc,heap     ] GC(13)   Garbage:         -               654M (64%)         652M (64%)          20M (2%)             -                  -          
[3.725s][info][gc,heap     ] GC(13) Reclaimed:         -                  -                 2M (0%)          633M (62%)            -                  -          
[3.725s][info][gc          ] GC(13) Garbage Collection (Allocation Stall) 1000M(98%)->980M(96%)
[3.742s][info][gc,start    ] GC(14) Garbage Collection (Allocation Stall)
[3.742s][info][gc,ref      ] GC(14) Clearing All SoftReferences
[3.742s][info][gc,task     ] GC(14) Using 3 workers
[3.742s][info][gc,phases   ] GC(14) Pause Mark Start 0.013ms
[3.750s][info][gc,phases   ] GC(14) Concurrent Mark 7.483ms
[3.750s][info][gc,phases   ] GC(14) Pause Mark End 0.009ms
[3.750s][info][gc,phases   ] GC(14) Concurrent Mark Free 0.001ms
[3.751s][info][gc,phases   ] GC(14) Concurrent Process Non-Strong References 0.500ms
[3.751s][info][gc,phases   ] GC(14) Concurrent Reset Relocation Set 0.006ms
[3.752s][info][gc,phases   ] GC(14) Concurrent Select Relocation Set 1.172ms
[3.752s][info][gc,phases   ] GC(14) Pause Relocate Start 0.008ms
[3.757s][info][gc          ] Allocation Stall (pool-1-thread-3) 15.313ms
[3.757s][info][gc          ] Allocation Stall (pool-1-thread-1) 15.276ms
[3.757s][info][gc          ] Allocation Stall (pool-1-thread-4) 15.338ms
[3.758s][info][gc          ] Allocation Stall (pool-1-thread-2) 15.469ms
[3.775s][info][gc          ] Allocation Stall (pool-1-thread-1) 0.436ms
[3.782s][info][gc          ] Allocation Stall (pool-1-thread-3) 6.802ms
[3.782s][info][gc          ] Allocation Stall (pool-1-thread-4) 7.396ms
[3.782s][info][gc          ] Allocation Stall (pool-1-thread-2) 7.223ms
[3.798s][info][gc          ] Allocation Stall (pool-1-thread-4) 4.050ms
[3.798s][info][gc          ] Allocation Stall (pool-1-thread-2) 4.392ms
[3.798s][info][gc          ] Allocation Stall (pool-1-thread-1) 4.580ms
[3.799s][info][gc          ] Allocation Stall (pool-1-thread-3) 4.763ms
[3.811s][info][gc          ] Allocation Stall (pool-1-thread-4) 3.236ms
[3.812s][info][gc          ] Allocation Stall (pool-1-thread-2) 4.308ms
[3.812s][info][gc          ] Allocation Stall (pool-1-thread-3) 4.493ms
[3.812s][info][gc          ] Allocation Stall (pool-1-thread-1) 4.654ms
[3.824s][info][gc          ] Allocation Stall (pool-1-thread-1) 4.769ms
[3.824s][info][gc          ] Allocation Stall (pool-1-thread-2) 4.971ms
[3.824s][info][gc          ] Allocation Stall (pool-1-thread-4) 5.230ms
[3.824s][info][gc          ] Allocation Stall (pool-1-thread-3) 5.397ms
[3.842s][info][gc          ] Allocation Stall (pool-1-thread-4) 0.101ms
[3.848s][info][gc          ] Allocation Stall (pool-1-thread-1) 6.267ms
[3.848s][info][gc          ] Allocation Stall (pool-1-thread-3) 6.412ms
[3.848s][info][gc          ] Allocation Stall (pool-1-thread-2) 6.676ms
[3.848s][info][gc          ] Allocation Stall (pool-1-thread-4) 5.012ms
[3.889s][info][gc,phases   ] GC(14) Concurrent Relocate 136.576ms
[3.889s][info][gc,load     ] GC(14) Load: 0.67/0.38/0.19
[3.889s][info][gc,mmu      ] GC(14) MMU: 2ms/97.9%, 5ms/99.2%, 10ms/99.5%, 20ms/99.8%, 50ms/99.8%, 100ms/99.9%
[3.889s][info][gc,marking  ] GC(14) Mark: 2 stripe(s), 5 proactive flush(es), 1 terminate flush(es), 0 completion(s), 0 continuation(s) 
[3.889s][info][gc,marking  ] GC(14) Mark Stack Usage: 32M
[3.889s][info][gc,nmethod  ] GC(14) NMethods: 429 registered, 0 unregistered
[3.889s][info][gc,metaspace] GC(14) Metaspace: 6M used, 6M committed, 1088M reserved
[3.889s][info][gc,ref      ] GC(14) Soft: 34 encountered, 3 discovered, 0 enqueued
[3.889s][info][gc,ref      ] GC(14) Weak: 179 encountered, 7 discovered, 0 enqueued
[3.889s][info][gc,ref      ] GC(14) Final: 0 encountered, 0 discovered, 0 enqueued
[3.889s][info][gc,ref      ] GC(14) Phantom: 3 encountered, 2 discovered, 0 enqueued
[3.889s][info][gc,reloc    ] GC(14) Small Pages: 150 / 300M, Empty: 0M, Relocated: 97M, In-Place: 0
[3.889s][info][gc,reloc    ] GC(14) Medium Pages: 22 / 704M, Empty: 0M, Relocated: 246M, In-Place: 5
[3.889s][info][gc,reloc    ] GC(14) Large Pages: 0 / 0M, Empty: 0M, Relocated: 0M, In-Place: 0
[3.889s][info][gc,reloc    ] GC(14) Forwarding Usage: 0M
[3.889s][info][gc,heap     ] GC(14) Min Capacity: 1024M(100%)
[3.889s][info][gc,heap     ] GC(14) Max Capacity: 1024M(100%)
[3.889s][info][gc,heap     ] GC(14) Soft Max Capacity: 1024M(100%)
[3.889s][info][gc,heap     ] GC(14)                Mark Start          Mark End        Relocate Start      Relocate End           High               Low         
[3.889s][info][gc,heap     ] GC(14)  Capacity:     1024M (100%)       1024M (100%)       1024M (100%)       1024M (100%)       1024M (100%)       1024M (100%)   
[3.889s][info][gc,heap     ] GC(14)      Free:       20M (2%)           20M (2%)           20M (2%)          110M (11%)         112M (11%)           0M (0%)     
[3.889s][info][gc,heap     ] GC(14)      Used:     1004M (98%)        1004M (98%)        1004M (98%)         914M (89%)        1024M (100%)        912M (89%)    
[3.889s][info][gc,heap     ] GC(14)      Live:         -               348M (34%)         348M (34%)         348M (34%)            -                  -          
[3.889s][info][gc,heap     ] GC(14) Allocated:         -                 0M (0%)            0M (0%)          549M (54%)            -                  -          
[3.889s][info][gc,heap     ] GC(14)   Garbage:         -               655M (64%)         655M (64%)          15M (2%)             -                  -          
[3.889s][info][gc,heap     ] GC(14) Reclaimed:         -                  -                 0M (0%)          639M (62%)            -                  -          
[3.889s][info][gc          ] GC(14) Garbage Collection (Allocation Stall) 1004M(98%)->914M(89%)
[3.898s][info][gc,start    ] GC(15) Garbage Collection (Allocation Stall)
[3.898s][info][gc,ref      ] GC(15) Clearing All SoftReferences
[3.898s][info][gc,task     ] GC(15) Using 3 workers
[3.901s][info][gc,phases   ] GC(15) Pause Mark Start 0.008ms
[3.907s][info][gc,phases   ] GC(15) Concurrent Mark 5.500ms
[3.907s][info][gc,phases   ] GC(15) Pause Mark End 0.040ms
[3.907s][info][gc,phases   ] GC(15) Concurrent Mark Free 0.001ms
[3.908s][info][gc,phases   ] GC(15) Concurrent Process Non-Strong References 0.573ms
[3.908s][info][gc,phases   ] GC(15) Concurrent Reset Relocation Set 0.009ms
[3.909s][info][gc,phases   ] GC(15) Concurrent Select Relocation Set 1.244ms
[3.909s][info][gc,phases   ] GC(15) Pause Relocate Start 0.005ms
[3.914s][info][gc          ] Allocation Stall (pool-1-thread-4) 16.072ms
[3.914s][info][gc          ] Allocation Stall (pool-1-thread-2) 16.155ms
[3.914s][info][gc          ] Allocation Stall (pool-1-thread-3) 16.396ms
[3.915s][info][gc          ] Allocation Stall (pool-1-thread-1) 12.952ms
[3.929s][info][gc          ] Allocation Stall (pool-1-thread-1) 1.588ms
[3.929s][info][gc          ] Allocation Stall (pool-1-thread-2) 1.391ms
[3.929s][info][gc          ] Allocation Stall (pool-1-thread-4) 4.346ms
[3.930s][info][gc          ] Allocation Stall (pool-1-thread-3) 2.684ms
[3.951s][info][gc          ] Allocation Stall (pool-1-thread-3) 1.185ms
[3.961s][info][gc          ] Allocation Stall (pool-1-thread-2) 10.358ms
[3.961s][info][gc          ] Allocation Stall (pool-1-thread-4) 10.908ms
[3.962s][info][gc          ] Allocation Stall (pool-1-thread-1) 11.315ms
[3.973s][info][gc          ] Allocation Stall (pool-1-thread-1) 2.184ms
[3.978s][info][gc          ] Allocation Stall (pool-1-thread-3) 7.049ms
[3.978s][info][gc          ] Allocation Stall (pool-1-thread-2) 7.181ms
[3.978s][info][gc          ] Allocation Stall (pool-1-thread-4) 7.321ms
[3.979s][info][gc          ] Allocation Stall (pool-1-thread-3) 0.247ms
[3.979s][info][gc          ] Allocation Stall (pool-1-thread-1) 3.059ms
[3.985s][info][gc          ] Allocation Stall (pool-1-thread-2) 0.819ms
[3.994s][info][gc          ] Allocation Stall (pool-1-thread-1) 9.098ms
[3.994s][info][gc          ] Allocation Stall (pool-1-thread-4) 9.469ms
[3.994s][info][gc          ] Allocation Stall (pool-1-thread-3) 9.674ms
[4.010s][info][gc          ] Allocation Stall (pool-1-thread-1) 4.800ms
[4.011s][info][gc          ] Allocation Stall (pool-1-thread-3) 5.988ms
[4.011s][info][gc          ] Allocation Stall (pool-1-thread-2) 6.189ms
[4.014s][info][gc          ] Allocation Stall (pool-1-thread-4) 8.829ms
[4.043s][info][gc          ] Allocation Stall (pool-1-thread-4) 4.096ms
[4.046s][info][gc          ] Allocation Stall (pool-1-thread-3) 6.538ms
[4.048s][info][gc,phases   ] GC(15) Concurrent Relocate 138.574ms
[4.048s][info][gc,load     ] GC(15) Load: 0.67/0.38/0.19
[4.048s][info][gc,mmu      ] GC(15) MMU: 2ms/97.9%, 5ms/99.1%, 10ms/99.5%, 20ms/99.7%, 50ms/99.8%, 100ms/99.9%
[4.048s][info][gc,marking  ] GC(15) Mark: 2 stripe(s), 3 proactive flush(es), 1 terminate flush(es), 0 completion(s), 0 continuation(s) 
[4.048s][info][gc,marking  ] GC(15) Mark Stack Usage: 32M
[4.048s][info][gc,nmethod  ] GC(15) NMethods: 429 registered, 0 unregistered
[4.048s][info][gc,metaspace] GC(15) Metaspace: 6M used, 6M committed, 1088M reserved
[4.048s][info][gc,ref      ] GC(15) Soft: 34 encountered, 22 discovered, 0 enqueued
[4.048s][info][gc,ref      ] GC(15) Weak: 179 encountered, 6 discovered, 0 enqueued
[4.048s][info][gc,ref      ] GC(15) Final: 0 encountered, 0 discovered, 0 enqueued
[4.048s][info][gc,ref      ] GC(15) Phantom: 3 encountered, 1 discovered, 0 enqueued
[4.048s][info][gc,reloc    ] GC(15) Small Pages: 148 / 296M, Empty: 2M, Relocated: 95M, In-Place: 2
[4.048s][info][gc,reloc    ] GC(15) Medium Pages: 22 / 704M, Empty: 0M, Relocated: 244M, In-Place: 5
[4.048s][info][gc,reloc    ] GC(15) Large Pages: 0 / 0M, Empty: 0M, Relocated: 0M, In-Place: 0
[4.048s][info][gc,reloc    ] GC(15) Forwarding Usage: 0M
[4.048s][info][gc,heap     ] GC(15) Min Capacity: 1024M(100%)
[4.048s][info][gc,heap     ] GC(15) Max Capacity: 1024M(100%)
[4.048s][info][gc,heap     ] GC(15) Soft Max Capacity: 1024M(100%)
[4.048s][info][gc,heap     ] GC(15)                Mark Start          Mark End        Relocate Start      Relocate End           High               Low         
[4.048s][info][gc,heap     ] GC(15)  Capacity:     1024M (100%)       1024M (100%)       1024M (100%)       1024M (100%)       1024M (100%)       1024M (100%)   
[4.048s][info][gc,heap     ] GC(15)      Free:       24M (2%)           22M (2%)           24M (2%)           78M (8%)          100M (10%)           0M (0%)     
[4.048s][info][gc,heap     ] GC(15)      Used:     1000M (98%)        1002M (98%)        1000M (98%)         946M (92%)        1024M (100%)        924M (90%)    
[4.048s][info][gc,heap     ] GC(15)      Live:         -               346M (34%)         346M (34%)         346M (34%)            -                  -          
[4.048s][info][gc,heap     ] GC(15) Allocated:         -                 2M (0%)            2M (0%)          577M (56%)            -                  -          
[4.048s][info][gc,heap     ] GC(15)   Garbage:         -               653M (64%)         651M (64%)          21M (2%)             -                  -          
[4.048s][info][gc,heap     ] GC(15) Reclaimed:         -                  -                 2M (0%)          631M (62%)            -                  -          
[4.048s][info][gc          ] GC(15) Garbage Collection (Allocation Stall) 1000M(98%)->946M(92%)
[4.063s][info][gc,start    ] GC(16) Garbage Collection (Allocation Stall)
[4.063s][info][gc,ref      ] GC(16) Clearing All SoftReferences
[4.063s][info][gc,task     ] GC(16) Using 3 workers
[4.063s][info][gc,phases   ] GC(16) Pause Mark Start 0.007ms
[4.069s][info][gc,phases   ] GC(16) Concurrent Mark 5.943ms
[4.070s][info][gc,phases   ] GC(16) Pause Mark End 0.007ms
[4.070s][info][gc,phases   ] GC(16) Concurrent Mark Free 0.001ms
[4.070s][info][gc,phases   ] GC(16) Concurrent Process Non-Strong References 0.466ms
[4.070s][info][gc,phases   ] GC(16) Concurrent Reset Relocation Set 0.008ms
[4.071s][info][gc,phases   ] GC(16) Concurrent Select Relocation Set 1.213ms
[4.071s][info][gc,phases   ] GC(16) Pause Relocate Start 0.003ms
[4.077s][info][gc          ] Allocation Stall (pool-1-thread-1) 13.638ms
[4.077s][info][gc          ] Allocation Stall (pool-1-thread-2) 13.675ms
[4.077s][info][gc          ] Allocation Stall (pool-1-thread-4) 14.011ms
[4.077s][info][gc          ] Allocation Stall (pool-1-thread-3) 14.241ms
[4.126s][info][gc          ] Allocation Stall (pool-1-thread-1) 2.723ms
[4.127s][info][gc          ] Allocation Stall (pool-1-thread-3) 3.961ms
[4.127s][info][gc          ] Allocation Stall (pool-1-thread-4) 4.054ms
[4.127s][info][gc          ] Allocation Stall (pool-1-thread-2) 4.212ms
[4.141s][info][gc          ] Allocation Stall (pool-1-thread-3) 1.618ms
[4.141s][info][gc          ] Allocation Stall (pool-1-thread-1) 5.451ms
[4.141s][info][gc          ] Allocation Stall (pool-1-thread-4) 4.730ms
[4.141s][info][gc          ] Allocation Stall (pool-1-thread-2) 3.094ms
[4.158s][info][gc          ] Allocation Stall (pool-1-thread-4) 3.439ms
[4.164s][info][gc          ] Allocation Stall (pool-1-thread-1) 9.852ms
[4.164s][info][gc          ] Allocation Stall (pool-1-thread-3) 10.020ms
[4.164s][info][gc          ] Allocation Stall (pool-1-thread-2) 10.138ms
[4.164s][info][gc          ] Allocation Stall (pool-1-thread-4) 1.524ms
[4.183s][info][gc          ] Allocation Stall (pool-1-thread-2) 0.983ms
[4.185s][info][gc          ] Allocation Stall (pool-1-thread-1) 3.434ms
[4.185s][info][gc          ] Allocation Stall (pool-1-thread-3) 3.213ms
[4.202s][info][gc,phases   ] GC(16) Concurrent Relocate 130.137ms
[4.202s][info][gc,load     ] GC(16) Load: 0.67/0.38/0.19
[4.202s][info][gc,mmu      ] GC(16) MMU: 2ms/97.9%, 5ms/99.1%, 10ms/99.5%, 20ms/99.7%, 50ms/99.8%, 100ms/99.9%
[4.202s][info][gc,marking  ] GC(16) Mark: 2 stripe(s), 5 proactive flush(es), 1 terminate flush(es), 0 completion(s), 0 continuation(s) 
[4.202s][info][gc,marking  ] GC(16) Mark Stack Usage: 32M
[4.202s][info][gc,nmethod  ] GC(16) NMethods: 429 registered, 0 unregistered
[4.202s][info][gc,metaspace] GC(16) Metaspace: 6M used, 6M committed, 1088M reserved
[4.202s][info][gc,ref      ] GC(16) Soft: 34 encountered, 23 discovered, 0 enqueued
[4.202s][info][gc,ref      ] GC(16) Weak: 179 encountered, 8 discovered, 0 enqueued
[4.202s][info][gc,ref      ] GC(16) Final: 0 encountered, 0 discovered, 0 enqueued
[4.202s][info][gc,ref      ] GC(16) Phantom: 3 encountered, 2 discovered, 0 enqueued
[4.202s][info][gc,reloc    ] GC(16) Small Pages: 149 / 298M, Empty: 2M, Relocated: 97M, In-Place: 1
[4.202s][info][gc,reloc    ] GC(16) Medium Pages: 22 / 704M, Empty: 0M, Relocated: 242M, In-Place: 2
[4.202s][info][gc,reloc    ] GC(16) Large Pages: 0 / 0M, Empty: 0M, Relocated: 0M, In-Place: 0
[4.202s][info][gc,reloc    ] GC(16) Forwarding Usage: 0M
[4.202s][info][gc,heap     ] GC(16) Min Capacity: 1024M(100%)
[4.202s][info][gc,heap     ] GC(16) Max Capacity: 1024M(100%)
[4.202s][info][gc,heap     ] GC(16) Soft Max Capacity: 1024M(100%)
[4.202s][info][gc,heap     ] GC(16)                Mark Start          Mark End        Relocate Start      Relocate End           High               Low         
[4.202s][info][gc,heap     ] GC(16)  Capacity:     1024M (100%)       1024M (100%)       1024M (100%)       1024M (100%)       1024M (100%)       1024M (100%)   
[4.202s][info][gc,heap     ] GC(16)      Free:       22M (2%)           22M (2%)           24M (2%)          110M (11%)         134M (13%)           0M (0%)     
[4.202s][info][gc,heap     ] GC(16)      Used:     1002M (98%)        1002M (98%)        1000M (98%)         914M (89%)        1024M (100%)        890M (87%)    
[4.202s][info][gc,heap     ] GC(16)      Live:         -               345M (34%)         345M (34%)         345M (34%)            -                  -          
[4.202s][info][gc,heap     ] GC(16) Allocated:         -                 0M (0%)            0M (0%)          547M (54%)            -                  -          
[4.202s][info][gc,heap     ] GC(16)   Garbage:         -               656M (64%)         654M (64%)          20M (2%)             -                  -          
[4.202s][info][gc,heap     ] GC(16) Reclaimed:         -                  -                 2M (0%)          635M (62%)            -                  -          
[4.202s][info][gc          ] GC(16) Garbage Collection (Allocation Stall) 1002M(98%)->914M(89%)
[4.208s][info][gc,start    ] GC(17) Garbage Collection (Allocation Stall)
[4.208s][info][gc,ref      ] GC(17) Clearing All SoftReferences
[4.208s][info][gc,task     ] GC(17) Using 3 workers
[4.214s][info][gc,phases   ] GC(17) Pause Mark Start 0.006ms
[4.214s][info][gc          ] Allocation Stall (pool-1-thread-4) 5.673ms
[4.218s][info][gc,phases   ] GC(17) Concurrent Mark 4.584ms
[4.218s][info][gc,phases   ] GC(17) Pause Mark End 0.008ms
[4.219s][info][gc,phases   ] GC(17) Concurrent Mark Free 0.001ms
[4.219s][info][gc,phases   ] GC(17) Concurrent Process Non-Strong References 0.481ms
[4.219s][info][gc,phases   ] GC(17) Concurrent Reset Relocation Set 0.006ms
[4.220s][info][gc,phases   ] GC(17) Concurrent Select Relocation Set 1.220ms
[4.220s][info][gc,phases   ] GC(17) Pause Relocate Start 0.004ms
[4.224s][info][gc          ] Allocation Stall (pool-1-thread-3) 9.883ms
[4.224s][info][gc          ] Allocation Stall (pool-1-thread-4) 10.030ms
[4.224s][info][gc          ] Allocation Stall (pool-1-thread-1) 10.086ms
[4.267s][info][gc          ] Allocation Stall (pool-1-thread-3) 5.473ms
[4.284s][info][gc          ] Allocation Stall (pool-1-thread-4) 3.931ms
[4.286s][info][gc          ] Allocation Stall (pool-1-thread-3) 5.440ms
[4.286s][info][gc          ] Allocation Stall (pool-1-thread-1) 5.704ms
[4.298s][info][gc          ] Allocation Stall (pool-1-thread-4) 2.317ms
[4.298s][info][gc          ] Allocation Stall (pool-1-thread-1) 2.669ms
[4.299s][info][gc          ] Allocation Stall (pool-1-thread-3) 2.816ms
[4.302s][info][gc          ] Relocation Stall (main) 81.650ms
[4.311s][info][gc          ] Allocation Stall (pool-1-thread-1) 2.821ms
[4.311s][info][gc          ] Relocation Stall (pool-1-thread-2) 87.779ms
[4.312s][info][gc          ] Allocation Stall (pool-1-thread-2) 103.666ms
[4.312s][info][gc          ] Allocation Stall (pool-1-thread-4) 3.694ms
[4.354s][info][gc          ] Allocation Stall (pool-1-thread-4) 2.588ms
[4.359s][info][gc,phases   ] GC(17) Concurrent Relocate 138.238ms
[4.359s][info][gc,load     ] GC(17) Load: 0.67/0.38/0.19
[4.359s][info][gc,mmu      ] GC(17) MMU: 2ms/97.9%, 5ms/99.1%, 10ms/99.5%, 20ms/99.7%, 50ms/99.8%, 100ms/99.9%
[4.359s][info][gc,marking  ] GC(17) Mark: 2 stripe(s), 4 proactive flush(es), 1 terminate flush(es), 0 completion(s), 0 continuation(s) 
[4.359s][info][gc,marking  ] GC(17) Mark Stack Usage: 32M
[4.359s][info][gc,nmethod  ] GC(17) NMethods: 430 registered, 0 unregistered
[4.359s][info][gc,metaspace] GC(17) Metaspace: 6M used, 6M committed, 1088M reserved
[4.359s][info][gc,ref      ] GC(17) Soft: 34 encountered, 9 discovered, 0 enqueued
[4.359s][info][gc,ref      ] GC(17) Weak: 179 encountered, 131 discovered, 0 enqueued
[4.359s][info][gc,ref      ] GC(17) Final: 0 encountered, 0 discovered, 0 enqueued
[4.359s][info][gc,ref      ] GC(17) Phantom: 3 encountered, 2 discovered, 0 enqueued
[4.359s][info][gc,reloc    ] GC(17) Small Pages: 144 / 288M, Empty: 0M, Relocated: 99M, In-Place: 1
[4.359s][info][gc,reloc    ] GC(17) Medium Pages: 22 / 704M, Empty: 0M, Relocated: 241M, In-Place: 2
[4.359s][info][gc,reloc    ] GC(17) Large Pages: 0 / 0M, Empty: 0M, Relocated: 0M, In-Place: 0
[4.359s][info][gc,reloc    ] GC(17) Forwarding Usage: 0M
[4.359s][info][gc,heap     ] GC(17) Min Capacity: 1024M(100%)
[4.359s][info][gc,heap     ] GC(17) Max Capacity: 1024M(100%)
[4.359s][info][gc,heap     ] GC(17) Soft Max Capacity: 1024M(100%)
[4.359s][info][gc,heap     ] GC(17)                Mark Start          Mark End        Relocate Start      Relocate End           High               Low         
[4.359s][info][gc,heap     ] GC(17)  Capacity:     1024M (100%)       1024M (100%)       1024M (100%)       1024M (100%)       1024M (100%)       1024M (100%)   
[4.359s][info][gc,heap     ] GC(17)      Free:        0M (0%)            0M (0%)            0M (0%)           78M (8%)          156M (15%)           0M (0%)     
[4.359s][info][gc,heap     ] GC(17)      Used:     1024M (100%)       1024M (100%)       1024M (100%)        946M (92%)        1024M (100%)        868M (85%)    
[4.359s][info][gc,heap     ] GC(17)      Live:         -               344M (34%)         344M (34%)         344M (34%)            -                  -          
[4.359s][info][gc,heap     ] GC(17) Allocated:         -                 0M (0%)            0M (0%)          545M (53%)            -                  -          
[4.359s][info][gc,heap     ] GC(17)   Garbage:         -               679M (66%)         679M (66%)          55M (5%)             -                  -          
[4.359s][info][gc,heap     ] GC(17) Reclaimed:         -                  -                 0M (0%)          623M (61%)            -                  -          
[4.359s][info][gc          ] GC(17) Garbage Collection (Allocation Stall) 1024M(100%)->946M(92%)
[4.365s][info][gc,start    ] GC(18) Garbage Collection (Allocation Stall)
[4.365s][info][gc,ref      ] GC(18) Clearing All SoftReferences
[4.365s][info][gc,task     ] GC(18) Using 3 workers
[4.365s][info][gc,phases   ] GC(18) Pause Mark Start 0.007ms
[4.371s][info][gc,phases   ] GC(18) Concurrent Mark 5.312ms
[4.371s][info][gc,phases   ] GC(18) Pause Mark End 0.007ms
[4.371s][info][gc,phases   ] GC(18) Concurrent Mark Free 0.001ms
[4.372s][info][gc,phases   ] GC(18) Concurrent Process Non-Strong References 0.508ms
[4.372s][info][gc,phases   ] GC(18) Concurrent Reset Relocation Set 0.007ms
[4.373s][info][gc,phases   ] GC(18) Concurrent Select Relocation Set 1.542ms
[4.373s][info][gc,phases   ] GC(18) Pause Relocate Start 0.006ms
[4.377s][info][gc          ] Allocation Stall (pool-1-thread-3) 11.385ms
[4.377s][info][gc          ] Allocation Stall (pool-1-thread-4) 11.633ms
[4.378s][info][gc          ] Allocation Stall (pool-1-thread-2) 11.653ms
[4.378s][info][gc          ] Allocation Stall (pool-1-thread-1) 12.152ms
[4.424s][info][gc          ] Allocation Stall (pool-1-thread-1) 3.522ms
[4.427s][info][gc          ] Allocation Stall (pool-1-thread-4) 5.713ms
[4.427s][info][gc          ] Allocation Stall (pool-1-thread-2) 6.021ms
[4.427s][info][gc          ] Allocation Stall (pool-1-thread-3) 6.124ms
[4.443s][info][gc          ] Allocation Stall (pool-1-thread-4) 1.531ms
[4.449s][info][gc          ] Allocation Stall (pool-1-thread-1) 5.215ms
[4.458s][info][gc          ] Allocation Stall (pool-1-thread-4) 13.974ms
[4.458s][info][gc          ] Allocation Stall (pool-1-thread-2) 14.417ms
[4.459s][info][gc          ] Allocation Stall (pool-1-thread-3) 14.713ms
[4.470s][info][gc          ] Allocation Stall (pool-1-thread-4) 10.884ms
[4.472s][info][gc          ] Allocation Stall (pool-1-thread-1) 3.563ms
[4.474s][info][gc          ] Allocation Stall (pool-1-thread-2) 6.269ms
[4.475s][info][gc          ] Allocation Stall (pool-1-thread-3) 6.799ms
[4.506s][info][gc          ] Allocation Stall (pool-1-thread-4) 2.450ms
[4.506s][info][gc          ] Allocation Stall (pool-1-thread-1) 2.201ms
[4.511s][info][gc,phases   ] GC(18) Concurrent Relocate 138.082ms
[4.512s][info][gc,load     ] GC(18) Load: 0.67/0.38/0.19
[4.512s][info][gc,mmu      ] GC(18) MMU: 2ms/97.9%, 5ms/99.1%, 10ms/99.5%, 20ms/99.7%, 50ms/99.8%, 100ms/99.9%
[4.512s][info][gc,marking  ] GC(18) Mark: 2 stripe(s), 4 proactive flush(es), 1 terminate flush(es), 0 completion(s), 0 continuation(s) 
[4.512s][info][gc,marking  ] GC(18) Mark Stack Usage: 32M
[4.512s][info][gc,nmethod  ] GC(18) NMethods: 432 registered, 0 unregistered
[4.512s][info][gc,metaspace] GC(18) Metaspace: 6M used, 6M committed, 1088M reserved
[4.512s][info][gc,ref      ] GC(18) Soft: 34 encountered, 20 discovered, 0 enqueued
[4.512s][info][gc,ref      ] GC(18) Weak: 179 encountered, 24 discovered, 0 enqueued
[4.512s][info][gc,ref      ] GC(18) Final: 0 encountered, 0 discovered, 0 enqueued
[4.512s][info][gc,ref      ] GC(18) Phantom: 3 encountered, 2 discovered, 0 enqueued
[4.512s][info][gc,reloc    ] GC(18) Small Pages: 145 / 290M, Empty: 2M, Relocated: 94M, In-Place: 1
[4.512s][info][gc,reloc    ] GC(18) Medium Pages: 22 / 704M, Empty: 0M, Relocated: 248M, In-Place: 5
[4.512s][info][gc,reloc    ] GC(18) Large Pages: 0 / 0M, Empty: 0M, Relocated: 0M, In-Place: 0
[4.512s][info][gc,reloc    ] GC(18) Forwarding Usage: 0M
[4.512s][info][gc,heap     ] GC(18) Min Capacity: 1024M(100%)
[4.512s][info][gc,heap     ] GC(18) Max Capacity: 1024M(100%)
[4.512s][info][gc,heap     ] GC(18) Soft Max Capacity: 1024M(100%)
[4.512s][info][gc,heap     ] GC(18)                Mark Start          Mark End        Relocate Start      Relocate End           High               Low         
[4.512s][info][gc,heap     ] GC(18)  Capacity:     1024M (100%)       1024M (100%)       1024M (100%)       1024M (100%)       1024M (100%)       1024M (100%)   
[4.512s][info][gc,heap     ] GC(18)      Free:       30M (3%)           24M (2%)           26M (3%)           74M (7%)          102M (10%)           0M (0%)     
[4.512s][info][gc,heap     ] GC(18)      Used:      994M (97%)        1000M (98%)         998M (97%)         950M (93%)        1024M (100%)        922M (90%)    
[4.512s][info][gc,heap     ] GC(18)      Live:         -               348M (34%)         348M (34%)         348M (34%)            -                  -          
[4.512s][info][gc,heap     ] GC(18) Allocated:         -                 6M (1%)            6M (1%)          583M (57%)            -                  -          
[4.512s][info][gc,heap     ] GC(18)   Garbage:         -               645M (63%)         643M (63%)          17M (2%)             -                  -          
[4.512s][info][gc,heap     ] GC(18) Reclaimed:         -                  -                 2M (0%)          627M (61%)            -                  -          
[4.512s][info][gc          ] GC(18) Garbage Collection (Allocation Stall) 994M(97%)->950M(93%)
[4.525s][info][gc,start    ] GC(19) Garbage Collection (Allocation Stall)
[4.525s][info][gc,ref      ] GC(19) Clearing All SoftReferences
[4.525s][info][gc,task     ] GC(19) Using 3 workers
[4.525s][info][gc,phases   ] GC(19) Pause Mark Start 0.010ms
[4.530s][info][gc,phases   ] GC(19) Concurrent Mark 4.651ms
[4.530s][info][gc,phases   ] GC(19) Pause Mark End 0.008ms
[4.530s][info][gc,phases   ] GC(19) Concurrent Mark Free 0.001ms
[4.531s][info][gc,phases   ] GC(19) Concurrent Process Non-Strong References 0.505ms
[4.531s][info][gc,phases   ] GC(19) Concurrent Reset Relocation Set 0.007ms
[4.532s][info][gc,phases   ] GC(19) Concurrent Select Relocation Set 1.185ms
[4.532s][info][gc,phases   ] GC(19) Pause Relocate Start 0.003ms
[4.537s][info][gc          ] Allocation Stall (pool-1-thread-4) 12.113ms
[4.537s][info][gc          ] Allocation Stall (pool-1-thread-1) 12.136ms
[4.537s][info][gc          ] Allocation Stall (pool-1-thread-3) 12.413ms
[4.537s][info][gc          ] Allocation Stall (pool-1-thread-2) 12.395ms
[4.553s][info][gc          ] Allocation Stall (pool-1-thread-4) 4.584ms
[4.558s][info][gc          ] Allocation Stall (pool-1-thread-2) 9.837ms
[4.559s][info][gc          ] Allocation Stall (pool-1-thread-1) 10.170ms
[4.559s][info][gc          ] Allocation Stall (pool-1-thread-3) 10.460ms
[4.572s][info][gc          ] Allocation Stall (pool-1-thread-1) 1.160ms
[4.583s][info][gc          ] Allocation Stall (pool-1-thread-4) 12.219ms
[4.583s][info][gc          ] Allocation Stall (pool-1-thread-3) 12.542ms
[4.583s][info][gc          ] Allocation Stall (pool-1-thread-2) 12.764ms
[4.601s][info][gc          ] Allocation Stall (pool-1-thread-1) 4.449ms
[4.601s][info][gc          ] Allocation Stall (pool-1-thread-2) 8.234ms
[4.601s][info][gc          ] Allocation Stall (pool-1-thread-4) 6.642ms
[4.601s][info][gc          ] Allocation Stall (pool-1-thread-3) 4.866ms
[4.617s][info][gc          ] Allocation Stall (pool-1-thread-2) 10.937ms
[4.623s][info][gc          ] Allocation Stall (pool-1-thread-4) 9.863ms
[4.623s][info][gc          ] Allocation Stall (pool-1-thread-3) 9.887ms
[4.623s][info][gc          ] Allocation Stall (pool-1-thread-1) 10.015ms
[4.624s][info][gc          ] Allocation Stall (pool-1-thread-2) 4.253ms
[4.655s][info][gc          ] Allocation Stall (pool-1-thread-1) 2.063ms
[4.660s][info][gc,phases   ] GC(19) Concurrent Relocate 128.252ms
[4.660s][info][gc,load     ] GC(19) Load: 0.67/0.38/0.19
[4.660s][info][gc,mmu      ] GC(19) MMU: 2ms/97.9%, 5ms/99.1%, 10ms/99.5%, 20ms/99.7%, 50ms/99.8%, 100ms/99.9%
[4.660s][info][gc,marking  ] GC(19) Mark: 2 stripe(s), 2 proactive flush(es), 1 terminate flush(es), 0 completion(s), 0 continuation(s) 
[4.660s][info][gc,marking  ] GC(19) Mark Stack Usage: 32M
[4.660s][info][gc,nmethod  ] GC(19) NMethods: 432 registered, 0 unregistered
[4.660s][info][gc,metaspace] GC(19) Metaspace: 6M used, 6M committed, 1088M reserved
[4.660s][info][gc,ref      ] GC(19) Soft: 34 encountered, 23 discovered, 0 enqueued
[4.660s][info][gc,ref      ] GC(19) Weak: 179 encountered, 4 discovered, 0 enqueued
[4.660s][info][gc,ref      ] GC(19) Final: 0 encountered, 0 discovered, 0 enqueued
[4.660s][info][gc,ref      ] GC(19) Phantom: 3 encountered, 1 discovered, 0 enqueued
[4.660s][info][gc,reloc    ] GC(19) Small Pages: 150 / 300M, Empty: 2M, Relocated: 96M, In-Place: 2
[4.660s][info][gc,reloc    ] GC(19) Medium Pages: 22 / 704M, Empty: 0M, Relocated: 250M, In-Place: 8
[4.660s][info][gc,reloc    ] GC(19) Large Pages: 0 / 0M, Empty: 0M, Relocated: 0M, In-Place: 0
[4.660s][info][gc,reloc    ] GC(19) Forwarding Usage: 0M
[4.660s][info][gc,heap     ] GC(19) Min Capacity: 1024M(100%)
[4.660s][info][gc,heap     ] GC(19) Max Capacity: 1024M(100%)
[4.660s][info][gc,heap     ] GC(19) Soft Max Capacity: 1024M(100%)
[4.660s][info][gc,heap     ] GC(19)                Mark Start          Mark End        Relocate Start      Relocate End           High               Low         
[4.660s][info][gc,heap     ] GC(19)  Capacity:     1024M (100%)       1024M (100%)       1024M (100%)       1024M (100%)       1024M (100%)       1024M (100%)   
[4.660s][info][gc,heap     ] GC(19)      Free:       20M (2%)           20M (2%)           22M (2%)           88M (9%)          138M (13%)           0M (0%)     
[4.660s][info][gc,heap     ] GC(19)      Used:     1004M (98%)        1004M (98%)        1002M (98%)         936M (91%)        1024M (100%)        886M (87%)    
[4.660s][info][gc,heap     ] GC(19)      Live:         -               350M (34%)         350M (34%)         350M (34%)            -                  -          
[4.660s][info][gc,heap     ] GC(19) Allocated:         -                 0M (0%)            0M (0%)          573M (56%)            -                  -          
[4.660s][info][gc,heap     ] GC(19)   Garbage:         -               653M (64%)         651M (64%)          11M (1%)             -                  -          
[4.660s][info][gc,heap     ] GC(19) Reclaimed:         -                  -                 2M (0%)          641M (63%)            -                  -          
[4.660s][info][gc          ] GC(19) Garbage Collection (Allocation Stall) 1004M(98%)->936M(91%)
[4.665s][info][gc,start    ] GC(20) Garbage Collection (Allocation Stall)
[4.665s][info][gc,ref      ] GC(20) Clearing All SoftReferences
[4.665s][info][gc,task     ] GC(20) Using 3 workers
[4.669s][info][gc,phases   ] GC(20) Pause Mark Start 0.006ms
[4.676s][info][gc,phases   ] GC(20) Concurrent Mark 7.228ms
[4.677s][info][gc,phases   ] GC(20) Pause Mark End 0.012ms
[4.677s][info][gc,phases   ] GC(20) Concurrent Mark Free 0.001ms
[4.678s][info][gc,phases   ] GC(20) Concurrent Process Non-Strong References 1.264ms
[4.678s][info][gc,phases   ] GC(20) Concurrent Reset Relocation Set 0.032ms
[4.682s][info][gc,phases   ] GC(20) Concurrent Select Relocation Set 3.550ms
[4.682s][info][gc,phases   ] GC(20) Pause Relocate Start 0.007ms
[4.687s][info][gc          ] Allocation Stall (pool-1-thread-1) 5.492ms
[4.687s][info][gc          ] Allocation Stall (pool-1-thread-2) 5.549ms
[4.688s][info][gc          ] Allocation Stall (pool-1-thread-3) 5.806ms
[4.688s][info][gc          ] Allocation Stall (pool-1-thread-4) 5.892ms
[4.733s][info][gc          ] Allocation Stall (pool-1-thread-3) 2.738ms
[4.733s][info][gc          ] Allocation Stall (pool-1-thread-2) 3.317ms
[4.733s][info][gc          ] Allocation Stall (pool-1-thread-1) 4.482ms
[4.733s][info][gc          ] Allocation Stall (pool-1-thread-4) 4.159ms
[4.738s][info][gc          ] Allocation Stall (pool-1-thread-4) 1.081ms
[4.751s][info][gc          ] Allocation Stall (pool-1-thread-1) 13.932ms
[4.751s][info][gc          ] Allocation Stall (pool-1-thread-2) 14.101ms
[4.752s][info][gc          ] Allocation Stall (pool-1-thread-3) 14.308ms
[4.763s][info][gc          ] Allocation Stall (pool-1-thread-4) 6.767ms
[4.763s][info][gc          ] Allocation Stall (pool-1-thread-1) 1.884ms
[4.764s][info][gc          ] Allocation Stall (pool-1-thread-2) 4.132ms
[4.764s][info][gc          ] Allocation Stall (pool-1-thread-3) 2.798ms
[4.768s][info][gc          ] Allocation Stall (pool-1-thread-4) 4.139ms
[4.771s][info][gc          ] Allocation Stall (pool-1-thread-1) 6.221ms
[4.772s][info][gc          ] Allocation Stall (pool-1-thread-2) 6.567ms
[4.772s][info][gc          ] Allocation Stall (pool-1-thread-3) 6.630ms
[4.810s][info][gc          ] Allocation Stall (pool-1-thread-3) 5.457ms
[4.813s][info][gc          ] Allocation Stall (pool-1-thread-4) 8.293ms
[4.814s][info][gc,phases   ] GC(20) Concurrent Relocate 131.464ms
[4.814s][info][gc,load     ] GC(20) Load: 0.67/0.38/0.19
[4.814s][info][gc,mmu      ] GC(20) MMU: 2ms/97.9%, 5ms/99.1%, 10ms/99.5%, 20ms/99.7%, 50ms/99.8%, 100ms/99.9%
[4.814s][info][gc,marking  ] GC(20) Mark: 2 stripe(s), 2 proactive flush(es), 1 terminate flush(es), 0 completion(s), 0 continuation(s) 
[4.814s][info][gc,marking  ] GC(20) Mark Stack Usage: 32M
[4.814s][info][gc,nmethod  ] GC(20) NMethods: 433 registered, 0 unregistered
[4.814s][info][gc,metaspace] GC(20) Metaspace: 6M used, 6M committed, 1088M reserved
[4.814s][info][gc,ref      ] GC(20) Soft: 34 encountered, 8 discovered, 0 enqueued
[4.814s][info][gc,ref      ] GC(20) Weak: 179 encountered, 15 discovered, 0 enqueued
[4.814s][info][gc,ref      ] GC(20) Final: 0 encountered, 0 discovered, 0 enqueued
[4.814s][info][gc,ref      ] GC(20) Phantom: 3 encountered, 2 discovered, 0 enqueued
[4.814s][info][gc,reloc    ] GC(20) Small Pages: 132 / 264M, Empty: 0M, Relocated: 94M, In-Place: 2
[4.814s][info][gc,reloc    ] GC(20) Medium Pages: 20 / 640M, Empty: 0M, Relocated: 216M, In-Place: 5
[4.814s][info][gc,reloc    ] GC(20) Large Pages: 0 / 0M, Empty: 0M, Relocated: 0M, In-Place: 0
[4.814s][info][gc,reloc    ] GC(20) Forwarding Usage: 0M
[4.814s][info][gc,heap     ] GC(20) Min Capacity: 1024M(100%)
[4.814s][info][gc,heap     ] GC(20) Max Capacity: 1024M(100%)
[4.814s][info][gc,heap     ] GC(20) Soft Max Capacity: 1024M(100%)
[4.814s][info][gc,heap     ] GC(20)                Mark Start          Mark End        Relocate Start      Relocate End           High               Low         
[4.814s][info][gc,heap     ] GC(20)  Capacity:     1024M (100%)       1024M (100%)       1024M (100%)       1024M (100%)       1024M (100%)       1024M (100%)   
[4.814s][info][gc,heap     ] GC(20)      Free:      120M (12%)          38M (4%)           24M (2%)           44M (4%)          120M (12%)           0M (0%)     
[4.814s][info][gc,heap     ] GC(20)      Used:      904M (88%)         986M (96%)        1000M (98%)         980M (96%)        1024M (100%)        904M (88%)    
[4.814s][info][gc,heap     ] GC(20)      Live:         -               334M (33%)         334M (33%)         334M (33%)            -                  -          
[4.814s][info][gc,heap     ] GC(20) Allocated:         -                82M (8%)           96M (9%)          613M (60%)            -                  -          
[4.814s][info][gc,heap     ] GC(20)   Garbage:         -               569M (56%)         569M (56%)          31M (3%)             -                  -          
[4.814s][info][gc,heap     ] GC(20) Reclaimed:         -                  -                 0M (0%)          537M (53%)            -                  -          
[4.814s][info][gc          ] GC(20) Garbage Collection (Allocation Stall) 904M(88%)->980M(96%)
[4.833s][info][gc,start    ] GC(21) Garbage Collection (Allocation Stall)
[4.833s][info][gc,ref      ] GC(21) Clearing All SoftReferences
[4.833s][info][gc,task     ] GC(21) Using 3 workers
[4.833s][info][gc,phases   ] GC(21) Pause Mark Start 0.006ms
[4.838s][info][gc,phases   ] GC(21) Concurrent Mark 4.664ms
[4.838s][info][gc,phases   ] GC(21) Pause Mark End 0.008ms
[4.838s][info][gc,phases   ] GC(21) Concurrent Mark Free 0.001ms
[4.838s][info][gc,phases   ] GC(21) Concurrent Process Non-Strong References 0.457ms
[4.838s][info][gc,phases   ] GC(21) Concurrent Reset Relocation Set 0.006ms
[4.840s][info][gc,phases   ] GC(21) Concurrent Select Relocation Set 1.335ms
[4.840s][info][gc,phases   ] GC(21) Pause Relocate Start 0.005ms
[4.847s][info][gc          ] Allocation Stall (pool-1-thread-4) 14.165ms
[4.847s][info][gc          ] Allocation Stall (pool-1-thread-3) 14.212ms
[4.847s][info][gc          ] Allocation Stall (pool-1-thread-2) 14.549ms
[4.847s][info][gc          ] Allocation Stall (pool-1-thread-1) 14.819ms
[4.859s][info][gc          ] Allocation Stall (pool-1-thread-2) 3.372ms
[4.859s][info][gc          ] Allocation Stall (pool-1-thread-4) 1.818ms
[4.871s][info][gc          ] Allocation Stall (pool-1-thread-1) 2.871ms
[4.883s][info][gc          ] Allocation Stall (pool-1-thread-4) 0.264ms
[4.890s][info][gc          ] Allocation Stall (pool-1-thread-2) 2.117ms
[4.890s][info][gc          ] Allocation Stall (pool-1-thread-3) 2.235ms
[4.890s][info][gc          ] Allocation Stall (pool-1-thread-4) 2.304ms
[4.891s][info][gc          ] Allocation Stall (pool-1-thread-1) 2.418ms
[4.900s][info][gc          ] Allocation Stall (pool-1-thread-3) 0.850ms
[4.903s][info][gc          ] Allocation Stall (pool-1-thread-1) 3.704ms
[4.903s][info][gc          ] Allocation Stall (pool-1-thread-4) 3.659ms
[4.904s][info][gc          ] Allocation Stall (pool-1-thread-2) 3.696ms
[4.914s][info][gc          ] Allocation Stall (pool-1-thread-1) 3.852ms
[4.914s][info][gc          ] Allocation Stall (pool-1-thread-2) 4.335ms
[4.914s][info][gc          ] Allocation Stall (pool-1-thread-4) 4.434ms
[4.915s][info][gc          ] Allocation Stall (pool-1-thread-3) 4.567ms
[4.922s][info][gc          ] Allocation Stall (pool-1-thread-4) 1.254ms
[4.928s][info][gc          ] Allocation Stall (pool-1-thread-3) 6.884ms
[4.928s][info][gc          ] Allocation Stall (pool-1-thread-1) 7.156ms
[4.928s][info][gc          ] Allocation Stall (pool-1-thread-2) 7.361ms
[4.955s][info][gc          ] Allocation Stall (pool-1-thread-3) 0.449ms
[4.958s][info][gc          ] Allocation Stall (pool-1-thread-1) 3.436ms
[4.961s][info][gc          ] Allocation Stall (pool-1-thread-2) 6.384ms
[4.989s][info][gc          ] Allocation Stall (pool-1-thread-4) 3.137ms
[4.991s][info][gc,phases   ] GC(21) Concurrent Relocate 151.291ms
[4.991s][info][gc,load     ] GC(21) Load: 0.67/0.38/0.19
[4.991s][info][gc,mmu      ] GC(21) MMU: 2ms/97.9%, 5ms/99.1%, 10ms/99.5%, 20ms/99.7%, 50ms/99.8%, 100ms/99.9%
[4.991s][info][gc,marking  ] GC(21) Mark: 2 stripe(s), 2 proactive flush(es), 1 terminate flush(es), 0 completion(s), 0 continuation(s) 
[4.991s][info][gc,marking  ] GC(21) Mark Stack Usage: 32M
[4.991s][info][gc,nmethod  ] GC(21) NMethods: 434 registered, 0 unregistered
[4.991s][info][gc,metaspace] GC(21) Metaspace: 6M used, 6M committed, 1088M reserved
[4.991s][info][gc,ref      ] GC(21) Soft: 34 encountered, 15 discovered, 0 enqueued
[4.991s][info][gc,ref      ] GC(21) Weak: 179 encountered, 31 discovered, 0 enqueued
[4.991s][info][gc,ref      ] GC(21) Final: 0 encountered, 0 discovered, 0 enqueued
[4.991s][info][gc,ref      ] GC(21) Phantom: 3 encountered, 2 discovered, 0 enqueued
[4.991s][info][gc,reloc    ] GC(21) Small Pages: 152 / 304M, Empty: 4M, Relocated: 101M, In-Place: 3
[4.991s][info][gc,reloc    ] GC(21) Medium Pages: 22 / 704M, Empty: 0M, Relocated: 243M, In-Place: 1
[4.991s][info][gc,reloc    ] GC(21) Large Pages: 0 / 0M, Empty: 0M, Relocated: 0M, In-Place: 0
[4.991s][info][gc,reloc    ] GC(21) Forwarding Usage: 0M
[4.991s][info][gc,heap     ] GC(21) Min Capacity: 1024M(100%)
[4.991s][info][gc,heap     ] GC(21) Max Capacity: 1024M(100%)
[4.991s][info][gc,heap     ] GC(21) Soft Max Capacity: 1024M(100%)
[4.991s][info][gc,heap     ] GC(21)                Mark Start          Mark End        Relocate Start      Relocate End           High               Low         
[4.991s][info][gc,heap     ] GC(21)  Capacity:     1024M (100%)       1024M (100%)       1024M (100%)       1024M (100%)       1024M (100%)       1024M (100%)   
[4.991s][info][gc,heap     ] GC(21)      Free:       16M (2%)           16M (2%)           20M (2%)            4M (0%)           88M (9%)            0M (0%)     
[4.991s][info][gc,heap     ] GC(21)      Used:     1008M (98%)        1008M (98%)        1004M (98%)        1020M (100%)       1024M (100%)        936M (91%)    
[4.991s][info][gc,heap     ] GC(21)      Live:         -               346M (34%)         346M (34%)         346M (34%)            -                  -          
[4.991s][info][gc,heap     ] GC(21) Allocated:         -                 0M (0%)            0M (0%)          655M (64%)            -                  -          
[4.991s][info][gc,heap     ] GC(21)   Garbage:         -               661M (65%)         657M (64%)          18M (2%)             -                  -          
[4.991s][info][gc,heap     ] GC(21) Reclaimed:         -                  -                 4M (0%)          643M (63%)            -                  -          
[4.991s][info][gc          ] GC(21) Garbage Collection (Allocation Stall) 1008M(98%)->1020M(100%)
[4.992s][info][gc,start    ] GC(22) Garbage Collection (Allocation Stall)
[4.992s][info][gc,ref      ] GC(22) Clearing All SoftReferences
[4.992s][info][gc,task     ] GC(22) Using 3 workers
[4.994s][info][gc,phases   ] GC(22) Pause Mark Start 0.010ms
[4.994s][info][gc          ] Allocation Stall (pool-1-thread-2) 8.163ms
[5.000s][info][gc,phases   ] GC(22) Concurrent Mark 6.084ms
[5.000s][info][gc,phases   ] GC(22) Pause Mark End 0.010ms
[5.000s][info][gc,phases   ] GC(22) Concurrent Mark Free 0.001ms
[5.001s][info][gc,phases   ] GC(22) Concurrent Process Non-Strong References 0.476ms
[5.001s][info][gc,phases   ] GC(22) Concurrent Reset Relocation Set 0.006ms
[5.002s][info][gc,phases   ] GC(22) Concurrent Select Relocation Set 1.084ms
[5.002s][info][gc,phases   ] GC(22) Pause Relocate Start 0.003ms
[5.008s][info][gc          ] Allocation Stall (pool-1-thread-3) 13.905ms
[5.008s][info][gc          ] Allocation Stall (pool-1-thread-2) 11.726ms
[5.020s][info][gc          ] Allocation Stall (pool-1-thread-2) 1.071ms
[5.020s][info][gc          ] Allocation Stall (pool-1-thread-3) 1.137ms
[5.094s][info][gc          ] Relocation Stall (main) 91.523ms
[5.094s][info][gc          ] Relocation Stall (pool-1-thread-1) 88.340ms
[5.095s][info][gc          ] Allocation Stall (pool-1-thread-1) 108.685ms
[5.111s][info][gc          ] Relocation Stall (pool-1-thread-4) 104.338ms
[5.111s][info][gc          ] Allocation Stall (pool-1-thread-4) 117.155ms
[5.151s][info][gc          ] Allocation Stall (pool-1-thread-1) 5.158ms
[5.160s][info][gc,phases   ] GC(22) Concurrent Relocate 157.756ms
[5.160s][info][gc,load     ] GC(22) Load: 0.67/0.38/0.19
[5.160s][info][gc,mmu      ] GC(22) MMU: 2ms/97.9%, 5ms/99.1%, 10ms/99.5%, 20ms/99.7%, 50ms/99.8%, 100ms/99.9%
[5.160s][info][gc,marking  ] GC(22) Mark: 2 stripe(s), 4 proactive flush(es), 1 terminate flush(es), 0 completion(s), 0 continuation(s) 
[5.160s][info][gc,marking  ] GC(22) Mark Stack Usage: 32M
[5.160s][info][gc,nmethod  ] GC(22) NMethods: 434 registered, 0 unregistered
[5.160s][info][gc,metaspace] GC(22) Metaspace: 6M used, 6M committed, 1088M reserved
[5.160s][info][gc,ref      ] GC(22) Soft: 34 encountered, 8 discovered, 0 enqueued
[5.160s][info][gc,ref      ] GC(22) Weak: 179 encountered, 50 discovered, 0 enqueued
[5.160s][info][gc,ref      ] GC(22) Final: 0 encountered, 0 discovered, 0 enqueued
[5.160s][info][gc,ref      ] GC(22) Phantom: 3 encountered, 2 discovered, 0 enqueued
[5.160s][info][gc,reloc    ] GC(22) Small Pages: 142 / 284M, Empty: 0M, Relocated: 94M, In-Place: 1
[5.160s][info][gc,reloc    ] GC(22) Medium Pages: 22 / 704M, Empty: 0M, Relocated: 244M, In-Place: 2
[5.160s][info][gc,reloc    ] GC(22) Large Pages: 0 / 0M, Empty: 0M, Relocated: 0M, In-Place: 0
[5.160s][info][gc,reloc    ] GC(22) Forwarding Usage: 0M
[5.160s][info][gc,heap     ] GC(22) Min Capacity: 1024M(100%)
[5.160s][info][gc,heap     ] GC(22) Max Capacity: 1024M(100%)
[5.160s][info][gc,heap     ] GC(22) Soft Max Capacity: 1024M(100%)
[5.160s][info][gc,heap     ] GC(22)                Mark Start          Mark End        Relocate Start      Relocate End           High               Low         
[5.160s][info][gc,heap     ] GC(22)  Capacity:     1024M (100%)       1024M (100%)       1024M (100%)       1024M (100%)       1024M (100%)       1024M (100%)   
[5.160s][info][gc,heap     ] GC(22)      Free:        4M (0%)            0M (0%)            0M (0%)           16M (2%)          138M (13%)           0M (0%)     
[5.160s][info][gc,heap     ] GC(22)      Used:     1020M (100%)       1024M (100%)       1024M (100%)       1008M (98%)        1024M (100%)        886M (87%)    
[5.160s][info][gc,heap     ] GC(22)      Live:         -               345M (34%)         345M (34%)         345M (34%)            -                  -          
[5.160s][info][gc,heap     ] GC(22) Allocated:         -                 4M (0%)            4M (0%)          609M (60%)            -                  -          
[5.160s][info][gc,heap     ] GC(22)   Garbage:         -               674M (66%)         674M (66%)          52M (5%)             -                  -          
[5.160s][info][gc,heap     ] GC(22) Reclaimed:         -                  -                 0M (0%)          621M (61%)            -                  -          
[5.160s][info][gc          ] GC(22) Garbage Collection (Allocation Stall) 1020M(100%)->1008M(98%)
[5.160s][info][gc,start    ] GC(23) Garbage Collection (Allocation Stall)
[5.160s][info][gc,ref      ] GC(23) Clearing All SoftReferences
[5.160s][info][gc,task     ] GC(23) Using 3 workers
[5.163s][info][gc,phases   ] GC(23) Pause Mark Start 0.031ms
[5.163s][info][gc          ] Allocation Stall (pool-1-thread-3) 17.399ms
[5.202s][info][gc,phases   ] GC(23) Concurrent Mark 39.485ms
[5.203s][info][gc,phases   ] GC(23) Pause Mark End 0.019ms
[5.203s][info][gc,phases   ] GC(23) Concurrent Mark Free 0.001ms
[5.204s][info][gc,phases   ] GC(23) Concurrent Process Non-Strong References 0.761ms
[5.204s][info][gc,phases   ] GC(23) Concurrent Reset Relocation Set 0.015ms
[5.207s][info][gc,phases   ] GC(23) Concurrent Select Relocation Set 3.243ms
[5.207s][info][gc,phases   ] GC(23) Pause Relocate Start 0.012ms
[5.213s][info][gc          ] Allocation Stall (pool-1-thread-4) 14.465ms
[5.213s][info][gc          ] Allocation Stall (pool-1-thread-3) 14.660ms
[5.213s][info][gc          ] Allocation Stall (pool-1-thread-2) 14.893ms
[5.213s][info][gc          ] Allocation Stall (pool-1-thread-1) 14.817ms
[5.258s][info][gc          ] Allocation Stall (pool-1-thread-2) 1.354ms
[5.258s][info][gc          ] Allocation Stall (pool-1-thread-3) 2.628ms
[5.258s][info][gc          ] Allocation Stall (pool-1-thread-4) 5.181ms
[5.258s][info][gc          ] Allocation Stall (pool-1-thread-1) 2.844ms
[5.269s][info][gc          ] Allocation Stall (pool-1-thread-1) 5.763ms
[5.269s][info][gc          ] Allocation Stall (pool-1-thread-4) 6.138ms
[5.269s][info][gc          ] Allocation Stall (pool-1-thread-3) 6.169ms
[5.270s][info][gc          ] Allocation Stall (pool-1-thread-2) 6.367ms
[5.288s][info][gc          ] Allocation Stall (pool-1-thread-2) 4.400ms
[5.288s][info][gc          ] Allocation Stall (pool-1-thread-4) 4.223ms
[5.289s][info][gc          ] Allocation Stall (pool-1-thread-1) 4.865ms
[5.289s][info][gc          ] Allocation Stall (pool-1-thread-3) 5.516ms
[5.297s][info][gc          ] Allocation Stall (pool-1-thread-1) 4.639ms
[5.300s][info][gc          ] Allocation Stall (pool-1-thread-4) 7.414ms
[5.300s][info][gc          ] Allocation Stall (pool-1-thread-2) 7.862ms
[5.300s][info][gc          ] Allocation Stall (pool-1-thread-3) 8.095ms
[5.310s][info][gc          ] Allocation Stall (pool-1-thread-3) 4.706ms
[5.310s][info][gc          ] Allocation Stall (pool-1-thread-2) 4.926ms
[5.311s][info][gc          ] Allocation Stall (pool-1-thread-1) 2.547ms
[5.339s][info][gc          ] Allocation Stall (pool-1-thread-1) 3.127ms
[5.340s][info][gc          ] Allocation Stall (pool-1-thread-3) 3.403ms
[5.345s][info][gc,phases   ] GC(23) Concurrent Relocate 138.087ms
[5.345s][info][gc,load     ] GC(23) Load: 0.67/0.38/0.19
[5.345s][info][gc,mmu      ] GC(23) MMU: 2ms/97.9%, 5ms/99.1%, 10ms/99.5%, 20ms/99.7%, 50ms/99.8%, 100ms/99.9%
[5.345s][info][gc,marking  ] GC(23) Mark: 2 stripe(s), 8 proactive flush(es), 1 terminate flush(es), 0 completion(s), 0 continuation(s) 
[5.345s][info][gc,marking  ] GC(23) Mark Stack Usage: 32M
[5.345s][info][gc,nmethod  ] GC(23) NMethods: 435 registered, 0 unregistered
[5.345s][info][gc,metaspace] GC(23) Metaspace: 6M used, 6M committed, 1088M reserved
[5.345s][info][gc,ref      ] GC(23) Soft: 34 encountered, 10 discovered, 0 enqueued
[5.345s][info][gc,ref      ] GC(23) Weak: 179 encountered, 38 discovered, 0 enqueued
[5.345s][info][gc,ref      ] GC(23) Final: 0 encountered, 0 discovered, 0 enqueued
[5.345s][info][gc,ref      ] GC(23) Phantom: 3 encountered, 2 discovered, 0 enqueued
[5.345s][info][gc,reloc    ] GC(23) Small Pages: 136 / 272M, Empty: 2M, Relocated: 94M, In-Place: 0
[5.345s][info][gc,reloc    ] GC(23) Medium Pages: 21 / 672M, Empty: 0M, Relocated: 241M, In-Place: 4
[5.345s][info][gc,reloc    ] GC(23) Large Pages: 0 / 0M, Empty: 0M, Relocated: 0M, In-Place: 0
[5.345s][info][gc,reloc    ] GC(23) Forwarding Usage: 0M
[5.345s][info][gc,heap     ] GC(23) Min Capacity: 1024M(100%)
[5.345s][info][gc,heap     ] GC(23) Max Capacity: 1024M(100%)
[5.345s][info][gc,heap     ] GC(23) Soft Max Capacity: 1024M(100%)
[5.345s][info][gc,heap     ] GC(23)                Mark Start          Mark End        Relocate Start      Relocate End           High               Low         
[5.346s][info][gc,heap     ] GC(23)  Capacity:     1024M (100%)       1024M (100%)       1024M (100%)       1024M (100%)       1024M (100%)       1024M (100%)   
[5.346s][info][gc,heap     ] GC(23)      Free:       48M (5%)           28M (3%)           30M (3%)           74M (7%)          124M (12%)           0M (0%)     
[5.346s][info][gc,heap     ] GC(23)      Used:      976M (95%)         996M (97%)         994M (97%)         950M (93%)        1024M (100%)        900M (88%)    
[5.346s][info][gc,heap     ] GC(23)      Live:         -               337M (33%)         337M (33%)         337M (33%)            -                  -          
[5.346s][info][gc,heap     ] GC(23) Allocated:         -                20M (2%)           20M (2%)          559M (55%)            -                  -          
[5.346s][info][gc,heap     ] GC(23)   Garbage:         -               638M (62%)         636M (62%)          52M (5%)             -                  -          
[5.346s][info][gc,heap     ] GC(23) Reclaimed:         -                  -                 2M (0%)          585M (57%)            -                  -          
[5.346s][info][gc          ] GC(23) Garbage Collection (Allocation Stall) 976M(95%)->950M(93%)
[5.361s][info][gc,start    ] GC(24) Garbage Collection (Allocation Stall)
[5.361s][info][gc,ref      ] GC(24) Clearing All SoftReferences
[5.361s][info][gc,task     ] GC(24) Using 3 workers
[5.361s][info][gc,phases   ] GC(24) Pause Mark Start 0.013ms
[5.373s][info][gc,phases   ] GC(24) Concurrent Mark 12.007ms
[5.373s][info][gc,phases   ] GC(24) Pause Mark End 0.015ms
[5.374s][info][gc,phases   ] GC(24) Concurrent Mark Free 0.001ms
[5.374s][info][gc,phases   ] GC(24) Concurrent Process Non-Strong References 0.802ms
[5.374s][info][gc,phases   ] GC(24) Concurrent Reset Relocation Set 0.012ms
[5.377s][info][gc,phases   ] GC(24) Concurrent Select Relocation Set 2.146ms
[5.377s][info][gc,phases   ] GC(24) Pause Relocate Start 0.009ms
[5.382s][info][gc          ] Allocation Stall (pool-1-thread-3) 21.511ms
[5.382s][info][gc          ] Allocation Stall (pool-1-thread-1) 21.505ms
[5.383s][info][gc          ] Allocation Stall (pool-1-thread-2) 22.260ms
[5.383s][info][gc          ] Allocation Stall (pool-1-thread-4) 22.289ms
[5.396s][info][gc          ] Allocation Stall (pool-1-thread-2) 1.597ms
[5.396s][info][gc          ] Allocation Stall (pool-1-thread-4) 3.719ms
[5.396s][info][gc          ] Allocation Stall (pool-1-thread-3) 5.870ms
[5.396s][info][gc          ] Allocation Stall (pool-1-thread-1) 4.218ms
[5.421s][info][gc          ] Allocation Stall (pool-1-thread-2) 3.612ms
[5.421s][info][gc          ] Allocation Stall (pool-1-thread-4) 5.664ms
[5.421s][info][gc          ] Allocation Stall (pool-1-thread-1) 5.822ms
[5.421s][info][gc          ] Allocation Stall (pool-1-thread-3) 4.890ms
[5.422s][info][gc          ] Allocation Stall (pool-1-thread-2) 0.345ms
[5.436s][info][gc          ] Allocation Stall (pool-1-thread-1) 14.529ms
[5.437s][info][gc          ] Allocation Stall (pool-1-thread-3) 15.027ms
[5.446s][info][gc          ] Allocation Stall (pool-1-thread-4) 23.525ms
[5.455s][info][gc          ] Allocation Stall (pool-1-thread-2) 17.641ms
[5.455s][info][gc          ] Allocation Stall (pool-1-thread-3) 10.670ms
[5.456s][info][gc          ] Allocation Stall (pool-1-thread-1) 11.512ms
[5.456s][info][gc          ] Allocation Stall (pool-1-thread-2) 1.140ms
[5.457s][info][gc          ] Allocation Stall (pool-1-thread-4) 8.331ms
[5.473s][info][gc          ] Allocation Stall (pool-1-thread-2) 0.667ms
[5.475s][info][gc          ] Allocation Stall (pool-1-thread-3) 2.581ms
[5.475s][info][gc          ] Allocation Stall (pool-1-thread-1) 3.308ms
[5.476s][info][gc          ] Allocation Stall (pool-1-thread-4) 3.470ms
[5.507s][info][gc          ] Allocation Stall (pool-1-thread-4) 1.811ms
[5.509s][info][gc          ] Allocation Stall (pool-1-thread-1) 3.717ms
[5.517s][info][gc,phases   ] GC(24) Concurrent Relocate 140.033ms
[5.517s][info][gc,load     ] GC(24) Load: 0.67/0.38/0.19
[5.517s][info][gc,mmu      ] GC(24) MMU: 2ms/97.9%, 5ms/99.1%, 10ms/99.5%, 20ms/99.7%, 50ms/99.8%, 100ms/99.9%
[5.517s][info][gc,marking  ] GC(24) Mark: 2 stripe(s), 3 proactive flush(es), 1 terminate flush(es), 0 completion(s), 0 continuation(s) 
[5.517s][info][gc,marking  ] GC(24) Mark Stack Usage: 32M
[5.517s][info][gc,nmethod  ] GC(24) NMethods: 435 registered, 0 unregistered
[5.517s][info][gc,metaspace] GC(24) Metaspace: 6M used, 6M committed, 1088M reserved
[5.517s][info][gc,ref      ] GC(24) Soft: 34 encountered, 13 discovered, 0 enqueued
[5.517s][info][gc,ref      ] GC(24) Weak: 179 encountered, 17 discovered, 0 enqueued
[5.517s][info][gc,ref      ] GC(24) Final: 0 encountered, 0 discovered, 0 enqueued
[5.517s][info][gc,ref      ] GC(24) Phantom: 3 encountered, 2 discovered, 0 enqueued
[5.517s][info][gc,reloc    ] GC(24) Small Pages: 153 / 306M, Empty: 6M, Relocated: 95M, In-Place: 2
[5.517s][info][gc,reloc    ] GC(24) Medium Pages: 22 / 704M, Empty: 0M, Relocated: 222M, In-Place: 5
[5.517s][info][gc,reloc    ] GC(24) Large Pages: 0 / 0M, Empty: 0M, Relocated: 0M, In-Place: 0
[5.517s][info][gc,reloc    ] GC(24) Forwarding Usage: 0M
[5.517s][info][gc,heap     ] GC(24) Min Capacity: 1024M(100%)
[5.517s][info][gc,heap     ] GC(24) Max Capacity: 1024M(100%)
[5.517s][info][gc,heap     ] GC(24) Soft Max Capacity: 1024M(100%)
[5.517s][info][gc,heap     ] GC(24)                Mark Start          Mark End        Relocate Start      Relocate End           High               Low         
[5.517s][info][gc,heap     ] GC(24)  Capacity:     1024M (100%)       1024M (100%)       1024M (100%)       1024M (100%)       1024M (100%)       1024M (100%)   
[5.517s][info][gc,heap     ] GC(24)      Free:       14M (1%)           14M (1%)           20M (2%)           94M (9%)          104M (10%)           0M (0%)     
[5.517s][info][gc,heap     ] GC(24)      Used:     1010M (99%)        1010M (99%)        1004M (98%)         930M (91%)        1024M (100%)        920M (90%)    
[5.517s][info][gc,heap     ] GC(24)      Live:         -               353M (34%)         353M (34%)         353M (34%)            -                  -          
[5.517s][info][gc,heap     ] GC(24) Allocated:         -                 0M (0%)            0M (0%)          535M (52%)            -                  -          
[5.517s][info][gc,heap     ] GC(24)   Garbage:         -               656M (64%)         650M (64%)          40M (4%)             -                  -          
[5.517s][info][gc,heap     ] GC(24) Reclaimed:         -                  -                 6M (1%)          615M (60%)            -                  -          
[5.517s][info][gc          ] GC(24) Garbage Collection (Allocation Stall) 1010M(99%)->930M(91%)
[5.531s][info][gc          ] Allocation Stall (pool-1-thread-3) 0.068ms
[5.531s][info][gc,start    ] GC(25) Garbage Collection (Allocation Stall)
[5.531s][info][gc,ref      ] GC(25) Clearing All SoftReferences
[5.531s][info][gc,task     ] GC(25) Using 3 workers
[5.532s][info][gc,phases   ] GC(25) Pause Mark Start 0.008ms
[5.541s][info][gc,phases   ] GC(25) Concurrent Mark 8.721ms
[5.541s][info][gc,phases   ] GC(25) Pause Mark End 0.023ms
[5.541s][info][gc,phases   ] GC(25) Concurrent Mark Free 0.002ms
[5.542s][info][gc,phases   ] GC(25) Concurrent Process Non-Strong References 0.827ms
[5.542s][info][gc,phases   ] GC(25) Concurrent Reset Relocation Set 0.013ms
[5.543s][info][gc          ] Allocation Stall (pool-1-thread-3) 5.390ms
[5.543s][info][gc,phases   ] GC(25) Concurrent Select Relocation Set 1.589ms
[5.544s][info][gc,phases   ] GC(25) Pause Relocate Start 0.005ms
[5.547s][info][gc          ] Allocation Stall (pool-1-thread-4) 8.749ms
[5.547s][info][gc          ] Allocation Stall (pool-1-thread-1) 8.737ms
[5.548s][info][gc          ] Allocation Stall (pool-1-thread-2) 8.966ms
[5.548s][info][gc          ] Allocation Stall (pool-1-thread-3) 4.359ms
[5.548s][info][gc          ] Allocation Stall (pool-1-thread-2) 0.163ms
[5.565s][info][gc          ] Allocation Stall (pool-1-thread-2) 3.943ms
[5.565s][info][gc          ] Allocation Stall (pool-1-thread-3) 4.322ms
[5.573s][info][gc          ] Allocation Stall (pool-1-thread-1) 11.795ms
[5.573s][info][gc          ] Allocation Stall (pool-1-thread-4) 12.145ms
[5.574s][info][gc          ] Allocation Stall (pool-1-thread-2) 8.552ms
[5.595s][info][gc          ] Allocation Stall (pool-1-thread-4) 12.123ms
[5.596s][info][gc          ] Allocation Stall (pool-1-thread-2) 1.927ms
[5.596s][info][gc          ] Allocation Stall (pool-1-thread-1) 2.163ms
[5.596s][info][gc          ] Allocation Stall (pool-1-thread-3) 2.376ms
[5.607s][info][gc          ] Allocation Stall (pool-1-thread-1) 4.307ms
[5.619s][info][gc          ] Allocation Stall (pool-1-thread-3) 16.440ms
[5.619s][info][gc          ] Allocation Stall (pool-1-thread-4) 16.768ms
[5.620s][info][gc          ] Allocation Stall (pool-1-thread-2) 16.902ms
[5.627s][info][gc          ] Allocation Stall (pool-1-thread-1) 0.834ms
[5.640s][info][gc          ] Relocation Stall (main) 96.205ms
[5.640s][info][gc          ] Allocation Stall (pool-1-thread-1) 10.920ms
[5.641s][info][gc          ] Allocation Stall (pool-1-thread-2) 11.785ms
[5.643s][info][gc          ] Allocation Stall (pool-1-thread-3) 13.575ms
[5.643s][info][gc          ] Allocation Stall (pool-1-thread-4) 13.862ms
[5.682s][info][gc,phases   ] GC(25) Concurrent Relocate 138.251ms
[5.682s][info][gc,load     ] GC(25) Load: 1.25/0.51/0.23
[5.682s][info][gc,mmu      ] GC(25) MMU: 2ms/97.9%, 5ms/99.1%, 10ms/99.5%, 20ms/99.7%, 50ms/99.8%, 100ms/99.9%
[5.682s][info][gc,marking  ] GC(25) Mark: 2 stripe(s), 2 proactive flush(es), 1 terminate flush(es), 0 completion(s), 0 continuation(s) 
[5.682s][info][gc,marking  ] GC(25) Mark Stack Usage: 32M
[5.682s][info][gc,nmethod  ] GC(25) NMethods: 436 registered, 0 unregistered
[5.682s][info][gc,metaspace] GC(25) Metaspace: 6M used, 6M committed, 1088M reserved
[5.682s][info][gc,ref      ] GC(25) Soft: 34 encountered, 20 discovered, 0 enqueued
[5.682s][info][gc,ref      ] GC(25) Weak: 179 encountered, 21 discovered, 0 enqueued
[5.682s][info][gc,ref      ] GC(25) Final: 0 encountered, 0 discovered, 0 enqueued
[5.682s][info][gc,ref      ] GC(25) Phantom: 3 encountered, 2 discovered, 0 enqueued
[5.682s][info][gc,reloc    ] GC(25) Small Pages: 136 / 272M, Empty: 2M, Relocated: 92M, In-Place: 0
[5.682s][info][gc,reloc    ] GC(25) Medium Pages: 22 / 704M, Empty: 0M, Relocated: 241M, In-Place: 8
[5.682s][info][gc,reloc    ] GC(25) Large Pages: 0 / 0M, Empty: 0M, Relocated: 0M, In-Place: 0
[5.682s][info][gc,reloc    ] GC(25) Forwarding Usage: 0M
[5.682s][info][gc,heap     ] GC(25) Min Capacity: 1024M(100%)
[5.682s][info][gc,heap     ] GC(25) Max Capacity: 1024M(100%)
[5.682s][info][gc,heap     ] GC(25) Soft Max Capacity: 1024M(100%)
[5.682s][info][gc,heap     ] GC(25)                Mark Start          Mark End        Relocate Start      Relocate End           High               Low         
[5.682s][info][gc,heap     ] GC(25)  Capacity:     1024M (100%)       1024M (100%)       1024M (100%)       1024M (100%)       1024M (100%)       1024M (100%)   
[5.682s][info][gc,heap     ] GC(25)      Free:       48M (5%)            0M (0%)            0M (0%)           90M (9%)          130M (13%)           0M (0%)     
[5.682s][info][gc,heap     ] GC(25)      Used:      976M (95%)        1024M (100%)       1024M (100%)        934M (91%)        1024M (100%)        894M (87%)    
[5.682s][info][gc,heap     ] GC(25)      Live:         -               336M (33%)         336M (33%)         336M (33%)            -                  -          
[5.682s][info][gc,heap     ] GC(25) Allocated:         -                48M (5%)           50M (5%)          573M (56%)            -                  -          
[5.682s][info][gc,heap     ] GC(25)   Garbage:         -               639M (62%)         637M (62%)          23M (2%)             -                  -          
[5.682s][info][gc,heap     ] GC(25) Reclaimed:         -                  -                 2M (0%)          615M (60%)            -                  -          
[5.682s][info][gc          ] GC(25) Garbage Collection (Allocation Stall) 976M(95%)->934M(91%)
[5.686s][info][gc,start    ] GC(26) Garbage Collection (Allocation Stall)
[5.687s][info][gc,ref      ] GC(26) Clearing All SoftReferences
[5.687s][info][gc,task     ] GC(26) Using 3 workers
[5.689s][info][gc,phases   ] GC(26) Pause Mark Start 0.017ms
[5.689s][info][gc          ] Allocation Stall (pool-1-thread-2) 2.595ms
[5.703s][info][gc,phases   ] GC(26) Concurrent Mark 14.244ms
[5.703s][info][gc,phases   ] GC(26) Pause Mark End 0.015ms
[5.703s][info][gc,phases   ] GC(26) Concurrent Mark Free 0.001ms
[5.704s][info][gc,phases   ] GC(26) Concurrent Process Non-Strong References 0.612ms
[5.704s][info][gc,phases   ] GC(26) Concurrent Reset Relocation Set 0.014ms
[5.706s][info][gc,phases   ] GC(26) Concurrent Select Relocation Set 1.650ms
[5.706s][info][gc,phases   ] GC(26) Pause Relocate Start 0.006ms
[5.711s][info][gc          ] Allocation Stall (pool-1-thread-2) 8.743ms
[5.711s][info][gc          ] Allocation Stall (pool-1-thread-4) 24.913ms
[5.712s][info][gc          ] Allocation Stall (pool-1-thread-3) 8.973ms
[5.712s][info][gc          ] Allocation Stall (pool-1-thread-1) 9.193ms
[5.738s][info][gc          ] Allocation Stall (pool-1-thread-3) 1.823ms
[5.741s][info][gc          ] Allocation Stall (pool-1-thread-1) 4.167ms
[5.741s][info][gc          ] Allocation Stall (pool-1-thread-2) 4.654ms
[5.743s][info][gc          ] Allocation Stall (pool-1-thread-4) 6.224ms
[5.749s][info][gc          ] Allocation Stall (pool-1-thread-2) 0.285ms
[5.752s][info][gc          ] Allocation Stall (pool-1-thread-4) 3.887ms
[5.753s][info][gc          ] Allocation Stall (pool-1-thread-3) 4.170ms
[5.753s][info][gc          ] Allocation Stall (pool-1-thread-1) 4.396ms
[5.763s][info][gc          ] Allocation Stall (pool-1-thread-2) 3.192ms
[5.764s][info][gc          ] Allocation Stall (pool-1-thread-3) 4.704ms
[5.765s][info][gc          ] Allocation Stall (pool-1-thread-1) 5.029ms
[5.765s][info][gc          ] Allocation Stall (pool-1-thread-4) 5.266ms
[5.772s][info][gc          ] Allocation Stall (pool-1-thread-1) 1.073ms
[5.779s][info][gc          ] Allocation Stall (pool-1-thread-3) 7.704ms
[5.779s][info][gc          ] Allocation Stall (pool-1-thread-4) 7.948ms
[5.779s][info][gc          ] Allocation Stall (pool-1-thread-2) 8.187ms
[5.793s][info][gc          ] Allocation Stall (pool-1-thread-1) 10.009ms
[5.793s][info][gc          ] Allocation Stall (pool-1-thread-2) 0.850ms
[5.793s][info][gc          ] Allocation Stall (pool-1-thread-4) 1.996ms
[5.793s][info][gc          ] Allocation Stall (pool-1-thread-3) 1.046ms
[5.799s][info][gc          ] Allocation Stall (pool-1-thread-1) 5.017ms
[5.799s][info][gc          ] Allocation Stall (pool-1-thread-3) 5.382ms
[5.801s][info][gc          ] Allocation Stall (pool-1-thread-2) 7.234ms
[5.802s][info][gc          ] Allocation Stall (pool-1-thread-4) 7.552ms
[5.832s][info][gc          ] Allocation Stall (pool-1-thread-2) 2.530ms
[5.834s][info][gc          ] Allocation Stall (pool-1-thread-4) 3.707ms
[5.840s][info][gc,phases   ] GC(26) Concurrent Relocate 134.272ms
[5.840s][info][gc,load     ] GC(26) Load: 1.25/0.51/0.23
[5.840s][info][gc,mmu      ] GC(26) MMU: 2ms/97.9%, 5ms/99.1%, 10ms/99.5%, 20ms/99.7%, 50ms/99.8%, 100ms/99.9%
[5.840s][info][gc,marking  ] GC(26) Mark: 2 stripe(s), 3 proactive flush(es), 1 terminate flush(es), 0 completion(s), 0 continuation(s) 
[5.840s][info][gc,marking  ] GC(26) Mark Stack Usage: 32M
[5.840s][info][gc,nmethod  ] GC(26) NMethods: 436 registered, 0 unregistered
[5.840s][info][gc,metaspace] GC(26) Metaspace: 6M used, 6M committed, 1088M reserved
[5.840s][info][gc,ref      ] GC(26) Soft: 34 encountered, 6 discovered, 0 enqueued
[5.840s][info][gc,ref      ] GC(26) Weak: 179 encountered, 0 discovered, 0 enqueued
[5.840s][info][gc,ref      ] GC(26) Final: 0 encountered, 0 discovered, 0 enqueued
[5.840s][info][gc,ref      ] GC(26) Phantom: 3 encountered, 2 discovered, 0 enqueued
[5.840s][info][gc,reloc    ] GC(26) Small Pages: 136 / 272M, Empty: 4M, Relocated: 89M, In-Place: 1
[5.840s][info][gc,reloc    ] GC(26) Medium Pages: 22 / 704M, Empty: 0M, Relocated: 245M, In-Place: 3
[5.840s][info][gc,reloc    ] GC(26) Large Pages: 0 / 0M, Empty: 0M, Relocated: 0M, In-Place: 0
[5.840s][info][gc,reloc    ] GC(26) Forwarding Usage: 0M
[5.840s][info][gc,heap     ] GC(26) Min Capacity: 1024M(100%)
[5.840s][info][gc,heap     ] GC(26) Max Capacity: 1024M(100%)
[5.840s][info][gc,heap     ] GC(26) Soft Max Capacity: 1024M(100%)
[5.840s][info][gc,heap     ] GC(26)                Mark Start          Mark End        Relocate Start      Relocate End           High               Low         
[5.840s][info][gc,heap     ] GC(26)  Capacity:     1024M (100%)       1024M (100%)       1024M (100%)       1024M (100%)       1024M (100%)       1024M (100%)   
[5.840s][info][gc,heap     ] GC(26)      Free:       16M (2%)            0M (0%)            4M (0%)           50M (5%)          106M (10%)           0M (0%)     
[5.840s][info][gc,heap     ] GC(26)      Used:     1008M (98%)        1024M (100%)       1020M (100%)        974M (95%)        1024M (100%)        918M (90%)    
[5.840s][info][gc,heap     ] GC(26)      Live:         -               344M (34%)         344M (34%)         344M (34%)            -                  -          
[5.840s][info][gc,heap     ] GC(26) Allocated:         -                16M (2%)           16M (2%)          577M (56%)            -                  -          
[5.840s][info][gc,heap     ] GC(26)   Garbage:         -               663M (65%)         659M (64%)          52M (5%)             -                  -          
[5.840s][info][gc,heap     ] GC(26) Reclaimed:         -                  -                 4M (0%)          611M (60%)            -                  -          
[5.840s][info][gc          ] GC(26) Garbage Collection (Allocation Stall) 1008M(98%)->974M(95%)
[5.851s][info][gc,start    ] GC(27) Garbage Collection (Allocation Stall)
[5.851s][info][gc,ref      ] GC(27) Clearing All SoftReferences
[5.851s][info][gc,task     ] GC(27) Using 3 workers
[5.851s][info][gc,phases   ] GC(27) Pause Mark Start 0.007ms
[5.857s][info][gc,phases   ] GC(27) Concurrent Mark 6.183ms
[5.858s][info][gc,phases   ] GC(27) Pause Mark End 0.011ms
[5.858s][info][gc,phases   ] GC(27) Concurrent Mark Free 0.001ms
[5.858s][info][gc,phases   ] GC(27) Concurrent Process Non-Strong References 0.715ms
[5.858s][info][gc,phases   ] GC(27) Concurrent Reset Relocation Set 0.007ms
[5.860s][info][gc,phases   ] GC(27) Concurrent Select Relocation Set 1.148ms
[5.860s][info][gc,phases   ] GC(27) Pause Relocate Start 0.005ms
[5.864s][info][gc          ] Allocation Stall (pool-1-thread-3) 13.540ms
[5.865s][info][gc          ] Allocation Stall (pool-1-thread-4) 13.971ms
[5.865s][info][gc          ] Allocation Stall (pool-1-thread-1) 14.179ms
[5.865s][info][gc          ] Allocation Stall (pool-1-thread-2) 14.123ms
[5.899s][info][gc          ] Allocation Stall (pool-1-thread-1) 0.503ms
[5.903s][info][gc          ] Allocation Stall (pool-1-thread-2) 4.083ms
[5.903s][info][gc          ] Allocation Stall (pool-1-thread-3) 4.383ms
[5.903s][info][gc          ] Allocation Stall (pool-1-thread-4) 4.598ms
[5.913s][info][gc          ] Allocation Stall (pool-1-thread-2) 3.606ms
[5.914s][info][gc          ] Allocation Stall (pool-1-thread-3) 5.367ms
[5.915s][info][gc          ] Allocation Stall (pool-1-thread-1) 5.674ms
[5.915s][info][gc          ] Allocation Stall (pool-1-thread-4) 5.910ms
[5.923s][info][gc          ] Allocation Stall (pool-1-thread-2) 1.531ms
[5.927s][info][gc          ] Allocation Stall (pool-1-thread-4) 5.071ms
[5.927s][info][gc          ] Allocation Stall (pool-1-thread-1) 5.494ms
[5.927s][info][gc          ] Allocation Stall (pool-1-thread-3) 5.480ms
[5.938s][info][gc          ] Allocation Stall (pool-1-thread-1) 4.178ms
[5.939s][info][gc          ] Allocation Stall (pool-1-thread-4) 4.542ms
[5.939s][info][gc          ] Allocation Stall (pool-1-thread-3) 5.367ms
[5.940s][info][gc          ] Allocation Stall (pool-1-thread-1) 0.855ms
[5.940s][info][gc          ] Allocation Stall (pool-1-thread-2) 5.428ms
[5.978s][info][gc          ] Allocation Stall (pool-1-thread-2) 0.713ms
[5.982s][info][gc          ] Allocation Stall (pool-1-thread-1) 4.413ms
[5.986s][info][gc,phases   ] GC(27) Concurrent Relocate 126.707ms
[5.987s][info][gc,load     ] GC(27) Load: 1.25/0.51/0.23
[5.987s][info][gc,mmu      ] GC(27) MMU: 2ms/97.9%, 5ms/99.1%, 10ms/99.5%, 20ms/99.7%, 50ms/99.8%, 100ms/99.9%
[5.987s][info][gc,marking  ] GC(27) Mark: 2 stripe(s), 3 proactive flush(es), 1 terminate flush(es), 0 completion(s), 0 continuation(s) 
[5.987s][info][gc,marking  ] GC(27) Mark Stack Usage: 32M
[5.987s][info][gc,nmethod  ] GC(27) NMethods: 436 registered, 0 unregistered
[5.987s][info][gc,metaspace] GC(27) Metaspace: 6M used, 6M committed, 1088M reserved
[5.987s][info][gc,ref      ] GC(27) Soft: 34 encountered, 16 discovered, 0 enqueued
[5.987s][info][gc,ref      ] GC(27) Weak: 179 encountered, 68 discovered, 0 enqueued
[5.987s][info][gc,ref      ] GC(27) Final: 0 encountered, 0 discovered, 0 enqueued
[5.987s][info][gc,ref      ] GC(27) Phantom: 3 encountered, 2 discovered, 0 enqueued
[5.987s][info][gc,reloc    ] GC(27) Small Pages: 147 / 294M, Empty: 4M, Relocated: 97M, In-Place: 1
[5.987s][info][gc,reloc    ] GC(27) Medium Pages: 22 / 704M, Empty: 0M, Relocated: 220M, In-Place: 3
[5.987s][info][gc,reloc    ] GC(27) Large Pages: 0 / 0M, Empty: 0M, Relocated: 0M, In-Place: 0
[5.987s][info][gc,reloc    ] GC(27) Forwarding Usage: 0M
[5.987s][info][gc,heap     ] GC(27) Min Capacity: 1024M(100%)
[5.987s][info][gc,heap     ] GC(27) Max Capacity: 1024M(100%)
[5.987s][info][gc,heap     ] GC(27) Soft Max Capacity: 1024M(100%)
[5.987s][info][gc,heap     ] GC(27)                Mark Start          Mark End        Relocate Start      Relocate End           High               Low         
[5.987s][info][gc,heap     ] GC(27)  Capacity:     1024M (100%)       1024M (100%)       1024M (100%)       1024M (100%)       1024M (100%)       1024M (100%)   
[5.987s][info][gc,heap     ] GC(27)      Free:       26M (3%)           26M (3%)           30M (3%)           98M (10%)         150M (15%)           0M (0%)     
[5.987s][info][gc,heap     ] GC(27)      Used:      998M (97%)         998M (97%)         994M (97%)         926M (90%)        1024M (100%)        874M (85%)    
[5.987s][info][gc,heap     ] GC(27)      Live:         -               353M (35%)         353M (35%)         353M (35%)            -                  -          
[5.987s][info][gc,heap     ] GC(27) Allocated:         -                 0M (0%)            0M (0%)          535M (52%)            -                  -          
[5.987s][info][gc,heap     ] GC(27)   Garbage:         -               644M (63%)         640M (63%)          36M (4%)             -                  -          
[5.987s][info][gc,heap     ] GC(27) Reclaimed:         -                  -                 4M (0%)          607M (59%)            -                  -          
[5.987s][info][gc          ] GC(27) Garbage Collection (Allocation Stall) 998M(97%)->926M(90%)
[6.004s][info][gc,start    ] GC(28) Garbage Collection (Allocation Stall)
[6.004s][info][gc,ref      ] GC(28) Clearing All SoftReferences
[6.004s][info][gc,task     ] GC(28) Using 3 workers
[6.005s][info][gc,phases   ] GC(28) Pause Mark Start 0.007ms
[6.011s][info][gc,phases   ] GC(28) Concurrent Mark 6.065ms
[6.011s][info][gc,phases   ] GC(28) Pause Mark End 0.009ms
[6.011s][info][gc,phases   ] GC(28) Concurrent Mark Free 0.001ms
[6.012s][info][gc,phases   ] GC(28) Concurrent Process Non-Strong References 0.793ms
[6.012s][info][gc,phases   ] GC(28) Concurrent Reset Relocation Set 0.013ms
[6.014s][info][gc,phases   ] GC(28) Concurrent Select Relocation Set 1.884ms
[6.014s][info][gc,phases   ] GC(28) Pause Relocate Start 0.010ms
[6.019s][info][gc          ] Allocation Stall (pool-1-thread-4) 13.991ms
[6.019s][info][gc          ] Allocation Stall (pool-1-thread-1) 14.089ms
[6.019s][info][gc          ] Allocation Stall (pool-1-thread-2) 14.658ms
[6.019s][info][gc          ] Allocation Stall (pool-1-thread-3) 14.136ms
[6.028s][info][gc          ] Allocation Stall (pool-1-thread-4) 1.174ms
[6.029s][info][gc          ] Allocation Stall (pool-1-thread-3) 1.948ms
[6.029s][info][gc          ] Allocation Stall (pool-1-thread-1) 2.090ms
[6.030s][info][gc          ] Allocation Stall (pool-1-thread-2) 2.068ms
[6.040s][info][gc          ] Allocation Stall (pool-1-thread-2) 1.266ms
[6.040s][info][gc          ] Allocation Stall (pool-1-thread-3) 1.318ms
[6.066s][info][gc          ] Allocation Stall (pool-1-thread-4) 2.190ms
[6.067s][info][gc          ] Allocation Stall (pool-1-thread-1) 2.767ms
[6.067s][info][gc          ] Allocation Stall (pool-1-thread-3) 2.853ms
[6.067s][info][gc          ] Allocation Stall (pool-1-thread-2) 2.869ms
[6.080s][info][gc          ] Allocation Stall (pool-1-thread-2) 1.856ms
[6.087s][info][gc          ] Allocation Stall (pool-1-thread-4) 9.338ms
[6.088s][info][gc          ] Allocation Stall (pool-1-thread-1) 9.539ms
[6.088s][info][gc          ] Allocation Stall (pool-1-thread-3) 9.667ms
[6.088s][info][gc          ] Allocation Stall (pool-1-thread-2) 6.450ms
[6.096s][info][gc          ] Allocation Stall (pool-1-thread-4) 3.188ms
[6.099s][info][gc          ] Relocation Stall (main) 85.334ms
[6.102s][info][gc          ] Allocation Stall (pool-1-thread-2) 8.845ms
[6.105s][info][gc          ] Allocation Stall (pool-1-thread-1) 12.170ms
[6.105s][info][gc          ] Allocation Stall (pool-1-thread-3) 12.437ms
[6.134s][info][gc          ] Allocation Stall (pool-1-thread-2) 1.259ms
[6.139s][info][gc          ] Allocation Stall (pool-1-thread-3) 6.319ms
[6.140s][info][gc          ] Allocation Stall (pool-1-thread-4) 7.042ms
[6.143s][info][gc,phases   ] GC(28) Concurrent Relocate 128.882ms
[6.143s][info][gc,load     ] GC(28) Load: 1.25/0.51/0.23
[6.143s][info][gc,mmu      ] GC(28) MMU: 2ms/97.9%, 5ms/99.1%, 10ms/99.5%, 20ms/99.7%, 50ms/99.8%, 100ms/99.9%
[6.143s][info][gc,marking  ] GC(28) Mark: 2 stripe(s), 5 proactive flush(es), 1 terminate flush(es), 0 completion(s), 0 continuation(s) 
[6.143s][info][gc,marking  ] GC(28) Mark Stack Usage: 32M
[6.143s][info][gc,nmethod  ] GC(28) NMethods: 436 registered, 0 unregistered
[6.143s][info][gc,metaspace] GC(28) Metaspace: 6M used, 6M committed, 1088M reserved
[6.143s][info][gc,ref      ] GC(28) Soft: 34 encountered, 5 discovered, 0 enqueued
[6.143s][info][gc,ref      ] GC(28) Weak: 179 encountered, 73 discovered, 0 enqueued
[6.143s][info][gc,ref      ] GC(28) Final: 0 encountered, 0 discovered, 0 enqueued
[6.143s][info][gc,ref      ] GC(28) Phantom: 3 encountered, 2 discovered, 0 enqueued
[6.143s][info][gc,reloc    ] GC(28) Small Pages: 144 / 288M, Empty: 0M, Relocated: 99M, In-Place: 0
[6.143s][info][gc,reloc    ] GC(28) Medium Pages: 23 / 736M, Empty: 0M, Relocated: 245M, In-Place: 5
[6.143s][info][gc,reloc    ] GC(28) Large Pages: 0 / 0M, Empty: 0M, Relocated: 0M, In-Place: 0
[6.143s][info][gc,reloc    ] GC(28) Forwarding Usage: 0M
[6.143s][info][gc,heap     ] GC(28) Min Capacity: 1024M(100%)
[6.143s][info][gc,heap     ] GC(28) Max Capacity: 1024M(100%)
[6.143s][info][gc,heap     ] GC(28) Soft Max Capacity: 1024M(100%)
[6.143s][info][gc,heap     ] GC(28)                Mark Start          Mark End        Relocate Start      Relocate End           High               Low         
[6.143s][info][gc,heap     ] GC(28)  Capacity:     1024M (100%)       1024M (100%)       1024M (100%)       1024M (100%)       1024M (100%)       1024M (100%)   
[6.143s][info][gc,heap     ] GC(28)      Free:        0M (0%)            0M (0%)            0M (0%)           50M (5%)          108M (11%)           0M (0%)     
[6.143s][info][gc,heap     ] GC(28)      Used:     1024M (100%)       1024M (100%)       1024M (100%)        974M (95%)        1024M (100%)        916M (89%)    
[6.143s][info][gc,heap     ] GC(28)      Live:         -               347M (34%)         347M (34%)         347M (34%)            -                  -          
[6.143s][info][gc,heap     ] GC(28) Allocated:         -                 0M (0%)            0M (0%)          609M (60%)            -                  -          
[6.143s][info][gc,heap     ] GC(28)   Garbage:         -               676M (66%)         676M (66%)          16M (2%)             -                  -          
[6.143s][info][gc,heap     ] GC(28) Reclaimed:         -                  -                 0M (0%)          659M (64%)            -                  -          
[6.143s][info][gc          ] GC(28) Garbage Collection (Allocation Stall) 1024M(100%)->974M(95%)
[6.154s][info][gc,start    ] GC(29) Garbage Collection (Allocation Stall)
[6.154s][info][gc,ref      ] GC(29) Clearing All SoftReferences
[6.154s][info][gc,task     ] GC(29) Using 3 workers
[6.155s][info][gc,phases   ] GC(29) Pause Mark Start 0.006ms
[6.160s][info][gc,phases   ] GC(29) Concurrent Mark 5.326ms
[6.160s][info][gc,phases   ] GC(29) Pause Mark End 0.007ms
[6.160s][info][gc,phases   ] GC(29) Concurrent Mark Free 0.001ms
[6.161s][info][gc,phases   ] GC(29) Concurrent Process Non-Strong References 0.422ms
[6.161s][info][gc,phases   ] GC(29) Concurrent Reset Relocation Set 0.006ms
[6.162s][info][gc,phases   ] GC(29) Concurrent Select Relocation Set 1.094ms
[6.162s][info][gc,phases   ] GC(29) Pause Relocate Start 0.003ms
[6.165s][info][gc          ] Allocation Stall (pool-1-thread-4) 10.892ms
[6.165s][info][gc          ] Allocation Stall (pool-1-thread-3) 10.887ms
[6.166s][info][gc          ] Allocation Stall (pool-1-thread-2) 11.305ms
[6.166s][info][gc          ] Allocation Stall (pool-1-thread-1) 11.627ms
[6.199s][info][gc          ] Allocation Stall (pool-1-thread-2) 1.167ms
[6.200s][info][gc          ] Allocation Stall (pool-1-thread-1) 0.402ms
[6.211s][info][gc          ] Allocation Stall (pool-1-thread-3) 11.416ms
[6.211s][info][gc          ] Allocation Stall (pool-1-thread-2) 11.666ms
[6.211s][info][gc          ] Allocation Stall (pool-1-thread-4) 11.864ms
[6.229s][info][gc          ] Allocation Stall (pool-1-thread-3) 8.176ms
[6.229s][info][gc          ] Allocation Stall (pool-1-thread-1) 2.262ms
[6.229s][info][gc          ] Allocation Stall (pool-1-thread-4) 3.824ms
[6.229s][info][gc          ] Allocation Stall (pool-1-thread-2) 2.806ms
[6.234s][info][gc          ] Allocation Stall (pool-1-thread-4) 1.687ms
[6.245s][info][gc          ] Allocation Stall (pool-1-thread-2) 12.181ms
[6.245s][info][gc          ] Allocation Stall (pool-1-thread-3) 12.372ms
[6.245s][info][gc          ] Allocation Stall (pool-1-thread-1) 12.160ms
[6.254s][info][gc          ] Allocation Stall (pool-1-thread-2) 1.584ms
[6.254s][info][gc          ] Allocation Stall (pool-1-thread-3) 0.742ms
[6.257s][info][gc          ] Allocation Stall (pool-1-thread-4) 3.393ms
[6.257s][info][gc          ] Allocation Stall (pool-1-thread-1) 3.889ms
[6.261s][info][gc          ] Allocation Stall (pool-1-thread-2) 7.019ms
[6.261s][info][gc          ] Allocation Stall (pool-1-thread-3) 7.180ms
[6.288s][info][gc          ] Allocation Stall (pool-1-thread-2) 1.955ms
[6.289s][info][gc          ] Allocation Stall (pool-1-thread-3) 2.098ms
[6.292s][info][gc,phases   ] GC(29) Concurrent Relocate 130.480ms
[6.293s][info][gc,load     ] GC(29) Load: 1.25/0.51/0.23
[6.293s][info][gc,mmu      ] GC(29) MMU: 2ms/97.9%, 5ms/99.1%, 10ms/99.5%, 20ms/99.7%, 50ms/99.8%, 100ms/99.9%
[6.293s][info][gc,marking  ] GC(29) Mark: 2 stripe(s), 2 proactive flush(es), 1 terminate flush(es), 0 completion(s), 0 continuation(s) 
[6.293s][info][gc,marking  ] GC(29) Mark Stack Usage: 32M
[6.293s][info][gc,nmethod  ] GC(29) NMethods: 436 registered, 0 unregistered
[6.293s][info][gc,metaspace] GC(29) Metaspace: 6M used, 6M committed, 1088M reserved
[6.293s][info][gc,ref      ] GC(29) Soft: 34 encountered, 3 discovered, 0 enqueued
[6.293s][info][gc,ref      ] GC(29) Weak: 179 encountered, 15 discovered, 0 enqueued
[6.293s][info][gc,ref      ] GC(29) Final: 0 encountered, 0 discovered, 0 enqueued
[6.293s][info][gc,ref      ] GC(29) Phantom: 3 encountered, 2 discovered, 0 enqueued
[6.293s][info][gc,reloc    ] GC(29) Small Pages: 149 / 298M, Empty: 0M, Relocated: 92M, In-Place: 2
[6.293s][info][gc,reloc    ] GC(29) Medium Pages: 22 / 704M, Empty: 0M, Relocated: 245M, In-Place: 6
[6.293s][info][gc,reloc    ] GC(29) Large Pages: 0 / 0M, Empty: 0M, Relocated: 0M, In-Place: 0
[6.293s][info][gc,reloc    ] GC(29) Forwarding Usage: 0M
[6.293s][info][gc,heap     ] GC(29) Min Capacity: 1024M(100%)
[6.293s][info][gc,heap     ] GC(29) Max Capacity: 1024M(100%)
[6.293s][info][gc,heap     ] GC(29) Soft Max Capacity: 1024M(100%)
[6.293s][info][gc,heap     ] GC(29)                Mark Start          Mark End        Relocate Start      Relocate End           High               Low         
[6.293s][info][gc,heap     ] GC(29)  Capacity:     1024M (100%)       1024M (100%)       1024M (100%)       1024M (100%)       1024M (100%)       1024M (100%)   
[6.293s][info][gc,heap     ] GC(29)      Free:       22M (2%)           22M (2%)           22M (2%)           78M (8%)          104M (10%)           0M (0%)     
[6.293s][info][gc,heap     ] GC(29)      Used:     1002M (98%)        1002M (98%)        1002M (98%)         946M (92%)        1024M (100%)        920M (90%)    
[6.293s][info][gc,heap     ] GC(29)      Live:         -               347M (34%)         347M (34%)         347M (34%)            -                  -          
[6.293s][info][gc,heap     ] GC(29) Allocated:         -                 0M (0%)            0M (0%)          577M (56%)            -                  -          
[6.293s][info][gc,heap     ] GC(29)   Garbage:         -               654M (64%)         654M (64%)          20M (2%)             -                  -          
[6.293s][info][gc,heap     ] GC(29) Reclaimed:         -                  -                 0M (0%)          633M (62%)            -                  -          
[6.293s][info][gc          ] GC(29) Garbage Collection (Allocation Stall) 1002M(98%)->946M(92%)
[6.304s][info][gc,start    ] GC(30) Garbage Collection (Allocation Stall)
[6.304s][info][gc,ref      ] GC(30) Clearing All SoftReferences
[6.304s][info][gc,task     ] GC(30) Using 3 workers
[6.304s][info][gc,phases   ] GC(30) Pause Mark Start 0.006ms
[6.308s][info][gc,phases   ] GC(30) Concurrent Mark 3.822ms
[6.308s][info][gc,phases   ] GC(30) Pause Mark End 0.009ms
[6.308s][info][gc,phases   ] GC(30) Concurrent Mark Free 0.001ms
[6.309s][info][gc,phases   ] GC(30) Concurrent Process Non-Strong References 0.527ms
[6.309s][info][gc,phases   ] GC(30) Concurrent Reset Relocation Set 0.008ms
[6.310s][info][gc,phases   ] GC(30) Concurrent Select Relocation Set 1.346ms
[6.310s][info][gc,phases   ] GC(30) Pause Relocate Start 0.006ms
[6.316s][info][gc          ] Allocation Stall (pool-1-thread-4) 12.225ms
[6.316s][info][gc          ] Allocation Stall (pool-1-thread-2) 12.510ms
[6.316s][info][gc          ] Allocation Stall (pool-1-thread-3) 12.531ms
[6.316s][info][gc          ] Allocation Stall (pool-1-thread-1) 12.617ms
[6.334s][info][gc          ] Allocation Stall (pool-1-thread-4) 4.761ms
[6.334s][info][gc          ] Allocation Stall (pool-1-thread-1) 5.286ms
[6.334s][info][gc          ] Allocation Stall (pool-1-thread-2) 5.350ms
[6.335s][info][gc          ] Allocation Stall (pool-1-thread-3) 5.523ms
[6.350s][info][gc          ] Allocation Stall (pool-1-thread-2) 1.907ms
[6.350s][info][gc          ] Allocation Stall (pool-1-thread-1) 5.486ms
[6.350s][info][gc          ] Allocation Stall (pool-1-thread-3) 5.425ms
[6.350s][info][gc          ] Allocation Stall (pool-1-thread-4) 3.063ms
[6.365s][info][gc          ] Allocation Stall (pool-1-thread-4) 3.695ms
[6.367s][info][gc          ] Allocation Stall (pool-1-thread-3) 5.635ms
[6.367s][info][gc          ] Allocation Stall (pool-1-thread-2) 6.055ms
[6.367s][info][gc          ] Allocation Stall (pool-1-thread-1) 5.839ms
[6.378s][info][gc          ] Allocation Stall (pool-1-thread-1) 4.664ms
[6.387s][info][gc          ] Allocation Stall (pool-1-thread-4) 14.015ms
[6.388s][info][gc          ] Allocation Stall (pool-1-thread-3) 14.315ms
[6.388s][info][gc          ] Allocation Stall (pool-1-thread-2) 14.516ms
[6.416s][info][gc          ] Allocation Stall (pool-1-thread-2) 3.202ms
[6.417s][info][gc          ] Allocation Stall (pool-1-thread-1) 4.794ms
[6.426s][info][gc,phases   ] GC(30) Concurrent Relocate 115.643ms
[6.426s][info][gc,load     ] GC(30) Load: 1.25/0.51/0.23
[6.426s][info][gc,mmu      ] GC(30) MMU: 2ms/97.9%, 5ms/99.1%, 10ms/99.5%, 20ms/99.7%, 50ms/99.8%, 100ms/99.9%
[6.426s][info][gc,marking  ] GC(30) Mark: 2 stripe(s), 2 proactive flush(es), 1 terminate flush(es), 0 completion(s), 0 continuation(s) 
[6.426s][info][gc,marking  ] GC(30) Mark Stack Usage: 32M
[6.426s][info][gc,nmethod  ] GC(30) NMethods: 437 registered, 0 unregistered
[6.426s][info][gc,metaspace] GC(30) Metaspace: 6M used, 6M committed, 1088M reserved
[6.426s][info][gc,ref      ] GC(30) Soft: 34 encountered, 4 discovered, 0 enqueued
[6.426s][info][gc,ref      ] GC(30) Weak: 179 encountered, 37 discovered, 0 enqueued
[6.426s][info][gc,ref      ] GC(30) Final: 0 encountered, 0 discovered, 0 enqueued
[6.426s][info][gc,ref      ] GC(30) Phantom: 3 encountered, 1 discovered, 0 enqueued
[6.426s][info][gc,reloc    ] GC(30) Small Pages: 149 / 298M, Empty: 0M, Relocated: 90M, In-Place: 0
[6.426s][info][gc,reloc    ] GC(30) Medium Pages: 22 / 704M, Empty: 0M, Relocated: 222M, In-Place: 7
[6.426s][info][gc,reloc    ] GC(30) Large Pages: 0 / 0M, Empty: 0M, Relocated: 0M, In-Place: 0
[6.426s][info][gc,reloc    ] GC(30) Forwarding Usage: 0M
[6.426s][info][gc,heap     ] GC(30) Min Capacity: 1024M(100%)
[6.426s][info][gc,heap     ] GC(30) Max Capacity: 1024M(100%)
[6.426s][info][gc,heap     ] GC(30) Soft Max Capacity: 1024M(100%)
[6.426s][info][gc,heap     ] GC(30)                Mark Start          Mark End        Relocate Start      Relocate End           High               Low         
[6.426s][info][gc,heap     ] GC(30)  Capacity:     1024M (100%)       1024M (100%)       1024M (100%)       1024M (100%)       1024M (100%)       1024M (100%)   
[6.426s][info][gc,heap     ] GC(30)      Free:       22M (2%)           22M (2%)           22M (2%)          128M (12%)         128M (12%)           0M (0%)     
[6.426s][info][gc,heap     ] GC(30)      Used:     1002M (98%)        1002M (98%)        1002M (98%)         896M (88%)        1024M (100%)        896M (88%)    
[6.426s][info][gc,heap     ] GC(30)      Live:         -               352M (34%)         352M (34%)         352M (34%)            -                  -          
[6.426s][info][gc,heap     ] GC(30) Allocated:         -                 0M (0%)            0M (0%)          499M (49%)            -                  -          
[6.426s][info][gc,heap     ] GC(30)   Garbage:         -               649M (63%)         649M (63%)          43M (4%)             -                  -          
[6.426s][info][gc,heap     ] GC(30) Reclaimed:         -                  -                 0M (0%)          605M (59%)            -                  -          
[6.426s][info][gc          ] GC(30) Garbage Collection (Allocation Stall) 1002M(98%)->896M(88%)
[6.441s][info][gc,start    ] GC(31) Garbage Collection (Allocation Stall)
[6.441s][info][gc,ref      ] GC(31) Clearing All SoftReferences
[6.441s][info][gc,task     ] GC(31) Using 3 workers
[6.441s][info][gc,phases   ] GC(31) Pause Mark Start 0.007ms
[6.445s][info][gc,phases   ] GC(31) Concurrent Mark 3.528ms
[6.445s][info][gc,phases   ] GC(31) Pause Mark End 0.007ms
[6.445s][info][gc,phases   ] GC(31) Concurrent Mark Free 0.001ms
[6.446s][info][gc,phases   ] GC(31) Concurrent Process Non-Strong References 0.560ms
[6.446s][info][gc,phases   ] GC(31) Concurrent Reset Relocation Set 0.006ms
[6.447s][info][gc,phases   ] GC(31) Concurrent Select Relocation Set 1.387ms
[6.447s][info][gc,phases   ] GC(31) Pause Relocate Start 0.003ms
[6.451s][info][gc          ] Allocation Stall (pool-1-thread-1) 9.470ms
[6.451s][info][gc          ] Allocation Stall (pool-1-thread-3) 9.475ms
[6.451s][info][gc          ] Allocation Stall (pool-1-thread-2) 9.842ms
[6.451s][info][gc          ] Allocation Stall (pool-1-thread-4) 10.161ms
[6.467s][info][gc          ] Allocation Stall (pool-1-thread-3) 0.909ms
[6.470s][info][gc          ] Allocation Stall (pool-1-thread-3) 0.041ms
[6.471s][info][gc          ] Allocation Stall (pool-1-thread-4) 0.637ms
[6.471s][info][gc          ] Allocation Stall (pool-1-thread-2) 0.710ms
[6.471s][info][gc          ] Allocation Stall (pool-1-thread-1) 0.910ms
[6.482s][info][gc          ] Allocation Stall (pool-1-thread-2) 3.965ms
[6.482s][info][gc          ] Allocation Stall (pool-1-thread-4) 3.934ms
[6.482s][info][gc          ] Allocation Stall (pool-1-thread-1) 3.880ms
[6.482s][info][gc          ] Allocation Stall (pool-1-thread-3) 4.026ms
[6.496s][info][gc          ] Allocation Stall (pool-1-thread-3) 2.178ms
[6.496s][info][gc          ] Allocation Stall (pool-1-thread-2) 1.846ms
[6.496s][info][gc          ] Allocation Stall (pool-1-thread-1) 4.348ms
[6.496s][info][gc          ] Allocation Stall (pool-1-thread-4) 3.295ms
[6.511s][info][gc          ] Allocation Stall (pool-1-thread-3) 8.156ms
[6.521s][info][gc          ] Allocation Stall (pool-1-thread-1) 1.969ms
[6.521s][info][gc          ] Allocation Stall (pool-1-thread-3) 4.101ms
[6.521s][info][gc          ] Allocation Stall (pool-1-thread-4) 3.730ms
[6.521s][info][gc          ] Allocation Stall (pool-1-thread-2) 2.272ms
[6.526s][info][gc          ] Allocation Stall (pool-1-thread-2) 3.881ms
[6.536s][info][gc          ] Allocation Stall (pool-1-thread-4) 14.429ms
[6.537s][info][gc          ] Allocation Stall (pool-1-thread-3) 14.935ms
[6.537s][info][gc          ] Allocation Stall (pool-1-thread-1) 15.278ms
[6.542s][info][gc          ] Allocation Stall (pool-1-thread-4) 3.080ms
[6.543s][info][gc          ] Allocation Stall (pool-1-thread-2) 3.686ms
[6.543s][info][gc          ] Allocation Stall (pool-1-thread-1) 3.760ms
[6.543s][info][gc          ] Allocation Stall (pool-1-thread-3) 3.968ms
[6.571s][info][gc          ] Allocation Stall (pool-1-thread-1) 2.065ms
[6.572s][info][gc          ] Allocation Stall (pool-1-thread-4) 2.735ms
[6.587s][info][gc,phases   ] GC(31) Concurrent Relocate 139.362ms
[6.587s][info][gc,load     ] GC(31) Load: 1.25/0.51/0.23
[6.587s][info][gc,mmu      ] GC(31) MMU: 2ms/97.9%, 5ms/99.1%, 10ms/99.5%, 20ms/99.7%, 50ms/99.8%, 100ms/99.9%
[6.587s][info][gc,marking  ] GC(31) Mark: 2 stripe(s), 2 proactive flush(es), 1 terminate flush(es), 0 completion(s), 0 continuation(s) 
[6.587s][info][gc,marking  ] GC(31) Mark Stack Usage: 32M
[6.587s][info][gc,nmethod  ] GC(31) NMethods: 437 registered, 0 unregistered
[6.587s][info][gc,metaspace] GC(31) Metaspace: 6M used, 6M committed, 1088M reserved
[6.587s][info][gc,ref      ] GC(31) Soft: 34 encountered, 19 discovered, 0 enqueued
[6.587s][info][gc,ref      ] GC(31) Weak: 179 encountered, 52 discovered, 0 enqueued
[6.587s][info][gc,ref      ] GC(31) Final: 0 encountered, 0 discovered, 0 enqueued
[6.587s][info][gc,ref      ] GC(31) Phantom: 3 encountered, 1 discovered, 0 enqueued
[6.587s][info][gc,reloc    ] GC(31) Small Pages: 147 / 294M, Empty: 2M, Relocated: 96M, In-Place: 0
[6.587s][info][gc,reloc    ] GC(31) Medium Pages: 22 / 704M, Empty: 0M, Relocated: 250M, In-Place: 3
[6.587s][info][gc,reloc    ] GC(31) Large Pages: 0 / 0M, Empty: 0M, Relocated: 0M, In-Place: 0
[6.587s][info][gc,reloc    ] GC(31) Forwarding Usage: 0M
[6.587s][info][gc,heap     ] GC(31) Min Capacity: 1024M(100%)
[6.587s][info][gc,heap     ] GC(31) Max Capacity: 1024M(100%)
[6.587s][info][gc,heap     ] GC(31) Soft Max Capacity: 1024M(100%)
[6.587s][info][gc,heap     ] GC(31)                Mark Start          Mark End        Relocate Start      Relocate End           High               Low         
[6.587s][info][gc,heap     ] GC(31)  Capacity:     1024M (100%)       1024M (100%)       1024M (100%)       1024M (100%)       1024M (100%)       1024M (100%)   
[6.587s][info][gc,heap     ] GC(31)      Free:       26M (3%)           26M (3%)           28M (3%)           74M (7%)          108M (11%)           0M (0%)     
[6.587s][info][gc,heap     ] GC(31)      Used:      998M (97%)         998M (97%)         996M (97%)         950M (93%)        1024M (100%)        916M (89%)    
[6.587s][info][gc,heap     ] GC(31)      Live:         -               350M (34%)         350M (34%)         350M (34%)            -                  -          
[6.587s][info][gc,heap     ] GC(31) Allocated:         -                 0M (0%)            0M (0%)          587M (57%)            -                  -          
[6.587s][info][gc,heap     ] GC(31)   Garbage:         -               647M (63%)         645M (63%)          11M (1%)             -                  -          
[6.587s][info][gc,heap     ] GC(31) Reclaimed:         -                  -                 2M (0%)          635M (62%)            -                  -          
[6.587s][info][gc          ] GC(31) Garbage Collection (Allocation Stall) 998M(97%)->950M(93%)
[6.596s][info][gc,start    ] GC(32) Garbage Collection (Allocation Stall)
[6.596s][info][gc,ref      ] GC(32) Clearing All SoftReferences
[6.596s][info][gc,task     ] GC(32) Using 3 workers
[6.596s][info][gc,phases   ] GC(32) Pause Mark Start 0.007ms
[6.601s][info][gc,phases   ] GC(32) Concurrent Mark 5.003ms
[6.602s][info][gc,phases   ] GC(32) Pause Mark End 0.009ms
[6.602s][info][gc,phases   ] GC(32) Concurrent Mark Free 0.001ms
[6.602s][info][gc,phases   ] GC(32) Concurrent Process Non-Strong References 0.490ms
[6.602s][info][gc,phases   ] GC(32) Concurrent Reset Relocation Set 0.007ms
[6.603s][info][gc,phases   ] GC(32) Concurrent Select Relocation Set 1.269ms
[6.604s][info][gc,phases   ] GC(32) Pause Relocate Start 0.004ms
[6.607s][info][gc          ] Allocation Stall (pool-1-thread-1) 11.473ms
[6.608s][info][gc          ] Allocation Stall (pool-1-thread-4) 11.986ms
[6.608s][info][gc          ] Allocation Stall (pool-1-thread-2) 12.331ms
[6.608s][info][gc          ] Allocation Stall (pool-1-thread-3) 12.345ms
[6.617s][info][gc          ] Allocation Stall (pool-1-thread-4) 1.204ms
[6.619s][info][gc          ] Allocation Stall (pool-1-thread-3) 3.357ms
[6.619s][info][gc          ] Allocation Stall (pool-1-thread-2) 3.422ms
[6.620s][info][gc          ] Allocation Stall (pool-1-thread-1) 3.513ms
[6.640s][info][gc          ] Allocation Stall (pool-1-thread-1) 1.638ms
[6.640s][info][gc          ] Allocation Stall (pool-1-thread-4) 2.769ms
[6.640s][info][gc          ] Allocation Stall (pool-1-thread-3) 1.833ms
[6.644s][info][gc          ] Allocation Stall (pool-1-thread-1) 2.695ms
[6.650s][info][gc          ] Allocation Stall (pool-1-thread-2) 8.709ms
[6.650s][info][gc          ] Allocation Stall (pool-1-thread-3) 8.956ms
[6.650s][info][gc          ] Allocation Stall (pool-1-thread-4) 9.108ms
[6.659s][info][gc          ] Allocation Stall (pool-1-thread-2) 0.262ms
[6.659s][info][gc          ] Allocation Stall (pool-1-thread-1) 1.315ms
[6.666s][info][gc          ] Allocation Stall (pool-1-thread-2) 5.216ms
[6.671s][info][gc          ] Allocation Stall (pool-1-thread-3) 9.302ms
[6.671s][info][gc          ] Allocation Stall (pool-1-thread-1) 9.550ms
[6.671s][info][gc          ] Allocation Stall (pool-1-thread-4) 9.761ms
[6.677s][info][gc          ] Allocation Stall (pool-1-thread-4) 1.906ms
[6.681s][info][gc          ] Allocation Stall (pool-1-thread-2) 5.450ms
[6.681s][info][gc          ] Allocation Stall (pool-1-thread-3) 5.962ms
[6.682s][info][gc          ] Allocation Stall (pool-1-thread-1) 6.209ms
[6.695s][info][gc          ] Allocation Stall (pool-1-thread-1) 1.296ms
[6.698s][info][gc          ] Allocation Stall (pool-1-thread-2) 4.000ms
[6.698s][info][gc          ] Allocation Stall (pool-1-thread-3) 4.145ms
[6.698s][info][gc          ] Allocation Stall (pool-1-thread-4) 4.250ms
[6.728s][info][gc          ] Allocation Stall (pool-1-thread-2) 1.305ms
[6.731s][info][gc,phases   ] GC(32) Concurrent Relocate 127.500ms
[6.731s][info][gc,load     ] GC(32) Load: 1.25/0.51/0.23
[6.731s][info][gc,mmu      ] GC(32) MMU: 2ms/97.9%, 5ms/99.1%, 10ms/99.5%, 20ms/99.7%, 50ms/99.8%, 100ms/99.9%
[6.731s][info][gc,marking  ] GC(32) Mark: 2 stripe(s), 2 proactive flush(es), 1 terminate flush(es), 0 completion(s), 0 continuation(s) 
[6.731s][info][gc,marking  ] GC(32) Mark Stack Usage: 32M
[6.731s][info][gc,nmethod  ] GC(32) NMethods: 437 registered, 0 unregistered
[6.731s][info][gc,metaspace] GC(32) Metaspace: 6M used, 6M committed, 1088M reserved
[6.731s][info][gc,ref      ] GC(32) Soft: 34 encountered, 10 discovered, 0 enqueued
[6.731s][info][gc,ref      ] GC(32) Weak: 179 encountered, 50 discovered, 0 enqueued
[6.731s][info][gc,ref      ] GC(32) Final: 0 encountered, 0 discovered, 0 enqueued
[6.731s][info][gc,ref      ] GC(32) Phantom: 3 encountered, 2 discovered, 0 enqueued
[6.731s][info][gc,reloc    ] GC(32) Small Pages: 151 / 302M, Empty: 0M, Relocated: 97M, In-Place: 1
[6.731s][info][gc,reloc    ] GC(32) Medium Pages: 22 / 704M, Empty: 0M, Relocated: 248M, In-Place: 4
[6.731s][info][gc,reloc    ] GC(32) Large Pages: 0 / 0M, Empty: 0M, Relocated: 0M, In-Place: 0
[6.731s][info][gc,reloc    ] GC(32) Forwarding Usage: 0M
[6.731s][info][gc,heap     ] GC(32) Min Capacity: 1024M(100%)
[6.731s][info][gc,heap     ] GC(32) Max Capacity: 1024M(100%)
[6.731s][info][gc,heap     ] GC(32) Soft Max Capacity: 1024M(100%)
[6.731s][info][gc,heap     ] GC(32)                Mark Start          Mark End        Relocate Start      Relocate End           High               Low         
[6.731s][info][gc,heap     ] GC(32)  Capacity:     1024M (100%)       1024M (100%)       1024M (100%)       1024M (100%)       1024M (100%)       1024M (100%)   
[6.731s][info][gc,heap     ] GC(32)      Free:       18M (2%)           18M (2%)           18M (2%)           12M (1%)          138M (13%)           0M (0%)     
[6.731s][info][gc,heap     ] GC(32)      Used:     1006M (98%)        1006M (98%)        1006M (98%)        1012M (99%)        1024M (100%)        886M (87%)    
[6.731s][info][gc,heap     ] GC(32)      Live:         -               349M (34%)         349M (34%)         349M (34%)            -                  -          
[6.731s][info][gc,heap     ] GC(32) Allocated:         -                 0M (0%)            0M (0%)          647M (63%)            -                  -          
[6.731s][info][gc,heap     ] GC(32)   Garbage:         -               656M (64%)         656M (64%)          14M (1%)             -                  -          
[6.731s][info][gc,heap     ] GC(32) Reclaimed:         -                  -                 0M (0%)          641M (63%)            -                  -          
[6.731s][info][gc          ] GC(32) Garbage Collection (Allocation Stall) 1006M(98%)->1012M(99%)
[6.731s][info][gc,start    ] GC(33) Garbage Collection (Allocation Stall)
[6.731s][info][gc,ref      ] GC(33) Clearing All SoftReferences
[6.731s][info][gc,task     ] GC(33) Using 3 workers
[6.736s][info][gc,phases   ] GC(33) Pause Mark Start 0.005ms
[6.736s][info][gc          ] Allocation Stall (pool-1-thread-1) 8.759ms
[6.744s][info][gc,phases   ] GC(33) Concurrent Mark 8.585ms
[6.745s][info][gc,phases   ] GC(33) Pause Mark End 0.010ms
[6.745s][info][gc,phases   ] GC(33) Concurrent Mark Free 0.001ms
[6.745s][info][gc,phases   ] GC(33) Concurrent Process Non-Strong References 0.499ms
[6.745s][info][gc,phases   ] GC(33) Concurrent Reset Relocation Set 0.007ms
[6.746s][info][gc,phases   ] GC(33) Concurrent Select Relocation Set 1.213ms
[6.747s][info][gc,phases   ] GC(33) Pause Relocate Start 0.004ms
[6.750s][info][gc          ] Allocation Stall (pool-1-thread-3) 8.683ms
[6.750s][info][gc          ] Allocation Stall (pool-1-thread-4) 8.668ms
[6.750s][info][gc          ] Allocation Stall (pool-1-thread-2) 8.924ms
[6.751s][info][gc          ] Allocation Stall (pool-1-thread-1) 9.223ms
[6.787s][info][gc          ] Allocation Stall (pool-1-thread-4) 2.173ms
[6.788s][info][gc          ] Allocation Stall (pool-1-thread-1) 3.587ms
[6.789s][info][gc          ] Allocation Stall (pool-1-thread-3) 3.779ms
[6.789s][info][gc          ] Allocation Stall (pool-1-thread-2) 3.851ms
[6.789s][info][gc          ] Allocation Stall (pool-1-thread-4) 1.750ms
[6.801s][info][gc          ] Allocation Stall (pool-1-thread-1) 4.347ms
[6.801s][info][gc          ] Allocation Stall (pool-1-thread-4) 4.525ms
[6.801s][info][gc          ] Allocation Stall (pool-1-thread-2) 4.635ms
[6.801s][info][gc          ] Allocation Stall (pool-1-thread-3) 4.619ms
[6.817s][info][gc          ] Allocation Stall (pool-1-thread-3) 6.725ms
[6.817s][info][gc          ] Allocation Stall (pool-1-thread-4) 2.226ms
[6.817s][info][gc          ] Allocation Stall (pool-1-thread-2) 3.542ms
[6.817s][info][gc          ] Allocation Stall (pool-1-thread-1) 1.958ms
[6.820s][info][gc          ] Allocation Stall (pool-1-thread-1) 0.370ms
[6.828s][info][gc          ] Allocation Stall (pool-1-thread-4) 8.052ms
[6.832s][info][gc          ] Allocation Stall (pool-1-thread-3) 12.274ms
[6.832s][info][gc          ] Allocation Stall (pool-1-thread-2) 12.770ms
[6.864s][info][gc          ] Allocation Stall (pool-1-thread-3) 1.101ms
[6.866s][info][gc          ] Allocation Stall (pool-1-thread-1) 2.857ms
[6.867s][info][gc,phases   ] GC(33) Concurrent Relocate 120.784ms
[6.867s][info][gc,load     ] GC(33) Load: 1.25/0.51/0.23
[6.867s][info][gc,mmu      ] GC(33) MMU: 2ms/97.9%, 5ms/99.1%, 10ms/99.5%, 20ms/99.7%, 50ms/99.8%, 100ms/99.9%
[6.867s][info][gc,marking  ] GC(33) Mark: 2 stripe(s), 5 proactive flush(es), 1 terminate flush(es), 0 completion(s), 0 continuation(s) 
[6.867s][info][gc,marking  ] GC(33) Mark Stack Usage: 32M
[6.867s][info][gc,nmethod  ] GC(33) NMethods: 437 registered, 0 unregistered
[6.867s][info][gc,metaspace] GC(33) Metaspace: 6M used, 6M committed, 1088M reserved
[6.867s][info][gc,ref      ] GC(33) Soft: 34 encountered, 19 discovered, 0 enqueued
[6.867s][info][gc,ref      ] GC(33) Weak: 179 encountered, 70 discovered, 0 enqueued
[6.867s][info][gc,ref      ] GC(33) Final: 0 encountered, 0 discovered, 0 enqueued
[6.867s][info][gc,ref      ] GC(33) Phantom: 3 encountered, 0 discovered, 0 enqueued
[6.867s][info][gc,reloc    ] GC(33) Small Pages: 138 / 276M, Empty: 0M, Relocated: 92M, In-Place: 0
[6.868s][info][gc,reloc    ] GC(33) Medium Pages: 21 / 672M, Empty: 0M, Relocated: 219M, In-Place: 5
[6.868s][info][gc,reloc    ] GC(33) Large Pages: 0 / 0M, Empty: 0M, Relocated: 0M, In-Place: 0
[6.868s][info][gc,reloc    ] GC(33) Forwarding Usage: 0M
[6.868s][info][gc,heap     ] GC(33) Min Capacity: 1024M(100%)
[6.868s][info][gc,heap     ] GC(33) Max Capacity: 1024M(100%)
[6.868s][info][gc,heap     ] GC(33) Soft Max Capacity: 1024M(100%)
[6.868s][info][gc,heap     ] GC(33)                Mark Start          Mark End        Relocate Start      Relocate End           High               Low         
[6.868s][info][gc,heap     ] GC(33)  Capacity:     1024M (100%)       1024M (100%)       1024M (100%)       1024M (100%)       1024M (100%)       1024M (100%)   
[6.868s][info][gc,heap     ] GC(33)      Free:       44M (4%)           28M (3%)           28M (3%)           76M (7%)          134M (13%)           0M (0%)     
[6.868s][info][gc,heap     ] GC(33)      Used:      980M (96%)         996M (97%)         996M (97%)         948M (93%)        1024M (100%)        890M (87%)    
[6.868s][info][gc,heap     ] GC(33)      Live:         -               332M (32%)         332M (32%)         332M (32%)            -                  -          
[6.868s][info][gc,heap     ] GC(33) Allocated:         -                16M (2%)           16M (2%)          553M (54%)            -                  -          
[6.868s][info][gc,heap     ] GC(33)   Garbage:         -               647M (63%)         647M (63%)          61M (6%)             -                  -          
[6.868s][info][gc,heap     ] GC(33) Reclaimed:         -                  -                 0M (0%)          585M (57%)            -                  -          
[6.868s][info][gc          ] GC(33) Garbage Collection (Allocation Stall) 980M(96%)->948M(93%)
[6.882s][info][gc,start    ] GC(34) Garbage Collection (Allocation Stall)
[6.882s][info][gc,ref      ] GC(34) Clearing All SoftReferences
[6.882s][info][gc,task     ] GC(34) Using 3 workers
[6.882s][info][gc,phases   ] GC(34) Pause Mark Start 0.007ms
[6.887s][info][gc,phases   ] GC(34) Concurrent Mark 4.543ms
[6.887s][info][gc,phases   ] GC(34) Pause Mark End 0.007ms
[6.887s][info][gc,phases   ] GC(34) Concurrent Mark Free 0.000ms
[6.887s][info][gc,phases   ] GC(34) Concurrent Process Non-Strong References 0.431ms
[6.888s][info][gc,phases   ] GC(34) Concurrent Reset Relocation Set 0.006ms
[6.889s][info][gc,phases   ] GC(34) Concurrent Select Relocation Set 1.116ms
[6.889s][info][gc,phases   ] GC(34) Pause Relocate Start 0.003ms
[6.893s][info][gc          ] Allocation Stall (pool-1-thread-3) 11.250ms
[6.893s][info][gc          ] Allocation Stall (pool-1-thread-1) 11.233ms
[6.894s][info][gc          ] Allocation Stall (pool-1-thread-4) 11.664ms
[6.894s][info][gc          ] Allocation Stall (pool-1-thread-2) 12.020ms
[6.904s][info][gc          ] Allocation Stall (pool-1-thread-4) 0.186ms
[6.912s][info][gc          ] Allocation Stall (pool-1-thread-4) 0.517ms
[6.935s][info][gc          ] Allocation Stall (pool-1-thread-1) 8.005ms
[6.938s][info][gc          ] Allocation Stall (pool-1-thread-3) 6.081ms
[6.939s][info][gc          ] Allocation Stall (pool-1-thread-2) 6.112ms
[6.939s][info][gc          ] Allocation Stall (pool-1-thread-4) 6.170ms
[6.946s][info][gc          ] Allocation Stall (pool-1-thread-4) 3.734ms
[6.955s][info][gc          ] Allocation Stall (pool-1-thread-2) 13.208ms
[6.956s][info][gc          ] Allocation Stall (pool-1-thread-3) 13.566ms
[6.956s][info][gc          ] Allocation Stall (pool-1-thread-1) 13.945ms
[6.965s][info][gc          ] Allocation Stall (pool-1-thread-3) 2.155ms
[6.974s][info][gc          ] Allocation Stall (pool-1-thread-1) 10.372ms
[6.974s][info][gc          ] Allocation Stall (pool-1-thread-4) 10.771ms
[6.974s][info][gc          ] Allocation Stall (pool-1-thread-2) 10.818ms
[6.974s][info][gc          ] Allocation Stall (pool-1-thread-3) 5.313ms
[7.001s][info][gc          ] Allocation Stall (pool-1-thread-4) 2.708ms
[7.010s][info][gc,phases   ] GC(34) Concurrent Relocate 121.453ms
[7.010s][info][gc,load     ] GC(34) Load: 1.25/0.51/0.23
[7.010s][info][gc,mmu      ] GC(34) MMU: 2ms/97.9%, 5ms/99.1%, 10ms/99.5%, 20ms/99.7%, 50ms/99.8%, 100ms/99.9%
[7.010s][info][gc,marking  ] GC(34) Mark: 2 stripe(s), 3 proactive flush(es), 1 terminate flush(es), 0 completion(s), 0 continuation(s) 
[7.010s][info][gc,marking  ] GC(34) Mark Stack Usage: 32M
[7.010s][info][gc,nmethod  ] GC(34) NMethods: 437 registered, 0 unregistered
[7.010s][info][gc,metaspace] GC(34) Metaspace: 6M used, 6M committed, 1088M reserved
[7.010s][info][gc,ref      ] GC(34) Soft: 34 encountered, 25 discovered, 0 enqueued
[7.010s][info][gc,ref      ] GC(34) Weak: 179 encountered, 152 discovered, 0 enqueued
[7.010s][info][gc,ref      ] GC(34) Final: 0 encountered, 0 discovered, 0 enqueued
[7.010s][info][gc,ref      ] GC(34) Phantom: 3 encountered, 2 discovered, 0 enqueued
[7.010s][info][gc,reloc    ] GC(34) Small Pages: 150 / 300M, Empty: 0M, Relocated: 101M, In-Place: 1
[7.010s][info][gc,reloc    ] GC(34) Medium Pages: 22 / 704M, Empty: 0M, Relocated: 242M, In-Place: 6
[7.010s][info][gc,reloc    ] GC(34) Large Pages: 0 / 0M, Empty: 0M, Relocated: 0M, In-Place: 0
[7.010s][info][gc,reloc    ] GC(34) Forwarding Usage: 0M
[7.010s][info][gc,heap     ] GC(34) Min Capacity: 1024M(100%)
[7.010s][info][gc,heap     ] GC(34) Max Capacity: 1024M(100%)
[7.010s][info][gc,heap     ] GC(34) Soft Max Capacity: 1024M(100%)
[7.010s][info][gc,heap     ] GC(34)                Mark Start          Mark End        Relocate Start      Relocate End           High               Low         
[7.010s][info][gc,heap     ] GC(34)  Capacity:     1024M (100%)       1024M (100%)       1024M (100%)       1024M (100%)       1024M (100%)       1024M (100%)   
[7.010s][info][gc,heap     ] GC(34)      Free:       20M (2%)           20M (2%)           20M (2%)           88M (9%)          100M (10%)           0M (0%)     
[7.010s][info][gc,heap     ] GC(34)      Used:     1004M (98%)        1004M (98%)        1004M (98%)         936M (91%)        1024M (100%)        924M (90%)    
[7.010s][info][gc,heap     ] GC(34)      Live:         -               345M (34%)         345M (34%)         345M (34%)            -                  -          
[7.010s][info][gc,heap     ] GC(34) Allocated:         -                 0M (0%)            0M (0%)          569M (56%)            -                  -          
[7.010s][info][gc,heap     ] GC(34)   Garbage:         -               658M (64%)         658M (64%)          20M (2%)             -                  -          
[7.010s][info][gc,heap     ] GC(34) Reclaimed:         -                  -                 0M (0%)          637M (62%)            -                  -          
[7.010s][info][gc          ] GC(34) Garbage Collection (Allocation Stall) 1004M(98%)->936M(91%)
[7.022s][info][gc,start    ] GC(35) Garbage Collection (Allocation Stall)
[7.023s][info][gc,ref      ] GC(35) Clearing All SoftReferences
[7.023s][info][gc,task     ] GC(35) Using 3 workers
[7.023s][info][gc,phases   ] GC(35) Pause Mark Start 0.006ms
[7.029s][info][gc,phases   ] GC(35) Concurrent Mark 5.936ms
[7.029s][info][gc,phases   ] GC(35) Pause Mark End 0.009ms
[7.029s][info][gc,phases   ] GC(35) Concurrent Mark Free 0.001ms
[7.029s][info][gc,phases   ] GC(35) Concurrent Process Non-Strong References 0.519ms
[7.030s][info][gc,phases   ] GC(35) Concurrent Reset Relocation Set 0.008ms
[7.031s][info][gc,phases   ] GC(35) Concurrent Select Relocation Set 1.284ms
[7.031s][info][gc,phases   ] GC(35) Pause Relocate Start 0.004ms
[7.034s][info][gc          ] Allocation Stall (pool-1-thread-4) 12.022ms
[7.034s][info][gc          ] Allocation Stall (pool-1-thread-3) 12.070ms
[7.035s][info][gc          ] Allocation Stall (pool-1-thread-2) 12.433ms
[7.035s][info][gc          ] Allocation Stall (pool-1-thread-1) 12.787ms
[7.066s][info][gc          ] Allocation Stall (pool-1-thread-3) 0.521ms
[7.066s][info][gc          ] Allocation Stall (pool-1-thread-2) 1.819ms
[7.066s][info][gc          ] Allocation Stall (pool-1-thread-4) 1.459ms
[7.073s][info][gc          ] Allocation Stall (pool-1-thread-3) 3.663ms
[7.073s][info][gc          ] Allocation Stall (pool-1-thread-4) 3.865ms
[7.073s][info][gc          ] Allocation Stall (pool-1-thread-2) 4.013ms
[7.073s][info][gc          ] Allocation Stall (pool-1-thread-1) 4.096ms
[7.095s][info][gc          ] Allocation Stall (pool-1-thread-2) 4.785ms
[7.096s][info][gc          ] Allocation Stall (pool-1-thread-3) 4.997ms
[7.095s][info][gc          ] Allocation Stall (pool-1-thread-4) 6.171ms
[7.096s][info][gc          ] Allocation Stall (pool-1-thread-1) 6.093ms
[7.105s][info][gc          ] Allocation Stall (pool-1-thread-3) 2.490ms
[7.118s][info][gc          ] Allocation Stall (pool-1-thread-1) 15.452ms
[7.122s][info][gc          ] Allocation Stall (pool-1-thread-2) 19.457ms
[7.122s][info][gc          ] Allocation Stall (pool-1-thread-4) 19.613ms
[7.122s][info][gc          ] Allocation Stall (pool-1-thread-1) 3.810ms
[7.122s][info][gc          ] Allocation Stall (pool-1-thread-3) 4.909ms
[7.141s][info][gc          ] Allocation Stall (pool-1-thread-2) 1.879ms
[7.142s][info][gc          ] Allocation Stall (pool-1-thread-1) 2.255ms
[7.146s][info][gc          ] Allocation Stall (pool-1-thread-4) 6.050ms
[7.170s][info][gc,phases   ] GC(35) Concurrent Relocate 139.194ms
[7.170s][info][gc,load     ] GC(35) Load: 1.25/0.51/0.23
[7.170s][info][gc,mmu      ] GC(35) MMU: 2ms/97.9%, 5ms/99.1%, 10ms/99.5%, 20ms/99.7%, 50ms/99.8%, 100ms/99.9%
[7.170s][info][gc,marking  ] GC(35) Mark: 2 stripe(s), 2 proactive flush(es), 1 terminate flush(es), 0 completion(s), 0 continuation(s) 
[7.170s][info][gc,marking  ] GC(35) Mark Stack Usage: 32M
[7.170s][info][gc,nmethod  ] GC(35) NMethods: 437 registered, 0 unregistered
[7.170s][info][gc,metaspace] GC(35) Metaspace: 6M used, 6M committed, 1088M reserved
[7.170s][info][gc,ref      ] GC(35) Soft: 34 encountered, 8 discovered, 0 enqueued
[7.170s][info][gc,ref      ] GC(35) Weak: 179 encountered, 6 discovered, 0 enqueued
[7.170s][info][gc,ref      ] GC(35) Final: 0 encountered, 0 discovered, 0 enqueued
[7.170s][info][gc,ref      ] GC(35) Phantom: 3 encountered, 0 discovered, 0 enqueued
[7.170s][info][gc,reloc    ] GC(35) Small Pages: 150 / 300M, Empty: 2M, Relocated: 99M, In-Place: 0
[7.170s][info][gc,reloc    ] GC(35) Medium Pages: 22 / 704M, Empty: 0M, Relocated: 248M, In-Place: 6
[7.170s][info][gc,reloc    ] GC(35) Large Pages: 0 / 0M, Empty: 0M, Relocated: 0M, In-Place: 0
[7.170s][info][gc,reloc    ] GC(35) Forwarding Usage: 0M
[7.170s][info][gc,heap     ] GC(35) Min Capacity: 1024M(100%)
[7.170s][info][gc,heap     ] GC(35) Max Capacity: 1024M(100%)
[7.170s][info][gc,heap     ] GC(35) Soft Max Capacity: 1024M(100%)
[7.170s][info][gc,heap     ] GC(35)                Mark Start          Mark End        Relocate Start      Relocate End           High               Low         
[7.170s][info][gc,heap     ] GC(35)  Capacity:     1024M (100%)       1024M (100%)       1024M (100%)       1024M (100%)       1024M (100%)       1024M (100%)   
[7.170s][info][gc,heap     ] GC(35)      Free:       20M (2%)           20M (2%)           22M (2%)           74M (7%)          102M (10%)           0M (0%)     
[7.170s][info][gc,heap     ] GC(35)      Used:     1004M (98%)        1004M (98%)        1002M (98%)         950M (93%)        1024M (100%)        922M (90%)    
[7.170s][info][gc,heap     ] GC(35)      Live:         -               349M (34%)         349M (34%)         349M (34%)            -                  -          
[7.170s][info][gc,heap     ] GC(35) Allocated:         -                 0M (0%)            0M (0%)          587M (57%)            -                  -          
[7.170s][info][gc,heap     ] GC(35)   Garbage:         -               654M (64%)         652M (64%)          12M (1%)             -                  -          
[7.170s][info][gc,heap     ] GC(35) Reclaimed:         -                  -                 2M (0%)          641M (63%)            -                  -          
[7.170s][info][gc          ] GC(35) Garbage Collection (Allocation Stall) 1004M(98%)->950M(93%)
[7.175s][info][gc,start    ] GC(36) Garbage Collection (Allocation Stall)
[7.175s][info][gc,ref      ] GC(36) Clearing All SoftReferences
[7.175s][info][gc,task     ] GC(36) Using 3 workers
[7.180s][info][gc,phases   ] GC(36) Pause Mark Start 0.007ms
[7.180s][info][gc          ] Allocation Stall (pool-1-thread-2) 5.765ms
[7.184s][info][gc,phases   ] GC(36) Concurrent Mark 3.800ms
[7.184s][info][gc,phases   ] GC(36) Pause Mark End 0.009ms
[7.185s][info][gc,phases   ] GC(36) Concurrent Mark Free 0.001ms
[7.185s][info][gc,phases   ] GC(36) Concurrent Process Non-Strong References 0.481ms
[7.185s][info][gc,phases   ] GC(36) Concurrent Reset Relocation Set 0.007ms
[7.186s][info][gc,phases   ] GC(36) Concurrent Select Relocation Set 1.262ms
[7.186s][info][gc,phases   ] GC(36) Pause Relocate Start 0.004ms
[7.191s][info][gc          ] Allocation Stall (pool-1-thread-4) 10.117ms
[7.191s][info][gc          ] Allocation Stall (pool-1-thread-1) 10.116ms
[7.191s][info][gc          ] Allocation Stall (pool-1-thread-2) 9.999ms
[7.242s][info][gc          ] Allocation Stall (pool-1-thread-2) 0.455ms
[7.242s][info][gc          ] Allocation Stall (pool-1-thread-1) 1.458ms
[7.248s][info][gc          ] Allocation Stall (pool-1-thread-1) 1.728ms
[7.257s][info][gc          ] Allocation Stall (pool-1-thread-4) 10.118ms
[7.257s][info][gc          ] Allocation Stall (pool-1-thread-2) 10.425ms
[7.279s][info][gc          ] Allocation Stall (pool-1-thread-4) 6.525ms
[7.285s][info][gc          ] Allocation Stall (pool-1-thread-4) 2.456ms
[7.289s][info][gc          ] Allocation Stall (pool-1-thread-2) 5.691ms
[7.289s][info][gc          ] Allocation Stall (pool-1-thread-1) 6.026ms
[7.299s][info][gc          ] Relocation Stall (pool-1-thread-3) 108.355ms
[7.299s][info][gc          ] Allocation Stall (pool-1-thread-3) 124.210ms
[7.330s][info][gc          ] Allocation Stall (pool-1-thread-1) 0.739ms
[7.331s][info][gc          ] Allocation Stall (pool-1-thread-4) 1.824ms
[7.339s][info][gc,phases   ] GC(36) Concurrent Relocate 152.261ms
[7.339s][info][gc,load     ] GC(36) Load: 1.25/0.51/0.23
[7.339s][info][gc,mmu      ] GC(36) MMU: 2ms/97.9%, 5ms/99.1%, 10ms/99.5%, 20ms/99.7%, 50ms/99.8%, 100ms/99.9%
[7.339s][info][gc,marking  ] GC(36) Mark: 2 stripe(s), 3 proactive flush(es), 1 terminate flush(es), 0 completion(s), 0 continuation(s) 
[7.339s][info][gc,marking  ] GC(36) Mark Stack Usage: 32M
[7.339s][info][gc,nmethod  ] GC(36) NMethods: 437 registered, 0 unregistered
[7.339s][info][gc,metaspace] GC(36) Metaspace: 6M used, 6M committed, 1088M reserved
[7.339s][info][gc,ref      ] GC(36) Soft: 34 encountered, 17 discovered, 0 enqueued
[7.339s][info][gc,ref      ] GC(36) Weak: 179 encountered, 3 discovered, 0 enqueued
[7.339s][info][gc,ref      ] GC(36) Final: 0 encountered, 0 discovered, 0 enqueued
[7.339s][info][gc,ref      ] GC(36) Phantom: 3 encountered, 1 discovered, 0 enqueued
[7.339s][info][gc,reloc    ] GC(36) Small Pages: 144 / 288M, Empty: 2M, Relocated: 99M, In-Place: 1
[7.339s][info][gc,reloc    ] GC(36) Medium Pages: 22 / 704M, Empty: 0M, Relocated: 245M, In-Place: 3
[7.339s][info][gc,reloc    ] GC(36) Large Pages: 0 / 0M, Empty: 0M, Relocated: 0M, In-Place: 0
[7.339s][info][gc,reloc    ] GC(36) Forwarding Usage: 0M
[7.339s][info][gc,heap     ] GC(36) Min Capacity: 1024M(100%)
[7.339s][info][gc,heap     ] GC(36) Max Capacity: 1024M(100%)
[7.339s][info][gc,heap     ] GC(36) Soft Max Capacity: 1024M(100%)
[7.339s][info][gc,heap     ] GC(36)                Mark Start          Mark End        Relocate Start      Relocate End           High               Low         
[7.339s][info][gc,heap     ] GC(36)  Capacity:     1024M (100%)       1024M (100%)       1024M (100%)       1024M (100%)       1024M (100%)       1024M (100%)   
[7.339s][info][gc,heap     ] GC(36)      Free:        0M (0%)            0M (0%)            2M (0%)           56M (5%)          164M (16%)           0M (0%)     
[7.339s][info][gc,heap     ] GC(36)      Used:     1024M (100%)       1024M (100%)       1022M (100%)        968M (95%)        1024M (100%)        860M (84%)    
[7.339s][info][gc,heap     ] GC(36)      Live:         -               346M (34%)         346M (34%)         346M (34%)            -                  -          
[7.339s][info][gc,heap     ] GC(36) Allocated:         -                 0M (0%)            0M (0%)          571M (56%)            -                  -          
[7.339s][info][gc,heap     ] GC(36)   Garbage:         -               677M (66%)         675M (66%)          49M (5%)             -                  -          
[7.339s][info][gc,heap     ] GC(36) Reclaimed:         -                  -                 2M (0%)          627M (61%)            -                  -          
[7.339s][info][gc          ] GC(36) Garbage Collection (Allocation Stall) 1024M(100%)->968M(95%)
[7.352s][info][gc,start    ] GC(37) Garbage Collection (Allocation Stall)
[7.352s][info][gc,ref      ] GC(37) Clearing All SoftReferences
[7.352s][info][gc,task     ] GC(37) Using 3 workers
[7.352s][info][gc,phases   ] GC(37) Pause Mark Start 0.009ms
[7.357s][info][gc,phases   ] GC(37) Concurrent Mark 4.417ms
[7.357s][info][gc,phases   ] GC(37) Pause Mark End 0.011ms
[7.357s][info][gc,phases   ] GC(37) Concurrent Mark Free 0.001ms
[7.358s][info][gc,phases   ] GC(37) Concurrent Process Non-Strong References 0.616ms
[7.358s][info][gc,phases   ] GC(37) Concurrent Reset Relocation Set 0.009ms
[7.359s][info][gc,phases   ] GC(37) Concurrent Select Relocation Set 1.492ms
[7.360s][info][gc,phases   ] GC(37) Pause Relocate Start 0.008ms
[7.365s][info][gc          ] Allocation Stall (pool-1-thread-3) 12.639ms
[7.365s][info][gc          ] Allocation Stall (pool-1-thread-2) 12.756ms
[7.365s][info][gc          ] Allocation Stall (pool-1-thread-4) 13.070ms
[7.365s][info][gc          ] Allocation Stall (pool-1-thread-1) 12.978ms
[7.410s][info][gc          ] Allocation Stall (pool-1-thread-2) 1.344ms
[7.410s][info][gc          ] Allocation Stall (pool-1-thread-3) 2.953ms
[7.410s][info][gc          ] Allocation Stall (pool-1-thread-1) 4.400ms
[7.410s][info][gc          ] Allocation Stall (pool-1-thread-4) 3.172ms
[7.425s][info][gc          ] Allocation Stall (pool-1-thread-4) 2.732ms
[7.435s][info][gc          ] Allocation Stall (pool-1-thread-3) 13.208ms
[7.436s][info][gc          ] Allocation Stall (pool-1-thread-2) 13.571ms
[7.436s][info][gc          ] Allocation Stall (pool-1-thread-1) 13.748ms
[7.436s][info][gc          ] Allocation Stall (pool-1-thread-4) 2.980ms
[7.451s][info][gc          ] Allocation Stall (pool-1-thread-1) 4.143ms
[7.454s][info][gc          ] Allocation Stall (pool-1-thread-2) 6.830ms
[7.454s][info][gc          ] Allocation Stall (pool-1-thread-3) 7.147ms
[7.454s][info][gc          ] Allocation Stall (pool-1-thread-4) 7.215ms
[7.485s][info][gc          ] Allocation Stall (pool-1-thread-2) 2.728ms
[7.487s][info][gc          ] Allocation Stall (pool-1-thread-3) 3.988ms
[7.493s][info][gc,phases   ] GC(37) Concurrent Relocate 133.387ms
[7.493s][info][gc,load     ] GC(37) Load: 1.25/0.51/0.23
[7.493s][info][gc,mmu      ] GC(37) MMU: 2ms/97.9%, 5ms/99.1%, 10ms/99.5%, 20ms/99.7%, 50ms/99.8%, 100ms/99.9%
[7.493s][info][gc,marking  ] GC(37) Mark: 2 stripe(s), 2 proactive flush(es), 1 terminate flush(es), 0 completion(s), 0 continuation(s) 
[7.493s][info][gc,marking  ] GC(37) Mark Stack Usage: 32M
[7.493s][info][gc,nmethod  ] GC(37) NMethods: 437 registered, 0 unregistered
[7.493s][info][gc,metaspace] GC(37) Metaspace: 6M used, 6M committed, 1088M reserved
[7.493s][info][gc,ref      ] GC(37) Soft: 34 encountered, 11 discovered, 0 enqueued
[7.493s][info][gc,ref      ] GC(37) Weak: 179 encountered, 7 discovered, 0 enqueued
[7.493s][info][gc,ref      ] GC(37) Final: 0 encountered, 0 discovered, 0 enqueued
[7.493s][info][gc,ref      ] GC(37) Phantom: 3 encountered, 2 discovered, 0 enqueued
[7.493s][info][gc,reloc    ] GC(37) Small Pages: 146 / 292M, Empty: 0M, Relocated: 96M, In-Place: 2
[7.493s][info][gc,reloc    ] GC(37) Medium Pages: 22 / 704M, Empty: 0M, Relocated: 219M, In-Place: 4
[7.493s][info][gc,reloc    ] GC(37) Large Pages: 0 / 0M, Empty: 0M, Relocated: 0M, In-Place: 0
[7.493s][info][gc,reloc    ] GC(37) Forwarding Usage: 0M
[7.493s][info][gc,heap     ] GC(37) Min Capacity: 1024M(100%)
[7.493s][info][gc,heap     ] GC(37) Max Capacity: 1024M(100%)
[7.493s][info][gc,heap     ] GC(37) Soft Max Capacity: 1024M(100%)
[7.493s][info][gc,heap     ] GC(37)                Mark Start          Mark End        Relocate Start      Relocate End           High               Low         
[7.493s][info][gc,heap     ] GC(37)  Capacity:     1024M (100%)       1024M (100%)       1024M (100%)       1024M (100%)       1024M (100%)       1024M (100%)   
[7.493s][info][gc,heap     ] GC(37)      Free:       28M (3%)           28M (3%)           28M (3%)           64M (6%)          130M (13%)           0M (0%)     
[7.493s][info][gc,heap     ] GC(37)      Used:      996M (97%)         996M (97%)         996M (97%)         960M (94%)        1024M (100%)        894M (87%)    
[7.493s][info][gc,heap     ] GC(37)      Live:         -               352M (34%)         352M (34%)         352M (34%)            -                  -          
[7.493s][info][gc,heap     ] GC(37) Allocated:         -                 0M (0%)            0M (0%)          567M (55%)            -                  -          
[7.493s][info][gc,heap     ] GC(37)   Garbage:         -               643M (63%)         643M (63%)          39M (4%)             -                  -          
[7.493s][info][gc,heap     ] GC(37) Reclaimed:         -                  -                 0M (0%)          603M (59%)            -                  -          
[7.493s][info][gc          ] GC(37) Garbage Collection (Allocation Stall) 996M(97%)->960M(94%)
[7.515s][info][gc,start    ] GC(38) Garbage Collection (Allocation Stall)
[7.515s][info][gc,ref      ] GC(38) Clearing All SoftReferences
[7.515s][info][gc,task     ] GC(38) Using 3 workers
[7.515s][info][gc,phases   ] GC(38) Pause Mark Start 0.015ms
[7.520s][info][gc,phases   ] GC(38) Concurrent Mark 4.927ms
[7.520s][info][gc,phases   ] GC(38) Pause Mark End 0.010ms
[7.520s][info][gc,phases   ] GC(38) Concurrent Mark Free 0.001ms
[7.521s][info][gc,phases   ] GC(38) Concurrent Process Non-Strong References 0.571ms
[7.521s][info][gc,phases   ] GC(38) Concurrent Reset Relocation Set 0.008ms
[7.522s][info][gc          ] Allocation Stall (pool-1-thread-4) 7.790ms
[7.522s][info][gc,phases   ] GC(38) Concurrent Select Relocation Set 1.354ms
[7.522s][info][gc,phases   ] GC(38) Pause Relocate Start 0.006ms
[7.529s][info][gc          ] Allocation Stall (pool-1-thread-3) 13.893ms
[7.529s][info][gc          ] Allocation Stall (pool-1-thread-2) 13.833ms
[7.529s][info][gc          ] Allocation Stall (pool-1-thread-1) 13.949ms
[7.529s][info][gc          ] Allocation Stall (pool-1-thread-4) 7.257ms
[7.530s][info][gc          ] Allocation Stall (pool-1-thread-3) 0.531ms
[7.547s][info][gc          ] Allocation Stall (pool-1-thread-4) 1.013ms
[7.548s][info][gc          ] Allocation Stall (pool-1-thread-2) 1.583ms
[7.548s][info][gc          ] Allocation Stall (pool-1-thread-1) 1.806ms
[7.548s][info][gc          ] Allocation Stall (pool-1-thread-3) 1.865ms
[7.552s][info][gc          ] Allocation Stall (pool-1-thread-1) 0.728ms
[7.552s][info][gc          ] Allocation Stall (pool-1-thread-4) 2.263ms
[7.552s][info][gc          ] Allocation Stall (pool-1-thread-3) 1.612ms
[7.552s][info][gc          ] Allocation Stall (pool-1-thread-2) 1.015ms
[7.559s][info][gc          ] Allocation Stall (pool-1-thread-2) 2.408ms
[7.560s][info][gc          ] Allocation Stall (pool-1-thread-1) 3.016ms
[7.560s][info][gc          ] Allocation Stall (pool-1-thread-4) 3.097ms
[7.560s][info][gc          ] Allocation Stall (pool-1-thread-3) 3.288ms
[7.579s][info][gc          ] Allocation Stall (pool-1-thread-3) 9.642ms
[7.579s][info][gc          ] Allocation Stall (pool-1-thread-4) 1.391ms
[7.580s][info][gc          ] Allocation Stall (pool-1-thread-1) 2.026ms
[7.583s][info][gc          ] Allocation Stall (pool-1-thread-4) 0.659ms
[7.590s][info][gc          ] Allocation Stall (pool-1-thread-3) 8.371ms
[7.591s][info][gc          ] Allocation Stall (pool-1-thread-1) 8.672ms
[7.591s][info][gc          ] Allocation Stall (pool-1-thread-2) 8.191ms
[7.606s][info][gc          ] Allocation Stall (pool-1-thread-1) 3.342ms
[7.606s][info][gc          ] Allocation Stall (pool-1-thread-3) 3.190ms
[7.615s][info][gc          ] Allocation Stall (pool-1-thread-2) 12.119ms
[7.615s][info][gc          ] Relocation Stall (main) 92.854ms
[7.616s][info][gc          ] Allocation Stall (pool-1-thread-4) 12.408ms
[7.619s][info][gc          ] Allocation Stall (pool-1-thread-1) 12.122ms
[7.619s][info][gc          ] Allocation Stall (pool-1-thread-3) 12.129ms
[7.660s][info][gc          ] Allocation Stall (pool-1-thread-1) 2.342ms
[7.669s][info][gc,phases   ] GC(38) Concurrent Relocate 146.138ms
[7.669s][info][gc,load     ] GC(38) Load: 1.25/0.51/0.23
[7.669s][info][gc,mmu      ] GC(38) MMU: 2ms/97.9%, 5ms/99.1%, 10ms/99.5%, 20ms/99.7%, 50ms/99.8%, 100ms/99.9%
[7.669s][info][gc,marking  ] GC(38) Mark: 2 stripe(s), 4 proactive flush(es), 1 terminate flush(es), 0 completion(s), 0 continuation(s) 
[7.669s][info][gc,marking  ] GC(38) Mark Stack Usage: 32M
[7.669s][info][gc,nmethod  ] GC(38) NMethods: 437 registered, 0 unregistered
[7.669s][info][gc,metaspace] GC(38) Metaspace: 6M used, 6M committed, 1088M reserved
[7.669s][info][gc,ref      ] GC(38) Soft: 34 encountered, 25 discovered, 0 enqueued
[7.669s][info][gc,ref      ] GC(38) Weak: 179 encountered, 11 discovered, 0 enqueued
[7.669s][info][gc,ref      ] GC(38) Final: 0 encountered, 0 discovered, 0 enqueued
[7.669s][info][gc,ref      ] GC(38) Phantom: 3 encountered, 1 discovered, 0 enqueued
[7.669s][info][gc,reloc    ] GC(38) Small Pages: 144 / 288M, Empty: 2M, Relocated: 94M, In-Place: 0
[7.669s][info][gc,reloc    ] GC(38) Medium Pages: 23 / 736M, Empty: 0M, Relocated: 222M, In-Place: 4
[7.669s][info][gc,reloc    ] GC(38) Large Pages: 0 / 0M, Empty: 0M, Relocated: 0M, In-Place: 0
[7.669s][info][gc,reloc    ] GC(38) Forwarding Usage: 0M
[7.669s][info][gc,heap     ] GC(38) Min Capacity: 1024M(100%)
[7.669s][info][gc,heap     ] GC(38) Max Capacity: 1024M(100%)
[7.669s][info][gc,heap     ] GC(38) Soft Max Capacity: 1024M(100%)
[7.669s][info][gc,heap     ] GC(38)                Mark Start          Mark End        Relocate Start      Relocate End           High               Low         
[7.669s][info][gc,heap     ] GC(38)  Capacity:     1024M (100%)       1024M (100%)       1024M (100%)       1024M (100%)       1024M (100%)       1024M (100%)   
[7.669s][info][gc,heap     ] GC(38)      Free:        0M (0%)            0M (0%)            0M (0%)           92M (9%)          122M (12%)           0M (0%)     
[7.669s][info][gc,heap     ] GC(38)      Used:     1024M (100%)       1024M (100%)       1024M (100%)        932M (91%)        1024M (100%)        902M (88%)    
[7.669s][info][gc,heap     ] GC(38)      Live:         -               353M (35%)         353M (35%)         353M (35%)            -                  -          
[7.669s][info][gc,heap     ] GC(38) Allocated:         -                 0M (0%)            2M (0%)          537M (53%)            -                  -          
[7.669s][info][gc,heap     ] GC(38)   Garbage:         -               670M (65%)         668M (65%)          40M (4%)             -                  -          
[7.669s][info][gc,heap     ] GC(38) Reclaimed:         -                  -                 2M (0%)          629M (62%)            -                  -          
[7.669s][info][gc          ] GC(38) Garbage Collection (Allocation Stall) 1024M(100%)->932M(91%)
[7.692s][info][gc,start    ] GC(39) Garbage Collection (Allocation Stall)
[7.692s][info][gc,ref      ] GC(39) Clearing All SoftReferences
[7.692s][info][gc,task     ] GC(39) Using 3 workers
[7.692s][info][gc,phases   ] GC(39) Pause Mark Start 0.012ms
[7.698s][info][gc,phases   ] GC(39) Concurrent Mark 6.293ms
[7.699s][info][gc,phases   ] GC(39) Pause Mark End 0.012ms
[7.699s][info][gc,phases   ] GC(39) Concurrent Mark Free 0.001ms
[7.699s][info][gc,phases   ] GC(39) Concurrent Process Non-Strong References 0.514ms
[7.699s][info][gc,phases   ] GC(39) Concurrent Reset Relocation Set 0.008ms
[7.701s][info][gc          ] Allocation Stall (pool-1-thread-1) 9.143ms
[7.701s][info][gc,phases   ] GC(39) Concurrent Select Relocation Set 1.405ms
[7.701s][info][gc,phases   ] GC(39) Pause Relocate Start 0.006ms
[7.706s][info][gc          ] Allocation Stall (pool-1-thread-2) 14.032ms
[7.706s][info][gc          ] Allocation Stall (pool-1-thread-4) 13.923ms
[7.706s][info][gc          ] Allocation Stall (pool-1-thread-3) 13.969ms
[7.707s][info][gc          ] Allocation Stall (pool-1-thread-1) 6.141ms
[7.717s][info][gc          ] Allocation Stall (pool-1-thread-3) 3.085ms
[7.717s][info][gc          ] Allocation Stall (pool-1-thread-4) 3.215ms
[7.717s][info][gc          ] Allocation Stall (pool-1-thread-1) 3.313ms
[7.718s][info][gc          ] Allocation Stall (pool-1-thread-2) 3.439ms
[7.733s][info][gc          ] Allocation Stall (pool-1-thread-3) 0.988ms
[7.733s][info][gc          ] Allocation Stall (pool-1-thread-1) 4.852ms
[7.733s][info][gc          ] Allocation Stall (pool-1-thread-2) 2.450ms
[7.733s][info][gc          ] Allocation Stall (pool-1-thread-4) 1.482ms
[7.748s][info][gc          ] Allocation Stall (pool-1-thread-4) 4.011ms
[7.749s][info][gc          ] Allocation Stall (pool-1-thread-3) 4.405ms
[7.749s][info][gc          ] Allocation Stall (pool-1-thread-2) 4.617ms
[7.749s][info][gc          ] Allocation Stall (pool-1-thread-1) 4.754ms
[7.762s][info][gc          ] Allocation Stall (pool-1-thread-1) 3.836ms
[7.764s][info][gc          ] Allocation Stall (pool-1-thread-3) 5.623ms
[7.764s][info][gc          ] Allocation Stall (pool-1-thread-2) 5.833ms
[7.764s][info][gc          ] Allocation Stall (pool-1-thread-4) 6.081ms
[7.772s][info][gc          ] Allocation Stall (pool-1-thread-3) 1.610ms
[7.776s][info][gc          ] Allocation Stall (pool-1-thread-4) 5.892ms
[7.777s][info][gc          ] Allocation Stall (pool-1-thread-1) 6.276ms
[7.777s][info][gc          ] Allocation Stall (pool-1-thread-2) 6.022ms
[7.785s][info][gc          ] Allocation Stall (pool-1-thread-2) 1.936ms
[7.786s][info][gc          ] Allocation Stall (pool-1-thread-3) 2.759ms
[7.786s][info][gc          ] Allocation Stall (pool-1-thread-1) 2.897ms
[7.787s][info][gc          ] Allocation Stall (pool-1-thread-4) 3.081ms
[7.805s][info][gc          ] Relocation Stall (main) 104.481ms
[7.806s][info][gc          ] Allocation Stall (pool-1-thread-3) 3.328ms
[7.810s][info][gc          ] Allocation Stall (pool-1-thread-2) 6.740ms
[7.813s][info][gc          ] Allocation Stall (pool-1-thread-1) 9.405ms
[7.813s][info][gc          ] Allocation Stall (pool-1-thread-4) 9.578ms
[7.852s][info][gc,phases   ] GC(39) Concurrent Relocate 151.403ms
[7.852s][info][gc,load     ] GC(39) Load: 1.25/0.51/0.23
[7.852s][info][gc,mmu      ] GC(39) MMU: 2ms/97.9%, 5ms/99.1%, 10ms/99.5%, 20ms/99.7%, 50ms/99.8%, 100ms/99.9%
[7.852s][info][gc,marking  ] GC(39) Mark: 2 stripe(s), 4 proactive flush(es), 1 terminate flush(es), 0 completion(s), 0 continuation(s) 
[7.852s][info][gc,marking  ] GC(39) Mark Stack Usage: 32M
[7.852s][info][gc,nmethod  ] GC(39) NMethods: 437 registered, 0 unregistered
[7.852s][info][gc,metaspace] GC(39) Metaspace: 6M used, 6M committed, 1088M reserved
[7.852s][info][gc,ref      ] GC(39) Soft: 34 encountered, 13 discovered, 0 enqueued
[7.852s][info][gc,ref      ] GC(39) Weak: 179 encountered, 113 discovered, 0 enqueued
[7.852s][info][gc,ref      ] GC(39) Final: 0 encountered, 0 discovered, 0 enqueued
[7.852s][info][gc,ref      ] GC(39) Phantom: 3 encountered, 2 discovered, 0 enqueued
[7.853s][info][gc,reloc    ] GC(39) Small Pages: 144 / 288M, Empty: 2M, Relocated: 96M, In-Place: 2
[7.853s][info][gc,reloc    ] GC(39) Medium Pages: 23 / 736M, Empty: 0M, Relocated: 242M, In-Place: 1
[7.853s][info][gc,reloc    ] GC(39) Large Pages: 0 / 0M, Empty: 0M, Relocated: 0M, In-Place: 0
[7.853s][info][gc,reloc    ] GC(39) Forwarding Usage: 0M
[7.853s][info][gc,heap     ] GC(39) Min Capacity: 1024M(100%)
[7.853s][info][gc,heap     ] GC(39) Max Capacity: 1024M(100%)
[7.853s][info][gc,heap     ] GC(39) Soft Max Capacity: 1024M(100%)
[7.853s][info][gc,heap     ] GC(39)                Mark Start          Mark End        Relocate Start      Relocate End           High               Low         
[7.853s][info][gc,heap     ] GC(39)  Capacity:     1024M (100%)       1024M (100%)       1024M (100%)       1024M (100%)       1024M (100%)       1024M (100%)   
[7.853s][info][gc,heap     ] GC(39)      Free:        0M (0%)            0M (0%)            0M (0%)           44M (4%)           96M (9%)            0M (0%)     
[7.853s][info][gc,heap     ] GC(39)      Used:     1024M (100%)       1024M (100%)       1024M (100%)        980M (96%)        1024M (100%)        928M (91%)    
[7.853s][info][gc,heap     ] GC(39)      Live:         -               355M (35%)         355M (35%)         355M (35%)            -                  -          
[7.853s][info][gc,heap     ] GC(39) Allocated:         -                 0M (0%)            2M (0%)          589M (58%)            -                  -          
[7.853s][info][gc,heap     ] GC(39)   Garbage:         -               668M (65%)         666M (65%)          34M (3%)             -                  -          
[7.853s][info][gc,heap     ] GC(39) Reclaimed:         -                  -                 2M (0%)          633M (62%)            -                  -          
[7.853s][info][gc          ] GC(39) Garbage Collection (Allocation Stall) 1024M(100%)->980M(96%)
[7.854s][info][gc,start    ] GC(40) Garbage Collection (Allocation Stall)
[7.854s][info][gc,ref      ] GC(40) Clearing All SoftReferences
[7.854s][info][gc,task     ] GC(40) Using 3 workers
[7.858s][info][gc,phases   ] GC(40) Pause Mark Start 0.012ms
[7.863s][info][gc,phases   ] GC(40) Concurrent Mark 5.359ms
[7.864s][info][gc,phases   ] GC(40) Pause Mark End 0.014ms
[7.864s][info][gc,phases   ] GC(40) Concurrent Mark Free 0.001ms
[7.864s][info][gc,phases   ] GC(40) Concurrent Process Non-Strong References 0.586ms
[7.864s][info][gc,phases   ] GC(40) Concurrent Reset Relocation Set 0.007ms
[7.866s][info][gc,phases   ] GC(40) Concurrent Select Relocation Set 1.479ms
[7.866s][info][gc,phases   ] GC(40) Pause Relocate Start 0.007ms
[7.870s][info][gc          ] Allocation Stall (pool-1-thread-1) 15.312ms
[7.876s][info][gc          ] Allocation Stall (pool-1-thread-2) 18.217ms
[7.877s][info][gc          ] Allocation Stall (pool-1-thread-1) 5.247ms
[7.903s][info][gc          ] Allocation Stall (pool-1-thread-2) 1.469ms
[7.903s][info][gc          ] Allocation Stall (pool-1-thread-1) 0.215ms
[7.908s][info][gc          ] Allocation Stall (pool-1-thread-1) 1.247ms
[7.908s][info][gc          ] Allocation Stall (pool-1-thread-2) 2.070ms
[7.935s][info][gc          ] Allocation Stall (pool-1-thread-1) 1.616ms
[7.935s][info][gc          ] Allocation Stall (pool-1-thread-2) 2.530ms
[7.944s][info][gc          ] Allocation Stall (pool-1-thread-1) 1.589ms
[7.946s][info][gc          ] Allocation Stall (pool-1-thread-2) 2.733ms
[7.946s][info][gc          ] Relocation Stall (pool-1-thread-3) 75.713ms
[7.946s][info][gc          ] Allocation Stall (pool-1-thread-3) 91.964ms
[7.962s][info][gc          ] Relocation Stall (pool-1-thread-4) 92.472ms
[7.963s][info][gc          ] Allocation Stall (pool-1-thread-4) 108.596ms
[8.004s][info][gc,phases   ] GC(40) Concurrent Relocate 137.896ms
[8.004s][info][gc,load     ] GC(40) Load: 1.25/0.51/0.23
[8.004s][info][gc,mmu      ] GC(40) MMU: 2ms/97.9%, 5ms/99.1%, 10ms/99.5%, 20ms/99.7%, 50ms/99.8%, 100ms/99.9%
[8.004s][info][gc,marking  ] GC(40) Mark: 2 stripe(s), 3 proactive flush(es), 1 terminate flush(es), 0 completion(s), 0 continuation(s) 
[8.004s][info][gc,marking  ] GC(40) Mark Stack Usage: 32M
[8.004s][info][gc,nmethod  ] GC(40) NMethods: 437 registered, 0 unregistered
[8.004s][info][gc,metaspace] GC(40) Metaspace: 6M used, 6M committed, 1088M reserved
[8.004s][info][gc,ref      ] GC(40) Soft: 34 encountered, 11 discovered, 0 enqueued
[8.004s][info][gc,ref      ] GC(40) Weak: 179 encountered, 0 discovered, 0 enqueued
[8.004s][info][gc,ref      ] GC(40) Final: 0 encountered, 0 discovered, 0 enqueued
[8.004s][info][gc,ref      ] GC(40) Phantom: 3 encountered, 1 discovered, 0 enqueued
[8.004s][info][gc,reloc    ] GC(40) Small Pages: 141 / 282M, Empty: 0M, Relocated: 96M, In-Place: 0
[8.004s][info][gc,reloc    ] GC(40) Medium Pages: 23 / 736M, Empty: 0M, Relocated: 223M, In-Place: 4
[8.004s][info][gc,reloc    ] GC(40) Large Pages: 0 / 0M, Empty: 0M, Relocated: 0M, In-Place: 0
[8.004s][info][gc,reloc    ] GC(40) Forwarding Usage: 0M
[8.004s][info][gc,heap     ] GC(40) Min Capacity: 1024M(100%)
[8.004s][info][gc,heap     ] GC(40) Max Capacity: 1024M(100%)
[8.004s][info][gc,heap     ] GC(40) Soft Max Capacity: 1024M(100%)
[8.004s][info][gc,heap     ] GC(40)                Mark Start          Mark End        Relocate Start      Relocate End           High               Low         
[8.004s][info][gc,heap     ] GC(40)  Capacity:     1024M (100%)       1024M (100%)       1024M (100%)       1024M (100%)       1024M (100%)       1024M (100%)   
[8.004s][info][gc,heap     ] GC(40)      Free:        6M (1%)            4M (0%)            4M (0%)           20M (2%)          196M (19%)           0M (0%)     
[8.004s][info][gc,heap     ] GC(40)      Used:     1018M (99%)        1020M (100%)       1020M (100%)       1004M (98%)        1024M (100%)        828M (81%)    
[8.004s][info][gc,heap     ] GC(40)      Live:         -               354M (35%)         354M (35%)         354M (35%)            -                  -          
[8.004s][info][gc,heap     ] GC(40) Allocated:         -                 2M (0%)            2M (0%)          611M (60%)            -                  -          
[8.004s][info][gc,heap     ] GC(40)   Garbage:         -               663M (65%)         663M (65%)          37M (4%)             -                  -          
[8.004s][info][gc,heap     ] GC(40) Reclaimed:         -                  -                 0M (0%)          625M (61%)            -                  -          
[8.004s][info][gc          ] GC(40) Garbage Collection (Allocation Stall) 1018M(99%)->1004M(98%)
[8.004s][info][gc,start    ] GC(41) Garbage Collection (Allocation Stall)
[8.004s][info][gc,ref      ] GC(41) Clearing All SoftReferences
[8.004s][info][gc,task     ] GC(41) Using 3 workers
[8.007s][info][gc,phases   ] GC(41) Pause Mark Start 0.018ms
[8.008s][info][gc          ] Allocation Stall (pool-1-thread-3) 6.308ms
[8.017s][info][gc,phases   ] GC(41) Concurrent Mark 8.971ms
[8.017s][info][gc,phases   ] GC(41) Pause Mark End 0.013ms
[8.017s][info][gc,phases   ] GC(41) Concurrent Mark Free 0.001ms
[8.018s][info][gc,phases   ] GC(41) Concurrent Process Non-Strong References 0.585ms
[8.018s][info][gc,phases   ] GC(41) Concurrent Reset Relocation Set 0.010ms
[8.019s][info][gc,phases   ] GC(41) Concurrent Select Relocation Set 1.296ms
[8.019s][info][gc,phases   ] GC(41) Pause Relocate Start 0.005ms
[8.023s][info][gc          ] Allocation Stall (pool-1-thread-2) 8.128ms
[8.023s][info][gc          ] Allocation Stall (pool-1-thread-4) 21.715ms
[8.024s][info][gc          ] Allocation Stall (pool-1-thread-1) 8.566ms
[8.024s][info][gc          ] Allocation Stall (pool-1-thread-3) 8.657ms
[8.043s][info][gc          ] Allocation Stall (pool-1-thread-3) 3.593ms
[8.044s][info][gc          ] Allocation Stall (pool-1-thread-1) 4.736ms
[8.044s][info][gc          ] Allocation Stall (pool-1-thread-4) 5.031ms
[8.044s][info][gc          ] Allocation Stall (pool-1-thread-2) 5.262ms
[8.060s][info][gc          ] Allocation Stall (pool-1-thread-3) 4.776ms
[8.060s][info][gc          ] Allocation Stall (pool-1-thread-1) 2.292ms
[8.060s][info][gc          ] Allocation Stall (pool-1-thread-2) 3.795ms
[8.060s][info][gc          ] Allocation Stall (pool-1-thread-4) 4.377ms
[8.086s][info][gc          ] Allocation Stall (pool-1-thread-3) 10.333ms
[8.086s][info][gc          ] Allocation Stall (pool-1-thread-1) 7.450ms
[8.086s][info][gc          ] Allocation Stall (pool-1-thread-4) 7.099ms
[8.086s][info][gc          ] Allocation Stall (pool-1-thread-2) 8.655ms
[8.088s][info][gc          ] Allocation Stall (pool-1-thread-1) 1.123ms
[8.100s][info][gc          ] Allocation Stall (pool-1-thread-4) 13.311ms
[8.101s][info][gc          ] Allocation Stall (pool-1-thread-2) 13.713ms
[8.101s][info][gc          ] Allocation Stall (pool-1-thread-3) 13.957ms
[8.116s][info][gc          ] Allocation Stall (pool-1-thread-1) 5.927ms
[8.122s][info][gc          ] Allocation Stall (pool-1-thread-3) 12.375ms
[8.123s][info][gc          ] Allocation Stall (pool-1-thread-4) 12.609ms
[8.123s][info][gc          ] Allocation Stall (pool-1-thread-1) 5.663ms
[8.123s][info][gc          ] Allocation Stall (pool-1-thread-2) 12.815ms
[8.150s][info][gc          ] Allocation Stall (pool-1-thread-3) 2.150ms
[8.155s][info][gc          ] Allocation Stall (pool-1-thread-1) 7.376ms
[8.158s][info][gc          ] Allocation Stall (pool-1-thread-2) 9.712ms
[8.162s][info][gc,phases   ] GC(41) Concurrent Relocate 142.595ms
[8.162s][info][gc,load     ] GC(41) Load: 1.25/0.51/0.23
[8.162s][info][gc,mmu      ] GC(41) MMU: 2ms/97.9%, 5ms/99.1%, 10ms/99.5%, 20ms/99.7%, 50ms/99.8%, 100ms/99.9%
[8.162s][info][gc,marking  ] GC(41) Mark: 2 stripe(s), 4 proactive flush(es), 1 terminate flush(es), 0 completion(s), 0 continuation(s) 
[8.162s][info][gc,marking  ] GC(41) Mark Stack Usage: 32M
[8.162s][info][gc,nmethod  ] GC(41) NMethods: 437 registered, 0 unregistered
[8.162s][info][gc,metaspace] GC(41) Metaspace: 6M used, 6M committed, 1088M reserved
[8.162s][info][gc,ref      ] GC(41) Soft: 34 encountered, 17 discovered, 0 enqueued
[8.162s][info][gc,ref      ] GC(41) Weak: 179 encountered, 25 discovered, 0 enqueued
[8.162s][info][gc,ref      ] GC(41) Final: 0 encountered, 0 discovered, 0 enqueued
[8.162s][info][gc,ref      ] GC(41) Phantom: 3 encountered, 1 discovered, 0 enqueued
[8.162s][info][gc,reloc    ] GC(41) Small Pages: 134 / 268M, Empty: 6M, Relocated: 92M, In-Place: 3
[8.162s][info][gc,reloc    ] GC(41) Medium Pages: 22 / 704M, Empty: 0M, Relocated: 243M, In-Place: 7
[8.162s][info][gc,reloc    ] GC(41) Large Pages: 0 / 0M, Empty: 0M, Relocated: 0M, In-Place: 0
[8.162s][info][gc,reloc    ] GC(41) Forwarding Usage: 0M
[8.162s][info][gc,heap     ] GC(41) Min Capacity: 1024M(100%)
[8.162s][info][gc,heap     ] GC(41) Max Capacity: 1024M(100%)
[8.162s][info][gc,heap     ] GC(41) Soft Max Capacity: 1024M(100%)
[8.162s][info][gc,heap     ] GC(41)                Mark Start          Mark End        Relocate Start      Relocate End           High               Low         
[8.162s][info][gc,heap     ] GC(41)  Capacity:     1024M (100%)       1024M (100%)       1024M (100%)       1024M (100%)       1024M (100%)       1024M (100%)   
[8.162s][info][gc,heap     ] GC(41)      Free:       20M (2%)            4M (0%)           10M (1%)           90M (9%)           92M (9%)            0M (0%)     
[8.162s][info][gc,heap     ] GC(41)      Used:     1004M (98%)        1020M (100%)       1014M (99%)         934M (91%)        1024M (100%)        932M (91%)    
[8.162s][info][gc,heap     ] GC(41)      Live:         -               340M (33%)         340M (33%)         340M (33%)            -                  -          
[8.162s][info][gc,heap     ] GC(41) Allocated:         -                16M (2%)           16M (2%)          543M (53%)            -                  -          
[8.162s][info][gc,heap     ] GC(41)   Garbage:         -               663M (65%)         657M (64%)          50M (5%)             -                  -          
[8.162s][info][gc,heap     ] GC(41) Reclaimed:         -                  -                 6M (1%)          613M (60%)            -                  -          
[8.162s][info][gc          ] GC(41) Garbage Collection (Allocation Stall) 1004M(98%)->934M(91%)
[8.165s][info][gc,start    ] GC(42) Garbage Collection (Allocation Stall)
[8.165s][info][gc,ref      ] GC(42) Clearing All SoftReferences
[8.165s][info][gc,task     ] GC(42) Using 3 workers
[8.166s][info][gc,phases   ] GC(42) Pause Mark Start 0.008ms
[8.175s][info][gc,phases   ] GC(42) Concurrent Mark 9.767ms
[8.176s][info][gc,phases   ] GC(42) Pause Mark End 0.038ms
[8.176s][info][gc,phases   ] GC(42) Concurrent Mark Free 0.004ms
[8.177s][info][gc,phases   ] GC(42) Concurrent Process Non-Strong References 1.357ms
[8.177s][info][gc,phases   ] GC(42) Concurrent Reset Relocation Set 0.013ms
[8.179s][info][gc,phases   ] GC(42) Concurrent Select Relocation Set 1.761ms
[8.179s][info][gc,phases   ] GC(42) Pause Relocate Start 0.007ms
[8.184s][info][gc          ] Allocation Stall (pool-1-thread-3) 7.136ms
[8.184s][info][gc          ] Allocation Stall (pool-1-thread-2) 7.541ms
[8.184s][info][gc          ] Allocation Stall (pool-1-thread-1) 7.429ms
[8.184s][info][gc          ] Allocation Stall (pool-1-thread-4) 6.594ms
[8.208s][info][gc          ] Allocation Stall (pool-1-thread-1) 1.501ms
[8.211s][info][gc          ] Allocation Stall (pool-1-thread-4) 4.337ms
[8.211s][info][gc          ] Allocation Stall (pool-1-thread-2) 4.596ms
[8.211s][info][gc          ] Allocation Stall (pool-1-thread-3) 4.464ms
[8.235s][info][gc          ] Allocation Stall (pool-1-thread-4) 1.171ms
[8.240s][info][gc          ] Allocation Stall (pool-1-thread-4) 4.631ms
[8.252s][info][gc          ] Allocation Stall (pool-1-thread-2) 16.706ms
[8.253s][info][gc          ] Allocation Stall (pool-1-thread-1) 17.203ms
[8.253s][info][gc          ] Allocation Stall (pool-1-thread-3) 17.252ms
[8.253s][info][gc          ] Allocation Stall (pool-1-thread-4) 2.821ms
[8.266s][info][gc          ] Allocation Stall (pool-1-thread-2) 5.815ms
[8.266s][info][gc          ] Relocation Stall (main) 86.457ms
[8.266s][info][gc          ] Allocation Stall (pool-1-thread-4) 6.048ms
[8.266s][info][gc          ] Allocation Stall (pool-1-thread-1) 6.114ms
[8.266s][info][gc          ] Allocation Stall (pool-1-thread-3) 6.108ms
[8.292s][info][gc          ] Allocation Stall (pool-1-thread-1) 1.566ms
[8.295s][info][gc          ] Allocation Stall (pool-1-thread-2) 3.663ms
[8.295s][info][gc          ] Allocation Stall (pool-1-thread-3) 3.483ms
[8.304s][info][gc,phases   ] GC(42) Concurrent Relocate 124.088ms
[8.304s][info][gc,load     ] GC(42) Load: 1.25/0.51/0.23
[8.304s][info][gc,mmu      ] GC(42) MMU: 2ms/97.9%, 5ms/99.1%, 10ms/99.5%, 20ms/99.7%, 50ms/99.8%, 100ms/99.9%
[8.304s][info][gc,marking  ] GC(42) Mark: 2 stripe(s), 3 proactive flush(es), 1 terminate flush(es), 0 completion(s), 0 continuation(s) 
[8.304s][info][gc,marking  ] GC(42) Mark Stack Usage: 32M
[8.304s][info][gc,nmethod  ] GC(42) NMethods: 437 registered, 0 unregistered
[8.304s][info][gc,metaspace] GC(42) Metaspace: 6M used, 6M committed, 1088M reserved
[8.304s][info][gc,ref      ] GC(42) Soft: 34 encountered, 7 discovered, 0 enqueued
[8.304s][info][gc,ref      ] GC(42) Weak: 179 encountered, 69 discovered, 0 enqueued
[8.304s][info][gc,ref      ] GC(42) Final: 0 encountered, 0 discovered, 0 enqueued
[8.304s][info][gc,ref      ] GC(42) Phantom: 3 encountered, 1 discovered, 0 enqueued
[8.304s][info][gc,reloc    ] GC(42) Small Pages: 133 / 266M, Empty: 0M, Relocated: 90M, In-Place: 0
[8.304s][info][gc,reloc    ] GC(42) Medium Pages: 21 / 672M, Empty: 0M, Relocated: 223M, In-Place: 2
[8.304s][info][gc,reloc    ] GC(42) Large Pages: 0 / 0M, Empty: 0M, Relocated: 0M, In-Place: 0
[8.304s][info][gc,reloc    ] GC(42) Forwarding Usage: 0M
[8.304s][info][gc,heap     ] GC(42) Min Capacity: 1024M(100%)
[8.304s][info][gc,heap     ] GC(42) Max Capacity: 1024M(100%)
[8.304s][info][gc,heap     ] GC(42) Soft Max Capacity: 1024M(100%)
[8.304s][info][gc,heap     ] GC(42)                Mark Start          Mark End        Relocate Start      Relocate End           High               Low         
[8.304s][info][gc,heap     ] GC(42)  Capacity:     1024M (100%)       1024M (100%)       1024M (100%)       1024M (100%)       1024M (100%)       1024M (100%)   
[8.304s][info][gc,heap     ] GC(42)      Free:       86M (8%)            0M (0%)            0M (0%)           88M (9%)          112M (11%)           0M (0%)     
[8.304s][info][gc,heap     ] GC(42)      Used:      938M (92%)        1024M (100%)       1024M (100%)        936M (91%)        1024M (100%)        912M (89%)    
[8.304s][info][gc,heap     ] GC(42)      Live:         -               335M (33%)         335M (33%)         335M (33%)            -                  -          
[8.304s][info][gc,heap     ] GC(42) Allocated:         -                86M (8%)           86M (8%)          575M (56%)            -                  -          
[8.304s][info][gc,heap     ] GC(42)   Garbage:         -               602M (59%)         602M (59%)          24M (2%)             -                  -          
[8.304s][info][gc,heap     ] GC(42) Reclaimed:         -                  -                 0M (0%)          577M (56%)            -                  -          
[8.304s][info][gc          ] GC(42) Garbage Collection (Allocation Stall) 938M(92%)->936M(91%)
[8.314s][info][gc,start    ] GC(43) Garbage Collection (Allocation Stall)
[8.314s][info][gc,ref      ] GC(43) Clearing All SoftReferences
[8.314s][info][gc,task     ] GC(43) Using 3 workers
[8.317s][info][gc,phases   ] GC(43) Pause Mark Start 0.007ms
[8.320s][info][gc,phases   ] GC(43) Concurrent Mark 3.541ms
[8.320s][info][gc,phases   ] GC(43) Pause Mark End 0.007ms
[8.320s][info][gc,phases   ] GC(43) Concurrent Mark Free 0.001ms
[8.321s][info][gc,phases   ] GC(43) Concurrent Process Non-Strong References 0.486ms
[8.321s][info][gc,phases   ] GC(43) Concurrent Reset Relocation Set 0.007ms
[8.322s][info][gc,phases   ] GC(43) Concurrent Select Relocation Set 1.213ms
[8.322s][info][gc,phases   ] GC(43) Pause Relocate Start 0.003ms
[8.326s][info][gc          ] Allocation Stall (pool-1-thread-2) 11.716ms
[8.335s][info][gc          ] Allocation Stall (pool-1-thread-2) 7.380ms
[8.382s][info][gc          ] Relocation Stall (pool-1-thread-4) 48.478ms
[8.382s][info][gc          ] Allocation Stall (pool-1-thread-4) 65.148ms
[8.388s][info][gc          ] Relocation Stall (pool-1-thread-3) 62.623ms
[8.389s][info][gc          ] Allocation Stall (pool-1-thread-3) 74.638ms
[8.396s][info][gc          ] Relocation Stall (pool-1-thread-1) 68.966ms
[8.396s][info][gc          ] Allocation Stall (pool-1-thread-1) 81.688ms
[8.446s][info][gc,phases   ] GC(43) Concurrent Relocate 124.010ms
[8.447s][info][gc,load     ] GC(43) Load: 1.25/0.51/0.23
[8.447s][info][gc,mmu      ] GC(43) MMU: 2ms/97.9%, 5ms/99.1%, 10ms/99.5%, 20ms/99.7%, 50ms/99.8%, 100ms/99.9%
[8.447s][info][gc,marking  ] GC(43) Mark: 2 stripe(s), 2 proactive flush(es), 1 terminate flush(es), 0 completion(s), 0 continuation(s) 
[8.447s][info][gc,marking  ] GC(43) Mark Stack Usage: 32M
[8.447s][info][gc,nmethod  ] GC(43) NMethods: 437 registered, 0 unregistered
[8.447s][info][gc,metaspace] GC(43) Metaspace: 6M used, 6M committed, 1088M reserved
[8.447s][info][gc,ref      ] GC(43) Soft: 34 encountered, 10 discovered, 0 enqueued
[8.447s][info][gc,ref      ] GC(43) Weak: 179 encountered, 23 discovered, 0 enqueued
[8.447s][info][gc,ref      ] GC(43) Final: 0 encountered, 0 discovered, 0 enqueued
[8.447s][info][gc,ref      ] GC(43) Phantom: 3 encountered, 1 discovered, 0 enqueued
[8.447s][info][gc,reloc    ] GC(43) Small Pages: 142 / 284M, Empty: 0M, Relocated: 96M, In-Place: 0
[8.447s][info][gc,reloc    ] GC(43) Medium Pages: 23 / 736M, Empty: 0M, Relocated: 222M, In-Place: 3
[8.447s][info][gc,reloc    ] GC(43) Large Pages: 0 / 0M, Empty: 0M, Relocated: 0M, In-Place: 0
[8.447s][info][gc,reloc    ] GC(43) Forwarding Usage: 0M
[8.447s][info][gc,heap     ] GC(43) Min Capacity: 1024M(100%)
[8.447s][info][gc,heap     ] GC(43) Max Capacity: 1024M(100%)
[8.447s][info][gc,heap     ] GC(43) Soft Max Capacity: 1024M(100%)
[8.447s][info][gc,heap     ] GC(43)                Mark Start          Mark End        Relocate Start      Relocate End           High               Low         
[8.447s][info][gc,heap     ] GC(43)  Capacity:     1024M (100%)       1024M (100%)       1024M (100%)       1024M (100%)       1024M (100%)       1024M (100%)   
[8.447s][info][gc,heap     ] GC(43)      Free:        4M (0%)            4M (0%)            4M (0%)          150M (15%)         318M (31%)           0M (0%)     
[8.447s][info][gc,heap     ] GC(43)      Used:     1020M (100%)       1020M (100%)       1020M (100%)        874M (85%)        1024M (100%)        706M (69%)    
[8.447s][info][gc,heap     ] GC(43)      Live:         -               352M (34%)         352M (34%)         352M (34%)            -                  -          
[8.447s][info][gc,heap     ] GC(43) Allocated:         -                 0M (0%)            0M (0%)          481M (47%)            -                  -          
[8.447s][info][gc,heap     ] GC(43)   Garbage:         -               667M (65%)         667M (65%)          39M (4%)             -                  -          
[8.447s][info][gc,heap     ] GC(43) Reclaimed:         -                  -                 0M (0%)          627M (61%)            -                  -          
[8.447s][info][gc          ] GC(43) Garbage Collection (Allocation Stall) 1020M(100%)->874M(85%)
[8.454s][info][gc,start    ] GC(44) Garbage Collection (Allocation Stall)
[8.454s][info][gc,ref      ] GC(44) Clearing All SoftReferences
[8.454s][info][gc,task     ] GC(44) Using 3 workers
[8.458s][info][gc,phases   ] GC(44) Pause Mark Start 0.022ms
[8.458s][info][gc          ] Allocation Stall (pool-1-thread-2) 4.697ms
[8.464s][info][gc,phases   ] GC(44) Concurrent Mark 6.051ms
[8.464s][info][gc,phases   ] GC(44) Pause Mark End 0.010ms
[8.464s][info][gc,phases   ] GC(44) Concurrent Mark Free 0.001ms
[8.465s][info][gc,phases   ] GC(44) Concurrent Process Non-Strong References 0.556ms
[8.465s][info][gc,phases   ] GC(44) Concurrent Reset Relocation Set 0.009ms
[8.466s][info][gc,phases   ] GC(44) Concurrent Select Relocation Set 1.337ms
[8.467s][info][gc,phases   ] GC(44) Pause Relocate Start 0.004ms
[8.470s][info][gc          ] Allocation Stall (pool-1-thread-3) 16.197ms
[8.470s][info][gc          ] Allocation Stall (pool-1-thread-2) 6.555ms
[8.470s][info][gc          ] Allocation Stall (pool-1-thread-4) 6.669ms
[8.470s][info][gc          ] Allocation Stall (pool-1-thread-1) 6.746ms
[8.484s][info][gc          ] Allocation Stall (pool-1-thread-1) 1.558ms
[8.488s][info][gc          ] Allocation Stall (pool-1-thread-2) 4.778ms
[8.488s][info][gc          ] Allocation Stall (pool-1-thread-3) 5.234ms
[8.488s][info][gc          ] Allocation Stall (pool-1-thread-4) 5.468ms
[8.500s][info][gc          ] Allocation Stall (pool-1-thread-1) 0.384ms
[8.501s][info][gc          ] Allocation Stall (pool-1-thread-3) 2.913ms
[8.501s][info][gc          ] Allocation Stall (pool-1-thread-2) 2.305ms
[8.501s][info][gc          ] Allocation Stall (pool-1-thread-4) 0.876ms
[8.515s][info][gc          ] Allocation Stall (pool-1-thread-1) 9.763ms
[8.526s][info][gc          ] Allocation Stall (pool-1-thread-3) 13.144ms
[8.526s][info][gc          ] Allocation Stall (pool-1-thread-4) 13.185ms
[8.526s][info][gc          ] Allocation Stall (pool-1-thread-2) 13.471ms
[8.526s][info][gc          ] Allocation Stall (pool-1-thread-1) 0.718ms
[8.546s][info][gc          ] Allocation Stall (pool-1-thread-2) 10.944ms
[8.548s][info][gc          ] Allocation Stall (pool-1-thread-4) 12.898ms
[8.549s][info][gc          ] Allocation Stall (pool-1-thread-3) 13.310ms
[8.549s][info][gc          ] Allocation Stall (pool-1-thread-1) 13.514ms
[8.561s][info][gc          ] Allocation Stall (pool-1-thread-3) 5.006ms
[8.564s][info][gc          ] Allocation Stall (pool-1-thread-2) 8.620ms
[8.565s][info][gc          ] Allocation Stall (pool-1-thread-4) 8.835ms
[8.565s][info][gc          ] Allocation Stall (pool-1-thread-1) 8.907ms
[8.608s][info][gc,phases   ] GC(44) Concurrent Relocate 141.207ms
[8.608s][info][gc,load     ] GC(44) Load: 1.25/0.51/0.23
[8.608s][info][gc,mmu      ] GC(44) MMU: 2ms/97.9%, 5ms/99.1%, 10ms/99.5%, 20ms/99.7%, 50ms/99.8%, 100ms/99.9%
[8.608s][info][gc,marking  ] GC(44) Mark: 2 stripe(s), 2 proactive flush(es), 1 terminate flush(es), 0 completion(s), 0 continuation(s) 
[8.608s][info][gc,marking  ] GC(44) Mark Stack Usage: 32M
[8.608s][info][gc,nmethod  ] GC(44) NMethods: 437 registered, 0 unregistered
[8.608s][info][gc,metaspace] GC(44) Metaspace: 6M used, 6M committed, 1088M reserved
[8.608s][info][gc,ref      ] GC(44) Soft: 34 encountered, 8 discovered, 0 enqueued
[8.608s][info][gc,ref      ] GC(44) Weak: 179 encountered, 27 discovered, 0 enqueued
[8.608s][info][gc,ref      ] GC(44) Final: 0 encountered, 0 discovered, 0 enqueued
[8.608s][info][gc,ref      ] GC(44) Phantom: 3 encountered, 2 discovered, 0 enqueued
[8.608s][info][gc,reloc    ] GC(44) Small Pages: 130 / 260M, Empty: 2M, Relocated: 89M, In-Place: 0
[8.608s][info][gc,reloc    ] GC(44) Medium Pages: 22 / 704M, Empty: 0M, Relocated: 247M, In-Place: 7
[8.608s][info][gc,reloc    ] GC(44) Large Pages: 0 / 0M, Empty: 0M, Relocated: 0M, In-Place: 0
[8.608s][info][gc,reloc    ] GC(44) Forwarding Usage: 0M
[8.608s][info][gc,heap     ] GC(44) Min Capacity: 1024M(100%)
[8.608s][info][gc,heap     ] GC(44) Max Capacity: 1024M(100%)
[8.608s][info][gc,heap     ] GC(44) Soft Max Capacity: 1024M(100%)
[8.608s][info][gc,heap     ] GC(44)                Mark Start          Mark End        Relocate Start      Relocate End           High               Low         
[8.608s][info][gc,heap     ] GC(44)  Capacity:     1024M (100%)       1024M (100%)       1024M (100%)       1024M (100%)       1024M (100%)       1024M (100%)   
[8.608s][info][gc,heap     ] GC(44)      Free:       28M (3%)           12M (1%)           14M (1%)           78M (8%)          180M (18%)           0M (0%)     
[8.608s][info][gc,heap     ] GC(44)      Used:      996M (97%)        1012M (99%)        1010M (99%)         946M (92%)        1024M (100%)        844M (82%)    
[8.608s][info][gc,heap     ] GC(44)      Live:         -               342M (33%)         342M (33%)         342M (33%)            -                  -          
[8.608s][info][gc,heap     ] GC(44) Allocated:         -                16M (2%)           16M (2%)          555M (54%)            -                  -          
[8.608s][info][gc,heap     ] GC(44)   Garbage:         -               653M (64%)         651M (64%)          47M (5%)             -                  -          
[8.608s][info][gc,heap     ] GC(44) Reclaimed:         -                  -                 2M (0%)          605M (59%)            -                  -          
[8.609s][info][gc          ] GC(44) Garbage Collection (Allocation Stall) 996M(97%)->946M(92%)
[8.615s][info][gc,start    ] GC(45) Garbage Collection (Allocation Stall)
[8.615s][info][gc,ref      ] GC(45) Clearing All SoftReferences
[8.615s][info][gc,task     ] GC(45) Using 3 workers
[8.617s][info][gc,phases   ] GC(45) Pause Mark Start 0.011ms
[8.617s][info][gc          ] Allocation Stall (pool-1-thread-1) 2.713ms
[8.636s][info][gc,phases   ] GC(45) Concurrent Mark 18.370ms
[8.636s][info][gc,phases   ] GC(45) Pause Mark End 0.017ms
[8.636s][info][gc,phases   ] GC(45) Concurrent Mark Free 0.001ms
[8.637s][info][gc,phases   ] GC(45) Concurrent Process Non-Strong References 0.760ms
[8.637s][info][gc,phases   ] GC(45) Concurrent Reset Relocation Set 0.013ms
[8.639s][info][gc,phases   ] GC(45) Concurrent Select Relocation Set 2.505ms
[8.639s][info][gc,phases   ] GC(45) Pause Relocate Start 0.012ms
[8.647s][info][gc          ] Allocation Stall (pool-1-thread-1) 18.082ms
[8.647s][info][gc          ] Allocation Stall (pool-1-thread-2) 16.005ms
[8.647s][info][gc          ] Allocation Stall (pool-1-thread-4) 15.591ms
[8.662s][info][gc          ] Allocation Stall (pool-1-thread-4) 2.072ms
[8.667s][info][gc          ] Allocation Stall (pool-1-thread-1) 6.499ms
[8.667s][info][gc          ] Allocation Stall (pool-1-thread-2) 7.163ms
[8.677s][info][gc          ] Allocation Stall (pool-1-thread-2) 2.182ms
[8.680s][info][gc          ] Allocation Stall (pool-1-thread-1) 5.262ms
[8.681s][info][gc          ] Allocation Stall (pool-1-thread-4) 6.090ms
[8.699s][info][gc          ] Allocation Stall (pool-1-thread-1) 2.480ms
[8.699s][info][gc          ] Allocation Stall (pool-1-thread-4) 1.758ms
[8.701s][info][gc          ] Allocation Stall (pool-1-thread-2) 3.040ms
[8.718s][info][gc          ] Allocation Stall (pool-1-thread-1) 19.262ms
[8.726s][info][gc          ] Allocation Stall (pool-1-thread-4) 26.532ms
[8.726s][info][gc          ] Allocation Stall (pool-1-thread-2) 9.815ms
[8.736s][info][gc          ] Allocation Stall (pool-1-thread-2) 2.670ms
[8.743s][info][gc          ] Allocation Stall (pool-1-thread-1) 9.694ms
[8.743s][info][gc          ] Allocation Stall (pool-1-thread-4) 9.996ms
[8.744s][info][gc          ] Relocation Stall (main) 104.043ms
[8.751s][info][gc          ] Relocation Stall (pool-1-thread-3) 104.013ms
[8.751s][info][gc          ] Allocation Stall (pool-1-thread-3) 136.297ms
[8.751s][info][gc          ] Allocation Stall (pool-1-thread-2) 3.280ms
[8.751s][info][gc          ] Allocation Stall (pool-1-thread-4) 2.977ms
[8.799s][info][gc          ] Allocation Stall (pool-1-thread-4) 3.415ms
[8.806s][info][gc          ] Allocation Stall (pool-1-thread-1) 9.923ms
[8.808s][info][gc,phases   ] GC(45) Concurrent Relocate 168.358ms
[8.808s][info][gc,load     ] GC(45) Load: 1.25/0.51/0.23
[8.808s][info][gc,mmu      ] GC(45) MMU: 2ms/97.9%, 5ms/99.1%, 10ms/99.5%, 20ms/99.7%, 50ms/99.8%, 100ms/99.9%
[8.808s][info][gc,marking  ] GC(45) Mark: 2 stripe(s), 7 proactive flush(es), 1 terminate flush(es), 0 completion(s), 0 continuation(s) 
[8.808s][info][gc,marking  ] GC(45) Mark Stack Usage: 32M
[8.808s][info][gc,nmethod  ] GC(45) NMethods: 437 registered, 0 unregistered
[8.808s][info][gc,metaspace] GC(45) Metaspace: 6M used, 6M committed, 1088M reserved
[8.808s][info][gc,ref      ] GC(45) Soft: 34 encountered, 12 discovered, 0 enqueued
[8.808s][info][gc,ref      ] GC(45) Weak: 179 encountered, 11 discovered, 0 enqueued
[8.808s][info][gc,ref      ] GC(45) Final: 0 encountered, 0 discovered, 0 enqueued
[8.808s][info][gc,ref      ] GC(45) Phantom: 3 encountered, 2 discovered, 0 enqueued
[8.808s][info][gc,reloc    ] GC(45) Small Pages: 141 / 282M, Empty: 0M, Relocated: 97M, In-Place: 3
[8.808s][info][gc,reloc    ] GC(45) Medium Pages: 22 / 704M, Empty: 0M, Relocated: 246M, In-Place: 6
[8.808s][info][gc,reloc    ] GC(45) Large Pages: 0 / 0M, Empty: 0M, Relocated: 0M, In-Place: 0
[8.808s][info][gc,reloc    ] GC(45) Forwarding Usage: 0M
[8.808s][info][gc,heap     ] GC(45) Min Capacity: 1024M(100%)
[8.808s][info][gc,heap     ] GC(45) Max Capacity: 1024M(100%)
[8.808s][info][gc,heap     ] GC(45) Soft Max Capacity: 1024M(100%)
[8.808s][info][gc,heap     ] GC(45)                Mark Start          Mark End        Relocate Start      Relocate End           High               Low         
[8.808s][info][gc,heap     ] GC(45)  Capacity:     1024M (100%)       1024M (100%)       1024M (100%)       1024M (100%)       1024M (100%)       1024M (100%)   
[8.808s][info][gc,heap     ] GC(45)      Free:        6M (1%)            0M (0%)            0M (0%)           50M (5%)          130M (13%)           0M (0%)     
[8.808s][info][gc,heap     ] GC(45)      Used:     1018M (99%)        1024M (100%)       1024M (100%)        974M (95%)        1024M (100%)        894M (87%)    
[8.808s][info][gc,heap     ] GC(45)      Live:         -               345M (34%)         345M (34%)         345M (34%)            -                  -          
[8.808s][info][gc,heap     ] GC(45) Allocated:         -                 6M (1%)            6M (1%)          581M (57%)            -                  -          
[8.808s][info][gc,heap     ] GC(45)   Garbage:         -               672M (66%)         672M (66%)          46M (5%)             -                  -          
[8.808s][info][gc,heap     ] GC(45) Reclaimed:         -                  -                 0M (0%)          625M (61%)            -                  -          
[8.808s][info][gc          ] GC(45) Garbage Collection (Allocation Stall) 1018M(99%)->974M(95%)
[8.826s][info][gc,start    ] GC(46) Garbage Collection (Allocation Stall)
[8.826s][info][gc,ref      ] GC(46) Clearing All SoftReferences
[8.826s][info][gc,task     ] GC(46) Using 3 workers
[8.827s][info][gc,phases   ] GC(46) Pause Mark Start 0.019ms
[8.834s][info][gc,phases   ] GC(46) Concurrent Mark 6.577ms
[8.834s][info][gc,phases   ] GC(46) Pause Mark End 0.011ms
[8.834s][info][gc,phases   ] GC(46) Concurrent Mark Free 0.001ms
[8.834s][info][gc,phases   ] GC(46) Concurrent Process Non-Strong References 0.668ms
[8.835s][info][gc,phases   ] GC(46) Concurrent Reset Relocation Set 0.010ms
[8.836s][info][gc,phases   ] GC(46) Concurrent Select Relocation Set 1.662ms
[8.836s][info][gc,phases   ] GC(46) Pause Relocate Start 0.007ms
[8.842s][info][gc          ] Allocation Stall (pool-1-thread-2) 16.345ms
[8.842s][info][gc          ] Allocation Stall (pool-1-thread-3) 16.734ms
[8.842s][info][gc          ] Allocation Stall (pool-1-thread-1) 15.444ms
[8.843s][info][gc          ] Allocation Stall (pool-1-thread-4) 15.753ms
[8.884s][info][gc          ] Allocation Stall (pool-1-thread-3) 3.205ms
[8.884s][info][gc          ] Allocation Stall (pool-1-thread-1) 3.214ms
[8.884s][info][gc          ] Allocation Stall (pool-1-thread-2) 3.654ms
[8.885s][info][gc          ] Allocation Stall (pool-1-thread-4) 4.072ms
[8.894s][info][gc          ] Allocation Stall (pool-1-thread-4) 2.292ms
[8.895s][info][gc          ] Allocation Stall (pool-1-thread-3) 3.554ms
[8.896s][info][gc          ] Allocation Stall (pool-1-thread-2) 3.769ms
[8.896s][info][gc          ] Allocation Stall (pool-1-thread-1) 3.716ms
[8.915s][info][gc          ] Allocation Stall (pool-1-thread-1) 1.400ms
[8.915s][info][gc          ] Allocation Stall (pool-1-thread-2) 3.339ms
[8.915s][info][gc          ] Allocation Stall (pool-1-thread-3) 3.823ms
[8.915s][info][gc          ] Allocation Stall (pool-1-thread-4) 6.434ms
[8.916s][info][gc          ] Allocation Stall (pool-1-thread-3) 0.314ms
[8.926s][info][gc          ] Allocation Stall (pool-1-thread-1) 10.126ms
[8.927s][info][gc          ] Allocation Stall (pool-1-thread-2) 10.491ms
[8.927s][info][gc          ] Allocation Stall (pool-1-thread-4) 10.626ms
[8.930s][info][gc          ] Allocation Stall (pool-1-thread-1) 0.422ms
[8.933s][info][gc          ] Allocation Stall (pool-1-thread-4) 3.932ms
[8.934s][info][gc          ] Allocation Stall (pool-1-thread-3) 4.929ms
[8.935s][info][gc          ] Allocation Stall (pool-1-thread-2) 5.132ms
[8.973s][info][gc          ] Allocation Stall (pool-1-thread-1) 3.984ms
[8.973s][info][gc          ] Allocation Stall (pool-1-thread-3) 4.108ms
[8.980s][info][gc,phases   ] GC(46) Concurrent Relocate 144.058ms
[8.981s][info][gc,load     ] GC(46) Load: 1.25/0.51/0.23
[8.981s][info][gc,mmu      ] GC(46) MMU: 2ms/97.9%, 5ms/99.1%, 10ms/99.5%, 20ms/99.7%, 50ms/99.8%, 100ms/99.9%
[8.981s][info][gc,marking  ] GC(46) Mark: 2 stripe(s), 2 proactive flush(es), 1 terminate flush(es), 0 completion(s), 0 continuation(s) 
[8.981s][info][gc,marking  ] GC(46) Mark Stack Usage: 32M
[8.981s][info][gc,nmethod  ] GC(46) NMethods: 437 registered, 0 unregistered
[8.981s][info][gc,metaspace] GC(46) Metaspace: 6M used, 6M committed, 1088M reserved
[8.981s][info][gc,ref      ] GC(46) Soft: 34 encountered, 18 discovered, 0 enqueued
[8.981s][info][gc,ref      ] GC(46) Weak: 179 encountered, 133 discovered, 0 enqueued
[8.981s][info][gc,ref      ] GC(46) Final: 0 encountered, 0 discovered, 0 enqueued
[8.981s][info][gc,ref      ] GC(46) Phantom: 3 encountered, 1 discovered, 0 enqueued
[8.981s][info][gc,reloc    ] GC(46) Small Pages: 150 / 300M, Empty: 2M, Relocated: 99M, In-Place: 0
[8.981s][info][gc,reloc    ] GC(46) Medium Pages: 22 / 704M, Empty: 0M, Relocated: 242M, In-Place: 2
[8.981s][info][gc,reloc    ] GC(46) Large Pages: 0 / 0M, Empty: 0M, Relocated: 0M, In-Place: 0
[8.981s][info][gc,reloc    ] GC(46) Forwarding Usage: 0M
[8.981s][info][gc,heap     ] GC(46) Min Capacity: 1024M(100%)
[8.981s][info][gc,heap     ] GC(46) Max Capacity: 1024M(100%)
[8.981s][info][gc,heap     ] GC(46) Soft Max Capacity: 1024M(100%)
[8.981s][info][gc,heap     ] GC(46)                Mark Start          Mark End        Relocate Start      Relocate End           High               Low         
[8.981s][info][gc,heap     ] GC(46)  Capacity:     1024M (100%)       1024M (100%)       1024M (100%)       1024M (100%)       1024M (100%)       1024M (100%)   
[8.981s][info][gc,heap     ] GC(46)      Free:       20M (2%)           20M (2%)           22M (2%)           82M (8%)          112M (11%)           0M (0%)     
[8.981s][info][gc,heap     ] GC(46)      Used:     1004M (98%)        1004M (98%)        1002M (98%)         942M (92%)        1024M (100%)        912M (89%)    
[8.981s][info][gc,heap     ] GC(46)      Live:         -               345M (34%)         345M (34%)         345M (34%)            -                  -          
[8.981s][info][gc,heap     ] GC(46) Allocated:         -                 0M (0%)            0M (0%)          575M (56%)            -                  -          
[8.981s][info][gc,heap     ] GC(46)   Garbage:         -               658M (64%)         656M (64%)          20M (2%)             -                  -          
[8.981s][info][gc,heap     ] GC(46) Reclaimed:         -                  -                 2M (0%)          637M (62%)            -                  -          
[8.981s][info][gc          ] GC(46) Garbage Collection (Allocation Stall) 1004M(98%)->942M(92%)
[8.992s][info][gc,start    ] GC(47) Garbage Collection (Allocation Stall)
[8.992s][info][gc,ref      ] GC(47) Clearing All SoftReferences
[8.992s][info][gc,task     ] GC(47) Using 3 workers
[8.992s][info][gc,phases   ] GC(47) Pause Mark Start 0.013ms
[8.998s][info][gc,phases   ] GC(47) Concurrent Mark 5.593ms
[8.998s][info][gc,phases   ] GC(47) Pause Mark End 0.011ms
[8.998s][info][gc,phases   ] GC(47) Concurrent Mark Free 0.001ms
[8.999s][info][gc,phases   ] GC(47) Concurrent Process Non-Strong References 0.637ms
[8.999s][info][gc,phases   ] GC(47) Concurrent Reset Relocation Set 0.008ms
[9.000s][info][gc,phases   ] GC(47) Concurrent Select Relocation Set 1.484ms
[9.000s][info][gc,phases   ] GC(47) Pause Relocate Start 0.006ms
[9.005s][info][gc          ] Allocation Stall (pool-1-thread-2) 13.314ms
[9.005s][info][gc          ] Allocation Stall (pool-1-thread-4) 13.331ms
[9.005s][info][gc          ] Allocation Stall (pool-1-thread-1) 13.359ms
[9.005s][info][gc          ] Allocation Stall (pool-1-thread-3) 13.743ms
[9.025s][info][gc          ] Allocation Stall (pool-1-thread-3) 2.437ms
[9.032s][info][gc          ] Allocation Stall (pool-1-thread-3) 0.542ms
[9.039s][info][gc          ] Allocation Stall (pool-1-thread-4) 6.904ms
[9.039s][info][gc          ] Allocation Stall (pool-1-thread-2) 7.494ms
[9.040s][info][gc          ] Allocation Stall (pool-1-thread-1) 7.725ms
[9.057s][info][gc          ] Allocation Stall (pool-1-thread-2) 4.727ms
[9.059s][info][gc          ] Allocation Stall (pool-1-thread-4) 5.955ms
[9.059s][info][gc          ] Allocation Stall (pool-1-thread-1) 6.263ms
[9.059s][info][gc          ] Allocation Stall (pool-1-thread-3) 6.485ms
[9.072s][info][gc          ] Allocation Stall (pool-1-thread-1) 4.790ms
[9.075s][info][gc          ] Allocation Stall (pool-1-thread-4) 7.325ms
[9.075s][info][gc          ] Allocation Stall (pool-1-thread-3) 7.752ms
[9.077s][info][gc          ] Allocation Stall (pool-1-thread-2) 9.074ms
[9.087s][info][gc          ] Allocation Stall (pool-1-thread-3) 4.222ms
[9.088s][info][gc          ] Allocation Stall (pool-1-thread-1) 4.832ms
[9.088s][info][gc          ] Allocation Stall (pool-1-thread-4) 5.033ms
[9.088s][info][gc          ] Allocation Stall (pool-1-thread-2) 5.182ms
[9.097s][info][gc          ] Allocation Stall (pool-1-thread-3) 1.309ms
[9.101s][info][gc          ] Allocation Stall (pool-1-thread-1) 5.029ms
[9.103s][info][gc          ] Allocation Stall (pool-1-thread-2) 7.019ms
[9.104s][info][gc          ] Allocation Stall (pool-1-thread-4) 7.272ms
[9.108s][info][gc          ] Allocation Stall (pool-1-thread-3) 6.307ms
[9.149s][info][gc,phases   ] GC(47) Concurrent Relocate 148.294ms
[9.149s][info][gc,load     ] GC(47) Load: 1.25/0.51/0.23
[9.149s][info][gc,mmu      ] GC(47) MMU: 2ms/97.9%, 5ms/99.1%, 10ms/99.5%, 20ms/99.7%, 50ms/99.8%, 100ms/99.9%
[9.149s][info][gc,marking  ] GC(47) Mark: 2 stripe(s), 3 proactive flush(es), 1 terminate flush(es), 0 completion(s), 0 continuation(s) 
[9.149s][info][gc,marking  ] GC(47) Mark Stack Usage: 32M
[9.149s][info][gc,nmethod  ] GC(47) NMethods: 437 registered, 0 unregistered
[9.149s][info][gc,metaspace] GC(47) Metaspace: 6M used, 6M committed, 1088M reserved
[9.149s][info][gc,ref      ] GC(47) Soft: 34 encountered, 11 discovered, 0 enqueued
[9.149s][info][gc,ref      ] GC(47) Weak: 179 encountered, 81 discovered, 0 enqueued
[9.149s][info][gc,ref      ] GC(47) Final: 0 encountered, 0 discovered, 0 enqueued
[9.149s][info][gc,ref      ] GC(47) Phantom: 3 encountered, 2 discovered, 0 enqueued
[9.149s][info][gc,reloc    ] GC(47) Small Pages: 148 / 296M, Empty: 2M, Relocated: 96M, In-Place: 0
[9.149s][info][gc,reloc    ] GC(47) Medium Pages: 22 / 704M, Empty: 0M, Relocated: 250M, In-Place: 4
[9.149s][info][gc,reloc    ] GC(47) Large Pages: 0 / 0M, Empty: 0M, Relocated: 0M, In-Place: 0
[9.149s][info][gc,reloc    ] GC(47) Forwarding Usage: 0M
[9.149s][info][gc,heap     ] GC(47) Min Capacity: 1024M(100%)
[9.149s][info][gc,heap     ] GC(47) Max Capacity: 1024M(100%)
[9.149s][info][gc,heap     ] GC(47) Soft Max Capacity: 1024M(100%)
[9.149s][info][gc,heap     ] GC(47)                Mark Start          Mark End        Relocate Start      Relocate End           High               Low         
[9.149s][info][gc,heap     ] GC(47)  Capacity:     1024M (100%)       1024M (100%)       1024M (100%)       1024M (100%)       1024M (100%)       1024M (100%)   
[9.149s][info][gc,heap     ] GC(47)      Free:       24M (2%)           24M (2%)           26M (3%)          118M (12%)         118M (12%)           0M (0%)     
[9.149s][info][gc,heap     ] GC(47)      Used:     1000M (98%)        1000M (98%)         998M (97%)         906M (88%)        1024M (100%)        906M (88%)    
[9.149s][info][gc,heap     ] GC(47)      Live:         -               350M (34%)         350M (34%)         350M (34%)            -                  -          
[9.149s][info][gc,heap     ] GC(47) Allocated:         -                 0M (0%)            0M (0%)          541M (53%)            -                  -          
[9.149s][info][gc,heap     ] GC(47)   Garbage:         -               649M (63%)         647M (63%)          13M (1%)             -                  -          
[9.149s][info][gc,heap     ] GC(47) Reclaimed:         -                  -                 2M (0%)          635M (62%)            -                  -          
[9.149s][info][gc          ] GC(47) Garbage Collection (Allocation Stall) 1000M(98%)->906M(88%)
[9.154s][info][gc,start    ] GC(48) Garbage Collection (Allocation Stall)
[9.154s][info][gc,ref      ] GC(48) Clearing All SoftReferences
[9.154s][info][gc,task     ] GC(48) Using 3 workers
[9.156s][info][gc,phases   ] GC(48) Pause Mark Start 0.009ms
[9.157s][info][gc          ] Allocation Stall (pool-1-thread-4) 2.565ms
[9.167s][info][gc,phases   ] GC(48) Concurrent Mark 10.076ms
[9.167s][info][gc,phases   ] GC(48) Pause Mark End 0.011ms
[9.167s][info][gc,phases   ] GC(48) Concurrent Mark Free 0.001ms
[9.167s][info][gc,phases   ] GC(48) Concurrent Process Non-Strong References 0.514ms
[9.167s][info][gc,phases   ] GC(48) Concurrent Reset Relocation Set 0.007ms
[9.169s][info][gc,phases   ] GC(48) Concurrent Select Relocation Set 1.275ms
[9.169s][info][gc,phases   ] GC(48) Pause Relocate Start 0.005ms
[9.172s][info][gc          ] Allocation Stall (pool-1-thread-3) 8.121ms
[9.172s][info][gc          ] Allocation Stall (pool-1-thread-4) 8.027ms
[9.172s][info][gc          ] Allocation Stall (pool-1-thread-1) 8.059ms
[9.172s][info][gc          ] Allocation Stall (pool-1-thread-2) 13.947ms
[9.187s][info][gc          ] Allocation Stall (pool-1-thread-2) 0.831ms
[9.190s][info][gc          ] Allocation Stall (pool-1-thread-1) 3.331ms
[9.190s][info][gc          ] Allocation Stall (pool-1-thread-4) 3.475ms
[9.190s][info][gc          ] Allocation Stall (pool-1-thread-3) 3.526ms
[9.206s][info][gc          ] Allocation Stall (pool-1-thread-4) 2.147ms
[9.209s][info][gc          ] Allocation Stall (pool-1-thread-2) 4.955ms
[9.209s][info][gc          ] Allocation Stall (pool-1-thread-3) 5.253ms
[9.209s][info][gc          ] Allocation Stall (pool-1-thread-1) 5.357ms
[9.220s][info][gc          ] Allocation Stall (pool-1-thread-4) 1.886ms
[9.220s][info][gc          ] Allocation Stall (pool-1-thread-1) 0.429ms
[9.220s][info][gc          ] Allocation Stall (pool-1-thread-2) 0.262ms
[9.228s][info][gc          ] Allocation Stall (pool-1-thread-2) 3.266ms
[9.231s][info][gc          ] Allocation Stall (pool-1-thread-4) 6.287ms
[9.232s][info][gc          ] Allocation Stall (pool-1-thread-3) 6.543ms
[9.232s][info][gc          ] Allocation Stall (pool-1-thread-1) 6.790ms
[9.240s][info][gc          ] Allocation Stall (pool-1-thread-3) 2.058ms
[9.240s][info][gc          ] Allocation Stall (pool-1-thread-2) 2.213ms
[9.240s][info][gc          ] Allocation Stall (pool-1-thread-4) 2.260ms
[9.240s][info][gc          ] Allocation Stall (pool-1-thread-1) 2.409ms
[9.259s][info][gc          ] Relocation Stall (main) 90.321ms
[9.261s][info][gc          ] Allocation Stall (pool-1-thread-3) 13.559ms
[9.262s][info][gc          ] Allocation Stall (pool-1-thread-2) 14.719ms
[9.263s][info][gc          ] Allocation Stall (pool-1-thread-4) 8.103ms
[9.263s][info][gc          ] Allocation Stall (pool-1-thread-1) 8.253ms
[9.292s][info][gc          ] Allocation Stall (pool-1-thread-4) 3.915ms
[9.292s][info][gc          ] Allocation Stall (pool-1-thread-2) 4.076ms
[9.297s][info][gc,phases   ] GC(48) Concurrent Relocate 128.253ms
[9.297s][info][gc,load     ] GC(48) Load: 1.25/0.51/0.23
[9.297s][info][gc,mmu      ] GC(48) MMU: 2ms/97.9%, 5ms/99.1%, 10ms/99.5%, 20ms/99.7%, 50ms/99.8%, 100ms/99.9%
[9.297s][info][gc,marking  ] GC(48) Mark: 2 stripe(s), 2 proactive flush(es), 1 terminate flush(es), 0 completion(s), 0 continuation(s) 
[9.297s][info][gc,marking  ] GC(48) Mark Stack Usage: 32M
[9.297s][info][gc,nmethod  ] GC(48) NMethods: 437 registered, 0 unregistered
[9.297s][info][gc,metaspace] GC(48) Metaspace: 6M used, 6M committed, 1088M reserved
[9.297s][info][gc,ref      ] GC(48) Soft: 34 encountered, 10 discovered, 0 enqueued
[9.297s][info][gc,ref      ] GC(48) Weak: 179 encountered, 29 discovered, 0 enqueued
[9.297s][info][gc,ref      ] GC(48) Final: 0 encountered, 0 discovered, 0 enqueued
[9.297s][info][gc,ref      ] GC(48) Phantom: 3 encountered, 2 discovered, 0 enqueued
[9.297s][info][gc,reloc    ] GC(48) Small Pages: 141 / 282M, Empty: 0M, Relocated: 95M, In-Place: 0
[9.297s][info][gc,reloc    ] GC(48) Medium Pages: 22 / 704M, Empty: 0M, Relocated: 245M, In-Place: 5
[9.297s][info][gc,reloc    ] GC(48) Large Pages: 0 / 0M, Empty: 0M, Relocated: 0M, In-Place: 0
[9.297s][info][gc,reloc    ] GC(48) Forwarding Usage: 0M
[9.297s][info][gc,heap     ] GC(48) Min Capacity: 1024M(100%)
[9.297s][info][gc,heap     ] GC(48) Max Capacity: 1024M(100%)
[9.297s][info][gc,heap     ] GC(48) Soft Max Capacity: 1024M(100%)
[9.297s][info][gc,heap     ] GC(48)                Mark Start          Mark End        Relocate Start      Relocate End           High               Low         
[9.297s][info][gc,heap     ] GC(48)  Capacity:     1024M (100%)       1024M (100%)       1024M (100%)       1024M (100%)       1024M (100%)       1024M (100%)   
[9.297s][info][gc,heap     ] GC(48)      Free:        6M (1%)            0M (0%)            0M (0%)           82M (8%)           94M (9%)            0M (0%)     
[9.297s][info][gc,heap     ] GC(48)      Used:     1018M (99%)        1024M (100%)       1024M (100%)        942M (92%)        1024M (100%)        930M (91%)    
[9.297s][info][gc,heap     ] GC(48)      Live:         -               343M (34%)         343M (34%)         343M (34%)            -                  -          
[9.297s][info][gc,heap     ] GC(48) Allocated:         -                 6M (1%)            6M (1%)          549M (54%)            -                  -          
[9.297s][info][gc,heap     ] GC(48)   Garbage:         -               674M (66%)         674M (66%)          48M (5%)             -                  -          
[9.297s][info][gc,heap     ] GC(48) Reclaimed:         -                  -                 0M (0%)          625M (61%)            -                  -          
[9.297s][info][gc          ] GC(48) Garbage Collection (Allocation Stall) 1018M(99%)->942M(92%)
[9.306s][info][gc,start    ] GC(49) Garbage Collection (Allocation Stall)
[9.306s][info][gc,ref      ] GC(49) Clearing All SoftReferences
[9.306s][info][gc,task     ] GC(49) Using 3 workers
[9.306s][info][gc,phases   ] GC(49) Pause Mark Start 0.010ms
[9.311s][info][gc,phases   ] GC(49) Concurrent Mark 5.180ms
[9.311s][info][gc,phases   ] GC(49) Pause Mark End 0.006ms
[9.311s][info][gc,phases   ] GC(49) Concurrent Mark Free 0.001ms
[9.312s][info][gc,phases   ] GC(49) Concurrent Process Non-Strong References 0.509ms
[9.312s][info][gc,phases   ] GC(49) Concurrent Reset Relocation Set 0.006ms
[9.313s][info][gc,phases   ] GC(49) Concurrent Select Relocation Set 1.344ms
[9.314s][info][gc,phases   ] GC(49) Pause Relocate Start 0.004ms
[9.318s][info][gc          ] Allocation Stall (pool-1-thread-2) 12.605ms
[9.318s][info][gc          ] Allocation Stall (pool-1-thread-4) 12.633ms
[9.319s][info][gc          ] Allocation Stall (pool-1-thread-1) 12.895ms
[9.319s][info][gc          ] Allocation Stall (pool-1-thread-3) 13.227ms
[9.331s][info][gc          ] Allocation Stall (pool-1-thread-1) 2.242ms
[9.344s][info][gc          ] Allocation Stall (pool-1-thread-4) 1.171ms
[9.346s][info][gc          ] Allocation Stall (pool-1-thread-3) 2.742ms
[9.346s][info][gc          ] Allocation Stall (pool-1-thread-1) 2.816ms
[9.346s][info][gc          ] Allocation Stall (pool-1-thread-2) 3.016ms
[9.357s][info][gc          ] Allocation Stall (pool-1-thread-2) 0.514ms
[9.357s][info][gc          ] Allocation Stall (pool-1-thread-4) 2.306ms
[9.357s][info][gc          ] Allocation Stall (pool-1-thread-3) 3.034ms
[9.357s][info][gc          ] Allocation Stall (pool-1-thread-1) 2.722ms
[9.365s][info][gc          ] Allocation Stall (pool-1-thread-2) 2.275ms
[9.368s][info][gc          ] Allocation Stall (pool-1-thread-3) 4.353ms
[9.368s][info][gc          ] Allocation Stall (pool-1-thread-1) 4.595ms
[9.368s][info][gc          ] Allocation Stall (pool-1-thread-4) 4.899ms
[9.376s][info][gc          ] Allocation Stall (pool-1-thread-2) 1.269ms
[9.381s][info][gc          ] Allocation Stall (pool-1-thread-4) 5.939ms
[9.381s][info][gc          ] Allocation Stall (pool-1-thread-1) 6.325ms
[9.381s][info][gc          ] Allocation Stall (pool-1-thread-3) 6.280ms
[9.400s][info][gc          ] Allocation Stall (pool-1-thread-2) 7.706ms
[9.402s][info][gc          ] Allocation Stall (pool-1-thread-4) 10.082ms
[9.403s][info][gc          ] Allocation Stall (pool-1-thread-3) 10.431ms
[9.403s][info][gc          ] Allocation Stall (pool-1-thread-1) 10.505ms
[9.419s][info][gc          ] Allocation Stall (pool-1-thread-3) 0.335ms
[9.419s][info][gc          ] Allocation Stall (pool-1-thread-2) 0.563ms
[9.421s][info][gc          ] Allocation Stall (pool-1-thread-1) 2.912ms
[9.452s][info][gc,phases   ] GC(49) Concurrent Relocate 138.248ms
[9.452s][info][gc,load     ] GC(49) Load: 1.25/0.51/0.23
[9.452s][info][gc,mmu      ] GC(49) MMU: 2ms/97.9%, 5ms/99.1%, 10ms/99.5%, 20ms/99.7%, 50ms/99.8%, 100ms/99.9%
[9.452s][info][gc,marking  ] GC(49) Mark: 2 stripe(s), 2 proactive flush(es), 1 terminate flush(es), 0 completion(s), 0 continuation(s) 
[9.452s][info][gc,marking  ] GC(49) Mark Stack Usage: 32M
[9.452s][info][gc,nmethod  ] GC(49) NMethods: 437 registered, 0 unregistered
[9.452s][info][gc,metaspace] GC(49) Metaspace: 6M used, 6M committed, 1088M reserved
[9.452s][info][gc,ref      ] GC(49) Soft: 34 encountered, 19 discovered, 0 enqueued
[9.452s][info][gc,ref      ] GC(49) Weak: 179 encountered, 0 discovered, 0 enqueued
[9.452s][info][gc,ref      ] GC(49) Final: 0 encountered, 0 discovered, 0 enqueued
[9.452s][info][gc,ref      ] GC(49) Phantom: 3 encountered, 1 discovered, 0 enqueued
[9.452s][info][gc,reloc    ] GC(49) Small Pages: 148 / 296M, Empty: 0M, Relocated: 95M, In-Place: 0
[9.452s][info][gc,reloc    ] GC(49) Medium Pages: 22 / 704M, Empty: 0M, Relocated: 250M, In-Place: 4
[9.452s][info][gc,reloc    ] GC(49) Large Pages: 0 / 0M, Empty: 0M, Relocated: 0M, In-Place: 0
[9.452s][info][gc,reloc    ] GC(49) Forwarding Usage: 0M
[9.452s][info][gc,heap     ] GC(49) Min Capacity: 1024M(100%)
[9.452s][info][gc,heap     ] GC(49) Max Capacity: 1024M(100%)
[9.452s][info][gc,heap     ] GC(49) Soft Max Capacity: 1024M(100%)
[9.452s][info][gc,heap     ] GC(49)                Mark Start          Mark End        Relocate Start      Relocate End           High               Low         
[9.452s][info][gc,heap     ] GC(49)  Capacity:     1024M (100%)       1024M (100%)       1024M (100%)       1024M (100%)       1024M (100%)       1024M (100%)   
[9.452s][info][gc,heap     ] GC(49)      Free:       24M (2%)           24M (2%)           24M (2%)           76M (7%)           96M (9%)            0M (0%)     
[9.452s][info][gc,heap     ] GC(49)      Used:     1000M (98%)        1000M (98%)        1000M (98%)         948M (93%)        1024M (100%)        928M (91%)    
[9.452s][info][gc,heap     ] GC(49)      Live:         -               350M (34%)         350M (34%)         350M (34%)            -                  -          
[9.452s][info][gc,heap     ] GC(49) Allocated:         -                 0M (0%)            0M (0%)          585M (57%)            -                  -          
[9.452s][info][gc,heap     ] GC(49)   Garbage:         -               649M (63%)         649M (63%)          11M (1%)             -                  -          
[9.452s][info][gc,heap     ] GC(49) Reclaimed:         -                  -                 0M (0%)          637M (62%)            -                  -          
[9.452s][info][gc          ] GC(49) Garbage Collection (Allocation Stall) 1000M(98%)->948M(93%)
[9.453s][info][gc,start    ] GC(50) Garbage Collection (Allocation Stall)
[9.453s][info][gc,ref      ] GC(50) Clearing All SoftReferences
[9.453s][info][gc,task     ] GC(50) Using 3 workers
[9.458s][info][gc,phases   ] GC(50) Pause Mark Start 0.010ms
[9.458s][info][gc          ] Allocation Stall (pool-1-thread-1) 4.584ms
[9.465s][info][gc,phases   ] GC(50) Concurrent Mark 7.518ms
[9.466s][info][gc,phases   ] GC(50) Pause Mark End 0.010ms
[9.466s][info][gc,phases   ] GC(50) Concurrent Mark Free 0.001ms
[9.466s][info][gc,phases   ] GC(50) Concurrent Process Non-Strong References 0.496ms
[9.466s][info][gc,phases   ] GC(50) Concurrent Reset Relocation Set 0.009ms
[9.467s][info][gc,phases   ] GC(50) Concurrent Select Relocation Set 1.268ms
[9.468s][info][gc,phases   ] GC(50) Pause Relocate Start 0.004ms
[9.471s][info][gc          ] Allocation Stall (pool-1-thread-2) 12.693ms
[9.471s][info][gc          ] Allocation Stall (pool-1-thread-1) 9.385ms
[9.471s][info][gc          ] Allocation Stall (pool-1-thread-3) 9.214ms
[9.471s][info][gc          ] Allocation Stall (pool-1-thread-4) 7.663ms
[9.482s][info][gc          ] Allocation Stall (pool-1-thread-2) 0.984ms
[9.489s][info][gc          ] Allocation Stall (pool-1-thread-1) 7.952ms
[9.489s][info][gc          ] Allocation Stall (pool-1-thread-4) 8.125ms
[9.490s][info][gc          ] Allocation Stall (pool-1-thread-3) 8.250ms
[9.495s][info][gc          ] Allocation Stall (pool-1-thread-2) 0.585ms
[9.495s][info][gc          ] Allocation Stall (pool-1-thread-3) 0.592ms
[9.495s][info][gc          ] Allocation Stall (pool-1-thread-1) 0.914ms
[9.502s][info][gc          ] Allocation Stall (pool-1-thread-4) 7.698ms
[9.503s][info][gc          ] Allocation Stall (pool-1-thread-2) 7.736ms
[9.515s][info][gc          ] Allocation Stall (pool-1-thread-3) 8.551ms
[9.518s][info][gc          ] Allocation Stall (pool-1-thread-1) 3.927ms
[9.518s][info][gc          ] Allocation Stall (pool-1-thread-4) 4.184ms
[9.519s][info][gc          ] Allocation Stall (pool-1-thread-2) 4.258ms
[9.519s][info][gc          ] Allocation Stall (pool-1-thread-3) 0.660ms
[9.528s][info][gc          ] Allocation Stall (pool-1-thread-4) 4.171ms
[9.533s][info][gc          ] Allocation Stall (pool-1-thread-2) 9.469ms
[9.533s][info][gc          ] Allocation Stall (pool-1-thread-3) 9.685ms
[9.534s][info][gc          ] Allocation Stall (pool-1-thread-1) 9.837ms
[9.545s][info][gc          ] Allocation Stall (pool-1-thread-1) 3.748ms
[9.545s][info][gc          ] Allocation Stall (pool-1-thread-3) 3.277ms
[9.545s][info][gc          ] Allocation Stall (pool-1-thread-2) 3.791ms
[9.546s][info][gc          ] Allocation Stall (pool-1-thread-4) 3.689ms
[9.559s][info][gc          ] Relocation Stall (main) 91.290ms
[9.560s][info][gc          ] Allocation Stall (pool-1-thread-4) 4.130ms
[9.562s][info][gc          ] Allocation Stall (pool-1-thread-1) 5.141ms
[9.563s][info][gc          ] Allocation Stall (pool-1-thread-3) 6.472ms
[9.563s][info][gc          ] Allocation Stall (pool-1-thread-2) 6.665ms
[9.593s][info][gc          ] Allocation Stall (pool-1-thread-3) 2.043ms
[9.593s][info][gc          ] Allocation Stall (pool-1-thread-1) 2.268ms
[9.599s][info][gc,phases   ] GC(50) Concurrent Relocate 131.170ms
[9.599s][info][gc,load     ] GC(50) Load: 1.25/0.51/0.23
[9.599s][info][gc,mmu      ] GC(50) MMU: 2ms/97.9%, 5ms/99.1%, 10ms/99.5%, 20ms/99.7%, 50ms/99.8%, 100ms/99.9%
[9.599s][info][gc,marking  ] GC(50) Mark: 2 stripe(s), 3 proactive flush(es), 1 terminate flush(es), 0 completion(s), 0 continuation(s) 
[9.599s][info][gc,marking  ] GC(50) Mark Stack Usage: 32M
[9.599s][info][gc,nmethod  ] GC(50) NMethods: 437 registered, 0 unregistered
[9.599s][info][gc,metaspace] GC(50) Metaspace: 6M used, 6M committed, 1088M reserved
[9.599s][info][gc,ref      ] GC(50) Soft: 34 encountered, 13 discovered, 0 enqueued
[9.599s][info][gc,ref      ] GC(50) Weak: 179 encountered, 15 discovered, 0 enqueued
[9.599s][info][gc,ref      ] GC(50) Final: 0 encountered, 0 discovered, 0 enqueued
[9.599s][info][gc,ref      ] GC(50) Phantom: 3 encountered, 0 discovered, 0 enqueued
[9.599s][info][gc,reloc    ] GC(50) Small Pages: 139 / 278M, Empty: 0M, Relocated: 94M, In-Place: 0
[9.599s][info][gc,reloc    ] GC(50) Medium Pages: 22 / 704M, Empty: 0M, Relocated: 246M, In-Place: 6
[9.599s][info][gc,reloc    ] GC(50) Large Pages: 0 / 0M, Empty: 0M, Relocated: 0M, In-Place: 0
[9.599s][info][gc,reloc    ] GC(50) Forwarding Usage: 0M
[9.599s][info][gc,heap     ] GC(50) Min Capacity: 1024M(100%)
[9.599s][info][gc,heap     ] GC(50) Max Capacity: 1024M(100%)
[9.599s][info][gc,heap     ] GC(50) Soft Max Capacity: 1024M(100%)
[9.599s][info][gc,heap     ] GC(50)                Mark Start          Mark End        Relocate Start      Relocate End           High               Low         
[9.599s][info][gc,heap     ] GC(50)  Capacity:     1024M (100%)       1024M (100%)       1024M (100%)       1024M (100%)       1024M (100%)       1024M (100%)   
[9.599s][info][gc,heap     ] GC(50)      Free:       10M (1%)            0M (0%)            0M (0%)           76M (7%)          104M (10%)           0M (0%)     
[9.599s][info][gc,heap     ] GC(50)      Used:     1014M (99%)        1024M (100%)       1024M (100%)        948M (93%)        1024M (100%)        920M (90%)    
[9.599s][info][gc,heap     ] GC(50)      Live:         -               341M (33%)         341M (33%)         341M (33%)            -                  -          
[9.599s][info][gc,heap     ] GC(50) Allocated:         -                10M (1%)           10M (1%)          557M (54%)            -                  -          
[9.599s][info][gc,heap     ] GC(50)   Garbage:         -               672M (66%)         672M (66%)          48M (5%)             -                  -          
[9.599s][info][gc,heap     ] GC(50) Reclaimed:         -                  -                 0M (0%)          623M (61%)            -                  -          
[9.599s][info][gc          ] GC(50) Garbage Collection (Allocation Stall) 1014M(99%)->948M(93%)
[9.615s][info][gc,start    ] GC(51) Garbage Collection (Allocation Stall)
[9.615s][info][gc,ref      ] GC(51) Clearing All SoftReferences
[9.615s][info][gc,task     ] GC(51) Using 3 workers
[9.615s][info][gc,phases   ] GC(51) Pause Mark Start 0.018ms
[9.623s][info][gc,phases   ] GC(51) Concurrent Mark 7.575ms
[9.623s][info][gc,phases   ] GC(51) Pause Mark End 0.023ms
[9.623s][info][gc,phases   ] GC(51) Concurrent Mark Free 0.001ms
[9.624s][info][gc,phases   ] GC(51) Concurrent Process Non-Strong References 0.668ms
[9.624s][info][gc,phases   ] GC(51) Concurrent Reset Relocation Set 0.009ms
[9.626s][info][gc,phases   ] GC(51) Concurrent Select Relocation Set 2.367ms
[9.626s][info][gc,phases   ] GC(51) Pause Relocate Start 0.008ms
[9.632s][info][gc          ] Allocation Stall (pool-1-thread-2) 17.150ms
[9.632s][info][gc          ] Allocation Stall (pool-1-thread-1) 17.132ms
[9.632s][info][gc          ] Allocation Stall (pool-1-thread-4) 17.480ms
[9.632s][info][gc          ] Allocation Stall (pool-1-thread-3) 17.538ms
[9.649s][info][gc          ] Allocation Stall (pool-1-thread-4) 2.110ms
[9.655s][info][gc          ] Allocation Stall (pool-1-thread-3) 8.180ms
[9.655s][info][gc          ] Allocation Stall (pool-1-thread-2) 8.581ms
[9.656s][info][gc          ] Allocation Stall (pool-1-thread-1) 8.851ms
[9.668s][info][gc          ] Allocation Stall (pool-1-thread-2) 1.477ms
[9.668s][info][gc          ] Allocation Stall (pool-1-thread-1) 4.063ms
[9.668s][info][gc          ] Allocation Stall (pool-1-thread-3) 4.064ms
[9.668s][info][gc          ] Allocation Stall (pool-1-thread-4) 3.914ms
[9.680s][info][gc          ] Allocation Stall (pool-1-thread-2) 3.947ms
[9.683s][info][gc          ] Allocation Stall (pool-1-thread-3) 6.163ms
[9.683s][info][gc          ] Allocation Stall (pool-1-thread-1) 6.514ms
[9.683s][info][gc          ] Allocation Stall (pool-1-thread-4) 6.568ms
[9.696s][info][gc          ] Allocation Stall (pool-1-thread-4) 0.646ms
[9.696s][info][gc          ] Allocation Stall (pool-1-thread-1) 3.883ms
[9.696s][info][gc          ] Allocation Stall (pool-1-thread-2) 3.565ms
[9.696s][info][gc          ] Allocation Stall (pool-1-thread-3) 3.192ms
[9.702s][info][gc          ] Allocation Stall (pool-1-thread-2) 1.324ms
[9.712s][info][gc          ] Allocation Stall (pool-1-thread-4) 11.023ms
[9.712s][info][gc          ] Allocation Stall (pool-1-thread-1) 11.734ms
[9.713s][info][gc          ] Allocation Stall (pool-1-thread-3) 11.900ms
[9.742s][info][gc          ] Allocation Stall (pool-1-thread-3) 1.026ms
[9.745s][info][gc          ] Allocation Stall (pool-1-thread-2) 3.947ms
[9.755s][info][gc,phases   ] GC(51) Concurrent Relocate 129.037ms
[9.756s][info][gc,load     ] GC(51) Load: 1.25/0.51/0.23
[9.756s][info][gc,mmu      ] GC(51) MMU: 2ms/97.9%, 5ms/99.1%, 10ms/99.5%, 20ms/99.7%, 50ms/99.8%, 100ms/99.9%
[9.756s][info][gc,marking  ] GC(51) Mark: 2 stripe(s), 2 proactive flush(es), 1 terminate flush(es), 0 completion(s), 0 continuation(s) 
[9.756s][info][gc,marking  ] GC(51) Mark Stack Usage: 32M
[9.756s][info][gc,nmethod  ] GC(51) NMethods: 437 registered, 0 unregistered
[9.756s][info][gc,metaspace] GC(51) Metaspace: 6M used, 6M committed, 1088M reserved
[9.756s][info][gc,ref      ] GC(51) Soft: 34 encountered, 3 discovered, 0 enqueued
[9.756s][info][gc,ref      ] GC(51) Weak: 179 encountered, 31 discovered, 0 enqueued
[9.756s][info][gc,ref      ] GC(51) Final: 0 encountered, 0 discovered, 0 enqueued
[9.756s][info][gc,ref      ] GC(51) Phantom: 3 encountered, 2 discovered, 0 enqueued
[9.756s][info][gc,reloc    ] GC(51) Small Pages: 151 / 302M, Empty: 0M, Relocated: 99M, In-Place: 0
[9.756s][info][gc,reloc    ] GC(51) Medium Pages: 22 / 704M, Empty: 0M, Relocated: 251M, In-Place: 6
[9.756s][info][gc,reloc    ] GC(51) Large Pages: 0 / 0M, Empty: 0M, Relocated: 0M, In-Place: 0
[9.756s][info][gc,reloc    ] GC(51) Forwarding Usage: 0M
[9.756s][info][gc,heap     ] GC(51) Min Capacity: 1024M(100%)
[9.756s][info][gc,heap     ] GC(51) Max Capacity: 1024M(100%)
[9.756s][info][gc,heap     ] GC(51) Soft Max Capacity: 1024M(100%)
[9.756s][info][gc,heap     ] GC(51)                Mark Start          Mark End        Relocate Start      Relocate End           High               Low         
[9.756s][info][gc,heap     ] GC(51)  Capacity:     1024M (100%)       1024M (100%)       1024M (100%)       1024M (100%)       1024M (100%)       1024M (100%)   
[9.756s][info][gc,heap     ] GC(51)      Free:       18M (2%)           18M (2%)           18M (2%)          132M (13%)         132M (13%)           0M (0%)     
[9.756s][info][gc,heap     ] GC(51)      Used:     1006M (98%)        1006M (98%)        1006M (98%)         892M (87%)        1024M (100%)        892M (87%)    
[9.756s][info][gc,heap     ] GC(51)      Live:         -               350M (34%)         350M (34%)         350M (34%)            -                  -          
[9.756s][info][gc,heap     ] GC(51) Allocated:         -                 0M (0%)            0M (0%)          531M (52%)            -                  -          
[9.756s][info][gc,heap     ] GC(51)   Garbage:         -               655M (64%)         655M (64%)           9M (1%)             -                  -          
[9.756s][info][gc,heap     ] GC(51) Reclaimed:         -                  -                 0M (0%)          645M (63%)            -                  -          
[9.756s][info][gc          ] GC(51) Garbage Collection (Allocation Stall) 1006M(98%)->892M(87%)
[9.764s][info][gc,start    ] GC(52) Garbage Collection (Allocation Stall)
[9.765s][info][gc,ref      ] GC(52) Clearing All SoftReferences
[9.765s][info][gc,task     ] GC(52) Using 3 workers
[9.765s][info][gc,phases   ] GC(52) Pause Mark Start 0.009ms
[9.770s][info][gc          ] Allocation Stall (pool-1-thread-3) 5.146ms
[9.776s][info][gc,phases   ] GC(52) Concurrent Mark 11.435ms
[9.777s][info][gc,phases   ] GC(52) Pause Mark End 0.012ms
[9.777s][info][gc,phases   ] GC(52) Concurrent Mark Free 0.001ms
[9.778s][info][gc,phases   ] GC(52) Concurrent Process Non-Strong References 1.068ms
[9.778s][info][gc,phases   ] GC(52) Concurrent Reset Relocation Set 0.028ms
[9.780s][info][gc,phases   ] GC(52) Concurrent Select Relocation Set 2.249ms
[9.780s][info][gc,phases   ] GC(52) Pause Relocate Start 0.008ms
[9.786s][info][gc          ] Allocation Stall (pool-1-thread-2) 10.979ms
[9.786s][info][gc          ] Allocation Stall (pool-1-thread-1) 6.700ms
[9.786s][info][gc          ] Allocation Stall (pool-1-thread-3) 7.852ms
[9.786s][info][gc          ] Allocation Stall (pool-1-thread-4) 6.616ms
[9.790s][info][gc          ] Allocation Stall (pool-1-thread-4) 1.763ms
[9.790s][info][gc          ] Allocation Stall (pool-1-thread-3) 1.765ms
[9.790s][info][gc          ] Allocation Stall (pool-1-thread-2) 1.975ms
[9.790s][info][gc          ] Allocation Stall (pool-1-thread-1) 2.124ms
[9.805s][info][gc          ] Allocation Stall (pool-1-thread-2) 0.252ms
[9.805s][info][gc          ] Allocation Stall (pool-1-thread-3) 0.812ms
[9.805s][info][gc          ] Allocation Stall (pool-1-thread-4) 1.755ms
[9.817s][info][gc          ] Allocation Stall (pool-1-thread-3) 3.625ms
[9.818s][info][gc          ] Allocation Stall (pool-1-thread-1) 3.873ms
[9.818s][info][gc          ] Allocation Stall (pool-1-thread-4) 3.987ms
[9.818s][info][gc          ] Allocation Stall (pool-1-thread-2) 3.887ms
[9.833s][info][gc          ] Allocation Stall (pool-1-thread-4) 2.508ms
[9.833s][info][gc          ] Allocation Stall (pool-1-thread-1) 3.450ms
[9.833s][info][gc          ] Allocation Stall (pool-1-thread-3) 4.808ms
[9.833s][info][gc          ] Allocation Stall (pool-1-thread-2) 3.452ms
[9.847s][info][gc          ] Allocation Stall (pool-1-thread-3) 5.496ms
[9.849s][info][gc          ] Allocation Stall (pool-1-thread-1) 7.437ms
[9.850s][info][gc          ] Allocation Stall (pool-1-thread-2) 7.640ms
[9.850s][info][gc          ] Allocation Stall (pool-1-thread-4) 7.745ms
[9.855s][info][gc          ] Allocation Stall (pool-1-thread-3) 1.533ms
[9.858s][info][gc          ] Allocation Stall (pool-1-thread-4) 4.528ms
[9.859s][info][gc          ] Allocation Stall (pool-1-thread-1) 4.842ms
[9.859s][info][gc          ] Allocation Stall (pool-1-thread-2) 4.985ms
[9.885s][info][gc          ] Allocation Stall (pool-1-thread-3) 1.451ms
[9.886s][info][gc          ] Allocation Stall (pool-1-thread-4) 3.109ms
[9.887s][info][gc          ] Allocation Stall (pool-1-thread-2) 3.212ms
[9.895s][info][gc,phases   ] GC(52) Concurrent Relocate 114.658ms
[9.895s][info][gc,load     ] GC(52) Load: 1.25/0.51/0.23
[9.895s][info][gc,mmu      ] GC(52) MMU: 2ms/97.9%, 5ms/99.1%, 10ms/99.5%, 20ms/99.7%, 50ms/99.8%, 100ms/99.9%
[9.895s][info][gc,marking  ] GC(52) Mark: 2 stripe(s), 2 proactive flush(es), 1 terminate flush(es), 0 completion(s), 0 continuation(s) 
[9.895s][info][gc,marking  ] GC(52) Mark Stack Usage: 32M
[9.895s][info][gc,nmethod  ] GC(52) NMethods: 437 registered, 0 unregistered
[9.895s][info][gc,metaspace] GC(52) Metaspace: 6M used, 6M committed, 1088M reserved
[9.895s][info][gc,ref      ] GC(52) Soft: 34 encountered, 9 discovered, 0 enqueued
[9.895s][info][gc,ref      ] GC(52) Weak: 179 encountered, 46 discovered, 0 enqueued
[9.895s][info][gc,ref      ] GC(52) Final: 0 encountered, 0 discovered, 0 enqueued
[9.895s][info][gc,ref      ] GC(52) Phantom: 3 encountered, 2 discovered, 0 enqueued
[9.895s][info][gc,reloc    ] GC(52) Small Pages: 133 / 266M, Empty: 2M, Relocated: 94M, In-Place: 0
[9.895s][info][gc,reloc    ] GC(52) Medium Pages: 21 / 672M, Empty: 0M, Relocated: 222M, In-Place: 6
[9.895s][info][gc,reloc    ] GC(52) Large Pages: 0 / 0M, Empty: 0M, Relocated: 0M, In-Place: 0
[9.895s][info][gc,reloc    ] GC(52) Forwarding Usage: 0M
[9.895s][info][gc,heap     ] GC(52) Min Capacity: 1024M(100%)
[9.895s][info][gc,heap     ] GC(52) Max Capacity: 1024M(100%)
[9.895s][info][gc,heap     ] GC(52) Soft Max Capacity: 1024M(100%)
[9.895s][info][gc,heap     ] GC(52)                Mark Start          Mark End        Relocate Start      Relocate End           High               Low         
[9.895s][info][gc,heap     ] GC(52)  Capacity:     1024M (100%)       1024M (100%)       1024M (100%)       1024M (100%)       1024M (100%)       1024M (100%)   
[9.895s][info][gc,heap     ] GC(52)      Free:       86M (8%)            2M (0%)            2M (0%)           76M (7%)           92M (9%)            0M (0%)     
[9.895s][info][gc,heap     ] GC(52)      Used:      938M (92%)        1022M (100%)       1022M (100%)        948M (93%)        1024M (100%)        932M (91%)    
[9.895s][info][gc,heap     ] GC(52)      Live:         -               336M (33%)         336M (33%)         336M (33%)            -                  -          
[9.895s][info][gc,heap     ] GC(52) Allocated:         -                84M (8%)           86M (8%)          585M (57%)            -                  -          
[9.895s][info][gc,heap     ] GC(52)   Garbage:         -               601M (59%)         599M (59%)          25M (2%)             -                  -          
[9.895s][info][gc,heap     ] GC(52) Reclaimed:         -                  -                 2M (0%)          575M (56%)            -                  -          
[9.895s][info][gc          ] GC(52) Garbage Collection (Allocation Stall) 938M(92%)->948M(93%)
[9.898s][info][gc,start    ] GC(53) Garbage Collection (Allocation Stall)
[9.899s][info][gc,ref      ] GC(53) Clearing All SoftReferences
[9.899s][info][gc,task     ] GC(53) Using 3 workers
[9.902s][info][gc,phases   ] GC(53) Pause Mark Start 0.006ms
[9.902s][info][gc          ] Allocation Stall (pool-1-thread-1) 3.612ms
[9.906s][info][gc,phases   ] GC(53) Concurrent Mark 4.005ms
[9.906s][info][gc,phases   ] GC(53) Pause Mark End 0.006ms
[9.906s][info][gc,phases   ] GC(53) Concurrent Mark Free 0.001ms
[9.907s][info][gc,phases   ] GC(53) Concurrent Process Non-Strong References 0.452ms
[9.907s][info][gc,phases   ] GC(53) Concurrent Reset Relocation Set 0.006ms
[9.908s][info][gc          ] Allocation Stall (pool-1-thread-4) 5.903ms
[9.908s][info][gc,phases   ] GC(53) Concurrent Select Relocation Set 1.238ms
[9.908s][info][gc,phases   ] GC(53) Pause Relocate Start 0.004ms
[9.912s][info][gc          ] Allocation Stall (pool-1-thread-4) 2.732ms
[9.912s][info][gc          ] Allocation Stall (pool-1-thread-2) 10.109ms
[9.912s][info][gc          ] Allocation Stall (pool-1-thread-1) 10.253ms
[9.912s][info][gc          ] Allocation Stall (pool-1-thread-3) 10.191ms
[9.956s][info][gc          ] Allocation Stall (pool-1-thread-2) 3.313ms
[9.957s][info][gc          ] Allocation Stall (pool-1-thread-4) 3.691ms
[9.957s][info][gc          ] Allocation Stall (pool-1-thread-1) 3.879ms
[9.957s][info][gc          ] Allocation Stall (pool-1-thread-3) 4.198ms
[9.965s][info][gc          ] Allocation Stall (pool-1-thread-3) 0.288ms
[9.970s][info][gc          ] Allocation Stall (pool-1-thread-2) 4.849ms
[9.970s][info][gc          ] Allocation Stall (pool-1-thread-4) 5.160ms
[9.971s][info][gc          ] Allocation Stall (pool-1-thread-1) 5.460ms
[9.977s][info][gc          ] Allocation Stall (pool-1-thread-1) 0.917ms
[9.978s][info][gc          ] Allocation Stall (pool-1-thread-2) 2.269ms
[9.978s][info][gc          ] Allocation Stall (pool-1-thread-3) 2.477ms
[9.979s][info][gc          ] Allocation Stall (pool-1-thread-4) 2.665ms
[9.988s][info][gc          ] Allocation Stall (pool-1-thread-4) 2.583ms
[9.988s][info][gc          ] Relocation Stall (main) 80.162ms
[9.990s][info][gc          ] Allocation Stall (pool-1-thread-3) 3.914ms
[9.992s][info][gc          ] Allocation Stall (pool-1-thread-2) 6.427ms
[9.993s][info][gc          ] Allocation Stall (pool-1-thread-1) 6.888ms
[10.040s][info][gc,phases   ] GC(53) Concurrent Relocate 131.824ms
[10.040s][info][gc,load     ] GC(53) Load: 1.25/0.51/0.23
[10.040s][info][gc,mmu      ] GC(53) MMU: 2ms/97.9%, 5ms/99.1%, 10ms/99.5%, 20ms/99.7%, 50ms/99.8%, 100ms/99.9%
[10.040s][info][gc,marking  ] GC(53) Mark: 2 stripe(s), 3 proactive flush(es), 1 terminate flush(es), 0 completion(s), 0 continuation(s) 
[10.040s][info][gc,marking  ] GC(53) Mark Stack Usage: 32M
[10.040s][info][gc,nmethod  ] GC(53) NMethods: 437 registered, 0 unregistered
[10.040s][info][gc,metaspace] GC(53) Metaspace: 6M used, 6M committed, 1088M reserved
[10.040s][info][gc,ref      ] GC(53) Soft: 34 encountered, 26 discovered, 0 enqueued
[10.040s][info][gc,ref      ] GC(53) Weak: 179 encountered, 155 discovered, 0 enqueued
[10.040s][info][gc,ref      ] GC(53) Final: 0 encountered, 0 discovered, 0 enqueued
[10.040s][info][gc,ref      ] GC(53) Phantom: 3 encountered, 1 discovered, 0 enqueued
[10.040s][info][gc,reloc    ] GC(53) Small Pages: 144 / 288M, Empty: 2M, Relocated: 101M, In-Place: 0
[10.040s][info][gc,reloc    ] GC(53) Medium Pages: 22 / 704M, Empty: 0M, Relocated: 222M, In-Place: 4
[10.040s][info][gc,reloc    ] GC(53) Large Pages: 0 / 0M, Empty: 0M, Relocated: 0M, In-Place: 0
[10.040s][info][gc,reloc    ] GC(53) Forwarding Usage: 0M
[10.040s][info][gc,heap     ] GC(53) Min Capacity: 1024M(100%)
[10.040s][info][gc,heap     ] GC(53) Max Capacity: 1024M(100%)
[10.040s][info][gc,heap     ] GC(53) Soft Max Capacity: 1024M(100%)
[10.040s][info][gc,heap     ] GC(53)                Mark Start          Mark End        Relocate Start      Relocate End           High               Low         
[10.040s][info][gc,heap     ] GC(53)  Capacity:     1024M (100%)       1024M (100%)       1024M (100%)       1024M (100%)       1024M (100%)       1024M (100%)   
[10.040s][info][gc,heap     ] GC(53)      Free:        0M (0%)            0M (0%)            0M (0%)            4M (0%)          102M (10%)           0M (0%)     
[10.040s][info][gc,heap     ] GC(53)      Used:     1024M (100%)       1024M (100%)       1024M (100%)       1020M (100%)       1024M (100%)        922M (90%)    
[10.040s][info][gc,heap     ] GC(53)      Live:         -               343M (34%)         343M (34%)         343M (34%)            -                  -          
[10.040s][info][gc,heap     ] GC(53) Allocated:         -                 0M (0%)            2M (0%)          619M (61%)            -                  -          
[10.040s][info][gc,heap     ] GC(53)   Garbage:         -               680M (66%)         678M (66%)          56M (6%)             -                  -          
[10.040s][info][gc,heap     ] GC(53) Reclaimed:         -                  -                 2M (0%)          623M (61%)            -                  -          
[10.040s][info][gc          ] GC(53) Garbage Collection (Allocation Stall) 1024M(100%)->1020M(100%)
[10.040s][info][gc,start    ] GC(54) Garbage Collection (Allocation Stall)
[10.040s][info][gc,ref      ] GC(54) Clearing All SoftReferences
[10.040s][info][gc,task     ] GC(54) Using 3 workers
[10.045s][info][gc,phases   ] GC(54) Pause Mark Start 0.005ms
[10.045s][info][gc          ] Allocation Stall (pool-1-thread-3) 5.079ms
[10.049s][info][gc,phases   ] GC(54) Concurrent Mark 4.482ms
[10.050s][info][gc,phases   ] GC(54) Pause Mark End 0.009ms
[10.050s][info][gc,phases   ] GC(54) Concurrent Mark Free 0.001ms
[10.050s][info][gc,phases   ] GC(54) Concurrent Process Non-Strong References 0.471ms
[10.050s][info][gc,phases   ] GC(54) Concurrent Reset Relocation Set 0.006ms
[10.051s][info][gc,phases   ] GC(54) Concurrent Select Relocation Set 1.181ms
[10.052s][info][gc,phases   ] GC(54) Pause Relocate Start 0.003ms
[10.055s][info][gc          ] Allocation Stall (pool-1-thread-4) 8.436ms
[10.055s][info][gc          ] Allocation Stall (pool-1-thread-3) 9.947ms
[10.055s][info][gc          ] Allocation Stall (pool-1-thread-2) 8.609ms
[10.063s][info][gc          ] Allocation Stall (pool-1-thread-3) 0.567ms
[10.064s][info][gc          ] Allocation Stall (pool-1-thread-4) 0.852ms
[10.079s][info][gc          ] Allocation Stall (pool-1-thread-2) 2.005ms
[10.080s][info][gc          ] Allocation Stall (pool-1-thread-3) 0.543ms
[10.082s][info][gc          ] Allocation Stall (pool-1-thread-2) 2.516ms
[10.082s][info][gc          ] Allocation Stall (pool-1-thread-4) 2.716ms
[10.090s][info][gc          ] Allocation Stall (pool-1-thread-2) 1.483ms
[10.091s][info][gc          ] Allocation Stall (pool-1-thread-3) 2.584ms
[10.091s][info][gc          ] Allocation Stall (pool-1-thread-4) 2.857ms
[10.105s][info][gc          ] Allocation Stall (pool-1-thread-3) 0.407ms
[10.105s][info][gc          ] Allocation Stall (pool-1-thread-4) 1.885ms
[10.119s][info][gc          ] Allocation Stall (pool-1-thread-2) 1.245ms
[10.131s][info][gc          ] Allocation Stall (pool-1-thread-3) 13.775ms
[10.132s][info][gc          ] Allocation Stall (pool-1-thread-4) 14.088ms
[10.132s][info][gc          ] Allocation Stall (pool-1-thread-2) 2.224ms
[10.134s][info][gc          ] Allocation Stall (pool-1-thread-2) 1.598ms
[10.137s][info][gc          ] Allocation Stall (pool-1-thread-3) 4.867ms
[10.138s][info][gc          ] Relocation Stall (pool-1-thread-1) 83.082ms
[10.138s][info][gc          ] Allocation Stall (pool-1-thread-1) 98.142ms
[10.138s][info][gc          ] Allocation Stall (pool-1-thread-4) 5.851ms
[10.144s][info][gc          ] Relocation Stall (main) 92.101ms
[10.166s][info][gc,stats    ] === Garbage Collection Statistics =======================================================================================================================
[10.166s][info][gc,stats    ]                                                              Last 10s              Last 10m              Last 10h                Total
[10.166s][info][gc,stats    ]                                                              Avg / Max             Avg / Max             Avg / Max             Avg / Max
[10.167s][info][gc,stats    ]   Collector: Garbage Collection Cycle                    167.584 / 633.628     167.584 / 633.628     167.584 / 633.628     167.584 / 633.628     ms
[10.167s][info][gc,stats    ]  Contention: Mark Segment Reset Contention                     2 / 11                2 / 11                2 / 11                2 / 11          ops/s
[10.167s][info][gc,stats    ]  Contention: Mark SeqNum Reset Contention                      0 / 1                 0 / 1                 0 / 1                 0 / 1           ops/s
[10.167s][info][gc,stats    ]    Critical: Allocation Stall                                122 / 192             122 / 192             122 / 192             122 / 192         ops/s
[10.167s][info][gc,stats    ]    Critical: Allocation Stall                              8.569 / 441.000       8.569 / 441.000       8.569 / 441.000       8.569 / 441.000     ms
[10.167s][info][gc,stats    ]    Critical: GC Locker Stall                                   0 / 0                 0 / 0                 0 / 0                 0 / 0           ops/s
[10.167s][info][gc,stats    ]    Critical: GC Locker Stall                               0.000 / 0.000         0.000 / 0.000         0.000 / 0.000         0.000 / 0.000       ms
[10.167s][info][gc,stats    ]    Critical: Relocation Stall                                  2 / 6                 2 / 6                 2 / 6                 2 / 6           ops/s
[10.167s][info][gc,stats    ]    Critical: Relocation Stall                             97.980 / 346.221      97.980 / 346.221      97.980 / 346.221      97.980 / 346.221     ms
[10.167s][info][gc,stats    ]      Memory: Allocation Rate                                5975 / 7840           5975 / 7840           5975 / 7840           5975 / 7840        MB/s
[10.167s][info][gc,stats    ]      Memory: Out Of Memory                                     0 / 0                 0 / 0                 0 / 0                 0 / 0           ops/s
[10.167s][info][gc,stats    ]      Memory: Page Cache Flush                                601 / 896             601 / 896             601 / 896             601 / 896         MB/s
[10.167s][info][gc,stats    ]      Memory: Page Cache Hit L1                               648 / 852             648 / 852             648 / 852             648 / 852         ops/s
[10.167s][info][gc,stats    ]      Memory: Page Cache Hit L2                                 0 / 0                 0 / 0                 0 / 0                 0 / 0           ops/s
[10.167s][info][gc,stats    ]      Memory: Page Cache Hit L3                               264 / 340             264 / 340             264 / 340             264 / 340         ops/s
[10.167s][info][gc,stats    ]      Memory: Page Cache Miss                                  18 / 28               18 / 28               18 / 28               18 / 28          ops/s
[10.167s][info][gc,stats    ]      Memory: Uncommit                                          0 / 0                 0 / 0                 0 / 0                 0 / 0           MB/s
[10.167s][info][gc,stats    ]      Memory: Undo Object Allocation Failed                     0 / 0                 0 / 0                 0 / 0                 0 / 0           ops/s
[10.167s][info][gc,stats    ]      Memory: Undo Object Allocation Succeeded                  5 / 12                5 / 12                5 / 12                5 / 12          ops/s
[10.167s][info][gc,stats    ]      Memory: Undo Page Allocation                             82 / 120              82 / 120              82 / 120              82 / 120         ops/s
[10.167s][info][gc,stats    ]       Phase: Concurrent Mark                              12.045 / 53.008       12.045 / 53.008       12.045 / 53.008       12.045 / 53.008      ms
[10.167s][info][gc,stats    ]       Phase: Concurrent Mark Continue                      0.000 / 0.000         0.000 / 0.000         0.000 / 0.000         0.000 / 0.000       ms
[10.167s][info][gc,stats    ]       Phase: Concurrent Mark Free                          0.001 / 0.004         0.001 / 0.004         0.001 / 0.004         0.001 / 0.004       ms
[10.167s][info][gc,stats    ]       Phase: Concurrent Process Non-Strong References      0.753 / 3.250         0.753 / 3.250         0.753 / 3.250         0.753 / 3.250       ms
[10.167s][info][gc,stats    ]       Phase: Concurrent Relocate                         149.276 / 574.286     149.276 / 574.286     149.276 / 574.286     149.276 / 574.286     ms
[10.167s][info][gc,stats    ]       Phase: Concurrent Reset Relocation Set               0.010 / 0.032         0.010 / 0.032         0.010 / 0.032         0.010 / 0.032       ms
[10.167s][info][gc,stats    ]       Phase: Concurrent Select Relocation Set              2.360 / 37.061        2.360 / 37.061        2.360 / 37.061        2.360 / 37.061      ms
[10.167s][info][gc,stats    ]       Phase: Pause Mark End                                0.013 / 0.040         0.013 / 0.040         0.013 / 0.040         0.013 / 0.040       ms
[10.167s][info][gc,stats    ]       Phase: Pause Mark Start                              0.011 / 0.041         0.011 / 0.041         0.011 / 0.041         0.011 / 0.041       ms
[10.167s][info][gc,stats    ]       Phase: Pause Relocate Start                          0.006 / 0.019         0.006 / 0.019         0.006 / 0.019         0.006 / 0.019       ms
[10.167s][info][gc,stats    ]    Subphase: Concurrent Classes Purge                      0.081 / 0.170         0.081 / 0.170         0.081 / 0.170         0.081 / 0.170       ms
[10.167s][info][gc,stats    ]    Subphase: Concurrent Classes Unlink                     0.291 / 0.921         0.291 / 0.921         0.291 / 0.921         0.291 / 0.921       ms
[10.167s][info][gc,stats    ]    Subphase: Concurrent Mark                              10.941 / 52.240       10.941 / 52.240       10.941 / 52.240       10.941 / 52.240      ms
[10.167s][info][gc,stats    ]    Subphase: Concurrent Mark Try Flush                     0.319 / 5.741         0.319 / 5.741         0.319 / 5.741         0.319 / 5.741       ms
[10.167s][info][gc,stats    ]    Subphase: Concurrent Mark Try Terminate                 0.953 / 3.333         0.953 / 3.333         0.953 / 3.333         0.953 / 3.333       ms
[10.167s][info][gc,stats    ]    Subphase: Concurrent References Enqueue                 0.014 / 0.752         0.014 / 0.752         0.014 / 0.752         0.014 / 0.752       ms
[10.167s][info][gc,stats    ]    Subphase: Concurrent References Process                 0.065 / 0.183         0.065 / 0.183         0.065 / 0.183         0.065 / 0.183       ms
[10.167s][info][gc,stats    ]    Subphase: Concurrent Roots ClassLoaderDataGraph         0.104 / 0.761         0.104 / 0.761         0.104 / 0.761         0.104 / 0.761       ms
[10.167s][info][gc,stats    ]    Subphase: Concurrent Roots CodeCache                    0.000 / 0.000         0.000 / 0.000         0.000 / 0.000         0.000 / 0.000       ms
[10.167s][info][gc,stats    ]    Subphase: Concurrent Roots JavaThreads                  0.248 / 8.509         0.248 / 8.509         0.248 / 8.509         0.248 / 8.509       ms
[10.167s][info][gc,stats    ]    Subphase: Concurrent Roots OopStorageSet                0.191 / 8.636         0.191 / 8.636         0.191 / 8.636         0.191 / 8.636       ms
[10.167s][info][gc,stats    ]    Subphase: Concurrent Weak Roots OopStorageSet           0.048 / 0.164         0.048 / 0.164         0.048 / 0.164         0.048 / 0.164       ms
[10.167s][info][gc,stats    ]    Subphase: Pause Mark Try Complete                       0.000 / 0.000         0.000 / 0.000         0.000 / 0.000         0.000 / 0.000       ms
[10.167s][info][gc,stats    ]      System: Java Threads                                     15 / 17               15 / 17               15 / 17               15 / 17          threads
[10.167s][info][gc,stats    ] =========================================================================================================================================================
[10.171s][info][gc,phases   ] GC(54) Concurrent Relocate 119.396ms
[10.171s][info][gc,load     ] GC(54) Load: 1.25/0.51/0.23
[10.171s][info][gc,mmu      ] GC(54) MMU: 2ms/97.9%, 5ms/99.1%, 10ms/99.5%, 20ms/99.7%, 50ms/99.8%, 100ms/99.9%
[10.171s][info][gc,marking  ] GC(54) Mark: 2 stripe(s), 3 proactive flush(es), 1 terminate flush(es), 0 completion(s), 0 continuation(s) 
[10.171s][info][gc,marking  ] GC(54) Mark Stack Usage: 32M
[10.171s][info][gc,nmethod  ] GC(54) NMethods: 437 registered, 0 unregistered
[10.171s][info][gc,metaspace] GC(54) Metaspace: 6M used, 6M committed, 1088M reserved
[10.171s][info][gc,ref      ] GC(54) Soft: 34 encountered, 14 discovered, 0 enqueued
[10.171s][info][gc,ref      ] GC(54) Weak: 179 encountered, 0 discovered, 0 enqueued
[10.171s][info][gc,ref      ] GC(54) Final: 0 encountered, 0 discovered, 0 enqueued
[10.171s][info][gc,ref      ] GC(54) Phantom: 3 encountered, 2 discovered, 0 enqueued
[10.171s][info][gc,reloc    ] GC(54) Small Pages: 142 / 284M, Empty: 0M, Relocated: 92M, In-Place: 0
[10.171s][info][gc,reloc    ] GC(54) Medium Pages: 22 / 704M, Empty: 0M, Relocated: 246M, In-Place: 4
[10.171s][info][gc,reloc    ] GC(54) Large Pages: 0 / 0M, Empty: 0M, Relocated: 0M, In-Place: 0
[10.171s][info][gc,reloc    ] GC(54) Forwarding Usage: 0M
[10.171s][info][gc,heap     ] GC(54) Min Capacity: 1024M(100%)
[10.171s][info][gc,heap     ] GC(54) Max Capacity: 1024M(100%)
[10.171s][info][gc,heap     ] GC(54) Soft Max Capacity: 1024M(100%)
[10.171s][info][gc,heap     ] GC(54)                Mark Start          Mark End        Relocate Start      Relocate End           High               Low         
[10.171s][info][gc,heap     ] GC(54)  Capacity:     1024M (100%)       1024M (100%)       1024M (100%)       1024M (100%)       1024M (100%)       1024M (100%)   
[10.171s][info][gc,heap     ] GC(54)      Free:        4M (0%)            0M (0%)            0M (0%)          172M (17%)         224M (22%)           0M (0%)     
[10.171s][info][gc,heap     ] GC(54)      Used:     1020M (100%)       1024M (100%)       1024M (100%)        852M (83%)        1024M (100%)        800M (78%)    
[10.171s][info][gc,heap     ] GC(54)      Live:         -               345M (34%)         345M (34%)         345M (34%)            -                  -          
[10.171s][info][gc,heap     ] GC(54) Allocated:         -                 4M (0%)            4M (0%)          457M (45%)            -                  -          
[10.171s][info][gc,heap     ] GC(54)   Garbage:         -               674M (66%)         674M (66%)          48M (5%)             -                  -          
[10.171s][info][gc,heap     ] GC(54) Reclaimed:         -                  -                 0M (0%)          625M (61%)            -                  -          
[10.171s][info][gc          ] GC(54) Garbage Collection (Allocation Stall) 1020M(100%)->852M(83%)
[10.180s][info][gc,start    ] GC(55) Garbage Collection (Allocation Stall)
[10.181s][info][gc,ref      ] GC(55) Clearing All SoftReferences
[10.181s][info][gc,task     ] GC(55) Using 3 workers
[10.183s][info][gc,phases   ] GC(55) Pause Mark Start 0.008ms
[10.183s][info][gc          ] Allocation Stall (pool-1-thread-2) 2.557ms
[10.189s][info][gc,phases   ] GC(55) Concurrent Mark 6.517ms
[10.190s][info][gc,phases   ] GC(55) Pause Mark End 0.012ms
[10.190s][info][gc,phases   ] GC(55) Concurrent Mark Free 0.002ms
[10.190s][info][gc,phases   ] GC(55) Concurrent Process Non-Strong References 0.683ms
[10.190s][info][gc,phases   ] GC(55) Concurrent Reset Relocation Set 0.010ms
[10.192s][info][gc,phases   ] GC(55) Concurrent Select Relocation Set 1.309ms
[10.192s][info][gc,phases   ] GC(55) Pause Relocate Start 0.005ms
[10.197s][info][gc          ] Allocation Stall (pool-1-thread-3) 16.610ms
[10.197s][info][gc          ] Allocation Stall (pool-1-thread-4) 6.855ms
[10.197s][info][gc          ] Allocation Stall (pool-1-thread-2) 7.017ms
[10.197s][info][gc          ] Allocation Stall (pool-1-thread-1) 7.091ms
[10.206s][info][gc          ] Allocation Stall (pool-1-thread-4) 2.745ms
[10.207s][info][gc          ] Allocation Stall (pool-1-thread-2) 3.256ms
[10.207s][info][gc          ] Allocation Stall (pool-1-thread-3) 3.458ms
[10.207s][info][gc          ] Allocation Stall (pool-1-thread-1) 3.477ms
[10.226s][info][gc          ] Allocation Stall (pool-1-thread-4) 1.710ms
[10.232s][info][gc          ] Allocation Stall (pool-1-thread-3) 7.975ms
[10.232s][info][gc          ] Allocation Stall (pool-1-thread-2) 8.281ms
[10.233s][info][gc          ] Allocation Stall (pool-1-thread-1) 8.251ms
[10.245s][info][gc          ] Allocation Stall (pool-1-thread-1) 3.701ms
[10.248s][info][gc          ] Allocation Stall (pool-1-thread-3) 6.591ms
[10.249s][info][gc          ] Allocation Stall (pool-1-thread-4) 6.800ms
[10.249s][info][gc          ] Allocation Stall (pool-1-thread-2) 7.036ms
[10.249s][info][gc          ] Allocation Stall (pool-1-thread-1) 2.337ms
[10.257s][info][gc          ] Allocation Stall (pool-1-thread-1) 4.174ms
[10.266s][info][gc          ] Allocation Stall (pool-1-thread-3) 13.318ms
[10.267s][info][gc          ] Allocation Stall (pool-1-thread-2) 13.714ms
[10.267s][info][gc          ] Allocation Stall (pool-1-thread-4) 13.976ms
[10.273s][info][gc          ] Allocation Stall (pool-1-thread-1) 2.080ms
[10.274s][info][gc          ] Allocation Stall (pool-1-thread-2) 1.963ms
[10.274s][info][gc          ] Allocation Stall (pool-1-thread-3) 1.965ms
[10.274s][info][gc          ] Allocation Stall (pool-1-thread-4) 0.910ms
[10.278s][info][gc          ] Allocation Stall (pool-1-thread-3) 1.742ms
[10.279s][info][gc          ] Allocation Stall (pool-1-thread-4) 3.163ms
[10.281s][info][gc          ] Allocation Stall (pool-1-thread-1) 5.151ms
[10.282s][info][gc          ] Allocation Stall (pool-1-thread-2) 5.642ms
[10.307s][info][gc          ] Allocation Stall (pool-1-thread-1) 3.042ms
[10.308s][info][gc          ] Allocation Stall (pool-1-thread-3) 3.525ms
[10.308s][info][gc          ] Allocation Stall (pool-1-thread-2) 3.590ms
[10.312s][info][gc,phases   ] GC(55) Concurrent Relocate 120.296ms
[10.312s][info][gc,load     ] GC(55) Load: 1.25/0.51/0.23
[10.312s][info][gc,mmu      ] GC(55) MMU: 2ms/97.9%, 5ms/99.1%, 10ms/99.5%, 20ms/99.7%, 50ms/99.8%, 100ms/99.9%
[10.312s][info][gc,marking  ] GC(55) Mark: 2 stripe(s), 4 proactive flush(es), 1 terminate flush(es), 0 completion(s), 0 continuation(s) 
[10.312s][info][gc,marking  ] GC(55) Mark Stack Usage: 32M
[10.312s][info][gc,nmethod  ] GC(55) NMethods: 437 registered, 0 unregistered
[10.312s][info][gc,metaspace] GC(55) Metaspace: 6M used, 6M committed, 1088M reserved
[10.312s][info][gc,ref      ] GC(55) Soft: 34 encountered, 24 discovered, 0 enqueued
[10.312s][info][gc,ref      ] GC(55) Weak: 179 encountered, 4 discovered, 0 enqueued
[10.312s][info][gc,ref      ] GC(55) Final: 0 encountered, 0 discovered, 0 enqueued
[10.312s][info][gc,ref      ] GC(55) Phantom: 3 encountered, 1 discovered, 0 enqueued
[10.312s][info][gc,reloc    ] GC(55) Small Pages: 134 / 268M, Empty: 0M, Relocated: 89M, In-Place: 4
[10.312s][info][gc,reloc    ] GC(55) Medium Pages: 22 / 704M, Empty: 0M, Relocated: 247M, In-Place: 6
[10.312s][info][gc,reloc    ] GC(55) Large Pages: 0 / 0M, Empty: 0M, Relocated: 0M, In-Place: 0
[10.312s][info][gc,reloc    ] GC(55) Forwarding Usage: 0M
[10.312s][info][gc,heap     ] GC(55) Min Capacity: 1024M(100%)
[10.312s][info][gc,heap     ] GC(55) Max Capacity: 1024M(100%)
[10.312s][info][gc,heap     ] GC(55) Soft Max Capacity: 1024M(100%)
[10.312s][info][gc,heap     ] GC(55)                Mark Start          Mark End        Relocate Start      Relocate End           High               Low         
[10.312s][info][gc,heap     ] GC(55)  Capacity:     1024M (100%)       1024M (100%)       1024M (100%)       1024M (100%)       1024M (100%)       1024M (100%)   
[10.312s][info][gc,heap     ] GC(55)      Free:       20M (2%)            6M (1%)            4M (0%)           58M (6%)           84M (8%)            0M (0%)     
[10.312s][info][gc,heap     ] GC(55)      Used:     1004M (98%)        1018M (99%)        1020M (100%)        966M (94%)        1024M (100%)        940M (92%)    
[10.312s][info][gc,heap     ] GC(55)      Live:         -               357M (35%)         357M (35%)         357M (35%)            -                  -          
[10.312s][info][gc,heap     ] GC(55) Allocated:         -                14M (1%)           16M (2%)          545M (53%)            -                  -          
[10.312s][info][gc,heap     ] GC(55)   Garbage:         -               646M (63%)         646M (63%)          62M (6%)             -                  -          
[10.312s][info][gc,heap     ] GC(55) Reclaimed:         -                  -                 0M (0%)          583M (57%)            -                  -          
[10.312s][info][gc          ] GC(55) Garbage Collection (Allocation Stall) 1004M(98%)->966M(94%)
[10.323s][info][gc,start    ] GC(56) Garbage Collection (Allocation Stall)
[10.323s][info][gc,ref      ] GC(56) Clearing All SoftReferences
[10.323s][info][gc,task     ] GC(56) Using 3 workers
[10.324s][info][gc,phases   ] GC(56) Pause Mark Start 0.006ms
[10.329s][info][gc,phases   ] GC(56) Concurrent Mark 5.622ms
[10.329s][info][gc,phases   ] GC(56) Pause Mark End 0.008ms
[10.329s][info][gc,phases   ] GC(56) Concurrent Mark Free 0.001ms
[10.330s][info][gc,phases   ] GC(56) Concurrent Process Non-Strong References 0.481ms
[10.330s][info][gc,phases   ] GC(56) Concurrent Reset Relocation Set 0.006ms
[10.331s][info][gc,phases   ] GC(56) Concurrent Select Relocation Set 1.187ms
[10.331s][info][gc,phases   ] GC(56) Pause Relocate Start 0.004ms
[10.369s][info][gc          ] Relocation Stall (main) 37.301ms
[10.372s][info][gc          ] Relocation Stall (pool-1-thread-1) 36.871ms
[10.372s][info][gc          ] Allocation Stall (pool-1-thread-1) 49.202ms
[10.372s][info][gc          ] Relocation Stall (pool-1-thread-4) 37.626ms
[10.373s][info][gc          ] Allocation Stall (pool-1-thread-4) 49.514ms
[10.376s][info][gc          ] Relocation Stall (pool-1-thread-2) 35.918ms
[10.377s][info][gc          ] Allocation Stall (pool-1-thread-2) 53.207ms
[10.382s][info][gc          ] Relocation Stall (pool-1-thread-3) 46.965ms
[10.383s][info][gc          ] Allocation Stall (pool-1-thread-3) 59.549ms
[10.417s][info][gc,phases   ] GC(56) Concurrent Relocate 85.864ms
[10.418s][info][gc,load     ] GC(56) Load: 1.25/0.51/0.23
[10.418s][info][gc,mmu      ] GC(56) MMU: 2ms/97.9%, 5ms/99.1%, 10ms/99.5%, 20ms/99.7%, 50ms/99.8%, 100ms/99.9%
[10.418s][info][gc,marking  ] GC(56) Mark: 2 stripe(s), 4 proactive flush(es), 1 terminate flush(es), 0 completion(s), 0 continuation(s) 
[10.418s][info][gc,marking  ] GC(56) Mark Stack Usage: 32M
[10.418s][info][gc,nmethod  ] GC(56) NMethods: 437 registered, 0 unregistered
[10.418s][info][gc,metaspace] GC(56) Metaspace: 6M used, 6M committed, 1088M reserved
[10.418s][info][gc,ref      ] GC(56) Soft: 34 encountered, 9 discovered, 0 enqueued
[10.418s][info][gc,ref      ] GC(56) Weak: 179 encountered, 55 discovered, 0 enqueued
[10.418s][info][gc,ref      ] GC(56) Final: 0 encountered, 0 discovered, 0 enqueued
[10.418s][info][gc,ref      ] GC(56) Phantom: 3 encountered, 2 discovered, 0 enqueued
[10.418s][info][gc,reloc    ] GC(56) Small Pages: 144 / 288M, Empty: 0M, Relocated: 94M, In-Place: 0
[10.418s][info][gc,reloc    ] GC(56) Medium Pages: 23 / 736M, Empty: 0M, Relocated: 251M, In-Place: 2
[10.418s][info][gc,reloc    ] GC(56) Large Pages: 0 / 0M, Empty: 0M, Relocated: 0M, In-Place: 0
[10.418s][info][gc,reloc    ] GC(56) Forwarding Usage: 0M
[10.418s][info][gc,heap     ] GC(56) Min Capacity: 1024M(100%)
[10.418s][info][gc,heap     ] GC(56) Max Capacity: 1024M(100%)
[10.418s][info][gc,heap     ] GC(56) Soft Max Capacity: 1024M(100%)
[10.418s][info][gc,heap     ] GC(56)                Mark Start          Mark End        Relocate Start      Relocate End           High               Low         
[10.418s][info][gc,heap     ] GC(56)  Capacity:     1024M (100%)       1024M (100%)       1024M (100%)       1024M (100%)       1024M (100%)       1024M (100%)   
[10.418s][info][gc,heap     ] GC(56)      Free:        0M (0%)            0M (0%)            0M (0%)          396M (39%)         488M (48%)           0M (0%)     
[10.418s][info][gc,heap     ] GC(56)      Used:     1024M (100%)       1024M (100%)       1024M (100%)        628M (61%)        1024M (100%)        536M (52%)    
[10.418s][info][gc,heap     ] GC(56)      Live:         -               350M (34%)         350M (34%)         350M (34%)            -                  -          
[10.418s][info][gc,heap     ] GC(56) Allocated:         -                 0M (0%)            0M (0%)          265M (26%)            -                  -          
[10.418s][info][gc,heap     ] GC(56)   Garbage:         -               673M (66%)         673M (66%)          11M (1%)             -                  -          
[10.418s][info][gc,heap     ] GC(56) Reclaimed:         -                  -                 0M (0%)          661M (65%)            -                  -          
[10.418s][info][gc          ] GC(56) Garbage Collection (Allocation Stall) 1024M(100%)->628M(61%)
[10.450s][info][gc,start    ] GC(57) Garbage Collection (Allocation Stall)
[10.450s][info][gc,ref      ] GC(57) Clearing All SoftReferences
[10.450s][info][gc,task     ] GC(57) Using 3 workers
[10.451s][info][gc,phases   ] GC(57) Pause Mark Start 0.007ms
[10.456s][info][gc,phases   ] GC(57) Concurrent Mark 4.807ms
[10.456s][info][gc,phases   ] GC(57) Pause Mark End 0.008ms
[10.456s][info][gc,phases   ] GC(57) Concurrent Mark Free 0.000ms
[10.456s][info][gc,phases   ] GC(57) Concurrent Process Non-Strong References 0.444ms
[10.456s][info][gc,phases   ] GC(57) Concurrent Reset Relocation Set 0.005ms
[10.458s][info][gc,phases   ] GC(57) Concurrent Select Relocation Set 1.179ms
[10.458s][info][gc,phases   ] GC(57) Pause Relocate Start 0.004ms
[10.463s][info][gc          ] Allocation Stall (pool-1-thread-1) 11.920ms
[10.466s][info][gc          ] Allocation Stall (pool-1-thread-1) 1.585ms
[10.535s][info][gc          ] Relocation Stall (pool-1-thread-2) 74.333ms
[10.535s][info][gc          ] Allocation Stall (pool-1-thread-2) 85.346ms
[10.540s][info][gc          ] Relocation Stall (pool-1-thread-4) 81.459ms
[10.540s][info][gc          ] Allocation Stall (pool-1-thread-4) 90.767ms
[10.563s][info][gc          ] Relocation Stall (pool-1-thread-3) 102.886ms
[10.564s][info][gc          ] Allocation Stall (pool-1-thread-3) 114.085ms
[10.568s][info][gc,phases   ] GC(57) Concurrent Relocate 109.842ms
[10.568s][info][gc,load     ] GC(57) Load: 1.25/0.51/0.23
[10.568s][info][gc,mmu      ] GC(57) MMU: 2ms/97.9%, 5ms/99.1%, 10ms/99.5%, 20ms/99.7%, 50ms/99.8%, 100ms/99.9%
[10.568s][info][gc,marking  ] GC(57) Mark: 2 stripe(s), 2 proactive flush(es), 1 terminate flush(es), 0 completion(s), 0 continuation(s) 
[10.568s][info][gc,marking  ] GC(57) Mark Stack Usage: 32M
[10.568s][info][gc,nmethod  ] GC(57) NMethods: 437 registered, 0 unregistered
[10.568s][info][gc,metaspace] GC(57) Metaspace: 6M used, 6M committed, 1088M reserved
[10.568s][info][gc,ref      ] GC(57) Soft: 34 encountered, 14 discovered, 0 enqueued
[10.568s][info][gc,ref      ] GC(57) Weak: 179 encountered, 15 discovered, 0 enqueued
[10.568s][info][gc,ref      ] GC(57) Final: 0 encountered, 0 discovered, 0 enqueued
[10.568s][info][gc,ref      ] GC(57) Phantom: 3 encountered, 2 discovered, 0 enqueued
[10.568s][info][gc,reloc    ] GC(57) Small Pages: 142 / 284M, Empty: 0M, Relocated: 92M, In-Place: 0
[10.568s][info][gc,reloc    ] GC(57) Medium Pages: 23 / 736M, Empty: 0M, Relocated: 250M, In-Place: 2
[10.568s][info][gc,reloc    ] GC(57) Large Pages: 0 / 0M, Empty: 0M, Relocated: 0M, In-Place: 0
[10.568s][info][gc,reloc    ] GC(57) Forwarding Usage: 0M
[10.568s][info][gc,heap     ] GC(57) Min Capacity: 1024M(100%)
[10.568s][info][gc,heap     ] GC(57) Max Capacity: 1024M(100%)
[10.568s][info][gc,heap     ] GC(57) Soft Max Capacity: 1024M(100%)
[10.568s][info][gc,heap     ] GC(57)                Mark Start          Mark End        Relocate Start      Relocate End           High               Low         
[10.568s][info][gc,heap     ] GC(57)  Capacity:     1024M (100%)       1024M (100%)       1024M (100%)       1024M (100%)       1024M (100%)       1024M (100%)   
[10.568s][info][gc,heap     ] GC(57)      Free:        4M (0%)            2M (0%)            2M (0%)          212M (21%)         320M (31%)           0M (0%)     
[10.568s][info][gc,heap     ] GC(57)      Used:     1020M (100%)       1022M (100%)       1022M (100%)        812M (79%)        1024M (100%)        704M (69%)    
[10.568s][info][gc,heap     ] GC(57)      Live:         -               350M (34%)         350M (34%)         350M (34%)            -                  -          
[10.568s][info][gc,heap     ] GC(57) Allocated:         -                 2M (0%)            2M (0%)          445M (44%)            -                  -          
[10.568s][info][gc,heap     ] GC(57)   Garbage:         -               669M (65%)         669M (65%)          15M (2%)             -                  -          
[10.568s][info][gc,heap     ] GC(57) Reclaimed:         -                  -                 0M (0%)          653M (64%)            -                  -          
[10.568s][info][gc          ] GC(57) Garbage Collection (Allocation Stall) 1020M(100%)->812M(79%)
[10.583s][info][gc,start    ] GC(58) Garbage Collection (Allocation Stall)
[10.583s][info][gc,ref      ] GC(58) Clearing All SoftReferences
[10.583s][info][gc,task     ] GC(58) Using 3 workers
[10.587s][info][gc,phases   ] GC(58) Pause Mark Start 0.006ms
[10.587s][info][gc          ] Allocation Stall (pool-1-thread-1) 4.696ms
[10.593s][info][gc,phases   ] GC(58) Concurrent Mark 5.611ms
[10.593s][info][gc,phases   ] GC(58) Pause Mark End 0.010ms
[10.593s][info][gc,phases   ] GC(58) Concurrent Mark Free 0.001ms
[10.594s][info][gc,phases   ] GC(58) Concurrent Process Non-Strong References 0.540ms
[10.594s][info][gc,phases   ] GC(58) Concurrent Reset Relocation Set 0.007ms
[10.595s][info][gc,phases   ] GC(58) Concurrent Select Relocation Set 1.179ms
[10.595s][info][gc,phases   ] GC(58) Pause Relocate Start 0.003ms
[10.599s][info][gc          ] Allocation Stall (pool-1-thread-1) 11.432ms
[10.599s][info][gc          ] Allocation Stall (pool-1-thread-3) 9.098ms
[10.599s][info][gc          ] Allocation Stall (pool-1-thread-4) 8.606ms
[10.625s][info][gc          ] Allocation Stall (pool-1-thread-3) 0.348ms
[10.626s][info][gc          ] Allocation Stall (pool-1-thread-1) 2.037ms
[10.627s][info][gc          ] Allocation Stall (pool-1-thread-4) 2.220ms
[10.635s][info][gc          ] Allocation Stall (pool-1-thread-1) 1.084ms
[10.638s][info][gc          ] Allocation Stall (pool-1-thread-4) 3.861ms
[10.638s][info][gc          ] Allocation Stall (pool-1-thread-3) 4.123ms
[10.646s][info][gc          ] Allocation Stall (pool-1-thread-3) 0.489ms
[10.649s][info][gc          ] Allocation Stall (pool-1-thread-1) 3.823ms
[10.649s][info][gc          ] Allocation Stall (pool-1-thread-4) 3.990ms
[10.650s][info][gc          ] Allocation Stall (pool-1-thread-3) 0.646ms
[10.660s][info][gc          ] Allocation Stall (pool-1-thread-3) 3.485ms
[10.661s][info][gc          ] Allocation Stall (pool-1-thread-1) 4.528ms
[10.662s][info][gc          ] Allocation Stall (pool-1-thread-4) 4.558ms
[10.672s][info][gc          ] Allocation Stall (pool-1-thread-4) 2.696ms
[10.672s][info][gc          ] Relocation Stall (main) 76.508ms
[10.677s][info][gc          ] Allocation Stall (pool-1-thread-3) 7.654ms
[10.677s][info][gc          ] Relocation Stall (pool-1-thread-2) 78.745ms
[10.677s][info][gc          ] Allocation Stall (pool-1-thread-1) 7.743ms
[10.677s][info][gc          ] Allocation Stall (pool-1-thread-2) 94.323ms
[10.709s][info][gc          ] Allocation Stall (pool-1-thread-3) 0.435ms
[10.716s][info][gc          ] Allocation Stall (pool-1-thread-4) 7.278ms
[10.717s][info][gc,phases   ] GC(58) Concurrent Relocate 121.609ms
[10.717s][info][gc,load     ] GC(58) Load: 1.55/0.58/0.26
[10.717s][info][gc,mmu      ] GC(58) MMU: 2ms/97.9%, 5ms/99.1%, 10ms/99.5%, 20ms/99.7%, 50ms/99.8%, 100ms/99.9%
[10.717s][info][gc,marking  ] GC(58) Mark: 2 stripe(s), 3 proactive flush(es), 1 terminate flush(es), 0 completion(s), 0 continuation(s) 
[10.717s][info][gc,marking  ] GC(58) Mark Stack Usage: 32M
[10.717s][info][gc,nmethod  ] GC(58) NMethods: 437 registered, 0 unregistered
[10.717s][info][gc,metaspace] GC(58) Metaspace: 6M used, 6M committed, 1088M reserved
[10.717s][info][gc,ref      ] GC(58) Soft: 34 encountered, 14 discovered, 0 enqueued
[10.717s][info][gc,ref      ] GC(58) Weak: 179 encountered, 1 discovered, 0 enqueued
[10.717s][info][gc,ref      ] GC(58) Final: 0 encountered, 0 discovered, 0 enqueued
[10.717s][info][gc,ref      ] GC(58) Phantom: 3 encountered, 1 discovered, 0 enqueued
[10.717s][info][gc,reloc    ] GC(58) Small Pages: 142 / 284M, Empty: 0M, Relocated: 94M, In-Place: 2
[10.717s][info][gc,reloc    ] GC(58) Medium Pages: 22 / 704M, Empty: 0M, Relocated: 219M, In-Place: 1
[10.717s][info][gc,reloc    ] GC(58) Large Pages: 0 / 0M, Empty: 0M, Relocated: 0M, In-Place: 0
[10.717s][info][gc,reloc    ] GC(58) Forwarding Usage: 0M
[10.717s][info][gc,heap     ] GC(58) Min Capacity: 1024M(100%)
[10.717s][info][gc,heap     ] GC(58) Max Capacity: 1024M(100%)
[10.717s][info][gc,heap     ] GC(58) Soft Max Capacity: 1024M(100%)
[10.717s][info][gc,heap     ] GC(58)                Mark Start          Mark End        Relocate Start      Relocate End           High               Low         
[10.717s][info][gc,heap     ] GC(58)  Capacity:     1024M (100%)       1024M (100%)       1024M (100%)       1024M (100%)       1024M (100%)       1024M (100%)   
[10.717s][info][gc,heap     ] GC(58)      Free:        4M (0%)            0M (0%)            0M (0%)            2M (0%)          132M (13%)           0M (0%)     
[10.717s][info][gc,heap     ] GC(58)      Used:     1020M (100%)       1024M (100%)       1024M (100%)       1022M (100%)       1024M (100%)        892M (87%)    
[10.717s][info][gc,heap     ] GC(58)      Live:         -               349M (34%)         349M (34%)         349M (34%)            -                  -          
[10.717s][info][gc,heap     ] GC(58) Allocated:         -                 4M (0%)            4M (0%)          597M (58%)            -                  -          
[10.717s][info][gc,heap     ] GC(58)   Garbage:         -               670M (66%)         670M (66%)          74M (7%)             -                  -          
[10.717s][info][gc,heap     ] GC(58) Reclaimed:         -                  -                 0M (0%)          595M (58%)            -                  -          
[10.717s][info][gc          ] GC(58) Garbage Collection (Allocation Stall) 1020M(100%)->1022M(100%)
[10.735s][info][gc,start    ] GC(59) Garbage Collection (Allocation Stall)
[10.735s][info][gc,ref      ] GC(59) Clearing All SoftReferences
[10.735s][info][gc,task     ] GC(59) Using 3 workers
[10.735s][info][gc,phases   ] GC(59) Pause Mark Start 0.006ms
[10.739s][info][gc,phases   ] GC(59) Concurrent Mark 3.967ms
[10.739s][info][gc,phases   ] GC(59) Pause Mark End 0.006ms
[10.739s][info][gc,phases   ] GC(59) Concurrent Mark Free 0.001ms
[10.740s][info][gc,phases   ] GC(59) Concurrent Process Non-Strong References 0.484ms
[10.740s][info][gc,phases   ] GC(59) Concurrent Reset Relocation Set 0.006ms
[10.741s][info][gc,phases   ] GC(59) Concurrent Select Relocation Set 1.315ms
[10.741s][info][gc,phases   ] GC(59) Pause Relocate Start 0.004ms
[10.751s][info][gc          ] Allocation Stall (pool-1-thread-2) 16.220ms
[10.798s][info][gc          ] Relocation Stall (pool-1-thread-1) 51.910ms
[10.798s][info][gc          ] Allocation Stall (pool-1-thread-1) 63.935ms
[10.800s][info][gc          ] Relocation Stall (pool-1-thread-3) 53.649ms
[10.800s][info][gc          ] Relocation Stall (main) 58.754ms
[10.800s][info][gc          ] Allocation Stall (pool-1-thread-3) 65.663ms
[10.804s][info][gc          ] Relocation Stall (pool-1-thread-4) 57.585ms
[10.805s][info][gc          ] Allocation Stall (pool-1-thread-4) 70.311ms
[10.855s][info][gc,phases   ] GC(59) Concurrent Relocate 113.438ms
[10.855s][info][gc,load     ] GC(59) Load: 1.55/0.58/0.26
[10.855s][info][gc,mmu      ] GC(59) MMU: 2ms/97.9%, 5ms/99.1%, 10ms/99.5%, 20ms/99.7%, 50ms/99.8%, 100ms/99.9%
[10.855s][info][gc,marking  ] GC(59) Mark: 2 stripe(s), 2 proactive flush(es), 1 terminate flush(es), 0 completion(s), 0 continuation(s) 
[10.855s][info][gc,marking  ] GC(59) Mark Stack Usage: 32M
[10.855s][info][gc,nmethod  ] GC(59) NMethods: 437 registered, 0 unregistered
[10.855s][info][gc,metaspace] GC(59) Metaspace: 6M used, 6M committed, 1088M reserved
[10.855s][info][gc,ref      ] GC(59) Soft: 34 encountered, 10 discovered, 0 enqueued
[10.855s][info][gc,ref      ] GC(59) Weak: 179 encountered, 86 discovered, 0 enqueued
[10.855s][info][gc,ref      ] GC(59) Final: 0 encountered, 0 discovered, 0 enqueued
[10.855s][info][gc,ref      ] GC(59) Phantom: 3 encountered, 2 discovered, 0 enqueued
[10.855s][info][gc,reloc    ] GC(59) Small Pages: 144 / 288M, Empty: 0M, Relocated: 92M, In-Place: 0
[10.855s][info][gc,reloc    ] GC(59) Medium Pages: 23 / 736M, Empty: 0M, Relocated: 239M, In-Place: 3
[10.855s][info][gc,reloc    ] GC(59) Large Pages: 0 / 0M, Empty: 0M, Relocated: 0M, In-Place: 0
[10.855s][info][gc,reloc    ] GC(59) Forwarding Usage: 0M
[10.855s][info][gc,heap     ] GC(59) Min Capacity: 1024M(100%)
[10.855s][info][gc,heap     ] GC(59) Max Capacity: 1024M(100%)
[10.855s][info][gc,heap     ] GC(59) Soft Max Capacity: 1024M(100%)
[10.855s][info][gc,heap     ] GC(59)                Mark Start          Mark End        Relocate Start      Relocate End           High               Low         
[10.855s][info][gc,heap     ] GC(59)  Capacity:     1024M (100%)       1024M (100%)       1024M (100%)       1024M (100%)       1024M (100%)       1024M (100%)   
[10.855s][info][gc,heap     ] GC(59)      Free:        0M (0%)            0M (0%)            0M (0%)          190M (19%)         304M (30%)           0M (0%)     
[10.855s][info][gc,heap     ] GC(59)      Used:     1024M (100%)       1024M (100%)       1024M (100%)        834M (81%)        1024M (100%)        720M (70%)    
[10.855s][info][gc,heap     ] GC(59)      Live:         -               353M (35%)         353M (35%)         353M (35%)            -                  -          
[10.855s][info][gc,heap     ] GC(59) Allocated:         -                 0M (0%)            0M (0%)          439M (43%)            -                  -          
[10.855s][info][gc,heap     ] GC(59)   Garbage:         -               670M (65%)         670M (65%)          40M (4%)             -                  -          
[10.855s][info][gc,heap     ] GC(59) Reclaimed:         -                  -                 0M (0%)          629M (62%)            -                  -          
[10.855s][info][gc          ] GC(59) Garbage Collection (Allocation Stall) 1024M(100%)->834M(81%)
[10.865s][info][gc,start    ] GC(60) Garbage Collection (Allocation Rate)
[10.866s][info][gc,task     ] GC(60) Using 3 workers
[10.868s][info][gc,phases   ] GC(60) Pause Mark Start 0.006ms
[10.868s][info][gc          ] Allocation Stall (pool-1-thread-1) 2.769ms
[10.881s][info][gc,phases   ] GC(60) Concurrent Mark 12.761ms
[10.881s][info][gc,phases   ] GC(60) Pause Mark End 0.010ms
[10.881s][info][gc,phases   ] GC(60) Concurrent Mark Free 0.001ms
[10.882s][info][gc,phases   ] GC(60) Concurrent Process Non-Strong References 0.566ms
[10.882s][info][gc,phases   ] GC(60) Concurrent Reset Relocation Set 0.010ms
[10.883s][info][gc,phases   ] GC(60) Concurrent Select Relocation Set 1.252ms
[10.883s][info][gc,phases   ] GC(60) Pause Relocate Start 0.004ms
[10.887s][info][gc          ] Allocation Stall (pool-1-thread-4) 6.332ms
[10.888s][info][gc          ] Allocation Stall (pool-1-thread-3) 6.526ms
[10.888s][info][gc          ] Allocation Stall (pool-1-thread-2) 6.665ms
[10.888s][info][gc          ] Allocation Stall (pool-1-thread-1) 6.708ms
[10.898s][info][gc          ] Allocation Stall (pool-1-thread-3) 1.106ms
[10.924s][info][gc          ] Allocation Stall (pool-1-thread-3) 0.458ms
[10.924s][info][gc          ] Allocation Stall (pool-1-thread-4) 3.680ms
[10.924s][info][gc          ] Allocation Stall (pool-1-thread-2) 2.460ms
[10.924s][info][gc          ] Allocation Stall (pool-1-thread-1) 0.967ms
[10.931s][info][gc          ] Allocation Stall (pool-1-thread-1) 2.961ms
[10.939s][info][gc          ] Allocation Stall (pool-1-thread-4) 10.490ms
[10.939s][info][gc          ] Allocation Stall (pool-1-thread-3) 10.922ms
[10.940s][info][gc          ] Allocation Stall (pool-1-thread-2) 11.260ms
[10.951s][info][gc          ] Allocation Stall (pool-1-thread-1) 5.758ms
[10.951s][info][gc          ] Allocation Stall (pool-1-thread-3) 3.589ms
[10.951s][info][gc          ] Allocation Stall (pool-1-thread-2) 3.708ms
[10.951s][info][gc          ] Allocation Stall (pool-1-thread-4) 1.514ms
[10.954s][info][gc          ] Allocation Stall (pool-1-thread-1) 0.466ms
[10.967s][info][gc          ] Allocation Stall (pool-1-thread-2) 13.803ms
[10.969s][info][gc          ] Allocation Stall (pool-1-thread-4) 15.087ms
[10.969s][info][gc          ] Allocation Stall (pool-1-thread-3) 15.266ms
[10.969s][info][gc          ] Allocation Stall (pool-1-thread-1) 1.717ms
[10.985s][info][gc          ] Allocation Stall (pool-1-thread-2) 1.228ms
[10.988s][info][gc          ] Allocation Stall (pool-1-thread-3) 3.805ms
[10.988s][info][gc          ] Allocation Stall (pool-1-thread-4) 3.734ms
[11.008s][info][gc          ] Allocation Stall (pool-1-thread-1) 1.321ms
[11.009s][info][gc,phases   ] GC(60) Concurrent Relocate 126.188ms
[11.009s][info][gc,load     ] GC(60) Load: 1.55/0.58/0.26
[11.009s][info][gc,mmu      ] GC(60) MMU: 2ms/97.9%, 5ms/99.1%, 10ms/99.5%, 20ms/99.7%, 50ms/99.8%, 100ms/99.9%
[11.009s][info][gc,marking  ] GC(60) Mark: 2 stripe(s), 7 proactive flush(es), 1 terminate flush(es), 0 completion(s), 0 continuation(s) 
[11.009s][info][gc,marking  ] GC(60) Mark Stack Usage: 32M
[11.009s][info][gc,nmethod  ] GC(60) NMethods: 437 registered, 0 unregistered
[11.009s][info][gc,metaspace] GC(60) Metaspace: 6M used, 6M committed, 1088M reserved
[11.009s][info][gc,ref      ] GC(60) Soft: 34 encountered, 0 discovered, 0 enqueued
[11.009s][info][gc,ref      ] GC(60) Weak: 179 encountered, 15 discovered, 0 enqueued
[11.009s][info][gc,ref      ] GC(60) Final: 0 encountered, 0 discovered, 0 enqueued
[11.009s][info][gc,ref      ] GC(60) Phantom: 3 encountered, 0 discovered, 0 enqueued
[11.009s][info][gc,reloc    ] GC(60) Small Pages: 125 / 250M, Empty: 0M, Relocated: 87M, In-Place: 0
[11.009s][info][gc,reloc    ] GC(60) Medium Pages: 22 / 704M, Empty: 0M, Relocated: 250M, In-Place: 5
[11.009s][info][gc,reloc    ] GC(60) Large Pages: 0 / 0M, Empty: 0M, Relocated: 0M, In-Place: 0
[11.009s][info][gc,reloc    ] GC(60) Forwarding Usage: 0M
[11.009s][info][gc,heap     ] GC(60) Min Capacity: 1024M(100%)
[11.009s][info][gc,heap     ] GC(60) Max Capacity: 1024M(100%)
[11.009s][info][gc,heap     ] GC(60) Soft Max Capacity: 1024M(100%)
[11.009s][info][gc,heap     ] GC(60)                Mark Start          Mark End        Relocate Start      Relocate End           High               Low         
[11.009s][info][gc,heap     ] GC(60)  Capacity:     1024M (100%)       1024M (100%)       1024M (100%)       1024M (100%)       1024M (100%)       1024M (100%)   
[11.009s][info][gc,heap     ] GC(60)      Free:       38M (4%)           20M (2%)           20M (2%)            2M (0%)           82M (8%)            0M (0%)     
[11.009s][info][gc,heap     ] GC(60)      Used:      986M (96%)        1004M (98%)        1004M (98%)        1022M (100%)       1024M (100%)        942M (92%)    
[11.009s][info][gc,heap     ] GC(60)      Live:         -               346M (34%)         346M (34%)         346M (34%)            -                  -          
[11.009s][info][gc,heap     ] GC(60) Allocated:         -                18M (2%)           18M (2%)          625M (61%)            -                  -          
[11.009s][info][gc,heap     ] GC(60)   Garbage:         -               639M (62%)         639M (62%)          49M (5%)             -                  -          
[11.009s][info][gc,heap     ] GC(60) Reclaimed:         -                  -                 0M (0%)          589M (58%)            -                  -          
[11.009s][info][gc          ] GC(60) Garbage Collection (Allocation Rate) 986M(96%)->1022M(100%)
[11.010s][info][gc,start    ] GC(61) Garbage Collection (Allocation Stall)
[11.010s][info][gc,ref      ] GC(61) Clearing All SoftReferences
[11.010s][info][gc,task     ] GC(61) Using 3 workers
[11.013s][info][gc,phases   ] GC(61) Pause Mark Start 0.006ms
[11.013s][info][gc          ] Allocation Stall (pool-1-thread-4) 5.943ms
[11.017s][info][gc,phases   ] GC(61) Concurrent Mark 4.391ms
[11.018s][info][gc,phases   ] GC(61) Pause Mark End 0.014ms
[11.018s][info][gc,phases   ] GC(61) Concurrent Mark Free 0.001ms
[11.018s][info][gc,phases   ] GC(61) Concurrent Process Non-Strong References 0.589ms
[11.018s][info][gc,phases   ] GC(61) Concurrent Reset Relocation Set 0.008ms
[11.020s][info][gc,phases   ] GC(61) Concurrent Select Relocation Set 1.395ms
[11.020s][info][gc,phases   ] GC(61) Pause Relocate Start 0.006ms
[11.025s][info][gc          ] Allocation Stall (pool-1-thread-3) 9.347ms
[11.025s][info][gc          ] Allocation Stall (pool-1-thread-1) 11.541ms
[11.025s][info][gc          ] Allocation Stall (pool-1-thread-4) 11.493ms
[11.062s][info][gc          ] Allocation Stall (pool-1-thread-3) 0.565ms
[11.065s][info][gc          ] Allocation Stall (pool-1-thread-4) 4.327ms
[11.066s][info][gc          ] Allocation Stall (pool-1-thread-1) 4.480ms
[11.072s][info][gc          ] Allocation Stall (pool-1-thread-1) 1.005ms
[11.079s][info][gc          ] Allocation Stall (pool-1-thread-4) 7.372ms
[11.079s][info][gc          ] Allocation Stall (pool-1-thread-3) 7.827ms
[11.101s][info][gc          ] Allocation Stall (pool-1-thread-3) 6.517ms
[11.101s][info][gc          ] Allocation Stall (pool-1-thread-4) 5.944ms
[11.101s][info][gc          ] Allocation Stall (pool-1-thread-1) 6.316ms
[11.109s][info][gc          ] Allocation Stall (pool-1-thread-4) 2.325ms
[11.110s][info][gc          ] Allocation Stall (pool-1-thread-1) 3.864ms
[11.112s][info][gc          ] Relocation Stall (pool-1-thread-2) 88.287ms
[11.113s][info][gc          ] Allocation Stall (pool-1-thread-2) 105.202ms
[11.150s][info][gc          ] Allocation Stall (pool-1-thread-2) 1.101ms
[11.150s][info][gc          ] Allocation Stall (pool-1-thread-3) 1.258ms
[11.158s][info][gc,phases   ] GC(61) Concurrent Relocate 137.808ms
[11.158s][info][gc,load     ] GC(61) Load: 1.55/0.58/0.26
[11.158s][info][gc,mmu      ] GC(61) MMU: 2ms/97.9%, 5ms/99.1%, 10ms/99.5%, 20ms/99.7%, 50ms/99.8%, 100ms/99.9%
[11.158s][info][gc,marking  ] GC(61) Mark: 2 stripe(s), 2 proactive flush(es), 1 terminate flush(es), 0 completion(s), 0 continuation(s) 
[11.158s][info][gc,marking  ] GC(61) Mark Stack Usage: 32M
[11.158s][info][gc,nmethod  ] GC(61) NMethods: 437 registered, 0 unregistered
[11.158s][info][gc,metaspace] GC(61) Metaspace: 6M used, 6M committed, 1088M reserved
[11.158s][info][gc,ref      ] GC(61) Soft: 34 encountered, 21 discovered, 0 enqueued
[11.158s][info][gc,ref      ] GC(61) Weak: 179 encountered, 2 discovered, 0 enqueued
[11.158s][info][gc,ref      ] GC(61) Final: 0 encountered, 0 discovered, 0 enqueued
[11.158s][info][gc,ref      ] GC(61) Phantom: 3 encountered, 3 discovered, 0 enqueued
[11.158s][info][gc,reloc    ] GC(61) Small Pages: 143 / 286M, Empty: 2M, Relocated: 97M, In-Place: 0
[11.158s][info][gc,reloc    ] GC(61) Medium Pages: 22 / 704M, Empty: 0M, Relocated: 245M, In-Place: 4
[11.158s][info][gc,reloc    ] GC(61) Large Pages: 0 / 0M, Empty: 0M, Relocated: 0M, In-Place: 0
[11.158s][info][gc,reloc    ] GC(61) Forwarding Usage: 0M
[11.158s][info][gc,heap     ] GC(61) Min Capacity: 1024M(100%)
[11.158s][info][gc,heap     ] GC(61) Max Capacity: 1024M(100%)
[11.158s][info][gc,heap     ] GC(61) Soft Max Capacity: 1024M(100%)
[11.158s][info][gc,heap     ] GC(61)                Mark Start          Mark End        Relocate Start      Relocate End           High               Low         
[11.158s][info][gc,heap     ] GC(61)  Capacity:     1024M (100%)       1024M (100%)       1024M (100%)       1024M (100%)       1024M (100%)       1024M (100%)   
[11.158s][info][gc,heap     ] GC(61)      Free:        2M (0%)            0M (0%)            2M (0%)           72M (7%)          118M (12%)           0M (0%)     
[11.158s][info][gc,heap     ] GC(61)      Used:     1022M (100%)       1024M (100%)       1022M (100%)        952M (93%)        1024M (100%)        906M (88%)    
[11.158s][info][gc,heap     ] GC(61)      Live:         -               345M (34%)         345M (34%)         345M (34%)            -                  -          
[11.158s][info][gc,heap     ] GC(61) Allocated:         -                 2M (0%)            2M (0%)          555M (54%)            -                  -          
[11.158s][info][gc,heap     ] GC(61)   Garbage:         -               676M (66%)         674M (66%)          50M (5%)             -                  -          
[11.158s][info][gc,heap     ] GC(61) Reclaimed:         -                  -                 2M (0%)          625M (61%)            -                  -          
[11.158s][info][gc          ] GC(61) Garbage Collection (Allocation Stall) 1022M(100%)->952M(93%)
[11.165s][info][gc,start    ] GC(62) Garbage Collection (Allocation Stall)
[11.165s][info][gc,ref      ] GC(62) Clearing All SoftReferences
[11.165s][info][gc,task     ] GC(62) Using 3 workers
[11.166s][info][gc,phases   ] GC(62) Pause Mark Start 0.011ms
[11.173s][info][gc,phases   ] GC(62) Concurrent Mark 7.273ms
[11.173s][info][gc,phases   ] GC(62) Pause Mark End 0.011ms
[11.173s][info][gc,phases   ] GC(62) Concurrent Mark Free 0.001ms
[11.174s][info][gc,phases   ] GC(62) Concurrent Process Non-Strong References 0.554ms
[11.174s][info][gc,phases   ] GC(62) Concurrent Reset Relocation Set 0.010ms
[11.175s][info][gc,phases   ] GC(62) Concurrent Select Relocation Set 1.455ms
[11.175s][info][gc,phases   ] GC(62) Pause Relocate Start 0.007ms
[11.180s][info][gc          ] Allocation Stall (pool-1-thread-3) 8.248ms
[11.180s][info][gc          ] Allocation Stall (pool-1-thread-2) 8.353ms
[11.181s][info][gc          ] Allocation Stall (pool-1-thread-4) 8.702ms
[11.181s][info][gc          ] Allocation Stall (pool-1-thread-1) 8.764ms
[11.193s][info][gc          ] Allocation Stall (pool-1-thread-2) 2.587ms
[11.193s][info][gc          ] Allocation Stall (pool-1-thread-3) 1.211ms
[11.206s][info][gc          ] Allocation Stall (pool-1-thread-2) 1.803ms
[11.209s][info][gc          ] Allocation Stall (pool-1-thread-4) 4.780ms
[11.210s][info][gc          ] Allocation Stall (pool-1-thread-3) 5.264ms
[11.210s][info][gc          ] Allocation Stall (pool-1-thread-1) 5.530ms
[11.218s][info][gc          ] Allocation Stall (pool-1-thread-4) 2.278ms
[11.223s][info][gc          ] Allocation Stall (pool-1-thread-3) 7.124ms
[11.224s][info][gc          ] Allocation Stall (pool-1-thread-1) 7.491ms
[11.224s][info][gc          ] Allocation Stall (pool-1-thread-2) 7.602ms
[11.228s][info][gc          ] Allocation Stall (pool-1-thread-2) 0.473ms
[11.234s][info][gc          ] Allocation Stall (pool-1-thread-1) 5.950ms
[11.234s][info][gc          ] Allocation Stall (pool-1-thread-3) 6.211ms
[11.234s][info][gc          ] Allocation Stall (pool-1-thread-4) 6.318ms
[11.246s][info][gc          ] Allocation Stall (pool-1-thread-2) 1.852ms
[11.246s][info][gc          ] Allocation Stall (pool-1-thread-3) 2.061ms
[11.255s][info][gc          ] Allocation Stall (pool-1-thread-2) 5.609ms
[11.256s][info][gc          ] Allocation Stall (pool-1-thread-3) 6.580ms
[11.256s][info][gc          ] Allocation Stall (pool-1-thread-1) 6.617ms
[11.256s][info][gc          ] Allocation Stall (pool-1-thread-4) 6.525ms
[11.267s][info][gc          ] Allocation Stall (pool-1-thread-3) 3.919ms
[11.267s][info][gc          ] Allocation Stall (pool-1-thread-2) 4.220ms
[11.267s][info][gc          ] Allocation Stall (pool-1-thread-1) 4.413ms
[11.292s][info][gc          ] Allocation Stall (pool-1-thread-4) 0.698ms
[11.296s][info][gc          ] Allocation Stall (pool-1-thread-2) 4.015ms
[11.296s][info][gc          ] Allocation Stall (pool-1-thread-3) 4.297ms
[11.303s][info][gc,phases   ] GC(62) Concurrent Relocate 127.349ms
[11.303s][info][gc,load     ] GC(62) Load: 1.55/0.58/0.26
[11.303s][info][gc,mmu      ] GC(62) MMU: 2ms/97.9%, 5ms/99.1%, 10ms/99.5%, 20ms/99.7%, 50ms/99.8%, 100ms/99.9%
[11.303s][info][gc,marking  ] GC(62) Mark: 2 stripe(s), 3 proactive flush(es), 1 terminate flush(es), 0 completion(s), 0 continuation(s) 
[11.303s][info][gc,marking  ] GC(62) Mark Stack Usage: 32M
[11.303s][info][gc,nmethod  ] GC(62) NMethods: 437 registered, 0 unregistered
[11.303s][info][gc,metaspace] GC(62) Metaspace: 6M used, 6M committed, 1088M reserved
[11.303s][info][gc,ref      ] GC(62) Soft: 34 encountered, 18 discovered, 0 enqueued
[11.303s][info][gc,ref      ] GC(62) Weak: 179 encountered, 4 discovered, 0 enqueued
[11.303s][info][gc,ref      ] GC(62) Final: 0 encountered, 0 discovered, 0 enqueued
[11.303s][info][gc,ref      ] GC(62) Phantom: 3 encountered, 2 discovered, 0 enqueued
[11.303s][info][gc,reloc    ] GC(62) Small Pages: 141 / 282M, Empty: 2M, Relocated: 95M, In-Place: 0
[11.303s][info][gc,reloc    ] GC(62) Medium Pages: 21 / 672M, Empty: 0M, Relocated: 241M, In-Place: 2
[11.303s][info][gc,reloc    ] GC(62) Large Pages: 0 / 0M, Empty: 0M, Relocated: 0M, In-Place: 0
[11.303s][info][gc,reloc    ] GC(62) Forwarding Usage: 0M
[11.303s][info][gc,heap     ] GC(62) Min Capacity: 1024M(100%)
[11.303s][info][gc,heap     ] GC(62) Max Capacity: 1024M(100%)
[11.303s][info][gc,heap     ] GC(62) Soft Max Capacity: 1024M(100%)
[11.303s][info][gc,heap     ] GC(62)                Mark Start          Mark End        Relocate Start      Relocate End           High               Low         
[11.303s][info][gc,heap     ] GC(62)  Capacity:     1024M (100%)       1024M (100%)       1024M (100%)       1024M (100%)       1024M (100%)       1024M (100%)   
[11.303s][info][gc,heap     ] GC(62)      Free:       70M (7%)           20M (2%)           22M (2%)           80M (8%)          120M (12%)           0M (0%)     
[11.303s][info][gc,heap     ] GC(62)      Used:      954M (93%)        1004M (98%)        1002M (98%)         944M (92%)        1024M (100%)        904M (88%)    
[11.303s][info][gc,heap     ] GC(62)      Live:         -               338M (33%)         338M (33%)         338M (33%)            -                  -          
[11.303s][info][gc,heap     ] GC(62) Allocated:         -                50M (5%)           50M (5%)          585M (57%)            -                  -          
[11.303s][info][gc,heap     ] GC(62)   Garbage:         -               615M (60%)         613M (60%)          19M (2%)             -                  -          
[11.303s][info][gc,heap     ] GC(62) Reclaimed:         -                  -                 2M (0%)          595M (58%)            -                  -          
[11.303s][info][gc          ] GC(62) Garbage Collection (Allocation Stall) 954M(93%)->944M(92%)
[11.314s][info][gc,start    ] GC(63) Garbage Collection (Allocation Stall)
[11.314s][info][gc,ref      ] GC(63) Clearing All SoftReferences
[11.314s][info][gc,task     ] GC(63) Using 3 workers
[11.314s][info][gc,phases   ] GC(63) Pause Mark Start 0.024ms
[11.318s][info][gc,phases   ] GC(63) Concurrent Mark 3.945ms
[11.318s][info][gc,phases   ] GC(63) Pause Mark End 0.010ms
[11.318s][info][gc,phases   ] GC(63) Concurrent Mark Free 0.001ms
[11.319s][info][gc,phases   ] GC(63) Concurrent Process Non-Strong References 0.662ms
[11.319s][info][gc,phases   ] GC(63) Concurrent Reset Relocation Set 0.011ms
[11.320s][info][gc,phases   ] GC(63) Concurrent Select Relocation Set 1.444ms
[11.321s][info][gc,phases   ] GC(63) Pause Relocate Start 0.023ms
[11.327s][info][gc          ] Allocation Stall (pool-1-thread-4) 13.746ms
[11.327s][info][gc          ] Allocation Stall (pool-1-thread-2) 13.577ms
[11.327s][info][gc          ] Allocation Stall (pool-1-thread-3) 13.787ms
[11.328s][info][gc          ] Allocation Stall (pool-1-thread-1) 13.934ms
[11.350s][info][gc          ] Allocation Stall (pool-1-thread-1) 4.508ms
[11.358s][info][gc          ] Allocation Stall (pool-1-thread-2) 12.477ms
[11.358s][info][gc          ] Allocation Stall (pool-1-thread-4) 12.782ms
[11.358s][info][gc          ] Allocation Stall (pool-1-thread-3) 13.058ms
[11.376s][info][gc          ] Allocation Stall (pool-1-thread-1) 2.590ms
[11.385s][info][gc          ] Allocation Stall (pool-1-thread-3) 3.162ms
[11.391s][info][gc          ] Allocation Stall (pool-1-thread-2) 9.240ms
[11.391s][info][gc          ] Allocation Stall (pool-1-thread-4) 9.438ms
[11.392s][info][gc          ] Allocation Stall (pool-1-thread-1) 9.383ms
[11.405s][info][gc          ] Allocation Stall (pool-1-thread-3) 1.793ms
[11.410s][info][gc          ] Allocation Stall (pool-1-thread-1) 1.992ms
[11.411s][info][gc          ] Allocation Stall (pool-1-thread-2) 2.528ms
[11.416s][info][gc          ] Allocation Stall (pool-1-thread-4) 7.226ms
[11.417s][info][gc          ] Allocation Stall (pool-1-thread-3) 7.764ms
[11.455s][info][gc          ] Allocation Stall (pool-1-thread-3) 2.948ms
[11.456s][info][gc          ] Allocation Stall (pool-1-thread-2) 3.131ms
[11.466s][info][gc,phases   ] GC(63) Concurrent Relocate 145.065ms
[11.466s][info][gc,load     ] GC(63) Load: 1.55/0.58/0.26
[11.466s][info][gc,mmu      ] GC(63) MMU: 2ms/97.9%, 5ms/99.1%, 10ms/99.4%, 20ms/99.7%, 50ms/99.8%, 100ms/99.9%
[11.466s][info][gc,marking  ] GC(63) Mark: 2 stripe(s), 2 proactive flush(es), 1 terminate flush(es), 0 completion(s), 0 continuation(s) 
[11.466s][info][gc,marking  ] GC(63) Mark Stack Usage: 32M
[11.466s][info][gc,nmethod  ] GC(63) NMethods: 437 registered, 0 unregistered
[11.466s][info][gc,metaspace] GC(63) Metaspace: 6M used, 6M committed, 1088M reserved
[11.466s][info][gc,ref      ] GC(63) Soft: 34 encountered, 22 discovered, 0 enqueued
[11.466s][info][gc,ref      ] GC(63) Weak: 179 encountered, 50 discovered, 0 enqueued
[11.466s][info][gc,ref      ] GC(63) Final: 0 encountered, 0 discovered, 0 enqueued
[11.466s][info][gc,ref      ] GC(63) Phantom: 3 encountered, 2 discovered, 0 enqueued
[11.466s][info][gc,reloc    ] GC(63) Small Pages: 147 / 294M, Empty: 4M, Relocated: 97M, In-Place: 0
[11.466s][info][gc,reloc    ] GC(63) Medium Pages: 22 / 704M, Empty: 0M, Relocated: 221M, In-Place: 4
[11.466s][info][gc,reloc    ] GC(63) Large Pages: 0 / 0M, Empty: 0M, Relocated: 0M, In-Place: 0
[11.466s][info][gc,reloc    ] GC(63) Forwarding Usage: 0M
[11.466s][info][gc,heap     ] GC(63) Min Capacity: 1024M(100%)
[11.466s][info][gc,heap     ] GC(63) Max Capacity: 1024M(100%)
[11.466s][info][gc,heap     ] GC(63) Soft Max Capacity: 1024M(100%)
[11.466s][info][gc,heap     ] GC(63)                Mark Start          Mark End        Relocate Start      Relocate End           High               Low         
[11.466s][info][gc,heap     ] GC(63)  Capacity:     1024M (100%)       1024M (100%)       1024M (100%)       1024M (100%)       1024M (100%)       1024M (100%)   
[11.466s][info][gc,heap     ] GC(63)      Free:       26M (3%)           26M (3%)           30M (3%)           90M (9%)          130M (13%)           0M (0%)     
[11.466s][info][gc,heap     ] GC(63)      Used:      998M (97%)         998M (97%)         994M (97%)         934M (91%)        1024M (100%)        894M (87%)    
[11.466s][info][gc,heap     ] GC(63)      Live:         -               351M (34%)         351M (34%)         351M (34%)            -                  -          
[11.466s][info][gc,heap     ] GC(63) Allocated:         -                 0M (0%)            0M (0%)          539M (53%)            -                  -          
[11.466s][info][gc,heap     ] GC(63)   Garbage:         -               646M (63%)         642M (63%)          42M (4%)             -                  -          
[11.466s][info][gc,heap     ] GC(63) Reclaimed:         -                  -                 4M (0%)          603M (59%)            -                  -          
[11.466s][info][gc          ] GC(63) Garbage Collection (Allocation Stall) 998M(97%)->934M(91%)
[11.488s][info][gc,start    ] GC(64) Garbage Collection (Allocation Stall)
[11.489s][info][gc,ref      ] GC(64) Clearing All SoftReferences
[11.489s][info][gc,task     ] GC(64) Using 3 workers
[11.489s][info][gc,phases   ] GC(64) Pause Mark Start 0.025ms
[11.494s][info][gc,phases   ] GC(64) Concurrent Mark 4.815ms
[11.494s][info][gc,phases   ] GC(64) Pause Mark End 0.012ms
[11.494s][info][gc,phases   ] GC(64) Concurrent Mark Free 0.001ms
[11.495s][info][gc,phases   ] GC(64) Concurrent Process Non-Strong References 0.702ms
[11.495s][info][gc,phases   ] GC(64) Concurrent Reset Relocation Set 0.009ms
[11.497s][info][gc          ] Allocation Stall (pool-1-thread-1) 8.279ms
[11.497s][info][gc,phases   ] GC(64) Concurrent Select Relocation Set 1.452ms
[11.497s][info][gc,phases   ] GC(64) Pause Relocate Start 0.006ms
[11.510s][info][gc          ] Allocation Stall (pool-1-thread-1) 13.829ms
[11.577s][info][gc          ] Relocation Stall (main) 80.459ms
[11.586s][info][gc          ] Relocation Stall (pool-1-thread-2) 84.876ms
[11.587s][info][gc          ] Allocation Stall (pool-1-thread-2) 97.475ms
[11.590s][info][gc          ] Relocation Stall (pool-1-thread-3) 88.571ms
[11.590s][info][gc          ] Allocation Stall (pool-1-thread-3) 101.013ms
[11.603s][info][gc          ] Relocation Stall (pool-1-thread-4) 100.312ms
[11.603s][info][gc          ] Allocation Stall (pool-1-thread-4) 114.026ms
[11.643s][info][gc,phases   ] GC(64) Concurrent Relocate 145.828ms
[11.643s][info][gc,load     ] GC(64) Load: 1.55/0.58/0.26
[11.643s][info][gc,mmu      ] GC(64) MMU: 2ms/97.9%, 5ms/99.1%, 10ms/99.4%, 20ms/99.7%, 50ms/99.8%, 100ms/99.9%
[11.643s][info][gc,marking  ] GC(64) Mark: 2 stripe(s), 2 proactive flush(es), 1 terminate flush(es), 0 completion(s), 0 continuation(s) 
[11.643s][info][gc,marking  ] GC(64) Mark Stack Usage: 32M
[11.643s][info][gc,nmethod  ] GC(64) NMethods: 437 registered, 0 unregistered
[11.643s][info][gc,metaspace] GC(64) Metaspace: 6M used, 6M committed, 1088M reserved
[11.643s][info][gc,ref      ] GC(64) Soft: 34 encountered, 24 discovered, 0 enqueued
[11.643s][info][gc,ref      ] GC(64) Weak: 179 encountered, 144 discovered, 0 enqueued
[11.643s][info][gc,ref      ] GC(64) Final: 0 encountered, 0 discovered, 0 enqueued
[11.643s][info][gc,ref      ] GC(64) Phantom: 3 encountered, 1 discovered, 0 enqueued
[11.643s][info][gc,reloc    ] GC(64) Small Pages: 144 / 288M, Empty: 2M, Relocated: 92M, In-Place: 0
[11.643s][info][gc,reloc    ] GC(64) Medium Pages: 23 / 736M, Empty: 0M, Relocated: 240M, In-Place: 2
[11.643s][info][gc,reloc    ] GC(64) Large Pages: 0 / 0M, Empty: 0M, Relocated: 0M, In-Place: 0
[11.643s][info][gc,reloc    ] GC(64) Forwarding Usage: 0M
[11.643s][info][gc,heap     ] GC(64) Min Capacity: 1024M(100%)
[11.643s][info][gc,heap     ] GC(64) Max Capacity: 1024M(100%)
[11.643s][info][gc,heap     ] GC(64) Soft Max Capacity: 1024M(100%)
[11.643s][info][gc,heap     ] GC(64)                Mark Start          Mark End        Relocate Start      Relocate End           High               Low         
[11.643s][info][gc,heap     ] GC(64)  Capacity:     1024M (100%)       1024M (100%)       1024M (100%)       1024M (100%)       1024M (100%)       1024M (100%)   
[11.643s][info][gc,heap     ] GC(64)      Free:        0M (0%)            0M (0%)            0M (0%)          222M (22%)         316M (31%)           0M (0%)     
[11.643s][info][gc,heap     ] GC(64)      Used:     1024M (100%)       1024M (100%)       1024M (100%)        802M (78%)        1024M (100%)        708M (69%)    
[11.643s][info][gc,heap     ] GC(64)      Live:         -               353M (35%)         353M (35%)         353M (35%)            -                  -          
[11.643s][info][gc,heap     ] GC(64) Allocated:         -                 0M (0%)            2M (0%)          407M (40%)            -                  -          
[11.643s][info][gc,heap     ] GC(64)   Garbage:         -               670M (65%)         668M (65%)          40M (4%)             -                  -          
[11.643s][info][gc,heap     ] GC(64) Reclaimed:         -                  -                 2M (0%)          629M (62%)            -                  -          
[11.643s][info][gc          ] GC(64) Garbage Collection (Allocation Stall) 1024M(100%)->802M(78%)
[11.664s][info][gc,start    ] GC(65) Garbage Collection (Allocation Stall)
[11.665s][info][gc,ref      ] GC(65) Clearing All SoftReferences
[11.665s][info][gc,task     ] GC(65) Using 3 workers
[11.666s][info][gc,phases   ] GC(65) Pause Mark Start 0.021ms
[11.688s][info][gc,phases   ] GC(65) Concurrent Mark 22.639ms
[11.693s][info][gc,phases   ] GC(65) Pause Mark End 0.020ms
[11.693s][info][gc,phases   ] GC(65) Concurrent Mark Free 0.002ms
[11.694s][info][gc,phases   ] GC(65) Concurrent Process Non-Strong References 0.982ms
[11.694s][info][gc,phases   ] GC(65) Concurrent Reset Relocation Set 0.014ms
[11.697s][info][gc,phases   ] GC(65) Concurrent Select Relocation Set 2.685ms
[11.697s][info][gc,phases   ] GC(65) Pause Relocate Start 0.013ms
[11.709s][info][gc          ] Allocation Stall (pool-1-thread-1) 31.042ms
[11.710s][info][gc          ] Allocation Stall (pool-1-thread-4) 30.740ms
[11.710s][info][gc          ] Allocation Stall (pool-1-thread-3) 28.332ms
[11.733s][info][gc          ] Allocation Stall (pool-1-thread-3) 2.392ms
[11.754s][info][gc          ] Allocation Stall (pool-1-thread-2) 1.057ms
[11.755s][info][gc          ] Allocation Stall (pool-1-thread-4) 2.331ms
[11.755s][info][gc          ] Allocation Stall (pool-1-thread-1) 2.884ms
[11.756s][info][gc          ] Allocation Stall (pool-1-thread-3) 3.122ms
[11.783s][info][gc          ] Allocation Stall (pool-1-thread-1) 1.845ms
[11.783s][info][gc          ] Allocation Stall (pool-1-thread-3) 3.262ms
[11.784s][info][gc          ] Allocation Stall (pool-1-thread-4) 1.232ms
[11.793s][info][gc          ] Allocation Stall (pool-1-thread-1) 5.294ms
[11.798s][info][gc          ] Allocation Stall (pool-1-thread-3) 10.235ms
[11.799s][info][gc          ] Allocation Stall (pool-1-thread-4) 10.520ms
[11.799s][info][gc          ] Allocation Stall (pool-1-thread-2) 10.685ms
[11.825s][info][gc          ] Allocation Stall (pool-1-thread-2) 10.776ms
[11.825s][info][gc          ] Allocation Stall (pool-1-thread-3) 14.396ms
[11.825s][info][gc          ] Allocation Stall (pool-1-thread-1) 10.983ms
[11.825s][info][gc          ] Allocation Stall (pool-1-thread-4) 11.309ms
[11.825s][info][gc          ] Allocation Stall (pool-1-thread-4) 0.196ms
[11.828s][info][gc          ] Allocation Stall (pool-1-thread-3) 3.290ms
[11.831s][info][gc          ] Allocation Stall (pool-1-thread-1) 5.668ms
[11.831s][info][gc          ] Allocation Stall (pool-1-thread-2) 5.893ms
[11.863s][info][gc,phases   ] GC(65) Concurrent Relocate 165.308ms
[11.863s][info][gc,load     ] GC(65) Load: 1.55/0.58/0.26
[11.863s][info][gc,mmu      ] GC(65) MMU: 2ms/97.9%, 5ms/99.1%, 10ms/99.4%, 20ms/99.7%, 50ms/99.8%, 100ms/99.9%
[11.863s][info][gc,marking  ] GC(65) Mark: 2 stripe(s), 3 proactive flush(es), 1 terminate flush(es), 0 completion(s), 0 continuation(s) 
[11.863s][info][gc,marking  ] GC(65) Mark Stack Usage: 32M
[11.863s][info][gc,nmethod  ] GC(65) NMethods: 437 registered, 0 unregistered
[11.863s][info][gc,metaspace] GC(65) Metaspace: 6M used, 6M committed, 1088M reserved
[11.863s][info][gc,ref      ] GC(65) Soft: 34 encountered, 16 discovered, 0 enqueued
[11.863s][info][gc,ref      ] GC(65) Weak: 179 encountered, 19 discovered, 0 enqueued
[11.863s][info][gc,ref      ] GC(65) Final: 0 encountered, 0 discovered, 0 enqueued
[11.863s][info][gc,ref      ] GC(65) Phantom: 3 encountered, 2 discovered, 0 enqueued
[11.863s][info][gc,reloc    ] GC(65) Small Pages: 131 / 262M, Empty: 0M, Relocated: 90M, In-Place: 2
[11.863s][info][gc,reloc    ] GC(65) Medium Pages: 21 / 672M, Empty: 0M, Relocated: 242M, In-Place: 4
[11.863s][info][gc,reloc    ] GC(65) Large Pages: 0 / 0M, Empty: 0M, Relocated: 0M, In-Place: 0
[11.863s][info][gc,reloc    ] GC(65) Forwarding Usage: 0M
[11.863s][info][gc,heap     ] GC(65) Min Capacity: 1024M(100%)
[11.863s][info][gc,heap     ] GC(65) Max Capacity: 1024M(100%)
[11.863s][info][gc,heap     ] GC(65) Soft Max Capacity: 1024M(100%)
[11.863s][info][gc,heap     ] GC(65)                Mark Start          Mark End        Relocate Start      Relocate End           High               Low         
[11.864s][info][gc,heap     ] GC(65)  Capacity:     1024M (100%)       1024M (100%)       1024M (100%)       1024M (100%)       1024M (100%)       1024M (100%)   
[11.864s][info][gc,heap     ] GC(65)      Free:       90M (9%)           10M (1%)           10M (1%)           94M (9%)          170M (17%)           0M (0%)     
[11.864s][info][gc,heap     ] GC(65)      Used:      934M (91%)        1014M (99%)        1014M (99%)         930M (91%)        1024M (100%)        854M (83%)    
[11.864s][info][gc,heap     ] GC(65)      Live:         -               339M (33%)         339M (33%)         339M (33%)            -                  -          
[11.864s][info][gc,heap     ] GC(65) Allocated:         -                80M (8%)           80M (8%)          569M (56%)            -                  -          
[11.864s][info][gc,heap     ] GC(65)   Garbage:         -               594M (58%)         594M (58%)          20M (2%)             -                  -          
[11.864s][info][gc,heap     ] GC(65) Reclaimed:         -                  -                 0M (0%)          573M (56%)            -                  -          
[11.864s][info][gc          ] GC(65) Garbage Collection (Allocation Stall) 934M(91%)->930M(91%)
[11.865s][info][gc,start    ] GC(66) Garbage Collection (Allocation Stall)
[11.866s][info][gc,ref      ] GC(66) Clearing All SoftReferences
[11.867s][info][gc,task     ] GC(66) Using 3 workers
[11.867s][info][gc,phases   ] GC(66) Pause Mark Start 0.022ms
[11.881s][info][gc          ] Allocation Stall (pool-1-thread-4) 6.724ms
[11.887s][info][gc,phases   ] GC(66) Concurrent Mark 19.675ms
[11.887s][info][gc,phases   ] GC(66) Pause Mark End 0.026ms
[11.887s][info][gc,phases   ] GC(66) Concurrent Mark Free 0.002ms
[11.889s][info][gc,phases   ] GC(66) Concurrent Process Non-Strong References 2.074ms
[11.890s][info][gc,phases   ] GC(66) Concurrent Reset Relocation Set 0.046ms
[11.898s][info][gc,phases   ] GC(66) Concurrent Select Relocation Set 7.901ms
[11.898s][info][gc,phases   ] GC(66) Pause Relocate Start 0.032ms
[11.906s][info][gc          ] Allocation Stall (pool-1-thread-4) 11.656ms
[11.906s][info][gc          ] Allocation Stall (pool-1-thread-1) 12.382ms
[11.906s][info][gc          ] Allocation Stall (pool-1-thread-2) 12.534ms
[11.906s][info][gc          ] Allocation Stall (pool-1-thread-3) 9.446ms
[11.920s][info][gc          ] Allocation Stall (pool-1-thread-1) 5.651ms
[11.920s][info][gc          ] Allocation Stall (pool-1-thread-2) 5.916ms
[11.920s][info][gc          ] Allocation Stall (pool-1-thread-3) 6.008ms
[11.923s][info][gc          ] Allocation Stall (pool-1-thread-4) 8.042ms
[11.939s][info][gc          ] Allocation Stall (pool-1-thread-1) 3.214ms
[11.940s][info][gc          ] Allocation Stall (pool-1-thread-3) 5.125ms
[11.939s][info][gc          ] Allocation Stall (pool-1-thread-2) 6.641ms
[11.940s][info][gc          ] Allocation Stall (pool-1-thread-4) 5.692ms
[11.955s][info][gc          ] Allocation Stall (pool-1-thread-1) 2.586ms
[11.964s][info][gc          ] Allocation Stall (pool-1-thread-4) 11.582ms
[11.964s][info][gc          ] Allocation Stall (pool-1-thread-2) 11.831ms
[11.964s][info][gc          ] Allocation Stall (pool-1-thread-3) 11.923ms
[11.977s][info][gc          ] Allocation Stall (pool-1-thread-1) 8.136ms
[11.977s][info][gc          ] Allocation Stall (pool-1-thread-4) 5.775ms
[11.977s][info][gc          ] Allocation Stall (pool-1-thread-3) 6.346ms
[11.977s][info][gc          ] Allocation Stall (pool-1-thread-2) 6.255ms
[11.983s][info][gc          ] Allocation Stall (pool-1-thread-3) 0.263ms
[11.993s][info][gc          ] Relocation Stall (main) 94.692ms
[11.995s][info][gc          ] Allocation Stall (pool-1-thread-4) 11.911ms
[11.996s][info][gc          ] Allocation Stall (pool-1-thread-2) 12.731ms
[11.999s][info][gc          ] Allocation Stall (pool-1-thread-1) 15.621ms
[12.000s][info][gc          ] Allocation Stall (pool-1-thread-3) 6.364ms
[12.033s][info][gc          ] Allocation Stall (pool-1-thread-1) 5.150ms
[12.034s][info][gc          ] Allocation Stall (pool-1-thread-3) 5.969ms
[12.034s][info][gc          ] Allocation Stall (pool-1-thread-4) 4.794ms
[12.043s][info][gc,phases   ] GC(66) Concurrent Relocate 145.027ms
[12.043s][info][gc,load     ] GC(66) Load: 1.55/0.58/0.26
[12.043s][info][gc,mmu      ] GC(66) MMU: 2ms/97.9%, 5ms/99.1%, 10ms/99.4%, 20ms/99.7%, 50ms/99.8%, 100ms/99.9%
[12.043s][info][gc,marking  ] GC(66) Mark: 2 stripe(s), 4 proactive flush(es), 1 terminate flush(es), 0 completion(s), 0 continuation(s) 
[12.043s][info][gc,marking  ] GC(66) Mark Stack Usage: 32M
[12.043s][info][gc,nmethod  ] GC(66) NMethods: 437 registered, 0 unregistered
[12.043s][info][gc,metaspace] GC(66) Metaspace: 6M used, 6M committed, 1088M reserved
[12.043s][info][gc,ref      ] GC(66) Soft: 34 encountered, 20 discovered, 0 enqueued
[12.043s][info][gc,ref      ] GC(66) Weak: 179 encountered, 19 discovered, 0 enqueued
[12.043s][info][gc,ref      ] GC(66) Final: 0 encountered, 0 discovered, 0 enqueued
[12.043s][info][gc,ref      ] GC(66) Phantom: 3 encountered, 1 discovered, 0 enqueued
[12.043s][info][gc,reloc    ] GC(66) Small Pages: 132 / 264M, Empty: 0M, Relocated: 92M, In-Place: 0
[12.043s][info][gc,reloc    ] GC(66) Medium Pages: 21 / 672M, Empty: 0M, Relocated: 223M, In-Place: 4
[12.043s][info][gc,reloc    ] GC(66) Large Pages: 0 / 0M, Empty: 0M, Relocated: 0M, In-Place: 0
[12.043s][info][gc,reloc    ] GC(66) Forwarding Usage: 0M
[12.043s][info][gc,heap     ] GC(66) Min Capacity: 1024M(100%)
[12.043s][info][gc,heap     ] GC(66) Max Capacity: 1024M(100%)
[12.043s][info][gc,heap     ] GC(66) Soft Max Capacity: 1024M(100%)
[12.043s][info][gc,heap     ] GC(66)                Mark Start          Mark End        Relocate Start      Relocate End           High               Low         
[12.043s][info][gc,heap     ] GC(66)  Capacity:     1024M (100%)       1024M (100%)       1024M (100%)       1024M (100%)       1024M (100%)       1024M (100%)   
[12.043s][info][gc,heap     ] GC(66)      Free:       88M (9%)           38M (4%)            0M (0%)           56M (5%)           88M (9%)            0M (0%)     
[12.043s][info][gc,heap     ] GC(66)      Used:      936M (91%)         986M (96%)        1024M (100%)        968M (95%)        1024M (100%)        936M (91%)    
[12.043s][info][gc,heap     ] GC(66)      Live:         -               351M (34%)         351M (34%)         351M (34%)            -                  -          
[12.043s][info][gc,heap     ] GC(66) Allocated:         -                50M (5%)           88M (9%)          577M (56%)            -                  -          
[12.043s][info][gc,heap     ] GC(66)   Garbage:         -               584M (57%)         584M (57%)          38M (4%)             -                  -          
[12.043s][info][gc,heap     ] GC(66) Reclaimed:         -                  -                 0M (0%)          545M (53%)            -                  -          
[12.043s][info][gc          ] GC(66) Garbage Collection (Allocation Stall) 936M(91%)->968M(95%)
[12.057s][info][gc,start    ] GC(67) Garbage Collection (Allocation Stall)
[12.057s][info][gc,ref      ] GC(67) Clearing All SoftReferences
[12.057s][info][gc,task     ] GC(67) Using 3 workers
[12.057s][info][gc,phases   ] GC(67) Pause Mark Start 0.009ms
[12.064s][info][gc,phases   ] GC(67) Concurrent Mark 6.274ms
[12.064s][info][gc,phases   ] GC(67) Pause Mark End 0.012ms
[12.064s][info][gc,phases   ] GC(67) Concurrent Mark Free 0.001ms
[12.065s][info][gc,phases   ] GC(67) Concurrent Process Non-Strong References 0.680ms
[12.065s][info][gc,phases   ] GC(67) Concurrent Reset Relocation Set 0.013ms
[12.066s][info][gc,phases   ] GC(67) Concurrent Select Relocation Set 1.496ms
[12.066s][info][gc,phases   ] GC(67) Pause Relocate Start 0.008ms
[12.072s][info][gc          ] Allocation Stall (pool-1-thread-4) 14.822ms
[12.081s][info][gc          ] Allocation Stall (pool-1-thread-4) 7.437ms
[12.137s][info][gc          ] Relocation Stall (pool-1-thread-2) 55.991ms
[12.137s][info][gc          ] Allocation Stall (pool-1-thread-2) 80.129ms
[12.143s][info][gc          ] Relocation Stall (pool-1-thread-3) 71.168ms
[12.144s][info][gc          ] Allocation Stall (pool-1-thread-3) 87.104ms
[12.147s][info][gc          ] Relocation Stall (pool-1-thread-1) 74.777ms
[12.147s][info][gc          ] Allocation Stall (pool-1-thread-1) 90.463ms
[12.196s][info][gc,phases   ] GC(67) Concurrent Relocate 129.393ms
[12.196s][info][gc,load     ] GC(67) Load: 1.55/0.58/0.26
[12.196s][info][gc,mmu      ] GC(67) MMU: 2ms/97.9%, 5ms/99.1%, 10ms/99.4%, 20ms/99.7%, 50ms/99.8%, 100ms/99.9%
[12.196s][info][gc,marking  ] GC(67) Mark: 2 stripe(s), 4 proactive flush(es), 1 terminate flush(es), 0 completion(s), 0 continuation(s) 
[12.196s][info][gc,marking  ] GC(67) Mark Stack Usage: 32M
[12.196s][info][gc,nmethod  ] GC(67) NMethods: 437 registered, 0 unregistered
[12.196s][info][gc,metaspace] GC(67) Metaspace: 6M used, 6M committed, 1088M reserved
[12.196s][info][gc,ref      ] GC(67) Soft: 34 encountered, 20 discovered, 0 enqueued
[12.196s][info][gc,ref      ] GC(67) Weak: 179 encountered, 0 discovered, 0 enqueued
[12.196s][info][gc,ref      ] GC(67) Final: 0 encountered, 0 discovered, 0 enqueued
[12.196s][info][gc,ref      ] GC(67) Phantom: 3 encountered, 3 discovered, 0 enqueued
[12.196s][info][gc,reloc    ] GC(67) Small Pages: 142 / 284M, Empty: 0M, Relocated: 94M, In-Place: 0
[12.196s][info][gc,reloc    ] GC(67) Medium Pages: 23 / 736M, Empty: 0M, Relocated: 243M, In-Place: 3
[12.196s][info][gc,reloc    ] GC(67) Large Pages: 0 / 0M, Empty: 0M, Relocated: 0M, In-Place: 0
[12.196s][info][gc,reloc    ] GC(67) Forwarding Usage: 0M
[12.196s][info][gc,heap     ] GC(67) Min Capacity: 1024M(100%)
[12.196s][info][gc,heap     ] GC(67) Max Capacity: 1024M(100%)
[12.196s][info][gc,heap     ] GC(67) Soft Max Capacity: 1024M(100%)
[12.196s][info][gc,heap     ] GC(67)                Mark Start          Mark End        Relocate Start      Relocate End           High               Low         
[12.196s][info][gc,heap     ] GC(67)  Capacity:     1024M (100%)       1024M (100%)       1024M (100%)       1024M (100%)       1024M (100%)       1024M (100%)   
[12.196s][info][gc,heap     ] GC(67)      Free:        4M (0%)            4M (0%)            4M (0%)          228M (22%)         336M (33%)           0M (0%)     
[12.196s][info][gc,heap     ] GC(67)      Used:     1020M (100%)       1020M (100%)       1020M (100%)        796M (78%)        1024M (100%)        688M (67%)    
[12.196s][info][gc,heap     ] GC(67)      Live:         -               355M (35%)         355M (35%)         355M (35%)            -                  -          
[12.196s][info][gc,heap     ] GC(67) Allocated:         -                 0M (0%)            0M (0%)          405M (40%)            -                  -          
[12.196s][info][gc,heap     ] GC(67)   Garbage:         -               664M (65%)         664M (65%)          34M (3%)             -                  -          
[12.196s][info][gc,heap     ] GC(67) Reclaimed:         -                  -                 0M (0%)          629M (62%)            -                  -          
[12.196s][info][gc          ] GC(67) Garbage Collection (Allocation Stall) 1020M(100%)->796M(78%)
[12.221s][info][gc,start    ] GC(68) Garbage Collection (Allocation Stall)
[12.221s][info][gc,ref      ] GC(68) Clearing All SoftReferences
[12.221s][info][gc,task     ] GC(68) Using 3 workers
[12.227s][info][gc,phases   ] GC(68) Pause Mark Start 0.013ms
[12.227s][info][gc          ] Allocation Stall (pool-1-thread-3) 6.115ms
[12.238s][info][gc,phases   ] GC(68) Concurrent Mark 10.858ms
[12.238s][info][gc,phases   ] GC(68) Pause Mark End 0.025ms
[12.238s][info][gc,phases   ] GC(68) Concurrent Mark Free 0.001ms
[12.239s][info][gc,phases   ] GC(68) Concurrent Process Non-Strong References 0.898ms
[12.239s][info][gc,phases   ] GC(68) Concurrent Reset Relocation Set 0.015ms
[12.242s][info][gc,phases   ] GC(68) Concurrent Select Relocation Set 2.597ms
[12.242s][info][gc,phases   ] GC(68) Pause Relocate Start 0.014ms
[12.248s][info][gc          ] Allocation Stall (pool-1-thread-1) 26.929ms
[12.255s][info][gc          ] Allocation Stall (pool-1-thread-4) 19.242ms
[12.256s][info][gc          ] Allocation Stall (pool-1-thread-3) 19.537ms
[12.256s][info][gc          ] Allocation Stall (pool-1-thread-2) 19.730ms
[12.256s][info][gc          ] Allocation Stall (pool-1-thread-1) 1.034ms
[12.256s][info][gc          ] Allocation Stall (pool-1-thread-4) 0.234ms
[12.272s][info][gc          ] Allocation Stall (pool-1-thread-2) 4.995ms
[12.273s][info][gc          ] Allocation Stall (pool-1-thread-1) 5.853ms
[12.274s][info][gc          ] Allocation Stall (pool-1-thread-3) 6.354ms
[12.275s][info][gc          ] Allocation Stall (pool-1-thread-4) 5.280ms
[12.282s][info][gc          ] Allocation Stall (pool-1-thread-2) 1.133ms
[12.284s][info][gc          ] Allocation Stall (pool-1-thread-1) 2.642ms
[12.284s][info][gc          ] Allocation Stall (pool-1-thread-3) 2.919ms
[12.284s][info][gc          ] Allocation Stall (pool-1-thread-4) 3.053ms
[12.284s][info][gc          ] Allocation Stall (pool-1-thread-2) 1.536ms
[12.298s][info][gc          ] Allocation Stall (pool-1-thread-4) 3.577ms
[12.298s][info][gc          ] Allocation Stall (pool-1-thread-1) 3.673ms
[12.298s][info][gc          ] Allocation Stall (pool-1-thread-3) 3.929ms
[12.299s][info][gc          ] Allocation Stall (pool-1-thread-2) 4.647ms
[12.324s][info][gc          ] Allocation Stall (pool-1-thread-4) 9.120ms
[12.325s][info][gc          ] Allocation Stall (pool-1-thread-3) 10.139ms
[12.325s][info][gc          ] Allocation Stall (pool-1-thread-2) 10.375ms
[12.325s][info][gc          ] Allocation Stall (pool-1-thread-1) 10.629ms
[12.346s][info][gc          ] Allocation Stall (pool-1-thread-4) 7.421ms
[12.348s][info][gc          ] Allocation Stall (pool-1-thread-2) 7.230ms
[12.353s][info][gc          ] Allocation Stall (pool-1-thread-3) 12.744ms
[12.354s][info][gc          ] Allocation Stall (pool-1-thread-4) 6.977ms
[12.354s][info][gc          ] Allocation Stall (pool-1-thread-1) 13.557ms
[12.386s][info][gc,phases   ] GC(68) Concurrent Relocate 143.731ms
[12.386s][info][gc,load     ] GC(68) Load: 1.55/0.58/0.26
[12.386s][info][gc,mmu      ] GC(68) MMU: 2ms/97.9%, 5ms/99.1%, 10ms/99.4%, 20ms/99.7%, 50ms/99.8%, 100ms/99.9%
[12.386s][info][gc,marking  ] GC(68) Mark: 2 stripe(s), 7 proactive flush(es), 1 terminate flush(es), 0 completion(s), 0 continuation(s) 
[12.386s][info][gc,marking  ] GC(68) Mark Stack Usage: 32M
[12.386s][info][gc,nmethod  ] GC(68) NMethods: 437 registered, 0 unregistered
[12.386s][info][gc,metaspace] GC(68) Metaspace: 6M used, 6M committed, 1088M reserved
[12.386s][info][gc,ref      ] GC(68) Soft: 34 encountered, 10 discovered, 0 enqueued
[12.386s][info][gc,ref      ] GC(68) Weak: 179 encountered, 40 discovered, 0 enqueued
[12.386s][info][gc,ref      ] GC(68) Final: 0 encountered, 0 discovered, 0 enqueued
[12.386s][info][gc,ref      ] GC(68) Phantom: 3 encountered, 1 discovered, 0 enqueued
[12.386s][info][gc,reloc    ] GC(68) Small Pages: 132 / 264M, Empty: 0M, Relocated: 92M, In-Place: 2
[12.386s][info][gc,reloc    ] GC(68) Medium Pages: 22 / 704M, Empty: 0M, Relocated: 246M, In-Place: 6
[12.386s][info][gc,reloc    ] GC(68) Large Pages: 0 / 0M, Empty: 0M, Relocated: 0M, In-Place: 0
[12.386s][info][gc,reloc    ] GC(68) Forwarding Usage: 0M
[12.386s][info][gc,heap     ] GC(68) Min Capacity: 1024M(100%)
[12.386s][info][gc,heap     ] GC(68) Max Capacity: 1024M(100%)
[12.386s][info][gc,heap     ] GC(68) Soft Max Capacity: 1024M(100%)
[12.386s][info][gc,heap     ] GC(68)                Mark Start          Mark End        Relocate Start      Relocate End           High               Low         
[12.386s][info][gc,heap     ] GC(68)  Capacity:     1024M (100%)       1024M (100%)       1024M (100%)       1024M (100%)       1024M (100%)       1024M (100%)   
[12.386s][info][gc,heap     ] GC(68)      Free:       24M (2%)           10M (1%)           10M (1%)          128M (12%)         184M (18%)           0M (0%)     
[12.386s][info][gc,heap     ] GC(68)      Used:     1000M (98%)        1014M (99%)        1014M (99%)         896M (88%)        1024M (100%)        840M (82%)    
[12.386s][info][gc,heap     ] GC(68)      Live:         -               340M (33%)         340M (33%)         340M (33%)            -                  -          
[12.387s][info][gc,heap     ] GC(68) Allocated:         -                14M (1%)           14M (1%)          505M (49%)            -                  -          
[12.387s][info][gc,heap     ] GC(68)   Garbage:         -               659M (64%)         659M (64%)          49M (5%)             -                  -          
[12.387s][info][gc,heap     ] GC(68) Reclaimed:         -                  -                 0M (0%)          609M (60%)            -                  -          
[12.387s][info][gc          ] GC(68) Garbage Collection (Allocation Stall) 1000M(98%)->896M(88%)
[12.393s][info][gc,start    ] GC(69) Garbage Collection (Allocation Stall)
[12.393s][info][gc,ref      ] GC(69) Clearing All SoftReferences
[12.393s][info][gc,task     ] GC(69) Using 3 workers
[12.399s][info][gc,phases   ] GC(69) Pause Mark Start 0.010ms
[12.399s][info][gc          ] Allocation Stall (pool-1-thread-1) 5.794ms
[12.404s][info][gc,phases   ] GC(69) Concurrent Mark 5.778ms
[12.405s][info][gc,phases   ] GC(69) Pause Mark End 0.015ms
[12.405s][info][gc,phases   ] GC(69) Concurrent Mark Free 0.001ms
[12.405s][info][gc,phases   ] GC(69) Concurrent Process Non-Strong References 0.560ms
[12.405s][info][gc,phases   ] GC(69) Concurrent Reset Relocation Set 0.010ms
[12.407s][info][gc,phases   ] GC(69) Concurrent Select Relocation Set 1.510ms
[12.407s][info][gc,phases   ] GC(69) Pause Relocate Start 0.006ms
[12.412s][info][gc          ] Allocation Stall (pool-1-thread-2) 7.991ms
[12.413s][info][gc          ] Allocation Stall (pool-1-thread-1) 8.872ms
[12.414s][info][gc          ] Allocation Stall (pool-1-thread-4) 9.044ms
[12.414s][info][gc          ] Allocation Stall (pool-1-thread-2) 0.247ms
[12.424s][info][gc          ] Allocation Stall (pool-1-thread-2) 0.554ms
[12.425s][info][gc          ] Allocation Stall (pool-1-thread-1) 1.868ms
[12.426s][info][gc          ] Allocation Stall (pool-1-thread-4) 2.495ms
[12.436s][info][gc          ] Allocation Stall (pool-1-thread-2) 0.414ms
[12.439s][info][gc          ] Allocation Stall (pool-1-thread-1) 2.672ms
[12.439s][info][gc          ] Allocation Stall (pool-1-thread-4) 2.997ms
[12.451s][info][gc          ] Allocation Stall (pool-1-thread-1) 3.431ms
[12.452s][info][gc          ] Allocation Stall (pool-1-thread-4) 4.901ms
[12.452s][info][gc          ] Allocation Stall (pool-1-thread-2) 5.113ms
[12.470s][info][gc          ] Allocation Stall (pool-1-thread-1) 8.822ms
[12.475s][info][gc          ] Allocation Stall (pool-1-thread-2) 2.463ms
[12.486s][info][gc          ] Allocation Stall (pool-1-thread-4) 12.894ms
[12.486s][info][gc          ] Allocation Stall (pool-1-thread-1) 13.086ms
[12.497s][info][gc          ] Relocation Stall (pool-1-thread-3) 85.226ms
[12.497s][info][gc          ] Allocation Stall (pool-1-thread-3) 104.505ms
[12.533s][info][gc          ] Allocation Stall (pool-1-thread-2) 4.608ms
[12.541s][info][gc          ] Allocation Stall (pool-1-thread-3) 12.427ms
[12.543s][info][gc,phases   ] GC(69) Concurrent Relocate 136.147ms
[12.543s][info][gc,load     ] GC(69) Load: 1.55/0.58/0.26
[12.543s][info][gc,mmu      ] GC(69) MMU: 2ms/97.9%, 5ms/99.1%, 10ms/99.4%, 20ms/99.7%, 50ms/99.8%, 100ms/99.9%
[12.543s][info][gc,marking  ] GC(69) Mark: 2 stripe(s), 3 proactive flush(es), 1 terminate flush(es), 0 completion(s), 0 continuation(s) 
[12.543s][info][gc,marking  ] GC(69) Mark Stack Usage: 32M
[12.543s][info][gc,nmethod  ] GC(69) NMethods: 437 registered, 0 unregistered
[12.543s][info][gc,metaspace] GC(69) Metaspace: 6M used, 6M committed, 1088M reserved
[12.543s][info][gc,ref      ] GC(69) Soft: 34 encountered, 15 discovered, 0 enqueued
[12.543s][info][gc,ref      ] GC(69) Weak: 179 encountered, 103 discovered, 0 enqueued
[12.543s][info][gc,ref      ] GC(69) Final: 0 encountered, 0 discovered, 0 enqueued
[12.543s][info][gc,ref      ] GC(69) Phantom: 3 encountered, 1 discovered, 0 enqueued
[12.543s][info][gc,reloc    ] GC(69) Small Pages: 138 / 276M, Empty: 2M, Relocated: 92M, In-Place: 1
[12.543s][info][gc,reloc    ] GC(69) Medium Pages: 22 / 704M, Empty: 0M, Relocated: 222M, In-Place: 4
[12.543s][info][gc,reloc    ] GC(69) Large Pages: 0 / 0M, Empty: 0M, Relocated: 0M, In-Place: 0
[12.543s][info][gc,reloc    ] GC(69) Forwarding Usage: 0M
[12.543s][info][gc,heap     ] GC(69) Min Capacity: 1024M(100%)
[12.543s][info][gc,heap     ] GC(69) Max Capacity: 1024M(100%)
[12.543s][info][gc,heap     ] GC(69) Soft Max Capacity: 1024M(100%)
[12.543s][info][gc,heap     ] GC(69)                Mark Start          Mark End        Relocate Start      Relocate End           High               Low         
[12.543s][info][gc,heap     ] GC(69)  Capacity:     1024M (100%)       1024M (100%)       1024M (100%)       1024M (100%)       1024M (100%)       1024M (100%)   
[12.544s][info][gc,heap     ] GC(69)      Free:       12M (1%)            0M (0%)            2M (0%)           74M (7%)          122M (12%)           0M (0%)     
[12.544s][info][gc,heap     ] GC(69)      Used:     1012M (99%)        1024M (100%)       1022M (100%)        950M (93%)        1024M (100%)        902M (88%)    
[12.544s][info][gc,heap     ] GC(69)      Live:         -               347M (34%)         347M (34%)         347M (34%)            -                  -          
[12.544s][info][gc,heap     ] GC(69) Allocated:         -                12M (1%)           12M (1%)          531M (52%)            -                  -          
[12.544s][info][gc,heap     ] GC(69)   Garbage:         -               664M (65%)         662M (65%)          70M (7%)             -                  -          
[12.544s][info][gc,heap     ] GC(69) Reclaimed:         -                  -                 2M (0%)          593M (58%)            -                  -          
[12.544s][info][gc          ] GC(69) Garbage Collection (Allocation Stall) 1012M(99%)->950M(93%)
[12.565s][info][gc,start    ] GC(70) Garbage Collection (Allocation Stall)
[12.565s][info][gc,ref      ] GC(70) Clearing All SoftReferences
[12.565s][info][gc,task     ] GC(70) Using 3 workers
[12.566s][info][gc,phases   ] GC(70) Pause Mark Start 0.024ms
[12.578s][info][gc,phases   ] GC(70) Concurrent Mark 12.057ms
[12.578s][info][gc,phases   ] GC(70) Pause Mark End 0.019ms
[12.578s][info][gc,phases   ] GC(70) Concurrent Mark Free 0.001ms
[12.579s][info][gc,phases   ] GC(70) Concurrent Process Non-Strong References 0.826ms
[12.579s][info][gc,phases   ] GC(70) Concurrent Reset Relocation Set 0.013ms
[12.582s][info][gc,phases   ] GC(70) Concurrent Select Relocation Set 3.021ms
[12.583s][info][gc,phases   ] GC(70) Pause Relocate Start 0.010ms
[12.591s][info][gc          ] Allocation Stall (pool-1-thread-1) 14.957ms
[12.591s][info][gc          ] Allocation Stall (pool-1-thread-4) 14.981ms
[12.591s][info][gc          ] Allocation Stall (pool-1-thread-2) 15.287ms
[12.592s][info][gc          ] Allocation Stall (pool-1-thread-3) 15.287ms
[12.603s][info][gc          ] Allocation Stall (pool-1-thread-1) 1.991ms
[12.604s][info][gc          ] Allocation Stall (pool-1-thread-4) 3.234ms
[12.604s][info][gc          ] Allocation Stall (pool-1-thread-2) 3.676ms
[12.605s][info][gc          ] Allocation Stall (pool-1-thread-3) 3.946ms
[12.627s][info][gc          ] Allocation Stall (pool-1-thread-3) 0.399ms
[12.627s][info][gc          ] Allocation Stall (pool-1-thread-1) 2.159ms
[12.627s][info][gc          ] Allocation Stall (pool-1-thread-2) 3.949ms
[12.627s][info][gc          ] Allocation Stall (pool-1-thread-4) 2.729ms
[12.637s][info][gc          ] Allocation Stall (pool-1-thread-2) 3.835ms
[12.641s][info][gc          ] Allocation Stall (pool-1-thread-1) 8.237ms
[12.642s][info][gc          ] Allocation Stall (pool-1-thread-3) 8.516ms
[12.642s][info][gc          ] Allocation Stall (pool-1-thread-4) 8.897ms
[12.649s][info][gc          ] Allocation Stall (pool-1-thread-3) 1.510ms
[12.656s][info][gc          ] Allocation Stall (pool-1-thread-1) 8.554ms
[12.656s][info][gc          ] Allocation Stall (pool-1-thread-4) 8.677ms
[12.657s][info][gc          ] Allocation Stall (pool-1-thread-2) 8.765ms
[12.665s][info][gc          ] Allocation Stall (pool-1-thread-4) 2.149ms
[12.665s][info][gc          ] Allocation Stall (pool-1-thread-1) 3.716ms
[12.665s][info][gc          ] Allocation Stall (pool-1-thread-2) 2.748ms
[12.665s][info][gc          ] Allocation Stall (pool-1-thread-3) 4.627ms
[12.680s][info][gc          ] Allocation Stall (pool-1-thread-1) 6.027ms
[12.682s][info][gc          ] Allocation Stall (pool-1-thread-2) 7.285ms
[12.684s][info][gc          ] Allocation Stall (pool-1-thread-4) 8.726ms
[12.684s][info][gc          ] Allocation Stall (pool-1-thread-1) 2.276ms
[12.684s][info][gc          ] Allocation Stall (pool-1-thread-3) 7.472ms
[12.731s][info][gc,phases   ] GC(70) Concurrent Relocate 148.059ms
[12.731s][info][gc,load     ] GC(70) Load: 1.55/0.58/0.26
[12.731s][info][gc,mmu      ] GC(70) MMU: 2ms/97.9%, 5ms/99.1%, 10ms/99.4%, 20ms/99.7%, 50ms/99.8%, 100ms/99.9%
[12.731s][info][gc,marking  ] GC(70) Mark: 2 stripe(s), 2 proactive flush(es), 1 terminate flush(es), 0 completion(s), 0 continuation(s) 
[12.731s][info][gc,marking  ] GC(70) Mark Stack Usage: 32M
[12.731s][info][gc,nmethod  ] GC(70) NMethods: 437 registered, 0 unregistered
[12.731s][info][gc,metaspace] GC(70) Metaspace: 6M used, 6M committed, 1088M reserved
[12.731s][info][gc,ref      ] GC(70) Soft: 34 encountered, 11 discovered, 0 enqueued
[12.731s][info][gc,ref      ] GC(70) Weak: 179 encountered, 24 discovered, 0 enqueued
[12.731s][info][gc,ref      ] GC(70) Final: 0 encountered, 0 discovered, 0 enqueued
[12.731s][info][gc,ref      ] GC(70) Phantom: 3 encountered, 2 discovered, 0 enqueued
[12.731s][info][gc,reloc    ] GC(70) Small Pages: 131 / 262M, Empty: 0M, Relocated: 90M, In-Place: 0
[12.731s][info][gc,reloc    ] GC(70) Medium Pages: 22 / 704M, Empty: 0M, Relocated: 222M, In-Place: 4
[12.731s][info][gc,reloc    ] GC(70) Large Pages: 0 / 0M, Empty: 0M, Relocated: 0M, In-Place: 0
[12.731s][info][gc,reloc    ] GC(70) Forwarding Usage: 0M
[12.731s][info][gc,heap     ] GC(70) Min Capacity: 1024M(100%)
[12.731s][info][gc,heap     ] GC(70) Max Capacity: 1024M(100%)
[12.731s][info][gc,heap     ] GC(70) Soft Max Capacity: 1024M(100%)
[12.731s][info][gc,heap     ] GC(70)                Mark Start          Mark End        Relocate Start      Relocate End           High               Low         
[12.731s][info][gc,heap     ] GC(70)  Capacity:     1024M (100%)       1024M (100%)       1024M (100%)       1024M (100%)       1024M (100%)       1024M (100%)   
[12.731s][info][gc,heap     ] GC(70)      Free:       58M (6%)           10M (1%)           10M (1%)           30M (3%)          142M (14%)           0M (0%)     
[12.731s][info][gc,heap     ] GC(70)      Used:      966M (94%)        1014M (99%)        1014M (99%)         994M (97%)        1024M (100%)        882M (86%)    
[12.731s][info][gc,heap     ] GC(70)      Live:         -               345M (34%)         345M (34%)         345M (34%)            -                  -          
[12.731s][info][gc,heap     ] GC(70) Allocated:         -                48M (5%)           48M (5%)          605M (59%)            -                  -          
[12.731s][info][gc,heap     ] GC(70)   Garbage:         -               620M (61%)         620M (61%)          42M (4%)             -                  -          
[12.731s][info][gc,heap     ] GC(70) Reclaimed:         -                  -                 0M (0%)          577M (56%)            -                  -          
[12.731s][info][gc          ] GC(70) Garbage Collection (Allocation Stall) 966M(94%)->994M(97%)
[12.731s][info][gc,start    ] GC(71) Garbage Collection (Allocation Stall)
[12.731s][info][gc,ref      ] GC(71) Clearing All SoftReferences
[12.731s][info][gc,task     ] GC(71) Using 3 workers
[12.737s][info][gc,phases   ] GC(71) Pause Mark Start 0.013ms
[12.737s][info][gc          ] Allocation Stall (pool-1-thread-4) 12.214ms
[12.746s][info][gc,phases   ] GC(71) Concurrent Mark 8.765ms
[12.746s][info][gc,phases   ] GC(71) Pause Mark End 0.038ms
[12.746s][info][gc,phases   ] GC(71) Concurrent Mark Free 0.001ms
[12.747s][info][gc,phases   ] GC(71) Concurrent Process Non-Strong References 0.862ms
[12.747s][info][gc,phases   ] GC(71) Concurrent Reset Relocation Set 0.010ms
[12.749s][info][gc,phases   ] GC(71) Concurrent Select Relocation Set 1.667ms
[12.749s][info][gc,phases   ] GC(71) Pause Relocate Start 0.009ms
[12.753s][info][gc          ] Allocation Stall (pool-1-thread-3) 15.733ms
[12.753s][info][gc          ] Allocation Stall (pool-1-thread-2) 15.984ms
[12.753s][info][gc          ] Allocation Stall (pool-1-thread-1) 6.196ms
[12.753s][info][gc          ] Allocation Stall (pool-1-thread-4) 6.339ms
[12.773s][info][gc          ] Allocation Stall (pool-1-thread-4) 2.265ms
[12.773s][info][gc          ] Allocation Stall (pool-1-thread-1) 2.147ms
[12.773s][info][gc          ] Allocation Stall (pool-1-thread-3) 2.329ms
[12.773s][info][gc          ] Allocation Stall (pool-1-thread-2) 2.388ms
[12.787s][info][gc          ] Allocation Stall (pool-1-thread-1) 5.668ms
[12.787s][info][gc          ] Allocation Stall (pool-1-thread-4) 1.865ms
[12.787s][info][gc          ] Allocation Stall (pool-1-thread-2) 3.336ms
[12.787s][info][gc          ] Allocation Stall (pool-1-thread-3) 2.749ms
[12.794s][info][gc          ] Allocation Stall (pool-1-thread-4) 1.796ms
[12.801s][info][gc          ] Allocation Stall (pool-1-thread-2) 8.578ms
[12.802s][info][gc          ] Allocation Stall (pool-1-thread-1) 9.129ms
[12.802s][info][gc          ] Allocation Stall (pool-1-thread-3) 9.709ms
[12.816s][info][gc          ] Allocation Stall (pool-1-thread-1) 3.925ms
[12.816s][info][gc          ] Allocation Stall (pool-1-thread-4) 0.284ms
[12.816s][info][gc          ] Allocation Stall (pool-1-thread-2) 2.238ms
[12.816s][info][gc          ] Allocation Stall (pool-1-thread-3) 4.248ms
[12.820s][info][gc          ] Allocation Stall (pool-1-thread-3) 2.814ms
[12.833s][info][gc          ] Allocation Stall (pool-1-thread-2) 16.168ms
[12.845s][info][gc          ] Allocation Stall (pool-1-thread-1) 27.651ms
[12.845s][info][gc          ] Allocation Stall (pool-1-thread-4) 28.173ms
[12.846s][info][gc          ] Allocation Stall (pool-1-thread-3) 12.683ms
[12.857s][info][gc          ] Allocation Stall (pool-1-thread-3) 1.411ms
[12.857s][info][gc          ] Allocation Stall (pool-1-thread-4) 1.629ms
[12.857s][info][gc          ] Allocation Stall (pool-1-thread-2) 1.745ms
[12.884s][info][gc          ] Allocation Stall (pool-1-thread-2) 6.398ms
[12.889s][info][gc,phases   ] GC(71) Concurrent Relocate 140.242ms
[12.889s][info][gc,load     ] GC(71) Load: 1.55/0.58/0.26
[12.889s][info][gc,mmu      ] GC(71) MMU: 2ms/97.9%, 5ms/99.1%, 10ms/99.4%, 20ms/99.7%, 50ms/99.8%, 100ms/99.9%
[12.889s][info][gc,marking  ] GC(71) Mark: 2 stripe(s), 2 proactive flush(es), 1 terminate flush(es), 0 completion(s), 0 continuation(s) 
[12.889s][info][gc,marking  ] GC(71) Mark Stack Usage: 32M
[12.889s][info][gc,nmethod  ] GC(71) NMethods: 437 registered, 0 unregistered
[12.889s][info][gc,metaspace] GC(71) Metaspace: 6M used, 6M committed, 1088M reserved
[12.889s][info][gc,ref      ] GC(71) Soft: 34 encountered, 16 discovered, 0 enqueued
[12.889s][info][gc,ref      ] GC(71) Weak: 179 encountered, 14 discovered, 0 enqueued
[12.889s][info][gc,ref      ] GC(71) Final: 0 encountered, 0 discovered, 0 enqueued
[12.890s][info][gc,ref      ] GC(71) Phantom: 3 encountered, 1 discovered, 0 enqueued
[12.890s][info][gc,reloc    ] GC(71) Small Pages: 129 / 258M, Empty: 2M, Relocated: 92M, In-Place: 0
[12.890s][info][gc,reloc    ] GC(71) Medium Pages: 22 / 704M, Empty: 0M, Relocated: 219M, In-Place: 7
[12.890s][info][gc,reloc    ] GC(71) Large Pages: 0 / 0M, Empty: 0M, Relocated: 0M, In-Place: 0
[12.890s][info][gc,reloc    ] GC(71) Forwarding Usage: 0M
[12.890s][info][gc,heap     ] GC(71) Min Capacity: 1024M(100%)
[12.890s][info][gc,heap     ] GC(71) Max Capacity: 1024M(100%)
[12.890s][info][gc,heap     ] GC(71) Soft Max Capacity: 1024M(100%)
[12.890s][info][gc,heap     ] GC(71)                Mark Start          Mark End        Relocate Start      Relocate End           High               Low         
[12.890s][info][gc,heap     ] GC(71)  Capacity:     1024M (100%)       1024M (100%)       1024M (100%)       1024M (100%)       1024M (100%)       1024M (100%)   
[12.890s][info][gc,heap     ] GC(71)      Free:       30M (3%)           18M (2%)           20M (2%)           18M (2%)           74M (7%)            0M (0%)     
[12.890s][info][gc,heap     ] GC(71)      Used:      994M (97%)        1006M (98%)        1004M (98%)        1006M (98%)        1024M (100%)        950M (93%)    
[12.890s][info][gc,heap     ] GC(71)      Live:         -               351M (34%)         351M (34%)         351M (34%)            -                  -          
[12.890s][info][gc          ] Allocation Stall (pool-1-thread-4) 12.308ms
[12.890s][info][gc,heap     ] GC(71) Allocated:         -                12M (1%)           12M (1%)          585M (57%)            -                  -          
[12.890s][info][gc,heap     ] GC(71)   Garbage:         -               642M (63%)         640M (63%)          68M (7%)             -                  -          
[12.890s][info][gc,heap     ] GC(71) Reclaimed:         -                  -                 2M (0%)          573M (56%)            -                  -          
[12.890s][info][gc          ] GC(71) Garbage Collection (Allocation Stall) 994M(97%)->1006M(98%)
[12.890s][info][gc          ] Allocation Stall (pool-1-thread-3) 8.120ms
[12.901s][info][gc,start    ] GC(72) Garbage Collection (Allocation Stall)
[12.901s][info][gc,ref      ] GC(72) Clearing All SoftReferences
[12.901s][info][gc,task     ] GC(72) Using 3 workers
[12.901s][info][gc,phases   ] GC(72) Pause Mark Start 0.016ms
[12.907s][info][gc,phases   ] GC(72) Concurrent Mark 5.926ms
[12.908s][info][gc,phases   ] GC(72) Pause Mark End 0.015ms
[12.908s][info][gc,phases   ] GC(72) Concurrent Mark Free 0.001ms
[12.909s][info][gc,phases   ] GC(72) Concurrent Process Non-Strong References 0.835ms
[12.909s][info][gc,phases   ] GC(72) Concurrent Reset Relocation Set 0.009ms
[12.911s][info][gc,phases   ] GC(72) Concurrent Select Relocation Set 2.239ms
[12.911s][info][gc,phases   ] GC(72) Pause Relocate Start 0.018ms
[12.919s][info][gc          ] Allocation Stall (pool-1-thread-4) 18.267ms
[12.920s][info][gc          ] Allocation Stall (pool-1-thread-1) 18.474ms
[12.920s][info][gc          ] Allocation Stall (pool-1-thread-3) 18.547ms
[12.920s][info][gc          ] Allocation Stall (pool-1-thread-2) 18.740ms
[12.921s][info][gc          ] Allocation Stall (pool-1-thread-4) 1.224ms
[12.928s][info][gc          ] Allocation Stall (pool-1-thread-1) 1.347ms
[12.931s][info][gc          ] Allocation Stall (pool-1-thread-4) 4.165ms
[12.932s][info][gc          ] Allocation Stall (pool-1-thread-2) 4.767ms
[12.932s][info][gc          ] Allocation Stall (pool-1-thread-3) 5.006ms
[12.948s][info][gc          ] Allocation Stall (pool-1-thread-3) 0.905ms
[12.948s][info][gc          ] Allocation Stall (pool-1-thread-2) 0.873ms
[12.948s][info][gc          ] Allocation Stall (pool-1-thread-4) 1.042ms
[12.948s][info][gc          ] Allocation Stall (pool-1-thread-1) 1.144ms
[12.960s][info][gc          ] Allocation Stall (pool-1-thread-1) 2.637ms
[12.961s][info][gc          ] Allocation Stall (pool-1-thread-2) 3.981ms
[12.961s][info][gc          ] Allocation Stall (pool-1-thread-3) 4.256ms
[12.962s][info][gc          ] Allocation Stall (pool-1-thread-4) 4.372ms
[12.983s][info][gc          ] Allocation Stall (pool-1-thread-2) 14.032ms
[12.984s][info][gc          ] Allocation Stall (pool-1-thread-4) 6.776ms
[12.984s][info][gc          ] Allocation Stall (pool-1-thread-1) 7.031ms
[12.984s][info][gc          ] Allocation Stall (pool-1-thread-3) 7.175ms
[12.999s][info][gc          ] Allocation Stall (pool-1-thread-2) 6.056ms
[12.999s][info][gc          ] Allocation Stall (pool-1-thread-4) 7.614ms
[12.999s][info][gc          ] Allocation Stall (pool-1-thread-3) 7.046ms
[12.999s][info][gc          ] Allocation Stall (pool-1-thread-1) 6.214ms
[13.009s][info][gc          ] Allocation Stall (pool-1-thread-3) 5.658ms
[13.017s][info][gc          ] Relocation Stall (main) 106.138ms
[13.022s][info][gc          ] Allocation Stall (pool-1-thread-1) 19.156ms
[13.022s][info][gc          ] Allocation Stall (pool-1-thread-4) 19.392ms
[13.022s][info][gc          ] Allocation Stall (pool-1-thread-2) 19.473ms
[13.023s][info][gc          ] Allocation Stall (pool-1-thread-3) 1.289ms
[13.060s][info][gc          ] Allocation Stall (pool-1-thread-4) 6.652ms
[13.060s][info][gc          ] Allocation Stall (pool-1-thread-3) 7.047ms
[13.065s][info][gc,phases   ] GC(72) Concurrent Relocate 153.508ms
[13.065s][info][gc,load     ] GC(72) Load: 1.55/0.58/0.26
[13.065s][info][gc,mmu      ] GC(72) MMU: 2ms/97.9%, 5ms/99.1%, 10ms/99.4%, 20ms/99.7%, 50ms/99.8%, 100ms/99.9%
[13.065s][info][gc,marking  ] GC(72) Mark: 2 stripe(s), 2 proactive flush(es), 1 terminate flush(es), 0 completion(s), 0 continuation(s) 
[13.065s][info][gc,marking  ] GC(72) Mark Stack Usage: 32M
[13.065s][info][gc,nmethod  ] GC(72) NMethods: 437 registered, 0 unregistered
[13.065s][info][gc,metaspace] GC(72) Metaspace: 6M used, 6M committed, 1088M reserved
[13.065s][info][gc,ref      ] GC(72) Soft: 34 encountered, 19 discovered, 0 enqueued
[13.065s][info][gc,ref      ] GC(72) Weak: 179 encountered, 2 discovered, 0 enqueued
[13.065s][info][gc,ref      ] GC(72) Final: 0 encountered, 0 discovered, 0 enqueued
[13.065s][info][gc,ref      ] GC(72) Phantom: 3 encountered, 2 discovered, 0 enqueued
[13.065s][info][gc,reloc    ] GC(72) Small Pages: 144 / 288M, Empty: 0M, Relocated: 99M, In-Place: 1
[13.065s][info][gc,reloc    ] GC(72) Medium Pages: 23 / 736M, Empty: 0M, Relocated: 251M, In-Place: 5
[13.065s][info][gc,reloc    ] GC(72) Large Pages: 0 / 0M, Empty: 0M, Relocated: 0M, In-Place: 0
[13.065s][info][gc,reloc    ] GC(72) Forwarding Usage: 0M
[13.065s][info][gc,heap     ] GC(72) Min Capacity: 1024M(100%)
[13.065s][info][gc,heap     ] GC(72) Max Capacity: 1024M(100%)
[13.065s][info][gc,heap     ] GC(72) Soft Max Capacity: 1024M(100%)
[13.065s][info][gc,heap     ] GC(72)                Mark Start          Mark End        Relocate Start      Relocate End           High               Low         
[13.065s][info][gc,heap     ] GC(72)  Capacity:     1024M (100%)       1024M (100%)       1024M (100%)       1024M (100%)       1024M (100%)       1024M (100%)   
[13.065s][info][gc,heap     ] GC(72)      Free:        0M (0%)            0M (0%)            0M (0%)           78M (8%)           80M (8%)            0M (0%)     
[13.065s][info][gc,heap     ] GC(72)      Used:     1024M (100%)       1024M (100%)       1024M (100%)        946M (92%)        1024M (100%)        944M (92%)    
[13.065s][info][gc,heap     ] GC(72)      Live:         -               351M (34%)         351M (34%)         351M (34%)            -                  -          
[13.065s][info][gc,heap     ] GC(72) Allocated:         -                 0M (0%)            0M (0%)          585M (57%)            -                  -          
[13.065s][info][gc,heap     ] GC(72)   Garbage:         -               672M (66%)         672M (66%)           8M (1%)             -                  -          
[13.065s][info][gc,heap     ] GC(72) Reclaimed:         -                  -                 0M (0%)          663M (65%)            -                  -          
[13.065s][info][gc          ] GC(72) Garbage Collection (Allocation Stall) 1024M(100%)->946M(92%)
[13.087s][info][gc,start    ] GC(73) Garbage Collection (Allocation Stall)
[13.088s][info][gc,ref      ] GC(73) Clearing All SoftReferences
[13.088s][info][gc,task     ] GC(73) Using 3 workers
[13.088s][info][gc,phases   ] GC(73) Pause Mark Start 0.015ms
[13.093s][info][gc,phases   ] GC(73) Concurrent Mark 5.338ms
[13.094s][info][gc,phases   ] GC(73) Pause Mark End 0.015ms
[13.094s][info][gc,phases   ] GC(73) Concurrent Mark Free 0.001ms
[13.094s][info][gc,phases   ] GC(73) Concurrent Process Non-Strong References 0.612ms
[13.094s][info][gc,phases   ] GC(73) Concurrent Reset Relocation Set 0.014ms
[13.097s][info][gc,phases   ] GC(73) Concurrent Select Relocation Set 2.423ms
[13.097s][info][gc,phases   ] GC(73) Pause Relocate Start 0.009ms
[13.103s][info][gc          ] Allocation Stall (pool-1-thread-1) 15.614ms
[13.104s][info][gc          ] Allocation Stall (pool-1-thread-3) 16.423ms
[13.104s][info][gc          ] Allocation Stall (pool-1-thread-2) 16.665ms
[13.104s][info][gc          ] Allocation Stall (pool-1-thread-4) 16.858ms
[13.137s][info][gc          ] Allocation Stall (pool-1-thread-4) 0.542ms
[13.138s][info][gc          ] Allocation Stall (pool-1-thread-3) 1.901ms
[13.139s][info][gc          ] Allocation Stall (pool-1-thread-1) 1.666ms
[13.139s][info][gc          ] Allocation Stall (pool-1-thread-2) 1.871ms
[13.152s][info][gc          ] Allocation Stall (pool-1-thread-2) 4.346ms
[13.152s][info][gc          ] Allocation Stall (pool-1-thread-4) 4.359ms
[13.153s][info][gc          ] Allocation Stall (pool-1-thread-3) 4.750ms
[13.153s][info][gc          ] Allocation Stall (pool-1-thread-1) 5.269ms
[13.180s][info][gc          ] Allocation Stall (pool-1-thread-3) 2.459ms
[13.180s][info][gc          ] Allocation Stall (pool-1-thread-4) 1.398ms
[13.180s][info][gc          ] Allocation Stall (pool-1-thread-2) 5.269ms
[13.180s][info][gc          ] Allocation Stall (pool-1-thread-1) 3.438ms
[13.187s][info][gc          ] Allocation Stall (pool-1-thread-3) 1.491ms
[13.200s][info][gc          ] Allocation Stall (pool-1-thread-4) 14.405ms
[13.201s][info][gc          ] Allocation Stall (pool-1-thread-1) 14.779ms
[13.201s][info][gc          ] Allocation Stall (pool-1-thread-2) 14.770ms
[13.215s][info][gc          ] Allocation Stall (pool-1-thread-2) 8.223ms
[13.215s][info][gc          ] Allocation Stall (pool-1-thread-4) 13.657ms
[13.215s][info][gc          ] Allocation Stall (pool-1-thread-1) 8.661ms
[13.216s][info][gc          ] Allocation Stall (pool-1-thread-3) 1.849ms
[13.217s][info][gc          ] Allocation Stall (pool-1-thread-2) 1.834ms
[13.256s][info][gc          ] Allocation Stall (pool-1-thread-1) 3.490ms
[13.258s][info][gc,phases   ] GC(73) Concurrent Relocate 161.084ms
[13.258s][info][gc,load     ] GC(73) Load: 1.55/0.58/0.26
[13.258s][info][gc,mmu      ] GC(73) MMU: 2ms/97.9%, 5ms/99.1%, 10ms/99.4%, 20ms/99.7%, 50ms/99.8%, 100ms/99.9%
[13.258s][info][gc,marking  ] GC(73) Mark: 2 stripe(s), 4 proactive flush(es), 1 terminate flush(es), 0 completion(s), 0 continuation(s) 
[13.258s][info][gc,marking  ] GC(73) Mark Stack Usage: 32M
[13.258s][info][gc,nmethod  ] GC(73) NMethods: 437 registered, 0 unregistered
[13.258s][info][gc,metaspace] GC(73) Metaspace: 6M used, 6M committed, 1088M reserved
[13.258s][info][gc,ref      ] GC(73) Soft: 34 encountered, 9 discovered, 0 enqueued
[13.258s][info][gc,ref      ] GC(73) Weak: 179 encountered, 33 discovered, 0 enqueued
[13.258s][info][gc,ref      ] GC(73) Final: 0 encountered, 0 discovered, 0 enqueued
[13.258s][info][gc,ref      ] GC(73) Phantom: 3 encountered, 2 discovered, 0 enqueued
[13.258s][info][gc,reloc    ] GC(73) Small Pages: 152 / 304M, Empty: 2M, Relocated: 97M, In-Place: 2
[13.258s][info][gc,reloc    ] GC(73) Medium Pages: 22 / 704M, Empty: 0M, Relocated: 245M, In-Place: 4
[13.258s][info][gc,reloc    ] GC(73) Large Pages: 0 / 0M, Empty: 0M, Relocated: 0M, In-Place: 0
[13.258s][info][gc,reloc    ] GC(73) Forwarding Usage: 0M
[13.258s][info][gc,heap     ] GC(73) Min Capacity: 1024M(100%)
[13.258s][info][gc,heap     ] GC(73) Max Capacity: 1024M(100%)
[13.258s][info][gc,heap     ] GC(73) Soft Max Capacity: 1024M(100%)
[13.258s][info][gc,heap     ] GC(73)                Mark Start          Mark End        Relocate Start      Relocate End           High               Low         
[13.258s][info][gc,heap     ] GC(73)  Capacity:     1024M (100%)       1024M (100%)       1024M (100%)       1024M (100%)       1024M (100%)       1024M (100%)   
[13.258s][info][gc,heap     ] GC(73)      Free:       16M (2%)           16M (2%)           18M (2%)           88M (9%)           98M (10%)           0M (0%)     
[13.258s][info][gc,heap     ] GC(73)      Used:     1008M (98%)        1008M (98%)        1006M (98%)         936M (91%)        1024M (100%)        926M (90%)    
[13.258s][info][gc,heap     ] GC(73)      Live:         -               347M (34%)         347M (34%)         347M (34%)            -                  -          
[13.258s][info][gc,heap     ] GC(73) Allocated:         -                 0M (0%)            0M (0%)          571M (56%)            -                  -          
[13.258s][info][gc,heap     ] GC(73)   Garbage:         -               660M (65%)         658M (64%)          16M (2%)             -                  -          
[13.258s][info][gc,heap     ] GC(73) Reclaimed:         -                  -                 2M (0%)          643M (63%)            -                  -          
[13.258s][info][gc          ] GC(73) Garbage Collection (Allocation Stall) 1008M(98%)->936M(91%)
[13.265s][info][gc,start    ] GC(74) Garbage Collection (Allocation Stall)
[13.265s][info][gc,ref      ] GC(74) Clearing All SoftReferences
[13.265s][info][gc,task     ] GC(74) Using 3 workers
[13.266s][info][gc,phases   ] GC(74) Pause Mark Start 0.016ms
[13.286s][info][gc,phases   ] GC(74) Concurrent Mark 19.321ms
[13.286s][info][gc,phases   ] GC(74) Pause Mark End 0.016ms
[13.286s][info][gc,phases   ] GC(74) Concurrent Mark Free 0.001ms
[13.287s][info][gc,phases   ] GC(74) Concurrent Process Non-Strong References 0.749ms
[13.287s][info][gc,phases   ] GC(74) Concurrent Reset Relocation Set 0.015ms
[13.289s][info][gc,phases   ] GC(74) Concurrent Select Relocation Set 2.162ms
[13.289s][info][gc,phases   ] GC(74) Pause Relocate Start 0.008ms
[13.295s][info][gc          ] Allocation Stall (pool-1-thread-2) 11.001ms
[13.296s][info][gc          ] Allocation Stall (pool-1-thread-4) 11.383ms
[13.296s][info][gc          ] Allocation Stall (pool-1-thread-3) 11.682ms
[13.296s][info][gc          ] Allocation Stall (pool-1-thread-1) 11.823ms
[13.316s][info][gc          ] Allocation Stall (pool-1-thread-4) 0.798ms
[13.325s][info][gc          ] Allocation Stall (pool-1-thread-4) 0.573ms
[13.325s][info][gc          ] Allocation Stall (pool-1-thread-2) 0.784ms
[13.326s][info][gc          ] Allocation Stall (pool-1-thread-3) 1.610ms
[13.331s][info][gc          ] Allocation Stall (pool-1-thread-1) 6.497ms
[13.343s][info][gc          ] Allocation Stall (pool-1-thread-1) 2.912ms
[13.349s][info][gc          ] Allocation Stall (pool-1-thread-3) 8.267ms
[13.349s][info][gc          ] Allocation Stall (pool-1-thread-4) 8.548ms
[13.349s][info][gc          ] Allocation Stall (pool-1-thread-2) 8.743ms
[13.351s][info][gc          ] Allocation Stall (pool-1-thread-1) 6.599ms
[13.369s][info][gc          ] Allocation Stall (pool-1-thread-1) 4.499ms
[13.378s][info][gc          ] Allocation Stall (pool-1-thread-4) 13.175ms
[13.378s][info][gc          ] Allocation Stall (pool-1-thread-2) 13.520ms
[13.379s][info][gc          ] Allocation Stall (pool-1-thread-3) 13.738ms
[13.379s][info][gc          ] Allocation Stall (pool-1-thread-1) 0.688ms
[13.385s][info][gc          ] Allocation Stall (pool-1-thread-4) 2.608ms
[13.388s][info][gc          ] Allocation Stall (pool-1-thread-2) 5.136ms
[13.389s][info][gc          ] Allocation Stall (pool-1-thread-3) 6.430ms
[13.390s][info][gc          ] Allocation Stall (pool-1-thread-1) 7.401ms
[13.425s][info][gc          ] Allocation Stall (pool-1-thread-3) 5.262ms
[13.431s][info][gc,phases   ] GC(74) Concurrent Relocate 141.511ms
[13.431s][info][gc,load     ] GC(74) Load: 1.55/0.58/0.26
[13.432s][info][gc          ] Allocation Stall (pool-1-thread-4) 12.134ms
[13.432s][info][gc,mmu      ] GC(74) MMU: 2ms/97.9%, 5ms/99.1%, 10ms/99.4%, 20ms/99.7%, 50ms/99.8%, 100ms/99.9%
[13.432s][info][gc,marking  ] GC(74) Mark: 2 stripe(s), 6 proactive flush(es), 1 terminate flush(es), 0 completion(s), 0 continuation(s) 
[13.432s][info][gc,marking  ] GC(74) Mark Stack Usage: 32M
[13.432s][info][gc,nmethod  ] GC(74) NMethods: 437 registered, 0 unregistered
[13.432s][info][gc,metaspace] GC(74) Metaspace: 6M used, 6M committed, 1088M reserved
[13.432s][info][gc,ref      ] GC(74) Soft: 34 encountered, 21 discovered, 0 enqueued
[13.432s][info][gc,ref      ] GC(74) Weak: 179 encountered, 15 discovered, 0 enqueued
[13.432s][info][gc,ref      ] GC(74) Final: 0 encountered, 0 discovered, 0 enqueued
[13.432s][info][gc,ref      ] GC(74) Phantom: 3 encountered, 2 discovered, 0 enqueued
[13.432s][info][gc,reloc    ] GC(74) Small Pages: 136 / 272M, Empty: 0M, Relocated: 96M, In-Place: 0
[13.432s][info][gc,reloc    ] GC(74) Medium Pages: 21 / 672M, Empty: 0M, Relocated: 243M, In-Place: 6
[13.432s][info][gc,reloc    ] GC(74) Large Pages: 0 / 0M, Empty: 0M, Relocated: 0M, In-Place: 0
[13.432s][info][gc,reloc    ] GC(74) Forwarding Usage: 0M
[13.432s][info][gc,heap     ] GC(74) Min Capacity: 1024M(100%)
[13.432s][info][gc,heap     ] GC(74) Max Capacity: 1024M(100%)
[13.432s][info][gc,heap     ] GC(74) Soft Max Capacity: 1024M(100%)
[13.432s][info][gc,heap     ] GC(74)                Mark Start          Mark End        Relocate Start      Relocate End           High               Low         
[13.432s][info][gc,heap     ] GC(74)  Capacity:     1024M (100%)       1024M (100%)       1024M (100%)       1024M (100%)       1024M (100%)       1024M (100%)   
[13.432s][info][gc,heap     ] GC(74)      Free:       80M (8%)           30M (3%)           30M (3%)           24M (2%)           94M (9%)            0M (0%)     
[13.432s][info][gc,heap     ] GC(74)      Used:      944M (92%)         994M (97%)         994M (97%)        1000M (98%)        1024M (100%)        930M (91%)    
[13.432s][info][gc,heap     ] GC(74)      Live:         -               342M (33%)         342M (33%)         342M (33%)            -                  -          
[13.432s][info][gc,heap     ] GC(74) Allocated:         -                50M (5%)           50M (5%)          637M (62%)            -                  -          
[13.432s][info][gc,heap     ] GC(74)   Garbage:         -               601M (59%)         601M (59%)          19M (2%)             -                  -          
[13.432s][info][gc,heap     ] GC(74) Reclaimed:         -                  -                 0M (0%)          581M (57%)            -                  -          
[13.432s][info][gc          ] GC(74) Garbage Collection (Allocation Stall) 944M(92%)->1000M(98%)
[13.460s][info][gc,start    ] GC(75) Garbage Collection (Allocation Stall)
[13.460s][info][gc,ref      ] GC(75) Clearing All SoftReferences
[13.460s][info][gc,task     ] GC(75) Using 3 workers
[13.460s][info][gc,phases   ] GC(75) Pause Mark Start 0.052ms
[13.465s][info][gc,phases   ] GC(75) Concurrent Mark 5.070ms
[13.465s][info][gc,phases   ] GC(75) Pause Mark End 0.046ms
[13.466s][info][gc,phases   ] GC(75) Concurrent Mark Free 0.001ms
[13.466s][info][gc,phases   ] GC(75) Concurrent Process Non-Strong References 0.727ms
[13.466s][info][gc,phases   ] GC(75) Concurrent Reset Relocation Set 0.009ms
[13.468s][info][gc          ] Allocation Stall (pool-1-thread-4) 8.667ms
[13.468s][info][gc,phases   ] GC(75) Concurrent Select Relocation Set 1.552ms
[13.468s][info][gc,phases   ] GC(75) Pause Relocate Start 0.007ms
[13.473s][info][gc          ] Allocation Stall (pool-1-thread-2) 13.143ms
[13.473s][info][gc          ] Allocation Stall (pool-1-thread-3) 13.397ms
[13.474s][info][gc          ] Allocation Stall (pool-1-thread-1) 13.352ms
[13.474s][info][gc          ] Allocation Stall (pool-1-thread-4) 5.921ms
[13.474s][info][gc          ] Allocation Stall (pool-1-thread-2) 0.954ms
[13.474s][info][gc          ] Allocation Stall (pool-1-thread-3) 1.040ms
[13.485s][info][gc          ] Allocation Stall (pool-1-thread-1) 3.906ms
[13.485s][info][gc          ] Allocation Stall (pool-1-thread-2) 3.955ms
[13.486s][info][gc          ] Allocation Stall (pool-1-thread-3) 4.436ms
[13.487s][info][gc          ] Allocation Stall (pool-1-thread-4) 4.823ms
[13.526s][info][gc          ] Allocation Stall (pool-1-thread-4) 3.332ms
[13.526s][info][gc          ] Allocation Stall (pool-1-thread-1) 6.964ms
[13.526s][info][gc          ] Allocation Stall (pool-1-thread-2) 1.803ms
[13.526s][info][gc          ] Allocation Stall (pool-1-thread-3) 3.214ms
[13.531s][info][gc          ] Allocation Stall (pool-1-thread-4) 2.919ms
[13.544s][info][gc          ] Allocation Stall (pool-1-thread-1) 14.838ms
[13.545s][info][gc          ] Allocation Stall (pool-1-thread-2) 14.785ms
[13.551s][info][gc          ] Allocation Stall (pool-1-thread-3) 21.189ms
[13.552s][info][gc          ] Allocation Stall (pool-1-thread-1) 7.142ms
[13.552s][info][gc          ] Allocation Stall (pool-1-thread-4) 7.095ms
[13.562s][info][gc          ] Allocation Stall (pool-1-thread-4) 4.106ms
[13.562s][info][gc          ] Allocation Stall (pool-1-thread-1) 3.722ms
[13.578s][info][gc          ] Allocation Stall (pool-1-thread-2) 8.215ms
[13.592s][info][gc          ] Relocation Stall (main) 124.057ms
[13.592s][info][gc          ] Allocation Stall (pool-1-thread-1) 22.628ms
[13.596s][info][gc          ] Allocation Stall (pool-1-thread-3) 26.156ms
[13.601s][info][gc          ] Allocation Stall (pool-1-thread-4) 31.133ms
[13.602s][info][gc          ] Allocation Stall (pool-1-thread-2) 11.488ms
[13.640s][info][gc,phases   ] GC(75) Concurrent Relocate 171.546ms
[13.640s][info][gc,load     ] GC(75) Load: 1.55/0.58/0.26
[13.640s][info][gc,mmu      ] GC(75) MMU: 2ms/97.4%, 5ms/98.9%, 10ms/98.9%, 20ms/99.5%, 50ms/99.8%, 100ms/99.9%
[13.640s][info][gc,marking  ] GC(75) Mark: 2 stripe(s), 2 proactive flush(es), 1 terminate flush(es), 0 completion(s), 0 continuation(s) 
[13.640s][info][gc,marking  ] GC(75) Mark Stack Usage: 32M
[13.640s][info][gc,nmethod  ] GC(75) NMethods: 437 registered, 0 unregistered
[13.640s][info][gc,metaspace] GC(75) Metaspace: 6M used, 6M committed, 1088M reserved
[13.640s][info][gc,ref      ] GC(75) Soft: 34 encountered, 24 discovered, 0 enqueued
[13.640s][info][gc,ref      ] GC(75) Weak: 179 encountered, 66 discovered, 0 enqueued
[13.640s][info][gc,ref      ] GC(75) Final: 0 encountered, 0 discovered, 0 enqueued
[13.640s][info][gc,ref      ] GC(75) Phantom: 3 encountered, 2 discovered, 0 enqueued
[13.640s][info][gc,reloc    ] GC(75) Small Pages: 144 / 288M, Empty: 2M, Relocated: 94M, In-Place: 0
[13.640s][info][gc,reloc    ] GC(75) Medium Pages: 23 / 736M, Empty: 0M, Relocated: 251M, In-Place: 6
[13.640s][info][gc,reloc    ] GC(75) Large Pages: 0 / 0M, Empty: 0M, Relocated: 0M, In-Place: 0
[13.640s][info][gc,reloc    ] GC(75) Forwarding Usage: 0M
[13.640s][info][gc,heap     ] GC(75) Min Capacity: 1024M(100%)
[13.640s][info][gc,heap     ] GC(75) Max Capacity: 1024M(100%)
[13.640s][info][gc,heap     ] GC(75) Soft Max Capacity: 1024M(100%)
[13.640s][info][gc,heap     ] GC(75)                Mark Start          Mark End        Relocate Start      Relocate End           High               Low         
[13.640s][info][gc,heap     ] GC(75)  Capacity:     1024M (100%)       1024M (100%)       1024M (100%)       1024M (100%)       1024M (100%)       1024M (100%)   
[13.640s][info][gc,heap     ] GC(75)      Free:        0M (0%)            0M (0%)            0M (0%)           78M (8%)          140M (14%)           0M (0%)     
[13.640s][info][gc,heap     ] GC(75)      Used:     1024M (100%)       1024M (100%)       1024M (100%)        946M (92%)        1024M (100%)        884M (86%)    
[13.640s][info][gc,heap     ] GC(75)      Live:         -               351M (34%)         351M (34%)         351M (34%)            -                  -          
[13.640s][info][gc,heap     ] GC(75) Allocated:         -                 0M (0%)            2M (0%)          581M (57%)            -                  -          
[13.640s][info][gc,heap     ] GC(75)   Garbage:         -               672M (66%)         670M (66%)          12M (1%)             -                  -          
[13.640s][info][gc,heap     ] GC(75) Reclaimed:         -                  -                 2M (0%)          659M (64%)            -                  -          
[13.640s][info][gc          ] GC(75) Garbage Collection (Allocation Stall) 1024M(100%)->946M(92%)
[13.655s][info][gc,start    ] GC(76) Garbage Collection (Allocation Stall)
[13.655s][info][gc,ref      ] GC(76) Clearing All SoftReferences
[13.655s][info][gc,task     ] GC(76) Using 3 workers
[13.660s][info][gc,phases   ] GC(76) Pause Mark Start 0.018ms
[13.660s][info][gc          ] Allocation Stall (pool-1-thread-3) 4.891ms
[13.660s][info][gc          ] Allocation Stall (pool-1-thread-2) 4.615ms
[13.667s][info][gc,phases   ] GC(76) Concurrent Mark 7.074ms
[13.669s][info][gc,phases   ] GC(76) Pause Mark End 0.056ms
[13.669s][info][gc,phases   ] GC(76) Concurrent Mark Free 0.002ms
[13.670s][info][gc,phases   ] GC(76) Concurrent Process Non-Strong References 0.760ms
[13.670s][info][gc,phases   ] GC(76) Concurrent Reset Relocation Set 0.016ms
[13.673s][info][gc,phases   ] GC(76) Concurrent Select Relocation Set 2.423ms
[13.673s][info][gc,phases   ] GC(76) Pause Relocate Start 0.012ms
[13.678s][info][gc          ] Allocation Stall (pool-1-thread-1) 17.980ms
[13.680s][info][gc          ] Allocation Stall (pool-1-thread-2) 19.980ms
[13.680s][info][gc          ] Allocation Stall (pool-1-thread-3) 20.365ms
[13.681s][info][gc          ] Allocation Stall (pool-1-thread-4) 20.560ms
[13.778s][info][gc          ] Allocation Stall (pool-1-thread-4) 7.127ms
[13.779s][info][gc          ] Allocation Stall (pool-1-thread-2) 7.207ms
[13.782s][info][gc          ] Allocation Stall (pool-1-thread-3) 10.307ms
[13.782s][info][gc          ] Allocation Stall (pool-1-thread-1) 10.730ms
[13.835s][info][gc          ] Allocation Stall (pool-1-thread-1) 2.705ms
[13.836s][info][gc,phases   ] GC(76) Concurrent Relocate 162.481ms
[13.836s][info][gc,load     ] GC(76) Load: 1.55/0.58/0.26
[13.836s][info][gc,mmu      ] GC(76) MMU: 2ms/97.2%, 5ms/98.6%, 10ms/98.9%, 20ms/99.5%, 50ms/99.8%, 100ms/99.9%
[13.836s][info][gc,marking  ] GC(76) Mark: 2 stripe(s), 2 proactive flush(es), 1 terminate flush(es), 0 completion(s), 0 continuation(s) 
[13.836s][info][gc,marking  ] GC(76) Mark Stack Usage: 32M
[13.836s][info][gc,nmethod  ] GC(76) NMethods: 437 registered, 0 unregistered
[13.836s][info][gc,metaspace] GC(76) Metaspace: 6M used, 6M committed, 1088M reserved
[13.836s][info][gc,ref      ] GC(76) Soft: 34 encountered, 18 discovered, 0 enqueued
[13.836s][info][gc,ref      ] GC(76) Weak: 179 encountered, 72 discovered, 0 enqueued
[13.836s][info][gc,ref      ] GC(76) Final: 0 encountered, 0 discovered, 0 enqueued
[13.836s][info][gc,ref      ] GC(76) Phantom: 3 encountered, 3 discovered, 0 enqueued
[13.836s][info][gc,reloc    ] GC(76) Small Pages: 144 / 288M, Empty: 0M, Relocated: 96M, In-Place: 0
[13.836s][info][gc,reloc    ] GC(76) Medium Pages: 22 / 704M, Empty: 0M, Relocated: 222M, In-Place: 2
[13.836s][info][gc,reloc    ] GC(76) Large Pages: 0 / 0M, Empty: 0M, Relocated: 0M, In-Place: 0
[13.836s][info][gc,reloc    ] GC(76) Forwarding Usage: 0M
[13.836s][info][gc,heap     ] GC(76) Min Capacity: 1024M(100%)
[13.836s][info][gc,heap     ] GC(76) Max Capacity: 1024M(100%)
[13.836s][info][gc,heap     ] GC(76) Soft Max Capacity: 1024M(100%)
[13.836s][info][gc,heap     ] GC(76)                Mark Start          Mark End        Relocate Start      Relocate End           High               Low         
[13.836s][info][gc,heap     ] GC(76)  Capacity:     1024M (100%)       1024M (100%)       1024M (100%)       1024M (100%)       1024M (100%)       1024M (100%)   
[13.836s][info][gc,heap     ] GC(76)      Free:       28M (3%)           26M (3%)           26M (3%)            2M (0%)          178M (17%)           0M (0%)     
[13.836s][info][gc,heap     ] GC(76)      Used:      996M (97%)         998M (97%)         998M (97%)        1022M (100%)       1024M (100%)        846M (83%)    
[13.836s][info][gc,heap     ] GC(76)      Live:         -               351M (34%)         351M (34%)         351M (34%)            -                  -          
[13.836s][info][gc,heap     ] GC(76) Allocated:         -                 2M (0%)            2M (0%)          625M (61%)            -                  -          
[13.836s][info][gc,heap     ] GC(76)   Garbage:         -               644M (63%)         644M (63%)          44M (4%)             -                  -          
[13.836s][info][gc,heap     ] GC(76) Reclaimed:         -                  -                 0M (0%)          599M (59%)            -                  -          
[13.836s][info][gc          ] GC(76) Garbage Collection (Allocation Stall) 996M(97%)->1022M(100%)
[13.842s][info][gc,start    ] GC(77) Garbage Collection (Allocation Stall)
[13.842s][info][gc,ref      ] GC(77) Clearing All SoftReferences
[13.842s][info][gc,task     ] GC(77) Using 3 workers
[13.846s][info][gc,phases   ] GC(77) Pause Mark Start 0.013ms
[13.846s][info][gc          ] Allocation Stall (pool-1-thread-4) 3.702ms
[13.875s][info][gc,phases   ] GC(77) Concurrent Mark 29.084ms
[13.875s][info][gc,phases   ] GC(77) Pause Mark End 0.016ms
[13.875s][info][gc,phases   ] GC(77) Concurrent Mark Free 0.002ms
[13.876s][info][gc,phases   ] GC(77) Concurrent Process Non-Strong References 0.951ms
[13.876s][info][gc,phases   ] GC(77) Concurrent Reset Relocation Set 0.021ms
[13.879s][info][gc,phases   ] GC(77) Concurrent Select Relocation Set 2.419ms
[13.879s][info][gc,phases   ] GC(77) Pause Relocate Start 0.011ms
[13.885s][info][gc          ] Allocation Stall (pool-1-thread-4) 12.784ms
[13.885s][info][gc          ] Allocation Stall (pool-1-thread-1) 12.838ms
[13.886s][info][gc          ] Allocation Stall (pool-1-thread-2) 12.970ms
[13.886s][info][gc          ] Allocation Stall (pool-1-thread-3) 12.759ms
[13.915s][info][gc          ] Allocation Stall (pool-1-thread-3) 0.577ms
[13.934s][info][gc          ] Allocation Stall (pool-1-thread-1) 12.398ms
[13.936s][info][gc          ] Allocation Stall (pool-1-thread-4) 14.594ms
[13.936s][info][gc          ] Allocation Stall (pool-1-thread-2) 14.906ms
[13.936s][info][gc          ] Allocation Stall (pool-1-thread-3) 15.100ms
[13.944s][info][gc          ] Allocation Stall (pool-1-thread-2) 0.686ms
[13.960s][info][gc          ] Allocation Stall (pool-1-thread-3) 16.656ms
[13.961s][info][gc          ] Allocation Stall (pool-1-thread-2) 2.175ms
[13.961s][info][gc          ] Allocation Stall (pool-1-thread-1) 2.367ms
[13.961s][info][gc          ] Allocation Stall (pool-1-thread-4) 2.455ms
[13.961s][info][gc          ] Allocation Stall (pool-1-thread-2) 0.124ms
[13.961s][info][gc          ] Allocation Stall (pool-1-thread-3) 0.793ms
[13.984s][info][gc          ] Allocation Stall (pool-1-thread-4) 11.490ms
[13.984s][info][gc          ] Allocation Stall (pool-1-thread-2) 11.599ms
[13.984s][info][gc          ] Allocation Stall (pool-1-thread-3) 11.544ms
[13.984s][info][gc          ] Allocation Stall (pool-1-thread-1) 11.566ms
[14.003s][info][gc          ] Allocation Stall (pool-1-thread-2) 9.088ms
[14.003s][info][gc          ] Allocation Stall (pool-1-thread-1) 9.371ms
[14.003s][info][gc          ] Allocation Stall (pool-1-thread-3) 5.862ms
[14.003s][info][gc          ] Allocation Stall (pool-1-thread-4) 5.871ms
[14.004s][info][gc          ] Relocation Stall (main) 124.888ms
[14.062s][info][gc,phases   ] GC(77) Concurrent Relocate 183.352ms
[14.063s][info][gc,load     ] GC(77) Load: 1.55/0.58/0.26
[14.063s][info][gc,mmu      ] GC(77) MMU: 2ms/97.2%, 5ms/98.6%, 10ms/98.9%, 20ms/99.5%, 50ms/99.8%, 100ms/99.9%
[14.063s][info][gc,marking  ] GC(77) Mark: 2 stripe(s), 3 proactive flush(es), 1 terminate flush(es), 0 completion(s), 0 continuation(s) 
[14.063s][info][gc,marking  ] GC(77) Mark Stack Usage: 32M
[14.063s][info][gc,nmethod  ] GC(77) NMethods: 437 registered, 0 unregistered
[14.063s][info][gc,metaspace] GC(77) Metaspace: 6M used, 6M committed, 1088M reserved
[14.063s][info][gc,ref      ] GC(77) Soft: 34 encountered, 8 discovered, 0 enqueued
[14.063s][info][gc,ref      ] GC(77) Weak: 179 encountered, 0 discovered, 0 enqueued
[14.063s][info][gc,ref      ] GC(77) Final: 0 encountered, 0 discovered, 0 enqueued
[14.063s][info][gc,ref      ] GC(77) Phantom: 3 encountered, 2 discovered, 0 enqueued
[14.063s][info][gc,reloc    ] GC(77) Small Pages: 128 / 256M, Empty: 0M, Relocated: 89M, In-Place: 0
[14.063s][info][gc,reloc    ] GC(77) Medium Pages: 21 / 672M, Empty: 0M, Relocated: 241M, In-Place: 5
[14.063s][info][gc,reloc    ] GC(77) Large Pages: 0 / 0M, Empty: 0M, Relocated: 0M, In-Place: 0
[14.063s][info][gc,reloc    ] GC(77) Forwarding Usage: 0M
[14.063s][info][gc,heap     ] GC(77) Min Capacity: 1024M(100%)
[14.063s][info][gc,heap     ] GC(77) Max Capacity: 1024M(100%)
[14.063s][info][gc,heap     ] GC(77) Soft Max Capacity: 1024M(100%)
[14.063s][info][gc,heap     ] GC(77)                Mark Start          Mark End        Relocate Start      Relocate End           High               Low         
[14.063s][info][gc,heap     ] GC(77)  Capacity:     1024M (100%)       1024M (100%)       1024M (100%)       1024M (100%)       1024M (100%)       1024M (100%)   
[14.063s][info][gc,heap     ] GC(77)      Free:       94M (9%)            0M (0%)            0M (0%)           50M (5%)           94M (9%)            0M (0%)     
[14.063s][info][gc,heap     ] GC(77)      Used:      930M (91%)        1024M (100%)       1024M (100%)        974M (95%)        1024M (100%)        930M (91%)    
[14.063s][info][gc,heap     ] GC(77)      Live:         -               337M (33%)         337M (33%)         337M (33%)            -                  -          
[14.063s][info][gc,heap     ] GC(77) Allocated:         -                94M (9%)           94M (9%)          611M (60%)            -                  -          
[14.063s][info][gc,heap     ] GC(77)   Garbage:         -               592M (58%)         592M (58%)          24M (2%)             -                  -          
[14.063s][info][gc,heap     ] GC(77) Reclaimed:         -                  -                 0M (0%)          567M (55%)            -                  -          
[14.063s][info][gc          ] GC(77) Garbage Collection (Allocation Stall) 930M(91%)->974M(95%)
[14.065s][info][gc,start    ] GC(78) Garbage Collection (Allocation Stall)
[14.065s][info][gc,ref      ] GC(78) Clearing All SoftReferences
[14.065s][info][gc,task     ] GC(78) Using 3 workers
[14.069s][info][gc,phases   ] GC(78) Pause Mark Start 0.012ms
[14.111s][info][gc,phases   ] GC(78) Concurrent Mark 41.308ms
[14.113s][info][gc,phases   ] GC(78) Pause Mark End 0.105ms
[14.114s][info][gc,phases   ] GC(78) Concurrent Mark Free 0.002ms
[14.118s][info][gc,phases   ] GC(78) Concurrent Process Non-Strong References 4.113ms
[14.118s][info][gc,phases   ] GC(78) Concurrent Reset Relocation Set 0.017ms
[14.121s][info][gc,phases   ] GC(78) Concurrent Select Relocation Set 3.328ms
[14.121s][info][gc,phases   ] GC(78) Pause Relocate Start 0.010ms
[14.131s][info][gc          ] Allocation Stall (pool-1-thread-3) 20.729ms
[14.131s][info][gc          ] Allocation Stall (pool-1-thread-2) 7.997ms
[14.131s][info][gc          ] Allocation Stall (pool-1-thread-4) 16.085ms
[14.131s][info][gc          ] Allocation Stall (pool-1-thread-1) 9.658ms
[14.160s][info][gc          ] Allocation Stall (pool-1-thread-3) 1.565ms
[14.160s][info][gc          ] Allocation Stall (pool-1-thread-4) 3.799ms
[14.178s][info][gc          ] Allocation Stall (pool-1-thread-2) 1.458ms
[14.185s][info][gc          ] Allocation Stall (pool-1-thread-4) 8.520ms
[14.187s][info][gc          ] Allocation Stall (pool-1-thread-1) 10.381ms
[14.190s][info][gc          ] Allocation Stall (pool-1-thread-3) 11.085ms
[14.197s][info][gc          ] Allocation Stall (pool-1-thread-1) 3.180ms
[14.203s][info][gc          ] Allocation Stall (pool-1-thread-2) 8.755ms
[14.203s][info][gc          ] Allocation Stall (pool-1-thread-4) 9.136ms
[14.203s][info][gc          ] Allocation Stall (pool-1-thread-3) 9.220ms
[14.222s][info][gc          ] Allocation Stall (pool-1-thread-2) 14.445ms
[14.233s][info][gc          ] Allocation Stall (pool-1-thread-4) 25.577ms
[14.233s][info][gc          ] Allocation Stall (pool-1-thread-3) 13.395ms
[14.234s][info][gc          ] Allocation Stall (pool-1-thread-1) 13.597ms
[14.234s][info][gc          ] Allocation Stall (pool-1-thread-2) 6.431ms
[14.243s][info][gc          ] Allocation Stall (pool-1-thread-1) 4.692ms
[14.248s][info][gc          ] Allocation Stall (pool-1-thread-4) 9.657ms
[14.248s][info][gc          ] Allocation Stall (pool-1-thread-3) 9.825ms
[14.249s][info][gc          ] Allocation Stall (pool-1-thread-2) 9.787ms
[14.262s][info][gc          ] Relocation Stall (main) 139.769ms
[14.287s][info][gc          ] Allocation Stall (pool-1-thread-2) 2.268ms
[14.291s][info][gc,phases   ] GC(78) Concurrent Relocate 169.466ms
[14.291s][info][gc,load     ] GC(78) Load: 1.55/0.58/0.26
[14.291s][info][gc,mmu      ] GC(78) MMU: 2ms/94.8%, 5ms/97.9%, 10ms/98.8%, 20ms/99.4%, 50ms/99.8%, 100ms/99.9%
[14.291s][info][gc,marking  ] GC(78) Mark: 2 stripe(s), 2 proactive flush(es), 1 terminate flush(es), 0 completion(s), 0 continuation(s) 
[14.291s][info][gc,marking  ] GC(78) Mark Stack Usage: 32M
[14.291s][info][gc,nmethod  ] GC(78) NMethods: 437 registered, 0 unregistered
[14.291s][info][gc,metaspace] GC(78) Metaspace: 6M used, 6M committed, 1088M reserved
[14.291s][info][gc,ref      ] GC(78) Soft: 34 encountered, 22 discovered, 0 enqueued
[14.291s][info][gc,ref      ] GC(78) Weak: 179 encountered, 4 discovered, 0 enqueued
[14.291s][info][gc,ref      ] GC(78) Final: 0 encountered, 0 discovered, 0 enqueued
[14.291s][info][gc,ref      ] GC(78) Phantom: 3 encountered, 0 discovered, 0 enqueued
[14.291s][info][gc,reloc    ] GC(78) Small Pages: 135 / 270M, Empty: 0M, Relocated: 85M, In-Place: 1
[14.291s][info][gc,reloc    ] GC(78) Medium Pages: 21 / 672M, Empty: 0M, Relocated: 247M, In-Place: 4
[14.291s][info][gc,reloc    ] GC(78) Large Pages: 0 / 0M, Empty: 0M, Relocated: 0M, In-Place: 0
[14.291s][info][gc,reloc    ] GC(78) Forwarding Usage: 0M
[14.291s][info][gc,heap     ] GC(78) Min Capacity: 1024M(100%)
[14.291s][info][gc,heap     ] GC(78) Max Capacity: 1024M(100%)
[14.291s][info][gc,heap     ] GC(78) Soft Max Capacity: 1024M(100%)
[14.291s][info][gc,heap     ] GC(78)                Mark Start          Mark End        Relocate Start      Relocate End           High               Low         
[14.291s][info][gc,heap     ] GC(78)  Capacity:     1024M (100%)       1024M (100%)       1024M (100%)       1024M (100%)       1024M (100%)       1024M (100%)   
[14.291s][info][gc,heap     ] GC(78)      Free:       82M (8%)            0M (0%)            0M (0%)           14M (1%)          118M (12%)           0M (0%)     
[14.291s][info][gc,heap     ] GC(78)      Used:      942M (92%)        1024M (100%)       1024M (100%)       1010M (99%)        1024M (100%)        906M (88%)    
[14.291s][info][gc,heap     ] GC(78)      Live:         -               342M (33%)         342M (33%)         342M (33%)            -                  -          
[14.291s][info][gc,heap     ] GC(78) Allocated:         -                82M (8%)           82M (8%)          649M (63%)            -                  -          
[14.291s][info][gc,heap     ] GC(78)   Garbage:         -               599M (59%)         599M (59%)          17M (2%)             -                  -          
[14.291s][info][gc,heap     ] GC(78) Reclaimed:         -                  -                 0M (0%)          581M (57%)            -                  -          
[14.291s][info][gc          ] GC(78) Garbage Collection (Allocation Stall) 942M(92%)->1010M(99%)
[14.292s][info][gc,start    ] GC(79) Garbage Collection (Allocation Stall)
[14.292s][info][gc,ref      ] GC(79) Clearing All SoftReferences
[14.292s][info][gc,task     ] GC(79) Using 3 workers
[14.297s][info][gc,phases   ] GC(79) Pause Mark Start 0.014ms
[14.297s][info][gc          ] Allocation Stall (pool-1-thread-4) 12.506ms
[14.307s][info][gc,phases   ] GC(79) Concurrent Mark 10.041ms
[14.308s][info][gc,phases   ] GC(79) Pause Mark End 0.017ms
[14.308s][info][gc,phases   ] GC(79) Concurrent Mark Free 0.001ms
[14.308s][info][gc,phases   ] GC(79) Concurrent Process Non-Strong References 0.667ms
[14.308s][info][gc,phases   ] GC(79) Concurrent Reset Relocation Set 0.011ms
[14.311s][info][gc,phases   ] GC(79) Concurrent Select Relocation Set 2.291ms
[14.311s][info][gc,phases   ] GC(79) Pause Relocate Start 0.013ms
[14.318s][info][gc          ] Allocation Stall (pool-1-thread-3) 12.348ms
[14.318s][info][gc          ] Allocation Stall (pool-1-thread-2) 12.689ms
[14.318s][info][gc          ] Allocation Stall (pool-1-thread-1) 12.835ms
[14.319s][info][gc          ] Allocation Stall (pool-1-thread-4) 12.961ms
[14.370s][info][gc          ] Allocation Stall (pool-1-thread-4) 3.702ms
[14.370s][info][gc          ] Allocation Stall (pool-1-thread-3) 5.051ms
[14.371s][info][gc          ] Allocation Stall (pool-1-thread-2) 2.301ms
[14.389s][info][gc          ] Allocation Stall (pool-1-thread-3) 4.082ms
[14.400s][info][gc          ] Allocation Stall (pool-1-thread-2) 14.922ms
[14.400s][info][gc          ] Allocation Stall (pool-1-thread-4) 15.231ms
[14.401s][info][gc          ] Allocation Stall (pool-1-thread-1) 15.119ms
[14.401s][info][gc          ] Allocation Stall (pool-1-thread-4) 0.161ms
[14.403s][info][gc          ] Allocation Stall (pool-1-thread-3) 3.921ms
[14.407s][info][gc          ] Allocation Stall (pool-1-thread-4) 3.959ms
[14.417s][info][gc          ] Allocation Stall (pool-1-thread-2) 14.079ms
[14.418s][info][gc          ] Allocation Stall (pool-1-thread-1) 15.555ms
[14.419s][info][gc          ] Allocation Stall (pool-1-thread-3) 15.451ms
[14.419s][info][gc          ] Allocation Stall (pool-1-thread-4) 1.812ms
[14.477s][info][gc,phases   ] GC(79) Concurrent Relocate 165.644ms
[14.477s][info][gc,load     ] GC(79) Load: 1.55/0.58/0.26
[14.477s][info][gc,mmu      ] GC(79) MMU: 2ms/94.8%, 5ms/97.9%, 10ms/98.8%, 20ms/99.4%, 50ms/99.8%, 100ms/99.9%
[14.477s][info][gc,marking  ] GC(79) Mark: 2 stripe(s), 2 proactive flush(es), 1 terminate flush(es), 0 completion(s), 0 continuation(s) 
[14.477s][info][gc,marking  ] GC(79) Mark Stack Usage: 32M
[14.477s][info][gc,nmethod  ] GC(79) NMethods: 437 registered, 0 unregistered
[14.477s][info][gc,metaspace] GC(79) Metaspace: 6M used, 6M committed, 1088M reserved
[14.477s][info][gc,ref      ] GC(79) Soft: 34 encountered, 17 discovered, 0 enqueued
[14.477s][info][gc,ref      ] GC(79) Weak: 179 encountered, 26 discovered, 0 enqueued
[14.477s][info][gc,ref      ] GC(79) Final: 0 encountered, 0 discovered, 0 enqueued
[14.477s][info][gc,ref      ] GC(79) Phantom: 3 encountered, 2 discovered, 0 enqueued
[14.477s][info][gc,reloc    ] GC(79) Small Pages: 137 / 274M, Empty: 0M, Relocated: 89M, In-Place: 0
[14.477s][info][gc,reloc    ] GC(79) Medium Pages: 21 / 672M, Empty: 0M, Relocated: 223M, In-Place: 4
[14.477s][info][gc,reloc    ] GC(79) Large Pages: 0 / 0M, Empty: 0M, Relocated: 0M, In-Place: 0
[14.477s][info][gc,reloc    ] GC(79) Forwarding Usage: 0M
[14.477s][info][gc,heap     ] GC(79) Min Capacity: 1024M(100%)
[14.477s][info][gc,heap     ] GC(79) Max Capacity: 1024M(100%)
[14.477s][info][gc,heap     ] GC(79) Soft Max Capacity: 1024M(100%)
[14.477s][info][gc,heap     ] GC(79)                Mark Start          Mark End        Relocate Start      Relocate End           High               Low         
[14.477s][info][gc,heap     ] GC(79)  Capacity:     1024M (100%)       1024M (100%)       1024M (100%)       1024M (100%)       1024M (100%)       1024M (100%)   
[14.477s][info][gc,heap     ] GC(79)      Free:       46M (4%)           24M (2%)           24M (2%)           44M (4%)          134M (13%)           0M (0%)     
[14.477s][info][gc,heap     ] GC(79)      Used:      978M (96%)        1000M (98%)        1000M (98%)         980M (96%)        1024M (100%)        890M (87%)    
[14.477s][info][gc,heap     ] GC(79)      Live:         -               337M (33%)         337M (33%)         337M (33%)            -                  -          
[14.477s][info][gc,heap     ] GC(79) Allocated:         -                22M (2%)           22M (2%)          587M (57%)            -                  -          
[14.477s][info][gc,heap     ] GC(79)   Garbage:         -               640M (63%)         640M (63%)          54M (5%)             -                  -          
[14.477s][info][gc,heap     ] GC(79) Reclaimed:         -                  -                 0M (0%)          585M (57%)            -                  -          
[14.477s][info][gc          ] GC(79) Garbage Collection (Allocation Stall) 978M(96%)->980M(96%)
[14.499s][info][gc,start    ] GC(80) Garbage Collection (Allocation Stall)
[14.499s][info][gc,ref      ] GC(80) Clearing All SoftReferences
[14.499s][info][gc,task     ] GC(80) Using 3 workers
[14.500s][info][gc,phases   ] GC(80) Pause Mark Start 0.016ms
[14.506s][info][gc,phases   ] GC(80) Concurrent Mark 6.476ms
[14.507s][info][gc,phases   ] GC(80) Pause Mark End 0.025ms
[14.507s][info][gc,phases   ] GC(80) Concurrent Mark Free 0.001ms
[14.508s][info][gc,phases   ] GC(80) Concurrent Process Non-Strong References 0.893ms
[14.508s][info][gc,phases   ] GC(80) Concurrent Reset Relocation Set 0.011ms
[14.511s][info][gc,phases   ] GC(80) Concurrent Select Relocation Set 2.823ms
[14.511s][info][gc,phases   ] GC(80) Pause Relocate Start 0.013ms
[14.517s][info][gc          ] Allocation Stall (pool-1-thread-3) 17.967ms
[14.519s][info][gc          ] Allocation Stall (pool-1-thread-4) 19.623ms
[14.519s][info][gc          ] Allocation Stall (pool-1-thread-1) 18.861ms
[14.520s][info][gc          ] Allocation Stall (pool-1-thread-2) 17.809ms
[14.531s][info][gc          ] Allocation Stall (pool-1-thread-2) 1.359ms
[14.531s][info][gc          ] Allocation Stall (pool-1-thread-1) 3.812ms
[14.605s][info][gc          ] Allocation Stall (pool-1-thread-2) 9.467ms
[14.618s][info][gc          ] Allocation Stall (pool-1-thread-4) 22.039ms
[14.619s][info][gc          ] Allocation Stall (pool-1-thread-3) 22.690ms
[14.619s][info][gc          ] Allocation Stall (pool-1-thread-1) 22.924ms
[14.629s][info][gc          ] Allocation Stall (pool-1-thread-2) 4.498ms
[14.631s][info][gc          ] Allocation Stall (pool-1-thread-3) 2.689ms
[14.631s][info][gc          ] Allocation Stall (pool-1-thread-4) 4.754ms
[14.636s][info][gc          ] Allocation Stall (pool-1-thread-1) 7.359ms
[14.637s][info][gc          ] Allocation Stall (pool-1-thread-2) 3.616ms
[14.639s][info][gc          ] Allocation Stall (pool-1-thread-3) 5.414ms
[14.641s][info][gc          ] Allocation Stall (pool-1-thread-4) 6.262ms
[14.642s][info][gc          ] Allocation Stall (pool-1-thread-1) 5.579ms
[14.677s][info][gc          ] Allocation Stall (pool-1-thread-3) 2.166ms
[14.678s][info][gc          ] Allocation Stall (pool-1-thread-2) 2.328ms
[14.694s][info][gc,phases   ] GC(80) Concurrent Relocate 182.520ms
[14.694s][info][gc,load     ] GC(80) Load: 1.55/0.58/0.26
[14.694s][info][gc,mmu      ] GC(80) MMU: 2ms/94.8%, 5ms/97.9%, 10ms/98.8%, 20ms/99.4%, 50ms/99.8%, 100ms/99.9%
[14.694s][info][gc,marking  ] GC(80) Mark: 2 stripe(s), 3 proactive flush(es), 1 terminate flush(es), 0 completion(s), 0 continuation(s) 
[14.694s][info][gc,marking  ] GC(80) Mark Stack Usage: 32M
[14.694s][info][gc,nmethod  ] GC(80) NMethods: 437 registered, 0 unregistered
[14.694s][info][gc,metaspace] GC(80) Metaspace: 6M used, 6M committed, 1088M reserved
[14.694s][info][gc,ref      ] GC(80) Soft: 34 encountered, 15 discovered, 0 enqueued
[14.694s][info][gc,ref      ] GC(80) Weak: 179 encountered, 0 discovered, 0 enqueued
[14.694s][info][gc,ref      ] GC(80) Final: 0 encountered, 0 discovered, 0 enqueued
[14.694s][info][gc,ref      ] GC(80) Phantom: 3 encountered, 2 discovered, 0 enqueued
[14.694s][info][gc,reloc    ] GC(80) Small Pages: 149 / 298M, Empty: 0M, Relocated: 99M, In-Place: 1
[14.694s][info][gc,reloc    ] GC(80) Medium Pages: 22 / 704M, Empty: 0M, Relocated: 245M, In-Place: 5
[14.694s][info][gc,reloc    ] GC(80) Large Pages: 0 / 0M, Empty: 0M, Relocated: 0M, In-Place: 0
[14.694s][info][gc,reloc    ] GC(80) Forwarding Usage: 0M
[14.694s][info][gc,heap     ] GC(80) Min Capacity: 1024M(100%)
[14.694s][info][gc,heap     ] GC(80) Max Capacity: 1024M(100%)
[14.694s][info][gc,heap     ] GC(80) Soft Max Capacity: 1024M(100%)
[14.694s][info][gc,heap     ] GC(80)                Mark Start          Mark End        Relocate Start      Relocate End           High               Low         
[14.694s][info][gc,heap     ] GC(80)  Capacity:     1024M (100%)       1024M (100%)       1024M (100%)       1024M (100%)       1024M (100%)       1024M (100%)   
[14.694s][info][gc,heap     ] GC(80)      Free:       22M (2%)           18M (2%)           18M (2%)           70M (7%)          100M (10%)           0M (0%)     
[14.694s][info][gc,heap     ] GC(80)      Used:     1002M (98%)        1006M (98%)        1006M (98%)         954M (93%)        1024M (100%)        924M (90%)    
[14.694s][info][gc,heap     ] GC(80)      Live:         -               347M (34%)         347M (34%)         347M (34%)            -                  -          
[14.694s][info][gc,heap     ] GC(80) Allocated:         -                 4M (0%)            4M (0%)          589M (58%)            -                  -          
[14.694s][info][gc,heap     ] GC(80)   Garbage:         -               654M (64%)         654M (64%)          16M (2%)             -                  -          
[14.694s][info][gc,heap     ] GC(80) Reclaimed:         -                  -                 0M (0%)          637M (62%)            -                  -          
[14.694s][info][gc          ] GC(80) Garbage Collection (Allocation Stall) 1002M(98%)->954M(93%)
[14.719s][info][gc,start    ] GC(81) Garbage Collection (Allocation Stall)
[14.719s][info][gc,ref      ] GC(81) Clearing All SoftReferences
[14.719s][info][gc,task     ] GC(81) Using 3 workers
[14.722s][info][gc,phases   ] GC(81) Pause Mark Start 0.074ms
[14.732s][info][gc,phases   ] GC(81) Concurrent Mark 10.208ms
[14.733s][info][gc,phases   ] GC(81) Pause Mark End 0.020ms
[14.733s][info][gc,phases   ] GC(81) Concurrent Mark Free 0.001ms
[14.733s][info][gc,phases   ] GC(81) Concurrent Process Non-Strong References 0.792ms
[14.733s][info][gc,phases   ] GC(81) Concurrent Reset Relocation Set 0.016ms
[14.737s][info][gc,phases   ] GC(81) Concurrent Select Relocation Set 3.226ms
[14.737s][info][gc,phases   ] GC(81) Pause Relocate Start 0.018ms
[14.743s][info][gc          ] Allocation Stall (pool-1-thread-2) 26.543ms
[14.743s][info][gc          ] Allocation Stall (pool-1-thread-1) 26.513ms
[14.744s][info][gc          ] Allocation Stall (pool-1-thread-4) 27.109ms
[14.744s][info][gc          ] Allocation Stall (pool-1-thread-3) 27.225ms
[14.755s][info][gc          ] Allocation Stall (pool-1-thread-1) 3.022ms
[14.755s][info][gc          ] Allocation Stall (pool-1-thread-2) 3.509ms
[14.755s][info][gc          ] Allocation Stall (pool-1-thread-4) 3.631ms
[14.756s][info][gc          ] Allocation Stall (pool-1-thread-3) 3.889ms
[14.780s][info][gc          ] Allocation Stall (pool-1-thread-3) 0.374ms
[14.787s][info][gc          ] Allocation Stall (pool-1-thread-2) 7.867ms
[14.788s][info][gc          ] Allocation Stall (pool-1-thread-4) 8.027ms
[14.797s][info][gc          ] Allocation Stall (pool-1-thread-2) 6.183ms
[14.802s][info][gc          ] Allocation Stall (pool-1-thread-3) 11.335ms
[14.803s][info][gc          ] Allocation Stall (pool-1-thread-4) 11.493ms
[14.803s][info][gc          ] Allocation Stall (pool-1-thread-1) 9.597ms
[14.825s][info][gc          ] Allocation Stall (pool-1-thread-1) 5.997ms
[14.828s][info][gc          ] Allocation Stall (pool-1-thread-2) 8.932ms
[14.829s][info][gc          ] Allocation Stall (pool-1-thread-4) 9.192ms
[14.829s][info][gc          ] Allocation Stall (pool-1-thread-3) 9.409ms
[14.847s][info][gc          ] Allocation Stall (pool-1-thread-1) 11.411ms
[14.850s][info][gc          ] Allocation Stall (pool-1-thread-2) 13.831ms
[14.850s][info][gc          ] Allocation Stall (pool-1-thread-3) 14.195ms
[14.851s][info][gc          ] Allocation Stall (pool-1-thread-4) 14.104ms
[14.869s][info][gc          ] Allocation Stall (pool-1-thread-2) 5.827ms
[14.870s][info][gc          ] Allocation Stall (pool-1-thread-1) 5.096ms
[14.870s][info][gc          ] Allocation Stall (pool-1-thread-4) 3.025ms
[14.870s][info][gc          ] Allocation Stall (pool-1-thread-3) 2.920ms
[14.872s][info][gc          ] Allocation Stall (pool-1-thread-3) 1.137ms
[14.876s][info][gc          ] Allocation Stall (pool-1-thread-1) 4.711ms
[14.879s][info][gc          ] Allocation Stall (pool-1-thread-4) 7.656ms
[14.879s][info][gc          ] Allocation Stall (pool-1-thread-2) 7.727ms
[14.915s][info][gc          ] Allocation Stall (pool-1-thread-3) 5.863ms
[14.920s][info][gc          ] Allocation Stall (pool-1-thread-2) 10.573ms
[14.920s][info][gc,phases   ] GC(81) Concurrent Relocate 183.014ms
[14.920s][info][gc,load     ] GC(81) Load: 1.55/0.58/0.26
[14.920s][info][gc,mmu      ] GC(81) MMU: 2ms/94.8%, 5ms/97.9%, 10ms/98.8%, 20ms/99.4%, 50ms/99.8%, 100ms/99.9%
[14.920s][info][gc,marking  ] GC(81) Mark: 2 stripe(s), 2 proactive flush(es), 1 terminate flush(es), 0 completion(s), 0 continuation(s) 
[14.920s][info][gc,marking  ] GC(81) Mark Stack Usage: 32M
[14.920s][info][gc,nmethod  ] GC(81) NMethods: 437 registered, 0 unregistered
[14.920s][info][gc,metaspace] GC(81) Metaspace: 6M used, 6M committed, 1088M reserved
[14.920s][info][gc,ref      ] GC(81) Soft: 34 encountered, 12 discovered, 0 enqueued
[14.920s][info][gc,ref      ] GC(81) Weak: 179 encountered, 0 discovered, 0 enqueued
[14.920s][info][gc,ref      ] GC(81) Final: 0 encountered, 0 discovered, 0 enqueued
[14.920s][info][gc,ref      ] GC(81) Phantom: 3 encountered, 3 discovered, 0 enqueued
[14.920s][info][gc,reloc    ] GC(81) Small Pages: 151 / 302M, Empty: 0M, Relocated: 97M, In-Place: 2
[14.920s][info][gc,reloc    ] GC(81) Medium Pages: 22 / 704M, Empty: 0M, Relocated: 250M, In-Place: 6
[14.920s][info][gc,reloc    ] GC(81) Large Pages: 0 / 0M, Empty: 0M, Relocated: 0M, In-Place: 0
[14.920s][info][gc,reloc    ] GC(81) Forwarding Usage: 0M
[14.920s][info][gc,heap     ] GC(81) Min Capacity: 1024M(100%)
[14.920s][info][gc,heap     ] GC(81) Max Capacity: 1024M(100%)
[14.920s][info][gc,heap     ] GC(81) Soft Max Capacity: 1024M(100%)
[14.920s][info][gc,heap     ] GC(81)                Mark Start          Mark End        Relocate Start      Relocate End           High               Low         
[14.920s][info][gc,heap     ] GC(81)  Capacity:     1024M (100%)       1024M (100%)       1024M (100%)       1024M (100%)       1024M (100%)       1024M (100%)   
[14.920s][info][gc,heap     ] GC(81)      Free:       18M (2%)           18M (2%)           18M (2%)           86M (8%)          104M (10%)           0M (0%)     
[14.920s][info][gc,heap     ] GC(81)      Used:     1006M (98%)        1006M (98%)        1006M (98%)         938M (92%)        1024M (100%)        920M (90%)    
[14.920s][info][gc,heap     ] GC(81)      Live:         -               350M (34%)         350M (34%)         350M (34%)            -                  -          
[14.920s][info][gc,heap     ] GC(81) Allocated:         -                 0M (0%)            0M (0%)          575M (56%)            -                  -          
[14.920s][info][gc,heap     ] GC(81)   Garbage:         -               655M (64%)         655M (64%)          11M (1%)             -                  -          
[14.920s][info][gc,heap     ] GC(81) Reclaimed:         -                  -                 0M (0%)          643M (63%)            -                  -          
[14.920s][info][gc          ] GC(81) Garbage Collection (Allocation Stall) 1006M(98%)->938M(92%)
[14.950s][info][gc,start    ] GC(82) Garbage Collection (Allocation Stall)
[14.951s][info][gc,ref      ] GC(82) Clearing All SoftReferences
[14.951s][info][gc,task     ] GC(82) Using 3 workers
[14.951s][info][gc,phases   ] GC(82) Pause Mark Start 0.012ms
[14.958s][info][gc,phases   ] GC(82) Concurrent Mark 6.773ms
[14.958s][info][gc,phases   ] GC(82) Pause Mark End 0.019ms
[14.958s][info][gc,phases   ] GC(82) Concurrent Mark Free 0.001ms
[14.959s][info][gc,phases   ] GC(82) Concurrent Process Non-Strong References 0.991ms
[14.959s][info][gc,phases   ] GC(82) Concurrent Reset Relocation Set 0.015ms
[14.962s][info][gc          ] Allocation Stall (pool-1-thread-4) 11.754ms
[14.962s][info][gc,phases   ] GC(82) Concurrent Select Relocation Set 3.167ms
[14.963s][info][gc,phases   ] GC(82) Pause Relocate Start 0.017ms
[15.015s][info][gc          ] Relocation Stall (main) 51.837ms
[15.017s][info][gc          ] Relocation Stall (pool-1-thread-1) 47.331ms
[15.018s][info][gc          ] Allocation Stall (pool-1-thread-1) 67.141ms
[15.023s][info][gc          ] Relocation Stall (pool-1-thread-2) 54.391ms
[15.023s][info][gc          ] Allocation Stall (pool-1-thread-2) 73.039ms
[15.031s][info][gc          ] Relocation Stall (pool-1-thread-3) 61.960ms
[15.031s][info][gc          ] Allocation Stall (pool-1-thread-3) 81.089ms
[15.051s][info][gc          ] Relocation Stall (pool-1-thread-4) 87.937ms
[15.105s][info][gc,phases   ] GC(82) Concurrent Relocate 141.399ms
[15.105s][info][gc,load     ] GC(82) Load: 1.55/0.58/0.26
[15.105s][info][gc,mmu      ] GC(82) MMU: 2ms/94.8%, 5ms/97.9%, 10ms/98.8%, 20ms/99.4%, 50ms/99.8%, 100ms/99.9%
[15.105s][info][gc,marking  ] GC(82) Mark: 2 stripe(s), 3 proactive flush(es), 1 terminate flush(es), 0 completion(s), 0 continuation(s) 
[15.105s][info][gc,marking  ] GC(82) Mark Stack Usage: 32M
[15.105s][info][gc,nmethod  ] GC(82) NMethods: 437 registered, 0 unregistered
[15.105s][info][gc,metaspace] GC(82) Metaspace: 6M used, 6M committed, 1088M reserved
[15.105s][info][gc,ref      ] GC(82) Soft: 34 encountered, 11 discovered, 0 enqueued
[15.105s][info][gc,ref      ] GC(82) Weak: 179 encountered, 40 discovered, 0 enqueued
[15.105s][info][gc,ref      ] GC(82) Final: 0 encountered, 0 discovered, 0 enqueued
[15.105s][info][gc,ref      ] GC(82) Phantom: 3 encountered, 2 discovered, 0 enqueued
[15.105s][info][gc,reloc    ] GC(82) Small Pages: 147 / 294M, Empty: 6M, Relocated: 94M, In-Place: 0
[15.105s][info][gc,reloc    ] GC(82) Medium Pages: 22 / 704M, Empty: 0M, Relocated: 248M, In-Place: 3
[15.105s][info][gc,reloc    ] GC(82) Large Pages: 0 / 0M, Empty: 0M, Relocated: 0M, In-Place: 0
[15.105s][info][gc,reloc    ] GC(82) Forwarding Usage: 0M
[15.105s][info][gc,heap     ] GC(82) Min Capacity: 1024M(100%)
[15.105s][info][gc,heap     ] GC(82) Max Capacity: 1024M(100%)
[15.105s][info][gc,heap     ] GC(82) Soft Max Capacity: 1024M(100%)
[15.105s][info][gc,heap     ] GC(82)                Mark Start          Mark End        Relocate Start      Relocate End           High               Low         
[15.105s][info][gc,heap     ] GC(82)  Capacity:     1024M (100%)       1024M (100%)       1024M (100%)       1024M (100%)       1024M (100%)       1024M (100%)   
[15.105s][info][gc,heap     ] GC(82)      Free:       26M (3%)           26M (3%)            0M (0%)          264M (26%)         508M (50%)           0M (0%)     
[15.105s][info][gc,heap     ] GC(82)      Used:      998M (97%)         998M (97%)        1024M (100%)        760M (74%)        1024M (100%)        516M (50%)    
[15.105s][info][gc,heap     ] GC(82)      Live:         -               348M (34%)         348M (34%)         348M (34%)            -                  -          
[15.105s][info][gc,heap     ] GC(82) Allocated:         -                 0M (0%)           32M (3%)          395M (39%)            -                  -          
[15.105s][info][gc,heap     ] GC(82)   Garbage:         -               649M (63%)         643M (63%)          15M (1%)             -                  -          
[15.105s][info][gc,heap     ] GC(82) Reclaimed:         -                  -                 6M (1%)          633M (62%)            -                  -          
[15.105s][info][gc          ] GC(82) Garbage Collection (Allocation Stall) 998M(97%)->760M(74%)
[15.156s][info][gc,start    ] GC(83) Garbage Collection (Allocation Stall)
[15.156s][info][gc,ref      ] GC(83) Clearing All SoftReferences
[15.156s][info][gc,task     ] GC(83) Using 3 workers
[15.156s][info][gc,phases   ] GC(83) Pause Mark Start 0.042ms
[15.165s][info][gc,phases   ] GC(83) Concurrent Mark 7.838ms
[15.165s][info][gc,phases   ] GC(83) Pause Mark End 0.020ms
[15.165s][info][gc,phases   ] GC(83) Concurrent Mark Free 0.001ms
[15.166s][info][gc,phases   ] GC(83) Concurrent Process Non-Strong References 0.797ms
[15.166s][info][gc,phases   ] GC(83) Concurrent Reset Relocation Set 0.014ms
[15.169s][info][gc,phases   ] GC(83) Concurrent Select Relocation Set 2.831ms
[15.169s][info][gc,phases   ] GC(83) Pause Relocate Start 0.018ms
[15.174s][info][gc          ] Allocation Stall (pool-1-thread-2) 18.991ms
[15.175s][info][gc          ] Allocation Stall (pool-1-thread-1) 20.103ms
[15.176s][info][gc          ] Allocation Stall (pool-1-thread-4) 18.639ms
[15.176s][info][gc          ] Allocation Stall (pool-1-thread-3) 18.936ms
[15.189s][info][gc          ] Allocation Stall (pool-1-thread-1) 0.667ms
[15.189s][info][gc          ] Allocation Stall (pool-1-thread-4) 2.517ms
[15.207s][info][gc          ] Allocation Stall (pool-1-thread-4) 3.199ms
[15.209s][info][gc          ] Allocation Stall (pool-1-thread-3) 5.056ms
[15.209s][info][gc          ] Allocation Stall (pool-1-thread-1) 5.117ms
[15.214s][info][gc          ] Allocation Stall (pool-1-thread-2) 8.065ms
[15.227s][info][gc          ] Allocation Stall (pool-1-thread-2) 5.339ms
[15.227s][info][gc          ] Allocation Stall (pool-1-thread-3) 5.439ms
[15.228s][info][gc          ] Allocation Stall (pool-1-thread-4) 5.615ms
[15.228s][info][gc          ] Allocation Stall (pool-1-thread-1) 4.914ms
[15.250s][info][gc          ] Allocation Stall (pool-1-thread-2) 5.513ms
[15.250s][info][gc          ] Allocation Stall (pool-1-thread-4) 3.739ms
[15.250s][info][gc          ] Allocation Stall (pool-1-thread-3) 2.488ms
[15.250s][info][gc          ] Allocation Stall (pool-1-thread-1) 3.326ms
[15.251s][info][gc          ] Allocation Stall (pool-1-thread-2) 0.310ms
[15.270s][info][gc          ] Allocation Stall (pool-1-thread-4) 19.313ms
[15.270s][info][gc          ] Allocation Stall (pool-1-thread-1) 19.484ms
[15.274s][info][gc          ] Allocation Stall (pool-1-thread-1) 3.677ms
[15.275s][info][gc          ] Allocation Stall (pool-1-thread-4) 4.061ms
[15.275s][info][gc          ] Allocation Stall (pool-1-thread-3) 4.197ms
[15.276s][info][gc          ] Allocation Stall (pool-1-thread-2) 5.424ms
[15.285s][info][gc          ] Allocation Stall (pool-1-thread-3) 1.995ms
[15.304s][info][gc          ] Allocation Stall (pool-1-thread-4) 0.982ms
[15.314s][info][gc          ] Allocation Stall (pool-1-thread-2) 11.124ms
[15.316s][info][gc          ] Allocation Stall (pool-1-thread-3) 13.060ms
[15.316s][info][gc          ] Allocation Stall (pool-1-thread-1) 13.150ms
[15.339s][info][gc,phases   ] GC(83) Concurrent Relocate 170.415ms
[15.339s][info][gc,load     ] GC(83) Load: 1.55/0.58/0.26
[15.339s][info][gc,mmu      ] GC(83) MMU: 2ms/94.8%, 5ms/97.9%, 10ms/98.8%, 20ms/99.4%, 50ms/99.8%, 100ms/99.9%
[15.339s][info][gc,marking  ] GC(83) Mark: 2 stripe(s), 2 proactive flush(es), 1 terminate flush(es), 0 completion(s), 0 continuation(s) 
[15.339s][info][gc,marking  ] GC(83) Mark Stack Usage: 32M
[15.339s][info][gc,nmethod  ] GC(83) NMethods: 437 registered, 0 unregistered
[15.339s][info][gc,metaspace] GC(83) Metaspace: 6M used, 6M committed, 1088M reserved
[15.339s][info][gc,ref      ] GC(83) Soft: 34 encountered, 13 discovered, 0 enqueued
[15.340s][info][gc,ref      ] GC(83) Weak: 179 encountered, 82 discovered, 0 enqueued
[15.340s][info][gc,ref      ] GC(83) Final: 0 encountered, 0 discovered, 0 enqueued
[15.340s][info][gc,ref      ] GC(83) Phantom: 3 encountered, 1 discovered, 0 enqueued
[15.340s][info][gc,reloc    ] GC(83) Small Pages: 148 / 296M, Empty: 0M, Relocated: 99M, In-Place: 1
[15.340s][info][gc,reloc    ] GC(83) Medium Pages: 22 / 704M, Empty: 0M, Relocated: 247M, In-Place: 3
[15.340s][info][gc,reloc    ] GC(83) Large Pages: 0 / 0M, Empty: 0M, Relocated: 0M, In-Place: 0
[15.340s][info][gc,reloc    ] GC(83) Forwarding Usage: 0M
[15.340s][info][gc,heap     ] GC(83) Min Capacity: 1024M(100%)
[15.340s][info][gc,heap     ] GC(83) Max Capacity: 1024M(100%)
[15.340s][info][gc,heap     ] GC(83) Soft Max Capacity: 1024M(100%)
[15.340s][info][gc,heap     ] GC(83)                Mark Start          Mark End        Relocate Start      Relocate End           High               Low         
[15.340s][info][gc,heap     ] GC(83)  Capacity:     1024M (100%)       1024M (100%)       1024M (100%)       1024M (100%)       1024M (100%)       1024M (100%)   
[15.340s][info][gc,heap     ] GC(83)      Free:       24M (2%)           22M (2%)           22M (2%)          120M (12%)         120M (12%)           0M (0%)     
[15.340s][info][gc,heap     ] GC(83)      Used:     1000M (98%)        1002M (98%)        1002M (98%)         904M (88%)        1024M (100%)        904M (88%)    
[15.340s][info][gc,heap     ] GC(83)      Live:         -               348M (34%)         348M (34%)         348M (34%)            -                  -          
[15.340s][info][gc,heap     ] GC(83) Allocated:         -                 2M (0%)            2M (0%)          541M (53%)            -                  -          
[15.340s][info][gc,heap     ] GC(83)   Garbage:         -               651M (64%)         651M (64%)          13M (1%)             -                  -          
[15.340s][info][gc,heap     ] GC(83) Reclaimed:         -                  -                 0M (0%)          637M (62%)            -                  -          
[15.340s][info][gc          ] GC(83) Garbage Collection (Allocation Stall) 1000M(98%)->904M(88%)
[15.363s][info][gc,start    ] GC(84) Garbage Collection (Allocation Stall)
[15.363s][info][gc,ref      ] GC(84) Clearing All SoftReferences
[15.364s][info][gc,task     ] GC(84) Using 3 workers
[15.368s][info][gc,phases   ] GC(84) Pause Mark Start 0.017ms
[15.368s][info][gc          ] Allocation Stall (pool-1-thread-4) 5.138ms
[15.380s][info][gc,phases   ] GC(84) Concurrent Mark 11.298ms
[15.385s][info][gc,phases   ] GC(84) Pause Mark End 0.022ms
[15.385s][info][gc,phases   ] GC(84) Concurrent Mark Free 0.002ms
[15.390s][info][gc,phases   ] GC(84) Concurrent Process Non-Strong References 4.320ms
[15.390s][info][gc,phases   ] GC(84) Concurrent Reset Relocation Set 0.016ms
[15.392s][info][gc,phases   ] GC(84) Concurrent Select Relocation Set 2.503ms
[15.393s][info][gc,phases   ] GC(84) Pause Relocate Start 0.015ms
[15.399s][info][gc          ] Allocation Stall (pool-1-thread-1) 30.393ms
[15.399s][info][gc          ] Allocation Stall (pool-1-thread-2) 30.833ms
[15.399s][info][gc          ] Allocation Stall (pool-1-thread-4) 30.867ms
[15.429s][info][gc          ] Allocation Stall (pool-1-thread-1) 3.910ms
[15.449s][info][gc          ] Allocation Stall (pool-1-thread-1) 6.048ms
[15.450s][info][gc          ] Allocation Stall (pool-1-thread-4) 6.190ms
[15.490s][info][gc          ] Allocation Stall (pool-1-thread-1) 3.879ms
[15.509s][info][gc          ] Allocation Stall (pool-1-thread-2) 22.277ms
[15.509s][info][gc          ] Allocation Stall (pool-1-thread-4) 22.568ms
[15.529s][info][gc          ] Relocation Stall (main) 136.303ms
[15.533s][info][gc          ] Allocation Stall (pool-1-thread-4) 9.692ms
[15.533s][info][gc          ] Allocation Stall (pool-1-thread-1) 9.290ms
[15.535s][info][gc          ] Relocation Stall (pool-1-thread-3) 136.949ms
[15.535s][info][gc          ] Allocation Stall (pool-1-thread-3) 172.033ms
[15.536s][info][gc          ] Allocation Stall (pool-1-thread-2) 12.414ms
[15.580s][info][gc          ] Allocation Stall (pool-1-thread-1) 1.348ms
[15.593s][info][gc          ] Allocation Stall (pool-1-thread-3) 13.908ms
[15.593s][info][gc          ] Allocation Stall (pool-1-thread-2) 0.918ms
[15.594s][info][gc,phases   ] GC(84) Concurrent Relocate 201.001ms
[15.594s][info][gc,load     ] GC(84) Load: 1.55/0.58/0.26
[15.594s][info][gc,mmu      ] GC(84) MMU: 2ms/94.8%, 5ms/97.9%, 10ms/98.8%, 20ms/99.4%, 50ms/99.8%, 100ms/99.9%
[15.594s][info][gc,marking  ] GC(84) Mark: 2 stripe(s), 2 proactive flush(es), 1 terminate flush(es), 0 completion(s), 0 continuation(s) 
[15.594s][info][gc,marking  ] GC(84) Mark Stack Usage: 32M
[15.594s][info][gc,nmethod  ] GC(84) NMethods: 437 registered, 0 unregistered
[15.594s][info][gc,metaspace] GC(84) Metaspace: 6M used, 6M committed, 1088M reserved
[15.594s][info][gc,ref      ] GC(84) Soft: 34 encountered, 12 discovered, 0 enqueued
[15.594s][info][gc,ref      ] GC(84) Weak: 179 encountered, 0 discovered, 0 enqueued
[15.594s][info][gc,ref      ] GC(84) Final: 0 encountered, 0 discovered, 0 enqueued
[15.594s][info][gc,ref      ] GC(84) Phantom: 3 encountered, 2 discovered, 0 enqueued
[15.594s][info][gc,reloc    ] GC(84) Small Pages: 144 / 288M, Empty: 0M, Relocated: 101M, In-Place: 1
[15.594s][info][gc,reloc    ] GC(84) Medium Pages: 22 / 704M, Empty: 0M, Relocated: 222M, In-Place: 5
[15.594s][info][gc,reloc    ] GC(84) Large Pages: 0 / 0M, Empty: 0M, Relocated: 0M, In-Place: 0
[15.594s][info][gc,reloc    ] GC(84) Forwarding Usage: 0M
[15.594s][info][gc,heap     ] GC(84) Min Capacity: 1024M(100%)
[15.594s][info][gc,heap     ] GC(84) Max Capacity: 1024M(100%)
[15.594s][info][gc,heap     ] GC(84) Soft Max Capacity: 1024M(100%)
[15.594s][info][gc,heap     ] GC(84)                Mark Start          Mark End        Relocate Start      Relocate End           High               Low         
[15.594s][info][gc,heap     ] GC(84)  Capacity:     1024M (100%)       1024M (100%)       1024M (100%)       1024M (100%)       1024M (100%)       1024M (100%)   
[15.594s][info][gc,heap     ] GC(84)      Free:        0M (0%)            0M (0%)            0M (0%)            2M (0%)           82M (8%)            0M (0%)     
[15.594s][info][gc,heap     ] GC(84)      Used:     1024M (100%)       1024M (100%)       1024M (100%)       1022M (100%)       1024M (100%)        942M (92%)    
[15.594s][info][gc,heap     ] GC(84)      Live:         -               344M (34%)         344M (34%)         344M (34%)            -                  -          
[15.594s][info][gc,heap     ] GC(84) Allocated:         -                 0M (0%)            0M (0%)          625M (61%)            -                  -          
[15.594s][info][gc,heap     ] GC(84)   Garbage:         -               679M (66%)         679M (66%)          51M (5%)             -                  -          
[15.594s][info][gc,heap     ] GC(84) Reclaimed:         -                  -                 0M (0%)          627M (61%)            -                  -          
[15.594s][info][gc          ] GC(84) Garbage Collection (Allocation Stall) 1024M(100%)->1022M(100%)
[15.633s][info][gc,start    ] GC(85) Garbage Collection (Allocation Stall)
[15.634s][info][gc,ref      ] GC(85) Clearing All SoftReferences
[15.634s][info][gc,task     ] GC(85) Using 3 workers
[15.634s][info][gc,phases   ] GC(85) Pause Mark Start 0.013ms
[15.650s][info][gc,phases   ] GC(85) Concurrent Mark 15.793ms
[15.651s][info][gc,phases   ] GC(85) Pause Mark End 0.053ms
[15.651s][info][gc,phases   ] GC(85) Concurrent Mark Free 0.003ms
[15.652s][info][gc,phases   ] GC(85) Concurrent Process Non-Strong References 1.591ms
[15.652s][info][gc,phases   ] GC(85) Concurrent Reset Relocation Set 0.018ms
[15.657s][info][gc,phases   ] GC(85) Concurrent Select Relocation Set 4.410ms
[15.657s][info][gc,phases   ] GC(85) Pause Relocate Start 0.013ms
[15.663s][info][gc          ] Allocation Stall (pool-1-thread-3) 29.276ms
[15.664s][info][gc          ] Allocation Stall (pool-1-thread-4) 29.365ms
[15.664s][info][gc          ] Allocation Stall (pool-1-thread-2) 29.672ms
[15.665s][info][gc          ] Allocation Stall (pool-1-thread-1) 30.501ms
[15.675s][info][gc          ] Allocation Stall (pool-1-thread-3) 3.649ms
[15.677s][info][gc          ] Allocation Stall (pool-1-thread-4) 5.649ms
[15.677s][info][gc          ] Allocation Stall (pool-1-thread-2) 6.097ms
[15.677s][info][gc          ] Allocation Stall (pool-1-thread-1) 6.364ms
[15.691s][info][gc          ] Allocation Stall (pool-1-thread-1) 1.440ms
[15.692s][info][gc          ] Allocation Stall (pool-1-thread-3) 2.104ms
[15.693s][info][gc          ] Allocation Stall (pool-1-thread-4) 3.089ms
[15.739s][info][gc          ] Allocation Stall (pool-1-thread-3) 5.063ms
[15.741s][info][gc          ] Allocation Stall (pool-1-thread-2) 7.001ms
[15.742s][info][gc          ] Allocation Stall (pool-1-thread-1) 7.429ms
[15.742s][info][gc          ] Allocation Stall (pool-1-thread-4) 7.887ms
[15.742s][info][gc          ] Allocation Stall (pool-1-thread-3) 2.194ms
[15.759s][info][gc          ] Allocation Stall (pool-1-thread-2) 9.863ms
[15.771s][info][gc          ] Allocation Stall (pool-1-thread-3) 21.776ms
[15.771s][info][gc          ] Allocation Stall (pool-1-thread-1) 22.138ms
[15.771s][info][gc          ] Allocation Stall (pool-1-thread-4) 22.348ms
[15.790s][info][gc          ] Allocation Stall (pool-1-thread-4) 8.233ms
[15.795s][info][gc          ] Allocation Stall (pool-1-thread-2) 12.540ms
[15.828s][info][gc,phases   ] GC(85) Concurrent Relocate 170.804ms
[15.828s][info][gc,load     ] GC(85) Load: 1.75/0.64/0.28
[15.828s][info][gc,mmu      ] GC(85) MMU: 2ms/94.8%, 5ms/97.9%, 10ms/98.8%, 20ms/99.4%, 50ms/99.8%, 100ms/99.9%
[15.828s][info][gc,marking  ] GC(85) Mark: 2 stripe(s), 2 proactive flush(es), 1 terminate flush(es), 0 completion(s), 0 continuation(s) 
[15.828s][info][gc,marking  ] GC(85) Mark Stack Usage: 32M
[15.828s][info][gc,nmethod  ] GC(85) NMethods: 437 registered, 0 unregistered
[15.828s][info][gc,metaspace] GC(85) Metaspace: 6M used, 6M committed, 1088M reserved
[15.828s][info][gc,ref      ] GC(85) Soft: 34 encountered, 7 discovered, 0 enqueued
[15.828s][info][gc,ref      ] GC(85) Weak: 179 encountered, 2 discovered, 0 enqueued
[15.828s][info][gc,ref      ] GC(85) Final: 0 encountered, 0 discovered, 0 enqueued
[15.828s][info][gc,ref      ] GC(85) Phantom: 3 encountered, 2 discovered, 0 enqueued
[15.828s][info][gc,reloc    ] GC(85) Small Pages: 153 / 306M, Empty: 2M, Relocated: 96M, In-Place: 0
[15.828s][info][gc,reloc    ] GC(85) Medium Pages: 22 / 704M, Empty: 0M, Relocated: 244M, In-Place: 6
[15.828s][info][gc,reloc    ] GC(85) Large Pages: 0 / 0M, Empty: 0M, Relocated: 0M, In-Place: 0
[15.828s][info][gc,reloc    ] GC(85) Forwarding Usage: 0M
[15.828s][info][gc,heap     ] GC(85) Min Capacity: 1024M(100%)
[15.828s][info][gc,heap     ] GC(85) Max Capacity: 1024M(100%)
[15.828s][info][gc,heap     ] GC(85) Soft Max Capacity: 1024M(100%)
[15.828s][info][gc,heap     ] GC(85)                Mark Start          Mark End        Relocate Start      Relocate End           High               Low         
[15.828s][info][gc,heap     ] GC(85)  Capacity:     1024M (100%)       1024M (100%)       1024M (100%)       1024M (100%)       1024M (100%)       1024M (100%)   
[15.828s][info][gc,heap     ] GC(85)      Free:       14M (1%)           10M (1%)           12M (1%)          210M (21%)         210M (21%)           0M (0%)     
[15.828s][info][gc,heap     ] GC(85)      Used:     1010M (99%)        1014M (99%)        1012M (99%)         814M (79%)        1024M (100%)        814M (79%)    
[15.828s][info][gc,heap     ] GC(85)      Live:         -               346M (34%)         346M (34%)         346M (34%)            -                  -          
[15.828s][info][gc,heap     ] GC(85) Allocated:         -                 4M (0%)            4M (0%)          447M (44%)            -                  -          
[15.828s][info][gc,heap     ] GC(85)   Garbage:         -               663M (65%)         661M (65%)          19M (2%)             -                  -          
[15.828s][info][gc,heap     ] GC(85) Reclaimed:         -                  -                 2M (0%)          643M (63%)            -                  -          
[15.828s][info][gc          ] GC(85) Garbage Collection (Allocation Stall) 1010M(99%)->814M(79%)
[15.865s][info][gc,start    ] GC(86) Garbage Collection (Allocation Stall)
[15.865s][info][gc,ref      ] GC(86) Clearing All SoftReferences
[15.865s][info][gc,task     ] GC(86) Using 3 workers
[15.873s][info][gc,phases   ] GC(86) Pause Mark Start 0.025ms
[15.898s][info][gc          ] Allocation Stall (pool-1-thread-1) 16.212ms
[15.899s][info][gc,phases   ] GC(86) Concurrent Mark 26.113ms
[15.899s][info][gc,phases   ] GC(86) Pause Mark End 0.032ms
[15.900s][info][gc,phases   ] GC(86) Concurrent Mark Free 0.002ms
[15.902s][info][gc,phases   ] GC(86) Concurrent Process Non-Strong References 2.033ms
[15.902s][info][gc,phases   ] GC(86) Concurrent Reset Relocation Set 0.055ms
[15.909s][info][gc,phases   ] GC(86) Concurrent Select Relocation Set 6.941ms
[15.909s][info][gc,phases   ] GC(86) Pause Relocate Start 0.010ms
[15.917s][info][gc          ] Allocation Stall (pool-1-thread-2) 11.421ms
[15.926s][info][gc          ] Allocation Stall (pool-1-thread-3) 20.454ms
[15.927s][info][gc          ] Allocation Stall (pool-1-thread-1) 21.346ms
[15.928s][info][gc          ] Allocation Stall (pool-1-thread-4) 21.648ms
[15.953s][info][gc          ] Allocation Stall (pool-1-thread-2) 1.497ms
[15.966s][info][gc          ] Allocation Stall (pool-1-thread-4) 14.030ms
[15.967s][info][gc          ] Allocation Stall (pool-1-thread-1) 14.737ms
[15.967s][info][gc          ] Allocation Stall (pool-1-thread-3) 14.777ms
[15.974s][info][gc          ] Allocation Stall (pool-1-thread-3) 0.444ms
[15.988s][info][gc          ] Allocation Stall (pool-1-thread-3) 6.080ms
[16.000s][info][gc          ] Allocation Stall (pool-1-thread-1) 18.189ms
[16.001s][info][gc          ] Allocation Stall (pool-1-thread-4) 18.170ms
[16.001s][info][gc          ] Allocation Stall (pool-1-thread-2) 17.029ms
[16.012s][info][gc          ] Allocation Stall (pool-1-thread-4) 2.841ms
[16.012s][info][gc          ] Allocation Stall (pool-1-thread-1) 3.114ms
[16.024s][info][gc          ] Allocation Stall (pool-1-thread-2) 12.264ms
[16.025s][info][gc          ] Allocation Stall (pool-1-thread-3) 12.664ms
[16.031s][info][gc          ] Allocation Stall (pool-1-thread-4) 18.720ms
[16.031s][info][gc          ] Allocation Stall (pool-1-thread-1) 19.076ms
[16.059s][info][gc          ] Allocation Stall (pool-1-thread-3) 5.011ms
[16.066s][info][gc          ] Allocation Stall (pool-1-thread-2) 11.951ms
[16.068s][info][gc          ] Allocation Stall (pool-1-thread-4) 13.938ms
[16.076s][info][gc,phases   ] GC(86) Concurrent Relocate 166.379ms
[16.076s][info][gc,load     ] GC(86) Load: 1.75/0.64/0.28
[16.076s][info][gc,mmu      ] GC(86) MMU: 2ms/94.8%, 5ms/97.9%, 10ms/98.8%, 20ms/99.4%, 50ms/99.8%, 100ms/99.9%
[16.076s][info][gc,marking  ] GC(86) Mark: 2 stripe(s), 2 proactive flush(es), 1 terminate flush(es), 0 completion(s), 0 continuation(s) 
[16.076s][info][gc,marking  ] GC(86) Mark Stack Usage: 32M
[16.076s][info][gc,nmethod  ] GC(86) NMethods: 437 registered, 0 unregistered
[16.076s][info][gc,metaspace] GC(86) Metaspace: 6M used, 6M committed, 1088M reserved
[16.076s][info][gc,ref      ] GC(86) Soft: 34 encountered, 13 discovered, 0 enqueued
[16.076s][info][gc,ref      ] GC(86) Weak: 179 encountered, 0 discovered, 0 enqueued
[16.076s][info][gc,ref      ] GC(86) Final: 0 encountered, 0 discovered, 0 enqueued
[16.076s][info][gc,ref      ] GC(86) Phantom: 3 encountered, 1 discovered, 0 enqueued
[16.076s][info][gc,reloc    ] GC(86) Small Pages: 132 / 264M, Empty: 0M, Relocated: 90M, In-Place: 0
[16.076s][info][gc,reloc    ] GC(86) Medium Pages: 20 / 640M, Empty: 0M, Relocated: 241M, In-Place: 8
[16.076s][info][gc,reloc    ] GC(86) Large Pages: 0 / 0M, Empty: 0M, Relocated: 0M, In-Place: 0
[16.076s][info][gc,reloc    ] GC(86) Forwarding Usage: 0M
[16.076s][info][gc,heap     ] GC(86) Min Capacity: 1024M(100%)
[16.076s][info][gc,heap     ] GC(86) Max Capacity: 1024M(100%)
[16.076s][info][gc,heap     ] GC(86) Soft Max Capacity: 1024M(100%)
[16.076s][info][gc,heap     ] GC(86)                Mark Start          Mark End        Relocate Start      Relocate End           High               Low         
[16.076s][info][gc,heap     ] GC(86)  Capacity:     1024M (100%)       1024M (100%)       1024M (100%)       1024M (100%)       1024M (100%)       1024M (100%)   
[16.076s][info][gc,heap     ] GC(86)      Free:      120M (12%)          32M (3%)           20M (2%)           84M (8%)          120M (12%)           0M (0%)     
[16.076s][info][gc,heap     ] GC(86)      Used:      904M (88%)         992M (97%)        1004M (98%)         940M (92%)        1024M (100%)        904M (88%)    
[16.076s][info][gc,heap     ] GC(86)      Live:         -               338M (33%)         338M (33%)         338M (33%)            -                  -          
[16.076s][info][gc,heap     ] GC(86) Allocated:         -                88M (9%)          100M (10%)         577M (56%)            -                  -          
[16.076s][info][gc,heap     ] GC(86)   Garbage:         -               565M (55%)         565M (55%)          23M (2%)             -                  -          
[16.076s][info][gc,heap     ] GC(86) Reclaimed:         -                  -                 0M (0%)          541M (53%)            -                  -          
[16.076s][info][gc          ] GC(86) Garbage Collection (Allocation Stall) 904M(88%)->940M(92%)
[16.091s][info][gc,start    ] GC(87) Garbage Collection (Allocation Stall)
[16.091s][info][gc,ref      ] GC(87) Clearing All SoftReferences
[16.091s][info][gc,task     ] GC(87) Using 3 workers
[16.091s][info][gc,phases   ] GC(87) Pause Mark Start 0.009ms
[16.097s][info][gc,phases   ] GC(87) Concurrent Mark 5.866ms
[16.097s][info][gc,phases   ] GC(87) Pause Mark End 0.013ms
[16.097s][info][gc,phases   ] GC(87) Concurrent Mark Free 0.001ms
[16.098s][info][gc,phases   ] GC(87) Concurrent Process Non-Strong References 0.732ms
[16.098s][info][gc,phases   ] GC(87) Concurrent Reset Relocation Set 0.015ms
[16.105s][info][gc,phases   ] GC(87) Concurrent Select Relocation Set 6.647ms
[16.105s][info][gc,phases   ] GC(87) Pause Relocate Start 0.008ms
[16.112s][info][gc          ] Allocation Stall (pool-1-thread-4) 21.672ms
[16.113s][info][gc          ] Allocation Stall (pool-1-thread-3) 22.474ms
[16.113s][info][gc          ] Allocation Stall (pool-1-thread-1) 22.385ms
[16.113s][info][gc          ] Allocation Stall (pool-1-thread-2) 22.612ms
[16.145s][info][gc          ] Allocation Stall (pool-1-thread-1) 2.010ms
[16.146s][info][gc          ] Allocation Stall (pool-1-thread-2) 3.603ms
[16.147s][info][gc          ] Allocation Stall (pool-1-thread-3) 3.859ms
[16.147s][info][gc          ] Allocation Stall (pool-1-thread-4) 4.042ms
[16.159s][info][gc          ] Allocation Stall (pool-1-thread-2) 5.348ms
[16.161s][info][gc          ] Allocation Stall (pool-1-thread-4) 6.937ms
[16.161s][info][gc          ] Allocation Stall (pool-1-thread-3) 6.873ms
[16.161s][info][gc          ] Allocation Stall (pool-1-thread-1) 7.201ms
[16.189s][info][gc          ] Allocation Stall (pool-1-thread-3) 5.774ms
[16.189s][info][gc          ] Allocation Stall (pool-1-thread-2) 1.910ms
[16.189s][info][gc          ] Allocation Stall (pool-1-thread-1) 3.580ms
[16.189s][info][gc          ] Allocation Stall (pool-1-thread-4) 2.668ms
[16.195s][info][gc          ] Allocation Stall (pool-1-thread-4) 1.656ms
[16.207s][info][gc          ] Allocation Stall (pool-1-thread-3) 13.719ms
[16.221s][info][gc          ] Allocation Stall (pool-1-thread-2) 28.346ms
[16.222s][info][gc          ] Allocation Stall (pool-1-thread-1) 28.564ms
[16.222s][info][gc          ] Allocation Stall (pool-1-thread-4) 16.025ms
[16.222s][info][gc          ] Allocation Stall (pool-1-thread-3) 2.498ms
[16.233s][info][gc          ] Allocation Stall (pool-1-thread-3) 0.724ms
[16.234s][info][gc          ] Allocation Stall (pool-1-thread-1) 2.028ms
[16.237s][info][gc          ] Allocation Stall (pool-1-thread-4) 4.695ms
[16.279s][info][gc,phases   ] GC(87) Concurrent Relocate 174.383ms
[16.280s][info][gc,load     ] GC(87) Load: 1.75/0.64/0.28
[16.280s][info][gc,mmu      ] GC(87) MMU: 2ms/94.8%, 5ms/97.9%, 10ms/98.8%, 20ms/99.4%, 50ms/99.8%, 100ms/99.9%
[16.280s][info][gc,marking  ] GC(87) Mark: 2 stripe(s), 2 proactive flush(es), 1 terminate flush(es), 0 completion(s), 0 continuation(s) 
[16.280s][info][gc,marking  ] GC(87) Mark Stack Usage: 32M
[16.280s][info][gc,nmethod  ] GC(87) NMethods: 437 registered, 0 unregistered
[16.280s][info][gc,metaspace] GC(87) Metaspace: 6M used, 6M committed, 1088M reserved
[16.280s][info][gc,ref      ] GC(87) Soft: 34 encountered, 10 discovered, 0 enqueued
[16.280s][info][gc,ref      ] GC(87) Weak: 179 encountered, 41 discovered, 0 enqueued
[16.280s][info][gc,ref      ] GC(87) Final: 0 encountered, 0 discovered, 0 enqueued
[16.280s][info][gc,ref      ] GC(87) Phantom: 3 encountered, 0 discovered, 0 enqueued
[16.280s][info][gc,reloc    ] GC(87) Small Pages: 149 / 298M, Empty: 0M, Relocated: 101M, In-Place: 1
[16.280s][info][gc,reloc    ] GC(87) Medium Pages: 22 / 704M, Empty: 0M, Relocated: 246M, In-Place: 4
[16.280s][info][gc,reloc    ] GC(87) Large Pages: 0 / 0M, Empty: 0M, Relocated: 0M, In-Place: 0
[16.280s][info][gc,reloc    ] GC(87) Forwarding Usage: 0M
[16.280s][info][gc,heap     ] GC(87) Min Capacity: 1024M(100%)
[16.280s][info][gc,heap     ] GC(87) Max Capacity: 1024M(100%)
[16.280s][info][gc,heap     ] GC(87) Soft Max Capacity: 1024M(100%)
[16.280s][info][gc,heap     ] GC(87)                Mark Start          Mark End        Relocate Start      Relocate End           High               Low         
[16.280s][info][gc,heap     ] GC(87)  Capacity:     1024M (100%)       1024M (100%)       1024M (100%)       1024M (100%)       1024M (100%)       1024M (100%)   
[16.280s][info][gc,heap     ] GC(87)      Free:       22M (2%)           22M (2%)           22M (2%)           12M (1%)           94M (9%)            0M (0%)     
[16.280s][info][gc,heap     ] GC(87)      Used:     1002M (98%)        1002M (98%)        1002M (98%)        1012M (99%)        1024M (100%)        930M (91%)    
[16.280s][info][gc,heap     ] GC(87)      Live:         -               348M (34%)         348M (34%)         348M (34%)            -                  -          
[16.280s][info][gc,heap     ] GC(87) Allocated:         -                 0M (0%)            0M (0%)          649M (63%)            -                  -          
[16.280s][info][gc,heap     ] GC(87)   Garbage:         -               653M (64%)         653M (64%)          13M (1%)             -                  -          
[16.280s][info][gc,heap     ] GC(87) Reclaimed:         -                  -                 0M (0%)          639M (62%)            -                  -          
[16.280s][info][gc          ] GC(87) Garbage Collection (Allocation Stall) 1002M(98%)->1012M(99%)
[16.280s][info][gc,start    ] GC(88) Garbage Collection (Allocation Stall)
[16.280s][info][gc,ref      ] GC(88) Clearing All SoftReferences
[16.280s][info][gc,task     ] GC(88) Using 3 workers
[16.283s][info][gc,phases   ] GC(88) Pause Mark Start 0.011ms
[16.283s][info][gc          ] Allocation Stall (pool-1-thread-2) 5.549ms
[16.290s][info][gc,phases   ] GC(88) Concurrent Mark 6.742ms
[16.290s][info][gc,phases   ] GC(88) Pause Mark End 0.016ms
[16.290s][info][gc,phases   ] GC(88) Concurrent Mark Free 0.001ms
[16.291s][info][gc,phases   ] GC(88) Concurrent Process Non-Strong References 0.956ms
[16.291s][info][gc,phases   ] GC(88) Concurrent Reset Relocation Set 0.024ms
[16.294s][info][gc,phases   ] GC(88) Concurrent Select Relocation Set 2.265ms
[16.294s][info][gc,phases   ] GC(88) Pause Relocate Start 0.011ms
[16.301s][info][gc          ] Allocation Stall (pool-1-thread-1) 10.892ms
[16.301s][info][gc          ] Allocation Stall (pool-1-thread-2) 10.933ms
[16.301s][info][gc          ] Allocation Stall (pool-1-thread-4) 8.729ms
[16.314s][info][gc          ] Allocation Stall (pool-1-thread-2) 5.137ms
[16.314s][info][gc          ] Allocation Stall (pool-1-thread-4) 5.457ms
[16.315s][info][gc          ] Allocation Stall (pool-1-thread-1) 6.673ms
[16.326s][info][gc          ] Allocation Stall (pool-1-thread-1) 3.456ms
[16.337s][info][gc          ] Allocation Stall (pool-1-thread-2) 15.024ms
[16.338s][info][gc          ] Allocation Stall (pool-1-thread-4) 15.452ms
[16.357s][info][gc          ] Allocation Stall (pool-1-thread-1) 1.518ms
[16.357s][info][gc          ] Allocation Stall (pool-1-thread-2) 2.081ms
[16.381s][info][gc          ] Allocation Stall (pool-1-thread-4) 13.038ms
[16.388s][info][gc          ] Allocation Stall (pool-1-thread-2) 19.461ms
[16.388s][info][gc          ] Allocation Stall (pool-1-thread-1) 19.752ms
[16.396s][info][gc          ] Allocation Stall (pool-1-thread-4) 1.158ms
[16.396s][info][gc          ] Allocation Stall (pool-1-thread-1) 2.025ms
[16.397s][info][gc          ] Relocation Stall (pool-1-thread-3) 97.159ms
[16.398s][info][gc          ] Allocation Stall (pool-1-thread-3) 119.703ms
[16.399s][info][gc          ] Allocation Stall (pool-1-thread-2) 3.985ms
[16.399s][info][gc          ] Allocation Stall (pool-1-thread-1) 2.832ms
[16.447s][info][gc          ] Allocation Stall (pool-1-thread-4) 4.230ms
[16.451s][info][gc,phases   ] GC(88) Concurrent Relocate 156.988ms
[16.451s][info][gc,load     ] GC(88) Load: 1.75/0.64/0.28
[16.451s][info][gc,mmu      ] GC(88) MMU: 2ms/94.8%, 5ms/97.9%, 10ms/98.8%, 20ms/99.4%, 50ms/99.8%, 100ms/99.9%
[16.451s][info][gc,marking  ] GC(88) Mark: 2 stripe(s), 2 proactive flush(es), 1 terminate flush(es), 0 completion(s), 0 continuation(s) 
[16.451s][info][gc,marking  ] GC(88) Mark Stack Usage: 32M
[16.451s][info][gc,nmethod  ] GC(88) NMethods: 437 registered, 0 unregistered
[16.451s][info][gc,metaspace] GC(88) Metaspace: 6M used, 6M committed, 1088M reserved
[16.451s][info][gc,ref      ] GC(88) Soft: 34 encountered, 26 discovered, 0 enqueued
[16.451s][info][gc,ref      ] GC(88) Weak: 179 encountered, 129 discovered, 0 enqueued
[16.451s][info][gc,ref      ] GC(88) Final: 0 encountered, 0 discovered, 0 enqueued
[16.451s][info][gc,ref      ] GC(88) Phantom: 3 encountered, 2 discovered, 0 enqueued
[16.451s][info][gc,reloc    ] GC(88) Small Pages: 138 / 276M, Empty: 2M, Relocated: 94M, In-Place: 2
[16.451s][info][gc,reloc    ] GC(88) Medium Pages: 22 / 704M, Empty: 0M, Relocated: 249M, In-Place: 6
[16.452s][info][gc,reloc    ] GC(88) Large Pages: 0 / 0M, Empty: 0M, Relocated: 0M, In-Place: 0
[16.452s][info][gc,reloc    ] GC(88) Forwarding Usage: 0M
[16.452s][info][gc,heap     ] GC(88) Min Capacity: 1024M(100%)
[16.452s][info][gc,heap     ] GC(88) Max Capacity: 1024M(100%)
[16.452s][info][gc,heap     ] GC(88) Soft Max Capacity: 1024M(100%)
[16.452s][info][gc,heap     ] GC(88)                Mark Start          Mark End        Relocate Start      Relocate End           High               Low         
[16.451s][info][gc          ] Allocation Stall (pool-1-thread-2) 7.927ms
[16.452s][info][gc,heap     ] GC(88)  Capacity:     1024M (100%)       1024M (100%)       1024M (100%)       1024M (100%)       1024M (100%)       1024M (100%)   
[16.452s][info][gc,heap     ] GC(88)      Free:       12M (1%)            0M (0%)            2M (0%)           16M (2%)          130M (13%)           0M (0%)     
[16.452s][info][gc,heap     ] GC(88)      Used:     1012M (99%)        1024M (100%)       1022M (100%)       1008M (98%)        1024M (100%)        894M (87%)    
[16.452s][info][gc,heap     ] GC(88)      Live:         -               345M (34%)         345M (34%)         345M (34%)            -                  -          
[16.452s][info][gc,heap     ] GC(88) Allocated:         -                12M (1%)           12M (1%)          615M (60%)            -                  -          
[16.452s][info][gc,heap     ] GC(88)   Garbage:         -               666M (65%)         664M (65%)          46M (5%)             -                  -          
[16.452s][info][gc,heap     ] GC(88) Reclaimed:         -                  -                 2M (0%)          619M (61%)            -                  -          
[16.452s][info][gc          ] GC(88) Garbage Collection (Allocation Stall) 1012M(99%)->1008M(98%)
[16.465s][info][gc,start    ] GC(89) Garbage Collection (Allocation Stall)
[16.465s][info][gc,ref      ] GC(89) Clearing All SoftReferences
[16.465s][info][gc,task     ] GC(89) Using 3 workers
[16.466s][info][gc,phases   ] GC(89) Pause Mark Start 0.029ms
[16.476s][info][gc,phases   ] GC(89) Concurrent Mark 9.772ms
[16.476s][info][gc,phases   ] GC(89) Pause Mark End 0.015ms
[16.476s][info][gc,phases   ] GC(89) Concurrent Mark Free 0.001ms
[16.477s][info][gc,phases   ] GC(89) Concurrent Process Non-Strong References 0.807ms
[16.477s][info][gc,phases   ] GC(89) Concurrent Reset Relocation Set 0.022ms
[16.481s][info][gc,phases   ] GC(89) Concurrent Select Relocation Set 4.175ms
[16.482s][info][gc,phases   ] GC(89) Pause Relocate Start 0.025ms
[16.488s][info][gc          ] Allocation Stall (pool-1-thread-4) 21.881ms
[16.488s][info][gc          ] Allocation Stall (pool-1-thread-2) 21.926ms
[16.489s][info][gc          ] Allocation Stall (pool-1-thread-3) 22.185ms
[16.489s][info][gc          ] Allocation Stall (pool-1-thread-1) 22.468ms
[16.535s][info][gc          ] Allocation Stall (pool-1-thread-2) 1.883ms
[16.536s][info][gc          ] Allocation Stall (pool-1-thread-4) 1.695ms
[16.536s][info][gc          ] Allocation Stall (pool-1-thread-1) 1.772ms
[16.539s][info][gc          ] Allocation Stall (pool-1-thread-3) 4.654ms
[16.552s][info][gc          ] Allocation Stall (pool-1-thread-4) 4.001ms
[16.559s][info][gc          ] Allocation Stall (pool-1-thread-3) 10.638ms
[16.559s][info][gc          ] Allocation Stall (pool-1-thread-2) 11.245ms
[16.560s][info][gc          ] Allocation Stall (pool-1-thread-1) 11.489ms
[16.580s][info][gc          ] Allocation Stall (pool-1-thread-4) 2.055ms
[16.580s][info][gc          ] Allocation Stall (pool-1-thread-3) 2.316ms
[16.580s][info][gc          ] Allocation Stall (pool-1-thread-1) 0.490ms
[16.595s][info][gc          ] Allocation Stall (pool-1-thread-2) 7.779ms
[16.603s][info][gc          ] Allocation Stall (pool-1-thread-3) 15.170ms
[16.606s][info][gc          ] Allocation Stall (pool-1-thread-4) 18.220ms
[16.606s][info][gc          ] Allocation Stall (pool-1-thread-1) 18.345ms
[16.606s][info][gc          ] Allocation Stall (pool-1-thread-2) 2.506ms
[16.610s][info][gc          ] Allocation Stall (pool-1-thread-4) 1.411ms
[16.612s][info][gc          ] Allocation Stall (pool-1-thread-1) 3.442ms
[16.613s][info][gc          ] Allocation Stall (pool-1-thread-3) 3.652ms
[16.657s][info][gc          ] Allocation Stall (pool-1-thread-3) 2.304ms
[16.665s][info][gc,phases   ] GC(89) Concurrent Relocate 183.538ms
[16.665s][info][gc,load     ] GC(89) Load: 1.75/0.64/0.28
[16.665s][info][gc,mmu      ] GC(89) MMU: 2ms/94.8%, 5ms/97.9%, 10ms/98.8%, 20ms/99.4%, 50ms/99.8%, 100ms/99.9%
[16.665s][info][gc,marking  ] GC(89) Mark: 2 stripe(s), 3 proactive flush(es), 1 terminate flush(es), 0 completion(s), 0 continuation(s) 
[16.665s][info][gc,marking  ] GC(89) Mark Stack Usage: 32M
[16.665s][info][gc,nmethod  ] GC(89) NMethods: 437 registered, 0 unregistered
[16.665s][info][gc,metaspace] GC(89) Metaspace: 6M used, 6M committed, 1088M reserved
[16.665s][info][gc,ref      ] GC(89) Soft: 34 encountered, 13 discovered, 0 enqueued
[16.665s][info][gc,ref      ] GC(89) Weak: 179 encountered, 46 discovered, 0 enqueued
[16.665s][info][gc,ref      ] GC(89) Final: 0 encountered, 0 discovered, 0 enqueued
[16.665s][info][gc,ref      ] GC(89) Phantom: 3 encountered, 1 discovered, 0 enqueued
[16.665s][info][gc,reloc    ] GC(89) Small Pages: 146 / 292M, Empty: 2M, Relocated: 96M, In-Place: 1
[16.665s][info][gc,reloc    ] GC(89) Medium Pages: 22 / 704M, Empty: 0M, Relocated: 250M, In-Place: 4
[16.665s][info][gc,reloc    ] GC(89) Large Pages: 0 / 0M, Empty: 0M, Relocated: 0M, In-Place: 0
[16.665s][info][gc,reloc    ] GC(89) Forwarding Usage: 0M
[16.665s][info][gc,heap     ] GC(89) Min Capacity: 1024M(100%)
[16.665s][info][gc,heap     ] GC(89) Max Capacity: 1024M(100%)
[16.665s][info][gc,heap     ] GC(89) Soft Max Capacity: 1024M(100%)
[16.665s][info][gc,heap     ] GC(89)                Mark Start          Mark End        Relocate Start      Relocate End           High               Low         
[16.665s][info][gc,heap     ] GC(89)  Capacity:     1024M (100%)       1024M (100%)       1024M (100%)       1024M (100%)       1024M (100%)       1024M (100%)   
[16.665s][info][gc,heap     ] GC(89)      Free:       28M (3%)           26M (3%)           28M (3%)           18M (2%)          122M (12%)           0M (0%)     
[16.665s][info][gc,heap     ] GC(89)      Used:      996M (97%)         998M (97%)         996M (97%)        1006M (98%)        1024M (100%)        902M (88%)    
[16.665s][info][gc,heap     ] GC(89)      Live:         -               350M (34%)         350M (34%)         350M (34%)            -                  -          
[16.666s][info][gc,heap     ] GC(89) Allocated:         -                 2M (0%)            2M (0%)          641M (63%)            -                  -          
[16.666s][info][gc,heap     ] GC(89)   Garbage:         -               645M (63%)         643M (63%)          13M (1%)             -                  -          
[16.666s][info][gc,heap     ] GC(89) Reclaimed:         -                  -                 2M (0%)          631M (62%)            -                  -          
[16.666s][info][gc          ] GC(89) Garbage Collection (Allocation Stall) 996M(97%)->1006M(98%)
[16.666s][info][gc,start    ] GC(90) Garbage Collection (Allocation Stall)
[16.666s][info][gc,ref      ] GC(90) Clearing All SoftReferences
[16.666s][info][gc,task     ] GC(90) Using 3 workers
[16.670s][info][gc,phases   ] GC(90) Pause Mark Start 0.056ms
[16.671s][info][gc          ] Allocation Stall (pool-1-thread-4) 10.550ms
[16.683s][info][gc,phases   ] GC(90) Concurrent Mark 12.732ms
[16.684s][info][gc,phases   ] GC(90) Pause Mark End 0.031ms
[16.684s][info][gc,phases   ] GC(90) Concurrent Mark Free 0.003ms
[16.686s][info][gc,phases   ] GC(90) Concurrent Process Non-Strong References 1.687ms
[16.686s][info][gc,phases   ] GC(90) Concurrent Reset Relocation Set 0.047ms
[16.690s][info][gc          ] Allocation Stall (pool-1-thread-4) 4.548ms
[16.690s][info][gc,phases   ] GC(90) Concurrent Select Relocation Set 4.448ms
[16.690s][info][gc,phases   ] GC(90) Pause Relocate Start 0.015ms
[16.701s][info][gc          ] Allocation Stall (pool-1-thread-4) 7.986ms
[16.701s][info][gc          ] Allocation Stall (pool-1-thread-2) 14.847ms
[16.701s][info][gc          ] Allocation Stall (pool-1-thread-1) 14.838ms
[16.701s][info][gc          ] Allocation Stall (pool-1-thread-3) 14.893ms
[16.716s][info][gc          ] Allocation Stall (pool-1-thread-4) 3.808ms
[16.717s][info][gc          ] Allocation Stall (pool-1-thread-3) 4.539ms
[16.717s][info][gc          ] Allocation Stall (pool-1-thread-1) 4.681ms
[16.717s][info][gc          ] Allocation Stall (pool-1-thread-2) 4.774ms
[16.729s][info][gc          ] Allocation Stall (pool-1-thread-4) 3.488ms
[16.730s][info][gc          ] Allocation Stall (pool-1-thread-1) 4.276ms
[16.730s][info][gc          ] Allocation Stall (pool-1-thread-2) 4.753ms
[16.730s][info][gc          ] Allocation Stall (pool-1-thread-3) 4.656ms
[16.752s][info][gc          ] Allocation Stall (pool-1-thread-4) 0.909ms
[16.762s][info][gc          ] Allocation Stall (pool-1-thread-2) 3.768ms
[16.773s][info][gc          ] Allocation Stall (pool-1-thread-4) 15.208ms
[16.773s][info][gc          ] Allocation Stall (pool-1-thread-1) 15.434ms
[16.786s][info][gc          ] Allocation Stall (pool-1-thread-3) 27.840ms
[16.794s][info][gc          ] Allocation Stall (pool-1-thread-1) 7.843ms
[16.795s][info][gc          ] Allocation Stall (pool-1-thread-2) 9.060ms
[16.795s][info][gc          ] Allocation Stall (pool-1-thread-3) 6.718ms
[16.795s][info][gc          ] Allocation Stall (pool-1-thread-4) 9.078ms
[16.818s][info][gc          ] Relocation Stall (main) 28.147ms
[16.818s][info][gc          ] Relocation Stall (main) 99.327ms
[16.844s][info][gc          ] Allocation Stall (pool-1-thread-1) 1.748ms
[16.845s][info][gc,phases   ] GC(90) Concurrent Relocate 154.745ms
[16.845s][info][gc,load     ] GC(90) Load: 1.75/0.64/0.28
[16.845s][info][gc,mmu      ] GC(90) MMU: 2ms/94.8%, 5ms/97.9%, 10ms/98.8%, 20ms/99.4%, 50ms/99.8%, 100ms/99.9%
[16.845s][info][gc,marking  ] GC(90) Mark: 2 stripe(s), 4 proactive flush(es), 1 terminate flush(es), 0 completion(s), 0 continuation(s) 
[16.845s][info][gc,marking  ] GC(90) Mark Stack Usage: 32M
[16.845s][info][gc,nmethod  ] GC(90) NMethods: 437 registered, 0 unregistered
[16.845s][info][gc,metaspace] GC(90) Metaspace: 6M used, 6M committed, 1088M reserved
[16.845s][info][gc,ref      ] GC(90) Soft: 34 encountered, 11 discovered, 0 enqueued
[16.845s][info][gc,ref      ] GC(90) Weak: 179 encountered, 40 discovered, 0 enqueued
[16.845s][info][gc,ref      ] GC(90) Final: 0 encountered, 0 discovered, 0 enqueued
[16.845s][info][gc,ref      ] GC(90) Phantom: 3 encountered, 2 discovered, 0 enqueued
[16.845s][info][gc,reloc    ] GC(90) Small Pages: 135 / 270M, Empty: 2M, Relocated: 92M, In-Place: 3
[16.845s][info][gc,reloc    ] GC(90) Medium Pages: 21 / 672M, Empty: 0M, Relocated: 221M, In-Place: 4
[16.845s][info][gc,reloc    ] GC(90) Large Pages: 0 / 0M, Empty: 0M, Relocated: 0M, In-Place: 0
[16.845s][info][gc,reloc    ] GC(90) Forwarding Usage: 0M
[16.845s][info][gc,heap     ] GC(90) Min Capacity: 1024M(100%)
[16.845s][info][gc,heap     ] GC(90) Max Capacity: 1024M(100%)
[16.845s][info][gc,heap     ] GC(90) Soft Max Capacity: 1024M(100%)
[16.846s][info][gc,heap     ] GC(90)                Mark Start          Mark End        Relocate Start      Relocate End           High               Low         
[16.846s][info][gc,heap     ] GC(90)  Capacity:     1024M (100%)       1024M (100%)       1024M (100%)       1024M (100%)       1024M (100%)       1024M (100%)   
[16.846s][info][gc,heap     ] GC(90)      Free:       50M (5%)            0M (0%)            0M (0%)            8M (1%)          114M (11%)           0M (0%)     
[16.846s][info][gc,heap     ] GC(90)      Used:      974M (95%)        1024M (100%)       1024M (100%)       1016M (99%)        1024M (100%)        910M (89%)    
[16.846s][info][gc,heap     ] GC(90)      Live:         -               336M (33%)         336M (33%)         336M (33%)            -                  -          
[16.846s][info][gc,heap     ] GC(90) Allocated:         -                50M (5%)           52M (5%)          623M (61%)            -                  -          
[16.846s][info][gc,heap     ] GC(90)   Garbage:         -               637M (62%)         635M (62%)          55M (5%)             -                  -          
[16.846s][info][gc,heap     ] GC(90) Reclaimed:         -                  -                 2M (0%)          581M (57%)            -                  -          
[16.846s][info][gc          ] GC(90) Garbage Collection (Allocation Stall) 974M(95%)->1016M(99%)
[16.846s][info][gc,start    ] GC(91) Garbage Collection (Allocation Stall)
[16.846s][info][gc,ref      ] GC(91) Clearing All SoftReferences
[16.846s][info][gc,task     ] GC(91) Using 3 workers
[16.849s][info][gc,phases   ] GC(91) Pause Mark Start 0.007ms
[16.849s][info][gc          ] Allocation Stall (pool-1-thread-4) 7.279ms
[16.856s][info][gc,phases   ] GC(91) Concurrent Mark 6.591ms
[16.856s][info][gc,phases   ] GC(91) Pause Mark End 0.012ms
[16.856s][info][gc,phases   ] GC(91) Concurrent Mark Free 0.001ms
[16.857s][info][gc,phases   ] GC(91) Concurrent Process Non-Strong References 0.815ms
[16.857s][info][gc,phases   ] GC(91) Concurrent Reset Relocation Set 0.028ms
[16.860s][info][gc,phases   ] GC(91) Concurrent Select Relocation Set 2.805ms
[16.860s][info][gc,phases   ] GC(91) Pause Relocate Start 0.013ms
[16.867s][info][gc          ] Allocation Stall (pool-1-thread-4) 13.699ms
[16.867s][info][gc          ] Allocation Stall (pool-1-thread-1) 13.593ms
[16.867s][info][gc          ] Allocation Stall (pool-1-thread-2) 10.827ms
[16.867s][info][gc          ] Allocation Stall (pool-1-thread-3) 24.918ms
[16.882s][info][gc          ] Allocation Stall (pool-1-thread-4) 3.174ms
[16.882s][info][gc          ] Allocation Stall (pool-1-thread-3) 3.360ms
[16.883s][info][gc          ] Allocation Stall (pool-1-thread-2) 3.489ms
[16.883s][info][gc          ] Allocation Stall (pool-1-thread-1) 3.461ms
[16.900s][info][gc          ] Allocation Stall (pool-1-thread-4) 4.742ms
[16.922s][info][gc          ] Allocation Stall (pool-1-thread-3) 2.087ms
[16.922s][info][gc          ] Allocation Stall (pool-1-thread-1) 2.007ms
[16.922s][info][gc          ] Allocation Stall (pool-1-thread-4) 1.656ms
[16.923s][info][gc          ] Allocation Stall (pool-1-thread-2) 2.609ms
[16.934s][info][gc          ] Allocation Stall (pool-1-thread-1) 4.742ms
[16.938s][info][gc          ] Allocation Stall (pool-1-thread-3) 8.870ms
[16.939s][info][gc          ] Allocation Stall (pool-1-thread-4) 9.357ms
[16.939s][info][gc          ] Allocation Stall (pool-1-thread-2) 9.536ms
[16.956s][info][gc          ] Allocation Stall (pool-1-thread-4) 5.838ms
[16.957s][info][gc          ] Allocation Stall (pool-1-thread-2) 7.203ms
[16.958s][info][gc          ] Allocation Stall (pool-1-thread-1) 8.299ms
[16.958s][info][gc          ] Allocation Stall (pool-1-thread-3) 8.185ms
[16.990s][info][gc          ] Allocation Stall (pool-1-thread-2) 14.327ms
[16.992s][info][gc          ] Allocation Stall (pool-1-thread-1) 15.823ms
[16.996s][info][gc          ] Allocation Stall (pool-1-thread-4) 19.667ms
[16.996s][info][gc          ] Allocation Stall (pool-1-thread-3) 20.039ms
[17.030s][info][gc          ] Relocation Stall (main) 169.309ms
[17.038s][info][gc          ] Allocation Stall (pool-1-thread-4) 7.163ms
[17.044s][info][gc,phases   ] GC(91) Concurrent Relocate 183.866ms
[17.044s][info][gc,load     ] GC(91) Load: 1.75/0.64/0.28
[17.044s][info][gc,mmu      ] GC(91) MMU: 2ms/94.8%, 5ms/97.9%, 10ms/98.8%, 20ms/99.4%, 50ms/99.8%, 100ms/99.9%
[17.044s][info][gc,marking  ] GC(91) Mark: 2 stripe(s), 3 proactive flush(es), 1 terminate flush(es), 0 completion(s), 0 continuation(s) 
[17.044s][info][gc,marking  ] GC(91) Mark Stack Usage: 32M
[17.044s][info][gc,nmethod  ] GC(91) NMethods: 437 registered, 0 unregistered
[17.044s][info][gc,metaspace] GC(91) Metaspace: 6M used, 6M committed, 1088M reserved
[17.044s][info][gc,ref      ] GC(91) Soft: 34 encountered, 8 discovered, 0 enqueued
[17.044s][info][gc,ref      ] GC(91) Weak: 179 encountered, 3 discovered, 0 enqueued
[17.044s][info][gc,ref      ] GC(91) Final: 0 encountered, 0 discovered, 0 enqueued
[17.044s][info][gc,ref      ] GC(91) Phantom: 3 encountered, 2 discovered, 0 enqueued
[17.044s][info][gc,reloc    ] GC(91) Small Pages: 140 / 280M, Empty: 0M, Relocated: 93M, In-Place: 0
[17.044s][info][gc,reloc    ] GC(91) Medium Pages: 22 / 704M, Empty: 0M, Relocated: 248M, In-Place: 4
[17.044s][info][gc,reloc    ] GC(91) Large Pages: 0 / 0M, Empty: 0M, Relocated: 0M, In-Place: 0
[17.044s][info][gc,reloc    ] GC(91) Forwarding Usage: 0M
[17.044s][info][gc,heap     ] GC(91) Min Capacity: 1024M(100%)
[17.044s][info][gc,heap     ] GC(91) Max Capacity: 1024M(100%)
[17.044s][info][gc,heap     ] GC(91) Soft Max Capacity: 1024M(100%)
[17.044s][info][gc,heap     ] GC(91)                Mark Start          Mark End        Relocate Start      Relocate End           High               Low         
[17.044s][info][gc,heap     ] GC(91)  Capacity:     1024M (100%)       1024M (100%)       1024M (100%)       1024M (100%)       1024M (100%)       1024M (100%)   
[17.044s][info][gc,heap     ] GC(91)      Free:        8M (1%)            0M (0%)            0M (0%)           42M (4%)          100M (10%)           0M (0%)     
[17.044s][info][gc,heap     ] GC(91)      Used:     1016M (99%)        1024M (100%)       1024M (100%)        982M (96%)        1024M (100%)        924M (90%)    
[17.044s][info][gc,heap     ] GC(91)      Live:         -               344M (34%)         344M (34%)         344M (34%)            -                  -          
[17.044s][info][gc,heap     ] GC(91) Allocated:         -                 8M (1%)            8M (1%)          589M (58%)            -                  -          
[17.044s][info][gc,heap     ] GC(91)   Garbage:         -               671M (66%)         671M (66%)          47M (5%)             -                  -          
[17.044s][info][gc,heap     ] GC(91) Reclaimed:         -                  -                 0M (0%)          623M (61%)            -                  -          
[17.044s][info][gc          ] GC(91) Garbage Collection (Allocation Stall) 1016M(99%)->982M(96%)
[17.065s][info][gc,start    ] GC(92) Garbage Collection (Allocation Stall)
[17.065s][info][gc,ref      ] GC(92) Clearing All SoftReferences
[17.065s][info][gc,task     ] GC(92) Using 3 workers
[17.066s][info][gc,phases   ] GC(92) Pause Mark Start 0.010ms
[17.071s][info][gc,phases   ] GC(92) Concurrent Mark 5.736ms
[17.072s][info][gc,phases   ] GC(92) Pause Mark End 0.013ms
[17.072s][info][gc,phases   ] GC(92) Concurrent Mark Free 0.001ms
[17.072s][info][gc,phases   ] GC(92) Concurrent Process Non-Strong References 0.600ms
[17.072s][info][gc,phases   ] GC(92) Concurrent Reset Relocation Set 0.011ms
[17.074s][info][gc,phases   ] GC(92) Concurrent Select Relocation Set 1.568ms
[17.074s][info][gc,phases   ] GC(92) Pause Relocate Start 0.006ms
[17.081s][info][gc          ] Allocation Stall (pool-1-thread-2) 15.358ms
[17.082s][info][gc          ] Allocation Stall (pool-1-thread-1) 16.516ms
[17.083s][info][gc          ] Allocation Stall (pool-1-thread-3) 16.820ms
[17.083s][info][gc          ] Allocation Stall (pool-1-thread-4) 15.513ms
[17.130s][info][gc          ] Allocation Stall (pool-1-thread-1) 0.023ms
[17.144s][info][gc          ] Allocation Stall (pool-1-thread-3) 2.780ms
[17.147s][info][gc          ] Allocation Stall (pool-1-thread-2) 5.782ms
[17.148s][info][gc          ] Allocation Stall (pool-1-thread-1) 6.209ms
[17.148s][info][gc          ] Allocation Stall (pool-1-thread-4) 6.732ms
[17.167s][info][gc          ] Allocation Stall (pool-1-thread-1) 4.286ms
[17.167s][info][gc          ] Allocation Stall (pool-1-thread-4) 1.572ms
[17.167s][info][gc          ] Allocation Stall (pool-1-thread-3) 3.520ms
[17.173s][info][gc          ] Allocation Stall (pool-1-thread-2) 6.660ms
[17.181s][info][gc          ] Allocation Stall (pool-1-thread-1) 13.877ms
[17.182s][info][gc          ] Allocation Stall (pool-1-thread-4) 14.078ms
[17.182s][info][gc          ] Allocation Stall (pool-1-thread-3) 14.340ms
[17.196s][info][gc          ] Allocation Stall (pool-1-thread-4) 3.346ms
[17.196s][info][gc          ] Allocation Stall (pool-1-thread-2) 2.306ms
[17.196s][info][gc          ] Allocation Stall (pool-1-thread-1) 2.944ms
[17.198s][info][gc          ] Allocation Stall (pool-1-thread-3) 2.998ms
[17.201s][info][gc          ] Allocation Stall (pool-1-thread-4) 4.452ms
[17.204s][info][gc          ] Allocation Stall (pool-1-thread-2) 7.486ms
[17.204s][info][gc          ] Allocation Stall (pool-1-thread-1) 7.418ms
[17.204s][info][gc          ] Allocation Stall (pool-1-thread-3) 2.870ms
[17.239s][info][gc          ] Allocation Stall (pool-1-thread-3) 6.462ms
[17.242s][info][gc,phases   ] GC(92) Concurrent Relocate 167.528ms
[17.242s][info][gc,load     ] GC(92) Load: 1.75/0.64/0.28
[17.242s][info][gc,mmu      ] GC(92) MMU: 2ms/94.8%, 5ms/97.9%, 10ms/98.8%, 20ms/99.4%, 50ms/99.8%, 100ms/99.9%
[17.242s][info][gc,marking  ] GC(92) Mark: 2 stripe(s), 3 proactive flush(es), 1 terminate flush(es), 0 completion(s), 0 continuation(s) 
[17.242s][info][gc,marking  ] GC(92) Mark Stack Usage: 32M
[17.242s][info][gc,nmethod  ] GC(92) NMethods: 437 registered, 0 unregistered
[17.242s][info][gc,metaspace] GC(92) Metaspace: 6M used, 6M committed, 1088M reserved
[17.242s][info][gc,ref      ] GC(92) Soft: 34 encountered, 9 discovered, 0 enqueued
[17.242s][info][gc,ref      ] GC(92) Weak: 179 encountered, 0 discovered, 0 enqueued
[17.242s][info][gc,ref      ] GC(92) Final: 0 encountered, 0 discovered, 0 enqueued
[17.242s][info][gc,ref      ] GC(92) Phantom: 3 encountered, 2 discovered, 0 enqueued
[17.242s][info][gc,reloc    ] GC(92) Small Pages: 144 / 288M, Empty: 0M, Relocated: 97M, In-Place: 2
[17.242s][info][gc,reloc    ] GC(92) Medium Pages: 22 / 704M, Empty: 0M, Relocated: 247M, In-Place: 5
[17.242s][info][gc,reloc    ] GC(92) Large Pages: 0 / 0M, Empty: 0M, Relocated: 0M, In-Place: 0
[17.242s][info][gc,reloc    ] GC(92) Forwarding Usage: 0M
[17.242s][info][gc,heap     ] GC(92) Min Capacity: 1024M(100%)
[17.242s][info][gc,heap     ] GC(92) Max Capacity: 1024M(100%)
[17.242s][info][gc,heap     ] GC(92) Soft Max Capacity: 1024M(100%)
[17.242s][info][gc,heap     ] GC(92)                Mark Start          Mark End        Relocate Start      Relocate End           High               Low         
[17.242s][info][gc,heap     ] GC(92)  Capacity:     1024M (100%)       1024M (100%)       1024M (100%)       1024M (100%)       1024M (100%)       1024M (100%)   
[17.242s][info][gc,heap     ] GC(92)      Free:       32M (3%)           30M (3%)           30M (3%)           70M (7%)          108M (11%)           0M (0%)     
[17.242s][info][gc,heap     ] GC(92)      Used:      992M (97%)         994M (97%)         994M (97%)         954M (93%)        1024M (100%)        916M (89%)    
[17.242s][info][gc,heap     ] GC(92)      Live:         -               348M (34%)         348M (34%)         348M (34%)            -                  -          
[17.242s][info][gc,heap     ] GC(92) Allocated:         -                 2M (0%)            2M (0%)          587M (57%)            -                  -          
[17.242s][info][gc,heap     ] GC(92)   Garbage:         -               643M (63%)         643M (63%)          17M (2%)             -                  -          
[17.242s][info][gc,heap     ] GC(92) Reclaimed:         -                  -                 0M (0%)          625M (61%)            -                  -          
[17.242s][info][gc          ] GC(92) Garbage Collection (Allocation Stall) 992M(97%)->954M(93%)
[17.259s][info][gc,start    ] GC(93) Garbage Collection (Allocation Stall)
[17.259s][info][gc,ref      ] GC(93) Clearing All SoftReferences
[17.259s][info][gc,task     ] GC(93) Using 3 workers
[17.259s][info][gc,phases   ] GC(93) Pause Mark Start 0.011ms
[17.264s][info][gc,phases   ] GC(93) Concurrent Mark 5.084ms
[17.264s][info][gc,phases   ] GC(93) Pause Mark End 0.010ms
[17.264s][info][gc,phases   ] GC(93) Concurrent Mark Free 0.001ms
[17.265s][info][gc,phases   ] GC(93) Concurrent Process Non-Strong References 0.659ms
[17.265s][info][gc,phases   ] GC(93) Concurrent Reset Relocation Set 0.008ms
[17.267s][info][gc,phases   ] GC(93) Concurrent Select Relocation Set 1.530ms
[17.267s][info][gc,phases   ] GC(93) Pause Relocate Start 0.006ms
[17.272s][info][gc          ] Allocation Stall (pool-1-thread-4) 13.699ms
[17.272s][info][gc          ] Allocation Stall (pool-1-thread-1) 13.835ms
[17.272s][info][gc          ] Allocation Stall (pool-1-thread-2) 13.942ms
[17.273s][info][gc          ] Allocation Stall (pool-1-thread-3) 13.967ms
[17.291s][info][gc          ] Allocation Stall (pool-1-thread-2) 2.613ms
[17.297s][info][gc          ] Allocation Stall (pool-1-thread-3) 8.277ms
[17.297s][info][gc          ] Allocation Stall (pool-1-thread-4) 8.467ms
[17.298s][info][gc          ] Allocation Stall (pool-1-thread-1) 8.643ms
[17.317s][info][gc          ] Allocation Stall (pool-1-thread-2) 3.551ms
[17.317s][info][gc          ] Allocation Stall (pool-1-thread-3) 3.683ms
[17.317s][info][gc          ] Allocation Stall (pool-1-thread-4) 3.863ms
[17.318s][info][gc          ] Allocation Stall (pool-1-thread-1) 4.933ms
[17.335s][info][gc          ] Allocation Stall (pool-1-thread-3) 4.161ms
[17.342s][info][gc          ] Allocation Stall (pool-1-thread-4) 11.485ms
[17.342s][info][gc          ] Allocation Stall (pool-1-thread-1) 11.766ms
[17.343s][info][gc          ] Allocation Stall (pool-1-thread-3) 6.939ms
[17.343s][info][gc          ] Allocation Stall (pool-1-thread-2) 12.045ms
[17.353s][info][gc          ] Allocation Stall (pool-1-thread-4) 4.407ms
[17.356s][info][gc          ] Allocation Stall (pool-1-thread-2) 7.443ms
[17.357s][info][gc          ] Allocation Stall (pool-1-thread-1) 7.851ms
[17.357s][info][gc          ] Allocation Stall (pool-1-thread-3) 8.010ms
[17.374s][info][gc          ] Allocation Stall (pool-1-thread-3) 0.028ms
[17.411s][info][gc          ] Allocation Stall (pool-1-thread-2) 3.371ms
[17.415s][info][gc,phases   ] GC(93) Concurrent Relocate 147.870ms
[17.415s][info][gc,load     ] GC(93) Load: 1.75/0.64/0.28
[17.415s][info][gc,mmu      ] GC(93) MMU: 2ms/94.8%, 5ms/97.9%, 10ms/98.8%, 20ms/99.4%, 50ms/99.8%, 100ms/99.9%
[17.415s][info][gc,marking  ] GC(93) Mark: 2 stripe(s), 2 proactive flush(es), 1 terminate flush(es), 0 completion(s), 0 continuation(s) 
[17.415s][info][gc,marking  ] GC(93) Mark Stack Usage: 32M
[17.415s][info][gc,nmethod  ] GC(93) NMethods: 437 registered, 0 unregistered
[17.415s][info][gc,metaspace] GC(93) Metaspace: 6M used, 6M committed, 1088M reserved
[17.415s][info][gc,ref      ] GC(93) Soft: 34 encountered, 14 discovered, 0 enqueued
[17.415s][info][gc,ref      ] GC(93) Weak: 179 encountered, 0 discovered, 0 enqueued
[17.415s][info][gc,ref      ] GC(93) Final: 0 encountered, 0 discovered, 0 enqueued
[17.415s][info][gc,ref      ] GC(93) Phantom: 3 encountered, 2 discovered, 0 enqueued
[17.415s][info][gc,reloc    ] GC(93) Small Pages: 152 / 304M, Empty: 2M, Relocated: 99M, In-Place: 1
[17.415s][info][gc,reloc    ] GC(93) Medium Pages: 22 / 704M, Empty: 0M, Relocated: 248M, In-Place: 5
[17.415s][info][gc,reloc    ] GC(93) Large Pages: 0 / 0M, Empty: 0M, Relocated: 0M, In-Place: 0
[17.415s][info][gc,reloc    ] GC(93) Forwarding Usage: 0M
[17.415s][info][gc,heap     ] GC(93) Min Capacity: 1024M(100%)
[17.415s][info][gc,heap     ] GC(93) Max Capacity: 1024M(100%)
[17.415s][info][gc,heap     ] GC(93) Soft Max Capacity: 1024M(100%)
[17.415s][info][gc,heap     ] GC(93)                Mark Start          Mark End        Relocate Start      Relocate End           High               Low         
[17.415s][info][gc,heap     ] GC(93)  Capacity:     1024M (100%)       1024M (100%)       1024M (100%)       1024M (100%)       1024M (100%)       1024M (100%)   
[17.415s][info][gc,heap     ] GC(93)      Free:       16M (2%)           16M (2%)           18M (2%)           54M (5%)          124M (12%)           0M (0%)     
[17.415s][info][gc,heap     ] GC(93)      Used:     1008M (98%)        1008M (98%)        1006M (98%)         970M (95%)        1024M (100%)        900M (88%)    
[17.415s][info][gc,heap     ] GC(93)      Live:         -               349M (34%)         349M (34%)         349M (34%)            -                  -          
[17.415s][info][gc,heap     ] GC(93) Allocated:         -                 0M (0%)            0M (0%)          607M (59%)            -                  -          
[17.415s][info][gc,heap     ] GC(93)   Garbage:         -               658M (64%)         656M (64%)          12M (1%)             -                  -          
[17.415s][info][gc,heap     ] GC(93) Reclaimed:         -                  -                 2M (0%)          645M (63%)            -                  -          
[17.415s][info][gc          ] GC(93) Garbage Collection (Allocation Stall) 1008M(98%)->970M(95%)
[17.434s][info][gc,start    ] GC(94) Garbage Collection (Allocation Stall)
[17.434s][info][gc,ref      ] GC(94) Clearing All SoftReferences
[17.435s][info][gc,task     ] GC(94) Using 3 workers
[17.435s][info][gc,phases   ] GC(94) Pause Mark Start 0.013ms
[17.440s][info][gc,phases   ] GC(94) Concurrent Mark 4.877ms
[17.440s][info][gc,phases   ] GC(94) Pause Mark End 0.015ms
[17.440s][info][gc,phases   ] GC(94) Concurrent Mark Free 0.001ms
[17.441s][info][gc,phases   ] GC(94) Concurrent Process Non-Strong References 0.566ms
[17.441s][info][gc,phases   ] GC(94) Concurrent Reset Relocation Set 0.009ms
[17.442s][info][gc,phases   ] GC(94) Concurrent Select Relocation Set 1.379ms
[17.442s][info][gc,phases   ] GC(94) Pause Relocate Start 0.007ms
[17.448s][info][gc          ] Allocation Stall (pool-1-thread-1) 13.365ms
[17.448s][info][gc          ] Allocation Stall (pool-1-thread-4) 13.578ms
[17.448s][info][gc          ] Allocation Stall (pool-1-thread-2) 13.743ms
[17.448s][info][gc          ] Allocation Stall (pool-1-thread-3) 13.676ms
[17.496s][info][gc          ] Allocation Stall (pool-1-thread-1) 3.974ms
[17.496s][info][gc          ] Allocation Stall (pool-1-thread-3) 4.939ms
[17.498s][info][gc          ] Allocation Stall (pool-1-thread-2) 2.699ms
[17.498s][info][gc          ] Allocation Stall (pool-1-thread-4) 4.814ms
[17.517s][info][gc          ] Allocation Stall (pool-1-thread-3) 4.303ms
[17.517s][info][gc          ] Allocation Stall (pool-1-thread-1) 3.954ms
[17.518s][info][gc          ] Allocation Stall (pool-1-thread-4) 4.095ms
[17.518s][info][gc          ] Allocation Stall (pool-1-thread-2) 3.740ms
[17.533s][info][gc          ] Allocation Stall (pool-1-thread-3) 5.886ms
[17.546s][info][gc          ] Allocation Stall (pool-1-thread-4) 19.094ms
[17.546s][info][gc          ] Allocation Stall (pool-1-thread-1) 19.428ms
[17.547s][info][gc          ] Allocation Stall (pool-1-thread-2) 18.027ms
[17.547s][info][gc          ] Allocation Stall (pool-1-thread-4) 0.578ms
[17.547s][info][gc          ] Allocation Stall (pool-1-thread-3) 0.680ms
[17.547s][info][gc          ] Allocation Stall (pool-1-thread-1) 0.787ms
[17.568s][info][gc          ] Allocation Stall (pool-1-thread-2) 1.082ms
[17.571s][info][gc          ] Allocation Stall (pool-1-thread-3) 4.004ms
[17.572s][info][gc          ] Allocation Stall (pool-1-thread-4) 5.390ms
[17.610s][info][gc,phases   ] GC(94) Concurrent Relocate 167.651ms
[17.610s][info][gc,load     ] GC(94) Load: 1.75/0.64/0.28
[17.610s][info][gc,mmu      ] GC(94) MMU: 2ms/94.8%, 5ms/97.9%, 10ms/98.8%, 20ms/99.4%, 50ms/99.8%, 100ms/99.9%
[17.610s][info][gc,marking  ] GC(94) Mark: 2 stripe(s), 2 proactive flush(es), 1 terminate flush(es), 0 completion(s), 0 continuation(s) 
[17.610s][info][gc,marking  ] GC(94) Mark Stack Usage: 32M
[17.610s][info][gc,nmethod  ] GC(94) NMethods: 437 registered, 0 unregistered
[17.610s][info][gc,metaspace] GC(94) Metaspace: 6M used, 6M committed, 1088M reserved
[17.610s][info][gc,ref      ] GC(94) Soft: 34 encountered, 20 discovered, 0 enqueued
[17.610s][info][gc,ref      ] GC(94) Weak: 179 encountered, 1 discovered, 0 enqueued
[17.610s][info][gc,ref      ] GC(94) Final: 0 encountered, 0 discovered, 0 enqueued
[17.610s][info][gc,ref      ] GC(94) Phantom: 3 encountered, 2 discovered, 0 enqueued
[17.610s][info][gc,reloc    ] GC(94) Small Pages: 148 / 296M, Empty: 0M, Relocated: 101M, In-Place: 0
[17.610s][info][gc,reloc    ] GC(94) Medium Pages: 22 / 704M, Empty: 0M, Relocated: 222M, In-Place: 2
[17.610s][info][gc,reloc    ] GC(94) Large Pages: 0 / 0M, Empty: 0M, Relocated: 0M, In-Place: 0
[17.610s][info][gc,reloc    ] GC(94) Forwarding Usage: 0M
[17.610s][info][gc,heap     ] GC(94) Min Capacity: 1024M(100%)
[17.610s][info][gc,heap     ] GC(94) Max Capacity: 1024M(100%)
[17.610s][info][gc,heap     ] GC(94) Soft Max Capacity: 1024M(100%)
[17.610s][info][gc,heap     ] GC(94)                Mark Start          Mark End        Relocate Start      Relocate End           High               Low         
[17.610s][info][gc,heap     ] GC(94)  Capacity:     1024M (100%)       1024M (100%)       1024M (100%)       1024M (100%)       1024M (100%)       1024M (100%)   
[17.610s][info][gc,heap     ] GC(94)      Free:       24M (2%)           24M (2%)           24M (2%)           30M (3%)           98M (10%)           0M (0%)     
[17.610s][info][gc,heap     ] GC(94)      Used:     1000M (98%)        1000M (98%)        1000M (98%)         994M (97%)        1024M (100%)        926M (90%)    
[17.610s][info][gc,heap     ] GC(94)      Live:         -               344M (34%)         344M (34%)         344M (34%)            -                  -          
[17.610s][info][gc,heap     ] GC(94) Allocated:         -                 0M (0%)            0M (0%)          627M (61%)            -                  -          
[17.610s][info][gc,heap     ] GC(94)   Garbage:         -               655M (64%)         655M (64%)          21M (2%)             -                  -          
[17.610s][info][gc,heap     ] GC(94) Reclaimed:         -                  -                 0M (0%)          633M (62%)            -                  -          
[17.610s][info][gc          ] GC(94) Garbage Collection (Allocation Stall) 1000M(98%)->994M(97%)
[17.610s][info][gc,start    ] GC(95) Garbage Collection (Allocation Stall)
[17.610s][info][gc,ref      ] GC(95) Clearing All SoftReferences
[17.610s][info][gc,task     ] GC(95) Using 3 workers
[17.611s][info][gc,phases   ] GC(95) Pause Mark Start 0.017ms
[17.616s][info][gc,phases   ] GC(95) Concurrent Mark 5.045ms
[17.616s][info][gc,phases   ] GC(95) Pause Mark End 0.012ms
[17.616s][info][gc,phases   ] GC(95) Concurrent Mark Free 0.001ms
[17.617s][info][gc,phases   ] GC(95) Concurrent Process Non-Strong References 0.719ms
[17.617s][info][gc,phases   ] GC(95) Concurrent Reset Relocation Set 0.012ms
[17.619s][info][gc,phases   ] GC(95) Concurrent Select Relocation Set 1.746ms
[17.619s][info][gc,phases   ] GC(95) Pause Relocate Start 0.009ms
[17.624s][info][gc          ] Allocation Stall (pool-1-thread-2) 17.295ms
[17.624s][info][gc          ] Allocation Stall (pool-1-thread-3) 17.321ms
[17.625s][info][gc          ] Allocation Stall (pool-1-thread-1) 15.816ms
[17.625s][info][gc          ] Allocation Stall (pool-1-thread-4) 12.121ms
[17.663s][info][gc          ] Allocation Stall (pool-1-thread-3) 4.015ms
[17.665s][info][gc          ] Allocation Stall (pool-1-thread-2) 6.179ms
[17.666s][info][gc          ] Allocation Stall (pool-1-thread-4) 6.532ms
[17.666s][info][gc          ] Allocation Stall (pool-1-thread-1) 6.817ms
[17.676s][info][gc          ] Allocation Stall (pool-1-thread-4) 3.051ms
[17.688s][info][gc          ] Allocation Stall (pool-1-thread-2) 14.444ms
[17.688s][info][gc          ] Allocation Stall (pool-1-thread-1) 14.780ms
[17.688s][info][gc          ] Allocation Stall (pool-1-thread-3) 15.020ms
[17.705s][info][gc          ] Allocation Stall (pool-1-thread-3) 8.502ms
[17.707s][info][gc          ] Allocation Stall (pool-1-thread-4) 9.973ms
[17.707s][info][gc          ] Allocation Stall (pool-1-thread-1) 10.208ms
[17.707s][info][gc          ] Allocation Stall (pool-1-thread-2) 10.410ms
[17.725s][info][gc          ] Allocation Stall (pool-1-thread-4) 4.484ms
[17.727s][info][gc          ] Allocation Stall (pool-1-thread-3) 6.655ms
[17.732s][info][gc          ] Allocation Stall (pool-1-thread-2) 10.751ms
[17.733s][info][gc          ] Allocation Stall (pool-1-thread-1) 11.998ms
[17.764s][info][gc          ] Allocation Stall (pool-1-thread-1) 7.096ms
[17.764s][info][gc          ] Allocation Stall (pool-1-thread-4) 7.210ms
[17.770s][info][gc,phases   ] GC(95) Concurrent Relocate 150.634ms
[17.770s][info][gc,load     ] GC(95) Load: 1.75/0.64/0.28
[17.770s][info][gc,mmu      ] GC(95) MMU: 2ms/94.8%, 5ms/97.9%, 10ms/98.8%, 20ms/99.4%, 50ms/99.8%, 100ms/99.9%
[17.770s][info][gc,marking  ] GC(95) Mark: 2 stripe(s), 3 proactive flush(es), 1 terminate flush(es), 0 completion(s), 0 continuation(s) 
[17.770s][info][gc,marking  ] GC(95) Mark Stack Usage: 32M
[17.770s][info][gc,nmethod  ] GC(95) NMethods: 437 registered, 0 unregistered
[17.770s][info][gc,metaspace] GC(95) Metaspace: 6M used, 6M committed, 1088M reserved
[17.770s][info][gc,ref      ] GC(95) Soft: 34 encountered, 13 discovered, 0 enqueued
[17.770s][info][gc,ref      ] GC(95) Weak: 179 encountered, 40 discovered, 0 enqueued
[17.770s][info][gc,ref      ] GC(95) Final: 0 encountered, 0 discovered, 0 enqueued
[17.770s][info][gc,ref      ] GC(95) Phantom: 3 encountered, 2 discovered, 0 enqueued
[17.770s][info][gc,reloc    ] GC(95) Small Pages: 145 / 290M, Empty: 0M, Relocated: 97M, In-Place: 2
[17.770s][info][gc,reloc    ] GC(95) Medium Pages: 22 / 704M, Empty: 0M, Relocated: 248M, In-Place: 7
[17.770s][info][gc,reloc    ] GC(95) Large Pages: 0 / 0M, Empty: 0M, Relocated: 0M, In-Place: 0
[17.770s][info][gc,reloc    ] GC(95) Forwarding Usage: 0M
[17.770s][info][gc,heap     ] GC(95) Min Capacity: 1024M(100%)
[17.770s][info][gc,heap     ] GC(95) Max Capacity: 1024M(100%)
[17.770s][info][gc,heap     ] GC(95) Soft Max Capacity: 1024M(100%)
[17.770s][info][gc,heap     ] GC(95)                Mark Start          Mark End        Relocate Start      Relocate End           High               Low         
[17.770s][info][gc,heap     ] GC(95)  Capacity:     1024M (100%)       1024M (100%)       1024M (100%)       1024M (100%)       1024M (100%)       1024M (100%)   
[17.770s][info][gc,heap     ] GC(95)      Free:       30M (3%)           28M (3%)           28M (3%)           78M (8%)          106M (10%)           0M (0%)     
[17.770s][info][gc,heap     ] GC(95)      Used:      994M (97%)         996M (97%)         996M (97%)         946M (92%)        1024M (100%)        918M (90%)    
[17.770s][info][gc,heap     ] GC(95)      Live:         -               348M (34%)         348M (34%)         348M (34%)            -                  -          
[17.770s][info][gc,heap     ] GC(95) Allocated:         -                 2M (0%)            2M (0%)          581M (57%)            -                  -          
[17.770s][info][gc,heap     ] GC(95)   Garbage:         -               645M (63%)         645M (63%)          15M (1%)             -                  -          
[17.770s][info][gc,heap     ] GC(95) Reclaimed:         -                  -                 0M (0%)          629M (62%)            -                  -          
[17.770s][info][gc          ] GC(95) Garbage Collection (Allocation Stall) 994M(97%)->946M(92%)
[17.788s][info][gc,start    ] GC(96) Garbage Collection (Allocation Stall)
[17.788s][info][gc,ref      ] GC(96) Clearing All SoftReferences
[17.788s][info][gc,task     ] GC(96) Using 3 workers
[17.788s][info][gc,phases   ] GC(96) Pause Mark Start 0.012ms
[17.792s][info][gc,phases   ] GC(96) Concurrent Mark 4.447ms
[17.793s][info][gc,phases   ] GC(96) Pause Mark End 0.026ms
[17.793s][info][gc,phases   ] GC(96) Concurrent Mark Free 0.001ms
[17.793s][info][gc,phases   ] GC(96) Concurrent Process Non-Strong References 0.493ms
[17.793s][info][gc,phases   ] GC(96) Concurrent Reset Relocation Set 0.007ms
[17.795s][info][gc,phases   ] GC(96) Concurrent Select Relocation Set 1.494ms
[17.795s][info][gc,phases   ] GC(96) Pause Relocate Start 0.011ms
[17.803s][info][gc          ] Allocation Stall (pool-1-thread-4) 15.434ms
[17.803s][info][gc          ] Allocation Stall (pool-1-thread-3) 15.517ms
[17.803s][info][gc          ] Allocation Stall (pool-1-thread-1) 15.575ms
[17.803s][info][gc          ] Allocation Stall (pool-1-thread-2) 15.685ms
[17.820s][info][gc          ] Allocation Stall (pool-1-thread-1) 2.851ms
[17.834s][info][gc          ] Allocation Stall (pool-1-thread-3) 16.394ms
[17.834s][info][gc          ] Allocation Stall (pool-1-thread-2) 16.801ms
[17.835s][info][gc          ] Allocation Stall (pool-1-thread-4) 17.030ms
[17.851s][info][gc          ] Allocation Stall (pool-1-thread-2) 1.551ms
[17.851s][info][gc          ] Allocation Stall (pool-1-thread-4) 3.488ms
[17.851s][info][gc          ] Allocation Stall (pool-1-thread-3) 0.916ms
[17.851s][info][gc          ] Allocation Stall (pool-1-thread-1) 5.073ms
[17.861s][info][gc          ] Allocation Stall (pool-1-thread-4) 3.426ms
[17.863s][info][gc          ] Allocation Stall (pool-1-thread-2) 5.989ms
[17.864s][info][gc          ] Allocation Stall (pool-1-thread-1) 6.529ms
[17.864s][info][gc          ] Allocation Stall (pool-1-thread-3) 6.716ms
[17.880s][info][gc          ] Allocation Stall (pool-1-thread-1) 2.357ms
[17.888s][info][gc          ] Allocation Stall (pool-1-thread-4) 4.645ms
[17.893s][info][gc          ] Allocation Stall (pool-1-thread-2) 10.158ms
[17.894s][info][gc          ] Allocation Stall (pool-1-thread-1) 10.534ms
[17.894s][info][gc          ] Allocation Stall (pool-1-thread-3) 10.761ms
[17.902s][info][gc          ] Allocation Stall (pool-1-thread-2) 4.048ms
[17.903s][info][gc          ] Allocation Stall (pool-1-thread-3) 4.875ms
[17.903s][info][gc          ] Allocation Stall (pool-1-thread-4) 5.053ms
[17.903s][info][gc          ] Allocation Stall (pool-1-thread-1) 5.310ms
[17.914s][info][gc          ] Allocation Stall (pool-1-thread-2) 3.424ms
[17.946s][info][gc          ] Allocation Stall (pool-1-thread-1) 2.360ms
[17.947s][info][gc          ] Allocation Stall (pool-1-thread-4) 2.524ms
[17.955s][info][gc,phases   ] GC(96) Concurrent Relocate 160.188ms
[17.955s][info][gc,load     ] GC(96) Load: 1.75/0.64/0.28
[17.955s][info][gc,mmu      ] GC(96) MMU: 2ms/94.8%, 5ms/97.9%, 10ms/98.8%, 20ms/99.4%, 50ms/99.8%, 100ms/99.9%
[17.955s][info][gc,marking  ] GC(96) Mark: 2 stripe(s), 2 proactive flush(es), 1 terminate flush(es), 0 completion(s), 0 continuation(s) 
[17.955s][info][gc,marking  ] GC(96) Mark Stack Usage: 32M
[17.955s][info][gc,nmethod  ] GC(96) NMethods: 437 registered, 0 unregistered
[17.955s][info][gc,metaspace] GC(96) Metaspace: 6M used, 6M committed, 1088M reserved
[17.955s][info][gc,ref      ] GC(96) Soft: 34 encountered, 4 discovered, 0 enqueued
[17.955s][info][gc,ref      ] GC(96) Weak: 179 encountered, 15 discovered, 0 enqueued
[17.955s][info][gc,ref      ] GC(96) Final: 0 encountered, 0 discovered, 0 enqueued
[17.955s][info][gc,ref      ] GC(96) Phantom: 3 encountered, 2 discovered, 0 enqueued
[17.955s][info][gc,reloc    ] GC(96) Small Pages: 148 / 296M, Empty: 0M, Relocated: 96M, In-Place: 2
[17.955s][info][gc,reloc    ] GC(96) Medium Pages: 22 / 704M, Empty: 0M, Relocated: 250M, In-Place: 4
[17.955s][info][gc,reloc    ] GC(96) Large Pages: 0 / 0M, Empty: 0M, Relocated: 0M, In-Place: 0
[17.955s][info][gc,reloc    ] GC(96) Forwarding Usage: 0M
[17.955s][info][gc,heap     ] GC(96) Min Capacity: 1024M(100%)
[17.955s][info][gc,heap     ] GC(96) Max Capacity: 1024M(100%)
[17.955s][info][gc,heap     ] GC(96) Soft Max Capacity: 1024M(100%)
[17.955s][info][gc,heap     ] GC(96)                Mark Start          Mark End        Relocate Start      Relocate End           High               Low         
[17.955s][info][gc,heap     ] GC(96)  Capacity:     1024M (100%)       1024M (100%)       1024M (100%)       1024M (100%)       1024M (100%)       1024M (100%)   
[17.955s][info][gc,heap     ] GC(96)      Free:       24M (2%)           24M (2%)           24M (2%)           54M (5%)          110M (11%)           0M (0%)     
[17.955s][info][gc,heap     ] GC(96)      Used:     1000M (98%)        1000M (98%)        1000M (98%)         970M (95%)        1024M (100%)        914M (89%)    
[17.955s][info][gc,heap     ] GC(96)      Live:         -               350M (34%)         350M (34%)         350M (34%)            -                  -          
[17.955s][info][gc,heap     ] GC(96) Allocated:         -                 0M (0%)            0M (0%)          607M (59%)            -                  -          
[17.955s][info][gc,heap     ] GC(96)   Garbage:         -               649M (63%)         649M (63%)          11M (1%)             -                  -          
[17.955s][info][gc,heap     ] GC(96) Reclaimed:         -                  -                 0M (0%)          637M (62%)            -                  -          
[17.955s][info][gc          ] GC(96) Garbage Collection (Allocation Stall) 1000M(98%)->970M(95%)
[17.965s][info][gc,start    ] GC(97) Garbage Collection (Allocation Stall)
[17.965s][info][gc,ref      ] GC(97) Clearing All SoftReferences
[17.965s][info][gc,task     ] GC(97) Using 3 workers
[17.966s][info][gc,phases   ] GC(97) Pause Mark Start 0.027ms
[17.970s][info][gc,phases   ] GC(97) Concurrent Mark 3.989ms
[17.970s][info][gc,phases   ] GC(97) Pause Mark End 0.009ms
[17.970s][info][gc,phases   ] GC(97) Concurrent Mark Free 0.001ms
[17.971s][info][gc,phases   ] GC(97) Concurrent Process Non-Strong References 0.546ms
[17.971s][info][gc,phases   ] GC(97) Concurrent Reset Relocation Set 0.007ms
[17.972s][info][gc          ] Allocation Stall (pool-1-thread-2) 6.152ms
[17.972s][info][gc          ] Allocation Stall (pool-1-thread-4) 6.386ms
[17.972s][info][gc,phases   ] GC(97) Concurrent Select Relocation Set 1.715ms
[17.972s][info][gc          ] Allocation Stall (pool-1-thread-1) 6.391ms
[17.972s][info][gc,phases   ] GC(97) Pause Relocate Start 0.006ms
[17.979s][info][gc          ] Allocation Stall (pool-1-thread-4) 4.246ms
[17.980s][info][gc          ] Allocation Stall (pool-1-thread-2) 5.583ms
[17.979s][info][gc          ] Allocation Stall (pool-1-thread-1) 4.016ms
[17.980s][info][gc          ] Allocation Stall (pool-1-thread-3) 13.293ms
[18.005s][info][gc          ] Allocation Stall (pool-1-thread-2) 2.025ms
[18.010s][info][gc          ] Allocation Stall (pool-1-thread-1) 6.301ms
[18.010s][info][gc          ] Allocation Stall (pool-1-thread-3) 6.253ms
[18.010s][info][gc          ] Allocation Stall (pool-1-thread-4) 6.601ms
[18.032s][info][gc          ] Allocation Stall (pool-1-thread-3) 1.579ms
[18.032s][info][gc          ] Allocation Stall (pool-1-thread-2) 4.363ms
[18.032s][info][gc          ] Allocation Stall (pool-1-thread-4) 3.719ms
[18.032s][info][gc          ] Allocation Stall (pool-1-thread-1) 2.230ms
[18.038s][info][gc          ] Allocation Stall (pool-1-thread-3) 1.298ms
[18.051s][info][gc          ] Allocation Stall (pool-1-thread-4) 14.622ms
[18.051s][info][gc          ] Allocation Stall (pool-1-thread-2) 14.890ms
[18.052s][info][gc          ] Allocation Stall (pool-1-thread-1) 14.999ms
[18.052s][info][gc          ] Allocation Stall (pool-1-thread-3) 1.487ms
[18.062s][info][gc          ] Allocation Stall (pool-1-thread-2) 5.333ms
[18.062s][info][gc          ] Allocation Stall (pool-1-thread-3) 3.990ms
[18.064s][info][gc          ] Allocation Stall (pool-1-thread-4) 4.798ms
[18.072s][info][gc          ] Relocation Stall (main) 99.246ms
[18.074s][info][gc          ] Allocation Stall (pool-1-thread-1) 14.276ms
[18.075s][info][gc          ] Allocation Stall (pool-1-thread-2) 12.484ms
[18.075s][info][gc          ] Allocation Stall (pool-1-thread-3) 12.647ms
[18.113s][info][gc          ] Allocation Stall (pool-1-thread-4) 3.567ms
[18.119s][info][gc,phases   ] GC(97) Concurrent Relocate 146.473ms
[18.119s][info][gc,load     ] GC(97) Load: 1.75/0.64/0.28
[18.119s][info][gc,mmu      ] GC(97) MMU: 2ms/94.8%, 5ms/97.9%, 10ms/98.8%, 20ms/99.4%, 50ms/99.8%, 100ms/99.9%
[18.119s][info][gc,marking  ] GC(97) Mark: 2 stripe(s), 2 proactive flush(es), 1 terminate flush(es), 0 completion(s), 0 continuation(s) 
[18.119s][info][gc,marking  ] GC(97) Mark Stack Usage: 32M
[18.119s][info][gc,nmethod  ] GC(97) NMethods: 437 registered, 0 unregistered
[18.119s][info][gc,metaspace] GC(97) Metaspace: 6M used, 6M committed, 1088M reserved
[18.119s][info][gc,ref      ] GC(97) Soft: 34 encountered, 13 discovered, 0 enqueued
[18.119s][info][gc,ref      ] GC(97) Weak: 179 encountered, 56 discovered, 0 enqueued
[18.119s][info][gc,ref      ] GC(97) Final: 0 encountered, 0 discovered, 0 enqueued
[18.119s][info][gc,ref      ] GC(97) Phantom: 3 encountered, 1 discovered, 0 enqueued
[18.119s][info][gc,reloc    ] GC(97) Small Pages: 144 / 288M, Empty: 6M, Relocated: 96M, In-Place: 3
[18.119s][info][gc,reloc    ] GC(97) Medium Pages: 22 / 704M, Empty: 0M, Relocated: 250M, In-Place: 4
[18.119s][info][gc,reloc    ] GC(97) Large Pages: 0 / 0M, Empty: 0M, Relocated: 0M, In-Place: 0
[18.119s][info][gc,reloc    ] GC(97) Forwarding Usage: 0M
[18.119s][info][gc,heap     ] GC(97) Min Capacity: 1024M(100%)
[18.119s][info][gc,heap     ] GC(97) Max Capacity: 1024M(100%)
[18.119s][info][gc,heap     ] GC(97) Soft Max Capacity: 1024M(100%)
[18.119s][info][gc,heap     ] GC(97)                Mark Start          Mark End        Relocate Start      Relocate End           High               Low         
[18.119s][info][gc,heap     ] GC(97)  Capacity:     1024M (100%)       1024M (100%)       1024M (100%)       1024M (100%)       1024M (100%)       1024M (100%)   
[18.119s][info][gc,heap     ] GC(97)      Free:       32M (3%)            0M (0%)            0M (0%)           16M (2%)          102M (10%)           0M (0%)     
[18.119s][info][gc,heap     ] GC(97)      Used:      992M (97%)        1024M (100%)       1024M (100%)       1008M (98%)        1024M (100%)        922M (90%)    
[18.119s][info][gc,heap     ] GC(97)      Live:         -               350M (34%)         350M (34%)         350M (34%)            -                  -          
[18.119s][info][gc,heap     ] GC(97) Allocated:         -                32M (3%)           38M (4%)          643M (63%)            -                  -          
[18.119s][info][gc,heap     ] GC(97)   Garbage:         -               641M (63%)         635M (62%)          13M (1%)             -                  -          
[18.119s][info][gc,heap     ] GC(97) Reclaimed:         -                  -                 6M (1%)          627M (61%)            -                  -          
[18.119s][info][gc          ] GC(97) Garbage Collection (Allocation Stall) 992M(97%)->1008M(98%)
[18.120s][info][gc,start    ] GC(98) Garbage Collection (Allocation Stall)
[18.120s][info][gc,ref      ] GC(98) Clearing All SoftReferences
[18.120s][info][gc,task     ] GC(98) Using 3 workers
[18.123s][info][gc,phases   ] GC(98) Pause Mark Start 0.068ms
[18.124s][info][gc          ] Allocation Stall (pool-1-thread-2) 14.714ms
[18.145s][info][gc,phases   ] GC(98) Concurrent Mark 20.705ms
[18.145s][info][gc,phases   ] GC(98) Pause Mark End 0.016ms
[18.145s][info][gc,phases   ] GC(98) Concurrent Mark Free 0.001ms
[18.146s][info][gc,phases   ] GC(98) Concurrent Process Non-Strong References 0.904ms
[18.146s][info][gc,phases   ] GC(98) Concurrent Reset Relocation Set 0.023ms
[18.148s][info][gc,phases   ] GC(98) Concurrent Select Relocation Set 1.955ms
[18.148s][info][gc,phases   ] GC(98) Pause Relocate Start 0.012ms
[18.158s][info][gc          ] Allocation Stall (pool-1-thread-4) 12.153ms
[18.158s][info][gc          ] Allocation Stall (pool-1-thread-1) 12.436ms
[18.158s][info][gc          ] Allocation Stall (pool-1-thread-2) 12.518ms
[18.158s][info][gc          ] Allocation Stall (pool-1-thread-3) 10.905ms
[18.181s][info][gc          ] Allocation Stall (pool-1-thread-3) 0.349ms
[18.181s][info][gc          ] Allocation Stall (pool-1-thread-4) 2.159ms
[18.181s][info][gc          ] Allocation Stall (pool-1-thread-1) 0.574ms
[18.186s][info][gc          ] Allocation Stall (pool-1-thread-3) 1.126ms
[18.187s][info][gc          ] Allocation Stall (pool-1-thread-1) 1.382ms
[18.187s][info][gc          ] Allocation Stall (pool-1-thread-4) 1.545ms
[18.187s][info][gc          ] Allocation Stall (pool-1-thread-2) 1.464ms
[18.198s][info][gc          ] Allocation Stall (pool-1-thread-3) 2.602ms
[18.199s][info][gc          ] Allocation Stall (pool-1-thread-4) 3.189ms
[18.199s][info][gc          ] Allocation Stall (pool-1-thread-1) 3.335ms
[18.200s][info][gc          ] Allocation Stall (pool-1-thread-2) 4.026ms
[18.220s][info][gc          ] Allocation Stall (pool-1-thread-3) 11.979ms
[18.229s][info][gc          ] Allocation Stall (pool-1-thread-2) 14.086ms
[18.232s][info][gc          ] Allocation Stall (pool-1-thread-1) 16.706ms
[18.233s][info][gc          ] Allocation Stall (pool-1-thread-4) 17.255ms
[18.233s][info][gc          ] Allocation Stall (pool-1-thread-3) 4.406ms
[18.245s][info][gc          ] Allocation Stall (pool-1-thread-3) 8.308ms
[18.246s][info][gc          ] Allocation Stall (pool-1-thread-2) 9.165ms
[18.249s][info][gc          ] Allocation Stall (pool-1-thread-4) 12.157ms
[18.249s][info][gc          ] Allocation Stall (pool-1-thread-1) 12.622ms
[18.262s][info][gc          ] Relocation Stall (main) 113.480ms
[18.280s][info][gc          ] Allocation Stall (pool-1-thread-4) 3.448ms
[18.282s][info][gc          ] Allocation Stall (pool-1-thread-2) 5.999ms
[18.284s][info][gc,phases   ] GC(98) Concurrent Relocate 135.523ms
[18.284s][info][gc,load     ] GC(98) Load: 1.75/0.64/0.28
[18.284s][info][gc,mmu      ] GC(98) MMU: 2ms/94.8%, 5ms/97.9%, 10ms/98.8%, 20ms/99.4%, 50ms/99.8%, 100ms/99.9%
[18.284s][info][gc,marking  ] GC(98) Mark: 2 stripe(s), 9 proactive flush(es), 1 terminate flush(es), 0 completion(s), 0 continuation(s) 
[18.284s][info][gc,marking  ] GC(98) Mark Stack Usage: 32M
[18.284s][info][gc,nmethod  ] GC(98) NMethods: 437 registered, 0 unregistered
[18.284s][info][gc,metaspace] GC(98) Metaspace: 6M used, 6M committed, 1088M reserved
[18.284s][info][gc,ref      ] GC(98) Soft: 34 encountered, 10 discovered, 0 enqueued
[18.284s][info][gc,ref      ] GC(98) Weak: 179 encountered, 56 discovered, 0 enqueued
[18.284s][info][gc,ref      ] GC(98) Final: 0 encountered, 0 discovered, 0 enqueued
[18.284s][info][gc,ref      ] GC(98) Phantom: 3 encountered, 2 discovered, 0 enqueued
[18.284s][info][gc,reloc    ] GC(98) Small Pages: 136 / 272M, Empty: 0M, Relocated: 94M, In-Place: 1
[18.284s][info][gc,reloc    ] GC(98) Medium Pages: 21 / 672M, Empty: 0M, Relocated: 244M, In-Place: 5
[18.284s][info][gc,reloc    ] GC(98) Large Pages: 0 / 0M, Empty: 0M, Relocated: 0M, In-Place: 0
[18.284s][info][gc,reloc    ] GC(98) Forwarding Usage: 0M
[18.284s][info][gc,heap     ] GC(98) Min Capacity: 1024M(100%)
[18.284s][info][gc,heap     ] GC(98) Max Capacity: 1024M(100%)
[18.284s][info][gc,heap     ] GC(98) Soft Max Capacity: 1024M(100%)
[18.284s][info][gc,heap     ] GC(98)                Mark Start          Mark End        Relocate Start      Relocate End           High               Low         
[18.284s][info][gc,heap     ] GC(98)  Capacity:     1024M (100%)       1024M (100%)       1024M (100%)       1024M (100%)       1024M (100%)       1024M (100%)   
[18.284s][info][gc,heap     ] GC(98)      Free:       48M (5%)            0M (0%)            0M (0%)           50M (5%)          104M (10%)           0M (0%)     
[18.284s][info][gc,heap     ] GC(98)      Used:      976M (95%)        1024M (100%)       1024M (100%)        974M (95%)        1024M (100%)        920M (90%)    
[18.284s][info][gc,heap     ] GC(98)      Live:         -               342M (33%)         342M (33%)         342M (33%)            -                  -          
[18.284s][info][gc,heap     ] GC(98) Allocated:         -                48M (5%)           48M (5%)          579M (57%)            -                  -          
[18.284s][info][gc,heap     ] GC(98)   Garbage:         -               633M (62%)         633M (62%)          51M (5%)             -                  -          
[18.284s][info][gc,heap     ] GC(98) Reclaimed:         -                  -                 0M (0%)          581M (57%)            -                  -          
[18.284s][info][gc          ] GC(98) Garbage Collection (Allocation Stall) 976M(95%)->974M(95%)
[18.299s][info][gc,start    ] GC(99) Garbage Collection (Allocation Stall)
[18.300s][info][gc,ref      ] GC(99) Clearing All SoftReferences
[18.300s][info][gc,task     ] GC(99) Using 3 workers
[18.300s][info][gc,phases   ] GC(99) Pause Mark Start 0.014ms
[18.305s][info][gc,phases   ] GC(99) Concurrent Mark 5.460ms
[18.306s][info][gc,phases   ] GC(99) Pause Mark End 0.010ms
[18.306s][info][gc,phases   ] GC(99) Concurrent Mark Free 0.001ms
[18.306s][info][gc,phases   ] GC(99) Concurrent Process Non-Strong References 0.550ms
[18.306s][info][gc,phases   ] GC(99) Concurrent Reset Relocation Set 0.008ms
[18.308s][info][gc,phases   ] GC(99) Concurrent Select Relocation Set 1.307ms
[18.308s][info][gc,phases   ] GC(99) Pause Relocate Start 0.005ms
[18.314s][info][gc          ] Allocation Stall (pool-1-thread-2) 15.087ms
[18.314s][info][gc          ] Allocation Stall (pool-1-thread-3) 15.173ms
[18.315s][info][gc          ] Allocation Stall (pool-1-thread-1) 15.427ms
[18.315s][info][gc          ] Allocation Stall (pool-1-thread-4) 15.624ms
[18.334s][info][gc          ] Allocation Stall (pool-1-thread-4) 0.718ms
[18.335s][info][gc          ] Allocation Stall (pool-1-thread-1) 1.101ms
[18.335s][info][gc          ] Allocation Stall (pool-1-thread-3) 1.638ms
[18.336s][info][gc          ] Allocation Stall (pool-1-thread-2) 1.143ms
[18.345s][info][gc          ] Allocation Stall (pool-1-thread-2) 0.892ms
[18.349s][info][gc          ] Allocation Stall (pool-1-thread-1) 4.826ms
[18.349s][info][gc          ] Allocation Stall (pool-1-thread-4) 5.095ms
[18.349s][info][gc          ] Allocation Stall (pool-1-thread-3) 5.409ms
[18.354s][info][gc          ] Allocation Stall (pool-1-thread-2) 1.303ms
[18.354s][info][gc          ] Allocation Stall (pool-1-thread-1) 1.039ms
[18.359s][info][gc          ] Allocation Stall (pool-1-thread-1) 2.382ms
[18.363s][info][gc          ] Allocation Stall (pool-1-thread-4) 6.007ms
[18.363s][info][gc          ] Allocation Stall (pool-1-thread-3) 6.366ms
[18.363s][info][gc          ] Allocation Stall (pool-1-thread-2) 6.488ms
[18.380s][info][gc          ] Allocation Stall (pool-1-thread-1) 2.542ms
[18.380s][info][gc          ] Allocation Stall (pool-1-thread-3) 2.627ms
[18.380s][info][gc          ] Allocation Stall (pool-1-thread-4) 2.744ms
[18.380s][info][gc          ] Allocation Stall (pool-1-thread-2) 2.544ms
[18.392s][info][gc          ] Allocation Stall (pool-1-thread-2) 5.209ms
[18.400s][info][gc          ] Allocation Stall (pool-1-thread-1) 12.739ms
[18.403s][info][gc          ] Allocation Stall (pool-1-thread-3) 15.696ms
[18.403s][info][gc          ] Allocation Stall (pool-1-thread-4) 15.988ms
[18.408s][info][gc          ] Allocation Stall (pool-1-thread-1) 4.385ms
[18.433s][info][gc          ] Allocation Stall (pool-1-thread-1) 2.911ms
[18.433s][info][gc          ] Allocation Stall (pool-1-thread-2) 3.087ms
[18.440s][info][gc,phases   ] GC(99) Concurrent Relocate 131.879ms
[18.440s][info][gc,load     ] GC(99) Load: 1.75/0.64/0.28
[18.440s][info][gc,mmu      ] GC(99) MMU: 2ms/94.8%, 5ms/97.9%, 10ms/98.8%, 20ms/99.4%, 50ms/99.8%, 100ms/99.9%
[18.440s][info][gc,marking  ] GC(99) Mark: 2 stripe(s), 2 proactive flush(es), 1 terminate flush(es), 0 completion(s), 0 continuation(s) 
[18.440s][info][gc,marking  ] GC(99) Mark Stack Usage: 32M
[18.440s][info][gc,nmethod  ] GC(99) NMethods: 437 registered, 0 unregistered
[18.440s][info][gc,metaspace] GC(99) Metaspace: 6M used, 6M committed, 1088M reserved
[18.440s][info][gc,ref      ] GC(99) Soft: 34 encountered, 6 discovered, 0 enqueued
[18.440s][info][gc,ref      ] GC(99) Weak: 179 encountered, 17 discovered, 0 enqueued
[18.440s][info][gc,ref      ] GC(99) Final: 0 encountered, 0 discovered, 0 enqueued
[18.440s][info][gc,ref      ] GC(99) Phantom: 3 encountered, 1 discovered, 0 enqueued
[18.440s][info][gc,reloc    ] GC(99) Small Pages: 148 / 296M, Empty: 0M, Relocated: 92M, In-Place: 0
[18.440s][info][gc,reloc    ] GC(99) Medium Pages: 22 / 704M, Empty: 0M, Relocated: 221M, In-Place: 4
[18.440s][info][gc,reloc    ] GC(99) Large Pages: 0 / 0M, Empty: 0M, Relocated: 0M, In-Place: 0
[18.440s][info][gc,reloc    ] GC(99) Forwarding Usage: 0M
[18.440s][info][gc,heap     ] GC(99) Min Capacity: 1024M(100%)
[18.440s][info][gc,heap     ] GC(99) Max Capacity: 1024M(100%)
[18.440s][info][gc,heap     ] GC(99) Soft Max Capacity: 1024M(100%)
[18.440s][info][gc,heap     ] GC(99)                Mark Start          Mark End        Relocate Start      Relocate End           High               Low         
[18.440s][info][gc,heap     ] GC(99)  Capacity:     1024M (100%)       1024M (100%)       1024M (100%)       1024M (100%)       1024M (100%)       1024M (100%)   
[18.440s][info][gc,heap     ] GC(99)      Free:       24M (2%)           24M (2%)           24M (2%)           94M (9%)          110M (11%)           0M (0%)     
[18.440s][info][gc,heap     ] GC(99)      Used:     1000M (98%)        1000M (98%)        1000M (98%)         930M (91%)        1024M (100%)        914M (89%)    
[18.440s][info][gc,heap     ] GC(99)      Live:         -               351M (34%)         351M (34%)         351M (34%)            -                  -          
[18.440s][info][gc,heap     ] GC(99) Allocated:         -                 0M (0%)            0M (0%)          533M (52%)            -                  -          
[18.440s][info][gc,heap     ] GC(99)   Garbage:         -               648M (63%)         648M (63%)          44M (4%)             -                  -          
[18.440s][info][gc,heap     ] GC(99) Reclaimed:         -                  -                 0M (0%)          603M (59%)            -                  -          
[18.440s][info][gc          ] GC(99) Garbage Collection (Allocation Stall) 1000M(98%)->930M(91%)
[18.450s][info][gc,start    ] GC(100) Garbage Collection (Allocation Stall)
[18.450s][info][gc,ref      ] GC(100) Clearing All SoftReferences
[18.450s][info][gc,task     ] GC(100) Using 3 workers
[18.452s][info][gc,phases   ] GC(100) Pause Mark Start 0.006ms
[18.456s][info][gc,phases   ] GC(100) Concurrent Mark 3.912ms
[18.456s][info][gc,phases   ] GC(100) Pause Mark End 0.008ms
[18.456s][info][gc,phases   ] GC(100) Concurrent Mark Free 0.001ms
[18.457s][info][gc,phases   ] GC(100) Concurrent Process Non-Strong References 0.537ms
[18.457s][info][gc,phases   ] GC(100) Concurrent Reset Relocation Set 0.007ms
[18.458s][info][gc,phases   ] GC(100) Concurrent Select Relocation Set 1.255ms
[18.458s][info][gc,phases   ] GC(100) Pause Relocate Start 0.004ms
[18.461s][info][gc          ] Allocation Stall (pool-1-thread-4) 11.386ms
[18.461s][info][gc          ] Allocation Stall (pool-1-thread-1) 11.536ms
[18.462s][info][gc          ] Allocation Stall (pool-1-thread-3) 9.404ms
[18.471s][info][gc          ] Allocation Stall (pool-1-thread-1) 2.458ms
[18.471s][info][gc          ] Allocation Stall (pool-1-thread-3) 2.591ms
[18.471s][info][gc          ] Allocation Stall (pool-1-thread-4) 2.735ms
[18.490s][info][gc          ] Allocation Stall (pool-1-thread-1) 0.555ms
[18.493s][info][gc          ] Allocation Stall (pool-1-thread-4) 3.495ms
[18.494s][info][gc          ] Allocation Stall (pool-1-thread-3) 3.679ms
[18.528s][info][gc          ] Allocation Stall (pool-1-thread-1) 3.621ms
[18.532s][info][gc          ] Allocation Stall (pool-1-thread-3) 7.392ms
[18.532s][info][gc          ] Allocation Stall (pool-1-thread-4) 7.641ms
[18.552s][info][gc          ] Allocation Stall (pool-1-thread-3) 4.728ms
[18.553s][info][gc          ] Allocation Stall (pool-1-thread-4) 5.702ms
[18.554s][info][gc          ] Allocation Stall (pool-1-thread-1) 7.141ms
[18.564s][info][gc          ] Relocation Stall (pool-1-thread-2) 102.258ms
[18.564s][info][gc          ] Allocation Stall (pool-1-thread-2) 114.386ms
[18.595s][info][gc,phases   ] GC(100) Concurrent Relocate 136.930ms
[18.595s][info][gc,load     ] GC(100) Load: 1.75/0.64/0.28
[18.595s][info][gc,mmu      ] GC(100) MMU: 2ms/94.8%, 5ms/97.9%, 10ms/98.8%, 20ms/99.4%, 50ms/99.8%, 100ms/99.9%
[18.595s][info][gc,marking  ] GC(100) Mark: 2 stripe(s), 3 proactive flush(es), 1 terminate flush(es), 0 completion(s), 0 continuation(s) 
[18.595s][info][gc,marking  ] GC(100) Mark Stack Usage: 32M
[18.595s][info][gc,nmethod  ] GC(100) NMethods: 437 registered, 0 unregistered
[18.595s][info][gc,metaspace] GC(100) Metaspace: 6M used, 6M committed, 1088M reserved
[18.595s][info][gc,ref      ] GC(100) Soft: 34 encountered, 2 discovered, 0 enqueued
[18.595s][info][gc,ref      ] GC(100) Weak: 179 encountered, 12 discovered, 0 enqueued
[18.595s][info][gc,ref      ] GC(100) Final: 0 encountered, 0 discovered, 0 enqueued
[18.595s][info][gc,ref      ] GC(100) Phantom: 3 encountered, 1 discovered, 0 enqueued
[18.595s][info][gc,reloc    ] GC(100) Small Pages: 141 / 282M, Empty: 2M, Relocated: 87M, In-Place: 0
[18.595s][info][gc,reloc    ] GC(100) Medium Pages: 23 / 736M, Empty: 0M, Relocated: 242M, In-Place: 5
[18.595s][info][gc,reloc    ] GC(100) Large Pages: 0 / 0M, Empty: 0M, Relocated: 0M, In-Place: 0
[18.596s][info][gc,reloc    ] GC(100) Forwarding Usage: 0M
[18.596s][info][gc,heap     ] GC(100) Min Capacity: 1024M(100%)
[18.596s][info][gc,heap     ] GC(100) Max Capacity: 1024M(100%)
[18.596s][info][gc,heap     ] GC(100) Soft Max Capacity: 1024M(100%)
[18.596s][info][gc,heap     ] GC(100)                Mark Start          Mark End        Relocate Start      Relocate End           High               Low         
[18.596s][info][gc,heap     ] GC(100)  Capacity:     1024M (100%)       1024M (100%)       1024M (100%)       1024M (100%)       1024M (100%)       1024M (100%)   
[18.596s][info][gc,heap     ] GC(100)      Free:        6M (1%)            4M (0%)            6M (1%)           30M (3%)          142M (14%)           0M (0%)     
[18.596s][info][gc,heap     ] GC(100)      Used:     1018M (99%)        1020M (100%)       1018M (99%)         994M (97%)        1024M (100%)        882M (86%)    
[18.596s][info][gc,heap     ] GC(100)      Live:         -               355M (35%)         355M (35%)         355M (35%)            -                  -          
[18.596s][info][gc,heap     ] GC(100) Allocated:         -                 2M (0%)            2M (0%)          599M (59%)            -                  -          
[18.596s][info][gc          ] Allocation Stall (pool-1-thread-3) 4.041ms
[18.596s][info][gc,heap     ] GC(100)   Garbage:         -               662M (65%)         660M (64%)          38M (4%)             -                  -          
[18.596s][info][gc,heap     ] GC(100) Reclaimed:         -                  -                 2M (0%)          623M (61%)            -                  -          
[18.596s][info][gc          ] GC(100) Garbage Collection (Allocation Stall) 1018M(99%)->994M(97%)
[18.596s][info][gc          ] Allocation Stall (pool-1-thread-1) 4.013ms
[18.609s][info][gc,start    ] GC(101) Garbage Collection (Allocation Stall)
[18.609s][info][gc,ref      ] GC(101) Clearing All SoftReferences
[18.609s][info][gc,task     ] GC(101) Using 3 workers
[18.609s][info][gc,phases   ] GC(101) Pause Mark Start 0.015ms
[18.614s][info][gc,phases   ] GC(101) Concurrent Mark 4.711ms
[18.614s][info][gc,phases   ] GC(101) Pause Mark End 0.010ms
[18.615s][info][gc,phases   ] GC(101) Concurrent Mark Free 0.001ms
[18.615s][info][gc,phases   ] GC(101) Concurrent Process Non-Strong References 0.535ms
[18.615s][info][gc,phases   ] GC(101) Concurrent Reset Relocation Set 0.008ms
[18.616s][info][gc,phases   ] GC(101) Concurrent Select Relocation Set 1.203ms
[18.616s][info][gc,phases   ] GC(101) Pause Relocate Start 0.004ms
[18.653s][info][gc          ] Relocation Stall (main) 36.654ms
[18.654s][info][gc          ] Relocation Stall (pool-1-thread-3) 32.645ms
[18.654s][info][gc          ] Allocation Stall (pool-1-thread-3) 44.936ms
[18.657s][info][gc          ] Relocation Stall (pool-1-thread-4) 34.896ms
[18.657s][info][gc          ] Allocation Stall (pool-1-thread-4) 47.975ms
[18.661s][info][gc          ] Relocation Stall (pool-1-thread-1) 39.477ms
[18.661s][info][gc          ] Allocation Stall (pool-1-thread-1) 52.562ms
[18.697s][info][gc          ] Relocation Stall (pool-1-thread-2) 70.952ms
[18.698s][info][gc          ] Allocation Stall (pool-1-thread-2) 89.072ms
[18.701s][info][gc,phases   ] GC(101) Concurrent Relocate 84.900ms
[18.702s][info][gc,load     ] GC(101) Load: 1.75/0.64/0.28
[18.702s][info][gc,mmu      ] GC(101) MMU: 2ms/94.8%, 5ms/97.9%, 10ms/98.8%, 20ms/99.4%, 50ms/99.8%, 100ms/99.9%
[18.702s][info][gc,marking  ] GC(101) Mark: 2 stripe(s), 2 proactive flush(es), 1 terminate flush(es), 0 completion(s), 0 continuation(s) 
[18.702s][info][gc,marking  ] GC(101) Mark Stack Usage: 32M
[18.702s][info][gc,nmethod  ] GC(101) NMethods: 437 registered, 0 unregistered
[18.702s][info][gc,metaspace] GC(101) Metaspace: 6M used, 6M committed, 1088M reserved
[18.702s][info][gc,ref      ] GC(101) Soft: 34 encountered, 19 discovered, 0 enqueued
[18.702s][info][gc,ref      ] GC(101) Weak: 179 encountered, 38 discovered, 0 enqueued
[18.702s][info][gc,ref      ] GC(101) Final: 0 encountered, 0 discovered, 0 enqueued
[18.702s][info][gc,ref      ] GC(101) Phantom: 3 encountered, 2 discovered, 0 enqueued
[18.702s][info][gc,reloc    ] GC(101) Small Pages: 144 / 288M, Empty: 0M, Relocated: 96M, In-Place: 0
[18.702s][info][gc,reloc    ] GC(101) Medium Pages: 23 / 736M, Empty: 0M, Relocated: 223M, In-Place: 2
[18.702s][info][gc,reloc    ] GC(101) Large Pages: 0 / 0M, Empty: 0M, Relocated: 0M, In-Place: 0
[18.702s][info][gc,reloc    ] GC(101) Forwarding Usage: 0M
[18.702s][info][gc,heap     ] GC(101) Min Capacity: 1024M(100%)
[18.702s][info][gc,heap     ] GC(101) Max Capacity: 1024M(100%)
[18.702s][info][gc,heap     ] GC(101) Soft Max Capacity: 1024M(100%)
[18.702s][info][gc,heap     ] GC(101)                Mark Start          Mark End        Relocate Start      Relocate End           High               Low         
[18.702s][info][gc,heap     ] GC(101)  Capacity:     1024M (100%)       1024M (100%)       1024M (100%)       1024M (100%)       1024M (100%)       1024M (100%)   
[18.702s][info][gc,heap     ] GC(101)      Free:        0M (0%)            0M (0%)            0M (0%)          402M (39%)         436M (43%)           0M (0%)     
[18.702s][info][gc,heap     ] GC(101)      Used:     1024M (100%)       1024M (100%)       1024M (100%)        622M (61%)        1024M (100%)        588M (57%)    
[18.702s][info][gc,heap     ] GC(101)      Live:         -               352M (34%)         352M (34%)         352M (34%)            -                  -          
[18.702s][info][gc,heap     ] GC(101) Allocated:         -                 0M (0%)            0M (0%)          227M (22%)            -                  -          
[18.702s][info][gc,heap     ] GC(101)   Garbage:         -               671M (66%)         671M (66%)          41M (4%)             -                  -          
[18.702s][info][gc,heap     ] GC(101) Reclaimed:         -                  -                 0M (0%)          629M (62%)            -                  -          
[18.702s][info][gc          ] GC(101) Garbage Collection (Allocation Stall) 1024M(100%)->622M(61%)
[18.741s][info][gc,start    ] GC(102) Garbage Collection (Allocation Stall)
[18.741s][info][gc,ref      ] GC(102) Clearing All SoftReferences
[18.741s][info][gc,task     ] GC(102) Using 3 workers
[18.742s][info][gc,phases   ] GC(102) Pause Mark Start 0.010ms
[18.751s][info][gc,phases   ] GC(102) Concurrent Mark 8.224ms
[18.751s][info][gc,phases   ] GC(102) Pause Mark End 0.010ms
[18.751s][info][gc,phases   ] GC(102) Concurrent Mark Free 0.001ms
[18.751s][info][gc,phases   ] GC(102) Concurrent Process Non-Strong References 0.527ms
[18.751s][info][gc,phases   ] GC(102) Concurrent Reset Relocation Set 0.010ms
[18.753s][info][gc,phases   ] GC(102) Concurrent Select Relocation Set 1.735ms
[18.753s][info][gc,phases   ] GC(102) Pause Relocate Start 0.008ms
[18.762s][info][gc          ] Allocation Stall (pool-1-thread-4) 19.752ms
[18.766s][info][gc          ] Allocation Stall (pool-1-thread-4) 1.264ms
[18.840s][info][gc          ] Relocation Stall (pool-1-thread-1) 83.650ms
[18.840s][info][gc          ] Allocation Stall (pool-1-thread-1) 99.279ms
[18.852s][info][gc          ] Relocation Stall (pool-1-thread-2) 94.538ms
[18.853s][info][gc          ] Allocation Stall (pool-1-thread-2) 111.733ms
[18.854s][info][gc          ] Relocation Stall (pool-1-thread-3) 96.916ms
[18.855s][info][gc          ] Allocation Stall (pool-1-thread-3) 113.871ms
[18.873s][info][gc,phases   ] GC(102) Concurrent Relocate 119.610ms
[18.873s][info][gc,load     ] GC(102) Load: 1.75/0.64/0.28
[18.873s][info][gc,mmu      ] GC(102) MMU: 2ms/94.8%, 5ms/97.9%, 10ms/98.8%, 20ms/99.4%, 50ms/99.8%, 100ms/99.9%
[18.873s][info][gc,marking  ] GC(102) Mark: 2 stripe(s), 3 proactive flush(es), 1 terminate flush(es), 0 completion(s), 0 continuation(s) 
[18.873s][info][gc,marking  ] GC(102) Mark Stack Usage: 32M
[18.873s][info][gc,nmethod  ] GC(102) NMethods: 437 registered, 0 unregistered
[18.873s][info][gc,metaspace] GC(102) Metaspace: 6M used, 6M committed, 1088M reserved
[18.873s][info][gc,ref      ] GC(102) Soft: 34 encountered, 16 discovered, 0 enqueued
[18.873s][info][gc,ref      ] GC(102) Weak: 179 encountered, 5 discovered, 0 enqueued
[18.873s][info][gc,ref      ] GC(102) Final: 0 encountered, 0 discovered, 0 enqueued
[18.873s][info][gc,ref      ] GC(102) Phantom: 3 encountered, 1 discovered, 0 enqueued
[18.873s][info][gc,reloc    ] GC(102) Small Pages: 142 / 284M, Empty: 0M, Relocated: 99M, In-Place: 0
[18.873s][info][gc,reloc    ] GC(102) Medium Pages: 23 / 736M, Empty: 0M, Relocated: 245M, In-Place: 2
[18.873s][info][gc,reloc    ] GC(102) Large Pages: 0 / 0M, Empty: 0M, Relocated: 0M, In-Place: 0
[18.873s][info][gc,reloc    ] GC(102) Forwarding Usage: 0M
[18.873s][info][gc,heap     ] GC(102) Min Capacity: 1024M(100%)
[18.873s][info][gc,heap     ] GC(102) Max Capacity: 1024M(100%)
[18.873s][info][gc,heap     ] GC(102) Soft Max Capacity: 1024M(100%)
[18.873s][info][gc,heap     ] GC(102)                Mark Start          Mark End        Relocate Start      Relocate End           High               Low         
[18.873s][info][gc,heap     ] GC(102)  Capacity:     1024M (100%)       1024M (100%)       1024M (100%)       1024M (100%)       1024M (100%)       1024M (100%)   
[18.873s][info][gc,heap     ] GC(102)      Free:        4M (0%)            2M (0%)            2M (0%)          262M (26%)         332M (32%)           0M (0%)     
[18.873s][info][gc,heap     ] GC(102)      Used:     1020M (100%)       1022M (100%)       1022M (100%)        762M (74%)        1024M (100%)        692M (68%)    
[18.873s][info][gc,heap     ] GC(102)      Live:         -               347M (34%)         347M (34%)         347M (34%)            -                  -          
[18.873s][info][gc,heap     ] GC(102) Allocated:         -                 2M (0%)            2M (0%)          395M (39%)            -                  -          
[18.873s][info][gc,heap     ] GC(102)   Garbage:         -               672M (66%)         672M (66%)          19M (2%)             -                  -          
[18.873s][info][gc,heap     ] GC(102) Reclaimed:         -                  -                 0M (0%)          653M (64%)            -                  -          
[18.873s][info][gc          ] GC(102) Garbage Collection (Allocation Stall) 1020M(100%)->762M(74%)
[18.906s][info][gc,start    ] GC(103) Garbage Collection (Allocation Stall)
[18.906s][info][gc,ref      ] GC(103) Clearing All SoftReferences
[18.906s][info][gc,task     ] GC(103) Using 3 workers
[18.906s][info][gc,phases   ] GC(103) Pause Mark Start 0.007ms
[18.911s][info][gc,phases   ] GC(103) Concurrent Mark 4.585ms
[18.911s][info][gc,phases   ] GC(103) Pause Mark End 0.010ms
[18.911s][info][gc,phases   ] GC(103) Concurrent Mark Free 0.001ms
[18.912s][info][gc,phases   ] GC(103) Concurrent Process Non-Strong References 0.599ms
[18.912s][info][gc,phases   ] GC(103) Concurrent Reset Relocation Set 0.008ms
[18.913s][info][gc          ] Allocation Stall (pool-1-thread-4) 7.826ms
[18.913s][info][gc,phases   ] GC(103) Concurrent Select Relocation Set 1.694ms
[18.914s][info][gc,phases   ] GC(103) Pause Relocate Start 0.006ms
[18.916s][info][gc          ] Allocation Stall (pool-1-thread-2) 10.019ms
[18.916s][info][gc          ] Allocation Stall (pool-1-thread-3) 10.378ms
[18.916s][info][gc          ] Allocation Stall (pool-1-thread-1) 9.966ms
[18.918s][info][gc          ] Allocation Stall (pool-1-thread-4) 4.852ms
[18.918s][info][gc          ] Allocation Stall (pool-1-thread-2) 1.794ms
[18.920s][info][gc          ] Allocation Stall (pool-1-thread-3) 3.079ms
[18.920s][info][gc          ] Allocation Stall (pool-1-thread-1) 3.306ms
[18.948s][info][gc          ] Allocation Stall (pool-1-thread-3) 1.965ms
[18.950s][info][gc          ] Allocation Stall (pool-1-thread-4) 3.593ms
[18.950s][info][gc          ] Allocation Stall (pool-1-thread-1) 4.130ms
[18.950s][info][gc          ] Allocation Stall (pool-1-thread-2) 4.309ms
[18.966s][info][gc          ] Allocation Stall (pool-1-thread-2) 1.836ms
[18.966s][info][gc          ] Allocation Stall (pool-1-thread-1) 3.108ms
[18.966s][info][gc          ] Allocation Stall (pool-1-thread-4) 3.310ms
[18.966s][info][gc          ] Allocation Stall (pool-1-thread-3) 3.781ms
[18.980s][info][gc          ] Allocation Stall (pool-1-thread-1) 4.179ms
[18.989s][info][gc          ] Allocation Stall (pool-1-thread-3) 13.380ms
[18.989s][info][gc          ] Allocation Stall (pool-1-thread-4) 13.686ms
[18.990s][info][gc          ] Allocation Stall (pool-1-thread-2) 13.597ms
[19.004s][info][gc          ] Allocation Stall (pool-1-thread-2) 4.424ms
[19.013s][info][gc          ] Relocation Stall (main) 98.983ms
[19.015s][info][gc          ] Allocation Stall (pool-1-thread-4) 15.663ms
[19.016s][info][gc          ] Allocation Stall (pool-1-thread-3) 16.522ms
[19.018s][info][gc          ] Allocation Stall (pool-1-thread-1) 18.699ms
[19.019s][info][gc          ] Allocation Stall (pool-1-thread-2) 3.514ms
[19.052s][info][gc          ] Allocation Stall (pool-1-thread-3) 4.879ms
[19.052s][info][gc          ] Allocation Stall (pool-1-thread-4) 5.168ms
[19.056s][info][gc,phases   ] GC(103) Concurrent Relocate 142.127ms
[19.056s][info][gc,load     ] GC(103) Load: 1.75/0.64/0.28
[19.056s][info][gc,mmu      ] GC(103) MMU: 2ms/94.8%, 5ms/97.9%, 10ms/98.8%, 20ms/99.4%, 50ms/99.8%, 100ms/99.9%
[19.056s][info][gc,marking  ] GC(103) Mark: 2 stripe(s), 3 proactive flush(es), 1 terminate flush(es), 0 completion(s), 0 continuation(s) 
[19.056s][info][gc,marking  ] GC(103) Mark Stack Usage: 32M
[19.056s][info][gc,nmethod  ] GC(103) NMethods: 437 registered, 0 unregistered
[19.056s][info][gc,metaspace] GC(103) Metaspace: 6M used, 6M committed, 1088M reserved
[19.056s][info][gc,ref      ] GC(103) Soft: 34 encountered, 13 discovered, 0 enqueued
[19.056s][info][gc,ref      ] GC(103) Weak: 179 encountered, 46 discovered, 0 enqueued
[19.056s][info][gc,ref      ] GC(103) Final: 0 encountered, 0 discovered, 0 enqueued
[19.056s][info][gc,ref      ] GC(103) Phantom: 3 encountered, 1 discovered, 0 enqueued
[19.056s][info][gc,reloc    ] GC(103) Small Pages: 144 / 288M, Empty: 2M, Relocated: 97M, In-Place: 1
[19.056s][info][gc,reloc    ] GC(103) Medium Pages: 23 / 736M, Empty: 0M, Relocated: 249M, In-Place: 6
[19.056s][info][gc,reloc    ] GC(103) Large Pages: 0 / 0M, Empty: 0M, Relocated: 0M, In-Place: 0
[19.056s][info][gc,reloc    ] GC(103) Forwarding Usage: 0M
[19.056s][info][gc,heap     ] GC(103) Min Capacity: 1024M(100%)
[19.056s][info][gc,heap     ] GC(103) Max Capacity: 1024M(100%)
[19.056s][info][gc,heap     ] GC(103) Soft Max Capacity: 1024M(100%)
[19.056s][info][gc,heap     ] GC(103)                Mark Start          Mark End        Relocate Start      Relocate End           High               Low         
[19.056s][info][gc,heap     ] GC(103)  Capacity:     1024M (100%)       1024M (100%)       1024M (100%)       1024M (100%)       1024M (100%)       1024M (100%)   
[19.056s][info][gc,heap     ] GC(103)      Free:        0M (0%)            0M (0%)            0M (0%)           74M (7%)           96M (9%)            0M (0%)     
[19.056s][info][gc,heap     ] GC(103)      Used:     1024M (100%)       1024M (100%)       1024M (100%)        950M (93%)        1024M (100%)        928M (91%)    
[19.056s][info][gc,heap     ] GC(103)      Live:         -               349M (34%)         349M (34%)         349M (34%)            -                  -          
[19.056s][info][gc,heap     ] GC(103) Allocated:         -                 0M (0%)            2M (0%)          585M (57%)            -                  -          
[19.056s][info][gc,heap     ] GC(103)   Garbage:         -               674M (66%)         672M (66%)          14M (1%)             -                  -          
[19.056s][info][gc,heap     ] GC(103) Reclaimed:         -                  -                 2M (0%)          659M (64%)            -                  -          
[19.056s][info][gc          ] GC(103) Garbage Collection (Allocation Stall) 1024M(100%)->950M(93%)
[19.065s][info][gc,start    ] GC(104) Garbage Collection (Allocation Stall)
[19.065s][info][gc,ref      ] GC(104) Clearing All SoftReferences
[19.065s][info][gc,task     ] GC(104) Using 3 workers
[19.066s][info][gc,phases   ] GC(104) Pause Mark Start 0.015ms
[19.072s][info][gc,phases   ] GC(104) Concurrent Mark 5.675ms
[19.072s][info][gc,phases   ] GC(104) Pause Mark End 0.009ms
[19.072s][info][gc,phases   ] GC(104) Concurrent Mark Free 0.001ms
[19.072s][info][gc,phases   ] GC(104) Concurrent Process Non-Strong References 0.583ms
[19.072s][info][gc,phases   ] GC(104) Concurrent Reset Relocation Set 0.006ms
[19.074s][info][gc,phases   ] GC(104) Concurrent Select Relocation Set 1.262ms
[19.074s][info][gc,phases   ] GC(104) Pause Relocate Start 0.005ms
[19.079s][info][gc          ] Allocation Stall (pool-1-thread-4) 12.564ms
[19.079s][info][gc          ] Allocation Stall (pool-1-thread-2) 13.068ms
[19.079s][info][gc          ] Allocation Stall (pool-1-thread-3) 12.998ms
[19.079s][info][gc          ] Allocation Stall (pool-1-thread-1) 13.174ms
[19.125s][info][gc          ] Allocation Stall (pool-1-thread-1) 2.991ms
[19.134s][info][gc          ] Allocation Stall (pool-1-thread-4) 11.678ms
[19.134s][info][gc          ] Allocation Stall (pool-1-thread-3) 12.130ms
[19.135s][info][gc          ] Allocation Stall (pool-1-thread-2) 12.492ms
[19.152s][info][gc          ] Allocation Stall (pool-1-thread-3) 6.110ms
[19.152s][info][gc          ] Allocation Stall (pool-1-thread-4) 5.336ms
[19.152s][info][gc          ] Allocation Stall (pool-1-thread-1) 4.571ms
[19.152s][info][gc          ] Allocation Stall (pool-1-thread-2) 5.036ms
[19.161s][info][gc          ] Allocation Stall (pool-1-thread-1) 2.578ms
[19.174s][info][gc          ] Allocation Stall (pool-1-thread-3) 15.813ms
[19.175s][info][gc          ] Allocation Stall (pool-1-thread-2) 16.565ms
[19.175s][info][gc          ] Allocation Stall (pool-1-thread-4) 16.695ms
[19.175s][info][gc          ] Allocation Stall (pool-1-thread-1) 1.084ms
[19.175s][info][gc          ] Allocation Stall (pool-1-thread-3) 0.068ms
[19.209s][info][gc          ] Allocation Stall (pool-1-thread-3) 3.550ms
[19.210s][info][gc          ] Allocation Stall (pool-1-thread-4) 4.168ms
[19.214s][info][gc,phases   ] GC(104) Concurrent Relocate 140.253ms
[19.214s][info][gc,load     ] GC(104) Load: 1.75/0.64/0.28
[19.214s][info][gc,mmu      ] GC(104) MMU: 2ms/94.8%, 5ms/97.9%, 10ms/98.8%, 20ms/99.4%, 50ms/99.8%, 100ms/99.9%
[19.214s][info][gc,marking  ] GC(104) Mark: 2 stripe(s), 4 proactive flush(es), 1 terminate flush(es), 0 completion(s), 0 continuation(s) 
[19.214s][info][gc,marking  ] GC(104) Mark Stack Usage: 32M
[19.214s][info][gc,nmethod  ] GC(104) NMethods: 437 registered, 0 unregistered
[19.214s][info][gc,metaspace] GC(104) Metaspace: 6M used, 6M committed, 1088M reserved
[19.214s][info][gc,ref      ] GC(104) Soft: 34 encountered, 17 discovered, 0 enqueued
[19.214s][info][gc,ref      ] GC(104) Weak: 179 encountered, 4 discovered, 0 enqueued
[19.214s][info][gc,ref      ] GC(104) Final: 0 encountered, 0 discovered, 0 enqueued
[19.214s][info][gc,ref      ] GC(104) Phantom: 3 encountered, 2 discovered, 0 enqueued
[19.214s][info][gc,reloc    ] GC(104) Small Pages: 147 / 294M, Empty: 2M, Relocated: 102M, In-Place: 1
[19.214s][info][gc,reloc    ] GC(104) Medium Pages: 22 / 704M, Empty: 0M, Relocated: 242M, In-Place: 6
[19.214s][info][gc,reloc    ] GC(104) Large Pages: 0 / 0M, Empty: 0M, Relocated: 0M, In-Place: 0
[19.214s][info][gc,reloc    ] GC(104) Forwarding Usage: 0M
[19.214s][info][gc,heap     ] GC(104) Min Capacity: 1024M(100%)
[19.214s][info][gc,heap     ] GC(104) Max Capacity: 1024M(100%)
[19.214s][info][gc,heap     ] GC(104) Soft Max Capacity: 1024M(100%)
[19.214s][info][gc,heap     ] GC(104)                Mark Start          Mark End        Relocate Start      Relocate End           High               Low         
[19.214s][info][gc,heap     ] GC(104)  Capacity:     1024M (100%)       1024M (100%)       1024M (100%)       1024M (100%)       1024M (100%)       1024M (100%)   
[19.214s][info][gc,heap     ] GC(104)      Free:       26M (3%)           22M (2%)           24M (2%)           82M (8%)          106M (10%)           0M (0%)     
[19.214s][info][gc,heap     ] GC(104)      Used:      998M (97%)        1002M (98%)        1000M (98%)         942M (92%)        1024M (100%)        918M (90%)    
[19.214s][info][gc,heap     ] GC(104)      Live:         -               345M (34%)         345M (34%)         345M (34%)            -                  -          
[19.214s][info][gc,heap     ] GC(104) Allocated:         -                 4M (0%)            4M (0%)          577M (56%)            -                  -          
[19.214s][info][gc,heap     ] GC(104)   Garbage:         -               652M (64%)         650M (64%)          18M (2%)             -                  -          
[19.214s][info][gc,heap     ] GC(104) Reclaimed:         -                  -                 2M (0%)          633M (62%)            -                  -          
[19.214s][info][gc          ] GC(104) Garbage Collection (Allocation Stall) 998M(97%)->942M(92%)
[19.230s][info][gc,start    ] GC(105) Garbage Collection (Allocation Stall)
[19.230s][info][gc,ref      ] GC(105) Clearing All SoftReferences
[19.230s][info][gc,task     ] GC(105) Using 3 workers
[19.230s][info][gc,phases   ] GC(105) Pause Mark Start 0.016ms
[19.236s][info][gc,phases   ] GC(105) Concurrent Mark 6.268ms
[19.236s][info][gc,phases   ] GC(105) Pause Mark End 0.010ms
[19.237s][info][gc,phases   ] GC(105) Concurrent Mark Free 0.001ms
[19.237s][info][gc,phases   ] GC(105) Concurrent Process Non-Strong References 0.548ms
[19.237s][info][gc,phases   ] GC(105) Concurrent Reset Relocation Set 0.007ms
[19.238s][info][gc,phases   ] GC(105) Concurrent Select Relocation Set 1.278ms
[19.239s][info][gc,phases   ] GC(105) Pause Relocate Start 0.004ms
[19.243s][info][gc          ] Allocation Stall (pool-1-thread-2) 13.232ms
[19.244s][info][gc          ] Allocation Stall (pool-1-thread-1) 14.175ms
[19.244s][info][gc          ] Allocation Stall (pool-1-thread-3) 14.212ms
[19.244s][info][gc          ] Allocation Stall (pool-1-thread-4) 14.465ms
[19.271s][info][gc          ] Allocation Stall (pool-1-thread-3) 2.114ms
[19.272s][info][gc          ] Allocation Stall (pool-1-thread-2) 2.635ms
[19.272s][info][gc          ] Allocation Stall (pool-1-thread-1) 2.716ms
[19.272s][info][gc          ] Allocation Stall (pool-1-thread-4) 2.876ms
[19.285s][info][gc          ] Allocation Stall (pool-1-thread-1) 4.504ms
[19.285s][info][gc          ] Allocation Stall (pool-1-thread-4) 4.730ms
[19.285s][info][gc          ] Allocation Stall (pool-1-thread-2) 5.001ms
[19.286s][info][gc          ] Allocation Stall (pool-1-thread-3) 5.173ms
[19.304s][info][gc          ] Allocation Stall (pool-1-thread-1) 2.961ms
[19.304s][info][gc          ] Allocation Stall (pool-1-thread-4) 3.400ms
[19.304s][info][gc          ] Allocation Stall (pool-1-thread-2) 3.503ms
[19.305s][info][gc          ] Allocation Stall (pool-1-thread-3) 3.494ms
[19.327s][info][gc          ] Allocation Stall (pool-1-thread-1) 10.080ms
[19.330s][info][gc          ] Allocation Stall (pool-1-thread-2) 12.815ms
[19.333s][info][gc          ] Allocation Stall (pool-1-thread-4) 15.614ms
[19.333s][info][gc          ] Allocation Stall (pool-1-thread-3) 15.787ms
[19.373s][info][gc          ] Allocation Stall (pool-1-thread-3) 2.353ms
[19.375s][info][gc          ] Allocation Stall (pool-1-thread-2) 4.419ms
[19.376s][info][gc,phases   ] GC(105) Concurrent Relocate 136.885ms
[19.376s][info][gc,load     ] GC(105) Load: 1.75/0.64/0.28
[19.376s][info][gc,mmu      ] GC(105) MMU: 2ms/94.8%, 5ms/97.9%, 10ms/98.8%, 20ms/99.4%, 50ms/99.8%, 100ms/99.9%
[19.376s][info][gc,marking  ] GC(105) Mark: 2 stripe(s), 4 proactive flush(es), 1 terminate flush(es), 0 completion(s), 0 continuation(s) 
[19.376s][info][gc,marking  ] GC(105) Mark Stack Usage: 32M
[19.376s][info][gc,nmethod  ] GC(105) NMethods: 437 registered, 0 unregistered
[19.376s][info][gc,metaspace] GC(105) Metaspace: 6M used, 6M committed, 1088M reserved
[19.376s][info][gc,ref      ] GC(105) Soft: 34 encountered, 11 discovered, 0 enqueued
[19.376s][info][gc,ref      ] GC(105) Weak: 179 encountered, 63 discovered, 0 enqueued
[19.376s][info][gc,ref      ] GC(105) Final: 0 encountered, 0 discovered, 0 enqueued
[19.376s][info][gc,ref      ] GC(105) Phantom: 3 encountered, 2 discovered, 0 enqueued
[19.376s][info][gc,reloc    ] GC(105) Small Pages: 149 / 298M, Empty: 4M, Relocated: 97M, In-Place: 0
[19.376s][info][gc,reloc    ] GC(105) Medium Pages: 22 / 704M, Empty: 0M, Relocated: 250M, In-Place: 4
[19.376s][info][gc,reloc    ] GC(105) Large Pages: 0 / 0M, Empty: 0M, Relocated: 0M, In-Place: 0
[19.376s][info][gc,reloc    ] GC(105) Forwarding Usage: 0M
[19.376s][info][gc,heap     ] GC(105) Min Capacity: 1024M(100%)
[19.376s][info][gc,heap     ] GC(105) Max Capacity: 1024M(100%)
[19.376s][info][gc,heap     ] GC(105) Soft Max Capacity: 1024M(100%)
[19.376s][info][gc,heap     ] GC(105)                Mark Start          Mark End        Relocate Start      Relocate End           High               Low         
[19.376s][info][gc,heap     ] GC(105)  Capacity:     1024M (100%)       1024M (100%)       1024M (100%)       1024M (100%)       1024M (100%)       1024M (100%)   
[19.376s][info][gc,heap     ] GC(105)      Free:       22M (2%)           22M (2%)           26M (3%)           44M (4%)          148M (14%)           0M (0%)     
[19.376s][info][gc,heap     ] GC(105)      Used:     1002M (98%)        1002M (98%)         998M (97%)         980M (96%)        1024M (100%)        876M (86%)    
[19.376s][info][gc,heap     ] GC(105)      Live:         -               350M (34%)         350M (34%)         350M (34%)            -                  -          
[19.376s][info][gc,heap     ] GC(105) Allocated:         -                 0M (0%)            0M (0%)          617M (60%)            -                  -          
[19.376s][info][gc,heap     ] GC(105)   Garbage:         -               651M (64%)         647M (63%)          11M (1%)             -                  -          
[19.376s][info][gc,heap     ] GC(105) Reclaimed:         -                  -                 4M (0%)          639M (62%)            -                  -          
[19.376s][info][gc          ] GC(105) Garbage Collection (Allocation Stall) 1002M(98%)->980M(96%)
[19.396s][info][gc,start    ] GC(106) Garbage Collection (Allocation Stall)
[19.396s][info][gc,ref      ] GC(106) Clearing All SoftReferences
[19.396s][info][gc,task     ] GC(106) Using 3 workers
[19.396s][info][gc,phases   ] GC(106) Pause Mark Start 0.008ms
[19.400s][info][gc,phases   ] GC(106) Concurrent Mark 3.641ms
[19.400s][info][gc,phases   ] GC(106) Pause Mark End 0.009ms
[19.400s][info][gc,phases   ] GC(106) Concurrent Mark Free 0.001ms
[19.401s][info][gc,phases   ] GC(106) Concurrent Process Non-Strong References 0.593ms
[19.401s][info][gc,phases   ] GC(106) Concurrent Reset Relocation Set 0.008ms
[19.402s][info][gc,phases   ] GC(106) Concurrent Select Relocation Set 1.409ms
[19.403s][info][gc,phases   ] GC(106) Pause Relocate Start 0.007ms
[19.407s][info][gc          ] Allocation Stall (pool-1-thread-4) 11.445ms
[19.407s][info][gc          ] Allocation Stall (pool-1-thread-3) 11.463ms
[19.407s][info][gc          ] Allocation Stall (pool-1-thread-1) 11.490ms
[19.408s][info][gc          ] Allocation Stall (pool-1-thread-2) 11.863ms
[19.435s][info][gc          ] Allocation Stall (pool-1-thread-2) 0.721ms
[19.437s][info][gc          ] Allocation Stall (pool-1-thread-1) 2.905ms
[19.438s][info][gc          ] Allocation Stall (pool-1-thread-4) 3.212ms
[19.438s][info][gc          ] Allocation Stall (pool-1-thread-3) 3.168ms
[19.448s][info][gc          ] Allocation Stall (pool-1-thread-4) 2.827ms
[19.451s][info][gc          ] Allocation Stall (pool-1-thread-3) 5.489ms
[19.451s][info][gc          ] Allocation Stall (pool-1-thread-1) 5.680ms
[19.451s][info][gc          ] Allocation Stall (pool-1-thread-2) 5.849ms
[19.468s][info][gc          ] Allocation Stall (pool-1-thread-3) 2.355ms
[19.472s][info][gc          ] Allocation Stall (pool-1-thread-4) 6.092ms
[19.472s][info][gc          ] Allocation Stall (pool-1-thread-1) 6.406ms
[19.472s][info][gc          ] Allocation Stall (pool-1-thread-2) 6.449ms
[19.472s][info][gc          ] Allocation Stall (pool-1-thread-3) 0.464ms
[19.485s][info][gc          ] Allocation Stall (pool-1-thread-2) 7.321ms
[19.485s][info][gc          ] Allocation Stall (pool-1-thread-1) 7.457ms
[19.485s][info][gc          ] Allocation Stall (pool-1-thread-3) 7.452ms
[19.485s][info][gc          ] Allocation Stall (pool-1-thread-4) 7.427ms
[19.532s][info][gc          ] Allocation Stall (pool-1-thread-1) 3.689ms
[19.533s][info][gc,phases   ] GC(106) Concurrent Relocate 130.129ms
[19.533s][info][gc,load     ] GC(106) Load: 1.75/0.64/0.28
[19.533s][info][gc,mmu      ] GC(106) MMU: 2ms/94.8%, 5ms/97.9%, 10ms/98.8%, 20ms/99.4%, 50ms/99.8%, 100ms/99.9%
[19.533s][info][gc,marking  ] GC(106) Mark: 2 stripe(s), 2 proactive flush(es), 1 terminate flush(es), 0 completion(s), 0 continuation(s) 
[19.533s][info][gc,marking  ] GC(106) Mark Stack Usage: 32M
[19.533s][info][gc,nmethod  ] GC(106) NMethods: 437 registered, 0 unregistered
[19.533s][info][gc,metaspace] GC(106) Metaspace: 6M used, 6M committed, 1088M reserved
[19.533s][info][gc,ref      ] GC(106) Soft: 34 encountered, 9 discovered, 0 enqueued
[19.533s][info][gc,ref      ] GC(106) Weak: 179 encountered, 35 discovered, 0 enqueued
[19.533s][info][gc,ref      ] GC(106) Final: 0 encountered, 0 discovered, 0 enqueued
[19.533s][info][gc,ref      ] GC(106) Phantom: 3 encountered, 2 discovered, 0 enqueued
[19.533s][info][gc,reloc    ] GC(106) Small Pages: 149 / 298M, Empty: 2M, Relocated: 92M, In-Place: 0
[19.533s][info][gc,reloc    ] GC(106) Medium Pages: 22 / 704M, Empty: 0M, Relocated: 221M, In-Place: 4
[19.533s][info][gc,reloc    ] GC(106) Large Pages: 0 / 0M, Empty: 0M, Relocated: 0M, In-Place: 0
[19.533s][info][gc,reloc    ] GC(106) Forwarding Usage: 0M
[19.533s][info][gc,heap     ] GC(106) Min Capacity: 1024M(100%)
[19.533s][info][gc,heap     ] GC(106) Max Capacity: 1024M(100%)
[19.533s][info][gc,heap     ] GC(106) Soft Max Capacity: 1024M(100%)
[19.533s][info][gc,heap     ] GC(106)                Mark Start          Mark End        Relocate Start      Relocate End           High               Low         
[19.533s][info][gc,heap     ] GC(106)  Capacity:     1024M (100%)       1024M (100%)       1024M (100%)       1024M (100%)       1024M (100%)       1024M (100%)   
[19.533s][info][gc,heap     ] GC(106)      Free:       22M (2%)           22M (2%)           24M (2%)           94M (9%)          120M (12%)           0M (0%)     
[19.533s][info][gc,heap     ] GC(106)      Used:     1002M (98%)        1002M (98%)        1000M (98%)         930M (91%)        1024M (100%)        904M (88%)    
[19.533s][info][gc,heap     ] GC(106)      Live:         -               352M (34%)         352M (34%)         352M (34%)            -                  -          
[19.533s][info][gc,heap     ] GC(106) Allocated:         -                 0M (0%)            0M (0%)          533M (52%)            -                  -          
[19.533s][info][gc,heap     ] GC(106)   Garbage:         -               649M (63%)         647M (63%)          43M (4%)             -                  -          
[19.533s][info][gc,heap     ] GC(106) Reclaimed:         -                  -                 2M (0%)          605M (59%)            -                  -          
[19.533s][info][gc          ] GC(106) Garbage Collection (Allocation Stall) 1002M(98%)->930M(91%)
[19.552s][info][gc,start    ] GC(107) Garbage Collection (Allocation Stall)
[19.552s][info][gc,ref      ] GC(107) Clearing All SoftReferences
[19.552s][info][gc,task     ] GC(107) Using 3 workers
[19.552s][info][gc,phases   ] GC(107) Pause Mark Start 0.023ms
[19.559s][info][gc,phases   ] GC(107) Concurrent Mark 6.320ms
[19.559s][info][gc,phases   ] GC(107) Pause Mark End 0.009ms
[19.559s][info][gc,phases   ] GC(107) Concurrent Mark Free 0.001ms
[19.559s][info][gc,phases   ] GC(107) Concurrent Process Non-Strong References 0.560ms
[19.559s][info][gc,phases   ] GC(107) Concurrent Reset Relocation Set 0.008ms
[19.561s][info][gc,phases   ] GC(107) Concurrent Select Relocation Set 1.292ms
[19.561s][info][gc,phases   ] GC(107) Pause Relocate Start 0.006ms
[19.566s][info][gc          ] Allocation Stall (pool-1-thread-3) 13.938ms
[19.566s][info][gc          ] Allocation Stall (pool-1-thread-2) 14.939ms
[19.566s][info][gc          ] Allocation Stall (pool-1-thread-1) 14.504ms
[19.566s][info][gc          ] Allocation Stall (pool-1-thread-4) 14.047ms
[19.583s][info][gc          ] Allocation Stall (pool-1-thread-2) 1.989ms
[19.584s][info][gc          ] Allocation Stall (pool-1-thread-1) 3.089ms
[19.585s][info][gc          ] Allocation Stall (pool-1-thread-4) 3.322ms
[19.585s][info][gc          ] Allocation Stall (pool-1-thread-3) 3.654ms
[19.585s][info][gc          ] Allocation Stall (pool-1-thread-2) 1.247ms
[19.594s][info][gc          ] Allocation Stall (pool-1-thread-2) 1.759ms
[19.598s][info][gc          ] Allocation Stall (pool-1-thread-4) 5.646ms
[19.598s][info][gc          ] Allocation Stall (pool-1-thread-3) 5.999ms
[19.598s][info][gc          ] Allocation Stall (pool-1-thread-1) 6.204ms
[19.618s][info][gc          ] Allocation Stall (pool-1-thread-4) 5.193ms
[19.621s][info][gc          ] Allocation Stall (pool-1-thread-3) 8.095ms
[19.622s][info][gc          ] Allocation Stall (pool-1-thread-1) 8.456ms
[19.622s][info][gc          ] Allocation Stall (pool-1-thread-2) 8.518ms
[19.642s][info][gc          ] Allocation Stall (pool-1-thread-3) 3.770ms
[19.643s][info][gc          ] Allocation Stall (pool-1-thread-2) 5.454ms
[19.644s][info][gc          ] Allocation Stall (pool-1-thread-1) 6.078ms
[19.647s][info][gc          ] Allocation Stall (pool-1-thread-4) 8.792ms
[19.647s][info][gc          ] Allocation Stall (pool-1-thread-3) 0.319ms
[19.659s][info][gc          ] Allocation Stall (pool-1-thread-1) 6.702ms
[19.661s][info][gc          ] Allocation Stall (pool-1-thread-2) 8.750ms
[19.661s][info][gc          ] Relocation Stall (main) 100.000ms
[19.661s][info][gc          ] Allocation Stall (pool-1-thread-4) 9.201ms
[19.662s][info][gc          ] Allocation Stall (pool-1-thread-3) 9.355ms
[19.671s][info][gc          ] Allocation Stall (pool-1-thread-2) 3.260ms
[19.672s][info][gc          ] Allocation Stall (pool-1-thread-4) 3.787ms
[19.676s][info][gc          ] Allocation Stall (pool-1-thread-3) 8.218ms
[19.677s][info][gc          ] Allocation Stall (pool-1-thread-1) 7.840ms
[19.719s][info][gc,phases   ] GC(107) Concurrent Relocate 157.913ms
[19.719s][info][gc,load     ] GC(107) Load: 1.75/0.64/0.28
[19.719s][info][gc,mmu      ] GC(107) MMU: 2ms/94.8%, 5ms/97.9%, 10ms/98.8%, 20ms/99.4%, 50ms/99.8%, 100ms/99.9%
[19.719s][info][gc,marking  ] GC(107) Mark: 2 stripe(s), 2 proactive flush(es), 1 terminate flush(es), 0 completion(s), 0 continuation(s) 
[19.719s][info][gc,marking  ] GC(107) Mark Stack Usage: 32M
[19.719s][info][gc,nmethod  ] GC(107) NMethods: 437 registered, 0 unregistered
[19.719s][info][gc,metaspace] GC(107) Metaspace: 6M used, 6M committed, 1088M reserved
[19.719s][info][gc,ref      ] GC(107) Soft: 34 encountered, 14 discovered, 0 enqueued
[19.719s][info][gc,ref      ] GC(107) Weak: 179 encountered, 42 discovered, 0 enqueued
[19.719s][info][gc,ref      ] GC(107) Final: 0 encountered, 0 discovered, 0 enqueued
[19.719s][info][gc,ref      ] GC(107) Phantom: 3 encountered, 2 discovered, 0 enqueued
[19.719s][info][gc,reloc    ] GC(107) Small Pages: 144 / 288M, Empty: 0M, Relocated: 97M, In-Place: 0
[19.719s][info][gc,reloc    ] GC(107) Medium Pages: 23 / 736M, Empty: 0M, Relocated: 246M, In-Place: 7
[19.719s][info][gc,reloc    ] GC(107) Large Pages: 0 / 0M, Empty: 0M, Relocated: 0M, In-Place: 0
[19.719s][info][gc,reloc    ] GC(107) Forwarding Usage: 0M
[19.719s][info][gc,heap     ] GC(107) Min Capacity: 1024M(100%)
[19.719s][info][gc,heap     ] GC(107) Max Capacity: 1024M(100%)
[19.719s][info][gc,heap     ] GC(107) Soft Max Capacity: 1024M(100%)
[19.719s][info][gc,heap     ] GC(107)                Mark Start          Mark End        Relocate Start      Relocate End           High               Low         
[19.719s][info][gc,heap     ] GC(107)  Capacity:     1024M (100%)       1024M (100%)       1024M (100%)       1024M (100%)       1024M (100%)       1024M (100%)   
[19.719s][info][gc,heap     ] GC(107)      Free:        0M (0%)            0M (0%)            0M (0%)           76M (7%)          132M (13%)           0M (0%)     
[19.720s][info][gc,heap     ] GC(107)      Used:     1024M (100%)       1024M (100%)       1024M (100%)        948M (93%)        1024M (100%)        892M (87%)    
[19.720s][info][gc,heap     ] GC(107)      Live:         -               348M (34%)         348M (34%)         348M (34%)            -                  -          
[19.720s][info][gc,heap     ] GC(107) Allocated:         -                 0M (0%)            0M (0%)          583M (57%)            -                  -          
[19.720s][info][gc,heap     ] GC(107)   Garbage:         -               675M (66%)         675M (66%)          15M (2%)             -                  -          
[19.720s][info][gc,heap     ] GC(107) Reclaimed:         -                  -                 0M (0%)          659M (64%)            -                  -          
[19.720s][info][gc          ] GC(107) Garbage Collection (Allocation Stall) 1024M(100%)->948M(93%)
[19.720s][info][gc,start    ] GC(108) Garbage Collection (Allocation Stall)
[19.720s][info][gc,ref      ] GC(108) Clearing All SoftReferences
[19.720s][info][gc,task     ] GC(108) Using 3 workers
[19.722s][info][gc,phases   ] GC(108) Pause Mark Start 0.023ms
[19.722s][info][gc          ] Allocation Stall (pool-1-thread-4) 2.708ms
[19.732s][info][gc,phases   ] GC(108) Concurrent Mark 10.240ms
[19.733s][info][gc,phases   ] GC(108) Pause Mark End 0.011ms
[19.733s][info][gc,phases   ] GC(108) Concurrent Mark Free 0.001ms
[19.733s][info][gc,phases   ] GC(108) Concurrent Process Non-Strong References 0.517ms
[19.733s][info][gc,phases   ] GC(108) Concurrent Reset Relocation Set 0.009ms
[19.735s][info][gc,phases   ] GC(108) Concurrent Select Relocation Set 1.345ms
[19.735s][info][gc,phases   ] GC(108) Pause Relocate Start 0.004ms
[19.740s][info][gc          ] Allocation Stall (pool-1-thread-1) 8.454ms
[19.740s][info][gc          ] Allocation Stall (pool-1-thread-3) 9.345ms
[19.740s][info][gc          ] Allocation Stall (pool-1-thread-4) 7.954ms
[19.746s][info][gc          ] Allocation Stall (pool-1-thread-3) 2.326ms
[19.747s][info][gc          ] Allocation Stall (pool-1-thread-1) 3.059ms
[19.747s][info][gc          ] Allocation Stall (pool-1-thread-4) 3.262ms
[19.794s][info][gc          ] Allocation Stall (pool-1-thread-1) 3.917ms
[19.794s][info][gc          ] Allocation Stall (pool-1-thread-3) 2.771ms
[19.794s][info][gc          ] Allocation Stall (pool-1-thread-4) 2.697ms
[19.803s][info][gc          ] Allocation Stall (pool-1-thread-4) 0.956ms
[19.810s][info][gc          ] Allocation Stall (pool-1-thread-1) 8.660ms
[19.811s][info][gc          ] Allocation Stall (pool-1-thread-3) 8.908ms
[19.819s][info][gc          ] Allocation Stall (pool-1-thread-1) 1.614ms
[19.827s][info][gc          ] Allocation Stall (pool-1-thread-1) 2.431ms
[19.829s][info][gc          ] Relocation Stall (pool-1-thread-2) 89.802ms
[19.829s][info][gc          ] Allocation Stall (pool-1-thread-2) 109.603ms
[19.829s][info][gc          ] Allocation Stall (pool-1-thread-4) 4.795ms
[19.830s][info][gc          ] Allocation Stall (pool-1-thread-3) 4.944ms
[19.836s][info][gc          ] Relocation Stall (main) 100.808ms
[19.873s][info][gc          ] Allocation Stall (pool-1-thread-4) 5.411ms
[19.875s][info][gc          ] Allocation Stall (pool-1-thread-1) 7.105ms
[19.877s][info][gc,phases   ] GC(108) Concurrent Relocate 141.848ms
[19.877s][info][gc,load     ] GC(108) Load: 1.75/0.64/0.28
[19.877s][info][gc,mmu      ] GC(108) MMU: 2ms/94.8%, 5ms/97.9%, 10ms/98.8%, 20ms/99.4%, 50ms/99.8%, 100ms/99.9%
[19.877s][info][gc,marking  ] GC(108) Mark: 2 stripe(s), 7 proactive flush(es), 1 terminate flush(es), 0 completion(s), 0 continuation(s) 
[19.877s][info][gc,marking  ] GC(108) Mark Stack Usage: 32M
[19.877s][info][gc,nmethod  ] GC(108) NMethods: 437 registered, 0 unregistered
[19.877s][info][gc,metaspace] GC(108) Metaspace: 6M used, 6M committed, 1088M reserved
[19.877s][info][gc,ref      ] GC(108) Soft: 34 encountered, 16 discovered, 0 enqueued
[19.877s][info][gc,ref      ] GC(108) Weak: 179 encountered, 2 discovered, 0 enqueued
[19.877s][info][gc,ref      ] GC(108) Final: 0 encountered, 0 discovered, 0 enqueued
[19.877s][info][gc,ref      ] GC(108) Phantom: 3 encountered, 1 discovered, 0 enqueued
[19.877s][info][gc,reloc    ] GC(108) Small Pages: 139 / 278M, Empty: 0M, Relocated: 92M, In-Place: 0
[19.877s][info][gc,reloc    ] GC(108) Medium Pages: 22 / 704M, Empty: 0M, Relocated: 247M, In-Place: 3
[19.877s][info][gc,reloc    ] GC(108) Large Pages: 0 / 0M, Empty: 0M, Relocated: 0M, In-Place: 0
[19.877s][info][gc,reloc    ] GC(108) Forwarding Usage: 0M
[19.877s][info][gc,heap     ] GC(108) Min Capacity: 1024M(100%)
[19.877s][info][gc,heap     ] GC(108) Max Capacity: 1024M(100%)
[19.877s][info][gc,heap     ] GC(108) Soft Max Capacity: 1024M(100%)
[19.877s][info][gc,heap     ] GC(108)                Mark Start          Mark End        Relocate Start      Relocate End           High               Low         
[19.877s][info][gc,heap     ] GC(108)  Capacity:     1024M (100%)       1024M (100%)       1024M (100%)       1024M (100%)       1024M (100%)       1024M (100%)   
[19.877s][info][gc,heap     ] GC(108)      Free:       10M (1%)            0M (0%)            0M (0%)           50M (5%)          100M (10%)           0M (0%)     
[19.877s][info][gc,heap     ] GC(108)      Used:     1014M (99%)        1024M (100%)       1024M (100%)        974M (95%)        1024M (100%)        924M (90%)    
[19.877s][info][gc,heap     ] GC(108)      Live:         -               344M (34%)         344M (34%)         344M (34%)            -                  -          
[19.877s][info][gc,heap     ] GC(108) Allocated:         -                10M (1%)           10M (1%)          581M (57%)            -                  -          
[19.877s][info][gc,heap     ] GC(108)   Garbage:         -               669M (65%)         669M (65%)          47M (5%)             -                  -          
[19.877s][info][gc,heap     ] GC(108) Reclaimed:         -                  -                 0M (0%)          621M (61%)            -                  -          
[19.877s][info][gc          ] GC(108) Garbage Collection (Allocation Stall) 1014M(99%)->974M(95%)
[19.893s][info][gc,start    ] GC(109) Garbage Collection (Allocation Stall)
[19.893s][info][gc,ref      ] GC(109) Clearing All SoftReferences
[19.893s][info][gc,task     ] GC(109) Using 3 workers
[19.893s][info][gc,phases   ] GC(109) Pause Mark Start 0.007ms
[19.900s][info][gc,phases   ] GC(109) Concurrent Mark 6.911ms
[19.900s][info][gc,phases   ] GC(109) Pause Mark End 0.010ms
[19.900s][info][gc,phases   ] GC(109) Concurrent Mark Free 0.001ms
[19.901s][info][gc,phases   ] GC(109) Concurrent Process Non-Strong References 0.589ms
[19.901s][info][gc,phases   ] GC(109) Concurrent Reset Relocation Set 0.007ms
[19.902s][info][gc,phases   ] GC(109) Concurrent Select Relocation Set 1.224ms
[19.902s][info][gc,phases   ] GC(109) Pause Relocate Start 0.005ms
[19.907s][info][gc          ] Allocation Stall (pool-1-thread-1) 14.637ms
[19.907s][info][gc          ] Allocation Stall (pool-1-thread-2) 14.835ms
[19.908s][info][gc          ] Allocation Stall (pool-1-thread-3) 14.920ms
[19.908s][info][gc          ] Allocation Stall (pool-1-thread-4) 15.065ms
[19.950s][info][gc          ] Allocation Stall (pool-1-thread-3) 3.378ms
[19.951s][info][gc          ] Allocation Stall (pool-1-thread-2) 5.052ms
[19.952s][info][gc          ] Allocation Stall (pool-1-thread-4) 5.436ms
[19.952s][info][gc          ] Allocation Stall (pool-1-thread-1) 5.625ms
[19.968s][info][gc          ] Allocation Stall (pool-1-thread-2) 1.975ms
[19.969s][info][gc          ] Allocation Stall (pool-1-thread-1) 2.426ms
[19.969s][info][gc          ] Allocation Stall (pool-1-thread-4) 2.577ms
[19.969s][info][gc          ] Allocation Stall (pool-1-thread-3) 2.630ms
[19.982s][info][gc          ] Allocation Stall (pool-1-thread-4) 6.437ms
[19.989s][info][gc          ] Allocation Stall (pool-1-thread-3) 13.239ms
[19.993s][info][gc          ] Allocation Stall (pool-1-thread-2) 17.345ms
[19.993s][info][gc          ] Allocation Stall (pool-1-thread-1) 17.517ms
[19.995s][info][gc          ] Allocation Stall (pool-1-thread-4) 2.052ms
[20.027s][info][gc          ] Allocation Stall (pool-1-thread-3) 3.012ms
[20.027s][info][gc          ] Allocation Stall (pool-1-thread-1) 3.090ms
[20.034s][info][gc,phases   ] GC(109) Concurrent Relocate 132.238ms
[20.034s][info][gc,load     ] GC(109) Load: 1.75/0.64/0.28
[20.034s][info][gc,mmu      ] GC(109) MMU: 2ms/94.8%, 5ms/97.9%, 10ms/98.8%, 20ms/99.4%, 50ms/99.8%, 100ms/99.9%
[20.035s][info][gc,marking  ] GC(109) Mark: 2 stripe(s), 2 proactive flush(es), 1 terminate flush(es), 0 completion(s), 0 continuation(s) 
[20.035s][info][gc,marking  ] GC(109) Mark Stack Usage: 32M
[20.035s][info][gc,nmethod  ] GC(109) NMethods: 437 registered, 0 unregistered
[20.035s][info][gc,metaspace] GC(109) Metaspace: 6M used, 6M committed, 1088M reserved
[20.035s][info][gc,ref      ] GC(109) Soft: 34 encountered, 24 discovered, 0 enqueued
[20.035s][info][gc,ref      ] GC(109) Weak: 179 encountered, 154 discovered, 0 enqueued
[20.035s][info][gc,ref      ] GC(109) Final: 0 encountered, 0 discovered, 0 enqueued
[20.035s][info][gc,ref      ] GC(109) Phantom: 3 encountered, 2 discovered, 0 enqueued
[20.035s][info][gc,reloc    ] GC(109) Small Pages: 149 / 298M, Empty: 0M, Relocated: 94M, In-Place: 1
[20.035s][info][gc,reloc    ] GC(109) Medium Pages: 22 / 704M, Empty: 0M, Relocated: 223M, In-Place: 3
[20.035s][info][gc,reloc    ] GC(109) Large Pages: 0 / 0M, Empty: 0M, Relocated: 0M, In-Place: 0
[20.035s][info][gc,reloc    ] GC(109) Forwarding Usage: 0M
[20.035s][info][gc,heap     ] GC(109) Min Capacity: 1024M(100%)
[20.035s][info][gc,heap     ] GC(109) Max Capacity: 1024M(100%)
[20.035s][info][gc,heap     ] GC(109) Soft Max Capacity: 1024M(100%)
[20.035s][info][gc,heap     ] GC(109)                Mark Start          Mark End        Relocate Start      Relocate End           High               Low         
[20.035s][info][gc,heap     ] GC(109)  Capacity:     1024M (100%)       1024M (100%)       1024M (100%)       1024M (100%)       1024M (100%)       1024M (100%)   
[20.035s][info][gc,heap     ] GC(109)      Free:       22M (2%)           22M (2%)           22M (2%)           64M (6%)          134M (13%)           0M (0%)     
[20.035s][info][gc,heap     ] GC(109)      Used:     1002M (98%)        1002M (98%)        1002M (98%)         960M (94%)        1024M (100%)        890M (87%)    
[20.035s][info][gc,heap     ] GC(109)      Live:         -               353M (35%)         353M (35%)         353M (35%)            -                  -          
[20.035s][info][gc,heap     ] GC(109) Allocated:         -                 0M (0%)            0M (0%)          567M (55%)            -                  -          
[20.035s][info][gc,heap     ] GC(109)   Garbage:         -               648M (63%)         648M (63%)          38M (4%)             -                  -          
[20.035s][info][gc,heap     ] GC(109) Reclaimed:         -                  -                 0M (0%)          609M (60%)            -                  -          
[20.035s][info][gc          ] GC(109) Garbage Collection (Allocation Stall) 1002M(98%)->960M(94%)
[20.050s][info][gc,start    ] GC(110) Garbage Collection (Allocation Stall)
[20.050s][info][gc,ref      ] GC(110) Clearing All SoftReferences
[20.050s][info][gc,task     ] GC(110) Using 3 workers
[20.050s][info][gc,phases   ] GC(110) Pause Mark Start 0.011ms
[20.057s][info][gc,phases   ] GC(110) Concurrent Mark 6.329ms
[20.057s][info][gc,phases   ] GC(110) Pause Mark End 0.008ms
[20.057s][info][gc,phases   ] GC(110) Concurrent Mark Free 0.001ms
[20.057s][info][gc,phases   ] GC(110) Concurrent Process Non-Strong References 0.488ms
[20.058s][info][gc,phases   ] GC(110) Concurrent Reset Relocation Set 0.007ms
[20.059s][info][gc,phases   ] GC(110) Concurrent Select Relocation Set 1.184ms
[20.059s][info][gc,phases   ] GC(110) Pause Relocate Start 0.004ms
[20.063s][info][gc          ] Allocation Stall (pool-1-thread-4) 12.190ms
[20.063s][info][gc          ] Allocation Stall (pool-1-thread-2) 12.182ms
[20.063s][info][gc          ] Allocation Stall (pool-1-thread-3) 12.727ms
[20.063s][info][gc          ] Allocation Stall (pool-1-thread-1) 12.833ms
[20.072s][info][gc          ] Allocation Stall (pool-1-thread-3) 2.681ms
[20.072s][info][gc          ] Allocation Stall (pool-1-thread-1) 3.198ms
[20.072s][info][gc          ] Allocation Stall (pool-1-thread-2) 3.352ms
[20.073s][info][gc          ] Allocation Stall (pool-1-thread-4) 3.331ms
[20.089s][info][gc          ] Allocation Stall (pool-1-thread-4) 3.173ms
[20.090s][info][gc          ] Allocation Stall (pool-1-thread-2) 4.217ms
[20.090s][info][gc          ] Allocation Stall (pool-1-thread-3) 4.410ms
[20.090s][info][gc          ] Allocation Stall (pool-1-thread-1) 4.591ms
[20.098s][info][gc          ] Allocation Stall (pool-1-thread-1) 1.489ms
[20.099s][info][gc          ] Allocation Stall (pool-1-thread-4) 2.698ms
[20.099s][info][gc          ] Allocation Stall (pool-1-thread-3) 2.951ms
[20.100s][info][gc          ] Allocation Stall (pool-1-thread-2) 3.118ms
[20.108s][info][gc          ] Allocation Stall (pool-1-thread-2) 1.503ms
[20.119s][info][gc          ] Allocation Stall (pool-1-thread-3) 11.976ms
[20.119s][info][gc          ] Allocation Stall (pool-1-thread-1) 12.037ms
[20.119s][info][gc          ] Allocation Stall (pool-1-thread-4) 12.123ms
[20.120s][info][gc          ] Allocation Stall (pool-1-thread-2) 1.027ms
[20.128s][info][gc          ] Allocation Stall (pool-1-thread-3) 1.145ms
[20.135s][info][gc          ] Allocation Stall (pool-1-thread-4) 7.728ms
[20.135s][info][gc          ] Allocation Stall (pool-1-thread-1) 8.195ms
[20.135s][info][gc          ] Allocation Stall (pool-1-thread-2) 8.381ms
[20.135s][info][gc          ] Allocation Stall (pool-1-thread-3) 2.813ms
[20.149s][info][gc          ] Relocation Stall (main) 90.317ms
[20.152s][info][gc          ] Allocation Stall (pool-1-thread-2) 3.423ms
[20.153s][info][gc          ] Allocation Stall (pool-1-thread-4) 4.761ms
[20.154s][info][gc          ] Allocation Stall (pool-1-thread-3) 5.430ms
[20.154s][info][gc          ] Allocation Stall (pool-1-thread-1) 5.599ms
[20.166s][info][gc,stats    ] === Garbage Collection Statistics =======================================================================================================================
[20.166s][info][gc,stats    ]                                                              Last 10s              Last 10m              Last 10h                Total
[20.166s][info][gc,stats    ]                                                              Avg / Max             Avg / Max             Avg / Max             Avg / Max
[20.166s][info][gc,stats    ]   Collector: Garbage Collection Cycle                    163.198 / 230.518     165.351 / 633.628     165.351 / 633.628     165.351 / 633.628     ms
[20.166s][info][gc,stats    ]  Contention: Mark Segment Reset Contention                     1 / 4                 1 / 11                1 / 11                1 / 11          ops/s
[20.166s][info][gc,stats    ]  Contention: Mark SeqNum Reset Contention                      0 / 1                 0 / 1                 0 / 1                 0 / 1           ops/s
[20.166s][info][gc,stats    ]    Critical: Allocation Stall                                121 / 155             122 / 192             122 / 192             122 / 192         ops/s
[20.166s][info][gc,stats    ]    Critical: Allocation Stall                              9.936 / 172.033       9.250 / 441.000       9.250 / 441.000       9.250 / 441.000     ms
[20.166s][info][gc,stats    ]    Critical: GC Locker Stall                                   0 / 0                 0 / 0                 0 / 0                 0 / 0           ops/s
[20.166s][info][gc,stats    ]    Critical: GC Locker Stall                               0.000 / 0.000         0.000 / 0.000         0.000 / 0.000         0.000 / 0.000       ms
[20.166s][info][gc,stats    ]    Critical: Relocation Stall                                  5 / 15                4 / 15                4 / 15                4 / 15          ops/s
[20.166s][info][gc,stats    ]    Critical: Relocation Stall                             80.091 / 169.309      86.126 / 346.221      86.126 / 346.221      86.126 / 346.221     ms
[20.166s][info][gc,stats    ]      Memory: Allocation Rate                                6025 / 7304           6000 / 7840           6000 / 7840           6000 / 7840        MB/s
[20.166s][info][gc,stats    ]      Memory: Out Of Memory                                     0 / 0                 0 / 0                 0 / 0                 0 / 0           ops/s
[20.166s][info][gc,stats    ]      Memory: Page Cache Flush                                617 / 800             609 / 896             609 / 896             609 / 896         MB/s
[20.166s][info][gc,stats    ]      Memory: Page Cache Hit L1                               674 / 908             661 / 908             661 / 908             661 / 908         ops/s
[20.166s][info][gc,stats    ]      Memory: Page Cache Hit L2                                 0 / 0                 0 / 0                 0 / 0                 0 / 0           ops/s
[20.166s][info][gc,stats    ]      Memory: Page Cache Hit L3                               256 / 334             260 / 340             260 / 340             260 / 340         ops/s
[20.166s][info][gc,stats    ]      Memory: Page Cache Miss                                  19 / 25               19 / 28               19 / 28               19 / 28          ops/s
[20.166s][info][gc,stats    ]      Memory: Uncommit                                          0 / 0                 0 / 0                 0 / 0                 0 / 0           MB/s
[20.166s][info][gc,stats    ]      Memory: Undo Object Allocation Failed                     0 / 0                 0 / 0                 0 / 0                 0 / 0           ops/s
[20.166s][info][gc,stats    ]      Memory: Undo Object Allocation Succeeded                  2 / 7                 3 / 12                3 / 12                3 / 12          ops/s
[20.168s][info][gc,stats    ]      Memory: Undo Page Allocation                             81 / 114              81 / 120              81 / 120              81 / 120         ops/s
[20.168s][info][gc,stats    ]       Phase: Concurrent Mark                               9.237 / 41.308       10.628 / 53.008       10.628 / 53.008       10.628 / 53.008      ms
[20.168s][info][gc,stats    ]       Phase: Concurrent Mark Continue                      0.000 / 0.000         0.000 / 0.000         0.000 / 0.000         0.000 / 0.000       ms
[20.168s][info][gc,stats    ]       Phase: Concurrent Mark Free                          0.001 / 0.003         0.001 / 0.004         0.001 / 0.004         0.001 / 0.004       ms
[20.168s][info][gc,stats    ]       Phase: Concurrent Process Non-Strong References      0.884 / 4.320         0.819 / 4.320         0.819 / 4.320         0.819 / 4.320       ms
[20.168s][info][gc,stats    ]       Phase: Concurrent Relocate                         147.657 / 201.001     148.452 / 574.286     148.452 / 574.286     148.452 / 574.286     ms
[20.168s][info][gc,stats    ]       Phase: Concurrent Reset Relocation Set               0.014 / 0.055         0.012 / 0.055         0.012 / 0.055         0.012 / 0.055       ms
[20.168s][info][gc,stats    ]       Phase: Concurrent Select Relocation Set              2.262 / 7.901         2.311 / 37.061        2.311 / 37.061        2.311 / 37.061      ms
[20.168s][info][gc,stats    ]       Phase: Pause Mark End                                0.018 / 0.105         0.016 / 0.105         0.016 / 0.105         0.016 / 0.105       ms
[20.169s][info][gc,stats    ]       Phase: Pause Mark Start                              0.018 / 0.074         0.014 / 0.074         0.014 / 0.074         0.014 / 0.074       ms
[20.169s][info][gc,stats    ]       Phase: Pause Relocate Start                          0.010 / 0.032         0.008 / 0.032         0.008 / 0.032         0.008 / 0.032       ms
[20.169s][info][gc,stats    ]    Subphase: Concurrent Classes Purge                      0.095 / 0.219         0.088 / 0.219         0.088 / 0.219         0.088 / 0.219       ms
[20.169s][info][gc,stats    ]    Subphase: Concurrent Classes Unlink                     0.332 / 0.879         0.312 / 0.921         0.312 / 0.921         0.312 / 0.921       ms
[20.169s][info][gc,stats    ]    Subphase: Concurrent Mark                               8.277 / 40.522        9.597 / 52.240        9.597 / 52.240        9.597 / 52.240      ms
[20.169s][info][gc,stats    ]    Subphase: Concurrent Mark Try Flush                     0.555 / 22.237        0.425 / 22.237        0.425 / 22.237        0.425 / 22.237      ms
[20.169s][info][gc,stats    ]    Subphase: Concurrent Mark Try Terminate                 0.912 / 9.294         0.937 / 9.294         0.937 / 9.294         0.937 / 9.294       ms
[20.169s][info][gc,stats    ]    Subphase: Concurrent References Enqueue                 0.000 / 0.003         0.007 / 0.752         0.007 / 0.752         0.007 / 0.752       ms
[20.169s][info][gc,stats    ]    Subphase: Concurrent References Process                 0.077 / 0.166         0.071 / 0.183         0.071 / 0.183         0.071 / 0.183       ms
[20.169s][info][gc,stats    ]    Subphase: Concurrent Roots ClassLoaderDataGraph         0.111 / 0.746         0.107 / 0.761         0.107 / 0.761         0.107 / 0.761       ms
[20.169s][info][gc,stats    ]    Subphase: Concurrent Roots CodeCache                    0.000 / 0.000         0.000 / 0.000         0.000 / 0.000         0.000 / 0.000       ms
[20.169s][info][gc,stats    ]    Subphase: Concurrent Roots JavaThreads                  0.174 / 0.540         0.212 / 8.509         0.212 / 8.509         0.212 / 8.509       ms
[20.169s][info][gc,stats    ]    Subphase: Concurrent Roots OopStorageSet                0.025 / 0.160         0.112 / 8.636         0.112 / 8.636         0.112 / 8.636       ms
[20.169s][info][gc,stats    ]    Subphase: Concurrent Weak Roots OopStorageSet           0.061 / 0.267         0.055 / 0.267         0.055 / 0.267         0.055 / 0.267       ms
[20.169s][info][gc,stats    ]    Subphase: Pause Mark Try Complete                       0.000 / 0.000         0.000 / 0.000         0.000 / 0.000         0.000 / 0.000       ms
[20.169s][info][gc,stats    ]      System: Java Threads                                     15 / 15               15 / 17               15 / 17               15 / 17          threads
[20.169s][info][gc,stats    ] =========================================================================================================================================================
[20.192s][info][gc,phases   ] GC(110) Concurrent Relocate 132.999ms
[20.192s][info][gc,load     ] GC(110) Load: 1.75/0.64/0.28
[20.192s][info][gc,mmu      ] GC(110) MMU: 2ms/94.8%, 5ms/97.9%, 10ms/98.8%, 20ms/99.4%, 50ms/99.8%, 100ms/99.9%
[20.192s][info][gc,marking  ] GC(110) Mark: 2 stripe(s), 4 proactive flush(es), 1 terminate flush(es), 0 completion(s), 0 continuation(s) 
[20.192s][info][gc,marking  ] GC(110) Mark Stack Usage: 32M
[20.192s][info][gc,nmethod  ] GC(110) NMethods: 437 registered, 0 unregistered
[20.192s][info][gc,metaspace] GC(110) Metaspace: 6M used, 6M committed, 1088M reserved
[20.192s][info][gc,ref      ] GC(110) Soft: 34 encountered, 23 discovered, 0 enqueued
[20.192s][info][gc,ref      ] GC(110) Weak: 179 encountered, 11 discovered, 0 enqueued
[20.192s][info][gc,ref      ] GC(110) Final: 0 encountered, 0 discovered, 0 enqueued
[20.192s][info][gc,ref      ] GC(110) Phantom: 3 encountered, 2 discovered, 0 enqueued
[20.192s][info][gc,reloc    ] GC(110) Small Pages: 144 / 288M, Empty: 0M, Relocated: 97M, In-Place: 1
[20.192s][info][gc,reloc    ] GC(110) Medium Pages: 23 / 736M, Empty: 0M, Relocated: 251M, In-Place: 5
[20.192s][info][gc,reloc    ] GC(110) Large Pages: 0 / 0M, Empty: 0M, Relocated: 0M, In-Place: 0
[20.192s][info][gc,reloc    ] GC(110) Forwarding Usage: 0M
[20.192s][info][gc,heap     ] GC(110) Min Capacity: 1024M(100%)
[20.192s][info][gc,heap     ] GC(110) Max Capacity: 1024M(100%)
[20.192s][info][gc,heap     ] GC(110) Soft Max Capacity: 1024M(100%)
[20.192s][info][gc,heap     ] GC(110)                Mark Start          Mark End        Relocate Start      Relocate End           High               Low         
[20.192s][info][gc,heap     ] GC(110)  Capacity:     1024M (100%)       1024M (100%)       1024M (100%)       1024M (100%)       1024M (100%)       1024M (100%)   
[20.192s][info][gc,heap     ] GC(110)      Free:        0M (0%)            0M (0%)            0M (0%)           56M (5%)           88M (9%)            0M (0%)     
[20.192s][info][gc,heap     ] GC(110)      Used:     1024M (100%)       1024M (100%)       1024M (100%)        968M (95%)        1024M (100%)        936M (91%)    
[20.192s][info][gc,heap     ] GC(110)      Live:         -               351M (34%)         351M (34%)         351M (34%)            -                  -          
[20.192s][info][gc,heap     ] GC(110) Allocated:         -                 0M (0%)            0M (0%)          607M (59%)            -                  -          
[20.192s][info][gc,heap     ] GC(110)   Garbage:         -               672M (66%)         672M (66%)           8M (1%)             -                  -          
[20.192s][info][gc,heap     ] GC(110) Reclaimed:         -                  -                 0M (0%)          663M (65%)            -                  -          
[20.192s][info][gc          ] GC(110) Garbage Collection (Allocation Stall) 1024M(100%)->968M(95%)
[20.204s][info][gc,start    ] GC(111) Garbage Collection (Allocation Stall)
[20.204s][info][gc,ref      ] GC(111) Clearing All SoftReferences
[20.204s][info][gc,task     ] GC(111) Using 3 workers
[20.204s][info][gc,phases   ] GC(111) Pause Mark Start 0.006ms
[20.208s][info][gc,phases   ] GC(111) Concurrent Mark 3.966ms
[20.208s][info][gc,phases   ] GC(111) Pause Mark End 0.009ms
[20.208s][info][gc,phases   ] GC(111) Concurrent Mark Free 0.001ms
[20.209s][info][gc,phases   ] GC(111) Concurrent Process Non-Strong References 0.591ms
[20.209s][info][gc,phases   ] GC(111) Concurrent Reset Relocation Set 0.008ms
[20.210s][info][gc,phases   ] GC(111) Concurrent Select Relocation Set 1.249ms
[20.210s][info][gc,phases   ] GC(111) Pause Relocate Start 0.005ms
[20.216s][info][gc          ] Allocation Stall (pool-1-thread-1) 12.572ms
[20.216s][info][gc          ] Allocation Stall (pool-1-thread-4) 12.666ms
[20.216s][info][gc          ] Allocation Stall (pool-1-thread-2) 12.735ms
[20.217s][info][gc          ] Allocation Stall (pool-1-thread-3) 12.909ms
[20.236s][info][gc          ] Allocation Stall (pool-1-thread-4) 4.927ms
[20.237s][info][gc          ] Allocation Stall (pool-1-thread-1) 5.969ms
[20.237s][info][gc          ] Allocation Stall (pool-1-thread-3) 6.196ms
[20.238s][info][gc          ] Allocation Stall (pool-1-thread-2) 6.493ms
[20.254s][info][gc          ] Allocation Stall (pool-1-thread-2) 1.178ms
[20.257s][info][gc          ] Allocation Stall (pool-1-thread-3) 3.400ms
[20.257s][info][gc          ] Allocation Stall (pool-1-thread-4) 3.683ms
[20.257s][info][gc          ] Allocation Stall (pool-1-thread-1) 3.812ms
[20.257s][info][gc          ] Allocation Stall (pool-1-thread-2) 0.692ms
[20.267s][info][gc          ] Allocation Stall (pool-1-thread-1) 2.974ms
[20.271s][info][gc          ] Allocation Stall (pool-1-thread-4) 6.679ms
[20.272s][info][gc          ] Allocation Stall (pool-1-thread-2) 7.034ms
[20.272s][info][gc          ] Allocation Stall (pool-1-thread-3) 7.183ms
[20.280s][info][gc          ] Allocation Stall (pool-1-thread-4) 2.157ms
[20.280s][info][gc          ] Allocation Stall (pool-1-thread-3) 2.018ms
[20.281s][info][gc          ] Allocation Stall (pool-1-thread-1) 2.218ms
[20.281s][info][gc          ] Allocation Stall (pool-1-thread-2) 2.174ms
[20.302s][info][gc          ] Allocation Stall (pool-1-thread-1) 6.536ms
[20.309s][info][gc          ] Allocation Stall (pool-1-thread-3) 13.493ms
[20.310s][info][gc          ] Allocation Stall (pool-1-thread-4) 14.477ms
[20.310s][info][gc          ] Allocation Stall (pool-1-thread-2) 14.726ms
[20.346s][info][gc,phases   ] GC(111) Concurrent Relocate 135.134ms
[20.346s][info][gc,load     ] GC(111) Load: 1.75/0.64/0.28
[20.346s][info][gc,mmu      ] GC(111) MMU: 2ms/94.8%, 5ms/97.9%, 10ms/98.8%, 20ms/99.4%, 50ms/99.8%, 100ms/99.9%
[20.346s][info][gc,marking  ] GC(111) Mark: 2 stripe(s), 3 proactive flush(es), 1 terminate flush(es), 0 completion(s), 0 continuation(s) 
[20.346s][info][gc,marking  ] GC(111) Mark Stack Usage: 32M
[20.346s][info][gc,nmethod  ] GC(111) NMethods: 437 registered, 0 unregistered
[20.346s][info][gc,metaspace] GC(111) Metaspace: 6M used, 6M committed, 1088M reserved
[20.346s][info][gc,ref      ] GC(111) Soft: 34 encountered, 15 discovered, 0 enqueued
[20.346s][info][gc,ref      ] GC(111) Weak: 179 encountered, 0 discovered, 0 enqueued
[20.346s][info][gc,ref      ] GC(111) Final: 0 encountered, 0 discovered, 0 enqueued
[20.346s][info][gc,ref      ] GC(111) Phantom: 3 encountered, 2 discovered, 0 enqueued
[20.346s][info][gc,reloc    ] GC(111) Small Pages: 147 / 294M, Empty: 4M, Relocated: 97M, In-Place: 0
[20.346s][info][gc,reloc    ] GC(111) Medium Pages: 22 / 704M, Empty: 0M, Relocated: 249M, In-Place: 7
[20.346s][info][gc,reloc    ] GC(111) Large Pages: 0 / 0M, Empty: 0M, Relocated: 0M, In-Place: 0
[20.346s][info][gc,reloc    ] GC(111) Forwarding Usage: 0M
[20.346s][info][gc,heap     ] GC(111) Min Capacity: 1024M(100%)
[20.346s][info][gc,heap     ] GC(111) Max Capacity: 1024M(100%)
[20.346s][info][gc,heap     ] GC(111) Soft Max Capacity: 1024M(100%)
[20.346s][info][gc,heap     ] GC(111)                Mark Start          Mark End        Relocate Start      Relocate End           High               Low         
[20.346s][info][gc,heap     ] GC(111)  Capacity:     1024M (100%)       1024M (100%)       1024M (100%)       1024M (100%)       1024M (100%)       1024M (100%)   
[20.346s][info][gc,heap     ] GC(111)      Free:       26M (3%)           26M (3%)           30M (3%)          214M (21%)         214M (21%)           0M (0%)     
[20.346s][info][gc,heap     ] GC(111)      Used:      998M (97%)         998M (97%)         994M (97%)         810M (79%)        1024M (100%)        810M (79%)    
[20.346s][info][gc,heap     ] GC(111)      Live:         -               349M (34%)         349M (34%)         349M (34%)            -                  -          
[20.346s][info][gc,heap     ] GC(111) Allocated:         -                 0M (0%)            0M (0%)          447M (44%)            -                  -          
[20.346s][info][gc,heap     ] GC(111)   Garbage:         -               648M (63%)         644M (63%)          12M (1%)             -                  -          
[20.346s][info][gc,heap     ] GC(111) Reclaimed:         -                  -                 4M (0%)          635M (62%)            -                  -          
[20.346s][info][gc          ] GC(111) Garbage Collection (Allocation Stall) 998M(97%)->810M(79%)
[20.364s][info][gc,start    ] GC(112) Garbage Collection (Allocation Stall)
[20.364s][info][gc,ref      ] GC(112) Clearing All SoftReferences
[20.364s][info][gc,task     ] GC(112) Using 3 workers
[20.371s][info][gc,phases   ] GC(112) Pause Mark Start 0.015ms
[20.371s][info][gc          ] Allocation Stall (pool-1-thread-1) 8.069ms
[20.381s][info][gc,phases   ] GC(112) Concurrent Mark 9.171ms
[20.381s][info][gc,phases   ] GC(112) Pause Mark End 0.020ms
[20.381s][info][gc,phases   ] GC(112) Concurrent Mark Free 0.001ms
[20.382s][info][gc,phases   ] GC(112) Concurrent Process Non-Strong References 1.229ms
[20.382s][info][gc,phases   ] GC(112) Concurrent Reset Relocation Set 0.030ms
[20.385s][info][gc          ] Allocation Stall (pool-1-thread-3) 4.905ms
[20.385s][info][gc,phases   ] GC(112) Concurrent Select Relocation Set 2.692ms
[20.385s][info][gc,phases   ] GC(112) Pause Relocate Start 0.008ms
[20.391s][info][gc          ] Allocation Stall (pool-1-thread-2) 6.673ms
[20.391s][info][gc          ] Allocation Stall (pool-1-thread-1) 9.686ms
[20.391s][info][gc          ] Allocation Stall (pool-1-thread-3) 3.386ms
[20.391s][info][gc          ] Allocation Stall (pool-1-thread-4) 7.053ms
[20.405s][info][gc          ] Allocation Stall (pool-1-thread-3) 1.729ms
[20.406s][info][gc          ] Allocation Stall (pool-1-thread-4) 2.286ms
[20.406s][info][gc          ] Allocation Stall (pool-1-thread-1) 2.365ms
[20.406s][info][gc          ] Allocation Stall (pool-1-thread-2) 2.723ms
[20.426s][info][gc          ] Allocation Stall (pool-1-thread-3) 3.081ms
[20.433s][info][gc          ] Allocation Stall (pool-1-thread-1) 9.610ms
[20.433s][info][gc          ] Allocation Stall (pool-1-thread-4) 10.047ms
[20.434s][info][gc          ] Allocation Stall (pool-1-thread-2) 10.219ms
[20.440s][info][gc          ] Allocation Stall (pool-1-thread-2) 0.809ms
[20.442s][info][gc          ] Allocation Stall (pool-1-thread-1) 3.292ms
[20.443s][info][gc          ] Allocation Stall (pool-1-thread-3) 3.579ms
[20.443s][info][gc          ] Allocation Stall (pool-1-thread-4) 3.778ms
[20.443s][info][gc          ] Allocation Stall (pool-1-thread-2) 3.003ms
[20.453s][info][gc          ] Allocation Stall (pool-1-thread-1) 0.584ms
[20.467s][info][gc          ] Allocation Stall (pool-1-thread-4) 14.538ms
[20.467s][info][gc          ] Allocation Stall (pool-1-thread-3) 14.751ms
[20.467s][info][gc          ] Allocation Stall (pool-1-thread-2) 14.472ms
[20.473s][info][gc          ] Allocation Stall (pool-1-thread-2) 4.528ms
[20.476s][info][gc          ] Allocation Stall (pool-1-thread-4) 7.776ms
[20.477s][info][gc          ] Allocation Stall (pool-1-thread-3) 8.074ms
[20.477s][info][gc          ] Allocation Stall (pool-1-thread-1) 4.288ms
[20.486s][info][gc          ] Relocation Stall (main) 100.033ms
[20.486s][info][gc          ] Allocation Stall (pool-1-thread-4) 4.047ms
[20.492s][info][gc          ] Allocation Stall (pool-1-thread-3) 9.536ms
[20.492s][info][gc          ] Allocation Stall (pool-1-thread-1) 9.995ms
[20.492s][info][gc          ] Allocation Stall (pool-1-thread-2) 7.929ms
[20.528s][info][gc,phases   ] GC(112) Concurrent Relocate 142.070ms
[20.528s][info][gc,load     ] GC(112) Load: 1.75/0.64/0.28
[20.528s][info][gc,mmu      ] GC(112) MMU: 2ms/94.8%, 5ms/97.9%, 10ms/98.8%, 20ms/99.4%, 50ms/99.8%, 100ms/99.9%
[20.528s][info][gc,marking  ] GC(112) Mark: 2 stripe(s), 2 proactive flush(es), 1 terminate flush(es), 0 completion(s), 0 continuation(s) 
[20.528s][info][gc,marking  ] GC(112) Mark Stack Usage: 32M
[20.528s][info][gc,nmethod  ] GC(112) NMethods: 437 registered, 0 unregistered
[20.528s][info][gc,metaspace] GC(112) Metaspace: 6M used, 6M committed, 1088M reserved
[20.528s][info][gc,ref      ] GC(112) Soft: 34 encountered, 14 discovered, 0 enqueued
[20.528s][info][gc,ref      ] GC(112) Weak: 179 encountered, 30 discovered, 0 enqueued
[20.528s][info][gc,ref      ] GC(112) Final: 0 encountered, 0 discovered, 0 enqueued
[20.528s][info][gc,ref      ] GC(112) Phantom: 3 encountered, 2 discovered, 0 enqueued
[20.528s][info][gc,reloc    ] GC(112) Small Pages: 134 / 268M, Empty: 2M, Relocated: 89M, In-Place: 1
[20.528s][info][gc,reloc    ] GC(112) Medium Pages: 21 / 672M, Empty: 0M, Relocated: 218M, In-Place: 4
[20.528s][info][gc,reloc    ] GC(112) Large Pages: 0 / 0M, Empty: 0M, Relocated: 0M, In-Place: 0
[20.528s][info][gc,reloc    ] GC(112) Forwarding Usage: 0M
[20.528s][info][gc,heap     ] GC(112) Min Capacity: 1024M(100%)
[20.528s][info][gc,heap     ] GC(112) Max Capacity: 1024M(100%)
[20.528s][info][gc,heap     ] GC(112) Soft Max Capacity: 1024M(100%)
[20.528s][info][gc,heap     ] GC(112)                Mark Start          Mark End        Relocate Start      Relocate End           High               Low         
[20.528s][info][gc,heap     ] GC(112)  Capacity:     1024M (100%)       1024M (100%)       1024M (100%)       1024M (100%)       1024M (100%)       1024M (100%)   
[20.528s][info][gc,heap     ] GC(112)      Free:       52M (5%)            0M (0%)            0M (0%)          112M (11%)         186M (18%)           0M (0%)     
[20.528s][info][gc,heap     ] GC(112)      Used:      972M (95%)        1024M (100%)       1024M (100%)        912M (89%)        1024M (100%)        838M (82%)    
[20.528s][info][gc,heap     ] GC(112)      Live:         -               333M (33%)         333M (33%)         333M (33%)            -                  -          
[20.528s][info][gc,heap     ] GC(112) Allocated:         -                52M (5%)           54M (5%)          515M (50%)            -                  -          
[20.528s][info][gc,heap     ] GC(112)   Garbage:         -               638M (62%)         636M (62%)          62M (6%)             -                  -          
[20.528s][info][gc,heap     ] GC(112) Reclaimed:         -                  -                 2M (0%)          575M (56%)            -                  -          
[20.528s][info][gc          ] GC(112) Garbage Collection (Allocation Stall) 972M(95%)->912M(89%)
[20.540s][info][gc,start    ] GC(113) Garbage Collection (Allocation Stall)
[20.540s][info][gc,ref      ] GC(113) Clearing All SoftReferences
[20.540s][info][gc,task     ] GC(113) Using 3 workers
[20.543s][info][gc,phases   ] GC(113) Pause Mark Start 0.011ms
[20.547s][info][gc,phases   ] GC(113) Concurrent Mark 4.164ms
[20.548s][info][gc,phases   ] GC(113) Pause Mark End 0.034ms
[20.548s][info][gc,phases   ] GC(113) Concurrent Mark Free 0.001ms
[20.549s][info][gc,phases   ] GC(113) Concurrent Process Non-Strong References 0.911ms
[20.549s][info][gc,phases   ] GC(113) Concurrent Reset Relocation Set 0.016ms
[20.551s][info][gc,phases   ] GC(113) Concurrent Select Relocation Set 2.196ms
[20.551s][info][gc,phases   ] GC(113) Pause Relocate Start 0.007ms
[20.556s][info][gc          ] Allocation Stall (pool-1-thread-2) 16.827ms
[20.557s][info][gc          ] Allocation Stall (pool-1-thread-4) 17.505ms
[20.557s][info][gc          ] Allocation Stall (pool-1-thread-1) 17.443ms
[20.557s][info][gc          ] Allocation Stall (pool-1-thread-3) 13.807ms
[20.584s][info][gc          ] Allocation Stall (pool-1-thread-1) 1.454ms
[20.586s][info][gc          ] Allocation Stall (pool-1-thread-2) 2.685ms
[20.586s][info][gc          ] Allocation Stall (pool-1-thread-4) 2.955ms
[20.586s][info][gc          ] Allocation Stall (pool-1-thread-3) 3.018ms
[20.609s][info][gc          ] Allocation Stall (pool-1-thread-4) 5.050ms
[20.617s][info][gc          ] Allocation Stall (pool-1-thread-1) 4.389ms
[20.617s][info][gc          ] Allocation Stall (pool-1-thread-4) 4.454ms
[20.617s][info][gc          ] Allocation Stall (pool-1-thread-3) 4.487ms
[20.618s][info][gc          ] Allocation Stall (pool-1-thread-2) 4.617ms
[20.633s][info][gc          ] Allocation Stall (pool-1-thread-3) 6.301ms
[20.633s][info][gc          ] Allocation Stall (pool-1-thread-1) 6.783ms
[20.633s][info][gc          ] Allocation Stall (pool-1-thread-4) 8.497ms
[20.633s][info][gc          ] Allocation Stall (pool-1-thread-2) 7.419ms
[20.652s][info][gc          ] Allocation Stall (pool-1-thread-4) 3.905ms
[20.652s][info][gc          ] Allocation Stall (pool-1-thread-2) 4.705ms
[20.655s][info][gc          ] Allocation Stall (pool-1-thread-3) 7.404ms
[20.656s][info][gc          ] Allocation Stall (pool-1-thread-1) 7.800ms
[20.684s][info][gc          ] Allocation Stall (pool-1-thread-4) 2.625ms
[20.684s][info][gc          ] Allocation Stall (pool-1-thread-2) 2.678ms
[20.690s][info][gc,phases   ] GC(113) Concurrent Relocate 138.428ms
[20.690s][info][gc,load     ] GC(113) Load: 2.33/0.78/0.33
[20.690s][info][gc,mmu      ] GC(113) MMU: 2ms/94.8%, 5ms/97.9%, 10ms/98.8%, 20ms/99.4%, 50ms/99.8%, 100ms/99.9%
[20.690s][info][gc,marking  ] GC(113) Mark: 2 stripe(s), 2 proactive flush(es), 1 terminate flush(es), 0 completion(s), 0 continuation(s) 
[20.690s][info][gc,marking  ] GC(113) Mark Stack Usage: 32M
[20.690s][info][gc,nmethod  ] GC(113) NMethods: 437 registered, 0 unregistered
[20.690s][info][gc,metaspace] GC(113) Metaspace: 6M used, 6M committed, 1088M reserved
[20.690s][info][gc,ref      ] GC(113) Soft: 34 encountered, 12 discovered, 0 enqueued
[20.690s][info][gc,ref      ] GC(113) Weak: 179 encountered, 0 discovered, 0 enqueued
[20.690s][info][gc,ref      ] GC(113) Final: 0 encountered, 0 discovered, 0 enqueued
[20.690s][info][gc,ref      ] GC(113) Phantom: 3 encountered, 2 discovered, 0 enqueued
[20.690s][info][gc,reloc    ] GC(113) Small Pages: 146 / 292M, Empty: 2M, Relocated: 99M, In-Place: 1
[20.690s][info][gc,reloc    ] GC(113) Medium Pages: 22 / 704M, Empty: 0M, Relocated: 247M, In-Place: 4
[20.690s][info][gc,reloc    ] GC(113) Large Pages: 0 / 0M, Empty: 0M, Relocated: 0M, In-Place: 0
[20.690s][info][gc,reloc    ] GC(113) Forwarding Usage: 0M
[20.690s][info][gc,heap     ] GC(113) Min Capacity: 1024M(100%)
[20.690s][info][gc,heap     ] GC(113) Max Capacity: 1024M(100%)
[20.690s][info][gc,heap     ] GC(113) Soft Max Capacity: 1024M(100%)
[20.690s][info][gc,heap     ] GC(113)                Mark Start          Mark End        Relocate Start      Relocate End           High               Low         
[20.690s][info][gc,heap     ] GC(113)  Capacity:     1024M (100%)       1024M (100%)       1024M (100%)       1024M (100%)       1024M (100%)       1024M (100%)   
[20.690s][info][gc,heap     ] GC(113)      Free:       28M (3%)           28M (3%)           30M (3%)           76M (7%)           98M (10%)           0M (0%)     
[20.690s][info][gc,heap     ] GC(113)      Used:      996M (97%)         996M (97%)         994M (97%)         948M (93%)        1024M (100%)        926M (90%)    
[20.690s][info][gc,heap     ] GC(113)      Live:         -               348M (34%)         348M (34%)         348M (34%)            -                  -          
[20.690s][info][gc,heap     ] GC(113) Allocated:         -                 0M (0%)            0M (0%)          585M (57%)            -                  -          
[20.690s][info][gc,heap     ] GC(113)   Garbage:         -               647M (63%)         645M (63%)          13M (1%)             -                  -          
[20.690s][info][gc,heap     ] GC(113) Reclaimed:         -                  -                 2M (0%)          633M (62%)            -                  -          
[20.690s][info][gc          ] GC(113) Garbage Collection (Allocation Stall) 996M(97%)->948M(93%)
[20.700s][info][gc,start    ] GC(114) Garbage Collection (Allocation Stall)
[20.700s][info][gc,ref      ] GC(114) Clearing All SoftReferences
[20.700s][info][gc,task     ] GC(114) Using 3 workers
[20.701s][info][gc,phases   ] GC(114) Pause Mark Start 0.007ms
[20.705s][info][gc,phases   ] GC(114) Concurrent Mark 4.573ms
[20.705s][info][gc,phases   ] GC(114) Pause Mark End 0.009ms
[20.705s][info][gc,phases   ] GC(114) Concurrent Mark Free 0.001ms
[20.706s][info][gc,phases   ] GC(114) Concurrent Process Non-Strong References 0.496ms
[20.706s][info][gc,phases   ] GC(114) Concurrent Reset Relocation Set 0.006ms
[20.707s][info][gc,phases   ] GC(114) Concurrent Select Relocation Set 1.178ms
[20.707s][info][gc,phases   ] GC(114) Pause Relocate Start 0.004ms
[20.711s][info][gc          ] Allocation Stall (pool-1-thread-2) 10.668ms
[20.711s][info][gc          ] Allocation Stall (pool-1-thread-3) 11.128ms
[20.712s][info][gc          ] Allocation Stall (pool-1-thread-1) 11.544ms
[20.713s][info][gc          ] Allocation Stall (pool-1-thread-4) 12.457ms
[20.726s][info][gc          ] Allocation Stall (pool-1-thread-3) 0.768ms
[20.739s][info][gc          ] Allocation Stall (pool-1-thread-4) 2.124ms
[20.739s][info][gc          ] Allocation Stall (pool-1-thread-3) 2.026ms
[20.739s][info][gc          ] Allocation Stall (pool-1-thread-1) 2.362ms
[20.739s][info][gc          ] Allocation Stall (pool-1-thread-2) 2.593ms
[20.749s][info][gc          ] Allocation Stall (pool-1-thread-1) 2.094ms
[20.753s][info][gc          ] Allocation Stall (pool-1-thread-3) 5.524ms
[20.753s][info][gc          ] Allocation Stall (pool-1-thread-2) 5.633ms
[20.753s][info][gc          ] Allocation Stall (pool-1-thread-4) 5.904ms
[20.772s][info][gc          ] Allocation Stall (pool-1-thread-1) 0.759ms
[20.772s][info][gc          ] Allocation Stall (pool-1-thread-2) 1.011ms
[20.772s][info][gc          ] Allocation Stall (pool-1-thread-4) 2.601ms
[20.772s][info][gc          ] Allocation Stall (pool-1-thread-3) 1.492ms
[20.780s][info][gc          ] Allocation Stall (pool-1-thread-3) 4.539ms
[20.787s][info][gc          ] Allocation Stall (pool-1-thread-2) 11.525ms
[20.787s][info][gc          ] Allocation Stall (pool-1-thread-4) 11.836ms
[20.788s][info][gc          ] Allocation Stall (pool-1-thread-1) 12.161ms
[20.796s][info][gc          ] Allocation Stall (pool-1-thread-2) 0.804ms
[20.796s][info][gc          ] Allocation Stall (pool-1-thread-3) 0.584ms
[20.801s][info][gc          ] Allocation Stall (pool-1-thread-4) 2.271ms
[20.804s][info][gc          ] Allocation Stall (pool-1-thread-3) 4.954ms
[20.805s][info][gc          ] Allocation Stall (pool-1-thread-1) 6.436ms
[20.806s][info][gc          ] Allocation Stall (pool-1-thread-2) 6.516ms
[20.832s][info][gc          ] Allocation Stall (pool-1-thread-1) 1.524ms
[20.834s][info][gc          ] Allocation Stall (pool-1-thread-4) 3.993ms
[20.834s][info][gc          ] Allocation Stall (pool-1-thread-3) 4.210ms
[20.839s][info][gc,phases   ] GC(114) Concurrent Relocate 131.602ms
[20.839s][info][gc,load     ] GC(114) Load: 2.33/0.78/0.33
[20.839s][info][gc,mmu      ] GC(114) MMU: 2ms/94.8%, 5ms/97.9%, 10ms/98.8%, 20ms/99.4%, 50ms/99.8%, 100ms/99.9%
[20.839s][info][gc,marking  ] GC(114) Mark: 2 stripe(s), 3 proactive flush(es), 1 terminate flush(es), 0 completion(s), 0 continuation(s) 
[20.839s][info][gc,marking  ] GC(114) Mark Stack Usage: 32M
[20.839s][info][gc,nmethod  ] GC(114) NMethods: 437 registered, 0 unregistered
[20.839s][info][gc,metaspace] GC(114) Metaspace: 6M used, 6M committed, 1088M reserved
[20.839s][info][gc,ref      ] GC(114) Soft: 34 encountered, 10 discovered, 0 enqueued
[20.839s][info][gc,ref      ] GC(114) Weak: 179 encountered, 67 discovered, 0 enqueued
[20.839s][info][gc,ref      ] GC(114) Final: 0 encountered, 0 discovered, 0 enqueued
[20.839s][info][gc,ref      ] GC(114) Phantom: 3 encountered, 2 discovered, 0 enqueued
[20.839s][info][gc,reloc    ] GC(114) Small Pages: 146 / 292M, Empty: 0M, Relocated: 101M, In-Place: 2
[20.839s][info][gc,reloc    ] GC(114) Medium Pages: 22 / 704M, Empty: 0M, Relocated: 243M, In-Place: 4
[20.839s][info][gc,reloc    ] GC(114) Large Pages: 0 / 0M, Empty: 0M, Relocated: 0M, In-Place: 0
[20.839s][info][gc,reloc    ] GC(114) Forwarding Usage: 0M
[20.839s][info][gc,heap     ] GC(114) Min Capacity: 1024M(100%)
[20.839s][info][gc,heap     ] GC(114) Max Capacity: 1024M(100%)
[20.839s][info][gc,heap     ] GC(114) Soft Max Capacity: 1024M(100%)
[20.839s][info][gc,heap     ] GC(114)                Mark Start          Mark End        Relocate Start      Relocate End           High               Low         
[20.839s][info][gc,heap     ] GC(114)  Capacity:     1024M (100%)       1024M (100%)       1024M (100%)       1024M (100%)       1024M (100%)       1024M (100%)   
[20.839s][info][gc,heap     ] GC(114)      Free:       28M (3%)           28M (3%)           28M (3%)           64M (6%)           94M (9%)            0M (0%)     
[20.839s][info][gc,heap     ] GC(114)      Used:      996M (97%)         996M (97%)         996M (97%)         960M (94%)        1024M (100%)        930M (91%)    
[20.839s][info][gc,heap     ] GC(114)      Live:         -               346M (34%)         346M (34%)         346M (34%)            -                  -          
[20.839s][info][gc,heap     ] GC(114) Allocated:         -                 0M (0%)            0M (0%)          595M (58%)            -                  -          
[20.839s][info][gc,heap     ] GC(114)   Garbage:         -               649M (63%)         649M (63%)          18M (2%)             -                  -          
[20.839s][info][gc,heap     ] GC(114) Reclaimed:         -                  -                 0M (0%)          631M (62%)            -                  -          
[20.839s][info][gc          ] GC(114) Garbage Collection (Allocation Stall) 996M(97%)->960M(94%)
[20.850s][info][gc,start    ] GC(115) Garbage Collection (Allocation Stall)
[20.850s][info][gc,ref      ] GC(115) Clearing All SoftReferences
[20.850s][info][gc,task     ] GC(115) Using 3 workers
[20.850s][info][gc,phases   ] GC(115) Pause Mark Start 0.006ms
[20.854s][info][gc,phases   ] GC(115) Concurrent Mark 3.756ms
[20.854s][info][gc,phases   ] GC(115) Pause Mark End 0.006ms
[20.854s][info][gc,phases   ] GC(115) Concurrent Mark Free 0.001ms
[20.855s][info][gc,phases   ] GC(115) Concurrent Process Non-Strong References 0.520ms
[20.855s][info][gc,phases   ] GC(115) Concurrent Reset Relocation Set 0.008ms
[20.856s][info][gc,phases   ] GC(115) Concurrent Select Relocation Set 1.313ms
[20.856s][info][gc,phases   ] GC(115) Pause Relocate Start 0.004ms
[20.860s][info][gc          ] Allocation Stall (pool-1-thread-3) 10.249ms
[20.860s][info][gc          ] Allocation Stall (pool-1-thread-2) 10.525ms
[20.860s][info][gc          ] Allocation Stall (pool-1-thread-4) 10.471ms
[20.861s][info][gc          ] Allocation Stall (pool-1-thread-1) 10.729ms
[20.870s][info][gc          ] Allocation Stall (pool-1-thread-1) 2.012ms
[20.870s][info][gc          ] Allocation Stall (pool-1-thread-4) 2.031ms
[20.871s][info][gc          ] Allocation Stall (pool-1-thread-2) 2.205ms
[20.871s][info][gc          ] Allocation Stall (pool-1-thread-3) 2.399ms
[20.886s][info][gc          ] Allocation Stall (pool-1-thread-2) 0.645ms
[20.889s][info][gc          ] Allocation Stall (pool-1-thread-4) 2.993ms
[20.889s][info][gc          ] Allocation Stall (pool-1-thread-1) 3.514ms
[20.890s][info][gc          ] Allocation Stall (pool-1-thread-3) 4.056ms
[20.898s][info][gc          ] Allocation Stall (pool-1-thread-1) 1.349ms
[20.899s][info][gc          ] Allocation Stall (pool-1-thread-4) 2.547ms
[20.900s][info][gc          ] Allocation Stall (pool-1-thread-2) 2.718ms
[20.900s][info][gc          ] Allocation Stall (pool-1-thread-3) 2.914ms
[20.913s][info][gc          ] Allocation Stall (pool-1-thread-4) 1.643ms
[20.913s][info][gc          ] Allocation Stall (pool-1-thread-3) 1.881ms
[20.913s][info][gc          ] Allocation Stall (pool-1-thread-2) 3.693ms
[20.913s][info][gc          ] Allocation Stall (pool-1-thread-1) 3.165ms
[20.930s][info][gc          ] Allocation Stall (pool-1-thread-2) 3.973ms
[20.939s][info][gc          ] Allocation Stall (pool-1-thread-3) 12.709ms
[20.939s][info][gc          ] Allocation Stall (pool-1-thread-4) 13.048ms
[20.939s][info][gc          ] Allocation Stall (pool-1-thread-2) 5.312ms
[20.939s][info][gc          ] Allocation Stall (pool-1-thread-1) 13.394ms
[20.980s][info][gc          ] Allocation Stall (pool-1-thread-3) 4.089ms
[20.989s][info][gc          ] Allocation Stall (pool-1-thread-2) 10.489ms
[20.992s][info][gc,phases   ] GC(115) Concurrent Relocate 135.647ms
[20.992s][info][gc,load     ] GC(115) Load: 2.33/0.78/0.33
[20.992s][info][gc,mmu      ] GC(115) MMU: 2ms/94.8%, 5ms/97.9%, 10ms/98.8%, 20ms/99.4%, 50ms/99.8%, 100ms/99.9%
[20.992s][info][gc,marking  ] GC(115) Mark: 2 stripe(s), 2 proactive flush(es), 1 terminate flush(es), 0 completion(s), 0 continuation(s) 
[20.992s][info][gc,marking  ] GC(115) Mark Stack Usage: 32M
[20.992s][info][gc,nmethod  ] GC(115) NMethods: 437 registered, 0 unregistered
[20.992s][info][gc,metaspace] GC(115) Metaspace: 6M used, 6M committed, 1088M reserved
[20.992s][info][gc,ref      ] GC(115) Soft: 34 encountered, 25 discovered, 0 enqueued
[20.992s][info][gc,ref      ] GC(115) Weak: 179 encountered, 4 discovered, 0 enqueued
[20.992s][info][gc,ref      ] GC(115) Final: 0 encountered, 0 discovered, 0 enqueued
[20.992s][info][gc,ref      ] GC(115) Phantom: 3 encountered, 2 discovered, 0 enqueued
[20.992s][info][gc,reloc    ] GC(115) Small Pages: 155 / 310M, Empty: 2M, Relocated: 99M, In-Place: 1
[20.992s][info][gc,reloc    ] GC(115) Medium Pages: 22 / 704M, Empty: 0M, Relocated: 221M, In-Place: 3
[20.992s][info][gc,reloc    ] GC(115) Large Pages: 0 / 0M, Empty: 0M, Relocated: 0M, In-Place: 0
[20.992s][info][gc,reloc    ] GC(115) Forwarding Usage: 0M
[20.992s][info][gc,heap     ] GC(115) Min Capacity: 1024M(100%)
[20.992s][info][gc,heap     ] GC(115) Max Capacity: 1024M(100%)
[20.992s][info][gc,heap     ] GC(115) Soft Max Capacity: 1024M(100%)
[20.992s][info][gc,heap     ] GC(115)                Mark Start          Mark End        Relocate Start      Relocate End           High               Low         
[20.992s][info][gc,heap     ] GC(115)  Capacity:     1024M (100%)       1024M (100%)       1024M (100%)       1024M (100%)       1024M (100%)       1024M (100%)   
[20.992s][info][gc,heap     ] GC(115)      Free:       10M (1%)           10M (1%)           12M (1%)           10M (1%)           98M (10%)           0M (0%)     
[20.992s][info][gc,heap     ] GC(115)      Used:     1014M (99%)        1014M (99%)        1012M (99%)        1014M (99%)        1024M (100%)        926M (90%)    
[20.992s][info][gc,heap     ] GC(115)      Live:         -               343M (34%)         343M (34%)         343M (34%)            -                  -          
[20.992s][info][gc,heap     ] GC(115) Allocated:         -                 0M (0%)            0M (0%)          643M (63%)            -                  -          
[20.992s][info][gc,heap     ] GC(115)   Garbage:         -               670M (66%)         668M (65%)          26M (3%)             -                  -          
[20.992s][info][gc,heap     ] GC(115) Reclaimed:         -                  -                 2M (0%)          643M (63%)            -                  -          
[20.992s][info][gc          ] GC(115) Garbage Collection (Allocation Stall) 1014M(99%)->1014M(99%)
[21.020s][info][gc,start    ] GC(116) Garbage Collection (Allocation Stall)
[21.021s][info][gc,ref      ] GC(116) Clearing All SoftReferences
[21.021s][info][gc,task     ] GC(116) Using 3 workers
[21.021s][info][gc,phases   ] GC(116) Pause Mark Start 0.013ms
[21.026s][info][gc,phases   ] GC(116) Concurrent Mark 5.570ms
[21.027s][info][gc,phases   ] GC(116) Pause Mark End 0.037ms
[21.027s][info][gc,phases   ] GC(116) Concurrent Mark Free 0.002ms
[21.028s][info][gc,phases   ] GC(116) Concurrent Process Non-Strong References 0.933ms
[21.028s][info][gc,phases   ] GC(116) Concurrent Reset Relocation Set 0.014ms
[21.029s][info][gc,phases   ] GC(116) Concurrent Select Relocation Set 1.703ms
[21.030s][info][gc,phases   ] GC(116) Pause Relocate Start 0.007ms
[21.039s][info][gc          ] Allocation Stall (pool-1-thread-1) 19.414ms
[21.039s][info][gc          ] Allocation Stall (pool-1-thread-2) 19.414ms
[21.040s][info][gc          ] Allocation Stall (pool-1-thread-4) 19.877ms
[21.052s][info][gc          ] Allocation Stall (pool-1-thread-2) 4.566ms
[21.053s][info][gc          ] Allocation Stall (pool-1-thread-1) 5.757ms
[21.053s][info][gc          ] Allocation Stall (pool-1-thread-4) 6.123ms
[21.075s][info][gc          ] Allocation Stall (pool-1-thread-2) 1.018ms
[21.080s][info][gc          ] Allocation Stall (pool-1-thread-1) 6.030ms
[21.084s][info][gc          ] Allocation Stall (pool-1-thread-4) 9.570ms
[21.084s][info][gc          ] Allocation Stall (pool-1-thread-2) 8.235ms
[21.093s][info][gc          ] Allocation Stall (pool-1-thread-2) 0.572ms
[21.098s][info][gc          ] Allocation Stall (pool-1-thread-4) 5.687ms
[21.098s][info][gc          ] Allocation Stall (pool-1-thread-1) 6.363ms
[21.116s][info][gc          ] Allocation Stall (pool-1-thread-4) 7.329ms
[21.131s][info][gc          ] Allocation Stall (pool-1-thread-1) 3.333ms
[21.143s][info][gc          ] Relocation Stall (pool-1-thread-3) 103.398ms
[21.144s][info][gc          ] Allocation Stall (pool-1-thread-3) 123.661ms
[21.144s][info][gc          ] Allocation Stall (pool-1-thread-2) 16.216ms
[21.144s][info][gc          ] Allocation Stall (pool-1-thread-4) 16.542ms
[21.176s][info][gc          ] Allocation Stall (pool-1-thread-3) 3.586ms
[21.182s][info][gc          ] Allocation Stall (pool-1-thread-2) 9.276ms
[21.193s][info][gc,phases   ] GC(116) Concurrent Relocate 162.965ms
[21.193s][info][gc,load     ] GC(116) Load: 2.33/0.78/0.33
[21.193s][info][gc,mmu      ] GC(116) MMU: 2ms/94.8%, 5ms/97.9%, 10ms/98.8%, 20ms/99.4%, 50ms/99.8%, 100ms/99.9%
[21.193s][info][gc,marking  ] GC(116) Mark: 2 stripe(s), 2 proactive flush(es), 1 terminate flush(es), 0 completion(s), 0 continuation(s) 
[21.193s][info][gc,marking  ] GC(116) Mark Stack Usage: 32M
[21.193s][info][gc,nmethod  ] GC(116) NMethods: 437 registered, 0 unregistered
[21.193s][info][gc,metaspace] GC(116) Metaspace: 6M used, 6M committed, 1088M reserved
[21.193s][info][gc,ref      ] GC(116) Soft: 34 encountered, 22 discovered, 0 enqueued
[21.193s][info][gc,ref      ] GC(116) Weak: 179 encountered, 49 discovered, 0 enqueued
[21.193s][info][gc,ref      ] GC(116) Final: 0 encountered, 0 discovered, 0 enqueued
[21.193s][info][gc,ref      ] GC(116) Phantom: 3 encountered, 1 discovered, 0 enqueued
[21.193s][info][gc,reloc    ] GC(116) Small Pages: 156 / 312M, Empty: 0M, Relocated: 101M, In-Place: 1
[21.193s][info][gc,reloc    ] GC(116) Medium Pages: 22 / 704M, Empty: 0M, Relocated: 247M, In-Place: 6
[21.193s][info][gc,reloc    ] GC(116) Large Pages: 0 / 0M, Empty: 0M, Relocated: 0M, In-Place: 0
[21.193s][info][gc,reloc    ] GC(116) Forwarding Usage: 0M
[21.193s][info][gc,heap     ] GC(116) Min Capacity: 1024M(100%)
[21.193s][info][gc,heap     ] GC(116) Max Capacity: 1024M(100%)
[21.193s][info][gc,heap     ] GC(116) Soft Max Capacity: 1024M(100%)
[21.193s][info][gc,heap     ] GC(116)                Mark Start          Mark End        Relocate Start      Relocate End           High               Low         
[21.193s][info][gc,heap     ] GC(116)  Capacity:     1024M (100%)       1024M (100%)       1024M (100%)       1024M (100%)       1024M (100%)       1024M (100%)   
[21.193s][info][gc,heap     ] GC(116)      Free:        8M (1%)            8M (1%)            8M (1%)          130M (13%)         130M (13%)           0M (0%)     
[21.193s][info][gc,heap     ] GC(116)      Used:     1016M (99%)        1016M (99%)        1016M (99%)         894M (87%)        1024M (100%)        894M (87%)    
[21.193s][info][gc,heap     ] GC(116)      Live:         -               348M (34%)         348M (34%)         348M (34%)            -                  -          
[21.193s][info][gc,heap     ] GC(116) Allocated:         -                 0M (0%)            0M (0%)          531M (52%)            -                  -          
[21.193s][info][gc,heap     ] GC(116)   Garbage:         -               667M (65%)         667M (65%)          13M (1%)             -                  -          
[21.193s][info][gc,heap     ] GC(116) Reclaimed:         -                  -                 0M (0%)          653M (64%)            -                  -          
[21.193s][info][gc          ] GC(116) Garbage Collection (Allocation Stall) 1016M(99%)->894M(87%)
[21.215s][info][gc,start    ] GC(117) Garbage Collection (Allocation Stall)
[21.215s][info][gc,ref      ] GC(117) Clearing All SoftReferences
[21.215s][info][gc,task     ] GC(117) Using 3 workers
[21.215s][info][gc,phases   ] GC(117) Pause Mark Start 0.021ms
[21.220s][info][gc,phases   ] GC(117) Concurrent Mark 4.566ms
[21.220s][info][gc,phases   ] GC(117) Pause Mark End 0.009ms
[21.220s][info][gc,phases   ] GC(117) Concurrent Mark Free 0.001ms
[21.221s][info][gc,phases   ] GC(117) Concurrent Process Non-Strong References 0.539ms
[21.221s][info][gc,phases   ] GC(117) Concurrent Reset Relocation Set 0.008ms
[21.222s][info][gc,phases   ] GC(117) Concurrent Select Relocation Set 1.464ms
[21.222s][info][gc,phases   ] GC(117) Pause Relocate Start 0.005ms
[21.227s][info][gc          ] Allocation Stall (pool-1-thread-1) 12.501ms
[21.227s][info][gc          ] Allocation Stall (pool-1-thread-2) 12.431ms
[21.227s][info][gc          ] Allocation Stall (pool-1-thread-3) 12.428ms
[21.228s][info][gc          ] Allocation Stall (pool-1-thread-4) 12.741ms
[21.243s][info][gc          ] Allocation Stall (pool-1-thread-3) 2.194ms
[21.243s][info][gc          ] Allocation Stall (pool-1-thread-2) 3.248ms
[21.257s][info][gc          ] Allocation Stall (pool-1-thread-2) 2.281ms
[21.260s][info][gc          ] Allocation Stall (pool-1-thread-3) 5.035ms
[21.261s][info][gc          ] Allocation Stall (pool-1-thread-4) 5.681ms
[21.261s][info][gc          ] Allocation Stall (pool-1-thread-1) 6.184ms
[21.274s][info][gc          ] Allocation Stall (pool-1-thread-4) 4.377ms
[21.275s][info][gc          ] Allocation Stall (pool-1-thread-3) 5.313ms
[21.275s][info][gc          ] Allocation Stall (pool-1-thread-2) 5.383ms
[21.275s][info][gc          ] Allocation Stall (pool-1-thread-1) 5.582ms
[21.295s][info][gc          ] Allocation Stall (pool-1-thread-3) 1.519ms
[21.300s][info][gc          ] Allocation Stall (pool-1-thread-1) 7.137ms
[21.301s][info][gc          ] Allocation Stall (pool-1-thread-4) 7.555ms
[21.301s][info][gc          ] Allocation Stall (pool-1-thread-2) 7.762ms
[21.314s][info][gc          ] Allocation Stall (pool-1-thread-1) 8.344ms
[21.318s][info][gc          ] Allocation Stall (pool-1-thread-4) 12.552ms
[21.319s][info][gc          ] Allocation Stall (pool-1-thread-2) 12.827ms
[21.319s][info][gc          ] Allocation Stall (pool-1-thread-3) 12.941ms
[21.328s][info][gc          ] Allocation Stall (pool-1-thread-3) 2.043ms
[21.330s][info][gc          ] Allocation Stall (pool-1-thread-1) 3.518ms
[21.330s][info][gc          ] Allocation Stall (pool-1-thread-2) 4.157ms
[21.331s][info][gc          ] Allocation Stall (pool-1-thread-4) 4.423ms
[21.360s][info][gc          ] Allocation Stall (pool-1-thread-3) 2.932ms
[21.362s][info][gc          ] Allocation Stall (pool-1-thread-4) 4.916ms
[21.373s][info][gc,phases   ] GC(117) Concurrent Relocate 150.757ms
[21.373s][info][gc,load     ] GC(117) Load: 2.33/0.78/0.33
[21.373s][info][gc,mmu      ] GC(117) MMU: 2ms/94.8%, 5ms/97.9%, 10ms/98.8%, 20ms/99.4%, 50ms/99.8%, 100ms/99.9%
[21.373s][info][gc,marking  ] GC(117) Mark: 2 stripe(s), 3 proactive flush(es), 1 terminate flush(es), 0 completion(s), 0 continuation(s) 
[21.373s][info][gc,marking  ] GC(117) Mark Stack Usage: 32M
[21.373s][info][gc,nmethod  ] GC(117) NMethods: 437 registered, 0 unregistered
[21.373s][info][gc,metaspace] GC(117) Metaspace: 6M used, 6M committed, 1088M reserved
[21.373s][info][gc,ref      ] GC(117) Soft: 34 encountered, 24 discovered, 0 enqueued
[21.373s][info][gc,ref      ] GC(117) Weak: 179 encountered, 8 discovered, 0 enqueued
[21.373s][info][gc,ref      ] GC(117) Final: 0 encountered, 0 discovered, 0 enqueued
[21.373s][info][gc,ref      ] GC(117) Phantom: 3 encountered, 2 discovered, 0 enqueued
[21.373s][info][gc,reloc    ] GC(117) Small Pages: 147 / 294M, Empty: 0M, Relocated: 92M, In-Place: 1
[21.373s][info][gc,reloc    ] GC(117) Medium Pages: 22 / 704M, Empty: 0M, Relocated: 249M, In-Place: 3
[21.373s][info][gc,reloc    ] GC(117) Large Pages: 0 / 0M, Empty: 0M, Relocated: 0M, In-Place: 0
[21.373s][info][gc,reloc    ] GC(117) Forwarding Usage: 0M
[21.373s][info][gc,heap     ] GC(117) Min Capacity: 1024M(100%)
[21.373s][info][gc,heap     ] GC(117) Max Capacity: 1024M(100%)
[21.374s][info][gc,heap     ] GC(117) Soft Max Capacity: 1024M(100%)
[21.374s][info][gc,heap     ] GC(117)                Mark Start          Mark End        Relocate Start      Relocate End           High               Low         
[21.374s][info][gc,heap     ] GC(117)  Capacity:     1024M (100%)       1024M (100%)       1024M (100%)       1024M (100%)       1024M (100%)       1024M (100%)   
[21.374s][info][gc,heap     ] GC(117)      Free:       26M (3%)           26M (3%)           26M (3%)          118M (12%)         118M (12%)           0M (0%)     
[21.374s][info][gc,heap     ] GC(117)      Used:      998M (97%)         998M (97%)         998M (97%)         906M (88%)        1024M (100%)        906M (88%)    
[21.374s][info][gc,heap     ] GC(117)      Live:         -               349M (34%)         349M (34%)         349M (34%)            -                  -          
[21.374s][info][gc,heap     ] GC(117) Allocated:         -                 0M (0%)            0M (0%)          539M (53%)            -                  -          
[21.374s][info][gc,heap     ] GC(117)   Garbage:         -               648M (63%)         648M (63%)          16M (2%)             -                  -          
[21.374s][info][gc,heap     ] GC(117) Reclaimed:         -                  -                 0M (0%)          631M (62%)            -                  -          
[21.374s][info][gc          ] GC(117) Garbage Collection (Allocation Stall) 998M(97%)->906M(88%)
[21.400s][info][gc,start    ] GC(118) Garbage Collection (Allocation Stall)
[21.400s][info][gc,ref      ] GC(118) Clearing All SoftReferences
[21.400s][info][gc,task     ] GC(118) Using 3 workers
[21.400s][info][gc,phases   ] GC(118) Pause Mark Start 0.018ms
[21.407s][info][gc,phases   ] GC(118) Concurrent Mark 6.966ms
[21.408s][info][gc,phases   ] GC(118) Pause Mark End 0.016ms
[21.408s][info][gc,phases   ] GC(118) Concurrent Mark Free 0.001ms
[21.409s][info][gc,phases   ] GC(118) Concurrent Process Non-Strong References 0.742ms
[21.409s][info][gc,phases   ] GC(118) Concurrent Reset Relocation Set 0.011ms
[21.410s][info][gc,phases   ] GC(118) Concurrent Select Relocation Set 1.570ms
[21.410s][info][gc,phases   ] GC(118) Pause Relocate Start 0.008ms
[21.416s][info][gc          ] Allocation Stall (pool-1-thread-4) 15.855ms
[21.416s][info][gc          ] Allocation Stall (pool-1-thread-2) 15.882ms
[21.416s][info][gc          ] Allocation Stall (pool-1-thread-3) 16.299ms
[21.416s][info][gc          ] Allocation Stall (pool-1-thread-1) 16.330ms
[21.439s][info][gc          ] Allocation Stall (pool-1-thread-4) 4.050ms
[21.446s][info][gc          ] Allocation Stall (pool-1-thread-3) 11.034ms
[21.446s][info][gc          ] Allocation Stall (pool-1-thread-2) 11.542ms
[21.446s][info][gc          ] Allocation Stall (pool-1-thread-1) 11.681ms
[21.462s][info][gc          ] Allocation Stall (pool-1-thread-1) 4.887ms
[21.465s][info][gc          ] Allocation Stall (pool-1-thread-4) 8.491ms
[21.466s][info][gc          ] Allocation Stall (pool-1-thread-2) 8.864ms
[21.466s][info][gc          ] Allocation Stall (pool-1-thread-3) 9.128ms
[21.491s][info][gc          ] Allocation Stall (pool-1-thread-4) 7.493ms
[21.495s][info][gc          ] Allocation Stall (pool-1-thread-2) 10.693ms
[21.495s][info][gc          ] Allocation Stall (pool-1-thread-1) 11.008ms
[21.495s][info][gc          ] Allocation Stall (pool-1-thread-3) 11.171ms
[21.517s][info][gc          ] Allocation Stall (pool-1-thread-2) 10.084ms
[21.524s][info][gc          ] Allocation Stall (pool-1-thread-2) 5.134ms
[21.529s][info][gc          ] Allocation Stall (pool-1-thread-4) 10.087ms
[21.529s][info][gc          ] Allocation Stall (pool-1-thread-3) 10.615ms
[21.529s][info][gc          ] Allocation Stall (pool-1-thread-1) 10.714ms
[21.581s][info][gc          ] Allocation Stall (pool-1-thread-2) 9.412ms
[21.587s][info][gc          ] Allocation Stall (pool-1-thread-3) 4.093ms
[21.587s][info][gc,phases   ] GC(118) Concurrent Relocate 176.818ms
[21.587s][info][gc,load     ] GC(118) Load: 2.33/0.78/0.33
[21.587s][info][gc,mmu      ] GC(118) MMU: 2ms/94.8%, 5ms/97.9%, 10ms/98.8%, 20ms/99.4%, 50ms/99.8%, 100ms/99.9%
[21.587s][info][gc,marking  ] GC(118) Mark: 2 stripe(s), 2 proactive flush(es), 1 terminate flush(es), 0 completion(s), 0 continuation(s) 
[21.587s][info][gc,marking  ] GC(118) Mark Stack Usage: 32M
[21.587s][info][gc,nmethod  ] GC(118) NMethods: 437 registered, 0 unregistered
[21.587s][info][gc,metaspace] GC(118) Metaspace: 6M used, 6M committed, 1088M reserved
[21.587s][info][gc,ref      ] GC(118) Soft: 34 encountered, 14 discovered, 0 enqueued
[21.587s][info][gc,ref      ] GC(118) Weak: 179 encountered, 44 discovered, 0 enqueued
[21.587s][info][gc,ref      ] GC(118) Final: 0 encountered, 0 discovered, 0 enqueued
[21.587s][info][gc,ref      ] GC(118) Phantom: 3 encountered, 2 discovered, 0 enqueued
[21.587s][info][gc,reloc    ] GC(118) Small Pages: 153 / 306M, Empty: 0M, Relocated: 99M, In-Place: 1
[21.587s][info][gc,reloc    ] GC(118) Medium Pages: 22 / 704M, Empty: 0M, Relocated: 248M, In-Place: 6
[21.587s][info][gc,reloc    ] GC(118) Large Pages: 0 / 0M, Empty: 0M, Relocated: 0M, In-Place: 0
[21.587s][info][gc,reloc    ] GC(118) Forwarding Usage: 0M
[21.587s][info][gc,heap     ] GC(118) Min Capacity: 1024M(100%)
[21.587s][info][gc,heap     ] GC(118) Max Capacity: 1024M(100%)
[21.587s][info][gc,heap     ] GC(118) Soft Max Capacity: 1024M(100%)
[21.587s][info][gc,heap     ] GC(118)                Mark Start          Mark End        Relocate Start      Relocate End           High               Low         
[21.587s][info][gc,heap     ] GC(118)  Capacity:     1024M (100%)       1024M (100%)       1024M (100%)       1024M (100%)       1024M (100%)       1024M (100%)   
[21.587s][info][gc,heap     ] GC(118)      Free:       14M (1%)           14M (1%)           14M (1%)           48M (5%)          100M (10%)           0M (0%)     
[21.587s][info][gc,heap     ] GC(118)      Used:     1010M (99%)        1010M (99%)        1010M (99%)         976M (95%)        1024M (100%)        924M (90%)    
[21.587s][info][gc,heap     ] GC(118)      Live:         -               348M (34%)         348M (34%)         348M (34%)            -                  -          
[21.587s][info][gc,heap     ] GC(118) Allocated:         -                 0M (0%)            0M (0%)          613M (60%)            -                  -          
[21.587s][info][gc,heap     ] GC(118)   Garbage:         -               661M (65%)         661M (65%)          13M (1%)             -                  -          
[21.587s][info][gc,heap     ] GC(118) Reclaimed:         -                  -                 0M (0%)          647M (63%)            -                  -          
[21.587s][info][gc          ] GC(118) Garbage Collection (Allocation Stall) 1010M(99%)->976M(95%)
[21.622s][info][gc,start    ] GC(119) Garbage Collection (Allocation Stall)
[21.622s][info][gc,ref      ] GC(119) Clearing All SoftReferences
[21.622s][info][gc,task     ] GC(119) Using 3 workers
[21.622s][info][gc,phases   ] GC(119) Pause Mark Start 0.017ms
[21.629s][info][gc,phases   ] GC(119) Concurrent Mark 6.947ms
[21.630s][info][gc,phases   ] GC(119) Pause Mark End 0.021ms
[21.630s][info][gc,phases   ] GC(119) Concurrent Mark Free 0.001ms
[21.631s][info][gc,phases   ] GC(119) Concurrent Process Non-Strong References 0.957ms
[21.631s][info][gc,phases   ] GC(119) Concurrent Reset Relocation Set 0.015ms
[21.634s][info][gc,phases   ] GC(119) Concurrent Select Relocation Set 3.334ms
[21.634s][info][gc,phases   ] GC(119) Pause Relocate Start 0.011ms
[21.645s][info][gc          ] Allocation Stall (pool-1-thread-4) 23.413ms
[21.645s][info][gc          ] Allocation Stall (pool-1-thread-1) 23.771ms
[21.646s][info][gc          ] Allocation Stall (pool-1-thread-2) 24.060ms
[21.646s][info][gc          ] Allocation Stall (pool-1-thread-3) 23.927ms
[21.655s][info][gc          ] Allocation Stall (pool-1-thread-2) 0.899ms
[21.668s][info][gc          ] Allocation Stall (pool-1-thread-4) 13.693ms
[21.668s][info][gc          ] Allocation Stall (pool-1-thread-1) 14.060ms
[21.668s][info][gc          ] Allocation Stall (pool-1-thread-3) 14.173ms
[21.673s][info][gc          ] Allocation Stall (pool-1-thread-4) 0.867ms
[21.673s][info][gc          ] Allocation Stall (pool-1-thread-3) 0.932ms
[21.675s][info][gc          ] Allocation Stall (pool-1-thread-1) 2.743ms
[21.675s][info][gc          ] Allocation Stall (pool-1-thread-2) 2.840ms
[21.723s][info][gc          ] Allocation Stall (pool-1-thread-4) 6.972ms
[21.730s][info][gc          ] Allocation Stall (pool-1-thread-2) 11.208ms
[21.731s][info][gc          ] Allocation Stall (pool-1-thread-3) 11.428ms
[21.731s][info][gc          ] Allocation Stall (pool-1-thread-1) 11.433ms
[21.748s][info][gc          ] Allocation Stall (pool-1-thread-2) 5.572ms
[21.748s][info][gc          ] Allocation Stall (pool-1-thread-4) 2.654ms
[21.756s][info][gc          ] Allocation Stall (pool-1-thread-4) 4.017ms
[21.757s][info][gc          ] Allocation Stall (pool-1-thread-3) 5.312ms
[21.759s][info][gc          ] Allocation Stall (pool-1-thread-2) 7.349ms
[21.759s][info][gc          ] Allocation Stall (pool-1-thread-1) 7.009ms
[21.815s][info][gc,phases   ] GC(119) Concurrent Relocate 180.735ms
[21.815s][info][gc,load     ] GC(119) Load: 2.33/0.78/0.33
[21.815s][info][gc,mmu      ] GC(119) MMU: 2ms/94.8%, 5ms/97.9%, 10ms/98.8%, 20ms/99.4%, 50ms/99.8%, 100ms/99.9%
[21.815s][info][gc,marking  ] GC(119) Mark: 2 stripe(s), 2 proactive flush(es), 1 terminate flush(es), 0 completion(s), 0 continuation(s) 
[21.815s][info][gc,marking  ] GC(119) Mark Stack Usage: 32M
[21.815s][info][gc,nmethod  ] GC(119) NMethods: 437 registered, 0 unregistered
[21.815s][info][gc,metaspace] GC(119) Metaspace: 6M used, 6M committed, 1088M reserved
[21.815s][info][gc,ref      ] GC(119) Soft: 34 encountered, 28 discovered, 0 enqueued
[21.815s][info][gc,ref      ] GC(119) Weak: 179 encountered, 6 discovered, 0 enqueued
[21.815s][info][gc,ref      ] GC(119) Final: 0 encountered, 0 discovered, 0 enqueued
[21.815s][info][gc,ref      ] GC(119) Phantom: 3 encountered, 1 discovered, 0 enqueued
[21.815s][info][gc,reloc    ] GC(119) Small Pages: 151 / 302M, Empty: 0M, Relocated: 97M, In-Place: 0
[21.815s][info][gc,reloc    ] GC(119) Medium Pages: 22 / 704M, Empty: 0M, Relocated: 245M, In-Place: 4
[21.815s][info][gc,reloc    ] GC(119) Large Pages: 0 / 0M, Empty: 0M, Relocated: 0M, In-Place: 0
[21.815s][info][gc,reloc    ] GC(119) Forwarding Usage: 0M
[21.815s][info][gc,heap     ] GC(119) Min Capacity: 1024M(100%)
[21.815s][info][gc,heap     ] GC(119) Max Capacity: 1024M(100%)
[21.815s][info][gc,heap     ] GC(119) Soft Max Capacity: 1024M(100%)
[21.815s][info][gc,heap     ] GC(119)                Mark Start          Mark End        Relocate Start      Relocate End           High               Low         
[21.815s][info][gc,heap     ] GC(119)  Capacity:     1024M (100%)       1024M (100%)       1024M (100%)       1024M (100%)       1024M (100%)       1024M (100%)   
[21.815s][info][gc,heap     ] GC(119)      Free:       18M (2%)           18M (2%)           18M (2%)          108M (11%)         132M (13%)           0M (0%)     
[21.815s][info][gc,heap     ] GC(119)      Used:     1006M (98%)        1006M (98%)        1006M (98%)         916M (89%)        1024M (100%)        892M (87%)    
[21.815s][info][gc,heap     ] GC(119)      Live:         -               347M (34%)         347M (34%)         347M (34%)            -                  -          
[21.815s][info][gc,heap     ] GC(119) Allocated:         -                 0M (0%)            0M (0%)          551M (54%)            -                  -          
[21.815s][info][gc,heap     ] GC(119)   Garbage:         -               658M (64%)         658M (64%)          16M (2%)             -                  -          
[21.815s][info][gc,heap     ] GC(119) Reclaimed:         -                  -                 0M (0%)          641M (63%)            -                  -          
[21.815s][info][gc          ] GC(119) Garbage Collection (Allocation Stall) 1006M(98%)->916M(89%)
[21.824s][info][gc,start    ] GC(120) Garbage Collection (Allocation Stall)
[21.824s][info][gc,ref      ] GC(120) Clearing All SoftReferences
[21.824s][info][gc,task     ] GC(120) Using 3 workers
[21.835s][info][gc,phases   ] GC(120) Pause Mark Start 0.016ms
[21.835s][info][gc          ] Allocation Stall (pool-1-thread-4) 11.556ms
[21.849s][info][gc,phases   ] GC(120) Concurrent Mark 13.821ms
[21.849s][info][gc,phases   ] GC(120) Pause Mark End 0.024ms
[21.849s][info][gc,phases   ] GC(120) Concurrent Mark Free 0.002ms
[21.850s][info][gc,phases   ] GC(120) Concurrent Process Non-Strong References 1.114ms
[21.851s][info][gc,phases   ] GC(120) Concurrent Reset Relocation Set 0.024ms
[21.857s][info][gc,phases   ] GC(120) Concurrent Select Relocation Set 6.186ms
[21.857s][info][gc,phases   ] GC(120) Pause Relocate Start 0.009ms
[21.862s][info][gc          ] Allocation Stall (pool-1-thread-3) 14.532ms
[21.862s][info][gc          ] Allocation Stall (pool-1-thread-4) 14.694ms
[21.863s][info][gc          ] Allocation Stall (pool-1-thread-1) 15.070ms
[21.863s][info][gc          ] Allocation Stall (pool-1-thread-2) 15.032ms
[21.896s][info][gc          ] Allocation Stall (pool-1-thread-4) 0.993ms
[21.901s][info][gc          ] Allocation Stall (pool-1-thread-1) 5.284ms
[21.902s][info][gc          ] Allocation Stall (pool-1-thread-2) 4.779ms
[21.903s][info][gc          ] Allocation Stall (pool-1-thread-3) 6.928ms
[21.912s][info][gc          ] Allocation Stall (pool-1-thread-2) 2.317ms
[21.912s][info][gc          ] Allocation Stall (pool-1-thread-1) 1.478ms
[21.912s][info][gc          ] Allocation Stall (pool-1-thread-3) 1.603ms
[21.935s][info][gc          ] Allocation Stall (pool-1-thread-3) 2.841ms
[21.945s][info][gc          ] Allocation Stall (pool-1-thread-1) 12.924ms
[21.946s][info][gc          ] Allocation Stall (pool-1-thread-4) 13.409ms
[21.946s][info][gc          ] Allocation Stall (pool-1-thread-2) 0.301ms
[21.947s][info][gc          ] Allocation Stall (pool-1-thread-3) 4.057ms
[21.951s][info][gc          ] Allocation Stall (pool-1-thread-2) 4.107ms
[21.959s][info][gc          ] Allocation Stall (pool-1-thread-4) 12.366ms
[21.960s][info][gc          ] Allocation Stall (pool-1-thread-1) 13.258ms
[21.960s][info][gc          ] Allocation Stall (pool-1-thread-3) 12.976ms
[22.013s][info][gc,phases   ] GC(120) Concurrent Relocate 156.436ms
[22.014s][info][gc,load     ] GC(120) Load: 2.33/0.78/0.33
[22.014s][info][gc,mmu      ] GC(120) MMU: 2ms/94.8%, 5ms/97.9%, 10ms/98.8%, 20ms/99.4%, 50ms/99.8%, 100ms/99.9%
[22.014s][info][gc,marking  ] GC(120) Mark: 2 stripe(s), 3 proactive flush(es), 1 terminate flush(es), 0 completion(s), 0 continuation(s) 
[22.014s][info][gc,marking  ] GC(120) Mark Stack Usage: 32M
[22.014s][info][gc,nmethod  ] GC(120) NMethods: 437 registered, 0 unregistered
[22.014s][info][gc,metaspace] GC(120) Metaspace: 6M used, 6M committed, 1088M reserved
[22.014s][info][gc,ref      ] GC(120) Soft: 34 encountered, 24 discovered, 0 enqueued
[22.014s][info][gc,ref      ] GC(120) Weak: 179 encountered, 0 discovered, 0 enqueued
[22.014s][info][gc,ref      ] GC(120) Final: 0 encountered, 0 discovered, 0 enqueued
[22.014s][info][gc,ref      ] GC(120) Phantom: 3 encountered, 1 discovered, 0 enqueued
[22.014s][info][gc,reloc    ] GC(120) Small Pages: 138 / 276M, Empty: 0M, Relocated: 94M, In-Place: 0
[22.014s][info][gc,reloc    ] GC(120) Medium Pages: 21 / 672M, Empty: 0M, Relocated: 218M, In-Place: 4
[22.014s][info][gc,reloc    ] GC(120) Large Pages: 0 / 0M, Empty: 0M, Relocated: 0M, In-Place: 0
[22.014s][info][gc,reloc    ] GC(120) Forwarding Usage: 0M
[22.014s][info][gc,heap     ] GC(120) Min Capacity: 1024M(100%)
[22.014s][info][gc,heap     ] GC(120) Max Capacity: 1024M(100%)
[22.014s][info][gc,heap     ] GC(120) Soft Max Capacity: 1024M(100%)
[22.014s][info][gc,heap     ] GC(120)                Mark Start          Mark End        Relocate Start      Relocate End           High               Low         
[22.014s][info][gc,heap     ] GC(120)  Capacity:     1024M (100%)       1024M (100%)       1024M (100%)       1024M (100%)       1024M (100%)       1024M (100%)   
[22.014s][info][gc,heap     ] GC(120)      Free:       44M (4%)           24M (2%)           24M (2%)           26M (3%)          128M (12%)           0M (0%)     
[22.014s][info][gc,heap     ] GC(120)      Used:      980M (96%)        1000M (98%)        1000M (98%)         998M (97%)        1024M (100%)        896M (88%)    
[22.014s][info][gc          ] Allocation Stall (pool-1-thread-1) 5.755ms
[22.014s][info][gc,heap     ] GC(120)      Live:         -               331M (32%)         331M (32%)         331M (32%)            -                  -          
[22.014s][info][gc,heap     ] GC(120) Allocated:         -                20M (2%)           20M (2%)          605M (59%)            -                  -          
[22.014s][info][gc,heap     ] GC(120)   Garbage:         -               648M (63%)         648M (63%)          60M (6%)             -                  -          
[22.014s][info][gc,heap     ] GC(120) Reclaimed:         -                  -                 0M (0%)          587M (57%)            -                  -          
[22.014s][info][gc          ] GC(120) Garbage Collection (Allocation Stall) 980M(96%)->998M(97%)
[22.039s][info][gc,start    ] GC(121) Garbage Collection (Allocation Stall)
[22.039s][info][gc,ref      ] GC(121) Clearing All SoftReferences
[22.039s][info][gc,task     ] GC(121) Using 3 workers
[22.040s][info][gc,phases   ] GC(121) Pause Mark Start 0.015ms
[22.046s][info][gc,phases   ] GC(121) Concurrent Mark 6.205ms
[22.046s][info][gc,phases   ] GC(121) Pause Mark End 0.013ms
[22.046s][info][gc,phases   ] GC(121) Concurrent Mark Free 0.001ms
[22.047s][info][gc,phases   ] GC(121) Concurrent Process Non-Strong References 0.640ms
[22.047s][info][gc,phases   ] GC(121) Concurrent Reset Relocation Set 0.009ms
[22.049s][info][gc          ] Allocation Stall (pool-1-thread-4) 9.918ms
[22.049s][info][gc,phases   ] GC(121) Concurrent Select Relocation Set 2.258ms
[22.050s][info][gc,phases   ] GC(121) Pause Relocate Start 0.028ms
[22.058s][info][gc          ] Allocation Stall (pool-1-thread-1) 18.064ms
[22.058s][info][gc          ] Allocation Stall (pool-1-thread-3) 18.041ms
[22.058s][info][gc          ] Allocation Stall (pool-1-thread-2) 18.063ms
[22.060s][info][gc          ] Allocation Stall (pool-1-thread-4) 11.126ms
[22.061s][info][gc          ] Allocation Stall (pool-1-thread-1) 2.829ms
[22.061s][info][gc          ] Allocation Stall (pool-1-thread-3) 2.953ms
[22.061s][info][gc          ] Allocation Stall (pool-1-thread-2) 3.054ms
[22.071s][info][gc          ] Allocation Stall (pool-1-thread-4) 2.444ms
[22.074s][info][gc          ] Allocation Stall (pool-1-thread-1) 5.900ms
[22.075s][info][gc          ] Allocation Stall (pool-1-thread-3) 6.152ms
[22.075s][info][gc          ] Allocation Stall (pool-1-thread-2) 6.757ms
[22.096s][info][gc          ] Allocation Stall (pool-1-thread-2) 2.460ms
[22.096s][info][gc          ] Allocation Stall (pool-1-thread-1) 1.773ms
[22.096s][info][gc          ] Allocation Stall (pool-1-thread-4) 3.040ms
[22.097s][info][gc          ] Allocation Stall (pool-1-thread-3) 3.444ms
[22.114s][info][gc          ] Allocation Stall (pool-1-thread-1) 7.022ms
[22.121s][info][gc          ] Allocation Stall (pool-1-thread-3) 0.347ms
[22.132s][info][gc          ] Allocation Stall (pool-1-thread-1) 3.678ms
[22.138s][info][gc          ] Allocation Stall (pool-1-thread-4) 8.769ms
[22.138s][info][gc          ] Allocation Stall (pool-1-thread-2) 9.168ms
[22.138s][info][gc          ] Allocation Stall (pool-1-thread-3) 9.275ms
[22.160s][info][gc          ] Allocation Stall (pool-1-thread-2) 3.426ms
[22.161s][info][gc          ] Allocation Stall (pool-1-thread-1) 4.928ms
[22.170s][info][gc          ] Relocation Stall (main) 120.126ms
[22.174s][info][gc          ] Allocation Stall (pool-1-thread-3) 17.493ms
[22.180s][info][gc          ] Allocation Stall (pool-1-thread-4) 23.520ms
[22.180s][info][gc          ] Allocation Stall (pool-1-thread-2) 20.182ms
[22.182s][info][gc          ] Allocation Stall (pool-1-thread-1) 4.489ms
[22.210s][info][gc          ] Allocation Stall (pool-1-thread-2) 0.538ms
[22.217s][info][gc          ] Allocation Stall (pool-1-thread-4) 6.483ms
[22.223s][info][gc          ] Allocation Stall (pool-1-thread-3) 12.776ms
[22.224s][info][gc          ] Allocation Stall (pool-1-thread-2) 5.828ms
[22.227s][info][gc,phases   ] GC(121) Concurrent Relocate 177.218ms
[22.227s][info][gc,load     ] GC(121) Load: 2.33/0.78/0.33
[22.227s][info][gc,mmu      ] GC(121) MMU: 2ms/94.8%, 5ms/97.9%, 10ms/98.8%, 20ms/99.4%, 50ms/99.8%, 100ms/99.9%
[22.227s][info][gc,marking  ] GC(121) Mark: 2 stripe(s), 2 proactive flush(es), 1 terminate flush(es), 0 completion(s), 0 continuation(s) 
[22.227s][info][gc,marking  ] GC(121) Mark Stack Usage: 32M
[22.227s][info][gc,nmethod  ] GC(121) NMethods: 437 registered, 0 unregistered
[22.227s][info][gc,metaspace] GC(121) Metaspace: 6M used, 6M committed, 1088M reserved
[22.227s][info][gc,ref      ] GC(121) Soft: 34 encountered, 22 discovered, 0 enqueued
[22.227s][info][gc,ref      ] GC(121) Weak: 179 encountered, 0 discovered, 0 enqueued
[22.227s][info][gc,ref      ] GC(121) Final: 0 encountered, 0 discovered, 0 enqueued
[22.227s][info][gc,ref      ] GC(121) Phantom: 3 encountered, 2 discovered, 0 enqueued
[22.227s][info][gc,reloc    ] GC(121) Small Pages: 144 / 288M, Empty: 2M, Relocated: 96M, In-Place: 3
[22.227s][info][gc,reloc    ] GC(121) Medium Pages: 23 / 736M, Empty: 0M, Relocated: 251M, In-Place: 4
[22.227s][info][gc,reloc    ] GC(121) Large Pages: 0 / 0M, Empty: 0M, Relocated: 0M, In-Place: 0
[22.227s][info][gc,reloc    ] GC(121) Forwarding Usage: 0M
[22.227s][info][gc,heap     ] GC(121) Min Capacity: 1024M(100%)
[22.227s][info][gc,heap     ] GC(121) Max Capacity: 1024M(100%)
[22.227s][info][gc,heap     ] GC(121) Soft Max Capacity: 1024M(100%)
[22.227s][info][gc,heap     ] GC(121)                Mark Start          Mark End        Relocate Start      Relocate End           High               Low         
[22.227s][info][gc,heap     ] GC(121)  Capacity:     1024M (100%)       1024M (100%)       1024M (100%)       1024M (100%)       1024M (100%)       1024M (100%)   
[22.227s][info][gc,heap     ] GC(121)      Free:        0M (0%)            0M (0%)            0M (0%)           54M (5%)           94M (9%)            0M (0%)     
[22.227s][info][gc,heap     ] GC(121)      Used:     1024M (100%)       1024M (100%)       1024M (100%)        970M (95%)        1024M (100%)        930M (91%)    
[22.227s][info][gc,heap     ] GC(121)      Live:         -               351M (34%)         351M (34%)         351M (34%)            -                  -          
[22.227s][info][gc,heap     ] GC(121) Allocated:         -                 0M (0%)            2M (0%)          607M (59%)            -                  -          
[22.227s][info][gc,heap     ] GC(121)   Garbage:         -               672M (66%)         670M (65%)          10M (1%)             -                  -          
[22.227s][info][gc,heap     ] GC(121) Reclaimed:         -                  -                 2M (0%)          661M (65%)            -                  -          
[22.227s][info][gc          ] GC(121) Garbage Collection (Allocation Stall) 1024M(100%)->970M(95%)
[22.265s][info][gc,start    ] GC(122) Garbage Collection (Allocation Stall)
[22.265s][info][gc,ref      ] GC(122) Clearing All SoftReferences
[22.265s][info][gc,task     ] GC(122) Using 3 workers
[22.266s][info][gc,phases   ] GC(122) Pause Mark Start 0.021ms
[22.271s][info][gc,phases   ] GC(122) Concurrent Mark 5.499ms
[22.272s][info][gc,phases   ] GC(122) Pause Mark End 0.027ms
[22.272s][info][gc,phases   ] GC(122) Concurrent Mark Free 0.002ms
[22.273s][info][gc,phases   ] GC(122) Concurrent Process Non-Strong References 1.025ms
[22.273s][info][gc,phases   ] GC(122) Concurrent Reset Relocation Set 0.026ms
[22.276s][info][gc,phases   ] GC(122) Concurrent Select Relocation Set 3.062ms
[22.277s][info][gc,phases   ] GC(122) Pause Relocate Start 0.013ms
[22.291s][info][gc          ] Allocation Stall (pool-1-thread-3) 24.761ms
[22.293s][info][gc          ] Allocation Stall (pool-1-thread-3) 0.221ms
[22.365s][info][gc          ] Relocation Stall (pool-1-thread-4) 82.940ms
[22.365s][info][gc          ] Relocation Stall (pool-1-thread-2) 81.503ms
[22.365s][info][gc          ] Relocation Stall (main) 88.412ms
[22.365s][info][gc          ] Allocation Stall (pool-1-thread-2) 99.439ms
[22.365s][info][gc          ] Allocation Stall (pool-1-thread-4) 99.480ms
[22.391s][info][gc          ] Relocation Stall (pool-1-thread-1) 106.657ms
[22.391s][info][gc          ] Allocation Stall (pool-1-thread-1) 124.954ms
[22.422s][info][gc,phases   ] GC(122) Concurrent Relocate 144.736ms
[22.422s][info][gc,load     ] GC(122) Load: 2.33/0.78/0.33
[22.422s][info][gc,mmu      ] GC(122) MMU: 2ms/94.8%, 5ms/97.9%, 10ms/98.8%, 20ms/99.4%, 50ms/99.8%, 100ms/99.9%
[22.422s][info][gc,marking  ] GC(122) Mark: 2 stripe(s), 2 proactive flush(es), 1 terminate flush(es), 0 completion(s), 0 continuation(s) 
[22.422s][info][gc,marking  ] GC(122) Mark Stack Usage: 32M
[22.422s][info][gc,nmethod  ] GC(122) NMethods: 437 registered, 0 unregistered
[22.422s][info][gc,metaspace] GC(122) Metaspace: 6M used, 6M committed, 1088M reserved
[22.422s][info][gc,ref      ] GC(122) Soft: 34 encountered, 14 discovered, 0 enqueued
[22.422s][info][gc,ref      ] GC(122) Weak: 179 encountered, 39 discovered, 0 enqueued
[22.422s][info][gc,ref      ] GC(122) Final: 0 encountered, 0 discovered, 0 enqueued
[22.422s][info][gc,ref      ] GC(122) Phantom: 3 encountered, 1 discovered, 0 enqueued
[22.422s][info][gc,reloc    ] GC(122) Small Pages: 143 / 286M, Empty: 0M, Relocated: 103M, In-Place: 0
[22.422s][info][gc,reloc    ] GC(122) Medium Pages: 23 / 736M, Empty: 0M, Relocated: 242M, In-Place: 2
[22.422s][info][gc,reloc    ] GC(122) Large Pages: 0 / 0M, Empty: 0M, Relocated: 0M, In-Place: 0
[22.422s][info][gc,reloc    ] GC(122) Forwarding Usage: 0M
[22.422s][info][gc,heap     ] GC(122) Min Capacity: 1024M(100%)
[22.422s][info][gc,heap     ] GC(122) Max Capacity: 1024M(100%)
[22.422s][info][gc,heap     ] GC(122) Soft Max Capacity: 1024M(100%)
[22.422s][info][gc,heap     ] GC(122)                Mark Start          Mark End        Relocate Start      Relocate End           High               Low         
[22.422s][info][gc,heap     ] GC(122)  Capacity:     1024M (100%)       1024M (100%)       1024M (100%)       1024M (100%)       1024M (100%)       1024M (100%)   
[22.422s][info][gc,heap     ] GC(122)      Free:        2M (0%)            0M (0%)            0M (0%)          214M (21%)         332M (32%)           0M (0%)     
[22.422s][info][gc,heap     ] GC(122)      Used:     1022M (100%)       1024M (100%)       1024M (100%)        810M (79%)        1024M (100%)        692M (68%)    
[22.422s][info][gc,heap     ] GC(122)      Live:         -               346M (34%)         346M (34%)         346M (34%)            -                  -          
[22.422s][info][gc,heap     ] GC(122) Allocated:         -                 2M (0%)            2M (0%)          445M (44%)            -                  -          
[22.422s][info][gc,heap     ] GC(122)   Garbage:         -               675M (66%)         675M (66%)          17M (2%)             -                  -          
[22.422s][info][gc,heap     ] GC(122) Reclaimed:         -                  -                 0M (0%)          657M (64%)            -                  -          
[22.422s][info][gc          ] GC(122) Garbage Collection (Allocation Stall) 1022M(100%)->810M(79%)
[22.447s][info][gc,start    ] GC(123) Garbage Collection (Allocation Stall)
[22.447s][info][gc,ref      ] GC(123) Clearing All SoftReferences
[22.447s][info][gc,task     ] GC(123) Using 3 workers
[22.450s][info][gc,phases   ] GC(123) Pause Mark Start 0.015ms
[22.455s][info][gc,phases   ] GC(123) Concurrent Mark 5.029ms
[22.455s][info][gc,phases   ] GC(123) Pause Mark End 0.011ms
[22.455s][info][gc,phases   ] GC(123) Concurrent Mark Free 0.001ms
[22.456s][info][gc,phases   ] GC(123) Concurrent Process Non-Strong References 0.748ms
[22.456s][info][gc,phases   ] GC(123) Concurrent Reset Relocation Set 0.011ms
[22.457s][info][gc,phases   ] GC(123) Concurrent Select Relocation Set 1.460ms
[22.458s][info][gc,phases   ] GC(123) Pause Relocate Start 0.025ms
[22.463s][info][gc          ] Allocation Stall (pool-1-thread-2) 16.035ms
[22.463s][info][gc          ] Allocation Stall (pool-1-thread-3) 16.214ms
[22.464s][info][gc          ] Allocation Stall (pool-1-thread-1) 16.443ms
[22.464s][info][gc          ] Allocation Stall (pool-1-thread-4) 13.699ms
[22.495s][info][gc          ] Allocation Stall (pool-1-thread-4) 3.605ms
[22.495s][info][gc          ] Allocation Stall (pool-1-thread-1) 3.888ms
[22.496s][info][gc          ] Allocation Stall (pool-1-thread-3) 4.044ms
[22.497s][info][gc          ] Allocation Stall (pool-1-thread-2) 4.088ms
[22.520s][info][gc          ] Allocation Stall (pool-1-thread-4) 6.306ms
[22.529s][info][gc          ] Allocation Stall (pool-1-thread-1) 15.763ms
[22.530s][info][gc          ] Allocation Stall (pool-1-thread-3) 16.025ms
[22.530s][info][gc          ] Allocation Stall (pool-1-thread-2) 16.300ms
[22.546s][info][gc          ] Allocation Stall (pool-1-thread-4) 4.458ms
[22.546s][info][gc          ] Allocation Stall (pool-1-thread-1) 2.320ms
[22.546s][info][gc          ] Allocation Stall (pool-1-thread-2) 5.147ms
[22.563s][info][gc          ] Allocation Stall (pool-1-thread-3) 18.748ms
[22.570s][info][gc          ] Allocation Stall (pool-1-thread-4) 23.583ms
[22.574s][info][gc          ] Allocation Stall (pool-1-thread-2) 16.166ms
[22.574s][info][gc          ] Allocation Stall (pool-1-thread-1) 16.308ms
[22.627s][info][gc          ] Allocation Stall (pool-1-thread-2) 0.736ms
[22.633s][info][gc,phases   ] GC(123) Concurrent Relocate 175.051ms
[22.633s][info][gc,load     ] GC(123) Load: 2.33/0.78/0.33
[22.633s][info][gc,mmu      ] GC(123) MMU: 2ms/94.8%, 5ms/97.9%, 10ms/98.8%, 20ms/99.4%, 50ms/99.8%, 100ms/99.9%
[22.633s][info][gc,marking  ] GC(123) Mark: 2 stripe(s), 4 proactive flush(es), 1 terminate flush(es), 0 completion(s), 0 continuation(s) 
[22.633s][info][gc,marking  ] GC(123) Mark Stack Usage: 32M
[22.633s][info][gc,nmethod  ] GC(123) NMethods: 437 registered, 0 unregistered
[22.633s][info][gc,metaspace] GC(123) Metaspace: 6M used, 6M committed, 1088M reserved
[22.633s][info][gc,ref      ] GC(123) Soft: 34 encountered, 10 discovered, 0 enqueued
[22.633s][info][gc,ref      ] GC(123) Weak: 179 encountered, 15 discovered, 0 enqueued
[22.633s][info][gc,ref      ] GC(123) Final: 0 encountered, 0 discovered, 0 enqueued
[22.633s][info][gc,ref      ] GC(123) Phantom: 3 encountered, 1 discovered, 0 enqueued
[22.633s][info][gc,reloc    ] GC(123) Small Pages: 145 / 290M, Empty: 0M, Relocated: 97M, In-Place: 1
[22.633s][info][gc,reloc    ] GC(123) Medium Pages: 22 / 704M, Empty: 0M, Relocated: 251M, In-Place: 6
[22.633s][info][gc,reloc    ] GC(123) Large Pages: 0 / 0M, Empty: 0M, Relocated: 0M, In-Place: 0
[22.633s][info][gc,reloc    ] GC(123) Forwarding Usage: 0M
[22.633s][info][gc,heap     ] GC(123) Min Capacity: 1024M(100%)
[22.633s][info][gc,heap     ] GC(123) Max Capacity: 1024M(100%)
[22.633s][info][gc,heap     ] GC(123) Soft Max Capacity: 1024M(100%)
[22.633s][info][gc,heap     ] GC(123)                Mark Start          Mark End        Relocate Start      Relocate End           High               Low         
[22.633s][info][gc,heap     ] GC(123)  Capacity:     1024M (100%)       1024M (100%)       1024M (100%)       1024M (100%)       1024M (100%)       1024M (100%)   
[22.633s][info][gc,heap     ] GC(123)      Free:       30M (3%)           28M (3%)           28M (3%)           22M (2%)          108M (11%)           0M (0%)     
[22.633s][info][gc,heap     ] GC(123)      Used:      994M (97%)         996M (97%)         996M (97%)        1002M (98%)        1024M (100%)        916M (89%)    
[22.633s][info][gc,heap     ] GC(123)      Live:         -               350M (34%)         350M (34%)         350M (34%)            -                  -          
[22.633s][info][gc,heap     ] GC(123) Allocated:         -                 2M (0%)            2M (0%)          639M (62%)            -                  -          
[22.633s][info][gc,heap     ] GC(123)   Garbage:         -               643M (63%)         643M (63%)          11M (1%)             -                  -          
[22.633s][info][gc,heap     ] GC(123) Reclaimed:         -                  -                 0M (0%)          631M (62%)            -                  -          
[22.633s][info][gc          ] GC(123) Garbage Collection (Allocation Stall) 994M(97%)->1002M(98%)
[22.633s][info][gc,start    ] GC(124) Garbage Collection (Allocation Stall)
[22.633s][info][gc,ref      ] GC(124) Clearing All SoftReferences
[22.633s][info][gc,task     ] GC(124) Using 3 workers
[22.634s][info][gc,phases   ] GC(124) Pause Mark Start 0.015ms
[22.634s][info][gc          ] Allocation Stall (pool-1-thread-3) 6.978ms
[22.652s][info][gc,phases   ] GC(124) Concurrent Mark 17.801ms
[22.653s][info][gc,phases   ] GC(124) Pause Mark End 0.030ms
[22.653s][info][gc,phases   ] GC(124) Concurrent Mark Free 0.001ms
[22.654s][info][gc,phases   ] GC(124) Concurrent Process Non-Strong References 1.042ms
[22.654s][info][gc,phases   ] GC(124) Concurrent Reset Relocation Set 0.020ms
[22.657s][info][gc,phases   ] GC(124) Concurrent Select Relocation Set 2.899ms
[22.657s][info][gc,phases   ] GC(124) Pause Relocate Start 0.012ms
[22.663s][info][gc          ] Allocation Stall (pool-1-thread-2) 19.003ms
[22.663s][info][gc          ] Allocation Stall (pool-1-thread-4) 10.135ms
[22.663s][info][gc          ] Allocation Stall (pool-1-thread-1) 11.853ms
[22.663s][info][gc          ] Allocation Stall (pool-1-thread-3) 11.550ms
[22.693s][info][gc          ] Allocation Stall (pool-1-thread-4) 3.543ms
[22.699s][info][gc          ] Allocation Stall (pool-1-thread-1) 10.147ms
[22.700s][info][gc          ] Allocation Stall (pool-1-thread-3) 10.441ms
[22.701s][info][gc          ] Allocation Stall (pool-1-thread-2) 7.087ms
[22.728s][info][gc          ] Allocation Stall (pool-1-thread-1) 8.805ms
[22.728s][info][gc          ] Allocation Stall (pool-1-thread-2) 3.168ms
[22.728s][info][gc          ] Allocation Stall (pool-1-thread-3) 6.123ms
[22.728s][info][gc          ] Allocation Stall (pool-1-thread-4) 5.073ms
[22.735s][info][gc          ] Allocation Stall (pool-1-thread-1) 3.417ms
[22.746s][info][gc          ] Allocation Stall (pool-1-thread-4) 14.558ms
[22.746s][info][gc          ] Allocation Stall (pool-1-thread-3) 14.900ms
[22.747s][info][gc          ] Allocation Stall (pool-1-thread-2) 14.862ms
[22.764s][info][gc          ] Allocation Stall (pool-1-thread-2) 14.562ms
[22.767s][info][gc          ] Allocation Stall (pool-1-thread-1) 9.225ms
[22.767s][info][gc          ] Allocation Stall (pool-1-thread-4) 8.467ms
[22.768s][info][gc          ] Relocation Stall (main) 110.864ms
[22.769s][info][gc          ] Allocation Stall (pool-1-thread-3) 9.845ms
[22.770s][info][gc          ] Allocation Stall (pool-1-thread-2) 4.076ms
[22.770s][info][gc          ] Allocation Stall (pool-1-thread-4) 0.345ms
[22.795s][info][gc          ] Allocation Stall (pool-1-thread-3) 4.366ms
[22.798s][info][gc          ] Allocation Stall (pool-1-thread-4) 6.941ms
[22.804s][info][gc          ] Allocation Stall (pool-1-thread-2) 9.244ms
[22.822s][info][gc,phases   ] GC(124) Concurrent Relocate 164.555ms
[22.822s][info][gc,load     ] GC(124) Load: 2.33/0.78/0.33
[22.822s][info][gc,mmu      ] GC(124) MMU: 2ms/94.8%, 5ms/97.9%, 10ms/98.8%, 20ms/99.4%, 50ms/99.8%, 100ms/99.9%
[22.822s][info][gc,marking  ] GC(124) Mark: 2 stripe(s), 2 proactive flush(es), 1 terminate flush(es), 0 completion(s), 0 continuation(s) 
[22.822s][info][gc,marking  ] GC(124) Mark Stack Usage: 32M
[22.822s][info][gc,nmethod  ] GC(124) NMethods: 437 registered, 0 unregistered
[22.822s][info][gc,metaspace] GC(124) Metaspace: 6M used, 6M committed, 1088M reserved
[22.822s][info][gc,ref      ] GC(124) Soft: 34 encountered, 23 discovered, 0 enqueued
[22.822s][info][gc,ref      ] GC(124) Weak: 179 encountered, 15 discovered, 0 enqueued
[22.822s][info][gc,ref      ] GC(124) Final: 0 encountered, 0 discovered, 0 enqueued
[22.822s][info][gc,ref      ] GC(124) Phantom: 3 encountered, 1 discovered, 0 enqueued
[22.822s][info][gc,reloc    ] GC(124) Small Pages: 133 / 266M, Empty: 0M, Relocated: 90M, In-Place: 2
[22.822s][info][gc,reloc    ] GC(124) Medium Pages: 21 / 672M, Empty: 0M, Relocated: 240M, In-Place: 6
[22.822s][info][gc,reloc    ] GC(124) Large Pages: 0 / 0M, Empty: 0M, Relocated: 0M, In-Place: 0
[22.822s][info][gc,reloc    ] GC(124) Forwarding Usage: 0M
[22.822s][info][gc,heap     ] GC(124) Min Capacity: 1024M(100%)
[22.822s][info][gc,heap     ] GC(124) Max Capacity: 1024M(100%)
[22.822s][info][gc,heap     ] GC(124) Soft Max Capacity: 1024M(100%)
[22.822s][info][gc,heap     ] GC(124)                Mark Start          Mark End        Relocate Start      Relocate End           High               Low         
[22.822s][info][gc,heap     ] GC(124)  Capacity:     1024M (100%)       1024M (100%)       1024M (100%)       1024M (100%)       1024M (100%)       1024M (100%)   
[22.822s][info][gc,heap     ] GC(124)      Free:       54M (5%)            0M (0%)            0M (0%)           84M (8%)           90M (9%)            0M (0%)     
[22.822s][info][gc,heap     ] GC(124)      Used:      970M (95%)        1024M (100%)       1024M (100%)        940M (92%)        1024M (100%)        934M (91%)    
[22.822s][info][gc,heap     ] GC(124)      Live:         -               334M (33%)         334M (33%)         334M (33%)            -                  -          
[22.822s][info][gc,heap     ] GC(124) Allocated:         -                54M (5%)           54M (5%)          553M (54%)            -                  -          
[22.822s][info][gc,heap     ] GC(124)   Garbage:         -               635M (62%)         635M (62%)          51M (5%)             -                  -          
[22.822s][info][gc,heap     ] GC(124) Reclaimed:         -                  -                 0M (0%)          583M (57%)            -                  -          
[22.822s][info][gc          ] GC(124) Garbage Collection (Allocation Stall) 970M(95%)->940M(92%)
[22.851s][info][gc,start    ] GC(125) Garbage Collection (Allocation Stall)
[22.851s][info][gc,ref      ] GC(125) Clearing All SoftReferences
[22.851s][info][gc,task     ] GC(125) Using 3 workers
[22.854s][info][gc,phases   ] GC(125) Pause Mark Start 0.014ms
[22.860s][info][gc,phases   ] GC(125) Concurrent Mark 5.582ms
[22.860s][info][gc,phases   ] GC(125) Pause Mark End 0.015ms
[22.861s][info][gc,phases   ] GC(125) Concurrent Mark Free 0.001ms
[22.861s][info][gc,phases   ] GC(125) Concurrent Process Non-Strong References 0.700ms
[22.861s][info][gc,phases   ] GC(125) Concurrent Reset Relocation Set 0.011ms
[22.863s][info][gc,phases   ] GC(125) Concurrent Select Relocation Set 1.870ms
[22.863s][info][gc,phases   ] GC(125) Pause Relocate Start 0.010ms
[22.869s][info][gc          ] Allocation Stall (pool-1-thread-4) 14.380ms
[22.869s][info][gc          ] Allocation Stall (pool-1-thread-3) 14.633ms
[22.874s][info][gc          ] Allocation Stall (pool-1-thread-4) 4.016ms
[22.876s][info][gc          ] Allocation Stall (pool-1-thread-3) 6.321ms
[22.961s][info][gc          ] Relocation Stall (main) 97.309ms
[22.961s][info][gc          ] Relocation Stall (pool-1-thread-2) 92.620ms
[22.962s][info][gc          ] Allocation Stall (pool-1-thread-2) 110.541ms
[22.963s][info][gc          ] Relocation Stall (pool-1-thread-1) 94.675ms
[22.964s][info][gc          ] Allocation Stall (pool-1-thread-1) 109.068ms
[23.015s][info][gc          ] Allocation Stall (pool-1-thread-2) 2.016ms
[23.018s][info][gc,phases   ] GC(125) Concurrent Relocate 154.343ms
[23.018s][info][gc,load     ] GC(125) Load: 2.33/0.78/0.33
[23.018s][info][gc,mmu      ] GC(125) MMU: 2ms/94.8%, 5ms/97.9%, 10ms/98.8%, 20ms/99.4%, 50ms/99.8%, 100ms/99.9%
[23.018s][info][gc,marking  ] GC(125) Mark: 2 stripe(s), 2 proactive flush(es), 1 terminate flush(es), 0 completion(s), 0 continuation(s) 
[23.018s][info][gc,marking  ] GC(125) Mark Stack Usage: 32M
[23.018s][info][gc,nmethod  ] GC(125) NMethods: 437 registered, 0 unregistered
[23.018s][info][gc,metaspace] GC(125) Metaspace: 6M used, 6M committed, 1088M reserved
[23.018s][info][gc,ref      ] GC(125) Soft: 34 encountered, 20 discovered, 0 enqueued
[23.018s][info][gc,ref      ] GC(125) Weak: 179 encountered, 5 discovered, 0 enqueued
[23.018s][info][gc,ref      ] GC(125) Final: 0 encountered, 0 discovered, 0 enqueued
[23.018s][info][gc,ref      ] GC(125) Phantom: 3 encountered, 1 discovered, 0 enqueued
[23.018s][info][gc,reloc    ] GC(125) Small Pages: 144 / 288M, Empty: 0M, Relocated: 94M, In-Place: 1
[23.018s][info][gc,reloc    ] GC(125) Medium Pages: 23 / 736M, Empty: 0M, Relocated: 248M, In-Place: 3
[23.018s][info][gc,reloc    ] GC(125) Large Pages: 0 / 0M, Empty: 0M, Relocated: 0M, In-Place: 0
[23.018s][info][gc,reloc    ] GC(125) Forwarding Usage: 0M
[23.018s][info][gc,heap     ] GC(125) Min Capacity: 1024M(100%)
[23.018s][info][gc,heap     ] GC(125) Max Capacity: 1024M(100%)
[23.018s][info][gc,heap     ] GC(125) Soft Max Capacity: 1024M(100%)
[23.018s][info][gc,heap     ] GC(125)                Mark Start          Mark End        Relocate Start      Relocate End           High               Low         
[23.018s][info][gc,heap     ] GC(125)  Capacity:     1024M (100%)       1024M (100%)       1024M (100%)       1024M (100%)       1024M (100%)       1024M (100%)   
[23.018s][info][gc,heap     ] GC(125)      Free:        0M (0%)            0M (0%)            0M (0%)           10M (1%)          146M (14%)           0M (0%)     
[23.018s][info][gc,heap     ] GC(125)      Used:     1024M (100%)       1024M (100%)       1024M (100%)       1014M (99%)        1024M (100%)        878M (86%)    
[23.018s][info][gc,heap     ] GC(125)      Live:         -               349M (34%)         349M (34%)         349M (34%)            -                  -          
[23.018s][info][gc,heap     ] GC(125) Allocated:         -                 0M (0%)            0M (0%)          649M (63%)            -                  -          
[23.018s][info][gc,heap     ] GC(125)   Garbage:         -               674M (66%)         674M (66%)          14M (1%)             -                  -          
[23.018s][info][gc,heap     ] GC(125) Reclaimed:         -                  -                 0M (0%)          659M (64%)            -                  -          
[23.018s][info][gc          ] GC(125) Garbage Collection (Allocation Stall) 1024M(100%)->1014M(99%)
[23.018s][info][gc,start    ] GC(126) Garbage Collection (Allocation Stall)
[23.018s][info][gc,ref      ] GC(126) Clearing All SoftReferences
[23.018s][info][gc,task     ] GC(126) Using 3 workers
[23.023s][info][gc,phases   ] GC(126) Pause Mark Start 0.009ms
[23.023s][info][gc          ] Allocation Stall (pool-1-thread-3) 10.143ms
[23.031s][info][gc,phases   ] GC(126) Concurrent Mark 8.156ms
[23.031s][info][gc,phases   ] GC(126) Pause Mark End 0.024ms
[23.032s][info][gc,phases   ] GC(126) Concurrent Mark Free 0.001ms
[23.032s][info][gc,phases   ] GC(126) Concurrent Process Non-Strong References 0.820ms
[23.033s][info][gc,phases   ] GC(126) Concurrent Reset Relocation Set 0.052ms
[23.034s][info][gc,phases   ] GC(126) Concurrent Select Relocation Set 1.502ms
[23.034s][info][gc,phases   ] GC(126) Pause Relocate Start 0.006ms
[23.037s][info][gc          ] Allocation Stall (pool-1-thread-3) 6.388ms
[23.041s][info][gc          ] Allocation Stall (pool-1-thread-1) 10.493ms
[23.041s][info][gc          ] Allocation Stall (pool-1-thread-2) 10.513ms
[23.041s][info][gc          ] Allocation Stall (pool-1-thread-4) 10.762ms
[23.081s][info][gc          ] Allocation Stall (pool-1-thread-2) 0.783ms
[23.081s][info][gc          ] Allocation Stall (pool-1-thread-3) 2.855ms
[23.081s][info][gc          ] Allocation Stall (pool-1-thread-1) 2.103ms
[23.081s][info][gc          ] Allocation Stall (pool-1-thread-4) 2.114ms
[23.088s][info][gc          ] Allocation Stall (pool-1-thread-2) 4.956ms
[23.096s][info][gc          ] Allocation Stall (pool-1-thread-4) 12.461ms
[23.096s][info][gc          ] Allocation Stall (pool-1-thread-1) 12.781ms
[23.097s][info][gc          ] Allocation Stall (pool-1-thread-3) 12.951ms
[23.114s][info][gc          ] Allocation Stall (pool-1-thread-1) 6.687ms
[23.114s][info][gc          ] Allocation Stall (pool-1-thread-2) 6.179ms
[23.114s][info][gc          ] Allocation Stall (pool-1-thread-3) 4.223ms
[23.114s][info][gc          ] Allocation Stall (pool-1-thread-4) 4.029ms
[23.123s][info][gc          ] Allocation Stall (pool-1-thread-4) 3.349ms
[23.125s][info][gc          ] Allocation Stall (pool-1-thread-1) 4.653ms
[23.126s][info][gc          ] Allocation Stall (pool-1-thread-2) 5.873ms
[23.126s][info][gc          ] Allocation Stall (pool-1-thread-3) 6.041ms
[23.157s][info][gc          ] Allocation Stall (pool-1-thread-4) 3.646ms
[23.157s][info][gc          ] Allocation Stall (pool-1-thread-2) 3.884ms
[23.164s][info][gc,phases   ] GC(126) Concurrent Relocate 129.596ms
[23.164s][info][gc,load     ] GC(126) Load: 2.33/0.78/0.33
[23.164s][info][gc,mmu      ] GC(126) MMU: 2ms/94.8%, 5ms/97.9%, 10ms/98.8%, 20ms/99.4%, 50ms/99.8%, 100ms/99.9%
[23.164s][info][gc,marking  ] GC(126) Mark: 2 stripe(s), 2 proactive flush(es), 1 terminate flush(es), 0 completion(s), 0 continuation(s) 
[23.164s][info][gc,marking  ] GC(126) Mark Stack Usage: 32M
[23.164s][info][gc,nmethod  ] GC(126) NMethods: 437 registered, 0 unregistered
[23.164s][info][gc,metaspace] GC(126) Metaspace: 6M used, 6M committed, 1088M reserved
[23.164s][info][gc,ref      ] GC(126) Soft: 34 encountered, 8 discovered, 0 enqueued
[23.164s][info][gc,ref      ] GC(126) Weak: 179 encountered, 83 discovered, 0 enqueued
[23.164s][info][gc,ref      ] GC(126) Final: 0 encountered, 0 discovered, 0 enqueued
[23.164s][info][gc,ref      ] GC(126) Phantom: 3 encountered, 2 discovered, 0 enqueued
[23.164s][info][gc,reloc    ] GC(126) Small Pages: 139 / 278M, Empty: 0M, Relocated: 96M, In-Place: 0
[23.164s][info][gc,reloc    ] GC(126) Medium Pages: 21 / 672M, Empty: 0M, Relocated: 214M, In-Place: 5
[23.164s][info][gc,reloc    ] GC(126) Large Pages: 0 / 0M, Empty: 0M, Relocated: 0M, In-Place: 0
[23.164s][info][gc,reloc    ] GC(126) Forwarding Usage: 0M
[23.164s][info][gc,heap     ] GC(126) Min Capacity: 1024M(100%)
[23.164s][info][gc,heap     ] GC(126) Max Capacity: 1024M(100%)
[23.164s][info][gc,heap     ] GC(126) Soft Max Capacity: 1024M(100%)
[23.164s][info][gc,heap     ] GC(126)                Mark Start          Mark End        Relocate Start      Relocate End           High               Low         
[23.164s][info][gc,heap     ] GC(126)  Capacity:     1024M (100%)       1024M (100%)       1024M (100%)       1024M (100%)       1024M (100%)       1024M (100%)   
[23.164s][info][gc,heap     ] GC(126)      Free:       42M (4%)           22M (2%)           22M (2%)           86M (8%)           98M (10%)           0M (0%)     
[23.164s][info][gc,heap     ] GC(126)      Used:      982M (96%)        1002M (98%)        1002M (98%)         938M (92%)        1024M (100%)        926M (90%)    
[23.164s][info][gc,heap     ] GC(126)      Live:         -               329M (32%)         329M (32%)         329M (32%)            -                  -          
[23.164s][info][gc,heap     ] GC(126) Allocated:         -                20M (2%)           20M (2%)          545M (53%)            -                  -          
[23.164s][info][gc,heap     ] GC(126)   Garbage:         -               652M (64%)         652M (64%)          62M (6%)             -                  -          
[23.164s][info][gc,heap     ] GC(126) Reclaimed:         -                  -                 0M (0%)          589M (58%)            -                  -          
[23.164s][info][gc          ] GC(126) Garbage Collection (Allocation Stall) 982M(96%)->938M(92%)
[23.165s][info][gc,start    ] GC(127) Garbage Collection (Allocation Stall)
[23.165s][info][gc,ref      ] GC(127) Clearing All SoftReferences
[23.165s][info][gc,task     ] GC(127) Using 3 workers
[23.165s][info][gc,phases   ] GC(127) Pause Mark Start 0.057ms
[23.177s][info][gc,phases   ] GC(127) Concurrent Mark 11.660ms
[23.177s][info][gc,phases   ] GC(127) Pause Mark End 0.011ms
[23.177s][info][gc,phases   ] GC(127) Concurrent Mark Free 0.001ms
[23.178s][info][gc,phases   ] GC(127) Concurrent Process Non-Strong References 0.615ms
[23.178s][info][gc,phases   ] GC(127) Concurrent Reset Relocation Set 0.012ms
[23.183s][info][gc,phases   ] GC(127) Concurrent Select Relocation Set 5.260ms
[23.184s][info][gc,phases   ] GC(127) Pause Relocate Start 0.008ms
[23.189s][info][gc          ] Allocation Stall (pool-1-thread-4) 15.777ms
[23.189s][info][gc          ] Allocation Stall (pool-1-thread-3) 13.297ms
[23.189s][info][gc          ] Allocation Stall (pool-1-thread-2) 16.073ms
[23.190s][info][gc          ] Allocation Stall (pool-1-thread-1) 7.217ms
[23.236s][info][gc          ] Allocation Stall (pool-1-thread-3) 1.499ms
[23.241s][info][gc          ] Allocation Stall (pool-1-thread-1) 6.306ms
[23.241s][info][gc          ] Allocation Stall (pool-1-thread-4) 6.461ms
[23.242s][info][gc          ] Allocation Stall (pool-1-thread-2) 6.499ms
[23.242s][info][gc          ] Allocation Stall (pool-1-thread-3) 2.572ms
[23.250s][info][gc          ] Allocation Stall (pool-1-thread-4) 2.084ms
[23.263s][info][gc          ] Allocation Stall (pool-1-thread-1) 15.078ms
[23.263s][info][gc          ] Allocation Stall (pool-1-thread-3) 15.491ms
[23.264s][info][gc          ] Allocation Stall (pool-1-thread-2) 15.700ms
[23.264s][info][gc          ] Allocation Stall (pool-1-thread-4) 2.223ms
[23.274s][info][gc          ] Allocation Stall (pool-1-thread-4) 2.237ms
[23.274s][info][gc          ] Allocation Stall (pool-1-thread-1) 4.665ms
[23.274s][info][gc          ] Allocation Stall (pool-1-thread-3) 2.025ms
[23.274s][info][gc          ] Allocation Stall (pool-1-thread-2) 4.637ms
[23.278s][info][gc          ] Relocation Stall (main) 94.040ms
[23.278s][info][gc          ] Allocation Stall (pool-1-thread-4) 2.649ms
[23.279s][info][gc          ] Allocation Stall (pool-1-thread-2) 3.677ms
[23.281s][info][gc          ] Allocation Stall (pool-1-thread-1) 4.907ms
[23.281s][info][gc          ] Allocation Stall (pool-1-thread-3) 4.987ms
[23.308s][info][gc          ] Allocation Stall (pool-1-thread-1) 0.280ms
[23.311s][info][gc          ] Allocation Stall (pool-1-thread-4) 2.998ms
[23.311s][info][gc          ] Allocation Stall (pool-1-thread-2) 3.142ms
[23.321s][info][gc,phases   ] GC(127) Concurrent Relocate 137.350ms
[23.321s][info][gc,load     ] GC(127) Load: 2.33/0.78/0.33
[23.321s][info][gc,mmu      ] GC(127) MMU: 2ms/94.8%, 5ms/97.9%, 10ms/98.8%, 20ms/99.4%, 50ms/99.8%, 100ms/99.9%
[23.321s][info][gc,marking  ] GC(127) Mark: 2 stripe(s), 4 proactive flush(es), 1 terminate flush(es), 0 completion(s), 0 continuation(s) 
[23.321s][info][gc,marking  ] GC(127) Mark Stack Usage: 32M
[23.321s][info][gc,nmethod  ] GC(127) NMethods: 437 registered, 0 unregistered
[23.321s][info][gc,metaspace] GC(127) Metaspace: 6M used, 6M committed, 1088M reserved
[23.321s][info][gc,ref      ] GC(127) Soft: 34 encountered, 6 discovered, 0 enqueued
[23.321s][info][gc,ref      ] GC(127) Weak: 179 encountered, 35 discovered, 0 enqueued
[23.321s][info][gc,ref      ] GC(127) Final: 0 encountered, 0 discovered, 0 enqueued
[23.321s][info][gc,ref      ] GC(127) Phantom: 3 encountered, 0 discovered, 0 enqueued
[23.321s][info][gc,reloc    ] GC(127) Small Pages: 133 / 266M, Empty: 0M, Relocated: 90M, In-Place: 0
[23.321s][info][gc,reloc    ] GC(127) Medium Pages: 21 / 672M, Empty: 0M, Relocated: 244M, In-Place: 4
[23.321s][info][gc,reloc    ] GC(127) Large Pages: 0 / 0M, Empty: 0M, Relocated: 0M, In-Place: 0
[23.321s][info][gc,reloc    ] GC(127) Forwarding Usage: 0M
[23.321s][info][gc,heap     ] GC(127) Min Capacity: 1024M(100%)
[23.321s][info][gc,heap     ] GC(127) Max Capacity: 1024M(100%)
[23.321s][info][gc,heap     ] GC(127) Soft Max Capacity: 1024M(100%)
[23.321s][info][gc,heap     ] GC(127)                Mark Start          Mark End        Relocate Start      Relocate End           High               Low         
[23.321s][info][gc,heap     ] GC(127)  Capacity:     1024M (100%)       1024M (100%)       1024M (100%)       1024M (100%)       1024M (100%)       1024M (100%)   
[23.321s][info][gc,heap     ] GC(127)      Free:       86M (8%)            4M (0%)            0M (0%)           82M (8%)           94M (9%)            0M (0%)     
[23.321s][info][gc,heap     ] GC(127)      Used:      938M (92%)        1020M (100%)       1024M (100%)        942M (92%)        1024M (100%)        930M (91%)    
[23.321s][info][gc,heap     ] GC(127)      Live:         -               340M (33%)         340M (33%)         340M (33%)            -                  -          
[23.321s][info][gc,heap     ] GC(127) Allocated:         -                82M (8%)           86M (8%)          581M (57%)            -                  -          
[23.321s][info][gc,heap     ] GC(127)   Garbage:         -               597M (58%)         597M (58%)          19M (2%)             -                  -          
[23.321s][info][gc,heap     ] GC(127) Reclaimed:         -                  -                 0M (0%)          577M (56%)            -                  -          
[23.321s][info][gc          ] GC(127) Garbage Collection (Allocation Stall) 938M(92%)->942M(92%)
[23.332s][info][gc,start    ] GC(128) Garbage Collection (Allocation Stall)
[23.332s][info][gc,ref      ] GC(128) Clearing All SoftReferences
[23.332s][info][gc,task     ] GC(128) Using 3 workers
[23.332s][info][gc,phases   ] GC(128) Pause Mark Start 0.013ms
[23.337s][info][gc,phases   ] GC(128) Concurrent Mark 4.888ms
[23.337s][info][gc,phases   ] GC(128) Pause Mark End 0.009ms
[23.338s][info][gc,phases   ] GC(128) Concurrent Mark Free 0.001ms
[23.338s][info][gc,phases   ] GC(128) Concurrent Process Non-Strong References 0.550ms
[23.338s][info][gc,phases   ] GC(128) Concurrent Reset Relocation Set 0.008ms
[23.340s][info][gc,phases   ] GC(128) Concurrent Select Relocation Set 1.323ms
[23.340s][info][gc,phases   ] GC(128) Pause Relocate Start 0.006ms
[23.346s][info][gc          ] Allocation Stall (pool-1-thread-3) 14.782ms
[23.346s][info][gc          ] Allocation Stall (pool-1-thread-1) 14.748ms
[23.347s][info][gc          ] Allocation Stall (pool-1-thread-2) 15.158ms
[23.347s][info][gc          ] Allocation Stall (pool-1-thread-4) 15.419ms
[23.359s][info][gc          ] Allocation Stall (pool-1-thread-1) 4.541ms
[23.359s][info][gc          ] Allocation Stall (pool-1-thread-2) 0.700ms
[23.359s][info][gc          ] Allocation Stall (pool-1-thread-3) 2.364ms
[23.359s][info][gc          ] Allocation Stall (pool-1-thread-4) 1.460ms
[23.365s][info][gc          ] Allocation Stall (pool-1-thread-1) 3.495ms
[23.365s][info][gc          ] Allocation Stall (pool-1-thread-3) 3.670ms
[23.365s][info][gc          ] Allocation Stall (pool-1-thread-2) 3.851ms
[23.365s][info][gc          ] Allocation Stall (pool-1-thread-4) 3.925ms
[23.388s][info][gc          ] Allocation Stall (pool-1-thread-1) 8.242ms
[23.389s][info][gc          ] Allocation Stall (pool-1-thread-2) 8.655ms
[23.389s][info][gc          ] Allocation Stall (pool-1-thread-4) 8.719ms
[23.389s][info][gc          ] Allocation Stall (pool-1-thread-3) 8.879ms
[23.400s][info][gc          ] Allocation Stall (pool-1-thread-3) 2.679ms
[23.405s][info][gc          ] Allocation Stall (pool-1-thread-4) 7.458ms
[23.405s][info][gc          ] Allocation Stall (pool-1-thread-1) 7.745ms
[23.405s][info][gc          ] Allocation Stall (pool-1-thread-2) 7.617ms
[23.416s][info][gc          ] Allocation Stall (pool-1-thread-4) 1.614ms
[23.416s][info][gc          ] Allocation Stall (pool-1-thread-3) 4.794ms
[23.416s][info][gc          ] Allocation Stall (pool-1-thread-2) 2.366ms
[23.425s][info][gc          ] Allocation Stall (pool-1-thread-1) 5.444ms
[23.429s][info][gc          ] Allocation Stall (pool-1-thread-3) 9.087ms
[23.430s][info][gc          ] Allocation Stall (pool-1-thread-4) 9.680ms
[23.430s][info][gc          ] Allocation Stall (pool-1-thread-1) 0.041ms
[23.430s][info][gc          ] Allocation Stall (pool-1-thread-2) 9.717ms
[23.438s][info][gc          ] Allocation Stall (pool-1-thread-1) 1.664ms
[23.441s][info][gc          ] Allocation Stall (pool-1-thread-4) 4.314ms
[23.442s][info][gc          ] Allocation Stall (pool-1-thread-3) 5.717ms
[23.489s][info][gc,phases   ] GC(128) Concurrent Relocate 148.936ms
[23.489s][info][gc,load     ] GC(128) Load: 2.33/0.78/0.33
[23.489s][info][gc,mmu      ] GC(128) MMU: 2ms/94.8%, 5ms/97.9%, 10ms/98.8%, 20ms/99.4%, 50ms/99.8%, 100ms/99.9%
[23.489s][info][gc,marking  ] GC(128) Mark: 2 stripe(s), 3 proactive flush(es), 1 terminate flush(es), 0 completion(s), 0 continuation(s) 
[23.489s][info][gc,marking  ] GC(128) Mark Stack Usage: 32M
[23.489s][info][gc,nmethod  ] GC(128) NMethods: 437 registered, 0 unregistered
[23.489s][info][gc,metaspace] GC(128) Metaspace: 6M used, 6M committed, 1088M reserved
[23.489s][info][gc,ref      ] GC(128) Soft: 34 encountered, 18 discovered, 0 enqueued
[23.489s][info][gc,ref      ] GC(128) Weak: 179 encountered, 25 discovered, 0 enqueued
[23.489s][info][gc,ref      ] GC(128) Final: 0 encountered, 0 discovered, 0 enqueued
[23.489s][info][gc,ref      ] GC(128) Phantom: 3 encountered, 0 discovered, 0 enqueued
[23.489s][info][gc,reloc    ] GC(128) Small Pages: 147 / 294M, Empty: 0M, Relocated: 94M, In-Place: 1
[23.489s][info][gc,reloc    ] GC(128) Medium Pages: 22 / 704M, Empty: 0M, Relocated: 242M, In-Place: 6
[23.489s][info][gc,reloc    ] GC(128) Large Pages: 0 / 0M, Empty: 0M, Relocated: 0M, In-Place: 0
[23.489s][info][gc,reloc    ] GC(128) Forwarding Usage: 0M
[23.489s][info][gc,heap     ] GC(128) Min Capacity: 1024M(100%)
[23.489s][info][gc,heap     ] GC(128) Max Capacity: 1024M(100%)
[23.489s][info][gc,heap     ] GC(128) Soft Max Capacity: 1024M(100%)
[23.489s][info][gc,heap     ] GC(128)                Mark Start          Mark End        Relocate Start      Relocate End           High               Low         
[23.489s][info][gc,heap     ] GC(128)  Capacity:     1024M (100%)       1024M (100%)       1024M (100%)       1024M (100%)       1024M (100%)       1024M (100%)   
[23.489s][info][gc,heap     ] GC(128)      Free:       26M (3%)           26M (3%)           26M (3%)           44M (4%)          150M (15%)           0M (0%)     
[23.489s][info][gc,heap     ] GC(128)      Used:      998M (97%)         998M (97%)         998M (97%)         980M (96%)        1024M (100%)        874M (85%)    
[23.489s][info][gc,heap     ] GC(128)      Live:         -               355M (35%)         355M (35%)         355M (35%)            -                  -          
[23.489s][info][gc,heap     ] GC(128) Allocated:         -                 0M (0%)            0M (0%)          587M (57%)            -                  -          
[23.489s][info][gc,heap     ] GC(128)   Garbage:         -               642M (63%)         642M (63%)          36M (4%)             -                  -          
[23.489s][info][gc,heap     ] GC(128) Reclaimed:         -                  -                 0M (0%)          605M (59%)            -                  -          
[23.489s][info][gc          ] GC(128) Garbage Collection (Allocation Stall) 998M(97%)->980M(96%)
[23.495s][info][gc,start    ] GC(129) Garbage Collection (Allocation Stall)
[23.495s][info][gc,ref      ] GC(129) Clearing All SoftReferences
[23.496s][info][gc,task     ] GC(129) Using 3 workers
[23.499s][info][gc,phases   ] GC(129) Pause Mark Start 0.024ms
[23.504s][info][gc,phases   ] GC(129) Concurrent Mark 4.540ms
[23.504s][info][gc,phases   ] GC(129) Pause Mark End 0.010ms
[23.504s][info][gc,phases   ] GC(129) Concurrent Mark Free 0.001ms
[23.504s][info][gc,phases   ] GC(129) Concurrent Process Non-Strong References 0.550ms
[23.504s][info][gc,phases   ] GC(129) Concurrent Reset Relocation Set 0.009ms
[23.506s][info][gc,phases   ] GC(129) Concurrent Select Relocation Set 1.357ms
[23.506s][info][gc,phases   ] GC(129) Pause Relocate Start 0.007ms
[23.518s][info][gc          ] Allocation Stall (pool-1-thread-4) 19.188ms
[23.568s][info][gc          ] Relocation Stall (pool-1-thread-2) 58.003ms
[23.569s][info][gc          ] Allocation Stall (pool-1-thread-2) 73.653ms
[23.572s][info][gc          ] Relocation Stall (pool-1-thread-1) 61.168ms
[23.572s][info][gc          ] Allocation Stall (pool-1-thread-1) 77.295ms
[23.576s][info][gc          ] Relocation Stall (pool-1-thread-3) 64.762ms
[23.576s][info][gc          ] Allocation Stall (pool-1-thread-3) 80.887ms
[23.645s][info][gc,phases   ] GC(129) Concurrent Relocate 139.303ms
[23.646s][info][gc,load     ] GC(129) Load: 2.33/0.78/0.33
[23.646s][info][gc,mmu      ] GC(129) MMU: 2ms/94.8%, 5ms/97.9%, 10ms/98.8%, 20ms/99.4%, 50ms/99.8%, 100ms/99.9%
[23.646s][info][gc,marking  ] GC(129) Mark: 2 stripe(s), 2 proactive flush(es), 1 terminate flush(es), 0 completion(s), 0 continuation(s) 
[23.646s][info][gc,marking  ] GC(129) Mark Stack Usage: 32M
[23.646s][info][gc,nmethod  ] GC(129) NMethods: 437 registered, 0 unregistered
[23.646s][info][gc,metaspace] GC(129) Metaspace: 6M used, 6M committed, 1088M reserved
[23.646s][info][gc,ref      ] GC(129) Soft: 34 encountered, 12 discovered, 0 enqueued
[23.646s][info][gc,ref      ] GC(129) Weak: 179 encountered, 17 discovered, 0 enqueued
[23.646s][info][gc,ref      ] GC(129) Final: 0 encountered, 0 discovered, 0 enqueued
[23.646s][info][gc,ref      ] GC(129) Phantom: 3 encountered, 1 discovered, 0 enqueued
[23.646s][info][gc,reloc    ] GC(129) Small Pages: 143 / 286M, Empty: 2M, Relocated: 92M, In-Place: 0
[23.646s][info][gc,reloc    ] GC(129) Medium Pages: 23 / 736M, Empty: 0M, Relocated: 220M, In-Place: 2
[23.646s][info][gc,reloc    ] GC(129) Large Pages: 0 / 0M, Empty: 0M, Relocated: 0M, In-Place: 0
[23.646s][info][gc,reloc    ] GC(129) Forwarding Usage: 0M
[23.646s][info][gc,heap     ] GC(129) Min Capacity: 1024M(100%)
[23.649s][info][gc,heap     ] GC(129) Max Capacity: 1024M(100%)
[23.649s][info][gc,heap     ] GC(129) Soft Max Capacity: 1024M(100%)
[23.649s][info][gc,heap     ] GC(129)                Mark Start          Mark End        Relocate Start      Relocate End           High               Low         
[23.649s][info][gc,heap     ] GC(129)  Capacity:     1024M (100%)       1024M (100%)       1024M (100%)       1024M (100%)       1024M (100%)       1024M (100%)   
[23.649s][info][gc,heap     ] GC(129)      Free:        2M (0%)            0M (0%)            2M (0%)          132M (13%)         342M (33%)           0M (0%)     
[23.649s][info][gc,heap     ] GC(129)      Used:     1022M (100%)       1024M (100%)       1022M (100%)        892M (87%)        1024M (100%)        682M (67%)    
[23.649s][info][gc,heap     ] GC(129)      Live:         -               351M (34%)         351M (34%)         351M (34%)            -                  -          
[23.649s][info][gc,heap     ] GC(129) Allocated:         -                 2M (0%)            2M (0%)          495M (48%)            -                  -          
[23.649s][info][gc,heap     ] GC(129)   Garbage:         -               670M (65%)         668M (65%)          44M (4%)             -                  -          
[23.649s][info][gc,heap     ] GC(129) Reclaimed:         -                  -                 2M (0%)          625M (61%)            -                  -          
[23.649s][info][gc          ] GC(129) Garbage Collection (Allocation Stall) 1022M(100%)->892M(87%)
[23.665s][info][gc,start    ] GC(130) Garbage Collection (Allocation Stall)
[23.665s][info][gc,ref      ] GC(130) Clearing All SoftReferences
[23.665s][info][gc,task     ] GC(130) Using 3 workers
[23.666s][info][gc,phases   ] GC(130) Pause Mark Start 0.027ms
[23.676s][info][gc,phases   ] GC(130) Concurrent Mark 10.108ms
[23.677s][info][gc,phases   ] GC(130) Pause Mark End 0.021ms
[23.677s][info][gc,phases   ] GC(130) Concurrent Mark Free 0.001ms
[23.678s][info][gc,phases   ] GC(130) Concurrent Process Non-Strong References 0.805ms
[23.678s][info][gc,phases   ] GC(130) Concurrent Reset Relocation Set 0.012ms
[23.680s][info][gc,phases   ] GC(130) Concurrent Select Relocation Set 2.217ms
[23.680s][info][gc,phases   ] GC(130) Pause Relocate Start 0.015ms
[23.689s][info][gc          ] Allocation Stall (pool-1-thread-2) 22.077ms
[23.694s][info][gc          ] Allocation Stall (pool-1-thread-2) 0.507ms
[23.694s][info][gc          ] Allocation Stall (pool-1-thread-4) 19.426ms
[23.791s][info][gc          ] Relocation Stall (pool-1-thread-1) 103.084ms
[23.791s][info][gc          ] Allocation Stall (pool-1-thread-1) 124.508ms
[23.792s][info][gc          ] Relocation Stall (pool-1-thread-3) 103.421ms
[23.793s][info][gc          ] Allocation Stall (pool-1-thread-3) 125.572ms
[23.820s][info][gc,phases   ] GC(130) Concurrent Relocate 139.580ms
[23.820s][info][gc,load     ] GC(130) Load: 2.33/0.78/0.33
[23.820s][info][gc,mmu      ] GC(130) MMU: 2ms/94.8%, 5ms/97.9%, 10ms/98.8%, 20ms/99.4%, 50ms/99.8%, 100ms/99.9%
[23.820s][info][gc,marking  ] GC(130) Mark: 2 stripe(s), 5 proactive flush(es), 1 terminate flush(es), 0 completion(s), 0 continuation(s) 
[23.820s][info][gc,marking  ] GC(130) Mark Stack Usage: 32M
[23.820s][info][gc,nmethod  ] GC(130) NMethods: 437 registered, 0 unregistered
[23.820s][info][gc,metaspace] GC(130) Metaspace: 6M used, 6M committed, 1088M reserved
[23.820s][info][gc,ref      ] GC(130) Soft: 34 encountered, 17 discovered, 0 enqueued
[23.820s][info][gc,ref      ] GC(130) Weak: 179 encountered, 0 discovered, 0 enqueued
[23.820s][info][gc,ref      ] GC(130) Final: 0 encountered, 0 discovered, 0 enqueued
[23.820s][info][gc,ref      ] GC(130) Phantom: 3 encountered, 2 discovered, 0 enqueued
[23.820s][info][gc,reloc    ] GC(130) Small Pages: 142 / 284M, Empty: 2M, Relocated: 96M, In-Place: 0
[23.820s][info][gc,reloc    ] GC(130) Medium Pages: 22 / 704M, Empty: 0M, Relocated: 221M, In-Place: 2
[23.820s][info][gc,reloc    ] GC(130) Large Pages: 0 / 0M, Empty: 0M, Relocated: 0M, In-Place: 0
[23.820s][info][gc,reloc    ] GC(130) Forwarding Usage: 0M
[23.821s][info][gc,heap     ] GC(130) Min Capacity: 1024M(100%)
[23.821s][info][gc,heap     ] GC(130) Max Capacity: 1024M(100%)
[23.821s][info][gc,heap     ] GC(130) Soft Max Capacity: 1024M(100%)
[23.821s][info][gc,heap     ] GC(130)                Mark Start          Mark End        Relocate Start      Relocate End           High               Low         
[23.821s][info][gc,heap     ] GC(130)  Capacity:     1024M (100%)       1024M (100%)       1024M (100%)       1024M (100%)       1024M (100%)       1024M (100%)   
[23.821s][info][gc,heap     ] GC(130)      Free:       36M (4%)            0M (0%)            2M (0%)           88M (9%)          190M (19%)           0M (0%)     
[23.821s][info][gc,heap     ] GC(130)      Used:      988M (96%)        1024M (100%)       1022M (100%)        936M (91%)        1024M (100%)        834M (81%)    
[23.821s][info][gc,heap     ] GC(130)      Live:         -               350M (34%)         350M (34%)         350M (34%)            -                  -          
[23.821s][info][gc,heap     ] GC(130) Allocated:         -                36M (4%)           36M (4%)          543M (53%)            -                  -          
[23.821s][info][gc,heap     ] GC(130)   Garbage:         -               637M (62%)         635M (62%)          41M (4%)             -                  -          
[23.821s][info][gc,heap     ] GC(130) Reclaimed:         -                  -                 2M (0%)          595M (58%)            -                  -          
[23.821s][info][gc          ] GC(130) Garbage Collection (Allocation Stall) 988M(96%)->936M(91%)
[23.822s][info][gc,start    ] GC(131) Garbage Collection (Allocation Stall)
[23.823s][info][gc,ref      ] GC(131) Clearing All SoftReferences
[23.823s][info][gc,task     ] GC(131) Using 3 workers
[23.828s][info][gc,phases   ] GC(131) Pause Mark Start 0.009ms
[23.828s][info][gc          ] Allocation Stall (pool-1-thread-3) 5.821ms
[23.836s][info][gc,phases   ] GC(131) Concurrent Mark 8.223ms
[23.837s][info][gc,phases   ] GC(131) Pause Mark End 0.017ms
[23.837s][info][gc,phases   ] GC(131) Concurrent Mark Free 0.001ms
[23.837s][info][gc,phases   ] GC(131) Concurrent Process Non-Strong References 0.564ms
[23.837s][info][gc,phases   ] GC(131) Concurrent Reset Relocation Set 0.010ms
[23.839s][info][gc,phases   ] GC(131) Concurrent Select Relocation Set 1.522ms
[23.839s][info][gc,phases   ] GC(131) Pause Relocate Start 0.005ms
[23.843s][info][gc          ] Allocation Stall (pool-1-thread-1) 20.241ms
[23.843s][info][gc          ] Allocation Stall (pool-1-thread-2) 7.003ms
[23.843s][info][gc          ] Allocation Stall (pool-1-thread-3) 7.214ms
[23.843s][info][gc          ] Allocation Stall (pool-1-thread-4) 7.229ms
[23.860s][info][gc          ] Allocation Stall (pool-1-thread-3) 4.556ms
[23.861s][info][gc          ] Allocation Stall (pool-1-thread-4) 5.577ms
[23.861s][info][gc          ] Allocation Stall (pool-1-thread-2) 5.879ms
[23.862s][info][gc          ] Allocation Stall (pool-1-thread-1) 6.247ms
[23.873s][info][gc          ] Allocation Stall (pool-1-thread-1) 4.007ms
[23.873s][info][gc          ] Allocation Stall (pool-1-thread-3) 3.964ms
[23.874s][info][gc          ] Allocation Stall (pool-1-thread-4) 4.176ms
[23.874s][info][gc          ] Allocation Stall (pool-1-thread-2) 4.381ms
[23.897s][info][gc          ] Allocation Stall (pool-1-thread-2) 3.778ms
[23.897s][info][gc          ] Allocation Stall (pool-1-thread-3) 0.305ms
[23.897s][info][gc          ] Allocation Stall (pool-1-thread-4) 0.329ms
[23.906s][info][gc          ] Allocation Stall (pool-1-thread-4) 4.623ms
[23.907s][info][gc          ] Allocation Stall (pool-1-thread-2) 5.761ms
[23.907s][info][gc          ] Allocation Stall (pool-1-thread-1) 5.705ms
[23.907s][info][gc          ] Allocation Stall (pool-1-thread-3) 5.971ms
[23.923s][info][gc          ] Allocation Stall (pool-1-thread-1) 6.777ms
[23.923s][info][gc          ] Allocation Stall (pool-1-thread-2) 5.368ms
[23.923s][info][gc          ] Allocation Stall (pool-1-thread-4) 4.015ms
[23.923s][info][gc          ] Allocation Stall (pool-1-thread-3) 3.771ms
[23.925s][info][gc          ] Allocation Stall (pool-1-thread-1) 2.128ms
[23.930s][info][gc          ] Allocation Stall (pool-1-thread-4) 7.081ms
[23.930s][info][gc          ] Allocation Stall (pool-1-thread-3) 7.393ms
[23.931s][info][gc          ] Allocation Stall (pool-1-thread-2) 7.528ms
[23.964s][info][gc,phases   ] GC(131) Concurrent Relocate 125.070ms
[23.964s][info][gc,load     ] GC(131) Load: 2.33/0.78/0.33
[23.964s][info][gc,mmu      ] GC(131) MMU: 2ms/94.8%, 5ms/97.9%, 10ms/98.8%, 20ms/99.4%, 50ms/99.8%, 100ms/99.9%
[23.964s][info][gc,marking  ] GC(131) Mark: 2 stripe(s), 4 proactive flush(es), 1 terminate flush(es), 0 completion(s), 0 continuation(s) 
[23.964s][info][gc,marking  ] GC(131) Mark Stack Usage: 32M
[23.964s][info][gc,nmethod  ] GC(131) NMethods: 437 registered, 0 unregistered
[23.964s][info][gc,metaspace] GC(131) Metaspace: 6M used, 6M committed, 1088M reserved
[23.964s][info][gc,ref      ] GC(131) Soft: 34 encountered, 19 discovered, 0 enqueued
[23.964s][info][gc,ref      ] GC(131) Weak: 179 encountered, 28 discovered, 0 enqueued
[23.964s][info][gc,ref      ] GC(131) Final: 0 encountered, 0 discovered, 0 enqueued
[23.964s][info][gc,ref      ] GC(131) Phantom: 3 encountered, 1 discovered, 0 enqueued
[23.964s][info][gc,reloc    ] GC(131) Small Pages: 134 / 268M, Empty: 2M, Relocated: 90M, In-Place: 0
[23.964s][info][gc,reloc    ] GC(131) Medium Pages: 22 / 704M, Empty: 0M, Relocated: 247M, In-Place: 5
[23.964s][info][gc,reloc    ] GC(131) Large Pages: 0 / 0M, Empty: 0M, Relocated: 0M, In-Place: 0
[23.964s][info][gc,reloc    ] GC(131) Forwarding Usage: 0M
[23.964s][info][gc,heap     ] GC(131) Min Capacity: 1024M(100%)
[23.964s][info][gc,heap     ] GC(131) Max Capacity: 1024M(100%)
[23.964s][info][gc,heap     ] GC(131) Soft Max Capacity: 1024M(100%)
[23.964s][info][gc,heap     ] GC(131)                Mark Start          Mark End        Relocate Start      Relocate End           High               Low         
[23.965s][info][gc,heap     ] GC(131)  Capacity:     1024M (100%)       1024M (100%)       1024M (100%)       1024M (100%)       1024M (100%)       1024M (100%)   
[23.965s][info][gc,heap     ] GC(131)      Free:       20M (2%)            8M (1%)           10M (1%)          122M (12%)         184M (18%)           0M (0%)     
[23.965s][info][gc,heap     ] GC(131)      Used:     1004M (98%)        1016M (99%)        1014M (99%)         902M (88%)        1024M (100%)        840M (82%)    
[23.965s][info][gc,heap     ] GC(131)      Live:         -               343M (34%)         343M (34%)         343M (34%)            -                  -          
[23.965s][info][gc,heap     ] GC(131) Allocated:         -                12M (1%)           12M (1%)          509M (50%)            -                  -          
[23.965s][info][gc,heap     ] GC(131)   Garbage:         -               660M (65%)         658M (64%)          48M (5%)             -                  -          
[23.965s][info][gc,heap     ] GC(131) Reclaimed:         -                  -                 2M (0%)          611M (60%)            -                  -          
[23.965s][info][gc          ] GC(131) Garbage Collection (Allocation Stall) 1004M(98%)->902M(88%)
[23.965s][info][gc,start    ] GC(132) Garbage Collection (Allocation Stall)
[23.965s][info][gc,ref      ] GC(132) Clearing All SoftReferences
[23.965s][info][gc,task     ] GC(132) Using 3 workers
[23.966s][info][gc,phases   ] GC(132) Pause Mark Start 0.017ms
[23.984s][info][gc          ] Allocation Stall (pool-1-thread-3) 12.396ms
[23.985s][info][gc          ] Allocation Stall (pool-1-thread-1) 12.444ms
[23.986s][info][gc,phases   ] GC(132) Concurrent Mark 19.817ms
[23.986s][info][gc,phases   ] GC(132) Pause Mark End 0.022ms
[23.986s][info][gc,phases   ] GC(132) Concurrent Mark Free 0.001ms
[23.987s][info][gc,phases   ] GC(132) Concurrent Process Non-Strong References 1.053ms
[23.987s][info][gc,phases   ] GC(132) Concurrent Reset Relocation Set 0.024ms
[23.990s][info][gc,phases   ] GC(132) Concurrent Select Relocation Set 2.925ms
[23.990s][info][gc,phases   ] GC(132) Pause Relocate Start 0.013ms
[23.995s][info][gc          ] Allocation Stall (pool-1-thread-1) 6.035ms
[23.995s][info][gc          ] Allocation Stall (pool-1-thread-4) 6.087ms
[23.996s][info][gc          ] Allocation Stall (pool-1-thread-2) 6.281ms
[23.996s][info][gc          ] Allocation Stall (pool-1-thread-3) 6.658ms
[24.014s][info][gc          ] Allocation Stall (pool-1-thread-4) 0.301ms
[24.022s][info][gc          ] Allocation Stall (pool-1-thread-3) 8.416ms
[24.022s][info][gc          ] Allocation Stall (pool-1-thread-2) 8.793ms
[24.022s][info][gc          ] Allocation Stall (pool-1-thread-1) 9.071ms
[24.028s][info][gc          ] Allocation Stall (pool-1-thread-2) 1.987ms
[24.041s][info][gc          ] Allocation Stall (pool-1-thread-1) 2.202ms
[24.041s][info][gc          ] Allocation Stall (pool-1-thread-2) 1.847ms
[24.041s][info][gc          ] Allocation Stall (pool-1-thread-4) 4.061ms
[24.041s][info][gc          ] Allocation Stall (pool-1-thread-3) 3.420ms
[24.050s][info][gc          ] Allocation Stall (pool-1-thread-4) 6.807ms
[24.054s][info][gc          ] Allocation Stall (pool-1-thread-3) 10.801ms
[24.055s][info][gc          ] Allocation Stall (pool-1-thread-1) 10.989ms
[24.055s][info][gc          ] Allocation Stall (pool-1-thread-2) 11.183ms
[24.069s][info][gc          ] Allocation Stall (pool-1-thread-2) 5.020ms
[24.074s][info][gc          ] Allocation Stall (pool-1-thread-4) 9.171ms
[24.074s][info][gc          ] Allocation Stall (pool-1-thread-3) 10.042ms
[24.075s][info][gc          ] Allocation Stall (pool-1-thread-1) 10.158ms
[24.075s][info][gc          ] Allocation Stall (pool-1-thread-2) 5.236ms
[24.114s][info][gc          ] Allocation Stall (pool-1-thread-2) 1.306ms
[24.116s][info][gc          ] Allocation Stall (pool-1-thread-4) 3.420ms
[24.116s][info][gc          ] Allocation Stall (pool-1-thread-1) 3.533ms
[24.117s][info][gc,phases   ] GC(132) Concurrent Relocate 127.087ms
[24.117s][info][gc,load     ] GC(132) Load: 2.33/0.78/0.33
[24.117s][info][gc,mmu      ] GC(132) MMU: 2ms/94.8%, 5ms/97.9%, 10ms/98.8%, 20ms/99.4%, 50ms/99.8%, 100ms/99.9%
[24.117s][info][gc,marking  ] GC(132) Mark: 2 stripe(s), 2 proactive flush(es), 1 terminate flush(es), 0 completion(s), 0 continuation(s) 
[24.117s][info][gc,marking  ] GC(132) Mark Stack Usage: 32M
[24.117s][info][gc,nmethod  ] GC(132) NMethods: 437 registered, 0 unregistered
[24.117s][info][gc,metaspace] GC(132) Metaspace: 6M used, 6M committed, 1088M reserved
[24.117s][info][gc,ref      ] GC(132) Soft: 34 encountered, 23 discovered, 0 enqueued
[24.117s][info][gc,ref      ] GC(132) Weak: 179 encountered, 18 discovered, 0 enqueued
[24.117s][info][gc,ref      ] GC(132) Final: 0 encountered, 0 discovered, 0 enqueued
[24.117s][info][gc,ref      ] GC(132) Phantom: 3 encountered, 1 discovered, 0 enqueued
[24.117s][info][gc,reloc    ] GC(132) Small Pages: 132 / 264M, Empty: 0M, Relocated: 96M, In-Place: 1
[24.117s][info][gc,reloc    ] GC(132) Medium Pages: 20 / 640M, Empty: 0M, Relocated: 221M, In-Place: 6
[24.117s][info][gc,reloc    ] GC(132) Large Pages: 0 / 0M, Empty: 0M, Relocated: 0M, In-Place: 0
[24.117s][info][gc,reloc    ] GC(132) Forwarding Usage: 0M
[24.117s][info][gc,heap     ] GC(132) Min Capacity: 1024M(100%)
[24.117s][info][gc,heap     ] GC(132) Max Capacity: 1024M(100%)
[24.118s][info][gc,heap     ] GC(132) Soft Max Capacity: 1024M(100%)
[24.118s][info][gc,heap     ] GC(132)                Mark Start          Mark End        Relocate Start      Relocate End           High               Low         
[24.118s][info][gc,heap     ] GC(132)  Capacity:     1024M (100%)       1024M (100%)       1024M (100%)       1024M (100%)       1024M (100%)       1024M (100%)   
[24.118s][info][gc,heap     ] GC(132)      Free:      120M (12%)          34M (3%)           24M (2%)           44M (4%)          120M (12%)           0M (0%)     
[24.118s][info][gc,heap     ] GC(132)      Used:      904M (88%)         990M (97%)        1000M (98%)         980M (96%)        1024M (100%)        904M (88%)    
[24.118s][info][gc,heap     ] GC(132)      Live:         -               336M (33%)         336M (33%)         336M (33%)            -                  -          
[24.118s][info][gc,heap     ] GC(132) Allocated:         -                86M (8%)           96M (9%)          621M (61%)            -                  -          
[24.118s][info][gc,heap     ] GC(132)   Garbage:         -               567M (55%)         567M (55%)          21M (2%)             -                  -          
[24.118s][info][gc,heap     ] GC(132) Reclaimed:         -                  -                 0M (0%)          545M (53%)            -                  -          
[24.118s][info][gc          ] GC(132) Garbage Collection (Allocation Stall) 904M(88%)->980M(96%)
[24.124s][info][gc,start    ] GC(133) Garbage Collection (Allocation Stall)
[24.124s][info][gc,ref      ] GC(133) Clearing All SoftReferences
[24.124s][info][gc,task     ] GC(133) Using 3 workers
[24.124s][info][gc,phases   ] GC(133) Pause Mark Start 0.007ms
[24.129s][info][gc,phases   ] GC(133) Concurrent Mark 3.916ms
[24.129s][info][gc,phases   ] GC(133) Pause Mark End 0.006ms
[24.129s][info][gc,phases   ] GC(133) Concurrent Mark Free 0.001ms
[24.129s][info][gc,phases   ] GC(133) Concurrent Process Non-Strong References 0.481ms
[24.129s][info][gc,phases   ] GC(133) Concurrent Reset Relocation Set 0.012ms
[24.131s][info][gc,phases   ] GC(133) Concurrent Select Relocation Set 1.412ms
[24.131s][info][gc,phases   ] GC(133) Pause Relocate Start 0.004ms
[24.134s][info][gc          ] Allocation Stall (pool-1-thread-2) 9.676ms
[24.134s][info][gc          ] Allocation Stall (pool-1-thread-4) 9.136ms
[24.134s][info][gc          ] Allocation Stall (pool-1-thread-3) 9.094ms
[24.134s][info][gc          ] Allocation Stall (pool-1-thread-1) 9.082ms
[24.135s][info][gc          ] Allocation Stall (pool-1-thread-2) 0.789ms
[24.135s][info][gc          ] Allocation Stall (pool-1-thread-3) 1.060ms
[24.135s][info][gc          ] Allocation Stall (pool-1-thread-1) 1.118ms
[24.135s][info][gc          ] Allocation Stall (pool-1-thread-4) 1.198ms
[24.144s][info][gc          ] Allocation Stall (pool-1-thread-4) 3.532ms
[24.144s][info][gc          ] Allocation Stall (pool-1-thread-3) 3.609ms
[24.144s][info][gc          ] Allocation Stall (pool-1-thread-1) 3.688ms
[24.145s][info][gc          ] Allocation Stall (pool-1-thread-2) 3.801ms
[24.162s][info][gc          ] Allocation Stall (pool-1-thread-4) 2.258ms
[24.163s][info][gc          ] Allocation Stall (pool-1-thread-1) 3.468ms
[24.163s][info][gc          ] Allocation Stall (pool-1-thread-3) 3.690ms
[24.164s][info][gc          ] Allocation Stall (pool-1-thread-2) 3.899ms
[24.178s][info][gc          ] Allocation Stall (pool-1-thread-2) 4.068ms
[24.184s][info][gc          ] Allocation Stall (pool-1-thread-3) 7.420ms
[24.188s][info][gc          ] Allocation Stall (pool-1-thread-1) 11.390ms
[24.188s][info][gc          ] Allocation Stall (pool-1-thread-4) 11.723ms
[24.188s][info][gc          ] Allocation Stall (pool-1-thread-2) 9.811ms
[24.196s][info][gc          ] Allocation Stall (pool-1-thread-4) 2.198ms
[24.198s][info][gc          ] Allocation Stall (pool-1-thread-2) 4.015ms
[24.198s][info][gc          ] Allocation Stall (pool-1-thread-1) 4.329ms
[24.198s][info][gc          ] Allocation Stall (pool-1-thread-3) 4.557ms
[24.213s][info][gc          ] Allocation Stall (pool-1-thread-2) 2.755ms
[24.213s][info][gc          ] Allocation Stall (pool-1-thread-1) 7.375ms
[24.213s][info][gc          ] Relocation Stall (main) 82.348ms
[24.213s][info][gc          ] Allocation Stall (pool-1-thread-4) 3.758ms
[24.213s][info][gc          ] Allocation Stall (pool-1-thread-3) 3.071ms
[24.217s][info][gc          ] Allocation Stall (pool-1-thread-4) 1.012ms
[24.219s][info][gc          ] Allocation Stall (pool-1-thread-2) 2.115ms
[24.220s][info][gc          ] Allocation Stall (pool-1-thread-3) 3.848ms
[24.220s][info][gc          ] Allocation Stall (pool-1-thread-4) 1.852ms
[24.258s][info][gc,phases   ] GC(133) Concurrent Relocate 127.401ms
[24.259s][info][gc,load     ] GC(133) Load: 2.33/0.78/0.33
[24.259s][info][gc,mmu      ] GC(133) MMU: 2ms/94.8%, 5ms/97.9%, 10ms/98.8%, 20ms/99.4%, 50ms/99.8%, 100ms/99.9%
[24.259s][info][gc,marking  ] GC(133) Mark: 2 stripe(s), 3 proactive flush(es), 1 terminate flush(es), 0 completion(s), 0 continuation(s) 
[24.259s][info][gc,marking  ] GC(133) Mark Stack Usage: 32M
[24.259s][info][gc,nmethod  ] GC(133) NMethods: 437 registered, 0 unregistered
[24.259s][info][gc,metaspace] GC(133) Metaspace: 6M used, 6M committed, 1088M reserved
[24.259s][info][gc,ref      ] GC(133) Soft: 34 encountered, 12 discovered, 0 enqueued
[24.259s][info][gc,ref      ] GC(133) Weak: 179 encountered, 21 discovered, 0 enqueued
[24.259s][info][gc,ref      ] GC(133) Final: 0 encountered, 0 discovered, 0 enqueued
[24.259s][info][gc,ref      ] GC(133) Phantom: 3 encountered, 2 discovered, 0 enqueued
[24.259s][info][gc,reloc    ] GC(133) Small Pages: 144 / 288M, Empty: 0M, Relocated: 97M, In-Place: 0
[24.259s][info][gc,reloc    ] GC(133) Medium Pages: 23 / 736M, Empty: 0M, Relocated: 222M, In-Place: 5
[24.259s][info][gc,reloc    ] GC(133) Large Pages: 0 / 0M, Empty: 0M, Relocated: 0M, In-Place: 0
[24.259s][info][gc,reloc    ] GC(133) Forwarding Usage: 0M
[24.259s][info][gc,heap     ] GC(133) Min Capacity: 1024M(100%)
[24.259s][info][gc,heap     ] GC(133) Max Capacity: 1024M(100%)
[24.259s][info][gc,heap     ] GC(133) Soft Max Capacity: 1024M(100%)
[24.259s][info][gc,heap     ] GC(133)                Mark Start          Mark End        Relocate Start      Relocate End           High               Low         
[24.259s][info][gc,heap     ] GC(133)  Capacity:     1024M (100%)       1024M (100%)       1024M (100%)       1024M (100%)       1024M (100%)       1024M (100%)   
[24.259s][info][gc,heap     ] GC(133)      Free:        0M (0%)            0M (0%)            0M (0%)          100M (10%)         130M (13%)           0M (0%)     
[24.259s][info][gc,heap     ] GC(133)      Used:     1024M (100%)       1024M (100%)       1024M (100%)        924M (90%)        1024M (100%)        894M (87%)    
[24.259s][info][gc,heap     ] GC(133)      Live:         -               351M (34%)         351M (34%)         351M (34%)            -                  -          
[24.259s][info][gc,heap     ] GC(133) Allocated:         -                 0M (0%)            0M (0%)          531M (52%)            -                  -          
[24.259s][info][gc,heap     ] GC(133)   Garbage:         -               672M (66%)         672M (66%)          40M (4%)             -                  -          
[24.259s][info][gc,heap     ] GC(133) Reclaimed:         -                  -                 0M (0%)          631M (62%)            -                  -          
[24.259s][info][gc          ] GC(133) Garbage Collection (Allocation Stall) 1024M(100%)->924M(90%)
[24.265s][info][gc,start    ] GC(134) Garbage Collection (Allocation Stall)
[24.265s][info][gc,ref      ] GC(134) Clearing All SoftReferences
[24.265s][info][gc,task     ] GC(134) Using 3 workers
[24.265s][info][gc,phases   ] GC(134) Pause Mark Start 0.009ms
[24.275s][info][gc,phases   ] GC(134) Concurrent Mark 9.348ms
[24.275s][info][gc,phases   ] GC(134) Pause Mark End 0.011ms
[24.275s][info][gc,phases   ] GC(134) Concurrent Mark Free 0.001ms
[24.275s][info][gc,phases   ] GC(134) Concurrent Process Non-Strong References 0.548ms
[24.275s][info][gc,phases   ] GC(134) Concurrent Reset Relocation Set 0.009ms
[24.277s][info][gc,phases   ] GC(134) Concurrent Select Relocation Set 1.264ms
[24.277s][info][gc,phases   ] GC(134) Pause Relocate Start 0.004ms
[24.281s][info][gc          ] Allocation Stall (pool-1-thread-2) 15.912ms
[24.281s][info][gc          ] Allocation Stall (pool-1-thread-3) 15.888ms
[24.282s][info][gc          ] Allocation Stall (pool-1-thread-4) 7.198ms
[24.282s][info][gc          ] Allocation Stall (pool-1-thread-1) 7.652ms
[24.292s][info][gc          ] Allocation Stall (pool-1-thread-2) 4.632ms
[24.306s][info][gc          ] Allocation Stall (pool-1-thread-2) 2.950ms
[24.307s][info][gc          ] Allocation Stall (pool-1-thread-3) 4.179ms
[24.307s][info][gc          ] Allocation Stall (pool-1-thread-4) 4.415ms
[24.308s][info][gc          ] Allocation Stall (pool-1-thread-1) 4.466ms
[24.324s][info][gc          ] Allocation Stall (pool-1-thread-1) 1.146ms
[24.324s][info][gc          ] Allocation Stall (pool-1-thread-4) 1.017ms
[24.324s][info][gc          ] Allocation Stall (pool-1-thread-2) 1.306ms
[24.324s][info][gc          ] Allocation Stall (pool-1-thread-3) 1.551ms
[24.336s][info][gc          ] Allocation Stall (pool-1-thread-2) 6.288ms
[24.336s][info][gc          ] Allocation Stall (pool-1-thread-4) 6.179ms
[24.336s][info][gc          ] Allocation Stall (pool-1-thread-1) 6.443ms
[24.336s][info][gc          ] Allocation Stall (pool-1-thread-3) 6.498ms
[24.348s][info][gc          ] Allocation Stall (pool-1-thread-3) 4.239ms
[24.348s][info][gc          ] Allocation Stall (pool-1-thread-1) 2.760ms
[24.348s][info][gc          ] Allocation Stall (pool-1-thread-2) 2.313ms
[24.348s][info][gc          ] Allocation Stall (pool-1-thread-4) 2.913ms
[24.357s][info][gc          ] Allocation Stall (pool-1-thread-2) 7.628ms
[24.357s][info][gc          ] Allocation Stall (pool-1-thread-3) 7.972ms
[24.359s][info][gc          ] Allocation Stall (pool-1-thread-4) 10.305ms
[24.360s][info][gc          ] Allocation Stall (pool-1-thread-1) 10.743ms
[24.375s][info][gc          ] Relocation Stall (main) 97.864ms
[24.403s][info][gc,phases   ] GC(134) Concurrent Relocate 126.264ms
[24.403s][info][gc,load     ] GC(134) Load: 2.33/0.78/0.33
[24.403s][info][gc,mmu      ] GC(134) MMU: 2ms/94.8%, 5ms/97.9%, 10ms/98.8%, 20ms/99.4%, 50ms/99.8%, 100ms/99.9%
[24.403s][info][gc,marking  ] GC(134) Mark: 2 stripe(s), 6 proactive flush(es), 1 terminate flush(es), 0 completion(s), 0 continuation(s) 
[24.403s][info][gc,marking  ] GC(134) Mark Stack Usage: 32M
[24.403s][info][gc,nmethod  ] GC(134) NMethods: 437 registered, 0 unregistered
[24.403s][info][gc,metaspace] GC(134) Metaspace: 6M used, 6M committed, 1088M reserved
[24.403s][info][gc,ref      ] GC(134) Soft: 34 encountered, 25 discovered, 0 enqueued
[24.403s][info][gc,ref      ] GC(134) Weak: 179 encountered, 137 discovered, 0 enqueued
[24.403s][info][gc,ref      ] GC(134) Final: 0 encountered, 0 discovered, 0 enqueued
[24.403s][info][gc,ref      ] GC(134) Phantom: 3 encountered, 2 discovered, 0 enqueued
[24.403s][info][gc,reloc    ] GC(134) Small Pages: 137 / 274M, Empty: 0M, Relocated: 90M, In-Place: 0
[24.403s][info][gc,reloc    ] GC(134) Medium Pages: 22 / 704M, Empty: 0M, Relocated: 249M, In-Place: 5
[24.403s][info][gc,reloc    ] GC(134) Large Pages: 0 / 0M, Empty: 0M, Relocated: 0M, In-Place: 0
[24.403s][info][gc,reloc    ] GC(134) Forwarding Usage: 0M
[24.403s][info][gc,heap     ] GC(134) Min Capacity: 1024M(100%)
[24.403s][info][gc,heap     ] GC(134) Max Capacity: 1024M(100%)
[24.403s][info][gc,heap     ] GC(134) Soft Max Capacity: 1024M(100%)
[24.403s][info][gc,heap     ] GC(134)                Mark Start          Mark End        Relocate Start      Relocate End           High               Low         
[24.403s][info][gc,heap     ] GC(134)  Capacity:     1024M (100%)       1024M (100%)       1024M (100%)       1024M (100%)       1024M (100%)       1024M (100%)   
[24.403s][info][gc,heap     ] GC(134)      Free:       46M (4%)            0M (0%)            0M (0%)           76M (7%)           92M (9%)            0M (0%)     
[24.403s][info][gc,heap     ] GC(134)      Used:      978M (96%)        1024M (100%)       1024M (100%)        948M (93%)        1024M (100%)        932M (91%)    
[24.403s][info][gc,heap     ] GC(134)      Live:         -               347M (34%)         347M (34%)         347M (34%)            -                  -          
[24.403s][info][gc,heap     ] GC(134) Allocated:         -                46M (4%)           46M (4%)          585M (57%)            -                  -          
[24.403s][info][gc,heap     ] GC(134)   Garbage:         -               630M (62%)         630M (62%)          14M (1%)             -                  -          
[24.403s][info][gc,heap     ] GC(134) Reclaimed:         -                  -                 0M (0%)          615M (60%)            -                  -          
[24.403s][info][gc          ] GC(134) Garbage Collection (Allocation Stall) 978M(96%)->948M(93%)
[24.407s][info][gc,start    ] GC(135) Garbage Collection (Allocation Stall)
[24.407s][info][gc,ref      ] GC(135) Clearing All SoftReferences
[24.407s][info][gc,task     ] GC(135) Using 3 workers
[24.409s][info][gc,phases   ] GC(135) Pause Mark Start 0.009ms
[24.409s][info][gc          ] Allocation Stall (pool-1-thread-1) 2.587ms
[24.416s][info][gc,phases   ] GC(135) Concurrent Mark 6.979ms
[24.416s][info][gc,phases   ] GC(135) Pause Mark End 0.010ms
[24.416s][info][gc,phases   ] GC(135) Concurrent Mark Free 0.001ms
[24.417s][info][gc,phases   ] GC(135) Concurrent Process Non-Strong References 0.498ms
[24.417s][info][gc,phases   ] GC(135) Concurrent Reset Relocation Set 0.008ms
[24.418s][info][gc,phases   ] GC(135) Concurrent Select Relocation Set 1.226ms
[24.418s][info][gc,phases   ] GC(135) Pause Relocate Start 0.004ms
[24.422s][info][gc          ] Allocation Stall (pool-1-thread-2) 12.788ms
[24.422s][info][gc          ] Allocation Stall (pool-1-thread-1) 7.877ms
[24.422s][info][gc          ] Allocation Stall (pool-1-thread-3) 12.994ms
[24.433s][info][gc          ] Allocation Stall (pool-1-thread-3) 1.058ms
[24.468s][info][gc          ] Allocation Stall (pool-1-thread-2) 0.541ms
[24.473s][info][gc          ] Allocation Stall (pool-1-thread-1) 3.335ms
[24.481s][info][gc          ] Allocation Stall (pool-1-thread-2) 10.913ms
[24.481s][info][gc          ] Allocation Stall (pool-1-thread-3) 11.235ms
[24.500s][info][gc          ] Allocation Stall (pool-1-thread-2) 4.843ms
[24.508s][info][gc          ] Relocation Stall (main) 89.430ms
[24.508s][info][gc          ] Relocation Stall (pool-1-thread-4) 86.456ms
[24.508s][info][gc          ] Allocation Stall (pool-1-thread-4) 101.524ms
[24.509s][info][gc          ] Allocation Stall (pool-1-thread-1) 2.605ms
[24.511s][info][gc          ] Allocation Stall (pool-1-thread-3) 4.673ms
[24.511s][info][gc          ] Allocation Stall (pool-1-thread-2) 5.019ms
[24.551s][info][gc          ] Allocation Stall (pool-1-thread-4) 4.096ms
[24.551s][info][gc          ] Allocation Stall (pool-1-thread-3) 3.379ms
[24.558s][info][gc,phases   ] GC(135) Concurrent Relocate 139.707ms
[24.558s][info][gc,load     ] GC(135) Load: 2.33/0.78/0.33
[24.558s][info][gc,mmu      ] GC(135) MMU: 2ms/94.8%, 5ms/97.9%, 10ms/98.8%, 20ms/99.4%, 50ms/99.8%, 100ms/99.9%
[24.558s][info][gc,marking  ] GC(135) Mark: 2 stripe(s), 4 proactive flush(es), 1 terminate flush(es), 0 completion(s), 0 continuation(s) 
[24.558s][info][gc,marking  ] GC(135) Mark Stack Usage: 32M
[24.558s][info][gc,nmethod  ] GC(135) NMethods: 437 registered, 0 unregistered
[24.558s][info][gc,metaspace] GC(135) Metaspace: 6M used, 6M committed, 1088M reserved
[24.558s][info][gc,ref      ] GC(135) Soft: 34 encountered, 23 discovered, 0 enqueued
[24.558s][info][gc,ref      ] GC(135) Weak: 179 encountered, 56 discovered, 0 enqueued
[24.558s][info][gc,ref      ] GC(135) Final: 0 encountered, 0 discovered, 0 enqueued
[24.558s][info][gc,ref      ] GC(135) Phantom: 3 encountered, 1 discovered, 0 enqueued
[24.558s][info][gc,reloc    ] GC(135) Small Pages: 143 / 286M, Empty: 0M, Relocated: 99M, In-Place: 0
[24.558s][info][gc,reloc    ] GC(135) Medium Pages: 22 / 704M, Empty: 0M, Relocated: 250M, In-Place: 5
[24.558s][info][gc,reloc    ] GC(135) Large Pages: 0 / 0M, Empty: 0M, Relocated: 0M, In-Place: 0
[24.558s][info][gc,reloc    ] GC(135) Forwarding Usage: 0M
[24.558s][info][gc,heap     ] GC(135) Min Capacity: 1024M(100%)
[24.558s][info][gc,heap     ] GC(135) Max Capacity: 1024M(100%)
[24.558s][info][gc,heap     ] GC(135) Soft Max Capacity: 1024M(100%)
[24.558s][info][gc,heap     ] GC(135)                Mark Start          Mark End        Relocate Start      Relocate End           High               Low         
[24.558s][info][gc,heap     ] GC(135)  Capacity:     1024M (100%)       1024M (100%)       1024M (100%)       1024M (100%)       1024M (100%)       1024M (100%)   
[24.558s][info][gc,heap     ] GC(135)      Free:        2M (0%)            0M (0%)            0M (0%)           78M (8%)          130M (13%)           0M (0%)     
[24.558s][info][gc,heap     ] GC(135)      Used:     1022M (100%)       1024M (100%)       1024M (100%)        946M (92%)        1024M (100%)        894M (87%)    
[24.558s][info][gc,heap     ] GC(135)      Live:         -               349M (34%)         349M (34%)         349M (34%)            -                  -          
[24.558s][info][gc,heap     ] GC(135) Allocated:         -                 2M (0%)            2M (0%)          551M (54%)            -                  -          
[24.558s][info][gc,heap     ] GC(135)   Garbage:         -               672M (66%)         672M (66%)          44M (4%)             -                  -          
[24.558s][info][gc,heap     ] GC(135) Reclaimed:         -                  -                 0M (0%)          627M (61%)            -                  -          
[24.558s][info][gc          ] GC(135) Garbage Collection (Allocation Stall) 1022M(100%)->946M(92%)
[24.565s][info][gc,start    ] GC(136) Garbage Collection (Allocation Stall)
[24.565s][info][gc,ref      ] GC(136) Clearing All SoftReferences
[24.565s][info][gc,task     ] GC(136) Using 3 workers
[24.565s][info][gc,phases   ] GC(136) Pause Mark Start 0.013ms
[24.572s][info][gc,phases   ] GC(136) Concurrent Mark 6.375ms
[24.572s][info][gc,phases   ] GC(136) Pause Mark End 0.017ms
[24.572s][info][gc,phases   ] GC(136) Concurrent Mark Free 0.001ms
[24.573s][info][gc,phases   ] GC(136) Concurrent Process Non-Strong References 0.617ms
[24.573s][info][gc,phases   ] GC(136) Concurrent Reset Relocation Set 0.014ms
[24.574s][info][gc,phases   ] GC(136) Concurrent Select Relocation Set 1.316ms
[24.574s][info][gc,phases   ] GC(136) Pause Relocate Start 0.004ms
[24.581s][info][gc          ] Allocation Stall (pool-1-thread-1) 9.746ms
[24.582s][info][gc          ] Allocation Stall (pool-1-thread-2) 10.233ms
[24.582s][info][gc          ] Allocation Stall (pool-1-thread-3) 10.493ms
[24.582s][info][gc          ] Allocation Stall (pool-1-thread-4) 10.677ms
[24.598s][info][gc          ] Allocation Stall (pool-1-thread-4) 0.717ms
[24.600s][info][gc          ] Allocation Stall (pool-1-thread-3) 2.464ms
[24.600s][info][gc          ] Allocation Stall (pool-1-thread-1) 2.680ms
[24.600s][info][gc          ] Allocation Stall (pool-1-thread-2) 2.982ms
[24.608s][info][gc          ] Allocation Stall (pool-1-thread-1) 1.009ms
[24.618s][info][gc          ] Allocation Stall (pool-1-thread-2) 11.572ms
[24.619s][info][gc          ] Allocation Stall (pool-1-thread-4) 12.005ms
[24.619s][info][gc          ] Allocation Stall (pool-1-thread-3) 12.207ms
[24.624s][info][gc          ] Allocation Stall (pool-1-thread-1) 0.520ms
[24.634s][info][gc          ] Allocation Stall (pool-1-thread-4) 6.111ms
[24.637s][info][gc          ] Allocation Stall (pool-1-thread-1) 8.394ms
[24.637s][info][gc          ] Allocation Stall (pool-1-thread-3) 8.748ms
[24.637s][info][gc          ] Allocation Stall (pool-1-thread-2) 8.964ms
[24.651s][info][gc          ] Allocation Stall (pool-1-thread-3) 3.466ms
[24.657s][info][gc          ] Allocation Stall (pool-1-thread-4) 8.842ms
[24.664s][info][gc          ] Allocation Stall (pool-1-thread-1) 15.910ms
[24.667s][info][gc          ] Allocation Stall (pool-1-thread-2) 18.803ms
[24.668s][info][gc          ] Allocation Stall (pool-1-thread-3) 16.324ms
[24.701s][info][gc          ] Allocation Stall (pool-1-thread-3) 3.041ms
[24.701s][info][gc          ] Allocation Stall (pool-1-thread-1) 3.329ms
[24.707s][info][gc,phases   ] GC(136) Concurrent Relocate 132.971ms
[24.708s][info][gc,load     ] GC(136) Load: 2.33/0.78/0.33
[24.708s][info][gc,mmu      ] GC(136) MMU: 2ms/94.8%, 5ms/97.9%, 10ms/98.8%, 20ms/99.4%, 50ms/99.8%, 100ms/99.9%
[24.708s][info][gc,marking  ] GC(136) Mark: 2 stripe(s), 2 proactive flush(es), 1 terminate flush(es), 0 completion(s), 0 continuation(s) 
[24.708s][info][gc,marking  ] GC(136) Mark Stack Usage: 32M
[24.708s][info][gc,nmethod  ] GC(136) NMethods: 437 registered, 0 unregistered
[24.708s][info][gc,metaspace] GC(136) Metaspace: 6M used, 6M committed, 1088M reserved
[24.708s][info][gc,ref      ] GC(136) Soft: 34 encountered, 22 discovered, 0 enqueued
[24.708s][info][gc,ref      ] GC(136) Weak: 179 encountered, 126 discovered, 0 enqueued
[24.708s][info][gc,ref      ] GC(136) Final: 0 encountered, 0 discovered, 0 enqueued
[24.708s][info][gc,ref      ] GC(136) Phantom: 3 encountered, 1 discovered, 0 enqueued
[24.708s][info][gc,reloc    ] GC(136) Small Pages: 139 / 278M, Empty: 0M, Relocated: 89M, In-Place: 2
[24.708s][info][gc,reloc    ] GC(136) Medium Pages: 21 / 672M, Empty: 0M, Relocated: 251M, In-Place: 8
[24.708s][info][gc,reloc    ] GC(136) Large Pages: 0 / 0M, Empty: 0M, Relocated: 0M, In-Place: 0
[24.708s][info][gc,reloc    ] GC(136) Forwarding Usage: 0M
[24.708s][info][gc,heap     ] GC(136) Min Capacity: 1024M(100%)
[24.708s][info][gc,heap     ] GC(136) Max Capacity: 1024M(100%)
[24.708s][info][gc,heap     ] GC(136) Soft Max Capacity: 1024M(100%)
[24.708s][info][gc,heap     ] GC(136)                Mark Start          Mark End        Relocate Start      Relocate End           High               Low         
[24.708s][info][gc,heap     ] GC(136)  Capacity:     1024M (100%)       1024M (100%)       1024M (100%)       1024M (100%)       1024M (100%)       1024M (100%)   
[24.708s][info][gc,heap     ] GC(136)      Free:       74M (7%)           28M (3%)           28M (3%)           90M (9%)          100M (10%)           0M (0%)     
[24.708s][info][gc,heap     ] GC(136)      Used:      950M (93%)         996M (97%)         996M (97%)         934M (91%)        1024M (100%)        924M (90%)    
[24.708s][info][gc,heap     ] GC(136)      Live:         -               347M (34%)         347M (34%)         347M (34%)            -                  -          
[24.708s][info][gc,heap     ] GC(136) Allocated:         -                46M (4%)           46M (4%)          573M (56%)            -                  -          
[24.708s][info][gc,heap     ] GC(136)   Garbage:         -               602M (59%)         602M (59%)          12M (1%)             -                  -          
[24.708s][info][gc,heap     ] GC(136) Reclaimed:         -                  -                 0M (0%)          589M (58%)            -                  -          
[24.708s][info][gc          ] GC(136) Garbage Collection (Allocation Stall) 950M(93%)->934M(91%)
[24.724s][info][gc,start    ] GC(137) Garbage Collection (Allocation Stall)
[24.724s][info][gc,ref      ] GC(137) Clearing All SoftReferences
[24.724s][info][gc,task     ] GC(137) Using 3 workers
[24.725s][info][gc,phases   ] GC(137) Pause Mark Start 0.011ms
[24.729s][info][gc,phases   ] GC(137) Concurrent Mark 4.425ms
[24.729s][info][gc,phases   ] GC(137) Pause Mark End 0.008ms
[24.729s][info][gc,phases   ] GC(137) Concurrent Mark Free 0.001ms
[24.730s][info][gc,phases   ] GC(137) Concurrent Process Non-Strong References 0.535ms
[24.730s][info][gc,phases   ] GC(137) Concurrent Reset Relocation Set 0.007ms
[24.732s][info][gc          ] Allocation Stall (pool-1-thread-3) 7.565ms
[24.732s][info][gc,phases   ] GC(137) Concurrent Select Relocation Set 1.892ms
[24.732s][info][gc,phases   ] GC(137) Pause Relocate Start 0.006ms
[24.738s][info][gc          ] Allocation Stall (pool-1-thread-1) 12.937ms
[24.738s][info][gc          ] Allocation Stall (pool-1-thread-4) 12.955ms
[24.750s][info][gc          ] Allocation Stall (pool-1-thread-1) 1.584ms
[24.750s][info][gc          ] Allocation Stall (pool-1-thread-3) 17.797ms
[24.750s][info][gc          ] Allocation Stall (pool-1-thread-4) 1.897ms
[24.777s][info][gc          ] Allocation Stall (pool-1-thread-4) 2.025ms
[24.786s][info][gc          ] Allocation Stall (pool-1-thread-3) 0.752ms
[24.790s][info][gc          ] Allocation Stall (pool-1-thread-1) 4.821ms
[24.790s][info][gc          ] Allocation Stall (pool-1-thread-4) 5.080ms
[24.799s][info][gc          ] Allocation Stall (pool-1-thread-3) 2.116ms
[24.804s][info][gc          ] Allocation Stall (pool-1-thread-4) 7.016ms
[24.804s][info][gc          ] Allocation Stall (pool-1-thread-1) 7.336ms
[24.818s][info][gc          ] Allocation Stall (pool-1-thread-1) 1.101ms
[24.818s][info][gc          ] Allocation Stall (pool-1-thread-3) 2.029ms
[24.818s][info][gc          ] Allocation Stall (pool-1-thread-4) 3.052ms
[24.820s][info][gc          ] Relocation Stall (main) 87.596ms
[24.821s][info][gc          ] Allocation Stall (pool-1-thread-1) 0.926ms
[24.822s][info][gc          ] Relocation Stall (pool-1-thread-2) 85.288ms
[24.822s][info][gc          ] Allocation Stall (pool-1-thread-2) 97.519ms
[24.823s][info][gc          ] Allocation Stall (pool-1-thread-3) 3.377ms
[24.823s][info][gc          ] Allocation Stall (pool-1-thread-4) 3.423ms
[24.859s][info][gc,phases   ] GC(137) Concurrent Relocate 126.617ms
[24.859s][info][gc,load     ] GC(137) Load: 2.33/0.78/0.33
[24.859s][info][gc,mmu      ] GC(137) MMU: 2ms/94.8%, 5ms/97.9%, 10ms/98.8%, 20ms/99.4%, 50ms/99.8%, 100ms/99.9%
[24.859s][info][gc,marking  ] GC(137) Mark: 2 stripe(s), 4 proactive flush(es), 1 terminate flush(es), 0 completion(s), 0 continuation(s) 
[24.859s][info][gc,marking  ] GC(137) Mark Stack Usage: 32M
[24.859s][info][gc,nmethod  ] GC(137) NMethods: 437 registered, 0 unregistered
[24.859s][info][gc,metaspace] GC(137) Metaspace: 6M used, 6M committed, 1088M reserved
[24.859s][info][gc,ref      ] GC(137) Soft: 34 encountered, 9 discovered, 0 enqueued
[24.859s][info][gc,ref      ] GC(137) Weak: 179 encountered, 0 discovered, 0 enqueued
[24.859s][info][gc,ref      ] GC(137) Final: 0 encountered, 0 discovered, 0 enqueued
[24.859s][info][gc,ref      ] GC(137) Phantom: 3 encountered, 1 discovered, 0 enqueued
[24.859s][info][gc,reloc    ] GC(137) Small Pages: 144 / 288M, Empty: 2M, Relocated: 96M, In-Place: 0
[24.859s][info][gc,reloc    ] GC(137) Medium Pages: 23 / 736M, Empty: 0M, Relocated: 245M, In-Place: 3
[24.859s][info][gc,reloc    ] GC(137) Large Pages: 0 / 0M, Empty: 0M, Relocated: 0M, In-Place: 0
[24.859s][info][gc,reloc    ] GC(137) Forwarding Usage: 0M
[24.859s][info][gc,heap     ] GC(137) Min Capacity: 1024M(100%)
[24.859s][info][gc,heap     ] GC(137) Max Capacity: 1024M(100%)
[24.859s][info][gc,heap     ] GC(137) Soft Max Capacity: 1024M(100%)
[24.859s][info][gc,heap     ] GC(137)                Mark Start          Mark End        Relocate Start      Relocate End           High               Low         
[24.859s][info][gc,heap     ] GC(137)  Capacity:     1024M (100%)       1024M (100%)       1024M (100%)       1024M (100%)       1024M (100%)       1024M (100%)   
[24.859s][info][gc,heap     ] GC(137)      Free:        0M (0%)            0M (0%)            0M (0%)          132M (13%)         166M (16%)           0M (0%)     
[24.859s][info][gc,heap     ] GC(137)      Used:     1024M (100%)       1024M (100%)       1024M (100%)        892M (87%)        1024M (100%)        858M (84%)    
[24.859s][info][gc,heap     ] GC(137)      Live:         -               357M (35%)         357M (35%)         357M (35%)            -                  -          
[24.859s][info][gc,heap     ] GC(137) Allocated:         -                 0M (0%)            2M (0%)          503M (49%)            -                  -          
[24.859s][info][gc,heap     ] GC(137)   Garbage:         -               666M (65%)         664M (65%)          30M (3%)             -                  -          
[24.859s][info][gc,heap     ] GC(137) Reclaimed:         -                  -                 2M (0%)          635M (62%)            -                  -          
[24.859s][info][gc          ] GC(137) Garbage Collection (Allocation Stall) 1024M(100%)->892M(87%)
[24.865s][info][gc,start    ] GC(138) Garbage Collection (Allocation Stall)
[24.865s][info][gc,ref      ] GC(138) Clearing All SoftReferences
[24.865s][info][gc,task     ] GC(138) Using 3 workers
[24.866s][info][gc,phases   ] GC(138) Pause Mark Start 0.012ms
[24.876s][info][gc          ] Allocation Stall (pool-1-thread-4) 7.184ms
[24.876s][info][gc          ] Allocation Stall (pool-1-thread-1) 6.724ms
[24.880s][info][gc,phases   ] GC(138) Concurrent Mark 13.676ms
[24.880s][info][gc,phases   ] GC(138) Pause Mark End 0.017ms
[24.880s][info][gc,phases   ] GC(138) Concurrent Mark Free 0.001ms
[24.882s][info][gc,phases   ] GC(138) Concurrent Process Non-Strong References 1.228ms
[24.882s][info][gc,phases   ] GC(138) Concurrent Reset Relocation Set 0.028ms
[24.885s][info][gc,phases   ] GC(138) Concurrent Select Relocation Set 3.092ms
[24.885s][info][gc,phases   ] GC(138) Pause Relocate Start 0.008ms
[24.889s][info][gc          ] Allocation Stall (pool-1-thread-2) 5.662ms
[24.889s][info][gc          ] Allocation Stall (pool-1-thread-1) 6.636ms
[24.889s][info][gc          ] Allocation Stall (pool-1-thread-3) 4.362ms
[24.889s][info][gc          ] Allocation Stall (pool-1-thread-4) 4.573ms
[24.915s][info][gc          ] Allocation Stall (pool-1-thread-1) 1.280ms
[24.915s][info][gc          ] Allocation Stall (pool-1-thread-4) 1.763ms
[24.916s][info][gc          ] Allocation Stall (pool-1-thread-3) 1.795ms
[24.916s][info][gc          ] Allocation Stall (pool-1-thread-2) 2.048ms
[24.933s][info][gc          ] Allocation Stall (pool-1-thread-4) 1.014ms
[24.934s][info][gc          ] Allocation Stall (pool-1-thread-3) 1.495ms
[24.941s][info][gc          ] Allocation Stall (pool-1-thread-2) 8.506ms
[24.942s][info][gc          ] Allocation Stall (pool-1-thread-1) 9.004ms
[24.942s][info][gc          ] Allocation Stall (pool-1-thread-4) 8.110ms
[24.956s][info][gc          ] Allocation Stall (pool-1-thread-2) 5.667ms
[24.960s][info][gc          ] Allocation Stall (pool-1-thread-4) 9.397ms
[24.960s][info][gc          ] Allocation Stall (pool-1-thread-1) 9.630ms
[24.960s][info][gc          ] Allocation Stall (pool-1-thread-3) 9.662ms
[24.961s][info][gc          ] Allocation Stall (pool-1-thread-2) 3.211ms
[24.971s][info][gc          ] Allocation Stall (pool-1-thread-1) 4.087ms
[24.974s][info][gc          ] Allocation Stall (pool-1-thread-2) 6.891ms
[24.974s][info][gc          ] Allocation Stall (pool-1-thread-3) 6.887ms
[24.974s][info][gc          ] Allocation Stall (pool-1-thread-4) 6.945ms
[24.977s][info][gc          ] Relocation Stall (main) 91.545ms
[25.004s][info][gc          ] Allocation Stall (pool-1-thread-4) 3.236ms
[25.004s][info][gc          ] Allocation Stall (pool-1-thread-1) 3.423ms
[25.009s][info][gc,phases   ] GC(138) Concurrent Relocate 124.223ms
[25.009s][info][gc,load     ] GC(138) Load: 2.33/0.78/0.33
[25.009s][info][gc,mmu      ] GC(138) MMU: 2ms/94.8%, 5ms/97.9%, 10ms/98.8%, 20ms/99.4%, 50ms/99.8%, 100ms/99.9%
[25.009s][info][gc,marking  ] GC(138) Mark: 2 stripe(s), 2 proactive flush(es), 1 terminate flush(es), 0 completion(s), 0 continuation(s) 
[25.009s][info][gc,marking  ] GC(138) Mark Stack Usage: 32M
[25.009s][info][gc,nmethod  ] GC(138) NMethods: 437 registered, 0 unregistered
[25.009s][info][gc,metaspace] GC(138) Metaspace: 6M used, 6M committed, 1088M reserved
[25.009s][info][gc,ref      ] GC(138) Soft: 34 encountered, 13 discovered, 0 enqueued
[25.009s][info][gc,ref      ] GC(138) Weak: 179 encountered, 85 discovered, 0 enqueued
[25.009s][info][gc,ref      ] GC(138) Final: 0 encountered, 0 discovered, 0 enqueued
[25.009s][info][gc,ref      ] GC(138) Phantom: 3 encountered, 2 discovered, 0 enqueued
[25.009s][info][gc,reloc    ] GC(138) Small Pages: 134 / 268M, Empty: 0M, Relocated: 89M, In-Place: 0
[25.009s][info][gc,reloc    ] GC(138) Medium Pages: 21 / 672M, Empty: 0M, Relocated: 251M, In-Place: 5
[25.009s][info][gc,reloc    ] GC(138) Large Pages: 0 / 0M, Empty: 0M, Relocated: 0M, In-Place: 0
[25.009s][info][gc,reloc    ] GC(138) Forwarding Usage: 0M
[25.009s][info][gc,heap     ] GC(138) Min Capacity: 1024M(100%)
[25.009s][info][gc,heap     ] GC(138) Max Capacity: 1024M(100%)
[25.009s][info][gc,heap     ] GC(138) Soft Max Capacity: 1024M(100%)
[25.009s][info][gc,heap     ] GC(138)                Mark Start          Mark End        Relocate Start      Relocate End           High               Low         
[25.009s][info][gc,heap     ] GC(138)  Capacity:     1024M (100%)       1024M (100%)       1024M (100%)       1024M (100%)       1024M (100%)       1024M (100%)   
[25.009s][info][gc,heap     ] GC(138)      Free:       84M (8%)           36M (4%)            0M (0%)           74M (7%)          116M (11%)           0M (0%)     
[25.009s][info][gc,heap     ] GC(138)      Used:      940M (92%)         988M (96%)        1024M (100%)        950M (93%)        1024M (100%)        908M (89%)    
[25.009s][info][gc,heap     ] GC(138)      Live:         -               349M (34%)         349M (34%)         349M (34%)            -                  -          
[25.009s][info][gc,heap     ] GC(138) Allocated:         -                48M (5%)           84M (8%)          585M (57%)            -                  -          
[25.009s][info][gc,heap     ] GC(138)   Garbage:         -               590M (58%)         590M (58%)          14M (1%)             -                  -          
[25.009s][info][gc,heap     ] GC(138) Reclaimed:         -                  -                 0M (0%)          575M (56%)            -                  -          
[25.009s][info][gc          ] GC(138) Garbage Collection (Allocation Stall) 940M(92%)->950M(93%)
[25.021s][info][gc,start    ] GC(139) Garbage Collection (Allocation Stall)
[25.021s][info][gc,ref      ] GC(139) Clearing All SoftReferences
[25.021s][info][gc,task     ] GC(139) Using 3 workers
[25.021s][info][gc,phases   ] GC(139) Pause Mark Start 0.006ms
[25.026s][info][gc,phases   ] GC(139) Concurrent Mark 5.096ms
[25.026s][info][gc,phases   ] GC(139) Pause Mark End 0.011ms
[25.027s][info][gc,phases   ] GC(139) Concurrent Mark Free 0.001ms
[25.027s][info][gc,phases   ] GC(139) Concurrent Process Non-Strong References 0.579ms
[25.027s][info][gc,phases   ] GC(139) Concurrent Reset Relocation Set 0.007ms
[25.029s][info][gc,phases   ] GC(139) Concurrent Select Relocation Set 1.375ms
[25.029s][info][gc,phases   ] GC(139) Pause Relocate Start 0.006ms
[25.035s][info][gc          ] Allocation Stall (pool-1-thread-1) 14.765ms
[25.036s][info][gc          ] Allocation Stall (pool-1-thread-4) 15.089ms
[25.036s][info][gc          ] Allocation Stall (pool-1-thread-2) 15.267ms
[25.036s][info][gc          ] Allocation Stall (pool-1-thread-3) 15.420ms
[25.046s][info][gc          ] Allocation Stall (pool-1-thread-4) 1.812ms
[25.046s][info][gc          ] Allocation Stall (pool-1-thread-2) 1.858ms
[25.046s][info][gc          ] Allocation Stall (pool-1-thread-1) 2.032ms
[25.047s][info][gc          ] Allocation Stall (pool-1-thread-3) 2.167ms
[25.085s][info][gc          ] Allocation Stall (pool-1-thread-2) 1.980ms
[25.093s][info][gc          ] Allocation Stall (pool-1-thread-1) 10.321ms
[25.093s][info][gc          ] Allocation Stall (pool-1-thread-4) 10.434ms
[25.093s][info][gc          ] Allocation Stall (pool-1-thread-3) 10.404ms
[25.094s][info][gc          ] Allocation Stall (pool-1-thread-2) 2.276ms
[25.099s][info][gc          ] Allocation Stall (pool-1-thread-3) 1.008ms
[25.109s][info][gc          ] Allocation Stall (pool-1-thread-1) 10.685ms
[25.109s][info][gc          ] Allocation Stall (pool-1-thread-2) 11.002ms
[25.109s][info][gc          ] Allocation Stall (pool-1-thread-4) 11.277ms
[25.120s][info][gc          ] Allocation Stall (pool-1-thread-1) 4.178ms
[25.120s][info][gc          ] Allocation Stall (pool-1-thread-2) 4.284ms
[25.122s][info][gc          ] Allocation Stall (pool-1-thread-4) 3.969ms
[25.122s][info][gc          ] Allocation Stall (pool-1-thread-3) 4.387ms
[25.127s][info][gc          ] Allocation Stall (pool-1-thread-1) 6.336ms
[25.127s][info][gc          ] Allocation Stall (pool-1-thread-2) 6.637ms
[25.165s][info][gc,phases   ] GC(139) Concurrent Relocate 135.639ms
[25.165s][info][gc,load     ] GC(139) Load: 2.33/0.78/0.33
[25.165s][info][gc,mmu      ] GC(139) MMU: 2ms/94.8%, 5ms/97.9%, 10ms/98.8%, 20ms/99.4%, 50ms/99.8%, 100ms/99.9%
[25.165s][info][gc,marking  ] GC(139) Mark: 2 stripe(s), 3 proactive flush(es), 1 terminate flush(es), 0 completion(s), 0 continuation(s) 
[25.165s][info][gc,marking  ] GC(139) Mark Stack Usage: 32M
[25.165s][info][gc,nmethod  ] GC(139) NMethods: 437 registered, 0 unregistered
[25.165s][info][gc,metaspace] GC(139) Metaspace: 6M used, 6M committed, 1088M reserved
[25.165s][info][gc,ref      ] GC(139) Soft: 34 encountered, 12 discovered, 0 enqueued
[25.165s][info][gc,ref      ] GC(139) Weak: 179 encountered, 17 discovered, 0 enqueued
[25.165s][info][gc,ref      ] GC(139) Final: 0 encountered, 0 discovered, 0 enqueued
[25.165s][info][gc,ref      ] GC(139) Phantom: 3 encountered, 2 discovered, 0 enqueued
[25.165s][info][gc,reloc    ] GC(139) Small Pages: 155 / 310M, Empty: 0M, Relocated: 101M, In-Place: 0
[25.165s][info][gc,reloc    ] GC(139) Medium Pages: 22 / 704M, Empty: 0M, Relocated: 241M, In-Place: 6
[25.165s][info][gc,reloc    ] GC(139) Large Pages: 0 / 0M, Empty: 0M, Relocated: 0M, In-Place: 0
[25.165s][info][gc,reloc    ] GC(139) Forwarding Usage: 0M
[25.165s][info][gc,heap     ] GC(139) Min Capacity: 1024M(100%)
[25.165s][info][gc,heap     ] GC(139) Max Capacity: 1024M(100%)
[25.165s][info][gc,heap     ] GC(139) Soft Max Capacity: 1024M(100%)
[25.165s][info][gc,heap     ] GC(139)                Mark Start          Mark End        Relocate Start      Relocate End           High               Low         
[25.165s][info][gc,heap     ] GC(139)  Capacity:     1024M (100%)       1024M (100%)       1024M (100%)       1024M (100%)       1024M (100%)       1024M (100%)   
[25.165s][info][gc,heap     ] GC(139)      Free:       10M (1%)           10M (1%)           10M (1%)          118M (12%)         174M (17%)           0M (0%)     
[25.165s][info][gc,heap     ] GC(139)      Used:     1014M (99%)        1014M (99%)        1014M (99%)         906M (88%)        1024M (100%)        850M (83%)    
[25.165s][info][gc,heap     ] GC(139)      Live:         -               344M (34%)         344M (34%)         344M (34%)            -                  -          
[25.165s][info][gc,heap     ] GC(139) Allocated:         -                 0M (0%)            0M (0%)          537M (53%)            -                  -          
[25.165s][info][gc,heap     ] GC(139)   Garbage:         -               669M (65%)         669M (65%)          23M (2%)             -                  -          
[25.165s][info][gc,heap     ] GC(139) Reclaimed:         -                  -                 0M (0%)          645M (63%)            -                  -          
[25.165s][info][gc          ] GC(139) Garbage Collection (Allocation Stall) 1014M(99%)->906M(88%)
[25.169s][info][gc,start    ] GC(140) Garbage Collection (Allocation Stall)
[25.169s][info][gc,ref      ] GC(140) Clearing All SoftReferences
[25.169s][info][gc,task     ] GC(140) Using 3 workers
[25.171s][info][gc,phases   ] GC(140) Pause Mark Start 0.009ms
[25.171s][info][gc          ] Allocation Stall (pool-1-thread-3) 2.705ms
[25.187s][info][gc,phases   ] GC(140) Concurrent Mark 15.680ms
[25.187s][info][gc,phases   ] GC(140) Pause Mark End 0.010ms
[25.187s][info][gc,phases   ] GC(140) Concurrent Mark Free 0.001ms
[25.188s][info][gc,phases   ] GC(140) Concurrent Process Non-Strong References 0.516ms
[25.188s][info][gc,phases   ] GC(140) Concurrent Reset Relocation Set 0.012ms
[25.189s][info][gc,phases   ] GC(140) Concurrent Select Relocation Set 1.358ms
[25.189s][info][gc,phases   ] GC(140) Pause Relocate Start 0.005ms
[25.192s][info][gc          ] Allocation Stall (pool-1-thread-2) 7.332ms
[25.193s][info][gc          ] Allocation Stall (pool-1-thread-1) 8.075ms
[25.193s][info][gc          ] Allocation Stall (pool-1-thread-4) 8.071ms
[25.193s][info][gc          ] Allocation Stall (pool-1-thread-3) 7.852ms
[25.204s][info][gc          ] Allocation Stall (pool-1-thread-3) 5.153ms
[25.234s][info][gc          ] Allocation Stall (pool-1-thread-3) 3.447ms
[25.234s][info][gc          ] Allocation Stall (pool-1-thread-2) 4.791ms
[25.234s][info][gc          ] Allocation Stall (pool-1-thread-4) 4.844ms
[25.234s][info][gc          ] Allocation Stall (pool-1-thread-1) 4.708ms
[25.249s][info][gc          ] Allocation Stall (pool-1-thread-4) 12.357ms
[25.255s][info][gc          ] Allocation Stall (pool-1-thread-1) 10.253ms
[25.256s][info][gc          ] Allocation Stall (pool-1-thread-2) 10.559ms
[25.256s][info][gc          ] Allocation Stall (pool-1-thread-3) 10.848ms
[25.266s][info][gc          ] Allocation Stall (pool-1-thread-2) 6.558ms
[25.266s][info][gc          ] Allocation Stall (pool-1-thread-1) 6.684ms
[25.268s][info][gc          ] Allocation Stall (pool-1-thread-3) 8.320ms
[25.268s][info][gc          ] Allocation Stall (pool-1-thread-4) 8.727ms
[25.307s][info][gc          ] Allocation Stall (pool-1-thread-1) 1.122ms
[25.311s][info][gc          ] Allocation Stall (pool-1-thread-3) 4.538ms
[25.311s][info][gc,phases   ] GC(140) Concurrent Relocate 122.115ms
[25.311s][info][gc,load     ] GC(140) Load: 2.33/0.78/0.33
[25.311s][info][gc,mmu      ] GC(140) MMU: 2ms/94.8%, 5ms/97.9%, 10ms/98.8%, 20ms/99.4%, 50ms/99.8%, 100ms/99.9%
[25.311s][info][gc,marking  ] GC(140) Mark: 2 stripe(s), 6 proactive flush(es), 1 terminate flush(es), 0 completion(s), 0 continuation(s) 
[25.311s][info][gc,marking  ] GC(140) Mark Stack Usage: 32M
[25.311s][info][gc,nmethod  ] GC(140) NMethods: 437 registered, 0 unregistered
[25.311s][info][gc,metaspace] GC(140) Metaspace: 6M used, 6M committed, 1088M reserved
[25.311s][info][gc,ref      ] GC(140) Soft: 34 encountered, 12 discovered, 0 enqueued
[25.311s][info][gc,ref      ] GC(140) Weak: 179 encountered, 11 discovered, 0 enqueued
[25.311s][info][gc,ref      ] GC(140) Final: 0 encountered, 0 discovered, 0 enqueued
[25.311s][info][gc,ref      ] GC(140) Phantom: 3 encountered, 2 discovered, 0 enqueued
[25.311s][info][gc,reloc    ] GC(140) Small Pages: 138 / 276M, Empty: 0M, Relocated: 90M, In-Place: 3
[25.311s][info][gc,reloc    ] GC(140) Medium Pages: 21 / 672M, Empty: 0M, Relocated: 223M, In-Place: 5
[25.311s][info][gc,reloc    ] GC(140) Large Pages: 0 / 0M, Empty: 0M, Relocated: 0M, In-Place: 0
[25.311s][info][gc,reloc    ] GC(140) Forwarding Usage: 0M
[25.311s][info][gc,heap     ] GC(140) Min Capacity: 1024M(100%)
[25.311s][info][gc,heap     ] GC(140) Max Capacity: 1024M(100%)
[25.311s][info][gc,heap     ] GC(140) Soft Max Capacity: 1024M(100%)
[25.311s][info][gc,heap     ] GC(140)                Mark Start          Mark End        Relocate Start      Relocate End           High               Low         
[25.311s][info][gc,heap     ] GC(140)  Capacity:     1024M (100%)       1024M (100%)       1024M (100%)       1024M (100%)       1024M (100%)       1024M (100%)   
[25.311s][info][gc,heap     ] GC(140)      Free:       44M (4%)           28M (3%)           28M (3%)           50M (5%)          150M (15%)           0M (0%)     
[25.311s][info][gc,heap     ] GC(140)      Used:      980M (96%)         996M (97%)         996M (97%)         974M (95%)        1024M (100%)        874M (85%)    
[25.311s][info][gc,heap     ] GC(140)      Live:         -               339M (33%)         339M (33%)         339M (33%)            -                  -          
[25.311s][info][gc,heap     ] GC(140) Allocated:         -                16M (2%)           16M (2%)          579M (57%)            -                  -          
[25.311s][info][gc,heap     ] GC(140)   Garbage:         -               640M (63%)         640M (63%)          54M (5%)             -                  -          
[25.311s][info][gc,heap     ] GC(140) Reclaimed:         -                  -                 0M (0%)          585M (57%)            -                  -          
[25.311s][info][gc          ] GC(140) Garbage Collection (Allocation Stall) 980M(96%)->974M(95%)
[25.326s][info][gc,start    ] GC(141) Garbage Collection (Allocation Stall)
[25.326s][info][gc,ref      ] GC(141) Clearing All SoftReferences
[25.326s][info][gc,task     ] GC(141) Using 3 workers
[25.326s][info][gc,phases   ] GC(141) Pause Mark Start 0.006ms
[25.331s][info][gc,phases   ] GC(141) Concurrent Mark 4.417ms
[25.331s][info][gc,phases   ] GC(141) Pause Mark End 0.008ms
[25.331s][info][gc,phases   ] GC(141) Concurrent Mark Free 0.001ms
[25.331s][info][gc,phases   ] GC(141) Concurrent Process Non-Strong References 0.470ms
[25.331s][info][gc,phases   ] GC(141) Concurrent Reset Relocation Set 0.006ms
[25.333s][info][gc,phases   ] GC(141) Concurrent Select Relocation Set 1.237ms
[25.333s][info][gc,phases   ] GC(141) Pause Relocate Start 0.004ms
[25.336s][info][gc          ] Allocation Stall (pool-1-thread-4) 10.513ms
[25.336s][info][gc          ] Allocation Stall (pool-1-thread-3) 10.607ms
[25.337s][info][gc          ] Allocation Stall (pool-1-thread-1) 11.074ms
[25.337s][info][gc          ] Allocation Stall (pool-1-thread-2) 11.122ms
[25.353s][info][gc          ] Allocation Stall (pool-1-thread-4) 0.176ms
[25.353s][info][gc          ] Allocation Stall (pool-1-thread-2) 0.350ms
[25.353s][info][gc          ] Allocation Stall (pool-1-thread-3) 0.427ms
[25.353s][info][gc          ] Allocation Stall (pool-1-thread-1) 0.579ms
[25.362s][info][gc          ] Allocation Stall (pool-1-thread-1) 2.249ms
[25.363s][info][gc          ] Allocation Stall (pool-1-thread-3) 3.166ms
[25.363s][info][gc          ] Allocation Stall (pool-1-thread-4) 3.345ms
[25.364s][info][gc          ] Allocation Stall (pool-1-thread-2) 3.521ms
[25.375s][info][gc          ] Allocation Stall (pool-1-thread-4) 1.886ms
[25.382s][info][gc          ] Allocation Stall (pool-1-thread-3) 3.078ms
[25.390s][info][gc          ] Allocation Stall (pool-1-thread-4) 10.776ms
[25.391s][info][gc          ] Allocation Stall (pool-1-thread-1) 11.172ms
[25.391s][info][gc          ] Allocation Stall (pool-1-thread-2) 11.237ms
[25.403s][info][gc          ] Allocation Stall (pool-1-thread-4) 3.085ms
[25.403s][info][gc          ] Allocation Stall (pool-1-thread-3) 1.649ms
[25.403s][info][gc          ] Allocation Stall (pool-1-thread-2) 3.986ms
[25.403s][info][gc          ] Allocation Stall (pool-1-thread-1) 3.614ms
[25.404s][info][gc          ] Allocation Stall (pool-1-thread-4) 0.448ms
[25.406s][info][gc          ] Allocation Stall (pool-1-thread-3) 2.681ms
[25.406s][info][gc          ] Allocation Stall (pool-1-thread-2) 2.866ms
[25.406s][info][gc          ] Allocation Stall (pool-1-thread-1) 2.968ms
[25.424s][info][gc          ] Allocation Stall (pool-1-thread-3) 7.178ms
[25.425s][info][gc          ] Allocation Stall (pool-1-thread-2) 8.443ms
[25.427s][info][gc          ] Allocation Stall (pool-1-thread-4) 10.464ms
[25.427s][info][gc          ] Allocation Stall (pool-1-thread-1) 10.652ms
[25.458s][info][gc          ] Allocation Stall (pool-1-thread-2) 5.699ms
[25.458s][info][gc          ] Allocation Stall (pool-1-thread-3) 5.908ms
[25.463s][info][gc,phases   ] GC(141) Concurrent Relocate 129.830ms
[25.463s][info][gc,load     ] GC(141) Load: 2.33/0.78/0.33
[25.463s][info][gc,mmu      ] GC(141) MMU: 2ms/94.8%, 5ms/97.9%, 10ms/98.8%, 20ms/99.4%, 50ms/99.8%, 100ms/99.9%
[25.463s][info][gc,marking  ] GC(141) Mark: 2 stripe(s), 4 proactive flush(es), 1 terminate flush(es), 0 completion(s), 0 continuation(s) 
[25.463s][info][gc,marking  ] GC(141) Mark Stack Usage: 32M
[25.463s][info][gc,nmethod  ] GC(141) NMethods: 437 registered, 0 unregistered
[25.463s][info][gc,metaspace] GC(141) Metaspace: 6M used, 6M committed, 1088M reserved
[25.463s][info][gc,ref      ] GC(141) Soft: 34 encountered, 17 discovered, 0 enqueued
[25.463s][info][gc,ref      ] GC(141) Weak: 179 encountered, 54 discovered, 0 enqueued
[25.463s][info][gc,ref      ] GC(141) Final: 0 encountered, 0 discovered, 0 enqueued
[25.463s][info][gc,ref      ] GC(141) Phantom: 3 encountered, 2 discovered, 0 enqueued
[25.463s][info][gc,reloc    ] GC(141) Small Pages: 148 / 296M, Empty: 4M, Relocated: 99M, In-Place: 0
[25.463s][info][gc,reloc    ] GC(141) Medium Pages: 22 / 704M, Empty: 0M, Relocated: 244M, In-Place: 4
[25.463s][info][gc,reloc    ] GC(141) Large Pages: 0 / 0M, Empty: 0M, Relocated: 0M, In-Place: 0
[25.463s][info][gc,reloc    ] GC(141) Forwarding Usage: 0M
[25.463s][info][gc,heap     ] GC(141) Min Capacity: 1024M(100%)
[25.463s][info][gc,heap     ] GC(141) Max Capacity: 1024M(100%)
[25.463s][info][gc,heap     ] GC(141) Soft Max Capacity: 1024M(100%)
[25.463s][info][gc,heap     ] GC(141)                Mark Start          Mark End        Relocate Start      Relocate End           High               Low         
[25.463s][info][gc,heap     ] GC(141)  Capacity:     1024M (100%)       1024M (100%)       1024M (100%)       1024M (100%)       1024M (100%)       1024M (100%)   
[25.463s][info][gc,heap     ] GC(141)      Free:       24M (2%)           24M (2%)           28M (3%)           82M (8%)           84M (8%)            0M (0%)     
[25.463s][info][gc,heap     ] GC(141)      Used:     1000M (98%)        1000M (98%)         996M (97%)         942M (92%)        1024M (100%)        940M (92%)    
[25.463s][info][gc,heap     ] GC(141)      Live:         -               346M (34%)         346M (34%)         346M (34%)            -                  -          
[25.463s][info][gc,heap     ] GC(141) Allocated:         -                 0M (0%)            0M (0%)          577M (56%)            -                  -          
[25.463s][info][gc,heap     ] GC(141)   Garbage:         -               653M (64%)         649M (63%)          17M (2%)             -                  -          
[25.463s][info][gc,heap     ] GC(141) Reclaimed:         -                  -                 4M (0%)          635M (62%)            -                  -          
[25.463s][info][gc          ] GC(141) Garbage Collection (Allocation Stall) 1000M(98%)->942M(92%)
[25.465s][info][gc,start    ] GC(142) Garbage Collection (Allocation Stall)
[25.465s][info][gc,ref      ] GC(142) Clearing All SoftReferences
[25.465s][info][gc,task     ] GC(142) Using 3 workers
[25.465s][info][gc,phases   ] GC(142) Pause Mark Start 0.007ms
[25.473s][info][gc,phases   ] GC(142) Concurrent Mark 7.700ms
[25.473s][info][gc,phases   ] GC(142) Pause Mark End 0.010ms
[25.473s][info][gc,phases   ] GC(142) Concurrent Mark Free 0.001ms
[25.473s][info][gc,phases   ] GC(142) Concurrent Process Non-Strong References 0.503ms
[25.474s][info][gc,phases   ] GC(142) Concurrent Reset Relocation Set 0.009ms
[25.475s][info][gc,phases   ] GC(142) Concurrent Select Relocation Set 1.181ms
[25.475s][info][gc,phases   ] GC(142) Pause Relocate Start 0.005ms
[25.479s][info][gc          ] Allocation Stall (pool-1-thread-4) 8.184ms
[25.479s][info][gc          ] Allocation Stall (pool-1-thread-2) 8.219ms
[25.479s][info][gc          ] Allocation Stall (pool-1-thread-1) 8.525ms
[25.480s][info][gc          ] Allocation Stall (pool-1-thread-3) 8.671ms
[25.508s][info][gc          ] Allocation Stall (pool-1-thread-4) 1.758ms
[25.508s][info][gc          ] Allocation Stall (pool-1-thread-3) 2.066ms
[25.509s][info][gc          ] Allocation Stall (pool-1-thread-2) 2.129ms
[25.509s][info][gc          ] Allocation Stall (pool-1-thread-1) 2.217ms
[25.523s][info][gc          ] Allocation Stall (pool-1-thread-1) 1.896ms
[25.523s][info][gc          ] Allocation Stall (pool-1-thread-3) 5.122ms
[25.523s][info][gc          ] Allocation Stall (pool-1-thread-4) 6.579ms
[25.523s][info][gc          ] Allocation Stall (pool-1-thread-2) 2.768ms
[25.528s][info][gc          ] Allocation Stall (pool-1-thread-3) 0.707ms
[25.535s][info][gc          ] Allocation Stall (pool-1-thread-4) 7.191ms
[25.535s][info][gc          ] Allocation Stall (pool-1-thread-1) 7.606ms
[25.536s][info][gc          ] Allocation Stall (pool-1-thread-2) 7.872ms
[25.547s][info][gc          ] Allocation Stall (pool-1-thread-1) 2.211ms
[25.547s][info][gc          ] Allocation Stall (pool-1-thread-4) 5.160ms
[25.547s][info][gc          ] Allocation Stall (pool-1-thread-2) 4.058ms
[25.547s][info][gc          ] Allocation Stall (pool-1-thread-3) 2.530ms
[25.554s][info][gc          ] Allocation Stall (pool-1-thread-4) 4.717ms
[25.561s][info][gc          ] Allocation Stall (pool-1-thread-3) 11.758ms
[25.564s][info][gc          ] Allocation Stall (pool-1-thread-1) 15.242ms
[25.565s][info][gc          ] Allocation Stall (pool-1-thread-2) 15.546ms
[25.565s][info][gc          ] Allocation Stall (pool-1-thread-4) 4.622ms
[25.602s][info][gc          ] Allocation Stall (pool-1-thread-4) 2.288ms
[25.603s][info][gc          ] Allocation Stall (pool-1-thread-1) 3.472ms
[25.607s][info][gc,phases   ] GC(142) Concurrent Relocate 132.168ms
[25.607s][info][gc,load     ] GC(142) Load: 2.33/0.78/0.33
[25.607s][info][gc,mmu      ] GC(142) MMU: 2ms/94.8%, 5ms/97.9%, 10ms/98.8%, 20ms/99.4%, 50ms/99.8%, 100ms/99.9%
[25.607s][info][gc,marking  ] GC(142) Mark: 2 stripe(s), 2 proactive flush(es), 1 terminate flush(es), 0 completion(s), 0 continuation(s) 
[25.607s][info][gc,marking  ] GC(142) Mark Stack Usage: 32M
[25.607s][info][gc,nmethod  ] GC(142) NMethods: 437 registered, 0 unregistered
[25.607s][info][gc,metaspace] GC(142) Metaspace: 6M used, 6M committed, 1088M reserved
[25.607s][info][gc,ref      ] GC(142) Soft: 34 encountered, 5 discovered, 0 enqueued
[25.607s][info][gc,ref      ] GC(142) Weak: 179 encountered, 6 discovered, 0 enqueued
[25.607s][info][gc,ref      ] GC(142) Final: 0 encountered, 0 discovered, 0 enqueued
[25.607s][info][gc,ref      ] GC(142) Phantom: 3 encountered, 1 discovered, 0 enqueued
[25.607s][info][gc,reloc    ] GC(142) Small Pages: 138 / 276M, Empty: 0M, Relocated: 90M, In-Place: 1
[25.607s][info][gc,reloc    ] GC(142) Medium Pages: 21 / 672M, Empty: 0M, Relocated: 246M, In-Place: 4
[25.607s][info][gc,reloc    ] GC(142) Large Pages: 0 / 0M, Empty: 0M, Relocated: 0M, In-Place: 0
[25.607s][info][gc,reloc    ] GC(142) Forwarding Usage: 0M
[25.607s][info][gc,heap     ] GC(142) Min Capacity: 1024M(100%)
[25.607s][info][gc,heap     ] GC(142) Max Capacity: 1024M(100%)
[25.607s][info][gc,heap     ] GC(142) Soft Max Capacity: 1024M(100%)
[25.607s][info][gc,heap     ] GC(142)                Mark Start          Mark End        Relocate Start      Relocate End           High               Low         
[25.607s][info][gc,heap     ] GC(142)  Capacity:     1024M (100%)       1024M (100%)       1024M (100%)       1024M (100%)       1024M (100%)       1024M (100%)   
[25.607s][info][gc,heap     ] GC(142)      Free:       76M (7%)           28M (3%)           28M (3%)           54M (5%)          114M (11%)           0M (0%)     
[25.607s][info][gc,heap     ] GC(142)      Used:      948M (93%)         996M (97%)         996M (97%)         970M (95%)        1024M (100%)        910M (89%)    
[25.607s][info][gc,heap     ] GC(142)      Live:         -               340M (33%)         340M (33%)         340M (33%)            -                  -          
[25.607s][info][gc,heap     ] GC(142) Allocated:         -                48M (5%)           48M (5%)          613M (60%)            -                  -          
[25.607s][info][gc,heap     ] GC(142)   Garbage:         -               607M (59%)         607M (59%)          15M (1%)             -                  -          
[25.607s][info][gc,heap     ] GC(142) Reclaimed:         -                  -                 0M (0%)          591M (58%)            -                  -          
[25.607s][info][gc          ] GC(142) Garbage Collection (Allocation Stall) 948M(93%)->970M(95%)
[25.627s][info][gc,start    ] GC(143) Garbage Collection (Allocation Stall)
[25.627s][info][gc,ref      ] GC(143) Clearing All SoftReferences
[25.627s][info][gc,task     ] GC(143) Using 3 workers
[25.627s][info][gc,phases   ] GC(143) Pause Mark Start 0.011ms
[25.633s][info][gc,phases   ] GC(143) Concurrent Mark 5.787ms
[25.633s][info][gc,phases   ] GC(143) Pause Mark End 0.011ms
[25.633s][info][gc,phases   ] GC(143) Concurrent Mark Free 0.001ms
[25.634s][info][gc,phases   ] GC(143) Concurrent Process Non-Strong References 0.577ms
[25.634s][info][gc,phases   ] GC(143) Concurrent Reset Relocation Set 0.011ms
[25.635s][info][gc,phases   ] GC(143) Concurrent Select Relocation Set 1.495ms
[25.635s][info][gc,phases   ] GC(143) Pause Relocate Start 0.006ms
[25.641s][info][gc          ] Allocation Stall (pool-1-thread-3) 14.059ms
[25.641s][info][gc          ] Allocation Stall (pool-1-thread-4) 14.142ms
[25.641s][info][gc          ] Allocation Stall (pool-1-thread-1) 14.250ms
[25.641s][info][gc          ] Allocation Stall (pool-1-thread-2) 14.423ms
[25.671s][info][gc          ] Allocation Stall (pool-1-thread-2) 3.129ms
[25.671s][info][gc          ] Allocation Stall (pool-1-thread-4) 3.359ms
[25.672s][info][gc          ] Allocation Stall (pool-1-thread-1) 3.550ms
[25.686s][info][gc          ] Allocation Stall (pool-1-thread-1) 1.783ms
[25.687s][info][gc          ] Allocation Stall (pool-1-thread-3) 2.515ms
[25.687s][info][gc          ] Allocation Stall (pool-1-thread-4) 2.646ms
[25.688s][info][gc          ] Allocation Stall (pool-1-thread-2) 2.468ms
[25.702s][info][gc          ] Allocation Stall (pool-1-thread-4) 4.661ms
[25.702s][info][gc          ] Allocation Stall (pool-1-thread-1) 7.453ms
[25.702s][info][gc          ] Allocation Stall (pool-1-thread-2) 6.532ms
[25.702s][info][gc          ] Allocation Stall (pool-1-thread-3) 6.415ms
[25.706s][info][gc          ] Allocation Stall (pool-1-thread-3) 3.125ms
[25.715s][info][gc          ] Allocation Stall (pool-1-thread-4) 11.769ms
[25.715s][info][gc          ] Allocation Stall (pool-1-thread-1) 12.205ms
[25.715s][info][gc          ] Allocation Stall (pool-1-thread-2) 12.431ms
[25.725s][info][gc          ] Allocation Stall (pool-1-thread-1) 7.168ms
[25.736s][info][gc          ] Allocation Stall (pool-1-thread-4) 1.210ms
[25.739s][info][gc          ] Allocation Stall (pool-1-thread-1) 4.534ms
[25.740s][info][gc          ] Allocation Stall (pool-1-thread-2) 5.429ms
[25.740s][info][gc          ] Allocation Stall (pool-1-thread-3) 5.535ms
[25.770s][info][gc,phases   ] GC(143) Concurrent Relocate 134.857ms
[25.771s][info][gc,load     ] GC(143) Load: 2.46/0.83/0.35
[25.771s][info][gc,mmu      ] GC(143) MMU: 2ms/94.8%, 5ms/97.9%, 10ms/98.8%, 20ms/99.4%, 50ms/99.8%, 100ms/99.9%
[25.771s][info][gc,marking  ] GC(143) Mark: 2 stripe(s), 2 proactive flush(es), 1 terminate flush(es), 0 completion(s), 0 continuation(s) 
[25.771s][info][gc,marking  ] GC(143) Mark Stack Usage: 32M
[25.771s][info][gc,nmethod  ] GC(143) NMethods: 437 registered, 0 unregistered
[25.771s][info][gc,metaspace] GC(143) Metaspace: 6M used, 6M committed, 1088M reserved
[25.771s][info][gc,ref      ] GC(143) Soft: 34 encountered, 13 discovered, 0 enqueued
[25.771s][info][gc,ref      ] GC(143) Weak: 179 encountered, 71 discovered, 0 enqueued
[25.771s][info][gc,ref      ] GC(143) Final: 0 encountered, 0 discovered, 0 enqueued
[25.771s][info][gc,ref      ] GC(143) Phantom: 3 encountered, 2 discovered, 0 enqueued
[25.771s][info][gc,reloc    ] GC(143) Small Pages: 150 / 300M, Empty: 0M, Relocated: 101M, In-Place: 0
[25.771s][info][gc,reloc    ] GC(143) Medium Pages: 22 / 704M, Empty: 0M, Relocated: 242M, In-Place: 6
[25.771s][info][gc,reloc    ] GC(143) Large Pages: 0 / 0M, Empty: 0M, Relocated: 0M, In-Place: 0
[25.771s][info][gc,reloc    ] GC(143) Forwarding Usage: 0M
[25.771s][info][gc,heap     ] GC(143) Min Capacity: 1024M(100%)
[25.771s][info][gc,heap     ] GC(143) Max Capacity: 1024M(100%)
[25.771s][info][gc,heap     ] GC(143) Soft Max Capacity: 1024M(100%)
[25.771s][info][gc,heap     ] GC(143)                Mark Start          Mark End        Relocate Start      Relocate End           High               Low         
[25.771s][info][gc,heap     ] GC(143)  Capacity:     1024M (100%)       1024M (100%)       1024M (100%)       1024M (100%)       1024M (100%)       1024M (100%)   
[25.771s][info][gc,heap     ] GC(143)      Free:       20M (2%)           20M (2%)           20M (2%)           86M (8%)          148M (14%)           0M (0%)     
[25.771s][info][gc,heap     ] GC(143)      Used:     1004M (98%)        1004M (98%)        1004M (98%)         938M (92%)        1024M (100%)        876M (86%)    
[25.771s][info][gc,heap     ] GC(143)      Live:         -               345M (34%)         345M (34%)         345M (34%)            -                  -          
[25.771s][info][gc,heap     ] GC(143) Allocated:         -                 0M (0%)            0M (0%)          573M (56%)            -                  -          
[25.771s][info][gc,heap     ] GC(143)   Garbage:         -               658M (64%)         658M (64%)          18M (2%)             -                  -          
[25.771s][info][gc,heap     ] GC(143) Reclaimed:         -                  -                 0M (0%)          639M (62%)            -                  -          
[25.771s][info][gc          ] GC(143) Garbage Collection (Allocation Stall) 1004M(98%)->938M(92%)
[25.774s][info][gc,start    ] GC(144) Garbage Collection (Allocation Stall)
[25.774s][info][gc,ref      ] GC(144) Clearing All SoftReferences
[25.774s][info][gc,task     ] GC(144) Using 3 workers
[25.776s][info][gc,phases   ] GC(144) Pause Mark Start 0.007ms
[25.776s][info][gc          ] Allocation Stall (pool-1-thread-1) 2.631ms
[25.785s][info][gc,phases   ] GC(144) Concurrent Mark 8.624ms
[25.785s][info][gc,phases   ] GC(144) Pause Mark End 0.036ms
[25.785s][info][gc,phases   ] GC(144) Concurrent Mark Free 0.002ms
[25.786s][info][gc,phases   ] GC(144) Concurrent Process Non-Strong References 0.788ms
[25.786s][info][gc,phases   ] GC(144) Concurrent Reset Relocation Set 0.020ms
[25.788s][info][gc,phases   ] GC(144) Concurrent Select Relocation Set 1.326ms
[25.788s][info][gc,phases   ] GC(144) Pause Relocate Start 0.006ms
[25.792s][info][gc          ] Allocation Stall (pool-1-thread-2) 6.106ms
[25.792s][info][gc          ] Allocation Stall (pool-1-thread-3) 7.292ms
[25.804s][info][gc          ] Allocation Stall (pool-1-thread-1) 17.526ms
[25.804s][info][gc          ] Allocation Stall (pool-1-thread-2) 3.603ms
[25.804s][info][gc          ] Allocation Stall (pool-1-thread-3) 3.745ms
[25.822s][info][gc          ] Allocation Stall (pool-1-thread-3) 1.213ms
[25.823s][info][gc          ] Allocation Stall (pool-1-thread-1) 2.010ms
[25.823s][info][gc          ] Allocation Stall (pool-1-thread-2) 2.088ms
[25.844s][info][gc          ] Allocation Stall (pool-1-thread-1) 3.291ms
[25.844s][info][gc          ] Allocation Stall (pool-1-thread-3) 6.132ms
[25.844s][info][gc          ] Allocation Stall (pool-1-thread-2) 3.274ms
[25.847s][info][gc          ] Allocation Stall (pool-1-thread-3) 2.060ms
[25.857s][info][gc          ] Allocation Stall (pool-1-thread-1) 11.837ms
[25.857s][info][gc          ] Allocation Stall (pool-1-thread-2) 12.106ms
[25.867s][info][gc          ] Allocation Stall (pool-1-thread-3) 3.140ms
[25.868s][info][gc          ] Relocation Stall (pool-1-thread-4) 76.606ms
[25.868s][info][gc          ] Allocation Stall (pool-1-thread-4) 94.505ms
[25.870s][info][gc          ] Allocation Stall (pool-1-thread-1) 5.730ms
[25.870s][info][gc          ] Allocation Stall (pool-1-thread-2) 5.984ms
[25.871s][info][gc          ] Allocation Stall (pool-1-thread-3) 3.291ms
[25.898s][info][gc          ] Allocation Stall (pool-1-thread-3) 3.630ms
[25.900s][info][gc          ] Allocation Stall (pool-1-thread-4) 5.247ms
[25.905s][info][gc,phases   ] GC(144) Concurrent Relocate 116.840ms
[25.905s][info][gc,load     ] GC(144) Load: 2.46/0.83/0.35
[25.905s][info][gc,mmu      ] GC(144) MMU: 2ms/94.8%, 5ms/97.9%, 10ms/98.8%, 20ms/99.4%, 50ms/99.8%, 100ms/99.9%
[25.905s][info][gc,marking  ] GC(144) Mark: 2 stripe(s), 5 proactive flush(es), 1 terminate flush(es), 0 completion(s), 0 continuation(s) 
[25.905s][info][gc,marking  ] GC(144) Mark Stack Usage: 32M
[25.905s][info][gc,nmethod  ] GC(144) NMethods: 437 registered, 0 unregistered
[25.905s][info][gc,metaspace] GC(144) Metaspace: 6M used, 6M committed, 1088M reserved
[25.905s][info][gc,ref      ] GC(144) Soft: 34 encountered, 18 discovered, 0 enqueued
[25.905s][info][gc,ref      ] GC(144) Weak: 179 encountered, 92 discovered, 0 enqueued
[25.905s][info][gc,ref      ] GC(144) Final: 0 encountered, 0 discovered, 0 enqueued
[25.905s][info][gc,ref      ] GC(144) Phantom: 3 encountered, 2 discovered, 0 enqueued
[25.905s][info][gc,reloc    ] GC(144) Small Pages: 137 / 274M, Empty: 2M, Relocated: 94M, In-Place: 1
[25.905s][info][gc,reloc    ] GC(144) Medium Pages: 22 / 704M, Empty: 0M, Relocated: 219M, In-Place: 6
[25.905s][info][gc,reloc    ] GC(144) Large Pages: 0 / 0M, Empty: 0M, Relocated: 0M, In-Place: 0
[25.905s][info][gc,reloc    ] GC(144) Forwarding Usage: 0M
[25.905s][info][gc,heap     ] GC(144) Min Capacity: 1024M(100%)
[25.905s][info][gc,heap     ] GC(144) Max Capacity: 1024M(100%)
[25.905s][info][gc,heap     ] GC(144) Soft Max Capacity: 1024M(100%)
[25.905s][info][gc,heap     ] GC(144)                Mark Start          Mark End        Relocate Start      Relocate End           High               Low         
[25.905s][info][gc,heap     ] GC(144)  Capacity:     1024M (100%)       1024M (100%)       1024M (100%)       1024M (100%)       1024M (100%)       1024M (100%)   
[25.905s][info][gc,heap     ] GC(144)      Free:       14M (1%)            0M (0%)            2M (0%)           70M (7%)          116M (11%)           0M (0%)     
[25.905s][info][gc,heap     ] GC(144)      Used:     1010M (99%)        1024M (100%)       1022M (100%)        954M (93%)        1024M (100%)        908M (89%)    
[25.905s][info][gc,heap     ] GC(144)      Live:         -               348M (34%)         348M (34%)         348M (34%)            -                  -          
[25.905s][info][gc,heap     ] GC(144) Allocated:         -                14M (1%)           14M (1%)          531M (52%)            -                  -          
[25.905s][info][gc,heap     ] GC(144)   Garbage:         -               661M (65%)         659M (64%)          73M (7%)             -                  -          
[25.905s][info][gc,heap     ] GC(144) Reclaimed:         -                  -                 2M (0%)          587M (57%)            -                  -          
[25.905s][info][gc          ] GC(144) Garbage Collection (Allocation Stall) 1010M(99%)->954M(93%)
[25.922s][info][gc,start    ] GC(145) Garbage Collection (Allocation Stall)
[25.922s][info][gc,ref      ] GC(145) Clearing All SoftReferences
[25.922s][info][gc,task     ] GC(145) Using 3 workers
[25.922s][info][gc,phases   ] GC(145) Pause Mark Start 0.007ms
[25.927s][info][gc,phases   ] GC(145) Concurrent Mark 4.765ms
[25.927s][info][gc,phases   ] GC(145) Pause Mark End 0.009ms
[25.927s][info][gc,phases   ] GC(145) Concurrent Mark Free 0.001ms
[25.927s][info][gc,phases   ] GC(145) Concurrent Process Non-Strong References 0.495ms
[25.927s][info][gc,phases   ] GC(145) Concurrent Reset Relocation Set 0.007ms
[25.929s][info][gc,phases   ] GC(145) Concurrent Select Relocation Set 1.242ms
[25.929s][info][gc,phases   ] GC(145) Pause Relocate Start 0.003ms
[25.964s][info][gc          ] Relocation Stall (pool-1-thread-2) 30.368ms
[25.964s][info][gc          ] Allocation Stall (pool-1-thread-2) 42.333ms
[25.964s][info][gc          ] Relocation Stall (pool-1-thread-3) 31.292ms
[25.964s][info][gc          ] Allocation Stall (pool-1-thread-3) 42.793ms
[25.983s][info][gc          ] Relocation Stall (pool-1-thread-1) 44.966ms
[25.983s][info][gc          ] Allocation Stall (pool-1-thread-1) 61.591ms
[26.008s][info][gc          ] Relocation Stall (pool-1-thread-4) 74.704ms
[26.008s][info][gc          ] Allocation Stall (pool-1-thread-4) 86.793ms
[26.015s][info][gc,phases   ] GC(145) Concurrent Relocate 85.701ms
[26.015s][info][gc,load     ] GC(145) Load: 2.46/0.83/0.35
[26.015s][info][gc,mmu      ] GC(145) MMU: 2ms/94.8%, 5ms/97.9%, 10ms/98.8%, 20ms/99.4%, 50ms/99.8%, 100ms/99.9%
[26.015s][info][gc,marking  ] GC(145) Mark: 2 stripe(s), 2 proactive flush(es), 1 terminate flush(es), 0 completion(s), 0 continuation(s) 
[26.015s][info][gc,marking  ] GC(145) Mark Stack Usage: 32M
[26.015s][info][gc,nmethod  ] GC(145) NMethods: 437 registered, 0 unregistered
[26.015s][info][gc,metaspace] GC(145) Metaspace: 6M used, 6M committed, 1088M reserved
[26.015s][info][gc,ref      ] GC(145) Soft: 34 encountered, 14 discovered, 0 enqueued
[26.015s][info][gc,ref      ] GC(145) Weak: 179 encountered, 7 discovered, 0 enqueued
[26.015s][info][gc,ref      ] GC(145) Final: 0 encountered, 0 discovered, 0 enqueued
[26.015s][info][gc,ref      ] GC(145) Phantom: 3 encountered, 2 discovered, 0 enqueued
[26.015s][info][gc,reloc    ] GC(145) Small Pages: 144 / 288M, Empty: 2M, Relocated: 96M, In-Place: 0
[26.015s][info][gc,reloc    ] GC(145) Medium Pages: 23 / 736M, Empty: 0M, Relocated: 223M, In-Place: 2
[26.015s][info][gc,reloc    ] GC(145) Large Pages: 0 / 0M, Empty: 0M, Relocated: 0M, In-Place: 0
[26.015s][info][gc,reloc    ] GC(145) Forwarding Usage: 0M
[26.015s][info][gc,heap     ] GC(145) Min Capacity: 1024M(100%)
[26.015s][info][gc,heap     ] GC(145) Max Capacity: 1024M(100%)
[26.015s][info][gc,heap     ] GC(145) Soft Max Capacity: 1024M(100%)
[26.015s][info][gc,heap     ] GC(145)                Mark Start          Mark End        Relocate Start      Relocate End           High               Low         
[26.015s][info][gc,heap     ] GC(145)  Capacity:     1024M (100%)       1024M (100%)       1024M (100%)       1024M (100%)       1024M (100%)       1024M (100%)   
[26.015s][info][gc,heap     ] GC(145)      Free:        0M (0%)            0M (0%)            2M (0%)          366M (36%)         434M (42%)           0M (0%)     
[26.015s][info][gc,heap     ] GC(145)      Used:     1024M (100%)       1024M (100%)       1022M (100%)        658M (64%)        1024M (100%)        590M (58%)    
[26.015s][info][gc,heap     ] GC(145)      Live:         -               352M (34%)         352M (34%)         352M (34%)            -                  -          
[26.015s][info][gc,heap     ] GC(145) Allocated:         -                 0M (0%)            0M (0%)          263M (26%)            -                  -          
[26.015s][info][gc,heap     ] GC(145)   Garbage:         -               671M (66%)         669M (65%)          41M (4%)             -                  -          
[26.015s][info][gc,heap     ] GC(145) Reclaimed:         -                  -                 2M (0%)          629M (62%)            -                  -          
[26.015s][info][gc          ] GC(145) Garbage Collection (Allocation Stall) 1024M(100%)->658M(64%)
[26.055s][info][gc,start    ] GC(146) Garbage Collection (Allocation Stall)
[26.055s][info][gc,ref      ] GC(146) Clearing All SoftReferences
[26.055s][info][gc,task     ] GC(146) Using 3 workers
[26.055s][info][gc,phases   ] GC(146) Pause Mark Start 0.007ms
[26.058s][info][gc,phases   ] GC(146) Concurrent Mark 3.034ms
[26.058s][info][gc,phases   ] GC(146) Pause Mark End 0.005ms
[26.058s][info][gc,phases   ] GC(146) Concurrent Mark Free 0.001ms
[26.059s][info][gc,phases   ] GC(146) Concurrent Process Non-Strong References 0.454ms
[26.059s][info][gc,phases   ] GC(146) Concurrent Reset Relocation Set 0.006ms
[26.060s][info][gc,phases   ] GC(146) Concurrent Select Relocation Set 1.117ms
[26.060s][info][gc,phases   ] GC(146) Pause Relocate Start 0.002ms
[26.064s][info][gc          ] Allocation Stall (pool-1-thread-2) 8.469ms
[26.064s][info][gc          ] Allocation Stall (pool-1-thread-4) 9.366ms
[26.064s][info][gc          ] Allocation Stall (pool-1-thread-3) 9.067ms
[26.064s][info][gc          ] Allocation Stall (pool-1-thread-1) 8.551ms
[26.074s][info][gc          ] Allocation Stall (pool-1-thread-2) 1.156ms
[26.074s][info][gc          ] Allocation Stall (pool-1-thread-3) 1.230ms
[26.074s][info][gc          ] Allocation Stall (pool-1-thread-4) 1.550ms
[26.074s][info][gc          ] Allocation Stall (pool-1-thread-1) 1.569ms
[26.087s][info][gc          ] Allocation Stall (pool-1-thread-3) 2.077ms
[26.087s][info][gc          ] Allocation Stall (pool-1-thread-2) 2.244ms
[26.087s][info][gc          ] Allocation Stall (pool-1-thread-1) 0.583ms
[26.111s][info][gc          ] Allocation Stall (pool-1-thread-4) 2.320ms
[26.111s][info][gc          ] Allocation Stall (pool-1-thread-3) 3.615ms
[26.111s][info][gc          ] Allocation Stall (pool-1-thread-1) 5.424ms
[26.111s][info][gc          ] Allocation Stall (pool-1-thread-2) 5.572ms
[26.128s][info][gc          ] Allocation Stall (pool-1-thread-4) 3.584ms
[26.128s][info][gc          ] Allocation Stall (pool-1-thread-2) 3.770ms
[26.129s][info][gc          ] Allocation Stall (pool-1-thread-3) 3.895ms
[26.129s][info][gc          ] Allocation Stall (pool-1-thread-1) 4.115ms
[26.137s][info][gc          ] Allocation Stall (pool-1-thread-1) 0.624ms
[26.137s][info][gc          ] Allocation Stall (pool-1-thread-3) 0.589ms
[26.141s][info][gc          ] Allocation Stall (pool-1-thread-1) 3.567ms
[26.146s][info][gc          ] Allocation Stall (pool-1-thread-3) 8.585ms
[26.146s][info][gc          ] Allocation Stall (pool-1-thread-4) 8.851ms
[26.147s][info][gc          ] Allocation Stall (pool-1-thread-2) 8.919ms
[26.159s][info][gc          ] Relocation Stall (main) 99.314ms
[26.162s][info][gc          ] Allocation Stall (pool-1-thread-3) 4.042ms
[26.163s][info][gc          ] Allocation Stall (pool-1-thread-2) 5.185ms
[26.164s][info][gc          ] Allocation Stall (pool-1-thread-1) 6.263ms
[26.164s][info][gc          ] Allocation Stall (pool-1-thread-4) 6.449ms
[26.190s][info][gc          ] Allocation Stall (pool-1-thread-2) 1.426ms
[26.192s][info][gc          ] Allocation Stall (pool-1-thread-3) 3.947ms
[26.193s][info][gc          ] Allocation Stall (pool-1-thread-1) 4.126ms
[26.199s][info][gc,phases   ] GC(146) Concurrent Relocate 138.981ms
[26.199s][info][gc,load     ] GC(146) Load: 2.46/0.83/0.35
[26.199s][info][gc,mmu      ] GC(146) MMU: 2ms/94.8%, 5ms/97.9%, 10ms/98.8%, 20ms/99.4%, 50ms/99.8%, 100ms/99.9%
[26.199s][info][gc,marking  ] GC(146) Mark: 2 stripe(s), 3 proactive flush(es), 1 terminate flush(es), 0 completion(s), 0 continuation(s) 
[26.199s][info][gc,marking  ] GC(146) Mark Stack Usage: 32M
[26.199s][info][gc,nmethod  ] GC(146) NMethods: 437 registered, 0 unregistered
[26.199s][info][gc,metaspace] GC(146) Metaspace: 6M used, 6M committed, 1088M reserved
[26.199s][info][gc,ref      ] GC(146) Soft: 34 encountered, 11 discovered, 0 enqueued
[26.199s][info][gc,ref      ] GC(146) Weak: 179 encountered, 0 discovered, 0 enqueued
[26.199s][info][gc,ref      ] GC(146) Final: 0 encountered, 0 discovered, 0 enqueued
[26.199s][info][gc,ref      ] GC(146) Phantom: 3 encountered, 2 discovered, 0 enqueued
[26.199s][info][gc,reloc    ] GC(146) Small Pages: 144 / 288M, Empty: 0M, Relocated: 99M, In-Place: 1
[26.199s][info][gc,reloc    ] GC(146) Medium Pages: 23 / 736M, Empty: 0M, Relocated: 244M, In-Place: 5
[26.199s][info][gc,reloc    ] GC(146) Large Pages: 0 / 0M, Empty: 0M, Relocated: 0M, In-Place: 0
[26.199s][info][gc,reloc    ] GC(146) Forwarding Usage: 0M
[26.199s][info][gc,heap     ] GC(146) Min Capacity: 1024M(100%)
[26.199s][info][gc,heap     ] GC(146) Max Capacity: 1024M(100%)
[26.199s][info][gc,heap     ] GC(146) Soft Max Capacity: 1024M(100%)
[26.199s][info][gc,heap     ] GC(146)                Mark Start          Mark End        Relocate Start      Relocate End           High               Low         
[26.199s][info][gc,heap     ] GC(146)  Capacity:     1024M (100%)       1024M (100%)       1024M (100%)       1024M (100%)       1024M (100%)       1024M (100%)   
[26.199s][info][gc,heap     ] GC(146)      Free:        0M (0%)            0M (0%)            0M (0%)           76M (7%)           96M (9%)            0M (0%)     
[26.199s][info][gc,heap     ] GC(146)      Used:     1024M (100%)       1024M (100%)       1024M (100%)        948M (93%)        1024M (100%)        928M (91%)    
[26.199s][info][gc,heap     ] GC(146)      Live:         -               346M (34%)         346M (34%)         346M (34%)            -                  -          
[26.199s][info][gc,heap     ] GC(146) Allocated:         -                 0M (0%)            0M (0%)          583M (57%)            -                  -          
[26.199s][info][gc,heap     ] GC(146)   Garbage:         -               677M (66%)         677M (66%)          17M (2%)             -                  -          
[26.199s][info][gc,heap     ] GC(146) Reclaimed:         -                  -                 0M (0%)          659M (64%)            -                  -          
[26.199s][info][gc          ] GC(146) Garbage Collection (Allocation Stall) 1024M(100%)->948M(93%)
[26.208s][info][gc,start    ] GC(147) Garbage Collection (Allocation Stall)
[26.208s][info][gc,ref      ] GC(147) Clearing All SoftReferences
[26.208s][info][gc,task     ] GC(147) Using 3 workers
[26.208s][info][gc,phases   ] GC(147) Pause Mark Start 0.007ms
[26.212s][info][gc,phases   ] GC(147) Concurrent Mark 3.094ms
[26.212s][info][gc,phases   ] GC(147) Pause Mark End 0.006ms
[26.212s][info][gc,phases   ] GC(147) Concurrent Mark Free 0.001ms
[26.212s][info][gc,phases   ] GC(147) Concurrent Process Non-Strong References 0.515ms
[26.212s][info][gc,phases   ] GC(147) Concurrent Reset Relocation Set 0.006ms
[26.214s][info][gc,phases   ] GC(147) Concurrent Select Relocation Set 1.366ms
[26.214s][info][gc,phases   ] GC(147) Pause Relocate Start 0.004ms
[26.219s][info][gc          ] Allocation Stall (pool-1-thread-4) 11.115ms
[26.219s][info][gc          ] Allocation Stall (pool-1-thread-2) 11.139ms
[26.219s][info][gc          ] Allocation Stall (pool-1-thread-1) 11.146ms
[26.220s][info][gc          ] Allocation Stall (pool-1-thread-3) 11.522ms
[26.234s][info][gc          ] Allocation Stall (pool-1-thread-4) 5.497ms
[26.234s][info][gc          ] Allocation Stall (pool-1-thread-2) 5.603ms
[26.235s][info][gc          ] Allocation Stall (pool-1-thread-1) 5.689ms
[26.235s][info][gc          ] Allocation Stall (pool-1-thread-3) 5.592ms
[26.242s][info][gc          ] Allocation Stall (pool-1-thread-3) 3.178ms
[26.243s][info][gc          ] Allocation Stall (pool-1-thread-4) 3.716ms
[26.252s][info][gc          ] Allocation Stall (pool-1-thread-2) 5.393ms
[26.252s][info][gc          ] Allocation Stall (pool-1-thread-1) 5.491ms
[26.252s][info][gc          ] Allocation Stall (pool-1-thread-4) 5.794ms
[26.252s][info][gc          ] Allocation Stall (pool-1-thread-3) 5.581ms
[26.271s][info][gc          ] Allocation Stall (pool-1-thread-4) 4.541ms
[26.271s][info][gc          ] Allocation Stall (pool-1-thread-3) 4.601ms
[26.271s][info][gc          ] Allocation Stall (pool-1-thread-1) 3.151ms
[26.272s][info][gc          ] Allocation Stall (pool-1-thread-2) 2.509ms
[26.278s][info][gc          ] Allocation Stall (pool-1-thread-4) 6.104ms
[26.278s][info][gc          ] Allocation Stall (pool-1-thread-1) 6.467ms
[26.279s][info][gc          ] Allocation Stall (pool-1-thread-3) 6.956ms
[26.292s][info][gc          ] Allocation Stall (pool-1-thread-1) 5.443ms
[26.292s][info][gc          ] Allocation Stall (pool-1-thread-4) 5.562ms
[26.293s][info][gc          ] Allocation Stall (pool-1-thread-2) 5.642ms
[26.293s][info][gc          ] Allocation Stall (pool-1-thread-3) 5.759ms
[26.303s][info][gc          ] Allocation Stall (pool-1-thread-2) 1.741ms
[26.305s][info][gc          ] Allocation Stall (pool-1-thread-3) 3.708ms
[26.308s][info][gc          ] Allocation Stall (pool-1-thread-1) 6.732ms
[26.308s][info][gc          ] Allocation Stall (pool-1-thread-4) 6.795ms
[26.338s][info][gc          ] Allocation Stall (pool-1-thread-3) 3.799ms
[26.340s][info][gc,phases   ] GC(147) Concurrent Relocate 126.178ms
[26.340s][info][gc,load     ] GC(147) Load: 2.46/0.83/0.35
[26.340s][info][gc,mmu      ] GC(147) MMU: 2ms/94.8%, 5ms/97.9%, 10ms/98.8%, 20ms/99.4%, 50ms/99.8%, 100ms/99.9%
[26.340s][info][gc,marking  ] GC(147) Mark: 2 stripe(s), 2 proactive flush(es), 1 terminate flush(es), 0 completion(s), 0 continuation(s) 
[26.340s][info][gc,marking  ] GC(147) Mark Stack Usage: 32M
[26.340s][info][gc,nmethod  ] GC(147) NMethods: 437 registered, 0 unregistered
[26.340s][info][gc,metaspace] GC(147) Metaspace: 6M used, 6M committed, 1088M reserved
[26.340s][info][gc,ref      ] GC(147) Soft: 34 encountered, 20 discovered, 0 enqueued
[26.340s][info][gc,ref      ] GC(147) Weak: 179 encountered, 133 discovered, 0 enqueued
[26.340s][info][gc,ref      ] GC(147) Final: 0 encountered, 0 discovered, 0 enqueued
[26.340s][info][gc,ref      ] GC(147) Phantom: 3 encountered, 0 discovered, 0 enqueued
[26.340s][info][gc,reloc    ] GC(147) Small Pages: 151 / 302M, Empty: 0M, Relocated: 99M, In-Place: 1
[26.340s][info][gc,reloc    ] GC(147) Medium Pages: 22 / 704M, Empty: 0M, Relocated: 241M, In-Place: 6
[26.340s][info][gc,reloc    ] GC(147) Large Pages: 0 / 0M, Empty: 0M, Relocated: 0M, In-Place: 0
[26.340s][info][gc,reloc    ] GC(147) Forwarding Usage: 0M
[26.340s][info][gc,heap     ] GC(147) Min Capacity: 1024M(100%)
[26.340s][info][gc,heap     ] GC(147) Max Capacity: 1024M(100%)
[26.340s][info][gc,heap     ] GC(147) Soft Max Capacity: 1024M(100%)
[26.340s][info][gc,heap     ] GC(147)                Mark Start          Mark End        Relocate Start      Relocate End           High               Low         
[26.340s][info][gc,heap     ] GC(147)  Capacity:     1024M (100%)       1024M (100%)       1024M (100%)       1024M (100%)       1024M (100%)       1024M (100%)   
[26.340s][info][gc,heap     ] GC(147)      Free:       18M (2%)           18M (2%)           18M (2%)           44M (4%)           96M (9%)            0M (0%)     
[26.340s][info][gc,heap     ] GC(147)      Used:     1006M (98%)        1006M (98%)        1006M (98%)         980M (96%)        1024M (100%)        928M (91%)    
[26.340s][info][gc,heap     ] GC(147)      Live:         -               344M (34%)         344M (34%)         344M (34%)            -                  -          
[26.340s][info][gc,heap     ] GC(147) Allocated:         -                 0M (0%)            0M (0%)          611M (60%)            -                  -          
[26.340s][info][gc,heap     ] GC(147)   Garbage:         -               661M (65%)         661M (65%)          23M (2%)             -                  -          
[26.340s][info][gc,heap     ] GC(147) Reclaimed:         -                  -                 0M (0%)          637M (62%)            -                  -          
[26.340s][info][gc          ] GC(147) Garbage Collection (Allocation Stall) 1006M(98%)->980M(96%)
[26.353s][info][gc,start    ] GC(148) Garbage Collection (Allocation Stall)
[26.353s][info][gc,ref      ] GC(148) Clearing All SoftReferences
[26.353s][info][gc,task     ] GC(148) Using 3 workers
[26.353s][info][gc,phases   ] GC(148) Pause Mark Start 0.007ms
[26.357s][info][gc,phases   ] GC(148) Concurrent Mark 3.283ms
[26.357s][info][gc,phases   ] GC(148) Pause Mark End 0.007ms
[26.357s][info][gc,phases   ] GC(148) Concurrent Mark Free 0.001ms
[26.357s][info][gc,phases   ] GC(148) Concurrent Process Non-Strong References 0.525ms
[26.357s][info][gc,phases   ] GC(148) Concurrent Reset Relocation Set 0.008ms
[26.359s][info][gc,phases   ] GC(148) Concurrent Select Relocation Set 1.690ms
[26.359s][info][gc,phases   ] GC(148) Pause Relocate Start 0.005ms
[26.364s][info][gc          ] Allocation Stall (pool-1-thread-1) 10.891ms
[26.364s][info][gc          ] Allocation Stall (pool-1-thread-2) 11.002ms
[26.364s][info][gc          ] Allocation Stall (pool-1-thread-3) 10.938ms
[26.364s][info][gc          ] Allocation Stall (pool-1-thread-4) 11.219ms
[26.400s][info][gc          ] Allocation Stall (pool-1-thread-4) 2.360ms
[26.401s][info][gc          ] Allocation Stall (pool-1-thread-1) 3.006ms
[26.401s][info][gc          ] Allocation Stall (pool-1-thread-2) 3.289ms
[26.401s][info][gc          ] Allocation Stall (pool-1-thread-3) 3.589ms
[26.417s][info][gc          ] Allocation Stall (pool-1-thread-2) 1.309ms
[26.423s][info][gc          ] Allocation Stall (pool-1-thread-4) 4.635ms
[26.424s][info][gc          ] Allocation Stall (pool-1-thread-1) 5.960ms
[26.424s][info][gc          ] Allocation Stall (pool-1-thread-2) 6.214ms
[26.425s][info][gc          ] Allocation Stall (pool-1-thread-3) 6.419ms
[26.433s][info][gc          ] Allocation Stall (pool-1-thread-3) 1.992ms
[26.435s][info][gc          ] Allocation Stall (pool-1-thread-4) 3.476ms
[26.435s][info][gc          ] Allocation Stall (pool-1-thread-2) 3.451ms
[26.436s][info][gc          ] Allocation Stall (pool-1-thread-1) 3.783ms
[26.453s][info][gc          ] Allocation Stall (pool-1-thread-4) 0.955ms
[26.456s][info][gc          ] Allocation Stall (pool-1-thread-1) 3.565ms
[26.456s][info][gc          ] Allocation Stall (pool-1-thread-3) 3.941ms
[26.485s][info][gc          ] Allocation Stall (pool-1-thread-1) 3.663ms
[26.487s][info][gc,phases   ] GC(148) Concurrent Relocate 127.799ms
[26.487s][info][gc,load     ] GC(148) Load: 2.46/0.83/0.35
[26.487s][info][gc,mmu      ] GC(148) MMU: 2ms/94.8%, 5ms/97.9%, 10ms/98.8%, 20ms/99.4%, 50ms/99.8%, 100ms/99.9%
[26.487s][info][gc,marking  ] GC(148) Mark: 2 stripe(s), 2 proactive flush(es), 1 terminate flush(es), 0 completion(s), 0 continuation(s) 
[26.487s][info][gc,marking  ] GC(148) Mark Stack Usage: 32M
[26.487s][info][gc,nmethod  ] GC(148) NMethods: 437 registered, 0 unregistered
[26.487s][info][gc,metaspace] GC(148) Metaspace: 6M used, 6M committed, 1088M reserved
[26.487s][info][gc,ref      ] GC(148) Soft: 34 encountered, 27 discovered, 0 enqueued
[26.487s][info][gc,ref      ] GC(148) Weak: 179 encountered, 128 discovered, 0 enqueued
[26.487s][info][gc,ref      ] GC(148) Final: 0 encountered, 0 discovered, 0 enqueued
[26.487s][info][gc,ref      ] GC(148) Phantom: 3 encountered, 2 discovered, 0 enqueued
[26.487s][info][gc,reloc    ] GC(148) Small Pages: 152 / 304M, Empty: 0M, Relocated: 97M, In-Place: 1
[26.487s][info][gc,reloc    ] GC(148) Medium Pages: 22 / 704M, Empty: 0M, Relocated: 248M, In-Place: 3
[26.487s][info][gc,reloc    ] GC(148) Large Pages: 0 / 0M, Empty: 0M, Relocated: 0M, In-Place: 0
[26.487s][info][gc,reloc    ] GC(148) Forwarding Usage: 0M
[26.487s][info][gc,heap     ] GC(148) Min Capacity: 1024M(100%)
[26.487s][info][gc,heap     ] GC(148) Max Capacity: 1024M(100%)
[26.487s][info][gc,heap     ] GC(148) Soft Max Capacity: 1024M(100%)
[26.487s][info][gc,heap     ] GC(148)                Mark Start          Mark End        Relocate Start      Relocate End           High               Low         
[26.487s][info][gc,heap     ] GC(148)  Capacity:     1024M (100%)       1024M (100%)       1024M (100%)       1024M (100%)       1024M (100%)       1024M (100%)   
[26.487s][info][gc,heap     ] GC(148)      Free:       16M (2%)           16M (2%)           16M (2%)           10M (1%)          126M (12%)           0M (0%)     
[26.487s][info][gc,heap     ] GC(148)      Used:     1008M (98%)        1008M (98%)        1008M (98%)        1014M (99%)        1024M (100%)        898M (88%)    
[26.487s][info][gc,heap     ] GC(148)      Live:         -               349M (34%)         349M (34%)         349M (34%)            -                  -          
[26.487s][info][gc,heap     ] GC(148) Allocated:         -                 0M (0%)            0M (0%)          649M (63%)            -                  -          
[26.487s][info][gc,heap     ] GC(148)   Garbage:         -               658M (64%)         658M (64%)          14M (1%)             -                  -          
[26.487s][info][gc,heap     ] GC(148) Reclaimed:         -                  -                 0M (0%)          643M (63%)            -                  -          
[26.487s][info][gc          ] GC(148) Garbage Collection (Allocation Stall) 1008M(98%)->1014M(99%)
[26.487s][info][gc,start    ] GC(149) Garbage Collection (Allocation Stall)
[26.487s][info][gc,ref      ] GC(149) Clearing All SoftReferences
[26.487s][info][gc,task     ] GC(149) Using 3 workers
[26.492s][info][gc,phases   ] GC(149) Pause Mark Start 0.006ms
[26.492s][info][gc          ] Allocation Stall (pool-1-thread-3) 10.602ms
[26.499s][info][gc,phases   ] GC(149) Concurrent Mark 6.689ms
[26.499s][info][gc,phases   ] GC(149) Pause Mark End 0.012ms
[26.499s][info][gc,phases   ] GC(149) Concurrent Mark Free 0.001ms
[26.500s][info][gc,phases   ] GC(149) Concurrent Process Non-Strong References 0.642ms
[26.500s][info][gc,phases   ] GC(149) Concurrent Reset Relocation Set 0.010ms
[26.501s][info][gc,phases   ] GC(149) Concurrent Select Relocation Set 1.258ms
[26.501s][info][gc,phases   ] GC(149) Pause Relocate Start 0.004ms
[26.504s][info][gc          ] Allocation Stall (pool-1-thread-3) 6.915ms
[26.506s][info][gc          ] Allocation Stall (pool-1-thread-1) 8.112ms
[26.506s][info][gc          ] Allocation Stall (pool-1-thread-4) 8.377ms
[26.506s][info][gc          ] Allocation Stall (pool-1-thread-2) 8.338ms
[26.530s][info][gc          ] Allocation Stall (pool-1-thread-2) 1.920ms
[26.533s][info][gc          ] Allocation Stall (pool-1-thread-1) 4.714ms
[26.533s][info][gc          ] Allocation Stall (pool-1-thread-3) 4.979ms
[26.533s][info][gc          ] Allocation Stall (pool-1-thread-4) 5.032ms
[26.552s][info][gc          ] Allocation Stall (pool-1-thread-4) 3.449ms
[26.553s][info][gc          ] Allocation Stall (pool-1-thread-2) 4.668ms
[26.554s][info][gc          ] Allocation Stall (pool-1-thread-3) 4.883ms
[26.554s][info][gc          ] Allocation Stall (pool-1-thread-1) 5.136ms
[26.570s][info][gc          ] Allocation Stall (pool-1-thread-1) 4.150ms
[26.570s][info][gc          ] Allocation Stall (pool-1-thread-4) 4.258ms
[26.579s][info][gc          ] Allocation Stall (pool-1-thread-2) 12.664ms
[26.580s][info][gc          ] Allocation Stall (pool-1-thread-3) 13.898ms
[26.583s][info][gc          ] Allocation Stall (pool-1-thread-1) 12.176ms
[26.583s][info][gc          ] Allocation Stall (pool-1-thread-4) 4.788ms
[26.583s][info][gc          ] Allocation Stall (pool-1-thread-3) 2.433ms
[26.619s][info][gc          ] Allocation Stall (pool-1-thread-4) 4.094ms
[26.620s][info][gc          ] Allocation Stall (pool-1-thread-3) 5.365ms
[26.623s][info][gc,phases   ] GC(149) Concurrent Relocate 121.886ms
[26.623s][info][gc,load     ] GC(149) Load: 2.46/0.83/0.35
[26.623s][info][gc,mmu      ] GC(149) MMU: 2ms/94.8%, 5ms/97.9%, 10ms/98.8%, 20ms/99.4%, 50ms/99.8%, 100ms/99.9%
[26.623s][info][gc,marking  ] GC(149) Mark: 2 stripe(s), 2 proactive flush(es), 1 terminate flush(es), 0 completion(s), 0 continuation(s) 
[26.623s][info][gc,marking  ] GC(149) Mark Stack Usage: 32M
[26.623s][info][gc,nmethod  ] GC(149) NMethods: 437 registered, 0 unregistered
[26.623s][info][gc,metaspace] GC(149) Metaspace: 6M used, 6M committed, 1088M reserved
[26.623s][info][gc,ref      ] GC(149) Soft: 34 encountered, 9 discovered, 0 enqueued
[26.623s][info][gc,ref      ] GC(149) Weak: 179 encountered, 12 discovered, 0 enqueued
[26.623s][info][gc,ref      ] GC(149) Final: 0 encountered, 0 discovered, 0 enqueued
[26.623s][info][gc,ref      ] GC(149) Phantom: 3 encountered, 2 discovered, 0 enqueued
[26.623s][info][gc,reloc    ] GC(149) Small Pages: 139 / 278M, Empty: 6M, Relocated: 97M, In-Place: 1
[26.623s][info][gc,reloc    ] GC(149) Medium Pages: 21 / 672M, Empty: 0M, Relocated: 219M, In-Place: 4
[26.623s][info][gc,reloc    ] GC(149) Large Pages: 0 / 0M, Empty: 0M, Relocated: 0M, In-Place: 0
[26.623s][info][gc,reloc    ] GC(149) Forwarding Usage: 0M
[26.623s][info][gc,heap     ] GC(149) Min Capacity: 1024M(100%)
[26.623s][info][gc,heap     ] GC(149) Max Capacity: 1024M(100%)
[26.623s][info][gc,heap     ] GC(149) Soft Max Capacity: 1024M(100%)
[26.623s][info][gc,heap     ] GC(149)                Mark Start          Mark End        Relocate Start      Relocate End           High               Low         
[26.623s][info][gc,heap     ] GC(149)  Capacity:     1024M (100%)       1024M (100%)       1024M (100%)       1024M (100%)       1024M (100%)       1024M (100%)   
[26.623s][info][gc,heap     ] GC(149)      Free:       42M (4%)           24M (2%)           30M (3%)           46M (4%)          104M (10%)           0M (0%)     
[26.623s][info][gc,heap     ] GC(149)      Used:      982M (96%)        1000M (98%)         994M (97%)         978M (96%)        1024M (100%)        920M (90%)    
[26.623s][info][gc,heap     ] GC(149)      Live:         -               333M (33%)         333M (33%)         333M (33%)            -                  -          
[26.623s][info][gc,heap     ] GC(149) Allocated:         -                18M (2%)           18M (2%)          583M (57%)            -                  -          
[26.623s][info][gc,heap     ] GC(149)   Garbage:         -               648M (63%)         642M (63%)          60M (6%)             -                  -          
[26.623s][info][gc,heap     ] GC(149) Reclaimed:         -                  -                 6M (1%)          587M (57%)            -                  -          
[26.623s][info][gc          ] GC(149) Garbage Collection (Allocation Stall) 982M(96%)->978M(96%)
[26.637s][info][gc,start    ] GC(150) Garbage Collection (Allocation Stall)
[26.637s][info][gc,ref      ] GC(150) Clearing All SoftReferences
[26.637s][info][gc,task     ] GC(150) Using 3 workers
[26.637s][info][gc,phases   ] GC(150) Pause Mark Start 0.007ms
[26.641s][info][gc,phases   ] GC(150) Concurrent Mark 3.959ms
[26.641s][info][gc,phases   ] GC(150) Pause Mark End 0.009ms
[26.641s][info][gc,phases   ] GC(150) Concurrent Mark Free 0.001ms
[26.642s][info][gc,phases   ] GC(150) Concurrent Process Non-Strong References 0.530ms
[26.642s][info][gc,phases   ] GC(150) Concurrent Reset Relocation Set 0.008ms
[26.643s][info][gc,phases   ] GC(150) Concurrent Select Relocation Set 1.276ms
[26.643s][info][gc,phases   ] GC(150) Pause Relocate Start 0.004ms
[26.649s][info][gc          ] Allocation Stall (pool-1-thread-3) 12.402ms
[26.649s][info][gc          ] Allocation Stall (pool-1-thread-2) 12.456ms
[26.650s][info][gc          ] Allocation Stall (pool-1-thread-4) 12.692ms
[26.650s][info][gc          ] Allocation Stall (pool-1-thread-1) 12.944ms
[26.664s][info][gc          ] Allocation Stall (pool-1-thread-2) 0.255ms
[26.664s][info][gc          ] Allocation Stall (pool-1-thread-3) 1.404ms
[26.677s][info][gc          ] Allocation Stall (pool-1-thread-2) 2.839ms
[26.678s][info][gc          ] Allocation Stall (pool-1-thread-1) 4.061ms
[26.678s][info][gc          ] Allocation Stall (pool-1-thread-4) 4.257ms
[26.678s][info][gc          ] Allocation Stall (pool-1-thread-3) 4.545ms
[26.691s][info][gc          ] Allocation Stall (pool-1-thread-4) 1.487ms
[26.691s][info][gc          ] Allocation Stall (pool-1-thread-2) 4.165ms
[26.691s][info][gc          ] Allocation Stall (pool-1-thread-1) 3.466ms
[26.691s][info][gc          ] Allocation Stall (pool-1-thread-3) 2.290ms
[26.708s][info][gc          ] Allocation Stall (pool-1-thread-3) 2.556ms
[26.711s][info][gc          ] Allocation Stall (pool-1-thread-4) 5.147ms
[26.711s][info][gc          ] Allocation Stall (pool-1-thread-1) 5.542ms
[26.712s][info][gc          ] Allocation Stall (pool-1-thread-2) 5.797ms
[26.723s][info][gc          ] Allocation Stall (pool-1-thread-1) 3.610ms
[26.724s][info][gc          ] Allocation Stall (pool-1-thread-2) 5.182ms
[26.724s][info][gc          ] Allocation Stall (pool-1-thread-3) 5.502ms
[26.725s][info][gc          ] Allocation Stall (pool-1-thread-4) 5.817ms
[26.735s][info][gc          ] Allocation Stall (pool-1-thread-4) 2.436ms
[26.736s][info][gc          ] Allocation Stall (pool-1-thread-3) 3.201ms
[26.736s][info][gc          ] Allocation Stall (pool-1-thread-2) 3.322ms
[26.737s][info][gc          ] Allocation Stall (pool-1-thread-1) 4.170ms
[26.761s][info][gc          ] Allocation Stall (pool-1-thread-1) 2.167ms
[26.765s][info][gc          ] Allocation Stall (pool-1-thread-2) 6.378ms
[26.773s][info][gc,phases   ] GC(150) Concurrent Relocate 129.022ms
[26.773s][info][gc,load     ] GC(150) Load: 2.46/0.83/0.35
[26.773s][info][gc,mmu      ] GC(150) MMU: 2ms/94.8%, 5ms/97.9%, 10ms/98.8%, 20ms/99.4%, 50ms/99.8%, 100ms/99.9%
[26.773s][info][gc,marking  ] GC(150) Mark: 2 stripe(s), 3 proactive flush(es), 1 terminate flush(es), 0 completion(s), 0 continuation(s) 
[26.773s][info][gc,marking  ] GC(150) Mark Stack Usage: 32M
[26.773s][info][gc,nmethod  ] GC(150) NMethods: 437 registered, 0 unregistered
[26.773s][info][gc,metaspace] GC(150) Metaspace: 6M used, 6M committed, 1088M reserved
[26.773s][info][gc,ref      ] GC(150) Soft: 34 encountered, 6 discovered, 0 enqueued
[26.773s][info][gc,ref      ] GC(150) Weak: 179 encountered, 0 discovered, 0 enqueued
[26.773s][info][gc,ref      ] GC(150) Final: 0 encountered, 0 discovered, 0 enqueued
[26.773s][info][gc,ref      ] GC(150) Phantom: 3 encountered, 3 discovered, 0 enqueued
[26.773s][info][gc,reloc    ] GC(150) Small Pages: 149 / 298M, Empty: 2M, Relocated: 97M, In-Place: 1
[26.773s][info][gc,reloc    ] GC(150) Medium Pages: 22 / 704M, Empty: 0M, Relocated: 248M, In-Place: 3
[26.773s][info][gc,reloc    ] GC(150) Large Pages: 0 / 0M, Empty: 0M, Relocated: 0M, In-Place: 0
[26.773s][info][gc,reloc    ] GC(150) Forwarding Usage: 0M
[26.773s][info][gc,heap     ] GC(150) Min Capacity: 1024M(100%)
[26.773s][info][gc,heap     ] GC(150) Max Capacity: 1024M(100%)
[26.773s][info][gc,heap     ] GC(150) Soft Max Capacity: 1024M(100%)
[26.773s][info][gc,heap     ] GC(150)                Mark Start          Mark End        Relocate Start      Relocate End           High               Low         
[26.773s][info][gc,heap     ] GC(150)  Capacity:     1024M (100%)       1024M (100%)       1024M (100%)       1024M (100%)       1024M (100%)       1024M (100%)   
[26.773s][info][gc,heap     ] GC(150)      Free:       22M (2%)           22M (2%)           24M (2%)          124M (12%)         124M (12%)           0M (0%)     
[26.773s][info][gc,heap     ] GC(150)      Used:     1002M (98%)        1002M (98%)        1000M (98%)         900M (88%)        1024M (100%)        900M (88%)    
[26.773s][info][gc,heap     ] GC(150)      Live:         -               349M (34%)         349M (34%)         349M (34%)            -                  -          
[26.773s][info][gc,heap     ] GC(150) Allocated:         -                 0M (0%)            0M (0%)          537M (53%)            -                  -          
[26.773s][info][gc,heap     ] GC(150)   Garbage:         -               652M (64%)         650M (64%)          12M (1%)             -                  -          
[26.773s][info][gc,heap     ] GC(150) Reclaimed:         -                  -                 2M (0%)          639M (62%)            -                  -          
[26.773s][info][gc          ] GC(150) Garbage Collection (Allocation Stall) 1002M(98%)->900M(88%)
[26.785s][info][gc,start    ] GC(151) Garbage Collection (Allocation Stall)
[26.785s][info][gc,ref      ] GC(151) Clearing All SoftReferences
[26.785s][info][gc,task     ] GC(151) Using 3 workers
[26.786s][info][gc,phases   ] GC(151) Pause Mark Start 0.011ms
[26.790s][info][gc,phases   ] GC(151) Concurrent Mark 3.948ms
[26.790s][info][gc,phases   ] GC(151) Pause Mark End 0.008ms
[26.790s][info][gc,phases   ] GC(151) Concurrent Mark Free 0.001ms
[26.790s][info][gc,phases   ] GC(151) Concurrent Process Non-Strong References 0.540ms
[26.790s][info][gc,phases   ] GC(151) Concurrent Reset Relocation Set 0.007ms
[26.792s][info][gc,phases   ] GC(151) Concurrent Select Relocation Set 1.309ms
[26.792s][info][gc,phases   ] GC(151) Pause Relocate Start 0.003ms
[26.797s][info][gc          ] Allocation Stall (pool-1-thread-2) 11.393ms
[26.797s][info][gc          ] Allocation Stall (pool-1-thread-3) 11.394ms
[26.797s][info][gc          ] Allocation Stall (pool-1-thread-4) 11.849ms
[26.797s][info][gc          ] Allocation Stall (pool-1-thread-1) 11.920ms
[26.835s][info][gc          ] Allocation Stall (pool-1-thread-1) 0.938ms
[26.846s][info][gc          ] Allocation Stall (pool-1-thread-3) 12.299ms
[26.856s][info][gc          ] Allocation Stall (pool-1-thread-2) 22.157ms
[26.856s][info][gc          ] Allocation Stall (pool-1-thread-4) 22.365ms
[26.857s][info][gc          ] Allocation Stall (pool-1-thread-1) 10.685ms
[26.873s][info][gc          ] Allocation Stall (pool-1-thread-4) 5.248ms
[26.875s][info][gc          ] Allocation Stall (pool-1-thread-1) 7.187ms
[26.876s][info][gc          ] Allocation Stall (pool-1-thread-3) 7.562ms
[26.876s][info][gc          ] Allocation Stall (pool-1-thread-2) 7.867ms
[26.894s][info][gc          ] Allocation Stall (pool-1-thread-3) 4.629ms
[26.894s][info][gc          ] Allocation Stall (pool-1-thread-2) 4.720ms
[26.894s][info][gc          ] Allocation Stall (pool-1-thread-1) 4.915ms
[26.895s][info][gc          ] Allocation Stall (pool-1-thread-4) 5.752ms
[26.896s][info][gc          ] Allocation Stall (pool-1-thread-3) 1.746ms
[26.928s][info][gc          ] Allocation Stall (pool-1-thread-3) 5.360ms
[26.929s][info][gc          ] Allocation Stall (pool-1-thread-1) 6.333ms
[26.932s][info][gc,phases   ] GC(151) Concurrent Relocate 139.782ms
[26.932s][info][gc,load     ] GC(151) Load: 2.46/0.83/0.35
[26.932s][info][gc,mmu      ] GC(151) MMU: 2ms/94.8%, 5ms/97.9%, 10ms/98.8%, 20ms/99.4%, 50ms/99.8%, 100ms/99.9%
[26.932s][info][gc,marking  ] GC(151) Mark: 2 stripe(s), 2 proactive flush(es), 1 terminate flush(es), 0 completion(s), 0 continuation(s) 
[26.932s][info][gc,marking  ] GC(151) Mark Stack Usage: 32M
[26.932s][info][gc,nmethod  ] GC(151) NMethods: 437 registered, 0 unregistered
[26.932s][info][gc,metaspace] GC(151) Metaspace: 6M used, 6M committed, 1088M reserved
[26.932s][info][gc,ref      ] GC(151) Soft: 34 encountered, 11 discovered, 0 enqueued
[26.932s][info][gc,ref      ] GC(151) Weak: 179 encountered, 8 discovered, 0 enqueued
[26.932s][info][gc,ref      ] GC(151) Final: 0 encountered, 0 discovered, 0 enqueued
[26.932s][info][gc,ref      ] GC(151) Phantom: 3 encountered, 1 discovered, 0 enqueued
[26.932s][info][gc,reloc    ] GC(151) Small Pages: 147 / 294M, Empty: 0M, Relocated: 97M, In-Place: 3
[26.932s][info][gc,reloc    ] GC(151) Medium Pages: 22 / 704M, Empty: 0M, Relocated: 246M, In-Place: 5
[26.932s][info][gc,reloc    ] GC(151) Large Pages: 0 / 0M, Empty: 0M, Relocated: 0M, In-Place: 0
[26.932s][info][gc,reloc    ] GC(151) Forwarding Usage: 0M
[26.932s][info][gc,heap     ] GC(151) Min Capacity: 1024M(100%)
[26.932s][info][gc,heap     ] GC(151) Max Capacity: 1024M(100%)
[26.932s][info][gc,heap     ] GC(151) Soft Max Capacity: 1024M(100%)
[26.932s][info][gc,heap     ] GC(151)                Mark Start          Mark End        Relocate Start      Relocate End           High               Low         
[26.932s][info][gc,heap     ] GC(151)  Capacity:     1024M (100%)       1024M (100%)       1024M (100%)       1024M (100%)       1024M (100%)       1024M (100%)   
[26.932s][info][gc,heap     ] GC(151)      Free:       26M (3%)           26M (3%)           26M (3%)           46M (4%)          104M (10%)           0M (0%)     
[26.932s][info][gc,heap     ] GC(151)      Used:      998M (97%)         998M (97%)         998M (97%)         978M (96%)        1024M (100%)        920M (90%)    
[26.932s][info][gc,heap     ] GC(151)      Live:         -               348M (34%)         348M (34%)         348M (34%)            -                  -          
[26.932s][info][gc,heap     ] GC(151) Allocated:         -                 0M (0%)            0M (0%)          611M (60%)            -                  -          
[26.932s][info][gc,heap     ] GC(151)   Garbage:         -               649M (63%)         649M (63%)          17M (2%)             -                  -          
[26.932s][info][gc,heap     ] GC(151) Reclaimed:         -                  -                 0M (0%)          631M (62%)            -                  -          
[26.932s][info][gc          ] GC(151) Garbage Collection (Allocation Stall) 998M(97%)->978M(96%)
[26.944s][info][gc,start    ] GC(152) Garbage Collection (Allocation Stall)
[26.945s][info][gc,ref      ] GC(152) Clearing All SoftReferences
[26.945s][info][gc,task     ] GC(152) Using 3 workers
[26.945s][info][gc,phases   ] GC(152) Pause Mark Start 0.007ms
[26.949s][info][gc,phases   ] GC(152) Concurrent Mark 4.015ms
[26.949s][info][gc,phases   ] GC(152) Pause Mark End 0.027ms
[26.949s][info][gc,phases   ] GC(152) Concurrent Mark Free 0.002ms
[26.950s][info][gc,phases   ] GC(152) Concurrent Process Non-Strong References 0.546ms
[26.950s][info][gc,phases   ] GC(152) Concurrent Reset Relocation Set 0.008ms
[26.951s][info][gc,phases   ] GC(152) Concurrent Select Relocation Set 1.368ms
[26.951s][info][gc,phases   ] GC(152) Pause Relocate Start 0.004ms
[26.955s][info][gc          ] Allocation Stall (pool-1-thread-3) 10.862ms
[26.955s][info][gc          ] Allocation Stall (pool-1-thread-4) 10.996ms
[26.955s][info][gc          ] Allocation Stall (pool-1-thread-1) 10.940ms
[26.956s][info][gc          ] Allocation Stall (pool-1-thread-2) 11.261ms
[26.995s][info][gc          ] Allocation Stall (pool-1-thread-2) 0.479ms
[26.996s][info][gc          ] Allocation Stall (pool-1-thread-4) 1.049ms
[26.996s][info][gc          ] Allocation Stall (pool-1-thread-3) 3.390ms
[26.996s][info][gc          ] Allocation Stall (pool-1-thread-1) 0.935ms
[27.000s][info][gc          ] Allocation Stall (pool-1-thread-3) 1.232ms
[27.002s][info][gc          ] Allocation Stall (pool-1-thread-4) 2.931ms
[27.002s][info][gc          ] Allocation Stall (pool-1-thread-1) 3.149ms
[27.002s][info][gc          ] Allocation Stall (pool-1-thread-2) 3.352ms
[27.017s][info][gc          ] Allocation Stall (pool-1-thread-1) 8.705ms
[27.017s][info][gc          ] Allocation Stall (pool-1-thread-3) 3.276ms
[27.017s][info][gc          ] Allocation Stall (pool-1-thread-4) 5.443ms
[27.017s][info][gc          ] Allocation Stall (pool-1-thread-2) 5.229ms
[27.022s][info][gc          ] Allocation Stall (pool-1-thread-1) 4.482ms
[27.030s][info][gc          ] Allocation Stall (pool-1-thread-3) 11.919ms
[27.030s][info][gc          ] Allocation Stall (pool-1-thread-2) 12.232ms
[27.031s][info][gc          ] Allocation Stall (pool-1-thread-4) 12.692ms
[27.043s][info][gc          ] Allocation Stall (pool-1-thread-2) 2.897ms
[27.045s][info][gc          ] Allocation Stall (pool-1-thread-1) 4.562ms
[27.046s][info][gc          ] Allocation Stall (pool-1-thread-3) 5.734ms
[27.047s][info][gc          ] Allocation Stall (pool-1-thread-4) 6.173ms
[27.075s][info][gc          ] Allocation Stall (pool-1-thread-4) 1.114ms
[27.076s][info][gc          ] Allocation Stall (pool-1-thread-2) 1.450ms
[27.083s][info][gc,phases   ] GC(152) Concurrent Relocate 131.684ms
[27.083s][info][gc,load     ] GC(152) Load: 2.46/0.83/0.35
[27.083s][info][gc,mmu      ] GC(152) MMU: 2ms/94.8%, 5ms/97.9%, 10ms/98.8%, 20ms/99.4%, 50ms/99.8%, 100ms/99.9%
[27.083s][info][gc,marking  ] GC(152) Mark: 2 stripe(s), 2 proactive flush(es), 1 terminate flush(es), 0 completion(s), 0 continuation(s) 
[27.083s][info][gc,marking  ] GC(152) Mark Stack Usage: 32M
[27.083s][info][gc,nmethod  ] GC(152) NMethods: 437 registered, 0 unregistered
[27.083s][info][gc,metaspace] GC(152) Metaspace: 6M used, 6M committed, 1088M reserved
[27.083s][info][gc,ref      ] GC(152) Soft: 34 encountered, 18 discovered, 0 enqueued
[27.083s][info][gc,ref      ] GC(152) Weak: 179 encountered, 15 discovered, 0 enqueued
[27.083s][info][gc,ref      ] GC(152) Final: 0 encountered, 0 discovered, 0 enqueued
[27.083s][info][gc,ref      ] GC(152) Phantom: 3 encountered, 1 discovered, 0 enqueued
[27.083s][info][gc,reloc    ] GC(152) Small Pages: 148 / 296M, Empty: 4M, Relocated: 96M, In-Place: 0
[27.083s][info][gc,reloc    ] GC(152) Medium Pages: 22 / 704M, Empty: 0M, Relocated: 247M, In-Place: 5
[27.083s][info][gc,reloc    ] GC(152) Large Pages: 0 / 0M, Empty: 0M, Relocated: 0M, In-Place: 0
[27.083s][info][gc,reloc    ] GC(152) Forwarding Usage: 0M
[27.083s][info][gc,heap     ] GC(152) Min Capacity: 1024M(100%)
[27.083s][info][gc,heap     ] GC(152) Max Capacity: 1024M(100%)
[27.083s][info][gc,heap     ] GC(152) Soft Max Capacity: 1024M(100%)
[27.083s][info][gc,heap     ] GC(152)                Mark Start          Mark End        Relocate Start      Relocate End           High               Low         
[27.083s][info][gc,heap     ] GC(152)  Capacity:     1024M (100%)       1024M (100%)       1024M (100%)       1024M (100%)       1024M (100%)       1024M (100%)   
[27.083s][info][gc,heap     ] GC(152)      Free:       24M (2%)           24M (2%)           28M (3%)           78M (8%)          110M (11%)           0M (0%)     
[27.083s][info][gc,heap     ] GC(152)      Used:     1000M (98%)        1000M (98%)         996M (97%)         946M (92%)        1024M (100%)        914M (89%)    
[27.083s][info][gc,heap     ] GC(152)      Live:         -               348M (34%)         348M (34%)         348M (34%)            -                  -          
[27.083s][info][gc,heap     ] GC(152) Allocated:         -                 0M (0%)            0M (0%)          579M (57%)            -                  -          
[27.083s][info][gc,heap     ] GC(152)   Garbage:         -               651M (64%)         647M (63%)          17M (2%)             -                  -          
[27.083s][info][gc,heap     ] GC(152) Reclaimed:         -                  -                 4M (0%)          633M (62%)            -                  -          
[27.083s][info][gc          ] GC(152) Garbage Collection (Allocation Stall) 1000M(98%)->946M(92%)
[27.098s][info][gc,start    ] GC(153) Garbage Collection (Allocation Stall)
[27.098s][info][gc,ref      ] GC(153) Clearing All SoftReferences
[27.098s][info][gc,task     ] GC(153) Using 3 workers
[27.099s][info][gc,phases   ] GC(153) Pause Mark Start 0.032ms
[27.104s][info][gc,phases   ] GC(153) Concurrent Mark 4.955ms
[27.104s][info][gc,phases   ] GC(153) Pause Mark End 0.009ms
[27.104s][info][gc,phases   ] GC(153) Concurrent Mark Free 0.001ms
[27.104s][info][gc,phases   ] GC(153) Concurrent Process Non-Strong References 0.493ms
[27.104s][info][gc,phases   ] GC(153) Concurrent Reset Relocation Set 0.008ms
[27.106s][info][gc,phases   ] GC(153) Concurrent Select Relocation Set 1.206ms
[27.106s][info][gc,phases   ] GC(153) Pause Relocate Start 0.004ms
[27.111s][info][gc          ] Allocation Stall (pool-1-thread-2) 13.277ms
[27.111s][info][gc          ] Allocation Stall (pool-1-thread-3) 13.253ms
[27.111s][info][gc          ] Allocation Stall (pool-1-thread-1) 13.373ms
[27.111s][info][gc          ] Allocation Stall (pool-1-thread-4) 13.516ms
[27.129s][info][gc          ] Allocation Stall (pool-1-thread-1) 3.794ms
[27.130s][info][gc          ] Allocation Stall (pool-1-thread-2) 4.010ms
[27.130s][info][gc          ] Allocation Stall (pool-1-thread-3) 4.022ms
[27.130s][info][gc          ] Allocation Stall (pool-1-thread-4) 4.200ms
[27.146s][info][gc          ] Allocation Stall (pool-1-thread-4) 0.624ms
[27.151s][info][gc          ] Allocation Stall (pool-1-thread-3) 3.562ms
[27.154s][info][gc          ] Allocation Stall (pool-1-thread-1) 6.333ms
[27.154s][info][gc          ] Allocation Stall (pool-1-thread-4) 6.541ms
[27.155s][info][gc          ] Allocation Stall (pool-1-thread-2) 6.601ms
[27.170s][info][gc          ] Allocation Stall (pool-1-thread-3) 1.916ms
[27.173s][info][gc          ] Allocation Stall (pool-1-thread-4) 4.959ms
[27.173s][info][gc          ] Allocation Stall (pool-1-thread-1) 5.213ms
[27.174s][info][gc          ] Allocation Stall (pool-1-thread-2) 5.415ms
[27.184s][info][gc          ] Allocation Stall (pool-1-thread-2) 5.915ms
[27.184s][info][gc          ] Allocation Stall (pool-1-thread-3) 5.893ms
[27.184s][info][gc          ] Allocation Stall (pool-1-thread-4) 6.031ms
[27.185s][info][gc          ] Allocation Stall (pool-1-thread-1) 6.183ms
[27.200s][info][gc          ] Allocation Stall (pool-1-thread-4) 4.187ms
[27.203s][info][gc          ] Allocation Stall (pool-1-thread-1) 4.687ms
[27.204s][info][gc          ] Allocation Stall (pool-1-thread-2) 5.217ms
[27.205s][info][gc          ] Allocation Stall (pool-1-thread-3) 6.539ms
[27.205s][info][gc          ] Allocation Stall (pool-1-thread-4) 4.789ms
[27.235s][info][gc          ] Allocation Stall (pool-1-thread-4) 2.126ms
[27.236s][info][gc          ] Allocation Stall (pool-1-thread-1) 2.917ms
[27.240s][info][gc,phases   ] GC(153) Concurrent Relocate 134.519ms
[27.240s][info][gc,load     ] GC(153) Load: 2.46/0.83/0.35
[27.241s][info][gc,mmu      ] GC(153) MMU: 2ms/94.8%, 5ms/97.9%, 10ms/98.8%, 20ms/99.4%, 50ms/99.8%, 100ms/99.9%
[27.241s][info][gc,marking  ] GC(153) Mark: 2 stripe(s), 2 proactive flush(es), 1 terminate flush(es), 0 completion(s), 0 continuation(s) 
[27.241s][info][gc,marking  ] GC(153) Mark Stack Usage: 32M
[27.241s][info][gc,nmethod  ] GC(153) NMethods: 437 registered, 0 unregistered
[27.241s][info][gc,metaspace] GC(153) Metaspace: 6M used, 6M committed, 1088M reserved
[27.241s][info][gc,ref      ] GC(153) Soft: 34 encountered, 10 discovered, 0 enqueued
[27.241s][info][gc,ref      ] GC(153) Weak: 179 encountered, 47 discovered, 0 enqueued
[27.241s][info][gc,ref      ] GC(153) Final: 0 encountered, 0 discovered, 0 enqueued
[27.241s][info][gc,ref      ] GC(153) Phantom: 3 encountered, 1 discovered, 0 enqueued
[27.241s][info][gc,reloc    ] GC(153) Small Pages: 151 / 302M, Empty: 0M, Relocated: 99M, In-Place: 2
[27.241s][info][gc,reloc    ] GC(153) Medium Pages: 22 / 704M, Empty: 0M, Relocated: 248M, In-Place: 7
[27.241s][info][gc,reloc    ] GC(153) Large Pages: 0 / 0M, Empty: 0M, Relocated: 0M, In-Place: 0
[27.241s][info][gc,reloc    ] GC(153) Forwarding Usage: 0M
[27.241s][info][gc,heap     ] GC(153) Min Capacity: 1024M(100%)
[27.241s][info][gc,heap     ] GC(153) Max Capacity: 1024M(100%)
[27.241s][info][gc,heap     ] GC(153) Soft Max Capacity: 1024M(100%)
[27.241s][info][gc,heap     ] GC(153)                Mark Start          Mark End        Relocate Start      Relocate End           High               Low         
[27.241s][info][gc,heap     ] GC(153)  Capacity:     1024M (100%)       1024M (100%)       1024M (100%)       1024M (100%)       1024M (100%)       1024M (100%)   
[27.241s][info][gc,heap     ] GC(153)      Free:       18M (2%)           18M (2%)           18M (2%)           84M (8%)          108M (11%)           0M (0%)     
[27.241s][info][gc,heap     ] GC(153)      Used:     1006M (98%)        1006M (98%)        1006M (98%)         940M (92%)        1024M (100%)        916M (89%)    
[27.241s][info][gc,heap     ] GC(153)      Live:         -               349M (34%)         349M (34%)         349M (34%)            -                  -          
[27.241s][info][gc,heap     ] GC(153) Allocated:         -                 0M (0%)            0M (0%)          577M (56%)            -                  -          
[27.241s][info][gc,heap     ] GC(153)   Garbage:         -               656M (64%)         656M (64%)          12M (1%)             -                  -          
[27.241s][info][gc,heap     ] GC(153) Reclaimed:         -                  -                 0M (0%)          643M (63%)            -                  -          
[27.241s][info][gc          ] GC(153) Garbage Collection (Allocation Stall) 1006M(98%)->940M(92%)
[27.255s][info][gc,start    ] GC(154) Garbage Collection (Allocation Stall)
[27.255s][info][gc,ref      ] GC(154) Clearing All SoftReferences
[27.255s][info][gc,task     ] GC(154) Using 3 workers
[27.256s][info][gc,phases   ] GC(154) Pause Mark Start 0.007ms
[27.260s][info][gc,phases   ] GC(154) Concurrent Mark 4.342ms
[27.260s][info][gc,phases   ] GC(154) Pause Mark End 0.007ms
[27.260s][info][gc,phases   ] GC(154) Concurrent Mark Free 0.001ms
[27.261s][info][gc,phases   ] GC(154) Concurrent Process Non-Strong References 0.555ms
[27.261s][info][gc,phases   ] GC(154) Concurrent Reset Relocation Set 0.008ms
[27.262s][info][gc,phases   ] GC(154) Concurrent Select Relocation Set 1.413ms
[27.262s][info][gc,phases   ] GC(154) Pause Relocate Start 0.004ms
[27.266s][info][gc          ] Allocation Stall (pool-1-thread-4) 9.933ms
[27.266s][info][gc          ] Allocation Stall (pool-1-thread-3) 10.534ms
[27.266s][info][gc          ] Allocation Stall (pool-1-thread-2) 9.979ms
[27.266s][info][gc          ] Allocation Stall (pool-1-thread-1) 9.954ms
[27.266s][info][gc          ] Allocation Stall (pool-1-thread-4) 0.201ms
[27.267s][info][gc          ] Allocation Stall (pool-1-thread-3) 1.190ms
[27.267s][info][gc          ] Allocation Stall (pool-1-thread-2) 1.252ms
[27.267s][info][gc          ] Allocation Stall (pool-1-thread-1) 1.345ms
[27.276s][info][gc          ] Allocation Stall (pool-1-thread-1) 1.582ms
[27.276s][info][gc          ] Allocation Stall (pool-1-thread-2) 1.935ms
[27.276s][info][gc          ] Allocation Stall (pool-1-thread-3) 2.019ms
[27.277s][info][gc          ] Allocation Stall (pool-1-thread-4) 2.342ms
[27.294s][info][gc          ] Allocation Stall (pool-1-thread-3) 3.495ms
[27.294s][info][gc          ] Allocation Stall (pool-1-thread-2) 3.676ms
[27.294s][info][gc          ] Allocation Stall (pool-1-thread-4) 3.766ms
[27.294s][info][gc          ] Allocation Stall (pool-1-thread-1) 4.032ms
[27.303s][info][gc          ] Allocation Stall (pool-1-thread-1) 1.280ms
[27.306s][info][gc          ] Allocation Stall (pool-1-thread-4) 4.801ms
[27.307s][info][gc          ] Allocation Stall (pool-1-thread-2) 5.103ms
[27.307s][info][gc          ] Allocation Stall (pool-1-thread-3) 5.260ms
[27.326s][info][gc          ] Allocation Stall (pool-1-thread-1) 7.401ms
[27.329s][info][gc          ] Allocation Stall (pool-1-thread-3) 10.424ms
[27.329s][info][gc          ] Allocation Stall (pool-1-thread-4) 10.750ms
[27.329s][info][gc          ] Allocation Stall (pool-1-thread-2) 10.970ms
[27.345s][info][gc          ] Allocation Stall (pool-1-thread-1) 1.988ms
[27.345s][info][gc          ] Allocation Stall (pool-1-thread-3) 4.868ms
[27.345s][info][gc          ] Allocation Stall (pool-1-thread-2) 2.525ms
[27.345s][info][gc          ] Allocation Stall (pool-1-thread-4) 2.423ms
[27.350s][info][gc          ] Relocation Stall (main) 87.303ms
[27.350s][info][gc          ] Allocation Stall (pool-1-thread-2) 4.519ms
[27.350s][info][gc          ] Allocation Stall (pool-1-thread-3) 4.750ms
[27.353s][info][gc          ] Allocation Stall (pool-1-thread-1) 7.575ms
[27.354s][info][gc          ] Allocation Stall (pool-1-thread-4) 8.008ms
[27.382s][info][gc          ] Allocation Stall (pool-1-thread-4) 2.942ms
[27.383s][info][gc          ] Allocation Stall (pool-1-thread-1) 4.735ms
[27.389s][info][gc,phases   ] GC(154) Concurrent Relocate 126.507ms
[27.389s][info][gc,load     ] GC(154) Load: 2.46/0.83/0.35
[27.389s][info][gc,mmu      ] GC(154) MMU: 2ms/94.8%, 5ms/97.9%, 10ms/98.8%, 20ms/99.4%, 50ms/99.8%, 100ms/99.9%
[27.389s][info][gc,marking  ] GC(154) Mark: 2 stripe(s), 3 proactive flush(es), 1 terminate flush(es), 0 completion(s), 0 continuation(s) 
[27.389s][info][gc,marking  ] GC(154) Mark Stack Usage: 32M
[27.389s][info][gc,nmethod  ] GC(154) NMethods: 437 registered, 0 unregistered
[27.389s][info][gc,metaspace] GC(154) Metaspace: 6M used, 6M committed, 1088M reserved
[27.389s][info][gc,ref      ] GC(154) Soft: 34 encountered, 20 discovered, 0 enqueued
[27.389s][info][gc,ref      ] GC(154) Weak: 179 encountered, 73 discovered, 0 enqueued
[27.389s][info][gc,ref      ] GC(154) Final: 0 encountered, 0 discovered, 0 enqueued
[27.389s][info][gc,ref      ] GC(154) Phantom: 3 encountered, 2 discovered, 0 enqueued
[27.389s][info][gc,reloc    ] GC(154) Small Pages: 144 / 288M, Empty: 0M, Relocated: 96M, In-Place: 0
[27.389s][info][gc,reloc    ] GC(154) Medium Pages: 23 / 736M, Empty: 0M, Relocated: 239M, In-Place: 6
[27.389s][info][gc,reloc    ] GC(154) Large Pages: 0 / 0M, Empty: 0M, Relocated: 0M, In-Place: 0
[27.389s][info][gc,reloc    ] GC(154) Forwarding Usage: 0M
[27.389s][info][gc,heap     ] GC(154) Min Capacity: 1024M(100%)
[27.389s][info][gc,heap     ] GC(154) Max Capacity: 1024M(100%)
[27.389s][info][gc,heap     ] GC(154) Soft Max Capacity: 1024M(100%)
[27.389s][info][gc,heap     ] GC(154)                Mark Start          Mark End        Relocate Start      Relocate End           High               Low         
[27.389s][info][gc,heap     ] GC(154)  Capacity:     1024M (100%)       1024M (100%)       1024M (100%)       1024M (100%)       1024M (100%)       1024M (100%)   
[27.389s][info][gc,heap     ] GC(154)      Free:        0M (0%)            0M (0%)            0M (0%)          104M (10%)         104M (10%)           0M (0%)     
[27.389s][info][gc,heap     ] GC(154)      Used:     1024M (100%)       1024M (100%)       1024M (100%)        920M (90%)        1024M (100%)        920M (90%)    
[27.389s][info][gc,heap     ] GC(154)      Live:         -               353M (35%)         353M (35%)         353M (35%)            -                  -          
[27.389s][info][gc,heap     ] GC(154) Allocated:         -                 0M (0%)            0M (0%)          527M (52%)            -                  -          
[27.389s][info][gc,heap     ] GC(154)   Garbage:         -               670M (65%)         670M (65%)          38M (4%)             -                  -          
[27.389s][info][gc,heap     ] GC(154) Reclaimed:         -                  -                 0M (0%)          631M (62%)            -                  -          
[27.389s][info][gc          ] GC(154) Garbage Collection (Allocation Stall) 1024M(100%)->920M(90%)
[27.410s][info][gc,start    ] GC(155) Garbage Collection (Allocation Stall)
[27.410s][info][gc,ref      ] GC(155) Clearing All SoftReferences
[27.410s][info][gc,task     ] GC(155) Using 3 workers
[27.410s][info][gc,phases   ] GC(155) Pause Mark Start 0.017ms
[27.415s][info][gc,phases   ] GC(155) Concurrent Mark 5.213ms
[27.415s][info][gc,phases   ] GC(155) Pause Mark End 0.011ms
[27.416s][info][gc,phases   ] GC(155) Concurrent Mark Free 0.001ms
[27.416s][info][gc,phases   ] GC(155) Concurrent Process Non-Strong References 0.703ms
[27.416s][info][gc,phases   ] GC(155) Concurrent Reset Relocation Set 0.009ms
[27.418s][info][gc,phases   ] GC(155) Concurrent Select Relocation Set 1.328ms
[27.418s][info][gc,phases   ] GC(155) Pause Relocate Start 0.004ms
[27.422s][info][gc          ] Allocation Stall (pool-1-thread-4) 12.216ms
[27.428s][info][gc          ] Allocation Stall (pool-1-thread-4) 4.964ms
[27.429s][info][gc          ] Allocation Stall (pool-1-thread-1) 18.920ms
[27.445s][info][gc          ] Allocation Stall (pool-1-thread-4) 0.783ms
[27.446s][info][gc          ] Allocation Stall (pool-1-thread-1) 1.697ms
[27.457s][info][gc          ] Allocation Stall (pool-1-thread-4) 0.411ms
[27.459s][info][gc          ] Allocation Stall (pool-1-thread-1) 2.134ms
[27.490s][info][gc          ] Relocation Stall (pool-1-thread-3) 68.713ms
[27.491s][info][gc          ] Relocation Stall (pool-1-thread-2) 68.839ms
[27.491s][info][gc          ] Allocation Stall (pool-1-thread-3) 81.256ms
[27.491s][info][gc          ] Allocation Stall (pool-1-thread-2) 81.265ms
[27.541s][info][gc,phases   ] GC(155) Concurrent Relocate 122.750ms
[27.541s][info][gc,load     ] GC(155) Load: 2.46/0.83/0.35
[27.541s][info][gc,mmu      ] GC(155) MMU: 2ms/94.8%, 5ms/97.9%, 10ms/98.8%, 20ms/99.4%, 50ms/99.8%, 100ms/99.9%
[27.541s][info][gc,marking  ] GC(155) Mark: 2 stripe(s), 2 proactive flush(es), 1 terminate flush(es), 0 completion(s), 0 continuation(s) 
[27.541s][info][gc,marking  ] GC(155) Mark Stack Usage: 32M
[27.541s][info][gc,nmethod  ] GC(155) NMethods: 437 registered, 0 unregistered
[27.541s][info][gc,metaspace] GC(155) Metaspace: 6M used, 6M committed, 1088M reserved
[27.541s][info][gc,ref      ] GC(155) Soft: 34 encountered, 7 discovered, 0 enqueued
[27.541s][info][gc,ref      ] GC(155) Weak: 179 encountered, 41 discovered, 0 enqueued
[27.541s][info][gc,ref      ] GC(155) Final: 0 encountered, 0 discovered, 0 enqueued
[27.541s][info][gc,ref      ] GC(155) Phantom: 3 encountered, 1 discovered, 0 enqueued
[27.541s][info][gc,reloc    ] GC(155) Small Pages: 142 / 284M, Empty: 0M, Relocated: 97M, In-Place: 0
[27.541s][info][gc,reloc    ] GC(155) Medium Pages: 23 / 736M, Empty: 0M, Relocated: 223M, In-Place: 3
[27.541s][info][gc,reloc    ] GC(155) Large Pages: 0 / 0M, Empty: 0M, Relocated: 0M, In-Place: 0
[27.541s][info][gc,reloc    ] GC(155) Forwarding Usage: 0M
[27.541s][info][gc,heap     ] GC(155) Min Capacity: 1024M(100%)
[27.541s][info][gc,heap     ] GC(155) Max Capacity: 1024M(100%)
[27.541s][info][gc,heap     ] GC(155) Soft Max Capacity: 1024M(100%)
[27.541s][info][gc,heap     ] GC(155)                Mark Start          Mark End        Relocate Start      Relocate End           High               Low         
[27.541s][info][gc,heap     ] GC(155)  Capacity:     1024M (100%)       1024M (100%)       1024M (100%)       1024M (100%)       1024M (100%)       1024M (100%)   
[27.541s][info][gc,heap     ] GC(155)      Free:        4M (0%)            4M (0%)            4M (0%)            8M (1%)          248M (24%)           0M (0%)     
[27.541s][info][gc,heap     ] GC(155)      Used:     1020M (100%)       1020M (100%)       1020M (100%)       1016M (99%)        1024M (100%)        776M (76%)    
[27.541s][info][gc,heap     ] GC(155)      Live:         -               353M (35%)         353M (35%)         353M (35%)            -                  -          
[27.541s][info][gc,heap     ] GC(155) Allocated:         -                 0M (0%)            0M (0%)          623M (61%)            -                  -          
[27.541s][info][gc,heap     ] GC(155)   Garbage:         -               666M (65%)         666M (65%)          38M (4%)             -                  -          
[27.541s][info][gc,heap     ] GC(155) Reclaimed:         -                  -                 0M (0%)          627M (61%)            -                  -          
[27.541s][info][gc          ] GC(155) Garbage Collection (Allocation Stall) 1020M(100%)->1016M(99%)
[27.564s][info][gc,start    ] GC(156) Garbage Collection (Allocation Stall)
[27.564s][info][gc,ref      ] GC(156) Clearing All SoftReferences
[27.564s][info][gc,task     ] GC(156) Using 3 workers
[27.564s][info][gc,phases   ] GC(156) Pause Mark Start 0.009ms
[27.569s][info][gc,phases   ] GC(156) Concurrent Mark 4.113ms
[27.569s][info][gc,phases   ] GC(156) Pause Mark End 0.009ms
[27.569s][info][gc,phases   ] GC(156) Concurrent Mark Free 0.001ms
[27.569s][info][gc,phases   ] GC(156) Concurrent Process Non-Strong References 0.534ms
[27.569s][info][gc,phases   ] GC(156) Concurrent Reset Relocation Set 0.007ms
[27.571s][info][gc,phases   ] GC(156) Concurrent Select Relocation Set 1.293ms
[27.571s][info][gc,phases   ] GC(156) Pause Relocate Start 0.004ms
[27.574s][info][gc          ] Allocation Stall (pool-1-thread-1) 9.784ms
[27.574s][info][gc          ] Allocation Stall (pool-1-thread-4) 10.459ms
[27.574s][info][gc          ] Allocation Stall (pool-1-thread-2) 9.832ms
[27.574s][info][gc          ] Allocation Stall (pool-1-thread-3) 10.526ms
[27.583s][info][gc          ] Allocation Stall (pool-1-thread-2) 1.526ms
[27.584s][info][gc          ] Allocation Stall (pool-1-thread-4) 1.688ms
[27.584s][info][gc          ] Allocation Stall (pool-1-thread-3) 1.859ms
[27.584s][info][gc          ] Allocation Stall (pool-1-thread-1) 1.931ms
[27.599s][info][gc          ] Allocation Stall (pool-1-thread-1) 3.453ms
[27.599s][info][gc          ] Allocation Stall (pool-1-thread-4) 3.448ms
[27.614s][info][gc          ] Allocation Stall (pool-1-thread-2) 1.457ms
[27.616s][info][gc          ] Allocation Stall (pool-1-thread-3) 3.079ms
[27.616s][info][gc          ] Allocation Stall (pool-1-thread-4) 3.337ms
[27.617s][info][gc          ] Allocation Stall (pool-1-thread-1) 3.762ms
[27.630s][info][gc          ] Allocation Stall (pool-1-thread-1) 2.722ms
[27.638s][info][gc          ] Allocation Stall (pool-1-thread-1) 1.387ms
[27.641s][info][gc          ] Allocation Stall (pool-1-thread-4) 3.757ms
[27.641s][info][gc          ] Allocation Stall (pool-1-thread-2) 3.758ms
[27.641s][info][gc          ] Allocation Stall (pool-1-thread-3) 4.020ms
[27.657s][info][gc          ] Allocation Stall (pool-1-thread-3) 3.981ms
[27.657s][info][gc          ] Allocation Stall (pool-1-thread-4) 3.953ms
[27.657s][info][gc          ] Allocation Stall (pool-1-thread-2) 6.127ms
[27.657s][info][gc          ] Allocation Stall (pool-1-thread-1) 4.442ms
[27.667s][info][gc          ] Allocation Stall (pool-1-thread-3) 6.933ms
[27.671s][info][gc          ] Relocation Stall (main) 100.332ms
[27.673s][info][gc          ] Allocation Stall (pool-1-thread-2) 12.893ms
[27.673s][info][gc          ] Allocation Stall (pool-1-thread-4) 13.255ms
[27.673s][info][gc          ] Allocation Stall (pool-1-thread-1) 13.345ms
[27.710s][info][gc          ] Allocation Stall (pool-1-thread-2) 1.418ms
[27.711s][info][gc          ] Allocation Stall (pool-1-thread-4) 1.918ms
[27.715s][info][gc,phases   ] GC(156) Concurrent Relocate 144.089ms
[27.715s][info][gc,load     ] GC(156) Load: 2.46/0.83/0.35
[27.715s][info][gc,mmu      ] GC(156) MMU: 2ms/94.8%, 5ms/97.9%, 10ms/98.8%, 20ms/99.4%, 50ms/99.8%, 100ms/99.9%
[27.715s][info][gc,marking  ] GC(156) Mark: 2 stripe(s), 2 proactive flush(es), 1 terminate flush(es), 0 completion(s), 0 continuation(s) 
[27.715s][info][gc,marking  ] GC(156) Mark Stack Usage: 32M
[27.715s][info][gc,nmethod  ] GC(156) NMethods: 437 registered, 0 unregistered
[27.715s][info][gc,metaspace] GC(156) Metaspace: 6M used, 6M committed, 1088M reserved
[27.715s][info][gc,ref      ] GC(156) Soft: 34 encountered, 12 discovered, 0 enqueued
[27.715s][info][gc,ref      ] GC(156) Weak: 179 encountered, 11 discovered, 0 enqueued
[27.715s][info][gc,ref      ] GC(156) Final: 0 encountered, 0 discovered, 0 enqueued
[27.715s][info][gc,ref      ] GC(156) Phantom: 3 encountered, 3 discovered, 0 enqueued
[27.715s][info][gc,reloc    ] GC(156) Small Pages: 144 / 288M, Empty: 0M, Relocated: 95M, In-Place: 1
[27.715s][info][gc,reloc    ] GC(156) Medium Pages: 23 / 736M, Empty: 0M, Relocated: 244M, In-Place: 4
[27.715s][info][gc,reloc    ] GC(156) Large Pages: 0 / 0M, Empty: 0M, Relocated: 0M, In-Place: 0
[27.715s][info][gc,reloc    ] GC(156) Forwarding Usage: 0M
[27.715s][info][gc,heap     ] GC(156) Min Capacity: 1024M(100%)
[27.715s][info][gc,heap     ] GC(156) Max Capacity: 1024M(100%)
[27.715s][info][gc,heap     ] GC(156) Soft Max Capacity: 1024M(100%)
[27.715s][info][gc,heap     ] GC(156)                Mark Start          Mark End        Relocate Start      Relocate End           High               Low         
[27.715s][info][gc,heap     ] GC(156)  Capacity:     1024M (100%)       1024M (100%)       1024M (100%)       1024M (100%)       1024M (100%)       1024M (100%)   
[27.715s][info][gc,heap     ] GC(156)      Free:        0M (0%)            0M (0%)            0M (0%)           84M (8%)          142M (14%)           0M (0%)     
[27.715s][info][gc,heap     ] GC(156)      Used:     1024M (100%)       1024M (100%)       1024M (100%)        940M (92%)        1024M (100%)        882M (86%)    
[27.715s][info][gc,heap     ] GC(156)      Live:         -               346M (34%)         346M (34%)         346M (34%)            -                  -          
[27.715s][info][gc,heap     ] GC(156) Allocated:         -                 0M (0%)            0M (0%)          571M (56%)            -                  -          
[27.715s][info][gc,heap     ] GC(156)   Garbage:         -               677M (66%)         677M (66%)          21M (2%)             -                  -          
[27.715s][info][gc,heap     ] GC(156) Reclaimed:         -                  -                 0M (0%)          655M (64%)            -                  -          
[27.715s][info][gc          ] GC(156) Garbage Collection (Allocation Stall) 1024M(100%)->940M(92%)
[27.735s][info][gc,start    ] GC(157) Garbage Collection (Allocation Stall)
[27.735s][info][gc,ref      ] GC(157) Clearing All SoftReferences
[27.735s][info][gc,task     ] GC(157) Using 3 workers
[27.735s][info][gc,phases   ] GC(157) Pause Mark Start 0.009ms
[27.740s][info][gc,phases   ] GC(157) Concurrent Mark 4.556ms
[27.740s][info][gc,phases   ] GC(157) Pause Mark End 0.011ms
[27.740s][info][gc,phases   ] GC(157) Concurrent Mark Free 0.001ms
[27.741s][info][gc,phases   ] GC(157) Concurrent Process Non-Strong References 0.541ms
[27.741s][info][gc,phases   ] GC(157) Concurrent Reset Relocation Set 0.008ms
[27.742s][info][gc,phases   ] GC(157) Concurrent Select Relocation Set 1.462ms
[27.742s][info][gc,phases   ] GC(157) Pause Relocate Start 0.004ms
[27.746s][info][gc          ] Allocation Stall (pool-1-thread-2) 11.329ms
[27.746s][info][gc          ] Allocation Stall (pool-1-thread-3) 11.377ms
[27.747s][info][gc          ] Allocation Stall (pool-1-thread-4) 11.885ms
[27.747s][info][gc          ] Allocation Stall (pool-1-thread-1) 11.970ms
[27.792s][info][gc          ] Allocation Stall (pool-1-thread-3) 1.790ms
[27.792s][info][gc          ] Allocation Stall (pool-1-thread-4) 6.377ms
[27.792s][info][gc          ] Allocation Stall (pool-1-thread-1) 4.743ms
[27.792s][info][gc          ] Allocation Stall (pool-1-thread-2) 2.314ms
[27.808s][info][gc          ] Allocation Stall (pool-1-thread-3) 2.305ms
[27.809s][info][gc          ] Allocation Stall (pool-1-thread-4) 3.397ms
[27.809s][info][gc          ] Allocation Stall (pool-1-thread-2) 3.596ms
[27.809s][info][gc          ] Allocation Stall (pool-1-thread-1) 3.725ms
[27.819s][info][gc          ] Allocation Stall (pool-1-thread-4) 3.627ms
[27.831s][info][gc          ] Allocation Stall (pool-1-thread-2) 16.208ms
[27.844s][info][gc          ] Allocation Stall (pool-1-thread-3) 29.250ms
[27.845s][info][gc          ] Allocation Stall (pool-1-thread-1) 29.785ms
[27.848s][info][gc          ] Allocation Stall (pool-1-thread-4) 16.472ms
[27.848s][info][gc          ] Allocation Stall (pool-1-thread-2) 4.899ms
[27.881s][info][gc          ] Allocation Stall (pool-1-thread-4) 5.021ms
[27.883s][info][gc          ] Allocation Stall (pool-1-thread-2) 6.928ms
[27.884s][info][gc,phases   ] GC(157) Concurrent Relocate 141.127ms
[27.884s][info][gc,load     ] GC(157) Load: 2.46/0.83/0.35
[27.884s][info][gc,mmu      ] GC(157) MMU: 2ms/94.8%, 5ms/97.9%, 10ms/98.8%, 20ms/99.4%, 50ms/99.8%, 100ms/99.9%
[27.884s][info][gc,marking  ] GC(157) Mark: 2 stripe(s), 3 proactive flush(es), 1 terminate flush(es), 0 completion(s), 0 continuation(s) 
[27.884s][info][gc,marking  ] GC(157) Mark Stack Usage: 32M
[27.884s][info][gc,nmethod  ] GC(157) NMethods: 437 registered, 0 unregistered
[27.884s][info][gc,metaspace] GC(157) Metaspace: 6M used, 6M committed, 1088M reserved
[27.884s][info][gc,ref      ] GC(157) Soft: 34 encountered, 11 discovered, 0 enqueued
[27.884s][info][gc,ref      ] GC(157) Weak: 179 encountered, 2 discovered, 0 enqueued
[27.884s][info][gc,ref      ] GC(157) Final: 0 encountered, 0 discovered, 0 enqueued
[27.884s][info][gc,ref      ] GC(157) Phantom: 3 encountered, 2 discovered, 0 enqueued
[27.884s][info][gc,reloc    ] GC(157) Small Pages: 147 / 294M, Empty: 2M, Relocated: 92M, In-Place: 1
[27.884s][info][gc,reloc    ] GC(157) Medium Pages: 22 / 704M, Empty: 0M, Relocated: 245M, In-Place: 4
[27.884s][info][gc,reloc    ] GC(157) Large Pages: 0 / 0M, Empty: 0M, Relocated: 0M, In-Place: 0
[27.884s][info][gc,reloc    ] GC(157) Forwarding Usage: 0M
[27.884s][info][gc,heap     ] GC(157) Min Capacity: 1024M(100%)
[27.884s][info][gc,heap     ] GC(157) Max Capacity: 1024M(100%)
[27.884s][info][gc,heap     ] GC(157) Soft Max Capacity: 1024M(100%)
[27.884s][info][gc,heap     ] GC(157)                Mark Start          Mark End        Relocate Start      Relocate End           High               Low         
[27.884s][info][gc,heap     ] GC(157)  Capacity:     1024M (100%)       1024M (100%)       1024M (100%)       1024M (100%)       1024M (100%)       1024M (100%)   
[27.884s][info][gc,heap     ] GC(157)      Free:       26M (3%)           26M (3%)           28M (3%)           42M (4%)           98M (10%)           0M (0%)     
[27.884s][info][gc,heap     ] GC(157)      Used:      998M (97%)         998M (97%)         996M (97%)         982M (96%)        1024M (100%)        926M (90%)    
[27.884s][info][gc,heap     ] GC(157)      Live:         -               347M (34%)         347M (34%)         347M (34%)            -                  -          
[27.884s][info][gc,heap     ] GC(157) Allocated:         -                 0M (0%)            0M (0%)          613M (60%)            -                  -          
[27.884s][info][gc,heap     ] GC(157)   Garbage:         -               650M (64%)         648M (63%)          20M (2%)             -                  -          
[27.884s][info][gc,heap     ] GC(157) Reclaimed:         -                  -                 2M (0%)          629M (62%)            -                  -          
[27.884s][info][gc          ] GC(157) Garbage Collection (Allocation Stall) 998M(97%)->982M(96%)
[27.899s][info][gc,start    ] GC(158) Garbage Collection (Allocation Stall)
[27.900s][info][gc,ref      ] GC(158) Clearing All SoftReferences
[27.900s][info][gc,task     ] GC(158) Using 3 workers
[27.900s][info][gc,phases   ] GC(158) Pause Mark Start 0.008ms
[27.905s][info][gc,phases   ] GC(158) Concurrent Mark 5.038ms
[27.905s][info][gc,phases   ] GC(158) Pause Mark End 0.009ms
[27.905s][info][gc,phases   ] GC(158) Concurrent Mark Free 0.001ms
[27.906s][info][gc,phases   ] GC(158) Concurrent Process Non-Strong References 0.493ms
[27.906s][info][gc,phases   ] GC(158) Concurrent Reset Relocation Set 0.007ms
[27.907s][info][gc,phases   ] GC(158) Concurrent Select Relocation Set 1.430ms
[27.907s][info][gc,phases   ] GC(158) Pause Relocate Start 0.005ms
[27.912s][info][gc          ] Allocation Stall (pool-1-thread-2) 12.865ms
[27.912s][info][gc          ] Allocation Stall (pool-1-thread-1) 12.808ms
[27.913s][info][gc          ] Allocation Stall (pool-1-thread-4) 13.150ms
[27.913s][info][gc          ] Allocation Stall (pool-1-thread-3) 13.447ms
[27.923s][info][gc          ] Allocation Stall (pool-1-thread-2) 1.177ms
[27.925s][info][gc          ] Allocation Stall (pool-1-thread-1) 2.468ms
[27.925s][info][gc          ] Allocation Stall (pool-1-thread-3) 2.662ms
[27.925s][info][gc          ] Allocation Stall (pool-1-thread-4) 2.947ms
[27.953s][info][gc          ] Allocation Stall (pool-1-thread-1) 2.217ms
[27.954s][info][gc          ] Allocation Stall (pool-1-thread-4) 3.182ms
[27.955s][info][gc          ] Allocation Stall (pool-1-thread-3) 3.477ms
[27.955s][info][gc          ] Allocation Stall (pool-1-thread-2) 3.579ms
[27.977s][info][gc          ] Allocation Stall (pool-1-thread-1) 5.564ms
[27.977s][info][gc          ] Allocation Stall (pool-1-thread-3) 4.412ms
[27.977s][info][gc          ] Allocation Stall (pool-1-thread-4) 3.220ms
[27.977s][info][gc          ] Allocation Stall (pool-1-thread-2) 2.549ms
[27.996s][info][gc          ] Allocation Stall (pool-1-thread-1) 3.759ms
[28.006s][info][gc          ] Allocation Stall (pool-1-thread-2) 13.946ms
[28.007s][info][gc          ] Allocation Stall (pool-1-thread-4) 14.913ms
[28.007s][info][gc          ] Allocation Stall (pool-1-thread-3) 15.098ms
[28.042s][info][gc          ] Allocation Stall (pool-1-thread-1) 3.635ms
[28.044s][info][gc          ] Allocation Stall (pool-1-thread-4) 5.576ms
[28.048s][info][gc,phases   ] GC(158) Concurrent Relocate 141.060ms
[28.048s][info][gc,load     ] GC(158) Load: 2.46/0.83/0.35
[28.048s][info][gc,mmu      ] GC(158) MMU: 2ms/94.8%, 5ms/97.9%, 10ms/98.8%, 20ms/99.4%, 50ms/99.8%, 100ms/99.9%
[28.048s][info][gc,marking  ] GC(158) Mark: 2 stripe(s), 4 proactive flush(es), 1 terminate flush(es), 0 completion(s), 0 continuation(s) 
[28.048s][info][gc,marking  ] GC(158) Mark Stack Usage: 32M
[28.048s][info][gc,nmethod  ] GC(158) NMethods: 437 registered, 0 unregistered
[28.048s][info][gc,metaspace] GC(158) Metaspace: 6M used, 6M committed, 1088M reserved
[28.048s][info][gc,ref      ] GC(158) Soft: 34 encountered, 6 discovered, 0 enqueued
[28.048s][info][gc,ref      ] GC(158) Weak: 179 encountered, 51 discovered, 0 enqueued
[28.049s][info][gc,ref      ] GC(158) Final: 0 encountered, 0 discovered, 0 enqueued
[28.049s][info][gc,ref      ] GC(158) Phantom: 3 encountered, 1 discovered, 0 enqueued
[28.049s][info][gc,reloc    ] GC(158) Small Pages: 153 / 306M, Empty: 0M, Relocated: 97M, In-Place: 2
[28.049s][info][gc,reloc    ] GC(158) Medium Pages: 22 / 704M, Empty: 0M, Relocated: 243M, In-Place: 4
[28.049s][info][gc,reloc    ] GC(158) Large Pages: 0 / 0M, Empty: 0M, Relocated: 0M, In-Place: 0
[28.049s][info][gc,reloc    ] GC(158) Forwarding Usage: 0M
[28.049s][info][gc,heap     ] GC(158) Min Capacity: 1024M(100%)
[28.049s][info][gc,heap     ] GC(158) Max Capacity: 1024M(100%)
[28.049s][info][gc,heap     ] GC(158) Soft Max Capacity: 1024M(100%)
[28.049s][info][gc,heap     ] GC(158)                Mark Start          Mark End        Relocate Start      Relocate End           High               Low         
[28.049s][info][gc,heap     ] GC(158)  Capacity:     1024M (100%)       1024M (100%)       1024M (100%)       1024M (100%)       1024M (100%)       1024M (100%)   
[28.049s][info][gc,heap     ] GC(158)      Free:       14M (1%)           14M (1%)           14M (1%)           78M (8%)          102M (10%)           0M (0%)     
[28.049s][info][gc,heap     ] GC(158)      Used:     1010M (99%)        1010M (99%)        1010M (99%)         946M (92%)        1024M (100%)        922M (90%)    
[28.049s][info][gc,heap     ] GC(158)      Live:         -               346M (34%)         346M (34%)         346M (34%)            -                  -          
[28.049s][info][gc,heap     ] GC(158) Allocated:         -                 0M (0%)            0M (0%)          577M (56%)            -                  -          
[28.049s][info][gc,heap     ] GC(158)   Garbage:         -               663M (65%)         663M (65%)          22M (2%)             -                  -          
[28.049s][info][gc,heap     ] GC(158) Reclaimed:         -                  -                 0M (0%)          641M (63%)            -                  -          
[28.049s][info][gc          ] GC(158) Garbage Collection (Allocation Stall) 1010M(99%)->946M(92%)
[28.060s][info][gc,start    ] GC(159) Garbage Collection (Allocation Stall)
[28.060s][info][gc,ref      ] GC(159) Clearing All SoftReferences
[28.060s][info][gc,task     ] GC(159) Using 3 workers
[28.060s][info][gc,phases   ] GC(159) Pause Mark Start 0.007ms
[28.064s][info][gc,phases   ] GC(159) Concurrent Mark 3.399ms
[28.064s][info][gc,phases   ] GC(159) Pause Mark End 0.006ms
[28.064s][info][gc,phases   ] GC(159) Concurrent Mark Free 0.001ms
[28.065s][info][gc,phases   ] GC(159) Concurrent Process Non-Strong References 0.586ms
[28.065s][info][gc,phases   ] GC(159) Concurrent Reset Relocation Set 0.010ms
[28.067s][info][gc,phases   ] GC(159) Concurrent Select Relocation Set 2.343ms
[28.067s][info][gc,phases   ] GC(159) Pause Relocate Start 0.008ms
[28.073s][info][gc          ] Allocation Stall (pool-1-thread-1) 13.356ms
[28.073s][info][gc          ] Allocation Stall (pool-1-thread-4) 13.327ms
[28.074s][info][gc          ] Allocation Stall (pool-1-thread-3) 13.485ms
[28.074s][info][gc          ] Allocation Stall (pool-1-thread-2) 13.653ms
[28.091s][info][gc          ] Allocation Stall (pool-1-thread-1) 5.400ms
[28.092s][info][gc          ] Allocation Stall (pool-1-thread-3) 6.427ms
[28.092s][info][gc          ] Allocation Stall (pool-1-thread-4) 6.667ms
[28.093s][info][gc          ] Allocation Stall (pool-1-thread-2) 6.727ms
[28.124s][info][gc          ] Allocation Stall (pool-1-thread-1) 3.099ms
[28.124s][info][gc          ] Allocation Stall (pool-1-thread-4) 3.391ms
[28.125s][info][gc          ] Allocation Stall (pool-1-thread-2) 3.590ms
[28.125s][info][gc          ] Allocation Stall (pool-1-thread-3) 3.800ms
[28.141s][info][gc          ] Allocation Stall (pool-1-thread-3) 7.542ms
[28.142s][info][gc          ] Allocation Stall (pool-1-thread-2) 9.047ms
[28.143s][info][gc          ] Allocation Stall (pool-1-thread-1) 9.280ms
[28.143s][info][gc          ] Allocation Stall (pool-1-thread-4) 9.448ms
[28.163s][info][gc          ] Allocation Stall (pool-1-thread-2) 5.173ms
[28.164s][info][gc          ] Allocation Stall (pool-1-thread-3) 5.517ms
[28.164s][info][gc          ] Allocation Stall (pool-1-thread-1) 5.452ms
[28.168s][info][gc          ] Allocation Stall (pool-1-thread-4) 8.786ms
[28.168s][info][gc          ] Allocation Stall (pool-1-thread-2) 4.417ms
[28.197s][info][gc          ] Allocation Stall (pool-1-thread-2) 1.598ms
[28.198s][info][gc          ] Allocation Stall (pool-1-thread-1) 2.368ms
[28.208s][info][gc,phases   ] GC(159) Concurrent Relocate 141.083ms
[28.208s][info][gc,load     ] GC(159) Load: 2.46/0.83/0.35
[28.208s][info][gc,mmu      ] GC(159) MMU: 2ms/94.8%, 5ms/97.9%, 10ms/98.8%, 20ms/99.4%, 50ms/99.8%, 100ms/99.9%
[28.208s][info][gc,marking  ] GC(159) Mark: 2 stripe(s), 2 proactive flush(es), 1 terminate flush(es), 0 completion(s), 0 continuation(s) 
[28.208s][info][gc,marking  ] GC(159) Mark Stack Usage: 32M
[28.208s][info][gc,nmethod  ] GC(159) NMethods: 437 registered, 0 unregistered
[28.208s][info][gc,metaspace] GC(159) Metaspace: 6M used, 6M committed, 1088M reserved
[28.209s][info][gc,ref      ] GC(159) Soft: 34 encountered, 19 discovered, 0 enqueued
[28.209s][info][gc,ref      ] GC(159) Weak: 179 encountered, 12 discovered, 0 enqueued
[28.209s][info][gc,ref      ] GC(159) Final: 0 encountered, 0 discovered, 0 enqueued
[28.209s][info][gc,ref      ] GC(159) Phantom: 3 encountered, 1 discovered, 0 enqueued
[28.209s][info][gc,reloc    ] GC(159) Small Pages: 150 / 300M, Empty: 0M, Relocated: 97M, In-Place: 2
[28.209s][info][gc,reloc    ] GC(159) Medium Pages: 22 / 704M, Empty: 0M, Relocated: 242M, In-Place: 7
[28.209s][info][gc,reloc    ] GC(159) Large Pages: 0 / 0M, Empty: 0M, Relocated: 0M, In-Place: 0
[28.209s][info][gc,reloc    ] GC(159) Forwarding Usage: 0M
[28.209s][info][gc,heap     ] GC(159) Min Capacity: 1024M(100%)
[28.209s][info][gc,heap     ] GC(159) Max Capacity: 1024M(100%)
[28.209s][info][gc,heap     ] GC(159) Soft Max Capacity: 1024M(100%)
[28.209s][info][gc,heap     ] GC(159)                Mark Start          Mark End        Relocate Start      Relocate End           High               Low         
[28.209s][info][gc,heap     ] GC(159)  Capacity:     1024M (100%)       1024M (100%)       1024M (100%)       1024M (100%)       1024M (100%)       1024M (100%)   
[28.209s][info][gc,heap     ] GC(159)      Free:       20M (2%)           20M (2%)           20M (2%)          114M (11%)         114M (11%)           0M (0%)     
[28.209s][info][gc,heap     ] GC(159)      Used:     1004M (98%)        1004M (98%)        1004M (98%)         910M (89%)        1024M (100%)        910M (89%)    
[28.209s][info][gc,heap     ] GC(159)      Live:         -               345M (34%)         345M (34%)         345M (34%)            -                  -          
[28.209s][info][gc,heap     ] GC(159) Allocated:         -                 0M (0%)            0M (0%)          543M (53%)            -                  -          
[28.209s][info][gc,heap     ] GC(159)   Garbage:         -               658M (64%)         658M (64%)          20M (2%)             -                  -          
[28.209s][info][gc,heap     ] GC(159) Reclaimed:         -                  -                 0M (0%)          637M (62%)            -                  -          
[28.209s][info][gc          ] GC(159) Garbage Collection (Allocation Stall) 1004M(98%)->910M(89%)
[28.226s][info][gc,start    ] GC(160) Garbage Collection (Allocation Stall)
[28.226s][info][gc,ref      ] GC(160) Clearing All SoftReferences
[28.226s][info][gc,task     ] GC(160) Using 3 workers
[28.226s][info][gc,phases   ] GC(160) Pause Mark Start 0.007ms
[28.230s][info][gc,phases   ] GC(160) Concurrent Mark 4.181ms
[28.231s][info][gc,phases   ] GC(160) Pause Mark End 0.007ms
[28.231s][info][gc,phases   ] GC(160) Concurrent Mark Free 0.001ms
[28.231s][info][gc,phases   ] GC(160) Concurrent Process Non-Strong References 0.604ms
[28.231s][info][gc,phases   ] GC(160) Concurrent Reset Relocation Set 0.011ms
[28.234s][info][gc,phases   ] GC(160) Concurrent Select Relocation Set 2.972ms
[28.234s][info][gc,phases   ] GC(160) Pause Relocate Start 0.007ms
[28.240s][info][gc          ] Allocation Stall (pool-1-thread-4) 13.881ms
[28.240s][info][gc          ] Allocation Stall (pool-1-thread-3) 13.969ms
[28.240s][info][gc          ] Allocation Stall (pool-1-thread-2) 14.218ms
[28.240s][info][gc          ] Allocation Stall (pool-1-thread-1) 14.344ms
[28.257s][info][gc          ] Allocation Stall (pool-1-thread-3) 2.651ms
[28.258s][info][gc          ] Allocation Stall (pool-1-thread-2) 3.982ms
[28.259s][info][gc          ] Allocation Stall (pool-1-thread-4) 4.419ms
[28.259s][info][gc          ] Allocation Stall (pool-1-thread-1) 5.133ms
[28.269s][info][gc          ] Allocation Stall (pool-1-thread-2) 2.937ms
[28.271s][info][gc          ] Allocation Stall (pool-1-thread-3) 4.236ms
[28.271s][info][gc          ] Allocation Stall (pool-1-thread-1) 4.553ms
[28.271s][info][gc          ] Allocation Stall (pool-1-thread-4) 4.917ms
[28.288s][info][gc          ] Allocation Stall (pool-1-thread-3) 1.826ms
[28.289s][info][gc          ] Allocation Stall (pool-1-thread-1) 3.534ms
[28.290s][info][gc          ] Allocation Stall (pool-1-thread-2) 3.852ms
[28.290s][info][gc          ] Allocation Stall (pool-1-thread-4) 4.160ms
[28.301s][info][gc          ] Allocation Stall (pool-1-thread-4) 3.877ms
[28.302s][info][gc          ] Allocation Stall (pool-1-thread-2) 4.909ms
[28.303s][info][gc          ] Allocation Stall (pool-1-thread-3) 5.052ms
[28.303s][info][gc          ] Allocation Stall (pool-1-thread-1) 5.099ms
[28.314s][info][gc          ] Allocation Stall (pool-1-thread-1) 4.220ms
[28.315s][info][gc          ] Allocation Stall (pool-1-thread-3) 4.360ms
[28.315s][info][gc          ] Allocation Stall (pool-1-thread-2) 4.362ms
[28.315s][info][gc          ] Allocation Stall (pool-1-thread-4) 4.527ms
[28.335s][info][gc          ] Allocation Stall (pool-1-thread-2) 3.624ms
[28.335s][info][gc          ] Allocation Stall (pool-1-thread-1) 4.447ms
[28.336s][info][gc          ] Allocation Stall (pool-1-thread-4) 5.199ms
[28.336s][info][gc          ] Allocation Stall (pool-1-thread-3) 5.133ms
[28.366s][info][gc          ] Allocation Stall (pool-1-thread-4) 1.453ms
[28.373s][info][gc          ] Allocation Stall (pool-1-thread-3) 8.106ms
[28.374s][info][gc,phases   ] GC(160) Concurrent Relocate 139.112ms
[28.374s][info][gc,load     ] GC(160) Load: 2.46/0.83/0.35
[28.374s][info][gc,mmu      ] GC(160) MMU: 2ms/94.8%, 5ms/97.9%, 10ms/98.8%, 20ms/99.4%, 50ms/99.8%, 100ms/99.9%
[28.374s][info][gc,marking  ] GC(160) Mark: 2 stripe(s), 2 proactive flush(es), 1 terminate flush(es), 0 completion(s), 0 continuation(s) 
[28.374s][info][gc,marking  ] GC(160) Mark Stack Usage: 32M
[28.374s][info][gc,nmethod  ] GC(160) NMethods: 437 registered, 0 unregistered
[28.374s][info][gc,metaspace] GC(160) Metaspace: 6M used, 6M committed, 1088M reserved
[28.374s][info][gc,ref      ] GC(160) Soft: 34 encountered, 15 discovered, 0 enqueued
[28.374s][info][gc,ref      ] GC(160) Weak: 179 encountered, 53 discovered, 0 enqueued
[28.374s][info][gc,ref      ] GC(160) Final: 0 encountered, 0 discovered, 0 enqueued
[28.374s][info][gc,ref      ] GC(160) Phantom: 3 encountered, 2 discovered, 0 enqueued
[28.374s][info][gc,reloc    ] GC(160) Small Pages: 152 / 304M, Empty: 0M, Relocated: 96M, In-Place: 1
[28.374s][info][gc,reloc    ] GC(160) Medium Pages: 22 / 704M, Empty: 0M, Relocated: 247M, In-Place: 6
[28.374s][info][gc,reloc    ] GC(160) Large Pages: 0 / 0M, Empty: 0M, Relocated: 0M, In-Place: 0
[28.374s][info][gc,reloc    ] GC(160) Forwarding Usage: 0M
[28.374s][info][gc,heap     ] GC(160) Min Capacity: 1024M(100%)
[28.374s][info][gc,heap     ] GC(160) Max Capacity: 1024M(100%)
[28.374s][info][gc,heap     ] GC(160) Soft Max Capacity: 1024M(100%)
[28.374s][info][gc,heap     ] GC(160)                Mark Start          Mark End        Relocate Start      Relocate End           High               Low         
[28.374s][info][gc,heap     ] GC(160)  Capacity:     1024M (100%)       1024M (100%)       1024M (100%)       1024M (100%)       1024M (100%)       1024M (100%)   
[28.374s][info][gc,heap     ] GC(160)      Free:       16M (2%)           16M (2%)           16M (2%)            6M (1%)           92M (9%)            0M (0%)     
[28.374s][info][gc,heap     ] GC(160)      Used:     1008M (98%)        1008M (98%)        1008M (98%)        1018M (99%)        1024M (100%)        932M (91%)    
[28.374s][info][gc,heap     ] GC(160)      Live:         -               348M (34%)         348M (34%)         348M (34%)            -                  -          
[28.374s][info][gc,heap     ] GC(160) Allocated:         -                 0M (0%)            0M (0%)          653M (64%)            -                  -          
[28.374s][info][gc,heap     ] GC(160)   Garbage:         -               659M (64%)         659M (64%)          15M (2%)             -                  -          
[28.374s][info][gc,heap     ] GC(160) Reclaimed:         -                  -                 0M (0%)          643M (63%)            -                  -          
[28.374s][info][gc          ] GC(160) Garbage Collection (Allocation Stall) 1008M(98%)->1018M(99%)
[28.374s][info][gc,start    ] GC(161) Garbage Collection (Allocation Stall)
[28.374s][info][gc,ref      ] GC(161) Clearing All SoftReferences
[28.374s][info][gc,task     ] GC(161) Using 3 workers
[28.374s][info][gc          ] Allocation Stall (pool-1-thread-1) 9.408ms
[28.376s][info][gc,phases   ] GC(161) Pause Mark Start 0.011ms
[28.385s][info][gc,phases   ] GC(161) Concurrent Mark 8.591ms
[28.385s][info][gc,phases   ] GC(161) Pause Mark End 0.020ms
[28.385s][info][gc,phases   ] GC(161) Concurrent Mark Free 0.002ms
[28.386s][info][gc,phases   ] GC(161) Concurrent Process Non-Strong References 0.566ms
[28.386s][info][gc,phases   ] GC(161) Concurrent Reset Relocation Set 0.009ms
[28.387s][info][gc,phases   ] GC(161) Concurrent Select Relocation Set 1.304ms
[28.387s][info][gc,phases   ] GC(161) Pause Relocate Start 0.006ms
[28.391s][info][gc          ] Allocation Stall (pool-1-thread-4) 8.190ms
[28.391s][info][gc          ] Allocation Stall (pool-1-thread-3) 8.329ms
[28.392s][info][gc          ] Allocation Stall (pool-1-thread-1) 8.442ms
[28.392s][info][gc          ] Allocation Stall (pool-1-thread-2) 8.515ms
[28.420s][info][gc          ] Allocation Stall (pool-1-thread-2) 1.615ms
[28.422s][info][gc          ] Allocation Stall (pool-1-thread-4) 3.209ms
[28.423s][info][gc          ] Allocation Stall (pool-1-thread-1) 3.945ms
[28.423s][info][gc          ] Allocation Stall (pool-1-thread-3) 4.226ms
[28.436s][info][gc          ] Allocation Stall (pool-1-thread-1) 0.411ms
[28.436s][info][gc          ] Allocation Stall (pool-1-thread-3) 0.637ms
[28.436s][info][gc          ] Allocation Stall (pool-1-thread-2) 2.715ms
[28.436s][info][gc          ] Allocation Stall (pool-1-thread-4) 0.911ms
[28.442s][info][gc          ] Allocation Stall (pool-1-thread-3) 3.825ms
[28.450s][info][gc          ] Allocation Stall (pool-1-thread-2) 11.827ms
[28.450s][info][gc          ] Allocation Stall (pool-1-thread-1) 12.131ms
[28.450s][info][gc          ] Allocation Stall (pool-1-thread-4) 12.137ms
[28.464s][info][gc          ] Allocation Stall (pool-1-thread-1) 3.853ms
[28.467s][info][gc          ] Allocation Stall (pool-1-thread-4) 6.668ms
[28.467s][info][gc          ] Allocation Stall (pool-1-thread-2) 6.937ms
[28.468s][info][gc          ] Allocation Stall (pool-1-thread-3) 7.042ms
[28.468s][info][gc          ] Allocation Stall (pool-1-thread-4) 0.255ms
[28.468s][info][gc          ] Allocation Stall (pool-1-thread-1) 1.704ms
[28.478s][info][gc          ] Allocation Stall (pool-1-thread-3) 4.426ms
[28.479s][info][gc          ] Allocation Stall (pool-1-thread-2) 5.387ms
[28.482s][info][gc          ] Allocation Stall (pool-1-thread-4) 7.625ms
[28.482s][info][gc          ] Allocation Stall (pool-1-thread-1) 7.959ms
[28.513s][info][gc          ] Allocation Stall (pool-1-thread-2) 1.539ms
[28.513s][info][gc          ] Allocation Stall (pool-1-thread-4) 1.028ms
[28.522s][info][gc,phases   ] GC(161) Concurrent Relocate 134.411ms
[28.522s][info][gc,load     ] GC(161) Load: 2.46/0.83/0.35
[28.522s][info][gc,mmu      ] GC(161) MMU: 2ms/94.8%, 5ms/97.9%, 10ms/98.8%, 20ms/99.4%, 50ms/99.8%, 100ms/99.9%
[28.522s][info][gc,marking  ] GC(161) Mark: 2 stripe(s), 4 proactive flush(es), 1 terminate flush(es), 0 completion(s), 0 continuation(s) 
[28.522s][info][gc,marking  ] GC(161) Mark Stack Usage: 32M
[28.522s][info][gc,nmethod  ] GC(161) NMethods: 437 registered, 0 unregistered
[28.522s][info][gc,metaspace] GC(161) Metaspace: 6M used, 6M committed, 1088M reserved
[28.522s][info][gc,ref      ] GC(161) Soft: 34 encountered, 11 discovered, 0 enqueued
[28.522s][info][gc,ref      ] GC(161) Weak: 179 encountered, 58 discovered, 0 enqueued
[28.522s][info][gc,ref      ] GC(161) Final: 0 encountered, 0 discovered, 0 enqueued
[28.522s][info][gc,ref      ] GC(161) Phantom: 3 encountered, 2 discovered, 0 enqueued
[28.522s][info][gc,reloc    ] GC(161) Small Pages: 141 / 282M, Empty: 0M, Relocated: 95M, In-Place: 0
[28.522s][info][gc,reloc    ] GC(161) Medium Pages: 21 / 672M, Empty: 0M, Relocated: 219M, In-Place: 4
[28.522s][info][gc,reloc    ] GC(161) Large Pages: 0 / 0M, Empty: 0M, Relocated: 0M, In-Place: 0
[28.522s][info][gc,reloc    ] GC(161) Forwarding Usage: 0M
[28.522s][info][gc,heap     ] GC(161) Min Capacity: 1024M(100%)
[28.522s][info][gc,heap     ] GC(161) Max Capacity: 1024M(100%)
[28.522s][info][gc,heap     ] GC(161) Soft Max Capacity: 1024M(100%)
[28.522s][info][gc,heap     ] GC(161)                Mark Start          Mark End        Relocate Start      Relocate End           High               Low         
[28.522s][info][gc,heap     ] GC(161)  Capacity:     1024M (100%)       1024M (100%)       1024M (100%)       1024M (100%)       1024M (100%)       1024M (100%)   
[28.522s][info][gc,heap     ] GC(161)      Free:       70M (7%)           24M (2%)           24M (2%)           90M (9%)           92M (9%)            0M (0%)     
[28.522s][info][gc,heap     ] GC(161)      Used:      954M (93%)        1000M (98%)        1000M (98%)         934M (91%)        1024M (100%)        932M (91%)    
[28.522s][info][gc,heap     ] GC(161)      Live:         -               333M (33%)         333M (33%)         333M (33%)            -                  -          
[28.522s][info][gc,heap     ] GC(161) Allocated:         -                46M (4%)           46M (4%)          573M (56%)            -                  -          
[28.522s][info][gc,heap     ] GC(161)   Garbage:         -               620M (61%)         620M (61%)          26M (3%)             -                  -          
[28.522s][info][gc,heap     ] GC(161) Reclaimed:         -                  -                 0M (0%)          593M (58%)            -                  -          
[28.522s][info][gc          ] GC(161) Garbage Collection (Allocation Stall) 954M(93%)->934M(91%)
[28.535s][info][gc,start    ] GC(162) Garbage Collection (Allocation Stall)
[28.535s][info][gc,ref      ] GC(162) Clearing All SoftReferences
[28.535s][info][gc,task     ] GC(162) Using 3 workers
[28.537s][info][gc,phases   ] GC(162) Pause Mark Start 0.119ms
[28.543s][info][gc,phases   ] GC(162) Concurrent Mark 6.499ms
[28.543s][info][gc,phases   ] GC(162) Pause Mark End 0.012ms
[28.544s][info][gc,phases   ] GC(162) Concurrent Mark Free 0.001ms
[28.544s][info][gc,phases   ] GC(162) Concurrent Process Non-Strong References 0.620ms
[28.544s][info][gc,phases   ] GC(162) Concurrent Reset Relocation Set 0.009ms
[28.546s][info][gc,phases   ] GC(162) Concurrent Select Relocation Set 1.729ms
[28.546s][info][gc,phases   ] GC(162) Pause Relocate Start 0.009ms
[28.592s][info][gc          ] Relocation Stall (main) 45.588ms
[28.593s][info][gc          ] Relocation Stall (pool-1-thread-2) 41.545ms
[28.593s][info][gc          ] Allocation Stall (pool-1-thread-2) 57.881ms
[28.593s][info][gc          ] Relocation Stall (pool-1-thread-4) 34.878ms
[28.594s][info][gc          ] Allocation Stall (pool-1-thread-4) 56.176ms
[28.604s][info][gc          ] Relocation Stall (pool-1-thread-1) 50.856ms
[28.604s][info][gc          ] Allocation Stall (pool-1-thread-1) 69.121ms
[28.607s][info][gc          ] Relocation Stall (pool-1-thread-3) 55.356ms
[28.608s][info][gc          ] Allocation Stall (pool-1-thread-3) 72.752ms
[28.658s][info][gc,phases   ] GC(162) Concurrent Relocate 112.014ms
[28.659s][info][gc,load     ] GC(162) Load: 2.46/0.83/0.35
[28.659s][info][gc,mmu      ] GC(162) MMU: 2ms/94.0%, 5ms/97.6%, 10ms/98.6%, 20ms/99.3%, 50ms/99.7%, 100ms/99.9%
[28.659s][info][gc,marking  ] GC(162) Mark: 2 stripe(s), 5 proactive flush(es), 1 terminate flush(es), 0 completion(s), 0 continuation(s) 
[28.659s][info][gc,marking  ] GC(162) Mark Stack Usage: 32M
[28.659s][info][gc,nmethod  ] GC(162) NMethods: 437 registered, 0 unregistered
[28.659s][info][gc,metaspace] GC(162) Metaspace: 6M used, 6M committed, 1088M reserved
[28.659s][info][gc,ref      ] GC(162) Soft: 34 encountered, 10 discovered, 0 enqueued
[28.659s][info][gc,ref      ] GC(162) Weak: 179 encountered, 22 discovered, 0 enqueued
[28.659s][info][gc,ref      ] GC(162) Final: 0 encountered, 0 discovered, 0 enqueued
[28.659s][info][gc,ref      ] GC(162) Phantom: 3 encountered, 1 discovered, 0 enqueued
[28.659s][info][gc,reloc    ] GC(162) Small Pages: 144 / 288M, Empty: 0M, Relocated: 92M, In-Place: 0
[28.659s][info][gc,reloc    ] GC(162) Medium Pages: 23 / 736M, Empty: 0M, Relocated: 248M, In-Place: 2
[28.659s][info][gc,reloc    ] GC(162) Large Pages: 0 / 0M, Empty: 0M, Relocated: 0M, In-Place: 0
[28.659s][info][gc,reloc    ] GC(162) Forwarding Usage: 0M
[28.659s][info][gc,heap     ] GC(162) Min Capacity: 1024M(100%)
[28.659s][info][gc,heap     ] GC(162) Max Capacity: 1024M(100%)
[28.659s][info][gc,heap     ] GC(162) Soft Max Capacity: 1024M(100%)
[28.659s][info][gc,heap     ] GC(162)                Mark Start          Mark End        Relocate Start      Relocate End           High               Low         
[28.659s][info][gc,heap     ] GC(162)  Capacity:     1024M (100%)       1024M (100%)       1024M (100%)       1024M (100%)       1024M (100%)       1024M (100%)   
[28.659s][info][gc,heap     ] GC(162)      Free:        0M (0%)            0M (0%)            0M (0%)          342M (33%)         492M (48%)           0M (0%)     
[28.659s][info][gc,heap     ] GC(162)      Used:     1024M (100%)       1024M (100%)       1024M (100%)        682M (67%)        1024M (100%)        532M (52%)    
[28.659s][info][gc,heap     ] GC(162)      Live:         -               349M (34%)         349M (34%)         349M (34%)            -                  -          
[28.659s][info][gc,heap     ] GC(162) Allocated:         -                 0M (0%)            0M (0%)          315M (31%)            -                  -          
[28.659s][info][gc,heap     ] GC(162)   Garbage:         -               674M (66%)         674M (66%)          16M (2%)             -                  -          
[28.659s][info][gc,heap     ] GC(162) Reclaimed:         -                  -                 0M (0%)          657M (64%)            -                  -          
[28.659s][info][gc          ] GC(162) Garbage Collection (Allocation Stall) 1024M(100%)->682M(67%)
[28.665s][info][gc,start    ] GC(163) Garbage Collection (Allocation Stall)
[28.665s][info][gc,ref      ] GC(163) Clearing All SoftReferences
[28.665s][info][gc,task     ] GC(163) Using 3 workers
[28.665s][info][gc,phases   ] GC(163) Pause Mark Start 0.025ms
[28.676s][info][gc,phases   ] GC(163) Concurrent Mark 10.335ms
[28.676s][info][gc,phases   ] GC(163) Pause Mark End 0.024ms
[28.676s][info][gc,phases   ] GC(163) Concurrent Mark Free 0.002ms
[28.677s][info][gc,phases   ] GC(163) Concurrent Process Non-Strong References 0.997ms
[28.678s][info][gc,phases   ] GC(163) Concurrent Reset Relocation Set 0.025ms
[28.688s][info][gc,phases   ] GC(163) Concurrent Select Relocation Set 10.113ms
[28.688s][info][gc,phases   ] GC(163) Pause Relocate Start 0.021ms
[28.747s][info][gc          ] Allocation Stall (pool-1-thread-3) 6.413ms
[28.752s][info][gc          ] Allocation Stall (pool-1-thread-4) 11.515ms
[28.753s][info][gc          ] Allocation Stall (pool-1-thread-2) 11.488ms
[28.753s][info][gc          ] Allocation Stall (pool-1-thread-1) 11.403ms
[28.775s][info][gc          ] Allocation Stall (pool-1-thread-4) 10.396ms
[28.775s][info][gc          ] Allocation Stall (pool-1-thread-2) 12.365ms
[28.775s][info][gc          ] Allocation Stall (pool-1-thread-3) 11.057ms
[28.775s][info][gc          ] Allocation Stall (pool-1-thread-1) 13.064ms
[28.783s][info][gc          ] Allocation Stall (pool-1-thread-1) 6.722ms
[28.785s][info][gc          ] Allocation Stall (pool-1-thread-2) 8.724ms
[28.786s][info][gc          ] Allocation Stall (pool-1-thread-4) 9.546ms
[28.787s][info][gc          ] Allocation Stall (pool-1-thread-3) 9.916ms
[28.824s][info][gc,phases   ] GC(163) Concurrent Relocate 135.792ms
[28.824s][info][gc,load     ] GC(163) Load: 2.46/0.83/0.35
[28.824s][info][gc,mmu      ] GC(163) MMU: 2ms/94.0%, 5ms/97.6%, 10ms/98.6%, 20ms/99.3%, 50ms/99.7%, 100ms/99.9%
[28.824s][info][gc,marking  ] GC(163) Mark: 2 stripe(s), 4 proactive flush(es), 1 terminate flush(es), 0 completion(s), 0 continuation(s) 
[28.824s][info][gc,marking  ] GC(163) Mark Stack Usage: 32M
[28.824s][info][gc,nmethod  ] GC(163) NMethods: 437 registered, 0 unregistered
[28.824s][info][gc,metaspace] GC(163) Metaspace: 6M used, 6M committed, 1088M reserved
[28.824s][info][gc,ref      ] GC(163) Soft: 34 encountered, 10 discovered, 0 enqueued
[28.824s][info][gc,ref      ] GC(163) Weak: 179 encountered, 9 discovered, 0 enqueued
[28.824s][info][gc,ref      ] GC(163) Final: 0 encountered, 0 discovered, 0 enqueued
[28.824s][info][gc,ref      ] GC(163) Phantom: 3 encountered, 2 discovered, 0 enqueued
[28.824s][info][gc,reloc    ] GC(163) Small Pages: 106 / 212M, Empty: 0M, Relocated: 75M, In-Place: 1
[28.824s][info][gc,reloc    ] GC(163) Medium Pages: 16 / 512M, Empty: 0M, Relocated: 222M, In-Place: 4
[28.824s][info][gc,reloc    ] GC(163) Large Pages: 0 / 0M, Empty: 0M, Relocated: 0M, In-Place: 0
[28.824s][info][gc,reloc    ] GC(163) Forwarding Usage: 0M
[28.824s][info][gc,heap     ] GC(163) Min Capacity: 1024M(100%)
[28.824s][info][gc,heap     ] GC(163) Max Capacity: 1024M(100%)
[28.824s][info][gc,heap     ] GC(163) Soft Max Capacity: 1024M(100%)
[28.824s][info][gc,heap     ] GC(163)                Mark Start          Mark End        Relocate Start      Relocate End           High               Low         
[28.824s][info][gc,heap     ] GC(163)  Capacity:     1024M (100%)       1024M (100%)       1024M (100%)       1024M (100%)       1024M (100%)       1024M (100%)   
[28.824s][info][gc,heap     ] GC(163)      Free:      300M (29%)         210M (21%)         126M (12%)          26M (3%)          300M (29%)           0M (0%)     
[28.824s][info][gc,heap     ] GC(163)      Used:      724M (71%)         814M (79%)         898M (88%)         998M (97%)        1024M (100%)        724M (71%)    
[28.824s][info][gc,heap     ] GC(163)      Live:         -               341M (33%)         341M (33%)         341M (33%)            -                  -          
[28.824s][info][gc,heap     ] GC(163) Allocated:         -                90M (9%)          174M (17%)         633M (62%)            -                  -          
[28.824s][info][gc,heap     ] GC(163)   Garbage:         -               382M (37%)         382M (37%)          22M (2%)             -                  -          
[28.824s][info][gc,heap     ] GC(163) Reclaimed:         -                  -                 0M (0%)          359M (35%)            -                  -          
[28.824s][info][gc          ] GC(163) Garbage Collection (Allocation Stall) 724M(71%)->998M(97%)
[28.825s][info][gc,start    ] GC(164) Garbage Collection (Allocation Stall)
[28.825s][info][gc,ref      ] GC(164) Clearing All SoftReferences
[28.825s][info][gc,task     ] GC(164) Using 3 workers
[28.825s][info][gc,phases   ] GC(164) Pause Mark Start 0.015ms
[28.830s][info][gc,phases   ] GC(164) Concurrent Mark 4.616ms
[28.830s][info][gc,phases   ] GC(164) Pause Mark End 0.050ms
[28.830s][info][gc,phases   ] GC(164) Concurrent Mark Free 0.003ms
[28.831s][info][gc,phases   ] GC(164) Concurrent Process Non-Strong References 1.355ms
[28.832s][info][gc,phases   ] GC(164) Concurrent Reset Relocation Set 0.010ms
[28.835s][info][gc,phases   ] GC(164) Concurrent Select Relocation Set 3.117ms
[28.835s][info][gc,phases   ] GC(164) Pause Relocate Start 0.012ms
[28.839s][info][gc          ] Allocation Stall (pool-1-thread-2) 21.155ms
[28.840s][info][gc          ] Allocation Stall (pool-1-thread-1) 22.293ms
[28.840s][info][gc          ] Allocation Stall (pool-1-thread-3) 22.310ms
[28.841s][info][gc          ] Allocation Stall (pool-1-thread-4) 15.546ms
[28.856s][info][gc          ] Allocation Stall (pool-1-thread-4) 2.033ms
[28.870s][info][gc          ] Allocation Stall (pool-1-thread-1) 1.959ms
[28.872s][info][gc          ] Allocation Stall (pool-1-thread-4) 3.414ms
[28.872s][info][gc          ] Allocation Stall (pool-1-thread-3) 3.779ms
[28.873s][info][gc          ] Allocation Stall (pool-1-thread-2) 3.080ms
[28.886s][info][gc          ] Allocation Stall (pool-1-thread-2) 1.244ms
[28.899s][info][gc          ] Allocation Stall (pool-1-thread-1) 1.461ms
[28.900s][info][gc          ] Allocation Stall (pool-1-thread-4) 2.518ms
[28.901s][info][gc          ] Allocation Stall (pool-1-thread-2) 2.410ms
[28.901s][info][gc          ] Allocation Stall (pool-1-thread-3) 1.719ms
[28.919s][info][gc          ] Allocation Stall (pool-1-thread-2) 3.446ms
[28.921s][info][gc          ] Allocation Stall (pool-1-thread-4) 3.907ms
[28.923s][info][gc          ] Allocation Stall (pool-1-thread-1) 3.722ms
[28.928s][info][gc          ] Allocation Stall (pool-1-thread-4) 3.598ms
[28.934s][info][gc          ] Allocation Stall (pool-1-thread-3) 9.942ms
[28.935s][info][gc          ] Allocation Stall (pool-1-thread-1) 10.153ms
[28.935s][info][gc          ] Allocation Stall (pool-1-thread-2) 7.591ms
[28.945s][info][gc          ] Allocation Stall (pool-1-thread-4) 2.308ms
[28.948s][info][gc          ] Allocation Stall (pool-1-thread-2) 5.287ms
[28.948s][info][gc          ] Allocation Stall (pool-1-thread-3) 5.641ms
[28.948s][info][gc          ] Allocation Stall (pool-1-thread-1) 5.962ms
[28.980s][info][gc          ] Allocation Stall (pool-1-thread-3) 1.349ms
[28.985s][info][gc          ] Allocation Stall (pool-1-thread-4) 5.387ms
[28.992s][info][gc,phases   ] GC(164) Concurrent Relocate 157.341ms
[28.992s][info][gc,load     ] GC(164) Load: 2.46/0.83/0.35
[28.992s][info][gc,mmu      ] GC(164) MMU: 2ms/94.0%, 5ms/97.6%, 10ms/98.6%, 20ms/99.3%, 50ms/99.7%, 100ms/99.9%
[28.992s][info][gc,marking  ] GC(164) Mark: 2 stripe(s), 2 proactive flush(es), 1 terminate flush(es), 0 completion(s), 0 continuation(s) 
[28.992s][info][gc,marking  ] GC(164) Mark Stack Usage: 32M
[28.993s][info][gc,nmethod  ] GC(164) NMethods: 437 registered, 0 unregistered
[28.993s][info][gc,metaspace] GC(164) Metaspace: 6M used, 6M committed, 1088M reserved
[28.993s][info][gc,ref      ] GC(164) Soft: 34 encountered, 7 discovered, 0 enqueued
[28.993s][info][gc,ref      ] GC(164) Weak: 179 encountered, 9 discovered, 0 enqueued
[28.993s][info][gc,ref      ] GC(164) Final: 0 encountered, 0 discovered, 0 enqueued
[28.993s][info][gc,ref      ] GC(164) Phantom: 3 encountered, 2 discovered, 0 enqueued
[28.993s][info][gc,reloc    ] GC(164) Small Pages: 147 / 294M, Empty: 2M, Relocated: 97M, In-Place: 1
[28.993s][info][gc,reloc    ] GC(164) Medium Pages: 22 / 704M, Empty: 0M, Relocated: 249M, In-Place: 1
[28.993s][info][gc,reloc    ] GC(164) Large Pages: 0 / 0M, Empty: 0M, Relocated: 0M, In-Place: 0
[28.993s][info][gc,reloc    ] GC(164) Forwarding Usage: 0M
[28.993s][info][gc,heap     ] GC(164) Min Capacity: 1024M(100%)
[28.993s][info][gc,heap     ] GC(164) Max Capacity: 1024M(100%)
[28.993s][info][gc,heap     ] GC(164) Soft Max Capacity: 1024M(100%)
[28.993s][info][gc,heap     ] GC(164)                Mark Start          Mark End        Relocate Start      Relocate End           High               Low         
[28.993s][info][gc,heap     ] GC(164)  Capacity:     1024M (100%)       1024M (100%)       1024M (100%)       1024M (100%)       1024M (100%)       1024M (100%)   
[28.993s][info][gc,heap     ] GC(164)      Free:       26M (3%)           24M (2%)           26M (3%)          114M (11%)         128M (12%)           0M (0%)     
[28.993s][info][gc,heap     ] GC(164)      Used:      998M (97%)        1000M (98%)         998M (97%)         910M (89%)        1024M (100%)        896M (88%)    
[28.993s][info][gc,heap     ] GC(164)      Live:         -               349M (34%)         349M (34%)         349M (34%)            -                  -          
[28.993s][info][gc,heap     ] GC(164) Allocated:         -                 2M (0%)            2M (0%)          545M (53%)            -                  -          
[28.993s][info][gc,heap     ] GC(164)   Garbage:         -               648M (63%)         646M (63%)          14M (1%)             -                  -          
[28.993s][info][gc,heap     ] GC(164) Reclaimed:         -                  -                 2M (0%)          633M (62%)            -                  -          
[28.993s][info][gc          ] GC(164) Garbage Collection (Allocation Stall) 998M(97%)->910M(89%)
[29.010s][info][gc,start    ] GC(165) Garbage Collection (Allocation Stall)
[29.010s][info][gc,ref      ] GC(165) Clearing All SoftReferences
[29.010s][info][gc,task     ] GC(165) Using 3 workers
[29.011s][info][gc,phases   ] GC(165) Pause Mark Start 0.012ms
[29.016s][info][gc,phases   ] GC(165) Concurrent Mark 5.170ms
[29.016s][info][gc,phases   ] GC(165) Pause Mark End 0.016ms
[29.016s][info][gc,phases   ] GC(165) Concurrent Mark Free 0.001ms
[29.017s][info][gc,phases   ] GC(165) Concurrent Process Non-Strong References 0.830ms
[29.017s][info][gc,phases   ] GC(165) Concurrent Reset Relocation Set 0.034ms
[29.019s][info][gc,phases   ] GC(165) Concurrent Select Relocation Set 1.467ms
[29.019s][info][gc,phases   ] GC(165) Pause Relocate Start 0.006ms
[29.021s][info][gc          ] Allocation Stall (pool-1-thread-3) 10.942ms
[29.025s][info][gc          ] Allocation Stall (pool-1-thread-4) 13.773ms
[29.025s][info][gc          ] Allocation Stall (pool-1-thread-2) 14.007ms
[29.025s][info][gc          ] Allocation Stall (pool-1-thread-1) 14.002ms
[29.063s][info][gc          ] Allocation Stall (pool-1-thread-1) 0.546ms
[29.063s][info][gc          ] Allocation Stall (pool-1-thread-2) 0.628ms
[29.063s][info][gc          ] Allocation Stall (pool-1-thread-3) 2.485ms
[29.063s][info][gc          ] Allocation Stall (pool-1-thread-4) 1.087ms
[29.063s][info][gc          ] Allocation Stall (pool-1-thread-1) 0.146ms
[29.075s][info][gc          ] Allocation Stall (pool-1-thread-4) 3.815ms
[29.087s][info][gc          ] Allocation Stall (pool-1-thread-2) 15.254ms
[29.087s][info][gc          ] Allocation Stall (pool-1-thread-3) 15.192ms
[29.088s][info][gc          ] Allocation Stall (pool-1-thread-1) 15.840ms
[29.107s][info][gc          ] Allocation Stall (pool-1-thread-3) 5.801ms
[29.107s][info][gc          ] Allocation Stall (pool-1-thread-1) 6.106ms
[29.107s][info][gc          ] Allocation Stall (pool-1-thread-4) 6.247ms
[29.108s][info][gc          ] Allocation Stall (pool-1-thread-2) 6.604ms
[29.116s][info][gc          ] Allocation Stall (pool-1-thread-3) 1.437ms
[29.126s][info][gc          ] Allocation Stall (pool-1-thread-1) 11.346ms
[29.127s][info][gc          ] Allocation Stall (pool-1-thread-2) 11.674ms
[29.127s][info][gc          ] Allocation Stall (pool-1-thread-4) 11.635ms
[29.169s][info][gc          ] Allocation Stall (pool-1-thread-4) 0.016ms
[29.172s][info][gc,phases   ] GC(165) Concurrent Relocate 152.598ms
[29.172s][info][gc,load     ] GC(165) Load: 2.46/0.83/0.35
[29.172s][info][gc,mmu      ] GC(165) MMU: 2ms/94.0%, 5ms/97.6%, 10ms/98.6%, 20ms/99.3%, 50ms/99.7%, 100ms/99.9%
[29.172s][info][gc,marking  ] GC(165) Mark: 2 stripe(s), 2 proactive flush(es), 1 terminate flush(es), 0 completion(s), 0 continuation(s) 
[29.172s][info][gc,marking  ] GC(165) Mark Stack Usage: 32M
[29.172s][info][gc,nmethod  ] GC(165) NMethods: 437 registered, 0 unregistered
[29.172s][info][gc,metaspace] GC(165) Metaspace: 6M used, 6M committed, 1088M reserved
[29.172s][info][gc,ref      ] GC(165) Soft: 34 encountered, 15 discovered, 0 enqueued
[29.172s][info][gc,ref      ] GC(165) Weak: 179 encountered, 98 discovered, 0 enqueued
[29.172s][info][gc,ref      ] GC(165) Final: 0 encountered, 0 discovered, 0 enqueued
[29.172s][info][gc,ref      ] GC(165) Phantom: 3 encountered, 1 discovered, 0 enqueued
[29.172s][info][gc,reloc    ] GC(165) Small Pages: 148 / 296M, Empty: 0M, Relocated: 97M, In-Place: 3
[29.172s][info][gc,reloc    ] GC(165) Medium Pages: 22 / 704M, Empty: 0M, Relocated: 242M, In-Place: 4
[29.172s][info][gc,reloc    ] GC(165) Large Pages: 0 / 0M, Empty: 0M, Relocated: 0M, In-Place: 0
[29.172s][info][gc,reloc    ] GC(165) Forwarding Usage: 0M
[29.172s][info][gc,heap     ] GC(165) Min Capacity: 1024M(100%)
[29.172s][info][gc,heap     ] GC(165) Max Capacity: 1024M(100%)
[29.172s][info][gc,heap     ] GC(165) Soft Max Capacity: 1024M(100%)
[29.172s][info][gc,heap     ] GC(165)                Mark Start          Mark End        Relocate Start      Relocate End           High               Low         
[29.172s][info][gc,heap     ] GC(165)  Capacity:     1024M (100%)       1024M (100%)       1024M (100%)       1024M (100%)       1024M (100%)       1024M (100%)   
[29.172s][info][gc,heap     ] GC(165)      Free:       24M (2%)           20M (2%)           20M (2%)           10M (1%)          136M (13%)           0M (0%)     
[29.172s][info][gc,heap     ] GC(165)      Used:     1000M (98%)        1004M (98%)        1004M (98%)        1014M (99%)        1024M (100%)        888M (87%)    
[29.172s][info][gc,heap     ] GC(165)      Live:         -               345M (34%)         345M (34%)         345M (34%)            -                  -          
[29.172s][info][gc,heap     ] GC(165) Allocated:         -                 4M (0%)            4M (0%)          645M (63%)            -                  -          
[29.172s][info][gc,heap     ] GC(165)   Garbage:         -               654M (64%)         654M (64%)          22M (2%)             -                  -          
[29.172s][info][gc,heap     ] GC(165) Reclaimed:         -                  -                 0M (0%)          631M (62%)            -                  -          
[29.172s][info][gc          ] GC(165) Garbage Collection (Allocation Stall) 1000M(98%)->1014M(99%)
[29.172s][info][gc,start    ] GC(166) Garbage Collection (Allocation Stall)
[29.172s][info][gc,ref      ] GC(166) Clearing All SoftReferences
[29.172s][info][gc,task     ] GC(166) Using 3 workers
[29.173s][info][gc,phases   ] GC(166) Pause Mark Start 0.009ms
[29.173s][info][gc          ] Allocation Stall (pool-1-thread-1) 4.343ms
[29.191s][info][gc,phases   ] GC(166) Concurrent Mark 17.946ms
[29.191s][info][gc,phases   ] GC(166) Pause Mark End 0.011ms
[29.191s][info][gc,phases   ] GC(166) Concurrent Mark Free 0.001ms
[29.192s][info][gc,phases   ] GC(166) Concurrent Process Non-Strong References 0.681ms
[29.192s][info][gc,phases   ] GC(166) Concurrent Reset Relocation Set 0.010ms
[29.193s][info][gc,phases   ] GC(166) Concurrent Select Relocation Set 1.263ms
[29.194s][info][gc,phases   ] GC(166) Pause Relocate Start 0.004ms
[29.197s][info][gc          ] Allocation Stall (pool-1-thread-1) 5.604ms
[29.198s][info][gc          ] Allocation Stall (pool-1-thread-2) 6.059ms
[29.198s][info][gc          ] Allocation Stall (pool-1-thread-3) 6.322ms
[29.198s][info][gc          ] Allocation Stall (pool-1-thread-4) 6.522ms
[29.238s][info][gc          ] Allocation Stall (pool-1-thread-2) 4.190ms
[29.239s][info][gc          ] Allocation Stall (pool-1-thread-3) 4.663ms
[29.239s][info][gc          ] Allocation Stall (pool-1-thread-4) 4.833ms
[29.239s][info][gc          ] Allocation Stall (pool-1-thread-1) 5.113ms
[29.266s][info][gc          ] Allocation Stall (pool-1-thread-3) 3.121ms
[29.266s][info][gc          ] Allocation Stall (pool-1-thread-1) 7.104ms
[29.266s][info][gc          ] Allocation Stall (pool-1-thread-4) 5.034ms
[29.266s][info][gc          ] Allocation Stall (pool-1-thread-2) 3.398ms
[29.275s][info][gc          ] Allocation Stall (pool-1-thread-2) 2.869ms
[29.276s][info][gc          ] Allocation Stall (pool-1-thread-4) 4.046ms
[29.276s][info][gc          ] Allocation Stall (pool-1-thread-1) 4.088ms
[29.276s][info][gc          ] Allocation Stall (pool-1-thread-3) 4.265ms
[29.314s][info][gc          ] Allocation Stall (pool-1-thread-2) 0.833ms
[29.321s][info][gc          ] Allocation Stall (pool-1-thread-3) 6.835ms
[29.321s][info][gc          ] Allocation Stall (pool-1-thread-4) 7.060ms
[29.325s][info][gc,phases   ] GC(166) Concurrent Relocate 131.536ms
[29.325s][info][gc,load     ] GC(166) Load: 2.46/0.83/0.35
[29.325s][info][gc,mmu      ] GC(166) MMU: 2ms/94.0%, 5ms/97.6%, 10ms/98.6%, 20ms/99.3%, 50ms/99.7%, 100ms/99.9%
[29.325s][info][gc,marking  ] GC(166) Mark: 2 stripe(s), 2 proactive flush(es), 1 terminate flush(es), 0 completion(s), 0 continuation(s) 
[29.325s][info][gc,marking  ] GC(166) Mark Stack Usage: 32M
[29.325s][info][gc,nmethod  ] GC(166) NMethods: 437 registered, 0 unregistered
[29.325s][info][gc,metaspace] GC(166) Metaspace: 6M used, 6M committed, 1088M reserved
[29.325s][info][gc,ref      ] GC(166) Soft: 34 encountered, 10 discovered, 0 enqueued
[29.325s][info][gc,ref      ] GC(166) Weak: 179 encountered, 16 discovered, 0 enqueued
[29.325s][info][gc,ref      ] GC(166) Final: 0 encountered, 0 discovered, 0 enqueued
[29.325s][info][gc,ref      ] GC(166) Phantom: 3 encountered, 1 discovered, 0 enqueued
[29.325s][info][gc,reloc    ] GC(166) Small Pages: 139 / 278M, Empty: 2M, Relocated: 97M, In-Place: 1
[29.325s][info][gc,reloc    ] GC(166) Medium Pages: 21 / 672M, Empty: 0M, Relocated: 220M, In-Place: 3
[29.325s][info][gc,reloc    ] GC(166) Large Pages: 0 / 0M, Empty: 0M, Relocated: 0M, In-Place: 0
[29.325s][info][gc,reloc    ] GC(166) Forwarding Usage: 0M
[29.325s][info][gc,heap     ] GC(166) Min Capacity: 1024M(100%)
[29.325s][info][gc,heap     ] GC(166) Max Capacity: 1024M(100%)
[29.325s][info][gc,heap     ] GC(166) Soft Max Capacity: 1024M(100%)
[29.325s][info][gc,heap     ] GC(166)                Mark Start          Mark End        Relocate Start      Relocate End           High               Low         
[29.325s][info][gc,heap     ] GC(166)  Capacity:     1024M (100%)       1024M (100%)       1024M (100%)       1024M (100%)       1024M (100%)       1024M (100%)   
[29.325s][info][gc,heap     ] GC(166)      Free:       42M (4%)           26M (3%)           26M (3%)           68M (7%)          104M (10%)           0M (0%)     
[29.325s][info][gc,heap     ] GC(166)      Used:      982M (96%)         998M (97%)         998M (97%)         956M (93%)        1024M (100%)        920M (90%)    
[29.325s][info][gc,heap     ] GC(166)      Live:         -               337M (33%)         337M (33%)         337M (33%)            -                  -          
[29.325s][info][gc,heap     ] GC(166) Allocated:         -                16M (2%)           18M (2%)          561M (55%)            -                  -          
[29.325s][info][gc,heap     ] GC(166)   Garbage:         -               644M (63%)         642M (63%)          56M (6%)             -                  -          
[29.325s][info][gc,heap     ] GC(166) Reclaimed:         -                  -                 2M (0%)          587M (57%)            -                  -          
[29.325s][info][gc          ] GC(166) Garbage Collection (Allocation Stall) 982M(96%)->956M(93%)
[29.338s][info][gc,start    ] GC(167) Garbage Collection (Allocation Stall)
[29.338s][info][gc,ref      ] GC(167) Clearing All SoftReferences
[29.338s][info][gc,task     ] GC(167) Using 3 workers
[29.339s][info][gc,phases   ] GC(167) Pause Mark Start 0.015ms
[29.345s][info][gc,phases   ] GC(167) Concurrent Mark 6.108ms
[29.345s][info][gc,phases   ] GC(167) Pause Mark End 0.045ms
[29.346s][info][gc,phases   ] GC(167) Concurrent Mark Free 0.003ms
[29.346s][info][gc,phases   ] GC(167) Concurrent Process Non-Strong References 0.857ms
[29.347s][info][gc,phases   ] GC(167) Concurrent Reset Relocation Set 0.011ms
[29.348s][info][gc,phases   ] GC(167) Concurrent Select Relocation Set 1.403ms
[29.348s][info][gc,phases   ] GC(167) Pause Relocate Start 0.007ms
[29.353s][info][gc          ] Allocation Stall (pool-1-thread-4) 14.860ms
[29.353s][info][gc          ] Allocation Stall (pool-1-thread-2) 15.010ms
[29.354s][info][gc          ] Allocation Stall (pool-1-thread-1) 15.305ms
[29.354s][info][gc          ] Allocation Stall (pool-1-thread-3) 15.455ms
[29.366s][info][gc          ] Allocation Stall (pool-1-thread-1) 1.807ms
[29.366s][info][gc          ] Allocation Stall (pool-1-thread-4) 4.196ms
[29.366s][info][gc          ] Allocation Stall (pool-1-thread-3) 5.791ms
[29.366s][info][gc          ] Allocation Stall (pool-1-thread-2) 2.579ms
[29.382s][info][gc          ] Allocation Stall (pool-1-thread-3) 0.756ms
[29.390s][info][gc          ] Allocation Stall (pool-1-thread-4) 8.771ms
[29.390s][info][gc          ] Allocation Stall (pool-1-thread-2) 9.140ms
[29.390s][info][gc          ] Allocation Stall (pool-1-thread-1) 9.342ms
[29.391s][info][gc          ] Allocation Stall (pool-1-thread-4) 0.287ms
[29.400s][info][gc          ] Allocation Stall (pool-1-thread-1) 5.123ms
[29.405s][info][gc          ] Allocation Stall (pool-1-thread-4) 9.496ms
[29.405s][info][gc          ] Allocation Stall (pool-1-thread-2) 10.008ms
[29.406s][info][gc          ] Allocation Stall (pool-1-thread-3) 11.002ms
[29.423s][info][gc          ] Allocation Stall (pool-1-thread-4) 2.610ms
[29.428s][info][gc          ] Allocation Stall (pool-1-thread-2) 4.103ms
[29.445s][info][gc          ] Allocation Stall (pool-1-thread-3) 21.830ms
[29.445s][info][gc          ] Allocation Stall (pool-1-thread-1) 22.022ms
[29.446s][info][gc          ] Allocation Stall (pool-1-thread-4) 21.749ms
[29.446s][info][gc          ] Allocation Stall (pool-1-thread-2) 1.525ms
[29.459s][info][gc          ] Allocation Stall (pool-1-thread-4) 5.704ms
[29.465s][info][gc          ] Allocation Stall (pool-1-thread-3) 11.669ms
[29.466s][info][gc          ] Allocation Stall (pool-1-thread-1) 11.989ms
[29.466s][info][gc          ] Allocation Stall (pool-1-thread-4) 4.206ms
[29.466s][info][gc          ] Allocation Stall (pool-1-thread-2) 12.153ms
[29.490s][info][gc          ] Allocation Stall (pool-1-thread-1) 1.416ms
[29.495s][info][gc          ] Allocation Stall (pool-1-thread-2) 6.343ms
[29.495s][info][gc          ] Allocation Stall (pool-1-thread-3) 6.930ms
[29.511s][info][gc,phases   ] GC(167) Concurrent Relocate 162.907ms
[29.511s][info][gc,load     ] GC(167) Load: 2.46/0.83/0.35
[29.511s][info][gc,mmu      ] GC(167) MMU: 2ms/94.0%, 5ms/97.6%, 10ms/98.6%, 20ms/99.3%, 50ms/99.7%, 100ms/99.9%
[29.511s][info][gc,marking  ] GC(167) Mark: 2 stripe(s), 2 proactive flush(es), 1 terminate flush(es), 0 completion(s), 0 continuation(s) 
[29.511s][info][gc,marking  ] GC(167) Mark Stack Usage: 32M
[29.511s][info][gc,nmethod  ] GC(167) NMethods: 437 registered, 0 unregistered
[29.511s][info][gc,metaspace] GC(167) Metaspace: 6M used, 6M committed, 1088M reserved
[29.511s][info][gc,ref      ] GC(167) Soft: 34 encountered, 7 discovered, 0 enqueued
[29.511s][info][gc,ref      ] GC(167) Weak: 179 encountered, 91 discovered, 0 enqueued
[29.511s][info][gc,ref      ] GC(167) Final: 0 encountered, 0 discovered, 0 enqueued
[29.511s][info][gc,ref      ] GC(167) Phantom: 3 encountered, 2 discovered, 0 enqueued
[29.511s][info][gc,reloc    ] GC(167) Small Pages: 153 / 306M, Empty: 2M, Relocated: 99M, In-Place: 2
[29.511s][info][gc,reloc    ] GC(167) Medium Pages: 22 / 704M, Empty: 0M, Relocated: 247M, In-Place: 6
[29.511s][info][gc,reloc    ] GC(167) Large Pages: 0 / 0M, Empty: 0M, Relocated: 0M, In-Place: 0
[29.511s][info][gc,reloc    ] GC(167) Forwarding Usage: 0M
[29.511s][info][gc,heap     ] GC(167) Min Capacity: 1024M(100%)
[29.511s][info][gc,heap     ] GC(167) Max Capacity: 1024M(100%)
[29.511s][info][gc,heap     ] GC(167) Soft Max Capacity: 1024M(100%)
[29.511s][info][gc,heap     ] GC(167)                Mark Start          Mark End        Relocate Start      Relocate End           High               Low         
[29.511s][info][gc,heap     ] GC(167)  Capacity:     1024M (100%)       1024M (100%)       1024M (100%)       1024M (100%)       1024M (100%)       1024M (100%)   
[29.511s][info][gc,heap     ] GC(167)      Free:       14M (1%)           14M (1%)           16M (2%)          124M (12%)         126M (12%)           0M (0%)     
[29.511s][info][gc,heap     ] GC(167)      Used:     1010M (99%)        1010M (99%)        1008M (98%)         900M (88%)        1024M (100%)        898M (88%)    
[29.511s][info][gc,heap     ] GC(167)      Live:         -               348M (34%)         348M (34%)         348M (34%)            -                  -          
[29.511s][info][gc,heap     ] GC(167) Allocated:         -                 0M (0%)            0M (0%)          535M (52%)            -                  -          
[29.511s][info][gc,heap     ] GC(167)   Garbage:         -               661M (65%)         659M (64%)          15M (1%)             -                  -          
[29.511s][info][gc,heap     ] GC(167) Reclaimed:         -                  -                 2M (0%)          645M (63%)            -                  -          
[29.511s][info][gc          ] GC(167) Garbage Collection (Allocation Stall) 1010M(99%)->900M(88%)
[29.536s][info][gc,start    ] GC(168) Garbage Collection (Allocation Stall)
[29.536s][info][gc,ref      ] GC(168) Clearing All SoftReferences
[29.536s][info][gc,task     ] GC(168) Using 3 workers
[29.537s][info][gc,phases   ] GC(168) Pause Mark Start 0.009ms
[29.543s][info][gc,phases   ] GC(168) Concurrent Mark 5.139ms
[29.543s][info][gc,phases   ] GC(168) Pause Mark End 0.011ms
[29.543s][info][gc,phases   ] GC(168) Concurrent Mark Free 0.001ms
[29.544s][info][gc,phases   ] GC(168) Concurrent Process Non-Strong References 0.558ms
[29.544s][info][gc,phases   ] GC(168) Concurrent Reset Relocation Set 0.028ms
[29.545s][info][gc          ] Allocation Stall (pool-1-thread-2) 8.851ms
[29.545s][info][gc,phases   ] GC(168) Concurrent Select Relocation Set 1.434ms
[29.546s][info][gc,phases   ] GC(168) Pause Relocate Start 0.009ms
[29.598s][info][gc          ] Relocation Stall (pool-1-thread-2) 52.332ms
[29.599s][info][gc          ] Relocation Stall (pool-1-thread-3) 47.954ms
[29.599s][info][gc          ] Allocation Stall (pool-1-thread-3) 62.528ms
[29.600s][info][gc          ] Relocation Stall (pool-1-thread-4) 48.898ms
[29.600s][info][gc          ] Allocation Stall (pool-1-thread-4) 64.004ms
[29.615s][info][gc          ] Relocation Stall (pool-1-thread-1) 63.152ms
[29.615s][info][gc          ] Allocation Stall (pool-1-thread-1) 78.649ms
[29.666s][info][gc,phases   ] GC(168) Concurrent Relocate 120.621ms
[29.667s][info][gc,load     ] GC(168) Load: 2.46/0.83/0.35
[29.667s][info][gc,mmu      ] GC(168) MMU: 2ms/94.0%, 5ms/97.6%, 10ms/98.6%, 20ms/99.3%, 50ms/99.7%, 100ms/99.9%
[29.667s][info][gc,marking  ] GC(168) Mark: 2 stripe(s), 4 proactive flush(es), 1 terminate flush(es), 0 completion(s), 0 continuation(s) 
[29.667s][info][gc,marking  ] GC(168) Mark Stack Usage: 32M
[29.667s][info][gc,nmethod  ] GC(168) NMethods: 437 registered, 0 unregistered
[29.667s][info][gc,metaspace] GC(168) Metaspace: 6M used, 6M committed, 1088M reserved
[29.667s][info][gc,ref      ] GC(168) Soft: 34 encountered, 16 discovered, 0 enqueued
[29.667s][info][gc,ref      ] GC(168) Weak: 179 encountered, 8 discovered, 0 enqueued
[29.667s][info][gc,ref      ] GC(168) Final: 0 encountered, 0 discovered, 0 enqueued
[29.667s][info][gc,ref      ] GC(168) Phantom: 3 encountered, 1 discovered, 0 enqueued
[29.667s][info][gc,reloc    ] GC(168) Small Pages: 146 / 292M, Empty: 6M, Relocated: 99M, In-Place: 0
[29.667s][info][gc,reloc    ] GC(168) Medium Pages: 22 / 704M, Empty: 0M, Relocated: 248M, In-Place: 2
[29.667s][info][gc,reloc    ] GC(168) Large Pages: 0 / 0M, Empty: 0M, Relocated: 0M, In-Place: 0
[29.667s][info][gc,reloc    ] GC(168) Forwarding Usage: 0M
[29.667s][info][gc,heap     ] GC(168) Min Capacity: 1024M(100%)
[29.667s][info][gc,heap     ] GC(168) Max Capacity: 1024M(100%)
[29.667s][info][gc,heap     ] GC(168) Soft Max Capacity: 1024M(100%)
[29.667s][info][gc,heap     ] GC(168)                Mark Start          Mark End        Relocate Start      Relocate End           High               Low         
[29.667s][info][gc,heap     ] GC(168)  Capacity:     1024M (100%)       1024M (100%)       1024M (100%)       1024M (100%)       1024M (100%)       1024M (100%)   
[29.667s][info][gc,heap     ] GC(168)      Free:       28M (3%)           28M (3%)            2M (0%)          366M (36%)         472M (46%)           0M (0%)     
[29.667s][info][gc,heap     ] GC(168)      Used:      996M (97%)         996M (97%)        1022M (100%)        658M (64%)        1024M (100%)        552M (54%)    
[29.667s][info][gc,heap     ] GC(168)      Live:         -               348M (34%)         348M (34%)         348M (34%)            -                  -          
[29.667s][info][gc,heap     ] GC(168) Allocated:         -                 0M (0%)           32M (3%)          295M (29%)            -                  -          
[29.667s][info][gc,heap     ] GC(168)   Garbage:         -               647M (63%)         641M (63%)          13M (1%)             -                  -          
[29.667s][info][gc,heap     ] GC(168) Reclaimed:         -                  -                 6M (1%)          633M (62%)            -                  -          
[29.667s][info][gc          ] GC(168) Garbage Collection (Allocation Stall) 996M(97%)->658M(64%)
[29.736s][info][gc,start    ] GC(169) Garbage Collection (Allocation Stall)
[29.736s][info][gc,ref      ] GC(169) Clearing All SoftReferences
[29.736s][info][gc,task     ] GC(169) Using 3 workers
[29.736s][info][gc,phases   ] GC(169) Pause Mark Start 0.016ms
[29.743s][info][gc,phases   ] GC(169) Concurrent Mark 6.265ms
[29.743s][info][gc,phases   ] GC(169) Pause Mark End 0.012ms
[29.743s][info][gc,phases   ] GC(169) Concurrent Mark Free 0.001ms
[29.744s][info][gc,phases   ] GC(169) Concurrent Process Non-Strong References 0.756ms
[29.744s][info][gc,phases   ] GC(169) Concurrent Reset Relocation Set 0.009ms
[29.745s][info][gc,phases   ] GC(169) Concurrent Select Relocation Set 1.466ms
[29.745s][info][gc,phases   ] GC(169) Pause Relocate Start 0.006ms
[29.794s][info][gc          ] Relocation Stall (main) 48.134ms
[29.802s][info][gc          ] Relocation Stall (pool-1-thread-4) 51.394ms
[29.802s][info][gc          ] Allocation Stall (pool-1-thread-4) 66.608ms
[29.809s][info][gc          ] Relocation Stall (pool-1-thread-3) 53.659ms
[29.809s][info][gc          ] Relocation Stall (pool-1-thread-2) 59.098ms
[29.810s][info][gc          ] Allocation Stall (pool-1-thread-3) 73.748ms
[29.810s][info][gc          ] Allocation Stall (pool-1-thread-2) 74.029ms
[29.818s][info][gc          ] Relocation Stall (pool-1-thread-1) 69.362ms
[29.819s][info][gc          ] Allocation Stall (pool-1-thread-1) 83.055ms
[29.861s][info][gc,phases   ] GC(169) Concurrent Relocate 115.526ms
[29.862s][info][gc,load     ] GC(169) Load: 2.46/0.83/0.35
[29.862s][info][gc,mmu      ] GC(169) MMU: 2ms/94.0%, 5ms/97.6%, 10ms/98.6%, 20ms/99.3%, 50ms/99.7%, 100ms/99.9%
[29.862s][info][gc,marking  ] GC(169) Mark: 2 stripe(s), 4 proactive flush(es), 1 terminate flush(es), 0 completion(s), 0 continuation(s) 
[29.862s][info][gc,marking  ] GC(169) Mark Stack Usage: 32M
[29.862s][info][gc,nmethod  ] GC(169) NMethods: 437 registered, 0 unregistered
[29.862s][info][gc,metaspace] GC(169) Metaspace: 6M used, 6M committed, 1088M reserved
[29.862s][info][gc,ref      ] GC(169) Soft: 34 encountered, 22 discovered, 0 enqueued
[29.862s][info][gc,ref      ] GC(169) Weak: 179 encountered, 6 discovered, 0 enqueued
[29.862s][info][gc,ref      ] GC(169) Final: 0 encountered, 0 discovered, 0 enqueued
[29.862s][info][gc,ref      ] GC(169) Phantom: 3 encountered, 2 discovered, 0 enqueued
[29.862s][info][gc,reloc    ] GC(169) Small Pages: 144 / 288M, Empty: 0M, Relocated: 95M, In-Place: 0
[29.862s][info][gc,reloc    ] GC(169) Medium Pages: 23 / 736M, Empty: 0M, Relocated: 239M, In-Place: 2
[29.862s][info][gc,reloc    ] GC(169) Large Pages: 0 / 0M, Empty: 0M, Relocated: 0M, In-Place: 0
[29.862s][info][gc,reloc    ] GC(169) Forwarding Usage: 0M
[29.862s][info][gc,heap     ] GC(169) Min Capacity: 1024M(100%)
[29.862s][info][gc,heap     ] GC(169) Max Capacity: 1024M(100%)
[29.862s][info][gc,heap     ] GC(169) Soft Max Capacity: 1024M(100%)
[29.862s][info][gc,heap     ] GC(169)                Mark Start          Mark End        Relocate Start      Relocate End           High               Low         
[29.862s][info][gc,heap     ] GC(169)  Capacity:     1024M (100%)       1024M (100%)       1024M (100%)       1024M (100%)       1024M (100%)       1024M (100%)   
[29.862s][info][gc,heap     ] GC(169)      Free:        0M (0%)            0M (0%)            0M (0%)          372M (36%)         502M (49%)           0M (0%)     
[29.862s][info][gc,heap     ] GC(169)      Used:     1024M (100%)       1024M (100%)       1024M (100%)        652M (64%)        1024M (100%)        522M (51%)    
[29.862s][info][gc,heap     ] GC(169)      Live:         -               353M (34%)         353M (34%)         353M (34%)            -                  -          
[29.862s][info][gc,heap     ] GC(169) Allocated:         -                 0M (0%)            0M (0%)          259M (25%)            -                  -          
[29.862s][info][gc,heap     ] GC(169)   Garbage:         -               670M (66%)         670M (66%)          38M (4%)             -                  -          
[29.862s][info][gc,heap     ] GC(169) Reclaimed:         -                  -                 0M (0%)          631M (62%)            -                  -          
[29.862s][info][gc          ] GC(169) Garbage Collection (Allocation Stall) 1024M(100%)->652M(64%)
[29.865s][info][gc,start    ] GC(170) Garbage Collection (Allocation Rate)
[29.866s][info][gc,task     ] GC(170) Using 3 workers
[29.866s][info][gc,phases   ] GC(170) Pause Mark Start 0.101ms
[29.876s][info][gc,phases   ] GC(170) Concurrent Mark 9.393ms
[29.877s][info][gc,phases   ] GC(170) Pause Mark End 0.035ms
[29.877s][info][gc,phases   ] GC(170) Concurrent Mark Free 0.003ms
[29.879s][info][gc,phases   ] GC(170) Concurrent Process Non-Strong References 2.151ms
[29.879s][info][gc,phases   ] GC(170) Concurrent Reset Relocation Set 0.114ms
[29.895s][info][gc,phases   ] GC(170) Concurrent Select Relocation Set 15.190ms
[29.895s][info][gc,phases   ] GC(170) Pause Relocate Start 0.027ms
[29.948s][info][gc          ] Allocation Stall (pool-1-thread-4) 0.726ms
[29.948s][info][gc          ] Allocation Stall (pool-1-thread-1) 0.507ms
[29.968s][info][gc          ] Allocation Stall (pool-1-thread-4) 5.347ms
[29.973s][info][gc          ] Allocation Stall (pool-1-thread-3) 10.420ms
[29.974s][info][gc          ] Allocation Stall (pool-1-thread-1) 11.005ms
[29.974s][info][gc          ] Allocation Stall (pool-1-thread-2) 11.182ms
[29.988s][info][gc          ] Allocation Stall (pool-1-thread-3) 0.522ms
[29.997s][info][gc,phases   ] GC(170) Concurrent Relocate 101.701ms
[29.997s][info][gc,load     ] GC(170) Load: 2.46/0.83/0.35
[29.997s][info][gc,mmu      ] GC(170) MMU: 2ms/94.0%, 5ms/97.6%, 10ms/98.6%, 20ms/99.3%, 50ms/99.7%, 100ms/99.8%
[29.997s][info][gc,marking  ] GC(170) Mark: 2 stripe(s), 2 proactive flush(es), 1 terminate flush(es), 0 completion(s), 0 continuation(s) 
[29.997s][info][gc,marking  ] GC(170) Mark Stack Usage: 32M
[29.997s][info][gc,nmethod  ] GC(170) NMethods: 437 registered, 0 unregistered
[29.997s][info][gc,metaspace] GC(170) Metaspace: 6M used, 6M committed, 1088M reserved
[29.997s][info][gc,ref      ] GC(170) Soft: 34 encountered, 0 discovered, 0 enqueued
[29.998s][info][gc,ref      ] GC(170) Weak: 179 encountered, 21 discovered, 0 enqueued
[29.998s][info][gc,ref      ] GC(170) Final: 0 encountered, 0 discovered, 0 enqueued
[29.998s][info][gc,ref      ] GC(170) Phantom: 3 encountered, 1 discovered, 0 enqueued
[29.998s][info][gc,reloc    ] GC(170) Small Pages: 91 / 182M, Empty: 0M, Relocated: 48M, In-Place: 0
[29.998s][info][gc,reloc    ] GC(170) Medium Pages: 15 / 480M, Empty: 0M, Relocated: 138M, In-Place: 2
[29.998s][info][gc,reloc    ] GC(170) Large Pages: 0 / 0M, Empty: 0M, Relocated: 0M, In-Place: 0
[29.998s][info][gc,reloc    ] GC(170) Forwarding Usage: 0M
[29.998s][info][gc,heap     ] GC(170) Min Capacity: 1024M(100%)
[29.998s][info][gc,heap     ] GC(170) Max Capacity: 1024M(100%)
[29.998s][info][gc,heap     ] GC(170) Soft Max Capacity: 1024M(100%)
[29.998s][info][gc,heap     ] GC(170)                Mark Start          Mark End        Relocate Start      Relocate End           High               Low         
[29.998s][info][gc,heap     ] GC(170)  Capacity:     1024M (100%)       1024M (100%)       1024M (100%)       1024M (100%)       1024M (100%)       1024M (100%)   
[29.998s][info][gc,heap     ] GC(170)      Free:      362M (35%)         282M (28%)         192M (19%)          20M (2%)          362M (35%)           0M (0%)     
[29.998s][info][gc,heap     ] GC(170)      Used:      662M (65%)         742M (72%)         832M (81%)        1004M (98%)        1024M (100%)        662M (65%)    
[29.998s][info][gc,heap     ] GC(170)      Live:         -               347M (34%)         347M (34%)         347M (34%)            -                  -          
[29.998s][info][gc,heap     ] GC(170) Allocated:         -                80M (8%)          170M (17%)         567M (55%)            -                  -          
[29.998s][info][gc,heap     ] GC(170)   Garbage:         -               314M (31%)         314M (31%)          88M (9%)             -                  -          
[29.998s][info][gc,heap     ] GC(170) Reclaimed:         -                  -                 0M (0%)          225M (22%)            -                  -          
[29.998s][info][gc          ] GC(170) Garbage Collection (Allocation Rate) 662M(65%)->1004M(98%)
[29.998s][info][gc,start    ] GC(171) Garbage Collection (Allocation Stall)
[29.998s][info][gc,ref      ] GC(171) Clearing All SoftReferences
[29.998s][info][gc,task     ] GC(171) Using 3 workers
[29.998s][info][gc,phases   ] GC(171) Pause Mark Start 0.011ms
[30.003s][info][gc,phases   ] GC(171) Concurrent Mark 5.021ms
[30.003s][info][gc,phases   ] GC(171) Pause Mark End 0.016ms
[30.003s][info][gc,phases   ] GC(171) Concurrent Mark Free 0.001ms
[30.004s][info][gc,phases   ] GC(171) Concurrent Process Non-Strong References 0.643ms
[30.004s][info][gc,phases   ] GC(171) Concurrent Reset Relocation Set 0.006ms
[30.006s][info][gc,phases   ] GC(171) Concurrent Select Relocation Set 1.909ms
[30.006s][info][gc,phases   ] GC(171) Pause Relocate Start 0.013ms
[30.009s][info][gc          ] Allocation Stall (pool-1-thread-1) 21.996ms
[30.012s][info][gc          ] Allocation Stall (pool-1-thread-4) 24.368ms
[30.012s][info][gc          ] Allocation Stall (pool-1-thread-2) 24.711ms
[30.012s][info][gc          ] Allocation Stall (pool-1-thread-3) 13.621ms
[30.030s][info][gc          ] Allocation Stall (pool-1-thread-4) 3.522ms
[30.031s][info][gc          ] Allocation Stall (pool-1-thread-3) 4.703ms
[30.033s][info][gc          ] Allocation Stall (pool-1-thread-2) 6.457ms
[30.034s][info][gc          ] Allocation Stall (pool-1-thread-1) 6.836ms
[30.051s][info][gc          ] Allocation Stall (pool-1-thread-2) 5.054ms
[30.052s][info][gc          ] Allocation Stall (pool-1-thread-3) 0.412ms
[30.052s][info][gc          ] Allocation Stall (pool-1-thread-4) 0.511ms
[30.053s][info][gc          ] Allocation Stall (pool-1-thread-1) 1.124ms
[30.053s][info][gc          ] Allocation Stall (pool-1-thread-2) 1.418ms
[30.068s][info][gc          ] Allocation Stall (pool-1-thread-3) 2.474ms
[30.074s][info][gc          ] Allocation Stall (pool-1-thread-1) 8.068ms
[30.074s][info][gc          ] Allocation Stall (pool-1-thread-4) 8.428ms
[30.075s][info][gc          ] Allocation Stall (pool-1-thread-2) 8.533ms
[30.087s][info][gc          ] Allocation Stall (pool-1-thread-2) 6.422ms
[30.089s][info][gc          ] Allocation Stall (pool-1-thread-1) 2.401ms
[30.093s][info][gc          ] Allocation Stall (pool-1-thread-4) 10.505ms
[30.105s][info][gc          ] Allocation Stall (pool-1-thread-1) 9.606ms
[30.120s][info][gc          ] Allocation Stall (pool-1-thread-4) 23.900ms
[30.124s][info][gc          ] Allocation Stall (pool-1-thread-2) 27.282ms
[30.124s][info][gc          ] Allocation Stall (pool-1-thread-3) 27.198ms
[30.126s][info][gc          ] Allocation Stall (pool-1-thread-1) 7.317ms
[30.168s][info][gc,stats    ] === Garbage Collection Statistics =======================================================================================================================
[30.168s][info][gc,stats    ]                                                              Last 10s              Last 10m              Last 10h                Total
[30.168s][info][gc,stats    ]                                                              Avg / Max             Avg / Max             Avg / Max             Avg / Max
[30.168s][info][gc,stats    ]   Collector: Garbage Collection Cycle                    149.196 / 193.628     159.588 / 633.628     159.588 / 633.628     159.588 / 633.628     ms
[30.168s][info][gc,stats    ]  Contention: Mark Segment Reset Contention                     1 / 3                 1 / 11                1 / 11                1 / 11          ops/s
[30.168s][info][gc,stats    ]  Contention: Mark SeqNum Reset Contention                      0 / 3                 0 / 3                 0 / 3                 0 / 3           ops/s
[30.168s][info][gc,stats    ]    Critical: Allocation Stall                                133 / 163             126 / 192             126 / 192             126 / 192         ops/s
[30.168s][info][gc,stats    ]    Critical: Allocation Stall                              8.443 / 125.572       8.965 / 441.000       8.965 / 441.000       8.965 / 441.000     ms
[30.168s][info][gc,stats    ]    Critical: GC Locker Stall                                   0 / 0                 0 / 0                 0 / 0                 0 / 0           ops/s
[30.168s][info][gc,stats    ]    Critical: GC Locker Stall                               0.000 / 0.000         0.000 / 0.000         0.000 / 0.000         0.000 / 0.000       ms
[30.168s][info][gc,stats    ]    Critical: Relocation Stall                                  4 / 9                 4 / 15                4 / 15                4 / 15          ops/s
[30.168s][info][gc,stats    ]    Critical: Relocation Stall                             74.754 / 120.126      81.959 / 346.221      81.959 / 346.221      81.959 / 346.221     ms
[30.168s][info][gc,stats    ]      Memory: Allocation Rate                                6621 / 7916           6207 / 7916           6207 / 7916           6207 / 7916        MB/s
[30.168s][info][gc,stats    ]      Memory: Out Of Memory                                     0 / 0                 0 / 0                 0 / 0                 0 / 0           ops/s
[30.168s][info][gc,stats    ]      Memory: Page Cache Flush                                662 / 800             627 / 896             627 / 896             627 / 896         MB/s
[30.168s][info][gc,stats    ]      Memory: Page Cache Hit L1                               755 / 838             692 / 908             692 / 908             692 / 908         ops/s
[30.168s][info][gc,stats    ]      Memory: Page Cache Hit L2                                 0 / 0                 0 / 0                 0 / 0                 0 / 0           ops/s
[30.169s][info][gc,stats    ]      Memory: Page Cache Hit L3                               268 / 346             262 / 346             262 / 346             262 / 346         ops/s
[30.169s][info][gc,stats    ]      Memory: Page Cache Miss                                  20 / 25               19 / 28               19 / 28               19 / 28          ops/s
[30.169s][info][gc,stats    ]      Memory: Uncommit                                          0 / 0                 0 / 0                 0 / 0                 0 / 0           MB/s
[30.169s][info][gc,stats    ]      Memory: Undo Object Allocation Failed                     0 / 0                 0 / 0                 0 / 0                 0 / 0           ops/s
[30.169s][info][gc,stats    ]      Memory: Undo Object Allocation Succeeded                  3 / 6                 3 / 12                3 / 12                3 / 12          ops/s
[30.169s][info][gc,stats    ]      Memory: Undo Page Allocation                             91 / 115              85 / 120              85 / 120              85 / 120         ops/s
[30.169s][info][gc,stats    ]       Phase: Concurrent Mark                               6.831 / 19.817        9.282 / 53.008        9.282 / 53.008        9.282 / 53.008      ms
[30.169s][info][gc,stats    ]       Phase: Concurrent Mark Continue                      0.000 / 0.000         0.000 / 0.000         0.000 / 0.000         0.000 / 0.000       ms
[30.169s][info][gc,stats    ]       Phase: Concurrent Mark Free                          0.001 / 0.003         0.001 / 0.004         0.001 / 0.004         0.001 / 0.004       ms
[30.169s][info][gc,stats    ]       Phase: Concurrent Process Non-Strong References      0.709 / 2.151         0.780 / 4.320         0.780 / 4.320         0.780 / 4.320       ms
[30.169s][info][gc,stats    ]       Phase: Concurrent Relocate                         137.226 / 180.735     144.447 / 574.286     144.447 / 574.286     144.447 / 574.286     ms
[30.169s][info][gc,stats    ]       Phase: Concurrent Reset Relocation Set               0.014 / 0.114         0.013 / 0.114         0.013 / 0.114         0.013 / 0.114       ms
[30.169s][info][gc,stats    ]       Phase: Concurrent Select Relocation Set              2.183 / 15.190        2.266 / 37.061        2.266 / 37.061        2.266 / 37.061      ms
[30.169s][info][gc,stats    ]       Phase: Pause Mark End                                0.016 / 0.050         0.016 / 0.105         0.016 / 0.105         0.016 / 0.105       ms
[30.169s][info][gc,stats    ]       Phase: Pause Mark Start                              0.016 / 0.119         0.015 / 0.119         0.015 / 0.119         0.015 / 0.119       ms
[30.169s][info][gc,stats    ]       Phase: Pause Relocate Start                          0.008 / 0.028         0.008 / 0.032         0.008 / 0.032         0.008 / 0.032       ms
[30.169s][info][gc,stats    ]    Subphase: Concurrent Classes Purge                      0.088 / 0.354         0.088 / 0.354         0.088 / 0.354         0.088 / 0.354       ms
[30.169s][info][gc,stats    ]    Subphase: Concurrent Classes Unlink                     0.309 / 0.904         0.311 / 0.921         0.311 / 0.921         0.311 / 0.921       ms
[30.169s][info][gc,stats    ]    Subphase: Concurrent Mark                               5.929 / 19.101        8.296 / 52.240        8.296 / 52.240        8.296 / 52.240      ms
[30.169s][info][gc,stats    ]    Subphase: Concurrent Mark Try Flush                     0.210 / 5.821         0.357 / 22.237        0.357 / 22.237        0.357 / 22.237      ms
[30.169s][info][gc,stats    ]    Subphase: Concurrent Mark Try Terminate                 0.813 / 1.568         0.906 / 9.294         0.906 / 9.294         0.906 / 9.294       ms
[30.169s][info][gc,stats    ]    Subphase: Concurrent References Enqueue                 0.000 / 0.001         0.005 / 0.752         0.005 / 0.752         0.005 / 0.752       ms
[30.169s][info][gc,stats    ]    Subphase: Concurrent References Process                 0.075 / 0.191         0.073 / 0.191         0.073 / 0.191         0.073 / 0.191       ms
[30.169s][info][gc,stats    ]    Subphase: Concurrent Roots ClassLoaderDataGraph         0.098 / 0.483         0.104 / 0.761         0.104 / 0.761         0.104 / 0.761       ms
[30.169s][info][gc,stats    ]    Subphase: Concurrent Roots CodeCache                    0.000 / 0.000         0.000 / 0.000         0.000 / 0.000         0.000 / 0.000       ms
[30.169s][info][gc,stats    ]    Subphase: Concurrent Roots JavaThreads                  0.154 / 0.417         0.192 / 8.509         0.192 / 8.509         0.192 / 8.509       ms
[30.169s][info][gc,stats    ]    Subphase: Concurrent Roots OopStorageSet                0.023 / 0.075         0.082 / 8.636         0.082 / 8.636         0.082 / 8.636       ms
[30.169s][info][gc,stats    ]    Subphase: Concurrent Weak Roots OopStorageSet           0.057 / 0.198         0.055 / 0.267         0.055 / 0.267         0.055 / 0.267       ms
[30.169s][info][gc,stats    ]    Subphase: Pause Mark Try Complete                       0.000 / 0.000         0.000 / 0.000         0.000 / 0.000         0.000 / 0.000       ms
[30.169s][info][gc,stats    ]      System: Java Threads                                     15 / 15               15 / 17               15 / 17               15 / 17          threads
[30.169s][info][gc,stats    ] =========================================================================================================================================================
[30.171s][info][gc,phases   ] GC(171) Concurrent Relocate 164.520ms
[30.171s][info][gc,load     ] GC(171) Load: 2.46/0.83/0.35
[30.171s][info][gc,mmu      ] GC(171) MMU: 2ms/94.0%, 5ms/97.6%, 10ms/98.6%, 20ms/99.3%, 50ms/99.7%, 100ms/99.8%
[30.171s][info][gc,marking  ] GC(171) Mark: 2 stripe(s), 2 proactive flush(es), 1 terminate flush(es), 0 completion(s), 0 continuation(s) 
[30.171s][info][gc,marking  ] GC(171) Mark Stack Usage: 32M
[30.171s][info][gc,nmethod  ] GC(171) NMethods: 437 registered, 0 unregistered
[30.171s][info][gc,metaspace] GC(171) Metaspace: 6M used, 6M committed, 1088M reserved
[30.171s][info][gc,ref      ] GC(171) Soft: 34 encountered, 12 discovered, 0 enqueued
[30.171s][info][gc,ref      ] GC(171) Weak: 179 encountered, 33 discovered, 0 enqueued
[30.171s][info][gc,ref      ] GC(171) Final: 0 encountered, 0 discovered, 0 enqueued
[30.171s][info][gc,ref      ] GC(171) Phantom: 3 encountered, 2 discovered, 0 enqueued
[30.171s][info][gc,reloc    ] GC(171) Small Pages: 135 / 270M, Empty: 0M, Relocated: 92M, In-Place: 0
[30.171s][info][gc,reloc    ] GC(171) Medium Pages: 23 / 736M, Empty: 0M, Relocated: 221M, In-Place: 6
[30.171s][info][gc,reloc    ] GC(171) Large Pages: 0 / 0M, Empty: 0M, Relocated: 0M, In-Place: 0
[30.171s][info][gc,reloc    ] GC(171) Forwarding Usage: 0M
[30.171s][info][gc,heap     ] GC(171) Min Capacity: 1024M(100%)
[30.171s][info][gc,heap     ] GC(171) Max Capacity: 1024M(100%)
[30.171s][info][gc,heap     ] GC(171) Soft Max Capacity: 1024M(100%)
[30.171s][info][gc,heap     ] GC(171)                Mark Start          Mark End        Relocate Start      Relocate End           High               Low         
[30.171s][info][gc,heap     ] GC(171)  Capacity:     1024M (100%)       1024M (100%)       1024M (100%)       1024M (100%)       1024M (100%)       1024M (100%)   
[30.171s][info][gc,heap     ] GC(171)      Free:       18M (2%)           16M (2%)           16M (2%)           32M (3%)          118M (12%)           0M (0%)     
[30.171s][info][gc,heap     ] GC(171)      Used:     1006M (98%)        1008M (98%)        1008M (98%)         992M (97%)        1024M (100%)        906M (88%)    
[30.171s][info][gc,heap     ] GC(171)      Live:         -               352M (34%)         352M (34%)         352M (34%)            -                  -          
[30.171s][info][gc,heap     ] GC(171) Allocated:         -                 2M (0%)            2M (0%)          597M (58%)            -                  -          
[30.171s][info][gc,heap     ] GC(171)   Garbage:         -               653M (64%)         653M (64%)          41M (4%)             -                  -          
[30.171s][info][gc,heap     ] GC(171) Reclaimed:         -                  -                 0M (0%)          611M (60%)            -                  -          
[30.171s][info][gc          ] GC(171) Garbage Collection (Allocation Stall) 1006M(98%)->992M(97%)
[30.195s][info][gc,start    ] GC(172) Garbage Collection (Allocation Stall)
[30.195s][info][gc,ref      ] GC(172) Clearing All SoftReferences
[30.195s][info][gc,task     ] GC(172) Using 3 workers
[30.195s][info][gc,phases   ] GC(172) Pause Mark Start 0.046ms
[30.202s][info][gc,phases   ] GC(172) Concurrent Mark 6.478ms
[30.202s][info][gc,phases   ] GC(172) Pause Mark End 0.020ms
[30.202s][info][gc,phases   ] GC(172) Concurrent Mark Free 0.001ms
[30.203s][info][gc,phases   ] GC(172) Concurrent Process Non-Strong References 0.879ms
[30.203s][info][gc,phases   ] GC(172) Concurrent Reset Relocation Set 0.015ms
[30.210s][info][gc,phases   ] GC(172) Concurrent Select Relocation Set 7.041ms
[30.211s][info][gc,phases   ] GC(172) Pause Relocate Start 0.044ms
[30.216s][info][gc          ] Allocation Stall (pool-1-thread-2) 20.138ms
[30.216s][info][gc          ] Allocation Stall (pool-1-thread-3) 21.175ms
[30.216s][info][gc          ] Allocation Stall (pool-1-thread-1) 20.323ms
[30.216s][info][gc          ] Allocation Stall (pool-1-thread-4) 21.135ms
[30.226s][info][gc          ] Allocation Stall (pool-1-thread-3) 9.645ms
[30.226s][info][gc          ] Allocation Stall (pool-1-thread-2) 10.376ms
[30.241s][info][gc          ] Allocation Stall (pool-1-thread-2) 0.133ms
[30.297s][info][gc          ] Relocation Stall (main) 85.944ms
[30.331s][info][gc,phases   ] GC(172) Concurrent Relocate 119.977ms
[30.331s][info][gc,load     ] GC(172) Load: 2.46/0.83/0.35
[30.331s][info][gc,mmu      ] GC(172) MMU: 2ms/94.0%, 5ms/97.6%, 10ms/98.6%, 20ms/99.3%, 50ms/99.7%, 100ms/99.8%
[30.331s][info][gc,marking  ] GC(172) Mark: 2 stripe(s), 3 proactive flush(es), 1 terminate flush(es), 0 completion(s), 0 continuation(s) 
[30.331s][info][gc,marking  ] GC(172) Mark Stack Usage: 32M
[30.331s][info][gc,nmethod  ] GC(172) NMethods: 451 registered, 0 unregistered
[30.331s][info][gc,metaspace] GC(172) Metaspace: 6M used, 6M committed, 1088M reserved
[30.331s][info][gc,ref      ] GC(172) Soft: 34 encountered, 12 discovered, 0 enqueued
[30.331s][info][gc,ref      ] GC(172) Weak: 179 encountered, 29 discovered, 0 enqueued
[30.331s][info][gc,ref      ] GC(172) Final: 0 encountered, 0 discovered, 0 enqueued
[30.331s][info][gc,ref      ] GC(172) Phantom: 3 encountered, 1 discovered, 0 enqueued
[30.331s][info][gc,reloc    ] GC(172) Small Pages: 144 / 288M, Empty: 0M, Relocated: 99M, In-Place: 0
[30.331s][info][gc,reloc    ] GC(172) Medium Pages: 23 / 736M, Empty: 0M, Relocated: 248M, In-Place: 2
[30.331s][info][gc,reloc    ] GC(172) Large Pages: 0 / 0M, Empty: 0M, Relocated: 0M, In-Place: 0
[30.331s][info][gc,reloc    ] GC(172) Forwarding Usage: 0M
[30.331s][info][gc,heap     ] GC(172) Min Capacity: 1024M(100%)
[30.331s][info][gc,heap     ] GC(172) Max Capacity: 1024M(100%)
[30.331s][info][gc,heap     ] GC(172) Soft Max Capacity: 1024M(100%)
[30.331s][info][gc,heap     ] GC(172)                Mark Start          Mark End        Relocate Start      Relocate End           High               Low         
[30.331s][info][gc,heap     ] GC(172)  Capacity:     1024M (100%)       1024M (100%)       1024M (100%)       1024M (100%)       1024M (100%)       1024M (100%)   
[30.331s][info][gc,heap     ] GC(172)      Free:        0M (0%)            0M (0%)            0M (0%)          468M (46%)         468M (46%)           0M (0%)     
[30.331s][info][gc,heap     ] GC(172)      Used:     1024M (100%)       1024M (100%)       1024M (100%)        556M (54%)        1024M (100%)        556M (54%)    
[30.331s][info][gc,heap     ] GC(172)      Live:         -               349M (34%)         349M (34%)         349M (34%)            -                  -          
[30.331s][info][gc,heap     ] GC(172) Allocated:         -                 0M (0%)            0M (0%)          191M (19%)            -                  -          
[30.331s][info][gc,heap     ] GC(172)   Garbage:         -               674M (66%)         674M (66%)          14M (1%)             -                  -          
[30.331s][info][gc,heap     ] GC(172) Reclaimed:         -                  -                 0M (0%)          659M (64%)            -                  -          
[30.331s][info][gc          ] GC(172) Garbage Collection (Allocation Stall) 1024M(100%)->556M(54%)
[30.365s][info][gc,start    ] GC(173) Garbage Collection (Allocation Stall)
[30.365s][info][gc,ref      ] GC(173) Clearing All SoftReferences
[30.365s][info][gc,task     ] GC(173) Using 3 workers
[30.365s][info][gc,phases   ] GC(173) Pause Mark Start 0.006ms
[30.370s][info][gc,phases   ] GC(173) Concurrent Mark 4.367ms
[30.370s][info][gc,phases   ] GC(173) Pause Mark End 0.096ms
[30.370s][info][gc,phases   ] GC(173) Concurrent Mark Free 0.001ms
[30.377s][info][gc,phases   ] GC(173) Concurrent Process Non-Strong References 7.167ms
[30.377s][info][gc,phases   ] GC(173) Concurrent Reset Relocation Set 0.023ms
[30.381s][info][gc,phases   ] GC(173) Concurrent Select Relocation Set 3.253ms
[30.381s][info][gc,phases   ] GC(173) Pause Relocate Start 0.011ms
[30.382s][info][gc,phases   ] GC(173) Concurrent Relocate 1.002ms
[30.382s][info][gc,load     ] GC(173) Load: 2.46/0.83/0.35
[30.382s][info][gc,mmu      ] GC(173) MMU: 2ms/94.0%, 5ms/97.6%, 10ms/98.6%, 20ms/99.3%, 50ms/99.7%, 100ms/99.8%
[30.382s][info][gc,marking  ] GC(173) Mark: 2 stripe(s), 2 proactive flush(es), 1 terminate flush(es), 1 completion(s), 0 continuation(s) 
[30.382s][info][gc,marking  ] GC(173) Mark Stack Usage: 32M
[30.382s][info][gc,nmethod  ] GC(173) NMethods: 535 registered, 0 unregistered
[30.382s][info][gc,metaspace] GC(173) Metaspace: 6M used, 6M committed, 1088M reserved
[30.382s][info][gc,ref      ] GC(173) Soft: 57 encountered, 17 discovered, 2 enqueued
[30.382s][info][gc,ref      ] GC(173) Weak: 256 encountered, 44 discovered, 26 enqueued
[30.382s][info][gc,ref      ] GC(173) Final: 0 encountered, 0 discovered, 0 enqueued
[30.382s][info][gc,ref      ] GC(173) Phantom: 3 encountered, 3 discovered, 0 enqueued
[30.382s][info][gc,reloc    ] GC(173) Small Pages: 86 / 172M, Empty: 126M, Relocated: 1M, In-Place: 0
[30.382s][info][gc,reloc    ] GC(173) Medium Pages: 12 / 384M, Empty: 384M, Relocated: 0M, In-Place: 0
[30.382s][info][gc,reloc    ] GC(173) Large Pages: 0 / 0M, Empty: 0M, Relocated: 0M, In-Place: 0
[30.382s][info][gc,reloc    ] GC(173) Forwarding Usage: 0M
[30.382s][info][gc,heap     ] GC(173) Min Capacity: 1024M(100%)
[30.382s][info][gc,heap     ] GC(173) Max Capacity: 1024M(100%)
[30.382s][info][gc,heap     ] GC(173) Soft Max Capacity: 1024M(100%)
[30.382s][info][gc,heap     ] GC(173)                Mark Start          Mark End        Relocate Start      Relocate End           High               Low         
[30.382s][info][gc,heap     ] GC(173)  Capacity:     1024M (100%)       1024M (100%)       1024M (100%)       1024M (100%)       1024M (100%)       1024M (100%)   
[30.382s][info][gc,heap     ] GC(173)      Free:      468M (46%)         466M (46%)         976M (95%)        1016M (99%)        1016M (99%)         466M (46%)    
[30.382s][info][gc,heap     ] GC(173)      Used:      556M (54%)         558M (54%)          48M (5%)            8M (1%)          558M (54%)           8M (1%)     
[30.382s][info][gc,heap     ] GC(173)      Live:         -                 1M (0%)            1M (0%)            1M (0%)             -                  -          
[30.382s][info][gc,heap     ] GC(173) Allocated:         -                 2M (0%)            2M (0%)            1M (0%)             -                  -          
[30.382s][info][gc,heap     ] GC(173)   Garbage:         -               554M (54%)          44M (4%)            4M (0%)             -                  -          
[30.382s][info][gc,heap     ] GC(173) Reclaimed:         -                  -               510M (50%)         549M (54%)            -                  -          
[30.382s][info][gc          ] GC(173) Garbage Collection (Allocation Stall) 556M(54%)->8M(1%)
[30.386s][info][gc,heap,exit] Heap
[30.386s][info][gc,heap,exit]  ZHeap           used 8M, capacity 1024M, max capacity 1024M
[30.386s][info][gc,heap,exit]  Metaspace       used 6740K, committed 6976K, reserved 1114112K
[30.386s][info][gc,heap,exit]   class space    used 594K, committed 704K, reserved 1048576K
