[0.047s][info][gc] Using Parallel
[0.060s][info][gc,init] Version: 17.0.11-internal+0-adhoc.damowang.TencentKona-17 (release)
[0.061s][info][gc,init] CPUs: 12 total, 12 available
[0.061s][info][gc,init] Memory: 3829M
[0.061s][info][gc,init] Large Page Support: Disabled
[0.061s][info][gc,init] NUMA Support: Disabled
[0.061s][info][gc,init] Compressed Oops: Enabled (32-bit)
[0.061s][info][gc,init] Alignments: Space 512K, Generation 512K, Heap 2M
[0.061s][info][gc,init] Heap Min Capacity: 1G
[0.061s][info][gc,init] Heap Initial Capacity: 1G
[0.061s][info][gc,init] Heap Max Capacity: 1G
[0.061s][info][gc,init] Pre-touch: Disabled
[0.061s][info][gc,init] Parallel Workers: 10
[0.061s][info][gc,metaspace] CDS archive(s) not mapped
[0.061s][info][gc,metaspace] Compressed class space mapped at: 0x0000000100000000-0x0000000140000000, reserved size: 1073741824
[0.061s][info][gc,metaspace] Narrow klass base: 0x0000000000000000, Narrow klass shift: 3, Narrow klass range: 0x140000000
[0.794s][info][gc,start    ] GC(0) Pause Young (Allocation Failure)
[0.886s][info][gc,heap     ] GC(0) PSYoungGen: 262144K(305664K)->43482K(305664K) Eden: 262144K(262144K)->0K(262144K) From: 0K(43520K)->43482K(43520K)
[0.887s][info][gc,heap     ] GC(0) ParOldGen: 0K(699392K)->46715K(699392K)
[0.887s][info][gc,metaspace] GC(0) Metaspace: 6590K(6848K)->6590K(6848K) NonClass: 6021K(6144K)->6021K(6144K) Class: 569K(704K)->569K(704K)
[0.887s][info][gc          ] GC(0) Pause Young (Allocation Failure) 256M->88M(981M) 92.561ms
[0.887s][info][gc,cpu      ] GC(0) User=0.20s Sys=0.69s Real=0.09s
[0.912s][info][gc,start    ] GC(1) Pause Young (Allocation Failure)
[1.056s][info][gc,heap     ] GC(1) PSYoungGen: 305530K(305664K)->43482K(305664K) Eden: 262048K(262144K)->0K(262144K) From: 43482K(43520K)->43482K(43520K)
[1.056s][info][gc,heap     ] GC(1) ParOldGen: 46715K(699392K)->120034K(699392K)
[1.056s][info][gc,metaspace] GC(1) Metaspace: 6591K(6848K)->6591K(6848K) NonClass: 6021K(6144K)->6021K(6144K) Class: 569K(704K)->569K(704K)
[1.056s][info][gc          ] GC(1) Pause Young (Allocation Failure) 343M->159M(981M) 143.847ms
[1.056s][info][gc,cpu      ] GC(1) User=0.09s Sys=1.32s Real=0.14s
[1.081s][info][gc,start    ] GC(2) Pause Young (Allocation Failure)
[1.186s][info][gc,heap     ] GC(2) PSYoungGen: 305625K(305664K)->43518K(305664K) Eden: 262142K(262144K)->0K(262144K) From: 43482K(43520K)->43518K(43520K)
[1.186s][info][gc,heap     ] GC(2) ParOldGen: 120034K(699392K)->197254K(699392K)
[1.186s][info][gc,metaspace] GC(2) Metaspace: 6591K(6848K)->6591K(6848K) NonClass: 6021K(6144K)->6021K(6144K) Class: 569K(704K)->569K(704K)
[1.186s][info][gc          ] GC(2) Pause Young (Allocation Failure) 415M->235M(981M) 104.973ms
[1.186s][info][gc,cpu      ] GC(2) User=0.19s Sys=0.85s Real=0.10s
[1.208s][info][gc,start    ] GC(3) Pause Young (Allocation Failure)
[1.310s][info][gc,heap     ] GC(3) PSYoungGen: 305662K(305664K)->43502K(305664K) Eden: 262144K(262144K)->0K(262144K) From: 43518K(43520K)->43502K(43520K)
[1.310s][info][gc,heap     ] GC(3) ParOldGen: 197254K(699392K)->270374K(699392K)
[1.310s][info][gc,metaspace] GC(3) Metaspace: 6591K(6848K)->6591K(6848K) NonClass: 6021K(6144K)->6021K(6144K) Class: 569K(704K)->569K(704K)
[1.310s][info][gc          ] GC(3) Pause Young (Allocation Failure) 491M->306M(981M) 101.887ms
[1.310s][info][gc,cpu      ] GC(3) User=0.23s Sys=0.76s Real=0.11s
[1.332s][info][gc,start    ] GC(4) Pause Young (Allocation Failure)
[1.480s][info][gc,heap     ] GC(4) PSYoungGen: 305606K(305664K)->43434K(305664K) Eden: 262104K(262144K)->0K(262144K) From: 43502K(43520K)->43434K(43520K)
[1.480s][info][gc,heap     ] GC(4) ParOldGen: 270374K(699392K)->347286K(699392K)
[1.480s][info][gc,metaspace] GC(4) Metaspace: 6591K(6848K)->6591K(6848K) NonClass: 6021K(6144K)->6021K(6144K) Class: 569K(704K)->569K(704K)
[1.480s][info][gc          ] GC(4) Pause Young (Allocation Failure) 562M->381M(981M) 147.954ms
[1.480s][info][gc,cpu      ] GC(4) User=0.40s Sys=1.05s Real=0.15s
[1.504s][info][gc,start    ] GC(5) Pause Young (Allocation Failure)
[1.578s][info][gc,heap     ] GC(5) PSYoungGen: 305516K(305664K)->43518K(304640K) Eden: 262082K(262144K)->0K(261120K) From: 43434K(43520K)->43518K(43520K)
[1.578s][info][gc,heap     ] GC(5) ParOldGen: 347286K(699392K)->423498K(699392K)
[1.578s][info][gc,metaspace] GC(5) Metaspace: 6591K(6848K)->6591K(6848K) NonClass: 6021K(6144K)->6021K(6144K) Class: 569K(704K)->569K(704K)
[1.578s][info][gc          ] GC(5) Pause Young (Allocation Failure) 637M->456M(980M) 73.973ms
[1.578s][info][gc,cpu      ] GC(5) User=0.17s Sys=0.54s Real=0.07s
[1.600s][info][gc,start    ] GC(6) Pause Young (Allocation Failure)
[1.688s][info][gc,heap     ] GC(6) PSYoungGen: 304545K(304640K)->43970K(305152K) Eden: 261026K(261120K)->0K(261120K) From: 43518K(43520K)->43970K(44032K)
[1.688s][info][gc,heap     ] GC(6) ParOldGen: 423498K(699392K)->498541K(699392K)
[1.688s][info][gc,metaspace] GC(6) Metaspace: 6591K(6848K)->6591K(6848K) NonClass: 6021K(6144K)->6021K(6144K) Class: 569K(704K)->569K(704K)
[1.688s][info][gc          ] GC(6) Pause Young (Allocation Failure) 710M->529M(981M) 87.792ms
[1.688s][info][gc,cpu      ] GC(6) User=0.19s Sys=0.66s Real=0.08s
[1.711s][info][gc,start    ] GC(7) Pause Young (Allocation Failure)
[2.102s][info][gc,heap     ] GC(7) PSYoungGen: 305053K(305152K)->44006K(305152K) Eden: 261082K(261120K)->0K(261120K) From: 43970K(44032K)->44006K(44032K)
[2.102s][info][gc,heap     ] GC(7) ParOldGen: 498541K(699392K)->574069K(699392K)
[2.102s][info][gc,metaspace] GC(7) Metaspace: 6591K(6848K)->6591K(6848K) NonClass: 6021K(6144K)->6021K(6144K) Class: 569K(704K)->569K(704K)
[2.102s][info][gc          ] GC(7) Pause Young (Allocation Failure) 784M->603M(981M) 391.218ms
[2.102s][info][gc,cpu      ] GC(7) User=1.48s Sys=2.38s Real=0.39s
[2.349s][info][gc,start    ] GC(8) Pause Young (Allocation Failure)
[2.448s][info][gc,heap     ] GC(8) PSYoungGen: 305101K(305152K)->44006K(305152K) Eden: 261094K(261120K)->0K(261120K) From: 44006K(44032K)->44006K(44032K)
[2.448s][info][gc,heap     ] GC(8) ParOldGen: 574069K(699392K)->650081K(699392K)
[2.448s][info][gc,metaspace] GC(8) Metaspace: 6591K(6848K)->6591K(6848K) NonClass: 6021K(6144K)->6021K(6144K) Class: 569K(704K)->569K(704K)
[2.448s][info][gc          ] GC(8) Pause Young (Allocation Failure) 858M->677M(981M) 99.511ms
[2.448s][info][gc,cpu      ] GC(8) User=0.97s Sys=0.00s Real=0.09s
[2.449s][info][gc,start    ] GC(9) Pause Full (Ergonomics)
[2.449s][info][gc,phases,start] GC(9) Marking Phase
[2.564s][info][gc,phases      ] GC(9) Marking Phase 114.293ms
[2.564s][info][gc,phases,start] GC(9) Summary Phase
[2.564s][info][gc,phases      ] GC(9) Summary Phase 0.119ms
[2.564s][info][gc,phases,start] GC(9) Adjust Roots
[2.564s][info][gc,phases      ] GC(9) Adjust Roots 0.621ms
[2.564s][info][gc,phases,start] GC(9) Compaction Phase
[2.704s][info][gc,phases      ] GC(9) Compaction Phase 139.141ms
[2.704s][info][gc,phases,start] GC(9) Post Compact
[2.789s][info][gc,phases      ] GC(9) Post Compact 85.828ms
[2.790s][info][gc,heap        ] GC(9) PSYoungGen: 44006K(305152K)->0K(304128K) Eden: 0K(261120K)->0K(260096K) From: 44006K(44032K)->0K(44032K)
[2.790s][info][gc,heap        ] GC(9) ParOldGen: 650081K(699392K)->200391K(595456K)
[2.790s][info][gc,metaspace   ] GC(9) Metaspace: 6591K(6848K)->6591K(6848K) NonClass: 6021K(6144K)->6021K(6144K) Class: 569K(704K)->569K(704K)
[2.790s][info][gc             ] GC(9) Pause Full (Ergonomics) 677M->195M(878M) 340.859ms
[2.790s][info][gc,cpu         ] GC(9) User=1.71s Sys=0.00s Real=0.34s
[2.814s][info][gc,start       ] GC(10) Pause Young (Allocation Failure)
[2.869s][info][gc,heap        ] GC(10) PSYoungGen: 260017K(304128K)->44506K(304640K) Eden: 260017K(260096K)->0K(260096K) From: 0K(44032K)->44506K(44544K)
[2.869s][info][gc,heap        ] GC(10) ParOldGen: 200391K(595456K)->251999K(595456K)
[2.869s][info][gc,metaspace   ] GC(10) Metaspace: 6591K(6848K)->6591K(6848K) NonClass: 6021K(6144K)->6021K(6144K) Class: 569K(704K)->569K(704K)
[2.869s][info][gc             ] GC(10) Pause Young (Allocation Failure) 449M->289M(879M) 54.803ms
[2.869s][info][gc,cpu         ] GC(10) User=0.54s Sys=0.00s Real=0.06s
[2.888s][info][gc,start       ] GC(11) Pause Young (Allocation Failure)
[2.991s][info][gc,heap        ] GC(11) PSYoungGen: 304602K(304640K)->44506K(303616K) Eden: 260096K(260096K)->0K(259072K) From: 44506K(44544K)->44506K(44544K)
[2.991s][info][gc,heap        ] GC(11) ParOldGen: 251999K(595456K)->327711K(595456K)
[2.991s][info][gc,metaspace   ] GC(11) Metaspace: 6591K(6848K)->6591K(6848K) NonClass: 6021K(6144K)->6021K(6144K) Class: 569K(704K)->569K(704K)
[2.991s][info][gc             ] GC(11) Pause Young (Allocation Failure) 543M->363M(878M) 102.352ms
[2.991s][info][gc,cpu         ] GC(11) User=1.01s Sys=0.00s Real=0.10s
[3.010s][info][gc,start       ] GC(12) Pause Young (Allocation Failure)
[3.417s][info][gc,heap        ] GC(12) PSYoungGen: 303523K(303616K)->45007K(304128K) Eden: 259016K(259072K)->0K(259072K) From: 44506K(44544K)->45007K(45056K)
[3.417s][info][gc,heap        ] GC(12) ParOldGen: 327711K(595456K)->405523K(595456K)
[3.417s][info][gc,metaspace   ] GC(12) Metaspace: 6591K(6848K)->6591K(6848K) NonClass: 6021K(6144K)->6021K(6144K) Class: 569K(704K)->569K(704K)
[3.418s][info][gc             ] GC(12) Pause Young (Allocation Failure) 616M->439M(878M) 407.313ms
[3.418s][info][gc,cpu         ] GC(12) User=3.68s Sys=0.36s Real=0.40s
[3.615s][info][gc,start       ] GC(13) Pause Young (Allocation Failure)
[3.962s][info][gc,heap        ] GC(13) PSYoungGen: 303994K(304128K)->45007K(303104K) Eden: 258987K(259072K)->0K(258048K) From: 45007K(45056K)->45007K(45056K)
[3.962s][info][gc,heap        ] GC(13) ParOldGen: 405523K(595456K)->479234K(595456K)
[3.962s][info][gc,metaspace   ] GC(13) Metaspace: 6591K(6848K)->6591K(6848K) NonClass: 6021K(6144K)->6021K(6144K) Class: 569K(704K)->569K(704K)
[3.962s][info][gc             ] GC(13) Pause Young (Allocation Failure) 692M->511M(877M) 347.580ms
[3.962s][info][gc,cpu         ] GC(13) User=2.70s Sys=0.53s Real=0.35s
[3.986s][info][gc,start       ] GC(14) Pause Young (Allocation Failure)
[4.033s][info][gc,heap        ] GC(14) PSYoungGen: 303055K(303104K)->45507K(303616K) Eden: 258048K(258048K)->0K(258048K) From: 45007K(45056K)->45507K(45568K)
[4.033s][info][gc,heap        ] GC(14) ParOldGen: 479234K(595456K)->550145K(595456K)
[4.033s][info][gc,metaspace   ] GC(14) Metaspace: 6591K(6848K)->6591K(6848K) NonClass: 6021K(6144K)->6021K(6144K) Class: 569K(704K)->569K(704K)
[4.033s][info][gc             ] GC(14) Pause Young (Allocation Failure) 763M->581M(878M) 47.083ms
[4.033s][info][gc,cpu         ] GC(14) User=0.46s Sys=0.00s Real=0.05s
[4.033s][info][gc,start       ] GC(15) Pause Full (Ergonomics)
[4.033s][info][gc,phases,start] GC(15) Marking Phase
[4.085s][info][gc,phases      ] GC(15) Marking Phase 52.006ms
[4.085s][info][gc,phases,start] GC(15) Summary Phase
[4.085s][info][gc,phases      ] GC(15) Summary Phase 0.122ms
[4.085s][info][gc,phases,start] GC(15) Adjust Roots
[4.087s][info][gc,phases      ] GC(15) Adjust Roots 2.019ms
[4.087s][info][gc,phases,start] GC(15) Compaction Phase
[4.184s][info][gc,phases      ] GC(15) Compaction Phase 96.831ms
[4.184s][info][gc,phases,start] GC(15) Post Compact
[4.219s][info][gc,phases      ] GC(15) Post Compact 34.583ms
[4.219s][info][gc,heap        ] GC(15) PSYoungGen: 45507K(303616K)->0K(302592K) Eden: 0K(258048K)->0K(257024K) From: 45507K(45568K)->0K(45568K)
[4.219s][info][gc,heap        ] GC(15) ParOldGen: 550145K(595456K)->200791K(643584K)
[4.219s][info][gc,metaspace   ] GC(15) Metaspace: 6591K(6848K)->6591K(6848K) NonClass: 6021K(6144K)->6021K(6144K) Class: 569K(704K)->569K(704K)
[4.219s][info][gc             ] GC(15) Pause Full (Ergonomics) 581M->196M(924M) 186.165ms
[4.219s][info][gc,cpu         ] GC(15) User=1.08s Sys=0.00s Real=0.19s
[4.243s][info][gc,start       ] GC(16) Pause Young (Allocation Failure)
[4.283s][info][gc,heap        ] GC(16) PSYoungGen: 256992K(302592K)->46007K(303104K) Eden: 256992K(257024K)->0K(257024K) From: 0K(45568K)->46007K(46080K)
[4.283s][info][gc,heap        ] GC(16) ParOldGen: 200791K(643584K)->247598K(643584K)
[4.283s][info][gc,metaspace   ] GC(16) Metaspace: 6591K(6848K)->6591K(6848K) NonClass: 6021K(6144K)->6021K(6144K) Class: 569K(704K)->569K(704K)
[4.283s][info][gc             ] GC(16) Pause Young (Allocation Failure) 447M->286M(924M) 40.243ms
[4.283s][info][gc,cpu         ] GC(16) User=0.39s Sys=0.00s Real=0.04s
[4.311s][info][gc,start       ] GC(17) Pause Young (Allocation Failure)
[4.372s][info][gc,heap        ] GC(17) PSYoungGen: 303031K(303104K)->46007K(301056K) Eden: 257024K(257024K)->0K(254976K) From: 46007K(46080K)->46007K(46080K)
[4.372s][info][gc,heap        ] GC(17) ParOldGen: 247598K(643584K)->320710K(643584K)
[4.372s][info][gc,metaspace   ] GC(17) Metaspace: 6591K(6848K)->6591K(6848K) NonClass: 6021K(6144K)->6021K(6144K) Class: 569K(704K)->569K(704K)
[4.372s][info][gc             ] GC(17) Pause Young (Allocation Failure) 537M->358M(922M) 61.083ms
[4.372s][info][gc,cpu         ] GC(17) User=0.61s Sys=0.00s Real=0.06s
[4.397s][info][gc,start       ] GC(18) Pause Young (Allocation Failure)
[4.434s][info][gc,heap        ] GC(18) PSYoungGen: 300920K(301056K)->47007K(302080K) Eden: 254912K(254976K)->0K(254976K) From: 46007K(46080K)->47007K(47104K)
[4.434s][info][gc,heap        ] GC(18) ParOldGen: 320710K(643584K)->389620K(643584K)
[4.434s][info][gc,metaspace   ] GC(18) Metaspace: 6591K(6848K)->6591K(6848K) NonClass: 6021K(6144K)->6021K(6144K) Class: 569K(704K)->569K(704K)
[4.434s][info][gc             ] GC(18) Pause Young (Allocation Failure) 607M->426M(923M) 36.618ms
[4.434s][info][gc,cpu         ] GC(18) User=0.36s Sys=0.00s Real=0.04s
[4.460s][info][gc,start       ] GC(19) Pause Young (Allocation Failure)
[4.493s][info][gc,heap        ] GC(19) PSYoungGen: 301907K(302080K)->47007K(300032K) Eden: 254900K(254976K)->0K(252928K) From: 47007K(47104K)->47007K(47104K)
[4.494s][info][gc,heap        ] GC(19) ParOldGen: 389620K(643584K)->459631K(643584K)
[4.494s][info][gc,metaspace   ] GC(19) Metaspace: 6591K(6848K)->6591K(6848K) NonClass: 6021K(6144K)->6021K(6144K) Class: 569K(704K)->569K(704K)
[4.494s][info][gc             ] GC(19) Pause Young (Allocation Failure) 675M->494M(921M) 33.570ms
[4.494s][info][gc,cpu         ] GC(19) User=0.32s Sys=0.00s Real=0.03s
[4.522s][info][gc,start       ] GC(20) Pause Young (Allocation Failure)
[4.546s][info][gc,heap        ] GC(20) PSYoungGen: 299852K(300032K)->48107K(301056K) Eden: 252845K(252928K)->0K(252928K) From: 47007K(47104K)->48107K(48128K)
[4.546s][info][gc,heap        ] GC(20) ParOldGen: 459631K(643584K)->535243K(643584K)
[4.546s][info][gc,metaspace   ] GC(20) Metaspace: 6591K(6848K)->6591K(6848K) NonClass: 6021K(6144K)->6021K(6144K) Class: 569K(704K)->569K(704K)
[4.546s][info][gc             ] GC(20) Pause Young (Allocation Failure) 741M->569M(922M) 23.462ms
[4.546s][info][gc,cpu         ] GC(20) User=0.22s Sys=0.00s Real=0.02s
[4.572s][info][gc,start       ] GC(21) Pause Young (Allocation Failure)
[4.750s][info][gc,heap        ] GC(21) PSYoungGen: 301010K(301056K)->48107K(297984K) Eden: 252902K(252928K)->0K(249856K) From: 48107K(48128K)->48107K(48128K)
[4.750s][info][gc,heap        ] GC(21) ParOldGen: 535243K(643584K)->605354K(643584K)
[4.750s][info][gc,metaspace   ] GC(21) Metaspace: 6591K(6848K)->6591K(6848K) NonClass: 6021K(6144K)->6021K(6144K) Class: 569K(704K)->569K(704K)
[4.750s][info][gc             ] GC(21) Pause Young (Allocation Failure) 816M->638M(919M) 177.754ms
[4.750s][info][gc,cpu         ] GC(21) User=1.60s Sys=0.14s Real=0.18s
[4.750s][info][gc,start       ] GC(22) Pause Full (Ergonomics)
[4.750s][info][gc,phases,start] GC(22) Marking Phase
[4.770s][info][gc,phases      ] GC(22) Marking Phase 20.127ms
[4.770s][info][gc,phases,start] GC(22) Summary Phase
[4.770s][info][gc,phases      ] GC(22) Summary Phase 0.015ms
[4.770s][info][gc,phases,start] GC(22) Adjust Roots
[4.771s][info][gc,phases      ] GC(22) Adjust Roots 0.510ms
[4.771s][info][gc,phases,start] GC(22) Compaction Phase
[4.811s][info][gc,phases      ] GC(22) Compaction Phase 40.698ms
[4.811s][info][gc,phases,start] GC(22) Post Compact
[4.815s][info][gc,phases      ] GC(22) Post Compact 3.245ms
[4.815s][info][gc,heap        ] GC(22) PSYoungGen: 48107K(297984K)->0K(299520K) Eden: 0K(249856K)->0K(249856K) From: 48107K(48128K)->0K(49664K)
[4.815s][info][gc,heap        ] GC(22) ParOldGen: 605354K(643584K)->200791K(674816K)
[4.815s][info][gc,metaspace   ] GC(22) Metaspace: 6591K(6848K)->6591K(6848K) NonClass: 6021K(6144K)->6021K(6144K) Class: 569K(704K)->569K(704K)
[4.815s][info][gc             ] GC(22) Pause Full (Ergonomics) 638M->196M(951M) 64.901ms
[4.815s][info][gc,cpu         ] GC(22) User=0.46s Sys=0.00s Real=0.06s
[4.843s][info][gc,start       ] GC(23) Pause Young (Allocation Failure)
[4.862s][info][gc,heap        ] GC(23) PSYoungGen: 249856K(299520K)->49607K(297472K) Eden: 249856K(249856K)->0K(247808K) From: 0K(49664K)->49607K(49664K)
[4.862s][info][gc,heap        ] GC(23) ParOldGen: 200791K(674816K)->244698K(674816K)
[4.862s][info][gc,metaspace   ] GC(23) Metaspace: 6591K(6848K)->6591K(6848K) NonClass: 6021K(6144K)->6021K(6144K) Class: 569K(704K)->569K(704K)
[4.862s][info][gc             ] GC(23) Pause Young (Allocation Failure) 440M->287M(949M) 18.983ms
[4.862s][info][gc,cpu         ] GC(23) User=0.18s Sys=0.00s Real=0.02s
[4.890s][info][gc,start       ] GC(24) Pause Young (Allocation Failure)
[4.912s][info][gc,heap        ] GC(24) PSYoungGen: 297366K(297472K)->50607K(298496K) Eden: 247759K(247808K)->0K(247808K) From: 49607K(49664K)->50607K(50688K)
[4.912s][info][gc,heap        ] GC(24) ParOldGen: 244698K(674816K)->311208K(674816K)
[4.912s][info][gc,metaspace   ] GC(24) Metaspace: 6591K(6848K)->6591K(6848K) NonClass: 6021K(6144K)->6021K(6144K) Class: 569K(704K)->569K(704K)
[4.912s][info][gc             ] GC(24) Pause Young (Allocation Failure) 529M->353M(950M) 21.916ms
[4.912s][info][gc,cpu         ] GC(24) User=0.21s Sys=0.00s Real=0.02s
[4.938s][info][gc,start       ] GC(25) Pause Young (Allocation Failure)
[4.961s][info][gc,heap        ] GC(25) PSYoungGen: 298355K(298496K)->50607K(293376K) Eden: 247747K(247808K)->0K(242688K) From: 50607K(50688K)->50607K(50688K)
[4.962s][info][gc,heap        ] GC(25) ParOldGen: 311208K(674816K)->379719K(674816K)
[4.962s][info][gc,metaspace   ] GC(25) Metaspace: 6591K(6848K)->6591K(6848K) NonClass: 6021K(6144K)->6021K(6144K) Class: 569K(704K)->569K(704K)
[4.962s][info][gc             ] GC(25) Pause Young (Allocation Failure) 595M->420M(945M) 23.400ms
[4.962s][info][gc,cpu         ] GC(25) User=0.22s Sys=0.00s Real=0.02s
[4.990s][info][gc,start       ] GC(26) Pause Young (Allocation Failure)
[5.013s][info][gc,heap        ] GC(26) PSYoungGen: 293293K(293376K)->53208K(295936K) Eden: 242685K(242688K)->0K(242688K) From: 50607K(50688K)->53208K(53248K)
[5.013s][info][gc,heap        ] GC(26) ParOldGen: 379719K(674816K)->445829K(674816K)
[5.013s][info][gc,metaspace   ] GC(26) Metaspace: 6592K(6848K)->6592K(6848K) NonClass: 6022K(6144K)->6022K(6144K) Class: 569K(704K)->569K(704K)
[5.013s][info][gc             ] GC(26) Pause Young (Allocation Failure) 657M->487M(948M) 23.248ms
[5.013s][info][gc,cpu         ] GC(26) User=0.22s Sys=0.00s Real=0.02s
[5.043s][info][gc,start       ] GC(27) Pause Young (Allocation Failure)
[5.067s][info][gc,heap        ] GC(27) PSYoungGen: 295877K(295936K)->53208K(289792K) Eden: 242668K(242688K)->0K(236544K) From: 53208K(53248K)->53208K(53248K)
[5.067s][info][gc,heap        ] GC(27) ParOldGen: 445829K(674816K)->511739K(674816K)
[5.067s][info][gc,metaspace   ] GC(27) Metaspace: 6592K(6848K)->6592K(6848K) NonClass: 6022K(6144K)->6022K(6144K) Class: 569K(704K)->569K(704K)
[5.067s][info][gc             ] GC(27) Pause Young (Allocation Failure) 724M->551M(942M) 24.132ms
[5.067s][info][gc,cpu         ] GC(27) User=0.24s Sys=0.00s Real=0.02s
[5.095s][info][gc,start       ] GC(28) Pause Young (Allocation Failure)
[5.118s][info][gc,heap        ] GC(28) PSYoungGen: 289703K(289792K)->56308K(292864K) Eden: 236495K(236544K)->0K(236544K) From: 53208K(53248K)->56308K(56320K)
[5.118s][info][gc,heap        ] GC(28) ParOldGen: 511739K(674816K)->574149K(674816K)
[5.118s][info][gc,metaspace   ] GC(28) Metaspace: 6592K(6848K)->6592K(6848K) NonClass: 6022K(6144K)->6022K(6144K) Class: 569K(704K)->569K(704K)
[5.118s][info][gc             ] GC(28) Pause Young (Allocation Failure) 782M->615M(945M) 23.106ms
[5.119s][info][gc,cpu         ] GC(28) User=0.22s Sys=0.00s Real=0.03s
[5.148s][info][gc,start       ] GC(29) Pause Young (Allocation Failure)
[5.569s][info][gc,heap        ] GC(29) PSYoungGen: 292803K(292864K)->56308K(284672K) Eden: 236494K(236544K)->0K(228352K) From: 56308K(56320K)->56308K(56320K)
[5.570s][info][gc,heap        ] GC(29) ParOldGen: 574149K(674816K)->635559K(674816K)
[5.570s][info][gc,metaspace   ] GC(29) Metaspace: 6592K(6848K)->6592K(6848K) NonClass: 6022K(6144K)->6022K(6144K) Class: 569K(704K)->569K(704K)
[5.570s][info][gc             ] GC(29) Pause Young (Allocation Failure) 846M->675M(937M) 421.545ms
[5.570s][info][gc,cpu         ] GC(29) User=2.22s Sys=0.86s Real=0.43s
[5.570s][info][gc,start       ] GC(30) Pause Full (Ergonomics)
[5.570s][info][gc,phases,start] GC(30) Marking Phase
[5.575s][info][gc,phases      ] GC(30) Marking Phase 5.836ms
[5.575s][info][gc,phases,start] GC(30) Summary Phase
[5.576s][info][gc,phases      ] GC(30) Summary Phase 0.119ms
[5.576s][info][gc,phases,start] GC(30) Adjust Roots
[5.576s][info][gc,phases      ] GC(30) Adjust Roots 0.325ms
[5.576s][info][gc,phases,start] GC(30) Compaction Phase
[5.612s][info][gc,phases      ] GC(30) Compaction Phase 35.961ms
[5.612s][info][gc,phases,start] GC(30) Post Compact
[5.614s][info][gc,phases      ] GC(30) Post Compact 2.433ms
[5.615s][info][gc,heap        ] GC(30) PSYoungGen: 56308K(284672K)->0K(288768K) Eden: 0K(228352K)->0K(228352K) From: 56308K(56320K)->0K(60416K)
[5.615s][info][gc,heap        ] GC(30) ParOldGen: 635559K(674816K)->200791K(699392K)
[5.615s][info][gc,metaspace   ] GC(30) Metaspace: 6592K(6848K)->6592K(6848K) NonClass: 6022K(6144K)->6022K(6144K) Class: 569K(704K)->569K(704K)
[5.615s][info][gc             ] GC(30) Pause Full (Ergonomics) 675M->196M(965M) 44.939ms
[5.615s][info][gc,cpu         ] GC(30) User=0.38s Sys=0.00s Real=0.04s
[5.642s][info][gc,start       ] GC(31) Pause Young (Allocation Failure)
[5.659s][info][gc,heap        ] GC(31) PSYoungGen: 228313K(288768K)->60409K(283648K) Eden: 228313K(228352K)->0K(223232K) From: 0K(60416K)->60409K(60416K)
[5.659s][info][gc,heap        ] GC(31) ParOldGen: 200791K(699392K)->229495K(699392K)
[5.659s][info][gc,metaspace   ] GC(31) Metaspace: 6592K(6848K)->6592K(6848K) NonClass: 6022K(6144K)->6022K(6144K) Class: 569K(704K)->569K(704K)
[5.659s][info][gc             ] GC(31) Pause Young (Allocation Failure) 419M->283M(960M) 17.196ms
[5.659s][info][gc,cpu         ] GC(31) User=0.17s Sys=0.00s Real=0.02s
[5.688s][info][gc,start       ] GC(32) Pause Young (Allocation Failure)
[5.710s][info][gc,heap        ] GC(32) PSYoungGen: 283574K(283648K)->62909K(286208K) Eden: 223164K(223232K)->0K(223232K) From: 60409K(60416K)->62909K(62976K)
[5.710s][info][gc,heap        ] GC(32) ParOldGen: 229495K(699392K)->285504K(699392K)
[5.710s][info][gc,metaspace   ] GC(32) Metaspace: 6592K(6848K)->6592K(6848K) NonClass: 6022K(6144K)->6022K(6144K) Class: 569K(704K)->569K(704K)
[5.710s][info][gc             ] GC(32) Pause Young (Allocation Failure) 501M->340M(962M) 22.331ms
[5.710s][info][gc,cpu         ] GC(32) User=0.23s Sys=0.00s Real=0.03s
[5.736s][info][gc,start       ] GC(33) Pause Young (Allocation Failure)
[5.759s][info][gc,heap        ] GC(33) PSYoungGen: 286076K(286208K)->62909K(273920K) Eden: 223166K(223232K)->0K(210944K) From: 62909K(62976K)->62909K(62976K)
[5.759s][info][gc,heap        ] GC(33) ParOldGen: 285504K(699392K)->344413K(699392K)
[5.759s][info][gc,metaspace   ] GC(33) Metaspace: 6592K(6848K)->6592K(6848K) NonClass: 6022K(6144K)->6022K(6144K) Class: 569K(704K)->569K(704K)
[5.759s][info][gc             ] GC(33) Pause Young (Allocation Failure) 558M->397M(950M) 22.565ms
[5.759s][info][gc,cpu         ] GC(33) User=0.22s Sys=0.00s Real=0.03s
[5.786s][info][gc,start       ] GC(34) Pause Young (Allocation Failure)
[5.810s][info][gc,heap        ] GC(34) PSYoungGen: 273836K(273920K)->69110K(280064K) Eden: 210926K(210944K)->0K(210944K) From: 62909K(62976K)->69110K(69120K)
[5.810s][info][gc,heap        ] GC(34) ParOldGen: 344413K(699392K)->393821K(699392K)
[5.810s][info][gc,metaspace   ] GC(34) Metaspace: 6592K(6848K)->6592K(6848K) NonClass: 6022K(6144K)->6022K(6144K) Class: 569K(704K)->569K(704K)
[5.810s][info][gc             ] GC(34) Pause Young (Allocation Failure) 603M->452M(956M) 23.687ms
[5.810s][info][gc,cpu         ] GC(34) User=0.22s Sys=0.00s Real=0.03s
[5.840s][info][gc,start       ] GC(35) Pause Young (Allocation Failure)
[5.865s][info][gc,heap        ] GC(35) PSYoungGen: 279965K(280064K)->69110K(264704K) Eden: 210854K(210944K)->0K(195584K) From: 69110K(69120K)->69110K(69120K)
[5.865s][info][gc,heap        ] GC(35) ParOldGen: 393821K(699392K)->445629K(699392K)
[5.865s][info][gc,metaspace   ] GC(35) Metaspace: 6592K(6848K)->6592K(6848K) NonClass: 6022K(6144K)->6022K(6144K) Class: 569K(704K)->569K(704K)
[5.865s][info][gc             ] GC(35) Pause Young (Allocation Failure) 657M->502M(941M) 24.951ms
[5.865s][info][gc,cpu         ] GC(35) User=0.25s Sys=0.00s Real=0.02s
[5.891s][info][gc,start       ] GC(36) Pause Young (Allocation Failure)
[5.915s][info][gc,heap        ] GC(36) PSYoungGen: 264641K(264704K)->76711K(272384K) Eden: 195531K(195584K)->0K(195584K) From: 69110K(69120K)->76711K(76800K)
[5.915s][info][gc,heap        ] GC(36) ParOldGen: 445629K(699392K)->489536K(699392K)
[5.915s][info][gc,metaspace   ] GC(36) Metaspace: 6592K(6848K)->6592K(6848K) NonClass: 6022K(6144K)->6022K(6144K) Class: 569K(704K)->569K(704K)
[5.915s][info][gc             ] GC(36) Pause Young (Allocation Failure) 693M->552M(949M) 23.357ms
[5.915s][info][gc,cpu         ] GC(36) User=0.22s Sys=0.00s Real=0.02s
[5.936s][info][gc,start       ] GC(37) Pause Young (Allocation Failure)
[5.959s][info][gc,heap        ] GC(37) PSYoungGen: 272250K(272384K)->76711K(251904K) Eden: 195538K(195584K)->0K(175104K) From: 76711K(76800K)->76711K(76800K)
[5.959s][info][gc,heap        ] GC(37) ParOldGen: 489536K(699392K)->534743K(699392K)
[5.959s][info][gc,metaspace   ] GC(37) Metaspace: 6592K(6848K)->6592K(6848K) NonClass: 6022K(6144K)->6022K(6144K) Class: 569K(704K)->569K(704K)
[5.959s][info][gc             ] GC(37) Pause Young (Allocation Failure) 743M->597M(929M) 22.801ms
[5.959s][info][gc,cpu         ] GC(37) User=0.22s Sys=0.00s Real=0.03s
[5.982s][info][gc,start       ] GC(38) Pause Young (Allocation Failure)
[6.005s][info][gc,heap        ] GC(38) PSYoungGen: 251777K(251904K)->71911K(247296K) Eden: 175065K(175104K)->0K(175104K) From: 76711K(76800K)->71911K(72192K)
[6.005s][info][gc,heap        ] GC(38) ParOldGen: 534743K(699392K)->583651K(699392K)
[6.005s][info][gc,metaspace   ] GC(38) Metaspace: 6592K(6848K)->6592K(6848K) NonClass: 6022K(6144K)->6022K(6144K) Class: 569K(704K)->569K(704K)
[6.005s][info][gc             ] GC(38) Pause Young (Allocation Failure) 768M->640M(924M) 22.943ms
[6.005s][info][gc,cpu         ] GC(38) User=0.22s Sys=0.00s Real=0.02s
[6.022s][info][gc,start       ] GC(39) Pause Young (Allocation Failure)
[6.046s][info][gc,heap        ] GC(39) PSYoungGen: 246936K(247296K)->72911K(257536K) Eden: 175025K(175104K)->0K(168960K) From: 71911K(72192K)->72911K(88576K)
[6.046s][info][gc,heap        ] GC(39) ParOldGen: 583651K(699392K)->630358K(699392K)
[6.046s][info][gc,metaspace   ] GC(39) Metaspace: 6592K(6848K)->6592K(6848K) NonClass: 6022K(6144K)->6022K(6144K) Class: 569K(704K)->569K(704K)
[6.046s][info][gc             ] GC(39) Pause Young (Allocation Failure) 811M->686M(934M) 23.139ms
[6.046s][info][gc,cpu         ] GC(39) User=0.22s Sys=0.00s Real=0.02s
[6.046s][info][gc,start       ] GC(40) Pause Full (Ergonomics)
[6.046s][info][gc,phases,start] GC(40) Marking Phase
[6.047s][info][gc,phases      ] GC(40) Marking Phase 1.415ms
[6.047s][info][gc,phases,start] GC(40) Summary Phase
[6.047s][info][gc,phases      ] GC(40) Summary Phase 0.019ms
[6.047s][info][gc,phases,start] GC(40) Adjust Roots
[6.047s][info][gc,phases      ] GC(40) Adjust Roots 0.361ms
[6.047s][info][gc,phases,start] GC(40) Compaction Phase
[6.085s][info][gc,phases      ] GC(40) Compaction Phase 37.085ms
[6.085s][info][gc,phases,start] GC(40) Post Compact
[6.087s][info][gc,phases      ] GC(40) Post Compact 2.546ms
[6.087s][info][gc,heap        ] GC(40) PSYoungGen: 72911K(257536K)->0K(259072K) Eden: 0K(168960K)->0K(168960K) From: 72911K(88576K)->0K(90112K)
[6.087s][info][gc,heap        ] GC(40) ParOldGen: 630358K(699392K)->200791K(699392K)
[6.087s][info][gc,metaspace   ] GC(40) Metaspace: 6592K(6848K)->6592K(6848K) NonClass: 6022K(6144K)->6022K(6144K) Class: 569K(704K)->569K(704K)
[6.087s][info][gc             ] GC(40) Pause Full (Ergonomics) 686M->196M(936M) 41.673ms
[6.087s][info][gc,cpu         ] GC(40) User=0.38s Sys=0.00s Real=0.04s
[6.101s][info][gc,start       ] GC(41) Pause Young (Allocation Failure)
[6.114s][info][gc,heap        ] GC(41) PSYoungGen: 168916K(259072K)->66810K(260096K) Eden: 168916K(168960K)->0K(169984K) From: 0K(90112K)->66810K(90112K)
[6.114s][info][gc,heap        ] GC(41) ParOldGen: 200791K(699392K)->200791K(699392K)
[6.114s][info][gc,metaspace   ] GC(41) Metaspace: 6592K(6848K)->6592K(6848K) NonClass: 6022K(6144K)->6022K(6144K) Class: 569K(704K)->569K(704K)
[6.114s][info][gc             ] GC(41) Pause Young (Allocation Failure) 361M->261M(937M) 12.363ms
[6.114s][info][gc,cpu         ] GC(41) User=0.11s Sys=0.00s Real=0.01s
[6.130s][info][gc,start       ] GC(42) Pause Young (Allocation Failure)
[6.150s][info][gc,heap        ] GC(42) PSYoungGen: 236703K(260096K)->67110K(259072K) Eden: 169892K(169984K)->0K(169984K) From: 66810K(90112K)->67110K(89088K)
[6.150s][info][gc,heap        ] GC(42) ParOldGen: 200791K(699392K)->243698K(699392K)
[6.150s][info][gc,metaspace   ] GC(42) Metaspace: 6592K(6848K)->6592K(6848K) NonClass: 6022K(6144K)->6022K(6144K) Class: 569K(704K)->569K(704K)
[6.150s][info][gc             ] GC(42) Pause Young (Allocation Failure) 427M->303M(936M) 20.314ms
[6.150s][info][gc,cpu         ] GC(42) User=0.20s Sys=0.00s Real=0.02s
[6.170s][info][gc,start       ] GC(43) Pause Young (Allocation Failure)
[6.191s][info][gc,heap        ] GC(43) PSYoungGen: 237094K(259072K)->67710K(261632K) Eden: 169984K(169984K)->0K(173568K) From: 67110K(89088K)->67710K(88064K)
[6.191s][info][gc,heap        ] GC(43) ParOldGen: 243698K(699392K)->288705K(699392K)
[6.191s][info][gc,metaspace   ] GC(43) Metaspace: 6592K(6848K)->6592K(6848K) NonClass: 6022K(6144K)->6022K(6144K) Class: 569K(704K)->569K(704K)
[6.191s][info][gc             ] GC(43) Pause Young (Allocation Failure) 469M->348M(938M) 21.521ms
[6.191s][info][gc,cpu         ] GC(43) User=0.21s Sys=0.00s Real=0.02s
[6.210s][info][gc,start       ] GC(44) Pause Young (Allocation Failure)
[6.232s][info][gc,heap        ] GC(44) PSYoungGen: 241278K(261632K)->70711K(261120K) Eden: 173568K(173568K)->0K(173568K) From: 67710K(88064K)->70711K(87552K)
[6.233s][info][gc,heap        ] GC(44) ParOldGen: 288705K(699392K)->332811K(699392K)
[6.233s][info][gc,metaspace   ] GC(44) Metaspace: 6592K(6848K)->6592K(6848K) NonClass: 6022K(6144K)->6022K(6144K) Class: 569K(704K)->569K(704K)
[6.233s][info][gc             ] GC(44) Pause Young (Allocation Failure) 517M->394M(938M) 22.145ms
[6.233s][info][gc,cpu         ] GC(44) User=0.21s Sys=0.00s Real=0.02s
[6.251s][info][gc,start       ] GC(45) Pause Young (Allocation Failure)
[6.273s][info][gc,heap        ] GC(45) PSYoungGen: 244215K(261120K)->71311K(260608K) Eden: 173503K(173568K)->0K(173056K) From: 70711K(87552K)->71311K(87552K)
[6.273s][info][gc,heap        ] GC(45) ParOldGen: 332811K(699392K)->376418K(699392K)
[6.273s][info][gc,metaspace   ] GC(45) Metaspace: 6592K(6848K)->6592K(6848K) NonClass: 6022K(6144K)->6022K(6144K) Class: 569K(704K)->569K(704K)
[6.273s][info][gc             ] GC(45) Pause Young (Allocation Failure) 563M->437M(937M) 21.821ms
[6.273s][info][gc,cpu         ] GC(45) User=0.20s Sys=0.00s Real=0.02s
[6.291s][info][gc,start       ] GC(46) Pause Young (Allocation Failure)
[6.313s][info][gc,heap        ] GC(46) PSYoungGen: 244282K(260608K)->71011K(261120K) Eden: 172971K(173056K)->0K(173056K) From: 71311K(87552K)->71011K(88064K)
[6.313s][info][gc,heap        ] GC(46) ParOldGen: 376418K(699392K)->422625K(699392K)
[6.313s][info][gc,metaspace   ] GC(46) Metaspace: 6592K(6848K)->6592K(6848K) NonClass: 6022K(6144K)->6022K(6144K) Class: 569K(704K)->569K(704K)
[6.313s][info][gc             ] GC(46) Pause Young (Allocation Failure) 606M->482M(938M) 22.349ms
[6.313s][info][gc,cpu         ] GC(46) User=0.22s Sys=0.00s Real=0.02s
[6.331s][info][gc,start       ] GC(47) Pause Young (Allocation Failure)
[6.355s][info][gc,heap        ] GC(47) PSYoungGen: 244011K(261120K)->70611K(261632K) Eden: 173000K(173056K)->0K(173568K) From: 71011K(88064K)->70611K(88064K)
[6.355s][info][gc,heap        ] GC(47) ParOldGen: 422625K(699392K)->468433K(699392K)
[6.355s][info][gc,metaspace   ] GC(47) Metaspace: 6592K(6848K)->6592K(6848K) NonClass: 6022K(6144K)->6022K(6144K) Class: 569K(704K)->569K(704K)
[6.355s][info][gc             ] GC(47) Pause Young (Allocation Failure) 651M->526M(938M) 24.359ms
[6.355s][info][gc,cpu         ] GC(47) User=0.24s Sys=0.00s Real=0.02s
[6.374s][info][gc,start       ] GC(48) Pause Young (Allocation Failure)
[6.395s][info][gc,heap        ] GC(48) PSYoungGen: 244154K(261632K)->70010K(261120K) Eden: 173543K(173568K)->0K(173568K) From: 70611K(88064K)->70010K(87552K)
[6.395s][info][gc,heap        ] GC(48) ParOldGen: 468433K(699392K)->514940K(699392K)
[6.395s][info][gc,metaspace   ] GC(48) Metaspace: 6592K(6848K)->6592K(6848K) NonClass: 6022K(6144K)->6022K(6144K) Class: 569K(704K)->569K(704K)
[6.395s][info][gc             ] GC(48) Pause Young (Allocation Failure) 695M->571M(938M) 21.184ms
[6.395s][info][gc,cpu         ] GC(48) User=0.20s Sys=0.00s Real=0.02s
[6.413s][info][gc,start       ] GC(49) Pause Young (Allocation Failure)
[6.434s][info][gc,heap        ] GC(49) PSYoungGen: 243499K(261120K)->72811K(262144K) Eden: 173488K(173568K)->0K(175104K) From: 70010K(87552K)->72811K(87040K)
[6.434s][info][gc,heap        ] GC(49) ParOldGen: 514940K(699392K)->559547K(699392K)
[6.434s][info][gc,metaspace   ] GC(49) Metaspace: 6592K(6848K)->6592K(6848K) NonClass: 6022K(6144K)->6022K(6144K) Class: 569K(704K)->569K(704K)
[6.434s][info][gc             ] GC(49) Pause Young (Allocation Failure) 740M->617M(939M) 21.985ms
[6.434s][info][gc,cpu         ] GC(49) User=0.21s Sys=0.00s Real=0.02s
[6.456s][info][gc,start       ] GC(50) Pause Young (Allocation Failure)
[6.479s][info][gc,heap        ] GC(50) PSYoungGen: 247829K(262144K)->71711K(262144K) Eden: 175017K(175104K)->0K(175104K) From: 72811K(87040K)->71711K(87040K)
[6.479s][info][gc,heap        ] GC(50) ParOldGen: 559547K(699392K)->607754K(699392K)
[6.479s][info][gc,metaspace   ] GC(50) Metaspace: 6592K(6848K)->6592K(6848K) NonClass: 6022K(6144K)->6022K(6144K) Class: 569K(704K)->569K(704K)
[6.480s][info][gc             ] GC(50) Pause Young (Allocation Failure) 788M->663M(939M) 23.158ms
[6.480s][info][gc,cpu         ] GC(50) User=0.24s Sys=0.00s Real=0.03s
[6.501s][info][gc,start       ] GC(51) Pause Young (Allocation Failure)
[6.728s][info][gc,heap        ] GC(51) PSYoungGen: 246798K(262144K)->68910K(263680K) Eden: 175087K(175104K)->0K(176640K) From: 71711K(87040K)->68910K(87040K)
[6.728s][info][gc,heap        ] GC(51) ParOldGen: 607754K(699392K)->655862K(699392K)
[6.728s][info][gc,metaspace   ] GC(51) Metaspace: 6592K(6848K)->6592K(6848K) NonClass: 6022K(6144K)->6022K(6144K) Class: 569K(704K)->569K(704K)
[6.728s][info][gc             ] GC(51) Pause Young (Allocation Failure) 834M->707M(940M) 226.603ms
[6.728s][info][gc,cpu         ] GC(51) User=1.45s Sys=0.00s Real=0.22s
[6.728s][info][gc,start       ] GC(52) Pause Full (Ergonomics)
[6.728s][info][gc,phases,start] GC(52) Marking Phase
[6.948s][info][gc,phases      ] GC(52) Marking Phase 220.008ms
[6.948s][info][gc,phases,start] GC(52) Summary Phase
[6.948s][info][gc,phases      ] GC(52) Summary Phase 0.027ms
[6.948s][info][gc,phases,start] GC(52) Adjust Roots
[6.948s][info][gc,phases      ] GC(52) Adjust Roots 0.475ms
[6.948s][info][gc,phases,start] GC(52) Compaction Phase
[6.983s][info][gc,phases      ] GC(52) Compaction Phase 34.922ms
[6.983s][info][gc,phases,start] GC(52) Post Compact
[6.985s][info][gc,phases      ] GC(52) Post Compact 1.955ms
[6.985s][info][gc,heap        ] GC(52) PSYoungGen: 68910K(263680K)->0K(262144K) Eden: 0K(176640K)->0K(176640K) From: 68910K(87040K)->0K(85504K)
[6.985s][info][gc,heap        ] GC(52) ParOldGen: 655862K(699392K)->200791K(699392K)
[6.985s][info][gc,metaspace   ] GC(52) Metaspace: 6592K(6848K)->6592K(6848K) NonClass: 6022K(6144K)->6022K(6144K) Class: 569K(704K)->569K(704K)
[6.985s][info][gc             ] GC(52) Pause Full (Ergonomics) 707M->196M(939M) 257.669ms
[6.985s][info][gc,cpu         ] GC(52) User=0.79s Sys=0.00s Real=0.26s
[7.039s][info][gc,start       ] GC(53) Pause Young (Allocation Failure)
[7.053s][info][gc,heap        ] GC(53) PSYoungGen: 176640K(262144K)->72611K(263680K) Eden: 176640K(176640K)->0K(178176K) From: 0K(85504K)->72611K(85504K)
[7.053s][info][gc,heap        ] GC(53) ParOldGen: 200791K(699392K)->200791K(699392K)
[7.053s][info][gc,metaspace   ] GC(53) Metaspace: 6592K(6848K)->6592K(6848K) NonClass: 6022K(6144K)->6022K(6144K) Class: 569K(704K)->569K(704K)
[7.053s][info][gc             ] GC(53) Pause Young (Allocation Failure) 368M->266M(940M) 13.860ms
[7.053s][info][gc,cpu         ] GC(53) User=0.13s Sys=0.00s Real=0.01s
[7.069s][info][gc,start       ] GC(54) Pause Young (Allocation Failure)
[7.091s][info][gc,heap        ] GC(54) PSYoungGen: 250770K(263680K)->69010K(263680K) Eden: 178159K(178176K)->0K(178176K) From: 72611K(85504K)->69010K(85504K)
[7.092s][info][gc,heap        ] GC(54) ParOldGen: 200791K(699392K)->248298K(699392K)
[7.092s][info][gc,metaspace   ] GC(54) Metaspace: 6592K(6848K)->6592K(6848K) NonClass: 6022K(6144K)->6022K(6144K) Class: 569K(704K)->569K(704K)
[7.092s][info][gc             ] GC(54) Pause Young (Allocation Failure) 440M->309M(940M) 22.597ms
[7.092s][info][gc,cpu         ] GC(54) User=0.21s Sys=0.00s Real=0.02s
[7.110s][info][gc,start       ] GC(55) Pause Young (Allocation Failure)
[7.132s][info][gc,heap        ] GC(55) PSYoungGen: 247186K(263680K)->71011K(265728K) Eden: 178176K(178176K)->0K(181760K) From: 69010K(85504K)->71011K(83968K)
[7.132s][info][gc,heap        ] GC(55) ParOldGen: 248298K(699392K)->292405K(699392K)
[7.132s][info][gc,metaspace   ] GC(55) Metaspace: 6592K(6848K)->6592K(6848K) NonClass: 6022K(6144K)->6022K(6144K) Class: 569K(704K)->569K(704K)
[7.132s][info][gc             ] GC(55) Pause Young (Allocation Failure) 483M->354M(942M) 22.026ms
[7.132s][info][gc,cpu         ] GC(55) User=0.22s Sys=0.00s Real=0.02s
[7.155s][info][gc,start       ] GC(56) Pause Young (Allocation Failure)
[7.177s][info][gc,heap        ] GC(56) PSYoungGen: 252735K(265728K)->76812K(259072K) Eden: 181724K(181760K)->0K(181760K) From: 71011K(83968K)->76812K(77312K)
[7.177s][info][gc,heap        ] GC(56) ParOldGen: 292405K(699392K)->336312K(699392K)
[7.177s][info][gc,metaspace   ] GC(56) Metaspace: 6592K(6848K)->6592K(6848K) NonClass: 6022K(6144K)->6022K(6144K) Class: 569K(704K)->569K(704K)
[7.177s][info][gc             ] GC(56) Pause Young (Allocation Failure) 532M->403M(936M) 22.584ms
[7.177s][info][gc,cpu         ] GC(56) User=0.21s Sys=0.00s Real=0.02s
[7.200s][info][gc,start       ] GC(57) Pause Young (Allocation Failure)
[7.226s][info][gc,heap        ] GC(57) PSYoungGen: 258487K(259072K)->73611K(264192K) Eden: 181675K(181760K)->0K(179200K) From: 76812K(77312K)->73611K(84992K)
[7.226s][info][gc,heap        ] GC(57) ParOldGen: 336312K(699392K)->385620K(699392K)
[7.226s][info][gc,metaspace   ] GC(57) Metaspace: 6592K(6848K)->6592K(6848K) NonClass: 6022K(6144K)->6022K(6144K) Class: 569K(704K)->569K(704K)
[7.226s][info][gc             ] GC(57) Pause Young (Allocation Failure) 580M->448M(941M) 25.655ms
[7.226s][info][gc,cpu         ] GC(57) User=0.25s Sys=0.00s Real=0.02s
[7.251s][info][gc,start       ] GC(58) Pause Young (Allocation Failure)
[7.275s][info][gc,heap        ] GC(58) PSYoungGen: 252739K(264192K)->71111K(264192K) Eden: 179128K(179200K)->0K(179200K) From: 73611K(84992K)->71111K(84992K)
[7.275s][info][gc,heap        ] GC(58) ParOldGen: 385620K(699392K)->432127K(699392K)
[7.275s][info][gc,metaspace   ] GC(58) Metaspace: 6592K(6848K)->6592K(6848K) NonClass: 6022K(6144K)->6022K(6144K) Class: 569K(704K)->569K(704K)
[7.275s][info][gc             ] GC(58) Pause Young (Allocation Failure) 623M->491M(941M) 23.873ms
[7.275s][info][gc,cpu         ] GC(58) User=0.22s Sys=0.00s Real=0.02s
[7.302s][info][gc,start       ] GC(59) Pause Young (Allocation Failure)
[7.326s][info][gc,heap        ] GC(59) PSYoungGen: 250277K(264192K)->72811K(265216K) Eden: 179166K(179200K)->0K(181248K) From: 71111K(84992K)->72811K(83968K)
[7.326s][info][gc,heap        ] GC(59) ParOldGen: 432127K(699392K)->477334K(699392K)
[7.326s][info][gc,metaspace   ] GC(59) Metaspace: 6592K(6848K)->6592K(6848K) NonClass: 6022K(6144K)->6022K(6144K) Class: 569K(704K)->569K(704K)
[7.326s][info][gc             ] GC(59) Pause Young (Allocation Failure) 666M->537M(942M) 23.665ms
[7.326s][info][gc,cpu         ] GC(59) User=0.23s Sys=0.00s Real=0.02s
[7.353s][info][gc,start       ] GC(60) Pause Young (Allocation Failure)
[7.378s][info][gc,heap        ] GC(60) PSYoungGen: 253983K(265216K)->72811K(265216K) Eden: 181172K(181248K)->0K(181248K) From: 72811K(83968K)->72811K(83968K)
[7.378s][info][gc,heap        ] GC(60) ParOldGen: 477334K(699392K)->525141K(699392K)
[7.378s][info][gc,metaspace   ] GC(60) Metaspace: 6592K(6848K)->6592K(6848K) NonClass: 6022K(6144K)->6022K(6144K) Class: 569K(704K)->569K(704K)
[7.378s][info][gc             ] GC(60) Pause Young (Allocation Failure) 714M->583M(942M) 24.498ms
[7.378s][info][gc,cpu         ] GC(60) User=0.23s Sys=0.00s Real=0.02s
[7.403s][info][gc,start       ] GC(61) Pause Young (Allocation Failure)
[7.428s][info][gc,heap        ] GC(61) PSYoungGen: 253976K(265216K)->71011K(266752K) Eden: 181164K(181248K)->0K(183296K) From: 72811K(83968K)->71011K(83456K)
[7.429s][info][gc,heap        ] GC(61) ParOldGen: 525141K(699392K)->572549K(699392K)
[7.429s][info][gc,metaspace   ] GC(61) Metaspace: 6592K(6848K)->6592K(6848K) NonClass: 6022K(6144K)->6022K(6144K) Class: 569K(704K)->569K(704K)
[7.429s][info][gc             ] GC(61) Pause Young (Allocation Failure) 760M->628M(943M) 25.130ms
[7.429s][info][gc,cpu         ] GC(61) User=0.24s Sys=0.00s Real=0.03s
[7.450s][info][gc,start       ] GC(62) Pause Young (Allocation Failure)
[7.473s][info][gc,heap        ] GC(62) PSYoungGen: 254292K(266752K)->78412K(262144K) Eden: 183281K(183296K)->0K(183296K) From: 71011K(83456K)->78412K(78848K)
[7.473s][info][gc,heap        ] GC(62) ParOldGen: 572549K(699392K)->615456K(699392K)
[7.473s][info][gc,metaspace   ] GC(62) Metaspace: 6592K(6848K)->6592K(6848K) NonClass: 6022K(6144K)->6022K(6144K) Class: 569K(704K)->569K(704K)
[7.473s][info][gc             ] GC(62) Pause Young (Allocation Failure) 807M->677M(939M) 22.594ms
[7.473s][info][gc,cpu         ] GC(62) User=0.22s Sys=0.00s Real=0.02s
[7.492s][info][gc,start       ] GC(63) Pause Young (Allocation Failure)
[7.547s][info][gc,heap        ] GC(63) PSYoungGen: 261705K(262144K)->76812K(263168K) Eden: 183293K(183296K)->0K(179200K) From: 78412K(78848K)->76812K(83968K)
[7.547s][info][gc,heap        ] GC(63) ParOldGen: 615456K(699392K)->663463K(699392K)
[7.547s][info][gc,metaspace   ] GC(63) Metaspace: 6592K(6848K)->6592K(6848K) NonClass: 6022K(6144K)->6022K(6144K) Class: 569K(704K)->569K(704K)
[7.547s][info][gc             ] GC(63) Pause Young (Allocation Failure) 856M->722M(940M) 55.260ms
[7.547s][info][gc,cpu         ] GC(63) User=0.35s Sys=0.00s Real=0.05s
[7.547s][info][gc,start       ] GC(64) Pause Full (Ergonomics)
[7.547s][info][gc,phases,start] GC(64) Marking Phase
[7.558s][info][gc,phases      ] GC(64) Marking Phase 11.069ms
[7.558s][info][gc,phases,start] GC(64) Summary Phase
[7.558s][info][gc,phases      ] GC(64) Summary Phase 0.058ms
[7.558s][info][gc,phases,start] GC(64) Adjust Roots
[7.559s][info][gc,phases      ] GC(64) Adjust Roots 0.437ms
[7.559s][info][gc,phases,start] GC(64) Compaction Phase
[7.593s][info][gc,phases      ] GC(64) Compaction Phase 34.796ms
[7.594s][info][gc,phases,start] GC(64) Post Compact
[7.595s][info][gc,phases      ] GC(64) Post Compact 1.938ms
[7.596s][info][gc,heap        ] GC(64) PSYoungGen: 76812K(263168K)->0K(264192K) Eden: 0K(179200K)->0K(179200K) From: 76812K(83968K)->0K(84992K)
[7.596s][info][gc,heap        ] GC(64) ParOldGen: 663463K(699392K)->200791K(699392K)
[7.596s][info][gc,metaspace   ] GC(64) Metaspace: 6592K(6848K)->6592K(6848K) NonClass: 6022K(6144K)->6022K(6144K) Class: 569K(704K)->569K(704K)
[7.596s][info][gc             ] GC(64) Pause Full (Ergonomics) 722M->196M(941M) 48.499ms
[7.596s][info][gc,cpu         ] GC(64) User=0.40s Sys=0.00s Real=0.05s
[7.610s][info][gc,start       ] GC(65) Pause Young (Allocation Failure)
[7.624s][info][gc,heap        ] GC(65) PSYoungGen: 179109K(264192K)->70511K(265216K) Eden: 179109K(179200K)->0K(180224K) From: 0K(84992K)->70511K(84992K)
[7.624s][info][gc,heap        ] GC(65) ParOldGen: 200791K(699392K)->200791K(699392K)
[7.624s][info][gc,metaspace   ] GC(65) Metaspace: 6592K(6848K)->6592K(6848K) NonClass: 6022K(6144K)->6022K(6144K) Class: 569K(704K)->569K(704K)
[7.624s][info][gc             ] GC(65) Pause Young (Allocation Failure) 370M->264M(942M) 13.859ms
[7.624s][info][gc,cpu         ] GC(65) User=0.13s Sys=0.00s Real=0.01s
[7.638s][info][gc,start       ] GC(66) Pause Young (Allocation Failure)
[8.014s][info][gc,heap        ] GC(66) PSYoungGen: 250644K(265216K)->71211K(264192K) Eden: 180133K(180224K)->0K(180224K) From: 70511K(84992K)->71211K(83968K)
[8.014s][info][gc,heap        ] GC(66) ParOldGen: 200791K(699392K)->245998K(699392K)
[8.014s][info][gc,metaspace   ] GC(66) Metaspace: 6592K(6848K)->6592K(6848K) NonClass: 6022K(6144K)->6022K(6144K) Class: 569K(704K)->569K(704K)
[8.014s][info][gc             ] GC(66) Pause Young (Allocation Failure) 440M->309M(941M) 376.306ms
[8.014s][info][gc,cpu         ] GC(66) User=3.22s Sys=0.53s Real=0.38s
[8.048s][info][gc,start       ] GC(67) Pause Young (Allocation Failure)
[8.070s][info][gc,heap        ] GC(67) PSYoungGen: 251347K(264192K)->71511K(267776K) Eden: 180136K(180224K)->0K(184832K) From: 71211K(83968K)->71511K(82944K)
[8.070s][info][gc,heap        ] GC(67) ParOldGen: 245998K(699392K)->292405K(699392K)
[8.070s][info][gc,metaspace   ] GC(67) Metaspace: 6592K(6848K)->6592K(6848K) NonClass: 6022K(6144K)->6022K(6144K) Class: 569K(704K)->569K(704K)
[8.070s][info][gc             ] GC(67) Pause Young (Allocation Failure) 485M->355M(944M) 22.013ms
[8.070s][info][gc,cpu         ] GC(67) User=0.21s Sys=0.00s Real=0.03s
[8.088s][info][gc,start       ] GC(68) Pause Young (Allocation Failure)
[8.110s][info][gc,heap        ] GC(68) PSYoungGen: 256275K(267776K)->72711K(266240K) Eden: 184764K(184832K)->0K(184832K) From: 71511K(82944K)->72711K(81408K)
[8.110s][info][gc,heap        ] GC(68) ParOldGen: 292405K(699392K)->336912K(699392K)
[8.110s][info][gc,metaspace   ] GC(68) Metaspace: 6592K(6848K)->6592K(6848K) NonClass: 6022K(6144K)->6022K(6144K) Class: 569K(704K)->569K(704K)
[8.110s][info][gc             ] GC(68) Pause Young (Allocation Failure) 535M->400M(943M) 22.058ms
[8.110s][info][gc,cpu         ] GC(68) User=0.22s Sys=0.00s Real=0.02s
[8.129s][info][gc,start       ] GC(69) Pause Young (Allocation Failure)
[8.150s][info][gc,heap        ] GC(69) PSYoungGen: 257522K(266240K)->69610K(268800K) Eden: 184811K(184832K)->0K(187904K) From: 72711K(81408K)->69610K(80896K)
[8.150s][info][gc,heap        ] GC(69) ParOldGen: 336912K(699392K)->383919K(699392K)
[8.150s][info][gc,metaspace   ] GC(69) Metaspace: 6592K(6848K)->6592K(6848K) NonClass: 6022K(6144K)->6022K(6144K) Class: 569K(704K)->569K(704K)
[8.150s][info][gc             ] GC(69) Pause Young (Allocation Failure) 580M->442M(945M) 21.559ms
[8.150s][info][gc,cpu         ] GC(69) User=0.21s Sys=0.00s Real=0.02s
[8.174s][info][gc,start       ] GC(70) Pause Young (Allocation Failure)
[8.197s][info][gc,heap        ] GC(70) PSYoungGen: 257487K(268800K)->78312K(266240K) Eden: 187876K(187904K)->0K(187904K) From: 69610K(80896K)->78312K(78336K)
[8.197s][info][gc,heap        ] GC(70) ParOldGen: 383919K(699392K)->427326K(699392K)
[8.197s][info][gc,metaspace   ] GC(70) Metaspace: 6592K(6848K)->6592K(6848K) NonClass: 6022K(6144K)->6022K(6144K) Class: 569K(704K)->569K(704K)
[8.197s][info][gc             ] GC(70) Pause Young (Allocation Failure) 626M->493M(943M) 22.864ms
[8.197s][info][gc,cpu         ] GC(70) User=0.23s Sys=0.00s Real=0.02s
[8.219s][info][gc,start       ] GC(71) Pause Young (Allocation Failure)
[8.242s][info][gc,heap        ] GC(71) PSYoungGen: 266150K(266240K)->74011K(267264K) Eden: 187838K(187904K)->0K(185344K) From: 78312K(78336K)->74011K(81920K)
[8.242s][info][gc,heap        ] GC(71) ParOldGen: 427326K(699392K)->477834K(699392K)
[8.242s][info][gc,metaspace   ] GC(71) Metaspace: 6592K(6848K)->6592K(6848K) NonClass: 6022K(6144K)->6022K(6144K) Class: 569K(704K)->569K(704K)
[8.242s][info][gc             ] GC(71) Pause Young (Allocation Failure) 677M->538M(944M) 22.981ms
[8.242s][info][gc,cpu         ] GC(71) User=0.23s Sys=0.00s Real=0.02s
[8.261s][info][gc,start       ] GC(72) Pause Young (Allocation Failure)
[8.285s][info][gc,heap        ] GC(72) PSYoungGen: 259286K(267264K)->75311K(267264K) Eden: 185275K(185344K)->0K(185344K) From: 74011K(81920K)->75311K(81920K)
[8.285s][info][gc,heap        ] GC(72) ParOldGen: 477834K(699392K)->523641K(699392K)
[8.285s][info][gc,metaspace   ] GC(72) Metaspace: 6592K(6848K)->6592K(6848K) NonClass: 6022K(6144K)->6022K(6144K) Class: 569K(704K)->569K(704K)
[8.285s][info][gc             ] GC(72) Pause Young (Allocation Failure) 719M->584M(944M) 23.399ms
[8.285s][info][gc,cpu         ] GC(72) User=0.22s Sys=0.00s Real=0.02s
[8.304s][info][gc,start       ] GC(73) Pause Young (Allocation Failure)
[8.329s][info][gc,heap        ] GC(73) PSYoungGen: 260654K(267264K)->71611K(267776K) Eden: 185342K(185344K)->0K(185856K) From: 75311K(81920K)->71611K(81920K)
[8.329s][info][gc,heap        ] GC(73) ParOldGen: 523641K(699392K)->573249K(699392K)
[8.329s][info][gc,metaspace   ] GC(73) Metaspace: 6592K(6848K)->6592K(6848K) NonClass: 6022K(6144K)->6022K(6144K) Class: 569K(704K)->569K(704K)
[8.329s][info][gc             ] GC(73) Pause Young (Allocation Failure) 765M->629M(944M) 24.286ms
[8.329s][info][gc,cpu         ] GC(73) User=0.23s Sys=0.00s Real=0.03s
[8.346s][info][gc,start       ] GC(74) Pause Young (Allocation Failure)
[8.370s][info][gc,heap        ] GC(74) PSYoungGen: 257445K(267776K)->74111K(267264K) Eden: 185833K(185856K)->0K(185856K) From: 71611K(81920K)->74111K(81408K)
[8.370s][info][gc,heap        ] GC(74) ParOldGen: 573249K(699392K)->618056K(699392K)
[8.370s][info][gc,metaspace   ] GC(74) Metaspace: 6592K(6848K)->6592K(6848K) NonClass: 6022K(6144K)->6022K(6144K) Class: 569K(704K)->569K(704K)
[8.370s][info][gc             ] GC(74) Pause Young (Allocation Failure) 811M->675M(944M) 24.624ms
[8.370s][info][gc,cpu         ] GC(74) User=0.24s Sys=0.00s Real=0.03s
[8.394s][info][gc,start       ] GC(75) Pause Young (Allocation Failure)
[8.421s][info][gc,heap        ] GC(75) PSYoungGen: 259895K(267264K)->72711K(268800K) Eden: 185783K(185856K)->0K(187904K) From: 74111K(81408K)->72711K(80896K)
[8.421s][info][gc,heap        ] GC(75) ParOldGen: 618056K(699392K)->664163K(699392K)
[8.421s][info][gc,metaspace   ] GC(75) Metaspace: 6592K(6848K)->6592K(6848K) NonClass: 6022K(6144K)->6022K(6144K) Class: 569K(704K)->569K(704K)
[8.421s][info][gc             ] GC(75) Pause Young (Allocation Failure) 857M->719M(945M) 27.199ms
[8.421s][info][gc,cpu         ] GC(75) User=0.25s Sys=0.00s Real=0.03s
[8.421s][info][gc,start       ] GC(76) Pause Full (Ergonomics)
[8.421s][info][gc,phases,start] GC(76) Marking Phase
[8.424s][info][gc,phases      ] GC(76) Marking Phase 3.090ms
[8.424s][info][gc,phases,start] GC(76) Summary Phase
[8.424s][info][gc,phases      ] GC(76) Summary Phase 0.019ms
[8.424s][info][gc,phases,start] GC(76) Adjust Roots
[8.425s][info][gc,phases      ] GC(76) Adjust Roots 0.358ms
[8.425s][info][gc,phases,start] GC(76) Compaction Phase
[8.462s][info][gc,phases      ] GC(76) Compaction Phase 37.341ms
[8.462s][info][gc,phases,start] GC(76) Post Compact
[8.465s][info][gc,phases      ] GC(76) Post Compact 2.597ms
[8.465s][info][gc,heap        ] GC(76) PSYoungGen: 72711K(268800K)->0K(268288K) Eden: 0K(187904K)->0K(187904K) From: 72711K(80896K)->0K(80384K)
[8.465s][info][gc,heap        ] GC(76) ParOldGen: 664163K(699392K)->200791K(699392K)
[8.465s][info][gc,metaspace   ] GC(76) Metaspace: 6592K(6848K)->6592K(6848K) NonClass: 6022K(6144K)->6022K(6144K) Class: 569K(704K)->569K(704K)
[8.465s][info][gc             ] GC(76) Pause Full (Ergonomics) 719M->196M(945M) 43.941ms
[8.465s][info][gc,cpu         ] GC(76) User=0.38s Sys=0.00s Real=0.04s
[8.487s][info][gc,start       ] GC(77) Pause Young (Allocation Failure)
[8.501s][info][gc,heap        ] GC(77) PSYoungGen: 187904K(268288K)->78012K(266752K) Eden: 187904K(187904K)->0K(186368K) From: 0K(80384K)->78012K(80384K)
[8.501s][info][gc,heap        ] GC(77) ParOldGen: 200791K(699392K)->200791K(699392K)
[8.501s][info][gc,metaspace   ] GC(77) Metaspace: 6592K(6848K)->6592K(6848K) NonClass: 6022K(6144K)->6022K(6144K) Class: 569K(704K)->569K(704K)
[8.501s][info][gc             ] GC(77) Pause Young (Allocation Failure) 379M->272M(943M) 14.830ms
[8.501s][info][gc,cpu         ] GC(77) User=0.14s Sys=0.00s Real=0.02s
[8.527s][info][gc,start       ] GC(78) Pause Young (Allocation Failure)
[8.551s][info][gc,heap        ] GC(78) PSYoungGen: 264316K(266752K)->72911K(267776K) Eden: 186304K(186368K)->0K(186368K) From: 78012K(80384K)->72911K(81408K)
[8.551s][info][gc,heap        ] GC(78) ParOldGen: 200791K(699392K)->251499K(699392K)
[8.551s][info][gc,metaspace   ] GC(78) Metaspace: 6592K(6848K)->6592K(6848K) NonClass: 6022K(6144K)->6022K(6144K) Class: 569K(704K)->569K(704K)
[8.551s][info][gc             ] GC(78) Pause Young (Allocation Failure) 454M->316M(944M) 23.423ms
[8.551s][info][gc,cpu         ] GC(78) User=0.22s Sys=0.00s Real=0.03s
[8.570s][info][gc,start       ] GC(79) Pause Young (Allocation Failure)
[8.593s][info][gc,heap        ] GC(79) PSYoungGen: 259245K(267776K)->76211K(268288K) Eden: 186333K(186368K)->0K(187392K) From: 72911K(81408K)->76211K(80896K)
[8.593s][info][gc,heap        ] GC(79) ParOldGen: 251499K(699392K)->295506K(699392K)
[8.593s][info][gc,metaspace   ] GC(79) Metaspace: 6592K(6848K)->6592K(6848K) NonClass: 6022K(6144K)->6022K(6144K) Class: 569K(704K)->569K(704K)
[8.593s][info][gc             ] GC(79) Pause Young (Allocation Failure) 498M->363M(945M) 23.124ms
[8.593s][info][gc,cpu         ] GC(79) User=0.23s Sys=0.00s Real=0.02s
[8.617s][info][gc,start       ] GC(80) Pause Young (Allocation Failure)
[8.640s][info][gc,heap        ] GC(80) PSYoungGen: 263578K(268288K)->72511K(268288K) Eden: 187366K(187392K)->0K(187392K) From: 76211K(80896K)->72511K(80896K)
[8.640s][info][gc,heap        ] GC(80) ParOldGen: 295506K(699392K)->346714K(699392K)
[8.640s][info][gc,metaspace   ] GC(80) Metaspace: 6592K(6848K)->6592K(6848K) NonClass: 6022K(6144K)->6022K(6144K) Class: 569K(704K)->569K(704K)
[8.640s][info][gc             ] GC(80) Pause Young (Allocation Failure) 545M->409M(945M) 23.122ms
[8.640s][info][gc,cpu         ] GC(80) User=0.22s Sys=0.00s Real=0.03s
[8.666s][info][gc,start       ] GC(81) Pause Young (Allocation Failure)
[8.689s][info][gc,heap        ] GC(81) PSYoungGen: 259896K(268288K)->74211K(268800K) Eden: 187384K(187392K)->0K(188416K) From: 72511K(80896K)->74211K(80384K)
[8.689s][info][gc,heap        ] GC(81) ParOldGen: 346714K(699392K)->392521K(699392K)
[8.689s][info][gc,metaspace   ] GC(81) Metaspace: 6592K(6848K)->6592K(6848K) NonClass: 6022K(6144K)->6022K(6144K) Class: 569K(704K)->569K(704K)
[8.689s][info][gc             ] GC(81) Pause Young (Allocation Failure) 592M->455M(945M) 22.820ms
[8.689s][info][gc,cpu         ] GC(81) User=0.22s Sys=0.00s Real=0.03s
[8.715s][info][gc,start       ] GC(82) Pause Young (Allocation Failure)
[8.738s][info][gc,heap        ] GC(82) PSYoungGen: 262578K(268800K)->77612K(266240K) Eden: 188366K(188416K)->0K(188416K) From: 74211K(80384K)->77612K(77824K)
[8.738s][info][gc,heap        ] GC(82) ParOldGen: 392521K(699392K)->437028K(699392K)
[8.738s][info][gc,metaspace   ] GC(82) Metaspace: 6592K(6848K)->6592K(6848K) NonClass: 6022K(6144K)->6022K(6144K) Class: 569K(704K)->569K(704K)
[8.738s][info][gc             ] GC(82) Pause Young (Allocation Failure) 639M->502M(943M) 23.586ms
[8.738s][info][gc,cpu         ] GC(82) User=0.23s Sys=0.00s Real=0.03s
[8.760s][info][gc,start       ] GC(83) Pause Young (Allocation Failure)
[8.785s][info][gc,heap        ] GC(83) PSYoungGen: 266017K(266240K)->76511K(267264K) Eden: 188405K(188416K)->0K(186368K) From: 77612K(77824K)->76511K(80896K)
[8.785s][info][gc,heap        ] GC(83) ParOldGen: 437028K(699392K)->484535K(699392K)
[8.785s][info][gc,metaspace   ] GC(83) Metaspace: 6592K(6848K)->6592K(6848K) NonClass: 6022K(6144K)->6022K(6144K) Class: 569K(704K)->569K(704K)
[8.785s][info][gc             ] GC(83) Pause Young (Allocation Failure) 686M->547M(944M) 24.579ms
[8.785s][info][gc,cpu         ] GC(83) User=0.23s Sys=0.00s Real=0.02s
[8.807s][info][gc,start       ] GC(84) Pause Young (Allocation Failure)
[8.831s][info][gc,heap        ] GC(84) PSYoungGen: 262851K(267264K)->78212K(264704K) Eden: 186339K(186368K)->0K(186368K) From: 76511K(80896K)->78212K(78336K)
[8.831s][info][gc,heap        ] GC(84) ParOldGen: 484535K(699392K)->530842K(699392K)
[8.831s][info][gc,metaspace   ] GC(84) Metaspace: 6592K(6848K)->6592K(6848K) NonClass: 6022K(6144K)->6022K(6144K) Class: 569K(704K)->569K(704K)
[8.831s][info][gc             ] GC(84) Pause Young (Allocation Failure) 729M->594M(941M) 24.066ms
[8.831s][info][gc,cpu         ] GC(84) User=0.23s Sys=0.00s Real=0.03s
[8.851s][info][gc,start       ] GC(85) Pause Young (Allocation Failure)
[8.876s][info][gc,heap        ] GC(85) PSYoungGen: 264580K(264704K)->73711K(267776K) Eden: 186368K(186368K)->0K(185856K) From: 78212K(78336K)->73711K(81920K)
[8.876s][info][gc,heap        ] GC(85) ParOldGen: 530842K(699392K)->581250K(699392K)
[8.876s][info][gc,metaspace   ] GC(85) Metaspace: 6592K(6848K)->6592K(6848K) NonClass: 6022K(6144K)->6022K(6144K) Class: 569K(704K)->569K(704K)
[8.876s][info][gc             ] GC(85) Pause Young (Allocation Failure) 776M->639M(944M) 25.133ms
[8.876s][info][gc,cpu         ] GC(85) User=0.24s Sys=0.00s Real=0.02s
[8.893s][info][gc,start       ] GC(86) Pause Young (Allocation Failure)
[8.917s][info][gc,heap        ] GC(86) PSYoungGen: 259548K(267776K)->74211K(267264K) Eden: 185837K(185856K)->0K(185856K) From: 73711K(81920K)->74211K(81408K)
[8.917s][info][gc,heap        ] GC(86) ParOldGen: 581250K(699392K)->628458K(699392K)
[8.917s][info][gc,metaspace   ] GC(86) Metaspace: 6592K(6848K)->6592K(6848K) NonClass: 6022K(6144K)->6022K(6144K) Class: 569K(704K)->569K(704K)
[8.917s][info][gc             ] GC(86) Pause Young (Allocation Failure) 821M->686M(944M) 24.785ms
[8.917s][info][gc,cpu         ] GC(86) User=0.24s Sys=0.00s Real=0.02s
[8.939s][info][gc,start       ] GC(87) Pause Young (Allocation Failure)
[8.976s][info][gc,heap        ] GC(87) PSYoungGen: 260008K(267264K)->73311K(268800K) Eden: 185797K(185856K)->0K(187904K) From: 74211K(81408K)->73311K(80896K)
[8.976s][info][gc,heap        ] GC(87) ParOldGen: 628458K(699392K)->677165K(699392K)
[8.976s][info][gc,metaspace   ] GC(87) Metaspace: 6592K(6848K)->6592K(6848K) NonClass: 6022K(6144K)->6022K(6144K) Class: 569K(704K)->569K(704K)
[8.976s][info][gc             ] GC(87) Pause Young (Allocation Failure) 867M->732M(945M) 36.797ms
[8.976s][info][gc,cpu         ] GC(87) User=0.36s Sys=0.00s Real=0.03s
[8.976s][info][gc,start       ] GC(88) Pause Full (Ergonomics)
[8.976s][info][gc,phases,start] GC(88) Marking Phase
[8.983s][info][gc,phases      ] GC(88) Marking Phase 6.845ms
[8.983s][info][gc,phases,start] GC(88) Summary Phase
[8.983s][info][gc,phases      ] GC(88) Summary Phase 0.017ms
[8.983s][info][gc,phases,start] GC(88) Adjust Roots
[8.983s][info][gc,phases      ] GC(88) Adjust Roots 0.345ms
[8.983s][info][gc,phases,start] GC(88) Compaction Phase
[9.019s][info][gc,phases      ] GC(88) Compaction Phase 35.833ms
[9.019s][info][gc,phases,start] GC(88) Post Compact
[9.022s][info][gc,phases      ] GC(88) Post Compact 2.613ms
[9.022s][info][gc,heap        ] GC(88) PSYoungGen: 73311K(268800K)->0K(268288K) Eden: 0K(187904K)->0K(187904K) From: 73311K(80896K)->0K(80384K)
[9.022s][info][gc,heap        ] GC(88) ParOldGen: 677165K(699392K)->200791K(699392K)
[9.022s][info][gc,metaspace   ] GC(88) Metaspace: 6592K(6848K)->6592K(6848K) NonClass: 6022K(6144K)->6022K(6144K) Class: 569K(704K)->569K(704K)
[9.022s][info][gc             ] GC(88) Pause Full (Ergonomics) 732M->196M(945M) 45.845ms
[9.022s][info][gc,cpu         ] GC(88) User=0.38s Sys=0.00s Real=0.05s
[9.044s][info][gc,start       ] GC(89) Pause Young (Allocation Failure)
[9.058s][info][gc,heap        ] GC(89) PSYoungGen: 187874K(268288K)->75911K(268800K) Eden: 187874K(187904K)->0K(188416K) From: 0K(80384K)->75911K(80384K)
[9.059s][info][gc,heap        ] GC(89) ParOldGen: 200791K(699392K)->200791K(699392K)
[9.059s][info][gc,metaspace   ] GC(89) Metaspace: 6592K(6848K)->6592K(6848K) NonClass: 6022K(6144K)->6022K(6144K) Class: 569K(704K)->569K(704K)
[9.059s][info][gc             ] GC(89) Pause Young (Allocation Failure) 379M->270M(945M) 14.803ms
[9.059s][info][gc,cpu         ] GC(89) User=0.14s Sys=0.00s Real=0.02s
[9.073s][info][gc,start       ] GC(90) Pause Young (Allocation Failure)
[9.096s][info][gc,heap        ] GC(90) PSYoungGen: 264276K(268800K)->77612K(266240K) Eden: 188364K(188416K)->0K(188416K) From: 75911K(80384K)->77612K(77824K)
[9.096s][info][gc,heap        ] GC(90) ParOldGen: 200791K(699392K)->247698K(699392K)
[9.096s][info][gc,metaspace   ] GC(90) Metaspace: 6592K(6848K)->6592K(6848K) NonClass: 6022K(6144K)->6022K(6144K) Class: 569K(704K)->569K(704K)
[9.096s][info][gc             ] GC(90) Pause Young (Allocation Failure) 454M->317M(943M) 23.474ms
[9.097s][info][gc,cpu         ] GC(90) User=0.22s Sys=0.00s Real=0.02s
[9.111s][info][gc,start       ] GC(91) Pause Young (Allocation Failure)
[9.135s][info][gc,heap        ] GC(91) PSYoungGen: 266017K(266240K)->78712K(266240K) Eden: 188405K(188416K)->0K(185344K) From: 77612K(77824K)->78712K(80896K)
[9.135s][info][gc,heap        ] GC(91) ParOldGen: 247698K(699392K)->294705K(699392K)
[9.135s][info][gc,metaspace   ] GC(91) Metaspace: 6592K(6848K)->6592K(6848K) NonClass: 6022K(6144K)->6022K(6144K) Class: 569K(704K)->569K(704K)
[9.135s][info][gc             ] GC(91) Pause Young (Allocation Failure) 501M->364M(943M) 23.457ms
[9.135s][info][gc,cpu         ] GC(91) User=0.23s Sys=0.00s Real=0.02s
[9.154s][info][gc,start       ] GC(92) Pause Young (Allocation Failure)
[9.176s][info][gc,heap        ] GC(92) PSYoungGen: 264048K(266240K)->73811K(267264K) Eden: 185335K(185344K)->0K(185344K) From: 78712K(80896K)->73811K(81920K)
[9.176s][info][gc,heap        ] GC(92) ParOldGen: 294705K(699392K)->344413K(699392K)
[9.176s][info][gc,metaspace   ] GC(92) Metaspace: 6592K(6848K)->6592K(6848K) NonClass: 6022K(6144K)->6022K(6144K) Class: 569K(704K)->569K(704K)
[9.176s][info][gc             ] GC(92) Pause Young (Allocation Failure) 545M->408M(944M) 22.563ms
[9.176s][info][gc,cpu         ] GC(92) User=0.21s Sys=0.00s Real=0.02s
[9.193s][info][gc,start       ] GC(93) Pause Young (Allocation Failure)
[9.216s][info][gc,heap        ] GC(93) PSYoungGen: 259134K(267264K)->75511K(268288K) Eden: 185323K(185344K)->0K(186880K) From: 73811K(81920K)->75511K(81408K)
[9.216s][info][gc,heap        ] GC(93) ParOldGen: 344413K(699392K)->389920K(699392K)
[9.216s][info][gc,metaspace   ] GC(93) Metaspace: 6592K(6848K)->6592K(6848K) NonClass: 6022K(6144K)->6022K(6144K) Class: 569K(704K)->569K(704K)
[9.216s][info][gc             ] GC(93) Pause Young (Allocation Failure) 589M->454M(945M) 22.475ms
[9.216s][info][gc,cpu         ] GC(93) User=0.22s Sys=0.00s Real=0.02s
[9.236s][info][gc,start       ] GC(94) Pause Young (Allocation Failure)
[9.258s][info][gc,heap        ] GC(94) PSYoungGen: 262361K(268288K)->76311K(267776K) Eden: 186849K(186880K)->0K(186880K) From: 75511K(81408K)->76311K(80896K)
[9.258s][info][gc,heap        ] GC(94) ParOldGen: 389920K(699392K)->434427K(699392K)
[9.258s][info][gc,metaspace   ] GC(94) Metaspace: 6592K(6848K)->6592K(6848K) NonClass: 6022K(6144K)->6022K(6144K) Class: 569K(704K)->569K(704K)
[9.258s][info][gc             ] GC(94) Pause Young (Allocation Failure) 636M->498M(944M) 22.573ms
[9.258s][info][gc,cpu         ] GC(94) User=0.21s Sys=0.00s Real=0.03s
[9.275s][info][gc,start       ] GC(95) Pause Young (Allocation Failure)
[9.299s][info][gc,heap        ] GC(95) PSYoungGen: 263166K(267776K)->76211K(268288K) Eden: 186854K(186880K)->0K(187392K) From: 76311K(80896K)->76211K(80896K)
[9.299s][info][gc,heap        ] GC(95) ParOldGen: 434427K(699392K)->482835K(699392K)
[9.299s][info][gc,metaspace   ] GC(95) Metaspace: 6592K(6848K)->6592K(6848K) NonClass: 6022K(6144K)->6022K(6144K) Class: 569K(704K)->569K(704K)
[9.299s][info][gc             ] GC(95) Pause Young (Allocation Failure) 681M->545M(945M) 24.893ms
[9.299s][info][gc,cpu         ] GC(95) User=0.24s Sys=0.00s Real=0.03s
[9.315s][info][gc,start       ] GC(96) Pause Young (Allocation Failure)
[9.338s][info][gc,heap        ] GC(96) PSYoungGen: 263578K(268288K)->74411K(268288K) Eden: 187367K(187392K)->0K(187392K) From: 76211K(80896K)->74411K(80896K)
[9.338s][info][gc,heap        ] GC(96) ParOldGen: 482835K(699392K)->532443K(699392K)
[9.338s][info][gc,metaspace   ] GC(96) Metaspace: 6592K(6848K)->6592K(6848K) NonClass: 6022K(6144K)->6022K(6144K) Class: 569K(704K)->569K(704K)
[9.338s][info][gc             ] GC(96) Pause Young (Allocation Failure) 728M->592M(945M) 23.268ms
[9.338s][info][gc,cpu         ] GC(96) User=0.23s Sys=0.00s Real=0.02s
[9.352s][info][gc,start       ] GC(97) Pause Young (Allocation Failure)
[9.377s][info][gc,heap        ] GC(97) PSYoungGen: 261780K(268288K)->73811K(269312K) Eden: 187368K(187392K)->0K(188928K) From: 74411K(80896K)->73811K(80384K)
[9.377s][info][gc,heap        ] GC(97) ParOldGen: 532443K(699392K)->578550K(699392K)
[9.377s][info][gc,metaspace   ] GC(97) Metaspace: 6592K(6848K)->6592K(6848K) NonClass: 6022K(6144K)->6022K(6144K) Class: 569K(704K)->569K(704K)
[9.377s][info][gc             ] GC(97) Pause Young (Allocation Failure) 775M->637M(946M) 24.869ms
[9.377s][info][gc,cpu         ] GC(97) User=0.24s Sys=0.00s Real=0.02s
[9.398s][info][gc,start       ] GC(98) Pause Young (Allocation Failure)
[9.420s][info][gc,heap        ] GC(98) PSYoungGen: 262674K(269312K)->75711K(268800K) Eden: 188862K(188928K)->0K(188928K) From: 73811K(80384K)->75711K(79872K)
[9.420s][info][gc,heap        ] GC(98) ParOldGen: 578550K(699392K)->623957K(699392K)
[9.420s][info][gc,metaspace   ] GC(98) Metaspace: 6592K(6848K)->6592K(6848K) NonClass: 6022K(6144K)->6022K(6144K) Class: 569K(704K)->569K(704K)
[9.420s][info][gc             ] GC(98) Pause Young (Allocation Failure) 821M->683M(945M) 22.535ms
[9.420s][info][gc,cpu         ] GC(98) User=0.22s Sys=0.00s Real=0.03s
[9.437s][info][gc,start       ] GC(99) Pause Young (Allocation Failure)
[9.463s][info][gc,heap        ] GC(99) PSYoungGen: 264616K(268800K)->75911K(269312K) Eden: 188904K(188928K)->0K(189440K) From: 75711K(79872K)->75911K(79872K)
[9.463s][info][gc,heap        ] GC(99) ParOldGen: 623957K(699392K)->670564K(699392K)
[9.463s][info][gc,metaspace   ] GC(99) Metaspace: 6592K(6848K)->6592K(6848K) NonClass: 6022K(6144K)->6022K(6144K) Class: 569K(704K)->569K(704K)
[9.463s][info][gc             ] GC(99) Pause Young (Allocation Failure) 867M->728M(946M) 25.612ms
[9.463s][info][gc,cpu         ] GC(99) User=0.25s Sys=0.00s Real=0.03s
[9.463s][info][gc,start       ] GC(100) Pause Full (Ergonomics)
[9.463s][info][gc,phases,start] GC(100) Marking Phase
[9.466s][info][gc,phases      ] GC(100) Marking Phase 2.434ms
[9.466s][info][gc,phases,start] GC(100) Summary Phase
[9.466s][info][gc,phases      ] GC(100) Summary Phase 0.018ms
[9.466s][info][gc,phases,start] GC(100) Adjust Roots
[9.466s][info][gc,phases      ] GC(100) Adjust Roots 0.331ms
[9.466s][info][gc,phases,start] GC(100) Compaction Phase
[9.501s][info][gc,phases      ] GC(100) Compaction Phase 35.583ms
[9.502s][info][gc,phases,start] GC(100) Post Compact
[9.503s][info][gc,phases      ] GC(100) Post Compact 1.621ms
[9.503s][info][gc,heap        ] GC(100) PSYoungGen: 75911K(269312K)->0K(269312K) Eden: 0K(189440K)->0K(189440K) From: 75911K(79872K)->0K(79872K)
[9.503s][info][gc,heap        ] GC(100) ParOldGen: 670564K(699392K)->200791K(699392K)
[9.503s][info][gc,metaspace   ] GC(100) Metaspace: 6592K(6848K)->6592K(6848K) NonClass: 6022K(6144K)->6022K(6144K) Class: 569K(704K)->569K(704K)
[9.503s][info][gc             ] GC(100) Pause Full (Ergonomics) 728M->196M(946M) 40.157ms
[9.503s][info][gc,cpu         ] GC(100) User=0.36s Sys=0.00s Real=0.04s
[9.519s][info][gc,start       ] GC(101) Pause Young (Allocation Failure)
[9.534s][info][gc,heap        ] GC(101) PSYoungGen: 189407K(269312K)->79212K(267264K) Eden: 189407K(189440K)->0K(187392K) From: 0K(79872K)->79212K(79872K)
[9.534s][info][gc,heap        ] GC(101) ParOldGen: 200791K(699392K)->200791K(699392K)
[9.534s][info][gc,metaspace   ] GC(101) Metaspace: 6592K(6848K)->6592K(6848K) NonClass: 6022K(6144K)->6022K(6144K) Class: 569K(704K)->569K(704K)
[9.534s][info][gc             ] GC(101) Pause Young (Allocation Failure) 381M->273M(944M) 15.223ms
[9.535s][info][gc,cpu         ] GC(101) User=0.15s Sys=0.00s Real=0.01s
[9.548s][info][gc,start       ] GC(102) Pause Young (Allocation Failure)
[9.571s][info][gc,heap        ] GC(102) PSYoungGen: 266553K(267264K)->75911K(268288K) Eden: 187341K(187392K)->0K(187392K) From: 79212K(79872K)->75911K(80896K)
[9.571s][info][gc,heap        ] GC(102) ParOldGen: 200791K(699392K)->249298K(699392K)
[9.571s][info][gc,metaspace   ] GC(102) Metaspace: 6592K(6848K)->6592K(6848K) NonClass: 6022K(6144K)->6022K(6144K) Class: 569K(704K)->569K(704K)
[9.571s][info][gc             ] GC(102) Pause Young (Allocation Failure) 456M->317M(945M) 22.838ms
[9.571s][info][gc,cpu         ] GC(102) User=0.23s Sys=0.00s Real=0.02s
[9.588s][info][gc,start       ] GC(103) Pause Young (Allocation Failure)
[9.610s][info][gc,heap        ] GC(103) PSYoungGen: 263263K(268288K)->73511K(268800K) Eden: 187352K(187392K)->0K(188416K) From: 75911K(80896K)->73511K(80384K)
[9.610s][info][gc,heap        ] GC(103) ParOldGen: 249298K(699392K)->297106K(699392K)
[9.610s][info][gc,metaspace   ] GC(103) Metaspace: 6592K(6848K)->6592K(6848K) NonClass: 6022K(6144K)->6022K(6144K) Class: 569K(704K)->569K(704K)
[9.610s][info][gc             ] GC(103) Pause Young (Allocation Failure) 500M->361M(945M) 22.301ms
[9.610s][info][gc,cpu         ] GC(103) User=0.21s Sys=0.00s Real=0.03s
[9.630s][info][gc,start       ] GC(104) Pause Young (Allocation Failure)
[9.652s][info][gc,heap        ] GC(104) PSYoungGen: 261877K(268800K)->74911K(268800K) Eden: 188366K(188416K)->0K(188416K) From: 73511K(80384K)->74911K(80384K)
[9.652s][info][gc,heap        ] GC(104) ParOldGen: 297106K(699392K)->343313K(699392K)
[9.652s][info][gc,metaspace   ] GC(104) Metaspace: 6592K(6848K)->6592K(6848K) NonClass: 6022K(6144K)->6022K(6144K) Class: 569K(704K)->569K(704K)
[9.652s][info][gc             ] GC(104) Pause Young (Allocation Failure) 545M->408M(945M) 22.108ms
[9.652s][info][gc,cpu         ] GC(104) User=0.22s Sys=0.00s Real=0.02s
[9.667s][info][gc,start       ] GC(105) Pause Young (Allocation Failure)
[9.690s][info][gc,heap        ] GC(105) PSYoungGen: 263316K(268800K)->75111K(269824K) Eden: 188405K(188416K)->0K(189952K) From: 74911K(80384K)->75111K(79872K)
[9.690s][info][gc,heap        ] GC(105) ParOldGen: 343313K(699392K)->390420K(699392K)
[9.690s][info][gc,metaspace   ] GC(105) Metaspace: 6592K(6848K)->6592K(6848K) NonClass: 6022K(6144K)->6022K(6144K) Class: 569K(704K)->569K(704K)
[9.690s][info][gc             ] GC(105) Pause Young (Allocation Failure) 592M->454M(946M) 22.834ms
[9.690s][info][gc,cpu         ] GC(105) User=0.22s Sys=0.00s Real=0.03s
[9.707s][info][gc,start       ] GC(106) Pause Young (Allocation Failure)
[9.729s][info][gc,heap        ] GC(106) PSYoungGen: 265027K(269824K)->75711K(269312K) Eden: 189915K(189952K)->0K(189952K) From: 75111K(79872K)->75711K(79360K)
[9.729s][info][gc,heap        ] GC(106) ParOldGen: 390420K(699392K)->437428K(699392K)
[9.729s][info][gc,metaspace   ] GC(106) Metaspace: 6592K(6848K)->6592K(6848K) NonClass: 6022K(6144K)->6022K(6144K) Class: 569K(704K)->569K(704K)
[9.729s][info][gc             ] GC(106) Pause Young (Allocation Failure) 640M->501M(946M) 22.214ms
[9.729s][info][gc,cpu         ] GC(106) User=0.22s Sys=0.00s Real=0.03s
[9.747s][info][gc,start       ] GC(107) Pause Young (Allocation Failure)
[9.769s][info][gc,heap        ] GC(107) PSYoungGen: 265629K(269312K)->77512K(268800K) Eden: 189918K(189952K)->0K(189440K) From: 75711K(79360K)->77512K(79360K)
[9.770s][info][gc,heap        ] GC(107) ParOldGen: 437428K(699392K)->481435K(699392K)
[9.770s][info][gc,metaspace   ] GC(107) Metaspace: 6592K(6848K)->6592K(6848K) NonClass: 6022K(6144K)->6022K(6144K) Class: 569K(704K)->569K(704K)
[9.770s][info][gc             ] GC(107) Pause Young (Allocation Failure) 686M->545M(945M) 22.597ms
[9.770s][info][gc,cpu         ] GC(107) User=0.21s Sys=0.00s Real=0.03s
[9.791s][info][gc,start       ] GC(108) Pause Young (Allocation Failure)
[9.815s][info][gc,heap        ] GC(108) PSYoungGen: 266923K(268800K)->75211K(269312K) Eden: 189411K(189440K)->0K(189440K) From: 77512K(79360K)->75211K(79872K)
[9.815s][info][gc,heap        ] GC(108) ParOldGen: 481435K(699392K)->530042K(699392K)
[9.815s][info][gc,metaspace   ] GC(108) Metaspace: 6592K(6848K)->6592K(6848K) NonClass: 6022K(6144K)->6022K(6144K) Class: 569K(704K)->569K(704K)
[9.815s][info][gc             ] GC(108) Pause Young (Allocation Failure) 730M->591M(946M) 24.063ms
[9.815s][info][gc,cpu         ] GC(108) User=0.23s Sys=0.00s Real=0.02s
[9.829s][info][gc,start       ] GC(109) Pause Young (Allocation Failure)
[9.854s][info][gc,heap        ] GC(109) PSYoungGen: 264620K(269312K)->77112K(269824K) Eden: 189408K(189440K)->0K(190464K) From: 75211K(79872K)->77112K(79360K)
[9.854s][info][gc,heap        ] GC(109) ParOldGen: 530042K(699392K)->576750K(699392K)
[9.854s][info][gc,metaspace   ] GC(109) Metaspace: 6592K(6848K)->6592K(6848K) NonClass: 6022K(6144K)->6022K(6144K) Class: 569K(704K)->569K(704K)
[9.854s][info][gc             ] GC(109) Pause Young (Allocation Failure) 776M->638M(946M) 25.219ms
[9.854s][info][gc,cpu         ] GC(109) User=0.24s Sys=0.00s Real=0.02s
[9.879s][info][gc,start       ] GC(110) Pause Young (Allocation Failure)
[9.903s][info][gc,heap        ] GC(110) PSYoungGen: 267532K(269824K)->76511K(269824K) Eden: 190420K(190464K)->0K(190464K) From: 77112K(79360K)->76511K(79360K)
[9.903s][info][gc,heap        ] GC(110) ParOldGen: 576750K(699392K)->623957K(699392K)
[9.903s][info][gc,metaspace   ] GC(110) Metaspace: 6592K(6848K)->6592K(6848K) NonClass: 6022K(6144K)->6022K(6144K) Class: 569K(704K)->569K(704K)
[9.903s][info][gc             ] GC(110) Pause Young (Allocation Failure) 824M->684M(946M) 24.101ms
[9.903s][info][gc,cpu         ] GC(110) User=0.24s Sys=0.00s Real=0.02s
[9.922s][info][gc,start       ] GC(111) Pause Young (Allocation Failure)
[9.947s][info][gc,heap        ] GC(111) PSYoungGen: 266939K(269824K)->73111K(268800K) Eden: 190427K(190464K)->0K(189440K) From: 76511K(79360K)->73111K(79360K)
[9.947s][info][gc,heap        ] GC(111) ParOldGen: 623957K(699392K)->673565K(699392K)
[9.947s][info][gc,metaspace   ] GC(111) Metaspace: 6592K(6848K)->6592K(6848K) NonClass: 6022K(6144K)->6022K(6144K) Class: 569K(704K)->569K(704K)
[9.947s][info][gc             ] GC(111) Pause Young (Allocation Failure) 870M->729M(945M) 24.432ms
[9.947s][info][gc,cpu         ] GC(111) User=0.24s Sys=0.00s Real=0.02s
[9.947s][info][gc,start       ] GC(112) Pause Full (Ergonomics)
[9.947s][info][gc,phases,start] GC(112) Marking Phase
[9.948s][info][gc,phases      ] GC(112) Marking Phase 1.576ms
[9.948s][info][gc,phases,start] GC(112) Summary Phase
[9.948s][info][gc,phases      ] GC(112) Summary Phase 0.020ms
[9.948s][info][gc,phases,start] GC(112) Adjust Roots
[9.949s][info][gc,phases      ] GC(112) Adjust Roots 0.365ms
[9.949s][info][gc,phases,start] GC(112) Compaction Phase
[9.985s][info][gc,phases      ] GC(112) Compaction Phase 36.329ms
[9.985s][info][gc,phases,start] GC(112) Post Compact
[9.989s][info][gc,phases      ] GC(112) Post Compact 4.191ms
[9.989s][info][gc,heap        ] GC(112) PSYoungGen: 73111K(268800K)->0K(269312K) Eden: 0K(189440K)->0K(189440K) From: 73111K(79360K)->0K(79872K)
[9.989s][info][gc,heap        ] GC(112) ParOldGen: 673565K(699392K)->200791K(699392K)
[9.989s][info][gc,metaspace   ] GC(112) Metaspace: 6592K(6848K)->6592K(6848K) NonClass: 6022K(6144K)->6022K(6144K) Class: 569K(704K)->569K(704K)
[9.989s][info][gc             ] GC(112) Pause Full (Ergonomics) 729M->196M(946M) 42.829ms
[9.989s][info][gc,cpu         ] GC(112) User=0.37s Sys=0.00s Real=0.05s
[10.013s][info][gc,start       ] GC(113) Pause Young (Allocation Failure)
[10.029s][info][gc,heap        ] GC(113) PSYoungGen: 189431K(269312K)->77012K(269312K) Eden: 189431K(189440K)->0K(189440K) From: 0K(79872K)->77012K(79872K)
[10.030s][info][gc,heap        ] GC(113) ParOldGen: 200791K(699392K)->200791K(699392K)
[10.030s][info][gc,metaspace   ] GC(113) Metaspace: 6592K(6848K)->6592K(6848K) NonClass: 6022K(6144K)->6022K(6144K) Class: 569K(704K)->569K(704K)
[10.030s][info][gc             ] GC(113) Pause Young (Allocation Failure) 381M->271M(946M) 16.612ms
[10.030s][info][gc,cpu         ] GC(113) User=0.15s Sys=0.00s Real=0.02s
[10.053s][info][gc,start       ] GC(114) Pause Young (Allocation Failure)
[10.076s][info][gc,heap        ] GC(114) PSYoungGen: 266409K(269312K)->78212K(267776K) Eden: 189397K(189440K)->0K(189440K) From: 77012K(79872K)->78212K(78336K)
[10.076s][info][gc,heap        ] GC(114) ParOldGen: 200791K(699392K)->247198K(699392K)
[10.076s][info][gc,metaspace   ] GC(114) Metaspace: 6592K(6848K)->6592K(6848K) NonClass: 6022K(6144K)->6022K(6144K) Class: 569K(704K)->569K(704K)
[10.076s][info][gc             ] GC(114) Pause Young (Allocation Failure) 456M->317M(944M) 22.791ms
[10.076s][info][gc,cpu         ] GC(114) User=0.21s Sys=0.00s Real=0.02s
[10.098s][info][gc,start       ] GC(115) Pause Young (Allocation Failure)
[10.122s][info][gc,heap        ] GC(115) PSYoungGen: 267631K(267776K)->74511K(268800K) Eden: 189418K(189440K)->0K(188416K) From: 78212K(78336K)->74511K(80384K)
[10.122s][info][gc,heap        ] GC(115) ParOldGen: 247198K(699392K)->296006K(699392K)
[10.122s][info][gc,metaspace   ] GC(115) Metaspace: 6592K(6848K)->6592K(6848K) NonClass: 6022K(6144K)->6022K(6144K) Class: 569K(704K)->569K(704K)
[10.122s][info][gc             ] GC(115) Pause Young (Allocation Failure) 502M->361M(945M) 23.823ms
[10.122s][info][gc,cpu         ] GC(115) User=0.23s Sys=0.00s Real=0.03s
[10.144s][info][gc,start       ] GC(116) Pause Young (Allocation Failure)
[10.167s][info][gc,heap        ] GC(116) PSYoungGen: 262885K(268800K)->75511K(268800K) Eden: 188374K(188416K)->0K(188416K) From: 74511K(80384K)->75511K(80384K)
[10.167s][info][gc,heap        ] GC(116) ParOldGen: 296006K(699392K)->342613K(699392K)
[10.167s][info][gc,metaspace   ] GC(116) Metaspace: 6592K(6848K)->6592K(6848K) NonClass: 6022K(6144K)->6022K(6144K) Class: 569K(704K)->569K(704K)
[10.167s][info][gc             ] GC(116) Pause Young (Allocation Failure) 545M->408M(945M) 22.931ms
[10.167s][info][gc,cpu         ] GC(116) User=0.22s Sys=0.00s Real=0.02s
[10.186s][info][gc,start       ] GC(117) Pause Young (Allocation Failure)
[10.209s][info][gc,heap        ] GC(117) PSYoungGen: 263890K(268800K)->75711K(269824K) Eden: 188378K(188416K)->0K(189952K) From: 75511K(80384K)->75711K(79872K)
[10.209s][info][gc,heap        ] GC(117) ParOldGen: 342613K(699392K)->389820K(699392K)
[10.209s][info][gc,metaspace   ] GC(117) Metaspace: 6592K(6848K)->6592K(6848K) NonClass: 6022K(6144K)->6022K(6144K) Class: 569K(704K)->569K(704K)
[10.209s][info][gc             ] GC(117) Pause Young (Allocation Failure) 592M->454M(946M) 23.639ms
[10.209s][info][gc,cpu         ] GC(117) User=0.23s Sys=0.00s Real=0.03s
[10.230s][info][gc,start       ] GC(118) Pause Young (Allocation Failure)
[10.254s][info][gc,heap        ] GC(118) PSYoungGen: 265657K(269824K)->75211K(269312K) Eden: 189946K(189952K)->0K(189952K) From: 75711K(79872K)->75211K(79360K)
[10.254s][info][gc,heap        ] GC(118) ParOldGen: 389820K(699392K)->437028K(699392K)
[10.254s][info][gc,metaspace   ] GC(118) Metaspace: 6592K(6848K)->6592K(6848K) NonClass: 6022K(6144K)->6022K(6144K) Class: 569K(704K)->569K(704K)
[10.254s][info][gc             ] GC(118) Pause Young (Allocation Failure) 640M->500M(946M) 23.358ms
[10.254s][info][gc,cpu         ] GC(118) User=0.22s Sys=0.00s Real=0.02s
[10.282s][info][gc,start       ] GC(119) Pause Young (Allocation Failure)
[10.307s][info][gc,heap        ] GC(119) PSYoungGen: 265163K(269312K)->78112K(268800K) Eden: 189952K(189952K)->0K(189440K) From: 75211K(79360K)->78112K(79360K)
[10.307s][info][gc,heap        ] GC(119) ParOldGen: 437028K(699392K)->482735K(699392K)
[10.307s][info][gc,metaspace   ] GC(119) Metaspace: 6592K(6848K)->6592K(6848K) NonClass: 6022K(6144K)->6022K(6144K) Class: 569K(704K)->569K(704K)
[10.307s][info][gc             ] GC(119) Pause Young (Allocation Failure) 685M->547M(945M) 24.853ms
[10.307s][info][gc,cpu         ] GC(119) User=0.24s Sys=0.00s Real=0.02s
[10.328s][info][gc,start       ] GC(120) Pause Young (Allocation Failure)
[10.352s][info][gc,heap        ] GC(120) PSYoungGen: 267552K(268800K)->78012K(267776K) Eden: 189440K(189440K)->0K(189440K) From: 78112K(79360K)->78012K(78336K)
[10.352s][info][gc,heap        ] GC(120) ParOldGen: 482735K(699392K)->530842K(699392K)
[10.352s][info][gc,metaspace   ] GC(120) Metaspace: 6592K(6848K)->6592K(6848K) NonClass: 6022K(6144K)->6022K(6144K) Class: 569K(704K)->569K(704K)
[10.352s][info][gc             ] GC(120) Pause Young (Allocation Failure) 732M->594M(944M) 24.048ms
[10.352s][info][gc,cpu         ] GC(120) User=0.24s Sys=0.00s Real=0.03s
[10.375s][info][gc,start       ] GC(121) Pause Young (Allocation Failure)
[10.401s][info][gc,heap        ] GC(121) PSYoungGen: 267426K(267776K)->75911K(269312K) Eden: 189414K(189440K)->0K(188928K) From: 78012K(78336K)->75911K(80384K)
[10.401s][info][gc,heap        ] GC(121) ParOldGen: 530842K(699392K)->579950K(699392K)
[10.401s][info][gc,metaspace   ] GC(121) Metaspace: 6592K(6848K)->6592K(6848K) NonClass: 6022K(6144K)->6022K(6144K) Class: 569K(704K)->569K(704K)
[10.401s][info][gc             ] GC(121) Pause Young (Allocation Failure) 779M->640M(946M) 25.976ms
[10.401s][info][gc,cpu         ] GC(121) User=0.25s Sys=0.00s Real=0.03s
[10.426s][info][gc,start       ] GC(122) Pause Young (Allocation Failure)
[10.451s][info][gc,heap        ] GC(122) PSYoungGen: 264766K(269312K)->76711K(268800K) Eden: 188854K(188928K)->0K(188928K) From: 75911K(80384K)->76711K(79872K)
[10.451s][info][gc,heap        ] GC(122) ParOldGen: 579950K(699392K)->625657K(699392K)
[10.451s][info][gc,metaspace   ] GC(122) Metaspace: 6592K(6848K)->6592K(6848K) NonClass: 6022K(6144K)->6022K(6144K) Class: 569K(704K)->569K(704K)
[10.451s][info][gc             ] GC(122) Pause Young (Allocation Failure) 824M->685M(945M) 24.837ms
[10.451s][info][gc,cpu         ] GC(122) User=0.24s Sys=0.00s Real=0.03s
[10.471s][info][gc,start       ] GC(123) Pause Young (Allocation Failure)
[10.496s][info][gc,heap        ] GC(123) PSYoungGen: 265600K(268800K)->76812K(269824K) Eden: 188888K(188928K)->0K(189952K) From: 76711K(79872K)->76812K(79872K)
[10.496s][info][gc,heap        ] GC(123) ParOldGen: 625657K(699392K)->672264K(699392K)
[10.496s][info][gc,metaspace   ] GC(123) Metaspace: 6592K(6848K)->6592K(6848K) NonClass: 6022K(6144K)->6022K(6144K) Class: 569K(704K)->569K(704K)
[10.496s][info][gc             ] GC(123) Pause Young (Allocation Failure) 870M->731M(946M) 24.490ms
[10.496s][info][gc,cpu         ] GC(123) User=0.23s Sys=0.00s Real=0.02s
[10.496s][info][gc,start       ] GC(124) Pause Full (Ergonomics)
[10.496s][info][gc,phases,start] GC(124) Marking Phase
[10.498s][info][gc,phases      ] GC(124) Marking Phase 1.563ms
[10.498s][info][gc,phases,start] GC(124) Summary Phase
[10.498s][info][gc,phases      ] GC(124) Summary Phase 0.018ms
[10.498s][info][gc,phases,start] GC(124) Adjust Roots
[10.498s][info][gc,phases      ] GC(124) Adjust Roots 0.341ms
[10.498s][info][gc,phases,start] GC(124) Compaction Phase
[10.534s][info][gc,phases      ] GC(124) Compaction Phase 36.466ms
[10.534s][info][gc,phases,start] GC(124) Post Compact
[10.538s][info][gc,phases      ] GC(124) Post Compact 3.099ms
[10.538s][info][gc,heap        ] GC(124) PSYoungGen: 76812K(269824K)->0K(269312K) Eden: 0K(189952K)->0K(189952K) From: 76812K(79872K)->0K(79360K)
[10.538s][info][gc,heap        ] GC(124) ParOldGen: 672264K(699392K)->200791K(699392K)
[10.538s][info][gc,metaspace   ] GC(124) Metaspace: 6592K(6848K)->6592K(6848K) NonClass: 6022K(6144K)->6022K(6144K) Class: 569K(704K)->569K(704K)
[10.538s][info][gc             ] GC(124) Pause Full (Ergonomics) 731M->196M(946M) 41.719ms
[10.538s][info][gc,cpu         ] GC(124) User=0.38s Sys=0.00s Real=0.04s
[10.567s][info][gc,start       ] GC(125) Pause Young (Allocation Failure)
[10.581s][info][gc,heap        ] GC(125) PSYoungGen: 189952K(269312K)->75111K(269824K) Eden: 189952K(189952K)->0K(190464K) From: 0K(79360K)->75111K(79360K)
[10.581s][info][gc,heap        ] GC(125) ParOldGen: 200791K(699392K)->200791K(699392K)
[10.581s][info][gc,metaspace   ] GC(125) Metaspace: 6592K(6848K)->6592K(6848K) NonClass: 6022K(6144K)->6022K(6144K) Class: 569K(704K)->569K(704K)
[10.581s][info][gc             ] GC(125) Pause Young (Allocation Failure) 381M->269M(946M) 14.815ms
[10.581s][info][gc,cpu         ] GC(125) User=0.14s Sys=0.00s Real=0.02s
[10.607s][info][gc,start       ] GC(126) Pause Young (Allocation Failure)
[10.631s][info][gc,heap        ] GC(126) PSYoungGen: 265494K(269824K)->77312K(268288K) Eden: 190383K(190464K)->0K(190464K) From: 75111K(79360K)->77312K(77824K)
[10.631s][info][gc,heap        ] GC(126) ParOldGen: 200791K(699392K)->245998K(699392K)
[10.631s][info][gc,metaspace   ] GC(126) Metaspace: 6592K(6848K)->6592K(6848K) NonClass: 6022K(6144K)->6022K(6144K) Class: 569K(704K)->569K(704K)
[10.631s][info][gc             ] GC(126) Pause Young (Allocation Failure) 455M->315M(945M) 23.489ms
[10.631s][info][gc,cpu         ] GC(126) User=0.22s Sys=0.00s Real=0.03s
[10.653s][info][gc,start       ] GC(127) Pause Young (Allocation Failure)
[10.678s][info][gc,heap        ] GC(127) PSYoungGen: 267773K(268288K)->77112K(269312K) Eden: 190461K(190464K)->0K(189440K) From: 77312K(77824K)->77112K(79872K)
[10.678s][info][gc,heap        ] GC(127) ParOldGen: 245998K(699392K)->294205K(699392K)
[10.678s][info][gc,metaspace   ] GC(127) Metaspace: 6592K(6848K)->6592K(6848K) NonClass: 6022K(6144K)->6022K(6144K) Class: 569K(704K)->569K(704K)
[10.678s][info][gc             ] GC(127) Pause Young (Allocation Failure) 501M->362M(946M) 24.933ms
[10.678s][info][gc,cpu         ] GC(127) User=0.23s Sys=0.00s Real=0.02s
[10.702s][info][gc,start       ] GC(128) Pause Young (Allocation Failure)
[10.725s][info][gc,heap        ] GC(128) PSYoungGen: 266463K(269312K)->74211K(269312K) Eden: 189351K(189440K)->0K(189440K) From: 77112K(79872K)->74211K(79872K)
[10.725s][info][gc,heap        ] GC(128) ParOldGen: 294205K(699392K)->342713K(699392K)
[10.725s][info][gc,metaspace   ] GC(128) Metaspace: 6592K(6848K)->6592K(6848K) NonClass: 6022K(6144K)->6022K(6144K) Class: 569K(704K)->569K(704K)
[10.725s][info][gc             ] GC(128) Pause Young (Allocation Failure) 547M->407M(946M) 23.594ms
[10.725s][info][gc,cpu         ] GC(128) User=0.23s Sys=0.00s Real=0.02s
[10.750s][info][gc,start       ] GC(129) Pause Young (Allocation Failure)
[10.773s][info][gc,heap        ] GC(129) PSYoungGen: 263646K(269312K)->75411K(269824K) Eden: 189434K(189440K)->0K(189952K) From: 74211K(79872K)->75411K(79872K)
[10.773s][info][gc,heap        ] GC(129) ParOldGen: 342713K(699392K)->389920K(699392K)
[10.773s][info][gc,metaspace   ] GC(129) Metaspace: 6592K(6848K)->6592K(6848K) NonClass: 6022K(6144K)->6022K(6144K) Class: 569K(704K)->569K(704K)
[10.773s][info][gc             ] GC(129) Pause Young (Allocation Failure) 592M->454M(946M) 23.316ms
[10.773s][info][gc,cpu         ] GC(129) User=0.23s Sys=0.00s Real=0.02s
[10.796s][info][gc,start       ] GC(130) Pause Young (Allocation Failure)
[10.821s][info][gc,heap        ] GC(130) PSYoungGen: 265327K(269824K)->75911K(269312K) Eden: 189915K(189952K)->0K(189952K) From: 75411K(79872K)->75911K(79360K)
[10.821s][info][gc,heap        ] GC(130) ParOldGen: 389920K(699392K)->438428K(699392K)
[10.821s][info][gc,metaspace   ] GC(130) Metaspace: 6592K(6848K)->6592K(6848K) NonClass: 6022K(6144K)->6022K(6144K) Class: 569K(704K)->569K(704K)
[10.821s][info][gc             ] GC(130) Pause Young (Allocation Failure) 639M->502M(946M) 24.706ms
[10.821s][info][gc,cpu         ] GC(130) User=0.23s Sys=0.00s Real=0.03s
[10.847s][info][gc,start       ] GC(131) Pause Young (Allocation Failure)
[10.872s][info][gc,heap        ] GC(131) PSYoungGen: 265778K(269312K)->77812K(269824K) Eden: 189867K(189952K)->0K(190464K) From: 75911K(79360K)->77812K(79360K)
[10.872s][info][gc,heap        ] GC(131) ParOldGen: 438428K(699392K)->483335K(699392K)
[10.872s][info][gc,metaspace   ] GC(131) Metaspace: 6592K(6848K)->6592K(6848K) NonClass: 6022K(6144K)->6022K(6144K) Class: 569K(704K)->569K(704K)
[10.872s][info][gc             ] GC(131) Pause Young (Allocation Failure) 687M->547M(946M) 25.136ms
[10.872s][info][gc,cpu         ] GC(131) User=0.24s Sys=0.00s Real=0.03s
[10.900s][info][gc,start       ] GC(132) Pause Young (Allocation Failure)
[10.926s][info][gc,heap        ] GC(132) PSYoungGen: 268255K(269824K)->78412K(269312K) Eden: 190443K(190464K)->0K(190464K) From: 77812K(79360K)->78412K(78848K)
[10.926s][info][gc,heap        ] GC(132) ParOldGen: 483335K(699392K)->530442K(699392K)
[10.926s][info][gc,metaspace   ] GC(132) Metaspace: 6592K(6848K)->6592K(6848K) NonClass: 6022K(6144K)->6022K(6144K) Class: 569K(704K)->569K(704K)
[10.926s][info][gc             ] GC(132) Pause Young (Allocation Failure) 733M->594M(946M) 26.658ms
[10.926s][info][gc,cpu         ] GC(132) User=0.25s Sys=0.00s Real=0.02s
[10.949s][info][gc,start       ] GC(133) Pause Young (Allocation Failure)
[10.974s][info][gc,heap        ] GC(133) PSYoungGen: 268836K(269312K)->75311K(269312K) Eden: 190423K(190464K)->0K(189440K) From: 78412K(78848K)->75311K(79872K)
[10.974s][info][gc,heap        ] GC(133) ParOldGen: 530442K(699392K)->579050K(699392K)
[10.974s][info][gc,metaspace   ] GC(133) Metaspace: 6592K(6848K)->6592K(6848K) NonClass: 6022K(6144K)->6022K(6144K) Class: 569K(704K)->569K(704K)
[10.974s][info][gc             ] GC(133) Pause Young (Allocation Failure) 780M->639M(946M) 25.048ms
[10.974s][info][gc,cpu         ] GC(133) User=0.24s Sys=0.00s Real=0.02s
[10.998s][info][gc,start       ] GC(134) Pause Young (Allocation Failure)
[11.023s][info][gc,heap        ] GC(134) PSYoungGen: 264751K(269312K)->74511K(269312K) Eden: 189440K(189440K)->0K(189440K) From: 75311K(79872K)->74511K(79872K)
[11.023s][info][gc,heap        ] GC(134) ParOldGen: 579050K(699392K)->627758K(699392K)
[11.023s][info][gc,metaspace   ] GC(134) Metaspace: 6592K(6848K)->6592K(6848K) NonClass: 6022K(6144K)->6022K(6144K) Class: 569K(704K)->569K(704K)
[11.023s][info][gc             ] GC(134) Pause Young (Allocation Failure) 824M->685M(946M) 24.646ms
[11.023s][info][gc,cpu         ] GC(134) User=0.23s Sys=0.00s Real=0.02s
[11.047s][info][gc,start       ] GC(135) Pause Young (Allocation Failure)
[11.074s][info][gc,heap        ] GC(135) PSYoungGen: 263873K(269312K)->73611K(269312K) Eden: 189361K(189440K)->0K(189440K) From: 74511K(79872K)->73611K(79872K)
[11.074s][info][gc,heap        ] GC(135) ParOldGen: 627758K(699392K)->676365K(699392K)
[11.074s][info][gc,metaspace   ] GC(135) Metaspace: 6592K(6848K)->6592K(6848K) NonClass: 6022K(6144K)->6022K(6144K) Class: 569K(704K)->569K(704K)
[11.074s][info][gc             ] GC(135) Pause Young (Allocation Failure) 870M->732M(946M) 27.742ms
[11.074s][info][gc,cpu         ] GC(135) User=0.27s Sys=0.00s Real=0.03s
[11.074s][info][gc,start       ] GC(136) Pause Full (Ergonomics)
[11.074s][info][gc,phases,start] GC(136) Marking Phase
[11.077s][info][gc,phases      ] GC(136) Marking Phase 2.467ms
[11.077s][info][gc,phases,start] GC(136) Summary Phase
[11.077s][info][gc,phases      ] GC(136) Summary Phase 0.030ms
[11.077s][info][gc,phases,start] GC(136) Adjust Roots
[11.078s][info][gc,phases      ] GC(136) Adjust Roots 0.502ms
[11.078s][info][gc,phases,start] GC(136) Compaction Phase
[11.121s][info][gc,phases      ] GC(136) Compaction Phase 43.074ms
[11.121s][info][gc,phases,start] GC(136) Post Compact
[11.124s][info][gc,phases      ] GC(136) Post Compact 3.043ms
[11.124s][info][gc,heap        ] GC(136) PSYoungGen: 73611K(269312K)->0K(269312K) Eden: 0K(189440K)->0K(189440K) From: 73611K(79872K)->0K(79872K)
[11.124s][info][gc,heap        ] GC(136) ParOldGen: 676365K(699392K)->200791K(699392K)
[11.124s][info][gc,metaspace   ] GC(136) Metaspace: 6592K(6848K)->6592K(6848K) NonClass: 6022K(6144K)->6022K(6144K) Class: 569K(704K)->569K(704K)
[11.124s][info][gc             ] GC(136) Pause Full (Ergonomics) 732M->196M(946M) 49.402ms
[11.124s][info][gc,cpu         ] GC(136) User=0.43s Sys=0.00s Real=0.05s
[11.146s][info][gc,start       ] GC(137) Pause Young (Allocation Failure)
[11.162s][info][gc,heap        ] GC(137) PSYoungGen: 189411K(269312K)->76912K(269312K) Eden: 189411K(189440K)->0K(189440K) From: 0K(79872K)->76912K(79872K)
[11.162s][info][gc,heap        ] GC(137) ParOldGen: 200791K(699392K)->200791K(699392K)
[11.162s][info][gc,metaspace   ] GC(137) Metaspace: 6592K(6848K)->6592K(6848K) NonClass: 6022K(6144K)->6022K(6144K) Class: 569K(704K)->569K(704K)
[11.162s][info][gc             ] GC(137) Pause Young (Allocation Failure) 381M->271M(946M) 16.824ms
[11.162s][info][gc,cpu         ] GC(137) User=0.15s Sys=0.00s Real=0.02s
[11.186s][info][gc,start       ] GC(138) Pause Young (Allocation Failure)
[11.213s][info][gc,heap        ] GC(138) PSYoungGen: 266296K(269312K)->76211K(269312K) Eden: 189384K(189440K)->0K(189440K) From: 76912K(79872K)->76211K(79872K)
[11.213s][info][gc,heap        ] GC(138) ParOldGen: 200791K(699392K)->245998K(699392K)
[11.213s][info][gc,metaspace   ] GC(138) Metaspace: 6592K(6848K)->6592K(6848K) NonClass: 6022K(6144K)->6022K(6144K) Class: 569K(704K)->569K(704K)
[11.213s][info][gc             ] GC(138) Pause Young (Allocation Failure) 456M->314M(946M) 27.277ms
[11.213s][info][gc,cpu         ] GC(138) User=0.26s Sys=0.00s Real=0.03s
[11.234s][info][gc,start       ] GC(139) Pause Young (Allocation Failure)
[11.256s][info][gc,heap        ] GC(139) PSYoungGen: 265636K(269312K)->74711K(269824K) Eden: 189424K(189440K)->0K(189952K) From: 76211K(79872K)->74711K(79872K)
[11.256s][info][gc,heap        ] GC(139) ParOldGen: 245998K(699392K)->292405K(699392K)
[11.256s][info][gc,metaspace   ] GC(139) Metaspace: 6592K(6848K)->6592K(6848K) NonClass: 6022K(6144K)->6022K(6144K) Class: 569K(704K)->569K(704K)
[11.256s][info][gc             ] GC(139) Pause Young (Allocation Failure) 499M->358M(946M) 22.619ms
[11.256s][info][gc,cpu         ] GC(139) User=0.22s Sys=0.00s Real=0.02s
[11.282s][info][gc,start       ] GC(140) Pause Young (Allocation Failure)
[11.323s][info][gc,heap        ] GC(140) PSYoungGen: 264650K(269824K)->75111K(269312K) Eden: 189939K(189952K)->0K(189952K) From: 74711K(79872K)->75111K(79360K)
[11.323s][info][gc,heap        ] GC(140) ParOldGen: 292405K(699392K)->338012K(699392K)
[11.323s][info][gc,metaspace   ] GC(140) Metaspace: 6592K(6848K)->6592K(6848K) NonClass: 6022K(6144K)->6022K(6144K) Class: 569K(704K)->569K(704K)
[11.323s][info][gc             ] GC(140) Pause Young (Allocation Failure) 544M->403M(946M) 40.918ms
[11.323s][info][gc,cpu         ] GC(140) User=0.24s Sys=0.00s Real=0.04s
[11.342s][info][gc,start       ] GC(141) Pause Young (Allocation Failure)
[11.366s][info][gc,heap        ] GC(141) PSYoungGen: 265021K(269312K)->78712K(268800K) Eden: 189909K(189952K)->0K(189440K) From: 75111K(79360K)->78712K(79360K)
[11.366s][info][gc,heap        ] GC(141) ParOldGen: 338012K(699392K)->383819K(699392K)
[11.366s][info][gc,metaspace   ] GC(141) Metaspace: 6592K(6848K)->6592K(6848K) NonClass: 6022K(6144K)->6022K(6144K) Class: 569K(704K)->569K(704K)
[11.366s][info][gc             ] GC(141) Pause Young (Allocation Failure) 588M->451M(945M) 24.020ms
[11.366s][info][gc,cpu         ] GC(141) User=0.23s Sys=0.00s Real=0.02s
[11.388s][info][gc,start       ] GC(142) Pause Young (Allocation Failure)
[11.518s][info][gc,heap        ] GC(142) PSYoungGen: 268152K(268800K)->74111K(269312K) Eden: 189440K(189440K)->0K(189440K) From: 78712K(79360K)->74111K(79872K)
[11.518s][info][gc,heap        ] GC(142) ParOldGen: 383819K(699392K)->433727K(699392K)
[11.518s][info][gc,metaspace   ] GC(142) Metaspace: 6592K(6848K)->6592K(6848K) NonClass: 6022K(6144K)->6022K(6144K) Class: 569K(704K)->569K(704K)
[11.518s][info][gc             ] GC(142) Pause Young (Allocation Failure) 636M->495M(946M) 130.084ms
[11.518s][info][gc,cpu         ] GC(142) User=0.44s Sys=0.00s Real=0.13s
[11.534s][info][gc,start       ] GC(143) Pause Young (Allocation Failure)
[11.559s][info][gc,heap        ] GC(143) PSYoungGen: 263482K(269312K)->75411K(269312K) Eden: 189370K(189440K)->0K(189440K) From: 74111K(79872K)->75411K(79872K)
[11.559s][info][gc,heap        ] GC(143) ParOldGen: 433727K(699392K)->478734K(699392K)
[11.559s][info][gc,metaspace   ] GC(143) Metaspace: 6592K(6848K)->6592K(6848K) NonClass: 6022K(6144K)->6022K(6144K) Class: 569K(704K)->569K(704K)
[11.559s][info][gc             ] GC(143) Pause Young (Allocation Failure) 680M->541M(946M) 24.650ms
[11.559s][info][gc,cpu         ] GC(143) User=0.23s Sys=0.00s Real=0.03s
[11.574s][info][gc,start       ] GC(144) Pause Young (Allocation Failure)
[11.599s][info][gc,heap        ] GC(144) PSYoungGen: 264817K(269312K)->77512K(269312K) Eden: 189406K(189440K)->0K(189440K) From: 75411K(79872K)->77512K(79872K)
[11.599s][info][gc,heap        ] GC(144) ParOldGen: 478734K(699392K)->525141K(699392K)
[11.599s][info][gc,metaspace   ] GC(144) Metaspace: 6592K(6848K)->6592K(6848K) NonClass: 6022K(6144K)->6022K(6144K) Class: 569K(704K)->569K(704K)
[11.599s][info][gc             ] GC(144) Pause Young (Allocation Failure) 726M->588M(946M) 25.216ms
[11.599s][info][gc,cpu         ] GC(144) User=0.25s Sys=0.00s Real=0.03s
[11.617s][info][gc,start       ] GC(145) Pause Young (Allocation Failure)
[11.642s][info][gc,heap        ] GC(145) PSYoungGen: 266921K(269312K)->76311K(269312K) Eden: 189408K(189440K)->0K(189440K) From: 77512K(79872K)->76311K(79872K)
[11.642s][info][gc,heap        ] GC(145) ParOldGen: 525141K(699392K)->571749K(699392K)
[11.642s][info][gc,metaspace   ] GC(145) Metaspace: 6592K(6848K)->6592K(6848K) NonClass: 6022K(6144K)->6022K(6144K) Class: 569K(704K)->569K(704K)
[11.642s][info][gc             ] GC(145) Pause Young (Allocation Failure) 773M->632M(946M) 25.148ms
[11.642s][info][gc,cpu         ] GC(145) User=0.24s Sys=0.00s Real=0.03s
[11.667s][info][gc,start       ] GC(146) Pause Young (Allocation Failure)
[11.691s][info][gc,heap        ] GC(146) PSYoungGen: 265656K(269312K)->75511K(269312K) Eden: 189344K(189440K)->0K(189440K) From: 76311K(79872K)->75511K(79872K)
[11.691s][info][gc,heap        ] GC(146) ParOldGen: 571749K(699392K)->620056K(699392K)
[11.691s][info][gc,metaspace   ] GC(146) Metaspace: 6592K(6848K)->6592K(6848K) NonClass: 6022K(6144K)->6022K(6144K) Class: 569K(704K)->569K(704K)
[11.691s][info][gc             ] GC(146) Pause Young (Allocation Failure) 817M->679M(946M) 23.935ms
[11.691s][info][gc,cpu         ] GC(146) User=0.23s Sys=0.00s Real=0.03s
[11.715s][info][gc,start       ] GC(147) Pause Young (Allocation Failure)
[11.864s][info][gc,heap        ] GC(147) PSYoungGen: 264909K(269312K)->74711K(269824K) Eden: 189397K(189440K)->0K(190464K) From: 75511K(79872K)->74711K(79360K)
[11.864s][info][gc,heap        ] GC(147) ParOldGen: 620056K(699392K)->667664K(699392K)
[11.864s][info][gc,metaspace   ] GC(147) Metaspace: 6592K(6848K)->6592K(6848K) NonClass: 6022K(6144K)->6022K(6144K) Class: 569K(704K)->569K(704K)
[11.864s][info][gc             ] GC(147) Pause Young (Allocation Failure) 864M->724M(946M) 148.429ms
[11.864s][info][gc,cpu         ] GC(147) User=0.47s Sys=0.00s Real=0.15s
[11.864s][info][gc,start       ] GC(148) Pause Full (Ergonomics)
[11.864s][info][gc,phases,start] GC(148) Marking Phase
[11.870s][info][gc,phases      ] GC(148) Marking Phase 6.651ms
[11.870s][info][gc,phases,start] GC(148) Summary Phase
[11.870s][info][gc,phases      ] GC(148) Summary Phase 0.037ms
[11.871s][info][gc,phases,start] GC(148) Adjust Roots
[11.871s][info][gc,phases      ] GC(148) Adjust Roots 0.640ms
[11.871s][info][gc,phases,start] GC(148) Compaction Phase
[11.913s][info][gc,phases      ] GC(148) Compaction Phase 41.618ms
[11.913s][info][gc,phases,start] GC(148) Post Compact
[11.922s][info][gc,phases      ] GC(148) Post Compact 9.575ms
[11.923s][info][gc,heap        ] GC(148) PSYoungGen: 74711K(269824K)->0K(269824K) Eden: 0K(190464K)->0K(190464K) From: 74711K(79360K)->0K(79360K)
[11.923s][info][gc,heap        ] GC(148) ParOldGen: 667664K(699392K)->200791K(699392K)
[11.923s][info][gc,metaspace   ] GC(148) Metaspace: 6592K(6848K)->6592K(6848K) NonClass: 6022K(6144K)->6022K(6144K) Class: 569K(704K)->569K(704K)
[11.923s][info][gc             ] GC(148) Pause Full (Ergonomics) 724M->196M(946M) 58.912ms
[11.923s][info][gc,cpu         ] GC(148) User=0.43s Sys=0.00s Real=0.06s
[11.955s][info][gc,start       ] GC(149) Pause Young (Allocation Failure)
[11.974s][info][gc,heap        ] GC(149) PSYoungGen: 190423K(269824K)->77212K(269824K) Eden: 190423K(190464K)->0K(190464K) From: 0K(79360K)->77212K(79360K)
[11.974s][info][gc,heap        ] GC(149) ParOldGen: 200791K(699392K)->200791K(699392K)
[11.974s][info][gc,metaspace   ] GC(149) Metaspace: 6592K(6848K)->6592K(6848K) NonClass: 6022K(6144K)->6022K(6144K) Class: 569K(704K)->569K(704K)
[11.974s][info][gc             ] GC(149) Pause Young (Allocation Failure) 382M->271M(946M) 18.670ms
[11.974s][info][gc,cpu         ] GC(149) User=0.17s Sys=0.00s Real=0.02s
[12.003s][info][gc,start       ] GC(150) Pause Young (Allocation Failure)
[12.032s][info][gc,heap        ] GC(150) PSYoungGen: 267636K(269824K)->74111K(269824K) Eden: 190424K(190464K)->0K(190464K) From: 77212K(79360K)->74111K(79360K)
[12.032s][info][gc,heap        ] GC(150) ParOldGen: 200791K(699392K)->250099K(699392K)
[12.032s][info][gc,metaspace   ] GC(150) Metaspace: 6592K(6848K)->6592K(6848K) NonClass: 6022K(6144K)->6022K(6144K) Class: 569K(704K)->569K(704K)
[12.032s][info][gc             ] GC(150) Pause Young (Allocation Failure) 457M->316M(946M) 28.984ms
[12.032s][info][gc,cpu         ] GC(150) User=0.28s Sys=0.00s Real=0.03s
[12.063s][info][gc,start       ] GC(151) Pause Young (Allocation Failure)
[12.091s][info][gc,heap        ] GC(151) PSYoungGen: 264510K(269824K)->73211K(268800K) Eden: 190398K(190464K)->0K(189440K) From: 74111K(79360K)->73211K(79360K)
[12.091s][info][gc,heap        ] GC(151) ParOldGen: 250099K(699392K)->297106K(699392K)
[12.091s][info][gc,metaspace   ] GC(151) Metaspace: 6592K(6848K)->6592K(6848K) NonClass: 6022K(6144K)->6022K(6144K) Class: 569K(704K)->569K(704K)
[12.091s][info][gc             ] GC(151) Pause Young (Allocation Failure) 502M->361M(945M) 27.725ms
[12.091s][info][gc,cpu         ] GC(151) User=0.27s Sys=0.00s Real=0.03s
[12.121s][info][gc,start       ] GC(152) Pause Young (Allocation Failure)
[12.148s][info][gc,heap        ] GC(152) PSYoungGen: 262551K(268800K)->76211K(269312K) Eden: 189340K(189440K)->0K(189440K) From: 73211K(79360K)->76211K(79872K)
[12.148s][info][gc,heap        ] GC(152) ParOldGen: 297106K(699392K)->341613K(699392K)
[12.148s][info][gc,metaspace   ] GC(152) Metaspace: 6592K(6848K)->6592K(6848K) NonClass: 6022K(6144K)->6022K(6144K) Class: 569K(704K)->569K(704K)
[12.148s][info][gc             ] GC(152) Pause Young (Allocation Failure) 546M->408M(946M) 27.411ms
[12.148s][info][gc,cpu         ] GC(152) User=0.25s Sys=0.00s Real=0.03s
[12.175s][info][gc,start       ] GC(153) Pause Young (Allocation Failure)
[12.201s][info][gc,heap        ] GC(153) PSYoungGen: 265569K(269312K)->75011K(269824K) Eden: 189357K(189440K)->0K(190464K) From: 76211K(79872K)->75011K(79360K)
[12.201s][info][gc,heap        ] GC(153) ParOldGen: 341613K(699392K)->391021K(699392K)
[12.201s][info][gc,metaspace   ] GC(153) Metaspace: 6592K(6848K)->6592K(6848K) NonClass: 6022K(6144K)->6022K(6144K) Class: 569K(704K)->569K(704K)
[12.201s][info][gc             ] GC(153) Pause Young (Allocation Failure) 592M->455M(946M) 25.704ms
[12.201s][info][gc,cpu         ] GC(153) User=0.23s Sys=0.00s Real=0.03s
[12.228s][info][gc,start       ] GC(154) Pause Young (Allocation Failure)
[12.253s][info][gc,heap        ] GC(154) PSYoungGen: 265427K(269824K)->75411K(269824K) Eden: 190416K(190464K)->0K(190464K) From: 75011K(79360K)->75411K(79360K)
[12.253s][info][gc,heap        ] GC(154) ParOldGen: 391021K(699392K)->436028K(699392K)
[12.253s][info][gc,metaspace   ] GC(154) Metaspace: 6592K(6848K)->6592K(6848K) NonClass: 6022K(6144K)->6022K(6144K) Class: 569K(704K)->569K(704K)
[12.253s][info][gc             ] GC(154) Pause Young (Allocation Failure) 641M->499M(946M) 24.942ms
[12.253s][info][gc,cpu         ] GC(154) User=0.22s Sys=0.00s Real=0.03s
[12.279s][info][gc,start       ] GC(155) Pause Young (Allocation Failure)
[12.306s][info][gc,heap        ] GC(155) PSYoungGen: 265837K(269824K)->77812K(269312K) Eden: 190425K(190464K)->0K(190464K) From: 75411K(79360K)->77812K(78848K)
[12.306s][info][gc,heap        ] GC(155) ParOldGen: 436028K(699392K)->481635K(699392K)
[12.306s][info][gc,metaspace   ] GC(155) Metaspace: 6592K(6848K)->6592K(6848K) NonClass: 6022K(6144K)->6022K(6144K) Class: 569K(704K)->569K(704K)
[12.306s][info][gc             ] GC(155) Pause Young (Allocation Failure) 685M->546M(946M) 26.908ms
[12.306s][info][gc,cpu         ] GC(155) User=0.25s Sys=0.00s Real=0.02s
[12.335s][info][gc,start       ] GC(156) Pause Young (Allocation Failure)
[12.360s][info][gc,heap        ] GC(156) PSYoungGen: 268276K(269312K)->77312K(268288K) Eden: 190464K(190464K)->0K(190464K) From: 77812K(78848K)->77312K(77824K)
[12.360s][info][gc,heap        ] GC(156) ParOldGen: 481635K(699392K)->531042K(699392K)
[12.360s][info][gc,metaspace   ] GC(156) Metaspace: 6592K(6848K)->6592K(6848K) NonClass: 6022K(6144K)->6022K(6144K) Class: 569K(704K)->569K(704K)
[12.360s][info][gc             ] GC(156) Pause Young (Allocation Failure) 732M->594M(945M) 24.606ms
[12.360s][info][gc,cpu         ] GC(156) User=0.24s Sys=0.00s Real=0.03s
[12.382s][info][gc,start       ] GC(157) Pause Young (Allocation Failure)
[12.406s][info][gc,heap        ] GC(157) PSYoungGen: 267739K(268288K)->76611K(269824K) Eden: 190427K(190464K)->0K(189952K) From: 77312K(77824K)->76611K(79872K)
[12.406s][info][gc,heap        ] GC(157) ParOldGen: 531042K(699392K)->578450K(699392K)
[12.406s][info][gc,metaspace   ] GC(157) Metaspace: 6592K(6848K)->6592K(6848K) NonClass: 6022K(6144K)->6022K(6144K) Class: 569K(704K)->569K(704K)
[12.406s][info][gc             ] GC(157) Pause Young (Allocation Failure) 780M->639M(946M) 24.780ms
[12.406s][info][gc,cpu         ] GC(157) User=0.24s Sys=0.00s Real=0.02s
[12.435s][info][gc,start       ] GC(158) Pause Young (Allocation Failure)
[12.461s][info][gc,heap        ] GC(158) PSYoungGen: 266533K(269824K)->73711K(269312K) Eden: 189921K(189952K)->0K(189952K) From: 76611K(79872K)->73711K(79360K)
[12.462s][info][gc,heap        ] GC(158) ParOldGen: 578450K(699392K)->624257K(699392K)
[12.462s][info][gc,metaspace   ] GC(158) Metaspace: 6592K(6848K)->6592K(6848K) NonClass: 6022K(6144K)->6022K(6144K) Class: 569K(704K)->569K(704K)
[12.462s][info][gc             ] GC(158) Pause Young (Allocation Failure) 825M->681M(946M) 26.606ms
[12.462s][info][gc,cpu         ] GC(158) User=0.24s Sys=0.00s Real=0.03s
[12.490s][info][gc,start       ] GC(159) Pause Young (Allocation Failure)
[12.515s][info][gc,heap        ] GC(159) PSYoungGen: 263572K(269312K)->74711K(269824K) Eden: 189860K(189952K)->0K(189952K) From: 73711K(79360K)->74711K(79872K)
[12.515s][info][gc,heap        ] GC(159) ParOldGen: 624257K(699392K)->668864K(699392K)
[12.515s][info][gc,metaspace   ] GC(159) Metaspace: 6592K(6848K)->6592K(6848K) NonClass: 6022K(6144K)->6022K(6144K) Class: 569K(704K)->569K(704K)
[12.515s][info][gc             ] GC(159) Pause Young (Allocation Failure) 867M->726M(946M) 24.800ms
[12.515s][info][gc,cpu         ] GC(159) User=0.24s Sys=0.00s Real=0.02s
[12.515s][info][gc,start       ] GC(160) Pause Full (Ergonomics)
[12.515s][info][gc,phases,start] GC(160) Marking Phase
[12.516s][info][gc,phases      ] GC(160) Marking Phase 1.819ms
[12.516s][info][gc,phases,start] GC(160) Summary Phase
[12.516s][info][gc,phases      ] GC(160) Summary Phase 0.035ms
[12.516s][info][gc,phases,start] GC(160) Adjust Roots
[12.517s][info][gc,phases      ] GC(160) Adjust Roots 0.369ms
[12.517s][info][gc,phases,start] GC(160) Compaction Phase
[12.553s][info][gc,phases      ] GC(160) Compaction Phase 36.500ms
[12.553s][info][gc,phases,start] GC(160) Post Compact
[12.559s][info][gc,phases      ] GC(160) Post Compact 5.554ms
[12.559s][info][gc,heap        ] GC(160) PSYoungGen: 74711K(269824K)->0K(269312K) Eden: 0K(189952K)->0K(189952K) From: 74711K(79872K)->0K(79360K)
[12.559s][info][gc,heap        ] GC(160) ParOldGen: 668864K(699392K)->200791K(699392K)
[12.559s][info][gc,metaspace   ] GC(160) Metaspace: 6592K(6848K)->6592K(6848K) NonClass: 6022K(6144K)->6022K(6144K) Class: 569K(704K)->569K(704K)
[12.559s][info][gc             ] GC(160) Pause Full (Ergonomics) 726M->196M(946M) 44.532ms
[12.559s][info][gc,cpu         ] GC(160) User=0.37s Sys=0.00s Real=0.05s
[12.584s][info][gc,start       ] GC(161) Pause Young (Allocation Failure)
[12.599s][info][gc,heap        ] GC(161) PSYoungGen: 189938K(269312K)->75611K(269824K) Eden: 189938K(189952K)->0K(190464K) From: 0K(79360K)->75611K(79360K)
[12.599s][info][gc,heap        ] GC(161) ParOldGen: 200791K(699392K)->200791K(699392K)
[12.599s][info][gc,metaspace   ] GC(161) Metaspace: 6592K(6848K)->6592K(6848K) NonClass: 6022K(6144K)->6022K(6144K) Class: 569K(704K)->569K(704K)
[12.599s][info][gc             ] GC(161) Pause Young (Allocation Failure) 381M->269M(946M) 14.996ms
[12.599s][info][gc,cpu         ] GC(161) User=0.14s Sys=0.00s Real=0.02s
[12.619s][info][gc,start       ] GC(162) Pause Young (Allocation Failure)
[12.642s][info][gc,heap        ] GC(162) PSYoungGen: 266006K(269824K)->75811K(269824K) Eden: 190394K(190464K)->0K(190464K) From: 75611K(79360K)->75811K(79360K)
[12.642s][info][gc,heap        ] GC(162) ParOldGen: 200791K(699392K)->247798K(699392K)
[12.642s][info][gc,metaspace   ] GC(162) Metaspace: 6592K(6848K)->6592K(6848K) NonClass: 6022K(6144K)->6022K(6144K) Class: 569K(704K)->569K(704K)
[12.642s][info][gc             ] GC(162) Pause Young (Allocation Failure) 455M->316M(946M) 23.081ms
[12.642s][info][gc,cpu         ] GC(162) User=0.22s Sys=0.00s Real=0.02s
[12.668s][info][gc,start       ] GC(163) Pause Young (Allocation Failure)
[12.693s][info][gc,heap        ] GC(163) PSYoungGen: 266258K(269824K)->77312K(269312K) Eden: 190446K(190464K)->0K(190464K) From: 75811K(79360K)->77312K(78848K)
[12.693s][info][gc,heap        ] GC(163) ParOldGen: 247798K(699392K)->295006K(699392K)
[12.693s][info][gc,metaspace   ] GC(163) Metaspace: 6592K(6848K)->6592K(6848K) NonClass: 6022K(6144K)->6022K(6144K) Class: 569K(704K)->569K(704K)
[12.693s][info][gc             ] GC(163) Pause Young (Allocation Failure) 502M->363M(946M) 24.876ms
[12.693s][info][gc,cpu         ] GC(163) User=0.24s Sys=0.00s Real=0.03s
[12.719s][info][gc,start       ] GC(164) Pause Young (Allocation Failure)
[12.744s][info][gc,heap        ] GC(164) PSYoungGen: 267731K(269312K)->78112K(268800K) Eden: 190419K(190464K)->0K(190464K) From: 77312K(78848K)->78112K(78336K)
[12.744s][info][gc,heap        ] GC(164) ParOldGen: 295006K(699392K)->340813K(699392K)
[12.744s][info][gc,metaspace   ] GC(164) Metaspace: 6592K(6848K)->6592K(6848K) NonClass: 6022K(6144K)->6022K(6144K) Class: 569K(704K)->569K(704K)
[12.744s][info][gc             ] GC(164) Pause Young (Allocation Failure) 549M->409M(945M) 24.977ms
[12.744s][info][gc,cpu         ] GC(164) User=0.24s Sys=0.00s Real=0.02s
[12.771s][info][gc,start       ] GC(165) Pause Young (Allocation Failure)
[12.796s][info][gc,heap        ] GC(165) PSYoungGen: 268512K(268800K)->74611K(269824K) Eden: 190400K(190464K)->0K(189952K) From: 78112K(78336K)->74611K(79872K)
[12.796s][info][gc,heap        ] GC(165) ParOldGen: 340813K(699392K)->390921K(699392K)
[12.796s][info][gc,metaspace   ] GC(165) Metaspace: 6592K(6848K)->6592K(6848K) NonClass: 6022K(6144K)->6022K(6144K) Class: 569K(704K)->569K(704K)
[12.796s][info][gc             ] GC(165) Pause Young (Allocation Failure) 595M->454M(946M) 24.811ms
[12.796s][info][gc,cpu         ] GC(165) User=0.23s Sys=0.00s Real=0.02s
[12.821s][info][gc,start       ] GC(166) Pause Young (Allocation Failure)
[12.844s][info][gc,heap        ] GC(166) PSYoungGen: 264508K(269824K)->74111K(269312K) Eden: 189897K(189952K)->0K(189952K) From: 74611K(79872K)->74111K(79360K)
[12.844s][info][gc,heap        ] GC(166) ParOldGen: 390921K(699392K)->436428K(699392K)
[12.845s][info][gc,metaspace   ] GC(166) Metaspace: 6592K(6848K)->6592K(6848K) NonClass: 6022K(6144K)->6022K(6144K) Class: 569K(704K)->569K(704K)
[12.845s][info][gc             ] GC(166) Pause Young (Allocation Failure) 640M->498M(946M) 23.659ms
[12.845s][info][gc,cpu         ] GC(166) User=0.23s Sys=0.00s Real=0.02s
[12.865s][info][gc,start       ] GC(167) Pause Young (Allocation Failure)
[12.889s][info][gc,heap        ] GC(167) PSYoungGen: 264019K(269312K)->77412K(268800K) Eden: 189908K(189952K)->0K(189440K) From: 74111K(79360K)->77412K(79360K)
[12.890s][info][gc,heap        ] GC(167) ParOldGen: 436428K(699392K)->483635K(699392K)
[12.890s][info][gc,metaspace   ] GC(167) Metaspace: 6592K(6848K)->6592K(6848K) NonClass: 6022K(6144K)->6022K(6144K) Class: 569K(704K)->569K(704K)
[12.890s][info][gc             ] GC(167) Pause Young (Allocation Failure) 684M->547M(945M) 24.846ms
[12.890s][info][gc,cpu         ] GC(167) User=0.22s Sys=0.00s Real=0.03s
[12.911s][info][gc,start       ] GC(168) Pause Young (Allocation Failure)
[12.936s][info][gc,heap        ] GC(168) PSYoungGen: 266786K(268800K)->74111K(269312K) Eden: 189373K(189440K)->0K(189440K) From: 77412K(79360K)->74111K(79872K)
[12.936s][info][gc,heap        ] GC(168) ParOldGen: 483635K(699392K)->530442K(699392K)
[12.936s][info][gc,metaspace   ] GC(168) Metaspace: 6592K(6848K)->6592K(6848K) NonClass: 6022K(6144K)->6022K(6144K) Class: 569K(704K)->569K(704K)
[12.936s][info][gc             ] GC(168) Pause Young (Allocation Failure) 732M->590M(946M) 24.500ms
[12.936s][info][gc,cpu         ] GC(168) User=0.23s Sys=0.00s Real=0.02s
[12.960s][info][gc,start       ] GC(169) Pause Young (Allocation Failure)
[12.987s][info][gc,heap        ] GC(169) PSYoungGen: 263468K(269312K)->77312K(269312K) Eden: 189357K(189440K)->0K(189440K) From: 74111K(79872K)->77312K(79872K)
[12.987s][info][gc,heap        ] GC(169) ParOldGen: 530442K(699392K)->577250K(699392K)
[12.987s][info][gc,metaspace   ] GC(169) Metaspace: 6592K(6848K)->6592K(6848K) NonClass: 6022K(6144K)->6022K(6144K) Class: 569K(704K)->569K(704K)
[12.987s][info][gc             ] GC(169) Pause Young (Allocation Failure) 775M->639M(946M) 26.547ms
[12.987s][info][gc,cpu         ] GC(169) User=0.24s Sys=0.00s Real=0.02s
[13.009s][info][gc,start       ] GC(170) Pause Young (Allocation Failure)
[13.033s][info][gc,heap        ] GC(170) PSYoungGen: 266720K(269312K)->78512K(268288K) Eden: 189408K(189440K)->0K(189440K) From: 77312K(79872K)->78512K(78848K)
[13.033s][info][gc,heap        ] GC(170) ParOldGen: 577250K(699392K)->624157K(699392K)
[13.033s][info][gc,metaspace   ] GC(170) Metaspace: 6592K(6848K)->6592K(6848K) NonClass: 6022K(6144K)->6022K(6144K) Class: 569K(704K)->569K(704K)
[13.033s][info][gc             ] GC(170) Pause Young (Allocation Failure) 824M->686M(945M) 24.492ms
[13.033s][info][gc,cpu         ] GC(170) User=0.23s Sys=0.00s Real=0.02s
[13.052s][info][gc,start       ] GC(171) Pause Young (Allocation Failure)
[13.077s][info][gc,heap        ] GC(171) PSYoungGen: 267951K(268288K)->74211K(268800K) Eden: 189439K(189440K)->0K(188416K) From: 78512K(78848K)->74211K(80384K)
[13.077s][info][gc,heap        ] GC(171) ParOldGen: 624157K(699392K)->674265K(699392K)
[13.077s][info][gc,metaspace   ] GC(171) Metaspace: 6592K(6848K)->6592K(6848K) NonClass: 6022K(6144K)->6022K(6144K) Class: 569K(704K)->569K(704K)
[13.077s][info][gc             ] GC(171) Pause Young (Allocation Failure) 871M->730M(945M) 24.520ms
[13.077s][info][gc,cpu         ] GC(171) User=0.23s Sys=0.00s Real=0.02s
[13.077s][info][gc,start       ] GC(172) Pause Full (Ergonomics)
[13.077s][info][gc,phases,start] GC(172) Marking Phase
[13.079s][info][gc,phases      ] GC(172) Marking Phase 1.835ms
[13.079s][info][gc,phases,start] GC(172) Summary Phase
[13.079s][info][gc,phases      ] GC(172) Summary Phase 0.021ms
[13.079s][info][gc,phases,start] GC(172) Adjust Roots
[13.079s][info][gc,phases      ] GC(172) Adjust Roots 0.472ms
[13.079s][info][gc,phases,start] GC(172) Compaction Phase
[13.116s][info][gc,phases      ] GC(172) Compaction Phase 36.706ms
[13.116s][info][gc,phases,start] GC(172) Post Compact
[13.119s][info][gc,phases      ] GC(172) Post Compact 2.942ms
[13.119s][info][gc,heap        ] GC(172) PSYoungGen: 74211K(268800K)->0K(268800K) Eden: 0K(188416K)->0K(188416K) From: 74211K(80384K)->0K(80384K)
[13.119s][info][gc,heap        ] GC(172) ParOldGen: 674265K(699392K)->200791K(699392K)
[13.119s][info][gc,metaspace   ] GC(172) Metaspace: 6592K(6848K)->6592K(6848K) NonClass: 6022K(6144K)->6022K(6144K) Class: 569K(704K)->569K(704K)
[13.119s][info][gc             ] GC(172) Pause Full (Ergonomics) 730M->196M(945M) 42.248ms
[13.119s][info][gc,cpu         ] GC(172) User=0.38s Sys=0.00s Real=0.05s
[13.145s][info][gc,start       ] GC(173) Pause Young (Allocation Failure)
[13.161s][info][gc,heap        ] GC(173) PSYoungGen: 188389K(268800K)->78512K(267776K) Eden: 188389K(188416K)->0K(187392K) From: 0K(80384K)->78512K(80384K)
[13.161s][info][gc,heap        ] GC(173) ParOldGen: 200791K(699392K)->200791K(699392K)
[13.161s][info][gc,metaspace   ] GC(173) Metaspace: 6592K(6848K)->6592K(6848K) NonClass: 6022K(6144K)->6022K(6144K) Class: 569K(704K)->569K(704K)
[13.161s][info][gc             ] GC(173) Pause Young (Allocation Failure) 380M->272M(944M) 15.478ms
[13.161s][info][gc,cpu         ] GC(173) User=0.15s Sys=0.00s Real=0.02s
[13.181s][info][gc,start       ] GC(174) Pause Young (Allocation Failure)
[13.204s][info][gc,heap        ] GC(174) PSYoungGen: 265884K(267776K)->74411K(268288K) Eden: 187371K(187392K)->0K(187392K) From: 78512K(80384K)->74411K(80896K)
[13.204s][info][gc,heap        ] GC(174) ParOldGen: 200791K(699392K)->250499K(699392K)
[13.204s][info][gc,metaspace   ] GC(174) Metaspace: 6592K(6848K)->6592K(6848K) NonClass: 6022K(6144K)->6022K(6144K) Class: 569K(704K)->569K(704K)
[13.204s][info][gc             ] GC(174) Pause Young (Allocation Failure) 455M->317M(945M) 22.931ms
[13.204s][info][gc,cpu         ] GC(174) User=0.22s Sys=0.00s Real=0.02s
[13.224s][info][gc,start       ] GC(175) Pause Young (Allocation Failure)
[13.248s][info][gc,heap        ] GC(175) PSYoungGen: 261713K(268288K)->75611K(268800K) Eden: 187301K(187392K)->0K(187904K) From: 74411K(80896K)->75611K(80896K)
[13.248s][info][gc,heap        ] GC(175) ParOldGen: 250499K(699392K)->296906K(699392K)
[13.248s][info][gc,metaspace   ] GC(175) Metaspace: 6592K(6848K)->6592K(6848K) NonClass: 6022K(6144K)->6022K(6144K) Class: 569K(704K)->569K(704K)
[13.248s][info][gc             ] GC(175) Pause Young (Allocation Failure) 500M->363M(945M) 23.642ms
[13.248s][info][gc,cpu         ] GC(175) User=0.23s Sys=0.00s Real=0.02s
[13.271s][info][gc,start       ] GC(176) Pause Young (Allocation Failure)
[13.294s][info][gc,heap        ] GC(176) PSYoungGen: 263470K(268800K)->74911K(268288K) Eden: 187858K(187904K)->0K(187904K) From: 75611K(80896K)->74911K(80384K)
[13.294s][info][gc,heap        ] GC(176) ParOldGen: 296906K(699392K)->345813K(699392K)
[13.294s][info][gc,metaspace   ] GC(176) Metaspace: 6592K(6848K)->6592K(6848K) NonClass: 6022K(6144K)->6022K(6144K) Class: 569K(704K)->569K(704K)
[13.294s][info][gc             ] GC(176) Pause Young (Allocation Failure) 547M->410M(945M) 23.009ms
[13.294s][info][gc,cpu         ] GC(176) User=0.22s Sys=0.00s Real=0.02s
[13.317s][info][gc,start       ] GC(177) Pause Young (Allocation Failure)
[13.341s][info][gc,heap        ] GC(177) PSYoungGen: 262767K(268288K)->75711K(269312K) Eden: 187855K(187904K)->0K(188928K) From: 74911K(80384K)->75711K(80384K)
[13.341s][info][gc,heap        ] GC(177) ParOldGen: 345813K(699392K)->390620K(699392K)
[13.341s][info][gc,metaspace   ] GC(177) Metaspace: 6592K(6848K)->6592K(6848K) NonClass: 6022K(6144K)->6022K(6144K) Class: 569K(704K)->569K(704K)
[13.341s][info][gc             ] GC(177) Pause Young (Allocation Failure) 594M->455M(946M) 24.086ms
[13.341s][info][gc,cpu         ] GC(177) User=0.24s Sys=0.00s Real=0.03s
[13.363s][info][gc,start       ] GC(178) Pause Young (Allocation Failure)
[13.386s][info][gc,heap        ] GC(178) PSYoungGen: 264577K(269312K)->75611K(268800K) Eden: 188866K(188928K)->0K(188928K) From: 75711K(80384K)->75611K(79872K)
[13.386s][info][gc,heap        ] GC(178) ParOldGen: 390620K(699392K)->437528K(699392K)
[13.386s][info][gc,metaspace   ] GC(178) Metaspace: 6592K(6848K)->6592K(6848K) NonClass: 6022K(6144K)->6022K(6144K) Class: 569K(704K)->569K(704K)
[13.386s][info][gc             ] GC(178) Pause Young (Allocation Failure) 639M->501M(945M) 23.156ms
[13.386s][info][gc,cpu         ] GC(178) User=0.22s Sys=0.00s Real=0.02s
[13.409s][info][gc,start       ] GC(179) Pause Young (Allocation Failure)
[13.433s][info][gc,heap        ] GC(179) PSYoungGen: 264502K(268800K)->75011K(269824K) Eden: 188890K(188928K)->0K(190464K) From: 75611K(79872K)->75011K(79360K)
[13.433s][info][gc,heap        ] GC(179) ParOldGen: 437528K(699392K)->483435K(699392K)
[13.433s][info][gc,metaspace   ] GC(179) Metaspace: 6592K(6848K)->6592K(6848K) NonClass: 6022K(6144K)->6022K(6144K) Class: 569K(704K)->569K(704K)
[13.433s][info][gc             ] GC(179) Pause Young (Allocation Failure) 685M->545M(946M) 24.102ms
[13.433s][info][gc,cpu         ] GC(179) User=0.22s Sys=0.00s Real=0.02s
[13.454s][info][gc,start       ] GC(180) Pause Young (Allocation Failure)
[13.480s][info][gc,heap        ] GC(180) PSYoungGen: 265437K(269824K)->73211K(269824K) Eden: 190426K(190464K)->0K(190464K) From: 75011K(79360K)->73211K(79360K)
[13.481s][info][gc,heap        ] GC(180) ParOldGen: 483435K(699392K)->530642K(699392K)
[13.481s][info][gc,metaspace   ] GC(180) Metaspace: 6592K(6848K)->6592K(6848K) NonClass: 6022K(6144K)->6022K(6144K) Class: 569K(704K)->569K(704K)
[13.481s][info][gc             ] GC(180) Pause Young (Allocation Failure) 731M->589M(946M) 26.377ms
[13.481s][info][gc,cpu         ] GC(180) User=0.25s Sys=0.00s Real=0.03s
[13.502s][info][gc,start       ] GC(181) Pause Young (Allocation Failure)
[13.526s][info][gc,heap        ] GC(181) PSYoungGen: 263639K(269824K)->74411K(269824K) Eden: 190428K(190464K)->0K(190464K) From: 73211K(79360K)->74411K(79360K)
[13.526s][info][gc,heap        ] GC(181) ParOldGen: 530642K(699392K)->576450K(699392K)
[13.526s][info][gc,metaspace   ] GC(181) Metaspace: 6592K(6848K)->6592K(6848K) NonClass: 6022K(6144K)->6022K(6144K) Class: 569K(704K)->569K(704K)
[13.526s][info][gc             ] GC(181) Pause Young (Allocation Failure) 775M->635M(946M) 23.882ms
[13.526s][info][gc,cpu         ] GC(181) User=0.23s Sys=0.00s Real=0.02s
[13.546s][info][gc,start       ] GC(182) Pause Young (Allocation Failure)
[13.570s][info][gc,heap        ] GC(182) PSYoungGen: 264842K(269824K)->76111K(269824K) Eden: 190430K(190464K)->0K(190464K) From: 74411K(79360K)->76111K(79360K)
[13.570s][info][gc,heap        ] GC(182) ParOldGen: 576450K(699392K)->623057K(699392K)
[13.570s][info][gc,metaspace   ] GC(182) Metaspace: 6592K(6848K)->6592K(6848K) NonClass: 6022K(6144K)->6022K(6144K) Class: 569K(704K)->569K(704K)
[13.570s][info][gc             ] GC(182) Pause Young (Allocation Failure) 821M->682M(946M) 24.111ms
[13.570s][info][gc,cpu         ] GC(182) User=0.24s Sys=0.00s Real=0.03s
[13.594s][info][gc,start       ] GC(183) Pause Young (Allocation Failure)
[13.618s][info][gc,heap        ] GC(183) PSYoungGen: 266575K(269824K)->74111K(270336K) Eden: 190464K(190464K)->0K(190976K) From: 76111K(79360K)->74111K(79360K)
[13.618s][info][gc,heap        ] GC(183) ParOldGen: 623057K(699392K)->669464K(699392K)
[13.618s][info][gc,metaspace   ] GC(183) Metaspace: 6592K(6848K)->6592K(6848K) NonClass: 6022K(6144K)->6022K(6144K) Class: 569K(704K)->569K(704K)
[13.618s][info][gc             ] GC(183) Pause Young (Allocation Failure) 868M->726M(947M) 23.386ms
[13.618s][info][gc,cpu         ] GC(183) User=0.22s Sys=0.00s Real=0.02s
[13.618s][info][gc,start       ] GC(184) Pause Full (Ergonomics)
[13.618s][info][gc,phases,start] GC(184) Marking Phase
[13.619s][info][gc,phases      ] GC(184) Marking Phase 1.607ms
[13.619s][info][gc,phases,start] GC(184) Summary Phase
[13.619s][info][gc,phases      ] GC(184) Summary Phase 0.019ms
[13.619s][info][gc,phases,start] GC(184) Adjust Roots
[13.620s][info][gc,phases      ] GC(184) Adjust Roots 0.379ms
[13.620s][info][gc,phases,start] GC(184) Compaction Phase
[13.656s][info][gc,phases      ] GC(184) Compaction Phase 36.409ms
[13.656s][info][gc,phases,start] GC(184) Post Compact
[13.659s][info][gc,phases      ] GC(184) Post Compact 2.543ms
[13.659s][info][gc,heap        ] GC(184) PSYoungGen: 74111K(270336K)->0K(269824K) Eden: 0K(190976K)->0K(190976K) From: 74111K(79360K)->0K(78848K)
[13.659s][info][gc,heap        ] GC(184) ParOldGen: 669464K(699392K)->200791K(699392K)
[13.659s][info][gc,metaspace   ] GC(184) Metaspace: 6592K(6848K)->6592K(6848K) NonClass: 6022K(6144K)->6022K(6144K) Class: 569K(704K)->569K(704K)
[13.659s][info][gc             ] GC(184) Pause Full (Ergonomics) 726M->196M(946M) 41.158ms
[13.659s][info][gc,cpu         ] GC(184) User=0.36s Sys=0.00s Real=0.05s
[13.678s][info][gc,start       ] GC(185) Pause Young (Allocation Failure)
[13.692s][info][gc,heap        ] GC(185) PSYoungGen: 190964K(269824K)->74611K(270336K) Eden: 190964K(190976K)->0K(191488K) From: 0K(78848K)->74611K(78848K)
[13.692s][info][gc,heap        ] GC(185) ParOldGen: 200791K(699392K)->200791K(699392K)
[13.692s][info][gc,metaspace   ] GC(185) Metaspace: 6592K(6848K)->6592K(6848K) NonClass: 6022K(6144K)->6022K(6144K) Class: 569K(704K)->569K(704K)
[13.692s][info][gc             ] GC(185) Pause Young (Allocation Failure) 382M->268M(947M) 14.119ms
[13.692s][info][gc,cpu         ] GC(185) User=0.13s Sys=0.00s Real=0.02s
[13.710s][info][gc,start       ] GC(186) Pause Young (Allocation Failure)
[13.733s][info][gc,heap        ] GC(186) PSYoungGen: 266022K(270336K)->77612K(269312K) Eden: 191410K(191488K)->0K(191488K) From: 74611K(78848K)->77612K(77824K)
[13.733s][info][gc,heap        ] GC(186) ParOldGen: 200791K(699392K)->246798K(699392K)
[13.733s][info][gc,metaspace   ] GC(186) Metaspace: 6592K(6848K)->6592K(6848K) NonClass: 6022K(6144K)->6022K(6144K) Class: 569K(704K)->569K(704K)
[13.733s][info][gc             ] GC(186) Pause Young (Allocation Failure) 455M->316M(946M) 22.963ms
[13.733s][info][gc,cpu         ] GC(186) User=0.22s Sys=0.00s Real=0.02s
[13.753s][info][gc,start       ] GC(187) Pause Young (Allocation Failure)
[13.776s][info][gc,heap        ] GC(187) PSYoungGen: 269046K(269312K)->76411K(269824K) Eden: 191434K(191488K)->0K(190464K) From: 77612K(77824K)->76411K(79360K)
[13.776s][info][gc,heap        ] GC(187) ParOldGen: 246798K(699392K)->293905K(699392K)
[13.776s][info][gc,metaspace   ] GC(187) Metaspace: 6592K(6848K)->6592K(6848K) NonClass: 6022K(6144K)->6022K(6144K) Class: 569K(704K)->569K(704K)
[13.776s][info][gc             ] GC(187) Pause Young (Allocation Failure) 503M->361M(946M) 23.843ms
[13.776s][info][gc,cpu         ] GC(187) User=0.23s Sys=0.00s Real=0.02s
[13.801s][info][gc,start       ] GC(188) Pause Young (Allocation Failure)
[13.825s][info][gc,heap        ] GC(188) PSYoungGen: 266842K(269824K)->74111K(269824K) Eden: 190430K(190464K)->0K(190464K) From: 76411K(79360K)->74111K(79360K)
[13.825s][info][gc,heap        ] GC(188) ParOldGen: 293905K(699392K)->342613K(699392K)
[13.825s][info][gc,metaspace   ] GC(188) Metaspace: 6592K(6848K)->6592K(6848K) NonClass: 6022K(6144K)->6022K(6144K) Class: 569K(704K)->569K(704K)
[13.825s][info][gc             ] GC(188) Pause Young (Allocation Failure) 547M->406M(946M) 23.914ms
[13.825s][info][gc,cpu         ] GC(188) User=0.22s Sys=0.00s Real=0.02s
[13.850s][info][gc,start       ] GC(189) Pause Young (Allocation Failure)
[13.874s][info][gc,heap        ] GC(189) PSYoungGen: 264485K(269824K)->74711K(270336K) Eden: 190374K(190464K)->0K(190976K) From: 74111K(79360K)->74711K(79360K)
[13.874s][info][gc,heap        ] GC(189) ParOldGen: 342613K(699392K)->389620K(699392K)
[13.874s][info][gc,metaspace   ] GC(189) Metaspace: 6592K(6848K)->6592K(6848K) NonClass: 6022K(6144K)->6022K(6144K) Class: 569K(704K)->569K(704K)
[13.874s][info][gc             ] GC(189) Pause Young (Allocation Failure) 592M->453M(947M) 23.876ms
[13.874s][info][gc,cpu         ] GC(189) User=0.23s Sys=0.00s Real=0.02s
[13.893s][info][gc,start       ] GC(190) Pause Young (Allocation Failure)
[13.917s][info][gc,heap        ] GC(190) PSYoungGen: 265654K(270336K)->76511K(269824K) Eden: 190942K(190976K)->0K(190976K) From: 74711K(79360K)->76511K(78848K)
[13.917s][info][gc,heap        ] GC(190) ParOldGen: 389620K(699392K)->435828K(699392K)
[13.917s][info][gc,metaspace   ] GC(190) Metaspace: 6592K(6848K)->6592K(6848K) NonClass: 6022K(6144K)->6022K(6144K) Class: 569K(704K)->569K(704K)
[13.917s][info][gc             ] GC(190) Pause Young (Allocation Failure) 639M->500M(946M) 24.148ms
[13.917s][info][gc,cpu         ] GC(190) User=0.23s Sys=0.00s Real=0.02s
[13.940s][info][gc,start       ] GC(191) Pause Young (Allocation Failure)
[13.965s][info][gc,heap        ] GC(191) PSYoungGen: 267388K(269824K)->75811K(270336K) Eden: 190876K(190976K)->0K(191488K) From: 76511K(78848K)->75811K(78848K)
[13.965s][info][gc,heap        ] GC(191) ParOldGen: 435828K(699392K)->483235K(699392K)
[13.965s][info][gc,metaspace   ] GC(191) Metaspace: 6592K(6848K)->6592K(6848K) NonClass: 6022K(6144K)->6022K(6144K) Class: 569K(704K)->569K(704K)
[13.965s][info][gc             ] GC(191) Pause Young (Allocation Failure) 686M->545M(947M) 24.386ms
[13.965s][info][gc,cpu         ] GC(191) User=0.23s Sys=0.00s Real=0.02s
[13.988s][info][gc,start       ] GC(192) Pause Young (Allocation Failure)
[14.012s][info][gc,heap        ] GC(192) PSYoungGen: 267261K(270336K)->73711K(270336K) Eden: 191449K(191488K)->0K(191488K) From: 75811K(78848K)->73711K(78848K)
[14.013s][info][gc,heap        ] GC(192) ParOldGen: 483235K(699392K)->532243K(699392K)
[14.013s][info][gc,metaspace   ] GC(192) Metaspace: 6592K(6848K)->6592K(6848K) NonClass: 6022K(6144K)->6022K(6144K) Class: 569K(704K)->569K(704K)
[14.013s][info][gc             ] GC(192) Pause Young (Allocation Failure) 732M->591M(947M) 24.548ms
[14.013s][info][gc,cpu         ] GC(192) User=0.24s Sys=0.00s Real=0.03s
[14.034s][info][gc,start       ] GC(193) Pause Young (Allocation Failure)
[14.059s][info][gc,heap        ] GC(193) PSYoungGen: 265162K(270336K)->78812K(268288K) Eden: 191451K(191488K)->0K(189440K) From: 73711K(78848K)->78812K(78848K)
[14.059s][info][gc,heap        ] GC(193) ParOldGen: 532243K(699392K)->578850K(699392K)
[14.059s][info][gc,metaspace   ] GC(193) Metaspace: 6592K(6848K)->6592K(6848K) NonClass: 6022K(6144K)->6022K(6144K) Class: 569K(704K)->569K(704K)
[14.059s][info][gc             ] GC(193) Pause Young (Allocation Failure) 778M->642M(945M) 25.032ms
[14.059s][info][gc,cpu         ] GC(193) User=0.24s Sys=0.00s Real=0.03s
[14.079s][info][gc,start       ] GC(194) Pause Young (Allocation Failure)
[14.104s][info][gc,heap        ] GC(194) PSYoungGen: 268200K(268288K)->77012K(269312K) Eden: 189388K(189440K)->0K(189440K) From: 78812K(78848K)->77012K(79872K)
[14.104s][info][gc,heap        ] GC(194) ParOldGen: 578850K(699392K)->626657K(699392K)
[14.104s][info][gc,metaspace   ] GC(194) Metaspace: 6592K(6848K)->6592K(6848K) NonClass: 6022K(6144K)->6022K(6144K) Class: 569K(704K)->569K(704K)
[14.104s][info][gc             ] GC(194) Pause Young (Allocation Failure) 827M->687M(946M) 24.429ms
[14.104s][info][gc,cpu         ] GC(194) User=0.24s Sys=0.00s Real=0.02s
[14.125s][info][gc,start       ] GC(195) Pause Young (Allocation Failure)
[14.148s][info][gc,heap        ] GC(195) PSYoungGen: 266423K(269312K)->73211K(269312K) Eden: 189411K(189440K)->0K(189440K) From: 77012K(79872K)->73211K(79872K)
[14.148s][info][gc,heap        ] GC(195) ParOldGen: 626657K(699392K)->676665K(699392K)
[14.148s][info][gc,metaspace   ] GC(195) Metaspace: 6592K(6848K)->6592K(6848K) NonClass: 6022K(6144K)->6022K(6144K) Class: 569K(704K)->569K(704K)
[14.148s][info][gc             ] GC(195) Pause Young (Allocation Failure) 872M->732M(946M) 23.511ms
[14.148s][info][gc,cpu         ] GC(195) User=0.22s Sys=0.00s Real=0.03s
[14.148s][info][gc,start       ] GC(196) Pause Full (Ergonomics)
[14.148s][info][gc,phases,start] GC(196) Marking Phase
[14.150s][info][gc,phases      ] GC(196) Marking Phase 1.469ms
[14.150s][info][gc,phases,start] GC(196) Summary Phase
[14.150s][info][gc,phases      ] GC(196) Summary Phase 0.018ms
[14.150s][info][gc,phases,start] GC(196) Adjust Roots
[14.150s][info][gc,phases      ] GC(196) Adjust Roots 0.334ms
[14.150s][info][gc,phases,start] GC(196) Compaction Phase
[14.185s][info][gc,phases      ] GC(196) Compaction Phase 34.639ms
[14.185s][info][gc,phases,start] GC(196) Post Compact
[14.187s][info][gc,phases      ] GC(196) Post Compact 1.813ms
[14.187s][info][gc,heap        ] GC(196) PSYoungGen: 73211K(269312K)->0K(269312K) Eden: 0K(189440K)->0K(189440K) From: 73211K(79872K)->0K(79872K)
[14.187s][info][gc,heap        ] GC(196) ParOldGen: 676665K(699392K)->200791K(699392K)
[14.187s][info][gc,metaspace   ] GC(196) Metaspace: 6592K(6848K)->6592K(6848K) NonClass: 6022K(6144K)->6022K(6144K) Class: 569K(704K)->569K(704K)
[14.187s][info][gc             ] GC(196) Pause Full (Ergonomics) 732M->196M(946M) 38.522ms
[14.187s][info][gc,cpu         ] GC(196) User=0.35s Sys=0.00s Real=0.03s
[14.205s][info][gc,start       ] GC(197) Pause Young (Allocation Failure)
[14.220s][info][gc,heap        ] GC(197) PSYoungGen: 189358K(269312K)->76311K(269312K) Eden: 189358K(189440K)->0K(189440K) From: 0K(79872K)->76311K(79872K)
[14.220s][info][gc,heap        ] GC(197) ParOldGen: 200791K(699392K)->200791K(699392K)
[14.220s][info][gc,metaspace   ] GC(197) Metaspace: 6592K(6848K)->6592K(6848K) NonClass: 6022K(6144K)->6022K(6144K) Class: 569K(704K)->569K(704K)
[14.220s][info][gc             ] GC(197) Pause Young (Allocation Failure) 381M->270M(946M) 14.851ms
[14.220s][info][gc,cpu         ] GC(197) User=0.15s Sys=0.00s Real=0.02s
[14.238s][info][gc,start       ] GC(198) Pause Young (Allocation Failure)
[14.261s][info][gc,heap        ] GC(198) PSYoungGen: 265686K(269312K)->75811K(269312K) Eden: 189374K(189440K)->0K(189440K) From: 76311K(79872K)->75811K(79872K)
[14.261s][info][gc,heap        ] GC(198) ParOldGen: 200791K(699392K)->249898K(699392K)
[14.261s][info][gc,metaspace   ] GC(198) Metaspace: 6592K(6848K)->6592K(6848K) NonClass: 6022K(6144K)->6022K(6144K) Class: 569K(704K)->569K(704K)
[14.261s][info][gc             ] GC(198) Pause Young (Allocation Failure) 455M->318M(946M) 23.011ms
[14.261s][info][gc,cpu         ] GC(198) User=0.22s Sys=0.00s Real=0.02s
[14.281s][info][gc,start       ] GC(199) Pause Young (Allocation Failure)
[14.305s][info][gc,heap        ] GC(199) PSYoungGen: 265183K(269312K)->76411K(269824K) Eden: 189371K(189440K)->0K(190464K) From: 75811K(79872K)->76411K(79360K)
[14.305s][info][gc,heap        ] GC(199) ParOldGen: 249898K(699392K)->297906K(699392K)
[14.305s][info][gc,metaspace   ] GC(199) Metaspace: 6592K(6848K)->6592K(6848K) NonClass: 6022K(6144K)->6022K(6144K) Class: 569K(704K)->569K(704K)
[14.305s][info][gc             ] GC(199) Pause Young (Allocation Failure) 503M->365M(946M) 24.100ms
[14.305s][info][gc,cpu         ] GC(199) User=0.23s Sys=0.00s Real=0.02s
[14.334s][info][gc,start       ] GC(200) Pause Young (Allocation Failure)
[14.356s][info][gc,heap        ] GC(200) PSYoungGen: 266796K(269824K)->73211K(269824K) Eden: 190384K(190464K)->0K(190464K) From: 76411K(79360K)->73211K(79360K)
[14.356s][info][gc,heap        ] GC(200) ParOldGen: 297906K(699392K)->346014K(699392K)
[14.356s][info][gc,metaspace   ] GC(200) Metaspace: 6592K(6848K)->6592K(6848K) NonClass: 6022K(6144K)->6022K(6144K) Class: 569K(704K)->569K(704K)
[14.356s][info][gc             ] GC(200) Pause Young (Allocation Failure) 551M->409M(946M) 22.545ms
[14.356s][info][gc,cpu         ] GC(200) User=0.22s Sys=0.00s Real=0.02s
[14.375s][info][gc,start       ] GC(201) Pause Young (Allocation Failure)
[14.397s][info][gc,heap        ] GC(201) PSYoungGen: 263609K(269824K)->77012K(268800K) Eden: 190397K(190464K)->0K(189440K) From: 73211K(79360K)->77012K(79360K)
[14.398s][info][gc,heap        ] GC(201) ParOldGen: 346014K(699392K)->393221K(699392K)
[14.398s][info][gc,metaspace   ] GC(201) Metaspace: 6592K(6848K)->6592K(6848K) NonClass: 6022K(6144K)->6022K(6144K) Class: 569K(704K)->569K(704K)
[14.398s][info][gc             ] GC(201) Pause Young (Allocation Failure) 595M->459M(945M) 22.956ms
[14.398s][info][gc,cpu         ] GC(201) User=0.22s Sys=0.00s Real=0.02s
[14.415s][info][gc,start       ] GC(202) Pause Young (Allocation Failure)
[14.438s][info][gc,heap        ] GC(202) PSYoungGen: 266414K(268800K)->76711K(269312K) Eden: 189402K(189440K)->0K(189440K) From: 77012K(79360K)->76711K(79872K)
[14.438s][info][gc,heap        ] GC(202) ParOldGen: 393221K(699392K)->442629K(699392K)
[14.438s][info][gc,metaspace   ] GC(202) Metaspace: 6592K(6848K)->6592K(6848K) NonClass: 6022K(6144K)->6022K(6144K) Class: 569K(704K)->569K(704K)
[14.438s][info][gc             ] GC(202) Pause Young (Allocation Failure) 644M->507M(946M) 22.993ms
[14.438s][info][gc,cpu         ] GC(202) User=0.22s Sys=0.00s Real=0.02s
[14.456s][info][gc,start       ] GC(203) Pause Young (Allocation Failure)
[14.481s][info][gc,heap        ] GC(203) PSYoungGen: 266118K(269312K)->76711K(269312K) Eden: 189406K(189440K)->0K(189440K) From: 76711K(79872K)->76711K(79872K)
[14.481s][info][gc,heap        ] GC(203) ParOldGen: 442629K(699392K)->490336K(699392K)
[14.481s][info][gc,metaspace   ] GC(203) Metaspace: 6592K(6848K)->6592K(6848K) NonClass: 6022K(6144K)->6022K(6144K) Class: 569K(704K)->569K(704K)
[14.481s][info][gc             ] GC(203) Pause Young (Allocation Failure) 692M->553M(946M) 25.806ms
[14.481s][info][gc,cpu         ] GC(203) User=0.24s Sys=0.00s Real=0.03s
[14.502s][info][gc,start       ] GC(204) Pause Young (Allocation Failure)
[14.526s][info][gc,heap        ] GC(204) PSYoungGen: 266120K(269312K)->75311K(269312K) Eden: 189408K(189440K)->0K(189440K) From: 76711K(79872K)->75311K(79872K)
[14.526s][info][gc,heap        ] GC(204) ParOldGen: 490336K(699392K)->538044K(699392K)
[14.526s][info][gc,metaspace   ] GC(204) Metaspace: 6592K(6848K)->6592K(6848K) NonClass: 6022K(6144K)->6022K(6144K) Class: 569K(704K)->569K(704K)
[14.526s][info][gc             ] GC(204) Pause Young (Allocation Failure) 738M->598M(946M) 24.320ms
[14.526s][info][gc,cpu         ] GC(204) User=0.24s Sys=0.00s Real=0.02s
[14.543s][info][gc,start       ] GC(205) Pause Young (Allocation Failure)
[14.567s][info][gc,heap        ] GC(205) PSYoungGen: 264667K(269312K)->73511K(269824K) Eden: 189356K(189440K)->0K(190464K) From: 75311K(79872K)->73511K(79360K)
[14.567s][info][gc,heap        ] GC(205) ParOldGen: 538044K(699392K)->586251K(699392K)
[14.567s][info][gc,metaspace   ] GC(205) Metaspace: 6592K(6848K)->6592K(6848K) NonClass: 6022K(6144K)->6022K(6144K) Class: 569K(704K)->569K(704K)
[14.567s][info][gc             ] GC(205) Pause Young (Allocation Failure) 783M->644M(946M) 23.732ms
[14.567s][info][gc,cpu         ] GC(205) User=0.22s Sys=0.00s Real=0.02s
[14.583s][info][gc,start       ] GC(206) Pause Young (Allocation Failure)
[14.605s][info][gc,heap        ] GC(206) PSYoungGen: 263942K(269824K)->74411K(269824K) Eden: 190431K(190464K)->0K(190464K) From: 73511K(79360K)->74411K(79360K)
[14.605s][info][gc,heap        ] GC(206) ParOldGen: 586251K(699392K)->633258K(699392K)
[14.605s][info][gc,metaspace   ] GC(206) Metaspace: 6592K(6848K)->6592K(6848K) NonClass: 6022K(6144K)->6022K(6144K) Class: 569K(704K)->569K(704K)
[14.605s][info][gc             ] GC(206) Pause Young (Allocation Failure) 830M->691M(946M) 22.509ms
[14.605s][info][gc,cpu         ] GC(206) User=0.22s Sys=0.00s Real=0.02s
[14.629s][info][gc,start       ] GC(207) Pause Young (Allocation Failure)
[14.654s][info][gc,heap        ] GC(207) PSYoungGen: 264781K(269824K)->77212K(269824K) Eden: 190369K(190464K)->0K(190464K) From: 74411K(79360K)->77212K(79360K)
[14.654s][info][gc,heap        ] GC(207) ParOldGen: 633258K(699392K)->679966K(699392K)
[14.654s][info][gc,metaspace   ] GC(207) Metaspace: 6592K(6848K)->6592K(6848K) NonClass: 6022K(6144K)->6022K(6144K) Class: 569K(704K)->569K(704K)
[14.654s][info][gc             ] GC(207) Pause Young (Allocation Failure) 876M->739M(946M) 25.313ms
[14.654s][info][gc,cpu         ] GC(207) User=0.24s Sys=0.00s Real=0.02s
[14.654s][info][gc,start       ] GC(208) Pause Full (Ergonomics)
[14.654s][info][gc,phases,start] GC(208) Marking Phase
[14.657s][info][gc,phases      ] GC(208) Marking Phase 2.211ms
[14.657s][info][gc,phases,start] GC(208) Summary Phase
[14.657s][info][gc,phases      ] GC(208) Summary Phase 0.018ms
[14.657s][info][gc,phases,start] GC(208) Adjust Roots
[14.657s][info][gc,phases      ] GC(208) Adjust Roots 0.343ms
[14.657s][info][gc,phases,start] GC(208) Compaction Phase
[14.692s][info][gc,phases      ] GC(208) Compaction Phase 34.964ms
[14.692s][info][gc,phases,start] GC(208) Post Compact
[14.694s][info][gc,phases      ] GC(208) Post Compact 1.641ms
[14.694s][info][gc,heap        ] GC(208) PSYoungGen: 77212K(269824K)->0K(269824K) Eden: 0K(190464K)->0K(190464K) From: 77212K(79360K)->0K(79360K)
[14.694s][info][gc,heap        ] GC(208) ParOldGen: 679966K(699392K)->200791K(699392K)
[14.694s][info][gc,metaspace   ] GC(208) Metaspace: 6592K(6848K)->6592K(6848K) NonClass: 6022K(6144K)->6022K(6144K) Class: 569K(704K)->569K(704K)
[14.694s][info][gc             ] GC(208) Pause Full (Ergonomics) 739M->196M(946M) 39.352ms
[14.694s][info][gc,cpu         ] GC(208) User=0.35s Sys=0.00s Real=0.04s
[14.713s][info][gc,start       ] GC(209) Pause Young (Allocation Failure)
[14.727s][info][gc,heap        ] GC(209) PSYoungGen: 190365K(269824K)->75611K(269824K) Eden: 190365K(190464K)->0K(190464K) From: 0K(79360K)->75611K(79360K)
[14.727s][info][gc,heap        ] GC(209) ParOldGen: 200791K(699392K)->200791K(699392K)
[14.727s][info][gc,metaspace   ] GC(209) Metaspace: 6592K(6848K)->6592K(6848K) NonClass: 6022K(6144K)->6022K(6144K) Class: 569K(704K)->569K(704K)
[14.727s][info][gc             ] GC(209) Pause Young (Allocation Failure) 381M->269M(946M) 14.138ms
[14.727s][info][gc,cpu         ] GC(209) User=0.13s Sys=0.00s Real=0.01s
[14.745s][info][gc,start       ] GC(210) Pause Young (Allocation Failure)
[14.767s][info][gc,heap        ] GC(210) PSYoungGen: 266020K(269824K)->75611K(269824K) Eden: 190408K(190464K)->0K(190464K) From: 75611K(79360K)->75611K(79360K)
[14.767s][info][gc,heap        ] GC(210) ParOldGen: 200791K(699392K)->248698K(699392K)
[14.767s][info][gc,metaspace   ] GC(210) Metaspace: 6592K(6848K)->6592K(6848K) NonClass: 6022K(6144K)->6022K(6144K) Class: 569K(704K)->569K(704K)
[14.767s][info][gc             ] GC(210) Pause Young (Allocation Failure) 455M->316M(946M) 21.670ms
[14.767s][info][gc,cpu         ] GC(210) User=0.21s Sys=0.00s Real=0.02s
[14.788s][info][gc,start       ] GC(211) Pause Young (Allocation Failure)
[14.813s][info][gc,heap        ] GC(211) PSYoungGen: 266075K(269824K)->74211K(270336K) Eden: 190464K(190464K)->0K(191488K) From: 75611K(79360K)->74211K(78848K)
[14.813s][info][gc,heap        ] GC(211) ParOldGen: 248698K(699392K)->296906K(699392K)
[14.813s][info][gc,metaspace   ] GC(211) Metaspace: 6592K(6848K)->6592K(6848K) NonClass: 6022K(6144K)->6022K(6144K) Class: 569K(704K)->569K(704K)
[14.813s][info][gc             ] GC(211) Pause Young (Allocation Failure) 502M->362M(947M) 24.955ms
[14.813s][info][gc,cpu         ] GC(211) User=0.24s Sys=0.00s Real=0.03s
[14.832s][info][gc,start       ] GC(212) Pause Young (Allocation Failure)
[14.856s][info][gc,heap        ] GC(212) PSYoungGen: 265641K(270336K)->76912K(270336K) Eden: 191429K(191488K)->0K(191488K) From: 74211K(78848K)->76912K(78848K)
[14.856s][info][gc,heap        ] GC(212) ParOldGen: 296906K(699392K)->344913K(699392K)
[14.856s][info][gc,metaspace   ] GC(212) Metaspace: 6592K(6848K)->6592K(6848K) NonClass: 6022K(6144K)->6022K(6144K) Class: 569K(704K)->569K(704K)
[14.856s][info][gc             ] GC(212) Pause Young (Allocation Failure) 549M->411M(947M) 23.453ms
[14.856s][info][gc,cpu         ] GC(212) User=0.23s Sys=0.00s Real=0.02s
[14.873s][info][gc,start       ] GC(213) Pause Young (Allocation Failure)
[14.896s][info][gc,heap        ] GC(213) PSYoungGen: 268353K(270336K)->76211K(270336K) Eden: 191441K(191488K)->0K(191488K) From: 76912K(78848K)->76211K(78848K)
[14.896s][info][gc,heap        ] GC(213) ParOldGen: 344913K(699392K)->392421K(699392K)
[14.896s][info][gc,metaspace   ] GC(213) Metaspace: 6592K(6848K)->6592K(6848K) NonClass: 6022K(6144K)->6022K(6144K) Class: 569K(704K)->569K(704K)
[14.896s][info][gc             ] GC(213) Pause Young (Allocation Failure) 598M->457M(947M) 23.124ms
[14.896s][info][gc,cpu         ] GC(213) User=0.22s Sys=0.00s Real=0.02s
[14.918s][info][gc,start       ] GC(214) Pause Young (Allocation Failure)
[14.941s][info][gc,heap        ] GC(214) PSYoungGen: 267673K(270336K)->77612K(269312K) Eden: 191462K(191488K)->0K(191488K) From: 76211K(78848K)->77612K(77824K)
[14.941s][info][gc,heap        ] GC(214) ParOldGen: 392421K(699392K)->437728K(699392K)
[14.941s][info][gc,metaspace   ] GC(214) Metaspace: 6592K(6848K)->6592K(6848K) NonClass: 6022K(6144K)->6022K(6144K) Class: 569K(704K)->569K(704K)
[14.941s][info][gc             ] GC(214) Pause Young (Allocation Failure) 644M->503M(946M) 22.741ms
[14.941s][info][gc,cpu         ] GC(214) User=0.22s Sys=0.00s Real=0.02s
[14.955s][info][gc,start       ] GC(215) Pause Young (Allocation Failure)
[14.978s][info][gc,heap        ] GC(215) PSYoungGen: 269068K(269312K)->75311K(269824K) Eden: 191456K(191488K)->0K(190464K) From: 77612K(77824K)->75311K(79360K)
[14.979s][info][gc,heap        ] GC(215) ParOldGen: 437728K(699392K)->486135K(699392K)
[14.979s][info][gc,metaspace   ] GC(215) Metaspace: 6592K(6848K)->6592K(6848K) NonClass: 6022K(6144K)->6022K(6144K) Class: 569K(704K)->569K(704K)
[14.979s][info][gc             ] GC(215) Pause Young (Allocation Failure) 690M->548M(946M) 23.398ms
[14.979s][info][gc,cpu         ] GC(215) User=0.22s Sys=0.00s Real=0.03s
[14.999s][info][gc,start       ] GC(216) Pause Young (Allocation Failure)
[15.024s][info][gc,heap        ] GC(216) PSYoungGen: 265763K(269824K)->77112K(269824K) Eden: 190451K(190464K)->0K(190464K) From: 75311K(79360K)->77112K(79360K)
[15.024s][info][gc,heap        ] GC(216) ParOldGen: 486135K(699392K)->532643K(699392K)
[15.024s][info][gc,metaspace   ] GC(216) Metaspace: 6592K(6848K)->6592K(6848K) NonClass: 6022K(6144K)->6022K(6144K) Class: 569K(704K)->569K(704K)
[15.024s][info][gc             ] GC(216) Pause Young (Allocation Failure) 734M->595M(946M) 25.161ms
[15.024s][info][gc,cpu         ] GC(216) User=0.23s Sys=0.00s Real=0.02s
[15.051s][info][gc,start       ] GC(217) Pause Young (Allocation Failure)
[15.075s][info][gc,heap        ] GC(217) PSYoungGen: 267564K(269824K)->76511K(269824K) Eden: 190452K(190464K)->0K(190464K) From: 77112K(79360K)->76511K(79360K)
[15.075s][info][gc,heap        ] GC(217) ParOldGen: 532643K(699392K)->581250K(699392K)
[15.075s][info][gc,metaspace   ] GC(217) Metaspace: 6592K(6848K)->6592K(6848K) NonClass: 6022K(6144K)->6022K(6144K) Class: 569K(704K)->569K(704K)
[15.075s][info][gc             ] GC(217) Pause Young (Allocation Failure) 781M->642M(946M) 23.777ms
[15.075s][info][gc,cpu         ] GC(217) User=0.23s Sys=0.00s Real=0.02s
[15.092s][info][gc,start       ] GC(218) Pause Young (Allocation Failure)
[15.115s][info][gc,heap        ] GC(218) PSYoungGen: 266946K(269824K)->72611K(269824K) Eden: 190434K(190464K)->0K(190464K) From: 76511K(79360K)->72611K(79360K)
[15.115s][info][gc,heap        ] GC(218) ParOldGen: 581250K(699392K)->632158K(699392K)
[15.115s][info][gc,metaspace   ] GC(218) Metaspace: 6592K(6848K)->6592K(6848K) NonClass: 6022K(6144K)->6022K(6144K) Class: 569K(704K)->569K(704K)
[15.115s][info][gc             ] GC(218) Pause Young (Allocation Failure) 828M->688M(946M) 23.203ms
[15.115s][info][gc,cpu         ] GC(218) User=0.22s Sys=0.00s Real=0.02s
[15.139s][info][gc,start       ] GC(219) Pause Young (Allocation Failure)
[15.162s][info][gc,heap        ] GC(219) PSYoungGen: 263046K(269824K)->77612K(268800K) Eden: 190434K(190464K)->0K(189440K) From: 72611K(79360K)->77612K(79360K)
[15.162s][info][gc,heap        ] GC(219) ParOldGen: 632158K(699392K)->677665K(699392K)
[15.162s][info][gc,metaspace   ] GC(219) Metaspace: 6592K(6848K)->6592K(6848K) NonClass: 6022K(6144K)->6022K(6144K) Class: 569K(704K)->569K(704K)
[15.162s][info][gc             ] GC(219) Pause Young (Allocation Failure) 874M->737M(945M) 22.822ms
[15.162s][info][gc,cpu         ] GC(219) User=0.22s Sys=0.00s Real=0.02s
[15.162s][info][gc,start       ] GC(220) Pause Full (Ergonomics)
[15.162s][info][gc,phases,start] GC(220) Marking Phase
[15.164s][info][gc,phases      ] GC(220) Marking Phase 2.176ms
[15.164s][info][gc,phases,start] GC(220) Summary Phase
[15.164s][info][gc,phases      ] GC(220) Summary Phase 0.018ms
[15.164s][info][gc,phases,start] GC(220) Adjust Roots
[15.165s][info][gc,phases      ] GC(220) Adjust Roots 0.338ms
[15.165s][info][gc,phases,start] GC(220) Compaction Phase
[15.200s][info][gc,phases      ] GC(220) Compaction Phase 35.394ms
[15.200s][info][gc,phases,start] GC(220) Post Compact
[15.202s][info][gc,phases      ] GC(220) Post Compact 1.479ms
[15.202s][info][gc,heap        ] GC(220) PSYoungGen: 77612K(268800K)->0K(269312K) Eden: 0K(189440K)->0K(189440K) From: 77612K(79360K)->0K(79872K)
[15.202s][info][gc,heap        ] GC(220) ParOldGen: 677665K(699392K)->200791K(699392K)
[15.202s][info][gc,metaspace   ] GC(220) Metaspace: 6592K(6848K)->6592K(6848K) NonClass: 6022K(6144K)->6022K(6144K) Class: 569K(704K)->569K(704K)
[15.202s][info][gc             ] GC(220) Pause Full (Ergonomics) 737M->196M(946M) 39.732ms
[15.202s][info][gc,cpu         ] GC(220) User=0.36s Sys=0.00s Real=0.04s
[15.220s][info][gc,start       ] GC(221) Pause Young (Allocation Failure)
[15.234s][info][gc,heap        ] GC(221) PSYoungGen: 189400K(269312K)->74611K(269312K) Eden: 189400K(189440K)->0K(189440K) From: 0K(79872K)->74611K(79872K)
[15.235s][info][gc,heap        ] GC(221) ParOldGen: 200791K(699392K)->200791K(699392K)
[15.235s][info][gc,metaspace   ] GC(221) Metaspace: 6592K(6848K)->6592K(6848K) NonClass: 6022K(6144K)->6022K(6144K) Class: 569K(704K)->569K(704K)
[15.235s][info][gc             ] GC(221) Pause Young (Allocation Failure) 381M->268M(946M) 14.386ms
[15.235s][info][gc,cpu         ] GC(221) User=0.14s Sys=0.00s Real=0.01s
[15.260s][info][gc,start       ] GC(222) Pause Young (Allocation Failure)
[15.284s][info][gc,heap        ] GC(222) PSYoungGen: 264051K(269312K)->75411K(269312K) Eden: 189440K(189440K)->0K(189440K) From: 74611K(79872K)->75411K(79872K)
[15.284s][info][gc,heap        ] GC(222) ParOldGen: 200791K(699392K)->246598K(699392K)
[15.284s][info][gc,metaspace   ] GC(222) Metaspace: 6592K(6848K)->6592K(6848K) NonClass: 6022K(6144K)->6022K(6144K) Class: 569K(704K)->569K(704K)
[15.284s][info][gc             ] GC(222) Pause Young (Allocation Failure) 453M->314M(946M) 24.212ms
[15.284s][info][gc,cpu         ] GC(222) User=0.23s Sys=0.00s Real=0.02s
[15.311s][info][gc,start       ] GC(223) Pause Young (Allocation Failure)
[15.334s][info][gc,heap        ] GC(223) PSYoungGen: 264851K(269312K)->73311K(269824K) Eden: 189440K(189440K)->0K(190464K) From: 75411K(79872K)->73311K(79360K)
[15.334s][info][gc,heap        ] GC(223) ParOldGen: 246598K(699392K)->295206K(699392K)
[15.334s][info][gc,metaspace   ] GC(223) Metaspace: 6592K(6848K)->6592K(6848K) NonClass: 6022K(6144K)->6022K(6144K) Class: 569K(704K)->569K(704K)
[15.334s][info][gc             ] GC(223) Pause Young (Allocation Failure) 499M->359M(946M) 23.337ms
[15.334s][info][gc,cpu         ] GC(223) User=0.23s Sys=0.00s Real=0.02s
[15.356s][info][gc,start       ] GC(224) Pause Young (Allocation Failure)
[15.379s][info][gc,heap        ] GC(224) PSYoungGen: 263763K(269824K)->75611K(269824K) Eden: 190451K(190464K)->0K(190464K) From: 73311K(79360K)->75611K(79360K)
[15.379s][info][gc,heap        ] GC(224) ParOldGen: 295206K(699392K)->339512K(699392K)
[15.379s][info][gc,metaspace   ] GC(224) Metaspace: 6592K(6848K)->6592K(6848K) NonClass: 6022K(6144K)->6022K(6144K) Class: 569K(704K)->569K(704K)
[15.379s][info][gc             ] GC(224) Pause Young (Allocation Failure) 545M->405M(946M) 23.323ms
[15.379s][info][gc,cpu         ] GC(224) User=0.23s Sys=0.00s Real=0.03s
[15.403s][info][gc,start       ] GC(225) Pause Young (Allocation Failure)
[15.426s][info][gc,heap        ] GC(225) PSYoungGen: 266072K(269824K)->77512K(269824K) Eden: 190460K(190464K)->0K(190464K) From: 75611K(79360K)->77512K(79360K)
[15.426s][info][gc,heap        ] GC(225) ParOldGen: 339512K(699392K)->386420K(699392K)
[15.426s][info][gc,metaspace   ] GC(225) Metaspace: 6592K(6848K)->6592K(6848K) NonClass: 6022K(6144K)->6022K(6144K) Class: 569K(704K)->569K(704K)
[15.426s][info][gc             ] GC(225) Pause Young (Allocation Failure) 591M->453M(946M) 23.308ms
[15.426s][info][gc,cpu         ] GC(225) User=0.22s Sys=0.00s Real=0.02s
[15.441s][info][gc,start       ] GC(226) Pause Young (Allocation Failure)
[15.465s][info][gc,heap        ] GC(226) PSYoungGen: 267960K(269824K)->75611K(269824K) Eden: 190448K(190464K)->0K(190464K) From: 77512K(79360K)->75611K(79360K)
[15.465s][info][gc,heap        ] GC(226) ParOldGen: 386420K(699392K)->433527K(699392K)
[15.465s][info][gc,metaspace   ] GC(226) Metaspace: 6592K(6848K)->6592K(6848K) NonClass: 6022K(6144K)->6022K(6144K) Class: 569K(704K)->569K(704K)
[15.465s][info][gc             ] GC(226) Pause Young (Allocation Failure) 639M->497M(946M) 23.451ms
[15.465s][info][gc,cpu         ] GC(226) User=0.23s Sys=0.00s Real=0.02s
[15.490s][info][gc,start       ] GC(227) Pause Young (Allocation Failure)
[15.514s][info][gc,heap        ] GC(227) PSYoungGen: 266075K(269824K)->74411K(270336K) Eden: 190464K(190464K)->0K(190976K) From: 75611K(79360K)->74411K(79360K)
[15.514s][info][gc,heap        ] GC(227) ParOldGen: 433527K(699392K)->481335K(699392K)
[15.514s][info][gc,metaspace   ] GC(227) Metaspace: 6592K(6848K)->6592K(6848K) NonClass: 6022K(6144K)->6022K(6144K) Class: 569K(704K)->569K(704K)
[15.514s][info][gc             ] GC(227) Pause Young (Allocation Failure) 683M->542M(947M) 24.486ms
[15.514s][info][gc,cpu         ] GC(227) User=0.24s Sys=0.00s Real=0.02s
[15.534s][info][gc,start       ] GC(228) Pause Young (Allocation Failure)
[15.558s][info][gc,heap        ] GC(228) PSYoungGen: 265350K(270336K)->77712K(269824K) Eden: 190938K(190976K)->0K(190976K) From: 74411K(79360K)->77712K(78848K)
[15.558s][info][gc,heap        ] GC(228) ParOldGen: 481335K(699392K)->527142K(699392K)
[15.558s][info][gc,metaspace   ] GC(228) Metaspace: 6592K(6848K)->6592K(6848K) NonClass: 6022K(6144K)->6022K(6144K) Class: 569K(704K)->569K(704K)
[15.558s][info][gc             ] GC(228) Pause Young (Allocation Failure) 729M->590M(946M) 23.719ms
[15.558s][info][gc,cpu         ] GC(228) User=0.23s Sys=0.00s Real=0.02s
[15.574s][info][gc,start       ] GC(229) Pause Young (Allocation Failure)
[15.598s][info][gc,heap        ] GC(229) PSYoungGen: 268590K(269824K)->76812K(269824K) Eden: 190878K(190976K)->0K(190464K) From: 77712K(78848K)->76812K(79360K)
[15.598s][info][gc,heap        ] GC(229) ParOldGen: 527142K(699392K)->575349K(699392K)
[15.599s][info][gc,metaspace   ] GC(229) Metaspace: 6592K(6848K)->6592K(6848K) NonClass: 6022K(6144K)->6022K(6144K) Class: 569K(704K)->569K(704K)
[15.599s][info][gc             ] GC(229) Pause Young (Allocation Failure) 777M->636M(946M) 24.558ms
[15.599s][info][gc,cpu         ] GC(229) User=0.23s Sys=0.00s Real=0.03s
[15.614s][info][gc,start       ] GC(230) Pause Young (Allocation Failure)
[15.637s][info][gc,heap        ] GC(230) PSYoungGen: 267216K(269824K)->74511K(269824K) Eden: 190404K(190464K)->0K(190464K) From: 76812K(79360K)->74511K(79360K)
[15.637s][info][gc,heap        ] GC(230) ParOldGen: 575349K(699392K)->623357K(699392K)
[15.637s][info][gc,metaspace   ] GC(230) Metaspace: 6592K(6848K)->6592K(6848K) NonClass: 6022K(6144K)->6022K(6144K) Class: 569K(704K)->569K(704K)
[15.637s][info][gc             ] GC(230) Pause Young (Allocation Failure) 822M->681M(946M) 22.929ms
[15.637s][info][gc,cpu         ] GC(230) User=0.22s Sys=0.00s Real=0.02s
[15.657s][info][gc,start       ] GC(231) Pause Young (Allocation Failure)
[15.680s][info][gc,heap        ] GC(231) PSYoungGen: 264935K(269824K)->74911K(269824K) Eden: 190423K(190464K)->0K(190464K) From: 74511K(79360K)->74911K(79360K)
[15.680s][info][gc,heap        ] GC(231) ParOldGen: 623357K(699392K)->668764K(699392K)
[15.680s][info][gc,metaspace   ] GC(231) Metaspace: 6592K(6848K)->6592K(6848K) NonClass: 6022K(6144K)->6022K(6144K) Class: 569K(704K)->569K(704K)
[15.680s][info][gc             ] GC(231) Pause Young (Allocation Failure) 867M->726M(946M) 23.032ms
[15.680s][info][gc,cpu         ] GC(231) User=0.22s Sys=0.00s Real=0.03s
[15.680s][info][gc,start       ] GC(232) Pause Full (Ergonomics)
[15.680s][info][gc,phases,start] GC(232) Marking Phase
[15.682s][info][gc,phases      ] GC(232) Marking Phase 1.571ms
[15.682s][info][gc,phases,start] GC(232) Summary Phase
[15.682s][info][gc,phases      ] GC(232) Summary Phase 0.017ms
[15.682s][info][gc,phases,start] GC(232) Adjust Roots
[15.682s][info][gc,phases      ] GC(232) Adjust Roots 0.346ms
[15.682s][info][gc,phases,start] GC(232) Compaction Phase
[15.718s][info][gc,phases      ] GC(232) Compaction Phase 35.848ms
[15.718s][info][gc,phases,start] GC(232) Post Compact
[15.720s][info][gc,phases      ] GC(232) Post Compact 1.742ms
[15.720s][info][gc,heap        ] GC(232) PSYoungGen: 74911K(269824K)->0K(269824K) Eden: 0K(190464K)->0K(190464K) From: 74911K(79360K)->0K(79360K)
[15.720s][info][gc,heap        ] GC(232) ParOldGen: 668764K(699392K)->200791K(699392K)
[15.720s][info][gc,metaspace   ] GC(232) Metaspace: 6592K(6848K)->6592K(6848K) NonClass: 6022K(6144K)->6022K(6144K) Class: 569K(704K)->569K(704K)
[15.720s][info][gc             ] GC(232) Pause Full (Ergonomics) 726M->196M(946M) 39.702ms
[15.720s][info][gc,cpu         ] GC(232) User=0.36s Sys=0.00s Real=0.04s
[15.735s][info][gc,start       ] GC(233) Pause Young (Allocation Failure)
[15.750s][info][gc,heap        ] GC(233) PSYoungGen: 190461K(269824K)->78012K(268800K) Eden: 190461K(190464K)->0K(189440K) From: 0K(79360K)->78012K(79360K)
[15.750s][info][gc,heap        ] GC(233) ParOldGen: 200791K(699392K)->200791K(699392K)
[15.750s][info][gc,metaspace   ] GC(233) Metaspace: 6592K(6848K)->6592K(6848K) NonClass: 6022K(6144K)->6022K(6144K) Class: 569K(704K)->569K(704K)
[15.750s][info][gc             ] GC(233) Pause Young (Allocation Failure) 382M->272M(945M) 15.007ms
[15.750s][info][gc,cpu         ] GC(233) User=0.15s Sys=0.00s Real=0.02s
[15.764s][info][gc,start       ] GC(234) Pause Young (Allocation Failure)
[15.787s][info][gc,heap        ] GC(234) PSYoungGen: 267421K(268800K)->75511K(269312K) Eden: 189409K(189440K)->0K(189440K) From: 78012K(79360K)->75511K(79872K)
[15.787s][info][gc,heap        ] GC(234) ParOldGen: 200791K(699392K)->250199K(699392K)
[15.787s][info][gc,metaspace   ] GC(234) Metaspace: 6592K(6848K)->6592K(6848K) NonClass: 6022K(6144K)->6022K(6144K) Class: 569K(704K)->569K(704K)
[15.787s][info][gc             ] GC(234) Pause Young (Allocation Failure) 457M->318M(946M) 22.972ms
[15.787s][info][gc,cpu         ] GC(234) User=0.22s Sys=0.00s Real=0.02s
[15.813s][info][gc,start       ] GC(235) Pause Young (Allocation Failure)
[15.835s][info][gc,heap        ] GC(235) PSYoungGen: 264951K(269312K)->76211K(269824K) Eden: 189440K(189440K)->0K(190464K) From: 75511K(79872K)->76211K(79360K)
[15.835s][info][gc,heap        ] GC(235) ParOldGen: 250199K(699392K)->296206K(699392K)
[15.835s][info][gc,metaspace   ] GC(235) Metaspace: 6592K(6848K)->6592K(6848K) NonClass: 6022K(6144K)->6022K(6144K) Class: 569K(704K)->569K(704K)
[15.835s][info][gc             ] GC(235) Pause Young (Allocation Failure) 503M->363M(946M) 22.605ms
[15.835s][info][gc,cpu         ] GC(235) User=0.22s Sys=0.00s Real=0.02s
[15.852s][info][gc,start       ] GC(236) Pause Young (Allocation Failure)
[15.876s][info][gc,heap        ] GC(236) PSYoungGen: 266668K(269824K)->76311K(269824K) Eden: 190456K(190464K)->0K(190464K) From: 76211K(79360K)->76311K(79360K)
[15.876s][info][gc,heap        ] GC(236) ParOldGen: 296206K(699392K)->343313K(699392K)
[15.876s][info][gc,metaspace   ] GC(236) Metaspace: 6592K(6848K)->6592K(6848K) NonClass: 6022K(6144K)->6022K(6144K) Class: 569K(704K)->569K(704K)
[15.876s][info][gc             ] GC(236) Pause Young (Allocation Failure) 549M->409M(946M) 23.636ms
[15.876s][info][gc,cpu         ] GC(236) User=0.23s Sys=0.00s Real=0.02s
[15.890s][info][gc,start       ] GC(237) Pause Young (Allocation Failure)
[15.913s][info][gc,heap        ] GC(237) PSYoungGen: 266735K(269824K)->74011K(269824K) Eden: 190423K(190464K)->0K(190464K) From: 76311K(79360K)->74011K(79360K)
[15.913s][info][gc,heap        ] GC(237) ParOldGen: 343313K(699392K)->391521K(699392K)
[15.913s][info][gc,metaspace   ] GC(237) Metaspace: 6592K(6848K)->6592K(6848K) NonClass: 6022K(6144K)->6022K(6144K) Class: 569K(704K)->569K(704K)
[15.913s][info][gc             ] GC(237) Pause Young (Allocation Failure) 595M->454M(946M) 22.993ms
[15.913s][info][gc,cpu         ] GC(237) User=0.22s Sys=0.00s Real=0.02s
[15.930s][info][gc,start       ] GC(238) Pause Young (Allocation Failure)
[15.952s][info][gc,heap        ] GC(238) PSYoungGen: 264439K(269824K)->76111K(269824K) Eden: 190427K(190464K)->0K(190464K) From: 74011K(79360K)->76111K(79360K)
[15.952s][info][gc,heap        ] GC(238) ParOldGen: 391521K(699392K)->436828K(699392K)
[15.952s][info][gc,metaspace   ] GC(238) Metaspace: 6592K(6848K)->6592K(6848K) NonClass: 6022K(6144K)->6022K(6144K) Class: 569K(704K)->569K(704K)
[15.952s][info][gc             ] GC(238) Pause Young (Allocation Failure) 640M->500M(946M) 22.454ms
[15.952s][info][gc,cpu         ] GC(238) User=0.22s Sys=0.00s Real=0.02s
[15.968s][info][gc,start       ] GC(239) Pause Young (Allocation Failure)
[15.990s][info][gc,heap        ] GC(239) PSYoungGen: 266482K(269824K)->75811K(270336K) Eden: 190370K(190464K)->0K(191488K) From: 76111K(79360K)->75811K(78848K)
[15.990s][info][gc,heap        ] GC(239) ParOldGen: 436828K(699392K)->481435K(699392K)
[15.990s][info][gc,metaspace   ] GC(239) Metaspace: 6592K(6848K)->6592K(6848K) NonClass: 6022K(6144K)->6022K(6144K) Class: 569K(704K)->569K(704K)
[15.990s][info][gc             ] GC(239) Pause Young (Allocation Failure) 686M->544M(947M) 22.312ms
[15.990s][info][gc,cpu         ] GC(239) User=0.21s Sys=0.00s Real=0.03s
[16.011s][info][gc,start       ] GC(240) Pause Young (Allocation Failure)
[16.036s][info][gc,heap        ] GC(240) PSYoungGen: 267202K(270336K)->74311K(270336K) Eden: 191391K(191488K)->0K(191488K) From: 75811K(78848K)->74311K(78848K)
[16.036s][info][gc,heap        ] GC(240) ParOldGen: 481435K(699392K)->530742K(699392K)
[16.036s][info][gc,metaspace   ] GC(240) Metaspace: 6592K(6848K)->6592K(6848K) NonClass: 6022K(6144K)->6022K(6144K) Class: 569K(704K)->569K(704K)
[16.036s][info][gc             ] GC(240) Pause Young (Allocation Failure) 731M->590M(947M) 24.648ms
[16.036s][info][gc,cpu         ] GC(240) User=0.24s Sys=0.00s Real=0.02s
[16.056s][info][gc,start       ] GC(241) Pause Young (Allocation Failure)
[16.078s][info][gc,heap        ] GC(241) PSYoungGen: 265769K(270336K)->74811K(270848K) Eden: 191458K(191488K)->0K(192000K) From: 74311K(78848K)->74811K(78848K)
[16.078s][info][gc,heap        ] GC(241) ParOldGen: 530742K(699392K)->576450K(699392K)
[16.078s][info][gc,metaspace   ] GC(241) Metaspace: 6592K(6848K)->6592K(6848K) NonClass: 6022K(6144K)->6022K(6144K) Class: 569K(704K)->569K(704K)
[16.078s][info][gc             ] GC(241) Pause Young (Allocation Failure) 777M->635M(947M) 22.507ms
[16.078s][info][gc,cpu         ] GC(241) User=0.22s Sys=0.00s Real=0.02s
[16.097s][info][gc,start       ] GC(242) Pause Young (Allocation Failure)
[16.121s][info][gc,heap        ] GC(242) PSYoungGen: 266771K(270848K)->78312K(270336K) Eden: 191960K(192000K)->0K(192000K) From: 74811K(78848K)->78312K(78336K)
[16.121s][info][gc,heap        ] GC(242) ParOldGen: 576450K(699392K)->622757K(699392K)
[16.121s][info][gc,metaspace   ] GC(242) Metaspace: 6592K(6848K)->6592K(6848K) NonClass: 6022K(6144K)->6022K(6144K) Class: 569K(704K)->569K(704K)
[16.121s][info][gc             ] GC(242) Pause Young (Allocation Failure) 823M->684M(947M) 23.738ms
[16.121s][info][gc,cpu         ] GC(242) User=0.23s Sys=0.00s Real=0.03s
[16.142s][info][gc,start       ] GC(243) Pause Young (Allocation Failure)
[16.166s][info][gc,heap        ] GC(243) PSYoungGen: 270222K(270336K)->76611K(269312K) Eden: 191910K(192000K)->0K(190464K) From: 78312K(78336K)->76611K(78848K)
[16.166s][info][gc,heap        ] GC(243) ParOldGen: 622757K(699392K)->671464K(699392K)
[16.166s][info][gc,metaspace   ] GC(243) Metaspace: 6592K(6848K)->6592K(6848K) NonClass: 6022K(6144K)->6022K(6144K) Class: 569K(704K)->569K(704K)
[16.166s][info][gc             ] GC(243) Pause Young (Allocation Failure) 872M->730M(946M) 23.662ms
[16.166s][info][gc,cpu         ] GC(243) User=0.23s Sys=0.00s Real=0.02s
[16.166s][info][gc,start       ] GC(244) Pause Full (Ergonomics)
[16.166s][info][gc,phases,start] GC(244) Marking Phase
[16.167s][info][gc,phases      ] GC(244) Marking Phase 1.506ms
[16.167s][info][gc,phases,start] GC(244) Summary Phase
[16.167s][info][gc,phases      ] GC(244) Summary Phase 0.019ms
[16.167s][info][gc,phases,start] GC(244) Adjust Roots
[16.168s][info][gc,phases      ] GC(244) Adjust Roots 0.345ms
[16.168s][info][gc,phases,start] GC(244) Compaction Phase
[16.203s][info][gc,phases      ] GC(244) Compaction Phase 35.703ms
[16.203s][info][gc,phases,start] GC(244) Post Compact
[16.206s][info][gc,phases      ] GC(244) Post Compact 2.631ms
[16.206s][info][gc,heap        ] GC(244) PSYoungGen: 76611K(269312K)->0K(269824K) Eden: 0K(190464K)->0K(190464K) From: 76611K(78848K)->0K(79360K)
[16.206s][info][gc,heap        ] GC(244) ParOldGen: 671464K(699392K)->200791K(699392K)
[16.206s][info][gc,metaspace   ] GC(244) Metaspace: 6592K(6848K)->6592K(6848K) NonClass: 6022K(6144K)->6022K(6144K) Class: 569K(704K)->569K(704K)
[16.206s][info][gc             ] GC(244) Pause Full (Ergonomics) 730M->196M(946M) 40.429ms
[16.206s][info][gc,cpu         ] GC(244) User=0.36s Sys=0.00s Real=0.04s
[16.226s][info][gc,start       ] GC(245) Pause Young (Allocation Failure)
[16.241s][info][gc,heap        ] GC(245) PSYoungGen: 190404K(269824K)->75911K(270336K) Eden: 190404K(190464K)->0K(190976K) From: 0K(79360K)->75911K(79360K)
[16.241s][info][gc,heap        ] GC(245) ParOldGen: 200791K(699392K)->200791K(699392K)
[16.241s][info][gc,metaspace   ] GC(245) Metaspace: 6592K(6848K)->6592K(6848K) NonClass: 6022K(6144K)->6022K(6144K) Class: 569K(704K)->569K(704K)
[16.241s][info][gc             ] GC(245) Pause Young (Allocation Failure) 382M->270M(947M) 14.443ms
[16.241s][info][gc,cpu         ] GC(245) User=0.14s Sys=0.00s Real=0.02s
[16.260s][info][gc,start       ] GC(246) Pause Young (Allocation Failure)
[16.284s][info][gc,heap        ] GC(246) PSYoungGen: 266801K(270336K)->75611K(269824K) Eden: 190889K(190976K)->0K(190976K) From: 75911K(79360K)->75611K(78848K)
[16.284s][info][gc,heap        ] GC(246) ParOldGen: 200791K(699392K)->247598K(699392K)
[16.284s][info][gc,metaspace   ] GC(246) Metaspace: 6592K(6848K)->6592K(6848K) NonClass: 6022K(6144K)->6022K(6144K) Class: 569K(704K)->569K(704K)
[16.284s][info][gc             ] GC(246) Pause Young (Allocation Failure) 456M->315M(946M) 23.226ms
[16.284s][info][gc,cpu         ] GC(246) User=0.23s Sys=0.00s Real=0.02s
[16.307s][info][gc,start       ] GC(247) Pause Young (Allocation Failure)
[16.330s][info][gc,heap        ] GC(247) PSYoungGen: 266587K(269824K)->74011K(270336K) Eden: 190976K(190976K)->0K(191488K) From: 75611K(78848K)->74011K(78848K)
[16.330s][info][gc,heap        ] GC(247) ParOldGen: 247598K(699392K)->294705K(699392K)
[16.330s][info][gc,metaspace   ] GC(247) Metaspace: 6592K(6848K)->6592K(6848K) NonClass: 6022K(6144K)->6022K(6144K) Class: 569K(704K)->569K(704K)
[16.330s][info][gc             ] GC(247) Pause Young (Allocation Failure) 502M->360M(947M) 23.051ms
[16.330s][info][gc,cpu         ] GC(247) User=0.22s Sys=0.00s Real=0.03s
[16.346s][info][gc,start       ] GC(248) Pause Young (Allocation Failure)
[16.369s][info][gc,heap        ] GC(248) PSYoungGen: 265418K(270336K)->74711K(270336K) Eden: 191407K(191488K)->0K(191488K) From: 74011K(78848K)->74711K(78848K)
[16.369s][info][gc,heap        ] GC(248) ParOldGen: 294705K(699392K)->340513K(699392K)
[16.369s][info][gc,metaspace   ] GC(248) Metaspace: 6592K(6848K)->6592K(6848K) NonClass: 6022K(6144K)->6022K(6144K) Class: 569K(704K)->569K(704K)
[16.369s][info][gc             ] GC(248) Pause Young (Allocation Failure) 546M->405M(947M) 22.842ms
[16.369s][info][gc,cpu         ] GC(248) User=0.22s Sys=0.00s Real=0.03s
[16.392s][info][gc,start       ] GC(249) Pause Young (Allocation Failure)
[16.414s][info][gc,heap        ] GC(249) PSYoungGen: 266133K(270336K)->78812K(269312K) Eden: 191421K(191488K)->0K(190464K) From: 74711K(78848K)->78812K(78848K)
[16.414s][info][gc,heap        ] GC(249) ParOldGen: 340513K(699392K)->385720K(699392K)
[16.414s][info][gc,metaspace   ] GC(249) Metaspace: 6592K(6848K)->6592K(6848K) NonClass: 6022K(6144K)->6022K(6144K) Class: 569K(704K)->569K(704K)
[16.414s][info][gc             ] GC(249) Pause Young (Allocation Failure) 592M->453M(946M) 22.492ms
[16.414s][info][gc,cpu         ] GC(249) User=0.22s Sys=0.00s Real=0.02s
[16.435s][info][gc,start       ] GC(250) Pause Young (Allocation Failure)
[16.459s][info][gc,heap        ] GC(250) PSYoungGen: 269276K(269312K)->77412K(268288K) Eden: 190464K(190464K)->0K(190464K) From: 78812K(78848K)->77412K(77824K)
[16.459s][info][gc,heap        ] GC(250) ParOldGen: 385720K(699392K)->434727K(699392K)
[16.459s][info][gc,metaspace   ] GC(250) Metaspace: 6592K(6848K)->6592K(6848K) NonClass: 6022K(6144K)->6022K(6144K) Class: 569K(704K)->569K(704K)
[16.459s][info][gc             ] GC(250) Pause Young (Allocation Failure) 639M->500M(945M) 23.819ms
[16.459s][info][gc,cpu         ] GC(250) User=0.23s Sys=0.00s Real=0.03s
[16.478s][info][gc,start       ] GC(251) Pause Young (Allocation Failure)
[16.503s][info][gc,heap        ] GC(251) PSYoungGen: 267782K(268288K)->75611K(269824K) Eden: 190370K(190464K)->0K(189952K) From: 77412K(77824K)->75611K(79872K)
[16.503s][info][gc,heap        ] GC(251) ParOldGen: 434727K(699392K)->483435K(699392K)
[16.503s][info][gc,metaspace   ] GC(251) Metaspace: 6592K(6848K)->6592K(6848K) NonClass: 6022K(6144K)->6022K(6144K) Class: 569K(704K)->569K(704K)
[16.503s][info][gc             ] GC(251) Pause Young (Allocation Failure) 686M->545M(946M) 24.532ms
[16.503s][info][gc,cpu         ] GC(251) User=0.24s Sys=0.00s Real=0.02s
[16.528s][info][gc,start       ] GC(252) Pause Young (Allocation Failure)
[16.552s][info][gc,heap        ] GC(252) PSYoungGen: 265522K(269824K)->75911K(269312K) Eden: 189910K(189952K)->0K(189952K) From: 75611K(79872K)->75911K(79360K)
[16.552s][info][gc,heap        ] GC(252) ParOldGen: 483435K(699392K)->530542K(699392K)
[16.552s][info][gc,metaspace   ] GC(252) Metaspace: 6592K(6848K)->6592K(6848K) NonClass: 6022K(6144K)->6022K(6144K) Class: 569K(704K)->569K(704K)
[16.552s][info][gc             ] GC(252) Pause Young (Allocation Failure) 731M->592M(946M) 23.583ms
[16.552s][info][gc,cpu         ] GC(252) User=0.22s Sys=0.00s Real=0.02s
[16.573s][info][gc,start       ] GC(253) Pause Young (Allocation Failure)
[16.596s][info][gc,heap        ] GC(253) PSYoungGen: 265863K(269312K)->73711K(269824K) Eden: 189952K(189952K)->0K(190464K) From: 75911K(79360K)->73711K(79360K)
[16.596s][info][gc,heap        ] GC(253) ParOldGen: 530542K(699392K)->577450K(699392K)
[16.596s][info][gc,metaspace   ] GC(253) Metaspace: 6592K(6848K)->6592K(6848K) NonClass: 6022K(6144K)->6022K(6144K) Class: 569K(704K)->569K(704K)
[16.596s][info][gc             ] GC(253) Pause Young (Allocation Failure) 777M->635M(946M) 22.865ms
[16.596s][info][gc,cpu         ] GC(253) User=0.22s Sys=0.00s Real=0.02s
[16.613s][info][gc,start       ] GC(254) Pause Young (Allocation Failure)
[16.636s][info][gc,heap        ] GC(254) PSYoungGen: 264144K(269824K)->75311K(269824K) Eden: 190433K(190464K)->0K(190464K) From: 73711K(79360K)->75311K(79360K)
[16.636s][info][gc,heap        ] GC(254) ParOldGen: 577450K(699392K)->622657K(699392K)
[16.636s][info][gc,metaspace   ] GC(254) Metaspace: 6592K(6848K)->6592K(6848K) NonClass: 6022K(6144K)->6022K(6144K) Class: 569K(704K)->569K(704K)
[16.636s][info][gc             ] GC(254) Pause Young (Allocation Failure) 821M->681M(946M) 22.413ms
[16.636s][info][gc,cpu         ] GC(254) User=0.22s Sys=0.00s Real=0.02s
[16.657s][info][gc,start       ] GC(255) Pause Young (Allocation Failure)
[16.680s][info][gc,heap        ] GC(255) PSYoungGen: 265775K(269824K)->75111K(270336K) Eden: 190464K(190464K)->0K(191488K) From: 75311K(79360K)->75111K(78848K)
[16.680s][info][gc,heap        ] GC(255) ParOldGen: 622657K(699392K)->671664K(699392K)
[16.680s][info][gc,metaspace   ] GC(255) Metaspace: 6592K(6848K)->6592K(6848K) NonClass: 6022K(6144K)->6022K(6144K) Class: 569K(704K)->569K(704K)
[16.680s][info][gc             ] GC(255) Pause Young (Allocation Failure) 867M->729M(947M) 23.048ms
[16.680s][info][gc,cpu         ] GC(255) User=0.22s Sys=0.00s Real=0.03s
[16.680s][info][gc,start       ] GC(256) Pause Full (Ergonomics)
[16.680s][info][gc,phases,start] GC(256) Marking Phase
[16.682s][info][gc,phases      ] GC(256) Marking Phase 1.632ms
[16.682s][info][gc,phases,start] GC(256) Summary Phase
[16.682s][info][gc,phases      ] GC(256) Summary Phase 0.019ms
[16.682s][info][gc,phases,start] GC(256) Adjust Roots
[16.682s][info][gc,phases      ] GC(256) Adjust Roots 0.343ms
[16.682s][info][gc,phases,start] GC(256) Compaction Phase
[16.717s][info][gc,phases      ] GC(256) Compaction Phase 34.617ms
[16.717s][info][gc,phases,start] GC(256) Post Compact
[16.719s][info][gc,phases      ] GC(256) Post Compact 2.034ms
[16.719s][info][gc,heap        ] GC(256) PSYoungGen: 75111K(270336K)->0K(270336K) Eden: 0K(191488K)->0K(191488K) From: 75111K(78848K)->0K(78848K)
[16.719s][info][gc,heap        ] GC(256) ParOldGen: 671664K(699392K)->200791K(699392K)
[16.719s][info][gc,metaspace   ] GC(256) Metaspace: 6592K(6848K)->6592K(6848K) NonClass: 6022K(6144K)->6022K(6144K) Class: 569K(704K)->569K(704K)
[16.719s][info][gc             ] GC(256) Pause Full (Ergonomics) 729M->196M(947M) 38.830ms
[16.719s][info][gc,cpu         ] GC(256) User=0.35s Sys=0.00s Real=0.04s
[16.740s][info][gc,start       ] GC(257) Pause Young (Allocation Failure)
[16.754s][info][gc,heap        ] GC(257) PSYoungGen: 191392K(270336K)->75711K(270848K) Eden: 191392K(191488K)->0K(192000K) From: 0K(78848K)->75711K(78848K)
[16.754s][info][gc,heap        ] GC(257) ParOldGen: 200791K(699392K)->200791K(699392K)
[16.754s][info][gc,metaspace   ] GC(257) Metaspace: 6592K(6848K)->6592K(6848K) NonClass: 6022K(6144K)->6022K(6144K) Class: 569K(704K)->569K(704K)
[16.754s][info][gc             ] GC(257) Pause Young (Allocation Failure) 382M->270M(947M) 14.217ms
[16.754s][info][gc,cpu         ] GC(257) User=0.13s Sys=0.00s Real=0.01s
[16.775s][info][gc,start       ] GC(258) Pause Young (Allocation Failure)
[16.797s][info][gc,heap        ] GC(258) PSYoungGen: 267625K(270848K)->74511K(270336K) Eden: 191913K(192000K)->0K(192000K) From: 75711K(78848K)->74511K(78336K)
[16.797s][info][gc,heap        ] GC(258) ParOldGen: 200791K(699392K)->248198K(699392K)
[16.797s][info][gc,metaspace   ] GC(258) Metaspace: 6592K(6848K)->6592K(6848K) NonClass: 6022K(6144K)->6022K(6144K) Class: 569K(704K)->569K(704K)
[16.797s][info][gc             ] GC(258) Pause Young (Allocation Failure) 457M->315M(947M) 22.821ms
[16.797s][info][gc,cpu         ] GC(258) User=0.22s Sys=0.00s Real=0.02s
[16.822s][info][gc,start       ] GC(259) Pause Young (Allocation Failure)
[16.845s][info][gc,heap        ] GC(259) PSYoungGen: 266446K(270336K)->78312K(268800K) Eden: 191934K(192000K)->0K(190464K) From: 74511K(78336K)->78312K(78336K)
[16.845s][info][gc,heap        ] GC(259) ParOldGen: 248198K(699392K)->293105K(699392K)
[16.845s][info][gc,metaspace   ] GC(259) Metaspace: 6592K(6848K)->6592K(6848K) NonClass: 6022K(6144K)->6022K(6144K) Class: 569K(704K)->569K(704K)
[16.845s][info][gc             ] GC(259) Pause Young (Allocation Failure) 502M->362M(945M) 23.779ms
[16.845s][info][gc,cpu         ] GC(259) User=0.24s Sys=0.00s Real=0.02s
[16.863s][info][gc,start       ] GC(260) Pause Young (Allocation Failure)
[16.885s][info][gc,heap        ] GC(260) PSYoungGen: 268732K(268800K)->74311K(269824K) Eden: 190420K(190464K)->0K(190464K) From: 78312K(78336K)->74311K(79360K)
[16.885s][info][gc,heap        ] GC(260) ParOldGen: 293105K(699392K)->343313K(699392K)
[16.885s][info][gc,metaspace   ] GC(260) Metaspace: 6592K(6848K)->6592K(6848K) NonClass: 6022K(6144K)->6022K(6144K) Class: 569K(704K)->569K(704K)
[16.885s][info][gc             ] GC(260) Pause Young (Allocation Failure) 548M->407M(946M) 22.338ms
[16.885s][info][gc,cpu         ] GC(260) User=0.22s Sys=0.00s Real=0.02s
[16.902s][info][gc,start       ] GC(261) Pause Young (Allocation Failure)
[16.925s][info][gc,heap        ] GC(261) PSYoungGen: 264707K(269824K)->74411K(270336K) Eden: 190396K(190464K)->0K(190976K) From: 74311K(79360K)->74411K(79360K)
[16.925s][info][gc,heap        ] GC(261) ParOldGen: 343313K(699392K)->390220K(699392K)
[16.925s][info][gc,metaspace   ] GC(261) Metaspace: 6592K(6848K)->6592K(6848K) NonClass: 6022K(6144K)->6022K(6144K) Class: 569K(704K)->569K(704K)
[16.925s][info][gc             ] GC(261) Pause Young (Allocation Failure) 593M->453M(947M) 23.228ms
[16.925s][info][gc,cpu         ] GC(261) User=0.22s Sys=0.00s Real=0.02s
[16.941s][info][gc,start       ] GC(262) Pause Young (Allocation Failure)
[16.964s][info][gc,heap        ] GC(262) PSYoungGen: 265344K(270336K)->76611K(269824K) Eden: 190932K(190976K)->0K(190976K) From: 74411K(79360K)->76611K(78848K)
[16.964s][info][gc,heap        ] GC(262) ParOldGen: 390220K(699392K)->435027K(699392K)
[16.964s][info][gc,metaspace   ] GC(262) Metaspace: 6592K(6848K)->6592K(6848K) NonClass: 6022K(6144K)->6022K(6144K) Class: 569K(704K)->569K(704K)
[16.964s][info][gc             ] GC(262) Pause Young (Allocation Failure) 640M->499M(946M) 22.956ms
[16.964s][info][gc,cpu         ] GC(262) User=0.22s Sys=0.00s Real=0.02s
[16.984s][info][gc,start       ] GC(263) Pause Young (Allocation Failure)
[17.008s][info][gc,heap        ] GC(263) PSYoungGen: 267562K(269824K)->77312K(269824K) Eden: 190950K(190976K)->0K(190464K) From: 76611K(78848K)->77312K(79360K)
[17.008s][info][gc,heap        ] GC(263) ParOldGen: 435027K(699392K)->482035K(699392K)
[17.008s][info][gc,metaspace   ] GC(263) Metaspace: 6592K(6848K)->6592K(6848K) NonClass: 6022K(6144K)->6022K(6144K) Class: 569K(704K)->569K(704K)
[17.008s][info][gc             ] GC(263) Pause Young (Allocation Failure) 686M->546M(946M) 24.091ms
[17.008s][info][gc,cpu         ] GC(263) User=0.23s Sys=0.00s Real=0.03s
[17.031s][info][gc,start       ] GC(264) Pause Young (Allocation Failure)
[17.055s][info][gc,heap        ] GC(264) PSYoungGen: 267703K(269824K)->75311K(269824K) Eden: 190391K(190464K)->0K(190464K) From: 77312K(79360K)->75311K(79360K)
[17.055s][info][gc,heap        ] GC(264) ParOldGen: 482035K(699392K)->529742K(699392K)
[17.055s][info][gc,metaspace   ] GC(264) Metaspace: 6592K(6848K)->6592K(6848K) NonClass: 6022K(6144K)->6022K(6144K) Class: 569K(704K)->569K(704K)
[17.055s][info][gc             ] GC(264) Pause Young (Allocation Failure) 732M->590M(946M) 23.728ms
[17.055s][info][gc,cpu         ] GC(264) User=0.23s Sys=0.00s Real=0.02s
[17.076s][info][gc,start       ] GC(265) Pause Young (Allocation Failure)
[17.099s][info][gc,heap        ] GC(265) PSYoungGen: 265768K(269824K)->76411K(269824K) Eden: 190456K(190464K)->0K(190464K) From: 75311K(79360K)->76411K(79360K)
[17.099s][info][gc,heap        ] GC(265) ParOldGen: 529742K(699392K)->576950K(699392K)
[17.099s][info][gc,metaspace   ] GC(265) Metaspace: 6592K(6848K)->6592K(6848K) NonClass: 6022K(6144K)->6022K(6144K) Class: 569K(704K)->569K(704K)
[17.099s][info][gc             ] GC(265) Pause Young (Allocation Failure) 776M->638M(946M) 23.668ms
[17.099s][info][gc,cpu         ] GC(265) User=0.23s Sys=0.00s Real=0.03s
[17.121s][info][gc,start       ] GC(266) Pause Young (Allocation Failure)
[17.144s][info][gc,heap        ] GC(266) PSYoungGen: 266875K(269824K)->72911K(269824K) Eden: 190464K(190464K)->0K(190464K) From: 76411K(79360K)->72911K(79360K)
[17.144s][info][gc,heap        ] GC(266) ParOldGen: 576950K(699392K)->625857K(699392K)
[17.144s][info][gc,metaspace   ] GC(266) Metaspace: 6592K(6848K)->6592K(6848K) NonClass: 6022K(6144K)->6022K(6144K) Class: 569K(704K)->569K(704K)
[17.144s][info][gc             ] GC(266) Pause Young (Allocation Failure) 824M->682M(946M) 22.275ms
[17.144s][info][gc,cpu         ] GC(266) User=0.22s Sys=0.00s Real=0.02s
[17.164s][info][gc,start       ] GC(267) Pause Young (Allocation Failure)
[17.187s][info][gc,heap        ] GC(267) PSYoungGen: 263354K(269824K)->76711K(269824K) Eden: 190443K(190464K)->0K(190464K) From: 72911K(79360K)->76711K(79360K)
[17.187s][info][gc,heap        ] GC(267) ParOldGen: 625857K(699392K)->671464K(699392K)
[17.187s][info][gc,metaspace   ] GC(267) Metaspace: 6592K(6848K)->6592K(6848K) NonClass: 6022K(6144K)->6022K(6144K) Class: 569K(704K)->569K(704K)
[17.187s][info][gc             ] GC(267) Pause Young (Allocation Failure) 868M->730M(946M) 22.849ms
[17.187s][info][gc,cpu         ] GC(267) User=0.22s Sys=0.00s Real=0.02s
[17.187s][info][gc,start       ] GC(268) Pause Full (Ergonomics)
[17.187s][info][gc,phases,start] GC(268) Marking Phase
[17.189s][info][gc,phases      ] GC(268) Marking Phase 1.566ms
[17.189s][info][gc,phases,start] GC(268) Summary Phase
[17.189s][info][gc,phases      ] GC(268) Summary Phase 0.017ms
[17.189s][info][gc,phases,start] GC(268) Adjust Roots
[17.189s][info][gc,phases      ] GC(268) Adjust Roots 0.335ms
[17.189s][info][gc,phases,start] GC(268) Compaction Phase
[17.225s][info][gc,phases      ] GC(268) Compaction Phase 35.566ms
[17.225s][info][gc,phases,start] GC(268) Post Compact
[17.227s][info][gc,phases      ] GC(268) Post Compact 2.102ms
[17.227s][info][gc,heap        ] GC(268) PSYoungGen: 76711K(269824K)->0K(269824K) Eden: 0K(190464K)->0K(190464K) From: 76711K(79360K)->0K(79360K)
[17.227s][info][gc,heap        ] GC(268) ParOldGen: 671464K(699392K)->200791K(699392K)
[17.227s][info][gc,metaspace   ] GC(268) Metaspace: 6592K(6848K)->6592K(6848K) NonClass: 6022K(6144K)->6022K(6144K) Class: 569K(704K)->569K(704K)
[17.227s][info][gc             ] GC(268) Pause Full (Ergonomics) 730M->196M(946M) 39.805ms
[17.227s][info][gc,cpu         ] GC(268) User=0.35s Sys=0.00s Real=0.04s
[17.245s][info][gc,start       ] GC(269) Pause Young (Allocation Failure)
[17.259s][info][gc,heap        ] GC(269) PSYoungGen: 190419K(269824K)->76411K(269824K) Eden: 190419K(190464K)->0K(190464K) From: 0K(79360K)->76411K(79360K)
[17.259s][info][gc,heap        ] GC(269) ParOldGen: 200791K(699392K)->200791K(699392K)
[17.259s][info][gc,metaspace   ] GC(269) Metaspace: 6592K(6848K)->6592K(6848K) NonClass: 6022K(6144K)->6022K(6144K) Class: 569K(704K)->569K(704K)
[17.259s][info][gc             ] GC(269) Pause Young (Allocation Failure) 382M->270M(946M) 14.287ms
[17.259s][info][gc,cpu         ] GC(269) User=0.13s Sys=0.00s Real=0.02s
[17.280s][info][gc,start       ] GC(270) Pause Young (Allocation Failure)
[17.303s][info][gc,heap        ] GC(270) PSYoungGen: 266870K(269824K)->75411K(269824K) Eden: 190458K(190464K)->0K(190464K) From: 76411K(79360K)->75411K(79360K)
[17.303s][info][gc,heap        ] GC(270) ParOldGen: 200791K(699392K)->246998K(699392K)
[17.303s][info][gc,metaspace   ] GC(270) Metaspace: 6592K(6848K)->6592K(6848K) NonClass: 6022K(6144K)->6022K(6144K) Class: 569K(704K)->569K(704K)
[17.303s][info][gc             ] GC(270) Pause Young (Allocation Failure) 456M->314M(946M) 22.504ms
[17.303s][info][gc,cpu         ] GC(270) User=0.21s Sys=0.00s Real=0.02s
[17.326s][info][gc,start       ] GC(271) Pause Young (Allocation Failure)
[17.349s][info][gc,heap        ] GC(271) PSYoungGen: 265791K(269824K)->75011K(270336K) Eden: 190379K(190464K)->0K(191488K) From: 75411K(79360K)->75011K(78848K)
[17.349s][info][gc,heap        ] GC(271) ParOldGen: 246998K(699392K)->295806K(699392K)
[17.349s][info][gc,metaspace   ] GC(271) Metaspace: 6592K(6848K)->6592K(6848K) NonClass: 6022K(6144K)->6022K(6144K) Class: 569K(704K)->569K(704K)
[17.349s][info][gc             ] GC(271) Pause Young (Allocation Failure) 500M->362M(947M) 23.383ms
[17.349s][info][gc,cpu         ] GC(271) User=0.22s Sys=0.00s Real=0.03s
[17.363s][info][gc,start       ] GC(272) Pause Young (Allocation Failure)
[17.385s][info][gc,heap        ] GC(272) PSYoungGen: 266446K(270336K)->76912K(270336K) Eden: 191435K(191488K)->0K(191488K) From: 75011K(78848K)->76912K(78848K)
[17.385s][info][gc,heap        ] GC(272) ParOldGen: 295806K(699392K)->341313K(699392K)
[17.385s][info][gc,metaspace   ] GC(272) Metaspace: 6592K(6848K)->6592K(6848K) NonClass: 6022K(6144K)->6022K(6144K) Class: 569K(704K)->569K(704K)
[17.385s][info][gc             ] GC(272) Pause Young (Allocation Failure) 549M->408M(947M) 22.676ms
[17.385s][info][gc,cpu         ] GC(272) User=0.22s Sys=0.00s Real=0.02s
[17.406s][info][gc,start       ] GC(273) Pause Young (Allocation Failure)
[17.429s][info][gc,heap        ] GC(273) PSYoungGen: 268321K(270336K)->75811K(270336K) Eden: 191409K(191488K)->0K(191488K) From: 76912K(78848K)->75811K(78848K)
[17.429s][info][gc,heap        ] GC(273) ParOldGen: 341313K(699392K)->388920K(699392K)
[17.429s][info][gc,metaspace   ] GC(273) Metaspace: 6592K(6848K)->6592K(6848K) NonClass: 6022K(6144K)->6022K(6144K) Class: 569K(704K)->569K(704K)
[17.429s][info][gc             ] GC(273) Pause Young (Allocation Failure) 595M->453M(947M) 23.047ms
[17.429s][info][gc,cpu         ] GC(273) User=0.23s Sys=0.00s Real=0.03s
[17.445s][info][gc,start       ] GC(274) Pause Young (Allocation Failure)
[17.467s][info][gc,heap        ] GC(274) PSYoungGen: 267264K(270336K)->73011K(270336K) Eden: 191452K(191488K)->0K(191488K) From: 75811K(78848K)->73011K(78848K)
[17.467s][info][gc,heap        ] GC(274) ParOldGen: 388920K(699392K)->436528K(699392K)
[17.467s][info][gc,metaspace   ] GC(274) Metaspace: 6592K(6848K)->6592K(6848K) NonClass: 6022K(6144K)->6022K(6144K) Class: 569K(704K)->569K(704K)
[17.467s][info][gc             ] GC(274) Pause Young (Allocation Failure) 640M->497M(947M) 22.406ms
[17.467s][info][gc,cpu         ] GC(274) User=0.22s Sys=0.00s Real=0.02s
[17.485s][info][gc,start       ] GC(275) Pause Young (Allocation Failure)
[17.509s][info][gc,heap        ] GC(275) PSYoungGen: 264406K(270336K)->77412K(269312K) Eden: 191394K(191488K)->0K(190464K) From: 73011K(78848K)->77412K(78848K)
[17.509s][info][gc,heap        ] GC(275) ParOldGen: 436528K(699392K)->479534K(699392K)
[17.509s][info][gc,metaspace   ] GC(275) Metaspace: 6592K(6848K)->6592K(6848K) NonClass: 6022K(6144K)->6022K(6144K) Class: 569K(704K)->569K(704K)
[17.509s][info][gc             ] GC(275) Pause Young (Allocation Failure) 684M->543M(946M) 24.104ms
[17.509s][info][gc,cpu         ] GC(275) User=0.23s Sys=0.00s Real=0.03s
[17.531s][info][gc,start       ] GC(276) Pause Young (Allocation Failure)
[17.556s][info][gc,heap        ] GC(276) PSYoungGen: 267789K(269312K)->74511K(269824K) Eden: 190377K(190464K)->0K(190464K) From: 77412K(78848K)->74511K(79360K)
[17.556s][info][gc,heap        ] GC(276) ParOldGen: 479534K(699392K)->527442K(699392K)
[17.556s][info][gc,metaspace   ] GC(276) Metaspace: 6592K(6848K)->6592K(6848K) NonClass: 6022K(6144K)->6022K(6144K) Class: 569K(704K)->569K(704K)
[17.556s][info][gc             ] GC(276) Pause Young (Allocation Failure) 729M->587M(946M) 24.929ms
[17.556s][info][gc,cpu         ] GC(276) User=0.23s Sys=0.00s Real=0.02s
[17.578s][info][gc,start       ] GC(277) Pause Young (Allocation Failure)
[17.601s][info][gc,heap        ] GC(277) PSYoungGen: 264919K(269824K)->73811K(269824K) Eden: 190408K(190464K)->0K(190464K) From: 74511K(79360K)->73811K(79360K)
[17.601s][info][gc,heap        ] GC(277) ParOldGen: 527442K(699392K)->575849K(699392K)
[17.601s][info][gc,metaspace   ] GC(277) Metaspace: 6592K(6848K)->6592K(6848K) NonClass: 6022K(6144K)->6022K(6144K) Class: 569K(704K)->569K(704K)
[17.601s][info][gc             ] GC(277) Pause Young (Allocation Failure) 773M->634M(946M) 23.509ms
[17.601s][info][gc,cpu         ] GC(277) User=0.23s Sys=0.00s Real=0.03s
[17.621s][info][gc,start       ] GC(278) Pause Young (Allocation Failure)
[17.644s][info][gc,heap        ] GC(278) PSYoungGen: 264264K(269824K)->76011K(269824K) Eden: 190452K(190464K)->0K(190464K) From: 73811K(79360K)->76011K(79360K)
[17.644s][info][gc,heap        ] GC(278) ParOldGen: 575849K(699392K)->621156K(699392K)
[17.644s][info][gc,metaspace   ] GC(278) Metaspace: 6592K(6848K)->6592K(6848K) NonClass: 6022K(6144K)->6022K(6144K) Class: 569K(704K)->569K(704K)
[17.644s][info][gc             ] GC(278) Pause Young (Allocation Failure) 820M->680M(946M) 23.175ms
[17.644s][info][gc,cpu         ] GC(278) User=0.23s Sys=0.00s Real=0.02s
[17.664s][info][gc,start       ] GC(279) Pause Young (Allocation Failure)
[17.687s][info][gc,heap        ] GC(279) PSYoungGen: 266381K(269824K)->73911K(270336K) Eden: 190369K(190464K)->0K(191488K) From: 76011K(79360K)->73911K(78848K)
[17.687s][info][gc,heap        ] GC(279) ParOldGen: 621156K(699392K)->669464K(699392K)
[17.687s][info][gc,metaspace   ] GC(279) Metaspace: 6592K(6848K)->6592K(6848K) NonClass: 6022K(6144K)->6022K(6144K) Class: 569K(704K)->569K(704K)
[17.687s][info][gc             ] GC(279) Pause Young (Allocation Failure) 866M->725M(947M) 23.136ms
[17.687s][info][gc,cpu         ] GC(279) User=0.23s Sys=0.00s Real=0.02s
[17.687s][info][gc,start       ] GC(280) Pause Full (Ergonomics)
[17.687s][info][gc,phases,start] GC(280) Marking Phase
[17.689s][info][gc,phases      ] GC(280) Marking Phase 1.647ms
[17.689s][info][gc,phases,start] GC(280) Summary Phase
[17.689s][info][gc,phases      ] GC(280) Summary Phase 0.017ms
[17.689s][info][gc,phases,start] GC(280) Adjust Roots
[17.689s][info][gc,phases      ] GC(280) Adjust Roots 0.317ms
[17.689s][info][gc,phases,start] GC(280) Compaction Phase
[17.724s][info][gc,phases      ] GC(280) Compaction Phase 35.245ms
[17.724s][info][gc,phases,start] GC(280) Post Compact
[17.727s][info][gc,phases      ] GC(280) Post Compact 2.718ms
[17.727s][info][gc,heap        ] GC(280) PSYoungGen: 73911K(270336K)->0K(270336K) Eden: 0K(191488K)->0K(191488K) From: 73911K(78848K)->0K(78848K)
[17.727s][info][gc,heap        ] GC(280) ParOldGen: 669464K(699392K)->200791K(699392K)
[17.727s][info][gc,metaspace   ] GC(280) Metaspace: 6592K(6848K)->6592K(6848K) NonClass: 6022K(6144K)->6022K(6144K) Class: 569K(704K)->569K(704K)
[17.727s][info][gc             ] GC(280) Pause Full (Ergonomics) 725M->196M(947M) 40.171ms
[17.727s][info][gc,cpu         ] GC(280) User=0.35s Sys=0.00s Real=0.04s
[17.746s][info][gc,start       ] GC(281) Pause Young (Allocation Failure)
[17.760s][info][gc,heap        ] GC(281) PSYoungGen: 191475K(270336K)->77312K(269312K) Eden: 191475K(191488K)->0K(190464K) From: 0K(78848K)->77312K(78848K)
[17.760s][info][gc,heap        ] GC(281) ParOldGen: 200791K(699392K)->200791K(699392K)
[17.760s][info][gc,metaspace   ] GC(281) Metaspace: 6592K(6848K)->6592K(6848K) NonClass: 6022K(6144K)->6022K(6144K) Class: 569K(704K)->569K(704K)
[17.760s][info][gc             ] GC(281) Pause Young (Allocation Failure) 383M->271M(946M) 14.041ms
[17.760s][info][gc,cpu         ] GC(281) User=0.14s Sys=0.00s Real=0.02s
[17.781s][info][gc,start       ] GC(282) Pause Young (Allocation Failure)
[17.804s][info][gc,heap        ] GC(282) PSYoungGen: 267697K(269312K)->75911K(269824K) Eden: 190385K(190464K)->0K(190464K) From: 77312K(78848K)->75911K(79360K)
[17.804s][info][gc,heap        ] GC(282) ParOldGen: 200791K(699392K)->248398K(699392K)
[17.804s][info][gc,metaspace   ] GC(282) Metaspace: 6592K(6848K)->6592K(6848K) NonClass: 6022K(6144K)->6022K(6144K) Class: 569K(704K)->569K(704K)
[17.804s][info][gc             ] GC(282) Pause Young (Allocation Failure) 457M->316M(946M) 23.197ms
[17.804s][info][gc,cpu         ] GC(282) User=0.23s Sys=0.00s Real=0.02s
[17.826s][info][gc,start       ] GC(283) Pause Young (Allocation Failure)
[17.849s][info][gc,heap        ] GC(283) PSYoungGen: 266371K(269824K)->73811K(269824K) Eden: 190459K(190464K)->0K(190464K) From: 75911K(79360K)->73811K(79360K)
[17.849s][info][gc,heap        ] GC(283) ParOldGen: 248398K(699392K)->296106K(699392K)
[17.849s][info][gc,metaspace   ] GC(283) Metaspace: 6592K(6848K)->6592K(6848K) NonClass: 6022K(6144K)->6022K(6144K) Class: 569K(704K)->569K(704K)
[17.849s][info][gc             ] GC(283) Pause Young (Allocation Failure) 502M->361M(946M) 23.068ms
[17.849s][info][gc,cpu         ] GC(283) User=0.22s Sys=0.00s Real=0.03s
[17.872s][info][gc,start       ] GC(284) Pause Young (Allocation Failure)
[17.895s][info][gc,heap        ] GC(284) PSYoungGen: 264232K(269824K)->76912K(269824K) Eden: 190420K(190464K)->0K(190464K) From: 73811K(79360K)->76912K(79360K)
[17.895s][info][gc,heap        ] GC(284) ParOldGen: 296106K(699392K)->341813K(699392K)
[17.895s][info][gc,metaspace   ] GC(284) Metaspace: 6592K(6848K)->6592K(6848K) NonClass: 6022K(6144K)->6022K(6144K) Class: 569K(704K)->569K(704K)
[17.895s][info][gc             ] GC(284) Pause Young (Allocation Failure) 547M->408M(946M) 22.791ms
[17.895s][info][gc,cpu         ] GC(284) User=0.22s Sys=0.00s Real=0.02s
[17.910s][info][gc,start       ] GC(285) Pause Young (Allocation Failure)
[17.933s][info][gc,heap        ] GC(285) PSYoungGen: 267343K(269824K)->75011K(270336K) Eden: 190431K(190464K)->0K(190976K) From: 76912K(79360K)->75011K(79360K)
[17.933s][info][gc,heap        ] GC(285) ParOldGen: 341813K(699392K)->389720K(699392K)
[17.933s][info][gc,metaspace   ] GC(285) Metaspace: 6592K(6848K)->6592K(6848K) NonClass: 6022K(6144K)->6022K(6144K) Class: 569K(704K)->569K(704K)
[17.933s][info][gc             ] GC(285) Pause Young (Allocation Failure) 594M->453M(947M) 22.553ms
[17.933s][info][gc,cpu         ] GC(285) User=0.22s Sys=0.00s Real=0.02s
[17.948s][info][gc,start       ] GC(286) Pause Young (Allocation Failure)
[17.971s][info][gc,heap        ] GC(286) PSYoungGen: 265939K(270336K)->78812K(269824K) Eden: 190927K(190976K)->0K(190976K) From: 75011K(79360K)->78812K(78848K)
[17.971s][info][gc,heap        ] GC(286) ParOldGen: 389720K(699392K)->435628K(699392K)
[17.971s][info][gc,metaspace   ] GC(286) Metaspace: 6592K(6848K)->6592K(6848K) NonClass: 6022K(6144K)->6022K(6144K) Class: 569K(704K)->569K(704K)
[17.971s][info][gc             ] GC(286) Pause Young (Allocation Failure) 640M->502M(946M) 23.128ms
[17.971s][info][gc,cpu         ] GC(286) User=0.22s Sys=0.00s Real=0.03s
[17.991s][info][gc,start       ] GC(287) Pause Young (Allocation Failure)
[18.013s][info][gc,heap        ] GC(287) PSYoungGen: 269753K(269824K)->76311K(268800K) Eden: 190940K(190976K)->0K(189440K) From: 78812K(78848K)->76311K(79360K)
[18.013s][info][gc,heap        ] GC(287) ParOldGen: 435628K(699392K)->482735K(699392K)
[18.013s][info][gc,metaspace   ] GC(287) Metaspace: 6592K(6848K)->6592K(6848K) NonClass: 6022K(6144K)->6022K(6144K) Class: 569K(704K)->569K(704K)
[18.013s][info][gc             ] GC(287) Pause Young (Allocation Failure) 688M->545M(945M) 22.852ms
[18.013s][info][gc,cpu         ] GC(287) User=0.22s Sys=0.00s Real=0.02s
[18.040s][info][gc,start       ] GC(288) Pause Young (Allocation Failure)
[18.065s][info][gc,heap        ] GC(288) PSYoungGen: 265747K(268800K)->76211K(269312K) Eden: 189435K(189440K)->0K(189440K) From: 76311K(79360K)->76211K(79872K)
[18.065s][info][gc,heap        ] GC(288) ParOldGen: 482735K(699392K)->530342K(699392K)
[18.065s][info][gc,metaspace   ] GC(288) Metaspace: 6592K(6848K)->6592K(6848K) NonClass: 6022K(6144K)->6022K(6144K) Class: 569K(704K)->569K(704K)
[18.065s][info][gc             ] GC(288) Pause Young (Allocation Failure) 730M->592M(946M) 25.106ms
[18.065s][info][gc,cpu         ] GC(288) User=0.24s Sys=0.00s Real=0.02s
[18.081s][info][gc,start       ] GC(289) Pause Young (Allocation Failure)
[18.104s][info][gc,heap        ] GC(289) PSYoungGen: 265646K(269312K)->76111K(269824K) Eden: 189434K(189440K)->0K(190464K) From: 76211K(79872K)->76111K(79360K)
[18.104s][info][gc,heap        ] GC(289) ParOldGen: 530342K(699392K)->578850K(699392K)
[18.104s][info][gc,metaspace   ] GC(289) Metaspace: 6592K(6848K)->6592K(6848K) NonClass: 6022K(6144K)->6022K(6144K) Class: 569K(704K)->569K(704K)
[18.104s][info][gc             ] GC(289) Pause Young (Allocation Failure) 777M->639M(946M) 23.238ms
[18.104s][info][gc,cpu         ] GC(289) User=0.22s Sys=0.00s Real=0.02s
[18.128s][info][gc,start       ] GC(290) Pause Young (Allocation Failure)
[18.151s][info][gc,heap        ] GC(290) PSYoungGen: 266502K(269824K)->77212K(269824K) Eden: 190391K(190464K)->0K(190464K) From: 76111K(79360K)->77212K(79360K)
[18.151s][info][gc,heap        ] GC(290) ParOldGen: 578850K(699392K)->626357K(699392K)
[18.151s][info][gc,metaspace   ] GC(290) Metaspace: 6592K(6848K)->6592K(6848K) NonClass: 6022K(6144K)->6022K(6144K) Class: 569K(704K)->569K(704K)
[18.151s][info][gc             ] GC(290) Pause Young (Allocation Failure) 825M->687M(946M) 23.463ms
[18.151s][info][gc,cpu         ] GC(290) User=0.23s Sys=0.00s Real=0.03s
[18.175s][info][gc,start       ] GC(291) Pause Young (Allocation Failure)
[18.199s][info][gc,heap        ] GC(291) PSYoungGen: 267676K(269824K)->77512K(268800K) Eden: 190464K(190464K)->0K(189440K) From: 77212K(79360K)->77512K(79360K)
[18.199s][info][gc,heap        ] GC(291) ParOldGen: 626357K(699392K)->672965K(699392K)
[18.199s][info][gc,metaspace   ] GC(291) Metaspace: 6592K(6848K)->6592K(6848K) NonClass: 6022K(6144K)->6022K(6144K) Class: 569K(704K)->569K(704K)
[18.199s][info][gc             ] GC(291) Pause Young (Allocation Failure) 873M->732M(945M) 23.441ms
[18.199s][info][gc,cpu         ] GC(291) User=0.22s Sys=0.00s Real=0.03s
[18.199s][info][gc,start       ] GC(292) Pause Full (Ergonomics)
[18.199s][info][gc,phases,start] GC(292) Marking Phase
[18.200s][info][gc,phases      ] GC(292) Marking Phase 1.420ms
[18.200s][info][gc,phases,start] GC(292) Summary Phase
[18.200s][info][gc,phases      ] GC(292) Summary Phase 0.019ms
[18.200s][info][gc,phases,start] GC(292) Adjust Roots
[18.201s][info][gc,phases      ] GC(292) Adjust Roots 0.294ms
[18.201s][info][gc,phases,start] GC(292) Compaction Phase
[18.237s][info][gc,phases      ] GC(292) Compaction Phase 36.313ms
[18.237s][info][gc,phases,start] GC(292) Post Compact
[18.241s][info][gc,phases      ] GC(292) Post Compact 3.786ms
[18.241s][info][gc,heap        ] GC(292) PSYoungGen: 77512K(268800K)->0K(269312K) Eden: 0K(189440K)->0K(189440K) From: 77512K(79360K)->0K(79872K)
[18.241s][info][gc,heap        ] GC(292) ParOldGen: 672965K(699392K)->200955K(699392K)
[18.241s][info][gc,metaspace   ] GC(292) Metaspace: 6592K(6848K)->6592K(6848K) NonClass: 6022K(6144K)->6022K(6144K) Class: 569K(704K)->569K(704K)
[18.241s][info][gc             ] GC(292) Pause Full (Ergonomics) 732M->196M(946M) 42.152ms
[18.241s][info][gc,cpu         ] GC(292) User=0.37s Sys=0.00s Real=0.04s
[18.257s][info][gc,start       ] GC(293) Pause Young (Allocation Failure)
[18.271s][info][gc,heap        ] GC(293) PSYoungGen: 189411K(269312K)->74411K(269312K) Eden: 189411K(189440K)->0K(189440K) From: 0K(79872K)->74411K(79872K)
[18.271s][info][gc,heap        ] GC(293) ParOldGen: 200955K(699392K)->200955K(699392K)
[18.271s][info][gc,metaspace   ] GC(293) Metaspace: 6592K(6848K)->6592K(6848K) NonClass: 6022K(6144K)->6022K(6144K) Class: 569K(704K)->569K(704K)
[18.271s][info][gc             ] GC(293) Pause Young (Allocation Failure) 381M->268M(946M) 14.556ms
[18.272s][info][gc,cpu         ] GC(293) User=0.13s Sys=0.00s Real=0.02s
[18.293s][info][gc,start       ] GC(294) Pause Young (Allocation Failure)
[18.316s][info][gc,heap        ] GC(294) PSYoungGen: 263764K(269312K)->73511K(269312K) Eden: 189353K(189440K)->0K(189440K) From: 74411K(79872K)->73511K(79872K)
[18.316s][info][gc,heap        ] GC(294) ParOldGen: 200955K(699392K)->248562K(699392K)
[18.316s][info][gc,metaspace   ] GC(294) Metaspace: 6592K(6848K)->6592K(6848K) NonClass: 6022K(6144K)->6022K(6144K) Class: 569K(704K)->569K(704K)
[18.316s][info][gc             ] GC(294) Pause Young (Allocation Failure) 453M->314M(946M) 23.491ms
[18.316s][info][gc,cpu         ] GC(294) User=0.23s Sys=0.00s Real=0.02s
[18.334s][info][gc,start       ] GC(295) Pause Young (Allocation Failure)
[18.357s][info][gc,heap        ] GC(295) PSYoungGen: 262904K(269312K)->75911K(269824K) Eden: 189393K(189440K)->0K(189952K) From: 73511K(79872K)->75911K(79872K)
[18.357s][info][gc,heap        ] GC(295) ParOldGen: 248562K(699392K)->294969K(699392K)
[18.357s][info][gc,metaspace   ] GC(295) Metaspace: 6592K(6848K)->6592K(6848K) NonClass: 6022K(6144K)->6022K(6144K) Class: 569K(704K)->569K(704K)
[18.357s][info][gc             ] GC(295) Pause Young (Allocation Failure) 499M->362M(946M) 23.084ms
[18.357s][info][gc,cpu         ] GC(295) User=0.23s Sys=0.00s Real=0.02s
[18.373s][info][gc,start       ] GC(296) Pause Young (Allocation Failure)
[18.397s][info][gc,heap        ] GC(296) PSYoungGen: 265822K(269824K)->75311K(269312K) Eden: 189910K(189952K)->0K(189952K) From: 75911K(79872K)->75311K(79360K)
[18.397s][info][gc,heap        ] GC(296) ParOldGen: 294969K(699392K)->344177K(699392K)
[18.397s][info][gc,metaspace   ] GC(296) Metaspace: 6592K(6848K)->6592K(6848K) NonClass: 6022K(6144K)->6022K(6144K) Class: 569K(704K)->569K(704K)
[18.397s][info][gc             ] GC(296) Pause Young (Allocation Failure) 547M->409M(946M) 23.181ms
[18.397s][info][gc,cpu         ] GC(296) User=0.22s Sys=0.00s Real=0.02s
[18.413s][info][gc,start       ] GC(297) Pause Young (Allocation Failure)
[18.435s][info][gc,heap        ] GC(297) PSYoungGen: 265228K(269312K)->78612K(268800K) Eden: 189916K(189952K)->0K(189440K) From: 75311K(79360K)->78612K(79360K)
[18.436s][info][gc,heap        ] GC(297) ParOldGen: 344177K(699392K)->388184K(699392K)
[18.436s][info][gc,metaspace   ] GC(297) Metaspace: 6592K(6848K)->6592K(6848K) NonClass: 6022K(6144K)->6022K(6144K) Class: 569K(704K)->569K(704K)
[18.436s][info][gc             ] GC(297) Pause Young (Allocation Failure) 595M->455M(945M) 22.744ms
[18.436s][info][gc,cpu         ] GC(297) User=0.22s Sys=0.00s Real=0.02s
[18.451s][info][gc,start       ] GC(298) Pause Young (Allocation Failure)
[18.475s][info][gc,heap        ] GC(298) PSYoungGen: 267958K(268800K)->78012K(267776K) Eden: 189346K(189440K)->0K(189440K) From: 78612K(79360K)->78012K(78336K)
[18.475s][info][gc,heap        ] GC(298) ParOldGen: 388184K(699392K)->436692K(699392K)
[18.475s][info][gc,metaspace   ] GC(298) Metaspace: 6592K(6848K)->6592K(6848K) NonClass: 6022K(6144K)->6022K(6144K) Class: 569K(704K)->569K(704K)
[18.475s][info][gc             ] GC(298) Pause Young (Allocation Failure) 640M->502M(944M) 23.668ms
[18.475s][info][gc,cpu         ] GC(298) User=0.23s Sys=0.00s Real=0.02s
[18.495s][info][gc,start       ] GC(299) Pause Young (Allocation Failure)
[18.518s][info][gc,heap        ] GC(299) PSYoungGen: 267363K(267776K)->77012K(268800K) Eden: 189351K(189440K)->0K(188416K) From: 78012K(78336K)->77012K(80384K)
[18.518s][info][gc,heap        ] GC(299) ParOldGen: 436692K(699392K)->484999K(699392K)
[18.518s][info][gc,metaspace   ] GC(299) Metaspace: 6592K(6848K)->6592K(6848K) NonClass: 6022K(6144K)->6022K(6144K) Class: 569K(704K)->569K(704K)
[18.518s][info][gc             ] GC(299) Pause Young (Allocation Failure) 687M->548M(945M) 23.361ms
[18.518s][info][gc,cpu         ] GC(299) User=0.22s Sys=0.00s Real=0.02s
[18.537s][info][gc,start       ] GC(300) Pause Young (Allocation Failure)
[18.563s][info][gc,heap        ] GC(300) PSYoungGen: 265330K(268800K)->74811K(268800K) Eden: 188318K(188416K)->0K(188416K) From: 77012K(80384K)->74811K(80384K)
[18.563s][info][gc,heap        ] GC(300) ParOldGen: 484999K(699392K)->533907K(699392K)
[18.563s][info][gc,metaspace   ] GC(300) Metaspace: 6592K(6848K)->6592K(6848K) NonClass: 6022K(6144K)->6022K(6144K) Class: 569K(704K)->569K(704K)
[18.563s][info][gc             ] GC(300) Pause Young (Allocation Failure) 732M->594M(945M) 26.082ms
[18.563s][info][gc,cpu         ] GC(300) User=0.25s Sys=0.00s Real=0.03s
[18.582s][info][gc,start       ] GC(301) Pause Young (Allocation Failure)
[18.607s][info][gc,heap        ] GC(301) PSYoungGen: 263221K(268800K)->74211K(269312K) Eden: 188409K(188416K)->0K(189440K) From: 74811K(80384K)->74211K(79872K)
[18.607s][info][gc,heap        ] GC(301) ParOldGen: 533907K(699392K)->579214K(699392K)
[18.607s][info][gc,metaspace   ] GC(301) Metaspace: 6592K(6848K)->6592K(6848K) NonClass: 6022K(6144K)->6022K(6144K) Class: 569K(704K)->569K(704K)
[18.607s][info][gc             ] GC(301) Pause Young (Allocation Failure) 778M->638M(946M) 24.175ms
[18.607s][info][gc,cpu         ] GC(301) User=0.23s Sys=0.00s Real=0.02s
[18.628s][info][gc,start       ] GC(302) Pause Young (Allocation Failure)
[18.650s][info][gc,heap        ] GC(302) PSYoungGen: 263615K(269312K)->74211K(269312K) Eden: 189403K(189440K)->0K(189440K) From: 74211K(79872K)->74211K(79872K)
[18.650s][info][gc,heap        ] GC(302) ParOldGen: 579214K(699392K)->626021K(699392K)
[18.650s][info][gc,metaspace   ] GC(302) Metaspace: 6592K(6848K)->6592K(6848K) NonClass: 6022K(6144K)->6022K(6144K) Class: 569K(704K)->569K(704K)
[18.651s][info][gc             ] GC(302) Pause Young (Allocation Failure) 823M->683M(946M) 22.778ms
[18.651s][info][gc,cpu         ] GC(302) User=0.22s Sys=0.00s Real=0.03s
[18.673s][info][gc,start       ] GC(303) Pause Young (Allocation Failure)
[18.696s][info][gc,heap        ] GC(303) PSYoungGen: 263651K(269312K)->74511K(269312K) Eden: 189440K(189440K)->0K(189440K) From: 74211K(79872K)->74511K(79872K)
[18.696s][info][gc,heap        ] GC(303) ParOldGen: 626021K(699392K)->672228K(699392K)
[18.696s][info][gc,metaspace   ] GC(303) Metaspace: 6592K(6848K)->6592K(6848K) NonClass: 6022K(6144K)->6022K(6144K) Class: 569K(704K)->569K(704K)
[18.696s][info][gc             ] GC(303) Pause Young (Allocation Failure) 868M->729M(946M) 22.878ms
[18.696s][info][gc,cpu         ] GC(303) User=0.22s Sys=0.00s Real=0.02s
[18.696s][info][gc,start       ] GC(304) Pause Full (Ergonomics)
[18.696s][info][gc,phases,start] GC(304) Marking Phase
[18.698s][info][gc,phases      ] GC(304) Marking Phase 1.529ms
[18.698s][info][gc,phases,start] GC(304) Summary Phase
[18.698s][info][gc,phases      ] GC(304) Summary Phase 0.018ms
[18.698s][info][gc,phases,start] GC(304) Adjust Roots
[18.698s][info][gc,phases      ] GC(304) Adjust Roots 0.342ms
[18.698s][info][gc,phases,start] GC(304) Compaction Phase
[18.733s][info][gc,phases      ] GC(304) Compaction Phase 34.928ms
[18.733s][info][gc,phases,start] GC(304) Post Compact
[18.735s][info][gc,phases      ] GC(304) Post Compact 1.546ms
[18.735s][info][gc,heap        ] GC(304) PSYoungGen: 74511K(269312K)->0K(269312K) Eden: 0K(189440K)->0K(189440K) From: 74511K(79872K)->0K(79872K)
[18.735s][info][gc,heap        ] GC(304) ParOldGen: 672228K(699392K)->200891K(699392K)
[18.735s][info][gc,metaspace   ] GC(304) Metaspace: 6592K(6848K)->6592K(6848K) NonClass: 6022K(6144K)->6022K(6144K) Class: 569K(704K)->569K(704K)
[18.735s][info][gc             ] GC(304) Pause Full (Ergonomics) 729M->196M(946M) 38.534ms
[18.735s][info][gc,cpu         ] GC(304) User=0.35s Sys=0.00s Real=0.04s
[18.752s][info][gc,start       ] GC(305) Pause Young (Allocation Failure)
[18.766s][info][gc,heap        ] GC(305) PSYoungGen: 189415K(269312K)->76111K(269824K) Eden: 189415K(189440K)->0K(189952K) From: 0K(79872K)->76111K(79872K)
[18.767s][info][gc,heap        ] GC(305) ParOldGen: 200891K(699392K)->200891K(699392K)
[18.767s][info][gc,metaspace   ] GC(305) Metaspace: 6592K(6848K)->6592K(6848K) NonClass: 6022K(6144K)->6022K(6144K) Class: 569K(704K)->569K(704K)
[18.767s][info][gc             ] GC(305) Pause Young (Allocation Failure) 381M->270M(946M) 14.067ms
[18.767s][info][gc,cpu         ] GC(305) User=0.13s Sys=0.00s Real=0.01s
[18.789s][info][gc,start       ] GC(306) Pause Young (Allocation Failure)
[18.813s][info][gc,heap        ] GC(306) PSYoungGen: 265983K(269824K)->78912K(269312K) Eden: 189871K(189952K)->0K(189952K) From: 76111K(79872K)->78912K(79360K)
[18.813s][info][gc,heap        ] GC(306) ParOldGen: 200891K(699392K)->248098K(699392K)
[18.813s][info][gc,metaspace   ] GC(306) Metaspace: 6592K(6848K)->6592K(6848K) NonClass: 6022K(6144K)->6022K(6144K) Class: 569K(704K)->569K(704K)
[18.813s][info][gc             ] GC(306) Pause Young (Allocation Failure) 455M->319M(946M) 24.226ms
[18.813s][info][gc,cpu         ] GC(306) User=0.23s Sys=0.00s Real=0.02s
[18.837s][info][gc,start       ] GC(307) Pause Young (Allocation Failure)
[18.861s][info][gc,heap        ] GC(307) PSYoungGen: 268815K(269312K)->78112K(267264K) Eden: 189902K(189952K)->0K(187392K) From: 78912K(79360K)->78112K(79872K)
[18.861s][info][gc,heap        ] GC(307) ParOldGen: 248098K(699392K)->295206K(699392K)
[18.861s][info][gc,metaspace   ] GC(307) Metaspace: 6592K(6848K)->6592K(6848K) NonClass: 6022K(6144K)->6022K(6144K) Class: 569K(704K)->569K(704K)
[18.861s][info][gc             ] GC(307) Pause Young (Allocation Failure) 504M->364M(944M) 23.611ms
[18.861s][info][gc,cpu         ] GC(307) User=0.23s Sys=0.00s Real=0.03s
[18.879s][info][gc,start       ] GC(308) Pause Young (Allocation Failure)
[18.901s][info][gc,heap        ] GC(308) PSYoungGen: 265497K(267264K)->75711K(268288K) Eden: 187384K(187392K)->0K(187392K) From: 78112K(79872K)->75711K(80896K)
[18.902s][info][gc,heap        ] GC(308) ParOldGen: 295206K(699392K)->345413K(699392K)
[18.902s][info][gc,metaspace   ] GC(308) Metaspace: 6592K(6848K)->6592K(6848K) NonClass: 6022K(6144K)->6022K(6144K) Class: 569K(704K)->569K(704K)
[18.902s][info][gc             ] GC(308) Pause Young (Allocation Failure) 547M->411M(945M) 22.796ms
[18.902s][info][gc,cpu         ] GC(308) User=0.22s Sys=0.00s Real=0.02s
[18.924s][info][gc,start       ] GC(309) Pause Young (Allocation Failure)
[18.947s][info][gc,heap        ] GC(309) PSYoungGen: 263103K(268288K)->75411K(268800K) Eden: 187392K(187392K)->0K(188416K) From: 75711K(80896K)->75411K(80384K)
[18.947s][info][gc,heap        ] GC(309) ParOldGen: 345413K(699392K)->393221K(699392K)
[18.947s][info][gc,metaspace   ] GC(309) Metaspace: 6592K(6848K)->6592K(6848K) NonClass: 6022K(6144K)->6022K(6144K) Class: 569K(704K)->569K(704K)
[18.947s][info][gc             ] GC(309) Pause Young (Allocation Failure) 594M->457M(945M) 22.565ms
[18.947s][info][gc,cpu         ] GC(309) User=0.21s Sys=0.00s Real=0.02s
[18.963s][info][gc,start       ] GC(310) Pause Young (Allocation Failure)
[18.985s][info][gc,heap        ] GC(310) PSYoungGen: 263801K(268800K)->74911K(268800K) Eden: 188389K(188416K)->0K(188416K) From: 75411K(80384K)->74911K(80384K)
[18.985s][info][gc,heap        ] GC(310) ParOldGen: 393221K(699392K)->439828K(699392K)
[18.985s][info][gc,metaspace   ] GC(310) Metaspace: 6592K(6848K)->6592K(6848K) NonClass: 6022K(6144K)->6022K(6144K) Class: 569K(704K)->569K(704K)
[18.985s][info][gc             ] GC(310) Pause Young (Allocation Failure) 641M->502M(945M) 21.818ms
[18.985s][info][gc,cpu         ] GC(310) User=0.21s Sys=0.00s Real=0.02s
[19.002s][info][gc,start       ] GC(311) Pause Young (Allocation Failure)
[19.025s][info][gc,heap        ] GC(311) PSYoungGen: 263292K(268800K)->74411K(269312K) Eden: 188380K(188416K)->0K(189440K) From: 74911K(80384K)->74411K(79872K)
[19.025s][info][gc,heap        ] GC(311) ParOldGen: 439828K(699392K)->487336K(699392K)
[19.025s][info][gc,metaspace   ] GC(311) Metaspace: 6592K(6848K)->6592K(6848K) NonClass: 6022K(6144K)->6022K(6144K) Class: 569K(704K)->569K(704K)
[19.025s][info][gc             ] GC(311) Pause Young (Allocation Failure) 686M->548M(946M) 23.004ms
[19.025s][info][gc,cpu         ] GC(311) User=0.22s Sys=0.00s Real=0.02s
[19.041s][info][gc,start       ] GC(312) Pause Young (Allocation Failure)
[19.066s][info][gc,heap        ] GC(312) PSYoungGen: 263845K(269312K)->77112K(269312K) Eden: 189434K(189440K)->0K(189440K) From: 74411K(79872K)->77112K(79872K)
[19.066s][info][gc,heap        ] GC(312) ParOldGen: 487336K(699392K)->533843K(699392K)
[19.066s][info][gc,metaspace   ] GC(312) Metaspace: 6592K(6848K)->6592K(6848K) NonClass: 6022K(6144K)->6022K(6144K) Class: 569K(704K)->569K(704K)
[19.066s][info][gc             ] GC(312) Pause Young (Allocation Failure) 733M->596M(946M) 24.966ms
[19.066s][info][gc,cpu         ] GC(312) User=0.24s Sys=0.00s Real=0.02s
[19.086s][info][gc,start       ] GC(313) Pause Young (Allocation Failure)
[19.110s][info][gc,heap        ] GC(313) PSYoungGen: 266552K(269312K)->76511K(269312K) Eden: 189440K(189440K)->0K(189440K) From: 77112K(79872K)->76511K(79872K)
[19.110s][info][gc,heap        ] GC(313) ParOldGen: 533843K(699392K)->581650K(699392K)
[19.110s][info][gc,metaspace   ] GC(313) Metaspace: 6592K(6848K)->6592K(6848K) NonClass: 6022K(6144K)->6022K(6144K) Class: 569K(704K)->569K(704K)
[19.110s][info][gc             ] GC(313) Pause Young (Allocation Failure) 781M->642M(946M) 24.198ms
[19.110s][info][gc,cpu         ] GC(313) User=0.23s Sys=0.00s Real=0.03s
[19.134s][info][gc,start       ] GC(314) Pause Young (Allocation Failure)
[19.156s][info][gc,heap        ] GC(314) PSYoungGen: 265915K(269312K)->73511K(269312K) Eden: 189403K(189440K)->0K(189440K) From: 76511K(79872K)->73511K(79872K)
[19.157s][info][gc,heap        ] GC(314) ParOldGen: 581650K(699392K)->631458K(699392K)
[19.157s][info][gc,metaspace   ] GC(314) Metaspace: 6592K(6848K)->6592K(6848K) NonClass: 6022K(6144K)->6022K(6144K) Class: 569K(704K)->569K(704K)
[19.157s][info][gc             ] GC(314) Pause Young (Allocation Failure) 827M->688M(946M) 22.999ms
[19.157s][info][gc,cpu         ] GC(314) User=0.22s Sys=0.00s Real=0.02s
[19.172s][info][gc,start       ] GC(315) Pause Young (Allocation Failure)
[19.194s][info][gc,heap        ] GC(315) PSYoungGen: 262941K(269312K)->77112K(269312K) Eden: 189430K(189440K)->0K(189440K) From: 73511K(79872K)->77112K(79872K)
[19.194s][info][gc,heap        ] GC(315) ParOldGen: 631458K(699392K)->675865K(699392K)
[19.194s][info][gc,metaspace   ] GC(315) Metaspace: 6592K(6848K)->6592K(6848K) NonClass: 6022K(6144K)->6022K(6144K) Class: 569K(704K)->569K(704K)
[19.194s][info][gc             ] GC(315) Pause Young (Allocation Failure) 873M->735M(946M) 22.714ms
[19.194s][info][gc,cpu         ] GC(315) User=0.22s Sys=0.00s Real=0.02s
[19.194s][info][gc,start       ] GC(316) Pause Full (Ergonomics)
[19.194s][info][gc,phases,start] GC(316) Marking Phase
[19.196s][info][gc,phases      ] GC(316) Marking Phase 1.446ms
[19.196s][info][gc,phases,start] GC(316) Summary Phase
[19.196s][info][gc,phases      ] GC(316) Summary Phase 0.018ms
[19.196s][info][gc,phases,start] GC(316) Adjust Roots
[19.196s][info][gc,phases      ] GC(316) Adjust Roots 0.349ms
[19.196s][info][gc,phases,start] GC(316) Compaction Phase
[19.232s][info][gc,phases      ] GC(316) Compaction Phase 35.480ms
[19.232s][info][gc,phases,start] GC(316) Post Compact
[19.233s][info][gc,phases      ] GC(316) Post Compact 1.437ms
[19.233s][info][gc,heap        ] GC(316) PSYoungGen: 77112K(269312K)->0K(269312K) Eden: 0K(189440K)->0K(189440K) From: 77112K(79872K)->0K(79872K)
[19.233s][info][gc,heap        ] GC(316) ParOldGen: 675865K(699392K)->200791K(699392K)
[19.233s][info][gc,metaspace   ] GC(316) Metaspace: 6592K(6848K)->6592K(6848K) NonClass: 6022K(6144K)->6022K(6144K) Class: 569K(704K)->569K(704K)
[19.233s][info][gc             ] GC(316) Pause Full (Ergonomics) 735M->196M(946M) 38.901ms
[19.233s][info][gc,cpu         ] GC(316) User=0.36s Sys=0.00s Real=0.04s
[19.258s][info][gc,start       ] GC(317) Pause Young (Allocation Failure)
[19.272s][info][gc,heap        ] GC(317) PSYoungGen: 189440K(269312K)->75711K(269312K) Eden: 189440K(189440K)->0K(189440K) From: 0K(79872K)->75711K(79872K)
[19.272s][info][gc,heap        ] GC(317) ParOldGen: 200791K(699392K)->200791K(699392K)
[19.272s][info][gc,metaspace   ] GC(317) Metaspace: 6592K(6848K)->6592K(6848K) NonClass: 6022K(6144K)->6022K(6144K) Class: 569K(704K)->569K(704K)
[19.273s][info][gc             ] GC(317) Pause Young (Allocation Failure) 381M->270M(946M) 14.903ms
[19.273s][info][gc,cpu         ] GC(317) User=0.14s Sys=0.00s Real=0.02s
[19.291s][info][gc,start       ] GC(318) Pause Young (Allocation Failure)
[19.315s][info][gc,heap        ] GC(318) PSYoungGen: 265128K(269312K)->74611K(269312K) Eden: 189417K(189440K)->0K(189440K) From: 75711K(79872K)->74611K(79872K)
[19.315s][info][gc,heap        ] GC(318) ParOldGen: 200791K(699392K)->248998K(699392K)
[19.315s][info][gc,metaspace   ] GC(318) Metaspace: 6592K(6848K)->6592K(6848K) NonClass: 6022K(6144K)->6022K(6144K) Class: 569K(704K)->569K(704K)
[19.315s][info][gc             ] GC(318) Pause Young (Allocation Failure) 455M->316M(946M) 23.487ms
[19.315s][info][gc,cpu         ] GC(318) User=0.22s Sys=0.00s Real=0.02s
[19.334s][info][gc,start       ] GC(319) Pause Young (Allocation Failure)
[19.357s][info][gc,heap        ] GC(319) PSYoungGen: 264016K(269312K)->78912K(267776K) Eden: 189405K(189440K)->0K(188416K) From: 74611K(79872K)->78912K(79360K)
[19.357s][info][gc,heap        ] GC(319) ParOldGen: 248998K(699392K)->294205K(699392K)
[19.357s][info][gc,metaspace   ] GC(319) Metaspace: 6592K(6848K)->6592K(6848K) NonClass: 6022K(6144K)->6022K(6144K) Class: 569K(704K)->569K(704K)
[19.357s][info][gc             ] GC(319) Pause Young (Allocation Failure) 500M->364M(944M) 23.274ms
[19.357s][info][gc,cpu         ] GC(319) User=0.22s Sys=0.00s Real=0.02s
[19.380s][info][gc,start       ] GC(320) Pause Young (Allocation Failure)
[19.403s][info][gc,heap        ] GC(320) PSYoungGen: 267249K(267776K)->77412K(268800K) Eden: 188337K(188416K)->0K(188416K) From: 78912K(79360K)->77412K(80384K)
[19.403s][info][gc,heap        ] GC(320) ParOldGen: 294205K(699392K)->343913K(699392K)
[19.403s][info][gc,metaspace   ] GC(320) Metaspace: 6592K(6848K)->6592K(6848K) NonClass: 6022K(6144K)->6022K(6144K) Class: 569K(704K)->569K(704K)
[19.403s][info][gc             ] GC(320) Pause Young (Allocation Failure) 548M->411M(945M) 23.247ms
[19.403s][info][gc,cpu         ] GC(320) User=0.22s Sys=0.00s Real=0.02s
[19.417s][info][gc,start       ] GC(321) Pause Young (Allocation Failure)
[19.440s][info][gc,heap        ] GC(321) PSYoungGen: 265820K(268800K)->74911K(268800K) Eden: 188408K(188416K)->0K(188416K) From: 77412K(80384K)->74911K(80384K)
[19.440s][info][gc,heap        ] GC(321) ParOldGen: 343913K(699392K)->391921K(699392K)
[19.440s][info][gc,metaspace   ] GC(321) Metaspace: 6592K(6848K)->6592K(6848K) NonClass: 6022K(6144K)->6022K(6144K) Class: 569K(704K)->569K(704K)
[19.440s][info][gc             ] GC(321) Pause Young (Allocation Failure) 595M->455M(945M) 22.942ms
[19.440s][info][gc,cpu         ] GC(321) User=0.22s Sys=0.00s Real=0.03s
[19.458s][info][gc,start       ] GC(322) Pause Young (Allocation Failure)
[19.480s][info][gc,heap        ] GC(322) PSYoungGen: 263240K(268800K)->76011K(268800K) Eden: 188329K(188416K)->0K(188416K) From: 74911K(80384K)->76011K(80384K)
[19.480s][info][gc,heap        ] GC(322) ParOldGen: 391921K(699392K)->438428K(699392K)
[19.480s][info][gc,metaspace   ] GC(322) Metaspace: 6592K(6848K)->6592K(6848K) NonClass: 6022K(6144K)->6022K(6144K) Class: 569K(704K)->569K(704K)
[19.480s][info][gc             ] GC(322) Pause Young (Allocation Failure) 639M->502M(945M) 22.757ms
[19.480s][info][gc,cpu         ] GC(322) User=0.21s Sys=0.00s Real=0.03s
[19.501s][info][gc,start       ] GC(323) Pause Young (Allocation Failure)
[19.524s][info][gc,heap        ] GC(323) PSYoungGen: 264401K(268800K)->76211K(269824K) Eden: 188389K(188416K)->0K(189952K) From: 76011K(80384K)->76211K(79872K)
[19.525s][info][gc,heap        ] GC(323) ParOldGen: 438428K(699392K)->486035K(699392K)
[19.525s][info][gc,metaspace   ] GC(323) Metaspace: 6592K(6848K)->6592K(6848K) NonClass: 6022K(6144K)->6022K(6144K) Class: 569K(704K)->569K(704K)
[19.525s][info][gc             ] GC(323) Pause Young (Allocation Failure) 686M->549M(946M) 23.526ms
[19.525s][info][gc,cpu         ] GC(323) User=0.22s Sys=0.00s Real=0.02s
[19.538s][info][gc,start       ] GC(324) Pause Young (Allocation Failure)
[19.564s][info][gc,heap        ] GC(324) PSYoungGen: 266125K(269824K)->76511K(269312K) Eden: 189913K(189952K)->0K(189952K) From: 76211K(79872K)->76511K(79360K)
[19.564s][info][gc,heap        ] GC(324) ParOldGen: 486035K(699392K)->531342K(699392K)
[19.564s][info][gc,metaspace   ] GC(324) Metaspace: 6592K(6848K)->6592K(6848K) NonClass: 6022K(6144K)->6022K(6144K) Class: 569K(704K)->569K(704K)
[19.564s][info][gc             ] GC(324) Pause Young (Allocation Failure) 734M->593M(946M) 25.177ms
[19.564s][info][gc,cpu         ] GC(324) User=0.24s Sys=0.00s Real=0.02s
[19.581s][info][gc,start       ] GC(325) Pause Young (Allocation Failure)
[19.606s][info][gc,heap        ] GC(325) PSYoungGen: 266374K(269312K)->76311K(269824K) Eden: 189862K(189952K)->0K(190464K) From: 76511K(79360K)->76311K(79360K)
[19.606s][info][gc,heap        ] GC(325) ParOldGen: 531342K(699392K)->579350K(699392K)
[19.606s][info][gc,metaspace   ] GC(325) Metaspace: 6592K(6848K)->6592K(6848K) NonClass: 6022K(6144K)->6022K(6144K) Class: 569K(704K)->569K(704K)
[19.606s][info][gc             ] GC(325) Pause Young (Allocation Failure) 779M->640M(946M) 24.845ms
[19.606s][info][gc,cpu         ] GC(325) User=0.24s Sys=0.00s Real=0.02s
[19.627s][info][gc,start       ] GC(326) Pause Young (Allocation Failure)
[19.651s][info][gc,heap        ] GC(326) PSYoungGen: 266678K(269824K)->74311K(269824K) Eden: 190366K(190464K)->0K(190464K) From: 76311K(79360K)->74311K(79360K)
[19.651s][info][gc,heap        ] GC(326) ParOldGen: 579350K(699392K)->628658K(699392K)
[19.651s][info][gc,metaspace   ] GC(326) Metaspace: 6592K(6848K)->6592K(6848K) NonClass: 6022K(6144K)->6022K(6144K) Class: 569K(704K)->569K(704K)
[19.651s][info][gc             ] GC(326) Pause Young (Allocation Failure) 826M->686M(946M) 23.530ms
[19.651s][info][gc,cpu         ] GC(326) User=0.22s Sys=0.00s Real=0.03s
[19.666s][info][gc,start       ] GC(327) Pause Young (Allocation Failure)
[19.689s][info][gc,heap        ] GC(327) PSYoungGen: 264747K(269824K)->76011K(270336K) Eden: 190435K(190464K)->0K(190976K) From: 74311K(79360K)->76011K(79360K)
[19.689s][info][gc,heap        ] GC(327) ParOldGen: 628658K(699392K)->676665K(699392K)
[19.689s][info][gc,metaspace   ] GC(327) Metaspace: 6592K(6848K)->6592K(6848K) NonClass: 6022K(6144K)->6022K(6144K) Class: 569K(704K)->569K(704K)
[19.689s][info][gc             ] GC(327) Pause Young (Allocation Failure) 872M->735M(947M) 23.281ms
[19.689s][info][gc,cpu         ] GC(327) User=0.22s Sys=0.00s Real=0.03s
[19.689s][info][gc,start       ] GC(328) Pause Full (Ergonomics)
[19.689s][info][gc,phases,start] GC(328) Marking Phase
[19.691s][info][gc,phases      ] GC(328) Marking Phase 1.187ms
[19.691s][info][gc,phases,start] GC(328) Summary Phase
[19.691s][info][gc,phases      ] GC(328) Summary Phase 0.017ms
[19.691s][info][gc,phases,start] GC(328) Adjust Roots
[19.691s][info][gc,phases      ] GC(328) Adjust Roots 0.327ms
[19.691s][info][gc,phases,start] GC(328) Compaction Phase
[19.726s][info][gc,phases      ] GC(328) Compaction Phase 35.324ms
[19.726s][info][gc,phases,start] GC(328) Post Compact
[19.729s][info][gc,phases      ] GC(328) Post Compact 2.151ms
[19.729s][info][gc,heap        ] GC(328) PSYoungGen: 76011K(270336K)->0K(269824K) Eden: 0K(190976K)->0K(190976K) From: 76011K(79360K)->0K(78848K)
[19.729s][info][gc,heap        ] GC(328) ParOldGen: 676665K(699392K)->200791K(699392K)
[19.729s][info][gc,metaspace   ] GC(328) Metaspace: 6592K(6848K)->6592K(6848K) NonClass: 6022K(6144K)->6022K(6144K) Class: 569K(704K)->569K(704K)
[19.729s][info][gc             ] GC(328) Pause Full (Ergonomics) 735M->196M(946M) 39.189ms
[19.729s][info][gc,cpu         ] GC(328) User=0.36s Sys=0.00s Real=0.04s
[19.750s][info][gc,start       ] GC(329) Pause Young (Allocation Failure)
[19.763s][info][gc,heap        ] GC(329) PSYoungGen: 190896K(269824K)->74911K(270336K) Eden: 190896K(190976K)->0K(191488K) From: 0K(78848K)->74911K(78848K)
[19.764s][info][gc,heap        ] GC(329) ParOldGen: 200791K(699392K)->200791K(699392K)
[19.764s][info][gc,metaspace   ] GC(329) Metaspace: 6592K(6848K)->6592K(6848K) NonClass: 6022K(6144K)->6022K(6144K) Class: 569K(704K)->569K(704K)
[19.764s][info][gc             ] GC(329) Pause Young (Allocation Failure) 382M->269M(947M) 13.532ms
[19.764s][info][gc,cpu         ] GC(329) User=0.13s Sys=0.00s Real=0.01s
[19.782s][info][gc,start       ] GC(330) Pause Young (Allocation Failure)
[19.804s][info][gc,heap        ] GC(330) PSYoungGen: 266365K(270336K)->77312K(270336K) Eden: 191454K(191488K)->0K(191488K) From: 74911K(78848K)->77312K(78848K)
[19.804s][info][gc,heap        ] GC(330) ParOldGen: 200791K(699392K)->246098K(699392K)
[19.804s][info][gc,metaspace   ] GC(330) Metaspace: 6592K(6848K)->6592K(6848K) NonClass: 6022K(6144K)->6022K(6144K) Class: 569K(704K)->569K(704K)
[19.804s][info][gc             ] GC(330) Pause Young (Allocation Failure) 456M->315M(947M) 22.466ms
[19.804s][info][gc,cpu         ] GC(330) User=0.22s Sys=0.00s Real=0.02s
[19.827s][info][gc,start       ] GC(331) Pause Young (Allocation Failure)
[19.851s][info][gc,heap        ] GC(331) PSYoungGen: 268800K(270336K)->74811K(270336K) Eden: 191488K(191488K)->0K(191488K) From: 77312K(78848K)->74811K(78848K)
[19.851s][info][gc,heap        ] GC(331) ParOldGen: 246098K(699392K)->293905K(699392K)
[19.851s][info][gc,metaspace   ] GC(331) Metaspace: 6592K(6848K)->6592K(6848K) NonClass: 6022K(6144K)->6022K(6144K) Class: 569K(704K)->569K(704K)
[19.851s][info][gc             ] GC(331) Pause Young (Allocation Failure) 502M->360M(947M) 23.375ms
[19.851s][info][gc,cpu         ] GC(331) User=0.23s Sys=0.00s Real=0.03s
[19.871s][info][gc,start       ] GC(332) Pause Young (Allocation Failure)
[19.894s][info][gc,heap        ] GC(332) PSYoungGen: 266212K(270336K)->78812K(270336K) Eden: 191400K(191488K)->0K(191488K) From: 74811K(78848K)->78812K(78848K)
[19.894s][info][gc,heap        ] GC(332) ParOldGen: 293905K(699392K)->339813K(699392K)
[19.894s][info][gc,metaspace   ] GC(332) Metaspace: 6592K(6848K)->6592K(6848K) NonClass: 6022K(6144K)->6022K(6144K) Class: 569K(704K)->569K(704K)
[19.894s][info][gc             ] GC(332) Pause Young (Allocation Failure) 546M->408M(947M) 22.628ms
[19.894s][info][gc,cpu         ] GC(332) User=0.22s Sys=0.00s Real=0.02s
[19.914s][info][gc,start       ] GC(333) Pause Young (Allocation Failure)
[19.937s][info][gc,heap        ] GC(333) PSYoungGen: 270261K(270336K)->74511K(268288K) Eden: 191448K(191488K)->0K(189440K) From: 78812K(78848K)->74511K(78848K)
[19.937s][info][gc,heap        ] GC(333) ParOldGen: 339813K(699392K)->388320K(699392K)
[19.937s][info][gc,metaspace   ] GC(333) Metaspace: 6592K(6848K)->6592K(6848K) NonClass: 6022K(6144K)->6022K(6144K) Class: 569K(704K)->569K(704K)
[19.937s][info][gc             ] GC(333) Pause Young (Allocation Failure) 595M->451M(945M) 23.013ms
[19.937s][info][gc,cpu         ] GC(333) User=0.22s Sys=0.00s Real=0.02s
[19.956s][info][gc,start       ] GC(334) Pause Young (Allocation Failure)
[19.978s][info][gc,heap        ] GC(334) PSYoungGen: 263885K(268288K)->75611K(269312K) Eden: 189373K(189440K)->0K(189440K) From: 74511K(78848K)->75611K(79872K)
[19.978s][info][gc,heap        ] GC(334) ParOldGen: 388320K(699392K)->433827K(699392K)
[19.978s][info][gc,metaspace   ] GC(334) Metaspace: 6592K(6848K)->6592K(6848K) NonClass: 6022K(6144K)->6022K(6144K) Class: 569K(704K)->569K(704K)
[19.978s][info][gc             ] GC(334) Pause Young (Allocation Failure) 636M->497M(946M) 22.728ms
[19.978s][info][gc,cpu         ] GC(334) User=0.22s Sys=0.00s Real=0.03s
[19.994s][info][gc,start       ] GC(335) Pause Young (Allocation Failure)
[20.017s][info][gc,heap        ] GC(335) PSYoungGen: 264956K(269312K)->76912K(269824K) Eden: 189344K(189440K)->0K(190464K) From: 75611K(79872K)->76912K(79360K)
[20.017s][info][gc,heap        ] GC(335) ParOldGen: 433827K(699392K)->481135K(699392K)
[20.017s][info][gc,metaspace   ] GC(335) Metaspace: 6592K(6848K)->6592K(6848K) NonClass: 6022K(6144K)->6022K(6144K) Class: 569K(704K)->569K(704K)
[20.017s][info][gc             ] GC(335) Pause Young (Allocation Failure) 682M->544M(946M) 22.505ms
[20.017s][info][gc,cpu         ] GC(335) User=0.22s Sys=0.00s Real=0.02s
[20.034s][info][gc,start       ] GC(336) Pause Young (Allocation Failure)
[20.058s][info][gc,heap        ] GC(336) PSYoungGen: 267346K(269824K)->77012K(269824K) Eden: 190434K(190464K)->0K(190464K) From: 76912K(79360K)->77012K(79360K)
[20.058s][info][gc,heap        ] GC(336) ParOldGen: 481135K(699392K)->527542K(699392K)
[20.058s][info][gc,metaspace   ] GC(336) Metaspace: 6592K(6848K)->6592K(6848K) NonClass: 6022K(6144K)->6022K(6144K) Class: 569K(704K)->569K(704K)
[20.058s][info][gc             ] GC(336) Pause Young (Allocation Failure) 730M->590M(946M) 24.927ms
[20.058s][info][gc,cpu         ] GC(336) User=0.23s Sys=0.00s Real=0.03s
[20.081s][info][gc,start       ] GC(337) Pause Young (Allocation Failure)
[20.106s][info][gc,heap        ] GC(337) PSYoungGen: 267476K(269824K)->77612K(268800K) Eden: 190464K(190464K)->0K(189440K) From: 77012K(79360K)->77612K(79360K)
[20.106s][info][gc,heap        ] GC(337) ParOldGen: 527542K(699392K)->573749K(699392K)
[20.106s][info][gc,metaspace   ] GC(337) Metaspace: 6592K(6848K)->6592K(6848K) NonClass: 6022K(6144K)->6022K(6144K) Class: 569K(704K)->569K(704K)
[20.106s][info][gc             ] GC(337) Pause Young (Allocation Failure) 776M->636M(945M) 24.728ms
[20.106s][info][gc,cpu         ] GC(337) User=0.24s Sys=0.00s Real=0.02s
[20.124s][info][gc,start       ] GC(338) Pause Young (Allocation Failure)
[20.147s][info][gc,heap        ] GC(338) PSYoungGen: 266988K(268800K)->73311K(269312K) Eden: 189376K(189440K)->0K(189440K) From: 77612K(79360K)->73311K(79872K)
[20.147s][info][gc,heap        ] GC(338) ParOldGen: 573749K(699392K)->624957K(699392K)
[20.147s][info][gc,metaspace   ] GC(338) Metaspace: 6592K(6848K)->6592K(6848K) NonClass: 6022K(6144K)->6022K(6144K) Class: 569K(704K)->569K(704K)
[20.147s][info][gc             ] GC(338) Pause Young (Allocation Failure) 821M->681M(946M) 22.897ms
[20.147s][info][gc,cpu         ] GC(338) User=0.22s Sys=0.00s Real=0.02s
[20.172s][info][gc,start       ] GC(339) Pause Young (Allocation Failure)
[20.195s][info][gc,heap        ] GC(339) PSYoungGen: 262751K(269312K)->73211K(269312K) Eden: 189440K(189440K)->0K(189440K) From: 73311K(79872K)->73211K(79872K)
[20.195s][info][gc,heap        ] GC(339) ParOldGen: 624957K(699392K)->673765K(699392K)
[20.195s][info][gc,metaspace   ] GC(339) Metaspace: 6592K(6848K)->6592K(6848K) NonClass: 6022K(6144K)->6022K(6144K) Class: 569K(704K)->569K(704K)
[20.195s][info][gc             ] GC(339) Pause Young (Allocation Failure) 866M->729M(946M) 23.581ms
[20.196s][info][gc,cpu         ] GC(339) User=0.22s Sys=0.00s Real=0.02s
[20.196s][info][gc,start       ] GC(340) Pause Full (Ergonomics)
[20.196s][info][gc,phases,start] GC(340) Marking Phase
[20.197s][info][gc,phases      ] GC(340) Marking Phase 1.365ms
[20.197s][info][gc,phases,start] GC(340) Summary Phase
[20.197s][info][gc,phases      ] GC(340) Summary Phase 0.019ms
[20.197s][info][gc,phases,start] GC(340) Adjust Roots
[20.197s][info][gc,phases      ] GC(340) Adjust Roots 0.333ms
[20.197s][info][gc,phases,start] GC(340) Compaction Phase
[20.233s][info][gc,phases      ] GC(340) Compaction Phase 35.791ms
[20.233s][info][gc,phases,start] GC(340) Post Compact
[20.235s][info][gc,phases      ] GC(340) Post Compact 2.115ms
[20.235s][info][gc,heap        ] GC(340) PSYoungGen: 73211K(269312K)->0K(269312K) Eden: 0K(189440K)->0K(189440K) From: 73211K(79872K)->0K(79872K)
[20.235s][info][gc,heap        ] GC(340) ParOldGen: 673765K(699392K)->200791K(699392K)
[20.235s][info][gc,metaspace   ] GC(340) Metaspace: 6592K(6848K)->6592K(6848K) NonClass: 6022K(6144K)->6022K(6144K) Class: 569K(704K)->569K(704K)
[20.235s][info][gc             ] GC(340) Pause Full (Ergonomics) 729M->196M(946M) 39.821ms
[20.235s][info][gc,cpu         ] GC(340) User=0.37s Sys=0.00s Real=0.04s
[20.256s][info][gc,start       ] GC(341) Pause Young (Allocation Failure)
[20.270s][info][gc,heap        ] GC(341) PSYoungGen: 189410K(269312K)->74511K(269312K) Eden: 189410K(189440K)->0K(189440K) From: 0K(79872K)->74511K(79872K)
[20.270s][info][gc,heap        ] GC(341) ParOldGen: 200791K(699392K)->200791K(699392K)
[20.270s][info][gc,metaspace   ] GC(341) Metaspace: 6592K(6848K)->6592K(6848K) NonClass: 6022K(6144K)->6022K(6144K) Class: 569K(704K)->569K(704K)
[20.270s][info][gc             ] GC(341) Pause Young (Allocation Failure) 381M->268M(946M) 13.960ms
[20.270s][info][gc,cpu         ] GC(341) User=0.13s Sys=0.00s Real=0.02s
[20.287s][info][gc,start       ] GC(342) Pause Young (Allocation Failure)
[20.309s][info][gc,heap        ] GC(342) PSYoungGen: 263918K(269312K)->73211K(269312K) Eden: 189406K(189440K)->0K(189440K) From: 74511K(79872K)->73211K(79872K)
[20.310s][info][gc,heap        ] GC(342) ParOldGen: 200791K(699392K)->246998K(699392K)
[20.310s][info][gc,metaspace   ] GC(342) Metaspace: 6592K(6848K)->6592K(6848K) NonClass: 6022K(6144K)->6022K(6144K) Class: 569K(704K)->569K(704K)
[20.310s][info][gc             ] GC(342) Pause Young (Allocation Failure) 453M->312M(946M) 22.566ms
[20.310s][info][gc,cpu         ] GC(342) User=0.21s Sys=0.00s Real=0.03s
[20.332s][info][gc,start       ] GC(343) Pause Young (Allocation Failure)
[20.355s][info][gc,heap        ] GC(343) PSYoungGen: 262563K(269312K)->74911K(269824K) Eden: 189351K(189440K)->0K(189952K) From: 73211K(79872K)->74911K(79872K)
[20.355s][info][gc,heap        ] GC(343) ParOldGen: 246998K(699392K)->292705K(699392K)
[20.355s][info][gc,metaspace   ] GC(343) Metaspace: 6592K(6848K)->6592K(6848K) NonClass: 6022K(6144K)->6022K(6144K) Class: 569K(704K)->569K(704K)
[20.355s][info][gc             ] GC(343) Pause Young (Allocation Failure) 497M->359M(946M) 23.087ms
[20.355s][info][gc,cpu         ] GC(343) User=0.23s Sys=0.00s Real=0.02s
[20.375s][info][gc,start       ] GC(344) Pause Young (Allocation Failure)
[20.397s][info][gc,heap        ] GC(344) PSYoungGen: 264805K(269824K)->74711K(269312K) Eden: 189894K(189952K)->0K(189952K) From: 74911K(79872K)->74711K(79360K)
[20.397s][info][gc,heap        ] GC(344) ParOldGen: 292705K(699392K)->337712K(699392K)
[20.397s][info][gc,metaspace   ] GC(344) Metaspace: 6592K(6848K)->6592K(6848K) NonClass: 6022K(6144K)->6022K(6144K) Class: 569K(704K)->569K(704K)
[20.397s][info][gc             ] GC(344) Pause Young (Allocation Failure) 544M->402M(946M) 21.752ms
[20.397s][info][gc,cpu         ] GC(344) User=0.21s Sys=0.00s Real=0.02s
[20.414s][info][gc,start       ] GC(345) Pause Young (Allocation Failure)
[20.437s][info][gc,heap        ] GC(345) PSYoungGen: 264654K(269312K)->76411K(269824K) Eden: 189942K(189952K)->0K(190464K) From: 74711K(79360K)->76411K(79360K)
[20.437s][info][gc,heap        ] GC(345) ParOldGen: 337712K(699392K)->383819K(699392K)
[20.437s][info][gc,metaspace   ] GC(345) Metaspace: 6592K(6848K)->6592K(6848K) NonClass: 6022K(6144K)->6022K(6144K) Class: 569K(704K)->569K(704K)
[20.437s][info][gc             ] GC(345) Pause Young (Allocation Failure) 588M->449M(946M) 23.023ms
[20.437s][info][gc,cpu         ] GC(345) User=0.22s Sys=0.00s Real=0.02s
[20.458s][info][gc,start       ] GC(346) Pause Young (Allocation Failure)
[20.481s][info][gc,heap        ] GC(346) PSYoungGen: 266875K(269824K)->76611K(269824K) Eden: 190464K(190464K)->0K(190464K) From: 76411K(79360K)->76611K(79360K)
[20.481s][info][gc,heap        ] GC(346) ParOldGen: 383819K(699392K)->430027K(699392K)
[20.481s][info][gc,metaspace   ] GC(346) Metaspace: 6592K(6848K)->6592K(6848K) NonClass: 6022K(6144K)->6022K(6144K) Class: 569K(704K)->569K(704K)
[20.481s][info][gc             ] GC(346) Pause Young (Allocation Failure) 635M->494M(946M) 23.375ms
[20.481s][info][gc,cpu         ] GC(346) User=0.22s Sys=0.00s Real=0.03s
[20.504s][info][gc,start       ] GC(347) Pause Young (Allocation Failure)
[20.527s][info][gc,heap        ] GC(347) PSYoungGen: 266988K(269824K)->77112K(269824K) Eden: 190376K(190464K)->0K(190464K) From: 76611K(79360K)->77112K(79360K)
[20.527s][info][gc,heap        ] GC(347) ParOldGen: 430027K(699392K)->477634K(699392K)
[20.527s][info][gc,metaspace   ] GC(347) Metaspace: 6592K(6848K)->6592K(6848K) NonClass: 6022K(6144K)->6022K(6144K) Class: 569K(704K)->569K(704K)
[20.527s][info][gc             ] GC(347) Pause Young (Allocation Failure) 680M->541M(946M) 23.676ms
[20.527s][info][gc,cpu         ] GC(347) User=0.23s Sys=0.00s Real=0.02s
[20.543s][info][gc,start       ] GC(348) Pause Young (Allocation Failure)
[20.568s][info][gc,heap        ] GC(348) PSYoungGen: 267542K(269824K)->78112K(268800K) Eden: 190430K(190464K)->0K(190464K) From: 77112K(79360K)->78112K(78336K)
[20.568s][info][gc,heap        ] GC(348) ParOldGen: 477634K(699392K)->525141K(699392K)
[20.568s][info][gc,metaspace   ] GC(348) Metaspace: 6592K(6848K)->6592K(6848K) NonClass: 6022K(6144K)->6022K(6144K) Class: 569K(704K)->569K(704K)
[20.568s][info][gc             ] GC(348) Pause Young (Allocation Failure) 727M->589M(945M) 24.843ms
[20.568s][info][gc,cpu         ] GC(348) User=0.24s Sys=0.00s Real=0.02s
[20.585s][info][gc,start       ] GC(349) Pause Young (Allocation Failure)
[20.609s][info][gc,heap        ] GC(349) PSYoungGen: 268497K(268800K)->75311K(269312K) Eden: 190384K(190464K)->0K(188928K) From: 78112K(78336K)->75311K(80384K)
[20.609s][info][gc,heap        ] GC(349) ParOldGen: 525141K(699392K)->572249K(699392K)
[20.609s][info][gc,metaspace   ] GC(349) Metaspace: 6592K(6848K)->6592K(6848K) NonClass: 6022K(6144K)->6022K(6144K) Class: 569K(704K)->569K(704K)
[20.609s][info][gc             ] GC(349) Pause Young (Allocation Failure) 775M->632M(946M) 23.606ms
[20.609s][info][gc,cpu         ] GC(349) User=0.23s Sys=0.00s Real=0.03s
[20.630s][info][gc,start       ] GC(350) Pause Young (Allocation Failure)
[20.654s][info][gc,heap        ] GC(350) PSYoungGen: 264212K(269312K)->72811K(268800K) Eden: 188900K(188928K)->0K(188928K) From: 75311K(80384K)->72811K(79872K)
[20.654s][info][gc,heap        ] GC(350) ParOldGen: 572249K(699392K)->622157K(699392K)
[20.654s][info][gc,metaspace   ] GC(350) Metaspace: 6592K(6848K)->6592K(6848K) NonClass: 6022K(6144K)->6022K(6144K) Class: 569K(704K)->569K(704K)
[20.654s][info][gc             ] GC(350) Pause Young (Allocation Failure) 816M->678M(945M) 23.705ms
[20.654s][info][gc,cpu         ] GC(350) User=0.23s Sys=0.00s Real=0.02s
[20.676s][info][gc,start       ] GC(351) Pause Young (Allocation Failure)
[20.699s][info][gc,heap        ] GC(351) PSYoungGen: 261739K(268800K)->76011K(269312K) Eden: 188928K(188928K)->0K(189440K) From: 72811K(79872K)->76011K(79872K)
[20.699s][info][gc,heap        ] GC(351) ParOldGen: 622157K(699392K)->667464K(699392K)
[20.699s][info][gc,metaspace   ] GC(351) Metaspace: 6592K(6848K)->6592K(6848K) NonClass: 6022K(6144K)->6022K(6144K) Class: 569K(704K)->569K(704K)
[20.699s][info][gc             ] GC(351) Pause Young (Allocation Failure) 863M->726M(946M) 22.584ms
[20.699s][info][gc,cpu         ] GC(351) User=0.22s Sys=0.00s Real=0.03s
[20.699s][info][gc,start       ] GC(352) Pause Full (Ergonomics)
[20.699s][info][gc,phases,start] GC(352) Marking Phase
[20.700s][info][gc,phases      ] GC(352) Marking Phase 1.456ms
[20.700s][info][gc,phases,start] GC(352) Summary Phase
[20.700s][info][gc,phases      ] GC(352) Summary Phase 0.018ms
[20.700s][info][gc,phases,start] GC(352) Adjust Roots
[20.701s][info][gc,phases      ] GC(352) Adjust Roots 0.346ms
[20.701s][info][gc,phases,start] GC(352) Compaction Phase
[20.737s][info][gc,phases      ] GC(352) Compaction Phase 36.447ms
[20.737s][info][gc,phases,start] GC(352) Post Compact
[20.739s][info][gc,phases      ] GC(352) Post Compact 1.742ms
[20.739s][info][gc,heap        ] GC(352) PSYoungGen: 76011K(269312K)->0K(269312K) Eden: 0K(189440K)->0K(189440K) From: 76011K(79872K)->0K(79872K)
[20.739s][info][gc,heap        ] GC(352) ParOldGen: 667464K(699392K)->200791K(699392K)
[20.739s][info][gc,metaspace   ] GC(352) Metaspace: 6592K(6848K)->6592K(6848K) NonClass: 6022K(6144K)->6022K(6144K) Class: 569K(704K)->569K(704K)
[20.739s][info][gc             ] GC(352) Pause Full (Ergonomics) 726M->196M(946M) 40.191ms
[20.739s][info][gc,cpu         ] GC(352) User=0.36s Sys=0.00s Real=0.04s
[20.760s][info][gc,start       ] GC(353) Pause Young (Allocation Failure)
[20.774s][info][gc,heap        ] GC(353) PSYoungGen: 189440K(269312K)->75211K(269824K) Eden: 189440K(189440K)->0K(189952K) From: 0K(79872K)->75211K(79872K)
[20.774s][info][gc,heap        ] GC(353) ParOldGen: 200791K(699392K)->200791K(699392K)
[20.774s][info][gc,metaspace   ] GC(353) Metaspace: 6592K(6848K)->6592K(6848K) NonClass: 6022K(6144K)->6022K(6144K) Class: 569K(704K)->569K(704K)
[20.774s][info][gc             ] GC(353) Pause Young (Allocation Failure) 381M->269M(946M) 14.401ms
[20.774s][info][gc,cpu         ] GC(353) User=0.14s Sys=0.00s Real=0.01s
[20.797s][info][gc,start       ] GC(354) Pause Young (Allocation Failure)
[20.821s][info][gc,heap        ] GC(354) PSYoungGen: 265163K(269824K)->73211K(269312K) Eden: 189952K(189952K)->0K(189952K) From: 75211K(79872K)->73211K(79360K)
[20.821s][info][gc,heap        ] GC(354) ParOldGen: 200791K(699392K)->248598K(699392K)
[20.821s][info][gc,metaspace   ] GC(354) Metaspace: 6592K(6848K)->6592K(6848K) NonClass: 6022K(6144K)->6022K(6144K) Class: 569K(704K)->569K(704K)
[20.821s][info][gc             ] GC(354) Pause Young (Allocation Failure) 455M->314M(946M) 23.808ms
[20.821s][info][gc,cpu         ] GC(354) User=0.23s Sys=0.00s Real=0.03s
[20.841s][info][gc,start       ] GC(355) Pause Young (Allocation Failure)
[20.864s][info][gc,heap        ] GC(355) PSYoungGen: 263145K(269312K)->75511K(269824K) Eden: 189934K(189952K)->0K(190464K) From: 73211K(79360K)->75511K(79360K)
[20.864s][info][gc,heap        ] GC(355) ParOldGen: 248598K(699392K)->294205K(699392K)
[20.864s][info][gc,metaspace   ] GC(355) Metaspace: 6592K(6848K)->6592K(6848K) NonClass: 6022K(6144K)->6022K(6144K) Class: 569K(704K)->569K(704K)
[20.864s][info][gc             ] GC(355) Pause Young (Allocation Failure) 499M->361M(946M) 22.740ms
[20.864s][info][gc,cpu         ] GC(355) User=0.22s Sys=0.00s Real=0.02s
[20.882s][info][gc,start       ] GC(356) Pause Young (Allocation Failure)
[20.905s][info][gc,heap        ] GC(356) PSYoungGen: 265906K(269824K)->77612K(268288K) Eden: 190394K(190464K)->0K(190464K) From: 75511K(79360K)->77612K(77824K)
[20.905s][info][gc,heap        ] GC(356) ParOldGen: 294205K(699392K)->340013K(699392K)
[20.905s][info][gc,metaspace   ] GC(356) Metaspace: 6592K(6848K)->6592K(6848K) NonClass: 6022K(6144K)->6022K(6144K) Class: 569K(704K)->569K(704K)
[20.905s][info][gc             ] GC(356) Pause Young (Allocation Failure) 546M->407M(945M) 22.748ms
[20.905s][info][gc,cpu         ] GC(356) User=0.22s Sys=0.00s Real=0.02s
[20.921s][info][gc,start       ] GC(357) Pause Young (Allocation Failure)
[20.944s][info][gc,heap        ] GC(357) PSYoungGen: 268030K(268288K)->78012K(268288K) Eden: 190418K(190464K)->0K(188416K) From: 77612K(77824K)->78012K(79872K)
[20.944s][info][gc,heap        ] GC(357) ParOldGen: 340013K(699392K)->387820K(699392K)
[20.944s][info][gc,metaspace   ] GC(357) Metaspace: 6592K(6848K)->6592K(6848K) NonClass: 6022K(6144K)->6022K(6144K) Class: 569K(704K)->569K(704K)
[20.944s][info][gc             ] GC(357) Pause Young (Allocation Failure) 593M->454M(945M) 23.378ms
[20.944s][info][gc,cpu         ] GC(357) User=0.23s Sys=0.00s Real=0.02s
[20.958s][info][gc,start       ] GC(358) Pause Young (Allocation Failure)
[20.982s][info][gc,heap        ] GC(358) PSYoungGen: 266395K(268288K)->76211K(268800K) Eden: 188383K(188416K)->0K(188416K) From: 78012K(79872K)->76211K(80384K)
[20.982s][info][gc,heap        ] GC(358) ParOldGen: 387820K(699392K)->436128K(699392K)
[20.982s][info][gc,metaspace   ] GC(358) Metaspace: 6592K(6848K)->6592K(6848K) NonClass: 6022K(6144K)->6022K(6144K) Class: 569K(704K)->569K(704K)
[20.982s][info][gc             ] GC(358) Pause Young (Allocation Failure) 638M->500M(945M) 24.252ms
[20.982s][info][gc,cpu         ] GC(358) User=0.24s Sys=0.00s Real=0.03s
[21.000s][info][gc,start       ] GC(359) Pause Young (Allocation Failure)
[21.023s][info][gc,heap        ] GC(359) PSYoungGen: 264561K(268800K)->78212K(268288K) Eden: 188349K(188416K)->0K(188416K) From: 76211K(80384K)->78212K(79872K)
[21.023s][info][gc,heap        ] GC(359) ParOldGen: 436128K(699392K)->481235K(699392K)
[21.023s][info][gc,metaspace   ] GC(359) Metaspace: 6592K(6848K)->6592K(6848K) NonClass: 6022K(6144K)->6022K(6144K) Class: 569K(704K)->569K(704K)
[21.023s][info][gc             ] GC(359) Pause Young (Allocation Failure) 684M->546M(945M) 22.858ms
[21.023s][info][gc,cpu         ] GC(359) User=0.22s Sys=0.00s Real=0.02s
[21.038s][info][gc,start       ] GC(360) Pause Young (Allocation Failure)
[21.061s][info][gc,heap        ] GC(360) PSYoungGen: 266601K(268288K)->72811K(268800K) Eden: 188388K(188416K)->0K(188416K) From: 78212K(79872K)->72811K(80384K)
[21.061s][info][gc,heap        ] GC(360) ParOldGen: 481235K(699392K)->531242K(699392K)
[21.061s][info][gc,metaspace   ] GC(360) Metaspace: 6592K(6848K)->6592K(6848K) NonClass: 6022K(6144K)->6022K(6144K) Class: 569K(704K)->569K(704K)
[21.061s][info][gc             ] GC(360) Pause Young (Allocation Failure) 730M->589M(945M) 23.156ms
[21.061s][info][gc,cpu         ] GC(360) User=0.22s Sys=0.00s Real=0.03s
[21.082s][info][gc,start       ] GC(361) Pause Young (Allocation Failure)
[21.106s][info][gc,heap        ] GC(361) PSYoungGen: 261218K(268800K)->77712K(267776K) Eden: 188407K(188416K)->0K(187392K) From: 72811K(80384K)->77712K(80384K)
[21.106s][info][gc,heap        ] GC(361) ParOldGen: 531242K(699392K)->575649K(699392K)
[21.106s][info][gc,metaspace   ] GC(361) Metaspace: 6592K(6848K)->6592K(6848K) NonClass: 6022K(6144K)->6022K(6144K) Class: 569K(704K)->569K(704K)
[21.106s][info][gc             ] GC(361) Pause Young (Allocation Failure) 773M->638M(944M) 23.759ms
[21.106s][info][gc,cpu         ] GC(361) User=0.23s Sys=0.00s Real=0.02s
[21.123s][info][gc,start       ] GC(362) Pause Young (Allocation Failure)
[21.148s][info][gc,heap        ] GC(362) PSYoungGen: 265013K(267776K)->74211K(268288K) Eden: 187300K(187392K)->0K(187392K) From: 77712K(80384K)->74211K(80896K)
[21.148s][info][gc,heap        ] GC(362) ParOldGen: 575649K(699392K)->626557K(699392K)
[21.148s][info][gc,metaspace   ] GC(362) Metaspace: 6592K(6848K)->6592K(6848K) NonClass: 6022K(6144K)->6022K(6144K) Class: 569K(704K)->569K(704K)
[21.148s][info][gc             ] GC(362) Pause Young (Allocation Failure) 820M->684M(945M) 24.415ms
[21.148s][info][gc,cpu         ] GC(362) User=0.24s Sys=0.00s Real=0.02s
[21.163s][info][gc,start       ] GC(363) Pause Young (Allocation Failure)
[21.186s][info][gc,heap        ] GC(363) PSYoungGen: 261577K(268288K)->76211K(268800K) Eden: 187365K(187392K)->0K(187904K) From: 74211K(80896K)->76211K(80896K)
[21.186s][info][gc,heap        ] GC(363) ParOldGen: 626557K(699392K)->673265K(699392K)
[21.186s][info][gc,metaspace   ] GC(363) Metaspace: 6592K(6848K)->6592K(6848K) NonClass: 6022K(6144K)->6022K(6144K) Class: 569K(704K)->569K(704K)
[21.186s][info][gc             ] GC(363) Pause Young (Allocation Failure) 867M->731M(945M) 22.846ms
[21.186s][info][gc,cpu         ] GC(363) User=0.22s Sys=0.00s Real=0.02s
[21.186s][info][gc,start       ] GC(364) Pause Full (Ergonomics)
[21.186s][info][gc,phases,start] GC(364) Marking Phase
[21.188s][info][gc,phases      ] GC(364) Marking Phase 1.597ms
[21.188s][info][gc,phases,start] GC(364) Summary Phase
[21.188s][info][gc,phases      ] GC(364) Summary Phase 0.018ms
[21.188s][info][gc,phases,start] GC(364) Adjust Roots
[21.188s][info][gc,phases      ] GC(364) Adjust Roots 0.356ms
[21.188s][info][gc,phases,start] GC(364) Compaction Phase
[21.225s][info][gc,phases      ] GC(364) Compaction Phase 36.399ms
[21.225s][info][gc,phases,start] GC(364) Post Compact
[21.228s][info][gc,phases      ] GC(364) Post Compact 3.774ms
[21.229s][info][gc,heap        ] GC(364) PSYoungGen: 76211K(268800K)->0K(268288K) Eden: 0K(187904K)->0K(187904K) From: 76211K(80896K)->0K(80384K)
[21.229s][info][gc,heap        ] GC(364) ParOldGen: 673265K(699392K)->200791K(699392K)
[21.229s][info][gc,metaspace   ] GC(364) Metaspace: 6592K(6848K)->6592K(6848K) NonClass: 6022K(6144K)->6022K(6144K) Class: 569K(704K)->569K(704K)
[21.229s][info][gc             ] GC(364) Pause Full (Ergonomics) 731M->196M(945M) 42.422ms
[21.229s][info][gc,cpu         ] GC(364) User=0.37s Sys=0.00s Real=0.05s
[21.249s][info][gc,start       ] GC(365) Pause Young (Allocation Failure)
[21.263s][info][gc,heap        ] GC(365) PSYoungGen: 187878K(268288K)->74611K(269312K) Eden: 187878K(187904K)->0K(188928K) From: 0K(80384K)->74611K(80384K)
[21.263s][info][gc,heap        ] GC(365) ParOldGen: 200791K(699392K)->200791K(699392K)
[21.263s][info][gc,metaspace   ] GC(365) Metaspace: 6592K(6848K)->6592K(6848K) NonClass: 6022K(6144K)->6022K(6144K) Class: 569K(704K)->569K(704K)
[21.263s][info][gc             ] GC(365) Pause Young (Allocation Failure) 379M->268M(946M) 13.735ms
[21.263s][info][gc,cpu         ] GC(365) User=0.13s Sys=0.00s Real=0.01s
[21.281s][info][gc,start       ] GC(366) Pause Young (Allocation Failure)
[21.302s][info][gc,heap        ] GC(366) PSYoungGen: 263484K(269312K)->76011K(268800K) Eden: 188872K(188928K)->0K(188928K) From: 74611K(80384K)->76011K(79872K)
[21.302s][info][gc,heap        ] GC(366) ParOldGen: 200791K(699392K)->245798K(699392K)
[21.302s][info][gc,metaspace   ] GC(366) Metaspace: 6592K(6848K)->6592K(6848K) NonClass: 6022K(6144K)->6022K(6144K) Class: 569K(704K)->569K(704K)
[21.302s][info][gc             ] GC(366) Pause Young (Allocation Failure) 453M->314M(945M) 21.816ms
[21.302s][info][gc,cpu         ] GC(366) User=0.21s Sys=0.00s Real=0.02s
[21.326s][info][gc,start       ] GC(367) Pause Young (Allocation Failure)
[21.350s][info][gc,heap        ] GC(367) PSYoungGen: 264932K(268800K)->73411K(269312K) Eden: 188921K(188928K)->0K(189440K) From: 76011K(79872K)->73411K(79872K)
[21.350s][info][gc,heap        ] GC(367) ParOldGen: 245798K(699392K)->293705K(699392K)
[21.350s][info][gc,metaspace   ] GC(367) Metaspace: 6592K(6848K)->6592K(6848K) NonClass: 6022K(6144K)->6022K(6144K) Class: 569K(704K)->569K(704K)
[21.350s][info][gc             ] GC(367) Pause Young (Allocation Failure) 498M->358M(946M) 23.364ms
[21.350s][info][gc,cpu         ] GC(367) User=0.22s Sys=0.00s Real=0.03s
[21.365s][info][gc,start       ] GC(368) Pause Young (Allocation Failure)
[21.388s][info][gc,heap        ] GC(368) PSYoungGen: 262757K(269312K)->76011K(269312K) Eden: 189346K(189440K)->0K(189440K) From: 73411K(79872K)->76011K(79872K)
[21.388s][info][gc,heap        ] GC(368) ParOldGen: 293705K(699392K)->339012K(699392K)
[21.388s][info][gc,metaspace   ] GC(368) Metaspace: 6592K(6848K)->6592K(6848K) NonClass: 6022K(6144K)->6022K(6144K) Class: 569K(704K)->569K(704K)
[21.388s][info][gc             ] GC(368) Pause Young (Allocation Failure) 543M->405M(946M) 22.399ms
[21.388s][info][gc,cpu         ] GC(368) User=0.22s Sys=0.00s Real=0.02s
[21.404s][info][gc,start       ] GC(369) Pause Young (Allocation Failure)
[21.426s][info][gc,heap        ] GC(369) PSYoungGen: 265439K(269312K)->73511K(269824K) Eden: 189427K(189440K)->0K(190464K) From: 76011K(79872K)->73511K(79360K)
[21.426s][info][gc,heap        ] GC(369) ParOldGen: 339012K(699392K)->387820K(699392K)
[21.426s][info][gc,metaspace   ] GC(369) Metaspace: 6592K(6848K)->6592K(6848K) NonClass: 6022K(6144K)->6022K(6144K) Class: 569K(704K)->569K(704K)
[21.426s][info][gc             ] GC(369) Pause Young (Allocation Failure) 590M->450M(946M) 22.807ms
[21.427s][info][gc,cpu         ] GC(369) User=0.22s Sys=0.00s Real=0.02s
[21.446s][info][gc,start       ] GC(370) Pause Young (Allocation Failure)
[21.469s][info][gc,heap        ] GC(370) PSYoungGen: 263906K(269824K)->74711K(269824K) Eden: 190394K(190464K)->0K(190464K) From: 73511K(79360K)->74711K(79360K)
[21.469s][info][gc,heap        ] GC(370) ParOldGen: 387820K(699392K)->433027K(699392K)
[21.469s][info][gc,metaspace   ] GC(370) Metaspace: 6592K(6848K)->6592K(6848K) NonClass: 6022K(6144K)->6022K(6144K) Class: 569K(704K)->569K(704K)
[21.469s][info][gc             ] GC(370) Pause Young (Allocation Failure) 636M->495M(946M) 22.303ms
[21.469s][info][gc,cpu         ] GC(370) User=0.21s Sys=0.00s Real=0.03s
[21.488s][info][gc,start       ] GC(371) Pause Young (Allocation Failure)
[21.511s][info][gc,heap        ] GC(371) PSYoungGen: 265129K(269824K)->72011K(269824K) Eden: 190417K(190464K)->0K(190464K) From: 74711K(79360K)->72011K(79360K)
[21.511s][info][gc,heap        ] GC(371) ParOldGen: 433027K(699392K)->481535K(699392K)
[21.511s][info][gc,metaspace   ] GC(371) Metaspace: 6592K(6848K)->6592K(6848K) NonClass: 6022K(6144K)->6022K(6144K) Class: 569K(704K)->569K(704K)
[21.511s][info][gc             ] GC(371) Pause Young (Allocation Failure) 681M->540M(946M) 22.911ms
[21.511s][info][gc,cpu         ] GC(371) User=0.22s Sys=0.00s Real=0.03s
[21.535s][info][gc,start       ] GC(372) Pause Young (Allocation Failure)
[21.558s][info][gc,heap        ] GC(372) PSYoungGen: 262378K(269824K)->74711K(269824K) Eden: 190367K(190464K)->0K(190464K) From: 72011K(79360K)->74711K(79360K)
[21.558s][info][gc,heap        ] GC(372) ParOldGen: 481535K(699392K)->528742K(699392K)
[21.558s][info][gc,metaspace   ] GC(372) Metaspace: 6592K(6848K)->6592K(6848K) NonClass: 6022K(6144K)->6022K(6144K) Class: 569K(704K)->569K(704K)
[21.558s][info][gc             ] GC(372) Pause Young (Allocation Failure) 726M->589M(946M) 23.000ms
[21.558s][info][gc,cpu         ] GC(372) User=0.22s Sys=0.00s Real=0.02s
[21.574s][info][gc,start       ] GC(373) Pause Young (Allocation Failure)
[21.599s][info][gc,heap        ] GC(373) PSYoungGen: 265115K(269824K)->75411K(270336K) Eden: 190403K(190464K)->0K(191488K) From: 74711K(79360K)->75411K(78848K)
[21.599s][info][gc,heap        ] GC(373) ParOldGen: 528742K(699392K)->573849K(699392K)
[21.599s][info][gc,metaspace   ] GC(373) Metaspace: 6592K(6848K)->6592K(6848K) NonClass: 6022K(6144K)->6022K(6144K) Class: 569K(704K)->569K(704K)
[21.599s][info][gc             ] GC(373) Pause Young (Allocation Failure) 775M->634M(947M) 25.244ms
[21.599s][info][gc,cpu         ] GC(373) User=0.24s Sys=0.00s Real=0.03s
[21.614s][info][gc,start       ] GC(374) Pause Young (Allocation Failure)
[21.639s][info][gc,heap        ] GC(374) PSYoungGen: 266857K(270336K)->77912K(269824K) Eden: 191445K(191488K)->0K(191488K) From: 75411K(78848K)->77912K(78336K)
[21.639s][info][gc,heap        ] GC(374) ParOldGen: 573849K(699392K)->619656K(699392K)
[21.639s][info][gc,metaspace   ] GC(374) Metaspace: 6592K(6848K)->6592K(6848K) NonClass: 6022K(6144K)->6022K(6144K) Class: 569K(704K)->569K(704K)
[21.639s][info][gc             ] GC(374) Pause Young (Allocation Failure) 821M->681M(946M) 24.752ms
[21.639s][info][gc,cpu         ] GC(374) User=0.24s Sys=0.00s Real=0.03s
[21.657s][info][gc,start       ] GC(375) Pause Young (Allocation Failure)
[21.680s][info][gc,heap        ] GC(375) PSYoungGen: 269325K(269824K)->77112K(268800K) Eden: 191413K(191488K)->0K(189440K) From: 77912K(78336K)->77112K(79360K)
[21.680s][info][gc,heap        ] GC(375) ParOldGen: 619656K(699392K)->667464K(699392K)
[21.680s][info][gc,metaspace   ] GC(375) Metaspace: 6592K(6848K)->6592K(6848K) NonClass: 6022K(6144K)->6022K(6144K) Class: 569K(704K)->569K(704K)
[21.680s][info][gc             ] GC(375) Pause Young (Allocation Failure) 868M->727M(945M) 23.733ms
[21.680s][info][gc,cpu         ] GC(375) User=0.23s Sys=0.00s Real=0.03s
[21.680s][info][gc,start       ] GC(376) Pause Full (Ergonomics)
[21.680s][info][gc,phases,start] GC(376) Marking Phase
[21.682s][info][gc,phases      ] GC(376) Marking Phase 1.798ms
[21.682s][info][gc,phases,start] GC(376) Summary Phase
[21.682s][info][gc,phases      ] GC(376) Summary Phase 0.018ms
[21.682s][info][gc,phases,start] GC(376) Adjust Roots
[21.682s][info][gc,phases      ] GC(376) Adjust Roots 0.333ms
[21.682s][info][gc,phases,start] GC(376) Compaction Phase
[21.717s][info][gc,phases      ] GC(376) Compaction Phase 34.551ms
[21.717s][info][gc,phases,start] GC(376) Post Compact
[21.720s][info][gc,phases      ] GC(376) Post Compact 2.482ms
[21.720s][info][gc,heap        ] GC(376) PSYoungGen: 77112K(268800K)->0K(269312K) Eden: 0K(189440K)->0K(189440K) From: 77112K(79360K)->0K(79872K)
[21.720s][info][gc,heap        ] GC(376) ParOldGen: 667464K(699392K)->200791K(699392K)
[21.720s][info][gc,metaspace   ] GC(376) Metaspace: 6592K(6848K)->6592K(6848K) NonClass: 6022K(6144K)->6022K(6144K) Class: 569K(704K)->569K(704K)
[21.720s][info][gc             ] GC(376) Pause Full (Ergonomics) 727M->196M(946M) 39.446ms
[21.720s][info][gc,cpu         ] GC(376) User=0.35s Sys=0.00s Real=0.04s
[21.743s][info][gc,start       ] GC(377) Pause Young (Allocation Failure)
[21.757s][info][gc,heap        ] GC(377) PSYoungGen: 189432K(269312K)->75411K(269824K) Eden: 189432K(189440K)->0K(189952K) From: 0K(79872K)->75411K(79872K)
[21.757s][info][gc,heap        ] GC(377) ParOldGen: 200791K(699392K)->200791K(699392K)
[21.757s][info][gc,metaspace   ] GC(377) Metaspace: 6592K(6848K)->6592K(6848K) NonClass: 6022K(6144K)->6022K(6144K) Class: 569K(704K)->569K(704K)
[21.757s][info][gc             ] GC(377) Pause Young (Allocation Failure) 381M->269M(946M) 14.283ms
[21.758s][info][gc,cpu         ] GC(377) User=0.14s Sys=0.00s Real=0.01s
[21.772s][info][gc,start       ] GC(378) Pause Young (Allocation Failure)
[21.795s][info][gc,heap        ] GC(378) PSYoungGen: 265313K(269824K)->76812K(269312K) Eden: 189902K(189952K)->0K(189952K) From: 75411K(79872K)->76812K(79360K)
[21.795s][info][gc,heap        ] GC(378) ParOldGen: 200791K(699392K)->246698K(699392K)
[21.795s][info][gc,metaspace   ] GC(378) Metaspace: 6592K(6848K)->6592K(6848K) NonClass: 6022K(6144K)->6022K(6144K) Class: 569K(704K)->569K(704K)
[21.795s][info][gc             ] GC(378) Pause Young (Allocation Failure) 455M->315M(946M) 22.792ms
[21.795s][info][gc,cpu         ] GC(378) User=0.22s Sys=0.00s Real=0.02s
[21.819s][info][gc,start       ] GC(379) Pause Young (Allocation Failure)
[21.842s][info][gc,heap        ] GC(379) PSYoungGen: 266741K(269312K)->76611K(269824K) Eden: 189929K(189952K)->0K(190464K) From: 76812K(79360K)->76611K(79360K)
[21.842s][info][gc,heap        ] GC(379) ParOldGen: 246698K(699392K)->292605K(699392K)
[21.842s][info][gc,metaspace   ] GC(379) Metaspace: 6592K(6848K)->6592K(6848K) NonClass: 6022K(6144K)->6022K(6144K) Class: 569K(704K)->569K(704K)
[21.842s][info][gc             ] GC(379) Pause Young (Allocation Failure) 501M->360M(946M) 23.087ms
[21.842s][info][gc,cpu         ] GC(379) User=0.22s Sys=0.00s Real=0.02s
[21.858s][info][gc,start       ] GC(380) Pause Young (Allocation Failure)
[21.882s][info][gc,heap        ] GC(380) PSYoungGen: 266993K(269824K)->74911K(269824K) Eden: 190381K(190464K)->0K(190464K) From: 76611K(79360K)->74911K(79360K)
[21.882s][info][gc,heap        ] GC(380) ParOldGen: 292605K(699392K)->341413K(699392K)
[21.882s][info][gc,metaspace   ] GC(380) Metaspace: 6592K(6848K)->6592K(6848K) NonClass: 6022K(6144K)->6022K(6144K) Class: 569K(704K)->569K(704K)
[21.882s][info][gc             ] GC(380) Pause Young (Allocation Failure) 546M->406M(946M) 23.538ms
[21.882s][info][gc,cpu         ] GC(380) User=0.23s Sys=0.00s Real=0.02s
[21.896s][info][gc,start       ] GC(381) Pause Young (Allocation Failure)
[21.919s][info][gc,heap        ] GC(381) PSYoungGen: 265294K(269824K)->76812K(269824K) Eden: 190383K(190464K)->0K(190464K) From: 74911K(79360K)->76812K(79360K)
[21.919s][info][gc,heap        ] GC(381) ParOldGen: 341413K(699392K)->386420K(699392K)
[21.919s][info][gc,metaspace   ] GC(381) Metaspace: 6592K(6848K)->6592K(6848K) NonClass: 6022K(6144K)->6022K(6144K) Class: 569K(704K)->569K(704K)
[21.919s][info][gc             ] GC(381) Pause Young (Allocation Failure) 592M->452M(946M) 22.640ms
[21.919s][info][gc,cpu         ] GC(381) User=0.21s Sys=0.00s Real=0.03s
[21.935s][info][gc,start       ] GC(382) Pause Young (Allocation Failure)
[21.958s][info][gc,heap        ] GC(382) PSYoungGen: 267235K(269824K)->78712K(269312K) Eden: 190423K(190464K)->0K(190464K) From: 76812K(79360K)->78712K(78848K)
[21.958s][info][gc,heap        ] GC(382) ParOldGen: 386420K(699392K)->432927K(699392K)
[21.958s][info][gc,metaspace   ] GC(382) Metaspace: 6592K(6848K)->6592K(6848K) NonClass: 6022K(6144K)->6022K(6144K) Class: 569K(704K)->569K(704K)
[21.958s][info][gc             ] GC(382) Pause Young (Allocation Failure) 638M->499M(946M) 23.350ms
[21.958s][info][gc,cpu         ] GC(382) User=0.23s Sys=0.00s Real=0.02s
[21.978s][info][gc,start       ] GC(383) Pause Young (Allocation Failure)
[22.001s][info][gc,heap        ] GC(383) PSYoungGen: 269126K(269312K)->76511K(269312K) Eden: 190413K(190464K)->0K(189440K) From: 78712K(78848K)->76511K(79872K)
[22.001s][info][gc,heap        ] GC(383) ParOldGen: 432927K(699392K)->480034K(699392K)
[22.001s][info][gc,metaspace   ] GC(383) Metaspace: 6592K(6848K)->6592K(6848K) NonClass: 6022K(6144K)->6022K(6144K) Class: 569K(704K)->569K(704K)
[22.001s][info][gc             ] GC(383) Pause Young (Allocation Failure) 685M->543M(946M) 23.449ms
[22.001s][info][gc,cpu         ] GC(383) User=0.23s Sys=0.00s Real=0.03s
[22.015s][info][gc,start       ] GC(384) Pause Young (Allocation Failure)
[22.038s][info][gc,heap        ] GC(384) PSYoungGen: 265926K(269312K)->76311K(269312K) Eden: 189414K(189440K)->0K(189440K) From: 76511K(79872K)->76311K(79872K)
[22.038s][info][gc,heap        ] GC(384) ParOldGen: 480034K(699392K)->528742K(699392K)
[22.038s][info][gc,metaspace   ] GC(384) Metaspace: 6592K(6848K)->6592K(6848K) NonClass: 6022K(6144K)->6022K(6144K) Class: 569K(704K)->569K(704K)
[22.038s][info][gc             ] GC(384) Pause Young (Allocation Failure) 728M->590M(946M) 23.554ms
[22.038s][info][gc,cpu         ] GC(384) User=0.23s Sys=0.00s Real=0.03s
[22.054s][info][gc,start       ] GC(385) Pause Young (Allocation Failure)
[22.077s][info][gc,heap        ] GC(385) PSYoungGen: 265719K(269312K)->73011K(269312K) Eden: 189407K(189440K)->0K(189440K) From: 76311K(79872K)->73011K(79872K)
[22.077s][info][gc,heap        ] GC(385) ParOldGen: 528742K(699392K)->578550K(699392K)
[22.077s][info][gc,metaspace   ] GC(385) Metaspace: 6592K(6848K)->6592K(6848K) NonClass: 6022K(6144K)->6022K(6144K) Class: 569K(704K)->569K(704K)
[22.077s][info][gc             ] GC(385) Pause Young (Allocation Failure) 775M->636M(946M) 22.672ms
[22.077s][info][gc,cpu         ] GC(385) User=0.22s Sys=0.00s Real=0.02s
[22.100s][info][gc,start       ] GC(386) Pause Young (Allocation Failure)
[22.124s][info][gc,heap        ] GC(386) PSYoungGen: 262375K(269312K)->72311K(269312K) Eden: 189364K(189440K)->0K(189440K) From: 73011K(79872K)->72311K(79872K)
[22.124s][info][gc,heap        ] GC(386) ParOldGen: 578550K(699392K)->624157K(699392K)
[22.124s][info][gc,metaspace   ] GC(386) Metaspace: 6592K(6848K)->6592K(6848K) NonClass: 6022K(6144K)->6022K(6144K) Class: 569K(704K)->569K(704K)
[22.124s][info][gc             ] GC(386) Pause Young (Allocation Failure) 821M->680M(946M) 23.277ms
[22.124s][info][gc,cpu         ] GC(386) User=0.23s Sys=0.00s Real=0.02s
[22.140s][info][gc,start       ] GC(387) Pause Young (Allocation Failure)
[22.164s][info][gc,heap        ] GC(387) PSYoungGen: 261719K(269312K)->76211K(269312K) Eden: 189408K(189440K)->0K(189440K) From: 72311K(79872K)->76211K(79872K)
[22.164s][info][gc,heap        ] GC(387) ParOldGen: 624157K(699392K)->670064K(699392K)
[22.164s][info][gc,metaspace   ] GC(387) Metaspace: 6592K(6848K)->6592K(6848K) NonClass: 6022K(6144K)->6022K(6144K) Class: 569K(704K)->569K(704K)
[22.164s][info][gc             ] GC(387) Pause Young (Allocation Failure) 865M->728M(946M) 23.909ms
[22.164s][info][gc,cpu         ] GC(387) User=0.23s Sys=0.00s Real=0.02s
[22.164s][info][gc,start       ] GC(388) Pause Full (Ergonomics)
[22.164s][info][gc,phases,start] GC(388) Marking Phase
[22.166s][info][gc,phases      ] GC(388) Marking Phase 1.532ms
[22.166s][info][gc,phases,start] GC(388) Summary Phase
[22.166s][info][gc,phases      ] GC(388) Summary Phase 0.018ms
[22.166s][info][gc,phases,start] GC(388) Adjust Roots
[22.166s][info][gc,phases      ] GC(388) Adjust Roots 0.339ms
[22.166s][info][gc,phases,start] GC(388) Compaction Phase
[22.202s][info][gc,phases      ] GC(388) Compaction Phase 36.136ms
[22.202s][info][gc,phases,start] GC(388) Post Compact
[22.204s][info][gc,phases      ] GC(388) Post Compact 1.453ms
[22.204s][info][gc,heap        ] GC(388) PSYoungGen: 76211K(269312K)->0K(269312K) Eden: 0K(189440K)->0K(189440K) From: 76211K(79872K)->0K(79872K)
[22.204s][info][gc,heap        ] GC(388) ParOldGen: 670064K(699392K)->200791K(699392K)
[22.204s][info][gc,metaspace   ] GC(388) Metaspace: 6592K(6848K)->6592K(6848K) NonClass: 6022K(6144K)->6022K(6144K) Class: 569K(704K)->569K(704K)
[22.204s][info][gc             ] GC(388) Pause Full (Ergonomics) 728M->196M(946M) 39.661ms
[22.204s][info][gc,cpu         ] GC(388) User=0.37s Sys=0.00s Real=0.04s
[22.229s][info][gc,start       ] GC(389) Pause Young (Allocation Failure)
[22.243s][info][gc,heap        ] GC(389) PSYoungGen: 189342K(269312K)->75211K(269824K) Eden: 189342K(189440K)->0K(189952K) From: 0K(79872K)->75211K(79872K)
[22.243s][info][gc,heap        ] GC(389) ParOldGen: 200791K(699392K)->200791K(699392K)
[22.243s][info][gc,metaspace   ] GC(389) Metaspace: 6592K(6848K)->6592K(6848K) NonClass: 6022K(6144K)->6022K(6144K) Class: 569K(704K)->569K(704K)
[22.243s][info][gc             ] GC(389) Pause Young (Allocation Failure) 380M->269M(946M) 14.508ms
[22.243s][info][gc,cpu         ] GC(389) User=0.14s Sys=0.00s Real=0.01s
[22.263s][info][gc,start       ] GC(390) Pause Young (Allocation Failure)
[22.285s][info][gc,heap        ] GC(390) PSYoungGen: 265079K(269824K)->73311K(269312K) Eden: 189867K(189952K)->0K(189952K) From: 75211K(79872K)->73311K(79360K)
[22.285s][info][gc,heap        ] GC(390) ParOldGen: 200791K(699392K)->246598K(699392K)
[22.285s][info][gc,metaspace   ] GC(390) Metaspace: 6592K(6848K)->6592K(6848K) NonClass: 6022K(6144K)->6022K(6144K) Class: 569K(704K)->569K(704K)
[22.286s][info][gc             ] GC(390) Pause Young (Allocation Failure) 454M->312M(946M) 22.426ms
[22.286s][info][gc,cpu         ] GC(390) User=0.21s Sys=0.00s Real=0.02s
[22.301s][info][gc,start       ] GC(391) Pause Young (Allocation Failure)
[22.324s][info][gc,heap        ] GC(391) PSYoungGen: 263259K(269312K)->78812K(267776K) Eden: 189948K(189952K)->0K(188416K) From: 73311K(79360K)->78812K(79360K)
[22.324s][info][gc,heap        ] GC(391) ParOldGen: 246598K(699392K)->290705K(699392K)
[22.324s][info][gc,metaspace   ] GC(391) Metaspace: 6592K(6848K)->6592K(6848K) NonClass: 6022K(6144K)->6022K(6144K) Class: 569K(704K)->569K(704K)
[22.324s][info][gc             ] GC(391) Pause Young (Allocation Failure) 497M->360M(944M) 23.533ms
[22.324s][info][gc,cpu         ] GC(391) User=0.23s Sys=0.00s Real=0.02s
[22.350s][info][gc,start       ] GC(392) Pause Young (Allocation Failure)
[22.373s][info][gc,heap        ] GC(392) PSYoungGen: 267168K(267776K)->75811K(268800K) Eden: 188356K(188416K)->0K(188416K) From: 78812K(79360K)->75811K(80384K)
[22.373s][info][gc,heap        ] GC(392) ParOldGen: 290705K(699392K)->337312K(699392K)
[22.373s][info][gc,metaspace   ] GC(392) Metaspace: 6592K(6848K)->6592K(6848K) NonClass: 6022K(6144K)->6022K(6144K) Class: 569K(704K)->569K(704K)
[22.373s][info][gc             ] GC(392) Pause Young (Allocation Failure) 544M->403M(945M) 22.898ms
[22.373s][info][gc,cpu         ] GC(392) User=0.22s Sys=0.00s Real=0.02s
[22.395s][info][gc,start       ] GC(393) Pause Young (Allocation Failure)
[22.417s][info][gc,heap        ] GC(393) PSYoungGen: 264227K(268800K)->69710K(267264K) Eden: 188416K(188416K)->0K(187392K) From: 75811K(80384K)->69710K(79872K)
[22.417s][info][gc,heap        ] GC(393) ParOldGen: 337312K(699392K)->387520K(699392K)
[22.417s][info][gc,metaspace   ] GC(393) Metaspace: 6592K(6848K)->6592K(6848K) NonClass: 6022K(6144K)->6022K(6144K) Class: 569K(704K)->569K(704K)
[22.417s][info][gc             ] GC(393) Pause Young (Allocation Failure) 587M->446M(944M) 21.830ms
[22.417s][info][gc,cpu         ] GC(393) User=0.21s Sys=0.00s Real=0.02s
[22.433s][info][gc,start       ] GC(394) Pause Young (Allocation Failure)
[22.454s][info][gc,heap        ] GC(394) PSYoungGen: 257078K(267264K)->72811K(268288K) Eden: 187367K(187392K)->0K(187392K) From: 69710K(79872K)->72811K(80896K)
[22.454s][info][gc,heap        ] GC(394) ParOldGen: 387520K(699392K)->431427K(699392K)
[22.454s][info][gc,metaspace   ] GC(394) Metaspace: 6592K(6848K)->6592K(6848K) NonClass: 6022K(6144K)->6022K(6144K) Class: 569K(704K)->569K(704K)
[22.454s][info][gc             ] GC(394) Pause Young (Allocation Failure) 629M->492M(945M) 21.127ms
[22.454s][info][gc,cpu         ] GC(394) User=0.20s Sys=0.00s Real=0.02s
[22.476s][info][gc,start       ] GC(395) Pause Young (Allocation Failure)
[22.499s][info][gc,heap        ] GC(395) PSYoungGen: 260203K(268288K)->76111K(268800K) Eden: 187392K(187392K)->0K(188416K) From: 72811K(80896K)->76111K(80384K)
[22.499s][info][gc,heap        ] GC(395) ParOldGen: 431427K(699392K)->476334K(699392K)
[22.499s][info][gc,metaspace   ] GC(395) Metaspace: 6592K(6848K)->6592K(6848K) NonClass: 6022K(6144K)->6022K(6144K) Class: 569K(704K)->569K(704K)
[22.499s][info][gc             ] GC(395) Pause Young (Allocation Failure) 675M->539M(945M) 23.361ms
[22.499s][info][gc,cpu         ] GC(395) User=0.22s Sys=0.00s Real=0.03s
[22.523s][info][gc,start       ] GC(396) Pause Young (Allocation Failure)
[22.546s][info][gc,heap        ] GC(396) PSYoungGen: 264527K(268800K)->74311K(268800K) Eden: 188416K(188416K)->0K(188416K) From: 76111K(80384K)->74311K(80384K)
[22.546s][info][gc,heap        ] GC(396) ParOldGen: 476334K(699392K)->526542K(699392K)
[22.546s][info][gc,metaspace   ] GC(396) Metaspace: 6592K(6848K)->6592K(6848K) NonClass: 6022K(6144K)->6022K(6144K) Class: 569K(704K)->569K(704K)
[22.546s][info][gc             ] GC(396) Pause Young (Allocation Failure) 723M->586M(945M) 23.210ms
[22.546s][info][gc,cpu         ] GC(396) User=0.23s Sys=0.00s Real=0.02s
[22.568s][info][gc,start       ] GC(397) Pause Young (Allocation Failure)
[22.591s][info][gc,heap        ] GC(397) PSYoungGen: 262720K(268800K)->71911K(269312K) Eden: 188409K(188416K)->0K(189440K) From: 74311K(80384K)->71911K(79872K)
[22.591s][info][gc,heap        ] GC(397) ParOldGen: 526542K(699392K)->575049K(699392K)
[22.591s][info][gc,metaspace   ] GC(397) Metaspace: 6592K(6848K)->6592K(6848K) NonClass: 6022K(6144K)->6022K(6144K) Class: 569K(704K)->569K(704K)
[22.591s][info][gc             ] GC(397) Pause Young (Allocation Failure) 770M->631M(946M) 23.115ms
[22.591s][info][gc,cpu         ] GC(397) User=0.22s Sys=0.00s Real=0.03s
[22.614s][info][gc,start       ] GC(398) Pause Young (Allocation Failure)
[22.638s][info][gc,heap        ] GC(398) PSYoungGen: 261339K(269312K)->75311K(269312K) Eden: 189427K(189440K)->0K(189440K) From: 71911K(79872K)->75311K(79872K)
[22.638s][info][gc,heap        ] GC(398) ParOldGen: 575049K(699392K)->620756K(699392K)
[22.638s][info][gc,metaspace   ] GC(398) Metaspace: 6592K(6848K)->6592K(6848K) NonClass: 6022K(6144K)->6022K(6144K) Class: 569K(704K)->569K(704K)
[22.638s][info][gc             ] GC(398) Pause Young (Allocation Failure) 816M->679M(946M) 23.483ms
[22.638s][info][gc,cpu         ] GC(398) User=0.23s Sys=0.00s Real=0.02s
[22.658s][info][gc,start       ] GC(399) Pause Young (Allocation Failure)
[22.681s][info][gc,heap        ] GC(399) PSYoungGen: 264674K(269312K)->75711K(269312K) Eden: 189362K(189440K)->0K(189440K) From: 75311K(79872K)->75711K(79872K)
[22.681s][info][gc,heap        ] GC(399) ParOldGen: 620756K(699392K)->666664K(699392K)
[22.681s][info][gc,metaspace   ] GC(399) Metaspace: 6592K(6848K)->6592K(6848K) NonClass: 6022K(6144K)->6022K(6144K) Class: 569K(704K)->569K(704K)
[22.681s][info][gc             ] GC(399) Pause Young (Allocation Failure) 864M->724M(946M) 23.459ms
[22.681s][info][gc,cpu         ] GC(399) User=0.22s Sys=0.00s Real=0.03s
[22.681s][info][gc,start       ] GC(400) Pause Full (Ergonomics)
[22.681s][info][gc,phases,start] GC(400) Marking Phase
[22.683s][info][gc,phases      ] GC(400) Marking Phase 1.489ms
[22.683s][info][gc,phases,start] GC(400) Summary Phase
[22.683s][info][gc,phases      ] GC(400) Summary Phase 0.026ms
[22.683s][info][gc,phases,start] GC(400) Adjust Roots
[22.683s][info][gc,phases      ] GC(400) Adjust Roots 0.331ms
[22.683s][info][gc,phases,start] GC(400) Compaction Phase
[22.718s][info][gc,phases      ] GC(400) Compaction Phase 35.245ms
[22.718s][info][gc,phases,start] GC(400) Post Compact
[22.720s][info][gc,phases      ] GC(400) Post Compact 1.914ms
[22.720s][info][gc,heap        ] GC(400) PSYoungGen: 75711K(269312K)->0K(269312K) Eden: 0K(189440K)->0K(189440K) From: 75711K(79872K)->0K(79872K)
[22.720s][info][gc,heap        ] GC(400) ParOldGen: 666664K(699392K)->200791K(699392K)
[22.720s][info][gc,metaspace   ] GC(400) Metaspace: 6592K(6848K)->6592K(6848K) NonClass: 6022K(6144K)->6022K(6144K) Class: 569K(704K)->569K(704K)
[22.720s][info][gc             ] GC(400) Pause Full (Ergonomics) 724M->196M(946M) 39.189ms
[22.720s][info][gc,cpu         ] GC(400) User=0.36s Sys=0.00s Real=0.04s
[22.739s][info][gc,start       ] GC(401) Pause Young (Allocation Failure)
[22.753s][info][gc,heap        ] GC(401) PSYoungGen: 189361K(269312K)->77212K(268288K) Eden: 189361K(189440K)->0K(188416K) From: 0K(79872K)->77212K(79872K)
[22.753s][info][gc,heap        ] GC(401) ParOldGen: 200791K(699392K)->200791K(699392K)
[22.753s][info][gc,metaspace   ] GC(401) Metaspace: 6592K(6848K)->6592K(6848K) NonClass: 6022K(6144K)->6022K(6144K) Class: 569K(704K)->569K(704K)
[22.753s][info][gc             ] GC(401) Pause Young (Allocation Failure) 381M->271M(945M) 14.740ms
[22.753s][info][gc,cpu         ] GC(401) User=0.14s Sys=0.00s Real=0.01s
[22.772s][info][gc,start       ] GC(402) Pause Young (Allocation Failure)
[22.795s][info][gc,heap        ] GC(402) PSYoungGen: 265608K(268288K)->75811K(268800K) Eden: 188396K(188416K)->0K(188416K) From: 77212K(79872K)->75811K(80384K)
[22.795s][info][gc,heap        ] GC(402) ParOldGen: 200791K(699392K)->249598K(699392K)
[22.795s][info][gc,metaspace   ] GC(402) Metaspace: 6592K(6848K)->6592K(6848K) NonClass: 6022K(6144K)->6022K(6144K) Class: 569K(704K)->569K(704K)
[22.795s][info][gc             ] GC(402) Pause Young (Allocation Failure) 455M->317M(945M) 22.979ms
[22.795s][info][gc,cpu         ] GC(402) User=0.22s Sys=0.00s Real=0.02s
[22.822s][info][gc,start       ] GC(403) Pause Young (Allocation Failure)
[22.847s][info][gc,heap        ] GC(403) PSYoungGen: 264227K(268800K)->73411K(269312K) Eden: 188416K(188416K)->0K(189440K) From: 75811K(80384K)->73411K(79872K)
[22.847s][info][gc,heap        ] GC(403) ParOldGen: 249598K(699392K)->297306K(699392K)
[22.847s][info][gc,metaspace   ] GC(403) Metaspace: 6592K(6848K)->6592K(6848K) NonClass: 6022K(6144K)->6022K(6144K) Class: 569K(704K)->569K(704K)
[22.847s][info][gc             ] GC(403) Pause Young (Allocation Failure) 501M->362M(946M) 24.372ms
[22.847s][info][gc,cpu         ] GC(403) User=0.23s Sys=0.00s Real=0.02s
[22.875s][info][gc,start       ] GC(404) Pause Young (Allocation Failure)
[22.897s][info][gc,heap        ] GC(404) PSYoungGen: 262851K(269312K)->75411K(269312K) Eden: 189440K(189440K)->0K(189440K) From: 73411K(79872K)->75411K(79872K)
[22.898s][info][gc,heap        ] GC(404) ParOldGen: 297306K(699392K)->342313K(699392K)
[22.898s][info][gc,metaspace   ] GC(404) Metaspace: 6592K(6848K)->6592K(6848K) NonClass: 6022K(6144K)->6022K(6144K) Class: 569K(704K)->569K(704K)
[22.898s][info][gc             ] GC(404) Pause Young (Allocation Failure) 547M->407M(946M) 22.882ms
[22.898s][info][gc,cpu         ] GC(404) User=0.22s Sys=0.00s Real=0.02s
[22.917s][info][gc,start       ] GC(405) Pause Young (Allocation Failure)
[22.940s][info][gc,heap        ] GC(405) PSYoungGen: 264805K(269312K)->78012K(267776K) Eden: 189393K(189440K)->0K(188416K) From: 75411K(79872K)->78012K(79360K)
[22.940s][info][gc,heap        ] GC(405) ParOldGen: 342313K(699392K)->386420K(699392K)
[22.940s][info][gc,metaspace   ] GC(405) Metaspace: 6592K(6848K)->6592K(6848K) NonClass: 6022K(6144K)->6022K(6144K) Class: 569K(704K)->569K(704K)
[22.940s][info][gc             ] GC(405) Pause Young (Allocation Failure) 592M->453M(944M) 23.342ms
[22.940s][info][gc,cpu         ] GC(405) User=0.22s Sys=0.00s Real=0.03s
[22.966s][info][gc,start       ] GC(406) Pause Young (Allocation Failure)
[22.990s][info][gc,heap        ] GC(406) PSYoungGen: 266428K(267776K)->75311K(268800K) Eden: 188416K(188416K)->0K(188416K) From: 78012K(79360K)->75311K(80384K)
[22.990s][info][gc,heap        ] GC(406) ParOldGen: 386420K(699392K)->435427K(699392K)
[22.990s][info][gc,metaspace   ] GC(406) Metaspace: 6592K(6848K)->6592K(6848K) NonClass: 6022K(6144K)->6022K(6144K) Class: 569K(704K)->569K(704K)
[22.990s][info][gc             ] GC(406) Pause Young (Allocation Failure) 637M->498M(945M) 24.149ms
[22.990s][info][gc,cpu         ] GC(406) User=0.23s Sys=0.00s Real=0.03s
[23.006s][info][gc,start       ] GC(407) Pause Young (Allocation Failure)
[23.028s][info][gc,heap        ] GC(407) PSYoungGen: 263696K(268800K)->71911K(269312K) Eden: 188385K(188416K)->0K(189440K) From: 75311K(80384K)->71911K(79872K)
[23.028s][info][gc,heap        ] GC(407) ParOldGen: 435427K(699392K)->484135K(699392K)
[23.028s][info][gc,metaspace   ] GC(407) Metaspace: 6592K(6848K)->6592K(6848K) NonClass: 6022K(6144K)->6022K(6144K) Class: 569K(704K)->569K(704K)
[23.028s][info][gc             ] GC(407) Pause Young (Allocation Failure) 682M->543M(946M) 22.928ms
[23.028s][info][gc,cpu         ] GC(407) User=0.22s Sys=0.00s Real=0.03s
[23.042s][info][gc,start       ] GC(408) Pause Young (Allocation Failure)
[23.065s][info][gc,heap        ] GC(408) PSYoungGen: 261312K(269312K)->75611K(269312K) Eden: 189401K(189440K)->0K(189440K) From: 71911K(79872K)->75611K(79872K)
[23.065s][info][gc,heap        ] GC(408) ParOldGen: 484135K(699392K)->528042K(699392K)
[23.065s][info][gc,metaspace   ] GC(408) Metaspace: 6592K(6848K)->6592K(6848K) NonClass: 6022K(6144K)->6022K(6144K) Class: 569K(704K)->569K(704K)
[23.065s][info][gc             ] GC(408) Pause Young (Allocation Failure) 727M->589M(946M) 22.938ms
[23.065s][info][gc,cpu         ] GC(408) User=0.22s Sys=0.00s Real=0.02s
[23.086s][info][gc,start       ] GC(409) Pause Young (Allocation Failure)
[23.110s][info][gc,heap        ] GC(409) PSYoungGen: 265016K(269312K)->72911K(269824K) Eden: 189404K(189440K)->0K(189952K) From: 75611K(79872K)->72911K(79872K)
[23.110s][info][gc,heap        ] GC(409) ParOldGen: 528042K(699392K)->576450K(699392K)
[23.110s][info][gc,metaspace   ] GC(409) Metaspace: 6592K(6848K)->6592K(6848K) NonClass: 6022K(6144K)->6022K(6144K) Class: 569K(704K)->569K(704K)
[23.110s][info][gc             ] GC(409) Pause Young (Allocation Failure) 774M->634M(946M) 23.940ms
[23.110s][info][gc,cpu         ] GC(409) User=0.23s Sys=0.00s Real=0.03s
[23.136s][info][gc,start       ] GC(410) Pause Young (Allocation Failure)
[23.159s][info][gc,heap        ] GC(410) PSYoungGen: 262813K(269824K)->76912K(269312K) Eden: 189901K(189952K)->0K(189952K) From: 72911K(79872K)->76912K(79360K)
[23.159s][info][gc,heap        ] GC(410) ParOldGen: 576450K(699392K)->622057K(699392K)
[23.159s][info][gc,metaspace   ] GC(410) Metaspace: 6592K(6848K)->6592K(6848K) NonClass: 6022K(6144K)->6022K(6144K) Class: 569K(704K)->569K(704K)
[23.159s][info][gc             ] GC(410) Pause Young (Allocation Failure) 819M->682M(946M) 23.773ms
[23.160s][info][gc,cpu         ] GC(410) User=0.23s Sys=0.00s Real=0.03s
[23.181s][info][gc,start       ] GC(411) Pause Young (Allocation Failure)
[23.204s][info][gc,heap        ] GC(411) PSYoungGen: 266773K(269312K)->72211K(269312K) Eden: 189861K(189952K)->0K(189440K) From: 76912K(79360K)->72211K(79872K)
[23.204s][info][gc,heap        ] GC(411) ParOldGen: 622057K(699392K)->671464K(699392K)
[23.204s][info][gc,metaspace   ] GC(411) Metaspace: 6592K(6848K)->6592K(6848K) NonClass: 6022K(6144K)->6022K(6144K) Class: 569K(704K)->569K(704K)
[23.204s][info][gc             ] GC(411) Pause Young (Allocation Failure) 867M->726M(946M) 23.075ms
[23.204s][info][gc,cpu         ] GC(411) User=0.22s Sys=0.00s Real=0.02s
[23.204s][info][gc,start       ] GC(412) Pause Full (Ergonomics)
[23.204s][info][gc,phases,start] GC(412) Marking Phase
[23.206s][info][gc,phases      ] GC(412) Marking Phase 1.797ms
[23.206s][info][gc,phases,start] GC(412) Summary Phase
[23.206s][info][gc,phases      ] GC(412) Summary Phase 0.018ms
[23.206s][info][gc,phases,start] GC(412) Adjust Roots
[23.206s][info][gc,phases      ] GC(412) Adjust Roots 0.334ms
[23.206s][info][gc,phases,start] GC(412) Compaction Phase
[23.241s][info][gc,phases      ] GC(412) Compaction Phase 35.032ms
[23.241s][info][gc,phases,start] GC(412) Post Compact
[23.244s][info][gc,phases      ] GC(412) Post Compact 2.465ms
[23.244s][info][gc,heap        ] GC(412) PSYoungGen: 72211K(269312K)->0K(269312K) Eden: 0K(189440K)->0K(189440K) From: 72211K(79872K)->0K(79872K)
[23.244s][info][gc,heap        ] GC(412) ParOldGen: 671464K(699392K)->200791K(699392K)
[23.244s][info][gc,metaspace   ] GC(412) Metaspace: 6592K(6848K)->6592K(6848K) NonClass: 6022K(6144K)->6022K(6144K) Class: 569K(704K)->569K(704K)
[23.244s][info][gc             ] GC(412) Pause Full (Ergonomics) 726M->196M(946M) 39.844ms
[23.244s][info][gc,cpu         ] GC(412) User=0.35s Sys=0.00s Real=0.04s
[23.265s][info][gc,start       ] GC(413) Pause Young (Allocation Failure)
[23.279s][info][gc,heap        ] GC(413) PSYoungGen: 189440K(269312K)->75811K(269312K) Eden: 189440K(189440K)->0K(189440K) From: 0K(79872K)->75811K(79872K)
[23.279s][info][gc,heap        ] GC(413) ParOldGen: 200791K(699392K)->200791K(699392K)
[23.279s][info][gc,metaspace   ] GC(413) Metaspace: 6592K(6848K)->6592K(6848K) NonClass: 6022K(6144K)->6022K(6144K) Class: 569K(704K)->569K(704K)
[23.279s][info][gc             ] GC(413) Pause Young (Allocation Failure) 381M->270M(946M) 14.241ms
[23.279s][info][gc,cpu         ] GC(413) User=0.14s Sys=0.00s Real=0.02s
[23.302s][info][gc,start       ] GC(414) Pause Young (Allocation Failure)
[23.325s][info][gc,heap        ] GC(414) PSYoungGen: 265228K(269312K)->73911K(269312K) Eden: 189416K(189440K)->0K(189440K) From: 75811K(79872K)->73911K(79872K)
[23.325s][info][gc,heap        ] GC(414) ParOldGen: 200791K(699392K)->248298K(699392K)
[23.325s][info][gc,metaspace   ] GC(414) Metaspace: 6592K(6848K)->6592K(6848K) NonClass: 6022K(6144K)->6022K(6144K) Class: 569K(704K)->569K(704K)
[23.325s][info][gc             ] GC(414) Pause Young (Allocation Failure) 455M->314M(946M) 22.817ms
[23.325s][info][gc,cpu         ] GC(414) User=0.22s Sys=0.00s Real=0.02s
[23.346s][info][gc,start       ] GC(415) Pause Young (Allocation Failure)
[23.370s][info][gc,heap        ] GC(415) PSYoungGen: 263258K(269312K)->77212K(268800K) Eden: 189347K(189440K)->0K(189440K) From: 73911K(79872K)->77212K(79360K)
[23.370s][info][gc,heap        ] GC(415) ParOldGen: 248298K(699392K)->293405K(699392K)
[23.370s][info][gc,metaspace   ] GC(415) Metaspace: 6592K(6848K)->6592K(6848K) NonClass: 6022K(6144K)->6022K(6144K) Class: 569K(704K)->569K(704K)
[23.370s][info][gc             ] GC(415) Pause Young (Allocation Failure) 499M->361M(945M) 23.573ms
[23.370s][info][gc,cpu         ] GC(415) User=0.23s Sys=0.00s Real=0.03s
[23.391s][info][gc,start       ] GC(416) Pause Young (Allocation Failure)
[23.413s][info][gc,heap        ] GC(416) PSYoungGen: 266641K(268800K)->74311K(269312K) Eden: 189429K(189440K)->0K(189440K) From: 77212K(79360K)->74311K(79872K)
[23.413s][info][gc,heap        ] GC(416) ParOldGen: 293405K(699392K)->340613K(699392K)
[23.413s][info][gc,metaspace   ] GC(416) Metaspace: 6592K(6848K)->6592K(6848K) NonClass: 6022K(6144K)->6022K(6144K) Class: 569K(704K)->569K(704K)
[23.413s][info][gc             ] GC(416) Pause Young (Allocation Failure) 546M->405M(946M) 22.007ms
[23.413s][info][gc,cpu         ] GC(416) User=0.22s Sys=0.00s Real=0.02s
[23.431s][info][gc,start       ] GC(417) Pause Young (Allocation Failure)
[23.453s][info][gc,heap        ] GC(417) PSYoungGen: 263735K(269312K)->75911K(269824K) Eden: 189423K(189440K)->0K(189952K) From: 74311K(79872K)->75911K(79872K)
[23.453s][info][gc,heap        ] GC(417) ParOldGen: 340613K(699392K)->386520K(699392K)
[23.453s][info][gc,metaspace   ] GC(417) Metaspace: 6592K(6848K)->6592K(6848K) NonClass: 6022K(6144K)->6022K(6144K) Class: 569K(704K)->569K(704K)
[23.453s][info][gc             ] GC(417) Pause Young (Allocation Failure) 590M->451M(946M) 22.117ms
[23.453s][info][gc,cpu         ] GC(417) User=0.21s Sys=0.00s Real=0.02s
[23.469s][info][gc,start       ] GC(418) Pause Young (Allocation Failure)
[23.491s][info][gc,heap        ] GC(418) PSYoungGen: 265841K(269824K)->76511K(269312K) Eden: 189930K(189952K)->0K(189952K) From: 75911K(79872K)->76511K(79360K)
[23.491s][info][gc,heap        ] GC(418) ParOldGen: 386520K(699392K)->432027K(699392K)
[23.491s][info][gc,metaspace   ] GC(418) Metaspace: 6592K(6848K)->6592K(6848K) NonClass: 6022K(6144K)->6022K(6144K) Class: 569K(704K)->569K(704K)
[23.491s][info][gc             ] GC(418) Pause Young (Allocation Failure) 637M->496M(946M) 22.254ms
[23.491s][info][gc,cpu         ] GC(418) User=0.21s Sys=0.00s Real=0.02s
[23.506s][info][gc,start       ] GC(419) Pause Young (Allocation Failure)
[23.530s][info][gc,heap        ] GC(419) PSYoungGen: 266425K(269312K)->75611K(269824K) Eden: 189913K(189952K)->0K(189952K) From: 76511K(79360K)->75611K(79872K)
[23.530s][info][gc,heap        ] GC(419) ParOldGen: 432027K(699392K)->478834K(699392K)
[23.530s][info][gc,metaspace   ] GC(419) Metaspace: 6592K(6848K)->6592K(6848K) NonClass: 6022K(6144K)->6022K(6144K) Class: 569K(704K)->569K(704K)
[23.530s][info][gc             ] GC(419) Pause Young (Allocation Failure) 682M->541M(946M) 23.251ms
[23.530s][info][gc,cpu         ] GC(419) User=0.23s Sys=0.00s Real=0.03s
[23.550s][info][gc,start       ] GC(420) Pause Young (Allocation Failure)
[23.574s][info][gc,heap        ] GC(420) PSYoungGen: 265474K(269824K)->76311K(269312K) Eden: 189862K(189952K)->0K(189952K) From: 75611K(79872K)->76311K(79360K)
[23.574s][info][gc,heap        ] GC(420) ParOldGen: 478834K(699392K)->527442K(699392K)
[23.574s][info][gc,metaspace   ] GC(420) Metaspace: 6592K(6848K)->6592K(6848K) NonClass: 6022K(6144K)->6022K(6144K) Class: 569K(704K)->569K(704K)
[23.574s][info][gc             ] GC(420) Pause Young (Allocation Failure) 726M->589M(946M) 23.863ms
[23.574s][info][gc,cpu         ] GC(420) User=0.23s Sys=0.00s Real=0.02s
[23.593s][info][gc,start       ] GC(421) Pause Young (Allocation Failure)
[23.617s][info][gc,heap        ] GC(421) PSYoungGen: 266218K(269312K)->75511K(270336K) Eden: 189906K(189952K)->0K(190976K) From: 76311K(79360K)->75511K(79360K)
[23.617s][info][gc,heap        ] GC(421) ParOldGen: 527442K(699392K)->574449K(699392K)
[23.617s][info][gc,metaspace   ] GC(421) Metaspace: 6592K(6848K)->6592K(6848K) NonClass: 6022K(6144K)->6022K(6144K) Class: 569K(704K)->569K(704K)
[23.617s][info][gc             ] GC(421) Pause Young (Allocation Failure) 775M->634M(947M) 24.595ms
[23.617s][info][gc,cpu         ] GC(421) User=0.23s Sys=0.00s Real=0.02s
[23.638s][info][gc,start       ] GC(422) Pause Young (Allocation Failure)
[23.662s][info][gc,heap        ] GC(422) PSYoungGen: 266452K(270336K)->77312K(269824K) Eden: 190940K(190976K)->0K(190976K) From: 75511K(79360K)->77312K(78848K)
[23.662s][info][gc,heap        ] GC(422) ParOldGen: 574449K(699392K)->620256K(699392K)
[23.662s][info][gc,metaspace   ] GC(422) Metaspace: 6592K(6848K)->6592K(6848K) NonClass: 6022K(6144K)->6022K(6144K) Class: 569K(704K)->569K(704K)
[23.662s][info][gc             ] GC(422) Pause Young (Allocation Failure) 821M->681M(946M) 24.288ms
[23.662s][info][gc,cpu         ] GC(422) User=0.24s Sys=0.00s Real=0.03s
[23.681s][info][gc,start       ] GC(423) Pause Young (Allocation Failure)
[23.704s][info][gc,heap        ] GC(423) PSYoungGen: 268203K(269824K)->75711K(269824K) Eden: 190891K(190976K)->0K(190464K) From: 77312K(78848K)->75711K(79360K)
[23.704s][info][gc,heap        ] GC(423) ParOldGen: 620256K(699392K)->668964K(699392K)
[23.704s][info][gc,metaspace   ] GC(423) Metaspace: 6592K(6848K)->6592K(6848K) NonClass: 6022K(6144K)->6022K(6144K) Class: 569K(704K)->569K(704K)
[23.704s][info][gc             ] GC(423) Pause Young (Allocation Failure) 867M->727M(946M) 22.941ms
[23.704s][info][gc,cpu         ] GC(423) User=0.22s Sys=0.00s Real=0.02s
[23.704s][info][gc,start       ] GC(424) Pause Full (Ergonomics)
[23.704s][info][gc,phases,start] GC(424) Marking Phase
[23.706s][info][gc,phases      ] GC(424) Marking Phase 1.728ms
[23.706s][info][gc,phases,start] GC(424) Summary Phase
[23.706s][info][gc,phases      ] GC(424) Summary Phase 0.018ms
[23.706s][info][gc,phases,start] GC(424) Adjust Roots
[23.706s][info][gc,phases      ] GC(424) Adjust Roots 0.329ms
[23.706s][info][gc,phases,start] GC(424) Compaction Phase
[23.742s][info][gc,phases      ] GC(424) Compaction Phase 36.157ms
[23.742s][info][gc,phases,start] GC(424) Post Compact
[23.744s][info][gc,phases      ] GC(424) Post Compact 1.789ms
[23.744s][info][gc,heap        ] GC(424) PSYoungGen: 75711K(269824K)->0K(269824K) Eden: 0K(190464K)->0K(190464K) From: 75711K(79360K)->0K(79360K)
[23.744s][info][gc,heap        ] GC(424) ParOldGen: 668964K(699392K)->200791K(699392K)
[23.744s][info][gc,metaspace   ] GC(424) Metaspace: 6592K(6848K)->6592K(6848K) NonClass: 6022K(6144K)->6022K(6144K) Class: 569K(704K)->569K(704K)
[23.744s][info][gc             ] GC(424) Pause Full (Ergonomics) 727M->196M(946M) 40.205ms
[23.744s][info][gc,cpu         ] GC(424) User=0.37s Sys=0.00s Real=0.04s
[23.760s][info][gc,start       ] GC(425) Pause Young (Allocation Failure)
[23.774s][info][gc,heap        ] GC(425) PSYoungGen: 190379K(269824K)->76011K(270336K) Eden: 190379K(190464K)->0K(190976K) From: 0K(79360K)->76011K(79360K)
[23.774s][info][gc,heap        ] GC(425) ParOldGen: 200791K(699392K)->200791K(699392K)
[23.774s][info][gc,metaspace   ] GC(425) Metaspace: 6592K(6848K)->6592K(6848K) NonClass: 6022K(6144K)->6022K(6144K) Class: 569K(704K)->569K(704K)
[23.774s][info][gc             ] GC(425) Pause Young (Allocation Failure) 382M->270M(947M) 14.162ms
[23.774s][info][gc,cpu         ] GC(425) User=0.14s Sys=0.00s Real=0.01s
[23.793s][info][gc,start       ] GC(426) Pause Young (Allocation Failure)
[23.816s][info][gc,heap        ] GC(426) PSYoungGen: 266973K(270336K)->73711K(269824K) Eden: 190961K(190976K)->0K(190976K) From: 76011K(79360K)->73711K(78848K)
[23.816s][info][gc,heap        ] GC(426) ParOldGen: 200791K(699392K)->248598K(699392K)
[23.816s][info][gc,metaspace   ] GC(426) Metaspace: 6592K(6848K)->6592K(6848K) NonClass: 6022K(6144K)->6022K(6144K) Class: 569K(704K)->569K(704K)
[23.816s][info][gc             ] GC(426) Pause Young (Allocation Failure) 456M->314M(946M) 22.366ms
[23.816s][info][gc,cpu         ] GC(426) User=0.22s Sys=0.00s Real=0.02s
[23.840s][info][gc,start       ] GC(427) Pause Young (Allocation Failure)
[23.862s][info][gc,heap        ] GC(427) PSYoungGen: 264593K(269824K)->72411K(269312K) Eden: 190881K(190976K)->0K(190464K) From: 73711K(78848K)->72411K(78848K)
[23.862s][info][gc,heap        ] GC(427) ParOldGen: 248598K(699392K)->294305K(699392K)
[23.862s][info][gc,metaspace   ] GC(427) Metaspace: 6592K(6848K)->6592K(6848K) NonClass: 6022K(6144K)->6022K(6144K) Class: 569K(704K)->569K(704K)
[23.862s][info][gc             ] GC(427) Pause Young (Allocation Failure) 501M->358M(946M) 22.448ms
[23.862s][info][gc,cpu         ] GC(427) User=0.22s Sys=0.00s Real=0.02s
[23.883s][info][gc,start       ] GC(428) Pause Young (Allocation Failure)
[23.905s][info][gc,heap        ] GC(428) PSYoungGen: 262815K(269312K)->76711K(269824K) Eden: 190404K(190464K)->0K(190464K) From: 72411K(78848K)->76711K(79360K)
[23.905s][info][gc,heap        ] GC(428) ParOldGen: 294305K(699392K)->339613K(699392K)
[23.905s][info][gc,metaspace   ] GC(428) Metaspace: 6592K(6848K)->6592K(6848K) NonClass: 6022K(6144K)->6022K(6144K) Class: 569K(704K)->569K(704K)
[23.905s][info][gc             ] GC(428) Pause Young (Allocation Failure) 544M->406M(946M) 22.876ms
[23.905s][info][gc,cpu         ] GC(428) User=0.22s Sys=0.00s Real=0.02s
[23.927s][info][gc,start       ] GC(429) Pause Young (Allocation Failure)
[23.950s][info][gc,heap        ] GC(429) PSYoungGen: 267175K(269824K)->75811K(269824K) Eden: 190464K(190464K)->0K(190464K) From: 76711K(79360K)->75811K(79360K)
[23.950s][info][gc,heap        ] GC(429) ParOldGen: 339613K(699392K)->386320K(699392K)
[23.950s][info][gc,metaspace   ] GC(429) Metaspace: 6592K(6848K)->6592K(6848K) NonClass: 6022K(6144K)->6022K(6144K) Class: 569K(704K)->569K(704K)
[23.950s][info][gc             ] GC(429) Pause Young (Allocation Failure) 592M->451M(946M) 22.442ms
[23.950s][info][gc,cpu         ] GC(429) User=0.21s Sys=0.00s Real=0.03s
[23.967s][info][gc,start       ] GC(430) Pause Young (Allocation Failure)
[23.990s][info][gc,heap        ] GC(430) PSYoungGen: 266253K(269824K)->76912K(269824K) Eden: 190441K(190464K)->0K(190464K) From: 75811K(79360K)->76912K(79360K)
[23.990s][info][gc,heap        ] GC(430) ParOldGen: 386320K(699392K)->433727K(699392K)
[23.990s][info][gc,metaspace   ] GC(430) Metaspace: 6592K(6848K)->6592K(6848K) NonClass: 6022K(6144K)->6022K(6144K) Class: 569K(704K)->569K(704K)
[23.990s][info][gc             ] GC(430) Pause Young (Allocation Failure) 637M->498M(946M) 23.093ms
[23.990s][info][gc,cpu         ] GC(430) User=0.22s Sys=0.00s Real=0.03s
[24.009s][info][gc,start       ] GC(431) Pause Young (Allocation Failure)
[24.032s][info][gc,heap        ] GC(431) PSYoungGen: 267300K(269824K)->73911K(269824K) Eden: 190388K(190464K)->0K(190464K) From: 76912K(79360K)->73911K(79360K)
[24.032s][info][gc,heap        ] GC(431) ParOldGen: 433727K(699392K)->482835K(699392K)
[24.032s][info][gc,metaspace   ] GC(431) Metaspace: 6592K(6848K)->6592K(6848K) NonClass: 6022K(6144K)->6022K(6144K) Class: 569K(704K)->569K(704K)
[24.032s][info][gc             ] GC(431) Pause Young (Allocation Failure) 684M->543M(946M) 22.682ms
[24.032s][info][gc,cpu         ] GC(431) User=0.22s Sys=0.00s Real=0.02s
[24.054s][info][gc,start       ] GC(432) Pause Young (Allocation Failure)
[24.077s][info][gc,heap        ] GC(432) PSYoungGen: 264296K(269824K)->76812K(269824K) Eden: 190384K(190464K)->0K(190464K) From: 73911K(79360K)->76812K(79360K)
[24.077s][info][gc,heap        ] GC(432) ParOldGen: 482835K(699392K)->528442K(699392K)
[24.077s][info][gc,metaspace   ] GC(432) Metaspace: 6592K(6848K)->6592K(6848K) NonClass: 6022K(6144K)->6022K(6144K) Class: 569K(704K)->569K(704K)
[24.077s][info][gc             ] GC(432) Pause Young (Allocation Failure) 729M->591M(946M) 22.810ms
[24.077s][info][gc,cpu         ] GC(432) User=0.22s Sys=0.00s Real=0.02s
[24.098s][info][gc,start       ] GC(433) Pause Young (Allocation Failure)
[24.123s][info][gc,heap        ] GC(433) PSYoungGen: 267218K(269824K)->74511K(269824K) Eden: 190406K(190464K)->0K(190464K) From: 76812K(79360K)->74511K(79360K)
[24.123s][info][gc,heap        ] GC(433) ParOldGen: 528442K(699392K)->578650K(699392K)
[24.123s][info][gc,metaspace   ] GC(433) Metaspace: 6592K(6848K)->6592K(6848K) NonClass: 6022K(6144K)->6022K(6144K) Class: 569K(704K)->569K(704K)
[24.123s][info][gc             ] GC(433) Pause Young (Allocation Failure) 777M->637M(946M) 24.528ms
[24.123s][info][gc,cpu         ] GC(433) User=0.23s Sys=0.00s Real=0.03s
[24.146s][info][gc,start       ] GC(434) Pause Young (Allocation Failure)
[24.169s][info][gc,heap        ] GC(434) PSYoungGen: 264947K(269824K)->73611K(269824K) Eden: 190435K(190464K)->0K(190464K) From: 74511K(79360K)->73611K(79360K)
[24.169s][info][gc,heap        ] GC(434) ParOldGen: 578650K(699392K)->626257K(699392K)
[24.169s][info][gc,metaspace   ] GC(434) Metaspace: 6592K(6848K)->6592K(6848K) NonClass: 6022K(6144K)->6022K(6144K) Class: 569K(704K)->569K(704K)
[24.169s][info][gc             ] GC(434) Pause Young (Allocation Failure) 823M->683M(946M) 22.809ms
[24.169s][info][gc,cpu         ] GC(434) User=0.21s Sys=0.00s Real=0.03s
[24.190s][info][gc,start       ] GC(435) Pause Young (Allocation Failure)
[24.214s][info][gc,heap        ] GC(435) PSYoungGen: 264049K(269824K)->77712K(268800K) Eden: 190438K(190464K)->0K(189440K) From: 73611K(79360K)->77712K(79360K)
[24.214s][info][gc,heap        ] GC(435) ParOldGen: 626257K(699392K)->671364K(699392K)
[24.214s][info][gc,metaspace   ] GC(435) Metaspace: 6592K(6848K)->6592K(6848K) NonClass: 6022K(6144K)->6022K(6144K) Class: 569K(704K)->569K(704K)
[24.214s][info][gc             ] GC(435) Pause Young (Allocation Failure) 869M->731M(945M) 24.239ms
[24.214s][info][gc,cpu         ] GC(435) User=0.23s Sys=0.00s Real=0.02s
[24.214s][info][gc,start       ] GC(436) Pause Full (Ergonomics)
[24.214s][info][gc,phases,start] GC(436) Marking Phase
[24.216s][info][gc,phases      ] GC(436) Marking Phase 1.463ms
[24.216s][info][gc,phases,start] GC(436) Summary Phase
[24.216s][info][gc,phases      ] GC(436) Summary Phase 0.018ms
[24.216s][info][gc,phases,start] GC(436) Adjust Roots
[24.216s][info][gc,phases      ] GC(436) Adjust Roots 0.382ms
[24.216s][info][gc,phases,start] GC(436) Compaction Phase
[24.253s][info][gc,phases      ] GC(436) Compaction Phase 37.022ms
[24.253s][info][gc,phases,start] GC(436) Post Compact
[24.255s][info][gc,phases      ] GC(436) Post Compact 1.988ms
[24.255s][info][gc,heap        ] GC(436) PSYoungGen: 77712K(268800K)->0K(269312K) Eden: 0K(189440K)->0K(189440K) From: 77712K(79360K)->0K(79872K)
[24.255s][info][gc,heap        ] GC(436) ParOldGen: 671364K(699392K)->200791K(699392K)
[24.255s][info][gc,metaspace   ] GC(436) Metaspace: 6592K(6848K)->6592K(6848K) NonClass: 6022K(6144K)->6022K(6144K) Class: 569K(704K)->569K(704K)
[24.255s][info][gc             ] GC(436) Pause Full (Ergonomics) 731M->196M(946M) 41.073ms
[24.255s][info][gc,cpu         ] GC(436) User=0.37s Sys=0.00s Real=0.04s
[24.274s][info][gc,start       ] GC(437) Pause Young (Allocation Failure)
[24.288s][info][gc,heap        ] GC(437) PSYoungGen: 189394K(269312K)->78312K(268288K) Eden: 189394K(189440K)->0K(188416K) From: 0K(79872K)->78312K(79872K)
[24.288s][info][gc,heap        ] GC(437) ParOldGen: 200791K(699392K)->200791K(699392K)
[24.288s][info][gc,metaspace   ] GC(437) Metaspace: 6592K(6848K)->6592K(6848K) NonClass: 6022K(6144K)->6022K(6144K) Class: 569K(704K)->569K(704K)
[24.288s][info][gc             ] GC(437) Pause Young (Allocation Failure) 381M->272M(945M) 14.865ms
[24.288s][info][gc,cpu         ] GC(437) User=0.14s Sys=0.00s Real=0.02s
[24.305s][info][gc,start       ] GC(438) Pause Young (Allocation Failure)
[24.328s][info][gc,heap        ] GC(438) PSYoungGen: 266665K(268288K)->70411K(259072K) Eden: 188353K(188416K)->0K(188416K) From: 78312K(79872K)->70411K(70656K)
[24.328s][info][gc,heap        ] GC(438) ParOldGen: 200791K(699392K)->251899K(699392K)
[24.328s][info][gc,metaspace   ] GC(438) Metaspace: 6592K(6848K)->6592K(6848K) NonClass: 6022K(6144K)->6022K(6144K) Class: 569K(704K)->569K(704K)
[24.328s][info][gc             ] GC(438) Pause Young (Allocation Failure) 456M->314M(936M) 23.413ms
[24.328s][info][gc,cpu         ] GC(438) User=0.22s Sys=0.00s Real=0.02s
[24.349s][info][gc,start       ] GC(439) Pause Young (Allocation Failure)
[24.371s][info][gc,heap        ] GC(439) PSYoungGen: 258827K(259072K)->76611K(268288K) Eden: 188416K(188416K)->0K(187392K) From: 70411K(70656K)->76611K(80896K)
[24.371s][info][gc,heap        ] GC(439) ParOldGen: 251899K(699392K)->296506K(699392K)
[24.371s][info][gc,metaspace   ] GC(439) Metaspace: 6592K(6848K)->6592K(6848K) NonClass: 6022K(6144K)->6022K(6144K) Class: 569K(704K)->569K(704K)
[24.371s][info][gc             ] GC(439) Pause Young (Allocation Failure) 498M->364M(945M) 22.593ms
[24.371s][info][gc,cpu         ] GC(439) User=0.22s Sys=0.00s Real=0.02s
[24.387s][info][gc,start       ] GC(440) Pause Young (Allocation Failure)
[24.409s][info][gc,heap        ] GC(440) PSYoungGen: 263968K(268288K)->77312K(268288K) Eden: 187356K(187392K)->0K(187392K) From: 76611K(80896K)->77312K(80896K)
[24.410s][info][gc,heap        ] GC(440) ParOldGen: 296506K(699392K)->342713K(699392K)
[24.410s][info][gc,metaspace   ] GC(440) Metaspace: 6592K(6848K)->6592K(6848K) NonClass: 6022K(6144K)->6022K(6144K) Class: 569K(704K)->569K(704K)
[24.410s][info][gc             ] GC(440) Pause Young (Allocation Failure) 547M->410M(945M) 22.900ms
[24.410s][info][gc,cpu         ] GC(440) User=0.22s Sys=0.00s Real=0.03s
[24.425s][info][gc,start       ] GC(441) Pause Young (Allocation Failure)
[24.447s][info][gc,heap        ] GC(441) PSYoungGen: 264616K(268288K)->72211K(268288K) Eden: 187304K(187392K)->0K(187392K) From: 77312K(80896K)->72211K(80896K)
[24.447s][info][gc,heap        ] GC(441) ParOldGen: 342713K(699392K)->391321K(699392K)
[24.447s][info][gc,metaspace   ] GC(441) Metaspace: 6592K(6848K)->6592K(6848K) NonClass: 6022K(6144K)->6022K(6144K) Class: 569K(704K)->569K(704K)
[24.447s][info][gc             ] GC(441) Pause Young (Allocation Failure) 593M->452M(945M) 21.889ms
[24.447s][info][gc,cpu         ] GC(441) User=0.21s Sys=0.00s Real=0.02s
[24.468s][info][gc,start       ] GC(442) Pause Young (Allocation Failure)
[24.491s][info][gc,heap        ] GC(442) PSYoungGen: 259593K(268288K)->74511K(268288K) Eden: 187382K(187392K)->0K(187392K) From: 72211K(80896K)->74511K(80896K)
[24.491s][info][gc,heap        ] GC(442) ParOldGen: 391321K(699392K)->437528K(699392K)
[24.491s][info][gc,metaspace   ] GC(442) Metaspace: 6592K(6848K)->6592K(6848K) NonClass: 6022K(6144K)->6022K(6144K) Class: 569K(704K)->569K(704K)
[24.491s][info][gc             ] GC(442) Pause Young (Allocation Failure) 635M->500M(945M) 23.592ms
[24.491s][info][gc,cpu         ] GC(442) User=0.23s Sys=0.00s Real=0.03s
[24.511s][info][gc,start       ] GC(443) Pause Young (Allocation Failure)
[24.534s][info][gc,heap        ] GC(443) PSYoungGen: 261833K(268288K)->77212K(268288K) Eden: 187321K(187392K)->0K(187392K) From: 74511K(80896K)->77212K(80896K)
[24.534s][info][gc,heap        ] GC(443) ParOldGen: 437528K(699392K)->482935K(699392K)
[24.534s][info][gc,metaspace   ] GC(443) Metaspace: 6592K(6848K)->6592K(6848K) NonClass: 6022K(6144K)->6022K(6144K) Class: 569K(704K)->569K(704K)
[24.534s][info][gc             ] GC(443) Pause Young (Allocation Failure) 682M->547M(945M) 22.760ms
[24.534s][info][gc,cpu         ] GC(443) User=0.22s Sys=0.00s Real=0.02s
[24.557s][info][gc,start       ] GC(444) Pause Young (Allocation Failure)
[24.580s][info][gc,heap        ] GC(444) PSYoungGen: 264604K(268288K)->73111K(268288K) Eden: 187392K(187392K)->0K(187392K) From: 77212K(80896K)->73111K(80896K)
[24.580s][info][gc,heap        ] GC(444) ParOldGen: 482935K(699392K)->532243K(699392K)
[24.580s][info][gc,metaspace   ] GC(444) Metaspace: 6592K(6848K)->6592K(6848K) NonClass: 6022K(6144K)->6022K(6144K) Class: 569K(704K)->569K(704K)
[24.580s][info][gc             ] GC(444) Pause Young (Allocation Failure) 730M->591M(945M) 23.359ms
[24.580s][info][gc,cpu         ] GC(444) User=0.22s Sys=0.00s Real=0.03s
[24.596s][info][gc,start       ] GC(445) Pause Young (Allocation Failure)
[24.620s][info][gc,heap        ] GC(445) PSYoungGen: 260428K(268288K)->72211K(268288K) Eden: 187317K(187392K)->0K(187392K) From: 73111K(80896K)->72211K(80896K)
[24.620s][info][gc,heap        ] GC(445) ParOldGen: 532243K(699392K)->580650K(699392K)
[24.620s][info][gc,metaspace   ] GC(445) Metaspace: 6592K(6848K)->6592K(6848K) NonClass: 6022K(6144K)->6022K(6144K) Class: 569K(704K)->569K(704K)
[24.620s][info][gc             ] GC(445) Pause Young (Allocation Failure) 774M->637M(945M) 23.826ms
[24.620s][info][gc,cpu         ] GC(445) User=0.22s Sys=0.00s Real=0.03s
[24.644s][info][gc,start       ] GC(446) Pause Young (Allocation Failure)
[24.668s][info][gc,heap        ] GC(446) PSYoungGen: 259603K(268288K)->74711K(268288K) Eden: 187392K(187392K)->0K(187392K) From: 72211K(80896K)->74711K(80896K)
[24.668s][info][gc,heap        ] GC(446) ParOldGen: 580650K(699392K)->625257K(699392K)
[24.668s][info][gc,metaspace   ] GC(446) Metaspace: 6592K(6848K)->6592K(6848K) NonClass: 6022K(6144K)->6022K(6144K) Class: 569K(704K)->569K(704K)
[24.668s][info][gc             ] GC(446) Pause Young (Allocation Failure) 820M->683M(945M) 23.185ms
[24.668s][info][gc,cpu         ] GC(446) User=0.22s Sys=0.00s Real=0.02s
[24.688s][info][gc,start       ] GC(447) Pause Young (Allocation Failure)
[24.713s][info][gc,heap        ] GC(447) PSYoungGen: 262056K(268288K)->75311K(269312K) Eden: 187344K(187392K)->0K(188928K) From: 74711K(80896K)->75311K(80384K)
[24.713s][info][gc,heap        ] GC(447) ParOldGen: 625257K(699392K)->673165K(699392K)
[24.713s][info][gc,metaspace   ] GC(447) Metaspace: 6592K(6848K)->6592K(6848K) NonClass: 6022K(6144K)->6022K(6144K) Class: 569K(704K)->569K(704K)
[24.713s][info][gc             ] GC(447) Pause Young (Allocation Failure) 866M->730M(946M) 24.267ms
[24.713s][info][gc,cpu         ] GC(447) User=0.23s Sys=0.00s Real=0.02s
[24.713s][info][gc,start       ] GC(448) Pause Full (Ergonomics)
[24.713s][info][gc,phases,start] GC(448) Marking Phase
[24.714s][info][gc,phases      ] GC(448) Marking Phase 1.533ms
[24.714s][info][gc,phases,start] GC(448) Summary Phase
[24.714s][info][gc,phases      ] GC(448) Summary Phase 0.018ms
[24.714s][info][gc,phases,start] GC(448) Adjust Roots
[24.715s][info][gc,phases      ] GC(448) Adjust Roots 0.355ms
[24.715s][info][gc,phases,start] GC(448) Compaction Phase
[24.750s][info][gc,phases      ] GC(448) Compaction Phase 35.699ms
[24.751s][info][gc,phases,start] GC(448) Post Compact
[24.752s][info][gc,phases      ] GC(448) Post Compact 1.911ms
[24.752s][info][gc,heap        ] GC(448) PSYoungGen: 75311K(269312K)->0K(268800K) Eden: 0K(188928K)->0K(188928K) From: 75311K(80384K)->0K(79872K)
[24.752s][info][gc,heap        ] GC(448) ParOldGen: 673165K(699392K)->200791K(699392K)
[24.752s][info][gc,metaspace   ] GC(448) Metaspace: 6592K(6848K)->6592K(6848K) NonClass: 6022K(6144K)->6022K(6144K) Class: 569K(704K)->569K(704K)
[24.753s][info][gc             ] GC(448) Pause Full (Ergonomics) 730M->196M(945M) 39.711ms
[24.753s][info][gc,cpu         ] GC(448) User=0.36s Sys=0.00s Real=0.04s
[24.773s][info][gc,start       ] GC(449) Pause Young (Allocation Failure)
[24.788s][info][gc,heap        ] GC(449) PSYoungGen: 188894K(268800K)->76511K(269312K) Eden: 188894K(188928K)->0K(189440K) From: 0K(79872K)->76511K(79872K)
[24.788s][info][gc,heap        ] GC(449) ParOldGen: 200791K(699392K)->200791K(699392K)
[24.788s][info][gc,metaspace   ] GC(449) Metaspace: 6592K(6848K)->6592K(6848K) NonClass: 6022K(6144K)->6022K(6144K) Class: 569K(704K)->569K(704K)
[24.788s][info][gc             ] GC(449) Pause Young (Allocation Failure) 380M->270M(946M) 14.356ms
[24.788s][info][gc,cpu         ] GC(449) User=0.14s Sys=0.00s Real=0.01s
[24.806s][info][gc,start       ] GC(450) Pause Young (Allocation Failure)
[24.830s][info][gc,heap        ] GC(450) PSYoungGen: 265916K(269312K)->74611K(269312K) Eden: 189404K(189440K)->0K(189440K) From: 76511K(79872K)->74611K(79872K)
[24.830s][info][gc,heap        ] GC(450) ParOldGen: 200791K(699392K)->250399K(699392K)
[24.830s][info][gc,metaspace   ] GC(450) Metaspace: 6592K(6848K)->6592K(6848K) NonClass: 6022K(6144K)->6022K(6144K) Class: 569K(704K)->569K(704K)
[24.830s][info][gc             ] GC(450) Pause Young (Allocation Failure) 455M->317M(946M) 24.330ms
[24.830s][info][gc,cpu         ] GC(450) User=0.23s Sys=0.00s Real=0.03s
[24.850s][info][gc,start       ] GC(451) Pause Young (Allocation Failure)
[24.874s][info][gc,heap        ] GC(451) PSYoungGen: 264000K(269312K)->79312K(266752K) Eden: 189389K(189440K)->0K(187392K) From: 74611K(79872K)->79312K(79360K)
[24.874s][info][gc,heap        ] GC(451) ParOldGen: 250399K(699392K)->294005K(699392K)
[24.874s][info][gc,metaspace   ] GC(451) Metaspace: 6592K(6848K)->6592K(6848K) NonClass: 6022K(6144K)->6022K(6144K) Class: 569K(704K)->569K(704K)
[24.874s][info][gc             ] GC(451) Pause Young (Allocation Failure) 502M->364M(943M) 23.925ms
[24.874s][info][gc,cpu         ] GC(451) User=0.23s Sys=0.00s Real=0.02s
[24.890s][info][gc,start       ] GC(452) Pause Young (Allocation Failure)
[24.913s][info][gc,heap        ] GC(452) PSYoungGen: 266696K(266752K)->71311K(268288K) Eden: 187383K(187392K)->0K(187392K) From: 79312K(79360K)->71311K(80896K)
[24.913s][info][gc,heap        ] GC(452) ParOldGen: 294005K(699392K)->344813K(699392K)
[24.913s][info][gc,metaspace   ] GC(452) Metaspace: 6592K(6848K)->6592K(6848K) NonClass: 6022K(6144K)->6022K(6144K) Class: 569K(704K)->569K(704K)
[24.913s][info][gc             ] GC(452) Pause Young (Allocation Failure) 547M->406M(945M) 22.713ms
[24.913s][info][gc,cpu         ] GC(452) User=0.22s Sys=0.00s Real=0.02s
[24.933s][info][gc,start       ] GC(453) Pause Young (Allocation Failure)
[24.955s][info][gc,heap        ] GC(453) PSYoungGen: 258693K(268288K)->75311K(268800K) Eden: 187382K(187392K)->0K(187904K) From: 71311K(80896K)->75311K(80896K)
[24.955s][info][gc,heap        ] GC(453) ParOldGen: 344813K(699392K)->390020K(699392K)
[24.955s][info][gc,metaspace   ] GC(453) Metaspace: 6592K(6848K)->6592K(6848K) NonClass: 6022K(6144K)->6022K(6144K) Class: 569K(704K)->569K(704K)
[24.955s][info][gc             ] GC(453) Pause Young (Allocation Failure) 589M->454M(945M) 22.172ms
[24.955s][info][gc,cpu         ] GC(453) User=0.21s Sys=0.00s Real=0.02s
[24.970s][info][gc,start       ] GC(454) Pause Young (Allocation Failure)
[24.992s][info][gc,heap        ] GC(454) PSYoungGen: 263213K(268800K)->71011K(268288K) Eden: 187901K(187904K)->0K(187904K) From: 75311K(80896K)->71011K(80384K)
[24.992s][info][gc,heap        ] GC(454) ParOldGen: 390020K(699392K)->438928K(699392K)
[24.992s][info][gc,metaspace   ] GC(454) Metaspace: 6592K(6848K)->6592K(6848K) NonClass: 6022K(6144K)->6022K(6144K) Class: 569K(704K)->569K(704K)
[24.992s][info][gc             ] GC(454) Pause Young (Allocation Failure) 637M->497M(945M) 22.206ms
[24.992s][info][gc,cpu         ] GC(454) User=0.21s Sys=0.00s Real=0.02s
[25.006s][info][gc,start       ] GC(455) Pause Young (Allocation Failure)
[25.029s][info][gc,heap        ] GC(455) PSYoungGen: 258886K(268288K)->73411K(268800K) Eden: 187875K(187904K)->0K(187904K) From: 71011K(80384K)->73411K(80896K)
[25.029s][info][gc,heap        ] GC(455) ParOldGen: 438928K(699392K)->484335K(699392K)
[25.029s][info][gc,metaspace   ] GC(455) Metaspace: 6592K(6848K)->6592K(6848K) NonClass: 6022K(6144K)->6022K(6144K) Class: 569K(704K)->569K(704K)
[25.029s][info][gc             ] GC(455) Pause Young (Allocation Failure) 681M->544M(945M) 22.929ms
[25.029s][info][gc,cpu         ] GC(455) User=0.22s Sys=0.00s Real=0.03s
[25.051s][info][gc,start       ] GC(456) Pause Young (Allocation Failure)
[25.073s][info][gc,heap        ] GC(456) PSYoungGen: 261284K(268800K)->76912K(268288K) Eden: 187873K(187904K)->0K(187904K) From: 73411K(80896K)->76912K(80384K)
[25.074s][info][gc,heap        ] GC(456) ParOldGen: 484335K(699392K)->530042K(699392K)
[25.074s][info][gc,metaspace   ] GC(456) Metaspace: 6592K(6848K)->6592K(6848K) NonClass: 6022K(6144K)->6022K(6144K) Class: 569K(704K)->569K(704K)
[25.074s][info][gc             ] GC(456) Pause Young (Allocation Failure) 728M->592M(945M) 22.885ms
[25.074s][info][gc,cpu         ] GC(456) User=0.21s Sys=0.00s Real=0.02s
[25.090s][info][gc,start       ] GC(457) Pause Young (Allocation Failure)
[25.113s][info][gc,heap        ] GC(457) PSYoungGen: 264789K(268288K)->74111K(268800K) Eden: 187877K(187904K)->0K(188416K) From: 76912K(80384K)->74111K(80384K)
[25.113s][info][gc,heap        ] GC(457) ParOldGen: 530042K(699392K)->579450K(699392K)
[25.113s][info][gc,metaspace   ] GC(457) Metaspace: 6592K(6848K)->6592K(6848K) NonClass: 6022K(6144K)->6022K(6144K) Class: 569K(704K)->569K(704K)
[25.113s][info][gc             ] GC(457) Pause Young (Allocation Failure) 776M->638M(945M) 22.854ms
[25.113s][info][gc,cpu         ] GC(457) User=0.22s Sys=0.00s Real=0.02s
[25.127s][info][gc,start       ] GC(458) Pause Young (Allocation Failure)
[25.152s][info][gc,heap        ] GC(458) PSYoungGen: 262501K(268800K)->72511K(268800K) Eden: 188390K(188416K)->0K(188416K) From: 74111K(80384K)->72511K(80384K)
[25.152s][info][gc,heap        ] GC(458) ParOldGen: 579450K(699392K)->627658K(699392K)
[25.152s][info][gc,metaspace   ] GC(458) Metaspace: 6592K(6848K)->6592K(6848K) NonClass: 6022K(6144K)->6022K(6144K) Class: 569K(704K)->569K(704K)
[25.152s][info][gc             ] GC(458) Pause Young (Allocation Failure) 822M->683M(945M) 25.669ms
[25.153s][info][gc,cpu         ] GC(458) User=0.25s Sys=0.00s Real=0.03s
[25.174s][info][gc,start       ] GC(459) Pause Young (Allocation Failure)
[25.197s][info][gc,heap        ] GC(459) PSYoungGen: 260925K(268800K)->77412K(268288K) Eden: 188414K(188416K)->0K(188416K) From: 72511K(80384K)->77412K(79872K)
[25.197s][info][gc,heap        ] GC(459) ParOldGen: 627658K(699392K)->671364K(699392K)
[25.197s][info][gc,metaspace   ] GC(459) Metaspace: 6592K(6848K)->6592K(6848K) NonClass: 6022K(6144K)->6022K(6144K) Class: 569K(704K)->569K(704K)
[25.197s][info][gc             ] GC(459) Pause Young (Allocation Failure) 867M->731M(945M) 23.425ms
[25.197s][info][gc,cpu         ] GC(459) User=0.23s Sys=0.00s Real=0.02s
[25.197s][info][gc,start       ] GC(460) Pause Full (Ergonomics)
[25.197s][info][gc,phases,start] GC(460) Marking Phase
[25.199s][info][gc,phases      ] GC(460) Marking Phase 1.741ms
[25.199s][info][gc,phases,start] GC(460) Summary Phase
[25.199s][info][gc,phases      ] GC(460) Summary Phase 0.020ms
[25.199s][info][gc,phases,start] GC(460) Adjust Roots
[25.200s][info][gc,phases      ] GC(460) Adjust Roots 0.385ms
[25.200s][info][gc,phases,start] GC(460) Compaction Phase
[25.236s][info][gc,phases      ] GC(460) Compaction Phase 35.949ms
[25.236s][info][gc,phases,start] GC(460) Post Compact
[25.238s][info][gc,phases      ] GC(460) Post Compact 2.825ms
[25.238s][info][gc,heap        ] GC(460) PSYoungGen: 77412K(268288K)->0K(268800K) Eden: 0K(188416K)->0K(188416K) From: 77412K(79872K)->0K(80384K)
[25.238s][info][gc,heap        ] GC(460) ParOldGen: 671364K(699392K)->200791K(699392K)
[25.238s][info][gc,metaspace   ] GC(460) Metaspace: 6592K(6848K)->6592K(6848K) NonClass: 6022K(6144K)->6022K(6144K) Class: 569K(704K)->569K(704K)
[25.238s][info][gc             ] GC(460) Pause Full (Ergonomics) 731M->196M(945M) 41.124ms
[25.239s][info][gc,cpu         ] GC(460) User=0.36s Sys=0.00s Real=0.05s
[25.262s][info][gc,start       ] GC(461) Pause Young (Allocation Failure)
[25.276s][info][gc,heap        ] GC(461) PSYoungGen: 188396K(268800K)->76211K(268800K) Eden: 188396K(188416K)->0K(188416K) From: 0K(80384K)->76211K(80384K)
[25.276s][info][gc,heap        ] GC(461) ParOldGen: 200791K(699392K)->200791K(699392K)
[25.276s][info][gc,metaspace   ] GC(461) Metaspace: 6592K(6848K)->6592K(6848K) NonClass: 6022K(6144K)->6022K(6144K) Class: 569K(704K)->569K(704K)
[25.276s][info][gc             ] GC(461) Pause Young (Allocation Failure) 380M->270M(945M) 13.946ms
[25.276s][info][gc,cpu         ] GC(461) User=0.13s Sys=0.00s Real=0.01s
[25.297s][info][gc,start       ] GC(462) Pause Young (Allocation Failure)
[25.319s][info][gc,heap        ] GC(462) PSYoungGen: 264602K(268800K)->74311K(268800K) Eden: 188390K(188416K)->0K(188416K) From: 76211K(80384K)->74311K(80384K)
[25.319s][info][gc,heap        ] GC(462) ParOldGen: 200791K(699392K)->249398K(699392K)
[25.319s][info][gc,metaspace   ] GC(462) Metaspace: 6592K(6848K)->6592K(6848K) NonClass: 6022K(6144K)->6022K(6144K) Class: 569K(704K)->569K(704K)
[25.319s][info][gc             ] GC(462) Pause Young (Allocation Failure) 454M->316M(945M) 22.569ms
[25.319s][info][gc,cpu         ] GC(462) User=0.21s Sys=0.00s Real=0.03s
[25.341s][info][gc,start       ] GC(463) Pause Young (Allocation Failure)
[25.364s][info][gc,heap        ] GC(463) PSYoungGen: 262660K(268800K)->77112K(268288K) Eden: 188348K(188416K)->0K(188416K) From: 74311K(80384K)->77112K(79872K)
[25.364s][info][gc,heap        ] GC(463) ParOldGen: 249398K(699392K)->295106K(699392K)
[25.364s][info][gc,metaspace   ] GC(463) Metaspace: 6592K(6848K)->6592K(6848K) NonClass: 6022K(6144K)->6022K(6144K) Class: 569K(704K)->569K(704K)
[25.364s][info][gc             ] GC(463) Pause Young (Allocation Failure) 500M->363M(945M) 23.333ms
[25.364s][info][gc,cpu         ] GC(463) User=0.23s Sys=0.00s Real=0.02s
[25.389s][info][gc,start       ] GC(464) Pause Young (Allocation Failure)
[25.411s][info][gc,heap        ] GC(464) PSYoungGen: 265528K(268288K)->77812K(266240K) Eden: 188416K(188416K)->0K(188416K) From: 77112K(79872K)->77812K(77824K)
[25.411s][info][gc,heap        ] GC(464) ParOldGen: 295106K(699392K)->341313K(699392K)
[25.411s][info][gc,metaspace   ] GC(464) Metaspace: 6592K(6848K)->6592K(6848K) NonClass: 6022K(6144K)->6022K(6144K) Class: 569K(704K)->569K(704K)
[25.411s][info][gc             ] GC(464) Pause Young (Allocation Failure) 547M->409M(943M) 22.223ms
[25.411s][info][gc,cpu         ] GC(464) User=0.21s Sys=0.00s Real=0.02s
[25.429s][info][gc,start       ] GC(465) Pause Young (Allocation Failure)
[25.451s][info][gc,heap        ] GC(465) PSYoungGen: 266212K(266240K)->74211K(268800K) Eden: 188400K(188416K)->0K(187904K) From: 77812K(77824K)->74211K(80896K)
[25.451s][info][gc,heap        ] GC(465) ParOldGen: 341313K(699392K)->392021K(699392K)
[25.451s][info][gc,metaspace   ] GC(465) Metaspace: 6592K(6848K)->6592K(6848K) NonClass: 6022K(6144K)->6022K(6144K) Class: 569K(704K)->569K(704K)
[25.451s][info][gc             ] GC(465) Pause Young (Allocation Failure) 593M->455M(945M) 22.335ms
[25.451s][info][gc,cpu         ] GC(465) User=0.21s Sys=0.00s Real=0.02s
[25.467s][info][gc,start       ] GC(466) Pause Young (Allocation Failure)
[25.489s][info][gc,heap        ] GC(466) PSYoungGen: 262017K(268800K)->76011K(268288K) Eden: 187806K(187904K)->0K(187904K) From: 74211K(80896K)->76011K(80384K)
[25.489s][info][gc,heap        ] GC(466) ParOldGen: 392021K(699392K)->437728K(699392K)
[25.489s][info][gc,metaspace   ] GC(466) Metaspace: 6592K(6848K)->6592K(6848K) NonClass: 6022K(6144K)->6022K(6144K) Class: 569K(704K)->569K(704K)
[25.489s][info][gc             ] GC(466) Pause Young (Allocation Failure) 638M->501M(945M) 22.604ms
[25.489s][info][gc,cpu         ] GC(466) User=0.22s Sys=0.00s Real=0.03s
[25.508s][info][gc,start       ] GC(467) Pause Young (Allocation Failure)
[25.531s][info][gc,heap        ] GC(467) PSYoungGen: 263867K(268288K)->73111K(268800K) Eden: 187855K(187904K)->0K(188416K) From: 76011K(80384K)->73111K(80384K)
[25.531s][info][gc,heap        ] GC(467) ParOldGen: 437728K(699392K)->485935K(699392K)
[25.531s][info][gc,metaspace   ] GC(467) Metaspace: 6592K(6848K)->6592K(6848K) NonClass: 6022K(6144K)->6022K(6144K) Class: 569K(704K)->569K(704K)
[25.531s][info][gc             ] GC(467) Pause Young (Allocation Failure) 685M->545M(945M) 22.478ms
[25.531s][info][gc,cpu         ] GC(467) User=0.22s Sys=0.00s Real=0.02s
[25.548s][info][gc,start       ] GC(468) Pause Young (Allocation Failure)
[25.571s][info][gc,heap        ] GC(468) PSYoungGen: 261501K(268800K)->78212K(266752K) Eden: 188390K(188416K)->0K(188416K) From: 73111K(80384K)->78212K(78336K)
[25.571s][info][gc,heap        ] GC(468) ParOldGen: 485935K(699392K)->531843K(699392K)
[25.571s][info][gc,metaspace   ] GC(468) Metaspace: 6592K(6848K)->6592K(6848K) NonClass: 6022K(6144K)->6022K(6144K) Class: 569K(704K)->569K(704K)
[25.571s][info][gc             ] GC(468) Pause Young (Allocation Failure) 729M->595M(943M) 23.657ms
[25.571s][info][gc,cpu         ] GC(468) User=0.23s Sys=0.00s Real=0.03s
[25.592s][info][gc,start       ] GC(469) Pause Young (Allocation Failure)
[25.616s][info][gc,heap        ] GC(469) PSYoungGen: 266596K(266752K)->72011K(268288K) Eden: 188384K(188416K)->0K(187392K) From: 78212K(78336K)->72011K(80896K)
[25.616s][info][gc,heap        ] GC(469) ParOldGen: 531843K(699392K)->582851K(699392K)
[25.616s][info][gc,metaspace   ] GC(469) Metaspace: 6592K(6848K)->6592K(6848K) NonClass: 6022K(6144K)->6022K(6144K) Class: 569K(704K)->569K(704K)
[25.616s][info][gc             ] GC(469) Pause Young (Allocation Failure) 779M->639M(945M) 23.539ms
[25.616s][info][gc,cpu         ] GC(469) User=0.23s Sys=0.00s Real=0.02s
[25.630s][info][gc,start       ] GC(470) Pause Young (Allocation Failure)
[25.653s][info][gc,heap        ] GC(470) PSYoungGen: 259377K(268288K)->74411K(268288K) Eden: 187366K(187392K)->0K(187392K) From: 72011K(80896K)->74411K(80896K)
[25.653s][info][gc,heap        ] GC(470) ParOldGen: 582851K(699392K)->626657K(699392K)
[25.653s][info][gc,metaspace   ] GC(470) Metaspace: 6592K(6848K)->6592K(6848K) NonClass: 6022K(6144K)->6022K(6144K) Class: 569K(704K)->569K(704K)
[25.653s][info][gc             ] GC(470) Pause Young (Allocation Failure) 822M->684M(945M) 23.765ms
[25.653s][info][gc,cpu         ] GC(470) User=0.23s Sys=0.00s Real=0.02s
[25.674s][info][gc,start       ] GC(471) Pause Young (Allocation Failure)
[25.697s][info][gc,heap        ] GC(471) PSYoungGen: 261780K(268288K)->75511K(268800K) Eden: 187368K(187392K)->0K(188416K) From: 74411K(80896K)->75511K(80384K)
[25.697s][info][gc,heap        ] GC(471) ParOldGen: 626657K(699392K)->675265K(699392K)
[25.697s][info][gc,metaspace   ] GC(471) Metaspace: 6592K(6848K)->6592K(6848K) NonClass: 6022K(6144K)->6022K(6144K) Class: 569K(704K)->569K(704K)
[25.697s][info][gc             ] GC(471) Pause Young (Allocation Failure) 867M->733M(945M) 23.825ms
[25.697s][info][gc,cpu         ] GC(471) User=0.22s Sys=0.00s Real=0.02s
[25.697s][info][gc,start       ] GC(472) Pause Full (Ergonomics)
[25.697s][info][gc,phases,start] GC(472) Marking Phase
[25.699s][info][gc,phases      ] GC(472) Marking Phase 1.387ms
[25.699s][info][gc,phases,start] GC(472) Summary Phase
[25.699s][info][gc,phases      ] GC(472) Summary Phase 0.018ms
[25.699s][info][gc,phases,start] GC(472) Adjust Roots
[25.699s][info][gc,phases      ] GC(472) Adjust Roots 0.341ms
[25.699s][info][gc,phases,start] GC(472) Compaction Phase
[25.735s][info][gc,phases      ] GC(472) Compaction Phase 35.860ms
[25.735s][info][gc,phases,start] GC(472) Post Compact
[25.738s][info][gc,phases      ] GC(472) Post Compact 2.411ms
[25.738s][info][gc,heap        ] GC(472) PSYoungGen: 75511K(268800K)->0K(268800K) Eden: 0K(188416K)->0K(188416K) From: 75511K(80384K)->0K(80384K)
[25.738s][info][gc,heap        ] GC(472) ParOldGen: 675265K(699392K)->200791K(699392K)
[25.738s][info][gc,metaspace   ] GC(472) Metaspace: 6592K(6848K)->6592K(6848K) NonClass: 6022K(6144K)->6022K(6144K) Class: 569K(704K)->569K(704K)
[25.738s][info][gc             ] GC(472) Pause Full (Ergonomics) 733M->196M(945M) 40.233ms
[25.738s][info][gc,cpu         ] GC(472) User=0.37s Sys=0.00s Real=0.04s
[25.753s][info][gc,start       ] GC(473) Pause Young (Allocation Failure)
[25.767s][info][gc,heap        ] GC(473) PSYoungGen: 188415K(268800K)->75411K(269312K) Eden: 188415K(188416K)->0K(188928K) From: 0K(80384K)->75411K(80384K)
[25.767s][info][gc,heap        ] GC(473) ParOldGen: 200791K(699392K)->200791K(699392K)
[25.767s][info][gc,metaspace   ] GC(473) Metaspace: 6592K(6848K)->6592K(6848K) NonClass: 6022K(6144K)->6022K(6144K) Class: 569K(704K)->569K(704K)
[25.768s][info][gc             ] GC(473) Pause Young (Allocation Failure) 380M->269M(946M) 14.529ms
[25.768s][info][gc,cpu         ] GC(473) User=0.14s Sys=0.00s Real=0.01s
[25.782s][info][gc,start       ] GC(474) Pause Young (Allocation Failure)
[25.805s][info][gc,heap        ] GC(474) PSYoungGen: 264240K(269312K)->73611K(268800K) Eden: 188828K(188928K)->0K(188928K) From: 75411K(80384K)->73611K(79872K)
[25.805s][info][gc,heap        ] GC(474) ParOldGen: 200791K(699392K)->248098K(699392K)
[25.805s][info][gc,metaspace   ] GC(474) Metaspace: 6592K(6848K)->6592K(6848K) NonClass: 6022K(6144K)->6022K(6144K) Class: 569K(704K)->569K(704K)
[25.805s][info][gc             ] GC(474) Pause Young (Allocation Failure) 454M->314M(945M) 22.563ms
[25.805s][info][gc,cpu         ] GC(474) User=0.22s Sys=0.00s Real=0.02s
[25.825s][info][gc,start       ] GC(475) Pause Young (Allocation Failure)
[25.848s][info][gc,heap        ] GC(475) PSYoungGen: 262455K(268800K)->75711K(269824K) Eden: 188843K(188928K)->0K(189952K) From: 73611K(79872K)->75711K(79872K)
[25.848s][info][gc,heap        ] GC(475) ParOldGen: 248098K(699392K)->291805K(699392K)
[25.848s][info][gc,metaspace   ] GC(475) Metaspace: 6592K(6848K)->6592K(6848K) NonClass: 6022K(6144K)->6022K(6144K) Class: 569K(704K)->569K(704K)
[25.848s][info][gc             ] GC(475) Pause Young (Allocation Failure) 498M->358M(946M) 22.975ms
[25.848s][info][gc,cpu         ] GC(475) User=0.22s Sys=0.00s Real=0.02s
[25.867s][info][gc,start       ] GC(476) Pause Young (Allocation Failure)
[25.889s][info][gc,heap        ] GC(476) PSYoungGen: 265620K(269824K)->77712K(269312K) Eden: 189909K(189952K)->0K(189952K) From: 75711K(79872K)->77712K(79360K)
[25.889s][info][gc,heap        ] GC(476) ParOldGen: 291805K(699392K)->336912K(699392K)
[25.889s][info][gc,metaspace   ] GC(476) Metaspace: 6592K(6848K)->6592K(6848K) NonClass: 6022K(6144K)->6022K(6144K) Class: 569K(704K)->569K(704K)
[25.889s][info][gc             ] GC(476) Pause Young (Allocation Failure) 544M->404M(946M) 22.115ms
[25.889s][info][gc,cpu         ] GC(476) User=0.21s Sys=0.00s Real=0.03s
[25.906s][info][gc,start       ] GC(477) Pause Young (Allocation Failure)
[25.929s][info][gc,heap        ] GC(477) PSYoungGen: 267569K(269312K)->78012K(268288K) Eden: 189856K(189952K)->0K(188416K) From: 77712K(79360K)->78012K(79872K)
[25.929s][info][gc,heap        ] GC(477) ParOldGen: 336912K(699392K)->386720K(699392K)
[25.929s][info][gc,metaspace   ] GC(477) Metaspace: 6592K(6848K)->6592K(6848K) NonClass: 6022K(6144K)->6022K(6144K) Class: 569K(704K)->569K(704K)
[25.930s][info][gc             ] GC(477) Pause Young (Allocation Failure) 590M->453M(945M) 23.923ms
[25.930s][info][gc,cpu         ] GC(477) User=0.23s Sys=0.00s Real=0.03s
[25.945s][info][gc,start       ] GC(478) Pause Young (Allocation Failure)
[25.968s][info][gc,heap        ] GC(478) PSYoungGen: 266399K(268288K)->76511K(268800K) Eden: 188387K(188416K)->0K(188416K) From: 78012K(79872K)->76511K(80384K)
[25.968s][info][gc,heap        ] GC(478) ParOldGen: 386720K(699392K)->433627K(699392K)
[25.968s][info][gc,metaspace   ] GC(478) Metaspace: 6592K(6848K)->6592K(6848K) NonClass: 6022K(6144K)->6022K(6144K) Class: 569K(704K)->569K(704K)
[25.968s][info][gc             ] GC(478) Pause Young (Allocation Failure) 637M->498M(945M) 23.381ms
[25.968s][info][gc,cpu         ] GC(478) User=0.23s Sys=0.00s Real=0.02s
[25.982s][info][gc,start       ] GC(479) Pause Young (Allocation Failure)
[26.005s][info][gc,heap        ] GC(479) PSYoungGen: 264899K(268800K)->77812K(267776K) Eden: 188387K(188416K)->0K(187392K) From: 76511K(80384K)->77812K(80384K)
[26.005s][info][gc,heap        ] GC(479) ParOldGen: 433627K(699392K)->480635K(699392K)
[26.005s][info][gc,metaspace   ] GC(479) Metaspace: 6592K(6848K)->6592K(6848K) NonClass: 6022K(6144K)->6022K(6144K) Class: 569K(704K)->569K(704K)
[26.005s][info][gc             ] GC(479) Pause Young (Allocation Failure) 682M->545M(944M) 23.343ms
[26.005s][info][gc,cpu         ] GC(479) User=0.23s Sys=0.00s Real=0.02s
[26.026s][info][gc,start       ] GC(480) Pause Young (Allocation Failure)
[26.049s][info][gc,heap        ] GC(480) PSYoungGen: 265204K(267776K)->71411K(268288K) Eden: 187392K(187392K)->0K(187392K) From: 77812K(80384K)->71411K(80896K)
[26.049s][info][gc,heap        ] GC(480) ParOldGen: 480635K(699392K)->532443K(699392K)
[26.049s][info][gc,metaspace   ] GC(480) Metaspace: 6592K(6848K)->6592K(6848K) NonClass: 6022K(6144K)->6022K(6144K) Class: 569K(704K)->569K(704K)
[26.049s][info][gc             ] GC(480) Pause Young (Allocation Failure) 728M->589M(945M) 23.238ms
[26.049s][info][gc,cpu         ] GC(480) User=0.22s Sys=0.00s Real=0.03s
[26.064s][info][gc,start       ] GC(481) Pause Young (Allocation Failure)
[26.087s][info][gc,heap        ] GC(481) PSYoungGen: 258781K(268288K)->75711K(268288K) Eden: 187370K(187392K)->0K(187392K) From: 71411K(80896K)->75711K(80896K)
[26.087s][info][gc,heap        ] GC(481) ParOldGen: 532443K(699392K)->577750K(699392K)
[26.087s][info][gc,metaspace   ] GC(481) Metaspace: 6592K(6848K)->6592K(6848K) NonClass: 6022K(6144K)->6022K(6144K) Class: 569K(704K)->569K(704K)
[26.087s][info][gc             ] GC(481) Pause Young (Allocation Failure) 772M->638M(945M) 23.016ms
[26.087s][info][gc,cpu         ] GC(481) User=0.23s Sys=0.00s Real=0.02s
[26.101s][info][gc,start       ] GC(482) Pause Young (Allocation Failure)
[26.125s][info][gc,heap        ] GC(482) PSYoungGen: 263006K(268288K)->73811K(268288K) Eden: 187294K(187392K)->0K(187392K) From: 75711K(80896K)->73811K(80896K)
[26.125s][info][gc,heap        ] GC(482) ParOldGen: 577750K(699392K)->625857K(699392K)
[26.125s][info][gc,metaspace   ] GC(482) Metaspace: 6592K(6848K)->6592K(6848K) NonClass: 6022K(6144K)->6022K(6144K) Class: 569K(704K)->569K(704K)
[26.125s][info][gc             ] GC(482) Pause Young (Allocation Failure) 821M->683M(945M) 23.449ms
[26.125s][info][gc,cpu         ] GC(482) User=0.22s Sys=0.00s Real=0.02s
[26.141s][info][gc,start       ] GC(483) Pause Young (Allocation Failure)
[26.164s][info][gc,heap        ] GC(483) PSYoungGen: 261181K(268288K)->73111K(268800K) Eden: 187369K(187392K)->0K(188416K) From: 73811K(80896K)->73111K(80384K)
[26.164s][info][gc,heap        ] GC(483) ParOldGen: 625857K(699392K)->673265K(699392K)
[26.164s][info][gc,metaspace   ] GC(483) Metaspace: 6592K(6848K)->6592K(6848K) NonClass: 6022K(6144K)->6022K(6144K) Class: 569K(704K)->569K(704K)
[26.164s][info][gc             ] GC(483) Pause Young (Allocation Failure) 866M->728M(945M) 23.418ms
[26.164s][info][gc,cpu         ] GC(483) User=0.23s Sys=0.00s Real=0.02s
[26.164s][info][gc,start       ] GC(484) Pause Full (Ergonomics)
[26.164s][info][gc,phases,start] GC(484) Marking Phase
[26.166s][info][gc,phases      ] GC(484) Marking Phase 1.901ms
[26.166s][info][gc,phases,start] GC(484) Summary Phase
[26.166s][info][gc,phases      ] GC(484) Summary Phase 0.019ms
[26.166s][info][gc,phases,start] GC(484) Adjust Roots
[26.167s][info][gc,phases      ] GC(484) Adjust Roots 0.348ms
[26.167s][info][gc,phases,start] GC(484) Compaction Phase
[26.203s][info][gc,phases      ] GC(484) Compaction Phase 36.620ms
[26.203s][info][gc,phases,start] GC(484) Post Compact
[26.205s][info][gc,phases      ] GC(484) Post Compact 1.324ms
[26.205s][info][gc,heap        ] GC(484) PSYoungGen: 73111K(268800K)->0K(268800K) Eden: 0K(188416K)->0K(188416K) From: 73111K(80384K)->0K(80384K)
[26.205s][info][gc,heap        ] GC(484) ParOldGen: 673265K(699392K)->200791K(699392K)
[26.205s][info][gc,metaspace   ] GC(484) Metaspace: 6592K(6848K)->6592K(6848K) NonClass: 6022K(6144K)->6022K(6144K) Class: 569K(704K)->569K(704K)
[26.205s][info][gc             ] GC(484) Pause Full (Ergonomics) 728M->196M(945M) 40.471ms
[26.205s][info][gc,cpu         ] GC(484) User=0.37s Sys=0.00s Real=0.04s
[26.222s][info][gc,start       ] GC(485) Pause Young (Allocation Failure)
[26.238s][info][gc,heap        ] GC(485) PSYoungGen: 188391K(268800K)->77612K(267776K) Eden: 188391K(188416K)->0K(187392K) From: 0K(80384K)->77612K(80384K)
[26.238s][info][gc,heap        ] GC(485) ParOldGen: 200791K(699392K)->200791K(699392K)
[26.238s][info][gc,metaspace   ] GC(485) Metaspace: 6592K(6848K)->6592K(6848K) NonClass: 6022K(6144K)->6022K(6144K) Class: 569K(704K)->569K(704K)
[26.238s][info][gc             ] GC(485) Pause Young (Allocation Failure) 380M->271M(944M) 15.347ms
[26.238s][info][gc,cpu         ] GC(485) User=0.15s Sys=0.00s Real=0.01s
[26.255s][info][gc,start       ] GC(486) Pause Young (Allocation Failure)
[26.277s][info][gc,heap        ] GC(486) PSYoungGen: 264955K(267776K)->72911K(268288K) Eden: 187343K(187392K)->0K(187392K) From: 77612K(80384K)->72911K(80896K)
[26.277s][info][gc,heap        ] GC(486) ParOldGen: 200791K(699392K)->252199K(699392K)
[26.278s][info][gc,metaspace   ] GC(486) Metaspace: 6592K(6848K)->6592K(6848K) NonClass: 6022K(6144K)->6022K(6144K) Class: 569K(704K)->569K(704K)
[26.278s][info][gc             ] GC(486) Pause Young (Allocation Failure) 454M->317M(945M) 22.646ms
[26.278s][info][gc,cpu         ] GC(486) User=0.22s Sys=0.00s Real=0.02s
[26.296s][info][gc,start       ] GC(487) Pause Young (Allocation Failure)
[26.319s][info][gc,heap        ] GC(487) PSYoungGen: 260264K(268288K)->73311K(268800K) Eden: 187353K(187392K)->0K(187904K) From: 72911K(80896K)->73311K(80896K)
[26.319s][info][gc,heap        ] GC(487) ParOldGen: 252199K(699392K)->299506K(699392K)
[26.319s][info][gc,metaspace   ] GC(487) Metaspace: 6592K(6848K)->6592K(6848K) NonClass: 6022K(6144K)->6022K(6144K) Class: 569K(704K)->569K(704K)
[26.319s][info][gc             ] GC(487) Pause Young (Allocation Failure) 500M->364M(945M) 22.770ms
[26.319s][info][gc,cpu         ] GC(487) User=0.22s Sys=0.00s Real=0.03s
[26.340s][info][gc,start       ] GC(488) Pause Young (Allocation Failure)
[26.364s][info][gc,heap        ] GC(488) PSYoungGen: 261155K(268800K)->75811K(268288K) Eden: 187843K(187904K)->0K(187904K) From: 73311K(80896K)->75811K(80384K)
[26.364s][info][gc,heap        ] GC(488) ParOldGen: 299506K(699392K)->345513K(699392K)
[26.364s][info][gc,metaspace   ] GC(488) Metaspace: 6592K(6848K)->6592K(6848K) NonClass: 6022K(6144K)->6022K(6144K) Class: 569K(704K)->569K(704K)
[26.364s][info][gc             ] GC(488) Pause Young (Allocation Failure) 547M->411M(945M) 23.755ms
[26.364s][info][gc,cpu         ] GC(488) User=0.23s Sys=0.00s Real=0.02s
[26.383s][info][gc,start       ] GC(489) Pause Young (Allocation Failure)
[26.407s][info][gc,heap        ] GC(489) PSYoungGen: 263663K(268288K)->76511K(268800K) Eden: 187852K(187904K)->0K(188416K) From: 75811K(80384K)->76511K(80384K)
[26.407s][info][gc,heap        ] GC(489) ParOldGen: 345513K(699392K)->392421K(699392K)
[26.407s][info][gc,metaspace   ] GC(489) Metaspace: 6592K(6848K)->6592K(6848K) NonClass: 6022K(6144K)->6022K(6144K) Class: 569K(704K)->569K(704K)
[26.407s][info][gc             ] GC(489) Pause Young (Allocation Failure) 594M->457M(945M) 23.902ms
[26.407s][info][gc,cpu         ] GC(489) User=0.23s Sys=0.00s Real=0.02s
[26.427s][info][gc,start       ] GC(490) Pause Young (Allocation Failure)
[26.450s][info][gc,heap        ] GC(490) PSYoungGen: 264896K(268800K)->76011K(268800K) Eden: 188384K(188416K)->0K(188416K) From: 76511K(80384K)->76011K(80384K)
[26.450s][info][gc,heap        ] GC(490) ParOldGen: 392421K(699392K)->442629K(699392K)
[26.450s][info][gc,metaspace   ] GC(490) Metaspace: 6592K(6848K)->6592K(6848K) NonClass: 6022K(6144K)->6022K(6144K) Class: 569K(704K)->569K(704K)
[26.450s][info][gc             ] GC(490) Pause Young (Allocation Failure) 641M->506M(945M) 23.089ms
[26.450s][info][gc,cpu         ] GC(490) User=0.22s Sys=0.00s Real=0.03s
[26.470s][info][gc,start       ] GC(491) Pause Young (Allocation Failure)
[26.493s][info][gc,heap        ] GC(491) PSYoungGen: 264357K(268800K)->70911K(268800K) Eden: 188345K(188416K)->0K(188416K) From: 76011K(80384K)->70911K(80384K)
[26.493s][info][gc,heap        ] GC(491) ParOldGen: 442629K(699392K)->490936K(699392K)
[26.493s][info][gc,metaspace   ] GC(491) Metaspace: 6592K(6848K)->6592K(6848K) NonClass: 6022K(6144K)->6022K(6144K) Class: 569K(704K)->569K(704K)
[26.493s][info][gc             ] GC(491) Pause Young (Allocation Failure) 690M->548M(945M) 22.904ms
[26.493s][info][gc,cpu         ] GC(491) User=0.22s Sys=0.00s Real=0.02s
[26.513s][info][gc,start       ] GC(492) Pause Young (Allocation Failure)
[26.536s][info][gc,heap        ] GC(492) PSYoungGen: 259295K(268800K)->76111K(268800K) Eden: 188384K(188416K)->0K(188416K) From: 70911K(80384K)->76111K(80384K)
[26.536s][info][gc,heap        ] GC(492) ParOldGen: 490936K(699392K)->535043K(699392K)
[26.536s][info][gc,metaspace   ] GC(492) Metaspace: 6592K(6848K)->6592K(6848K) NonClass: 6022K(6144K)->6022K(6144K) Class: 569K(704K)->569K(704K)
[26.536s][info][gc             ] GC(492) Pause Young (Allocation Failure) 732M->596M(945M) 22.741ms
[26.536s][info][gc,cpu         ] GC(492) User=0.22s Sys=0.00s Real=0.02s
[26.556s][info][gc,start       ] GC(493) Pause Young (Allocation Failure)
[26.580s][info][gc,heap        ] GC(493) PSYoungGen: 264506K(268800K)->75811K(268800K) Eden: 188394K(188416K)->0K(188416K) From: 76111K(80384K)->75811K(80384K)
[26.580s][info][gc,heap        ] GC(493) ParOldGen: 535043K(699392K)->582550K(699392K)
[26.580s][info][gc,metaspace   ] GC(493) Metaspace: 6592K(6848K)->6592K(6848K) NonClass: 6022K(6144K)->6022K(6144K) Class: 569K(704K)->569K(704K)
[26.580s][info][gc             ] GC(493) Pause Young (Allocation Failure) 780M->642M(945M) 24.594ms
[26.580s][info][gc,cpu         ] GC(493) User=0.23s Sys=0.00s Real=0.03s
[26.601s][info][gc,start       ] GC(494) Pause Young (Allocation Failure)
[26.625s][info][gc,heap        ] GC(494) PSYoungGen: 264199K(268800K)->74711K(268800K) Eden: 188387K(188416K)->0K(188416K) From: 75811K(80384K)->74711K(80384K)
[26.625s][info][gc,heap        ] GC(494) ParOldGen: 582550K(699392K)->628858K(699392K)
[26.625s][info][gc,metaspace   ] GC(494) Metaspace: 6592K(6848K)->6592K(6848K) NonClass: 6022K(6144K)->6022K(6144K) Class: 569K(704K)->569K(704K)
[26.625s][info][gc             ] GC(494) Pause Young (Allocation Failure) 826M->687M(945M) 23.969ms
[26.625s][info][gc,cpu         ] GC(494) User=0.23s Sys=0.00s Real=0.02s
[26.647s][info][gc,start       ] GC(495) Pause Young (Allocation Failure)
[26.672s][info][gc,heap        ] GC(495) PSYoungGen: 263127K(268800K)->74911K(269824K) Eden: 188416K(188416K)->0K(189952K) From: 74711K(80384K)->74911K(79872K)
[26.672s][info][gc,heap        ] GC(495) ParOldGen: 628858K(699392K)->676365K(699392K)
[26.672s][info][gc,metaspace   ] GC(495) Metaspace: 6592K(6848K)->6592K(6848K) NonClass: 6022K(6144K)->6022K(6144K) Class: 569K(704K)->569K(704K)
[26.672s][info][gc             ] GC(495) Pause Young (Allocation Failure) 871M->733M(946M) 25.043ms
[26.672s][info][gc,cpu         ] GC(495) User=0.24s Sys=0.00s Real=0.03s
[26.672s][info][gc,start       ] GC(496) Pause Full (Ergonomics)
[26.672s][info][gc,phases,start] GC(496) Marking Phase
[26.675s][info][gc,phases      ] GC(496) Marking Phase 2.438ms
[26.675s][info][gc,phases,start] GC(496) Summary Phase
[26.675s][info][gc,phases      ] GC(496) Summary Phase 0.019ms
[26.675s][info][gc,phases,start] GC(496) Adjust Roots
[26.675s][info][gc,phases      ] GC(496) Adjust Roots 0.355ms
[26.675s][info][gc,phases,start] GC(496) Compaction Phase
[26.713s][info][gc,phases      ] GC(496) Compaction Phase 37.864ms
[26.713s][info][gc,phases,start] GC(496) Post Compact
[26.716s][info][gc,phases      ] GC(496) Post Compact 2.591ms
[26.716s][info][gc,heap        ] GC(496) PSYoungGen: 74911K(269824K)->0K(269312K) Eden: 0K(189952K)->0K(189952K) From: 74911K(79872K)->0K(79360K)
[26.716s][info][gc,heap        ] GC(496) ParOldGen: 676365K(699392K)->200791K(699392K)
[26.716s][info][gc,metaspace   ] GC(496) Metaspace: 6592K(6848K)->6592K(6848K) NonClass: 6022K(6144K)->6022K(6144K) Class: 569K(704K)->569K(704K)
[26.716s][info][gc             ] GC(496) Pause Full (Ergonomics) 733M->196M(946M) 43.515ms
[26.716s][info][gc,cpu         ] GC(496) User=0.38s Sys=0.00s Real=0.04s
[26.743s][info][gc,start       ] GC(497) Pause Young (Allocation Failure)
[26.757s][info][gc,heap        ] GC(497) PSYoungGen: 189887K(269312K)->75111K(270336K) Eden: 189887K(189952K)->0K(190976K) From: 0K(79360K)->75111K(79360K)
[26.757s][info][gc,heap        ] GC(497) ParOldGen: 200791K(699392K)->200791K(699392K)
[26.757s][info][gc,metaspace   ] GC(497) Metaspace: 6592K(6848K)->6592K(6848K) NonClass: 6022K(6144K)->6022K(6144K) Class: 569K(704K)->569K(704K)
[26.757s][info][gc             ] GC(497) Pause Young (Allocation Failure) 381M->269M(947M) 14.414ms
[26.757s][info][gc,cpu         ] GC(497) User=0.14s Sys=0.00s Real=0.01s
[26.779s][info][gc,start       ] GC(498) Pause Young (Allocation Failure)
[26.801s][info][gc,heap        ] GC(498) PSYoungGen: 266030K(270336K)->72611K(269824K) Eden: 190919K(190976K)->0K(190976K) From: 75111K(79360K)->72611K(78848K)
[26.801s][info][gc,heap        ] GC(498) ParOldGen: 200791K(699392K)->247898K(699392K)
[26.801s][info][gc,metaspace   ] GC(498) Metaspace: 6592K(6848K)->6592K(6848K) NonClass: 6022K(6144K)->6022K(6144K) Class: 569K(704K)->569K(704K)
[26.801s][info][gc             ] GC(498) Pause Young (Allocation Failure) 455M->312M(946M) 22.033ms
[26.801s][info][gc,cpu         ] GC(498) User=0.21s Sys=0.00s Real=0.02s
[26.823s][info][gc,start       ] GC(499) Pause Young (Allocation Failure)
[26.847s][info][gc,heap        ] GC(499) PSYoungGen: 263499K(269824K)->78212K(268288K) Eden: 190888K(190976K)->0K(189440K) From: 72611K(78848K)->78212K(78848K)
[26.847s][info][gc,heap        ] GC(499) ParOldGen: 247898K(699392K)->291405K(699392K)
[26.847s][info][gc,metaspace   ] GC(499) Metaspace: 6592K(6848K)->6592K(6848K) NonClass: 6022K(6144K)->6022K(6144K) Class: 569K(704K)->569K(704K)
[26.847s][info][gc             ] GC(499) Pause Young (Allocation Failure) 499M->360M(945M) 24.410ms
[26.847s][info][gc,cpu         ] GC(499) User=0.23s Sys=0.00s Real=0.02s
[26.866s][info][gc,start       ] GC(500) Pause Young (Allocation Failure)
[26.890s][info][gc,heap        ] GC(500) PSYoungGen: 267610K(268288K)->76311K(269312K) Eden: 189398K(189440K)->0K(189440K) From: 78212K(78848K)->76311K(79872K)
[26.890s][info][gc,heap        ] GC(500) ParOldGen: 291405K(699392K)->338212K(699392K)
[26.890s][info][gc,metaspace   ] GC(500) Metaspace: 6592K(6848K)->6592K(6848K) NonClass: 6022K(6144K)->6022K(6144K) Class: 569K(704K)->569K(704K)
[26.890s][info][gc             ] GC(500) Pause Young (Allocation Failure) 545M->404M(946M) 23.573ms
[26.890s][info][gc,cpu         ] GC(500) User=0.22s Sys=0.00s Real=0.03s
[26.910s][info][gc,start       ] GC(501) Pause Young (Allocation Failure)
[26.933s][info][gc,heap        ] GC(501) PSYoungGen: 265662K(269312K)->75911K(269312K) Eden: 189350K(189440K)->0K(189440K) From: 76311K(79872K)->75911K(79872K)
[26.933s][info][gc,heap        ] GC(501) ParOldGen: 338212K(699392K)->384520K(699392K)
[26.933s][info][gc,metaspace   ] GC(501) Metaspace: 6592K(6848K)->6592K(6848K) NonClass: 6022K(6144K)->6022K(6144K) Class: 569K(704K)->569K(704K)
[26.933s][info][gc             ] GC(501) Pause Young (Allocation Failure) 589M->449M(946M) 22.781ms
[26.933s][info][gc,cpu         ] GC(501) User=0.22s Sys=0.00s Real=0.02s
[26.960s][info][gc,start       ] GC(502) Pause Young (Allocation Failure)
[26.983s][info][gc,heap        ] GC(502) PSYoungGen: 265276K(269312K)->77112K(269312K) Eden: 189364K(189440K)->0K(189440K) From: 75911K(79872K)->77112K(79872K)
[26.983s][info][gc,heap        ] GC(502) ParOldGen: 384520K(699392K)->432227K(699392K)
[26.983s][info][gc,metaspace   ] GC(502) Metaspace: 6592K(6848K)->6592K(6848K) NonClass: 6022K(6144K)->6022K(6144K) Class: 569K(704K)->569K(704K)
[26.983s][info][gc             ] GC(502) Pause Young (Allocation Failure) 634M->497M(946M) 23.315ms
[26.983s][info][gc,cpu         ] GC(502) User=0.22s Sys=0.00s Real=0.02s
[27.004s][info][gc,start       ] GC(503) Pause Young (Allocation Failure)
[27.027s][info][gc,heap        ] GC(503) PSYoungGen: 266458K(269312K)->74311K(269312K) Eden: 189346K(189440K)->0K(189440K) From: 77112K(79872K)->74311K(79872K)
[27.027s][info][gc,heap        ] GC(503) ParOldGen: 432227K(699392K)->480935K(699392K)
[27.027s][info][gc,metaspace   ] GC(503) Metaspace: 6592K(6848K)->6592K(6848K) NonClass: 6022K(6144K)->6022K(6144K) Class: 569K(704K)->569K(704K)
[27.027s][info][gc             ] GC(503) Pause Young (Allocation Failure) 682M->542M(946M) 23.335ms
[27.027s][info][gc,cpu         ] GC(503) User=0.22s Sys=0.00s Real=0.02s
[27.047s][info][gc,start       ] GC(504) Pause Young (Allocation Failure)
[27.070s][info][gc,heap        ] GC(504) PSYoungGen: 263690K(269312K)->74111K(269312K) Eden: 189378K(189440K)->0K(189440K) From: 74311K(79872K)->74111K(79872K)
[27.070s][info][gc,heap        ] GC(504) ParOldGen: 480935K(699392K)->527942K(699392K)
[27.070s][info][gc,metaspace   ] GC(504) Metaspace: 6592K(6848K)->6592K(6848K) NonClass: 6022K(6144K)->6022K(6144K) Class: 569K(704K)->569K(704K)
[27.070s][info][gc             ] GC(504) Pause Young (Allocation Failure) 727M->587M(946M) 22.901ms
[27.070s][info][gc,cpu         ] GC(504) User=0.22s Sys=0.00s Real=0.03s
[27.089s][info][gc,start       ] GC(505) Pause Young (Allocation Failure)
[27.113s][info][gc,heap        ] GC(505) PSYoungGen: 263512K(269312K)->75811K(269824K) Eden: 189400K(189440K)->0K(190464K) From: 74111K(79872K)->75811K(79360K)
[27.113s][info][gc,heap        ] GC(505) ParOldGen: 527942K(699392K)->574549K(699392K)
[27.113s][info][gc,metaspace   ] GC(505) Metaspace: 6592K(6848K)->6592K(6848K) NonClass: 6022K(6144K)->6022K(6144K) Class: 569K(704K)->569K(704K)
[27.113s][info][gc             ] GC(505) Pause Young (Allocation Failure) 772M->635M(946M) 23.519ms
[27.113s][info][gc,cpu         ] GC(505) User=0.22s Sys=0.00s Real=0.02s
[27.135s][info][gc,start       ] GC(506) Pause Young (Allocation Failure)
[27.159s][info][gc,heap        ] GC(506) PSYoungGen: 266189K(269824K)->74911K(269824K) Eden: 190377K(190464K)->0K(190464K) From: 75811K(79360K)->74911K(79360K)
[27.159s][info][gc,heap        ] GC(506) ParOldGen: 574549K(699392K)->621457K(699392K)
[27.159s][info][gc,metaspace   ] GC(506) Metaspace: 6592K(6848K)->6592K(6848K) NonClass: 6022K(6144K)->6022K(6144K) Class: 569K(704K)->569K(704K)
[27.159s][info][gc             ] GC(506) Pause Young (Allocation Failure) 821M->680M(946M) 24.023ms
[27.159s][info][gc,cpu         ] GC(506) User=0.23s Sys=0.00s Real=0.03s
[27.184s][info][gc,start       ] GC(507) Pause Young (Allocation Failure)
[27.210s][info][gc,heap        ] GC(507) PSYoungGen: 265368K(269824K)->75011K(270336K) Eden: 190457K(190464K)->0K(191488K) From: 74911K(79360K)->75011K(78848K)
[27.210s][info][gc,heap        ] GC(507) ParOldGen: 621457K(699392K)->668564K(699392K)
[27.210s][info][gc,metaspace   ] GC(507) Metaspace: 6592K(6848K)->6592K(6848K) NonClass: 6022K(6144K)->6022K(6144K) Class: 569K(704K)->569K(704K)
[27.210s][info][gc             ] GC(507) Pause Young (Allocation Failure) 866M->726M(947M) 26.039ms
[27.210s][info][gc,cpu         ] GC(507) User=0.25s Sys=0.00s Real=0.03s
[27.210s][info][gc,start       ] GC(508) Pause Full (Ergonomics)
[27.210s][info][gc,phases,start] GC(508) Marking Phase
[27.212s][info][gc,phases      ] GC(508) Marking Phase 1.651ms
[27.212s][info][gc,phases,start] GC(508) Summary Phase
[27.212s][info][gc,phases      ] GC(508) Summary Phase 0.021ms
[27.212s][info][gc,phases,start] GC(508) Adjust Roots
[27.212s][info][gc,phases      ] GC(508) Adjust Roots 0.385ms
[27.212s][info][gc,phases,start] GC(508) Compaction Phase
[27.251s][info][gc,phases      ] GC(508) Compaction Phase 38.813ms
[27.251s][info][gc,phases,start] GC(508) Post Compact
[27.254s][info][gc,phases      ] GC(508) Post Compact 2.462ms
[27.254s][info][gc,heap        ] GC(508) PSYoungGen: 75011K(270336K)->0K(270336K) Eden: 0K(191488K)->0K(191488K) From: 75011K(78848K)->0K(78848K)
[27.254s][info][gc,heap        ] GC(508) ParOldGen: 668564K(699392K)->200955K(699392K)
[27.254s][info][gc,metaspace   ] GC(508) Metaspace: 6592K(6848K)->6592K(6848K) NonClass: 6022K(6144K)->6022K(6144K) Class: 569K(704K)->569K(704K)
[27.254s][info][gc             ] GC(508) Pause Full (Ergonomics) 726M->196M(947M) 43.598ms
[27.254s][info][gc,cpu         ] GC(508) User=0.39s Sys=0.00s Real=0.04s
[27.276s][info][gc,start       ] GC(509) Pause Young (Allocation Failure)
[27.291s][info][gc,heap        ] GC(509) PSYoungGen: 191472K(270336K)->77012K(270336K) Eden: 191472K(191488K)->0K(191488K) From: 0K(78848K)->77012K(78848K)
[27.291s][info][gc,heap        ] GC(509) ParOldGen: 200955K(699392K)->200955K(699392K)
[27.291s][info][gc,metaspace   ] GC(509) Metaspace: 6592K(6848K)->6592K(6848K) NonClass: 6022K(6144K)->6022K(6144K) Class: 569K(704K)->569K(704K)
[27.291s][info][gc             ] GC(509) Pause Young (Allocation Failure) 383M->271M(947M) 14.837ms
[27.291s][info][gc,cpu         ] GC(509) User=0.14s Sys=0.00s Real=0.02s
[27.312s][info][gc,start       ] GC(510) Pause Young (Allocation Failure)
[27.336s][info][gc,heap        ] GC(510) PSYoungGen: 268446K(270336K)->78812K(270336K) Eden: 191434K(191488K)->0K(191488K) From: 77012K(78848K)->78812K(78848K)
[27.336s][info][gc,heap        ] GC(510) ParOldGen: 200955K(699392K)->248262K(699392K)
[27.336s][info][gc,metaspace   ] GC(510) Metaspace: 6592K(6848K)->6592K(6848K) NonClass: 6022K(6144K)->6022K(6144K) Class: 569K(704K)->569K(704K)
[27.336s][info][gc             ] GC(510) Pause Young (Allocation Failure) 458M->319M(947M) 24.680ms
[27.336s][info][gc,cpu         ] GC(510) User=0.24s Sys=0.00s Real=0.02s
[27.358s][info][gc,start       ] GC(511) Pause Young (Allocation Failure)
[27.382s][info][gc,heap        ] GC(511) PSYoungGen: 270246K(270336K)->75311K(268288K) Eden: 191433K(191488K)->0K(189440K) From: 78812K(78848K)->75311K(78848K)
[27.382s][info][gc,heap        ] GC(511) ParOldGen: 248262K(699392K)->297470K(699392K)
[27.382s][info][gc,metaspace   ] GC(511) Metaspace: 6592K(6848K)->6592K(6848K) NonClass: 6022K(6144K)->6022K(6144K) Class: 569K(704K)->569K(704K)
[27.382s][info][gc             ] GC(511) Pause Young (Allocation Failure) 506M->364M(945M) 24.521ms
[27.382s][info][gc,cpu         ] GC(511) User=0.24s Sys=0.00s Real=0.03s
[27.406s][info][gc,start       ] GC(512) Pause Young (Allocation Failure)
[27.429s][info][gc,heap        ] GC(512) PSYoungGen: 264726K(268288K)->78712K(268288K) Eden: 189414K(189440K)->0K(189440K) From: 75311K(78848K)->78712K(78848K)
[27.430s][info][gc,heap        ] GC(512) ParOldGen: 297470K(699392K)->343177K(699392K)
[27.430s][info][gc,metaspace   ] GC(512) Metaspace: 6592K(6848K)->6592K(6848K) NonClass: 6022K(6144K)->6022K(6144K) Class: 569K(704K)->569K(704K)
[27.430s][info][gc             ] GC(512) Pause Young (Allocation Failure) 549M->412M(945M) 23.802ms
[27.430s][info][gc,cpu         ] GC(512) User=0.23s Sys=0.00s Real=0.03s
[27.448s][info][gc,start       ] GC(513) Pause Young (Allocation Failure)
[27.473s][info][gc,heap        ] GC(513) PSYoungGen: 268151K(268288K)->74011K(268800K) Eden: 189439K(189440K)->0K(188416K) From: 78712K(78848K)->74011K(80384K)
[27.473s][info][gc,heap        ] GC(513) ParOldGen: 343177K(699392K)->394585K(699392K)
[27.473s][info][gc,metaspace   ] GC(513) Metaspace: 6592K(6848K)->6592K(6848K) NonClass: 6022K(6144K)->6022K(6144K) Class: 569K(704K)->569K(704K)
[27.473s][info][gc             ] GC(513) Pause Young (Allocation Failure) 597M->457M(945M) 24.615ms
[27.473s][info][gc,cpu         ] GC(513) User=0.23s Sys=0.00s Real=0.03s
[27.496s][info][gc,start       ] GC(514) Pause Young (Allocation Failure)
[27.519s][info][gc,heap        ] GC(514) PSYoungGen: 262427K(268800K)->77712K(268800K) Eden: 188416K(188416K)->0K(188416K) From: 74011K(80384K)->77712K(80384K)
[27.519s][info][gc,heap        ] GC(514) ParOldGen: 394585K(699392K)->439492K(699392K)
[27.519s][info][gc,metaspace   ] GC(514) Metaspace: 6592K(6848K)->6592K(6848K) NonClass: 6022K(6144K)->6022K(6144K) Class: 569K(704K)->569K(704K)
[27.519s][info][gc             ] GC(514) Pause Young (Allocation Failure) 641M->505M(945M) 23.296ms
[27.519s][info][gc,cpu         ] GC(514) User=0.22s Sys=0.00s Real=0.03s
[27.542s][info][gc,start       ] GC(515) Pause Young (Allocation Failure)
[27.565s][info][gc,heap        ] GC(515) PSYoungGen: 266047K(268800K)->72211K(267776K) Eden: 188335K(188416K)->0K(187392K) From: 77712K(80384K)->72211K(80384K)
[27.565s][info][gc,heap        ] GC(515) ParOldGen: 439492K(699392K)->490100K(699392K)
[27.565s][info][gc,metaspace   ] GC(515) Metaspace: 6592K(6848K)->6592K(6848K) NonClass: 6022K(6144K)->6022K(6144K) Class: 569K(704K)->569K(704K)
[27.565s][info][gc             ] GC(515) Pause Young (Allocation Failure) 689M->549M(944M) 22.813ms
[27.565s][info][gc,cpu         ] GC(515) User=0.22s Sys=0.00s Real=0.02s
[27.588s][info][gc,start       ] GC(516) Pause Young (Allocation Failure)
[27.612s][info][gc,heap        ] GC(516) PSYoungGen: 259592K(267776K)->80712K(268288K) Eden: 187381K(187392K)->0K(187392K) From: 72211K(80384K)->80712K(80896K)
[27.612s][info][gc,heap        ] GC(516) ParOldGen: 490100K(699392K)->534307K(699392K)
[27.612s][info][gc,metaspace   ] GC(516) Metaspace: 6592K(6848K)->6592K(6848K) NonClass: 6022K(6144K)->6022K(6144K) Class: 569K(704K)->569K(704K)
[27.613s][info][gc             ] GC(516) Pause Young (Allocation Failure) 732M->600M(945M) 24.151ms
[27.613s][info][gc,cpu         ] GC(516) User=0.23s Sys=0.00s Real=0.02s
[27.631s][info][gc,start       ] GC(517) Pause Young (Allocation Failure)
[27.656s][info][gc,heap        ] GC(517) PSYoungGen: 268082K(268288K)->75011K(266240K) Eden: 187370K(187392K)->0K(185344K) From: 80712K(80896K)->75011K(80896K)
[27.656s][info][gc,heap        ] GC(517) ParOldGen: 534307K(699392K)->582814K(699392K)
[27.656s][info][gc,metaspace   ] GC(517) Metaspace: 6592K(6848K)->6592K(6848K) NonClass: 6022K(6144K)->6022K(6144K) Class: 569K(704K)->569K(704K)
[27.656s][info][gc             ] GC(517) Pause Young (Allocation Failure) 783M->642M(943M) 25.126ms
[27.656s][info][gc,cpu         ] GC(517) User=0.24s Sys=0.00s Real=0.02s
[27.675s][info][gc,start       ] GC(518) Pause Young (Allocation Failure)
[27.701s][info][gc,heap        ] GC(518) PSYoungGen: 260335K(266240K)->75011K(267264K) Eden: 185323K(185344K)->0K(185344K) From: 75011K(80896K)->75011K(81920K)
[27.701s][info][gc,heap        ] GC(518) ParOldGen: 582814K(699392K)->629022K(699392K)
[27.701s][info][gc,metaspace   ] GC(518) Metaspace: 6592K(6848K)->6592K(6848K) NonClass: 6022K(6144K)->6022K(6144K) Class: 569K(704K)->569K(704K)
[27.701s][info][gc             ] GC(518) Pause Young (Allocation Failure) 823M->687M(944M) 25.979ms
[27.701s][info][gc,cpu         ] GC(518) User=0.24s Sys=0.00s Real=0.03s
[27.727s][info][gc,start       ] GC(519) Pause Young (Allocation Failure)
[27.754s][info][gc,heap        ] GC(519) PSYoungGen: 260271K(267264K)->78412K(266752K) Eden: 185259K(185344K)->0K(185344K) From: 75011K(81920K)->78412K(81408K)
[27.754s][info][gc,heap        ] GC(519) ParOldGen: 629022K(699392K)->674929K(699392K)
[27.754s][info][gc,metaspace   ] GC(519) Metaspace: 6592K(6848K)->6592K(6848K) NonClass: 6022K(6144K)->6022K(6144K) Class: 569K(704K)->569K(704K)
[27.754s][info][gc             ] GC(519) Pause Young (Allocation Failure) 868M->735M(943M) 26.651ms
[27.754s][info][gc,cpu         ] GC(519) User=0.25s Sys=0.00s Real=0.03s
[27.754s][info][gc,start       ] GC(520) Pause Full (Ergonomics)
[27.754s][info][gc,phases,start] GC(520) Marking Phase
[27.756s][info][gc,phases      ] GC(520) Marking Phase 1.610ms
[27.756s][info][gc,phases,start] GC(520) Summary Phase
[27.756s][info][gc,phases      ] GC(520) Summary Phase 0.017ms
[27.756s][info][gc,phases,start] GC(520) Adjust Roots
[27.756s][info][gc,phases      ] GC(520) Adjust Roots 0.343ms
[27.756s][info][gc,phases,start] GC(520) Compaction Phase
[27.793s][info][gc,phases      ] GC(520) Compaction Phase 36.994ms
[27.793s][info][gc,phases,start] GC(520) Post Compact
[27.797s][info][gc,phases      ] GC(520) Post Compact 3.537ms
[27.797s][info][gc,heap        ] GC(520) PSYoungGen: 78412K(266752K)->0K(267264K) Eden: 0K(185344K)->0K(185344K) From: 78412K(81408K)->0K(81920K)
[27.797s][info][gc,heap        ] GC(520) ParOldGen: 674929K(699392K)->200791K(699392K)
[27.797s][info][gc,metaspace   ] GC(520) Metaspace: 6592K(6848K)->6592K(6848K) NonClass: 6022K(6144K)->6022K(6144K) Class: 569K(704K)->569K(704K)
[27.797s][info][gc             ] GC(520) Pause Full (Ergonomics) 735M->196M(944M) 42.718ms
[27.797s][info][gc,cpu         ] GC(520) User=0.37s Sys=0.00s Real=0.04s
[27.817s][info][gc,start       ] GC(521) Pause Young (Allocation Failure)
[27.832s][info][gc,heap        ] GC(521) PSYoungGen: 185318K(267264K)->74111K(267776K) Eden: 185318K(185344K)->0K(185856K) From: 0K(81920K)->74111K(81920K)
[27.833s][info][gc,heap        ] GC(521) ParOldGen: 200791K(699392K)->200791K(699392K)
[27.833s][info][gc,metaspace   ] GC(521) Metaspace: 6592K(6848K)->6592K(6848K) NonClass: 6022K(6144K)->6022K(6144K) Class: 569K(704K)->569K(704K)
[27.833s][info][gc             ] GC(521) Pause Young (Allocation Failure) 377M->268M(944M) 15.752ms
[27.833s][info][gc,cpu         ] GC(521) User=0.15s Sys=0.00s Real=0.02s
[27.853s][info][gc,start       ] GC(522) Pause Young (Allocation Failure)
[27.876s][info][gc,heap        ] GC(522) PSYoungGen: 259892K(267776K)->74511K(267264K) Eden: 185781K(185856K)->0K(185856K) From: 74111K(81920K)->74511K(81408K)
[27.876s][info][gc,heap        ] GC(522) ParOldGen: 200791K(699392K)->247798K(699392K)
[27.876s][info][gc,metaspace   ] GC(522) Metaspace: 6592K(6848K)->6592K(6848K) NonClass: 6022K(6144K)->6022K(6144K) Class: 569K(704K)->569K(704K)
[27.876s][info][gc             ] GC(522) Pause Young (Allocation Failure) 449M->314M(944M) 23.280ms
[27.876s][info][gc,cpu         ] GC(522) User=0.22s Sys=0.00s Real=0.02s
[27.900s][info][gc,start       ] GC(523) Pause Young (Allocation Failure)
[27.922s][info][gc,heap        ] GC(523) PSYoungGen: 260357K(267264K)->69710K(266752K) Eden: 185846K(185856K)->0K(185344K) From: 74511K(81408K)->69710K(81408K)
[27.922s][info][gc,heap        ] GC(523) ParOldGen: 247798K(699392K)->296906K(699392K)
[27.922s][info][gc,metaspace   ] GC(523) Metaspace: 6592K(6848K)->6592K(6848K) NonClass: 6022K(6144K)->6022K(6144K) Class: 569K(704K)->569K(704K)
[27.922s][info][gc             ] GC(523) Pause Young (Allocation Failure) 496M->358M(943M) 22.525ms
[27.922s][info][gc,cpu         ] GC(523) User=0.22s Sys=0.00s Real=0.02s
[27.942s][info][gc,start       ] GC(524) Pause Young (Allocation Failure)
[27.964s][info][gc,heap        ] GC(524) PSYoungGen: 254989K(266752K)->75311K(267264K) Eden: 185279K(185344K)->0K(185344K) From: 69710K(81408K)->75311K(81920K)
[27.964s][info][gc,heap        ] GC(524) ParOldGen: 296906K(699392K)->339112K(699392K)
[27.964s][info][gc,metaspace   ] GC(524) Metaspace: 6592K(6848K)->6592K(6848K) NonClass: 6022K(6144K)->6022K(6144K) Class: 569K(704K)->569K(704K)
[27.964s][info][gc             ] GC(524) Pause Young (Allocation Failure) 538M->404M(944M) 22.237ms
[27.964s][info][gc,cpu         ] GC(524) User=0.22s Sys=0.00s Real=0.02s
[27.983s][info][gc,start       ] GC(525) Pause Young (Allocation Failure)
[28.006s][info][gc,heap        ] GC(525) PSYoungGen: 260628K(267264K)->74511K(268288K) Eden: 185316K(185344K)->0K(186880K) From: 75311K(81920K)->74511K(81408K)
[28.007s][info][gc,heap        ] GC(525) ParOldGen: 339112K(699392K)->387220K(699392K)
[28.007s][info][gc,metaspace   ] GC(525) Metaspace: 6592K(6848K)->6592K(6848K) NonClass: 6022K(6144K)->6022K(6144K) Class: 569K(704K)->569K(704K)
[28.007s][info][gc             ] GC(525) Pause Young (Allocation Failure) 585M->450M(945M) 23.718ms
[28.007s][info][gc,cpu         ] GC(525) User=0.23s Sys=0.00s Real=0.02s
[28.027s][info][gc,start       ] GC(526) Pause Young (Allocation Failure)
[28.050s][info][gc,heap        ] GC(526) PSYoungGen: 261306K(268288K)->78312K(267776K) Eden: 186794K(186880K)->0K(186880K) From: 74511K(81408K)->78312K(80896K)
[28.051s][info][gc,heap        ] GC(526) ParOldGen: 387220K(699392K)->431227K(699392K)
[28.051s][info][gc,metaspace   ] GC(526) Metaspace: 6592K(6848K)->6592K(6848K) NonClass: 6022K(6144K)->6022K(6144K) Class: 569K(704K)->569K(704K)
[28.051s][info][gc             ] GC(526) Pause Young (Allocation Failure) 633M->497M(944M) 23.368ms
[28.051s][info][gc,cpu         ] GC(526) User=0.22s Sys=0.00s Real=0.03s
[28.068s][info][gc,start       ] GC(527) Pause Young (Allocation Failure)
[28.093s][info][gc,heap        ] GC(527) PSYoungGen: 265165K(267776K)->75111K(268288K) Eden: 186853K(186880K)->0K(186880K) From: 78312K(80896K)->75111K(81408K)
[28.093s][info][gc,heap        ] GC(527) ParOldGen: 431227K(699392K)->479534K(699392K)
[28.093s][info][gc,metaspace   ] GC(527) Metaspace: 6592K(6848K)->6592K(6848K) NonClass: 6022K(6144K)->6022K(6144K) Class: 569K(704K)->569K(704K)
[28.093s][info][gc             ] GC(527) Pause Young (Allocation Failure) 680M->541M(945M) 25.284ms
[28.093s][info][gc,cpu         ] GC(527) User=0.24s Sys=0.00s Real=0.03s
[28.116s][info][gc,start       ] GC(528) Pause Young (Allocation Failure)
[28.139s][info][gc,heap        ] GC(528) PSYoungGen: 261951K(268288K)->74811K(267776K) Eden: 186839K(186880K)->0K(186880K) From: 75111K(81408K)->74811K(80896K)
[28.139s][info][gc,heap        ] GC(528) ParOldGen: 479534K(699392K)->528242K(699392K)
[28.139s][info][gc,metaspace   ] GC(528) Metaspace: 6592K(6848K)->6592K(6848K) NonClass: 6022K(6144K)->6022K(6144K) Class: 569K(704K)->569K(704K)
[28.139s][info][gc             ] GC(528) Pause Young (Allocation Failure) 724M->588M(944M) 23.259ms
[28.139s][info][gc,cpu         ] GC(528) User=0.22s Sys=0.00s Real=0.03s
[28.160s][info][gc,start       ] GC(529) Pause Young (Allocation Failure)
[28.183s][info][gc,heap        ] GC(529) PSYoungGen: 261684K(267776K)->70811K(267776K) Eden: 186872K(186880K)->0K(187392K) From: 74811K(80896K)->70811K(80384K)
[28.183s][info][gc,heap        ] GC(529) ParOldGen: 528242K(699392K)->576049K(699392K)
[28.183s][info][gc,metaspace   ] GC(529) Metaspace: 6592K(6848K)->6592K(6848K) NonClass: 6022K(6144K)->6022K(6144K) Class: 569K(704K)->569K(704K)
[28.183s][info][gc             ] GC(529) Pause Young (Allocation Failure) 771M->631M(944M) 22.790ms
[28.183s][info][gc,cpu         ] GC(529) User=0.22s Sys=0.00s Real=0.02s
[28.204s][info][gc,start       ] GC(530) Pause Young (Allocation Failure)
[28.227s][info][gc,heap        ] GC(530) PSYoungGen: 258128K(267776K)->74811K(268288K) Eden: 187317K(187392K)->0K(187392K) From: 70811K(80384K)->74811K(80896K)
[28.228s][info][gc,heap        ] GC(530) ParOldGen: 576049K(699392K)->619356K(699392K)
[28.228s][info][gc,metaspace   ] GC(530) Metaspace: 6592K(6848K)->6592K(6848K) NonClass: 6022K(6144K)->6022K(6144K) Class: 569K(704K)->569K(704K)
[28.228s][info][gc             ] GC(530) Pause Young (Allocation Failure) 814M->677M(945M) 23.808ms
[28.228s][info][gc,cpu         ] GC(530) User=0.23s Sys=0.00s Real=0.02s
[28.251s][info][gc,start       ] GC(531) Pause Young (Allocation Failure)
[28.276s][info][gc,heap        ] GC(531) PSYoungGen: 262177K(268288K)->75811K(269312K) Eden: 187365K(187392K)->0K(188928K) From: 74811K(80896K)->75811K(80384K)
[28.276s][info][gc,heap        ] GC(531) ParOldGen: 619356K(699392K)->667464K(699392K)
[28.276s][info][gc,metaspace   ] GC(531) Metaspace: 6592K(6848K)->6592K(6848K) NonClass: 6022K(6144K)->6022K(6144K) Class: 569K(704K)->569K(704K)
[28.276s][info][gc             ] GC(531) Pause Young (Allocation Failure) 860M->725M(946M) 25.137ms
[28.276s][info][gc,cpu         ] GC(531) User=0.24s Sys=0.00s Real=0.02s
[28.276s][info][gc,start       ] GC(532) Pause Full (Ergonomics)
[28.276s][info][gc,phases,start] GC(532) Marking Phase
[28.278s][info][gc,phases      ] GC(532) Marking Phase 1.926ms
[28.278s][info][gc,phases,start] GC(532) Summary Phase
[28.278s][info][gc,phases      ] GC(532) Summary Phase 0.019ms
[28.278s][info][gc,phases,start] GC(532) Adjust Roots
[28.278s][info][gc,phases      ] GC(532) Adjust Roots 0.366ms
[28.278s][info][gc,phases,start] GC(532) Compaction Phase
[28.315s][info][gc,phases      ] GC(532) Compaction Phase 36.388ms
[28.315s][info][gc,phases,start] GC(532) Post Compact
[28.317s][info][gc,phases      ] GC(532) Post Compact 2.009ms
[28.317s][info][gc,heap        ] GC(532) PSYoungGen: 75811K(269312K)->0K(268800K) Eden: 0K(188928K)->0K(188928K) From: 75811K(80384K)->0K(79872K)
[28.317s][info][gc,heap        ] GC(532) ParOldGen: 667464K(699392K)->200791K(699392K)
[28.317s][info][gc,metaspace   ] GC(532) Metaspace: 6592K(6848K)->6592K(6848K) NonClass: 6022K(6144K)->6022K(6144K) Class: 569K(704K)->569K(704K)
[28.317s][info][gc             ] GC(532) Pause Full (Ergonomics) 725M->196M(945M) 41.094ms
[28.317s][info][gc,cpu         ] GC(532) User=0.37s Sys=0.00s Real=0.04s
[28.342s][info][gc,start       ] GC(533) Pause Young (Allocation Failure)
[28.359s][info][gc,heap        ] GC(533) PSYoungGen: 188928K(268800K)->77812K(268288K) Eden: 188928K(188928K)->0K(188416K) From: 0K(79872K)->77812K(79872K)
[28.359s][info][gc,heap        ] GC(533) ParOldGen: 200791K(699392K)->200791K(699392K)
[28.359s][info][gc,metaspace   ] GC(533) Metaspace: 6592K(6848K)->6592K(6848K) NonClass: 6022K(6144K)->6022K(6144K) Class: 569K(704K)->569K(704K)
[28.359s][info][gc             ] GC(533) Pause Young (Allocation Failure) 380M->272M(945M) 16.516ms
[28.359s][info][gc,cpu         ] GC(533) User=0.16s Sys=0.00s Real=0.02s
[28.384s][info][gc,start       ] GC(534) Pause Young (Allocation Failure)
[28.407s][info][gc,heap        ] GC(534) PSYoungGen: 266198K(268288K)->75611K(268800K) Eden: 188386K(188416K)->0K(188416K) From: 77812K(79872K)->75611K(80384K)
[28.407s][info][gc,heap        ] GC(534) ParOldGen: 200791K(699392K)->248198K(699392K)
[28.407s][info][gc,metaspace   ] GC(534) Metaspace: 6592K(6848K)->6592K(6848K) NonClass: 6022K(6144K)->6022K(6144K) Class: 569K(704K)->569K(704K)
[28.407s][info][gc             ] GC(534) Pause Young (Allocation Failure) 456M->316M(945M) 22.859ms
[28.407s][info][gc,cpu         ] GC(534) User=0.22s Sys=0.00s Real=0.02s
[28.432s][info][gc,start       ] GC(535) Pause Young (Allocation Failure)
[28.454s][info][gc,heap        ] GC(535) PSYoungGen: 264013K(268800K)->75111K(269312K) Eden: 188401K(188416K)->0K(188928K) From: 75611K(80384K)->75111K(80384K)
[28.454s][info][gc,heap        ] GC(535) ParOldGen: 248198K(699392K)->293505K(699392K)
[28.454s][info][gc,metaspace   ] GC(535) Metaspace: 6592K(6848K)->6592K(6848K) NonClass: 6022K(6144K)->6022K(6144K) Class: 569K(704K)->569K(704K)
[28.454s][info][gc             ] GC(535) Pause Young (Allocation Failure) 500M->359M(946M) 22.175ms
[28.454s][info][gc,cpu         ] GC(535) User=0.22s Sys=0.00s Real=0.02s
[28.474s][info][gc,start       ] GC(536) Pause Young (Allocation Failure)
[28.497s][info][gc,heap        ] GC(536) PSYoungGen: 264018K(269312K)->74811K(268800K) Eden: 188906K(188928K)->0K(188928K) From: 75111K(80384K)->74811K(79872K)
[28.497s][info][gc,heap        ] GC(536) ParOldGen: 293505K(699392K)->342313K(699392K)
[28.497s][info][gc,metaspace   ] GC(536) Metaspace: 6592K(6848K)->6592K(6848K) NonClass: 6022K(6144K)->6022K(6144K) Class: 569K(704K)->569K(704K)
[28.497s][info][gc             ] GC(536) Pause Young (Allocation Failure) 544M->407M(945M) 23.613ms
[28.497s][info][gc,cpu         ] GC(536) User=0.22s Sys=0.00s Real=0.02s
[28.520s][info][gc,start       ] GC(537) Pause Young (Allocation Failure)
[28.544s][info][gc,heap        ] GC(537) PSYoungGen: 263739K(268800K)->78312K(267776K) Eden: 188928K(188928K)->0K(188416K) From: 74811K(79872K)->78312K(79360K)
[28.544s][info][gc,heap        ] GC(537) ParOldGen: 342313K(699392K)->387720K(699392K)
[28.544s][info][gc,metaspace   ] GC(537) Metaspace: 6592K(6848K)->6592K(6848K) NonClass: 6022K(6144K)->6022K(6144K) Class: 569K(704K)->569K(704K)
[28.544s][info][gc             ] GC(537) Pause Young (Allocation Failure) 591M->455M(944M) 23.852ms
[28.544s][info][gc,cpu         ] GC(537) User=0.23s Sys=0.00s Real=0.02s
[28.565s][info][gc,start       ] GC(538) Pause Young (Allocation Failure)
[28.588s][info][gc,heap        ] GC(538) PSYoungGen: 266699K(267776K)->74911K(268800K) Eden: 188387K(188416K)->0K(188416K) From: 78312K(79360K)->74911K(80384K)
[28.589s][info][gc,heap        ] GC(538) ParOldGen: 387720K(699392K)->435928K(699392K)
[28.589s][info][gc,metaspace   ] GC(538) Metaspace: 6592K(6848K)->6592K(6848K) NonClass: 6022K(6144K)->6022K(6144K) Class: 569K(704K)->569K(704K)
[28.589s][info][gc             ] GC(538) Pause Young (Allocation Failure) 639M->498M(945M) 23.864ms
[28.589s][info][gc,cpu         ] GC(538) User=0.22s Sys=0.00s Real=0.03s
[28.611s][info][gc,start       ] GC(539) Pause Young (Allocation Failure)
[28.635s][info][gc,heap        ] GC(539) PSYoungGen: 263327K(268800K)->74811K(269824K) Eden: 188416K(188416K)->0K(189952K) From: 74911K(80384K)->74811K(79872K)
[28.635s][info][gc,heap        ] GC(539) ParOldGen: 435928K(699392K)->482035K(699392K)
[28.635s][info][gc,metaspace   ] GC(539) Metaspace: 6592K(6848K)->6592K(6848K) NonClass: 6022K(6144K)->6022K(6144K) Class: 569K(704K)->569K(704K)
[28.635s][info][gc             ] GC(539) Pause Young (Allocation Failure) 682M->543M(946M) 23.468ms
[28.635s][info][gc,cpu         ] GC(539) User=0.22s Sys=0.00s Real=0.02s
[28.655s][info][gc,start       ] GC(540) Pause Young (Allocation Failure)
[28.679s][info][gc,heap        ] GC(540) PSYoungGen: 264733K(269824K)->76011K(269312K) Eden: 189922K(189952K)->0K(189952K) From: 74811K(79872K)->76011K(79360K)
[28.679s][info][gc,heap        ] GC(540) ParOldGen: 482035K(699392K)->529842K(699392K)
[28.679s][info][gc,metaspace   ] GC(540) Metaspace: 6592K(6848K)->6592K(6848K) NonClass: 6022K(6144K)->6022K(6144K) Class: 569K(704K)->569K(704K)
[28.679s][info][gc             ] GC(540) Pause Young (Allocation Failure) 729M->591M(946M) 24.024ms
[28.679s][info][gc,cpu         ] GC(540) User=0.23s Sys=0.00s Real=0.03s
[28.702s][info][gc,start       ] GC(541) Pause Young (Allocation Failure)
[28.728s][info][gc,heap        ] GC(541) PSYoungGen: 265963K(269312K)->78912K(267776K) Eden: 189952K(189952K)->0K(188416K) From: 76011K(79360K)->78912K(79360K)
[28.728s][info][gc,heap        ] GC(541) ParOldGen: 529842K(699392K)->574449K(699392K)
[28.728s][info][gc,metaspace   ] GC(541) Metaspace: 6592K(6848K)->6592K(6848K) NonClass: 6022K(6144K)->6022K(6144K) Class: 569K(704K)->569K(704K)
[28.728s][info][gc             ] GC(541) Pause Young (Allocation Failure) 777M->638M(944M) 25.304ms
[28.728s][info][gc,cpu         ] GC(541) User=0.24s Sys=0.00s Real=0.02s
[28.753s][info][gc,start       ] GC(542) Pause Young (Allocation Failure)
[28.777s][info][gc,heap        ] GC(542) PSYoungGen: 267231K(267776K)->75511K(268800K) Eden: 188319K(188416K)->0K(188416K) From: 78912K(79360K)->75511K(80384K)
[28.777s][info][gc,heap        ] GC(542) ParOldGen: 574449K(699392K)->623057K(699392K)
[28.777s][info][gc,metaspace   ] GC(542) Metaspace: 6592K(6848K)->6592K(6848K) NonClass: 6022K(6144K)->6022K(6144K) Class: 569K(704K)->569K(704K)
[28.777s][info][gc             ] GC(542) Pause Young (Allocation Failure) 821M->682M(945M) 24.240ms
[28.777s][info][gc,cpu         ] GC(542) User=0.23s Sys=0.00s Real=0.02s
[28.794s][info][gc,start       ] GC(543) Pause Young (Allocation Failure)
[28.819s][info][gc,heap        ] GC(543) PSYoungGen: 263896K(268800K)->72711K(269312K) Eden: 188384K(188416K)->0K(189440K) From: 75511K(80384K)->72711K(79872K)
[28.819s][info][gc,heap        ] GC(543) ParOldGen: 623057K(699392K)->669564K(699392K)
[28.819s][info][gc,metaspace   ] GC(543) Metaspace: 6592K(6848K)->6592K(6848K) NonClass: 6022K(6144K)->6022K(6144K) Class: 569K(704K)->569K(704K)
[28.819s][info][gc             ] GC(543) Pause Young (Allocation Failure) 866M->724M(946M) 24.639ms
[28.819s][info][gc,cpu         ] GC(543) User=0.24s Sys=0.00s Real=0.03s
[28.819s][info][gc,start       ] GC(544) Pause Full (Ergonomics)
[28.819s][info][gc,phases,start] GC(544) Marking Phase
[28.820s][info][gc,phases      ] GC(544) Marking Phase 1.418ms
[28.820s][info][gc,phases,start] GC(544) Summary Phase
[28.820s][info][gc,phases      ] GC(544) Summary Phase 0.044ms
[28.820s][info][gc,phases,start] GC(544) Adjust Roots
[28.821s][info][gc,phases      ] GC(544) Adjust Roots 0.389ms
[28.821s][info][gc,phases,start] GC(544) Compaction Phase
[28.859s][info][gc,phases      ] GC(544) Compaction Phase 38.815ms
[28.859s][info][gc,phases,start] GC(544) Post Compact
[28.861s][info][gc,phases      ] GC(544) Post Compact 1.331ms
[28.861s][info][gc,heap        ] GC(544) PSYoungGen: 72711K(269312K)->0K(269312K) Eden: 0K(189440K)->0K(189440K) From: 72711K(79872K)->0K(79872K)
[28.861s][info][gc,heap        ] GC(544) ParOldGen: 669564K(699392K)->200791K(699392K)
[28.861s][info][gc,metaspace   ] GC(544) Metaspace: 6592K(6848K)->6592K(6848K) NonClass: 6022K(6144K)->6022K(6144K) Class: 569K(704K)->569K(704K)
[28.861s][info][gc             ] GC(544) Pause Full (Ergonomics) 724M->196M(946M) 42.203ms
[28.861s][info][gc,cpu         ] GC(544) User=0.39s Sys=0.00s Real=0.04s
[28.883s][info][gc,start       ] GC(545) Pause Young (Allocation Failure)
[28.897s][info][gc,heap        ] GC(545) PSYoungGen: 189355K(269312K)->72711K(269312K) Eden: 189355K(189440K)->0K(189440K) From: 0K(79872K)->72711K(79872K)
[28.897s][info][gc,heap        ] GC(545) ParOldGen: 200791K(699392K)->200791K(699392K)
[28.897s][info][gc,metaspace   ] GC(545) Metaspace: 6592K(6848K)->6592K(6848K) NonClass: 6022K(6144K)->6022K(6144K) Class: 569K(704K)->569K(704K)
[28.897s][info][gc             ] GC(545) Pause Young (Allocation Failure) 381M->267M(946M) 14.192ms
[28.897s][info][gc,cpu         ] GC(545) User=0.14s Sys=0.00s Real=0.01s
[28.912s][info][gc,start       ] GC(546) Pause Young (Allocation Failure)
[28.934s][info][gc,heap        ] GC(546) PSYoungGen: 262141K(269312K)->76011K(269312K) Eden: 189430K(189440K)->0K(189440K) From: 72711K(79872K)->76011K(79872K)
[28.934s][info][gc,heap        ] GC(546) ParOldGen: 200791K(699392K)->245498K(699392K)
[28.934s][info][gc,metaspace   ] GC(546) Metaspace: 6592K(6848K)->6592K(6848K) NonClass: 6022K(6144K)->6022K(6144K) Class: 569K(704K)->569K(704K)
[28.934s][info][gc             ] GC(546) Pause Young (Allocation Failure) 452M->313M(946M) 22.375ms
[28.934s][info][gc,cpu         ] GC(546) User=0.22s Sys=0.00s Real=0.02s
[28.953s][info][gc,start       ] GC(547) Pause Young (Allocation Failure)
[28.976s][info][gc,heap        ] GC(547) PSYoungGen: 265359K(269312K)->76011K(269312K) Eden: 189348K(189440K)->0K(189440K) From: 76011K(79872K)->76011K(79872K)
[28.976s][info][gc,heap        ] GC(547) ParOldGen: 245498K(699392K)->293605K(699392K)
[28.976s][info][gc,metaspace   ] GC(547) Metaspace: 6592K(6848K)->6592K(6848K) NonClass: 6022K(6144K)->6022K(6144K) Class: 569K(704K)->569K(704K)
[28.976s][info][gc             ] GC(547) Pause Young (Allocation Failure) 498M->360M(946M) 23.114ms
[28.976s][info][gc,cpu         ] GC(547) User=0.23s Sys=0.00s Real=0.02s
[28.996s][info][gc,start       ] GC(548) Pause Young (Allocation Failure)
[29.018s][info][gc,heap        ] GC(548) PSYoungGen: 265448K(269312K)->76611K(269312K) Eden: 189436K(189440K)->0K(189440K) From: 76011K(79872K)->76611K(79872K)
[29.019s][info][gc,heap        ] GC(548) ParOldGen: 293605K(699392K)->339212K(699392K)
[29.019s][info][gc,metaspace   ] GC(548) Metaspace: 6592K(6848K)->6592K(6848K) NonClass: 6022K(6144K)->6022K(6144K) Class: 569K(704K)->569K(704K)
[29.019s][info][gc             ] GC(548) Pause Young (Allocation Failure) 545M->406M(946M) 22.072ms
[29.019s][info][gc,cpu         ] GC(548) User=0.21s Sys=0.00s Real=0.03s
[29.035s][info][gc,start       ] GC(549) Pause Young (Allocation Failure)
[29.058s][info][gc,heap        ] GC(549) PSYoungGen: 266037K(269312K)->75111K(269824K) Eden: 189425K(189440K)->0K(189952K) From: 76611K(79872K)->75111K(79872K)
[29.058s][info][gc,heap        ] GC(549) ParOldGen: 339212K(699392K)->386820K(699392K)
[29.058s][info][gc,metaspace   ] GC(549) Metaspace: 6592K(6848K)->6592K(6848K) NonClass: 6022K(6144K)->6022K(6144K) Class: 569K(704K)->569K(704K)
[29.058s][info][gc             ] GC(549) Pause Young (Allocation Failure) 591M->451M(946M) 22.650ms
[29.058s][info][gc,cpu         ] GC(549) User=0.22s Sys=0.00s Real=0.02s
[29.074s][info][gc,start       ] GC(550) Pause Young (Allocation Failure)
[29.097s][info][gc,heap        ] GC(550) PSYoungGen: 265054K(269824K)->77312K(269312K) Eden: 189942K(189952K)->0K(189952K) From: 75111K(79872K)->77312K(79360K)
[29.097s][info][gc,heap        ] GC(550) ParOldGen: 386820K(699392K)->433227K(699392K)
[29.097s][info][gc,metaspace   ] GC(550) Metaspace: 6592K(6848K)->6592K(6848K) NonClass: 6022K(6144K)->6022K(6144K) Class: 569K(704K)->569K(704K)
[29.097s][info][gc             ] GC(550) Pause Young (Allocation Failure) 636M->498M(946M) 22.970ms
[29.097s][info][gc,cpu         ] GC(550) User=0.22s Sys=0.00s Real=0.02s
[29.112s][info][gc,start       ] GC(551) Pause Young (Allocation Failure)
[29.136s][info][gc,heap        ] GC(551) PSYoungGen: 267258K(269312K)->76011K(269824K) Eden: 189946K(189952K)->0K(189952K) From: 77312K(79360K)->76011K(79872K)
[29.136s][info][gc,heap        ] GC(551) ParOldGen: 433227K(699392K)->481735K(699392K)
[29.136s][info][gc,metaspace   ] GC(551) Metaspace: 6592K(6848K)->6592K(6848K) NonClass: 6022K(6144K)->6022K(6144K) Class: 569K(704K)->569K(704K)
[29.136s][info][gc             ] GC(551) Pause Young (Allocation Failure) 684M->544M(946M) 24.052ms
[29.136s][info][gc,cpu         ] GC(551) User=0.23s Sys=0.00s Real=0.02s
[29.157s][info][gc,start       ] GC(552) Pause Young (Allocation Failure)
[29.180s][info][gc,heap        ] GC(552) PSYoungGen: 265963K(269824K)->75811K(269312K) Eden: 189952K(189952K)->0K(189952K) From: 76011K(79872K)->75811K(79360K)
[29.180s][info][gc,heap        ] GC(552) ParOldGen: 481735K(699392K)->528242K(699392K)
[29.180s][info][gc,metaspace   ] GC(552) Metaspace: 6592K(6848K)->6592K(6848K) NonClass: 6022K(6144K)->6022K(6144K) Class: 569K(704K)->569K(704K)
[29.180s][info][gc             ] GC(552) Pause Young (Allocation Failure) 730M->589M(946M) 23.446ms
[29.180s][info][gc,cpu         ] GC(552) User=0.22s Sys=0.00s Real=0.03s
[29.202s][info][gc,start       ] GC(553) Pause Young (Allocation Failure)
[29.227s][info][gc,heap        ] GC(553) PSYoungGen: 265763K(269312K)->73211K(269824K) Eden: 189952K(189952K)->0K(190464K) From: 75811K(79360K)->73211K(79360K)
[29.227s][info][gc,heap        ] GC(553) ParOldGen: 528242K(699392K)->575449K(699392K)
[29.227s][info][gc,metaspace   ] GC(553) Metaspace: 6592K(6848K)->6592K(6848K) NonClass: 6022K(6144K)->6022K(6144K) Class: 569K(704K)->569K(704K)
[29.227s][info][gc             ] GC(553) Pause Young (Allocation Failure) 775M->633M(946M) 24.811ms
[29.227s][info][gc,cpu         ] GC(553) User=0.24s Sys=0.00s Real=0.02s
[29.254s][info][gc,start       ] GC(554) Pause Young (Allocation Failure)
[29.276s][info][gc,heap        ] GC(554) PSYoungGen: 263652K(269824K)->70711K(261632K) Eden: 190440K(190464K)->0K(190464K) From: 73211K(79360K)->70711K(71168K)
[29.276s][info][gc,heap        ] GC(554) ParOldGen: 575449K(699392K)->622357K(699392K)
[29.276s][info][gc,metaspace   ] GC(554) Metaspace: 6592K(6848K)->6592K(6848K) NonClass: 6022K(6144K)->6022K(6144K) Class: 569K(704K)->569K(704K)
[29.276s][info][gc             ] GC(554) Pause Young (Allocation Failure) 819M->676M(938M) 22.470ms
[29.276s][info][gc,cpu         ] GC(554) User=0.21s Sys=0.00s Real=0.02s
[29.294s][info][gc,start       ] GC(555) Pause Young (Allocation Failure)
[29.316s][info][gc,heap        ] GC(555) PSYoungGen: 261169K(261632K)->72511K(269312K) Eden: 190458K(190464K)->0K(189440K) From: 70711K(71168K)->72511K(79872K)
[29.316s][info][gc,heap        ] GC(555) ParOldGen: 622357K(699392K)->667064K(699392K)
[29.316s][info][gc,metaspace   ] GC(555) Metaspace: 6592K(6848K)->6592K(6848K) NonClass: 6022K(6144K)->6022K(6144K) Class: 569K(704K)->569K(704K)
[29.316s][info][gc             ] GC(555) Pause Young (Allocation Failure) 862M->722M(946M) 22.024ms
[29.316s][info][gc,cpu         ] GC(555) User=0.21s Sys=0.00s Real=0.02s
[29.316s][info][gc,start       ] GC(556) Pause Full (Ergonomics)
[29.316s][info][gc,phases,start] GC(556) Marking Phase
[29.317s][info][gc,phases      ] GC(556) Marking Phase 1.264ms
[29.317s][info][gc,phases,start] GC(556) Summary Phase
[29.317s][info][gc,phases      ] GC(556) Summary Phase 0.018ms
[29.317s][info][gc,phases,start] GC(556) Adjust Roots
[29.318s][info][gc,phases      ] GC(556) Adjust Roots 0.349ms
[29.318s][info][gc,phases,start] GC(556) Compaction Phase
[29.356s][info][gc,phases      ] GC(556) Compaction Phase 38.176ms
[29.356s][info][gc,phases,start] GC(556) Post Compact
[29.357s][info][gc,phases      ] GC(556) Post Compact 1.422ms
[29.358s][info][gc,heap        ] GC(556) PSYoungGen: 72511K(269312K)->0K(269312K) Eden: 0K(189440K)->0K(189440K) From: 72511K(79872K)->0K(79872K)
[29.358s][info][gc,heap        ] GC(556) ParOldGen: 667064K(699392K)->200791K(699392K)
[29.358s][info][gc,metaspace   ] GC(556) Metaspace: 6592K(6848K)->6592K(6848K) NonClass: 6022K(6144K)->6022K(6144K) Class: 569K(704K)->569K(704K)
[29.358s][info][gc             ] GC(556) Pause Full (Ergonomics) 722M->196M(946M) 41.407ms
[29.358s][info][gc,cpu         ] GC(556) User=0.39s Sys=0.00s Real=0.04s
[29.375s][info][gc,start       ] GC(557) Pause Young (Allocation Failure)
[29.389s][info][gc,heap        ] GC(557) PSYoungGen: 189401K(269312K)->77112K(268288K) Eden: 189401K(189440K)->0K(188416K) From: 0K(79872K)->77112K(79872K)
[29.389s][info][gc,heap        ] GC(557) ParOldGen: 200791K(699392K)->200791K(699392K)
[29.389s][info][gc,metaspace   ] GC(557) Metaspace: 6592K(6848K)->6592K(6848K) NonClass: 6022K(6144K)->6022K(6144K) Class: 569K(704K)->569K(704K)
[29.389s][info][gc             ] GC(557) Pause Young (Allocation Failure) 381M->271M(945M) 14.442ms
[29.389s][info][gc,cpu         ] GC(557) User=0.14s Sys=0.00s Real=0.02s
[29.406s][info][gc,start       ] GC(558) Pause Young (Allocation Failure)
[29.429s][info][gc,heap        ] GC(558) PSYoungGen: 265496K(268288K)->75311K(268800K) Eden: 188384K(188416K)->0K(188416K) From: 77112K(79872K)->75311K(80384K)
[29.429s][info][gc,heap        ] GC(558) ParOldGen: 200791K(699392K)->248798K(699392K)
[29.429s][info][gc,metaspace   ] GC(558) Metaspace: 6592K(6848K)->6592K(6848K) NonClass: 6022K(6144K)->6022K(6144K) Class: 569K(704K)->569K(704K)
[29.429s][info][gc             ] GC(558) Pause Young (Allocation Failure) 455M->316M(945M) 22.872ms
[29.429s][info][gc,cpu         ] GC(558) User=0.22s Sys=0.00s Real=0.03s
[29.446s][info][gc,start       ] GC(559) Pause Young (Allocation Failure)
[29.468s][info][gc,heap        ] GC(559) PSYoungGen: 263675K(268800K)->74411K(269824K) Eden: 188363K(188416K)->0K(189952K) From: 75311K(80384K)->74411K(79872K)
[29.468s][info][gc,heap        ] GC(559) ParOldGen: 248798K(699392K)->293405K(699392K)
[29.468s][info][gc,metaspace   ] GC(559) Metaspace: 6592K(6848K)->6592K(6848K) NonClass: 6022K(6144K)->6022K(6144K) Class: 569K(704K)->569K(704K)
[29.468s][info][gc             ] GC(559) Pause Young (Allocation Failure) 500M->359M(946M) 22.428ms
[29.468s][info][gc,cpu         ] GC(559) User=0.21s Sys=0.00s Real=0.02s
[29.483s][info][gc,start       ] GC(560) Pause Young (Allocation Failure)
[29.506s][info][gc,heap        ] GC(560) PSYoungGen: 264271K(269824K)->75511K(269312K) Eden: 189860K(189952K)->0K(189952K) From: 74411K(79872K)->75511K(79360K)
[29.506s][info][gc,heap        ] GC(560) ParOldGen: 293405K(699392K)->338612K(699392K)
[29.506s][info][gc,metaspace   ] GC(560) Metaspace: 6592K(6848K)->6592K(6848K) NonClass: 6022K(6144K)->6022K(6144K) Class: 569K(704K)->569K(704K)
[29.506s][info][gc             ] GC(560) Pause Young (Allocation Failure) 544M->404M(946M) 22.672ms
[29.506s][info][gc,cpu         ] GC(560) User=0.22s Sys=0.00s Real=0.02s
[29.521s][info][gc,start       ] GC(561) Pause Young (Allocation Failure)
[29.543s][info][gc,heap        ] GC(561) PSYoungGen: 265421K(269312K)->76912K(269824K) Eden: 189910K(189952K)->0K(190464K) From: 75511K(79360K)->76912K(79360K)
[29.543s][info][gc,heap        ] GC(561) ParOldGen: 338612K(699392K)->385020K(699392K)
[29.543s][info][gc,metaspace   ] GC(561) Metaspace: 6592K(6848K)->6592K(6848K) NonClass: 6022K(6144K)->6022K(6144K) Class: 569K(704K)->569K(704K)
[29.543s][info][gc             ] GC(561) Pause Young (Allocation Failure) 589M->451M(946M) 22.442ms
[29.543s][info][gc,cpu         ] GC(561) User=0.22s Sys=0.00s Real=0.02s
[29.563s][info][gc,start       ] GC(562) Pause Young (Allocation Failure)
[29.587s][info][gc,heap        ] GC(562) PSYoungGen: 267353K(269824K)->76912K(267776K) Eden: 190441K(190464K)->0K(190464K) From: 76912K(79360K)->76912K(77312K)
[29.587s][info][gc,heap        ] GC(562) ParOldGen: 385020K(699392K)->433127K(699392K)
[29.587s][info][gc,metaspace   ] GC(562) Metaspace: 6592K(6848K)->6592K(6848K) NonClass: 6022K(6144K)->6022K(6144K) Class: 569K(704K)->569K(704K)
[29.587s][info][gc             ] GC(562) Pause Young (Allocation Failure) 637M->498M(944M) 23.738ms
[29.587s][info][gc,cpu         ] GC(562) User=0.23s Sys=0.00s Real=0.02s
[29.607s][info][gc,start       ] GC(563) Pause Young (Allocation Failure)
[29.631s][info][gc,heap        ] GC(563) PSYoungGen: 267286K(267776K)->75411K(269824K) Eden: 190374K(190464K)->0K(189952K) From: 76912K(77312K)->75411K(79872K)
[29.632s][info][gc,heap        ] GC(563) ParOldGen: 433127K(699392K)->482435K(699392K)
[29.632s][info][gc,metaspace   ] GC(563) Metaspace: 6592K(6848K)->6592K(6848K) NonClass: 6022K(6144K)->6022K(6144K) Class: 569K(704K)->569K(704K)
[29.632s][info][gc             ] GC(563) Pause Young (Allocation Failure) 683M->544M(946M) 24.344ms
[29.632s][info][gc,cpu         ] GC(563) User=0.23s Sys=0.00s Real=0.03s
[29.648s][info][gc,start       ] GC(564) Pause Young (Allocation Failure)
[29.671s][info][gc,heap        ] GC(564) PSYoungGen: 265332K(269824K)->78912K(269312K) Eden: 189920K(189952K)->0K(189952K) From: 75411K(79872K)->78912K(79360K)
[29.671s][info][gc,heap        ] GC(564) ParOldGen: 482435K(699392K)->527542K(699392K)
[29.671s][info][gc,metaspace   ] GC(564) Metaspace: 6592K(6848K)->6592K(6848K) NonClass: 6022K(6144K)->6022K(6144K) Class: 569K(704K)->569K(704K)
[29.671s][info][gc             ] GC(564) Pause Young (Allocation Failure) 730M->592M(946M) 23.224ms
[29.671s][info][gc,cpu         ] GC(564) User=0.22s Sys=0.00s Real=0.03s
[29.692s][info][gc,start       ] GC(565) Pause Young (Allocation Failure)
[29.716s][info][gc,heap        ] GC(565) PSYoungGen: 268856K(269312K)->78412K(267264K) Eden: 189944K(189952K)->0K(187392K) From: 78912K(79360K)->78412K(79872K)
[29.716s][info][gc,heap        ] GC(565) ParOldGen: 527542K(699392K)->575349K(699392K)
[29.716s][info][gc,metaspace   ] GC(565) Metaspace: 6592K(6848K)->6592K(6848K) NonClass: 6022K(6144K)->6022K(6144K) Class: 569K(704K)->569K(704K)
[29.716s][info][gc             ] GC(565) Pause Young (Allocation Failure) 777M->638M(944M) 23.793ms
[29.716s][info][gc,cpu         ] GC(565) User=0.23s Sys=0.00s Real=0.02s
[29.733s][info][gc,start       ] GC(566) Pause Young (Allocation Failure)
[29.758s][info][gc,heap        ] GC(566) PSYoungGen: 265786K(267264K)->75711K(268288K) Eden: 187374K(187392K)->0K(187392K) From: 78412K(79872K)->75711K(80896K)
[29.758s][info][gc,heap        ] GC(566) ParOldGen: 575349K(699392K)->624657K(699392K)
[29.758s][info][gc,metaspace   ] GC(566) Metaspace: 6592K(6848K)->6592K(6848K) NonClass: 6022K(6144K)->6022K(6144K) Class: 569K(704K)->569K(704K)
[29.758s][info][gc             ] GC(566) Pause Young (Allocation Failure) 821M->683M(945M) 24.944ms
[29.758s][info][gc,cpu         ] GC(566) User=0.24s Sys=0.00s Real=0.03s
[29.780s][info][gc,start       ] GC(567) Pause Young (Allocation Failure)
[29.803s][info][gc,heap        ] GC(567) PSYoungGen: 263103K(268288K)->74911K(268800K) Eden: 187392K(187392K)->0K(188416K) From: 75711K(80896K)->74911K(80384K)
[29.804s][info][gc,heap        ] GC(567) ParOldGen: 624657K(699392K)->671964K(699392K)
[29.804s][info][gc,metaspace   ] GC(567) Metaspace: 6592K(6848K)->6592K(6848K) NonClass: 6022K(6144K)->6022K(6144K) Class: 569K(704K)->569K(704K)
[29.804s][info][gc             ] GC(567) Pause Young (Allocation Failure) 866M->729M(945M) 23.971ms
[29.804s][info][gc,cpu         ] GC(567) User=0.23s Sys=0.00s Real=0.02s
[29.804s][info][gc,start       ] GC(568) Pause Full (Ergonomics)
[29.804s][info][gc,phases,start] GC(568) Marking Phase
[29.806s][info][gc,phases      ] GC(568) Marking Phase 2.231ms
[29.806s][info][gc,phases,start] GC(568) Summary Phase
[29.806s][info][gc,phases      ] GC(568) Summary Phase 0.018ms
[29.806s][info][gc,phases,start] GC(568) Adjust Roots
[29.806s][info][gc,phases      ] GC(568) Adjust Roots 0.357ms
[29.806s][info][gc,phases,start] GC(568) Compaction Phase
[29.843s][info][gc,phases      ] GC(568) Compaction Phase 36.616ms
[29.843s][info][gc,phases,start] GC(568) Post Compact
[29.845s][info][gc,phases      ] GC(568) Post Compact 2.436ms
[29.845s][info][gc,heap        ] GC(568) PSYoungGen: 74911K(268800K)->0K(268800K) Eden: 0K(188416K)->0K(188416K) From: 74911K(80384K)->0K(80384K)
[29.845s][info][gc,heap        ] GC(568) ParOldGen: 671964K(699392K)->200791K(699392K)
[29.845s][info][gc,metaspace   ] GC(568) Metaspace: 6592K(6848K)->6592K(6848K) NonClass: 6022K(6144K)->6022K(6144K) Class: 569K(704K)->569K(704K)
[29.845s][info][gc             ] GC(568) Pause Full (Ergonomics) 729M->196M(945M) 41.880ms
[29.845s][info][gc,cpu         ] GC(568) User=0.37s Sys=0.00s Real=0.04s
[29.872s][info][gc,start       ] GC(569) Pause Young (Allocation Failure)
[29.886s][info][gc,heap        ] GC(569) PSYoungGen: 188334K(268800K)->75111K(269312K) Eden: 188334K(188416K)->0K(188928K) From: 0K(80384K)->75111K(80384K)
[29.886s][info][gc,heap        ] GC(569) ParOldGen: 200791K(699392K)->200791K(699392K)
[29.886s][info][gc,metaspace   ] GC(569) Metaspace: 6592K(6848K)->6592K(6848K) NonClass: 6022K(6144K)->6022K(6144K) Class: 569K(704K)->569K(704K)
[29.886s][info][gc             ] GC(569) Pause Young (Allocation Failure) 380M->269M(946M) 14.190ms
[29.886s][info][gc,cpu         ] GC(569) User=0.13s Sys=0.00s Real=0.01s
[29.905s][info][gc,start       ] GC(570) Pause Young (Allocation Failure)
[29.927s][info][gc,heap        ] GC(570) PSYoungGen: 263983K(269312K)->76011K(268800K) Eden: 188871K(188928K)->0K(188928K) From: 75111K(80384K)->76011K(79872K)
[29.927s][info][gc,heap        ] GC(570) ParOldGen: 200791K(699392K)->247498K(699392K)
[29.927s][info][gc,metaspace   ] GC(570) Metaspace: 6592K(6848K)->6592K(6848K) NonClass: 6022K(6144K)->6022K(6144K) Class: 569K(704K)->569K(704K)
[29.927s][info][gc             ] GC(570) Pause Young (Allocation Failure) 453M->315M(945M) 22.425ms
[29.927s][info][gc,cpu         ] GC(570) User=0.22s Sys=0.00s Real=0.02s
[29.942s][info][gc,start       ] GC(571) Pause Young (Allocation Failure)
[29.967s][info][gc,heap        ] GC(571) PSYoungGen: 264890K(268800K)->75611K(269824K) Eden: 188878K(188928K)->0K(189952K) From: 76011K(79872K)->75611K(79872K)
[29.967s][info][gc,heap        ] GC(571) ParOldGen: 247498K(699392K)->295806K(699392K)
[29.967s][info][gc,metaspace   ] GC(571) Metaspace: 6592K(6848K)->6592K(6848K) NonClass: 6022K(6144K)->6022K(6144K) Class: 569K(704K)->569K(704K)
[29.967s][info][gc             ] GC(571) Pause Young (Allocation Failure) 500M->362M(946M) 24.564ms
[29.967s][info][gc,cpu         ] GC(571) User=0.24s Sys=0.00s Real=0.02s
[29.982s][info][gc,start       ] GC(572) Pause Young (Allocation Failure)
[30.006s][info][gc,heap        ] GC(572) PSYoungGen: 265519K(269824K)->78212K(269312K) Eden: 189907K(189952K)->0K(189952K) From: 75611K(79872K)->78212K(79360K)
[30.006s][info][gc,heap        ] GC(572) ParOldGen: 295806K(699392K)->341813K(699392K)
[30.006s][info][gc,metaspace   ] GC(572) Metaspace: 6592K(6848K)->6592K(6848K) NonClass: 6022K(6144K)->6022K(6144K) Class: 569K(704K)->569K(704K)
[30.006s][info][gc             ] GC(572) Pause Young (Allocation Failure) 548M->410M(946M) 23.528ms
[30.006s][info][gc,cpu         ] GC(572) User=0.23s Sys=0.00s Real=0.02s
[30.022s][info][gc,start       ] GC(573) Pause Young (Allocation Failure)
[30.045s][info][gc,heap        ] GC(573) PSYoungGen: 268150K(269312K)->74711K(269312K) Eden: 189938K(189952K)->0K(189440K) From: 78212K(79360K)->74711K(79872K)
[30.045s][info][gc,heap        ] GC(573) ParOldGen: 341813K(699392K)->391621K(699392K)
[30.045s][info][gc,metaspace   ] GC(573) Metaspace: 6592K(6848K)->6592K(6848K) NonClass: 6022K(6144K)->6022K(6144K) Class: 569K(704K)->569K(704K)
[30.045s][info][gc             ] GC(573) Pause Young (Allocation Failure) 595M->455M(946M) 23.094ms
[30.045s][info][gc,cpu         ] GC(573) User=0.22s Sys=0.00s Real=0.02s
[30.062s][info][gc,start       ] GC(574) Pause Young (Allocation Failure)
[30.085s][info][gc,heap        ] GC(574) PSYoungGen: 264117K(269312K)->76011K(269312K) Eden: 189405K(189440K)->0K(189440K) From: 74711K(79872K)->76011K(79872K)
[30.085s][info][gc,heap        ] GC(574) ParOldGen: 391621K(699392K)->438328K(699392K)
[30.085s][info][gc,metaspace   ] GC(574) Metaspace: 6592K(6848K)->6592K(6848K) NonClass: 6022K(6144K)->6022K(6144K) Class: 569K(704K)->569K(704K)
[30.085s][info][gc             ] GC(574) Pause Young (Allocation Failure) 640M->502M(946M) 23.106ms
[30.085s][info][gc,cpu         ] GC(574) User=0.23s Sys=0.00s Real=0.02s
[30.104s][info][gc,start       ] GC(575) Pause Young (Allocation Failure)
[30.127s][info][gc,heap        ] GC(575) PSYoungGen: 265430K(269312K)->76812K(269824K) Eden: 189418K(189440K)->0K(190464K) From: 76011K(79872K)->76812K(79360K)
[30.127s][info][gc,heap        ] GC(575) ParOldGen: 438328K(699392K)->485735K(699392K)
[30.127s][info][gc,metaspace   ] GC(575) Metaspace: 6592K(6848K)->6592K(6848K) NonClass: 6022K(6144K)->6022K(6144K) Class: 569K(704K)->569K(704K)
[30.127s][info][gc             ] GC(575) Pause Young (Allocation Failure) 687M->549M(946M) 23.336ms
[30.127s][info][gc,cpu         ] GC(575) User=0.23s Sys=0.00s Real=0.02s
[30.143s][info][gc,start       ] GC(576) Pause Young (Allocation Failure)
[30.166s][info][gc,heap        ] GC(576) PSYoungGen: 267247K(269824K)->75411K(269824K) Eden: 190435K(190464K)->0K(190464K) From: 76812K(79360K)->75411K(79360K)
[30.166s][info][gc,heap        ] GC(576) ParOldGen: 485735K(699392K)->533443K(699392K)
[30.166s][info][gc,metaspace   ] GC(576) Metaspace: 6592K(6848K)->6592K(6848K) NonClass: 6022K(6144K)->6022K(6144K) Class: 569K(704K)->569K(704K)
[30.166s][info][gc             ] GC(576) Pause Young (Allocation Failure) 735M->594M(946M) 23.434ms
[30.166s][info][gc,cpu         ] GC(576) User=0.23s Sys=0.00s Real=0.02s
[30.185s][info][gc,start       ] GC(577) Pause Young (Allocation Failure)
[30.208s][info][gc,heap        ] GC(577) PSYoungGen: 265863K(269824K)->74611K(269824K) Eden: 190451K(190464K)->0K(190464K) From: 75411K(79360K)->74611K(79360K)
[30.208s][info][gc,heap        ] GC(577) ParOldGen: 533443K(699392K)->580350K(699392K)
[30.208s][info][gc,metaspace   ] GC(577) Metaspace: 6592K(6848K)->6592K(6848K) NonClass: 6022K(6144K)->6022K(6144K) Class: 569K(704K)->569K(704K)
[30.208s][info][gc             ] GC(577) Pause Young (Allocation Failure) 780M->639M(946M) 23.100ms
[30.208s][info][gc,cpu         ] GC(577) User=0.22s Sys=0.00s Real=0.02s
[30.231s][info][gc,start       ] GC(578) Pause Young (Allocation Failure)
[30.256s][info][gc,heap        ] GC(578) PSYoungGen: 265068K(269824K)->75411K(269824K) Eden: 190456K(190464K)->0K(190464K) From: 74611K(79360K)->75411K(79360K)
[30.256s][info][gc,heap        ] GC(578) ParOldGen: 580350K(699392K)->628558K(699392K)
[30.256s][info][gc,metaspace   ] GC(578) Metaspace: 6592K(6848K)->6592K(6848K) NonClass: 6022K(6144K)->6022K(6144K) Class: 569K(704K)->569K(704K)
[30.256s][info][gc             ] GC(578) Pause Young (Allocation Failure) 825M->687M(946M) 24.325ms
[30.256s][info][gc,cpu         ] GC(578) User=0.23s Sys=0.00s Real=0.02s
[30.278s][info][gc,start       ] GC(579) Pause Young (Allocation Failure)
[30.303s][info][gc,heap        ] GC(579) PSYoungGen: 265847K(269824K)->75111K(270336K) Eden: 190435K(190464K)->0K(191488K) From: 75411K(79360K)->75111K(78848K)
[30.303s][info][gc,heap        ] GC(579) ParOldGen: 628558K(699392K)->675565K(699392K)
[30.303s][info][gc,metaspace   ] GC(579) Metaspace: 6592K(6848K)->6592K(6848K) NonClass: 6022K(6144K)->6022K(6144K) Class: 569K(704K)->569K(704K)
[30.303s][info][gc             ] GC(579) Pause Young (Allocation Failure) 873M->733M(947M) 24.707ms
[30.303s][info][gc,cpu         ] GC(579) User=0.24s Sys=0.00s Real=0.03s
[30.303s][info][gc,start       ] GC(580) Pause Full (Ergonomics)
[30.303s][info][gc,phases,start] GC(580) Marking Phase
[30.305s][info][gc,phases      ] GC(580) Marking Phase 1.686ms
[30.305s][info][gc,phases,start] GC(580) Summary Phase
[30.305s][info][gc,phases      ] GC(580) Summary Phase 0.019ms
[30.305s][info][gc,phases,start] GC(580) Adjust Roots
[30.305s][info][gc,phases      ] GC(580) Adjust Roots 0.349ms
[30.305s][info][gc,phases,start] GC(580) Compaction Phase
[30.341s][info][gc,phases      ] GC(580) Compaction Phase 36.206ms
[30.341s][info][gc,phases,start] GC(580) Post Compact
[30.344s][info][gc,phases      ] GC(580) Post Compact 2.684ms
[30.344s][info][gc,heap        ] GC(580) PSYoungGen: 75111K(270336K)->0K(270336K) Eden: 0K(191488K)->0K(191488K) From: 75111K(78848K)->0K(78848K)
[30.344s][info][gc,heap        ] GC(580) ParOldGen: 675565K(699392K)->200791K(699392K)
[30.344s][info][gc,metaspace   ] GC(580) Metaspace: 6592K(6848K)->6592K(6848K) NonClass: 6022K(6144K)->6022K(6144K) Class: 569K(704K)->569K(704K)
[30.344s][info][gc             ] GC(580) Pause Full (Ergonomics) 733M->196M(947M) 41.127ms
[30.344s][info][gc,cpu         ] GC(580) User=0.36s Sys=0.00s Real=0.04s
[30.362s][info][gc,start       ] GC(581) Pause Young (Allocation Failure)
[30.376s][info][gc,heap        ] GC(581) PSYoungGen: 191398K(270336K)->76411K(270336K) Eden: 191398K(191488K)->0K(191488K) From: 0K(78848K)->76411K(78848K)
[30.376s][info][gc,heap        ] GC(581) ParOldGen: 200791K(699392K)->200791K(699392K)
[30.376s][info][gc,metaspace   ] GC(581) Metaspace: 6592K(6848K)->6592K(6848K) NonClass: 6022K(6144K)->6022K(6144K) Class: 569K(704K)->569K(704K)
[30.376s][info][gc             ] GC(581) Pause Young (Allocation Failure) 382M->270M(947M) 14.603ms
[30.376s][info][gc,cpu         ] GC(581) User=0.14s Sys=0.00s Real=0.01s
[30.394s][info][gc,start       ] GC(582) Pause Young (Allocation Failure)
[30.416s][info][gc,heap        ] GC(582) PSYoungGen: 267839K(270336K)->75911K(270336K) Eden: 191427K(191488K)->0K(191488K) From: 76411K(78848K)->75911K(78848K)
[30.417s][info][gc,heap        ] GC(582) ParOldGen: 200791K(699392K)->249398K(699392K)
[30.417s][info][gc,metaspace   ] GC(582) Metaspace: 6592K(6848K)->6592K(6848K) NonClass: 6022K(6144K)->6022K(6144K) Class: 569K(704K)->569K(704K)
[30.417s][info][gc             ] GC(582) Pause Young (Allocation Failure) 457M->317M(947M) 22.346ms
[30.417s][info][gc,cpu         ] GC(582) User=0.21s Sys=0.00s Real=0.02s
[30.438s][info][gc,start       ] GC(583) Pause Young (Allocation Failure)
[30.461s][info][gc,heap        ] GC(583) PSYoungGen: 267397K(270336K)->74811K(270848K) Eden: 191485K(191488K)->0K(192512K) From: 75911K(78848K)->74811K(78336K)
[30.461s][info][gc,heap        ] GC(583) ParOldGen: 249398K(699392K)->296306K(699392K)
[30.461s][info][gc,metaspace   ] GC(583) Metaspace: 6592K(6848K)->6592K(6848K) NonClass: 6022K(6144K)->6022K(6144K) Class: 569K(704K)->569K(704K)
[30.461s][info][gc             ] GC(583) Pause Young (Allocation Failure) 504M->362M(947M) 22.505ms
[30.461s][info][gc,cpu         ] GC(583) User=0.22s Sys=0.00s Real=0.03s
[30.478s][info][gc,start       ] GC(584) Pause Young (Allocation Failure)
[30.501s][info][gc,heap        ] GC(584) PSYoungGen: 267301K(270848K)->78312K(270848K) Eden: 192489K(192512K)->0K(192512K) From: 74811K(78336K)->78312K(78336K)
[30.501s][info][gc,heap        ] GC(584) ParOldGen: 296306K(699392K)->345113K(699392K)
[30.501s][info][gc,metaspace   ] GC(584) Metaspace: 6592K(6848K)->6592K(6848K) NonClass: 6022K(6144K)->6022K(6144K) Class: 569K(704K)->569K(704K)
[30.501s][info][gc             ] GC(584) Pause Young (Allocation Failure) 550M->413M(947M) 23.426ms
[30.501s][info][gc,cpu         ] GC(584) User=0.23s Sys=0.00s Real=0.03s
[30.520s][info][gc,start       ] GC(585) Pause Young (Allocation Failure)
[30.542s][info][gc,heap        ] GC(585) PSYoungGen: 270799K(270848K)->75111K(269824K) Eden: 192487K(192512K)->0K(191488K) From: 78312K(78336K)->75111K(78336K)
[30.542s][info][gc,heap        ] GC(585) ParOldGen: 345113K(699392K)->392021K(699392K)
[30.542s][info][gc,metaspace   ] GC(585) Metaspace: 6592K(6848K)->6592K(6848K) NonClass: 6022K(6144K)->6022K(6144K) Class: 569K(704K)->569K(704K)
[30.542s][info][gc             ] GC(585) Pause Young (Allocation Failure) 601M->456M(946M) 22.504ms
[30.542s][info][gc,cpu         ] GC(585) User=0.22s Sys=0.00s Real=0.02s
[30.564s][info][gc,start       ] GC(586) Pause Young (Allocation Failure)
[30.586s][info][gc,heap        ] GC(586) PSYoungGen: 266566K(269824K)->75911K(270336K) Eden: 191454K(191488K)->0K(191488K) From: 75111K(78336K)->75911K(78848K)
[30.586s][info][gc,heap        ] GC(586) ParOldGen: 392021K(699392K)->436528K(699392K)
[30.586s][info][gc,metaspace   ] GC(586) Metaspace: 6592K(6848K)->6592K(6848K) NonClass: 6022K(6144K)->6022K(6144K) Class: 569K(704K)->569K(704K)
[30.586s][info][gc             ] GC(586) Pause Young (Allocation Failure) 643M->500M(947M) 22.787ms
[30.587s][info][gc,cpu         ] GC(586) User=0.22s Sys=0.00s Real=0.02s
[30.601s][info][gc,start       ] GC(587) Pause Young (Allocation Failure)
[30.625s][info][gc,heap        ] GC(587) PSYoungGen: 267398K(270336K)->75811K(270848K) Eden: 191486K(191488K)->0K(192000K) From: 75911K(78848K)->75811K(78848K)
[30.625s][info][gc,heap        ] GC(587) ParOldGen: 436528K(699392K)->485935K(699392K)
[30.625s][info][gc,metaspace   ] GC(587) Metaspace: 6592K(6848K)->6592K(6848K) NonClass: 6022K(6144K)->6022K(6144K) Class: 569K(704K)->569K(704K)
[30.625s][info][gc             ] GC(587) Pause Young (Allocation Failure) 687M->548M(947M) 23.758ms
[30.625s][info][gc,cpu         ] GC(587) User=0.23s Sys=0.00s Real=0.02s
[30.647s][info][gc,start       ] GC(588) Pause Young (Allocation Failure)
[30.671s][info][gc,heap        ] GC(588) PSYoungGen: 267798K(270848K)->78012K(270336K) Eden: 191986K(192000K)->0K(192000K) From: 75811K(78848K)->78012K(78336K)
[30.671s][info][gc,heap        ] GC(588) ParOldGen: 485935K(699392K)->531643K(699392K)
[30.671s][info][gc,metaspace   ] GC(588) Metaspace: 6592K(6848K)->6592K(6848K) NonClass: 6022K(6144K)->6022K(6144K) Class: 569K(704K)->569K(704K)
[30.671s][info][gc             ] GC(588) Pause Young (Allocation Failure) 736M->595M(947M) 23.512ms
[30.671s][info][gc,cpu         ] GC(588) User=0.22s Sys=0.00s Real=0.03s
[30.756s][info][gc,heap,exit   ] Heap
[30.756s][info][gc,heap,exit   ]  PSYoungGen      total 270336K, used 234281K [0x00000000eab00000, 0x0000000100000000, 0x0000000100000000)
[30.756s][info][gc,heap,exit   ]   eden space 192000K, 81% used [0x00000000eab00000,0x00000000f439b6b8,0x00000000f6680000)
[30.756s][info][gc,heap,exit   ]   from space 78336K, 99% used [0x00000000f6680000,0x00000000fb2af0c0,0x00000000fb300000)
[30.756s][info][gc,heap,exit   ]   to   space 78848K, 0% used [0x00000000fb300000,0x00000000fb300000,0x0000000100000000)
[30.756s][info][gc,heap,exit   ]  ParOldGen       total 699392K, used 531643K [0x00000000c0000000, 0x00000000eab00000, 0x00000000eab00000)
[30.756s][info][gc,heap,exit   ]   object space 699392K, 76% used [0x00000000c0000000,0x00000000e072ec00,0x00000000eab00000)
[30.756s][info][gc,heap,exit   ]  Metaspace       used 6747K, committed 6976K, reserved 1114112K
[30.756s][info][gc,heap,exit   ]   class space    used 595K, committed 704K, reserved 1048576K
