[0.045s][debug][gc,heap] Minimum heap 10485760  Initial heap 10485760  Maximum heap 10485760
[0.054s][info ][gc     ] Using G1
[0.059s][debug][gc,ergo,heap] Expand the heap. requested expansion amount: 10485760B expansion amount: 10485760B
[0.062s][debug][gc,ergo,refine] Initial Refinement Zones: green: 2560, yellow: 7680, red: 12800, min yellow size: 5120
[0.063s][info ][gc,init       ] Version: 17.0.10+1-LTS (release)
[0.063s][info ][gc,init       ] CPUs: 12 total, 12 available
[0.064s][info ][gc,init       ] Memory: 3829M
[0.064s][info ][gc,init       ] Large Page Support: Disabled
[0.064s][info ][gc,init       ] NUMA Support: Disabled
[0.064s][info ][gc,init       ] Compressed Oops: Enabled (32-bit)
[0.064s][info ][gc,init       ] Heap Region Size: 1M
[0.064s][info ][gc,init       ] Heap Min Capacity: 10M
[0.064s][info ][gc,init       ] Heap Initial Capacity: 10M
[0.064s][info ][gc,init       ] Heap Max Capacity: 10M
[0.064s][info ][gc,init       ] Pre-touch: Disabled
[0.064s][info ][gc,init       ] Parallel Workers: 10
[0.064s][info ][gc,init       ] Concurrent Workers: 3
[0.064s][info ][gc,init       ] Concurrent Refinement Workers: 10
[0.064s][info ][gc,init       ] Periodic GC: Disabled
[0.378s][info ][gc,metaspace  ] CDS archive(s) mapped at: [0x00007f3d67000000-0x00007f3d67bbb000-0x00007f3d67bbb000), size 12300288, SharedBaseAddress: 0x00007f3d67000000, ArchiveRelocationMode: 1.
[0.378s][info ][gc,metaspace  ] Compressed class space mapped at: 0x00007f3d68000000-0x00007f3da8000000, reserved size: 1073741824
[0.378s][info ][gc,metaspace  ] Narrow klass base: 0x00007f3d67000000, Narrow klass shift: 0, Narrow klass range: 0x100000000
[0.472s][debug][gc,ergo,ihop  ] Request concurrent cycle initiation (occupancy higher than threshold) occupancy: 5242880B allocation request: 2097168B threshold: 4718592B (45.00) source: concurrent humongous allocation
[0.473s][debug][gc,ergo       ] Request concurrent cycle initiation (requested by GC cause). GC cause: G1 Humongous Allocation
[0.474s][debug][gc,heap       ] GC(0) Heap before GC invocations=0 (full 0):
[0.474s][debug][gc,heap       ] GC(0)  garbage-first heap   total 10240K, used 4016K [0x00000000ff600000, 0x0000000100000000)
[0.474s][debug][gc,heap       ] GC(0)   region size 1024K, 1 young (1024K), 0 survivors (0K)
[0.474s][debug][gc,heap       ] GC(0)  Metaspace       used 73K, committed 320K, reserved 1114112K
[0.474s][debug][gc,heap       ] GC(0)   class space    used 3K, committed 128K, reserved 1048576K
[0.474s][debug][gc,ergo       ] GC(0) Initiate concurrent cycle (concurrent cycle initiation requested)
[0.474s][info ][gc,start      ] GC(0) Pause Young (Concurrent Start) (G1 Humongous Allocation)
[0.475s][info ][gc,task       ] GC(0) Using 2 workers of 10 for evacuation
[0.475s][trace][gc,ergo,cset  ] GC(0) Start choosing CSet. Pending cards: 274 target pause time: 200.00ms
[0.475s][trace][gc,ergo,cset  ] GC(0) Added young regions to CSet. Eden: 1 regions, Survivors: 0 regions, predicted eden time: 15.30ms, predicted base time: 10.00ms, target pause time: 200.00ms, remaining time: 174.70ms
[0.476s][debug][gc,ergo       ] GC(0) Running G1 Merge Heap Roots using 2 workers for 1 regions
[0.478s][debug][gc,ergo       ] GC(0) Running G1 Rebuild Free List Task using 2 workers for rebuilding free list of regions
[0.478s][debug][gc,ergo,heap  ] GC(0) Heap expansion: short term pause time ratio 0.00% long term pause time ratio 0.00% threshold 7.69% pause time ratio 7.69% fully expanded true resize by 0B
[0.478s][debug][gc,ergo,ihop  ] GC(0) Request concurrent cycle initiation (occupancy higher than threshold) occupancy: 5242880B allocation request: 0B threshold: 4718592B (45.00) source: Revise IHOP
[0.478s][debug][gc,ergo,refine] GC(0) Concurrent refinement times: Logged Cards Scan time goal: 20.00ms Logged Cards Scan time: 0.13ms HCC time: 0.00ms
[0.478s][trace][gc,ergo,refine] GC(0) Updating Refinement Zones: logged cards scan time: 0.129ms, processed cards: 257, goal time: 19.996ms
[0.478s][debug][gc,ergo,refine] GC(0) Updated Refinement Zones: green: 2560, yellow: 7680, red: 12800
[0.478s][info ][gc,phases     ] GC(0)   Pre Evacuate Collection Set: 0.5ms
[0.478s][info ][gc,phases     ] GC(0)   Merge Heap Roots: 0.5ms
[0.478s][info ][gc,phases     ] GC(0)   Evacuate Collection Set: 1.1ms
[0.478s][info ][gc,phases     ] GC(0)   Post Evacuate Collection Set: 0.6ms
[0.478s][info ][gc,phases     ] GC(0)   Other: 1.6ms
[0.478s][info ][gc,heap       ] GC(0) Eden regions: 1->0(1)
[0.478s][info ][gc,heap       ] GC(0) Survivor regions: 0->1(1)
[0.478s][info ][gc,heap       ] GC(0) Old regions: 0->0
[0.478s][info ][gc,heap       ] GC(0) Archive regions: 2->2
[0.478s][info ][gc,heap       ] GC(0) Humongous regions: 3->3
[0.478s][info ][gc,metaspace  ] GC(0) Metaspace: 73K(320K)->73K(320K) NonClass: 69K(192K)->69K(192K) Class: 3K(128K)->3K(128K)
[0.478s][debug][gc,heap       ] GC(0) Heap after GC invocations=1 (full 0):
[0.478s][debug][gc,heap       ] GC(0)  garbage-first heap   total 10240K, used 4677K [0x00000000ff600000, 0x0000000100000000)
[0.478s][debug][gc,heap       ] GC(0)   region size 1024K, 1 young (1024K), 1 survivors (1024K)
[0.478s][debug][gc,heap       ] GC(0)  Metaspace       used 73K, committed 320K, reserved 1114112K
[0.478s][debug][gc,heap       ] GC(0)   class space    used 3K, committed 128K, reserved 1048576K
[0.478s][info ][gc            ] GC(0) Pause Young (Concurrent Start) (G1 Humongous Allocation) 4M->4M(10M) 3.852ms
[0.478s][info ][gc,cpu        ] GC(0) User=0.00s Sys=0.00s Real=0.00s
[0.479s][info ][gc            ] GC(1) Concurrent Mark Cycle
[0.479s][debug][gc,ergo,cset  ] Preventive GC, insufficient free regions. Predicted need 2. Curr Eden 0 (Pred 1). Curr Survivor 1 (Pred 1). Curr Old 0 (Pred 0) Free 4 Alloc 3
[0.479s][info ][gc,marking    ] GC(1) Concurrent Clear Claimed Marks
[0.479s][info ][gc,marking    ] GC(1) Concurrent Clear Claimed Marks 0.124ms
[0.479s][info ][gc,marking    ] GC(1) Concurrent Scan Root Regions
[0.479s][debug][gc,ergo       ] GC(1) Running G1 Root Region Scan using 1 workers for 1 work units.
[0.479s][info ][gc,marking    ] GC(1) Concurrent Scan Root Regions 0.632ms
[0.479s][debug][gc,heap       ] GC(2) Heap before GC invocations=1 (full 0):
[0.479s][debug][gc,heap       ] GC(2)  garbage-first heap   total 10240K, used 4677K [0x00000000ff600000, 0x0000000100000000)
[0.480s][debug][gc,heap       ] GC(2)   region size 1024K, 1 young (1024K), 1 survivors (1024K)
[0.480s][debug][gc,heap       ] GC(2)  Metaspace       used 73K, committed 320K, reserved 1114112K
[0.480s][debug][gc,heap       ] GC(2)   class space    used 3K, committed 128K, reserved 1048576K
[0.479s][info ][gc,marking    ] GC(1) Concurrent Mark
[0.480s][info ][gc,marking    ] GC(1) Concurrent Mark From Roots
[0.480s][info ][gc,start      ] GC(2) Pause Young (Normal) (G1 Preventive Collection)
[0.480s][info ][gc,task       ] GC(2) Using 2 workers of 10 for evacuation
[0.480s][trace][gc,ergo,cset  ] GC(2) Start choosing CSet. Pending cards: 144 target pause time: 200.00ms
[0.480s][trace][gc,ergo,cset  ] GC(2) Added young regions to CSet. Eden: 0 regions, Survivors: 1 regions, predicted eden time: 0.20ms, predicted base time: 7.36ms, target pause time: 200.00ms, remaining time: 192.44ms
[0.480s][debug][gc,ergo       ] GC(2) Running G1 Merge Heap Roots using 2 workers for 1 regions
[0.480s][info ][gc,task       ] GC(1) Using 3 workers of 3 for marking
[0.480s][debug][gc,ergo       ] GC(2) Running G1 Rebuild Free List Task using 2 workers for rebuilding free list of regions
[0.480s][debug][gc,ergo,heap  ] GC(2) Heap expansion: short term pause time ratio 0.77% long term pause time ratio 0.77% threshold 7.69% pause time ratio 7.69% fully expanded true resize by 0B
[0.480s][debug][gc,ergo,refine] GC(2) Concurrent refinement times: Logged Cards Scan time goal: 20.00ms Logged Cards Scan time: 0.04ms HCC time: 0.00ms
[0.480s][trace][gc,ergo,refine] GC(2) Updating Refinement Zones: logged cards scan time: 0.037ms, processed cards: 135, goal time: 19.999ms
[0.480s][debug][gc,ergo,refine] GC(2) Updated Refinement Zones: green: 2560, yellow: 7680, red: 12800
[0.480s][info ][gc,phases     ] GC(2)   Pre Evacuate Collection Set: 0.7ms
[0.480s][info ][gc,phases     ] GC(2)   Merge Heap Roots: 0.1ms
[0.480s][info ][gc,phases     ] GC(2)   Evacuate Collection Set: 0.2ms
[0.480s][info ][gc,phases     ] GC(2)   Post Evacuate Collection Set: 0.2ms
[0.480s][info ][gc,phases     ] GC(2)   Other: 0.3ms
[0.480s][info ][gc,heap       ] GC(2) Eden regions: 0->0(1)
[0.480s][info ][gc,heap       ] GC(2) Survivor regions: 1->1(1)
[0.480s][info ][gc,heap       ] GC(2) Old regions: 0->0
[0.480s][info ][gc,heap       ] GC(2) Archive regions: 2->2
[0.480s][info ][gc,heap       ] GC(2) Humongous regions: 3->3
[0.480s][info ][gc,metaspace  ] GC(2) Metaspace: 73K(320K)->73K(320K) NonClass: 69K(192K)->69K(192K) Class: 3K(128K)->3K(128K)
[0.480s][debug][gc,heap       ] GC(2) Heap after GC invocations=2 (full 0):
[0.480s][debug][gc,heap       ] GC(2)  garbage-first heap   total 10240K, used 4459K [0x00000000ff600000, 0x0000000100000000)
[0.480s][debug][gc,heap       ] GC(2)   region size 1024K, 1 young (1024K), 1 survivors (1024K)
[0.480s][debug][gc,heap       ] GC(2)  Metaspace       used 73K, committed 320K, reserved 1114112K
[0.480s][debug][gc,heap       ] GC(2)   class space    used 3K, committed 128K, reserved 1048576K
[0.480s][info ][gc            ] GC(2) Pause Young (Normal) (G1 Preventive Collection) 4M->4M(10M) 0.764ms
[0.480s][info ][gc,cpu        ] GC(2) User=0.00s Sys=0.00s Real=0.00s
[0.481s][debug][gc,heap       ] GC(3) Heap before GC invocations=2 (full 0):
[0.481s][debug][gc,heap       ] GC(3)  garbage-first heap   total 10240K, used 7531K [0x00000000ff600000, 0x0000000100000000)
[0.481s][debug][gc,heap       ] GC(3)   region size 1024K, 1 young (1024K), 1 survivors (1024K)
[0.481s][debug][gc,heap       ] GC(3)  Metaspace       used 73K, committed 320K, reserved 1114112K
[0.481s][debug][gc,heap       ] GC(3)   class space    used 3K, committed 128K, reserved 1048576K
[0.481s][info ][gc,start      ] GC(3) Pause Young (Normal) (G1 Humongous Allocation)
[0.481s][info ][gc,task       ] GC(3) Using 2 workers of 10 for evacuation
[0.481s][trace][gc,ergo,cset  ] GC(3) Start choosing CSet. Pending cards: 144 target pause time: 200.00ms
[0.481s][trace][gc,ergo,cset  ] GC(3) Added young regions to CSet. Eden: 0 regions, Survivors: 1 regions, predicted eden time: 0.34ms, predicted base time: 4.56ms, target pause time: 200.00ms, remaining time: 195.10ms
[0.481s][debug][gc,ergo       ] GC(3) Running G1 Merge Heap Roots using 2 workers for 1 regions
[0.482s][debug][gc,ergo       ] GC(3) Running G1 Rebuild Free List Task using 2 workers for rebuilding free list of regions
[0.482s][debug][gc,ergo,heap  ] GC(3) Heap expansion: short term pause time ratio 26.12% long term pause time ratio 0.14% threshold 7.69% pause time ratio 7.69% fully expanded true resize by 0B
[0.482s][debug][gc,ergo,refine] GC(3) Concurrent refinement times: Logged Cards Scan time goal: 20.00ms Logged Cards Scan time: 0.04ms HCC time: 0.00ms
[0.482s][trace][gc,ergo,refine] GC(3) Updating Refinement Zones: logged cards scan time: 0.043ms, processed cards: 135, goal time: 19.999ms
[0.482s][debug][gc,ergo,refine] GC(3) Updated Refinement Zones: green: 2560, yellow: 7680, red: 12800
[0.482s][info ][gc,phases     ] GC(3)   Pre Evacuate Collection Set: 0.1ms
[0.482s][info ][gc,phases     ] GC(3)   Merge Heap Roots: 0.1ms
[0.482s][info ][gc,phases     ] GC(3)   Evacuate Collection Set: 0.4ms
[0.482s][info ][gc,phases     ] GC(3)   Post Evacuate Collection Set: 0.3ms
[0.482s][info ][gc,phases     ] GC(3)   Other: 0.1ms
[0.482s][info ][gc,heap       ] GC(3) Eden regions: 0->0(1)
[0.482s][info ][gc,heap       ] GC(3) Survivor regions: 1->1(1)
[0.482s][info ][gc,heap       ] GC(3) Old regions: 0->0
[0.482s][info ][gc,heap       ] GC(3) Archive regions: 2->2
[0.482s][info ][gc,heap       ] GC(3) Humongous regions: 6->3
[0.482s][info ][gc,metaspace  ] GC(3) Metaspace: 73K(320K)->73K(320K) NonClass: 69K(192K)->69K(192K) Class: 3K(128K)->3K(128K)
[0.482s][debug][gc,heap       ] GC(3) Heap after GC invocations=3 (full 0):
[0.482s][debug][gc,heap       ] GC(3)  garbage-first heap   total 10240K, used 4452K [0x00000000ff600000, 0x0000000100000000)
[0.482s][debug][gc,heap       ] GC(3)   region size 1024K, 1 young (1024K), 1 survivors (1024K)
[0.482s][debug][gc,heap       ] GC(3)  Metaspace       used 73K, committed 320K, reserved 1114112K
[0.482s][debug][gc,heap       ] GC(3)   class space    used 3K, committed 128K, reserved 1048576K
[0.482s][info ][gc            ] GC(3) Pause Young (Normal) (G1 Humongous Allocation) 7M->4M(10M) 0.909ms
[0.482s][info ][gc,cpu        ] GC(3) User=0.00s Sys=0.00s Real=0.00s
[0.482s][debug][gc,ergo,cset  ] Preventive GC, insufficient free regions. Predicted need 2. Curr Eden 0 (Pred 1). Curr Survivor 1 (Pred 1). Curr Old 0 (Pred 0) Free 1 Alloc 1
[0.484s][debug][gc,heap       ] GC(4) Heap before GC invocations=3 (full 0):
[0.484s][debug][gc,heap       ] GC(4)  garbage-first heap   total 10240K, used 7524K [0x00000000ff600000, 0x0000000100000000)
[0.484s][debug][gc,heap       ] GC(4)   region size 1024K, 1 young (1024K), 1 survivors (1024K)
[0.484s][debug][gc,heap       ] GC(4)  Metaspace       used 73K, committed 320K, reserved 1114112K
[0.484s][debug][gc,heap       ] GC(4)   class space    used 3K, committed 128K, reserved 1048576K
[0.484s][info ][gc,start      ] GC(4) Pause Young (Normal) (G1 Preventive Collection)
[0.484s][info ][gc,task       ] GC(4) Using 2 workers of 10 for evacuation
[0.484s][trace][gc,ergo,cset  ] GC(4) Start choosing CSet. Pending cards: 144 target pause time: 200.00ms
[0.484s][trace][gc,ergo,cset  ] GC(4) Added young regions to CSet. Eden: 0 regions, Survivors: 1 regions, predicted eden time: 0.21ms, predicted base time: 3.31ms, target pause time: 200.00ms, remaining time: 196.48ms
[0.484s][debug][gc,ergo       ] GC(4) Running G1 Merge Heap Roots using 2 workers for 1 regions
[0.484s][debug][gc,ergo       ] GC(4) Running G1 Rebuild Free List Task using 2 workers for rebuilding free list of regions
[0.484s][debug][gc,ergo,heap  ] GC(4) Heap expansion: short term pause time ratio 55.06% long term pause time ratio 0.32% threshold 7.69% pause time ratio 7.69% fully expanded true resize by 0B
[0.484s][debug][gc,ergo,refine] GC(4) Concurrent refinement times: Logged Cards Scan time goal: 20.00ms Logged Cards Scan time: 0.07ms HCC time: 0.00ms
[0.484s][trace][gc,ergo,refine] GC(4) Updating Refinement Zones: logged cards scan time: 0.072ms, processed cards: 135, goal time: 19.998ms
[0.484s][debug][gc,ergo,refine] GC(4) Updated Refinement Zones: green: 2560, yellow: 7680, red: 12800
[0.484s][info ][gc,phases     ] GC(4)   Pre Evacuate Collection Set: 0.1ms
[0.484s][info ][gc,phases     ] GC(4)   Merge Heap Roots: 0.0ms
[0.484s][info ][gc,phases     ] GC(4)   Evacuate Collection Set: 0.3ms
[0.484s][info ][gc,phases     ] GC(4)   Post Evacuate Collection Set: 0.3ms
[0.484s][info ][gc,phases     ] GC(4)   Other: 0.2ms
[0.484s][info ][gc,heap       ] GC(4) Eden regions: 0->0(1)
[0.484s][info ][gc,heap       ] GC(4) Survivor regions: 1->1(1)
[0.484s][info ][gc,heap       ] GC(4) Old regions: 0->0
[0.484s][info ][gc,heap       ] GC(4) Archive regions: 2->2
[0.484s][info ][gc,heap       ] GC(4) Humongous regions: 6->0
[0.484s][info ][gc,metaspace  ] GC(4) Metaspace: 73K(320K)->73K(320K) NonClass: 69K(192K)->69K(192K) Class: 3K(128K)->3K(128K)
[0.484s][debug][gc,heap       ] GC(4) Heap after GC invocations=4 (full 0):
[0.484s][debug][gc,heap       ] GC(4)  garbage-first heap   total 10240K, used 1034K [0x00000000ff600000, 0x0000000100000000)
[0.484s][debug][gc,heap       ] GC(4)   region size 1024K, 1 young (1024K), 1 survivors (1024K)
[0.484s][debug][gc,heap       ] GC(4)  Metaspace       used 73K, committed 320K, reserved 1114112K
[0.485s][debug][gc,heap       ] GC(4)   class space    used 3K, committed 128K, reserved 1048576K
[0.485s][info ][gc            ] GC(4) Pause Young (Normal) (G1 Preventive Collection) 7M->1M(10M) 0.771ms
[0.485s][info ][gc,cpu        ] GC(4) User=0.00s Sys=0.00s Real=0.00s
[0.485s][info ][gc,marking    ] GC(1) Concurrent Mark From Roots 5.717ms
[0.485s][info ][gc,marking    ] GC(1) Concurrent Preclean
[0.485s][info ][gc,marking    ] GC(1) Concurrent Preclean 0.081ms
[0.485s][info ][gc,start      ] GC(1) Pause Remark
[0.486s][debug][gc,ergo       ] GC(1) Running G1 Update RemSet Tracking Before Rebuild using 1 workers for 10 regions in heap
[0.486s][info ][gc            ] GC(1) Pause Remark 1M->1M(10M) 0.738ms
[0.486s][info ][gc,cpu        ] GC(1) User=0.00s Sys=0.00s Real=0.00s
[0.486s][info ][gc,marking    ] GC(1) Concurrent Mark 6.814ms
[0.486s][info ][gc,marking    ] GC(1) Concurrent Rebuild Remembered Sets
[0.486s][info ][gc,marking    ] GC(1) Concurrent Rebuild Remembered Sets 0.004ms
[0.486s][info ][gc,start      ] GC(1) Pause Cleanup
[0.486s][info ][gc            ] GC(1) Pause Cleanup 1M->1M(10M) 0.011ms
[0.486s][info ][gc,cpu        ] GC(1) User=0.00s Sys=0.00s Real=0.00s
[0.486s][info ][gc,marking    ] GC(1) Concurrent Cleanup for Next Mark
[0.486s][debug][gc,ergo       ] GC(1) Running G1 Clear Bitmap with 1 workers for 1 work units.
[0.487s][info ][gc,marking    ] GC(1) Concurrent Cleanup for Next Mark 0.129ms
[0.487s][info ][gc            ] GC(1) Concurrent Mark Cycle 7.886ms
[0.487s][info ][gc,heap,exit  ] Heap
[0.487s][info ][gc,heap,exit  ]  garbage-first heap   total 10240K, used 1045K [0x00000000ff600000, 0x0000000100000000)
[0.487s][info ][gc,heap,exit  ]   region size 1024K, 2 young (2048K), 1 survivors (1024K)
[0.487s][info ][gc,heap,exit  ]  Metaspace       used 73K, committed 320K, reserved 1114112K
[0.487s][info ][gc,heap,exit  ]   class space    used 3K, committed 128K, reserved 1048576K
